[2022-06-18T08:48:50.922+0000][394][gc,init] CardTable entry size: 512
[2022-06-18T08:48:50.923+0000][394][gc     ] Using G1
[2022-06-18T08:48:50.932+0000][394][gc,init] Version: 18.0.1.1+2-6 (release)
[2022-06-18T08:48:50.934+0000][394][gc,init] CPUs: 4 total, 4 available
[2022-06-18T08:48:50.936+0000][394][gc,init] Memory: 5944M
[2022-06-18T08:48:50.938+0000][394][gc,init] Large Page Support: Disabled
[2022-06-18T08:48:50.939+0000][394][gc,init] NUMA Support: Disabled
[2022-06-18T08:48:50.939+0000][394][gc,init] Compressed Oops: Enabled (32-bit)
[2022-06-18T08:48:50.940+0000][394][gc,init] Heap Region Size: 1M
[2022-06-18T08:48:50.941+0000][394][gc,init] Heap Min Capacity: 512M
[2022-06-18T08:48:50.941+0000][394][gc,init] Heap Initial Capacity: 512M
[2022-06-18T08:48:50.942+0000][394][gc,init] Heap Max Capacity: 512M
[2022-06-18T08:48:50.943+0000][394][gc,init] Pre-touch: Disabled
[2022-06-18T08:48:50.944+0000][394][gc,init] Parallel Workers: 4
[2022-06-18T08:48:50.944+0000][394][gc,init] Concurrent Workers: 1
[2022-06-18T08:48:50.945+0000][394][gc,init] Concurrent Refinement Workers: 4
[2022-06-18T08:48:50.946+0000][394][gc,init] Periodic GC: Disabled
[2022-06-18T08:48:50.947+0000][394][gc,metaspace] CDS archive(s) not mapped
[2022-06-18T08:48:50.948+0000][394][gc,metaspace] Compressed class space mapped at: 0x0000000100000000-0x0000000140000000, reserved size: 1073741824
[2022-06-18T08:48:50.948+0000][394][gc,metaspace] Narrow klass base: 0x0000000000000000, Narrow klass shift: 3, Narrow klass range: 0x140000000
[2022-06-18T08:48:51.083+0000][394][gc,heap,exit] Heap
[2022-06-18T08:48:51.084+0000][394][gc,heap,exit]  garbage-first heap   total 524288K, used 2048K [0x00000000e0000000, 0x0000000100000000)
[2022-06-18T08:48:51.085+0000][394][gc,heap,exit]   region size 1024K, 2 young (2048K), 0 survivors (0K)
[2022-06-18T08:48:51.086+0000][394][gc,heap,exit]  Metaspace       used 3524K, committed 3584K, reserved 1114112K
[2022-06-18T08:48:51.087+0000][394][gc,heap,exit]   class space    used 271K, committed 320K, reserved 1048576K
