[2022-06-18T08:48:51.171+0000][413][gc,init] CardTable entry size: 512
[2022-06-18T08:48:51.173+0000][413][gc     ] Using G1
[2022-06-18T08:48:51.182+0000][413][gc,init] Version: 18.0.1.1+2-6 (release)
[2022-06-18T08:48:51.183+0000][413][gc,init] CPUs: 4 total, 4 available
[2022-06-18T08:48:51.183+0000][413][gc,init] Memory: 5944M
[2022-06-18T08:48:51.184+0000][413][gc,init] Large Page Support: Disabled
[2022-06-18T08:48:51.185+0000][413][gc,init] NUMA Support: Disabled
[2022-06-18T08:48:51.187+0000][413][gc,init] Compressed Oops: Enabled (32-bit)
[2022-06-18T08:48:51.188+0000][413][gc,init] Heap Region Size: 1M
[2022-06-18T08:48:51.188+0000][413][gc,init] Heap Min Capacity: 512M
[2022-06-18T08:48:51.189+0000][413][gc,init] Heap Initial Capacity: 512M
[2022-06-18T08:48:51.190+0000][413][gc,init] Heap Max Capacity: 512M
[2022-06-18T08:48:51.190+0000][413][gc,init] Pre-touch: Disabled
[2022-06-18T08:48:51.191+0000][413][gc,init] Parallel Workers: 4
[2022-06-18T08:48:51.192+0000][413][gc,init] Concurrent Workers: 1
[2022-06-18T08:48:51.192+0000][413][gc,init] Concurrent Refinement Workers: 4
[2022-06-18T08:48:51.193+0000][413][gc,init] Periodic GC: Disabled
[2022-06-18T08:48:51.194+0000][413][gc,metaspace] CDS archive(s) not mapped
[2022-06-18T08:48:51.194+0000][413][gc,metaspace] Compressed class space mapped at: 0x0000000100000000-0x0000000140000000, reserved size: 1073741824
[2022-06-18T08:48:51.195+0000][413][gc,metaspace] Narrow klass base: 0x0000000000000000, Narrow klass shift: 3, Narrow klass range: 0x140000000
[2022-06-18T08:48:51.316+0000][413][gc,heap,exit] Heap
[2022-06-18T08:48:51.317+0000][413][gc,heap,exit]  garbage-first heap   total 524288K, used 2048K [0x00000000e0000000, 0x0000000100000000)
[2022-06-18T08:48:51.317+0000][413][gc,heap,exit]   region size 1024K, 2 young (2048K), 0 survivors (0K)
[2022-06-18T08:48:51.318+0000][413][gc,heap,exit]  Metaspace       used 3527K, committed 3584K, reserved 1114112K
[2022-06-18T08:48:51.319+0000][413][gc,heap,exit]   class space    used 271K, committed 320K, reserved 1048576K
