[2022-06-18T08:42:52.181+0000][8][gc,init] CardTable entry size: 512
[2022-06-18T08:42:52.182+0000][8][gc     ] Using G1
[2022-06-18T08:42:53.365+0000][8][gc,init] Version: 18.0.1.1+2-6 (release)
[2022-06-18T08:42:53.367+0000][8][gc,init] CPUs: 4 total, 4 available
[2022-06-18T08:42:53.368+0000][8][gc,init] Memory: 5944M
[2022-06-18T08:42:53.369+0000][8][gc,init] Large Page Support: Disabled
[2022-06-18T08:42:53.370+0000][8][gc,init] NUMA Support: Disabled
[2022-06-18T08:42:53.371+0000][8][gc,init] Compressed Oops: Enabled (32-bit)
[2022-06-18T08:42:53.372+0000][8][gc,init] Heap Region Size: 4M
[2022-06-18T08:42:53.373+0000][8][gc,init] Heap Min Capacity: 512M
[2022-06-18T08:42:53.373+0000][8][gc,init] Heap Initial Capacity: 512M
[2022-06-18T08:42:53.375+0000][8][gc,init] Heap Max Capacity: 512M
[2022-06-18T08:42:53.375+0000][8][gc,init] Pre-touch: Enabled
[2022-06-18T08:42:53.376+0000][8][gc,init] Parallel Workers: 4
[2022-06-18T08:42:53.377+0000][8][gc,init] Concurrent Workers: 1
[2022-06-18T08:42:53.378+0000][8][gc,init] Concurrent Refinement Workers: 4
[2022-06-18T08:42:53.379+0000][8][gc,init] Periodic GC: Disabled
[2022-06-18T08:42:53.380+0000][8][gc,metaspace] CDS archive(s) mapped at: [0x0000000800000000-0x0000000800baf000-0x0000000800baf000), size 12251136, SharedBaseAddress: 0x0000000800000000, ArchiveRelocationMode: 0.
[2022-06-18T08:42:53.381+0000][8][gc,metaspace] Compressed class space mapped at: 0x0000000800c00000-0x0000000840c00000, reserved size: 1073741824
[2022-06-18T08:42:53.382+0000][8][gc,metaspace] Narrow klass base: 0x0000000800000000, Narrow klass shift: 0, Narrow klass range: 0x100000000
[2022-06-18T08:42:54.414+0000][8][safepoint   ] Safepoint "Cleanup", Time since last: 1010956044 ns, Reaching safepoint: 128297 ns, At safepoint: 15954 ns, Total: 144251 ns
[2022-06-18T08:42:54.784+0000][8][gc,start    ] GC(0) Pause Young (Normal) (G1 Evacuation Pause)
[2022-06-18T08:42:54.787+0000][8][gc,task     ] GC(0) Using 4 workers of 4 for evacuation
[2022-06-18T08:42:54.787+0000][8][gc,age      ] GC(0) Desired survivor size 2097152 bytes, new threshold 15 (max threshold 15)
[2022-06-18T08:42:54.801+0000][8][gc,phases   ] GC(0)   Pre Evacuate Collection Set: 0.2ms
[2022-06-18T08:42:54.802+0000][8][gc,phases   ] GC(0)   Merge Heap Roots: 0.1ms
[2022-06-18T08:42:54.803+0000][8][gc,phases   ] GC(0)   Evacuate Collection Set: 10.9ms
[2022-06-18T08:42:54.804+0000][8][gc,phases   ] GC(0)   Post Evacuate Collection Set: 1.9ms
[2022-06-18T08:42:54.804+0000][8][gc,phases   ] GC(0)   Other: 2.3ms
[2022-06-18T08:42:54.805+0000][8][gc,age      ] GC(0) Age table with threshold 15 (max threshold 15)
[2022-06-18T08:42:54.806+0000][8][gc,age      ] GC(0) - age   1:    4157928 bytes,    4157928 total
[2022-06-18T08:42:54.807+0000][8][gc,heap     ] GC(0) Eden regions: 6->0(5)
[2022-06-18T08:42:54.807+0000][8][gc,heap     ] GC(0) Survivor regions: 0->1(1)
[2022-06-18T08:42:54.808+0000][8][gc,heap     ] GC(0) Old regions: 0->1
[2022-06-18T08:42:54.809+0000][8][gc,heap     ] GC(0) Archive regions: 2->2
[2022-06-18T08:42:54.810+0000][8][gc,heap     ] GC(0) Humongous regions: 0->0
[2022-06-18T08:42:54.811+0000][8][gc,metaspace] GC(0) Metaspace: 8467K(8704K)->8467K(8704K) NonClass: 7531K(7680K)->7531K(7680K) Class: 935K(1024K)->935K(1024K)
[2022-06-18T08:42:54.812+0000][8][gc          ] GC(0) Pause Young (Normal) (G1 Evacuation Pause) 27M->8M(512M) 29.544ms
[2022-06-18T08:42:54.813+0000][8][gc,cpu      ] GC(0) User=0.04s Sys=0.00s Real=0.03s
[2022-06-18T08:42:54.814+0000][8][safepoint   ] Safepoint "G1CollectForAllocation", Time since last: 367956972 ns, Reaching safepoint: 59529 ns, At safepoint: 32320771 ns, Total: 32380300 ns
[2022-06-18T08:42:55.365+0000][8][gc,start    ] GC(1) Pause Young (Normal) (G1 Evacuation Pause)
[2022-06-18T08:42:55.366+0000][8][gc,task     ] GC(1) Using 4 workers of 4 for evacuation
[2022-06-18T08:42:55.367+0000][8][gc,age      ] GC(1) Desired survivor size 2097152 bytes, new threshold 1 (max threshold 15)
[2022-06-18T08:42:55.375+0000][8][gc,phases   ] GC(1)   Pre Evacuate Collection Set: 0.1ms
[2022-06-18T08:42:55.376+0000][8][gc,phases   ] GC(1)   Merge Heap Roots: 0.1ms
[2022-06-18T08:42:55.378+0000][8][gc,phases   ] GC(1)   Evacuate Collection Set: 5.6ms
[2022-06-18T08:42:55.379+0000][8][gc,phases   ] GC(1)   Post Evacuate Collection Set: 1.7ms
[2022-06-18T08:42:55.380+0000][8][gc,phases   ] GC(1)   Other: 1.6ms
[2022-06-18T08:42:55.380+0000][8][gc,age      ] GC(1) Age table with threshold 1 (max threshold 15)
[2022-06-18T08:42:55.381+0000][8][gc,age      ] GC(1) - age   1:    2125464 bytes,    2125464 total
[2022-06-18T08:42:55.382+0000][8][gc,heap     ] GC(1) Eden regions: 5->0(7)
[2022-06-18T08:42:55.383+0000][8][gc,heap     ] GC(1) Survivor regions: 1->1(1)
[2022-06-18T08:42:55.383+0000][8][gc,heap     ] GC(1) Old regions: 1->2
[2022-06-18T08:42:55.385+0000][8][gc,heap     ] GC(1) Archive regions: 2->2
[2022-06-18T08:42:55.385+0000][8][gc,heap     ] GC(1) Humongous regions: 0->0
[2022-06-18T08:42:55.386+0000][8][gc,metaspace] GC(1) Metaspace: 11767K(12096K)->11767K(12096K) NonClass: 10359K(10560K)->10359K(10560K) Class: 1408K(1536K)->1408K(1536K)
[2022-06-18T08:42:55.387+0000][8][gc          ] GC(1) Pause Young (Normal) (G1 Evacuation Pause) 28M->10M(512M) 21.963ms
[2022-06-18T08:42:55.388+0000][8][gc,cpu      ] GC(1) User=0.04s Sys=0.00s Real=0.02s
[2022-06-18T08:42:55.388+0000][8][safepoint   ] Safepoint "G1CollectForAllocation", Time since last: 550521895 ns, Reaching safepoint: 250633 ns, At safepoint: 23495563 ns, Total: 23746196 ns
[2022-06-18T08:42:56.642+0000][8][gc,start    ] GC(2) Pause Young (Normal) (G1 Evacuation Pause)
[2022-06-18T08:42:56.644+0000][8][gc,task     ] GC(2) Using 4 workers of 4 for evacuation
[2022-06-18T08:42:56.645+0000][8][gc,age      ] GC(2) Desired survivor size 2097152 bytes, new threshold 1 (max threshold 15)
[2022-06-18T08:42:56.655+0000][8][gc,phases   ] GC(2)   Pre Evacuate Collection Set: 0.1ms
[2022-06-18T08:42:56.656+0000][8][gc,phases   ] GC(2)   Merge Heap Roots: 0.1ms
[2022-06-18T08:42:56.660+0000][8][gc,phases   ] GC(2)   Evacuate Collection Set: 5.3ms
[2022-06-18T08:42:56.661+0000][8][gc,phases   ] GC(2)   Post Evacuate Collection Set: 3.7ms
[2022-06-18T08:42:56.661+0000][8][gc,phases   ] GC(2)   Other: 2.2ms
[2022-06-18T08:42:56.662+0000][8][gc,age      ] GC(2) Age table with threshold 1 (max threshold 15)
[2022-06-18T08:42:56.663+0000][8][gc,age      ] GC(2) - age   1:     974880 bytes,     974880 total
[2022-06-18T08:42:56.663+0000][8][gc,heap     ] GC(2) Eden regions: 7->0(36)
[2022-06-18T08:42:56.664+0000][8][gc,heap     ] GC(2) Survivor regions: 1->1(1)
[2022-06-18T08:42:56.665+0000][8][gc,heap     ] GC(2) Old regions: 2->2
[2022-06-18T08:42:56.666+0000][8][gc,heap     ] GC(2) Archive regions: 2->2
[2022-06-18T08:42:56.667+0000][8][gc,heap     ] GC(2) Humongous regions: 0->0
[2022-06-18T08:42:56.667+0000][8][gc,metaspace] GC(2) Metaspace: 14914K(15296K)->14914K(15296K) NonClass: 13177K(13376K)->13177K(13376K) Class: 1736K(1920K)->1736K(1920K)
[2022-06-18T08:42:56.670+0000][8][gc          ] GC(2) Pause Young (Normal) (G1 Evacuation Pause) 38M->11M(512M) 28.123ms
[2022-06-18T08:42:56.671+0000][8][gc,cpu      ] GC(2) User=0.03s Sys=0.00s Real=0.03s
[2022-06-18T08:42:56.672+0000][8][safepoint   ] Safepoint "G1CollectForAllocation", Time since last: 1253895965 ns, Reaching safepoint: 129319 ns, At safepoint: 30040031 ns, Total: 30169350 ns
[2022-06-18T08:42:57.878+0000][8][gc,start    ] GC(3) Pause Young (Normal) (G1 Evacuation Pause)
[2022-06-18T08:42:57.879+0000][8][gc,task     ] GC(3) Using 4 workers of 4 for evacuation
[2022-06-18T08:42:57.880+0000][8][gc,age      ] GC(3) Desired survivor size 10485760 bytes, new threshold 15 (max threshold 15)
[2022-06-18T08:42:57.887+0000][8][gc,phases   ] GC(3)   Pre Evacuate Collection Set: 0.2ms
[2022-06-18T08:42:57.888+0000][8][gc,phases   ] GC(3)   Merge Heap Roots: 0.2ms
[2022-06-18T08:42:57.888+0000][8][gc,phases   ] GC(3)   Evacuate Collection Set: 4.3ms
[2022-06-18T08:42:57.889+0000][8][gc,phases   ] GC(3)   Post Evacuate Collection Set: 1.3ms
[2022-06-18T08:42:57.890+0000][8][gc,phases   ] GC(3)   Other: 1.9ms
[2022-06-18T08:42:57.891+0000][8][gc,age      ] GC(3) Age table with threshold 15 (max threshold 15)
[2022-06-18T08:42:57.892+0000][8][gc,age      ] GC(3) - age   1:    2716552 bytes,    2716552 total
[2022-06-18T08:42:57.893+0000][8][gc,age      ] GC(3) - age   2:     886232 bytes,    3602784 total
[2022-06-18T08:42:57.893+0000][8][gc,heap     ] GC(3) Eden regions: 36->0(75)
[2022-06-18T08:42:57.894+0000][8][gc,heap     ] GC(3) Survivor regions: 1->1(5)
[2022-06-18T08:42:57.895+0000][8][gc,heap     ] GC(3) Old regions: 2->2
[2022-06-18T08:42:57.895+0000][8][gc,heap     ] GC(3) Archive regions: 2->2
[2022-06-18T08:42:57.896+0000][8][gc,heap     ] GC(3) Humongous regions: 0->0
[2022-06-18T08:42:57.897+0000][8][gc,metaspace] GC(3) Metaspace: 17221K(17600K)->17221K(17600K) NonClass: 15267K(15488K)->15267K(15488K) Class: 1953K(2112K)->1953K(2112K)
[2022-06-18T08:42:57.897+0000][8][gc          ] GC(3) Pause Young (Normal) (G1 Evacuation Pause) 155M->13M(512M) 19.628ms
[2022-06-18T08:42:57.898+0000][8][gc,cpu      ] GC(3) User=0.02s Sys=0.00s Real=0.03s
[2022-06-18T08:42:57.899+0000][8][safepoint   ] Safepoint "G1CollectForAllocation", Time since last: 1205213335 ns, Reaching safepoint: 234692 ns, At safepoint: 20927648 ns, Total: 21162340 ns
[2022-06-18T08:42:58.385+0000][8][gc,start    ] GC(4) Pause Young (Concurrent Start) (Metadata GC Threshold)
[2022-06-18T08:42:58.386+0000][8][gc,task     ] GC(4) Using 4 workers of 4 for evacuation
[2022-06-18T08:42:58.387+0000][8][gc,age      ] GC(4) Desired survivor size 20971520 bytes, new threshold 15 (max threshold 15)
[2022-06-18T08:42:58.394+0000][8][gc,phases   ] GC(4)   Pre Evacuate Collection Set: 0.2ms
[2022-06-18T08:42:58.395+0000][8][gc,phases   ] GC(4)   Merge Heap Roots: 0.1ms
[2022-06-18T08:42:58.396+0000][8][gc,phases   ] GC(4)   Evacuate Collection Set: 5.8ms
[2022-06-18T08:42:58.396+0000][8][gc,phases   ] GC(4)   Post Evacuate Collection Set: 0.7ms
[2022-06-18T08:42:58.397+0000][8][gc,phases   ] GC(4)   Other: 1.7ms
[2022-06-18T08:42:58.398+0000][8][gc,age      ] GC(4) Age table with threshold 15 (max threshold 15)
[2022-06-18T08:42:58.398+0000][8][gc,age      ] GC(4) - age   1:     705872 bytes,     705872 total
[2022-06-18T08:42:58.399+0000][8][gc,age      ] GC(4) - age   2:    2704608 bytes,    3410480 total
[2022-06-18T08:42:58.400+0000][8][gc,age      ] GC(4) - age   3:     885888 bytes,    4296368 total
[2022-06-18T08:42:58.400+0000][8][gc,heap     ] GC(4) Eden regions: 7->0(74)
[2022-06-18T08:42:58.401+0000][8][gc,heap     ] GC(4) Survivor regions: 1->2(10)
[2022-06-18T08:42:58.402+0000][8][gc,heap     ] GC(4) Old regions: 2->2
[2022-06-18T08:42:58.403+0000][8][gc,heap     ] GC(4) Archive regions: 2->2
[2022-06-18T08:42:58.404+0000][8][gc,heap     ] GC(4) Humongous regions: 0->0
[2022-06-18T08:42:58.404+0000][8][gc,metaspace] GC(4) Metaspace: 21116K(21504K)->21116K(21504K) NonClass: 18731K(18944K)->18731K(18944K) Class: 2384K(2560K)->2384K(2560K)
[2022-06-18T08:42:58.406+0000][8][gc          ] GC(4) Pause Young (Concurrent Start) (Metadata GC Threshold) 40M->14M(512M) 21.339ms
[2022-06-18T08:42:58.407+0000][8][gc,cpu      ] GC(4) User=0.04s Sys=0.01s Real=0.02s
[2022-06-18T08:42:58.407+0000][8][gc          ] GC(5) Concurrent Mark Cycle
[2022-06-18T08:42:58.408+0000][8][safepoint   ] Safepoint "CollectForMetadataAllocation", Time since last: 485845163 ns, Reaching safepoint: 288575 ns, At safepoint: 22875907 ns, Total: 23164482 ns
[2022-06-18T08:42:58.408+0000][8][gc,marking  ] GC(5) Concurrent Clear Claimed Marks
[2022-06-18T08:42:58.410+0000][8][gc,marking  ] GC(5) Concurrent Clear Claimed Marks 2.011ms
[2022-06-18T08:42:58.411+0000][8][gc,marking  ] GC(5) Concurrent Scan Root Regions
[2022-06-18T08:42:58.416+0000][8][gc,marking  ] GC(5) Concurrent Scan Root Regions 4.226ms
[2022-06-18T08:42:58.416+0000][8][gc,marking  ] GC(5) Concurrent Mark
[2022-06-18T08:42:58.418+0000][8][gc,marking  ] GC(5) Concurrent Mark From Roots
[2022-06-18T08:42:58.419+0000][8][gc,task     ] GC(5) Using 1 workers of 1 for marking
[2022-06-18T08:42:58.436+0000][8][gc,marking  ] GC(5) Concurrent Mark From Roots 17.703ms
[2022-06-18T08:42:58.438+0000][8][gc,marking  ] GC(5) Concurrent Preclean
[2022-06-18T08:42:58.439+0000][8][gc,marking  ] GC(5) Concurrent Preclean 1.292ms
[2022-06-18T08:42:58.440+0000][8][gc,start    ] GC(5) Pause Remark
[2022-06-18T08:42:58.451+0000][8][gc          ] GC(5) Pause Remark 16M->16M(512M) 11.061ms
[2022-06-18T08:42:58.452+0000][8][gc,cpu      ] GC(5) User=0.03s Sys=0.00s Real=0.01s
[2022-06-18T08:42:58.456+0000][8][safepoint   ] Safepoint "G1Concurrent", Time since last: 32048136 ns, Reaching safepoint: 261406 ns, At safepoint: 16414443 ns, Total: 16675849 ns
[2022-06-18T08:42:58.458+0000][8][gc,marking  ] GC(5) Concurrent Mark 41.079ms
[2022-06-18T08:42:58.459+0000][8][gc,marking  ] GC(5) Concurrent Rebuild Remembered Sets
[2022-06-18T08:42:58.465+0000][8][gc,marking  ] GC(5) Concurrent Rebuild Remembered Sets 6.333ms
[2022-06-18T08:42:58.467+0000][8][gc,start    ] GC(5) Pause Cleanup
[2022-06-18T08:42:58.468+0000][8][gc          ] GC(5) Pause Cleanup 18M->18M(512M) 0.922ms
[2022-06-18T08:42:58.468+0000][8][gc,cpu      ] GC(5) User=0.00s Sys=0.00s Real=0.01s
[2022-06-18T08:42:58.469+0000][8][safepoint   ] Safepoint "G1Concurrent", Time since last: 9940973 ns, Reaching safepoint: 347194 ns, At safepoint: 2616154 ns, Total: 2963348 ns
[2022-06-18T08:42:58.470+0000][8][gc,marking  ] GC(5) Concurrent Cleanup for Next Mark
[2022-06-18T08:42:58.472+0000][8][gc,marking  ] GC(5) Concurrent Cleanup for Next Mark 1.534ms
[2022-06-18T08:42:58.473+0000][8][gc          ] GC(5) Concurrent Mark Cycle 65.729ms
[2022-06-18T08:42:59.471+0000][8][safepoint   ] Safepoint "Cleanup", Time since last: 1000986602 ns, Reaching safepoint: 306180 ns, At safepoint: 28744 ns, Total: 334924 ns
[2022-06-18T08:42:59.793+0000][8][gc,start    ] GC(6) Pause Young (Normal) (G1 Evacuation Pause)
[2022-06-18T08:42:59.795+0000][8][gc,task     ] GC(6) Using 4 workers of 4 for evacuation
[2022-06-18T08:42:59.798+0000][8][gc,age      ] GC(6) Desired survivor size 20971520 bytes, new threshold 15 (max threshold 15)
[2022-06-18T08:42:59.813+0000][8][gc,phases   ] GC(6)   Pre Evacuate Collection Set: 0.2ms
[2022-06-18T08:42:59.814+0000][8][gc,phases   ] GC(6)   Merge Heap Roots: 0.6ms
[2022-06-18T08:42:59.815+0000][8][gc,phases   ] GC(6)   Evacuate Collection Set: 10.9ms
[2022-06-18T08:42:59.816+0000][8][gc,phases   ] GC(6)   Post Evacuate Collection Set: 1.7ms
[2022-06-18T08:42:59.817+0000][8][gc,phases   ] GC(6)   Other: 4.3ms
[2022-06-18T08:42:59.817+0000][8][gc,age      ] GC(6) Age table with threshold 15 (max threshold 15)
[2022-06-18T08:42:59.818+0000][8][gc,age      ] GC(6) - age   1:    6309120 bytes,    6309120 total
[2022-06-18T08:42:59.818+0000][8][gc,age      ] GC(6) - age   2:     692880 bytes,    7002000 total
[2022-06-18T08:42:59.819+0000][8][gc,age      ] GC(6) - age   3:    2701496 bytes,    9703496 total
[2022-06-18T08:42:59.820+0000][8][gc,age      ] GC(6) - age   4:     882856 bytes,   10586352 total
[2022-06-18T08:42:59.821+0000][8][gc,heap     ] GC(6) Eden regions: 74->0(73)
[2022-06-18T08:42:59.822+0000][8][gc,heap     ] GC(6) Survivor regions: 2->3(10)
[2022-06-18T08:42:59.823+0000][8][gc,heap     ] GC(6) Old regions: 2->2
[2022-06-18T08:42:59.824+0000][8][gc,heap     ] GC(6) Archive regions: 2->2
[2022-06-18T08:42:59.825+0000][8][gc,heap     ] GC(6) Humongous regions: 0->0
[2022-06-18T08:42:59.826+0000][8][gc,metaspace] GC(6) Metaspace: 23697K(24256K)->23697K(24256K) NonClass: 20941K(21248K)->20941K(21248K) Class: 2756K(3008K)->2756K(3008K)
[2022-06-18T08:42:59.827+0000][8][gc          ] GC(6) Pause Young (Normal) (G1 Evacuation Pause) 310M->20M(512M) 33.477ms
[2022-06-18T08:42:59.828+0000][8][gc,cpu      ] GC(6) User=0.03s Sys=0.01s Real=0.03s
[2022-06-18T08:42:59.828+0000][8][safepoint   ] Safepoint "G1CollectForAllocation", Time since last: 322543180 ns, Reaching safepoint: 130865 ns, At safepoint: 35147547 ns, Total: 35278412 ns
[2022-06-18T08:43:00.967+0000][8][gc,start    ] GC(7) Pause Young (Normal) (G1 Evacuation Pause)
[2022-06-18T08:43:00.969+0000][8][gc,task     ] GC(7) Using 4 workers of 4 for evacuation
[2022-06-18T08:43:00.971+0000][8][gc,age      ] GC(7) Desired survivor size 20971520 bytes, new threshold 15 (max threshold 15)
[2022-06-18T08:43:00.989+0000][8][gc,phases   ] GC(7)   Pre Evacuate Collection Set: 0.1ms
[2022-06-18T08:43:00.991+0000][8][gc,phases   ] GC(7)   Merge Heap Roots: 0.1ms
[2022-06-18T08:43:00.991+0000][8][gc,phases   ] GC(7)   Evacuate Collection Set: 16.0ms
[2022-06-18T08:43:00.992+0000][8][gc,phases   ] GC(7)   Post Evacuate Collection Set: 0.9ms
[2022-06-18T08:43:00.993+0000][8][gc,phases   ] GC(7)   Other: 3.9ms
[2022-06-18T08:43:00.994+0000][8][gc,age      ] GC(7) Age table with threshold 15 (max threshold 15)
[2022-06-18T08:43:00.994+0000][8][gc,age      ] GC(7) - age   1:    4054928 bytes,    4054928 total
[2022-06-18T08:43:00.995+0000][8][gc,age      ] GC(7) - age   2:    5577008 bytes,    9631936 total
[2022-06-18T08:43:00.995+0000][8][gc,age      ] GC(7) - age   3:     691184 bytes,   10323120 total
[2022-06-18T08:43:00.996+0000][8][gc,age      ] GC(7) - age   4:    2698888 bytes,   13022008 total
[2022-06-18T08:43:00.997+0000][8][gc,age      ] GC(7) - age   5:     862792 bytes,   13884800 total
[2022-06-18T08:43:00.997+0000][8][gc,heap     ] GC(7) Eden regions: 73->0(72)
[2022-06-18T08:43:00.998+0000][8][gc,heap     ] GC(7) Survivor regions: 3->4(10)
[2022-06-18T08:43:00.998+0000][8][gc,heap     ] GC(7) Old regions: 2->2
[2022-06-18T08:43:00.999+0000][8][gc,heap     ] GC(7) Archive regions: 2->2
[2022-06-18T08:43:01.000+0000][8][gc,heap     ] GC(7) Humongous regions: 0->0
[2022-06-18T08:43:01.000+0000][8][gc,metaspace] GC(7) Metaspace: 29438K(30080K)->29438K(30080K) NonClass: 26028K(26368K)->26028K(26368K) Class: 3409K(3712K)->3409K(3712K)
[2022-06-18T08:43:01.001+0000][8][gc          ] GC(7) Pause Young (Normal) (G1 Evacuation Pause) 312M->23M(512M) 33.616ms
[2022-06-18T08:43:01.002+0000][8][gc,cpu      ] GC(7) User=0.04s Sys=0.00s Real=0.04s
[2022-06-18T08:43:01.002+0000][8][safepoint   ] Safepoint "G1CollectForAllocation", Time since last: 1138296892 ns, Reaching safepoint: 684676 ns, At safepoint: 34833132 ns, Total: 35517808 ns
[2022-06-18T08:43:01.879+0000][8][gc,start    ] GC(8) Pause Young (Normal) (G1 Evacuation Pause)
[2022-06-18T08:43:01.880+0000][8][gc,task     ] GC(8) Using 4 workers of 4 for evacuation
[2022-06-18T08:43:01.881+0000][8][gc,age      ] GC(8) Desired survivor size 20971520 bytes, new threshold 15 (max threshold 15)
[2022-06-18T08:43:01.895+0000][8][gc,phases   ] GC(8)   Pre Evacuate Collection Set: 0.1ms
[2022-06-18T08:43:01.896+0000][8][gc,phases   ] GC(8)   Merge Heap Roots: 0.1ms
[2022-06-18T08:43:01.896+0000][8][gc,phases   ] GC(8)   Evacuate Collection Set: 11.7ms
[2022-06-18T08:43:01.897+0000][8][gc,phases   ] GC(8)   Post Evacuate Collection Set: 1.3ms
[2022-06-18T08:43:01.897+0000][8][gc,phases   ] GC(8)   Other: 1.6ms
[2022-06-18T08:43:01.898+0000][8][gc,age      ] GC(8) Age table with threshold 15 (max threshold 15)
[2022-06-18T08:43:01.899+0000][8][gc,age      ] GC(8) - age   1:    3494432 bytes,    3494432 total
[2022-06-18T08:43:01.899+0000][8][gc,age      ] GC(8) - age   2:    3203088 bytes,    6697520 total
[2022-06-18T08:43:01.900+0000][8][gc,age      ] GC(8) - age   3:    5575736 bytes,   12273256 total
[2022-06-18T08:43:01.900+0000][8][gc,age      ] GC(8) - age   4:     691184 bytes,   12964440 total
[2022-06-18T08:43:01.901+0000][8][gc,age      ] GC(8) - age   5:    2698680 bytes,   15663120 total
[2022-06-18T08:43:01.901+0000][8][gc,age      ] GC(8) - age   6:     862040 bytes,   16525160 total
[2022-06-18T08:43:01.902+0000][8][gc,heap     ] GC(8) Eden regions: 72->0(71)
[2022-06-18T08:43:01.903+0000][8][gc,heap     ] GC(8) Survivor regions: 4->5(10)
[2022-06-18T08:43:01.903+0000][8][gc,heap     ] GC(8) Old regions: 2->2
[2022-06-18T08:43:01.904+0000][8][gc,heap     ] GC(8) Archive regions: 2->2
[2022-06-18T08:43:01.904+0000][8][gc,heap     ] GC(8) Humongous regions: 0->0
[2022-06-18T08:43:01.905+0000][8][gc,metaspace] GC(8) Metaspace: 30958K(31680K)->30958K(31680K) NonClass: 27343K(27776K)->27343K(27776K) Class: 3614K(3904K)->3614K(3904K)
[2022-06-18T08:43:01.907+0000][8][gc          ] GC(8) Pause Young (Normal) (G1 Evacuation Pause) 311M->26M(512M) 27.854ms
[2022-06-18T08:43:01.907+0000][8][gc,cpu      ] GC(8) User=0.02s Sys=0.00s Real=0.02s
[2022-06-18T08:43:01.908+0000][8][safepoint   ] Safepoint "G1CollectForAllocation", Time since last: 876365206 ns, Reaching safepoint: 88860 ns, At safepoint: 29296435 ns, Total: 29385295 ns
[2022-06-18T08:43:02.915+0000][8][safepoint   ] Safepoint "Cleanup", Time since last: 1004093457 ns, Reaching safepoint: 2412311 ns, At safepoint: 31867 ns, Total: 2444178 ns
[2022-06-18T08:43:03.544+0000][8][gc,start    ] GC(9) Pause Young (Concurrent Start) (Metadata GC Threshold)
[2022-06-18T08:43:03.546+0000][8][gc,task     ] GC(9) Using 4 workers of 4 for evacuation
[2022-06-18T08:43:03.546+0000][8][gc,age      ] GC(9) Desired survivor size 20971520 bytes, new threshold 15 (max threshold 15)
[2022-06-18T08:43:03.581+0000][8][gc,phases   ] GC(9)   Pre Evacuate Collection Set: 0.1ms
[2022-06-18T08:43:03.582+0000][8][gc,phases   ] GC(9)   Merge Heap Roots: 0.8ms
[2022-06-18T08:43:03.582+0000][8][gc,phases   ] GC(9)   Evacuate Collection Set: 18.0ms
[2022-06-18T08:43:03.583+0000][8][gc,phases   ] GC(9)   Post Evacuate Collection Set: 14.7ms
[2022-06-18T08:43:03.583+0000][8][gc,phases   ] GC(9)   Other: 1.5ms
[2022-06-18T08:43:03.584+0000][8][gc,age      ] GC(9) Age table with threshold 15 (max threshold 15)
[2022-06-18T08:43:03.585+0000][8][gc,age      ] GC(9) - age   1:    2156800 bytes,    2156800 total
[2022-06-18T08:43:03.585+0000][8][gc,age      ] GC(9) - age   2:    2754848 bytes,    4911648 total
[2022-06-18T08:43:03.586+0000][8][gc,age      ] GC(9) - age   3:    3188504 bytes,    8100152 total
[2022-06-18T08:43:03.586+0000][8][gc,age      ] GC(9) - age   4:    5556440 bytes,   13656592 total
[2022-06-18T08:43:03.587+0000][8][gc,age      ] GC(9) - age   5:     687536 bytes,   14344128 total
[2022-06-18T08:43:03.588+0000][8][gc,age      ] GC(9) - age   6:    2612208 bytes,   16956336 total
[2022-06-18T08:43:03.589+0000][8][gc,age      ] GC(9) - age   7:     848864 bytes,   17805200 total
[2022-06-18T08:43:03.589+0000][8][gc,heap     ] GC(9) Eden regions: 32->0(71)
[2022-06-18T08:43:03.589+0000][8][gc,heap     ] GC(9) Survivor regions: 5->5(10)
[2022-06-18T08:43:03.590+0000][8][gc,heap     ] GC(9) Old regions: 2->2
[2022-06-18T08:43:03.591+0000][8][gc,heap     ] GC(9) Archive regions: 2->2
[2022-06-18T08:43:03.591+0000][8][gc,heap     ] GC(9) Humongous regions: 0->0
[2022-06-18T08:43:03.592+0000][8][gc,metaspace] GC(9) Metaspace: 35345K(36096K)->35345K(36096K) NonClass: 31123K(31552K)->31123K(31552K) Class: 4222K(4544K)->4222K(4544K)
[2022-06-18T08:43:03.593+0000][8][gc          ] GC(9) Pause Young (Concurrent Start) (Metadata GC Threshold) 154M->28M(512M) 48.306ms
[2022-06-18T08:43:03.593+0000][8][gc,cpu      ] GC(9) User=0.05s Sys=0.00s Real=0.05s
[2022-06-18T08:43:03.594+0000][8][gc          ] GC(10) Concurrent Mark Cycle
[2022-06-18T08:43:03.596+0000][8][gc,marking  ] GC(10) Concurrent Clear Claimed Marks
[2022-06-18T08:43:03.597+0000][8][gc,marking  ] GC(10) Concurrent Clear Claimed Marks 0.728ms
[2022-06-18T08:43:03.598+0000][8][gc,marking  ] GC(10) Concurrent Scan Root Regions
[2022-06-18T08:43:03.604+0000][8][safepoint   ] Safepoint "CollectForMetadataAllocation", Time since last: 629620302 ns, Reaching safepoint: 222523 ns, At safepoint: 59571081 ns, Total: 59793604 ns
[2022-06-18T08:43:03.618+0000][8][gc,marking  ] GC(10) Concurrent Scan Root Regions 20.026ms
[2022-06-18T08:43:03.618+0000][8][gc,marking  ] GC(10) Concurrent Mark
[2022-06-18T08:43:03.619+0000][8][gc,marking  ] GC(10) Concurrent Mark From Roots
[2022-06-18T08:43:03.620+0000][8][gc,task     ] GC(10) Using 1 workers of 1 for marking
[2022-06-18T08:43:03.632+0000][8][gc,marking  ] GC(10) Concurrent Mark From Roots 12.702ms
[2022-06-18T08:43:03.632+0000][8][gc,marking  ] GC(10) Concurrent Preclean
[2022-06-18T08:43:03.633+0000][8][gc,marking  ] GC(10) Concurrent Preclean 0.914ms
[2022-06-18T08:43:03.687+0000][8][gc,start    ] GC(10) Pause Remark
[2022-06-18T08:43:03.693+0000][8][gc          ] GC(10) Pause Remark 30M->30M(512M) 6.313ms
[2022-06-18T08:43:03.694+0000][8][gc,cpu      ] GC(10) User=0.01s Sys=0.00s Real=0.01s
[2022-06-18T08:43:03.695+0000][8][safepoint   ] Safepoint "G1Concurrent", Time since last: 82936984 ns, Reaching safepoint: 105767 ns, At safepoint: 7820999 ns, Total: 7926766 ns
[2022-06-18T08:43:03.696+0000][8][gc,marking  ] GC(10) Concurrent Mark 77.160ms
[2022-06-18T08:43:03.696+0000][8][gc,marking  ] GC(10) Concurrent Rebuild Remembered Sets
[2022-06-18T08:43:03.705+0000][8][gc,marking  ] GC(10) Concurrent Rebuild Remembered Sets 8.685ms
[2022-06-18T08:43:03.706+0000][8][gc,start    ] GC(10) Pause Cleanup
[2022-06-18T08:43:03.707+0000][8][gc          ] GC(10) Pause Cleanup 30M->30M(512M) 0.849ms
[2022-06-18T08:43:03.707+0000][8][gc,cpu      ] GC(10) User=0.00s Sys=0.00s Real=0.00s
[2022-06-18T08:43:03.708+0000][8][safepoint   ] Safepoint "G1Concurrent", Time since last: 10619309 ns, Reaching safepoint: 222272 ns, At safepoint: 2175214 ns, Total: 2397486 ns
[2022-06-18T08:43:03.709+0000][8][gc,marking  ] GC(10) Concurrent Cleanup for Next Mark
[2022-06-18T08:43:03.710+0000][8][gc,marking  ] GC(10) Concurrent Cleanup for Next Mark 1.696ms
[2022-06-18T08:43:03.711+0000][8][gc          ] GC(10) Concurrent Mark Cycle 117.320ms
[2022-06-18T08:43:05.057+0000][8][safepoint   ] Safepoint "ICBufferFull", Time since last: 1349088902 ns, Reaching safepoint: 261269 ns, At safepoint: 5153 ns, Total: 266422 ns
[2022-06-18T08:43:06.062+0000][8][safepoint   ] Safepoint "Cleanup", Time since last: 1002708962 ns, Reaching safepoint: 1749000 ns, At safepoint: 8990 ns, Total: 1757990 ns
[2022-06-18T08:43:07.076+0000][8][safepoint   ] Safepoint "Cleanup", Time since last: 1003620414 ns, Reaching safepoint: 10700315 ns, At safepoint: 70772 ns, Total: 10771087 ns
[2022-06-18T08:43:08.079+0000][8][safepoint   ] Safepoint "Cleanup", Time since last: 1001090996 ns, Reaching safepoint: 1697951 ns, At safepoint: 8427 ns, Total: 1706378 ns
[2022-06-18T08:43:09.114+0000][8][safepoint   ] Safepoint "Cleanup", Time since last: 1015117140 ns, Reaching safepoint: 219292 ns, At safepoint: 2500 ns, Total: 221792 ns
[2022-06-18T08:43:09.433+0000][8][gc,start    ] GC(11) Pause Young (Normal) (G1 Evacuation Pause)
[2022-06-18T08:43:09.435+0000][8][gc,task     ] GC(11) Using 4 workers of 4 for evacuation
[2022-06-18T08:43:09.436+0000][8][gc,age      ] GC(11) Desired survivor size 20971520 bytes, new threshold 15 (max threshold 15)
[2022-06-18T08:43:09.498+0000][8][gc,phases   ] GC(11)   Pre Evacuate Collection Set: 0.2ms
[2022-06-18T08:43:09.498+0000][8][gc,phases   ] GC(11)   Merge Heap Roots: 0.2ms
[2022-06-18T08:43:09.499+0000][8][gc,phases   ] GC(11)   Evacuate Collection Set: 57.3ms
[2022-06-18T08:43:09.500+0000][8][gc,phases   ] GC(11)   Post Evacuate Collection Set: 2.9ms
[2022-06-18T08:43:09.501+0000][8][gc,phases   ] GC(11)   Other: 2.9ms
[2022-06-18T08:43:09.501+0000][8][gc,age      ] GC(11) Age table with threshold 15 (max threshold 15)
[2022-06-18T08:43:09.503+0000][8][gc,age      ] GC(11) - age   1:   19629560 bytes,   19629560 total
[2022-06-18T08:43:09.504+0000][8][gc,age      ] GC(11) - age   2:    2036936 bytes,   21666496 total
[2022-06-18T08:43:09.505+0000][8][gc,age      ] GC(11) - age   3:    2741920 bytes,   24408416 total
[2022-06-18T08:43:09.506+0000][8][gc,age      ] GC(11) - age   4:    3177728 bytes,   27586144 total
[2022-06-18T08:43:09.507+0000][8][gc,age      ] GC(11) - age   5:    5545992 bytes,   33132136 total
[2022-06-18T08:43:09.508+0000][8][gc,age      ] GC(11) - age   6:     685704 bytes,   33817840 total
[2022-06-18T08:43:09.509+0000][8][gc,age      ] GC(11) - age   7:    2609792 bytes,   36427632 total
[2022-06-18T08:43:09.509+0000][8][gc,age      ] GC(11) - age   8:     842752 bytes,   37270384 total
[2022-06-18T08:43:09.511+0000][8][gc,heap     ] GC(11) Eden regions: 71->0(66)
[2022-06-18T08:43:09.512+0000][8][gc,heap     ] GC(11) Survivor regions: 5->10(10)
[2022-06-18T08:43:09.513+0000][8][gc,heap     ] GC(11) Old regions: 2->2
[2022-06-18T08:43:09.514+0000][8][gc,heap     ] GC(11) Archive regions: 2->2
[2022-06-18T08:43:09.515+0000][8][gc,heap     ] GC(11) Humongous regions: 0->0
[2022-06-18T08:43:09.515+0000][8][gc,metaspace] GC(11) Metaspace: 46373K(47552K)->46373K(47552K) NonClass: 40614K(41344K)->40614K(41344K) Class: 5758K(6208K)->5758K(6208K)
[2022-06-18T08:43:09.516+0000][8][gc          ] GC(11) Pause Young (Normal) (G1 Evacuation Pause) 312M->47M(512M) 82.711ms
[2022-06-18T08:43:09.517+0000][8][gc,cpu      ] GC(11) User=0.18s Sys=0.01s Real=0.08s
[2022-06-18T08:43:09.519+0000][8][safepoint   ] Safepoint "G1CollectForAllocation", Time since last: 318553717 ns, Reaching safepoint: 208155 ns, At safepoint: 85865897 ns, Total: 86074052 ns
[2022-06-18T08:43:11.460+0000][8][safepoint   ] Safepoint "Cleanup", Time since last: 1735211165 ns, Reaching safepoint: 204486713 ns, At safepoint: 63759 ns, Total: 204550472 ns
[2022-06-18T08:43:12.727+0000][8][safepoint   ] Safepoint "Cleanup", Time since last: 1047836650 ns, Reaching safepoint: 220336126 ns, At safepoint: 38883 ns, Total: 220375009 ns
[2022-06-18T08:43:13.467+0000][8][gc,start    ] GC(12) Pause Young (Concurrent Start) (Metadata GC Threshold)
[2022-06-18T08:43:13.469+0000][8][gc,task     ] GC(12) Using 4 workers of 4 for evacuation
[2022-06-18T08:43:13.471+0000][8][gc,age      ] GC(12) Desired survivor size 20971520 bytes, new threshold 2 (max threshold 15)
[2022-06-18T08:43:13.919+0000][8][gc,mmu      ] GC(12) MMU target violated: 201.0ms (200.0ms/201.0ms)
[2022-06-18T08:43:14.060+0000][8][gc,phases   ] GC(12)   Pre Evacuate Collection Set: 2.3ms
[2022-06-18T08:43:14.299+0000][8][gc,phases   ] GC(12)   Merge Heap Roots: 0.3ms
[2022-06-18T08:43:14.312+0000][8][gc,phases   ] GC(12)   Evacuate Collection Set: 324.0ms
[2022-06-18T08:43:14.315+0000][8][gc,phases   ] GC(12)   Post Evacuate Collection Set: 119.7ms
[2022-06-18T08:43:14.316+0000][8][gc,phases   ] GC(12)   Other: 143.8ms
[2022-06-18T08:43:14.323+0000][8][gc,age      ] GC(12) Age table with threshold 2 (max threshold 15)
[2022-06-18T08:43:14.328+0000][8][gc,age      ] GC(12) - age   1:    5117680 bytes,    5117680 total
[2022-06-18T08:43:14.345+0000][8][gc,age      ] GC(12) - age   2:   19386088 bytes,   24503768 total
[2022-06-18T08:43:14.346+0000][8][gc,heap     ] GC(12) Eden regions: 30->0(8)
[2022-06-18T08:43:14.371+0000][8][gc,heap     ] GC(12) Survivor regions: 10->7(10)
[2022-06-18T08:43:14.378+0000][8][gc,heap     ] GC(12) Old regions: 2->6
[2022-06-18T08:43:14.384+0000][8][gc,heap     ] GC(12) Archive regions: 2->2
[2022-06-18T08:43:14.392+0000][8][gc,heap     ] GC(12) Humongous regions: 0->0
[2022-06-18T08:43:14.394+0000][8][gc,metaspace] GC(12) Metaspace: 59050K(60416K)->59050K(60416K) NonClass: 51376K(52224K)->51376K(52224K) Class: 7673K(8192K)->7673K(8192K)
[2022-06-18T08:43:14.405+0000][8][gc          ] GC(12) Pause Young (Concurrent Start) (Metadata GC Threshold) 165M->53M(512M) 937.495ms
[2022-06-18T08:43:14.406+0000][8][gc,cpu      ] GC(12) User=1.07s Sys=0.08s Real=0.94s
[2022-06-18T08:43:14.406+0000][8][gc          ] GC(13) Concurrent Mark Cycle
[2022-06-18T08:43:14.425+0000][8][gc,marking  ] GC(13) Concurrent Clear Claimed Marks
[2022-06-18T08:43:14.415+0000][8][safepoint   ] Safepoint "CollectForMetadataAllocation", Time since last: 739946233 ns, Reaching safepoint: 140320 ns, At safepoint: 948138872 ns, Total: 948279192 ns
[2022-06-18T08:43:14.467+0000][8][gc,marking  ] GC(13) Concurrent Clear Claimed Marks 42.324ms
[2022-06-18T08:43:14.487+0000][8][gc,marking  ] GC(13) Concurrent Scan Root Regions
[2022-06-18T08:43:14.766+0000][8][gc,marking  ] GC(13) Concurrent Scan Root Regions 279.443ms
[2022-06-18T08:43:14.973+0000][8][gc,marking  ] GC(13) Concurrent Mark
[2022-06-18T08:43:14.979+0000][8][gc,marking  ] GC(13) Concurrent Mark From Roots
[2022-06-18T08:43:14.991+0000][8][gc,task     ] GC(13) Using 1 workers of 1 for marking
[2022-06-18T08:43:15.251+0000][8][gc,marking  ] GC(13) Concurrent Mark From Roots 271.636ms
[2022-06-18T08:43:15.252+0000][8][gc,marking  ] GC(13) Concurrent Preclean
[2022-06-18T08:43:15.264+0000][8][safepoint   ] Safepoint "CollectForMetadataAllocation", Time since last: 848099902 ns, Reaching safepoint: 69850 ns, At safepoint: 183263 ns, Total: 253113 ns
[2022-06-18T08:43:15.296+0000][8][gc,marking  ] GC(13) Concurrent Preclean 43.644ms
[2022-06-18T08:43:15.455+0000][8][gc,start    ] GC(13) Pause Remark
[2022-06-18T08:43:15.553+0000][8][gc          ] GC(13) Pause Remark 57M->57M(512M) 98.249ms
[2022-06-18T08:43:15.555+0000][8][gc,cpu      ] GC(13) User=0.16s Sys=0.01s Real=0.10s
[2022-06-18T08:43:15.556+0000][8][safepoint   ] Safepoint "G1Concurrent", Time since last: 182697145 ns, Reaching safepoint: 8314067 ns, At safepoint: 101315830 ns, Total: 109629897 ns
[2022-06-18T08:43:15.557+0000][8][gc,marking  ] GC(13) Concurrent Mark 583.457ms
[2022-06-18T08:43:15.558+0000][8][gc,marking  ] GC(13) Concurrent Rebuild Remembered Sets
[2022-06-18T08:43:15.578+0000][8][gc,marking  ] GC(13) Concurrent Rebuild Remembered Sets 20.396ms
[2022-06-18T08:43:15.662+0000][8][gc,start    ] GC(13) Pause Cleanup
[2022-06-18T08:43:15.663+0000][8][gc          ] GC(13) Pause Cleanup 57M->57M(512M) 1.584ms
[2022-06-18T08:43:15.716+0000][8][gc,cpu      ] GC(13) User=0.00s Sys=0.00s Real=0.05s
[2022-06-18T08:43:15.728+0000][8][safepoint   ] Safepoint "G1Concurrent", Time since last: 63423727 ns, Reaching safepoint: 42528149 ns, At safepoint: 66179289 ns, Total: 108707438 ns
[2022-06-18T08:43:15.738+0000][8][gc,marking  ] GC(13) Concurrent Cleanup for Next Mark
[2022-06-18T08:43:15.740+0000][8][gc,marking  ] GC(13) Concurrent Cleanup for Next Mark 1.725ms
[2022-06-18T08:43:15.869+0000][8][gc          ] GC(13) Concurrent Mark Cycle 1462.745ms
[2022-06-18T08:43:16.752+0000][8][safepoint   ] Safepoint "Cleanup", Time since last: 1010677471 ns, Reaching safepoint: 13040276 ns, At safepoint: 60685 ns, Total: 13100961 ns
[2022-06-18T08:43:17.785+0000][8][safepoint   ] Safepoint "Cleanup", Time since last: 1032522250 ns, Reaching safepoint: 392901 ns, At safepoint: 30493 ns, Total: 423394 ns
[2022-06-18T08:43:17.939+0000][8][gc,start    ] GC(14) Pause Young (Normal) (G1 Evacuation Pause)
[2022-06-18T08:43:17.941+0000][8][gc,task     ] GC(14) Using 4 workers of 4 for evacuation
[2022-06-18T08:43:17.942+0000][8][gc,age      ] GC(14) Desired survivor size 6291456 bytes, new threshold 2 (max threshold 15)
[2022-06-18T08:43:18.039+0000][8][gc,phases   ] GC(14)   Pre Evacuate Collection Set: 0.1ms
[2022-06-18T08:43:18.041+0000][8][gc,phases   ] GC(14)   Merge Heap Roots: 0.1ms
[2022-06-18T08:43:18.042+0000][8][gc,phases   ] GC(14)   Evacuate Collection Set: 83.4ms
[2022-06-18T08:43:18.045+0000][8][gc,phases   ] GC(14)   Post Evacuate Collection Set: 13.1ms
[2022-06-18T08:43:18.051+0000][8][gc,phases   ] GC(14)   Other: 1.7ms
[2022-06-18T08:43:18.053+0000][8][gc,age      ] GC(14) Age table with threshold 2 (max threshold 15)
[2022-06-18T08:43:18.054+0000][8][gc,age      ] GC(14) - age   1:     433560 bytes,     433560 total
[2022-06-18T08:43:18.055+0000][8][gc,age      ] GC(14) - age   2:    4894520 bytes,    5328080 total
[2022-06-18T08:43:18.062+0000][8][gc,heap     ] GC(14) Eden regions: 14->0(74)
[2022-06-18T08:43:18.073+0000][8][gc,heap     ] GC(14) Survivor regions: 7->2(3)
[2022-06-18T08:43:18.073+0000][8][gc,heap     ] GC(14) Old regions: 6->11
[2022-06-18T08:43:18.074+0000][8][gc,heap     ] GC(14) Archive regions: 2->2
[2022-06-18T08:43:18.076+0000][8][gc,heap     ] GC(14) Humongous regions: 0->0
[2022-06-18T08:43:18.077+0000][8][gc,metaspace] GC(14) Metaspace: 59552K(60928K)->59552K(60928K) NonClass: 51779K(52608K)->51779K(52608K) Class: 7772K(8320K)->7772K(8320K)
[2022-06-18T08:43:18.078+0000][8][gc          ] GC(14) Pause Young (Normal) (G1 Evacuation Pause) 109M->54M(512M) 138.872ms
[2022-06-18T08:43:18.079+0000][8][gc,cpu      ] GC(14) User=0.21s Sys=0.01s Real=0.14s
[2022-06-18T08:43:18.080+0000][8][safepoint   ] Safepoint "G1CollectForAllocation", Time since last: 153924663 ns, Reaching safepoint: 55248 ns, At safepoint: 140987375 ns, Total: 141042623 ns
[2022-06-18T08:43:19.089+0000][8][safepoint   ] Safepoint "Cleanup", Time since last: 1008481971 ns, Reaching safepoint: 464811 ns, At safepoint: 5914 ns, Total: 470725 ns
[2022-06-18T08:43:20.098+0000][8][safepoint   ] Safepoint "Cleanup", Time since last: 1008755902 ns, Reaching safepoint: 231922 ns, At safepoint: 4490 ns, Total: 236412 ns
[2022-06-18T08:43:21.253+0000][8][safepoint   ] Safepoint "Cleanup", Time since last: 1154963536 ns, Reaching safepoint: 125524 ns, At safepoint: 3550 ns, Total: 129074 ns
[2022-06-18T08:43:22.353+0000][8][safepoint   ] Safepoint "Cleanup", Time since last: 1067091833 ns, Reaching safepoint: 33491366 ns, At safepoint: 9727 ns, Total: 33501093 ns
[2022-06-18T08:43:23.752+0000][8][safepoint   ] Safepoint "Cleanup", Time since last: 1397816226 ns, Reaching safepoint: 492780 ns, At safepoint: 29035 ns, Total: 521815 ns
[2022-06-18T08:43:24.757+0000][8][safepoint   ] Safepoint "Cleanup", Time since last: 1001400257 ns, Reaching safepoint: 3828670 ns, At safepoint: 17103 ns, Total: 3845773 ns
[2022-06-18T08:43:25.759+0000][8][safepoint   ] Safepoint "Cleanup", Time since last: 1001136634 ns, Reaching safepoint: 755871 ns, At safepoint: 8004 ns, Total: 763875 ns
[2022-06-18T08:43:26.244+0000][8][gc,start    ] GC(15) Pause Young (Normal) (G1 Evacuation Pause)
[2022-06-18T08:43:26.245+0000][8][gc,task     ] GC(15) Using 4 workers of 4 for evacuation
[2022-06-18T08:43:26.246+0000][8][gc,age      ] GC(15) Desired survivor size 20971520 bytes, new threshold 15 (max threshold 15)
[2022-06-18T08:43:26.267+0000][8][gc,phases   ] GC(15)   Pre Evacuate Collection Set: 0.1ms
[2022-06-18T08:43:26.268+0000][8][gc,phases   ] GC(15)   Merge Heap Roots: 0.2ms
[2022-06-18T08:43:26.268+0000][8][gc,phases   ] GC(15)   Evacuate Collection Set: 17.8ms
[2022-06-18T08:43:26.269+0000][8][gc,phases   ] GC(15)   Post Evacuate Collection Set: 2.0ms
[2022-06-18T08:43:26.269+0000][8][gc,phases   ] GC(15)   Other: 1.6ms
[2022-06-18T08:43:26.270+0000][8][gc,age      ] GC(15) Age table with threshold 15 (max threshold 15)
[2022-06-18T08:43:26.270+0000][8][gc,age      ] GC(15) - age   1:   10673984 bytes,   10673984 total
[2022-06-18T08:43:26.271+0000][8][gc,age      ] GC(15) - age   2:     354616 bytes,   11028600 total
[2022-06-18T08:43:26.272+0000][8][gc,age      ] GC(15) - age   3:    4868168 bytes,   15896768 total
[2022-06-18T08:43:26.275+0000][8][gc,heap     ] GC(15) Eden regions: 74->0(72)
[2022-06-18T08:43:26.275+0000][8][gc,heap     ] GC(15) Survivor regions: 2->4(10)
[2022-06-18T08:43:26.276+0000][8][gc,heap     ] GC(15) Old regions: 11->11
[2022-06-18T08:43:26.277+0000][8][gc,heap     ] GC(15) Archive regions: 2->2
[2022-06-18T08:43:26.277+0000][8][gc,heap     ] GC(15) Humongous regions: 0->0
[2022-06-18T08:43:26.278+0000][8][gc,metaspace] GC(15) Metaspace: 85813K(87424K)->85813K(87424K) NonClass: 74500K(75392K)->74500K(75392K) Class: 11312K(12032K)->11312K(12032K)
[2022-06-18T08:43:26.279+0000][8][gc          ] GC(15) Pause Young (Normal) (G1 Evacuation Pause) 350M->62M(512M) 34.299ms
[2022-06-18T08:43:26.279+0000][8][gc,cpu      ] GC(15) User=0.05s Sys=0.00s Real=0.04s
[2022-06-18T08:43:26.280+0000][8][safepoint   ] Safepoint "G1CollectForAllocation", Time since last: 485244343 ns, Reaching safepoint: 111746 ns, At safepoint: 35711857 ns, Total: 35823603 ns
[2022-06-18T08:43:27.334+0000][8][safepoint   ] Safepoint "Cleanup", Time since last: 1053490826 ns, Reaching safepoint: 565262 ns, At safepoint: 29933 ns, Total: 595195 ns
[2022-06-18T08:43:27.817+0000][8][gc,start    ] GC(16) Pause Young (Concurrent Start) (Metadata GC Threshold)
[2022-06-18T08:43:27.819+0000][8][gc,task     ] GC(16) Using 4 workers of 4 for evacuation
[2022-06-18T08:43:27.820+0000][8][gc,age      ] GC(16) Desired survivor size 20971520 bytes, new threshold 15 (max threshold 15)
[2022-06-18T08:43:27.851+0000][8][gc,phases   ] GC(16)   Pre Evacuate Collection Set: 0.9ms
[2022-06-18T08:43:27.852+0000][8][gc,phases   ] GC(16)   Merge Heap Roots: 0.5ms
[2022-06-18T08:43:27.852+0000][8][gc,phases   ] GC(16)   Evacuate Collection Set: 24.9ms
[2022-06-18T08:43:27.857+0000][8][gc,phases   ] GC(16)   Post Evacuate Collection Set: 3.3ms
[2022-06-18T08:43:27.858+0000][8][gc,phases   ] GC(16)   Other: 2.1ms
[2022-06-18T08:43:27.859+0000][8][gc,age      ] GC(16) Age table with threshold 15 (max threshold 15)
[2022-06-18T08:43:27.859+0000][8][gc,age      ] GC(16) - age   1:    7209000 bytes,    7209000 total
[2022-06-18T08:43:27.860+0000][8][gc,age      ] GC(16) - age   2:   10038280 bytes,   17247280 total
[2022-06-18T08:43:27.861+0000][8][gc,age      ] GC(16) - age   3:     353776 bytes,   17601056 total
[2022-06-18T08:43:27.861+0000][8][gc,age      ] GC(16) - age   4:    4766360 bytes,   22367416 total
[2022-06-18T08:43:27.863+0000][8][gc,heap     ] GC(16) Eden regions: 24->0(70)
[2022-06-18T08:43:27.864+0000][8][gc,heap     ] GC(16) Survivor regions: 4->6(10)
[2022-06-18T08:43:27.865+0000][8][gc,heap     ] GC(16) Old regions: 11->11
[2022-06-18T08:43:27.866+0000][8][gc,heap     ] GC(16) Archive regions: 2->2
[2022-06-18T08:43:27.866+0000][8][gc,heap     ] GC(16) Humongous regions: 0->0
[2022-06-18T08:43:27.868+0000][8][gc,metaspace] GC(16) Metaspace: 98576K(101440K)->98576K(101440K) NonClass: 85211K(86656K)->85211K(86656K) Class: 13365K(14784K)->13365K(14784K)
[2022-06-18T08:43:27.869+0000][8][gc          ] GC(16) Pause Young (Concurrent Start) (Metadata GC Threshold) 155M->68M(512M) 51.561ms
[2022-06-18T08:43:27.869+0000][8][gc,cpu      ] GC(16) User=0.10s Sys=0.00s Real=0.06s
[2022-06-18T08:43:27.871+0000][8][safepoint   ] Safepoint "CollectForMetadataAllocation", Time since last: 482176980 ns, Reaching safepoint: 774708 ns, At safepoint: 53833005 ns, Total: 54607713 ns
[2022-06-18T08:43:27.870+0000][8][gc          ] GC(17) Concurrent Mark Cycle
[2022-06-18T08:43:27.877+0000][8][gc,marking  ] GC(17) Concurrent Clear Claimed Marks
[2022-06-18T08:43:27.880+0000][8][gc,marking  ] GC(17) Concurrent Clear Claimed Marks 2.316ms
[2022-06-18T08:43:27.881+0000][8][gc,marking  ] GC(17) Concurrent Scan Root Regions
[2022-06-18T08:43:27.925+0000][8][gc,marking  ] GC(17) Concurrent Scan Root Regions 44.037ms
[2022-06-18T08:43:27.926+0000][8][gc,marking  ] GC(17) Concurrent Mark
[2022-06-18T08:43:27.930+0000][8][gc,marking  ] GC(17) Concurrent Mark From Roots
[2022-06-18T08:43:27.931+0000][8][gc,task     ] GC(17) Using 1 workers of 1 for marking
[2022-06-18T08:43:28.054+0000][8][gc,marking  ] GC(17) Concurrent Mark From Roots 124.638ms
[2022-06-18T08:43:28.055+0000][8][gc,marking  ] GC(17) Concurrent Preclean
[2022-06-18T08:43:28.057+0000][8][gc,marking  ] GC(17) Concurrent Preclean 1.348ms
[2022-06-18T08:43:28.059+0000][8][gc,start    ] GC(17) Pause Remark
[2022-06-18T08:43:28.067+0000][8][gc          ] GC(17) Pause Remark 72M->72M(512M) 8.389ms
[2022-06-18T08:43:28.068+0000][8][gc,cpu      ] GC(17) User=0.02s Sys=0.01s Real=0.01s
[2022-06-18T08:43:28.069+0000][8][safepoint   ] Safepoint "G1Concurrent", Time since last: 188042958 ns, Reaching safepoint: 58429 ns, At safepoint: 10406748 ns, Total: 10465177 ns
[2022-06-18T08:43:28.070+0000][8][gc,marking  ] GC(17) Concurrent Mark 144.026ms
[2022-06-18T08:43:28.074+0000][8][gc,marking  ] GC(17) Concurrent Rebuild Remembered Sets
[2022-06-18T08:43:28.126+0000][8][gc,marking  ] GC(17) Concurrent Rebuild Remembered Sets 52.332ms
[2022-06-18T08:43:28.128+0000][8][gc,start    ] GC(17) Pause Cleanup
[2022-06-18T08:43:28.130+0000][8][gc          ] GC(17) Pause Cleanup 74M->74M(512M) 1.735ms
[2022-06-18T08:43:28.130+0000][8][gc,cpu      ] GC(17) User=0.00s Sys=0.00s Real=0.01s
[2022-06-18T08:43:28.131+0000][8][safepoint   ] Safepoint "G1Concurrent", Time since last: 57704807 ns, Reaching safepoint: 777049 ns, At safepoint: 3012109 ns, Total: 3789158 ns
[2022-06-18T08:43:28.132+0000][8][gc,marking  ] GC(17) Concurrent Cleanup for Next Mark
[2022-06-18T08:43:28.134+0000][8][gc,marking  ] GC(17) Concurrent Cleanup for Next Mark 2.055ms
[2022-06-18T08:43:28.135+0000][8][gc          ] GC(17) Concurrent Mark Cycle 264.403ms
[2022-06-18T08:43:28.743+0000][8][safepoint   ] Safepoint "ICBufferFull", Time since last: 612172426 ns, Reaching safepoint: 270958 ns, At safepoint: 25376 ns, Total: 296334 ns
[2022-06-18T08:43:29.085+0000][8][safepoint   ] Safepoint "ICBufferFull", Time since last: 341073460 ns, Reaching safepoint: 228354 ns, At safepoint: 5980 ns, Total: 234334 ns
[2022-06-18T08:43:29.490+0000][8][safepoint   ] Safepoint "ICBufferFull", Time since last: 404907777 ns, Reaching safepoint: 226168 ns, At safepoint: 10006 ns, Total: 236174 ns
[2022-06-18T08:43:29.835+0000][8][safepoint   ] Safepoint "ICBufferFull", Time since last: 345218992 ns, Reaching safepoint: 389793 ns, At safepoint: 131781 ns, Total: 521574 ns
[2022-06-18T08:43:30.405+0000][8][safepoint   ] Safepoint "ICBufferFull", Time since last: 569644224 ns, Reaching safepoint: 193609 ns, At safepoint: 5017 ns, Total: 198626 ns
[2022-06-18T08:43:31.783+0000][8][safepoint   ] Safepoint "Cleanup", Time since last: 1377480302 ns, Reaching safepoint: 310720 ns, At safepoint: 29669 ns, Total: 340389 ns
[2022-06-18T08:43:32.664+0000][8][safepoint   ] Safepoint "ICBufferFull", Time since last: 880253677 ns, Reaching safepoint: 746686 ns, At safepoint: 56637 ns, Total: 803323 ns
[2022-06-18T08:43:33.297+0000][8][safepoint   ] Safepoint "ICBufferFull", Time since last: 632694049 ns, Reaching safepoint: 252678 ns, At safepoint: 8832 ns, Total: 261510 ns
[2022-06-18T08:43:34.242+0000][8][safepoint   ] Safepoint "ICBufferFull", Time since last: 944485816 ns, Reaching safepoint: 341555 ns, At safepoint: 11867 ns, Total: 353422 ns
[2022-06-18T08:43:34.582+0000][8][gc,start    ] GC(18) Pause Young (Normal) (G1 Evacuation Pause)
[2022-06-18T08:43:34.583+0000][8][gc,task     ] GC(18) Using 4 workers of 4 for evacuation
[2022-06-18T08:43:34.585+0000][8][gc,age      ] GC(18) Desired survivor size 20971520 bytes, new threshold 4 (max threshold 15)
[2022-06-18T08:43:34.648+0000][8][gc,phases   ] GC(18)   Pre Evacuate Collection Set: 0.3ms
[2022-06-18T08:43:34.650+0000][8][gc,phases   ] GC(18)   Merge Heap Roots: 0.3ms
[2022-06-18T08:43:34.652+0000][8][gc,phases   ] GC(18)   Evacuate Collection Set: 57.8ms
[2022-06-18T08:43:34.666+0000][8][gc,phases   ] GC(18)   Post Evacuate Collection Set: 4.0ms
[2022-06-18T08:43:34.667+0000][8][gc,phases   ] GC(18)   Other: 2.5ms
[2022-06-18T08:43:34.669+0000][8][gc,age      ] GC(18) Age table with threshold 4 (max threshold 15)
[2022-06-18T08:43:34.670+0000][8][gc,age      ] GC(18) - age   1:   13511680 bytes,   13511680 total
[2022-06-18T08:43:34.671+0000][8][gc,age      ] GC(18) - age   2:    6883000 bytes,   20394680 total
[2022-06-18T08:43:34.672+0000][8][gc,age      ] GC(18) - age   3:    9932296 bytes,   30326976 total
[2022-06-18T08:43:34.674+0000][8][gc,age      ] GC(18) - age   4:     352944 bytes,   30679920 total
[2022-06-18T08:43:34.674+0000][8][gc,heap     ] GC(18) Eden regions: 70->0(68)
[2022-06-18T08:43:34.677+0000][8][gc,heap     ] GC(18) Survivor regions: 6->8(10)
[2022-06-18T08:43:34.678+0000][8][gc,heap     ] GC(18) Old regions: 11->12
[2022-06-18T08:43:34.679+0000][8][gc,heap     ] GC(18) Archive regions: 2->2
[2022-06-18T08:43:34.679+0000][8][gc,heap     ] GC(18) Humongous regions: 0->0
[2022-06-18T08:43:34.680+0000][8][gc,metaspace] GC(18) Metaspace: 111979K(115072K)->111979K(115072K) NonClass: 96707K(98304K)->96707K(98304K) Class: 15271K(16768K)->15271K(16768K)
[2022-06-18T08:43:34.681+0000][8][gc          ] GC(18) Pause Young (Normal) (G1 Evacuation Pause) 347M->82M(512M) 98.970ms
[2022-06-18T08:43:34.682+0000][8][gc,cpu      ] GC(18) User=0.16s Sys=0.01s Real=0.10s
[2022-06-18T08:43:34.683+0000][8][safepoint   ] Safepoint "G1CollectForAllocation", Time since last: 339389155 ns, Reaching safepoint: 284564 ns, At safepoint: 101682570 ns, Total: 101967134 ns
[2022-06-18T08:43:35.693+0000][8][safepoint   ] Safepoint "Cleanup", Time since last: 1009341548 ns, Reaching safepoint: 250926 ns, At safepoint: 8047 ns, Total: 258973 ns
[2022-06-18T08:43:36.865+0000][8][safepoint   ] Safepoint "ICBufferFull", Time since last: 1172277985 ns, Reaching safepoint: 233804 ns, At safepoint: 7203 ns, Total: 241007 ns
[2022-06-18T08:43:37.780+0000][8][gc,start    ] GC(19) Pause Young (Normal) (G1 Evacuation Pause)
[2022-06-18T08:43:37.782+0000][8][gc,task     ] GC(19) Using 4 workers of 4 for evacuation
[2022-06-18T08:43:37.784+0000][8][gc,age      ] GC(19) Desired survivor size 20971520 bytes, new threshold 3 (max threshold 15)
[2022-06-18T08:43:37.824+0000][8][gc,phases   ] GC(19)   Pre Evacuate Collection Set: 0.6ms
[2022-06-18T08:43:37.825+0000][8][gc,phases   ] GC(19)   Merge Heap Roots: 0.1ms
[2022-06-18T08:43:37.826+0000][8][gc,phases   ] GC(19)   Evacuate Collection Set: 33.5ms
[2022-06-18T08:43:37.829+0000][8][gc,phases   ] GC(19)   Post Evacuate Collection Set: 4.8ms
[2022-06-18T08:43:37.830+0000][8][gc,phases   ] GC(19)   Other: 3.8ms
[2022-06-18T08:43:37.831+0000][8][gc,age      ] GC(19) Age table with threshold 3 (max threshold 15)
[2022-06-18T08:43:37.831+0000][8][gc,age      ] GC(19) - age   1:    1533416 bytes,    1533416 total
[2022-06-18T08:43:37.832+0000][8][gc,age      ] GC(19) - age   2:    9722688 bytes,   11256104 total
[2022-06-18T08:43:37.833+0000][8][gc,age      ] GC(19) - age   3:    6881776 bytes,   18137880 total
[2022-06-18T08:43:37.834+0000][8][gc,heap     ] GC(19) Eden regions: 68->0(71)
[2022-06-18T08:43:37.837+0000][8][gc,heap     ] GC(19) Survivor regions: 8->5(10)
[2022-06-18T08:43:37.838+0000][8][gc,heap     ] GC(19) Old regions: 12->15
[2022-06-18T08:43:37.839+0000][8][gc,heap     ] GC(19) Archive regions: 2->2
[2022-06-18T08:43:37.843+0000][8][gc,heap     ] GC(19) Humongous regions: 0->0
[2022-06-18T08:43:37.844+0000][8][gc,metaspace] GC(19) Metaspace: 112866K(115968K)->112866K(115968K) NonClass: 97500K(99072K)->97500K(99072K) Class: 15366K(16896K)->15366K(16896K)
[2022-06-18T08:43:37.845+0000][8][gc          ] GC(19) Pause Young (Normal) (G1 Evacuation Pause) 353M->80M(512M) 65.000ms
[2022-06-18T08:43:37.846+0000][8][gc,cpu      ] GC(19) User=0.08s Sys=0.02s Real=0.06s
[2022-06-18T08:43:37.847+0000][8][safepoint   ] Safepoint "G1CollectForAllocation", Time since last: 914233828 ns, Reaching safepoint: 305769 ns, At safepoint: 67061409 ns, Total: 67367178 ns
[2022-06-18T08:43:38.837+0000][8][safepoint   ] Safepoint "Cleanup", Time since last: 1001148111 ns, Reaching safepoint: 1281150 ns, At safepoint: 61724 ns, Total: 1342874 ns
[2022-06-18T08:43:39.838+0000][8][safepoint   ] Safepoint "Cleanup", Time since last: 1001200924 ns, Reaching safepoint: 262643 ns, At safepoint: 10722 ns, Total: 273365 ns
[2022-06-18T08:43:41.028+0000][8][safepoint   ] Safepoint "Cleanup", Time since last: 1189360402 ns, Reaching safepoint: 119037 ns, At safepoint: 3426 ns, Total: 122463 ns
[2022-06-18T08:43:42.243+0000][8][safepoint   ] Safepoint "Cleanup", Time since last: 1215405860 ns, Reaching safepoint: 147048 ns, At safepoint: 5251 ns, Total: 152299 ns
[2022-06-18T08:43:43.247+0000][8][safepoint   ] Safepoint "Cleanup", Time since last: 1002953799 ns, Reaching safepoint: 218443 ns, At safepoint: 42804 ns, Total: 261247 ns
[2022-06-18T08:43:43.665+0000][8][safepoint   ] Safepoint "ICBufferFull", Time since last: 417703219 ns, Reaching safepoint: 524340 ns, At safepoint: 38781 ns, Total: 563121 ns
[2022-06-18T08:43:43.671+0000][8][safepoint   ] Safepoint "ICBufferFull", Time since last: 4973954 ns, Reaching safepoint: 1349091 ns, At safepoint: 97026 ns, Total: 1446117 ns
[2022-06-18T08:43:44.194+0000][8][safepoint   ] Safepoint "ICBufferFull", Time since last: 522416841 ns, Reaching safepoint: 765576 ns, At safepoint: 11351 ns, Total: 776927 ns
[2022-06-18T08:43:45.194+0000][8][safepoint   ] Safepoint "ICBufferFull", Time since last: 999273392 ns, Reaching safepoint: 410464 ns, At safepoint: 58276 ns, Total: 468740 ns
[2022-06-18T08:43:45.610+0000][8][safepoint   ] Safepoint "G1CollectForAllocation", Time since last: 415949035 ns, Reaching safepoint: 180084 ns, At safepoint: 9032 ns, Total: 189116 ns
[2022-06-18T08:43:45.613+0000][8][gc,start    ] GC(20) Pause Young (Normal) (GCLocker Initiated GC)
[2022-06-18T08:43:45.616+0000][8][gc,task     ] GC(20) Using 4 workers of 4 for evacuation
[2022-06-18T08:43:45.617+0000][8][gc,age      ] GC(20) Desired survivor size 20971520 bytes, new threshold 15 (max threshold 15)
[2022-06-18T08:43:45.659+0000][8][gc,phases   ] GC(20)   Pre Evacuate Collection Set: 0.2ms
[2022-06-18T08:43:45.664+0000][8][gc,phases   ] GC(20)   Merge Heap Roots: 0.2ms
[2022-06-18T08:43:45.664+0000][8][gc,phases   ] GC(20)   Evacuate Collection Set: 34.2ms
[2022-06-18T08:43:45.667+0000][8][gc,phases   ] GC(20)   Post Evacuate Collection Set: 7.0ms
[2022-06-18T08:43:45.669+0000][8][gc,phases   ] GC(20)   Other: 1.6ms
[2022-06-18T08:43:45.671+0000][8][gc,age      ] GC(20) Age table with threshold 15 (max threshold 15)
[2022-06-18T08:43:45.671+0000][8][gc,age      ] GC(20) - age   1:    4787360 bytes,    4787360 total
[2022-06-18T08:43:45.672+0000][8][gc,age      ] GC(20) - age   2:     722168 bytes,    5509528 total
[2022-06-18T08:43:45.673+0000][8][gc,age      ] GC(20) - age   3:    9660568 bytes,   15170096 total
[2022-06-18T08:43:45.674+0000][8][gc,age      ] GC(20) - age   4:    6881280 bytes,   22051376 total
[2022-06-18T08:43:45.675+0000][8][gc,heap     ] GC(20) Eden regions: 71->0(70)
[2022-06-18T08:43:45.677+0000][8][gc,heap     ] GC(20) Survivor regions: 5->6(10)
[2022-06-18T08:43:45.679+0000][8][gc,heap     ] GC(20) Old regions: 15->15
[2022-06-18T08:43:45.680+0000][8][gc,heap     ] GC(20) Archive regions: 2->2
[2022-06-18T08:43:45.681+0000][8][gc,heap     ] GC(20) Humongous regions: 0->0
[2022-06-18T08:43:45.681+0000][8][gc,metaspace] GC(20) Metaspace: 115539K(118720K)->115539K(118720K) NonClass: 99840K(101440K)->99840K(101440K) Class: 15699K(17280K)->15699K(17280K)
[2022-06-18T08:43:45.682+0000][8][gc          ] GC(20) Pause Young (Normal) (GCLocker Initiated GC) 364M->83M(512M) 68.937ms
[2022-06-18T08:43:45.683+0000][8][gc,cpu      ] GC(20) User=0.08s Sys=0.01s Real=0.07s
[2022-06-18T08:43:45.684+0000][8][safepoint   ] Safepoint "G1CollectForAllocation", Time since last: 2872927 ns, Reaching safepoint: 171164 ns, At safepoint: 70340729 ns, Total: 70511893 ns
[2022-06-18T08:43:46.446+0000][8][safepoint   ] Safepoint "ICBufferFull", Time since last: 762077256 ns, Reaching safepoint: 439908 ns, At safepoint: 52390 ns, Total: 492298 ns
[2022-06-18T08:43:46.819+0000][8][safepoint   ] Safepoint "ICBufferFull", Time since last: 372089134 ns, Reaching safepoint: 289001 ns, At safepoint: 28521 ns, Total: 317522 ns
[2022-06-18T08:43:47.228+0000][8][safepoint   ] Safepoint "ICBufferFull", Time since last: 408298728 ns, Reaching safepoint: 668971 ns, At safepoint: 33343 ns, Total: 702314 ns
[2022-06-18T08:43:47.538+0000][8][safepoint   ] Safepoint "ICBufferFull", Time since last: 309547729 ns, Reaching safepoint: 503503 ns, At safepoint: 34440 ns, Total: 537943 ns
[2022-06-18T08:43:49.122+0000][8][safepoint   ] Safepoint "Cleanup", Time since last: 1581812484 ns, Reaching safepoint: 2021312 ns, At safepoint: 46994 ns, Total: 2068306 ns
[2022-06-18T08:43:49.300+0000][8][safepoint   ] Safepoint "ICBufferFull", Time since last: 178169467 ns, Reaching safepoint: 255123 ns, At safepoint: 50587 ns, Total: 305710 ns
[2022-06-18T08:43:49.678+0000][8][safepoint   ] Safepoint "ICBufferFull", Time since last: 377639802 ns, Reaching safepoint: 526958 ns, At safepoint: 13964 ns, Total: 540922 ns
[2022-06-18T08:43:50.177+0000][8][safepoint   ] Safepoint "ICBufferFull", Time since last: 498256900 ns, Reaching safepoint: 267777 ns, At safepoint: 13008 ns, Total: 280785 ns
[2022-06-18T08:43:51.178+0000][8][safepoint   ] Safepoint "Cleanup", Time since last: 1000999105 ns, Reaching safepoint: 438370 ns, At safepoint: 17116 ns, Total: 455486 ns
[2022-06-18T08:43:52.181+0000][8][safepoint   ] Safepoint "Cleanup", Time since last: 1002111474 ns, Reaching safepoint: 251287 ns, At safepoint: 11130 ns, Total: 262417 ns
[2022-06-18T08:43:52.483+0000][8][safepoint   ] Safepoint "ICBufferFull", Time since last: 299460733 ns, Reaching safepoint: 2557449 ns, At safepoint: 86862 ns, Total: 2644311 ns
[2022-06-18T08:43:53.545+0000][8][safepoint   ] Safepoint "Cleanup", Time since last: 1061684878 ns, Reaching safepoint: 299287 ns, At safepoint: 37242 ns, Total: 336529 ns
[2022-06-18T08:43:54.550+0000][8][safepoint   ] Safepoint "Cleanup", Time since last: 1004670934 ns, Reaching safepoint: 295444 ns, At safepoint: 6474 ns, Total: 301918 ns
[2022-06-18T08:43:55.553+0000][8][safepoint   ] Safepoint "Cleanup", Time since last: 1002419364 ns, Reaching safepoint: 442934 ns, At safepoint: 13404 ns, Total: 456338 ns
[2022-06-18T08:43:56.555+0000][8][safepoint   ] Safepoint "Cleanup", Time since last: 1002420998 ns, Reaching safepoint: 261967 ns, At safepoint: 11726 ns, Total: 273693 ns
[2022-06-18T08:43:58.560+0000][8][safepoint   ] Safepoint "Cleanup", Time since last: 2004604742 ns, Reaching safepoint: 343154 ns, At safepoint: 10068 ns, Total: 353222 ns
[2022-06-18T08:43:59.564+0000][8][safepoint   ] Safepoint "Cleanup", Time since last: 1003062686 ns, Reaching safepoint: 230596 ns, At safepoint: 9961 ns, Total: 240557 ns
[2022-06-18T08:44:01.302+0000][8][gc,start    ] GC(21) Pause Young (Normal) (G1 Evacuation Pause)
[2022-06-18T08:44:01.303+0000][8][gc,task     ] GC(21) Using 4 workers of 4 for evacuation
[2022-06-18T08:44:01.305+0000][8][gc,age      ] GC(21) Desired survivor size 20971520 bytes, new threshold 4 (max threshold 15)
[2022-06-18T08:44:01.333+0000][8][gc,phases   ] GC(21)   Pre Evacuate Collection Set: 0.2ms
[2022-06-18T08:44:01.334+0000][8][gc,phases   ] GC(21)   Merge Heap Roots: 0.2ms
[2022-06-18T08:44:01.334+0000][8][gc,phases   ] GC(21)   Evacuate Collection Set: 23.9ms
[2022-06-18T08:44:01.335+0000][8][gc,phases   ] GC(21)   Post Evacuate Collection Set: 3.0ms
[2022-06-18T08:44:01.335+0000][8][gc,phases   ] GC(21)   Other: 2.1ms
[2022-06-18T08:44:01.336+0000][8][gc,age      ] GC(21) Age table with threshold 4 (max threshold 15)
[2022-06-18T08:44:01.337+0000][8][gc,age      ] GC(21) - age   1:    6979048 bytes,    6979048 total
[2022-06-18T08:44:01.338+0000][8][gc,age      ] GC(21) - age   2:    3606368 bytes,   10585416 total
[2022-06-18T08:44:01.338+0000][8][gc,age      ] GC(21) - age   3:     720312 bytes,   11305728 total
[2022-06-18T08:44:01.339+0000][8][gc,age      ] GC(21) - age   4:    9655832 bytes,   20961560 total
[2022-06-18T08:44:01.340+0000][8][gc,heap     ] GC(21) Eden regions: 70->0(70)
[2022-06-18T08:44:01.340+0000][8][gc,heap     ] GC(21) Survivor regions: 6->6(10)
[2022-06-18T08:44:01.341+0000][8][gc,heap     ] GC(21) Old regions: 15->16
[2022-06-18T08:44:01.341+0000][8][gc,heap     ] GC(21) Archive regions: 2->2
[2022-06-18T08:44:01.343+0000][8][gc,heap     ] GC(21) Humongous regions: 0->0
[2022-06-18T08:44:01.344+0000][8][gc,metaspace] GC(21) Metaspace: 123385K(126720K)->123385K(126720K) NonClass: 106703K(108416K)->106703K(108416K) Class: 16682K(18304K)->16682K(18304K)
[2022-06-18T08:44:01.345+0000][8][gc          ] GC(21) Pause Young (Normal) (G1 Evacuation Pause) 363M->89M(512M) 42.808ms
[2022-06-18T08:44:01.345+0000][8][gc,cpu      ] GC(21) User=0.09s Sys=0.01s Real=0.04s
[2022-06-18T08:44:01.348+0000][8][safepoint   ] Safepoint "G1CollectForAllocation", Time since last: 1737930200 ns, Reaching safepoint: 190123 ns, At safepoint: 45790622 ns, Total: 45980745 ns
[2022-06-18T08:44:02.375+0000][8][safepoint   ] Safepoint "Cleanup", Time since last: 1026631910 ns, Reaching safepoint: 666271 ns, At safepoint: 22899 ns, Total: 689170 ns
[2022-06-18T08:44:03.378+0000][8][safepoint   ] Safepoint "Cleanup", Time since last: 1002395101 ns, Reaching safepoint: 345679 ns, At safepoint: 11303 ns, Total: 356982 ns
[2022-06-18T08:44:04.379+0000][8][safepoint   ] Safepoint "Cleanup", Time since last: 1001452320 ns, Reaching safepoint: 233591 ns, At safepoint: 12680 ns, Total: 246271 ns
[2022-06-18T08:44:05.381+0000][8][safepoint   ] Safepoint "Cleanup", Time since last: 1001420501 ns, Reaching safepoint: 277910 ns, At safepoint: 12832 ns, Total: 290742 ns
[2022-06-18T08:44:06.383+0000][8][safepoint   ] Safepoint "Cleanup", Time since last: 1001671072 ns, Reaching safepoint: 161513 ns, At safepoint: 7554 ns, Total: 169067 ns
[2022-06-18T08:44:07.386+0000][8][safepoint   ] Safepoint "Cleanup", Time since last: 1003041381 ns, Reaching safepoint: 135569 ns, At safepoint: 7599 ns, Total: 143168 ns
[2022-06-18T08:44:08.389+0000][8][safepoint   ] Safepoint "Cleanup", Time since last: 1002571338 ns, Reaching safepoint: 220016 ns, At safepoint: 9334 ns, Total: 229350 ns
[2022-06-18T08:44:09.367+0000][8][safepoint   ] Safepoint "Cleanup", Time since last: 1003449114 ns, Reaching safepoint: 174454 ns, At safepoint: 127530 ns, Total: 301984 ns
[2022-06-18T08:44:10.369+0000][8][safepoint   ] Safepoint "Cleanup", Time since last: 1001748151 ns, Reaching safepoint: 320967 ns, At safepoint: 12687 ns, Total: 333654 ns
[2022-06-18T08:44:11.372+0000][8][safepoint   ] Safepoint "Cleanup", Time since last: 1002160555 ns, Reaching safepoint: 159172 ns, At safepoint: 9470 ns, Total: 168642 ns
[2022-06-18T08:44:12.374+0000][8][safepoint   ] Safepoint "Cleanup", Time since last: 1002397763 ns, Reaching safepoint: 231960 ns, At safepoint: 9913 ns, Total: 241873 ns
[2022-06-18T08:44:13.377+0000][8][safepoint   ] Safepoint "Cleanup", Time since last: 1002964483 ns, Reaching safepoint: 131028 ns, At safepoint: 28104 ns, Total: 159132 ns
[2022-06-18T08:44:14.381+0000][8][safepoint   ] Safepoint "Cleanup", Time since last: 1003280296 ns, Reaching safepoint: 185153 ns, At safepoint: 10290 ns, Total: 195443 ns
[2022-06-18T08:44:15.383+0000][8][safepoint   ] Safepoint "Cleanup", Time since last: 1001615431 ns, Reaching safepoint: 101912 ns, At safepoint: 6916 ns, Total: 108828 ns
[2022-06-18T08:44:16.313+0000][8][safepoint   ] Safepoint "ICBufferFull", Time since last: 930115972 ns, Reaching safepoint: 292465 ns, At safepoint: 49615 ns, Total: 342080 ns
[2022-06-18T08:44:17.315+0000][8][safepoint   ] Safepoint "Cleanup", Time since last: 1001483426 ns, Reaching safepoint: 142849 ns, At safepoint: 6328 ns, Total: 149177 ns
[2022-06-18T08:44:18.317+0000][8][safepoint   ] Safepoint "Cleanup", Time since last: 1002012477 ns, Reaching safepoint: 84570 ns, At safepoint: 9149 ns, Total: 93719 ns
[2022-06-18T08:44:19.320+0000][8][safepoint   ] Safepoint "Cleanup", Time since last: 1003179567 ns, Reaching safepoint: 442946 ns, At safepoint: 24639 ns, Total: 467585 ns
[2022-06-18T08:44:21.324+0000][8][safepoint   ] Safepoint "Cleanup", Time since last: 2002922095 ns, Reaching safepoint: 174081 ns, At safepoint: 9154 ns, Total: 183235 ns
[2022-06-18T08:44:22.326+0000][8][safepoint   ] Safepoint "Cleanup", Time since last: 1001691675 ns, Reaching safepoint: 1017429 ns, At safepoint: 40961 ns, Total: 1058390 ns
[2022-06-18T08:44:23.339+0000][8][safepoint   ] Safepoint "Cleanup", Time since last: 1012202283 ns, Reaching safepoint: 170741 ns, At safepoint: 9106 ns, Total: 179847 ns
[2022-06-18T08:44:24.342+0000][8][safepoint   ] Safepoint "Cleanup", Time since last: 1003498382 ns, Reaching safepoint: 239324 ns, At safepoint: 17621 ns, Total: 256945 ns
[2022-06-18T08:44:25.346+0000][8][safepoint   ] Safepoint "Cleanup", Time since last: 1003528015 ns, Reaching safepoint: 253763 ns, At safepoint: 28939 ns, Total: 282702 ns
[2022-06-18T08:44:26.348+0000][8][safepoint   ] Safepoint "Cleanup", Time since last: 1002081299 ns, Reaching safepoint: 145174 ns, At safepoint: 5666 ns, Total: 150840 ns
[2022-06-18T08:44:27.356+0000][8][safepoint   ] Safepoint "Cleanup", Time since last: 1007390826 ns, Reaching safepoint: 216210 ns, At safepoint: 4839 ns, Total: 221049 ns
[2022-06-18T08:44:28.362+0000][8][safepoint   ] Safepoint "Cleanup", Time since last: 1005256111 ns, Reaching safepoint: 186470 ns, At safepoint: 6969 ns, Total: 193439 ns
[2022-06-18T08:44:29.364+0000][8][safepoint   ] Safepoint "Cleanup", Time since last: 1001909717 ns, Reaching safepoint: 107250 ns, At safepoint: 6555 ns, Total: 113805 ns
[2022-06-18T08:44:31.366+0000][8][safepoint   ] Safepoint "Cleanup", Time since last: 2002145799 ns, Reaching safepoint: 93636 ns, At safepoint: 6477 ns, Total: 100113 ns
[2022-06-18T08:44:33.375+0000][8][safepoint   ] Safepoint "Cleanup", Time since last: 2008878128 ns, Reaching safepoint: 349798 ns, At safepoint: 12427 ns, Total: 362225 ns
[2022-06-18T08:44:34.377+0000][8][safepoint   ] Safepoint "Cleanup", Time since last: 1002139788 ns, Reaching safepoint: 158902 ns, At safepoint: 15796 ns, Total: 174698 ns
[2022-06-18T08:44:35.380+0000][8][safepoint   ] Safepoint "Cleanup", Time since last: 1002523526 ns, Reaching safepoint: 489739 ns, At safepoint: 21326 ns, Total: 511065 ns
[2022-06-18T08:44:36.384+0000][8][safepoint   ] Safepoint "Cleanup", Time since last: 1003039034 ns, Reaching safepoint: 95358 ns, At safepoint: 6616 ns, Total: 101974 ns
[2022-06-18T08:44:37.386+0000][8][safepoint   ] Safepoint "Cleanup", Time since last: 1002388132 ns, Reaching safepoint: 135291 ns, At safepoint: 14709 ns, Total: 150000 ns
[2022-06-18T08:44:38.388+0000][8][safepoint   ] Safepoint "Cleanup", Time since last: 1002062803 ns, Reaching safepoint: 74322 ns, At safepoint: 5272 ns, Total: 79594 ns
[2022-06-18T08:44:40.387+0000][8][safepoint   ] Safepoint "Cleanup", Time since last: 2020596763 ns, Reaching safepoint: 72842 ns, At safepoint: 28687 ns, Total: 101529 ns
[2022-06-18T08:44:41.395+0000][8][safepoint   ] Safepoint "Cleanup", Time since last: 1007742021 ns, Reaching safepoint: 213181 ns, At safepoint: 19225 ns, Total: 232406 ns
[2022-06-18T08:44:43.400+0000][8][safepoint   ] Safepoint "Cleanup", Time since last: 2004060271 ns, Reaching safepoint: 276725 ns, At safepoint: 11834 ns, Total: 288559 ns
[2022-06-18T08:44:44.402+0000][8][safepoint   ] Safepoint "Cleanup", Time since last: 1002591958 ns, Reaching safepoint: 117117 ns, At safepoint: 6192 ns, Total: 123309 ns
[2022-06-18T08:44:46.405+0000][8][safepoint   ] Safepoint "Cleanup", Time since last: 2002858866 ns, Reaching safepoint: 160979 ns, At safepoint: 4444 ns, Total: 165423 ns
[2022-06-18T08:44:47.409+0000][8][safepoint   ] Safepoint "Cleanup", Time since last: 1002139770 ns, Reaching safepoint: 1307433 ns, At safepoint: 21335 ns, Total: 1328768 ns
[2022-06-18T08:44:49.421+0000][8][safepoint   ] Safepoint "Cleanup", Time since last: 2012379535 ns, Reaching safepoint: 83727 ns, At safepoint: 4037 ns, Total: 87764 ns
[2022-06-18T08:44:50.424+0000][8][safepoint   ] Safepoint "Cleanup", Time since last: 1002456431 ns, Reaching safepoint: 165329 ns, At safepoint: 11190 ns, Total: 176519 ns
[2022-06-18T08:44:52.433+0000][8][safepoint   ] Safepoint "Cleanup", Time since last: 2008993352 ns, Reaching safepoint: 152025 ns, At safepoint: 6472 ns, Total: 158497 ns
[2022-06-18T08:44:53.491+0000][8][safepoint   ] Safepoint "Cleanup", Time since last: 1057925212 ns, Reaching safepoint: 150397 ns, At safepoint: 7916 ns, Total: 158313 ns
[2022-06-18T08:44:55.494+0000][8][safepoint   ] Safepoint "Cleanup", Time since last: 2002527804 ns, Reaching safepoint: 85277 ns, At safepoint: 3918 ns, Total: 89195 ns
[2022-06-18T08:44:56.497+0000][8][safepoint   ] Safepoint "Cleanup", Time since last: 1002873341 ns, Reaching safepoint: 224246 ns, At safepoint: 25390 ns, Total: 249636 ns
[2022-06-18T08:44:58.503+0000][8][safepoint   ] Safepoint "Cleanup", Time since last: 2005692375 ns, Reaching safepoint: 238188 ns, At safepoint: 10575 ns, Total: 248763 ns
[2022-06-18T08:44:59.508+0000][8][safepoint   ] Safepoint "Cleanup", Time since last: 1004577229 ns, Reaching safepoint: 334240 ns, At safepoint: 18880 ns, Total: 353120 ns
[2022-06-18T08:45:01.510+0000][8][safepoint   ] Safepoint "Cleanup", Time since last: 2001592375 ns, Reaching safepoint: 145026 ns, At safepoint: 7199 ns, Total: 152225 ns
[2022-06-18T08:45:02.511+0000][8][safepoint   ] Safepoint "Cleanup", Time since last: 1001518479 ns, Reaching safepoint: 118627 ns, At safepoint: 6161 ns, Total: 124788 ns
[2022-06-18T08:45:03.514+0000][8][safepoint   ] Safepoint "Cleanup", Time since last: 1002555353 ns, Reaching safepoint: 154176 ns, At safepoint: 7467 ns, Total: 161643 ns
[2022-06-18T08:45:04.518+0000][8][safepoint   ] Safepoint "Cleanup", Time since last: 1003901199 ns, Reaching safepoint: 225628 ns, At safepoint: 14952 ns, Total: 240580 ns
[2022-06-18T08:45:05.521+0000][8][safepoint   ] Safepoint "Cleanup", Time since last: 1003099118 ns, Reaching safepoint: 152811 ns, At safepoint: 20021 ns, Total: 172832 ns
[2022-06-18T08:45:06.524+0000][8][safepoint   ] Safepoint "Cleanup", Time since last: 1002059490 ns, Reaching safepoint: 481922 ns, At safepoint: 31676 ns, Total: 513598 ns
[2022-06-18T08:45:07.529+0000][8][safepoint   ] Safepoint "Cleanup", Time since last: 1004571523 ns, Reaching safepoint: 321037 ns, At safepoint: 6517 ns, Total: 327554 ns
[2022-06-18T08:45:10.276+0000][8][safepoint   ] Safepoint "Cleanup", Time since last: 2765467921 ns, Reaching safepoint: 96117 ns, At safepoint: 26676 ns, Total: 122793 ns
[2022-06-18T08:45:11.284+0000][8][safepoint   ] Safepoint "Cleanup", Time since last: 1008344486 ns, Reaching safepoint: 319563 ns, At safepoint: 8583 ns, Total: 328146 ns
[2022-06-18T08:45:12.292+0000][8][safepoint   ] Safepoint "Cleanup", Time since last: 1007076882 ns, Reaching safepoint: 313789 ns, At safepoint: 38849 ns, Total: 352638 ns
[2022-06-18T08:45:13.296+0000][8][safepoint   ] Safepoint "Cleanup", Time since last: 1003608823 ns, Reaching safepoint: 81690 ns, At safepoint: 23793 ns, Total: 105483 ns
[2022-06-18T08:45:14.299+0000][8][safepoint   ] Safepoint "Cleanup", Time since last: 1003526604 ns, Reaching safepoint: 174296 ns, At safepoint: 6945 ns, Total: 181241 ns
[2022-06-18T08:45:16.301+0000][8][safepoint   ] Safepoint "Cleanup", Time since last: 2001877001 ns, Reaching safepoint: 217905 ns, At safepoint: 14662 ns, Total: 232567 ns
[2022-06-18T08:45:17.568+0000][8][safepoint   ] Safepoint "Cleanup", Time since last: 1266326481 ns, Reaching safepoint: 706036 ns, At safepoint: 28815 ns, Total: 734851 ns
[2022-06-18T08:45:19.572+0000][8][safepoint   ] Safepoint "Cleanup", Time since last: 2003513013 ns, Reaching safepoint: 159060 ns, At safepoint: 20754 ns, Total: 179814 ns
[2022-06-18T08:45:22.533+0000][8][gc,start    ] GC(22) Pause Young (Normal) (G1 Evacuation Pause)
[2022-06-18T08:45:22.535+0000][8][gc,task     ] GC(22) Using 4 workers of 4 for evacuation
[2022-06-18T08:45:22.536+0000][8][gc,age      ] GC(22) Desired survivor size 20971520 bytes, new threshold 15 (max threshold 15)
[2022-06-18T08:45:22.558+0000][8][gc,phases   ] GC(22)   Pre Evacuate Collection Set: 0.4ms
[2022-06-18T08:45:22.559+0000][8][gc,phases   ] GC(22)   Merge Heap Roots: 0.3ms
[2022-06-18T08:45:22.561+0000][8][gc,phases   ] GC(22)   Evacuate Collection Set: 17.2ms
[2022-06-18T08:45:22.561+0000][8][gc,phases   ] GC(22)   Post Evacuate Collection Set: 3.1ms
[2022-06-18T08:45:22.562+0000][8][gc,phases   ] GC(22)   Other: 2.6ms
[2022-06-18T08:45:22.563+0000][8][gc,age      ] GC(22) Age table with threshold 15 (max threshold 15)
[2022-06-18T08:45:22.564+0000][8][gc,age      ] GC(22) - age   1:    1943480 bytes,    1943480 total
[2022-06-18T08:45:22.566+0000][8][gc,age      ] GC(22) - age   2:    5084904 bytes,    7028384 total
[2022-06-18T08:45:22.568+0000][8][gc,age      ] GC(22) - age   3:    3604544 bytes,   10632928 total
[2022-06-18T08:45:22.568+0000][8][gc,age      ] GC(22) - age   4:     716208 bytes,   11349136 total
[2022-06-18T08:45:22.569+0000][8][gc,age      ] GC(22) - age   5:    9581864 bytes,   20931000 total
[2022-06-18T08:45:22.569+0000][8][gc,heap     ] GC(22) Eden regions: 70->0(70)
[2022-06-18T08:45:22.570+0000][8][gc,heap     ] GC(22) Survivor regions: 6->6(10)
[2022-06-18T08:45:22.570+0000][8][gc,heap     ] GC(22) Old regions: 16->16
[2022-06-18T08:45:22.571+0000][8][gc,heap     ] GC(22) Archive regions: 2->2
[2022-06-18T08:45:22.572+0000][8][gc,heap     ] GC(22) Humongous regions: 0->0
[2022-06-18T08:45:22.572+0000][8][gc,metaspace] GC(22) Metaspace: 124718K(128064K)->124718K(128064K) NonClass: 108015K(109696K)->108015K(109696K) Class: 16702K(18368K)->16702K(18368K)
[2022-06-18T08:45:22.573+0000][8][gc          ] GC(22) Pause Young (Normal) (G1 Evacuation Pause) 369M->88M(512M) 39.448ms
[2022-06-18T08:45:22.575+0000][8][gc,cpu      ] GC(22) User=0.06s Sys=0.00s Real=0.04s
[2022-06-18T08:45:22.576+0000][8][safepoint   ] Safepoint "G1CollectForAllocation", Time since last: 2960843405 ns, Reaching safepoint: 210818 ns, At safepoint: 42750274 ns, Total: 42961092 ns
[2022-06-18T08:45:23.580+0000][8][safepoint   ] Safepoint "Cleanup", Time since last: 1003127042 ns, Reaching safepoint: 481436 ns, At safepoint: 29043 ns, Total: 510479 ns
[2022-06-18T08:45:24.583+0000][8][safepoint   ] Safepoint "Cleanup", Time since last: 1003573370 ns, Reaching safepoint: 244816 ns, At safepoint: 12858 ns, Total: 257674 ns
[2022-06-18T08:45:25.591+0000][8][safepoint   ] Safepoint "Cleanup", Time since last: 1007627367 ns, Reaching safepoint: 361952 ns, At safepoint: 19527 ns, Total: 381479 ns
[2022-06-18T08:45:26.594+0000][8][safepoint   ] Safepoint "Cleanup", Time since last: 1002136909 ns, Reaching safepoint: 650390 ns, At safepoint: 21796 ns, Total: 672186 ns
[2022-06-18T08:45:28.598+0000][8][safepoint   ] Safepoint "Cleanup", Time since last: 2003032883 ns, Reaching safepoint: 262175 ns, At safepoint: 11905 ns, Total: 274080 ns
[2022-06-18T08:45:30.603+0000][8][safepoint   ] Safepoint "Cleanup", Time since last: 2004946885 ns, Reaching safepoint: 289925 ns, At safepoint: 24207 ns, Total: 314132 ns
[2022-06-18T08:45:31.608+0000][8][safepoint   ] Safepoint "Cleanup", Time since last: 1004602633 ns, Reaching safepoint: 466819 ns, At safepoint: 18138 ns, Total: 484957 ns
[2022-06-18T08:45:33.613+0000][8][safepoint   ] Safepoint "Cleanup", Time since last: 2003941597 ns, Reaching safepoint: 816564 ns, At safepoint: 30098 ns, Total: 846662 ns
[2022-06-18T08:45:35.245+0000][8][safepoint   ] Safepoint "Cleanup", Time since last: 1632291329 ns, Reaching safepoint: 249083 ns, At safepoint: 16906 ns, Total: 265989 ns
[2022-06-18T08:45:37.248+0000][8][safepoint   ] Safepoint "Cleanup", Time since last: 2002451807 ns, Reaching safepoint: 600249 ns, At safepoint: 26318 ns, Total: 626567 ns
[2022-06-18T08:45:38.251+0000][8][safepoint   ] Safepoint "Cleanup", Time since last: 1002054849 ns, Reaching safepoint: 235750 ns, At safepoint: 11505 ns, Total: 247255 ns
[2022-06-18T08:45:40.235+0000][8][safepoint   ] Safepoint "Cleanup", Time since last: 2002508163 ns, Reaching safepoint: 2460895 ns, At safepoint: 60300 ns, Total: 2521195 ns
[2022-06-18T08:45:41.237+0000][8][safepoint   ] Safepoint "Cleanup", Time since last: 1001095733 ns, Reaching safepoint: 394582 ns, At safepoint: 16977 ns, Total: 411559 ns
[2022-06-18T08:45:43.239+0000][8][safepoint   ] Safepoint "Cleanup", Time since last: 2002146643 ns, Reaching safepoint: 133534 ns, At safepoint: 4929 ns, Total: 138463 ns
[2022-06-18T08:45:44.241+0000][8][safepoint   ] Safepoint "Cleanup", Time since last: 1001487680 ns, Reaching safepoint: 236295 ns, At safepoint: 10831 ns, Total: 247126 ns
[2022-06-18T08:45:46.243+0000][8][safepoint   ] Safepoint "Cleanup", Time since last: 2001928762 ns, Reaching safepoint: 82994 ns, At safepoint: 6893 ns, Total: 89887 ns
[2022-06-18T08:45:47.246+0000][8][safepoint   ] Safepoint "Cleanup", Time since last: 1003161819 ns, Reaching safepoint: 107489 ns, At safepoint: 8158 ns, Total: 115647 ns
[2022-06-18T08:45:49.251+0000][8][safepoint   ] Safepoint "Cleanup", Time since last: 2004725771 ns, Reaching safepoint: 93532 ns, At safepoint: 14430 ns, Total: 107962 ns
[2022-06-18T08:45:50.260+0000][8][safepoint   ] Safepoint "Cleanup", Time since last: 1008799762 ns, Reaching safepoint: 208181 ns, At safepoint: 14221 ns, Total: 222402 ns
[2022-06-18T08:45:51.262+0000][8][safepoint   ] Safepoint "Cleanup", Time since last: 1001733564 ns, Reaching safepoint: 76478 ns, At safepoint: 4423 ns, Total: 80901 ns
[2022-06-18T08:45:52.263+0000][8][safepoint   ] Safepoint "Cleanup", Time since last: 1001332167 ns, Reaching safepoint: 61738 ns, At safepoint: 4582 ns, Total: 66320 ns
[2022-06-18T08:45:53.265+0000][8][safepoint   ] Safepoint "Cleanup", Time since last: 1001554136 ns, Reaching safepoint: 197777 ns, At safepoint: 37106 ns, Total: 234883 ns
[2022-06-18T08:45:54.268+0000][8][safepoint   ] Safepoint "Cleanup", Time since last: 1002069057 ns, Reaching safepoint: 322488 ns, At safepoint: 21598 ns, Total: 344086 ns
[2022-06-18T08:45:55.269+0000][8][safepoint   ] Safepoint "Cleanup", Time since last: 1001699678 ns, Reaching safepoint: 56804 ns, At safepoint: 2667 ns, Total: 59471 ns
[2022-06-18T08:45:56.271+0000][8][safepoint   ] Safepoint "Cleanup", Time since last: 1001710265 ns, Reaching safepoint: 164472 ns, At safepoint: 8858 ns, Total: 173330 ns
[2022-06-18T08:45:58.275+0000][8][safepoint   ] Safepoint "Cleanup", Time since last: 2003544576 ns, Reaching safepoint: 54736 ns, At safepoint: 2930 ns, Total: 57666 ns
[2022-06-18T08:45:59.276+0000][8][safepoint   ] Safepoint "Cleanup", Time since last: 1001526900 ns, Reaching safepoint: 110842 ns, At safepoint: 7670 ns, Total: 118512 ns
[2022-06-18T08:46:01.279+0000][8][safepoint   ] Safepoint "Cleanup", Time since last: 2002517149 ns, Reaching safepoint: 54073 ns, At safepoint: 30772 ns, Total: 84845 ns
[2022-06-18T08:46:02.280+0000][8][safepoint   ] Safepoint "Cleanup", Time since last: 1001331060 ns, Reaching safepoint: 85889 ns, At safepoint: 5851 ns, Total: 91740 ns
[2022-06-18T08:46:04.285+0000][8][safepoint   ] Safepoint "Cleanup", Time since last: 2003617336 ns, Reaching safepoint: 505154 ns, At safepoint: 25130 ns, Total: 530284 ns
[2022-06-18T08:46:05.287+0000][8][safepoint   ] Safepoint "Cleanup", Time since last: 1002023220 ns, Reaching safepoint: 148276 ns, At safepoint: 5934 ns, Total: 154210 ns
[2022-06-18T08:46:07.290+0000][8][safepoint   ] Safepoint "Cleanup", Time since last: 2003108890 ns, Reaching safepoint: 139098 ns, At safepoint: 7690 ns, Total: 146788 ns
[2022-06-18T08:46:08.292+0000][8][safepoint   ] Safepoint "Cleanup", Time since last: 1002041296 ns, Reaching safepoint: 68547 ns, At safepoint: 5702 ns, Total: 74249 ns
[2022-06-18T08:46:10.271+0000][8][safepoint   ] Safepoint "Cleanup", Time since last: 2004630750 ns, Reaching safepoint: 113702 ns, At safepoint: 9278 ns, Total: 122980 ns
[2022-06-18T08:46:11.273+0000][8][safepoint   ] Safepoint "Cleanup", Time since last: 1001641090 ns, Reaching safepoint: 121994 ns, At safepoint: 320870 ns, Total: 442864 ns
[2022-06-18T08:46:13.275+0000][8][safepoint   ] Safepoint "Cleanup", Time since last: 2001984209 ns, Reaching safepoint: 136521 ns, At safepoint: 7317 ns, Total: 143838 ns
[2022-06-18T08:46:14.278+0000][8][safepoint   ] Safepoint "Cleanup", Time since last: 1003026371 ns, Reaching safepoint: 78642 ns, At safepoint: 6323 ns, Total: 84965 ns
[2022-06-18T08:46:16.282+0000][8][safepoint   ] Safepoint "Cleanup", Time since last: 2002437339 ns, Reaching safepoint: 1431224 ns, At safepoint: 53215 ns, Total: 1484439 ns
[2022-06-18T08:46:17.286+0000][8][safepoint   ] Safepoint "Cleanup", Time since last: 1003759626 ns, Reaching safepoint: 115590 ns, At safepoint: 6124 ns, Total: 121714 ns
[2022-06-18T08:46:19.289+0000][8][safepoint   ] Safepoint "Cleanup", Time since last: 2003014226 ns, Reaching safepoint: 165543 ns, At safepoint: 10111 ns, Total: 175654 ns
[2022-06-18T08:46:21.293+0000][8][safepoint   ] Safepoint "Cleanup", Time since last: 2003313136 ns, Reaching safepoint: 250785 ns, At safepoint: 14761 ns, Total: 265546 ns
[2022-06-18T08:46:22.298+0000][8][safepoint   ] Safepoint "Cleanup", Time since last: 1004930691 ns, Reaching safepoint: 54462 ns, At safepoint: 3263 ns, Total: 57725 ns
[2022-06-18T08:46:25.321+0000][8][safepoint   ] Safepoint "Cleanup", Time since last: 3023431682 ns, Reaching safepoint: 56967 ns, At safepoint: 3260 ns, Total: 60227 ns
[2022-06-18T08:46:26.323+0000][8][safepoint   ] Safepoint "Cleanup", Time since last: 1001951360 ns, Reaching safepoint: 146428 ns, At safepoint: 10347 ns, Total: 156775 ns
[2022-06-18T08:46:27.328+0000][8][safepoint   ] Safepoint "Cleanup", Time since last: 1004525194 ns, Reaching safepoint: 198060 ns, At safepoint: 24687 ns, Total: 222747 ns
[2022-06-18T08:46:28.330+0000][8][safepoint   ] Safepoint "Cleanup", Time since last: 1001827110 ns, Reaching safepoint: 197926 ns, At safepoint: 25608 ns, Total: 223534 ns
[2022-06-18T08:46:29.339+0000][8][safepoint   ] Safepoint "Cleanup", Time since last: 1008457220 ns, Reaching safepoint: 406552 ns, At safepoint: 22174 ns, Total: 428726 ns
[2022-06-18T08:46:31.346+0000][8][safepoint   ] Safepoint "Cleanup", Time since last: 2007267891 ns, Reaching safepoint: 56666 ns, At safepoint: 3511 ns, Total: 60177 ns
[2022-06-18T08:46:34.363+0000][8][safepoint   ] Safepoint "Cleanup", Time since last: 3016533431 ns, Reaching safepoint: 116709 ns, At safepoint: 8547 ns, Total: 125256 ns
[2022-06-18T08:46:35.368+0000][8][safepoint   ] Safepoint "Cleanup", Time since last: 1005039964 ns, Reaching safepoint: 274162 ns, At safepoint: 19320 ns, Total: 293482 ns
[2022-06-18T08:46:37.375+0000][8][safepoint   ] Safepoint "Cleanup", Time since last: 2006706553 ns, Reaching safepoint: 105785 ns, At safepoint: 3666 ns, Total: 109451 ns
[2022-06-18T08:46:40.368+0000][8][safepoint   ] Safepoint "Cleanup", Time since last: 3009822540 ns, Reaching safepoint: 409045 ns, At safepoint: 13320 ns, Total: 422365 ns
[2022-06-18T08:46:41.370+0000][8][safepoint   ] Safepoint "Cleanup", Time since last: 1001317611 ns, Reaching safepoint: 328970 ns, At safepoint: 14069 ns, Total: 343039 ns
[2022-06-18T08:46:43.158+0000][8][gc,start    ] GC(23) Pause Young (Normal) (G1 Evacuation Pause)
[2022-06-18T08:46:43.162+0000][8][gc,task     ] GC(23) Using 4 workers of 4 for evacuation
[2022-06-18T08:46:43.168+0000][8][gc,age      ] GC(23) Desired survivor size 20971520 bytes, new threshold 15 (max threshold 15)
[2022-06-18T08:46:43.228+0000][8][gc,phases   ] GC(23)   Pre Evacuate Collection Set: 0.3ms
[2022-06-18T08:46:43.238+0000][8][gc,phases   ] GC(23)   Merge Heap Roots: 0.6ms
[2022-06-18T08:46:43.240+0000][8][gc,phases   ] GC(23)   Evacuate Collection Set: 50.4ms
[2022-06-18T08:46:43.243+0000][8][gc,phases   ] GC(23)   Post Evacuate Collection Set: 4.4ms
[2022-06-18T08:46:43.245+0000][8][gc,phases   ] GC(23)   Other: 10.9ms
[2022-06-18T08:46:43.248+0000][8][gc,age      ] GC(23) Age table with threshold 15 (max threshold 15)
[2022-06-18T08:46:43.249+0000][8][gc,age      ] GC(23) - age   1:    1215304 bytes,    1215304 total
[2022-06-18T08:46:43.251+0000][8][gc,age      ] GC(23) - age   2:     418104 bytes,    1633408 total
[2022-06-18T08:46:43.252+0000][8][gc,age      ] GC(23) - age   3:    5075480 bytes,    6708888 total
[2022-06-18T08:46:43.253+0000][8][gc,age      ] GC(23) - age   4:    3604544 bytes,   10313432 total
[2022-06-18T08:46:43.253+0000][8][gc,age      ] GC(23) - age   5:     716208 bytes,   11029640 total
[2022-06-18T08:46:43.254+0000][8][gc,age      ] GC(23) - age   6:    9581864 bytes,   20611504 total
[2022-06-18T08:46:43.255+0000][8][gc,heap     ] GC(23) Eden regions: 70->0(70)
[2022-06-18T08:46:43.256+0000][8][gc,heap     ] GC(23) Survivor regions: 6->6(10)
[2022-06-18T08:46:43.257+0000][8][gc,heap     ] GC(23) Old regions: 16->16
[2022-06-18T08:46:43.257+0000][8][gc,heap     ] GC(23) Archive regions: 2->2
[2022-06-18T08:46:43.258+0000][8][gc,heap     ] GC(23) Humongous regions: 0->0
[2022-06-18T08:46:43.260+0000][8][gc,metaspace] GC(23) Metaspace: 125441K(128832K)->125441K(128832K) NonClass: 108737K(110464K)->108737K(110464K) Class: 16703K(18368K)->16703K(18368K)
[2022-06-18T08:46:43.261+0000][8][gc          ] GC(23) Pause Young (Normal) (G1 Evacuation Pause) 368M->89M(512M) 103.129ms
[2022-06-18T08:46:43.265+0000][8][gc,cpu      ] GC(23) User=0.17s Sys=0.01s Real=0.10s
[2022-06-18T08:46:43.266+0000][8][safepoint   ] Safepoint "G1CollectForAllocation", Time since last: 1787171667 ns, Reaching safepoint: 659512 ns, At safepoint: 108137922 ns, Total: 108797434 ns
[2022-06-18T08:46:44.273+0000][8][safepoint   ] Safepoint "Cleanup", Time since last: 1007120065 ns, Reaching safepoint: 159044 ns, At safepoint: 7243 ns, Total: 166287 ns
[2022-06-18T08:46:46.276+0000][8][safepoint   ] Safepoint "Cleanup", Time since last: 2002933302 ns, Reaching safepoint: 155037 ns, At safepoint: 6442 ns, Total: 161479 ns
[2022-06-18T08:46:49.281+0000][8][safepoint   ] Safepoint "Cleanup", Time since last: 3004517972 ns, Reaching safepoint: 123681 ns, At safepoint: 34113 ns, Total: 157794 ns
[2022-06-18T08:46:50.285+0000][8][safepoint   ] Safepoint "Cleanup", Time since last: 1003450436 ns, Reaching safepoint: 371448 ns, At safepoint: 26722 ns, Total: 398170 ns
[2022-06-18T08:46:52.295+0000][8][safepoint   ] Safepoint "Cleanup", Time since last: 2009619665 ns, Reaching safepoint: 241244 ns, At safepoint: 75997 ns, Total: 317241 ns
[2022-06-18T08:46:53.299+0000][8][safepoint   ] Safepoint "Cleanup", Time since last: 1004001019 ns, Reaching safepoint: 106081 ns, At safepoint: 7159 ns, Total: 113240 ns
[2022-06-18T08:46:55.304+0000][8][safepoint   ] Safepoint "Cleanup", Time since last: 2004149556 ns, Reaching safepoint: 434686 ns, At safepoint: 99705 ns, Total: 534391 ns
[2022-06-18T08:46:56.306+0000][8][safepoint   ] Safepoint "Cleanup", Time since last: 1002084464 ns, Reaching safepoint: 187169 ns, At safepoint: 5408 ns, Total: 192577 ns
[2022-06-18T08:46:58.308+0000][8][safepoint   ] Safepoint "Cleanup", Time since last: 2001929564 ns, Reaching safepoint: 174857 ns, At safepoint: 11592 ns, Total: 186449 ns
[2022-06-18T08:46:59.311+0000][8][safepoint   ] Safepoint "Cleanup", Time since last: 1002335849 ns, Reaching safepoint: 416503 ns, At safepoint: 13567 ns, Total: 430070 ns
[2022-06-18T08:47:01.318+0000][8][safepoint   ] Safepoint "Cleanup", Time since last: 2006548614 ns, Reaching safepoint: 241009 ns, At safepoint: 11953 ns, Total: 252962 ns
[2022-06-18T08:47:02.320+0000][8][safepoint   ] Safepoint "Cleanup", Time since last: 1002373607 ns, Reaching safepoint: 106561 ns, At safepoint: 4457 ns, Total: 111018 ns
[2022-06-18T08:47:03.323+0000][8][safepoint   ] Safepoint "Cleanup", Time since last: 1003148557 ns, Reaching safepoint: 167492 ns, At safepoint: 7930 ns, Total: 175422 ns
[2022-06-18T08:47:04.327+0000][8][safepoint   ] Safepoint "Cleanup", Time since last: 1003329519 ns, Reaching safepoint: 247114 ns, At safepoint: 6892 ns, Total: 254006 ns
[2022-06-18T08:47:07.334+0000][8][safepoint   ] Safepoint "Cleanup", Time since last: 3005853575 ns, Reaching safepoint: 1439071 ns, At safepoint: 51097 ns, Total: 1490168 ns
[2022-06-18T08:47:08.338+0000][8][safepoint   ] Safepoint "Cleanup", Time since last: 1003551336 ns, Reaching safepoint: 166714 ns, At safepoint: 10799 ns, Total: 177513 ns
[2022-06-18T08:47:10.318+0000][8][safepoint   ] Safepoint "Cleanup", Time since last: 2002570590 ns, Reaching safepoint: 223602 ns, At safepoint: 11256 ns, Total: 234858 ns
[2022-06-18T08:47:11.322+0000][8][safepoint   ] Safepoint "Cleanup", Time since last: 1003158741 ns, Reaching safepoint: 221465 ns, At safepoint: 11243 ns, Total: 232708 ns
[2022-06-18T08:47:13.327+0000][8][safepoint   ] Safepoint "Cleanup", Time since last: 2004897027 ns, Reaching safepoint: 324087 ns, At safepoint: 12520 ns, Total: 336607 ns
[2022-06-18T08:47:14.480+0000][8][safepoint   ] Safepoint "Cleanup", Time since last: 1151759492 ns, Reaching safepoint: 933031 ns, At safepoint: 18336 ns, Total: 951367 ns
[2022-06-18T08:47:17.133+0000][8][safepoint   ] Safepoint "Cleanup", Time since last: 2652994023 ns, Reaching safepoint: 91689 ns, At safepoint: 4269 ns, Total: 95958 ns
[2022-06-18T08:47:18.137+0000][8][safepoint   ] Safepoint "Cleanup", Time since last: 1003583212 ns, Reaching safepoint: 384569 ns, At safepoint: 8741 ns, Total: 393310 ns
[2022-06-18T08:47:19.139+0000][8][safepoint   ] Safepoint "Cleanup", Time since last: 1001755148 ns, Reaching safepoint: 124240 ns, At safepoint: 6207 ns, Total: 130447 ns
[2022-06-18T08:47:20.143+0000][8][safepoint   ] Safepoint "Cleanup", Time since last: 1003862650 ns, Reaching safepoint: 179681 ns, At safepoint: 5642 ns, Total: 185323 ns
[2022-06-18T08:47:21.148+0000][8][safepoint   ] Safepoint "Cleanup", Time since last: 1004680990 ns, Reaching safepoint: 105779 ns, At safepoint: 6311 ns, Total: 112090 ns
[2022-06-18T08:47:22.161+0000][8][safepoint   ] Safepoint "Cleanup", Time since last: 1013463303 ns, Reaching safepoint: 133884 ns, At safepoint: 11787 ns, Total: 145671 ns
[2022-06-18T08:47:24.163+0000][8][safepoint   ] Safepoint "Cleanup", Time since last: 2002144311 ns, Reaching safepoint: 178673 ns, At safepoint: 7764 ns, Total: 186437 ns
[2022-06-18T08:47:26.166+0000][8][safepoint   ] Safepoint "Cleanup", Time since last: 2002159783 ns, Reaching safepoint: 183901 ns, At safepoint: 6907 ns, Total: 190808 ns
[2022-06-18T08:47:28.168+0000][8][safepoint   ] Safepoint "Cleanup", Time since last: 2002547136 ns, Reaching safepoint: 53348 ns, At safepoint: 4045 ns, Total: 57393 ns
[2022-06-18T08:47:32.173+0000][8][safepoint   ] Safepoint "Cleanup", Time since last: 4004391827 ns, Reaching safepoint: 109020 ns, At safepoint: 7016 ns, Total: 116036 ns
[2022-06-18T08:47:33.176+0000][8][safepoint   ] Safepoint "Cleanup", Time since last: 1002866159 ns, Reaching safepoint: 286101 ns, At safepoint: 109114 ns, Total: 395215 ns
[2022-06-18T08:47:34.178+0000][8][safepoint   ] Safepoint "Cleanup", Time since last: 1001778056 ns, Reaching safepoint: 69104 ns, At safepoint: 4955 ns, Total: 74059 ns
[2022-06-18T08:47:37.181+0000][8][safepoint   ] Safepoint "Cleanup", Time since last: 3002185320 ns, Reaching safepoint: 293979 ns, At safepoint: 36152 ns, Total: 330131 ns
[2022-06-18T08:47:38.183+0000][8][safepoint   ] Safepoint "Cleanup", Time since last: 1002026347 ns, Reaching safepoint: 124890 ns, At safepoint: 9842 ns, Total: 134732 ns
[2022-06-18T08:47:39.165+0000][8][safepoint   ] Safepoint "Cleanup", Time since last: 1004128652 ns, Reaching safepoint: 173712 ns, At safepoint: 9486 ns, Total: 183198 ns
[2022-06-18T08:47:40.171+0000][8][safepoint   ] Safepoint "Cleanup", Time since last: 1005323409 ns, Reaching safepoint: 436486 ns, At safepoint: 27148 ns, Total: 463634 ns
[2022-06-18T08:47:43.178+0000][8][safepoint   ] Safepoint "Cleanup", Time since last: 3006582148 ns, Reaching safepoint: 368722 ns, At safepoint: 12038 ns, Total: 380760 ns
[2022-06-18T08:47:44.190+0000][8][safepoint   ] Safepoint "Cleanup", Time since last: 1011832750 ns, Reaching safepoint: 145139 ns, At safepoint: 9853 ns, Total: 154992 ns
[2022-06-18T08:47:46.192+0000][8][safepoint   ] Safepoint "Cleanup", Time since last: 2002604049 ns, Reaching safepoint: 63810 ns, At safepoint: 4521 ns, Total: 68331 ns
[2022-06-18T08:47:49.196+0000][8][safepoint   ] Safepoint "Cleanup", Time since last: 3003364966 ns, Reaching safepoint: 57205 ns, At safepoint: 3646 ns, Total: 60851 ns
[2022-06-18T08:47:50.199+0000][8][safepoint   ] Safepoint "Cleanup", Time since last: 1002865486 ns, Reaching safepoint: 120885 ns, At safepoint: 10155 ns, Total: 131040 ns
[2022-06-18T08:47:52.204+0000][8][safepoint   ] Safepoint "Cleanup", Time since last: 2005496058 ns, Reaching safepoint: 98544 ns, At safepoint: 6752 ns, Total: 105296 ns
[2022-06-18T08:47:53.221+0000][8][safepoint   ] Safepoint "Cleanup", Time since last: 1016371999 ns, Reaching safepoint: 94098 ns, At safepoint: 29218 ns, Total: 123316 ns
[2022-06-18T08:47:54.271+0000][8][safepoint   ] Safepoint "Cleanup", Time since last: 1049839253 ns, Reaching safepoint: 94490 ns, At safepoint: 5462 ns, Total: 99952 ns
[2022-06-18T08:47:55.272+0000][8][safepoint   ] Safepoint "Cleanup", Time since last: 1001536827 ns, Reaching safepoint: 87422 ns, At safepoint: 4661 ns, Total: 92083 ns
[2022-06-18T08:47:56.275+0000][8][safepoint   ] Safepoint "Cleanup", Time since last: 1002621259 ns, Reaching safepoint: 104975 ns, At safepoint: 8398 ns, Total: 113373 ns
[2022-06-18T08:47:58.280+0000][8][safepoint   ] Safepoint "Cleanup", Time since last: 2004210963 ns, Reaching safepoint: 149232 ns, At safepoint: 8656 ns, Total: 157888 ns
[2022-06-18T08:48:01.284+0000][8][safepoint   ] Safepoint "Cleanup", Time since last: 3004504483 ns, Reaching safepoint: 159059 ns, At safepoint: 15499 ns, Total: 174558 ns
[2022-06-18T08:48:02.287+0000][8][safepoint   ] Safepoint "Cleanup", Time since last: 1002269821 ns, Reaching safepoint: 72330 ns, At safepoint: 5978 ns, Total: 78308 ns
[2022-06-18T08:48:04.288+0000][8][safepoint   ] Safepoint "Cleanup", Time since last: 2001638126 ns, Reaching safepoint: 87872 ns, At safepoint: 3677 ns, Total: 91549 ns
[2022-06-18T08:48:04.471+0000][8][gc,start    ] GC(24) Pause Young (Normal) (G1 Evacuation Pause)
[2022-06-18T08:48:04.472+0000][8][gc,task     ] GC(24) Using 4 workers of 4 for evacuation
[2022-06-18T08:48:04.473+0000][8][gc,age      ] GC(24) Desired survivor size 20971520 bytes, new threshold 15 (max threshold 15)
[2022-06-18T08:48:04.496+0000][8][gc,phases   ] GC(24)   Pre Evacuate Collection Set: 0.1ms
[2022-06-18T08:48:04.497+0000][8][gc,phases   ] GC(24)   Merge Heap Roots: 0.4ms
[2022-06-18T08:48:04.498+0000][8][gc,phases   ] GC(24)   Evacuate Collection Set: 19.2ms
[2022-06-18T08:48:04.500+0000][8][gc,phases   ] GC(24)   Post Evacuate Collection Set: 1.9ms
[2022-06-18T08:48:04.501+0000][8][gc,phases   ] GC(24)   Other: 2.4ms
[2022-06-18T08:48:04.501+0000][8][gc,age      ] GC(24) Age table with threshold 15 (max threshold 15)
[2022-06-18T08:48:04.502+0000][8][gc,age      ] GC(24) - age   1:    2125896 bytes,    2125896 total
[2022-06-18T08:48:04.502+0000][8][gc,age      ] GC(24) - age   2:      33808 bytes,    2159704 total
[2022-06-18T08:48:04.503+0000][8][gc,age      ] GC(24) - age   3:     185392 bytes,    2345096 total
[2022-06-18T08:48:04.504+0000][8][gc,age      ] GC(24) - age   4:    4602936 bytes,    6948032 total
[2022-06-18T08:48:04.504+0000][8][gc,age      ] GC(24) - age   5:    3604368 bytes,   10552400 total
[2022-06-18T08:48:04.505+0000][8][gc,age      ] GC(24) - age   6:     716208 bytes,   11268608 total
[2022-06-18T08:48:04.505+0000][8][gc,age      ] GC(24) - age   7:    9581864 bytes,   20850472 total
[2022-06-18T08:48:04.506+0000][8][gc,heap     ] GC(24) Eden regions: 70->0(70)
[2022-06-18T08:48:04.506+0000][8][gc,heap     ] GC(24) Survivor regions: 6->6(10)
[2022-06-18T08:48:04.507+0000][8][gc,heap     ] GC(24) Old regions: 16->16
[2022-06-18T08:48:04.507+0000][8][gc,heap     ] GC(24) Archive regions: 2->2
[2022-06-18T08:48:04.508+0000][8][gc,heap     ] GC(24) Humongous regions: 0->0
[2022-06-18T08:48:04.509+0000][8][gc,metaspace] GC(24) Metaspace: 126286K(129728K)->126286K(129728K) NonClass: 109533K(111296K)->109533K(111296K) Class: 16753K(18432K)->16753K(18432K)
[2022-06-18T08:48:04.509+0000][8][gc          ] GC(24) Pause Young (Normal) (G1 Evacuation Pause) 369M->89M(512M) 37.816ms
[2022-06-18T08:48:04.510+0000][8][gc,cpu      ] GC(24) User=0.05s Sys=0.01s Real=0.04s
[2022-06-18T08:48:04.511+0000][8][safepoint   ] Safepoint "G1CollectForAllocation", Time since last: 183091690 ns, Reaching safepoint: 53964 ns, At safepoint: 39138812 ns, Total: 39192776 ns
[2022-06-18T08:48:05.516+0000][8][safepoint   ] Safepoint "Cleanup", Time since last: 1004422687 ns, Reaching safepoint: 462906 ns, At safepoint: 77261 ns, Total: 540167 ns
[2022-06-18T08:48:07.519+0000][8][safepoint   ] Safepoint "Cleanup", Time since last: 2002952569 ns, Reaching safepoint: 155239 ns, At safepoint: 8533 ns, Total: 163772 ns
[2022-06-18T08:48:10.501+0000][8][safepoint   ] Safepoint "Cleanup", Time since last: 3003356158 ns, Reaching safepoint: 171348 ns, At safepoint: 28436 ns, Total: 199784 ns
[2022-06-18T08:48:11.505+0000][8][safepoint   ] Safepoint "Cleanup", Time since last: 1004286651 ns, Reaching safepoint: 253992 ns, At safepoint: 14328 ns, Total: 268320 ns
[2022-06-18T08:48:13.517+0000][8][safepoint   ] Safepoint "Cleanup", Time since last: 2007151154 ns, Reaching safepoint: 3944112 ns, At safepoint: 276058 ns, Total: 4220170 ns
[2022-06-18T08:48:14.518+0000][8][safepoint   ] Safepoint "Cleanup", Time since last: 1001271464 ns, Reaching safepoint: 173788 ns, At safepoint: 14504 ns, Total: 188292 ns
[2022-06-18T08:48:16.522+0000][8][safepoint   ] Safepoint "Cleanup", Time since last: 2003595275 ns, Reaching safepoint: 176546 ns, At safepoint: 15640 ns, Total: 192186 ns
[2022-06-18T08:48:19.528+0000][8][safepoint   ] Safepoint "Cleanup", Time since last: 3005179287 ns, Reaching safepoint: 499800 ns, At safepoint: 123224 ns, Total: 623024 ns
[2022-06-18T08:48:20.530+0000][8][safepoint   ] Safepoint "Cleanup", Time since last: 1001986121 ns, Reaching safepoint: 180572 ns, At safepoint: 10846 ns, Total: 191418 ns
[2022-06-18T08:48:23.532+0000][8][safepoint   ] Safepoint "Cleanup", Time since last: 3002258144 ns, Reaching safepoint: 157991 ns, At safepoint: 9767 ns, Total: 167758 ns
[2022-06-18T08:48:25.535+0000][8][safepoint   ] Safepoint "Cleanup", Time since last: 2002062823 ns, Reaching safepoint: 356079 ns, At safepoint: 13396 ns, Total: 369475 ns
[2022-06-18T08:48:26.548+0000][8][safepoint   ] Safepoint "Cleanup", Time since last: 1013029292 ns, Reaching safepoint: 344343 ns, At safepoint: 113361 ns, Total: 457704 ns
[2022-06-18T08:48:28.686+0000][8][safepoint   ] Safepoint "Cleanup", Time since last: 2136666033 ns, Reaching safepoint: 1245838 ns, At safepoint: 37186 ns, Total: 1283024 ns
[2022-06-18T08:48:29.689+0000][8][safepoint   ] Safepoint "Cleanup", Time since last: 1002756293 ns, Reaching safepoint: 309756 ns, At safepoint: 57237 ns, Total: 366993 ns
[2022-06-18T08:48:30.770+0000][8][safepoint   ] Safepoint "Cleanup", Time since last: 1080313226 ns, Reaching safepoint: 256842 ns, At safepoint: 6517 ns, Total: 263359 ns
[2022-06-18T08:48:31.476+0000][8][gc,heap,exit] Heap
[2022-06-18T08:48:31.479+0000][8][gc,heap,exit]  garbage-first heap   total 524288K, used 177789K [0x00000000e0000000, 0x0000000100000000)
[2022-06-18T08:48:31.480+0000][8][gc,heap,exit]   region size 4096K, 27 young (110592K), 6 survivors (24576K)
[2022-06-18T08:48:31.481+0000][8][gc,heap,exit]  Metaspace       used 127150K, committed 130624K, reserved 1179648K
[2022-06-18T08:48:31.483+0000][8][gc,heap,exit]   class space    used 16881K, committed 18560K, reserved 1048576K
