[2022-06-29T05:18:09.110+0000][540][gc,init] CardTable entry size: 512
[2022-06-29T05:18:09.112+0000][540][gc     ] Using G1
[2022-06-29T05:18:09.120+0000][540][gc,init] Version: 18.0.1.1+2-6 (release)
[2022-06-29T05:18:09.122+0000][540][gc,init] CPUs: 4 total, 4 available
[2022-06-29T05:18:09.123+0000][540][gc,init] Memory: 5944M
[2022-06-29T05:18:09.124+0000][540][gc,init] Large Page Support: Disabled
[2022-06-29T05:18:09.125+0000][540][gc,init] NUMA Support: Disabled
[2022-06-29T05:18:09.126+0000][540][gc,init] Compressed Oops: Enabled (32-bit)
[2022-06-29T05:18:09.127+0000][540][gc,init] Heap Region Size: 1M
[2022-06-29T05:18:09.128+0000][540][gc,init] Heap Min Capacity: 512M
[2022-06-29T05:18:09.129+0000][540][gc,init] Heap Initial Capacity: 512M
[2022-06-29T05:18:09.130+0000][540][gc,init] Heap Max Capacity: 512M
[2022-06-29T05:18:09.131+0000][540][gc,init] Pre-touch: Disabled
[2022-06-29T05:18:09.132+0000][540][gc,init] Parallel Workers: 4
[2022-06-29T05:18:09.132+0000][540][gc,init] Concurrent Workers: 1
[2022-06-29T05:18:09.133+0000][540][gc,init] Concurrent Refinement Workers: 4
[2022-06-29T05:18:09.134+0000][540][gc,init] Periodic GC: Disabled
[2022-06-29T05:18:09.135+0000][540][gc,metaspace] CDS archive(s) not mapped
[2022-06-29T05:18:09.135+0000][540][gc,metaspace] Compressed class space mapped at: 0x0000000100000000-0x0000000140000000, reserved size: 1073741824
[2022-06-29T05:18:09.137+0000][540][gc,metaspace] Narrow klass base: 0x0000000000000000, Narrow klass shift: 3, Narrow klass range: 0x140000000
[2022-06-29T05:18:09.372+0000][540][gc,heap,exit] Heap
[2022-06-29T05:18:09.373+0000][540][gc,heap,exit]  garbage-first heap   total 524288K, used 2048K [0x00000000e0000000, 0x0000000100000000)
[2022-06-29T05:18:09.374+0000][540][gc,heap,exit]   region size 1024K, 2 young (2048K), 0 survivors (0K)
[2022-06-29T05:18:09.375+0000][540][gc,heap,exit]  Metaspace       used 3521K, committed 3584K, reserved 1114112K
[2022-06-29T05:18:09.375+0000][540][gc,heap,exit]   class space    used 271K, committed 320K, reserved 1048576K
