[2022-06-18T08:42:51.710+0000][546][gc,init] CardTable entry size: 512
[2022-06-18T08:42:51.713+0000][546][gc     ] Using G1
[2022-06-18T08:42:51.722+0000][546][gc,init] Version: 18.0.1.1+2-6 (release)
[2022-06-18T08:42:51.722+0000][546][gc,init] CPUs: 4 total, 4 available
[2022-06-18T08:42:51.723+0000][546][gc,init] Memory: 5944M
[2022-06-18T08:42:51.724+0000][546][gc,init] Large Page Support: Disabled
[2022-06-18T08:42:51.725+0000][546][gc,init] NUMA Support: Disabled
[2022-06-18T08:42:51.726+0000][546][gc,init] Compressed Oops: Enabled (32-bit)
[2022-06-18T08:42:51.726+0000][546][gc,init] Heap Region Size: 1M
[2022-06-18T08:42:51.727+0000][546][gc,init] Heap Min Capacity: 512M
[2022-06-18T08:42:51.727+0000][546][gc,init] Heap Initial Capacity: 512M
[2022-06-18T08:42:51.728+0000][546][gc,init] Heap Max Capacity: 512M
[2022-06-18T08:42:51.729+0000][546][gc,init] Pre-touch: Disabled
[2022-06-18T08:42:51.730+0000][546][gc,init] Parallel Workers: 4
[2022-06-18T08:42:51.730+0000][546][gc,init] Concurrent Workers: 1
[2022-06-18T08:42:51.731+0000][546][gc,init] Concurrent Refinement Workers: 4
[2022-06-18T08:42:51.733+0000][546][gc,init] Periodic GC: Disabled
[2022-06-18T08:42:51.734+0000][546][gc,metaspace] CDS archive(s) not mapped
[2022-06-18T08:42:51.735+0000][546][gc,metaspace] Compressed class space mapped at: 0x0000000100000000-0x0000000140000000, reserved size: 1073741824
[2022-06-18T08:42:51.736+0000][546][gc,metaspace] Narrow klass base: 0x0000000000000000, Narrow klass shift: 3, Narrow klass range: 0x140000000
[2022-06-18T08:42:51.916+0000][546][gc,heap,exit] Heap
[2022-06-18T08:42:51.917+0000][546][gc,heap,exit]  garbage-first heap   total 524288K, used 2048K [0x00000000e0000000, 0x0000000100000000)
[2022-06-18T08:42:51.918+0000][546][gc,heap,exit]   region size 1024K, 2 young (2048K), 0 survivors (0K)
[2022-06-18T08:42:51.918+0000][546][gc,heap,exit]  Metaspace       used 3526K, committed 3584K, reserved 1114112K
[2022-06-18T08:42:51.919+0000][546][gc,heap,exit]   class space    used 271K, committed 320K, reserved 1048576K
