[2022-07-03T08:18:10.769+0000][413][gc,init] CardTable entry size: 512
[2022-07-03T08:18:10.773+0000][413][gc     ] Using G1
[2022-07-03T08:18:10.784+0000][413][gc,init] Version: 18.0.1.1+2-6 (release)
[2022-07-03T08:18:10.785+0000][413][gc,init] CPUs: 4 total, 4 available
[2022-07-03T08:18:10.786+0000][413][gc,init] Memory: 5944M
[2022-07-03T08:18:10.786+0000][413][gc,init] Large Page Support: Disabled
[2022-07-03T08:18:10.787+0000][413][gc,init] NUMA Support: Disabled
[2022-07-03T08:18:10.788+0000][413][gc,init] Compressed Oops: Enabled (32-bit)
[2022-07-03T08:18:10.789+0000][413][gc,init] Heap Region Size: 1M
[2022-07-03T08:18:10.789+0000][413][gc,init] Heap Min Capacity: 512M
[2022-07-03T08:18:10.790+0000][413][gc,init] Heap Initial Capacity: 512M
[2022-07-03T08:18:10.791+0000][413][gc,init] Heap Max Capacity: 512M
[2022-07-03T08:18:10.791+0000][413][gc,init] Pre-touch: Disabled
[2022-07-03T08:18:10.792+0000][413][gc,init] Parallel Workers: 4
[2022-07-03T08:18:10.792+0000][413][gc,init] Concurrent Workers: 1
[2022-07-03T08:18:10.793+0000][413][gc,init] Concurrent Refinement Workers: 4
[2022-07-03T08:18:10.794+0000][413][gc,init] Periodic GC: Disabled
[2022-07-03T08:18:10.794+0000][413][gc,metaspace] CDS archive(s) not mapped
[2022-07-03T08:18:10.795+0000][413][gc,metaspace] Compressed class space mapped at: 0x0000000100000000-0x0000000140000000, reserved size: 1073741824
[2022-07-03T08:18:10.796+0000][413][gc,metaspace] Narrow klass base: 0x0000000000000000, Narrow klass shift: 3, Narrow klass range: 0x140000000
[2022-07-03T08:18:10.892+0000][413][gc,heap,exit] Heap
[2022-07-03T08:18:10.893+0000][413][gc,heap,exit]  garbage-first heap   total 524288K, used 2048K [0x00000000e0000000, 0x0000000100000000)
[2022-07-03T08:18:10.894+0000][413][gc,heap,exit]   region size 1024K, 2 young (2048K), 0 survivors (0K)
[2022-07-03T08:18:10.895+0000][413][gc,heap,exit]  Metaspace       used 3527K, committed 3584K, reserved 1114112K
[2022-07-03T08:18:10.897+0000][413][gc,heap,exit]   class space    used 271K, committed 320K, reserved 1048576K
