[2022-06-18T08:59:59.023+0000][8][gc,init] CardTable entry size: 512
[2022-06-18T08:59:59.024+0000][8][gc     ] Using G1
[2022-06-18T08:59:59.577+0000][8][gc,init] Version: 18.0.1.1+2-6 (release)
[2022-06-18T08:59:59.578+0000][8][gc,init] CPUs: 4 total, 4 available
[2022-06-18T08:59:59.579+0000][8][gc,init] Memory: 5944M
[2022-06-18T08:59:59.579+0000][8][gc,init] Large Page Support: Disabled
[2022-06-18T08:59:59.580+0000][8][gc,init] NUMA Support: Disabled
[2022-06-18T08:59:59.581+0000][8][gc,init] Compressed Oops: Enabled (32-bit)
[2022-06-18T08:59:59.581+0000][8][gc,init] Heap Region Size: 4M
[2022-06-18T08:59:59.582+0000][8][gc,init] Heap Min Capacity: 512M
[2022-06-18T08:59:59.583+0000][8][gc,init] Heap Initial Capacity: 512M
[2022-06-18T08:59:59.583+0000][8][gc,init] Heap Max Capacity: 512M
[2022-06-18T08:59:59.584+0000][8][gc,init] Pre-touch: Enabled
[2022-06-18T08:59:59.584+0000][8][gc,init] Parallel Workers: 4
[2022-06-18T08:59:59.585+0000][8][gc,init] Concurrent Workers: 1
[2022-06-18T08:59:59.586+0000][8][gc,init] Concurrent Refinement Workers: 4
[2022-06-18T08:59:59.587+0000][8][gc,init] Periodic GC: Disabled
[2022-06-18T08:59:59.588+0000][8][gc,metaspace] CDS archive(s) mapped at: [0x0000000800000000-0x0000000800baf000-0x0000000800baf000), size 12251136, SharedBaseAddress: 0x0000000800000000, ArchiveRelocationMode: 0.
[2022-06-18T08:59:59.589+0000][8][gc,metaspace] Compressed class space mapped at: 0x0000000800c00000-0x0000000840c00000, reserved size: 1073741824
[2022-06-18T08:59:59.589+0000][8][gc,metaspace] Narrow klass base: 0x0000000800000000, Narrow klass shift: 0, Narrow klass range: 0x100000000
[2022-06-18T09:00:00.828+0000][8][safepoint   ] Safepoint "Cleanup", Time since last: 1228296067 ns, Reaching safepoint: 1012409 ns, At safepoint: 65861 ns, Total: 1078270 ns
[2022-06-18T09:00:01.954+0000][8][safepoint   ] Safepoint "Cleanup", Time since last: 1125884877 ns, Reaching safepoint: 103040 ns, At safepoint: 2701 ns, Total: 105741 ns
[2022-06-18T09:00:02.528+0000][8][gc,start    ] GC(0) Pause Young (Normal) (G1 Evacuation Pause)
[2022-06-18T09:00:02.540+0000][8][gc,task     ] GC(0) Using 4 workers of 4 for evacuation
[2022-06-18T09:00:02.584+0000][8][gc,age      ] GC(0) Desired survivor size 2097152 bytes, new threshold 15 (max threshold 15)
[2022-06-18T09:00:02.697+0000][8][gc,phases   ] GC(0)   Pre Evacuate Collection Set: 0.1ms
[2022-06-18T09:00:02.709+0000][8][gc,phases   ] GC(0)   Merge Heap Roots: 0.3ms
[2022-06-18T09:00:02.713+0000][8][gc,phases   ] GC(0)   Evacuate Collection Set: 75.9ms
[2022-06-18T09:00:02.740+0000][8][gc,phases   ] GC(0)   Post Evacuate Collection Set: 0.9ms
[2022-06-18T09:00:02.746+0000][8][gc,phases   ] GC(0)   Other: 79.8ms
[2022-06-18T09:00:02.748+0000][8][gc,age      ] GC(0) Age table with threshold 15 (max threshold 15)
[2022-06-18T09:00:02.749+0000][8][gc,age      ] GC(0) - age   1:    4138336 bytes,    4138336 total
[2022-06-18T09:00:02.750+0000][8][gc,heap     ] GC(0) Eden regions: 6->0(5)
[2022-06-18T09:00:02.753+0000][8][gc,heap     ] GC(0) Survivor regions: 0->1(1)
[2022-06-18T09:00:02.755+0000][8][gc,heap     ] GC(0) Old regions: 0->1
[2022-06-18T09:00:02.757+0000][8][gc,heap     ] GC(0) Archive regions: 2->2
[2022-06-18T09:00:02.764+0000][8][gc,heap     ] GC(0) Humongous regions: 0->0
[2022-06-18T09:00:02.790+0000][8][gc,metaspace] GC(0) Metaspace: 8401K(8640K)->8401K(8640K) NonClass: 7473K(7616K)->7473K(7616K) Class: 927K(1024K)->927K(1024K)
[2022-06-18T09:00:02.793+0000][8][gc          ] GC(0) Pause Young (Normal) (G1 Evacuation Pause) 27M->8M(512M) 264.568ms
[2022-06-18T09:00:02.798+0000][8][gc,cpu      ] GC(0) User=0.24s Sys=0.03s Real=0.27s
[2022-06-18T09:00:02.803+0000][8][safepoint   ] Safepoint "G1CollectForAllocation", Time since last: 573525295 ns, Reaching safepoint: 90235 ns, At safepoint: 275483574 ns, Total: 275573809 ns
[2022-06-18T09:00:03.841+0000][8][safepoint   ] Safepoint "Cleanup", Time since last: 1037199541 ns, Reaching safepoint: 233714 ns, At safepoint: 6597 ns, Total: 240311 ns
[2022-06-18T09:00:04.290+0000][8][gc,start    ] GC(1) Pause Young (Normal) (G1 Evacuation Pause)
[2022-06-18T09:00:04.306+0000][8][gc,task     ] GC(1) Using 4 workers of 4 for evacuation
[2022-06-18T09:00:04.310+0000][8][gc,age      ] GC(1) Desired survivor size 2097152 bytes, new threshold 1 (max threshold 15)
[2022-06-18T09:00:04.376+0000][8][gc,phases   ] GC(1)   Pre Evacuate Collection Set: 0.1ms
[2022-06-18T09:00:04.378+0000][8][gc,phases   ] GC(1)   Merge Heap Roots: 0.4ms
[2022-06-18T09:00:04.380+0000][8][gc,phases   ] GC(1)   Evacuate Collection Set: 60.3ms
[2022-06-18T09:00:04.381+0000][8][gc,phases   ] GC(1)   Post Evacuate Collection Set: 1.1ms
[2022-06-18T09:00:04.382+0000][8][gc,phases   ] GC(1)   Other: 8.4ms
[2022-06-18T09:00:04.384+0000][8][gc,age      ] GC(1) Age table with threshold 1 (max threshold 15)
[2022-06-18T09:00:04.385+0000][8][gc,age      ] GC(1) - age   1:    2105624 bytes,    2105624 total
[2022-06-18T09:00:04.386+0000][8][gc,heap     ] GC(1) Eden regions: 5->0(5)
[2022-06-18T09:00:04.388+0000][8][gc,heap     ] GC(1) Survivor regions: 1->1(1)
[2022-06-18T09:00:04.391+0000][8][gc,heap     ] GC(1) Old regions: 1->2
[2022-06-18T09:00:04.392+0000][8][gc,heap     ] GC(1) Archive regions: 2->2
[2022-06-18T09:00:04.394+0000][8][gc,heap     ] GC(1) Humongous regions: 0->0
[2022-06-18T09:00:04.397+0000][8][gc,metaspace] GC(1) Metaspace: 11757K(12096K)->11757K(12096K) NonClass: 10357K(10560K)->10357K(10560K) Class: 1399K(1536K)->1399K(1536K)
[2022-06-18T09:00:04.398+0000][8][gc          ] GC(1) Pause Young (Normal) (G1 Evacuation Pause) 28M->10M(512M) 108.693ms
[2022-06-18T09:00:04.399+0000][8][gc,cpu      ] GC(1) User=0.14s Sys=0.02s Real=0.11s
[2022-06-18T09:00:04.400+0000][8][safepoint   ] Safepoint "G1CollectForAllocation", Time since last: 448209620 ns, Reaching safepoint: 327825 ns, At safepoint: 110814281 ns, Total: 111142106 ns
[2022-06-18T09:00:06.073+0000][8][safepoint   ] Safepoint "Cleanup", Time since last: 1671781232 ns, Reaching safepoint: 946930 ns, At safepoint: 3741 ns, Total: 950671 ns
[2022-06-18T09:00:07.174+0000][8][safepoint   ] Safepoint "Cleanup", Time since last: 1099951702 ns, Reaching safepoint: 591516 ns, At safepoint: 5075 ns, Total: 596591 ns
[2022-06-18T09:00:07.240+0000][8][gc,start    ] GC(2) Pause Young (Normal) (G1 Evacuation Pause)
[2022-06-18T09:00:07.244+0000][8][gc,task     ] GC(2) Using 4 workers of 4 for evacuation
[2022-06-18T09:00:07.247+0000][8][gc,age      ] GC(2) Desired survivor size 2097152 bytes, new threshold 1 (max threshold 15)
[2022-06-18T09:00:07.269+0000][8][gc,phases   ] GC(2)   Pre Evacuate Collection Set: 0.2ms
[2022-06-18T09:00:07.270+0000][8][gc,phases   ] GC(2)   Merge Heap Roots: 0.1ms
[2022-06-18T09:00:07.270+0000][8][gc,phases   ] GC(2)   Evacuate Collection Set: 11.6ms
[2022-06-18T09:00:07.271+0000][8][gc,phases   ] GC(2)   Post Evacuate Collection Set: 1.6ms
[2022-06-18T09:00:07.272+0000][8][gc,phases   ] GC(2)   Other: 10.8ms
[2022-06-18T09:00:07.272+0000][8][gc,age      ] GC(2) Age table with threshold 1 (max threshold 15)
[2022-06-18T09:00:07.273+0000][8][gc,age      ] GC(2) - age   1:     873000 bytes,     873000 total
[2022-06-18T09:00:07.274+0000][8][gc,heap     ] GC(2) Eden regions: 5->0(10)
[2022-06-18T09:00:07.274+0000][8][gc,heap     ] GC(2) Survivor regions: 1->1(1)
[2022-06-18T09:00:07.275+0000][8][gc,heap     ] GC(2) Old regions: 2->2
[2022-06-18T09:00:07.276+0000][8][gc,heap     ] GC(2) Archive regions: 2->2
[2022-06-18T09:00:07.277+0000][8][gc,heap     ] GC(2) Humongous regions: 0->0
[2022-06-18T09:00:07.277+0000][8][gc,metaspace] GC(2) Metaspace: 14721K(15104K)->14721K(15104K) NonClass: 12993K(13184K)->12993K(13184K) Class: 1728K(1920K)->1728K(1920K)
[2022-06-18T09:00:07.279+0000][8][gc          ] GC(2) Pause Young (Normal) (G1 Evacuation Pause) 30M->11M(512M) 38.739ms
[2022-06-18T09:00:07.281+0000][8][gc,cpu      ] GC(2) User=0.07s Sys=0.01s Real=0.04s
[2022-06-18T09:00:07.282+0000][8][safepoint   ] Safepoint "G1CollectForAllocation", Time since last: 66741467 ns, Reaching safepoint: 58828 ns, At safepoint: 41684282 ns, Total: 41743110 ns
[2022-06-18T09:00:08.304+0000][8][safepoint   ] Safepoint "Cleanup", Time since last: 1017669108 ns, Reaching safepoint: 4299446 ns, At safepoint: 6531 ns, Total: 4305977 ns
[2022-06-18T09:00:09.271+0000][8][gc,start    ] GC(3) Pause Young (Normal) (G1 Evacuation Pause)
[2022-06-18T09:00:09.272+0000][8][gc,task     ] GC(3) Using 4 workers of 4 for evacuation
[2022-06-18T09:00:09.273+0000][8][gc,age      ] GC(3) Desired survivor size 4194304 bytes, new threshold 15 (max threshold 15)
[2022-06-18T09:00:09.279+0000][8][gc,phases   ] GC(3)   Pre Evacuate Collection Set: 0.2ms
[2022-06-18T09:00:09.280+0000][8][gc,phases   ] GC(3)   Merge Heap Roots: 0.2ms
[2022-06-18T09:00:09.281+0000][8][gc,phases   ] GC(3)   Evacuate Collection Set: 4.5ms
[2022-06-18T09:00:09.282+0000][8][gc,phases   ] GC(3)   Post Evacuate Collection Set: 0.5ms
[2022-06-18T09:00:09.282+0000][8][gc,phases   ] GC(3)   Other: 1.6ms
[2022-06-18T09:00:09.283+0000][8][gc,age      ] GC(3) Age table with threshold 15 (max threshold 15)
[2022-06-18T09:00:09.284+0000][8][gc,age      ] GC(3) - age   1:     869064 bytes,     869064 total
[2022-06-18T09:00:09.284+0000][8][gc,age      ] GC(3) - age   2:     759976 bytes,    1629040 total
[2022-06-18T09:00:09.285+0000][8][gc,heap     ] GC(3) Eden regions: 10->0(75)
[2022-06-18T09:00:09.285+0000][8][gc,heap     ] GC(3) Survivor regions: 1->1(2)
[2022-06-18T09:00:09.286+0000][8][gc,heap     ] GC(3) Old regions: 2->2
[2022-06-18T09:00:09.287+0000][8][gc,heap     ] GC(3) Archive regions: 2->2
[2022-06-18T09:00:09.287+0000][8][gc,heap     ] GC(3) Humongous regions: 0->0
[2022-06-18T09:00:09.290+0000][8][gc,metaspace] GC(3) Metaspace: 15388K(15744K)->15388K(15744K) NonClass: 13631K(13824K)->13631K(13824K) Class: 1756K(1920K)->1756K(1920K)
[2022-06-18T09:00:09.296+0000][8][gc          ] GC(3) Pause Young (Normal) (G1 Evacuation Pause) 51M->11M(512M) 25.034ms
[2022-06-18T09:00:09.299+0000][8][gc,cpu      ] GC(3) User=0.02s Sys=0.01s Real=0.02s
[2022-06-18T09:00:09.301+0000][8][safepoint   ] Safepoint "G1CollectForAllocation", Time since last: 943590343 ns, Reaching safepoint: 730271 ns, At safepoint: 29909083 ns, Total: 30639354 ns
[2022-06-18T09:00:10.744+0000][8][safepoint   ] Safepoint "Cleanup", Time since last: 1442769007 ns, Reaching safepoint: 262976 ns, At safepoint: 27883 ns, Total: 290859 ns
[2022-06-18T09:00:10.840+0000][8][safepoint   ] Safepoint "CollectForMetadataAllocation", Time since last: 95622988 ns, Reaching safepoint: 116536 ns, At safepoint: 59182 ns, Total: 175718 ns
[2022-06-18T09:00:10.842+0000][8][gc,start    ] GC(4) Pause Young (Concurrent Start) (GCLocker Initiated GC)
[2022-06-18T09:00:10.843+0000][8][gc,task     ] GC(4) Using 4 workers of 4 for evacuation
[2022-06-18T09:00:10.844+0000][8][gc,age      ] GC(4) Desired survivor size 20971520 bytes, new threshold 15 (max threshold 15)
[2022-06-18T09:00:10.853+0000][8][gc,phases   ] GC(4)   Pre Evacuate Collection Set: 0.3ms
[2022-06-18T09:00:10.854+0000][8][gc,phases   ] GC(4)   Merge Heap Roots: 0.2ms
[2022-06-18T09:00:10.855+0000][8][gc,phases   ] GC(4)   Evacuate Collection Set: 6.3ms
[2022-06-18T09:00:10.856+0000][8][gc,phases   ] GC(4)   Post Evacuate Collection Set: 1.4ms
[2022-06-18T09:00:10.857+0000][8][gc,phases   ] GC(4)   Other: 1.9ms
[2022-06-18T09:00:10.857+0000][8][gc,age      ] GC(4) Age table with threshold 15 (max threshold 15)
[2022-06-18T09:00:10.858+0000][8][gc,age      ] GC(4) - age   1:    3375120 bytes,    3375120 total
[2022-06-18T09:00:10.859+0000][8][gc,age      ] GC(4) - age   2:     853592 bytes,    4228712 total
[2022-06-18T09:00:10.860+0000][8][gc,age      ] GC(4) - age   3:     759128 bytes,    4987840 total
[2022-06-18T09:00:10.861+0000][8][gc,heap     ] GC(4) Eden regions: 30->0(74)
[2022-06-18T09:00:10.862+0000][8][gc,heap     ] GC(4) Survivor regions: 1->2(10)
[2022-06-18T09:00:10.863+0000][8][gc,heap     ] GC(4) Old regions: 2->2
[2022-06-18T09:00:10.863+0000][8][gc,heap     ] GC(4) Archive regions: 2->2
[2022-06-18T09:00:10.864+0000][8][gc,heap     ] GC(4) Humongous regions: 0->0
[2022-06-18T09:00:10.865+0000][8][gc,metaspace] GC(4) Metaspace: 21080K(21568K)->21080K(21568K) NonClass: 18706K(19008K)->18706K(19008K) Class: 2373K(2560K)->2373K(2560K)
[2022-06-18T09:00:10.867+0000][8][gc          ] GC(4) Pause Young (Concurrent Start) (GCLocker Initiated GC) 131M->14M(512M) 25.059ms
[2022-06-18T09:00:10.868+0000][8][gc,cpu      ] GC(4) User=0.02s Sys=0.00s Real=0.02s
[2022-06-18T09:00:10.868+0000][8][gc          ] GC(5) Concurrent Mark Cycle
[2022-06-18T09:00:10.870+0000][8][gc,marking  ] GC(5) Concurrent Clear Claimed Marks
[2022-06-18T09:00:10.870+0000][8][gc,marking  ] GC(5) Concurrent Clear Claimed Marks 0.781ms
[2022-06-18T09:00:10.871+0000][8][gc,marking  ] GC(5) Concurrent Scan Root Regions
[2022-06-18T09:00:10.869+0000][8][safepoint   ] Safepoint "G1CollectForAllocation", Time since last: 1937561 ns, Reaching safepoint: 71812 ns, At safepoint: 27034255 ns, Total: 27106067 ns
[2022-06-18T09:00:10.877+0000][8][gc,marking  ] GC(5) Concurrent Scan Root Regions 5.836ms
[2022-06-18T09:00:10.880+0000][8][gc,marking  ] GC(5) Concurrent Mark
[2022-06-18T09:00:10.880+0000][8][gc,marking  ] GC(5) Concurrent Mark From Roots
[2022-06-18T09:00:10.881+0000][8][gc,task     ] GC(5) Using 1 workers of 1 for marking
[2022-06-18T09:00:10.899+0000][8][gc,marking  ] GC(5) Concurrent Mark From Roots 18.831ms
[2022-06-18T09:00:10.900+0000][8][gc,marking  ] GC(5) Concurrent Preclean
[2022-06-18T09:00:10.901+0000][8][gc,marking  ] GC(5) Concurrent Preclean 0.912ms
[2022-06-18T09:00:10.904+0000][8][gc,start    ] GC(5) Pause Remark
[2022-06-18T09:00:10.916+0000][8][gc          ] GC(5) Pause Remark 22M->22M(512M) 12.318ms
[2022-06-18T09:00:10.917+0000][8][gc,cpu      ] GC(5) User=0.03s Sys=0.00s Real=0.01s
[2022-06-18T09:00:10.923+0000][8][safepoint   ] Safepoint "G1Concurrent", Time since last: 34519975 ns, Reaching safepoint: 310738 ns, At safepoint: 19173646 ns, Total: 19484384 ns
[2022-06-18T09:00:10.931+0000][8][gc,marking  ] GC(5) Concurrent Mark 50.966ms
[2022-06-18T09:00:10.931+0000][8][gc,marking  ] GC(5) Concurrent Rebuild Remembered Sets
[2022-06-18T09:00:10.955+0000][8][gc,marking  ] GC(5) Concurrent Rebuild Remembered Sets 23.247ms
[2022-06-18T09:00:10.956+0000][8][gc,start    ] GC(5) Pause Cleanup
[2022-06-18T09:00:10.958+0000][8][gc          ] GC(5) Pause Cleanup 22M->22M(512M) 1.477ms
[2022-06-18T09:00:10.959+0000][8][gc,cpu      ] GC(5) User=0.01s Sys=0.00s Real=0.01s
[2022-06-18T09:00:10.960+0000][8][safepoint   ] Safepoint "G1Concurrent", Time since last: 32924213 ns, Reaching safepoint: 398717 ns, At safepoint: 4006905 ns, Total: 4405622 ns
[2022-06-18T09:00:10.974+0000][8][gc,marking  ] GC(5) Concurrent Cleanup for Next Mark
[2022-06-18T09:00:10.979+0000][8][gc,marking  ] GC(5) Concurrent Cleanup for Next Mark 4.944ms
[2022-06-18T09:00:10.981+0000][8][gc          ] GC(5) Concurrent Mark Cycle 113.005ms
[2022-06-18T09:00:11.973+0000][8][safepoint   ] Safepoint "Cleanup", Time since last: 1000683275 ns, Reaching safepoint: 12336215 ns, At safepoint: 20017 ns, Total: 12356232 ns
[2022-06-18T09:00:13.019+0000][8][safepoint   ] Safepoint "Cleanup", Time since last: 1044257569 ns, Reaching safepoint: 1373641 ns, At safepoint: 41332 ns, Total: 1414973 ns
[2022-06-18T09:00:13.433+0000][8][gc,start    ] GC(6) Pause Young (Normal) (G1 Evacuation Pause)
[2022-06-18T09:00:13.434+0000][8][gc,task     ] GC(6) Using 4 workers of 4 for evacuation
[2022-06-18T09:00:13.435+0000][8][gc,age      ] GC(6) Desired survivor size 20971520 bytes, new threshold 15 (max threshold 15)
[2022-06-18T09:00:13.451+0000][8][gc,phases   ] GC(6)   Pre Evacuate Collection Set: 0.3ms
[2022-06-18T09:00:13.453+0000][8][gc,phases   ] GC(6)   Merge Heap Roots: 0.2ms
[2022-06-18T09:00:13.456+0000][8][gc,phases   ] GC(6)   Evacuate Collection Set: 10.5ms
[2022-06-18T09:00:13.458+0000][8][gc,phases   ] GC(6)   Post Evacuate Collection Set: 3.3ms
[2022-06-18T09:00:13.459+0000][8][gc,phases   ] GC(6)   Other: 1.9ms
[2022-06-18T09:00:13.460+0000][8][gc,age      ] GC(6) Age table with threshold 15 (max threshold 15)
[2022-06-18T09:00:13.461+0000][8][gc,age      ] GC(6) - age   1:    5987696 bytes,    5987696 total
[2022-06-18T09:00:13.461+0000][8][gc,age      ] GC(6) - age   2:    2536888 bytes,    8524584 total
[2022-06-18T09:00:13.465+0000][8][gc,age      ] GC(6) - age   3:     853592 bytes,    9378176 total
[2022-06-18T09:00:13.469+0000][8][gc,age      ] GC(6) - age   4:     756248 bytes,   10134424 total
[2022-06-18T09:00:13.475+0000][8][gc,heap     ] GC(6) Eden regions: 74->0(73)
[2022-06-18T09:00:13.476+0000][8][gc,heap     ] GC(6) Survivor regions: 2->3(10)
[2022-06-18T09:00:13.478+0000][8][gc,heap     ] GC(6) Old regions: 2->2
[2022-06-18T09:00:13.479+0000][8][gc,heap     ] GC(6) Archive regions: 2->2
[2022-06-18T09:00:13.479+0000][8][gc,heap     ] GC(6) Humongous regions: 0->0
[2022-06-18T09:00:13.481+0000][8][gc,metaspace] GC(6) Metaspace: 23567K(24128K)->23567K(24128K) NonClass: 20823K(21120K)->20823K(21120K) Class: 2743K(3008K)->2743K(3008K)
[2022-06-18T09:00:13.482+0000][8][gc          ] GC(6) Pause Young (Normal) (G1 Evacuation Pause) 310M->20M(512M) 48.660ms
[2022-06-18T09:00:13.483+0000][8][gc,cpu      ] GC(6) User=0.03s Sys=0.00s Real=0.05s
[2022-06-18T09:00:13.483+0000][8][safepoint   ] Safepoint "G1CollectForAllocation", Time since last: 413978919 ns, Reaching safepoint: 191404 ns, At safepoint: 50320640 ns, Total: 50512044 ns
[2022-06-18T09:00:14.485+0000][8][safepoint   ] Safepoint "Cleanup", Time since last: 1001344730 ns, Reaching safepoint: 201599 ns, At safepoint: 5962 ns, Total: 207561 ns
[2022-06-18T09:00:15.934+0000][8][safepoint   ] Safepoint "Cleanup", Time since last: 1449098488 ns, Reaching safepoint: 394773 ns, At safepoint: 9178 ns, Total: 403951 ns
[2022-06-18T09:00:16.055+0000][8][gc,start    ] GC(7) Pause Young (Normal) (G1 Evacuation Pause)
[2022-06-18T09:00:16.056+0000][8][gc,task     ] GC(7) Using 4 workers of 4 for evacuation
[2022-06-18T09:00:16.057+0000][8][gc,age      ] GC(7) Desired survivor size 20971520 bytes, new threshold 15 (max threshold 15)
[2022-06-18T09:00:16.071+0000][8][gc,phases   ] GC(7)   Pre Evacuate Collection Set: 0.2ms
[2022-06-18T09:00:16.072+0000][8][gc,phases   ] GC(7)   Merge Heap Roots: 0.1ms
[2022-06-18T09:00:16.073+0000][8][gc,phases   ] GC(7)   Evacuate Collection Set: 11.3ms
[2022-06-18T09:00:16.074+0000][8][gc,phases   ] GC(7)   Post Evacuate Collection Set: 1.2ms
[2022-06-18T09:00:16.075+0000][8][gc,phases   ] GC(7)   Other: 2.1ms
[2022-06-18T09:00:16.076+0000][8][gc,age      ] GC(7) Age table with threshold 15 (max threshold 15)
[2022-06-18T09:00:16.076+0000][8][gc,age      ] GC(7) - age   1:    5218320 bytes,    5218320 total
[2022-06-18T09:00:16.077+0000][8][gc,age      ] GC(7) - age   2:    5697552 bytes,   10915872 total
[2022-06-18T09:00:16.078+0000][8][gc,age      ] GC(7) - age   3:    2532776 bytes,   13448648 total
[2022-06-18T09:00:16.080+0000][8][gc,age      ] GC(7) - age   4:     853464 bytes,   14302112 total
[2022-06-18T09:00:16.080+0000][8][gc,age      ] GC(7) - age   5:     736216 bytes,   15038328 total
[2022-06-18T09:00:16.081+0000][8][gc,heap     ] GC(7) Eden regions: 73->0(72)
[2022-06-18T09:00:16.082+0000][8][gc,heap     ] GC(7) Survivor regions: 3->4(10)
[2022-06-18T09:00:16.083+0000][8][gc,heap     ] GC(7) Old regions: 2->2
[2022-06-18T09:00:16.084+0000][8][gc,heap     ] GC(7) Archive regions: 2->2
[2022-06-18T09:00:16.085+0000][8][gc,heap     ] GC(7) Humongous regions: 0->0
[2022-06-18T09:00:16.086+0000][8][gc,metaspace] GC(7) Metaspace: 29293K(30016K)->29293K(30016K) NonClass: 25905K(26304K)->25905K(26304K) Class: 3388K(3712K)->3388K(3712K)
[2022-06-18T09:00:16.087+0000][8][gc          ] GC(7) Pause Young (Normal) (G1 Evacuation Pause) 312M->24M(512M) 32.138ms
[2022-06-18T09:00:16.088+0000][8][gc,cpu      ] GC(7) User=0.03s Sys=0.00s Real=0.03s
[2022-06-18T09:00:16.088+0000][8][safepoint   ] Safepoint "G1CollectForAllocation", Time since last: 120075768 ns, Reaching safepoint: 163980 ns, At safepoint: 33643305 ns, Total: 33807285 ns
[2022-06-18T09:00:17.100+0000][8][safepoint   ] Safepoint "Cleanup", Time since last: 1001420619 ns, Reaching safepoint: 10355063 ns, At safepoint: 8916 ns, Total: 10363979 ns
[2022-06-18T09:00:17.200+0000][8][gc,start    ] GC(8) Pause Young (Normal) (G1 Evacuation Pause)
[2022-06-18T09:00:17.206+0000][8][gc,task     ] GC(8) Using 4 workers of 4 for evacuation
[2022-06-18T09:00:17.207+0000][8][gc,age      ] GC(8) Desired survivor size 20971520 bytes, new threshold 15 (max threshold 15)
[2022-06-18T09:00:17.221+0000][8][gc,phases   ] GC(8)   Pre Evacuate Collection Set: 0.2ms
[2022-06-18T09:00:17.222+0000][8][gc,phases   ] GC(8)   Merge Heap Roots: 0.1ms
[2022-06-18T09:00:17.223+0000][8][gc,phases   ] GC(8)   Evacuate Collection Set: 11.7ms
[2022-06-18T09:00:17.224+0000][8][gc,phases   ] GC(8)   Post Evacuate Collection Set: 1.4ms
[2022-06-18T09:00:17.225+0000][8][gc,phases   ] GC(8)   Other: 1.9ms
[2022-06-18T09:00:17.225+0000][8][gc,age      ] GC(8) Age table with threshold 15 (max threshold 15)
[2022-06-18T09:00:17.227+0000][8][gc,age      ] GC(8) - age   1:    3147392 bytes,    3147392 total
[2022-06-18T09:00:17.228+0000][8][gc,age      ] GC(8) - age   2:    3173800 bytes,    6321192 total
[2022-06-18T09:00:17.229+0000][8][gc,age      ] GC(8) - age   3:    5696280 bytes,   12017472 total
[2022-06-18T09:00:17.230+0000][8][gc,age      ] GC(8) - age   4:    2532568 bytes,   14550040 total
[2022-06-18T09:00:17.230+0000][8][gc,age      ] GC(8) - age   5:     853464 bytes,   15403504 total
[2022-06-18T09:00:17.231+0000][8][gc,age      ] GC(8) - age   6:     735464 bytes,   16138968 total
[2022-06-18T09:00:17.232+0000][8][gc,heap     ] GC(8) Eden regions: 72->0(72)
[2022-06-18T09:00:17.233+0000][8][gc,heap     ] GC(8) Survivor regions: 4->4(10)
[2022-06-18T09:00:17.234+0000][8][gc,heap     ] GC(8) Old regions: 2->2
[2022-06-18T09:00:17.234+0000][8][gc,heap     ] GC(8) Archive regions: 2->2
[2022-06-18T09:00:17.235+0000][8][gc,heap     ] GC(8) Humongous regions: 0->0
[2022-06-18T09:00:17.236+0000][8][gc,metaspace] GC(8) Metaspace: 30854K(31552K)->30854K(31552K) NonClass: 27250K(27648K)->27250K(27648K) Class: 3603K(3904K)->3603K(3904K)
[2022-06-18T09:00:17.237+0000][8][gc          ] GC(8) Pause Young (Normal) (G1 Evacuation Pause) 312M->25M(512M) 36.392ms
[2022-06-18T09:00:17.237+0000][8][gc,cpu      ] GC(8) User=0.03s Sys=0.00s Real=0.03s
[2022-06-18T09:00:17.238+0000][8][safepoint   ] Safepoint "G1CollectForAllocation", Time since last: 100130097 ns, Reaching safepoint: 58371 ns, At safepoint: 37997574 ns, Total: 38055945 ns
[2022-06-18T09:00:18.025+0000][8][safepoint   ] Safepoint "ICBufferFull", Time since last: 786009702 ns, Reaching safepoint: 250648 ns, At safepoint: 4895 ns, Total: 255543 ns
[2022-06-18T09:00:18.313+0000][8][gc,start    ] GC(9) Pause Young (Concurrent Start) (Metadata GC Threshold)
[2022-06-18T09:00:18.409+0000][8][gc,task     ] GC(9) Using 4 workers of 4 for evacuation
[2022-06-18T09:00:18.410+0000][8][gc,age      ] GC(9) Desired survivor size 20971520 bytes, new threshold 15 (max threshold 15)
[2022-06-18T09:00:18.440+0000][8][gc,phases   ] GC(9)   Pre Evacuate Collection Set: 0.3ms
[2022-06-18T09:00:18.441+0000][8][gc,phases   ] GC(9)   Merge Heap Roots: 0.0ms
[2022-06-18T09:00:18.442+0000][8][gc,phases   ] GC(9)   Evacuate Collection Set: 27.6ms
[2022-06-18T09:00:18.443+0000][8][gc,phases   ] GC(9)   Post Evacuate Collection Set: 1.0ms
[2022-06-18T09:00:18.444+0000][8][gc,phases   ] GC(9)   Other: 2.1ms
[2022-06-18T09:00:18.444+0000][8][gc,age      ] GC(9) Age table with threshold 15 (max threshold 15)
[2022-06-18T09:00:18.445+0000][8][gc,age      ] GC(9) - age   1:    1918360 bytes,    1918360 total
[2022-06-18T09:00:18.446+0000][8][gc,age      ] GC(9) - age   2:    2783376 bytes,    4701736 total
[2022-06-18T09:00:18.452+0000][8][gc,age      ] GC(9) - age   3:    3160736 bytes,    7862472 total
[2022-06-18T09:00:18.453+0000][8][gc,age      ] GC(9) - age   4:    5679840 bytes,   13542312 total
[2022-06-18T09:00:18.457+0000][8][gc,age      ] GC(9) - age   5:    2461192 bytes,   16003504 total
[2022-06-18T09:00:18.459+0000][8][gc,age      ] GC(9) - age   6:     835272 bytes,   16838776 total
[2022-06-18T09:00:18.461+0000][8][gc,age      ] GC(9) - age   7:     724904 bytes,   17563680 total
[2022-06-18T09:00:18.461+0000][8][gc,heap     ] GC(9) Eden regions: 33->0(71)
[2022-06-18T09:00:18.463+0000][8][gc,heap     ] GC(9) Survivor regions: 4->5(10)
[2022-06-18T09:00:18.464+0000][8][gc,heap     ] GC(9) Old regions: 2->2
[2022-06-18T09:00:18.465+0000][8][gc,heap     ] GC(9) Archive regions: 2->2
[2022-06-18T09:00:18.465+0000][8][gc,heap     ] GC(9) Humongous regions: 0->0
[2022-06-18T09:00:18.466+0000][8][gc,metaspace] GC(9) Metaspace: 35082K(35840K)->35082K(35840K) NonClass: 30947K(31360K)->30947K(31360K) Class: 4134K(4480K)->4134K(4480K)
[2022-06-18T09:00:18.467+0000][8][gc          ] GC(9) Pause Young (Concurrent Start) (Metadata GC Threshold) 155M->27M(512M) 153.381ms
[2022-06-18T09:00:18.467+0000][8][gc,cpu      ] GC(9) User=0.09s Sys=0.00s Real=0.15s
[2022-06-18T09:00:18.467+0000][8][gc          ] GC(10) Concurrent Mark Cycle
[2022-06-18T09:00:18.469+0000][8][safepoint   ] Safepoint "CollectForMetadataAllocation", Time since last: 288493809 ns, Reaching safepoint: 134895 ns, At safepoint: 155410084 ns, Total: 155544979 ns
[2022-06-18T09:00:18.490+0000][8][gc,marking  ] GC(10) Concurrent Clear Claimed Marks
[2022-06-18T09:00:18.496+0000][8][gc,marking  ] GC(10) Concurrent Clear Claimed Marks 22.287ms
[2022-06-18T09:00:18.496+0000][8][gc,marking  ] GC(10) Concurrent Scan Root Regions
[2022-06-18T09:00:18.508+0000][8][gc,marking  ] GC(10) Concurrent Scan Root Regions 11.190ms
[2022-06-18T09:00:18.508+0000][8][gc,marking  ] GC(10) Concurrent Mark
[2022-06-18T09:00:18.510+0000][8][gc,marking  ] GC(10) Concurrent Mark From Roots
[2022-06-18T09:00:18.511+0000][8][gc,task     ] GC(10) Using 1 workers of 1 for marking
[2022-06-18T09:00:18.524+0000][8][gc,marking  ] GC(10) Concurrent Mark From Roots 13.936ms
[2022-06-18T09:00:18.525+0000][8][gc,marking  ] GC(10) Concurrent Preclean
[2022-06-18T09:00:18.527+0000][8][gc,marking  ] GC(10) Concurrent Preclean 1.758ms
[2022-06-18T09:00:18.528+0000][8][gc,start    ] GC(10) Pause Remark
[2022-06-18T09:00:18.533+0000][8][gc          ] GC(10) Pause Remark 29M->29M(512M) 5.189ms
[2022-06-18T09:00:18.534+0000][8][gc,cpu      ] GC(10) User=0.01s Sys=0.00s Real=0.01s
[2022-06-18T09:00:18.535+0000][8][safepoint   ] Safepoint "G1Concurrent", Time since last: 59052178 ns, Reaching safepoint: 205380 ns, At safepoint: 7225312 ns, Total: 7430692 ns
[2022-06-18T09:00:18.536+0000][8][gc,marking  ] GC(10) Concurrent Mark 27.439ms
[2022-06-18T09:00:18.536+0000][8][gc,marking  ] GC(10) Concurrent Rebuild Remembered Sets
[2022-06-18T09:00:18.543+0000][8][gc,marking  ] GC(10) Concurrent Rebuild Remembered Sets 6.598ms
[2022-06-18T09:00:18.544+0000][8][gc,start    ] GC(10) Pause Cleanup
[2022-06-18T09:00:18.545+0000][8][gc          ] GC(10) Pause Cleanup 29M->29M(512M) 1.152ms
[2022-06-18T09:00:18.546+0000][8][gc,cpu      ] GC(10) User=0.00s Sys=0.00s Real=0.00s
[2022-06-18T09:00:18.547+0000][8][safepoint   ] Safepoint "G1Concurrent", Time since last: 8722714 ns, Reaching safepoint: 210561 ns, At safepoint: 2788325 ns, Total: 2998886 ns
[2022-06-18T09:00:18.548+0000][8][gc,marking  ] GC(10) Concurrent Cleanup for Next Mark
[2022-06-18T09:00:18.554+0000][8][gc,marking  ] GC(10) Concurrent Cleanup for Next Mark 6.114ms
[2022-06-18T09:00:18.555+0000][8][gc          ] GC(10) Concurrent Mark Cycle 86.960ms
[2022-06-18T09:00:20.302+0000][8][safepoint   ] Safepoint "Cleanup", Time since last: 1754898532 ns, Reaching safepoint: 437432 ns, At safepoint: 28499 ns, Total: 465931 ns
[2022-06-18T09:00:21.308+0000][8][safepoint   ] Safepoint "Cleanup", Time since last: 1004049285 ns, Reaching safepoint: 1502144 ns, At safepoint: 31563 ns, Total: 1533707 ns
[2022-06-18T09:00:22.310+0000][8][safepoint   ] Safepoint "Cleanup", Time since last: 1001835783 ns, Reaching safepoint: 591599 ns, At safepoint: 29742 ns, Total: 621341 ns
[2022-06-18T09:00:23.352+0000][8][safepoint   ] Safepoint "ICBufferFull", Time since last: 1038255497 ns, Reaching safepoint: 3597692 ns, At safepoint: 35080 ns, Total: 3632772 ns
[2022-06-18T09:00:23.393+0000][8][gc,start    ] GC(11) Pause Young (Normal) (G1 Evacuation Pause)
[2022-06-18T09:00:23.394+0000][8][gc,task     ] GC(11) Using 4 workers of 4 for evacuation
[2022-06-18T09:00:23.396+0000][8][gc,age      ] GC(11) Desired survivor size 20971520 bytes, new threshold 15 (max threshold 15)
[2022-06-18T09:00:23.441+0000][8][gc,phases   ] GC(11)   Pre Evacuate Collection Set: 0.2ms
[2022-06-18T09:00:23.442+0000][8][gc,phases   ] GC(11)   Merge Heap Roots: 0.1ms
[2022-06-18T09:00:23.443+0000][8][gc,phases   ] GC(11)   Evacuate Collection Set: 40.8ms
[2022-06-18T09:00:23.443+0000][8][gc,phases   ] GC(11)   Post Evacuate Collection Set: 2.3ms
[2022-06-18T09:00:23.444+0000][8][gc,phases   ] GC(11)   Other: 3.7ms
[2022-06-18T09:00:23.444+0000][8][gc,age      ] GC(11) Age table with threshold 15 (max threshold 15)
[2022-06-18T09:00:23.445+0000][8][gc,age      ] GC(11) - age   1:   19961976 bytes,   19961976 total
[2022-06-18T09:00:23.446+0000][8][gc,age      ] GC(11) - age   2:    1785160 bytes,   21747136 total
[2022-06-18T09:00:23.446+0000][8][gc,age      ] GC(11) - age   3:    2770104 bytes,   24517240 total
[2022-06-18T09:00:23.447+0000][8][gc,age      ] GC(11) - age   4:    3149296 bytes,   27666536 total
[2022-06-18T09:00:23.448+0000][8][gc,age      ] GC(11) - age   5:    5665192 bytes,   33331728 total
[2022-06-18T09:00:23.448+0000][8][gc,age      ] GC(11) - age   6:    2457680 bytes,   35789408 total
[2022-06-18T09:00:23.449+0000][8][gc,age      ] GC(11) - age   7:     835112 bytes,   36624520 total
[2022-06-18T09:00:23.450+0000][8][gc,age      ] GC(11) - age   8:     716432 bytes,   37340952 total
[2022-06-18T09:00:23.451+0000][8][gc,heap     ] GC(11) Eden regions: 71->0(66)
[2022-06-18T09:00:23.451+0000][8][gc,heap     ] GC(11) Survivor regions: 5->10(10)
[2022-06-18T09:00:23.452+0000][8][gc,heap     ] GC(11) Old regions: 2->2
[2022-06-18T09:00:23.452+0000][8][gc,heap     ] GC(11) Archive regions: 2->2
[2022-06-18T09:00:23.453+0000][8][gc,heap     ] GC(11) Humongous regions: 0->0
[2022-06-18T09:00:23.454+0000][8][gc,metaspace] GC(11) Metaspace: 47120K(48320K)->47120K(48320K) NonClass: 41287K(41984K)->41287K(41984K) Class: 5832K(6336K)->5832K(6336K)
[2022-06-18T09:00:23.455+0000][8][gc          ] GC(11) Pause Young (Normal) (G1 Evacuation Pause) 311M->47M(512M) 61.482ms
[2022-06-18T09:00:23.455+0000][8][gc,cpu      ] GC(11) User=0.13s Sys=0.00s Real=0.06s
[2022-06-18T09:00:23.456+0000][8][safepoint   ] Safepoint "G1CollectForAllocation", Time since last: 40774581 ns, Reaching safepoint: 130887 ns, At safepoint: 62903410 ns, Total: 63034297 ns
[2022-06-18T09:00:25.272+0000][8][safepoint   ] Safepoint "Cleanup", Time since last: 1815403129 ns, Reaching safepoint: 203463 ns, At safepoint: 4225 ns, Total: 207688 ns
[2022-06-18T09:00:25.293+0000][8][gc,start    ] GC(12) Pause Young (Concurrent Start) (Metadata GC Threshold)
[2022-06-18T09:00:25.294+0000][8][gc,task     ] GC(12) Using 4 workers of 4 for evacuation
[2022-06-18T09:00:25.296+0000][8][gc,age      ] GC(12) Desired survivor size 20971520 bytes, new threshold 2 (max threshold 15)
[2022-06-18T09:00:25.351+0000][8][gc,phases   ] GC(12)   Pre Evacuate Collection Set: 1.6ms
[2022-06-18T09:00:25.352+0000][8][gc,phases   ] GC(12)   Merge Heap Roots: 0.3ms
[2022-06-18T09:00:25.353+0000][8][gc,phases   ] GC(12)   Evacuate Collection Set: 46.5ms
[2022-06-18T09:00:25.354+0000][8][gc,phases   ] GC(12)   Post Evacuate Collection Set: 2.9ms
[2022-06-18T09:00:25.354+0000][8][gc,phases   ] GC(12)   Other: 5.6ms
[2022-06-18T09:00:25.355+0000][8][gc,age      ] GC(12) Age table with threshold 2 (max threshold 15)
[2022-06-18T09:00:25.355+0000][8][gc,age      ] GC(12) - age   1:    4789448 bytes,    4789448 total
[2022-06-18T09:00:25.356+0000][8][gc,age      ] GC(12) - age   2:   19680824 bytes,   24470272 total
[2022-06-18T09:00:25.357+0000][8][gc,heap     ] GC(12) Eden regions: 30->0(69)
[2022-06-18T09:00:25.357+0000][8][gc,heap     ] GC(12) Survivor regions: 10->7(10)
[2022-06-18T09:00:25.358+0000][8][gc,heap     ] GC(12) Old regions: 2->6
[2022-06-18T09:00:25.358+0000][8][gc,heap     ] GC(12) Archive regions: 2->2
[2022-06-18T09:00:25.359+0000][8][gc,heap     ] GC(12) Humongous regions: 0->0
[2022-06-18T09:00:25.361+0000][8][gc,metaspace] GC(12) Metaspace: 58747K(60096K)->58747K(60096K) NonClass: 51157K(51904K)->51157K(51904K) Class: 7590K(8192K)->7590K(8192K)
[2022-06-18T09:00:25.362+0000][8][gc          ] GC(12) Pause Young (Concurrent Start) (Metadata GC Threshold) 165M->52M(512M) 68.318ms
[2022-06-18T09:00:25.363+0000][8][gc,cpu      ] GC(12) User=0.13s Sys=0.00s Real=0.07s
[2022-06-18T09:00:25.363+0000][8][gc          ] GC(13) Concurrent Mark Cycle
[2022-06-18T09:00:25.364+0000][8][gc,marking  ] GC(13) Concurrent Clear Claimed Marks
[2022-06-18T09:00:25.365+0000][8][gc,marking  ] GC(13) Concurrent Clear Claimed Marks 1.044ms
[2022-06-18T09:00:25.366+0000][8][gc,marking  ] GC(13) Concurrent Scan Root Regions
[2022-06-18T09:00:25.364+0000][8][safepoint   ] Safepoint "CollectForMetadataAllocation", Time since last: 20150854 ns, Reaching safepoint: 1572775 ns, At safepoint: 70953562 ns, Total: 72526337 ns
[2022-06-18T09:00:25.420+0000][8][gc,marking  ] GC(13) Concurrent Scan Root Regions 53.633ms
[2022-06-18T09:00:25.421+0000][8][gc,marking  ] GC(13) Concurrent Mark
[2022-06-18T09:00:25.422+0000][8][gc,marking  ] GC(13) Concurrent Mark From Roots
[2022-06-18T09:00:25.422+0000][8][gc,task     ] GC(13) Using 1 workers of 1 for marking
[2022-06-18T09:00:25.434+0000][8][safepoint   ] Safepoint "CollectForMetadataAllocation", Time since last: 69160530 ns, Reaching safepoint: 230895 ns, At safepoint: 89589 ns, Total: 320484 ns
[2022-06-18T09:00:25.441+0000][8][gc,marking  ] GC(13) Concurrent Mark From Roots 19.542ms
[2022-06-18T09:00:25.442+0000][8][gc,marking  ] GC(13) Concurrent Preclean
[2022-06-18T09:00:25.443+0000][8][gc,marking  ] GC(13) Concurrent Preclean 0.617ms
[2022-06-18T09:00:25.444+0000][8][gc,start    ] GC(13) Pause Remark
[2022-06-18T09:00:25.451+0000][8][gc          ] GC(13) Pause Remark 56M->56M(512M) 6.438ms
[2022-06-18T09:00:25.451+0000][8][gc,cpu      ] GC(13) User=0.01s Sys=0.00s Real=0.01s
[2022-06-18T09:00:25.461+0000][8][safepoint   ] Safepoint "G1Concurrent", Time since last: 10314831 ns, Reaching safepoint: 53258 ns, At safepoint: 17276992 ns, Total: 17330250 ns
[2022-06-18T09:00:25.465+0000][8][gc,marking  ] GC(13) Concurrent Mark 44.594ms
[2022-06-18T09:00:25.466+0000][8][gc,marking  ] GC(13) Concurrent Rebuild Remembered Sets
[2022-06-18T09:00:25.482+0000][8][gc,marking  ] GC(13) Concurrent Rebuild Remembered Sets 15.513ms
[2022-06-18T09:00:25.483+0000][8][gc,start    ] GC(13) Pause Cleanup
[2022-06-18T09:00:25.484+0000][8][gc          ] GC(13) Pause Cleanup 56M->56M(512M) 0.839ms
[2022-06-18T09:00:25.485+0000][8][gc,cpu      ] GC(13) User=0.00s Sys=0.00s Real=0.00s
[2022-06-18T09:00:25.485+0000][8][safepoint   ] Safepoint "G1Concurrent", Time since last: 21372145 ns, Reaching safepoint: 214667 ns, At safepoint: 2291470 ns, Total: 2506137 ns
[2022-06-18T09:00:25.486+0000][8][gc,marking  ] GC(13) Concurrent Cleanup for Next Mark
[2022-06-18T09:00:25.487+0000][8][gc,marking  ] GC(13) Concurrent Cleanup for Next Mark 1.452ms
[2022-06-18T09:00:25.488+0000][8][gc          ] GC(13) Concurrent Mark Cycle 125.581ms
[2022-06-18T09:00:26.491+0000][8][safepoint   ] Safepoint "Cleanup", Time since last: 1001592197 ns, Reaching safepoint: 4241024 ns, At safepoint: 32445 ns, Total: 4273469 ns
[2022-06-18T09:00:27.827+0000][8][safepoint   ] Safepoint "Cleanup", Time since last: 1335575722 ns, Reaching safepoint: 415356 ns, At safepoint: 52059 ns, Total: 467415 ns
[2022-06-18T09:00:28.952+0000][8][safepoint   ] Safepoint "Cleanup", Time since last: 1118246174 ns, Reaching safepoint: 6226980 ns, At safepoint: 16654 ns, Total: 6243634 ns
[2022-06-18T09:00:29.512+0000][8][gc,start    ] GC(14) Pause Young (Normal) (G1 Evacuation Pause)
[2022-06-18T09:00:29.513+0000][8][gc,task     ] GC(14) Using 4 workers of 4 for evacuation
[2022-06-18T09:00:29.513+0000][8][gc,age      ] GC(14) Desired survivor size 20971520 bytes, new threshold 2 (max threshold 15)
[2022-06-18T09:00:29.556+0000][8][gc,phases   ] GC(14)   Pre Evacuate Collection Set: 0.2ms
[2022-06-18T09:00:29.557+0000][8][gc,phases   ] GC(14)   Merge Heap Roots: 0.2ms
[2022-06-18T09:00:29.559+0000][8][gc,phases   ] GC(14)   Evacuate Collection Set: 38.8ms
[2022-06-18T09:00:29.561+0000][8][gc,phases   ] GC(14)   Post Evacuate Collection Set: 2.9ms
[2022-06-18T09:00:29.562+0000][8][gc,phases   ] GC(14)   Other: 1.2ms
[2022-06-18T09:00:29.563+0000][8][gc,age      ] GC(14) Age table with threshold 2 (max threshold 15)
[2022-06-18T09:00:29.563+0000][8][gc,age      ] GC(14) - age   1:    6424056 bytes,    6424056 total
[2022-06-18T09:00:29.564+0000][8][gc,age      ] GC(14) - age   2:    4552432 bytes,   10976488 total
[2022-06-18T09:00:29.565+0000][8][gc,heap     ] GC(14) Eden regions: 69->0(72)
[2022-06-18T09:00:29.565+0000][8][gc,heap     ] GC(14) Survivor regions: 7->4(10)
[2022-06-18T09:00:29.566+0000][8][gc,heap     ] GC(14) Old regions: 6->11
[2022-06-18T09:00:29.567+0000][8][gc,heap     ] GC(14) Archive regions: 2->2
[2022-06-18T09:00:29.567+0000][8][gc,heap     ] GC(14) Humongous regions: 0->0
[2022-06-18T09:00:29.568+0000][8][gc,metaspace] GC(14) Metaspace: 71797K(73280K)->71797K(73280K) NonClass: 62413K(63296K)->62413K(63296K) Class: 9383K(9984K)->9383K(9984K)
[2022-06-18T09:00:29.569+0000][8][gc          ] GC(14) Pause Young (Normal) (G1 Evacuation Pause) 328M->59M(512M) 57.296ms
[2022-06-18T09:00:29.570+0000][8][gc,cpu      ] GC(14) User=0.11s Sys=0.00s Real=0.06s
[2022-06-18T09:00:29.572+0000][8][safepoint   ] Safepoint "G1CollectForAllocation", Time since last: 559100113 ns, Reaching safepoint: 902202 ns, At safepoint: 60119255 ns, Total: 61021457 ns
[2022-06-18T09:00:30.575+0000][8][safepoint   ] Safepoint "Cleanup", Time since last: 1001268255 ns, Reaching safepoint: 1390900 ns, At safepoint: 54140 ns, Total: 1445040 ns
[2022-06-18T09:00:31.468+0000][8][safepoint   ] Safepoint "ICBufferFull", Time since last: 893106370 ns, Reaching safepoint: 170310 ns, At safepoint: 4062 ns, Total: 174372 ns
[2022-06-18T09:00:32.469+0000][8][safepoint   ] Safepoint "Cleanup", Time since last: 1001094886 ns, Reaching safepoint: 550139 ns, At safepoint: 9645 ns, Total: 559784 ns
[2022-06-18T09:00:32.935+0000][8][gc,start    ] GC(15) Pause Young (Concurrent Start) (Metadata GC Threshold)
[2022-06-18T09:00:32.936+0000][8][gc,task     ] GC(15) Using 4 workers of 4 for evacuation
[2022-06-18T09:00:32.936+0000][8][gc,age      ] GC(15) Desired survivor size 20971520 bytes, new threshold 15 (max threshold 15)
[2022-06-18T09:00:32.977+0000][8][gc,phases   ] GC(15)   Pre Evacuate Collection Set: 0.4ms
[2022-06-18T09:00:32.979+0000][8][gc,phases   ] GC(15)   Merge Heap Roots: 0.2ms
[2022-06-18T09:00:32.979+0000][8][gc,phases   ] GC(15)   Evacuate Collection Set: 34.3ms
[2022-06-18T09:00:32.980+0000][8][gc,phases   ] GC(15)   Post Evacuate Collection Set: 4.8ms
[2022-06-18T09:00:32.981+0000][8][gc,phases   ] GC(15)   Other: 1.7ms
[2022-06-18T09:00:32.981+0000][8][gc,age      ] GC(15) Age table with threshold 15 (max threshold 15)
[2022-06-18T09:00:32.982+0000][8][gc,age      ] GC(15) - age   1:   10836856 bytes,   10836856 total
[2022-06-18T09:00:32.983+0000][8][gc,age      ] GC(15) - age   2:    6198016 bytes,   17034872 total
[2022-06-18T09:00:32.983+0000][8][gc,age      ] GC(15) - age   3:    4444592 bytes,   21479464 total
[2022-06-18T09:00:32.984+0000][8][gc,heap     ] GC(15) Eden regions: 47->0(70)
[2022-06-18T09:00:32.985+0000][8][gc,heap     ] GC(15) Survivor regions: 4->6(10)
[2022-06-18T09:00:32.986+0000][8][gc,heap     ] GC(15) Old regions: 11->11
[2022-06-18T09:00:32.987+0000][8][gc,heap     ] GC(15) Archive regions: 2->2
[2022-06-18T09:00:32.987+0000][8][gc,heap     ] GC(15) Humongous regions: 0->0
[2022-06-18T09:00:32.988+0000][8][gc,metaspace] GC(15) Metaspace: 98092K(100928K)->98092K(100928K) NonClass: 84827K(86272K)->84827K(86272K) Class: 13265K(14656K)->13265K(14656K)
[2022-06-18T09:00:32.989+0000][8][gc          ] GC(15) Pause Young (Concurrent Start) (Metadata GC Threshold) 247M->67M(512M) 54.178ms
[2022-06-18T09:00:32.990+0000][8][gc,cpu      ] GC(15) User=0.14s Sys=0.01s Real=0.06s
[2022-06-18T09:00:32.991+0000][8][safepoint   ] Safepoint "CollectForMetadataAllocation", Time since last: 464710925 ns, Reaching safepoint: 559131 ns, At safepoint: 56555860 ns, Total: 57114991 ns
[2022-06-18T09:00:32.990+0000][8][gc          ] GC(16) Concurrent Mark Cycle
[2022-06-18T09:00:32.994+0000][8][gc,marking  ] GC(16) Concurrent Clear Claimed Marks
[2022-06-18T09:00:33.000+0000][8][gc,marking  ] GC(16) Concurrent Clear Claimed Marks 6.221ms
[2022-06-18T09:00:33.001+0000][8][gc,marking  ] GC(16) Concurrent Scan Root Regions
[2022-06-18T09:00:33.033+0000][8][safepoint   ] Safepoint "CollectForMetadataAllocation", Time since last: 41838236 ns, Reaching safepoint: 123777 ns, At safepoint: 213222 ns, Total: 336999 ns
[2022-06-18T09:00:33.044+0000][8][gc,marking  ] GC(16) Concurrent Scan Root Regions 43.229ms
[2022-06-18T09:00:33.045+0000][8][gc,marking  ] GC(16) Concurrent Mark
[2022-06-18T09:00:33.045+0000][8][gc,marking  ] GC(16) Concurrent Mark From Roots
[2022-06-18T09:00:33.046+0000][8][gc,task     ] GC(16) Using 1 workers of 1 for marking
[2022-06-18T09:00:33.083+0000][8][safepoint   ] Safepoint "CollectForMetadataAllocation", Time since last: 48870209 ns, Reaching safepoint: 241321 ns, At safepoint: 202773 ns, Total: 444094 ns
[2022-06-18T09:00:33.305+0000][8][gc,marking  ] GC(16) Concurrent Mark From Roots 259.832ms
[2022-06-18T09:00:33.309+0000][8][gc,marking  ] GC(16) Concurrent Preclean
[2022-06-18T09:00:33.315+0000][8][gc,marking  ] GC(16) Concurrent Preclean 5.775ms
[2022-06-18T09:00:33.318+0000][8][gc,start    ] GC(16) Pause Remark
[2022-06-18T09:00:33.336+0000][8][gc          ] GC(16) Pause Remark 75M->75M(512M) 17.652ms
[2022-06-18T09:00:33.337+0000][8][gc,cpu      ] GC(16) User=0.03s Sys=0.00s Real=0.02s
[2022-06-18T09:00:33.338+0000][8][safepoint   ] Safepoint "G1Concurrent", Time since last: 233242490 ns, Reaching safepoint: 2343479 ns, At safepoint: 19717009 ns, Total: 22060488 ns
[2022-06-18T09:00:33.355+0000][8][gc,marking  ] GC(16) Concurrent Mark 310.013ms
[2022-06-18T09:00:33.358+0000][8][gc,marking  ] GC(16) Concurrent Rebuild Remembered Sets
[2022-06-18T09:00:33.453+0000][8][gc,marking  ] GC(16) Concurrent Rebuild Remembered Sets 95.294ms
[2022-06-18T09:00:33.462+0000][8][gc,start    ] GC(16) Pause Cleanup
[2022-06-18T09:00:33.463+0000][8][gc          ] GC(16) Pause Cleanup 80M->80M(512M) 0.911ms
[2022-06-18T09:00:33.464+0000][8][gc,cpu      ] GC(16) User=0.01s Sys=0.00s Real=0.00s
[2022-06-18T09:00:33.466+0000][8][safepoint   ] Safepoint "G1Concurrent", Time since last: 119965840 ns, Reaching safepoint: 4341384 ns, At safepoint: 3267269 ns, Total: 7608653 ns
[2022-06-18T09:00:33.466+0000][8][gc,marking  ] GC(16) Concurrent Cleanup for Next Mark
[2022-06-18T09:00:33.467+0000][8][gc,marking  ] GC(16) Concurrent Cleanup for Next Mark 1.201ms
[2022-06-18T09:00:33.468+0000][8][gc          ] GC(16) Concurrent Mark Cycle 478.005ms
[2022-06-18T09:00:34.290+0000][8][safepoint   ] Safepoint "ICBufferFull", Time since last: 823948429 ns, Reaching safepoint: 432782 ns, At safepoint: 51956 ns, Total: 484738 ns
[2022-06-18T09:00:35.217+0000][8][safepoint   ] Safepoint "ICBufferFull", Time since last: 926861163 ns, Reaching safepoint: 297726 ns, At safepoint: 26038 ns, Total: 323764 ns
[2022-06-18T09:00:35.667+0000][8][safepoint   ] Safepoint "ICBufferFull", Time since last: 449591121 ns, Reaching safepoint: 188311 ns, At safepoint: 4902 ns, Total: 193213 ns
[2022-06-18T09:00:36.183+0000][8][safepoint   ] Safepoint "ICBufferFull", Time since last: 515915232 ns, Reaching safepoint: 216309 ns, At safepoint: 32224 ns, Total: 248533 ns
[2022-06-18T09:00:37.186+0000][8][safepoint   ] Safepoint "Cleanup", Time since last: 1002210901 ns, Reaching safepoint: 309046 ns, At safepoint: 45604 ns, Total: 354650 ns
[2022-06-18T09:00:38.208+0000][8][safepoint   ] Safepoint "Cleanup", Time since last: 1022159927 ns, Reaching safepoint: 94644 ns, At safepoint: 27570 ns, Total: 122214 ns
[2022-06-18T09:00:40.121+0000][8][safepoint   ] Safepoint "Cleanup", Time since last: 1978523117 ns, Reaching safepoint: 133185 ns, At safepoint: 8326 ns, Total: 141511 ns
[2022-06-18T09:00:41.124+0000][8][safepoint   ] Safepoint "Cleanup", Time since last: 1003103094 ns, Reaching safepoint: 406084 ns, At safepoint: 34675 ns, Total: 440759 ns
[2022-06-18T09:00:42.132+0000][8][safepoint   ] Safepoint "Cleanup", Time since last: 1007831100 ns, Reaching safepoint: 94583 ns, At safepoint: 4147 ns, Total: 98730 ns
[2022-06-18T09:00:42.597+0000][8][safepoint   ] Safepoint "ICBufferFull", Time since last: 464039695 ns, Reaching safepoint: 1015813 ns, At safepoint: 73441 ns, Total: 1089254 ns
[2022-06-18T09:00:42.723+0000][8][gc,start    ] GC(17) Pause Young (Normal) (G1 Evacuation Pause)
[2022-06-18T09:00:42.724+0000][8][gc,task     ] GC(17) Using 4 workers of 4 for evacuation
[2022-06-18T09:00:42.725+0000][8][gc,age      ] GC(17) Desired survivor size 20971520 bytes, new threshold 3 (max threshold 15)
[2022-06-18T09:00:43.002+0000][8][gc,mmu      ] GC(17) MMU target violated: 201.0ms (200.0ms/201.0ms)
[2022-06-18T09:00:43.003+0000][8][gc,phases   ] GC(17)   Pre Evacuate Collection Set: 0.1ms
[2022-06-18T09:00:43.004+0000][8][gc,phases   ] GC(17)   Merge Heap Roots: 0.1ms
[2022-06-18T09:00:43.004+0000][8][gc,phases   ] GC(17)   Evacuate Collection Set: 270.8ms
[2022-06-18T09:00:43.005+0000][8][gc,phases   ] GC(17)   Post Evacuate Collection Set: 2.9ms
[2022-06-18T09:00:43.006+0000][8][gc,phases   ] GC(17)   Other: 4.6ms
[2022-06-18T09:00:43.006+0000][8][gc,age      ] GC(17) Age table with threshold 3 (max threshold 15)
[2022-06-18T09:00:43.007+0000][8][gc,age      ] GC(17) - age   1:   11099784 bytes,   11099784 total
[2022-06-18T09:00:43.008+0000][8][gc,age      ] GC(17) - age   2:   10352184 bytes,   21451968 total
[2022-06-18T09:00:43.008+0000][8][gc,age      ] GC(17) - age   3:    6172880 bytes,   27624848 total
[2022-06-18T09:00:43.009+0000][8][gc,heap     ] GC(17) Eden regions: 70->0(65)
[2022-06-18T09:00:43.020+0000][8][gc,heap     ] GC(17) Survivor regions: 6->7(10)
[2022-06-18T09:00:43.025+0000][8][gc,heap     ] GC(17) Old regions: 11->12
[2022-06-18T09:00:43.026+0000][8][gc,heap     ] GC(17) Archive regions: 2->2
[2022-06-18T09:00:43.028+0000][8][gc,heap     ] GC(17) Humongous regions: 0->0
[2022-06-18T09:00:43.028+0000][8][gc,metaspace] GC(17) Metaspace: 111831K(114752K)->111831K(114752K) NonClass: 96483K(98048K)->96483K(98048K) Class: 15348K(16704K)->15348K(16704K)
[2022-06-18T09:00:43.029+0000][8][gc          ] GC(17) Pause Young (Normal) (G1 Evacuation Pause) 347M->78M(512M) 306.645ms
[2022-06-18T09:00:43.031+0000][8][gc,cpu      ] GC(17) User=0.75s Sys=0.02s Real=0.30s
[2022-06-18T09:00:43.039+0000][8][safepoint   ] Safepoint "G1CollectForAllocation", Time since last: 125043929 ns, Reaching safepoint: 207889 ns, At safepoint: 316280571 ns, Total: 316488460 ns
[2022-06-18T09:00:43.631+0000][8][safepoint   ] Safepoint "ICBufferFull", Time since last: 582636719 ns, Reaching safepoint: 9353094 ns, At safepoint: 20295 ns, Total: 9373389 ns
[2022-06-18T09:00:44.755+0000][8][safepoint   ] Safepoint "Cleanup", Time since last: 1123697069 ns, Reaching safepoint: 288844 ns, At safepoint: 6726 ns, Total: 295570 ns
[2022-06-18T09:00:45.756+0000][8][safepoint   ] Safepoint "Cleanup", Time since last: 1001527184 ns, Reaching safepoint: 96837 ns, At safepoint: 10128 ns, Total: 106965 ns
[2022-06-18T09:00:47.120+0000][8][safepoint   ] Safepoint "Cleanup", Time since last: 1363085597 ns, Reaching safepoint: 162660 ns, At safepoint: 7617 ns, Total: 170277 ns
[2022-06-18T09:00:48.123+0000][8][safepoint   ] Safepoint "Cleanup", Time since last: 1002090494 ns, Reaching safepoint: 824230 ns, At safepoint: 86801 ns, Total: 911031 ns
[2022-06-18T09:00:48.373+0000][8][safepoint   ] Safepoint "ICBufferFull", Time since last: 249767040 ns, Reaching safepoint: 774695 ns, At safepoint: 52675 ns, Total: 827370 ns
[2022-06-18T09:00:49.462+0000][8][safepoint   ] Safepoint "Cleanup", Time since last: 1088043617 ns, Reaching safepoint: 588283 ns, At safepoint: 90068 ns, Total: 678351 ns
[2022-06-18T09:00:50.465+0000][8][safepoint   ] Safepoint "Cleanup", Time since last: 1003135874 ns, Reaching safepoint: 178902 ns, At safepoint: 16243 ns, Total: 195145 ns
[2022-06-18T09:00:51.376+0000][8][safepoint   ] Safepoint "ICBufferFull", Time since last: 909722565 ns, Reaching safepoint: 392810 ns, At safepoint: 80251 ns, Total: 473061 ns
[2022-06-18T09:00:52.378+0000][8][safepoint   ] Safepoint "Cleanup", Time since last: 1002552140 ns, Reaching safepoint: 388407 ns, At safepoint: 41796 ns, Total: 430203 ns
[2022-06-18T09:00:53.381+0000][8][safepoint   ] Safepoint "Cleanup", Time since last: 1002170807 ns, Reaching safepoint: 415916 ns, At safepoint: 17736 ns, Total: 433652 ns
[2022-06-18T09:00:54.384+0000][8][safepoint   ] Safepoint "Cleanup", Time since last: 1002942498 ns, Reaching safepoint: 249408 ns, At safepoint: 20327 ns, Total: 269735 ns
[2022-06-18T09:00:55.386+0000][8][safepoint   ] Safepoint "Cleanup", Time since last: 1001600250 ns, Reaching safepoint: 142216 ns, At safepoint: 8169 ns, Total: 150385 ns
[2022-06-18T09:00:56.388+0000][8][safepoint   ] Safepoint "Cleanup", Time since last: 1002095751 ns, Reaching safepoint: 267011 ns, At safepoint: 16006 ns, Total: 283017 ns
[2022-06-18T09:00:57.165+0000][8][safepoint   ] Safepoint "ICBufferFull", Time since last: 776241915 ns, Reaching safepoint: 212439 ns, At safepoint: 55258 ns, Total: 267697 ns
[2022-06-18T09:00:58.170+0000][8][safepoint   ] Safepoint "Cleanup", Time since last: 1004123371 ns, Reaching safepoint: 557460 ns, At safepoint: 10816 ns, Total: 568276 ns
[2022-06-18T09:00:59.174+0000][8][safepoint   ] Safepoint "Cleanup", Time since last: 1004045349 ns, Reaching safepoint: 187077 ns, At safepoint: 9023 ns, Total: 196100 ns
[2022-06-18T09:01:00.179+0000][8][safepoint   ] Safepoint "Cleanup", Time since last: 1005270960 ns, Reaching safepoint: 171894 ns, At safepoint: 10282 ns, Total: 182176 ns
[2022-06-18T09:01:01.570+0000][8][safepoint   ] Safepoint "Cleanup", Time since last: 1390766543 ns, Reaching safepoint: 256807 ns, At safepoint: 14477 ns, Total: 271284 ns
[2022-06-18T09:01:02.574+0000][8][safepoint   ] Safepoint "Cleanup", Time since last: 1002885922 ns, Reaching safepoint: 247218 ns, At safepoint: 8153 ns, Total: 255371 ns
[2022-06-18T09:01:03.577+0000][8][safepoint   ] Safepoint "Cleanup", Time since last: 1002678473 ns, Reaching safepoint: 559454 ns, At safepoint: 34154 ns, Total: 593608 ns
[2022-06-18T09:01:04.582+0000][8][safepoint   ] Safepoint "Cleanup", Time since last: 1004954550 ns, Reaching safepoint: 253510 ns, At safepoint: 9148 ns, Total: 262658 ns
[2022-06-18T09:01:05.584+0000][8][safepoint   ] Safepoint "Cleanup", Time since last: 1002089970 ns, Reaching safepoint: 183984 ns, At safepoint: 6306 ns, Total: 190290 ns
[2022-06-18T09:01:06.588+0000][8][safepoint   ] Safepoint "Cleanup", Time since last: 1003784558 ns, Reaching safepoint: 213476 ns, At safepoint: 62647 ns, Total: 276123 ns
[2022-06-18T09:01:07.591+0000][8][safepoint   ] Safepoint "Cleanup", Time since last: 1002466802 ns, Reaching safepoint: 113323 ns, At safepoint: 42322 ns, Total: 155645 ns
[2022-06-18T09:01:08.604+0000][8][safepoint   ] Safepoint "Cleanup", Time since last: 1002194051 ns, Reaching safepoint: 106031 ns, At safepoint: 6475 ns, Total: 112506 ns
[2022-06-18T09:01:09.606+0000][8][safepoint   ] Safepoint "Cleanup", Time since last: 1001584768 ns, Reaching safepoint: 204621 ns, At safepoint: 34980 ns, Total: 239601 ns
[2022-06-18T09:01:10.610+0000][8][safepoint   ] Safepoint "Cleanup", Time since last: 1003567067 ns, Reaching safepoint: 246626 ns, At safepoint: 11386 ns, Total: 258012 ns
[2022-06-18T09:01:12.612+0000][8][safepoint   ] Safepoint "Cleanup", Time since last: 2001971911 ns, Reaching safepoint: 172140 ns, At safepoint: 7004 ns, Total: 179144 ns
[2022-06-18T09:01:15.622+0000][8][safepoint   ] Safepoint "Cleanup", Time since last: 3001669080 ns, Reaching safepoint: 2753471 ns, At safepoint: 5426382 ns, Total: 8179853 ns
[2022-06-18T09:01:16.724+0000][8][safepoint   ] Safepoint "Cleanup", Time since last: 1094542141 ns, Reaching safepoint: 7457199 ns, At safepoint: 23002 ns, Total: 7480201 ns
[2022-06-18T09:01:17.734+0000][8][safepoint   ] Safepoint "Cleanup", Time since last: 1009578753 ns, Reaching safepoint: 109013 ns, At safepoint: 4745 ns, Total: 113758 ns
[2022-06-18T09:01:18.736+0000][8][safepoint   ] Safepoint "Cleanup", Time since last: 1002087461 ns, Reaching safepoint: 168848 ns, At safepoint: 8970 ns, Total: 177818 ns
[2022-06-18T09:01:19.738+0000][8][safepoint   ] Safepoint "Cleanup", Time since last: 1001348145 ns, Reaching safepoint: 311950 ns, At safepoint: 34757 ns, Total: 346707 ns
[2022-06-18T09:01:21.745+0000][8][safepoint   ] Safepoint "Cleanup", Time since last: 2007678970 ns, Reaching safepoint: 229657 ns, At safepoint: 6215 ns, Total: 235872 ns
[2022-06-18T09:01:22.771+0000][8][safepoint   ] Safepoint "Cleanup", Time since last: 1025639768 ns, Reaching safepoint: 116083 ns, At safepoint: 3107 ns, Total: 119190 ns
[2022-06-18T09:01:23.773+0000][8][safepoint   ] Safepoint "Cleanup", Time since last: 1001247732 ns, Reaching safepoint: 111054 ns, At safepoint: 4791 ns, Total: 115845 ns
[2022-06-18T09:01:24.776+0000][8][safepoint   ] Safepoint "Cleanup", Time since last: 1003176568 ns, Reaching safepoint: 114983 ns, At safepoint: 17973 ns, Total: 132956 ns
[2022-06-18T09:01:25.778+0000][8][safepoint   ] Safepoint "Cleanup", Time since last: 1001910511 ns, Reaching safepoint: 167866 ns, At safepoint: 10213 ns, Total: 178079 ns
[2022-06-18T09:01:27.781+0000][8][safepoint   ] Safepoint "Cleanup", Time since last: 2003198077 ns, Reaching safepoint: 154996 ns, At safepoint: 4985 ns, Total: 159981 ns
[2022-06-18T09:01:28.782+0000][8][safepoint   ] Safepoint "Cleanup", Time since last: 1001092431 ns, Reaching safepoint: 96494 ns, At safepoint: 6966 ns, Total: 103460 ns
[2022-06-18T09:01:30.784+0000][8][safepoint   ] Safepoint "Cleanup", Time since last: 2001320748 ns, Reaching safepoint: 150795 ns, At safepoint: 7278 ns, Total: 158073 ns
[2022-06-18T09:01:33.787+0000][8][safepoint   ] Safepoint "Cleanup", Time since last: 3002436905 ns, Reaching safepoint: 127500 ns, At safepoint: 8469 ns, Total: 135969 ns
[2022-06-18T09:01:34.789+0000][8][safepoint   ] Safepoint "Cleanup", Time since last: 1001956127 ns, Reaching safepoint: 217502 ns, At safepoint: 13726 ns, Total: 231228 ns
[2022-06-18T09:01:35.793+0000][8][safepoint   ] Safepoint "Cleanup", Time since last: 1003883823 ns, Reaching safepoint: 664563 ns, At safepoint: 21738 ns, Total: 686301 ns
[2022-06-18T09:01:36.795+0000][8][safepoint   ] Safepoint "Cleanup", Time since last: 1001717460 ns, Reaching safepoint: 133407 ns, At safepoint: 5390 ns, Total: 138797 ns
[2022-06-18T09:01:38.741+0000][8][safepoint   ] Safepoint "Cleanup", Time since last: 2001431329 ns, Reaching safepoint: 300425 ns, At safepoint: 15745 ns, Total: 316170 ns
[2022-06-18T09:01:39.744+0000][8][safepoint   ] Safepoint "Cleanup", Time since last: 1002826398 ns, Reaching safepoint: 127310 ns, At safepoint: 7690 ns, Total: 135000 ns
[2022-06-18T09:01:40.752+0000][8][safepoint   ] Safepoint "Cleanup", Time since last: 1007631010 ns, Reaching safepoint: 61978 ns, At safepoint: 3433 ns, Total: 65411 ns
[2022-06-18T09:01:42.754+0000][8][safepoint   ] Safepoint "Cleanup", Time since last: 2002538952 ns, Reaching safepoint: 126601 ns, At safepoint: 5323 ns, Total: 131924 ns
[2022-06-18T09:01:44.137+0000][8][gc,start    ] GC(18) Pause Young (Normal) (G1 Evacuation Pause)
[2022-06-18T09:01:44.138+0000][8][gc,task     ] GC(18) Using 4 workers of 4 for evacuation
[2022-06-18T09:01:44.140+0000][8][gc,age      ] GC(18) Desired survivor size 18874368 bytes, new threshold 2 (max threshold 15)
[2022-06-18T09:01:44.454+0000][8][gc,mmu      ] GC(18) MMU target violated: 201.0ms (200.0ms/201.0ms)
[2022-06-18T09:01:44.460+0000][8][gc,phases   ] GC(18)   Pre Evacuate Collection Set: 5.0ms
[2022-06-18T09:01:44.463+0000][8][gc,phases   ] GC(18)   Merge Heap Roots: 0.3ms
[2022-06-18T09:01:44.465+0000][8][gc,phases   ] GC(18)   Evacuate Collection Set: 277.3ms
[2022-06-18T09:01:44.467+0000][8][gc,phases   ] GC(18)   Post Evacuate Collection Set: 19.8ms
[2022-06-18T09:01:44.469+0000][8][gc,phases   ] GC(18)   Other: 19.1ms
[2022-06-18T09:01:44.474+0000][8][gc,age      ] GC(18) Age table with threshold 2 (max threshold 15)
[2022-06-18T09:01:44.478+0000][8][gc,age      ] GC(18) - age   1:    8653920 bytes,    8653920 total
[2022-06-18T09:01:44.479+0000][8][gc,age      ] GC(18) - age   2:    9784512 bytes,   18438432 total
[2022-06-18T09:01:44.481+0000][8][gc,heap     ] GC(18) Eden regions: 65->0(59)
[2022-06-18T09:01:44.482+0000][8][gc,heap     ] GC(18) Survivor regions: 7->5(9)
[2022-06-18T09:01:44.483+0000][8][gc,heap     ] GC(18) Old regions: 12->16
[2022-06-18T09:01:44.484+0000][8][gc,heap     ] GC(18) Archive regions: 2->2
[2022-06-18T09:01:44.488+0000][8][gc,heap     ] GC(18) Humongous regions: 0->0
[2022-06-18T09:01:44.491+0000][8][gc,metaspace] GC(18) Metaspace: 118616K(121792K)->118616K(121792K) NonClass: 102521K(104192K)->102521K(104192K) Class: 16094K(17600K)->16094K(17600K)
[2022-06-18T09:01:44.495+0000][8][gc          ] GC(18) Pause Young (Normal) (G1 Evacuation Pause) 338M->86M(512M) 357.989ms
[2022-06-18T09:01:44.497+0000][8][gc,cpu      ] GC(18) User=0.52s Sys=0.13s Real=0.36s
[2022-06-18T09:01:44.499+0000][8][safepoint   ] Safepoint "G1CollectForAllocation", Time since last: 1381132236 ns, Reaching safepoint: 70038 ns, At safepoint: 363426126 ns, Total: 363496164 ns
[2022-06-18T09:01:45.511+0000][8][safepoint   ] Safepoint "Cleanup", Time since last: 1011704739 ns, Reaching safepoint: 213975 ns, At safepoint: 7696 ns, Total: 221671 ns
[2022-06-18T09:01:46.515+0000][8][safepoint   ] Safepoint "Cleanup", Time since last: 1003554156 ns, Reaching safepoint: 116207 ns, At safepoint: 4900 ns, Total: 121107 ns
[2022-06-18T09:01:48.524+0000][8][safepoint   ] Safepoint "Cleanup", Time since last: 2007755361 ns, Reaching safepoint: 1228369 ns, At safepoint: 32929 ns, Total: 1261298 ns
[2022-06-18T09:01:49.528+0000][8][safepoint   ] Safepoint "Cleanup", Time since last: 1004279140 ns, Reaching safepoint: 218444 ns, At safepoint: 15757 ns, Total: 234201 ns
[2022-06-18T09:01:50.545+0000][8][safepoint   ] Safepoint "Cleanup", Time since last: 1016206608 ns, Reaching safepoint: 344055 ns, At safepoint: 39144 ns, Total: 383199 ns
[2022-06-18T09:01:51.564+0000][8][safepoint   ] Safepoint "Cleanup", Time since last: 1019491019 ns, Reaching safepoint: 90387 ns, At safepoint: 4022 ns, Total: 94409 ns
[2022-06-18T09:01:52.579+0000][8][safepoint   ] Safepoint "Cleanup", Time since last: 1014952132 ns, Reaching safepoint: 109328 ns, At safepoint: 4288 ns, Total: 113616 ns
[2022-06-18T09:01:55.609+0000][8][safepoint   ] Safepoint "Cleanup", Time since last: 3029593273 ns, Reaching safepoint: 242853 ns, At safepoint: 17900 ns, Total: 260753 ns
[2022-06-18T09:01:57.377+0000][8][safepoint   ] Safepoint "Cleanup", Time since last: 1767371275 ns, Reaching safepoint: 213233 ns, At safepoint: 5368 ns, Total: 218601 ns
[2022-06-18T09:01:58.382+0000][8][safepoint   ] Safepoint "Cleanup", Time since last: 1005240141 ns, Reaching safepoint: 164294 ns, At safepoint: 10461 ns, Total: 174755 ns
[2022-06-18T09:02:01.384+0000][8][safepoint   ] Safepoint "Cleanup", Time since last: 3001489479 ns, Reaching safepoint: 102961 ns, At safepoint: 3258 ns, Total: 106219 ns
[2022-06-18T09:02:02.396+0000][8][safepoint   ] Safepoint "Cleanup", Time since last: 1012185988 ns, Reaching safepoint: 96265 ns, At safepoint: 6119 ns, Total: 102384 ns
[2022-06-18T09:02:03.400+0000][8][safepoint   ] Safepoint "Cleanup", Time since last: 1004003015 ns, Reaching safepoint: 219685 ns, At safepoint: 9798 ns, Total: 229483 ns
[2022-06-18T09:02:04.402+0000][8][safepoint   ] Safepoint "Cleanup", Time since last: 1001833790 ns, Reaching safepoint: 94076 ns, At safepoint: 2431 ns, Total: 96507 ns
[2022-06-18T09:02:05.489+0000][8][safepoint   ] Safepoint "Cleanup", Time since last: 1086241762 ns, Reaching safepoint: 119154 ns, At safepoint: 4886 ns, Total: 124040 ns
[2022-06-18T09:02:06.490+0000][8][safepoint   ] Safepoint "Cleanup", Time since last: 1001485188 ns, Reaching safepoint: 104798 ns, At safepoint: 4271 ns, Total: 109069 ns
[2022-06-18T09:02:07.492+0000][8][safepoint   ] Safepoint "Cleanup", Time since last: 1001809595 ns, Reaching safepoint: 132289 ns, At safepoint: 4558 ns, Total: 136847 ns
[2022-06-18T09:02:08.475+0000][8][safepoint   ] Safepoint "Cleanup", Time since last: 1002241461 ns, Reaching safepoint: 179988 ns, At safepoint: 8858 ns, Total: 188846 ns
[2022-06-18T09:02:10.481+0000][8][safepoint   ] Safepoint "Cleanup", Time since last: 2005893889 ns, Reaching safepoint: 162796 ns, At safepoint: 4381 ns, Total: 167177 ns
[2022-06-18T09:02:11.485+0000][8][safepoint   ] Safepoint "Cleanup", Time since last: 1003178021 ns, Reaching safepoint: 267374 ns, At safepoint: 5993 ns, Total: 273367 ns
[2022-06-18T09:02:13.487+0000][8][safepoint   ] Safepoint "Cleanup", Time since last: 2001934038 ns, Reaching safepoint: 80163 ns, At safepoint: 4055 ns, Total: 84218 ns
[2022-06-18T09:02:16.495+0000][8][safepoint   ] Safepoint "Cleanup", Time since last: 3007584709 ns, Reaching safepoint: 109125 ns, At safepoint: 5641 ns, Total: 114766 ns
[2022-06-18T09:02:17.502+0000][8][safepoint   ] Safepoint "Cleanup", Time since last: 1006483102 ns, Reaching safepoint: 1417923 ns, At safepoint: 17893 ns, Total: 1435816 ns
[2022-06-18T09:02:18.511+0000][8][safepoint   ] Safepoint "Cleanup", Time since last: 1008010003 ns, Reaching safepoint: 80931 ns, At safepoint: 3610 ns, Total: 84541 ns
[2022-06-18T09:02:19.513+0000][8][safepoint   ] Safepoint "Cleanup", Time since last: 1002572685 ns, Reaching safepoint: 199729 ns, At safepoint: 7774 ns, Total: 207503 ns
[2022-06-18T09:02:21.515+0000][8][safepoint   ] Safepoint "Cleanup", Time since last: 2001681438 ns, Reaching safepoint: 117381 ns, At safepoint: 4613 ns, Total: 121994 ns
[2022-06-18T09:02:22.516+0000][8][safepoint   ] Safepoint "Cleanup", Time since last: 1001214855 ns, Reaching safepoint: 112665 ns, At safepoint: 8841 ns, Total: 121506 ns
[2022-06-18T09:02:23.519+0000][8][safepoint   ] Safepoint "Cleanup", Time since last: 1002889691 ns, Reaching safepoint: 87180 ns, At safepoint: 4137 ns, Total: 91317 ns
[2022-06-18T09:02:25.524+0000][8][safepoint   ] Safepoint "Cleanup", Time since last: 2004209953 ns, Reaching safepoint: 92709 ns, At safepoint: 3997 ns, Total: 96706 ns
[2022-06-18T09:02:26.527+0000][8][safepoint   ] Safepoint "Cleanup", Time since last: 1002945327 ns, Reaching safepoint: 156991 ns, At safepoint: 4447 ns, Total: 161438 ns
[2022-06-18T09:02:27.533+0000][8][safepoint   ] Safepoint "Cleanup", Time since last: 1005656099 ns, Reaching safepoint: 64927 ns, At safepoint: 4201 ns, Total: 69128 ns
[2022-06-18T09:02:28.538+0000][8][safepoint   ] Safepoint "Cleanup", Time since last: 1005434648 ns, Reaching safepoint: 135637 ns, At safepoint: 11476 ns, Total: 147113 ns
[2022-06-18T09:02:29.543+0000][8][safepoint   ] Safepoint "Cleanup", Time since last: 1002611588 ns, Reaching safepoint: 1863208 ns, At safepoint: 37206 ns, Total: 1900414 ns
[2022-06-18T09:02:30.597+0000][8][safepoint   ] Safepoint "Cleanup", Time since last: 1010769969 ns, Reaching safepoint: 43138205 ns, At safepoint: 79418 ns, Total: 43217623 ns
[2022-06-18T09:02:31.638+0000][8][safepoint   ] Safepoint "Cleanup", Time since last: 1026092376 ns, Reaching safepoint: 15169461 ns, At safepoint: 24518 ns, Total: 15193979 ns
[2022-06-18T09:02:32.640+0000][8][safepoint   ] Safepoint "Cleanup", Time since last: 1001758812 ns, Reaching safepoint: 144987 ns, At safepoint: 10489 ns, Total: 155476 ns
[2022-06-18T09:02:34.656+0000][8][safepoint   ] Safepoint "Cleanup", Time since last: 2016099014 ns, Reaching safepoint: 297593 ns, At safepoint: 12932 ns, Total: 310525 ns
[2022-06-18T09:02:35.692+0000][8][safepoint   ] Safepoint "Cleanup", Time since last: 1034676540 ns, Reaching safepoint: 1032738 ns, At safepoint: 25152 ns, Total: 1057890 ns
[2022-06-18T09:02:36.698+0000][8][safepoint   ] Safepoint "Cleanup", Time since last: 1004872874 ns, Reaching safepoint: 999999 ns, At safepoint: 34177 ns, Total: 1034176 ns
[2022-06-18T09:02:37.702+0000][8][safepoint   ] Safepoint "Cleanup", Time since last: 1003841419 ns, Reaching safepoint: 95067 ns, At safepoint: 8256 ns, Total: 103323 ns
[2022-06-18T09:02:39.680+0000][8][safepoint   ] Safepoint "Cleanup", Time since last: 2001917769 ns, Reaching safepoint: 79500 ns, At safepoint: 6159 ns, Total: 85659 ns
[2022-06-18T09:02:40.700+0000][8][safepoint   ] Safepoint "Cleanup", Time since last: 1019071594 ns, Reaching safepoint: 211276 ns, At safepoint: 7558 ns, Total: 218834 ns
[2022-06-18T09:02:41.741+0000][8][safepoint   ] Safepoint "Cleanup", Time since last: 1041279476 ns, Reaching safepoint: 214796 ns, At safepoint: 4247 ns, Total: 219043 ns
[2022-06-18T09:02:42.753+0000][8][safepoint   ] Safepoint "Cleanup", Time since last: 1011705416 ns, Reaching safepoint: 85254 ns, At safepoint: 22758 ns, Total: 108012 ns
[2022-06-18T09:02:43.763+0000][8][safepoint   ] Safepoint "Cleanup", Time since last: 1009816061 ns, Reaching safepoint: 58561 ns, At safepoint: 3890 ns, Total: 62451 ns
[2022-06-18T09:02:44.764+0000][8][safepoint   ] Safepoint "Cleanup", Time since last: 1001479790 ns, Reaching safepoint: 96740 ns, At safepoint: 6482 ns, Total: 103222 ns
[2022-06-18T09:02:46.792+0000][8][safepoint   ] Safepoint "Cleanup", Time since last: 2002478362 ns, Reaching safepoint: 24657531 ns, At safepoint: 50259 ns, Total: 24707790 ns
[2022-06-18T09:02:47.811+0000][8][safepoint   ] Safepoint "Cleanup", Time since last: 1018890830 ns, Reaching safepoint: 100794 ns, At safepoint: 3674 ns, Total: 104468 ns
[2022-06-18T09:02:48.826+0000][8][safepoint   ] Safepoint "Cleanup", Time since last: 1014699916 ns, Reaching safepoint: 423149 ns, At safepoint: 10811 ns, Total: 433960 ns
[2022-06-18T09:02:49.853+0000][8][safepoint   ] Safepoint "Cleanup", Time since last: 1027395072 ns, Reaching safepoint: 173138 ns, At safepoint: 9393 ns, Total: 182531 ns
[2022-06-18T09:02:51.879+0000][8][safepoint   ] Safepoint "Cleanup", Time since last: 2025687057 ns, Reaching safepoint: 116015 ns, At safepoint: 5352 ns, Total: 121367 ns
[2022-06-18T09:02:52.883+0000][8][safepoint   ] Safepoint "Cleanup", Time since last: 1004099536 ns, Reaching safepoint: 75103 ns, At safepoint: 3684 ns, Total: 78787 ns
[2022-06-18T09:02:53.887+0000][8][safepoint   ] Safepoint "Cleanup", Time since last: 1002154473 ns, Reaching safepoint: 1420126 ns, At safepoint: 18563 ns, Total: 1438689 ns
[2022-06-18T09:02:55.539+0000][8][gc,start    ] GC(19) Pause Young (Normal) (G1 Evacuation Pause)
[2022-06-18T09:02:55.546+0000][8][gc,task     ] GC(19) Using 4 workers of 4 for evacuation
[2022-06-18T09:02:55.561+0000][8][gc,age      ] GC(19) Desired survivor size 16777216 bytes, new threshold 2 (max threshold 15)
[2022-06-18T09:02:55.944+0000][8][gc,mmu      ] GC(19) MMU target violated: 201.0ms (200.0ms/201.0ms)
[2022-06-18T09:02:55.946+0000][8][gc,phases   ] GC(19)   Pre Evacuate Collection Set: 9.9ms
[2022-06-18T09:02:55.947+0000][8][gc,phases   ] GC(19)   Merge Heap Roots: 4.5ms
[2022-06-18T09:02:55.948+0000][8][gc,phases   ] GC(19)   Evacuate Collection Set: 288.6ms
[2022-06-18T09:02:55.949+0000][8][gc,phases   ] GC(19)   Post Evacuate Collection Set: 74.1ms
[2022-06-18T09:02:55.950+0000][8][gc,phases   ] GC(19)   Other: 23.6ms
[2022-06-18T09:02:55.950+0000][8][gc,age      ] GC(19) Age table with threshold 2 (max threshold 15)
[2022-06-18T09:02:55.951+0000][8][gc,age      ] GC(19) - age   1:    1076256 bytes,    1076256 total
[2022-06-18T09:02:55.952+0000][8][gc,age      ] GC(19) - age   2:    7289528 bytes,    8365784 total
[2022-06-18T09:02:55.953+0000][8][gc,heap     ] GC(19) Eden regions: 59->0(62)
[2022-06-18T09:02:55.954+0000][8][gc,heap     ] GC(19) Survivor regions: 5->3(8)
[2022-06-18T09:02:55.955+0000][8][gc,heap     ] GC(19) Old regions: 16->19
[2022-06-18T09:02:55.955+0000][8][gc,heap     ] GC(19) Archive regions: 2->2
[2022-06-18T09:02:55.957+0000][8][gc,heap     ] GC(19) Humongous regions: 0->0
[2022-06-18T09:02:55.959+0000][8][gc,metaspace] GC(19) Metaspace: 119611K(122752K)->119611K(122752K) NonClass: 103512K(105152K)->103512K(105152K) Class: 16099K(17600K)->16099K(17600K)
[2022-06-18T09:02:55.961+0000][8][gc          ] GC(19) Pause Young (Normal) (G1 Evacuation Pause) 322M->86M(512M) 425.169ms
[2022-06-18T09:02:55.963+0000][8][gc,cpu      ] GC(19) User=0.79s Sys=0.21s Real=0.49s
[2022-06-18T09:02:55.971+0000][8][safepoint   ] Safepoint "G1CollectForAllocation", Time since last: 1585719848 ns, Reaching safepoint: 1115631 ns, At safepoint: 497717340 ns, Total: 498832971 ns
[2022-06-18T09:02:57.000+0000][8][safepoint   ] Safepoint "Cleanup", Time since last: 1028317394 ns, Reaching safepoint: 144016 ns, At safepoint: 13658 ns, Total: 157674 ns
[2022-06-18T09:02:58.001+0000][8][safepoint   ] Safepoint "Cleanup", Time since last: 1001137548 ns, Reaching safepoint: 109978 ns, At safepoint: 5791 ns, Total: 115769 ns
[2022-06-18T09:02:59.003+0000][8][safepoint   ] Safepoint "Cleanup", Time since last: 1002000498 ns, Reaching safepoint: 132586 ns, At safepoint: 7229 ns, Total: 139815 ns
[2022-06-18T09:03:02.009+0000][8][safepoint   ] Safepoint "Cleanup", Time since last: 3004320404 ns, Reaching safepoint: 1085629 ns, At safepoint: 21624 ns, Total: 1107253 ns
[2022-06-18T09:03:03.013+0000][8][safepoint   ] Safepoint "Cleanup", Time since last: 1001749969 ns, Reaching safepoint: 537853 ns, At safepoint: 1387467 ns, Total: 1925320 ns
[2022-06-18T09:03:04.018+0000][8][safepoint   ] Safepoint "Cleanup", Time since last: 1004898706 ns, Reaching safepoint: 609870 ns, At safepoint: 14483 ns, Total: 624353 ns
[2022-06-18T09:03:05.488+0000][8][safepoint   ] Safepoint "Cleanup", Time since last: 1469630833 ns, Reaching safepoint: 385870 ns, At safepoint: 14224 ns, Total: 400094 ns
[2022-06-18T09:03:07.062+0000][8][safepoint   ] Safepoint "Cleanup", Time since last: 1573725453 ns, Reaching safepoint: 164094 ns, At safepoint: 6489 ns, Total: 170583 ns
[2022-06-18T09:03:08.064+0000][8][safepoint   ] Safepoint "Cleanup", Time since last: 1001604875 ns, Reaching safepoint: 280976 ns, At safepoint: 6532 ns, Total: 287508 ns
[2022-06-18T09:03:09.044+0000][8][safepoint   ] Safepoint "Cleanup", Time since last: 1002097773 ns, Reaching safepoint: 112455 ns, At safepoint: 6212 ns, Total: 118667 ns
[2022-06-18T09:03:10.048+0000][8][safepoint   ] Safepoint "Cleanup", Time since last: 1003549026 ns, Reaching safepoint: 132697 ns, At safepoint: 5055 ns, Total: 137752 ns
[2022-06-18T09:03:11.050+0000][8][safepoint   ] Safepoint "Cleanup", Time since last: 1001845645 ns, Reaching safepoint: 429189 ns, At safepoint: 38197 ns, Total: 467386 ns
[2022-06-18T09:03:12.053+0000][8][safepoint   ] Safepoint "Cleanup", Time since last: 1003162921 ns, Reaching safepoint: 126144 ns, At safepoint: 7773 ns, Total: 133917 ns
[2022-06-18T09:03:14.055+0000][8][safepoint   ] Safepoint "Cleanup", Time since last: 2001271725 ns, Reaching safepoint: 412574 ns, At safepoint: 13210 ns, Total: 425784 ns
[2022-06-18T09:03:15.057+0000][8][safepoint   ] Safepoint "Cleanup", Time since last: 1001402348 ns, Reaching safepoint: 222339 ns, At safepoint: 12796 ns, Total: 235135 ns
[2022-06-18T09:03:18.063+0000][8][safepoint   ] Safepoint "Cleanup", Time since last: 3005959906 ns, Reaching safepoint: 294669 ns, At safepoint: 32859 ns, Total: 327528 ns
[2022-06-18T09:03:19.065+0000][8][safepoint   ] Safepoint "Cleanup", Time since last: 1001404573 ns, Reaching safepoint: 124584 ns, At safepoint: 3852 ns, Total: 128436 ns
[2022-06-18T09:03:20.066+0000][8][safepoint   ] Safepoint "Cleanup", Time since last: 1001319989 ns, Reaching safepoint: 289549 ns, At safepoint: 16797 ns, Total: 306346 ns
[2022-06-18T09:03:21.074+0000][8][safepoint   ] Safepoint "Cleanup", Time since last: 1007659977 ns, Reaching safepoint: 252224 ns, At safepoint: 5307 ns, Total: 257531 ns
[2022-06-18T09:03:24.101+0000][8][safepoint   ] Safepoint "Cleanup", Time since last: 3022607596 ns, Reaching safepoint: 4518025 ns, At safepoint: 19309 ns, Total: 4537334 ns
[2022-06-18T09:03:27.124+0000][8][safepoint   ] Safepoint "Cleanup", Time since last: 3023147807 ns, Reaching safepoint: 102960 ns, At safepoint: 8015 ns, Total: 110975 ns
[2022-06-18T09:03:28.133+0000][8][safepoint   ] Safepoint "Cleanup", Time since last: 1008040418 ns, Reaching safepoint: 764462 ns, At safepoint: 42489 ns, Total: 806951 ns
[2022-06-18T09:03:29.137+0000][8][safepoint   ] Safepoint "Cleanup", Time since last: 1003986800 ns, Reaching safepoint: 135354 ns, At safepoint: 9188 ns, Total: 144542 ns
[2022-06-18T09:03:30.140+0000][8][safepoint   ] Safepoint "Cleanup", Time since last: 1001975393 ns, Reaching safepoint: 133561 ns, At safepoint: 4839 ns, Total: 138400 ns
[2022-06-18T09:03:31.144+0000][8][safepoint   ] Safepoint "Cleanup", Time since last: 1003948004 ns, Reaching safepoint: 89256 ns, At safepoint: 6071 ns, Total: 95327 ns
[2022-06-18T09:03:33.148+0000][8][safepoint   ] Safepoint "Cleanup", Time since last: 2003297648 ns, Reaching safepoint: 637621 ns, At safepoint: 54860 ns, Total: 692481 ns
[2022-06-18T09:03:34.151+0000][8][safepoint   ] Safepoint "Cleanup", Time since last: 1003334225 ns, Reaching safepoint: 89117 ns, At safepoint: 4040 ns, Total: 93157 ns
[2022-06-18T09:03:35.152+0000][8][safepoint   ] Safepoint "Cleanup", Time since last: 1001273488 ns, Reaching safepoint: 62937 ns, At safepoint: 4041 ns, Total: 66978 ns
[2022-06-18T09:03:36.154+0000][8][safepoint   ] Safepoint "Cleanup", Time since last: 1001869070 ns, Reaching safepoint: 99645 ns, At safepoint: 4042 ns, Total: 103687 ns
[2022-06-18T09:03:38.160+0000][8][safepoint   ] Safepoint "Cleanup", Time since last: 2005666916 ns, Reaching safepoint: 117170 ns, At safepoint: 7095 ns, Total: 124265 ns
[2022-06-18T09:03:39.145+0000][8][safepoint   ] Safepoint "Cleanup", Time since last: 1001455759 ns, Reaching safepoint: 542191 ns, At safepoint: 16577 ns, Total: 558768 ns
[2022-06-18T09:03:42.150+0000][8][safepoint   ] Safepoint "Cleanup", Time since last: 3003491683 ns, Reaching safepoint: 1913458 ns, At safepoint: 20372 ns, Total: 1933830 ns
[2022-06-18T09:03:45.162+0000][8][safepoint   ] Safepoint "Cleanup", Time since last: 3010942608 ns, Reaching safepoint: 88912 ns, At safepoint: 14616 ns, Total: 103528 ns
[2022-06-18T09:03:47.186+0000][8][safepoint   ] Safepoint "Cleanup", Time since last: 2024793081 ns, Reaching safepoint: 108063 ns, At safepoint: 7716 ns, Total: 115779 ns
[2022-06-18T09:03:48.195+0000][8][safepoint   ] Safepoint "Cleanup", Time since last: 1008490274 ns, Reaching safepoint: 149118 ns, At safepoint: 30733 ns, Total: 179851 ns
[2022-06-18T09:03:49.198+0000][8][safepoint   ] Safepoint "Cleanup", Time since last: 1001965378 ns, Reaching safepoint: 575124 ns, At safepoint: 17902 ns, Total: 593026 ns
[2022-06-18T09:03:51.201+0000][8][safepoint   ] Safepoint "Cleanup", Time since last: 2003447424 ns, Reaching safepoint: 96362 ns, At safepoint: 6335 ns, Total: 102697 ns
[2022-06-18T09:03:54.207+0000][8][safepoint   ] Safepoint "Cleanup", Time since last: 3005632397 ns, Reaching safepoint: 367928 ns, At safepoint: 19770 ns, Total: 387698 ns
[2022-06-18T09:03:55.210+0000][8][safepoint   ] Safepoint "Cleanup", Time since last: 1002615097 ns, Reaching safepoint: 149754 ns, At safepoint: 4704 ns, Total: 154458 ns
[2022-06-18T09:03:57.213+0000][8][safepoint   ] Safepoint "Cleanup", Time since last: 2002420433 ns, Reaching safepoint: 104185 ns, At safepoint: 5459 ns, Total: 109644 ns
[2022-06-18T09:03:58.214+0000][8][safepoint   ] Safepoint "Cleanup", Time since last: 1001664984 ns, Reaching safepoint: 97778 ns, At safepoint: 4543 ns, Total: 102321 ns
[2022-06-18T09:03:59.277+0000][8][safepoint   ] Safepoint "Cleanup", Time since last: 1040626589 ns, Reaching safepoint: 22231314 ns, At safepoint: 71028 ns, Total: 22302342 ns
[2022-06-18T09:04:00.302+0000][8][safepoint   ] Safepoint "Cleanup", Time since last: 1024589079 ns, Reaching safepoint: 138260 ns, At safepoint: 4811 ns, Total: 143071 ns
[2022-06-18T09:04:01.304+0000][8][safepoint   ] Safepoint "Cleanup", Time since last: 1001359186 ns, Reaching safepoint: 233940 ns, At safepoint: 37175 ns, Total: 271115 ns
[2022-06-18T09:04:02.306+0000][8][safepoint   ] Safepoint "Cleanup", Time since last: 1001856200 ns, Reaching safepoint: 330602 ns, At safepoint: 38361 ns, Total: 368963 ns
[2022-06-18T09:04:03.308+0000][8][safepoint   ] Safepoint "Cleanup", Time since last: 1001540412 ns, Reaching safepoint: 201706 ns, At safepoint: 62253 ns, Total: 263959 ns
[2022-06-18T09:04:05.312+0000][8][safepoint   ] Safepoint "Cleanup", Time since last: 2001499795 ns, Reaching safepoint: 2383678 ns, At safepoint: 45024 ns, Total: 2428702 ns
[2022-06-18T09:04:06.316+0000][8][safepoint   ] Safepoint "Cleanup", Time since last: 1004058612 ns, Reaching safepoint: 136938 ns, At safepoint: 4863 ns, Total: 141801 ns
[2022-06-18T09:04:07.317+0000][8][safepoint   ] Safepoint "Cleanup", Time since last: 1001326564 ns, Reaching safepoint: 175770 ns, At safepoint: 15050 ns, Total: 190820 ns
[2022-06-18T09:04:08.294+0000][8][safepoint   ] Safepoint "Cleanup", Time since last: 1001416781 ns, Reaching safepoint: 375776 ns, At safepoint: 15328 ns, Total: 391104 ns
[2022-06-18T09:04:09.298+0000][8][safepoint   ] Safepoint "Cleanup", Time since last: 1003435421 ns, Reaching safepoint: 113885 ns, At safepoint: 4254 ns, Total: 118139 ns
[2022-06-18T09:04:11.453+0000][8][gc,start    ] GC(20) Pause Young (Normal) (G1 Evacuation Pause)
[2022-06-18T09:04:11.456+0000][8][gc,task     ] GC(20) Using 4 workers of 4 for evacuation
[2022-06-18T09:04:11.457+0000][8][gc,age      ] GC(20) Desired survivor size 18874368 bytes, new threshold 15 (max threshold 15)
[2022-06-18T09:04:11.511+0000][8][gc,phases   ] GC(20)   Pre Evacuate Collection Set: 1.8ms
[2022-06-18T09:04:11.512+0000][8][gc,phases   ] GC(20)   Merge Heap Roots: 2.1ms
[2022-06-18T09:04:11.513+0000][8][gc,phases   ] GC(20)   Evacuate Collection Set: 43.5ms
[2022-06-18T09:04:11.514+0000][8][gc,phases   ] GC(20)   Post Evacuate Collection Set: 4.1ms
[2022-06-18T09:04:11.515+0000][8][gc,phases   ] GC(20)   Other: 3.9ms
[2022-06-18T09:04:11.516+0000][8][gc,age      ] GC(20) Age table with threshold 15 (max threshold 15)
[2022-06-18T09:04:11.516+0000][8][gc,age      ] GC(20) - age   1:    1243976 bytes,    1243976 total
[2022-06-18T09:04:11.518+0000][8][gc,age      ] GC(20) - age   2:     228224 bytes,    1472200 total
[2022-06-18T09:04:11.518+0000][8][gc,age      ] GC(20) - age   3:    7287352 bytes,    8759552 total
[2022-06-18T09:04:11.519+0000][8][gc,heap     ] GC(20) Eden regions: 62->0(73)
[2022-06-18T09:04:11.520+0000][8][gc,heap     ] GC(20) Survivor regions: 3->3(9)
[2022-06-18T09:04:11.521+0000][8][gc,heap     ] GC(20) Old regions: 19->19
[2022-06-18T09:04:11.522+0000][8][gc,heap     ] GC(20) Archive regions: 2->2
[2022-06-18T09:04:11.524+0000][8][gc,heap     ] GC(20) Humongous regions: 0->0
[2022-06-18T09:04:11.525+0000][8][gc,metaspace] GC(20) Metaspace: 120344K(123456K)->120344K(123456K) NonClass: 104242K(105856K)->104242K(105856K) Class: 16102K(17600K)->16102K(17600K)
[2022-06-18T09:04:11.526+0000][8][gc          ] GC(20) Pause Young (Normal) (G1 Evacuation Pause) 334M->86M(512M) 73.219ms
[2022-06-18T09:04:11.527+0000][8][gc,cpu      ] GC(20) User=0.16s Sys=0.00s Real=0.07s
[2022-06-18T09:04:11.528+0000][8][safepoint   ] Safepoint "G1CollectForAllocation", Time since last: 2153931352 ns, Reaching safepoint: 467576 ns, At safepoint: 75900403 ns, Total: 76367979 ns
[2022-06-18T09:04:12.531+0000][8][safepoint   ] Safepoint "Cleanup", Time since last: 1001825716 ns, Reaching safepoint: 850566 ns, At safepoint: 119836 ns, Total: 970402 ns
[2022-06-18T09:04:13.538+0000][8][safepoint   ] Safepoint "Cleanup", Time since last: 1006881479 ns, Reaching safepoint: 144718 ns, At safepoint: 5358 ns, Total: 150076 ns
[2022-06-18T09:04:14.558+0000][8][safepoint   ] Safepoint "Cleanup", Time since last: 1019515493 ns, Reaching safepoint: 217782 ns, At safepoint: 8240 ns, Total: 226022 ns
[2022-06-18T09:04:15.559+0000][8][safepoint   ] Safepoint "Cleanup", Time since last: 1001307855 ns, Reaching safepoint: 115528 ns, At safepoint: 6247 ns, Total: 121775 ns
[2022-06-18T09:04:17.561+0000][8][safepoint   ] Safepoint "Cleanup", Time since last: 2002053798 ns, Reaching safepoint: 134133 ns, At safepoint: 6676 ns, Total: 140809 ns
[2022-06-18T09:04:18.570+0000][8][safepoint   ] Safepoint "Cleanup", Time since last: 1008181637 ns, Reaching safepoint: 179058 ns, At safepoint: 6395 ns, Total: 185453 ns
[2022-06-18T09:04:19.571+0000][8][safepoint   ] Safepoint "Cleanup", Time since last: 1001342798 ns, Reaching safepoint: 283445 ns, At safepoint: 9208 ns, Total: 292653 ns
[2022-06-18T09:04:20.578+0000][8][safepoint   ] Safepoint "Cleanup", Time since last: 1006321571 ns, Reaching safepoint: 167388 ns, At safepoint: 6197 ns, Total: 173585 ns
[2022-06-18T09:04:21.579+0000][8][safepoint   ] Safepoint "Cleanup", Time since last: 1001333241 ns, Reaching safepoint: 151872 ns, At safepoint: 8747 ns, Total: 160619 ns
[2022-06-18T09:04:23.582+0000][8][safepoint   ] Safepoint "Cleanup", Time since last: 2002002533 ns, Reaching safepoint: 128188 ns, At safepoint: 6417 ns, Total: 134605 ns
[2022-06-18T09:04:24.584+0000][8][safepoint   ] Safepoint "Cleanup", Time since last: 1002678677 ns, Reaching safepoint: 188087 ns, At safepoint: 9845 ns, Total: 197932 ns
[2022-06-18T09:04:26.589+0000][8][safepoint   ] Safepoint "Cleanup", Time since last: 2004403150 ns, Reaching safepoint: 113326 ns, At safepoint: 10189 ns, Total: 123515 ns
[2022-06-18T09:04:29.593+0000][8][safepoint   ] Safepoint "Cleanup", Time since last: 3003569287 ns, Reaching safepoint: 179417 ns, At safepoint: 9969 ns, Total: 189386 ns
[2022-06-18T09:04:30.595+0000][8][safepoint   ] Safepoint "Cleanup", Time since last: 1002008764 ns, Reaching safepoint: 90301 ns, At safepoint: 4449 ns, Total: 94750 ns
[2022-06-18T09:04:32.414+0000][8][safepoint   ] Safepoint "Cleanup", Time since last: 1818913479 ns, Reaching safepoint: 299432 ns, At safepoint: 192729 ns, Total: 492161 ns
[2022-06-18T09:04:33.424+0000][8][safepoint   ] Safepoint "Cleanup", Time since last: 1009061131 ns, Reaching safepoint: 354252 ns, At safepoint: 8866 ns, Total: 363118 ns
[2022-06-18T09:04:35.535+0000][8][safepoint   ] Safepoint "Cleanup", Time since last: 2110520576 ns, Reaching safepoint: 1165298 ns, At safepoint: 45205 ns, Total: 1210503 ns
[2022-06-18T09:04:36.537+0000][8][safepoint   ] Safepoint "Cleanup", Time since last: 1001246012 ns, Reaching safepoint: 122070 ns, At safepoint: 3762 ns, Total: 125832 ns
[2022-06-18T09:04:37.539+0000][8][safepoint   ] Safepoint "Cleanup", Time since last: 1002120425 ns, Reaching safepoint: 110019 ns, At safepoint: 5300 ns, Total: 115319 ns
[2022-06-18T09:04:38.518+0000][8][safepoint   ] Safepoint "Cleanup", Time since last: 1001336122 ns, Reaching safepoint: 105975 ns, At safepoint: 4145 ns, Total: 110120 ns
[2022-06-18T09:04:39.520+0000][8][safepoint   ] Safepoint "Cleanup", Time since last: 1002204912 ns, Reaching safepoint: 79983 ns, At safepoint: 3969 ns, Total: 83952 ns
[2022-06-18T09:04:41.523+0000][8][safepoint   ] Safepoint "Cleanup", Time since last: 2002173283 ns, Reaching safepoint: 197458 ns, At safepoint: 8041 ns, Total: 205499 ns
[2022-06-18T09:04:42.524+0000][8][safepoint   ] Safepoint "Cleanup", Time since last: 1001142336 ns, Reaching safepoint: 114651 ns, At safepoint: 4003 ns, Total: 118654 ns
[2022-06-18T09:04:44.536+0000][8][safepoint   ] Safepoint "Cleanup", Time since last: 2012220019 ns, Reaching safepoint: 101530 ns, At safepoint: 3888 ns, Total: 105418 ns
[2022-06-18T09:04:45.538+0000][8][safepoint   ] Safepoint "Cleanup", Time since last: 1001569565 ns, Reaching safepoint: 110894 ns, At safepoint: 4086 ns, Total: 114980 ns
[2022-06-18T09:04:47.540+0000][8][safepoint   ] Safepoint "Cleanup", Time since last: 2001513679 ns, Reaching safepoint: 114615 ns, At safepoint: 5647 ns, Total: 120262 ns
[2022-06-18T09:04:48.544+0000][8][safepoint   ] Safepoint "Cleanup", Time since last: 1004545667 ns, Reaching safepoint: 194957 ns, At safepoint: 19350 ns, Total: 214307 ns
[2022-06-18T09:04:50.547+0000][8][safepoint   ] Safepoint "Cleanup", Time since last: 2002092072 ns, Reaching safepoint: 218647 ns, At safepoint: 5433 ns, Total: 224080 ns
[2022-06-18T09:04:52.549+0000][8][safepoint   ] Safepoint "Cleanup", Time since last: 2002194928 ns, Reaching safepoint: 188811 ns, At safepoint: 10675 ns, Total: 199486 ns
[2022-06-18T09:04:53.551+0000][8][safepoint   ] Safepoint "Cleanup", Time since last: 1001660536 ns, Reaching safepoint: 109423 ns, At safepoint: 3041 ns, Total: 112464 ns
[2022-06-18T09:04:54.558+0000][8][safepoint   ] Safepoint "Cleanup", Time since last: 1005014281 ns, Reaching safepoint: 1609681 ns, At safepoint: 18213 ns, Total: 1627894 ns
[2022-06-18T09:04:56.567+0000][8][safepoint   ] Safepoint "Cleanup", Time since last: 2009526224 ns, Reaching safepoint: 152487 ns, At safepoint: 3838 ns, Total: 156325 ns
[2022-06-18T09:04:58.024+0000][8][safepoint   ] Safepoint "Cleanup", Time since last: 1456589151 ns, Reaching safepoint: 356092 ns, At safepoint: 87132 ns, Total: 443224 ns
[2022-06-18T09:04:59.026+0000][8][safepoint   ] Safepoint "Cleanup", Time since last: 1001125985 ns, Reaching safepoint: 138395 ns, At safepoint: 7328 ns, Total: 145723 ns
[2022-06-18T09:05:00.027+0000][8][safepoint   ] Safepoint "Cleanup", Time since last: 1001158076 ns, Reaching safepoint: 99388 ns, At safepoint: 4560 ns, Total: 103948 ns
[2022-06-18T09:05:03.029+0000][8][safepoint   ] Safepoint "Cleanup", Time since last: 3001664418 ns, Reaching safepoint: 130795 ns, At safepoint: 7669 ns, Total: 138464 ns
[2022-06-18T09:05:04.030+0000][8][safepoint   ] Safepoint "Cleanup", Time since last: 1001443989 ns, Reaching safepoint: 91400 ns, At safepoint: 4097 ns, Total: 95497 ns
[2022-06-18T09:05:06.036+0000][8][safepoint   ] Safepoint "Cleanup", Time since last: 2005424103 ns, Reaching safepoint: 204506 ns, At safepoint: 6853 ns, Total: 211359 ns
[2022-06-18T09:05:09.018+0000][8][safepoint   ] Safepoint "Cleanup", Time since last: 3002668613 ns, Reaching safepoint: 163989 ns, At safepoint: 8221 ns, Total: 172210 ns
[2022-06-18T09:05:10.019+0000][8][safepoint   ] Safepoint "Cleanup", Time since last: 1001399730 ns, Reaching safepoint: 273794 ns, At safepoint: 13967 ns, Total: 287761 ns
[2022-06-18T09:05:12.020+0000][8][safepoint   ] Safepoint "Cleanup", Time since last: 2000750925 ns, Reaching safepoint: 73701 ns, At safepoint: 4643 ns, Total: 78344 ns
[2022-06-18T09:05:13.022+0000][8][safepoint   ] Safepoint "Cleanup", Time since last: 1001769243 ns, Reaching safepoint: 139392 ns, At safepoint: 9054 ns, Total: 148446 ns
[2022-06-18T09:05:14.024+0000][8][safepoint   ] Safepoint "Cleanup", Time since last: 1002263311 ns, Reaching safepoint: 94943 ns, At safepoint: 5297 ns, Total: 100240 ns
[2022-06-18T09:05:15.057+0000][8][safepoint   ] Safepoint "Cleanup", Time since last: 1021301252 ns, Reaching safepoint: 10964673 ns, At safepoint: 52216 ns, Total: 11016889 ns
[2022-06-18T09:05:17.065+0000][8][safepoint   ] Safepoint "Cleanup", Time since last: 2007739273 ns, Reaching safepoint: 120477 ns, At safepoint: 10556 ns, Total: 131033 ns
[2022-06-18T09:05:19.066+0000][8][safepoint   ] Safepoint "Cleanup", Time since last: 2001354184 ns, Reaching safepoint: 66616 ns, At safepoint: 4574 ns, Total: 71190 ns
[2022-06-18T09:05:20.068+0000][8][safepoint   ] Safepoint "Cleanup", Time since last: 1001657448 ns, Reaching safepoint: 56895 ns, At safepoint: 2580 ns, Total: 59475 ns
[2022-06-18T09:05:21.069+0000][8][safepoint   ] Safepoint "Cleanup", Time since last: 1000921807 ns, Reaching safepoint: 89102 ns, At safepoint: 138629 ns, Total: 227731 ns
[2022-06-18T09:05:22.071+0000][8][safepoint   ] Safepoint "Cleanup", Time since last: 1001681774 ns, Reaching safepoint: 155865 ns, At safepoint: 15803 ns, Total: 171668 ns
[2022-06-18T09:05:24.072+0000][8][safepoint   ] Safepoint "Cleanup", Time since last: 2001302226 ns, Reaching safepoint: 78275 ns, At safepoint: 3778 ns, Total: 82053 ns
[2022-06-18T09:05:25.073+0000][8][safepoint   ] Safepoint "Cleanup", Time since last: 1000852153 ns, Reaching safepoint: 82675 ns, At safepoint: 4263 ns, Total: 86938 ns
[2022-06-18T09:05:27.074+0000][8][safepoint   ] Safepoint "Cleanup", Time since last: 2000880464 ns, Reaching safepoint: 74085 ns, At safepoint: 4334 ns, Total: 78419 ns
[2022-06-18T09:05:28.075+0000][8][safepoint   ] Safepoint "Cleanup", Time since last: 1001031030 ns, Reaching safepoint: 65335 ns, At safepoint: 2729 ns, Total: 68064 ns
[2022-06-18T09:05:30.076+0000][8][safepoint   ] Safepoint "Cleanup", Time since last: 2001060427 ns, Reaching safepoint: 67225 ns, At safepoint: 3939 ns, Total: 71164 ns
[2022-06-18T09:05:31.077+0000][8][safepoint   ] Safepoint "Cleanup", Time since last: 1000697240 ns, Reaching safepoint: 79111 ns, At safepoint: 8593 ns, Total: 87704 ns
[2022-06-18T09:05:33.079+0000][8][safepoint   ] Safepoint "Cleanup", Time since last: 2001636194 ns, Reaching safepoint: 71100 ns, At safepoint: 5688 ns, Total: 76788 ns
[2022-06-18T09:05:33.913+0000][8][gc,start    ] GC(21) Pause Young (Normal) (G1 Evacuation Pause)
[2022-06-18T09:05:33.914+0000][8][gc,task     ] GC(21) Using 4 workers of 4 for evacuation
[2022-06-18T09:05:33.915+0000][8][gc,age      ] GC(21) Desired survivor size 20971520 bytes, new threshold 15 (max threshold 15)
[2022-06-18T09:05:33.965+0000][8][gc,phases   ] GC(21)   Pre Evacuate Collection Set: 0.2ms
[2022-06-18T09:05:33.966+0000][8][gc,phases   ] GC(21)   Merge Heap Roots: 0.2ms
[2022-06-18T09:05:33.967+0000][8][gc,phases   ] GC(21)   Evacuate Collection Set: 45.2ms
[2022-06-18T09:05:33.967+0000][8][gc,phases   ] GC(21)   Post Evacuate Collection Set: 3.5ms
[2022-06-18T09:05:33.968+0000][8][gc,phases   ] GC(21)   Other: 2.1ms
[2022-06-18T09:05:33.969+0000][8][gc,age      ] GC(21) Age table with threshold 15 (max threshold 15)
[2022-06-18T09:05:33.969+0000][8][gc,age      ] GC(21) - age   1:     889712 bytes,     889712 total
[2022-06-18T09:05:33.970+0000][8][gc,age      ] GC(21) - age   2:      50624 bytes,     940336 total
[2022-06-18T09:05:33.971+0000][8][gc,age      ] GC(21) - age   3:     227488 bytes,    1167824 total
[2022-06-18T09:05:33.971+0000][8][gc,age      ] GC(21) - age   4:    7287288 bytes,    8455112 total
[2022-06-18T09:05:33.972+0000][8][gc,heap     ] GC(21) Eden regions: 73->0(73)
[2022-06-18T09:05:33.973+0000][8][gc,heap     ] GC(21) Survivor regions: 3->3(10)
[2022-06-18T09:05:33.973+0000][8][gc,heap     ] GC(21) Old regions: 19->19
[2022-06-18T09:05:33.974+0000][8][gc,heap     ] GC(21) Archive regions: 2->2
[2022-06-18T09:05:33.975+0000][8][gc,heap     ] GC(21) Humongous regions: 0->0
[2022-06-18T09:05:33.975+0000][8][gc,metaspace] GC(21) Metaspace: 120987K(124096K)->120987K(124096K) NonClass: 104881K(106496K)->104881K(106496K) Class: 16105K(17600K)->16105K(17600K)
[2022-06-18T09:05:33.976+0000][8][gc          ] GC(21) Pause Young (Normal) (G1 Evacuation Pause) 378M->86M(512M) 63.586ms
[2022-06-18T09:05:33.977+0000][8][gc,cpu      ] GC(21) User=0.13s Sys=0.00s Real=0.06s
[2022-06-18T09:05:33.978+0000][8][safepoint   ] Safepoint "G1CollectForAllocation", Time since last: 833580437 ns, Reaching safepoint: 223605 ns, At safepoint: 65237238 ns, Total: 65460843 ns
[2022-06-18T09:05:34.979+0000][8][safepoint   ] Safepoint "Cleanup", Time since last: 1000864647 ns, Reaching safepoint: 95736 ns, At safepoint: 5077 ns, Total: 100813 ns
[2022-06-18T09:05:35.980+0000][8][safepoint   ] Safepoint "Cleanup", Time since last: 1001105721 ns, Reaching safepoint: 172563 ns, At safepoint: 8864 ns, Total: 181427 ns
[2022-06-18T09:05:39.960+0000][8][safepoint   ] Safepoint "Cleanup", Time since last: 4002117571 ns, Reaching safepoint: 109403 ns, At safepoint: 3452 ns, Total: 112855 ns
[2022-06-18T09:05:41.961+0000][8][safepoint   ] Safepoint "Cleanup", Time since last: 2001055216 ns, Reaching safepoint: 115109 ns, At safepoint: 5057 ns, Total: 120166 ns
[2022-06-18T09:05:44.727+0000][8][safepoint   ] Safepoint "Cleanup", Time since last: 2765022201 ns, Reaching safepoint: 370514 ns, At safepoint: 52453 ns, Total: 422967 ns
[2022-06-18T09:05:44.991+0000][8][safepoint   ] Safepoint "ICBufferFull", Time since last: 263886452 ns, Reaching safepoint: 599463 ns, At safepoint: 49003 ns, Total: 648466 ns
[2022-06-18T09:05:45.083+0000][8][safepoint   ] Safepoint "ICBufferFull", Time since last: 90970131 ns, Reaching safepoint: 331296 ns, At safepoint: 3925 ns, Total: 335221 ns
[2022-06-18T09:05:46.086+0000][8][safepoint   ] Safepoint "Cleanup", Time since last: 1002701028 ns, Reaching safepoint: 669466 ns, At safepoint: 82545 ns, Total: 752011 ns
[2022-06-18T09:05:47.982+0000][8][safepoint   ] Safepoint "Cleanup", Time since last: 1895817316 ns, Reaching safepoint: 395304 ns, At safepoint: 27096 ns, Total: 422400 ns
[2022-06-18T09:05:48.984+0000][8][safepoint   ] Safepoint "Cleanup", Time since last: 1001712506 ns, Reaching safepoint: 149266 ns, At safepoint: 6453 ns, Total: 155719 ns
[2022-06-18T09:05:51.988+0000][8][safepoint   ] Safepoint "Cleanup", Time since last: 3003491254 ns, Reaching safepoint: 96674 ns, At safepoint: 36979 ns, Total: 133653 ns
[2022-06-18T09:05:52.990+0000][8][safepoint   ] Safepoint "Cleanup", Time since last: 1001970415 ns, Reaching safepoint: 89310 ns, At safepoint: 8198 ns, Total: 97508 ns
[2022-06-18T09:05:53.994+0000][8][safepoint   ] Safepoint "Cleanup", Time since last: 1003528825 ns, Reaching safepoint: 174808 ns, At safepoint: 3554 ns, Total: 178362 ns
[2022-06-18T09:05:57.004+0000][8][safepoint   ] Safepoint "Cleanup", Time since last: 3010062614 ns, Reaching safepoint: 144034 ns, At safepoint: 4971 ns, Total: 149005 ns
[2022-06-18T09:05:58.006+0000][8][safepoint   ] Safepoint "Cleanup", Time since last: 1002159790 ns, Reaching safepoint: 95866 ns, At safepoint: 4091 ns, Total: 99957 ns
[2022-06-18T09:05:59.007+0000][8][safepoint   ] Safepoint "Cleanup", Time since last: 1001061448 ns, Reaching safepoint: 103536 ns, At safepoint: 8985 ns, Total: 112521 ns
[2022-06-18T09:06:00.009+0000][8][safepoint   ] Safepoint "Cleanup", Time since last: 1001326844 ns, Reaching safepoint: 103173 ns, At safepoint: 4351 ns, Total: 107524 ns
[2022-06-18T09:06:03.014+0000][8][safepoint   ] Safepoint "Cleanup", Time since last: 3004733865 ns, Reaching safepoint: 255165 ns, At safepoint: 10527 ns, Total: 265692 ns
[2022-06-18T09:06:04.017+0000][8][safepoint   ] Safepoint "Cleanup", Time since last: 1003031911 ns, Reaching safepoint: 278394 ns, At safepoint: 11726 ns, Total: 290120 ns
[2022-06-18T09:06:06.019+0000][8][safepoint   ] Safepoint "Cleanup", Time since last: 2001402555 ns, Reaching safepoint: 189301 ns, At safepoint: 7562 ns, Total: 196863 ns
[2022-06-18T09:06:08.020+0000][8][safepoint   ] Safepoint "Cleanup", Time since last: 2001424464 ns, Reaching safepoint: 121820 ns, At safepoint: 5090 ns, Total: 126910 ns
[2022-06-18T09:06:08.998+0000][8][safepoint   ] Safepoint "Cleanup", Time since last: 1001454217 ns, Reaching safepoint: 139816 ns, At safepoint: 6863 ns, Total: 146679 ns
[2022-06-18T09:06:12.001+0000][8][safepoint   ] Safepoint "Cleanup", Time since last: 3002073476 ns, Reaching safepoint: 262491 ns, At safepoint: 60864 ns, Total: 323355 ns
[2022-06-18T09:06:15.004+0000][8][safepoint   ] Safepoint "Cleanup", Time since last: 3002902791 ns, Reaching safepoint: 342143 ns, At safepoint: 7316 ns, Total: 349459 ns
[2022-06-18T09:06:18.008+0000][8][safepoint   ] Safepoint "Cleanup", Time since last: 3004346538 ns, Reaching safepoint: 158523 ns, At safepoint: 7522 ns, Total: 166045 ns
[2022-06-18T09:06:20.727+0000][8][safepoint   ] Safepoint "Cleanup", Time since last: 2718798808 ns, Reaching safepoint: 61555 ns, At safepoint: 2420 ns, Total: 63975 ns
[2022-06-18T09:06:21.835+0000][8][safepoint   ] Safepoint "Cleanup", Time since last: 1107987341 ns, Reaching safepoint: 236073 ns, At safepoint: 13438 ns, Total: 249511 ns
[2022-06-18T09:06:23.840+0000][8][safepoint   ] Safepoint "Cleanup", Time since last: 2004747703 ns, Reaching safepoint: 197701 ns, At safepoint: 9366 ns, Total: 207067 ns
[2022-06-18T09:06:24.844+0000][8][safepoint   ] Safepoint "Cleanup", Time since last: 1003081325 ns, Reaching safepoint: 199775 ns, At safepoint: 16990 ns, Total: 216765 ns
[2022-06-18T09:06:26.848+0000][8][safepoint   ] Safepoint "Cleanup", Time since last: 2003735328 ns, Reaching safepoint: 138560 ns, At safepoint: 5184 ns, Total: 143744 ns
[2022-06-18T09:06:29.852+0000][8][safepoint   ] Safepoint "Cleanup", Time since last: 3004275895 ns, Reaching safepoint: 291771 ns, At safepoint: 10702 ns, Total: 302473 ns
[2022-06-18T09:06:32.858+0000][8][safepoint   ] Safepoint "Cleanup", Time since last: 3005241928 ns, Reaching safepoint: 357375 ns, At safepoint: 25528 ns, Total: 382903 ns
[2022-06-18T09:06:35.862+0000][8][safepoint   ] Safepoint "Cleanup", Time since last: 3003676354 ns, Reaching safepoint: 144949 ns, At safepoint: 5986 ns, Total: 150935 ns
[2022-06-18T09:06:36.864+0000][8][safepoint   ] Safepoint "Cleanup", Time since last: 1001843275 ns, Reaching safepoint: 149243 ns, At safepoint: 7754 ns, Total: 156997 ns
[2022-06-18T09:06:41.357+0000][8][gc,start    ] GC(22) Pause Young (Normal) (G1 Evacuation Pause)
[2022-06-18T09:06:41.358+0000][8][gc,task     ] GC(22) Using 4 workers of 4 for evacuation
[2022-06-18T09:06:41.359+0000][8][gc,age      ] GC(22) Desired survivor size 20971520 bytes, new threshold 15 (max threshold 15)
[2022-06-18T09:06:41.382+0000][8][gc,phases   ] GC(22)   Pre Evacuate Collection Set: 0.1ms
[2022-06-18T09:06:41.383+0000][8][gc,phases   ] GC(22)   Merge Heap Roots: 0.2ms
[2022-06-18T09:06:41.383+0000][8][gc,phases   ] GC(22)   Evacuate Collection Set: 20.8ms
[2022-06-18T09:06:41.384+0000][8][gc,phases   ] GC(22)   Post Evacuate Collection Set: 1.4ms
[2022-06-18T09:06:41.384+0000][8][gc,phases   ] GC(22)   Other: 1.5ms
[2022-06-18T09:06:41.385+0000][8][gc,age      ] GC(22) Age table with threshold 15 (max threshold 15)
[2022-06-18T09:06:41.385+0000][8][gc,age      ] GC(22) - age   1:    2930568 bytes,    2930568 total
[2022-06-18T09:06:41.386+0000][8][gc,age      ] GC(22) - age   2:      27920 bytes,    2958488 total
[2022-06-18T09:06:41.386+0000][8][gc,age      ] GC(22) - age   3:      40568 bytes,    2999056 total
[2022-06-18T09:06:41.388+0000][8][gc,age      ] GC(22) - age   4:     126192 bytes,    3125248 total
[2022-06-18T09:06:41.388+0000][8][gc,age      ] GC(22) - age   5:    7165216 bytes,   10290464 total
[2022-06-18T09:06:41.389+0000][8][gc,heap     ] GC(22) Eden regions: 73->0(73)
[2022-06-18T09:06:41.389+0000][8][gc,heap     ] GC(22) Survivor regions: 3->3(10)
[2022-06-18T09:06:41.390+0000][8][gc,heap     ] GC(22) Old regions: 19->19
[2022-06-18T09:06:41.391+0000][8][gc,heap     ] GC(22) Archive regions: 2->2
[2022-06-18T09:06:41.391+0000][8][gc,heap     ] GC(22) Humongous regions: 0->0
[2022-06-18T09:06:41.392+0000][8][gc,metaspace] GC(22) Metaspace: 123390K(126592K)->123390K(126592K) NonClass: 106940K(108608K)->106940K(108608K) Class: 16450K(17984K)->16450K(17984K)
[2022-06-18T09:06:41.394+0000][8][gc          ] GC(22) Pause Young (Normal) (G1 Evacuation Pause) 378M->88M(512M) 36.920ms
[2022-06-18T09:06:41.394+0000][8][gc,cpu      ] GC(22) User=0.07s Sys=0.00s Real=0.04s
[2022-06-18T09:06:41.396+0000][8][safepoint   ] Safepoint "G1CollectForAllocation", Time since last: 4512426973 ns, Reaching safepoint: 57728 ns, At safepoint: 39030963 ns, Total: 39088691 ns
[2022-06-18T09:06:42.399+0000][8][safepoint   ] Safepoint "Cleanup", Time since last: 1002376962 ns, Reaching safepoint: 443939 ns, At safepoint: 12679 ns, Total: 456618 ns
[2022-06-18T09:06:44.401+0000][8][safepoint   ] Safepoint "Cleanup", Time since last: 2002116479 ns, Reaching safepoint: 105287 ns, At safepoint: 5041 ns, Total: 110328 ns
[2022-06-18T09:06:45.402+0000][8][safepoint   ] Safepoint "Cleanup", Time since last: 1001324985 ns, Reaching safepoint: 160068 ns, At safepoint: 4533 ns, Total: 164601 ns
[2022-06-18T09:06:47.405+0000][8][safepoint   ] Safepoint "Cleanup", Time since last: 2002783070 ns, Reaching safepoint: 211018 ns, At safepoint: 13229 ns, Total: 224247 ns
[2022-06-18T09:06:48.407+0000][8][safepoint   ] Safepoint "Cleanup", Time since last: 1001310503 ns, Reaching safepoint: 401318 ns, At safepoint: 20717 ns, Total: 422035 ns
[2022-06-18T09:06:52.412+0000][8][safepoint   ] Safepoint "Cleanup", Time since last: 4004334106 ns, Reaching safepoint: 355038 ns, At safepoint: 49468 ns, Total: 404506 ns
[2022-06-18T09:06:54.415+0000][8][safepoint   ] Safepoint "Cleanup", Time since last: 2003305964 ns, Reaching safepoint: 174515 ns, At safepoint: 7943 ns, Total: 182458 ns
[2022-06-18T09:06:56.417+0000][8][safepoint   ] Safepoint "Cleanup", Time since last: 2001850202 ns, Reaching safepoint: 121149 ns, At safepoint: 4703 ns, Total: 125852 ns
[2022-06-18T09:06:57.419+0000][8][safepoint   ] Safepoint "Cleanup", Time since last: 1001553121 ns, Reaching safepoint: 406097 ns, At safepoint: 9304 ns, Total: 415401 ns
[2022-06-18T09:06:59.421+0000][8][safepoint   ] Safepoint "Cleanup", Time since last: 2001972781 ns, Reaching safepoint: 167585 ns, At safepoint: 7654 ns, Total: 175239 ns
[2022-06-18T09:07:01.427+0000][8][safepoint   ] Safepoint "Cleanup", Time since last: 2005092243 ns, Reaching safepoint: 448855 ns, At safepoint: 41199 ns, Total: 490054 ns
[2022-06-18T09:07:04.433+0000][8][safepoint   ] Safepoint "Cleanup", Time since last: 3005957397 ns, Reaching safepoint: 165349 ns, At safepoint: 9081 ns, Total: 174430 ns
[2022-06-18T09:07:05.436+0000][8][safepoint   ] Safepoint "Cleanup", Time since last: 1002817887 ns, Reaching safepoint: 161693 ns, At safepoint: 6514 ns, Total: 168207 ns
[2022-06-18T09:07:06.440+0000][8][safepoint   ] Safepoint "Cleanup", Time since last: 1003738001 ns, Reaching safepoint: 172283 ns, At safepoint: 9660 ns, Total: 181943 ns
[2022-06-18T09:07:08.423+0000][8][safepoint   ] Safepoint "Cleanup", Time since last: 2005214649 ns, Reaching safepoint: 159505 ns, At safepoint: 8625 ns, Total: 168130 ns
[2022-06-18T09:07:09.428+0000][8][safepoint   ] Safepoint "Cleanup", Time since last: 1004317918 ns, Reaching safepoint: 474641 ns, At safepoint: 30137 ns, Total: 504778 ns
[2022-06-18T09:07:11.435+0000][8][safepoint   ] Safepoint "Cleanup", Time since last: 2006567096 ns, Reaching safepoint: 250376 ns, At safepoint: 16190 ns, Total: 266566 ns
[2022-06-18T09:07:12.439+0000][8][safepoint   ] Safepoint "Cleanup", Time since last: 1004082262 ns, Reaching safepoint: 109872 ns, At safepoint: 7593 ns, Total: 117465 ns
[2022-06-18T09:07:14.445+0000][8][safepoint   ] Safepoint "Cleanup", Time since last: 2006075680 ns, Reaching safepoint: 158485 ns, At safepoint: 7255 ns, Total: 165740 ns
[2022-06-18T09:07:17.449+0000][8][safepoint   ] Safepoint "Cleanup", Time since last: 3003773503 ns, Reaching safepoint: 73931 ns, At safepoint: 4202 ns, Total: 78133 ns
[2022-06-18T09:07:18.451+0000][8][safepoint   ] Safepoint "Cleanup", Time since last: 1002102655 ns, Reaching safepoint: 195696 ns, At safepoint: 11086 ns, Total: 206782 ns
[2022-06-18T09:07:20.454+0000][8][safepoint   ] Safepoint "Cleanup", Time since last: 2002643100 ns, Reaching safepoint: 75530 ns, At safepoint: 4347 ns, Total: 79877 ns
[2022-06-18T09:07:22.458+0000][8][safepoint   ] Safepoint "Cleanup", Time since last: 2003368349 ns, Reaching safepoint: 105940 ns, At safepoint: 7443 ns, Total: 113383 ns
[2022-06-18T09:07:24.460+0000][8][safepoint   ] Safepoint "Cleanup", Time since last: 2002167580 ns, Reaching safepoint: 92930 ns, At safepoint: 5176 ns, Total: 98106 ns
[2022-06-18T09:07:26.463+0000][8][safepoint   ] Safepoint "Cleanup", Time since last: 2002553897 ns, Reaching safepoint: 128181 ns, At safepoint: 7915 ns, Total: 136096 ns
[2022-06-18T09:07:27.465+0000][8][safepoint   ] Safepoint "Cleanup", Time since last: 1002157412 ns, Reaching safepoint: 172657 ns, At safepoint: 7615 ns, Total: 180272 ns
[2022-06-18T09:07:29.468+0000][8][safepoint   ] Safepoint "Cleanup", Time since last: 2002360499 ns, Reaching safepoint: 367350 ns, At safepoint: 13830 ns, Total: 381180 ns
[2022-06-18T09:07:30.471+0000][8][safepoint   ] Safepoint "Cleanup", Time since last: 1003246109 ns, Reaching safepoint: 266964 ns, At safepoint: 21555 ns, Total: 288519 ns
[2022-06-18T09:07:31.474+0000][8][safepoint   ] Safepoint "Cleanup", Time since last: 1002917105 ns, Reaching safepoint: 357908 ns, At safepoint: 26409 ns, Total: 384317 ns
[2022-06-18T09:07:32.478+0000][8][safepoint   ] Safepoint "Cleanup", Time since last: 1003255278 ns, Reaching safepoint: 231781 ns, At safepoint: 12900 ns, Total: 244681 ns
[2022-06-18T09:07:34.482+0000][8][safepoint   ] Safepoint "Cleanup", Time since last: 2003692287 ns, Reaching safepoint: 110996 ns, At safepoint: 6175 ns, Total: 117171 ns
[2022-06-18T09:07:35.484+0000][8][safepoint   ] Safepoint "Cleanup", Time since last: 1001882304 ns, Reaching safepoint: 183132 ns, At safepoint: 9724 ns, Total: 192856 ns
[2022-06-18T09:07:36.488+0000][8][safepoint   ] Safepoint "Cleanup", Time since last: 1004017508 ns, Reaching safepoint: 179112 ns, At safepoint: 11512 ns, Total: 190624 ns
[2022-06-18T09:07:38.474+0000][8][safepoint   ] Safepoint "Cleanup", Time since last: 2006187819 ns, Reaching safepoint: 558969 ns, At safepoint: 38908 ns, Total: 597877 ns
[2022-06-18T09:07:41.485+0000][8][safepoint   ] Safepoint "Cleanup", Time since last: 3011246645 ns, Reaching safepoint: 224143 ns, At safepoint: 9467 ns, Total: 233610 ns
[2022-06-18T09:07:42.492+0000][8][safepoint   ] Safepoint "Cleanup", Time since last: 1006153534 ns, Reaching safepoint: 315008 ns, At safepoint: 40226 ns, Total: 355234 ns
[2022-06-18T09:07:44.496+0000][8][safepoint   ] Safepoint "Cleanup", Time since last: 2003703021 ns, Reaching safepoint: 143847 ns, At safepoint: 4352 ns, Total: 148199 ns
[2022-06-18T09:07:47.506+0000][8][safepoint   ] Safepoint "Cleanup", Time since last: 3010228586 ns, Reaching safepoint: 165575 ns, At safepoint: 14814 ns, Total: 180389 ns
[2022-06-18T09:07:48.509+0000][8][safepoint   ] Safepoint "Cleanup", Time since last: 1002317979 ns, Reaching safepoint: 233755 ns, At safepoint: 33783 ns, Total: 267538 ns
[2022-06-18T09:07:49.511+0000][8][safepoint   ] Safepoint "Cleanup", Time since last: 1002039535 ns, Reaching safepoint: 110981 ns, At safepoint: 8867 ns, Total: 119848 ns
[2022-06-18T09:07:53.516+0000][8][safepoint   ] Safepoint "Cleanup", Time since last: 4005024285 ns, Reaching safepoint: 287385 ns, At safepoint: 60916 ns, Total: 348301 ns
[2022-06-18T09:07:54.519+0000][8][safepoint   ] Safepoint "Cleanup", Time since last: 1002349180 ns, Reaching safepoint: 89417 ns, At safepoint: 5826 ns, Total: 95243 ns
[2022-06-18T09:07:55.521+0000][8][safepoint   ] Safepoint "Cleanup", Time since last: 1002296897 ns, Reaching safepoint: 83390 ns, At safepoint: 4827 ns, Total: 88217 ns
[2022-06-18T09:07:56.525+0000][8][safepoint   ] Safepoint "Cleanup", Time since last: 1003464359 ns, Reaching safepoint: 118270 ns, At safepoint: 7396 ns, Total: 125666 ns
[2022-06-18T09:07:59.530+0000][8][safepoint   ] Safepoint "Cleanup", Time since last: 3005458367 ns, Reaching safepoint: 101578 ns, At safepoint: 7462 ns, Total: 109040 ns
[2022-06-18T09:08:05.542+0000][8][safepoint   ] Safepoint "Cleanup", Time since last: 6011361666 ns, Reaching safepoint: 192672 ns, At safepoint: 7729 ns, Total: 200401 ns
[2022-06-18T09:08:06.429+0000][8][gc,start    ] GC(23) Pause Young (Normal) (G1 Evacuation Pause)
[2022-06-18T09:08:06.430+0000][8][gc,task     ] GC(23) Using 4 workers of 4 for evacuation
[2022-06-18T09:08:06.432+0000][8][gc,age      ] GC(23) Desired survivor size 20971520 bytes, new threshold 15 (max threshold 15)
[2022-06-18T09:08:06.459+0000][8][gc,phases   ] GC(23)   Pre Evacuate Collection Set: 0.1ms
[2022-06-18T09:08:06.460+0000][8][gc,phases   ] GC(23)   Merge Heap Roots: 0.1ms
[2022-06-18T09:08:06.460+0000][8][gc,phases   ] GC(23)   Evacuate Collection Set: 24.9ms
[2022-06-18T09:08:06.461+0000][8][gc,phases   ] GC(23)   Post Evacuate Collection Set: 1.1ms
[2022-06-18T09:08:06.463+0000][8][gc,phases   ] GC(23)   Other: 2.5ms
[2022-06-18T09:08:06.463+0000][8][gc,age      ] GC(23) Age table with threshold 15 (max threshold 15)
[2022-06-18T09:08:06.464+0000][8][gc,age      ] GC(23) - age   1:    1685800 bytes,    1685800 total
[2022-06-18T09:08:06.474+0000][8][gc,age      ] GC(23) - age   2:    2318896 bytes,    4004696 total
[2022-06-18T09:08:06.475+0000][8][gc,age      ] GC(23) - age   3:      26960 bytes,    4031656 total
[2022-06-18T09:08:06.477+0000][8][gc,age      ] GC(23) - age   4:      40376 bytes,    4072032 total
[2022-06-18T09:08:06.478+0000][8][gc,age      ] GC(23) - age   5:     126064 bytes,    4198096 total
[2022-06-18T09:08:06.479+0000][8][gc,age      ] GC(23) - age   6:    7165216 bytes,   11363312 total
[2022-06-18T09:08:06.480+0000][8][gc,heap     ] GC(23) Eden regions: 73->0(73)
[2022-06-18T09:08:06.480+0000][8][gc,heap     ] GC(23) Survivor regions: 3->3(10)
[2022-06-18T09:08:06.481+0000][8][gc,heap     ] GC(23) Old regions: 19->19
[2022-06-18T09:08:06.482+0000][8][gc,heap     ] GC(23) Archive regions: 2->2
[2022-06-18T09:08:06.483+0000][8][gc,heap     ] GC(23) Humongous regions: 0->0
[2022-06-18T09:08:06.484+0000][8][gc,metaspace] GC(23) Metaspace: 123759K(126976K)->123759K(126976K) NonClass: 107309K(108992K)->107309K(108992K) Class: 16450K(17984K)->16450K(17984K)
[2022-06-18T09:08:06.485+0000][8][gc          ] GC(23) Pause Young (Normal) (G1 Evacuation Pause) 380M->89M(512M) 56.044ms
[2022-06-18T09:08:06.486+0000][8][gc,cpu      ] GC(23) User=0.08s Sys=0.01s Real=0.06s
[2022-06-18T09:08:06.486+0000][8][safepoint   ] Safepoint "G1CollectForAllocation", Time since last: 887113104 ns, Reaching safepoint: 91867 ns, At safepoint: 57432101 ns, Total: 57523968 ns
[2022-06-18T09:08:07.488+0000][8][safepoint   ] Safepoint "Cleanup", Time since last: 1001952262 ns, Reaching safepoint: 128945 ns, At safepoint: 7598 ns, Total: 136543 ns
[2022-06-18T09:08:08.472+0000][8][safepoint   ] Safepoint "Cleanup", Time since last: 1002287130 ns, Reaching safepoint: 488774 ns, At safepoint: 32834 ns, Total: 521608 ns
[2022-06-18T09:08:11.476+0000][8][safepoint   ] Safepoint "Cleanup", Time since last: 3003762498 ns, Reaching safepoint: 93443 ns, At safepoint: 4433 ns, Total: 97876 ns
[2022-06-18T09:08:12.477+0000][8][safepoint   ] Safepoint "Cleanup", Time since last: 1001297766 ns, Reaching safepoint: 151341 ns, At safepoint: 7495 ns, Total: 158836 ns
[2022-06-18T09:08:14.480+0000][8][safepoint   ] Safepoint "Cleanup", Time since last: 2002098493 ns, Reaching safepoint: 284167 ns, At safepoint: 9737 ns, Total: 293904 ns
[2022-06-18T09:08:17.484+0000][8][safepoint   ] Safepoint "Cleanup", Time since last: 3003645418 ns, Reaching safepoint: 155447 ns, At safepoint: 10635 ns, Total: 166082 ns
[2022-06-18T09:08:19.487+0000][8][safepoint   ] Safepoint "Cleanup", Time since last: 2002741211 ns, Reaching safepoint: 247937 ns, At safepoint: 13239 ns, Total: 261176 ns
[2022-06-18T09:08:20.490+0000][8][safepoint   ] Safepoint "Cleanup", Time since last: 1003384096 ns, Reaching safepoint: 181710 ns, At safepoint: 5920 ns, Total: 187630 ns
[2022-06-18T09:08:21.492+0000][8][safepoint   ] Safepoint "Cleanup", Time since last: 1001849273 ns, Reaching safepoint: 265241 ns, At safepoint: 10932 ns, Total: 276173 ns
[2022-06-18T09:08:23.495+0000][8][safepoint   ] Safepoint "Cleanup", Time since last: 2002517327 ns, Reaching safepoint: 161464 ns, At safepoint: 6591 ns, Total: 168055 ns
[2022-06-18T09:08:27.501+0000][8][safepoint   ] Safepoint "Cleanup", Time since last: 4006113671 ns, Reaching safepoint: 317288 ns, At safepoint: 11851 ns, Total: 329139 ns
[2022-06-18T09:08:29.505+0000][8][safepoint   ] Safepoint "Cleanup", Time since last: 2003378190 ns, Reaching safepoint: 202155 ns, At safepoint: 6558 ns, Total: 208713 ns
[2022-06-18T09:08:32.508+0000][8][safepoint   ] Safepoint "Cleanup", Time since last: 3003133922 ns, Reaching safepoint: 145683 ns, At safepoint: 11591 ns, Total: 157274 ns
[2022-06-18T09:08:33.510+0000][8][safepoint   ] Safepoint "Cleanup", Time since last: 1001471291 ns, Reaching safepoint: 130570 ns, At safepoint: 5963 ns, Total: 136533 ns
[2022-06-18T09:08:34.514+0000][8][safepoint   ] Safepoint "Cleanup", Time since last: 1003575415 ns, Reaching safepoint: 218747 ns, At safepoint: 14576 ns, Total: 233323 ns
[2022-06-18T09:08:35.516+0000][8][safepoint   ] Safepoint "Cleanup", Time since last: 1002527487 ns, Reaching safepoint: 223359 ns, At safepoint: 6383 ns, Total: 229742 ns
[2022-06-18T09:08:36.518+0000][8][safepoint   ] Safepoint "Cleanup", Time since last: 1001732105 ns, Reaching safepoint: 156821 ns, At safepoint: 5693 ns, Total: 162514 ns
[2022-06-18T09:08:41.498+0000][8][safepoint   ] Safepoint "Cleanup", Time since last: 5003816632 ns, Reaching safepoint: 154500 ns, At safepoint: 7505 ns, Total: 162005 ns
[2022-06-18T09:08:42.502+0000][8][safepoint   ] Safepoint "Cleanup", Time since last: 1002797264 ns, Reaching safepoint: 261861 ns, At safepoint: 21460 ns, Total: 283321 ns
[2022-06-18T09:08:44.504+0000][8][safepoint   ] Safepoint "Cleanup", Time since last: 2002299411 ns, Reaching safepoint: 161712 ns, At safepoint: 7668 ns, Total: 169380 ns
[2022-06-18T09:08:47.508+0000][8][safepoint   ] Safepoint "Cleanup", Time since last: 3004020822 ns, Reaching safepoint: 223251 ns, At safepoint: 9486 ns, Total: 232737 ns
[2022-06-18T09:08:48.512+0000][8][safepoint   ] Safepoint "Cleanup", Time since last: 1003227199 ns, Reaching safepoint: 169448 ns, At safepoint: 11182 ns, Total: 180630 ns
[2022-06-18T09:08:53.314+0000][8][safepoint   ] Safepoint "Cleanup", Time since last: 4801649643 ns, Reaching safepoint: 327146 ns, At safepoint: 35841 ns, Total: 362987 ns
[2022-06-18T09:08:54.315+0000][8][safepoint   ] Safepoint "Cleanup", Time since last: 1001626413 ns, Reaching safepoint: 146110 ns, At safepoint: 7258 ns, Total: 153368 ns
[2022-06-18T09:08:56.318+0000][8][safepoint   ] Safepoint "Cleanup", Time since last: 2002046552 ns, Reaching safepoint: 92743 ns, At safepoint: 27896 ns, Total: 120639 ns
[2022-06-18T09:08:57.319+0000][8][safepoint   ] Safepoint "Cleanup", Time since last: 1001512677 ns, Reaching safepoint: 154882 ns, At safepoint: 6842 ns, Total: 161724 ns
[2022-06-18T09:09:00.325+0000][8][safepoint   ] Safepoint "Cleanup", Time since last: 3005545615 ns, Reaching safepoint: 513473 ns, At safepoint: 36155 ns, Total: 549628 ns
[2022-06-18T09:09:04.331+0000][8][safepoint   ] Safepoint "Cleanup", Time since last: 4004880837 ns, Reaching safepoint: 201924 ns, At safepoint: 8796 ns, Total: 210720 ns
[2022-06-18T09:09:05.332+0000][8][safepoint   ] Safepoint "Cleanup", Time since last: 1001767036 ns, Reaching safepoint: 70130 ns, At safepoint: 3529 ns, Total: 73659 ns
[2022-06-18T09:09:06.336+0000][8][safepoint   ] Safepoint "Cleanup", Time since last: 1003361099 ns, Reaching safepoint: 349229 ns, At safepoint: 18923 ns, Total: 368152 ns
[2022-06-18T09:09:12.322+0000][8][safepoint   ] Safepoint "Cleanup", Time since last: 6007584699 ns, Reaching safepoint: 242303 ns, At safepoint: 18240 ns, Total: 260543 ns
[2022-06-18T09:09:14.326+0000][8][safepoint   ] Safepoint "Cleanup", Time since last: 2003427692 ns, Reaching safepoint: 105787 ns, At safepoint: 4798 ns, Total: 110585 ns
[2022-06-18T09:09:15.327+0000][8][safepoint   ] Safepoint "Cleanup", Time since last: 1001145463 ns, Reaching safepoint: 246110 ns, At safepoint: 8244 ns, Total: 254354 ns
[2022-06-18T09:09:17.330+0000][8][safepoint   ] Safepoint "Cleanup", Time since last: 2002576253 ns, Reaching safepoint: 133285 ns, At safepoint: 7765 ns, Total: 141050 ns
[2022-06-18T09:09:20.333+0000][8][safepoint   ] Safepoint "Cleanup", Time since last: 3003009569 ns, Reaching safepoint: 113052 ns, At safepoint: 5629 ns, Total: 118681 ns
[2022-06-18T09:09:29.333+0000][8][gc,start    ] GC(24) Pause Young (Normal) (G1 Evacuation Pause)
[2022-06-18T09:09:29.334+0000][8][gc,task     ] GC(24) Using 4 workers of 4 for evacuation
[2022-06-18T09:09:29.335+0000][8][gc,age      ] GC(24) Desired survivor size 20971520 bytes, new threshold 15 (max threshold 15)
[2022-06-18T09:09:29.348+0000][8][gc,phases   ] GC(24)   Pre Evacuate Collection Set: 0.2ms
[2022-06-18T09:09:29.350+0000][8][gc,phases   ] GC(24)   Merge Heap Roots: 0.2ms
[2022-06-18T09:09:29.351+0000][8][gc,phases   ] GC(24)   Evacuate Collection Set: 10.2ms
[2022-06-18T09:09:29.351+0000][8][gc,phases   ] GC(24)   Post Evacuate Collection Set: 1.4ms
[2022-06-18T09:09:29.352+0000][8][gc,phases   ] GC(24)   Other: 1.9ms
[2022-06-18T09:09:29.352+0000][8][gc,age      ] GC(24) Age table with threshold 15 (max threshold 15)
[2022-06-18T09:09:29.353+0000][8][gc,age      ] GC(24) - age   1:    1680528 bytes,    1680528 total
[2022-06-18T09:09:29.354+0000][8][gc,age      ] GC(24) - age   2:      20616 bytes,    1701144 total
[2022-06-18T09:09:29.355+0000][8][gc,age      ] GC(24) - age   3:    2317344 bytes,    4018488 total
[2022-06-18T09:09:29.356+0000][8][gc,age      ] GC(24) - age   4:      26960 bytes,    4045448 total
[2022-06-18T09:09:29.356+0000][8][gc,age      ] GC(24) - age   5:      40376 bytes,    4085824 total
[2022-06-18T09:09:29.357+0000][8][gc,age      ] GC(24) - age   6:     125880 bytes,    4211704 total
[2022-06-18T09:09:29.358+0000][8][gc,age      ] GC(24) - age   7:    7094840 bytes,   11306544 total
[2022-06-18T09:09:29.360+0000][8][gc,heap     ] GC(24) Eden regions: 73->0(73)
[2022-06-18T09:09:29.362+0000][8][gc,heap     ] GC(24) Survivor regions: 3->3(10)
[2022-06-18T09:09:29.362+0000][8][gc,heap     ] GC(24) Old regions: 19->19
[2022-06-18T09:09:29.363+0000][8][gc,heap     ] GC(24) Archive regions: 2->2
[2022-06-18T09:09:29.364+0000][8][gc,heap     ] GC(24) Humongous regions: 0->0
[2022-06-18T09:09:29.365+0000][8][gc,metaspace] GC(24) Metaspace: 124090K(127296K)->124090K(127296K) NonClass: 107637K(109312K)->107637K(109312K) Class: 16452K(17984K)->16452K(17984K)
[2022-06-18T09:09:29.367+0000][8][gc          ] GC(24) Pause Young (Normal) (G1 Evacuation Pause) 381M->89M(512M) 34.250ms
[2022-06-18T09:09:29.371+0000][8][gc,cpu      ] GC(24) User=0.03s Sys=0.00s Real=0.04s
[2022-06-18T09:09:29.372+0000][8][safepoint   ] Safepoint "G1CollectForAllocation", Time since last: 8999775241 ns, Reaching safepoint: 115143 ns, At safepoint: 39300257 ns, Total: 39415400 ns
[2022-06-18T09:09:30.376+0000][8][safepoint   ] Safepoint "Cleanup", Time since last: 1003714793 ns, Reaching safepoint: 304482 ns, At safepoint: 13411 ns, Total: 317893 ns
[2022-06-18T09:09:35.383+0000][8][safepoint   ] Safepoint "Cleanup", Time since last: 5006201761 ns, Reaching safepoint: 248106 ns, At safepoint: 8814 ns, Total: 256920 ns
[2022-06-18T09:09:36.386+0000][8][safepoint   ] Safepoint "Cleanup", Time since last: 1002881279 ns, Reaching safepoint: 122051 ns, At safepoint: 5582 ns, Total: 127633 ns
[2022-06-18T09:09:41.369+0000][8][safepoint   ] Safepoint "Cleanup", Time since last: 5004546132 ns, Reaching safepoint: 283408 ns, At safepoint: 117296 ns, Total: 400704 ns
[2022-06-18T09:09:42.372+0000][8][safepoint   ] Safepoint "Cleanup", Time since last: 1002756028 ns, Reaching safepoint: 389844 ns, At safepoint: 21871 ns, Total: 411715 ns
[2022-06-18T09:09:45.377+0000][8][safepoint   ] Safepoint "Cleanup", Time since last: 3004837670 ns, Reaching safepoint: 286826 ns, At safepoint: 16249 ns, Total: 303075 ns
[2022-06-18T09:09:46.387+0000][8][safepoint   ] Safepoint "Cleanup", Time since last: 1009312197 ns, Reaching safepoint: 245070 ns, At safepoint: 16561 ns, Total: 261631 ns
[2022-06-18T09:09:47.389+0000][8][safepoint   ] Safepoint "Cleanup", Time since last: 1001872253 ns, Reaching safepoint: 95623 ns, At safepoint: 5128 ns, Total: 100751 ns
[2022-06-18T09:09:48.391+0000][8][safepoint   ] Safepoint "Cleanup", Time since last: 1002267539 ns, Reaching safepoint: 182733 ns, At safepoint: 7187 ns, Total: 189920 ns
[2022-06-18T09:09:50.395+0000][8][safepoint   ] Safepoint "Cleanup", Time since last: 2003139480 ns, Reaching safepoint: 154924 ns, At safepoint: 8671 ns, Total: 163595 ns
[2022-06-18T09:09:53.401+0000][8][safepoint   ] Safepoint "Cleanup", Time since last: 3006536864 ns, Reaching safepoint: 227714 ns, At safepoint: 10481 ns, Total: 238195 ns
[2022-06-18T09:09:56.404+0000][8][safepoint   ] Safepoint "Cleanup", Time since last: 3002849365 ns, Reaching safepoint: 79782 ns, At safepoint: 4060 ns, Total: 83842 ns
[2022-06-18T09:09:59.407+0000][8][safepoint   ] Safepoint "Cleanup", Time since last: 3002903604 ns, Reaching safepoint: 241920 ns, At safepoint: 17287 ns, Total: 259207 ns
[2022-06-18T09:10:00.410+0000][8][safepoint   ] Safepoint "Cleanup", Time since last: 1002385648 ns, Reaching safepoint: 182002 ns, At safepoint: 8161 ns, Total: 190163 ns
[2022-06-18T09:10:02.415+0000][8][safepoint   ] Safepoint "Cleanup", Time since last: 2004614869 ns, Reaching safepoint: 105349 ns, At safepoint: 7487 ns, Total: 112836 ns
[2022-06-18T09:10:04.420+0000][8][safepoint   ] Safepoint "Cleanup", Time since last: 2005253186 ns, Reaching safepoint: 88438 ns, At safepoint: 4780 ns, Total: 93218 ns
[2022-06-18T09:10:05.422+0000][8][safepoint   ] Safepoint "Cleanup", Time since last: 1002065423 ns, Reaching safepoint: 183211 ns, At safepoint: 7846 ns, Total: 191057 ns
[2022-06-18T09:10:08.406+0000][8][safepoint   ] Safepoint "Cleanup", Time since last: 3003713370 ns, Reaching safepoint: 93485 ns, At safepoint: 6348 ns, Total: 99833 ns
[2022-06-18T09:10:11.409+0000][8][safepoint   ] Safepoint "Cleanup", Time since last: 3002851705 ns, Reaching safepoint: 243066 ns, At safepoint: 65159 ns, Total: 308225 ns
[2022-06-18T09:10:14.416+0000][8][safepoint   ] Safepoint "Cleanup", Time since last: 3006857252 ns, Reaching safepoint: 105634 ns, At safepoint: 7355 ns, Total: 112989 ns
[2022-06-18T09:10:17.423+0000][8][safepoint   ] Safepoint "Cleanup", Time since last: 3007355769 ns, Reaching safepoint: 175628 ns, At safepoint: 9089 ns, Total: 184717 ns
[2022-06-18T09:10:19.428+0000][8][safepoint   ] Safepoint "Cleanup", Time since last: 2004166358 ns, Reaching safepoint: 79645 ns, At safepoint: 3170 ns, Total: 82815 ns
[2022-06-18T09:10:20.430+0000][8][safepoint   ] Safepoint "Cleanup", Time since last: 1001685917 ns, Reaching safepoint: 231633 ns, At safepoint: 9268 ns, Total: 240901 ns
[2022-06-18T09:10:21.432+0000][8][safepoint   ] Safepoint "Cleanup", Time since last: 1002550712 ns, Reaching safepoint: 267851 ns, At safepoint: 18148 ns, Total: 285999 ns
[2022-06-18T09:10:23.439+0000][8][safepoint   ] Safepoint "Cleanup", Time since last: 2006024573 ns, Reaching safepoint: 153129 ns, At safepoint: 4714 ns, Total: 157843 ns
[2022-06-18T09:10:29.444+0000][8][safepoint   ] Safepoint "Cleanup", Time since last: 6005601566 ns, Reaching safepoint: 126920 ns, At safepoint: 4799 ns, Total: 131719 ns
[2022-06-18T09:10:32.449+0000][8][safepoint   ] Safepoint "Cleanup", Time since last: 3004673581 ns, Reaching safepoint: 180588 ns, At safepoint: 10861 ns, Total: 191449 ns
[2022-06-18T09:10:34.453+0000][8][safepoint   ] Safepoint "Cleanup", Time since last: 2003268525 ns, Reaching safepoint: 181620 ns, At safepoint: 7301 ns, Total: 188921 ns
[2022-06-18T09:10:35.455+0000][8][safepoint   ] Safepoint "Cleanup", Time since last: 1002316491 ns, Reaching safepoint: 108377 ns, At safepoint: 7889 ns, Total: 116266 ns
[2022-06-18T09:10:38.438+0000][8][safepoint   ] Safepoint "Cleanup", Time since last: 3004292313 ns, Reaching safepoint: 267323 ns, At safepoint: 5874 ns, Total: 273197 ns
[2022-06-18T09:10:41.444+0000][8][safepoint   ] Safepoint "Cleanup", Time since last: 3005450382 ns, Reaching safepoint: 60571 ns, At safepoint: 2996 ns, Total: 63567 ns
[2022-06-18T09:10:42.445+0000][8][safepoint   ] Safepoint "Cleanup", Time since last: 1001597065 ns, Reaching safepoint: 104194 ns, At safepoint: 7005 ns, Total: 111199 ns
[2022-06-18T09:10:44.448+0000][8][safepoint   ] Safepoint "Cleanup", Time since last: 2002740914 ns, Reaching safepoint: 138772 ns, At safepoint: 9758 ns, Total: 148530 ns
[2022-06-18T09:10:48.453+0000][8][safepoint   ] Safepoint "Cleanup", Time since last: 4004914067 ns, Reaching safepoint: 59253 ns, At safepoint: 3036 ns, Total: 62289 ns
[2022-06-18T09:10:50.458+0000][8][safepoint   ] Safepoint "Cleanup", Time since last: 2004853086 ns, Reaching safepoint: 98167 ns, At safepoint: 6194 ns, Total: 104361 ns
[2022-06-18T09:10:52.462+0000][8][safepoint   ] Safepoint "Cleanup", Time since last: 2003581251 ns, Reaching safepoint: 113534 ns, At safepoint: 6971 ns, Total: 120505 ns
[2022-06-18T09:10:53.465+0000][8][safepoint   ] Safepoint "Cleanup", Time since last: 1003160937 ns, Reaching safepoint: 117150 ns, At safepoint: 6444 ns, Total: 123594 ns
[2022-06-18T09:10:54.467+0000][8][safepoint   ] Safepoint "Cleanup", Time since last: 1002039523 ns, Reaching safepoint: 199064 ns, At safepoint: 8929 ns, Total: 207993 ns
[2022-06-18T09:10:56.259+0000][8][gc,start    ] GC(25) Pause Young (Normal) (G1 Evacuation Pause)
[2022-06-18T09:10:56.260+0000][8][gc,task     ] GC(25) Using 4 workers of 4 for evacuation
[2022-06-18T09:10:56.261+0000][8][gc,age      ] GC(25) Desired survivor size 20971520 bytes, new threshold 15 (max threshold 15)
[2022-06-18T09:10:56.277+0000][8][gc,phases   ] GC(25)   Pre Evacuate Collection Set: 0.2ms
[2022-06-18T09:10:56.277+0000][8][gc,phases   ] GC(25)   Merge Heap Roots: 0.1ms
[2022-06-18T09:10:56.278+0000][8][gc,phases   ] GC(25)   Evacuate Collection Set: 13.3ms
[2022-06-18T09:10:56.279+0000][8][gc,phases   ] GC(25)   Post Evacuate Collection Set: 1.1ms
[2022-06-18T09:10:56.279+0000][8][gc,phases   ] GC(25)   Other: 1.4ms
[2022-06-18T09:10:56.280+0000][8][gc,age      ] GC(25) Age table with threshold 15 (max threshold 15)
[2022-06-18T09:10:56.282+0000][8][gc,age      ] GC(25) - age   1:    1846392 bytes,    1846392 total
[2022-06-18T09:10:56.283+0000][8][gc,age      ] GC(25) - age   2:      17920 bytes,    1864312 total
[2022-06-18T09:10:56.284+0000][8][gc,age      ] GC(25) - age   3:      17440 bytes,    1881752 total
[2022-06-18T09:10:56.285+0000][8][gc,age      ] GC(25) - age   4:    2175808 bytes,    4057560 total
[2022-06-18T09:10:56.286+0000][8][gc,age      ] GC(25) - age   5:      26584 bytes,    4084144 total
[2022-06-18T09:10:56.287+0000][8][gc,age      ] GC(25) - age   6:      40376 bytes,    4124520 total
[2022-06-18T09:10:56.288+0000][8][gc,age      ] GC(25) - age   7:     125800 bytes,    4250320 total
[2022-06-18T09:10:56.288+0000][8][gc,age      ] GC(25) - age   8:    7094464 bytes,   11344784 total
[2022-06-18T09:10:56.289+0000][8][gc,heap     ] GC(25) Eden regions: 73->0(73)
[2022-06-18T09:10:56.290+0000][8][gc,heap     ] GC(25) Survivor regions: 3->3(10)
[2022-06-18T09:10:56.290+0000][8][gc,heap     ] GC(25) Old regions: 19->19
[2022-06-18T09:10:56.291+0000][8][gc,heap     ] GC(25) Archive regions: 2->2
[2022-06-18T09:10:56.291+0000][8][gc,heap     ] GC(25) Humongous regions: 0->0
[2022-06-18T09:10:56.292+0000][8][gc,metaspace] GC(25) Metaspace: 124446K(127616K)->124446K(127616K) NonClass: 107945K(109568K)->107945K(109568K) Class: 16501K(18048K)->16501K(18048K)
[2022-06-18T09:10:56.292+0000][8][gc          ] GC(25) Pause Young (Normal) (G1 Evacuation Pause) 381M->89M(512M) 32.836ms
[2022-06-18T09:10:56.293+0000][8][gc,cpu      ] GC(25) User=0.05s Sys=0.00s Real=0.04s
[2022-06-18T09:10:56.293+0000][8][safepoint   ] Safepoint "G1CollectForAllocation", Time since last: 1791783713 ns, Reaching safepoint: 70958 ns, At safepoint: 33973571 ns, Total: 34044529 ns
[2022-06-18T09:10:57.295+0000][8][safepoint   ] Safepoint "Cleanup", Time since last: 1001259643 ns, Reaching safepoint: 292422 ns, At safepoint: 10763 ns, Total: 303185 ns
[2022-06-18T09:10:58.297+0000][8][safepoint   ] Safepoint "Cleanup", Time since last: 1001744184 ns, Reaching safepoint: 251208 ns, At safepoint: 7311 ns, Total: 258519 ns
[2022-06-18T09:10:59.299+0000][8][safepoint   ] Safepoint "Cleanup", Time since last: 1002542837 ns, Reaching safepoint: 92017 ns, At safepoint: 5787 ns, Total: 97804 ns
[2022-06-18T09:11:00.302+0000][8][safepoint   ] Safepoint "Cleanup", Time since last: 1002646168 ns, Reaching safepoint: 236283 ns, At safepoint: 12525 ns, Total: 248808 ns
[2022-06-18T09:11:04.309+0000][8][safepoint   ] Safepoint "Cleanup", Time since last: 4006442443 ns, Reaching safepoint: 411634 ns, At safepoint: 44208 ns, Total: 455842 ns
[2022-06-18T09:11:05.312+0000][8][safepoint   ] Safepoint "Cleanup", Time since last: 1002497994 ns, Reaching safepoint: 92748 ns, At safepoint: 6312 ns, Total: 99060 ns
[2022-06-18T09:11:06.314+0000][8][safepoint   ] Safepoint "Cleanup", Time since last: 1001959707 ns, Reaching safepoint: 121449 ns, At safepoint: 6213 ns, Total: 127662 ns
[2022-06-18T09:11:09.294+0000][8][safepoint   ] Safepoint "Cleanup", Time since last: 3002751477 ns, Reaching safepoint: 144662 ns, At safepoint: 3565 ns, Total: 148227 ns
[2022-06-18T09:11:11.296+0000][8][safepoint   ] Safepoint "Cleanup", Time since last: 2001898625 ns, Reaching safepoint: 64963 ns, At safepoint: 2231 ns, Total: 67194 ns
[2022-06-18T09:11:12.301+0000][8][safepoint   ] Safepoint "Cleanup", Time since last: 1004281280 ns, Reaching safepoint: 161456 ns, At safepoint: 9028 ns, Total: 170484 ns
[2022-06-18T09:11:17.312+0000][8][safepoint   ] Safepoint "Cleanup", Time since last: 5011094352 ns, Reaching safepoint: 225954 ns, At safepoint: 31503 ns, Total: 257457 ns
[2022-06-18T09:11:19.316+0000][8][safepoint   ] Safepoint "Cleanup", Time since last: 2003492787 ns, Reaching safepoint: 165146 ns, At safepoint: 10226 ns, Total: 175372 ns
[2022-06-18T09:11:20.318+0000][8][safepoint   ] Safepoint "Cleanup", Time since last: 1001813392 ns, Reaching safepoint: 228503 ns, At safepoint: 9979 ns, Total: 238482 ns
[2022-06-18T09:11:24.327+0000][8][safepoint   ] Safepoint "Cleanup", Time since last: 4009212370 ns, Reaching safepoint: 146069 ns, At safepoint: 9486 ns, Total: 155555 ns
[2022-06-18T09:11:26.331+0000][8][safepoint   ] Safepoint "Cleanup", Time since last: 2003523037 ns, Reaching safepoint: 286597 ns, At safepoint: 13686 ns, Total: 300283 ns
[2022-06-18T09:11:29.337+0000][8][safepoint   ] Safepoint "Cleanup", Time since last: 3006051146 ns, Reaching safepoint: 108759 ns, At safepoint: 26402 ns, Total: 135161 ns
[2022-06-18T09:11:30.344+0000][8][safepoint   ] Safepoint "Cleanup", Time since last: 1006785855 ns, Reaching safepoint: 260831 ns, At safepoint: 12772 ns, Total: 273603 ns
[2022-06-18T09:11:35.353+0000][8][safepoint   ] Safepoint "Cleanup", Time since last: 5008354893 ns, Reaching safepoint: 141786 ns, At safepoint: 9526 ns, Total: 151312 ns
[2022-06-18T09:11:41.339+0000][8][safepoint   ] Safepoint "Cleanup", Time since last: 6007325582 ns, Reaching safepoint: 79045 ns, At safepoint: 2401 ns, Total: 81446 ns
[2022-06-18T09:11:42.340+0000][8][safepoint   ] Safepoint "Cleanup", Time since last: 1001390499 ns, Reaching safepoint: 285420 ns, At safepoint: 14526 ns, Total: 299946 ns
[2022-06-18T09:11:44.345+0000][8][safepoint   ] Safepoint "Cleanup", Time since last: 2004520982 ns, Reaching safepoint: 158165 ns, At safepoint: 5070 ns, Total: 163235 ns
[2022-06-18T09:11:45.347+0000][8][safepoint   ] Safepoint "Cleanup", Time since last: 1002189421 ns, Reaching safepoint: 82981 ns, At safepoint: 4180 ns, Total: 87161 ns
[2022-06-18T09:11:48.359+0000][8][safepoint   ] Safepoint "Cleanup", Time since last: 3012129551 ns, Reaching safepoint: 106045 ns, At safepoint: 4203 ns, Total: 110248 ns
[2022-06-18T09:11:50.364+0000][8][safepoint   ] Safepoint "Cleanup", Time since last: 2004664248 ns, Reaching safepoint: 293558 ns, At safepoint: 22700 ns, Total: 316258 ns
[2022-06-18T09:11:53.372+0000][8][safepoint   ] Safepoint "Cleanup", Time since last: 3007038405 ns, Reaching safepoint: 89956 ns, At safepoint: 4529 ns, Total: 94485 ns
[2022-06-18T09:12:02.385+0000][8][safepoint   ] Safepoint "Cleanup", Time since last: 9013413893 ns, Reaching safepoint: 300508 ns, At safepoint: 10498 ns, Total: 311006 ns
[2022-06-18T09:12:04.390+0000][8][safepoint   ] Safepoint "Cleanup", Time since last: 2004252355 ns, Reaching safepoint: 100367 ns, At safepoint: 5764 ns, Total: 106131 ns
[2022-06-18T09:12:05.392+0000][8][safepoint   ] Safepoint "Cleanup", Time since last: 1002395791 ns, Reaching safepoint: 238009 ns, At safepoint: 20755 ns, Total: 258764 ns
[2022-06-18T09:12:06.394+0000][8][safepoint   ] Safepoint "Cleanup", Time since last: 1001836521 ns, Reaching safepoint: 140586 ns, At safepoint: 9136 ns, Total: 149722 ns
[2022-06-18T09:12:08.378+0000][8][safepoint   ] Safepoint "Cleanup", Time since last: 2003623301 ns, Reaching safepoint: 215428 ns, At safepoint: 16250 ns, Total: 231678 ns
[2022-06-18T09:12:11.383+0000][8][safepoint   ] Safepoint "Cleanup", Time since last: 3005105584 ns, Reaching safepoint: 129953 ns, At safepoint: 4515 ns, Total: 134468 ns
[2022-06-18T09:12:20.274+0000][8][gc,start    ] GC(26) Pause Young (Normal) (G1 Evacuation Pause)
[2022-06-18T09:12:20.275+0000][8][gc,task     ] GC(26) Using 4 workers of 4 for evacuation
[2022-06-18T09:12:20.276+0000][8][gc,age      ] GC(26) Desired survivor size 20971520 bytes, new threshold 15 (max threshold 15)
[2022-06-18T09:12:20.290+0000][8][gc,phases   ] GC(26)   Pre Evacuate Collection Set: 0.2ms
[2022-06-18T09:12:20.291+0000][8][gc,phases   ] GC(26)   Merge Heap Roots: 0.1ms
[2022-06-18T09:12:20.292+0000][8][gc,phases   ] GC(26)   Evacuate Collection Set: 11.8ms
[2022-06-18T09:12:20.292+0000][8][gc,phases   ] GC(26)   Post Evacuate Collection Set: 1.5ms
[2022-06-18T09:12:20.293+0000][8][gc,phases   ] GC(26)   Other: 2.0ms
[2022-06-18T09:12:20.293+0000][8][gc,age      ] GC(26) Age table with threshold 15 (max threshold 15)
[2022-06-18T09:12:20.294+0000][8][gc,age      ] GC(26) - age   1:    1522424 bytes,    1522424 total
[2022-06-18T09:12:20.294+0000][8][gc,age      ] GC(26) - age   2:     210520 bytes,    1732944 total
[2022-06-18T09:12:20.295+0000][8][gc,age      ] GC(26) - age   3:      16448 bytes,    1749392 total
[2022-06-18T09:12:20.296+0000][8][gc,age      ] GC(26) - age   4:      17160 bytes,    1766552 total
[2022-06-18T09:12:20.297+0000][8][gc,age      ] GC(26) - age   5:    2175552 bytes,    3942104 total
[2022-06-18T09:12:20.297+0000][8][gc,age      ] GC(26) - age   6:      26584 bytes,    3968688 total
[2022-06-18T09:12:20.298+0000][8][gc,age      ] GC(26) - age   7:      40376 bytes,    4009064 total
[2022-06-18T09:12:20.299+0000][8][gc,age      ] GC(26) - age   8:     125800 bytes,    4134864 total
[2022-06-18T09:12:20.300+0000][8][gc,age      ] GC(26) - age   9:    7094080 bytes,   11228944 total
[2022-06-18T09:12:20.300+0000][8][gc,heap     ] GC(26) Eden regions: 73->0(73)
[2022-06-18T09:12:20.301+0000][8][gc,heap     ] GC(26) Survivor regions: 3->3(10)
[2022-06-18T09:12:20.301+0000][8][gc,heap     ] GC(26) Old regions: 19->19
[2022-06-18T09:12:20.302+0000][8][gc,heap     ] GC(26) Archive regions: 2->2
[2022-06-18T09:12:20.303+0000][8][gc,heap     ] GC(26) Humongous regions: 0->0
[2022-06-18T09:12:20.303+0000][8][gc,metaspace] GC(26) Metaspace: 124624K(127808K)->124624K(127808K) NonClass: 108122K(109760K)->108122K(109760K) Class: 16501K(18048K)->16501K(18048K)
[2022-06-18T09:12:20.304+0000][8][gc          ] GC(26) Pause Young (Normal) (G1 Evacuation Pause) 381M->88M(512M) 29.845ms
[2022-06-18T09:12:20.304+0000][8][gc,cpu      ] GC(26) User=0.04s Sys=0.00s Real=0.03s
[2022-06-18T09:12:20.305+0000][8][safepoint   ] Safepoint "G1CollectForAllocation", Time since last: 8890411844 ns, Reaching safepoint: 44659 ns, At safepoint: 31158732 ns, Total: 31203391 ns
[2022-06-18T09:12:21.309+0000][8][safepoint   ] Safepoint "Cleanup", Time since last: 1004207759 ns, Reaching safepoint: 191564 ns, At safepoint: 10043 ns, Total: 201607 ns
[2022-06-18T09:12:22.312+0000][8][safepoint   ] Safepoint "Cleanup", Time since last: 1002964933 ns, Reaching safepoint: 239630 ns, At safepoint: 13763 ns, Total: 253393 ns
[2022-06-18T09:12:23.315+0000][8][safepoint   ] Safepoint "Cleanup", Time since last: 1002554095 ns, Reaching safepoint: 146578 ns, At safepoint: 5507 ns, Total: 152085 ns
[2022-06-18T09:12:32.332+0000][8][safepoint   ] Safepoint "Cleanup", Time since last: 9016522826 ns, Reaching safepoint: 800763 ns, At safepoint: 22089 ns, Total: 822852 ns
[2022-06-18T09:12:33.335+0000][8][safepoint   ] Safepoint "Cleanup", Time since last: 1002434216 ns, Reaching safepoint: 505529 ns, At safepoint: 10526 ns, Total: 516055 ns
[2022-06-18T09:12:35.338+0000][8][safepoint   ] Safepoint "Cleanup", Time since last: 2002424338 ns, Reaching safepoint: 233604 ns, At safepoint: 11706 ns, Total: 245310 ns
[2022-06-18T09:12:38.321+0000][8][safepoint   ] Safepoint "Cleanup", Time since last: 3004586848 ns, Reaching safepoint: 159844 ns, At safepoint: 43985 ns, Total: 203829 ns
[2022-06-18T09:12:41.327+0000][8][safepoint   ] Safepoint "Cleanup", Time since last: 3005495669 ns, Reaching safepoint: 301166 ns, At safepoint: 17311 ns, Total: 318477 ns
[2022-06-18T09:12:42.329+0000][8][safepoint   ] Safepoint "Cleanup", Time since last: 1002109170 ns, Reaching safepoint: 199395 ns, At safepoint: 17022 ns, Total: 216417 ns
[2022-06-18T09:12:44.333+0000][8][safepoint   ] Safepoint "Cleanup", Time since last: 2003892423 ns, Reaching safepoint: 107862 ns, At safepoint: 5433 ns, Total: 113295 ns
[2022-06-18T09:12:47.337+0000][8][safepoint   ] Safepoint "Cleanup", Time since last: 3002875093 ns, Reaching safepoint: 441797 ns, At safepoint: 98308 ns, Total: 540105 ns
[2022-06-18T09:12:48.342+0000][8][safepoint   ] Safepoint "Cleanup", Time since last: 1005276570 ns, Reaching safepoint: 241875 ns, At safepoint: 10009 ns, Total: 251884 ns
[2022-06-18T09:12:56.350+0000][8][safepoint   ] Safepoint "Cleanup", Time since last: 8007809003 ns, Reaching safepoint: 108785 ns, At safepoint: 8595 ns, Total: 117380 ns
[2022-06-18T09:12:57.355+0000][8][safepoint   ] Safepoint "Cleanup", Time since last: 1004905406 ns, Reaching safepoint: 297190 ns, At safepoint: 5968 ns, Total: 303158 ns
[2022-06-18T09:12:59.361+0000][8][safepoint   ] Safepoint "Cleanup", Time since last: 2005868857 ns, Reaching safepoint: 90031 ns, At safepoint: 3975 ns, Total: 94006 ns
[2022-06-18T09:13:05.370+0000][8][safepoint   ] Safepoint "Cleanup", Time since last: 6008866197 ns, Reaching safepoint: 141348 ns, At safepoint: 5751 ns, Total: 147099 ns
[2022-06-18T09:13:15.359+0000][8][safepoint   ] Safepoint "Cleanup", Time since last: 10013008480 ns, Reaching safepoint: 135864 ns, At safepoint: 9439 ns, Total: 145303 ns
[2022-06-18T09:13:17.363+0000][8][safepoint   ] Safepoint "Cleanup", Time since last: 2003745573 ns, Reaching safepoint: 65117 ns, At safepoint: 4611 ns, Total: 69728 ns
[2022-06-18T09:13:18.366+0000][8][safepoint   ] Safepoint "Cleanup", Time since last: 1002350011 ns, Reaching safepoint: 58446 ns, At safepoint: 3606 ns, Total: 62052 ns
[2022-06-18T09:13:20.369+0000][8][safepoint   ] Safepoint "Cleanup", Time since last: 2003495257 ns, Reaching safepoint: 74079 ns, At safepoint: 4399 ns, Total: 78478 ns
[2022-06-18T09:13:21.373+0000][8][safepoint   ] Safepoint "Cleanup", Time since last: 1003696882 ns, Reaching safepoint: 99837 ns, At safepoint: 7223 ns, Total: 107060 ns
[2022-06-18T09:13:23.379+0000][8][safepoint   ] Safepoint "Cleanup", Time since last: 2005876440 ns, Reaching safepoint: 79141 ns, At safepoint: 5706 ns, Total: 84847 ns
[2022-06-18T09:13:24.415+0000][8][safepoint   ] Safepoint "Cleanup", Time since last: 1035946942 ns, Reaching safepoint: 239642 ns, At safepoint: 14414 ns, Total: 254056 ns
[2022-06-18T09:13:26.418+0000][8][safepoint   ] Safepoint "Cleanup", Time since last: 2003017685 ns, Reaching safepoint: 81662 ns, At safepoint: 3168 ns, Total: 84830 ns
[2022-06-18T09:13:27.420+0000][8][safepoint   ] Safepoint "Cleanup", Time since last: 1001909015 ns, Reaching safepoint: 92144 ns, At safepoint: 6034 ns, Total: 98178 ns
[2022-06-18T09:13:29.428+0000][8][safepoint   ] Safepoint "Cleanup", Time since last: 2007475686 ns, Reaching safepoint: 200303 ns, At safepoint: 20417 ns, Total: 220720 ns
[2022-06-18T09:13:30.433+0000][8][safepoint   ] Safepoint "Cleanup", Time since last: 1004758621 ns, Reaching safepoint: 521097 ns, At safepoint: 28076 ns, Total: 549173 ns
[2022-06-18T09:13:32.438+0000][8][safepoint   ] Safepoint "Cleanup", Time since last: 2005151128 ns, Reaching safepoint: 151966 ns, At safepoint: 7708 ns, Total: 159674 ns
[2022-06-18T09:13:34.442+0000][8][safepoint   ] Safepoint "Cleanup", Time since last: 2003811239 ns, Reaching safepoint: 174354 ns, At safepoint: 12275 ns, Total: 186629 ns
[2022-06-18T09:13:44.268+0000][8][gc,start    ] GC(27) Pause Young (Normal) (G1 Evacuation Pause)
[2022-06-18T09:13:44.269+0000][8][gc,task     ] GC(27) Using 4 workers of 4 for evacuation
[2022-06-18T09:13:44.270+0000][8][gc,age      ] GC(27) Desired survivor size 20971520 bytes, new threshold 15 (max threshold 15)
[2022-06-18T09:13:44.281+0000][8][gc,phases   ] GC(27)   Pre Evacuate Collection Set: 0.1ms
[2022-06-18T09:13:44.282+0000][8][gc,phases   ] GC(27)   Merge Heap Roots: 0.1ms
[2022-06-18T09:13:44.283+0000][8][gc,phases   ] GC(27)   Evacuate Collection Set: 9.1ms
[2022-06-18T09:13:44.283+0000][8][gc,phases   ] GC(27)   Post Evacuate Collection Set: 1.5ms
[2022-06-18T09:13:44.284+0000][8][gc,phases   ] GC(27)   Other: 1.4ms
[2022-06-18T09:13:44.284+0000][8][gc,age      ] GC(27) Age table with threshold 15 (max threshold 15)
[2022-06-18T09:13:44.285+0000][8][gc,age      ] GC(27) - age   1:    1222616 bytes,    1222616 total
[2022-06-18T09:13:44.286+0000][8][gc,age      ] GC(27) - age   2:      47960 bytes,    1270576 total
[2022-06-18T09:13:44.287+0000][8][gc,age      ] GC(27) - age   3:     209064 bytes,    1479640 total
[2022-06-18T09:13:44.287+0000][8][gc,age      ] GC(27) - age   4:      16448 bytes,    1496088 total
[2022-06-18T09:13:44.287+0000][8][gc,age      ] GC(27) - age   5:      17160 bytes,    1513248 total
[2022-06-18T09:13:44.288+0000][8][gc,age      ] GC(27) - age   6:    2175552 bytes,    3688800 total
[2022-06-18T09:13:44.289+0000][8][gc,age      ] GC(27) - age   7:      26584 bytes,    3715384 total
[2022-06-18T09:13:44.290+0000][8][gc,age      ] GC(27) - age   8:      40376 bytes,    3755760 total
[2022-06-18T09:13:44.290+0000][8][gc,age      ] GC(27) - age   9:     125800 bytes,    3881560 total
[2022-06-18T09:13:44.291+0000][8][gc,age      ] GC(27) - age  10:    7093984 bytes,   10975544 total
[2022-06-18T09:13:44.291+0000][8][gc,heap     ] GC(27) Eden regions: 73->0(73)
[2022-06-18T09:13:44.292+0000][8][gc,heap     ] GC(27) Survivor regions: 3->3(10)
[2022-06-18T09:13:44.292+0000][8][gc,heap     ] GC(27) Old regions: 19->19
[2022-06-18T09:13:44.293+0000][8][gc,heap     ] GC(27) Archive regions: 2->2
[2022-06-18T09:13:44.293+0000][8][gc,heap     ] GC(27) Humongous regions: 0->0
[2022-06-18T09:13:44.294+0000][8][gc,metaspace] GC(27) Metaspace: 124765K(127936K)->124765K(127936K) NonClass: 108262K(109888K)->108262K(109888K) Class: 16502K(18048K)->16502K(18048K)
[2022-06-18T09:13:44.295+0000][8][gc          ] GC(27) Pause Young (Normal) (G1 Evacuation Pause) 380M->88M(512M) 26.218ms
[2022-06-18T09:13:44.295+0000][8][gc,cpu      ] GC(27) User=0.03s Sys=0.00s Real=0.03s
[2022-06-18T09:13:44.296+0000][8][safepoint   ] Safepoint "G1CollectForAllocation", Time since last: 9846326069 ns, Reaching safepoint: 152062 ns, At safepoint: 27443147 ns, Total: 27595209 ns
[2022-06-18T09:13:45.298+0000][8][safepoint   ] Safepoint "Cleanup", Time since last: 1001288326 ns, Reaching safepoint: 460258 ns, At safepoint: 26378 ns, Total: 486636 ns
[2022-06-18T09:13:47.314+0000][8][safepoint   ] Safepoint "Cleanup", Time since last: 2015841415 ns, Reaching safepoint: 380912 ns, At safepoint: 40676 ns, Total: 421588 ns
[2022-06-18T09:13:48.319+0000][8][safepoint   ] Safepoint "Cleanup", Time since last: 1004447446 ns, Reaching safepoint: 394006 ns, At safepoint: 20230 ns, Total: 414236 ns
[2022-06-18T09:13:59.337+0000][8][safepoint   ] Safepoint "Cleanup", Time since last: 11018291241 ns, Reaching safepoint: 189215 ns, At safepoint: 9028 ns, Total: 198243 ns
[2022-06-18T09:14:04.352+0000][8][safepoint   ] Safepoint "Cleanup", Time since last: 5014386824 ns, Reaching safepoint: 379221 ns, At safepoint: 59878 ns, Total: 439099 ns
[2022-06-18T09:14:06.359+0000][8][safepoint   ] Safepoint "Cleanup", Time since last: 2006533866 ns, Reaching safepoint: 264824 ns, At safepoint: 16814 ns, Total: 281638 ns
[2022-06-18T09:14:08.345+0000][8][safepoint   ] Safepoint "Cleanup", Time since last: 2007381781 ns, Reaching safepoint: 221180 ns, At safepoint: 9590 ns, Total: 230770 ns
[2022-06-18T09:14:15.370+0000][8][safepoint   ] Safepoint "Cleanup", Time since last: 7024337337 ns, Reaching safepoint: 307529 ns, At safepoint: 14710 ns, Total: 322239 ns
[2022-06-18T09:14:21.382+0000][8][safepoint   ] Safepoint "Cleanup", Time since last: 6011841291 ns, Reaching safepoint: 428739 ns, At safepoint: 22292 ns, Total: 451031 ns
[2022-06-18T09:14:24.388+0000][8][safepoint   ] Safepoint "Cleanup", Time since last: 3005795364 ns, Reaching safepoint: 265242 ns, At safepoint: 20802 ns, Total: 286044 ns
[2022-06-18T09:14:29.397+0000][8][safepoint   ] Safepoint "Cleanup", Time since last: 5008717256 ns, Reaching safepoint: 453905 ns, At safepoint: 18132 ns, Total: 472037 ns
[2022-06-18T09:14:32.402+0000][8][safepoint   ] Safepoint "Cleanup", Time since last: 3003891480 ns, Reaching safepoint: 374000 ns, At safepoint: 58505 ns, Total: 432505 ns
[2022-06-18T09:14:34.411+0000][8][safepoint   ] Safepoint "Cleanup", Time since last: 2008965110 ns, Reaching safepoint: 408407 ns, At safepoint: 24775 ns, Total: 433182 ns
[2022-06-18T09:14:42.400+0000][8][safepoint   ] Safepoint "Cleanup", Time since last: 8011597675 ns, Reaching safepoint: 316529 ns, At safepoint: 14215 ns, Total: 330744 ns
[2022-06-18T09:14:46.408+0000][8][safepoint   ] Safepoint "Cleanup", Time since last: 4007707056 ns, Reaching safepoint: 643817 ns, At safepoint: 50120 ns, Total: 693937 ns
[2022-06-18T09:14:48.414+0000][8][safepoint   ] Safepoint "Cleanup", Time since last: 2005124664 ns, Reaching safepoint: 265566 ns, At safepoint: 7241 ns, Total: 272807 ns
[2022-06-18T09:14:50.420+0000][8][safepoint   ] Safepoint "Cleanup", Time since last: 2006261797 ns, Reaching safepoint: 238630 ns, At safepoint: 14199 ns, Total: 252829 ns
[2022-06-18T09:14:53.429+0000][8][safepoint   ] Safepoint "Cleanup", Time since last: 3008808251 ns, Reaching safepoint: 306077 ns, At safepoint: 45315 ns, Total: 351392 ns
[2022-06-18T09:14:56.441+0000][8][safepoint   ] Safepoint "Cleanup", Time since last: 3011521812 ns, Reaching safepoint: 226841 ns, At safepoint: 9558 ns, Total: 236399 ns
[2022-06-18T09:14:57.444+0000][8][safepoint   ] Safepoint "Cleanup", Time since last: 1003103856 ns, Reaching safepoint: 153862 ns, At safepoint: 6409 ns, Total: 160271 ns
[2022-06-18T09:14:59.447+0000][8][safepoint   ] Safepoint "Cleanup", Time since last: 2002625072 ns, Reaching safepoint: 272702 ns, At safepoint: 14199 ns, Total: 286901 ns
[2022-06-18T09:15:00.450+0000][8][safepoint   ] Safepoint "Cleanup", Time since last: 1002981798 ns, Reaching safepoint: 177859 ns, At safepoint: 35126 ns, Total: 212985 ns
[2022-06-18T09:15:04.457+0000][8][safepoint   ] Safepoint "Cleanup", Time since last: 4005595215 ns, Reaching safepoint: 435033 ns, At safepoint: 13640 ns, Total: 448673 ns
[2022-06-18T09:15:05.460+0000][8][safepoint   ] Safepoint "Cleanup", Time since last: 1003729530 ns, Reaching safepoint: 196637 ns, At safepoint: 15755 ns, Total: 212392 ns
[2022-06-18T09:15:08.446+0000][8][safepoint   ] Safepoint "Cleanup", Time since last: 3005873983 ns, Reaching safepoint: 100197 ns, At safepoint: 6640 ns, Total: 106837 ns
[2022-06-18T09:15:09.316+0000][8][gc,start    ] GC(28) Pause Young (Normal) (G1 Evacuation Pause)
[2022-06-18T09:15:09.317+0000][8][gc,task     ] GC(28) Using 4 workers of 4 for evacuation
[2022-06-18T09:15:09.318+0000][8][gc,age      ] GC(28) Desired survivor size 20971520 bytes, new threshold 15 (max threshold 15)
[2022-06-18T09:15:09.333+0000][8][gc,phases   ] GC(28)   Pre Evacuate Collection Set: 0.1ms
[2022-06-18T09:15:09.334+0000][8][gc,phases   ] GC(28)   Merge Heap Roots: 0.1ms
[2022-06-18T09:15:09.335+0000][8][gc,phases   ] GC(28)   Evacuate Collection Set: 10.3ms
[2022-06-18T09:15:09.335+0000][8][gc,phases   ] GC(28)   Post Evacuate Collection Set: 1.4ms
[2022-06-18T09:15:09.336+0000][8][gc,phases   ] GC(28)   Other: 4.1ms
[2022-06-18T09:15:09.336+0000][8][gc,age      ] GC(28) Age table with threshold 15 (max threshold 15)
[2022-06-18T09:15:09.337+0000][8][gc,age      ] GC(28) - age   1:    1021712 bytes,    1021712 total
[2022-06-18T09:15:09.338+0000][8][gc,age      ] GC(28) - age   2:      12552 bytes,    1034264 total
[2022-06-18T09:15:09.338+0000][8][gc,age      ] GC(28) - age   3:      46304 bytes,    1080568 total
[2022-06-18T09:15:09.339+0000][8][gc,age      ] GC(28) - age   4:     209064 bytes,    1289632 total
[2022-06-18T09:15:09.339+0000][8][gc,age      ] GC(28) - age   5:      16448 bytes,    1306080 total
[2022-06-18T09:15:09.340+0000][8][gc,age      ] GC(28) - age   6:      17160 bytes,    1323240 total
[2022-06-18T09:15:09.340+0000][8][gc,age      ] GC(28) - age   7:    2170464 bytes,    3493704 total
[2022-06-18T09:15:09.341+0000][8][gc,age      ] GC(28) - age   8:      26584 bytes,    3520288 total
[2022-06-18T09:15:09.341+0000][8][gc,age      ] GC(28) - age   9:      40376 bytes,    3560664 total
[2022-06-18T09:15:09.342+0000][8][gc,age      ] GC(28) - age  10:     125800 bytes,    3686464 total
[2022-06-18T09:15:09.342+0000][8][gc,age      ] GC(28) - age  11:    7092088 bytes,   10778552 total
[2022-06-18T09:15:09.343+0000][8][gc,heap     ] GC(28) Eden regions: 73->0(73)
[2022-06-18T09:15:09.343+0000][8][gc,heap     ] GC(28) Survivor regions: 3->3(10)
[2022-06-18T09:15:09.344+0000][8][gc,heap     ] GC(28) Old regions: 19->19
[2022-06-18T09:15:09.344+0000][8][gc,heap     ] GC(28) Archive regions: 2->2
[2022-06-18T09:15:09.345+0000][8][gc,heap     ] GC(28) Humongous regions: 0->0
[2022-06-18T09:15:09.346+0000][8][gc,metaspace] GC(28) Metaspace: 124852K(128000K)->124852K(128000K) NonClass: 108349K(109952K)->108349K(109952K) Class: 16502K(18048K)->16502K(18048K)
[2022-06-18T09:15:09.347+0000][8][gc          ] GC(28) Pause Young (Normal) (G1 Evacuation Pause) 380M->88M(512M) 30.514ms
[2022-06-18T09:15:09.347+0000][8][gc,cpu      ] GC(28) User=0.03s Sys=0.00s Real=0.03s
[2022-06-18T09:15:09.348+0000][8][safepoint   ] Safepoint "G1CollectForAllocation", Time since last: 870110551 ns, Reaching safepoint: 33694 ns, At safepoint: 31687841 ns, Total: 31721535 ns
[2022-06-18T09:15:12.350+0000][8][safepoint   ] Safepoint "Cleanup", Time since last: 3002220790 ns, Reaching safepoint: 325939 ns, At safepoint: 20601 ns, Total: 346540 ns
[2022-06-18T09:15:17.356+0000][8][safepoint   ] Safepoint "Cleanup", Time since last: 5005836566 ns, Reaching safepoint: 187631 ns, At safepoint: 5199 ns, Total: 192830 ns
[2022-06-18T09:15:20.367+0000][8][safepoint   ] Safepoint "Cleanup", Time since last: 3010612733 ns, Reaching safepoint: 348315 ns, At safepoint: 17329 ns, Total: 365644 ns
[2022-06-18T09:15:23.375+0000][8][safepoint   ] Safepoint "Cleanup", Time since last: 3007479939 ns, Reaching safepoint: 194005 ns, At safepoint: 5533 ns, Total: 199538 ns
[2022-06-18T09:15:32.397+0000][8][safepoint   ] Safepoint "Cleanup", Time since last: 9021599732 ns, Reaching safepoint: 428529 ns, At safepoint: 16657 ns, Total: 445186 ns
[2022-06-18T09:15:35.403+0000][8][safepoint   ] Safepoint "Cleanup", Time since last: 3005376171 ns, Reaching safepoint: 162791 ns, At safepoint: 5708 ns, Total: 168499 ns
[2022-06-18T09:15:38.389+0000][8][safepoint   ] Safepoint "Cleanup", Time since last: 3007715852 ns, Reaching safepoint: 233740 ns, At safepoint: 18863 ns, Total: 252603 ns
[2022-06-18T09:15:42.397+0000][8][safepoint   ] Safepoint "Cleanup", Time since last: 4008148583 ns, Reaching safepoint: 89155 ns, At safepoint: 9474 ns, Total: 98629 ns
[2022-06-18T09:15:45.533+0000][8][safepoint   ] Safepoint "Cleanup", Time since last: 3135774597 ns, Reaching safepoint: 207568 ns, At safepoint: 8710 ns, Total: 216278 ns
[2022-06-18T09:15:47.406+0000][8][safepoint   ] Safepoint "Cleanup", Time since last: 1872038544 ns, Reaching safepoint: 201965 ns, At safepoint: 100084 ns, Total: 302049 ns
[2022-06-18T09:15:48.410+0000][8][safepoint   ] Safepoint "Cleanup", Time since last: 1003524967 ns, Reaching safepoint: 617603 ns, At safepoint: 36753 ns, Total: 654356 ns
[2022-06-18T09:15:50.416+0000][8][safepoint   ] Safepoint "Cleanup", Time since last: 2005589556 ns, Reaching safepoint: 208705 ns, At safepoint: 9200 ns, Total: 217905 ns
[2022-06-18T09:15:53.424+0000][8][safepoint   ] Safepoint "Cleanup", Time since last: 3008607004 ns, Reaching safepoint: 208721 ns, At safepoint: 9457 ns, Total: 218178 ns
[2022-06-18T09:15:59.436+0000][8][safepoint   ] Safepoint "Cleanup", Time since last: 6011454129 ns, Reaching safepoint: 98258 ns, At safepoint: 3639 ns, Total: 101897 ns
[2022-06-18T09:16:00.438+0000][8][safepoint   ] Safepoint "Cleanup", Time since last: 1001782292 ns, Reaching safepoint: 506656 ns, At safepoint: 166654 ns, Total: 673310 ns
[2022-06-18T09:16:05.454+0000][8][safepoint   ] Safepoint "Cleanup", Time since last: 5014659499 ns, Reaching safepoint: 561934 ns, At safepoint: 13608 ns, Total: 575542 ns
[2022-06-18T09:16:07.461+0000][8][safepoint   ] Safepoint "Cleanup", Time since last: 2007556074 ns, Reaching safepoint: 171302 ns, At safepoint: 6716 ns, Total: 178018 ns
[2022-06-18T09:16:08.444+0000][8][safepoint   ] Safepoint "Cleanup", Time since last: 1002635321 ns, Reaching safepoint: 448831 ns, At safepoint: 30637 ns, Total: 479468 ns
[2022-06-18T09:16:09.447+0000][8][safepoint   ] Safepoint "Cleanup", Time since last: 1002925063 ns, Reaching safepoint: 521909 ns, At safepoint: 32724 ns, Total: 554633 ns
[2022-06-18T09:16:11.454+0000][8][safepoint   ] Safepoint "Cleanup", Time since last: 2006004648 ns, Reaching safepoint: 572475 ns, At safepoint: 89648 ns, Total: 662123 ns
[2022-06-18T09:16:12.456+0000][8][safepoint   ] Safepoint "Cleanup", Time since last: 1002310429 ns, Reaching safepoint: 211657 ns, At safepoint: 7627 ns, Total: 219284 ns
[2022-06-18T09:16:17.467+0000][8][safepoint   ] Safepoint "Cleanup", Time since last: 5010568274 ns, Reaching safepoint: 270153 ns, At safepoint: 10266 ns, Total: 280419 ns
[2022-06-18T09:16:20.476+0000][8][safepoint   ] Safepoint "Cleanup", Time since last: 3008109400 ns, Reaching safepoint: 310352 ns, At safepoint: 9776 ns, Total: 320128 ns
[2022-06-18T09:16:23.481+0000][8][safepoint   ] Safepoint "Cleanup", Time since last: 3005224367 ns, Reaching safepoint: 170050 ns, At safepoint: 9573 ns, Total: 179623 ns
[2022-06-18T09:16:24.487+0000][8][safepoint   ] Safepoint "Cleanup", Time since last: 1005216299 ns, Reaching safepoint: 167587 ns, At safepoint: 8697 ns, Total: 176284 ns
[2022-06-18T09:16:25.489+0000][8][safepoint   ] Safepoint "Cleanup", Time since last: 1002107865 ns, Reaching safepoint: 93210 ns, At safepoint: 11312 ns, Total: 104522 ns
[2022-06-18T09:16:32.504+0000][8][safepoint   ] Safepoint "Cleanup", Time since last: 7015083649 ns, Reaching safepoint: 421999 ns, At safepoint: 6370 ns, Total: 428369 ns
[2022-06-18T09:16:32.778+0000][8][gc,start    ] GC(29) Pause Young (Normal) (G1 Evacuation Pause)
[2022-06-18T09:16:32.779+0000][8][gc,task     ] GC(29) Using 4 workers of 4 for evacuation
[2022-06-18T09:16:32.780+0000][8][gc,age      ] GC(29) Desired survivor size 20971520 bytes, new threshold 15 (max threshold 15)
[2022-06-18T09:16:32.793+0000][8][gc,phases   ] GC(29)   Pre Evacuate Collection Set: 0.2ms
[2022-06-18T09:16:32.794+0000][8][gc,phases   ] GC(29)   Merge Heap Roots: 0.1ms
[2022-06-18T09:16:32.794+0000][8][gc,phases   ] GC(29)   Evacuate Collection Set: 10.7ms
[2022-06-18T09:16:32.795+0000][8][gc,phases   ] GC(29)   Post Evacuate Collection Set: 1.1ms
[2022-06-18T09:16:32.795+0000][8][gc,phases   ] GC(29)   Other: 1.4ms
[2022-06-18T09:16:32.796+0000][8][gc,age      ] GC(29) Age table with threshold 15 (max threshold 15)
[2022-06-18T09:16:32.796+0000][8][gc,age      ] GC(29) - age   1:     796560 bytes,     796560 total
[2022-06-18T09:16:32.797+0000][8][gc,age      ] GC(29) - age   2:       4576 bytes,     801136 total
[2022-06-18T09:16:32.797+0000][8][gc,age      ] GC(29) - age   3:      10800 bytes,     811936 total
[2022-06-18T09:16:32.798+0000][8][gc,age      ] GC(29) - age   4:      46144 bytes,     858080 total
[2022-06-18T09:16:32.799+0000][8][gc,age      ] GC(29) - age   5:     204072 bytes,    1062152 total
[2022-06-18T09:16:32.799+0000][8][gc,age      ] GC(29) - age   6:      16448 bytes,    1078600 total
[2022-06-18T09:16:32.800+0000][8][gc,age      ] GC(29) - age   7:      17160 bytes,    1095760 total
[2022-06-18T09:16:32.801+0000][8][gc,age      ] GC(29) - age   8:    2170464 bytes,    3266224 total
[2022-06-18T09:16:32.801+0000][8][gc,age      ] GC(29) - age   9:      26584 bytes,    3292808 total
[2022-06-18T09:16:32.803+0000][8][gc,age      ] GC(29) - age  10:      40376 bytes,    3333184 total
[2022-06-18T09:16:32.804+0000][8][gc,age      ] GC(29) - age  11:     125800 bytes,    3458984 total
[2022-06-18T09:16:32.805+0000][8][gc,age      ] GC(29) - age  12:    7092088 bytes,   10551072 total
[2022-06-18T09:16:32.806+0000][8][gc,heap     ] GC(29) Eden regions: 73->0(73)
[2022-06-18T09:16:32.807+0000][8][gc,heap     ] GC(29) Survivor regions: 3->3(10)
[2022-06-18T09:16:32.807+0000][8][gc,heap     ] GC(29) Old regions: 19->19
[2022-06-18T09:16:32.808+0000][8][gc,heap     ] GC(29) Archive regions: 2->2
[2022-06-18T09:16:32.808+0000][8][gc,heap     ] GC(29) Humongous regions: 0->0
[2022-06-18T09:16:32.809+0000][8][gc,metaspace] GC(29) Metaspace: 124921K(128128K)->124921K(128128K) NonClass: 108416K(110080K)->108416K(110080K) Class: 16504K(18048K)->16504K(18048K)
[2022-06-18T09:16:32.809+0000][8][gc          ] GC(29) Pause Young (Normal) (G1 Evacuation Pause) 380M->88M(512M) 31.197ms
[2022-06-18T09:16:32.810+0000][8][gc,cpu      ] GC(29) User=0.03s Sys=0.00s Real=0.03s
[2022-06-18T09:16:32.810+0000][8][safepoint   ] Safepoint "G1CollectForAllocation", Time since last: 273523900 ns, Reaching safepoint: 150550 ns, At safepoint: 32496065 ns, Total: 32646615 ns
[2022-06-18T09:16:35.817+0000][8][safepoint   ] Safepoint "Cleanup", Time since last: 3006185145 ns, Reaching safepoint: 229167 ns, At safepoint: 13960 ns, Total: 243127 ns
[2022-06-18T09:16:41.810+0000][8][safepoint   ] Safepoint "Cleanup", Time since last: 6014971458 ns, Reaching safepoint: 472187 ns, At safepoint: 12673 ns, Total: 484860 ns
[2022-06-18T09:16:44.816+0000][8][safepoint   ] Safepoint "Cleanup", Time since last: 3005626232 ns, Reaching safepoint: 234617 ns, At safepoint: 13985 ns, Total: 248602 ns
[2022-06-18T09:16:45.818+0000][8][safepoint   ] Safepoint "Cleanup", Time since last: 1002208565 ns, Reaching safepoint: 150408 ns, At safepoint: 8969 ns, Total: 159377 ns
[2022-06-18T09:16:47.822+0000][8][safepoint   ] Safepoint "Cleanup", Time since last: 2003756972 ns, Reaching safepoint: 98951 ns, At safepoint: 9609 ns, Total: 108560 ns
[2022-06-18T09:16:53.839+0000][8][safepoint   ] Safepoint "Cleanup", Time since last: 6016539067 ns, Reaching safepoint: 111815 ns, At safepoint: 8663 ns, Total: 120478 ns
[2022-06-18T09:16:56.848+0000][8][safepoint   ] Safepoint "Cleanup", Time since last: 3008814823 ns, Reaching safepoint: 394044 ns, At safepoint: 98177 ns, Total: 492221 ns
[2022-06-18T09:17:02.855+0000][8][safepoint   ] Safepoint "Cleanup", Time since last: 6006477405 ns, Reaching safepoint: 114270 ns, At safepoint: 5655 ns, Total: 119925 ns
[2022-06-18T09:17:05.860+0000][8][safepoint   ] Safepoint "Cleanup", Time since last: 3005202986 ns, Reaching safepoint: 177064 ns, At safepoint: 14446 ns, Total: 191510 ns
[2022-06-18T09:17:08.843+0000][8][safepoint   ] Safepoint "Cleanup", Time since last: 3004606772 ns, Reaching safepoint: 282791 ns, At safepoint: 15658 ns, Total: 298449 ns
[2022-06-18T09:17:09.846+0000][8][safepoint   ] Safepoint "Cleanup", Time since last: 1002583634 ns, Reaching safepoint: 209293 ns, At safepoint: 9192 ns, Total: 218485 ns
[2022-06-18T09:17:18.856+0000][8][safepoint   ] Safepoint "Cleanup", Time since last: 9009844802 ns, Reaching safepoint: 452068 ns, At safepoint: 24162 ns, Total: 476230 ns
[2022-06-18T09:17:20.860+0000][8][safepoint   ] Safepoint "Cleanup", Time since last: 2003813326 ns, Reaching safepoint: 212345 ns, At safepoint: 17452 ns, Total: 229797 ns
[2022-06-18T09:17:21.864+0000][8][safepoint   ] Safepoint "Cleanup", Time since last: 1003458858 ns, Reaching safepoint: 189134 ns, At safepoint: 9596 ns, Total: 198730 ns
[2022-06-18T09:17:23.867+0000][8][safepoint   ] Safepoint "Cleanup", Time since last: 2002491851 ns, Reaching safepoint: 441160 ns, At safepoint: 46054 ns, Total: 487214 ns
[2022-06-18T09:17:24.873+0000][8][safepoint   ] Safepoint "Cleanup", Time since last: 1006001598 ns, Reaching safepoint: 436394 ns, At safepoint: 18262 ns, Total: 454656 ns
[2022-06-18T09:17:27.879+0000][8][safepoint   ] Safepoint "Cleanup", Time since last: 3005326776 ns, Reaching safepoint: 529055 ns, At safepoint: 27036 ns, Total: 556091 ns
[2022-06-18T09:17:29.884+0000][8][safepoint   ] Safepoint "Cleanup", Time since last: 2003720670 ns, Reaching safepoint: 342755 ns, At safepoint: 25215 ns, Total: 367970 ns
[2022-06-18T09:17:30.887+0000][8][safepoint   ] Safepoint "Cleanup", Time since last: 1003434287 ns, Reaching safepoint: 159299 ns, At safepoint: 13215 ns, Total: 172514 ns
[2022-06-18T09:17:32.892+0000][8][safepoint   ] Safepoint "Cleanup", Time since last: 2004789087 ns, Reaching safepoint: 146326 ns, At safepoint: 6159 ns, Total: 152485 ns
[2022-06-18T09:17:35.902+0000][8][safepoint   ] Safepoint "Cleanup", Time since last: 3009911713 ns, Reaching safepoint: 147018 ns, At safepoint: 14199 ns, Total: 161217 ns
[2022-06-18T09:17:36.906+0000][8][safepoint   ] Safepoint "Cleanup", Time since last: 1003902331 ns, Reaching safepoint: 459070 ns, At safepoint: 18901 ns, Total: 477971 ns
[2022-06-18T09:17:39.890+0000][8][safepoint   ] Safepoint "Cleanup", Time since last: 3005414759 ns, Reaching safepoint: 225652 ns, At safepoint: 10146 ns, Total: 235798 ns
[2022-06-18T09:17:41.895+0000][8][safepoint   ] Safepoint "Cleanup", Time since last: 2003858447 ns, Reaching safepoint: 436632 ns, At safepoint: 11873 ns, Total: 448505 ns
[2022-06-18T09:17:44.901+0000][8][safepoint   ] Safepoint "Cleanup", Time since last: 3005827734 ns, Reaching safepoint: 217153 ns, At safepoint: 16599 ns, Total: 233752 ns
[2022-06-18T09:17:45.906+0000][8][safepoint   ] Safepoint "Cleanup", Time since last: 1005356765 ns, Reaching safepoint: 170033 ns, At safepoint: 9437 ns, Total: 179470 ns
[2022-06-18T09:17:47.910+0000][8][safepoint   ] Safepoint "Cleanup", Time since last: 2003715602 ns, Reaching safepoint: 262042 ns, At safepoint: 8195 ns, Total: 270237 ns
[2022-06-18T09:17:56.408+0000][8][gc,start    ] GC(30) Pause Young (Normal) (G1 Evacuation Pause)
[2022-06-18T09:17:56.410+0000][8][gc,task     ] GC(30) Using 4 workers of 4 for evacuation
[2022-06-18T09:17:56.411+0000][8][gc,age      ] GC(30) Desired survivor size 20971520 bytes, new threshold 15 (max threshold 15)
[2022-06-18T09:17:56.431+0000][8][gc,phases   ] GC(30)   Pre Evacuate Collection Set: 0.1ms
[2022-06-18T09:17:56.432+0000][8][gc,phases   ] GC(30)   Merge Heap Roots: 0.1ms
[2022-06-18T09:17:56.434+0000][8][gc,phases   ] GC(30)   Evacuate Collection Set: 16.9ms
[2022-06-18T09:17:56.434+0000][8][gc,phases   ] GC(30)   Post Evacuate Collection Set: 2.1ms
[2022-06-18T09:17:56.435+0000][8][gc,phases   ] GC(30)   Other: 2.1ms
[2022-06-18T09:17:56.436+0000][8][gc,age      ] GC(30) Age table with threshold 15 (max threshold 15)
[2022-06-18T09:17:56.437+0000][8][gc,age      ] GC(30) - age   1:    1734464 bytes,    1734464 total
[2022-06-18T09:17:56.438+0000][8][gc,age      ] GC(30) - age   2:      15192 bytes,    1749656 total
[2022-06-18T09:17:56.440+0000][8][gc,age      ] GC(30) - age   3:       3376 bytes,    1753032 total
[2022-06-18T09:17:56.441+0000][8][gc,age      ] GC(30) - age   4:      10736 bytes,    1763768 total
[2022-06-18T09:17:56.442+0000][8][gc,age      ] GC(30) - age   5:      45864 bytes,    1809632 total
[2022-06-18T09:17:56.443+0000][8][gc,age      ] GC(30) - age   6:     203944 bytes,    2013576 total
[2022-06-18T09:17:56.444+0000][8][gc,age      ] GC(30) - age   7:      16448 bytes,    2030024 total
[2022-06-18T09:17:56.445+0000][8][gc,age      ] GC(30) - age   8:      17160 bytes,    2047184 total
[2022-06-18T09:17:56.446+0000][8][gc,age      ] GC(30) - age   9:    2170464 bytes,    4217648 total
[2022-06-18T09:17:56.447+0000][8][gc,age      ] GC(30) - age  10:      26584 bytes,    4244232 total
[2022-06-18T09:17:56.448+0000][8][gc,age      ] GC(30) - age  11:      40376 bytes,    4284608 total
[2022-06-18T09:17:56.449+0000][8][gc,age      ] GC(30) - age  12:     125800 bytes,    4410408 total
[2022-06-18T09:17:56.450+0000][8][gc,age      ] GC(30) - age  13:    7092088 bytes,   11502496 total
[2022-06-18T09:17:56.450+0000][8][gc,heap     ] GC(30) Eden regions: 73->0(73)
[2022-06-18T09:17:56.451+0000][8][gc,heap     ] GC(30) Survivor regions: 3->3(10)
[2022-06-18T09:17:56.452+0000][8][gc,heap     ] GC(30) Old regions: 19->19
[2022-06-18T09:17:56.453+0000][8][gc,heap     ] GC(30) Archive regions: 2->2
[2022-06-18T09:17:56.454+0000][8][gc,heap     ] GC(30) Humongous regions: 0->0
[2022-06-18T09:17:56.481+0000][8][gc,metaspace] GC(30) Metaspace: 124992K(128192K)->124992K(128192K) NonClass: 108487K(110144K)->108487K(110144K) Class: 16504K(18048K)->16504K(18048K)
[2022-06-18T09:17:56.488+0000][8][gc          ] GC(30) Pause Young (Normal) (G1 Evacuation Pause) 380M->88M(512M) 80.516ms
[2022-06-18T09:17:56.489+0000][8][gc,cpu      ] GC(30) User=0.05s Sys=0.00s Real=0.08s
[2022-06-18T09:17:56.490+0000][8][safepoint   ] Safepoint "G1CollectForAllocation", Time since last: 8497155473 ns, Reaching safepoint: 106582 ns, At safepoint: 82043839 ns, Total: 82150421 ns
[2022-06-18T09:17:57.494+0000][8][safepoint   ] Safepoint "Cleanup", Time since last: 1004447228 ns, Reaching safepoint: 188840 ns, At safepoint: 4314 ns, Total: 193154 ns
[2022-06-18T09:18:02.499+0000][8][safepoint   ] Safepoint "Cleanup", Time since last: 5004732972 ns, Reaching safepoint: 157223 ns, At safepoint: 3081 ns, Total: 160304 ns
[2022-06-18T09:18:03.501+0000][8][safepoint   ] Safepoint "Cleanup", Time since last: 1001751612 ns, Reaching safepoint: 205896 ns, At safepoint: 5596 ns, Total: 211492 ns
[2022-06-18T09:18:05.505+0000][8][safepoint   ] Safepoint "Cleanup", Time since last: 2003884984 ns, Reaching safepoint: 302667 ns, At safepoint: 21373 ns, Total: 324040 ns
[2022-06-18T09:18:08.495+0000][8][safepoint   ] Safepoint "Cleanup", Time since last: 3007075718 ns, Reaching safepoint: 127692 ns, At safepoint: 5520 ns, Total: 133212 ns
[2022-06-18T09:18:20.504+0000][8][safepoint   ] Safepoint "Cleanup", Time since last: 12009267751 ns, Reaching safepoint: 135571 ns, At safepoint: 4168 ns, Total: 139739 ns
[2022-06-18T09:18:21.506+0000][8][safepoint   ] Safepoint "Cleanup", Time since last: 1001708994 ns, Reaching safepoint: 94899 ns, At safepoint: 3482 ns, Total: 98381 ns
[2022-06-18T09:18:32.516+0000][8][safepoint   ] Safepoint "Cleanup", Time since last: 11009230751 ns, Reaching safepoint: 358448 ns, At safepoint: 16885 ns, Total: 375333 ns
[2022-06-18T09:18:35.521+0000][8][safepoint   ] Safepoint "Cleanup", Time since last: 3004688212 ns, Reaching safepoint: 236988 ns, At safepoint: 6764 ns, Total: 243752 ns
[2022-06-18T09:18:38.499+0000][8][safepoint   ] Safepoint "Cleanup", Time since last: 3003439279 ns, Reaching safepoint: 93802 ns, At safepoint: 4256 ns, Total: 98058 ns
[2022-06-18T09:18:41.503+0000][8][safepoint   ] Safepoint "Cleanup", Time since last: 3002673529 ns, Reaching safepoint: 999531 ns, At safepoint: 42789 ns, Total: 1042320 ns
[2022-06-18T09:18:47.509+0000][8][safepoint   ] Safepoint "Cleanup", Time since last: 6006273521 ns, Reaching safepoint: 139168 ns, At safepoint: 6729 ns, Total: 145897 ns
[2022-06-18T09:18:59.521+0000][8][safepoint   ] Safepoint "Cleanup", Time since last: 12011607216 ns, Reaching safepoint: 88636 ns, At safepoint: 4191 ns, Total: 92827 ns
[2022-06-18T09:19:00.524+0000][8][safepoint   ] Safepoint "Cleanup", Time since last: 1002668511 ns, Reaching safepoint: 348593 ns, At safepoint: 17671 ns, Total: 366264 ns
[2022-06-18T09:19:02.528+0000][8][safepoint   ] Safepoint "Cleanup", Time since last: 2003584391 ns, Reaching safepoint: 176698 ns, At safepoint: 10750 ns, Total: 187448 ns
[2022-06-18T09:19:05.534+0000][8][safepoint   ] Safepoint "Cleanup", Time since last: 3005420821 ns, Reaching safepoint: 384883 ns, At safepoint: 18741 ns, Total: 403624 ns
[2022-06-18T09:19:08.520+0000][8][safepoint   ] Safepoint "Cleanup", Time since last: 3008436701 ns, Reaching safepoint: 274505 ns, At safepoint: 26526 ns, Total: 301031 ns
[2022-06-18T09:19:17.733+0000][8][safepoint   ] Safepoint "Cleanup", Time since last: 9208150452 ns, Reaching safepoint: 4240090 ns, At safepoint: 267347 ns, Total: 4507437 ns
[2022-06-18T09:19:18.736+0000][8][safepoint   ] Safepoint "Cleanup", Time since last: 1003229720 ns, Reaching safepoint: 136666 ns, At safepoint: 9126 ns, Total: 145792 ns
[2022-06-18T09:19:20.741+0000][8][safepoint   ] Safepoint "Cleanup", Time since last: 2004045969 ns, Reaching safepoint: 566233 ns, At safepoint: 94081 ns, Total: 660314 ns
[2022-06-18T09:19:22.746+0000][8][safepoint   ] Safepoint "Cleanup", Time since last: 2004411670 ns, Reaching safepoint: 541825 ns, At safepoint: 45319 ns, Total: 587144 ns
[2022-06-18T09:19:23.752+0000][8][safepoint   ] Safepoint "Cleanup", Time since last: 1005342901 ns, Reaching safepoint: 141027 ns, At safepoint: 29418 ns, Total: 170445 ns
[2022-06-18T09:19:26.755+0000][8][safepoint   ] Safepoint "Cleanup", Time since last: 3003165624 ns, Reaching safepoint: 140271 ns, At safepoint: 6788 ns, Total: 147059 ns
[2022-06-18T09:19:29.762+0000][8][safepoint   ] Safepoint "Cleanup", Time since last: 3007230825 ns, Reaching safepoint: 121410 ns, At safepoint: 7998 ns, Total: 129408 ns
[2022-06-18T09:19:32.767+0000][8][safepoint   ] Safepoint "Cleanup", Time since last: 3004272066 ns, Reaching safepoint: 166581 ns, At safepoint: 11451 ns, Total: 178032 ns
[2022-06-18T09:19:35.352+0000][8][gc,start    ] GC(31) Pause Young (Normal) (G1 Evacuation Pause)
[2022-06-18T09:19:35.355+0000][8][gc,task     ] GC(31) Using 4 workers of 4 for evacuation
[2022-06-18T09:19:35.359+0000][8][gc,age      ] GC(31) Desired survivor size 20971520 bytes, new threshold 15 (max threshold 15)
[2022-06-18T09:19:35.381+0000][8][gc,phases   ] GC(31)   Pre Evacuate Collection Set: 0.8ms
[2022-06-18T09:19:35.384+0000][8][gc,phases   ] GC(31)   Merge Heap Roots: 0.3ms
[2022-06-18T09:19:35.387+0000][8][gc,phases   ] GC(31)   Evacuate Collection Set: 12.1ms
[2022-06-18T09:19:35.388+0000][8][gc,phases   ] GC(31)   Post Evacuate Collection Set: 2.5ms
[2022-06-18T09:19:35.392+0000][8][gc,phases   ] GC(31)   Other: 9.7ms
[2022-06-18T09:19:35.397+0000][8][gc,age      ] GC(31) Age table with threshold 15 (max threshold 15)
[2022-06-18T09:19:35.403+0000][8][gc,age      ] GC(31) - age   1:    1337696 bytes,    1337696 total
[2022-06-18T09:19:35.404+0000][8][gc,age      ] GC(31) - age   2:      14472 bytes,    1352168 total
[2022-06-18T09:19:35.405+0000][8][gc,age      ] GC(31) - age   3:      13904 bytes,    1366072 total
[2022-06-18T09:19:35.406+0000][8][gc,age      ] GC(31) - age   4:       3312 bytes,    1369384 total
[2022-06-18T09:19:35.406+0000][8][gc,age      ] GC(31) - age   5:      10712 bytes,    1380096 total
[2022-06-18T09:19:35.408+0000][8][gc,age      ] GC(31) - age   6:      45864 bytes,    1425960 total
[2022-06-18T09:19:35.415+0000][8][gc,age      ] GC(31) - age   7:     203760 bytes,    1629720 total
[2022-06-18T09:19:35.419+0000][8][gc,age      ] GC(31) - age   8:      16448 bytes,    1646168 total
[2022-06-18T09:19:35.421+0000][8][gc,age      ] GC(31) - age   9:      17160 bytes,    1663328 total
[2022-06-18T09:19:35.422+0000][8][gc,age      ] GC(31) - age  10:    2162352 bytes,    3825680 total
[2022-06-18T09:19:35.423+0000][8][gc,age      ] GC(31) - age  11:      26584 bytes,    3852264 total
[2022-06-18T09:19:35.424+0000][8][gc,age      ] GC(31) - age  12:      40376 bytes,    3892640 total
[2022-06-18T09:19:35.429+0000][8][gc,age      ] GC(31) - age  13:     125800 bytes,    4018440 total
[2022-06-18T09:19:35.434+0000][8][gc,age      ] GC(31) - age  14:    7092088 bytes,   11110528 total
[2022-06-18T09:19:35.438+0000][8][gc,heap     ] GC(31) Eden regions: 73->0(73)
[2022-06-18T09:19:35.441+0000][8][gc,heap     ] GC(31) Survivor regions: 3->3(10)
[2022-06-18T09:19:35.445+0000][8][gc,heap     ] GC(31) Old regions: 19->19
[2022-06-18T09:19:35.450+0000][8][gc,heap     ] GC(31) Archive regions: 2->2
[2022-06-18T09:19:35.454+0000][8][gc,heap     ] GC(31) Humongous regions: 0->0
[2022-06-18T09:19:35.455+0000][8][gc,metaspace] GC(31) Metaspace: 125032K(128256K)->125032K(128256K) NonClass: 108527K(110208K)->108527K(110208K) Class: 16505K(18048K)->16505K(18048K)
[2022-06-18T09:19:35.457+0000][8][gc          ] GC(31) Pause Young (Normal) (G1 Evacuation Pause) 380M->88M(512M) 104.974ms
[2022-06-18T09:19:35.458+0000][8][gc,cpu      ] GC(31) User=0.04s Sys=0.00s Real=0.11s
[2022-06-18T09:19:35.459+0000][8][safepoint   ] Safepoint "G1CollectForAllocation", Time since last: 2585492509 ns, Reaching safepoint: 106732 ns, At safepoint: 106225755 ns, Total: 106332487 ns
[2022-06-18T09:19:36.461+0000][8][safepoint   ] Safepoint "Cleanup", Time since last: 1001827095 ns, Reaching safepoint: 736567 ns, At safepoint: 69237 ns, Total: 805804 ns
[2022-06-18T09:19:38.444+0000][8][safepoint   ] Safepoint "Cleanup", Time since last: 2003781376 ns, Reaching safepoint: 479376 ns, At safepoint: 25534 ns, Total: 504910 ns
[2022-06-18T09:19:41.453+0000][8][safepoint   ] Safepoint "Cleanup", Time since last: 3009386557 ns, Reaching safepoint: 166334 ns, At safepoint: 7516 ns, Total: 173850 ns
[2022-06-18T09:19:44.456+0000][8][safepoint   ] Safepoint "Cleanup", Time since last: 3002482503 ns, Reaching safepoint: 571603 ns, At safepoint: 29927 ns, Total: 601530 ns
[2022-06-18T09:19:45.461+0000][8][safepoint   ] Safepoint "Cleanup", Time since last: 1003984534 ns, Reaching safepoint: 300476 ns, At safepoint: 127798 ns, Total: 428274 ns
[2022-06-18T09:19:47.464+0000][8][safepoint   ] Safepoint "Cleanup", Time since last: 2002709656 ns, Reaching safepoint: 213616 ns, At safepoint: 15348 ns, Total: 228964 ns
[2022-06-18T09:19:50.484+0000][8][safepoint   ] Safepoint "Cleanup", Time since last: 3019974656 ns, Reaching safepoint: 561325 ns, At safepoint: 33286 ns, Total: 594611 ns
[2022-06-18T09:19:54.491+0000][8][safepoint   ] Safepoint "Cleanup", Time since last: 4006278959 ns, Reaching safepoint: 150160 ns, At safepoint: 9355 ns, Total: 159515 ns
[2022-06-18T09:19:55.492+0000][8][safepoint   ] Safepoint "Cleanup", Time since last: 1001708225 ns, Reaching safepoint: 65473 ns, At safepoint: 3429 ns, Total: 68902 ns
[2022-06-18T09:19:59.500+0000][8][safepoint   ] Safepoint "Cleanup", Time since last: 4007790253 ns, Reaching safepoint: 58556 ns, At safepoint: 2949 ns, Total: 61505 ns
[2022-06-18T09:20:04.508+0000][8][safepoint   ] Safepoint "Cleanup", Time since last: 5006547660 ns, Reaching safepoint: 691535 ns, At safepoint: 310448 ns, Total: 1001983 ns
[2022-06-18T09:20:05.511+0000][8][safepoint   ] Safepoint "Cleanup", Time since last: 1002722956 ns, Reaching safepoint: 222356 ns, At safepoint: 6963 ns, Total: 229319 ns
[2022-06-18T09:20:11.495+0000][8][safepoint   ] Safepoint "Cleanup", Time since last: 6004027687 ns, Reaching safepoint: 75455 ns, At safepoint: 5481 ns, Total: 80936 ns
[2022-06-18T09:20:18.502+0000][8][safepoint   ] Safepoint "Cleanup", Time since last: 7007296112 ns, Reaching safepoint: 199465 ns, At safepoint: 8456 ns, Total: 207921 ns
[2022-06-18T09:20:23.508+0000][8][safepoint   ] Safepoint "Cleanup", Time since last: 5005771317 ns, Reaching safepoint: 147711 ns, At safepoint: 8030 ns, Total: 155741 ns
[2022-06-18T09:20:26.513+0000][8][safepoint   ] Safepoint "Cleanup", Time since last: 3004271305 ns, Reaching safepoint: 248168 ns, At safepoint: 10758 ns, Total: 258926 ns
[2022-06-18T09:20:29.523+0000][8][safepoint   ] Safepoint "Cleanup", Time since last: 3009961950 ns, Reaching safepoint: 427657 ns, At safepoint: 18940 ns, Total: 446597 ns
[2022-06-18T09:20:34.529+0000][8][safepoint   ] Safepoint "Cleanup", Time since last: 5005225393 ns, Reaching safepoint: 232105 ns, At safepoint: 4178 ns, Total: 236283 ns
[2022-06-18T09:20:41.513+0000][8][safepoint   ] Safepoint "Cleanup", Time since last: 7005983626 ns, Reaching safepoint: 304571 ns, At safepoint: 139255 ns, Total: 443826 ns
[2022-06-18T09:20:47.521+0000][8][safepoint   ] Safepoint "Cleanup", Time since last: 6007871652 ns, Reaching safepoint: 120221 ns, At safepoint: 6053 ns, Total: 126274 ns
[2022-06-18T09:20:53.528+0000][8][safepoint   ] Safepoint "Cleanup", Time since last: 6006343035 ns, Reaching safepoint: 646798 ns, At safepoint: 16030 ns, Total: 662828 ns
[2022-06-18T09:20:59.330+0000][8][gc,start    ] GC(32) Pause Young (Normal) (G1 Evacuation Pause)
[2022-06-18T09:20:59.331+0000][8][gc,task     ] GC(32) Using 4 workers of 4 for evacuation
[2022-06-18T09:20:59.331+0000][8][gc,age      ] GC(32) Desired survivor size 20971520 bytes, new threshold 15 (max threshold 15)
[2022-06-18T09:20:59.345+0000][8][gc,phases   ] GC(32)   Pre Evacuate Collection Set: 0.2ms
[2022-06-18T09:20:59.346+0000][8][gc,phases   ] GC(32)   Merge Heap Roots: 0.1ms
[2022-06-18T09:20:59.348+0000][8][gc,phases   ] GC(32)   Evacuate Collection Set: 10.7ms
[2022-06-18T09:20:59.349+0000][8][gc,phases   ] GC(32)   Post Evacuate Collection Set: 1.9ms
[2022-06-18T09:20:59.350+0000][8][gc,phases   ] GC(32)   Other: 1.4ms
[2022-06-18T09:20:59.351+0000][8][gc,age      ] GC(32) Age table with threshold 15 (max threshold 15)
[2022-06-18T09:20:59.351+0000][8][gc,age      ] GC(32) - age   1:    1248520 bytes,    1248520 total
[2022-06-18T09:20:59.352+0000][8][gc,age      ] GC(32) - age   2:      18176 bytes,    1266696 total
[2022-06-18T09:20:59.352+0000][8][gc,age      ] GC(32) - age   3:      12720 bytes,    1279416 total
[2022-06-18T09:20:59.353+0000][8][gc,age      ] GC(32) - age   4:      13656 bytes,    1293072 total
[2022-06-18T09:20:59.353+0000][8][gc,age      ] GC(32) - age   5:       3312 bytes,    1296384 total
[2022-06-18T09:20:59.354+0000][8][gc,age      ] GC(32) - age   6:      10712 bytes,    1307096 total
[2022-06-18T09:20:59.354+0000][8][gc,age      ] GC(32) - age   7:      45864 bytes,    1352960 total
[2022-06-18T09:20:59.356+0000][8][gc,age      ] GC(32) - age   8:     201848 bytes,    1554808 total
[2022-06-18T09:20:59.356+0000][8][gc,age      ] GC(32) - age   9:      16448 bytes,    1571256 total
[2022-06-18T09:20:59.357+0000][8][gc,age      ] GC(32) - age  10:      17160 bytes,    1588416 total
[2022-06-18T09:20:59.358+0000][8][gc,age      ] GC(32) - age  11:    2162352 bytes,    3750768 total
[2022-06-18T09:20:59.360+0000][8][gc,age      ] GC(32) - age  12:      26584 bytes,    3777352 total
[2022-06-18T09:20:59.361+0000][8][gc,age      ] GC(32) - age  13:      40376 bytes,    3817728 total
[2022-06-18T09:20:59.362+0000][8][gc,age      ] GC(32) - age  14:     125800 bytes,    3943528 total
[2022-06-18T09:20:59.363+0000][8][gc,age      ] GC(32) - age  15:    7092088 bytes,   11035616 total
[2022-06-18T09:20:59.364+0000][8][gc,heap     ] GC(32) Eden regions: 73->0(73)
[2022-06-18T09:20:59.365+0000][8][gc,heap     ] GC(32) Survivor regions: 3->3(10)
[2022-06-18T09:20:59.366+0000][8][gc,heap     ] GC(32) Old regions: 19->19
[2022-06-18T09:20:59.367+0000][8][gc,heap     ] GC(32) Archive regions: 2->2
[2022-06-18T09:20:59.367+0000][8][gc,heap     ] GC(32) Humongous regions: 0->0
[2022-06-18T09:20:59.369+0000][8][gc,metaspace] GC(32) Metaspace: 125097K(128320K)->125097K(128320K) NonClass: 108591K(110272K)->108591K(110272K) Class: 16505K(18048K)->16505K(18048K)
[2022-06-18T09:20:59.370+0000][8][gc          ] GC(32) Pause Young (Normal) (G1 Evacuation Pause) 380M->88M(512M) 40.640ms
[2022-06-18T09:20:59.372+0000][8][gc,cpu      ] GC(32) User=0.04s Sys=0.00s Real=0.04s
[2022-06-18T09:20:59.372+0000][8][safepoint   ] Safepoint "G1CollectForAllocation", Time since last: 5801549098 ns, Reaching safepoint: 121655 ns, At safepoint: 42563163 ns, Total: 42684818 ns
[2022-06-18T09:21:00.376+0000][8][safepoint   ] Safepoint "Cleanup", Time since last: 1001731277 ns, Reaching safepoint: 1616742 ns, At safepoint: 59549 ns, Total: 1676291 ns
[2022-06-18T09:21:02.378+0000][8][safepoint   ] Safepoint "Cleanup", Time since last: 2002270938 ns, Reaching safepoint: 294275 ns, At safepoint: 13053 ns, Total: 307328 ns
[2022-06-18T09:21:04.385+0000][8][safepoint   ] Safepoint "Cleanup", Time since last: 2006520856 ns, Reaching safepoint: 333482 ns, At safepoint: 24644 ns, Total: 358126 ns
[2022-06-18T09:21:05.388+0000][8][safepoint   ] Safepoint "Cleanup", Time since last: 1002270219 ns, Reaching safepoint: 748379 ns, At safepoint: 24166 ns, Total: 772545 ns
[2022-06-18T09:21:09.373+0000][8][safepoint   ] Safepoint "Cleanup", Time since last: 4007057691 ns, Reaching safepoint: 177279 ns, At safepoint: 13251 ns, Total: 190530 ns
[2022-06-18T09:21:17.379+0000][8][safepoint   ] Safepoint "Cleanup", Time since last: 8006346622 ns, Reaching safepoint: 344028 ns, At safepoint: 40172 ns, Total: 384200 ns
[2022-06-18T09:21:18.382+0000][8][safepoint   ] Safepoint "Cleanup", Time since last: 1002010621 ns, Reaching safepoint: 153919 ns, At safepoint: 10347 ns, Total: 164266 ns
[2022-06-18T09:21:23.388+0000][8][safepoint   ] Safepoint "Cleanup", Time since last: 5006092318 ns, Reaching safepoint: 229129 ns, At safepoint: 11645 ns, Total: 240774 ns
[2022-06-18T09:21:29.392+0000][8][safepoint   ] Safepoint "Cleanup", Time since last: 6003950022 ns, Reaching safepoint: 192130 ns, At safepoint: 14111 ns, Total: 206241 ns
[2022-06-18T09:21:32.397+0000][8][safepoint   ] Safepoint "Cleanup", Time since last: 3005061082 ns, Reaching safepoint: 110417 ns, At safepoint: 4515 ns, Total: 114932 ns
[2022-06-18T09:21:35.402+0000][8][safepoint   ] Safepoint "Cleanup", Time since last: 3004529770 ns, Reaching safepoint: 206332 ns, At safepoint: 15095 ns, Total: 221427 ns
[2022-06-18T09:21:38.393+0000][8][safepoint   ] Safepoint "Cleanup", Time since last: 3012429604 ns, Reaching safepoint: 553677 ns, At safepoint: 36344 ns, Total: 590021 ns
[2022-06-18T09:21:41.401+0000][8][safepoint   ] Safepoint "Cleanup", Time since last: 3004388672 ns, Reaching safepoint: 2604679 ns, At safepoint: 69505 ns, Total: 2674184 ns
[2022-06-18T09:21:47.407+0000][8][safepoint   ] Safepoint "Cleanup", Time since last: 6006020148 ns, Reaching safepoint: 309087 ns, At safepoint: 10524 ns, Total: 319611 ns
[2022-06-18T09:21:51.426+0000][8][safepoint   ] Safepoint "Cleanup", Time since last: 4019353881 ns, Reaching safepoint: 173333 ns, At safepoint: 9743 ns, Total: 183076 ns
[2022-06-18T09:21:53.431+0000][8][safepoint   ] Safepoint "Cleanup", Time since last: 2004695199 ns, Reaching safepoint: 281256 ns, At safepoint: 13962 ns, Total: 295218 ns
[2022-06-18T09:22:03.444+0000][8][safepoint   ] Safepoint "Cleanup", Time since last: 10011338838 ns, Reaching safepoint: 1161822 ns, At safepoint: 21142 ns, Total: 1182964 ns
[2022-06-18T09:22:04.447+0000][8][safepoint   ] Safepoint "Cleanup", Time since last: 1003100610 ns, Reaching safepoint: 78907 ns, At safepoint: 4137 ns, Total: 83044 ns
[2022-06-18T09:22:07.454+0000][8][safepoint   ] Safepoint "Cleanup", Time since last: 3007516651 ns, Reaching safepoint: 176510 ns, At safepoint: 10117 ns, Total: 186627 ns
[2022-06-18T09:22:08.437+0000][8][safepoint   ] Safepoint "Cleanup", Time since last: 1001568863 ns, Reaching safepoint: 152104 ns, At safepoint: 13275 ns, Total: 165379 ns
[2022-06-18T09:22:11.439+0000][8][safepoint   ] Safepoint "Cleanup", Time since last: 3002015839 ns, Reaching safepoint: 248433 ns, At safepoint: 17218 ns, Total: 265651 ns
[2022-06-18T09:22:32.320+0000][8][gc,start    ] GC(33) Pause Young (Normal) (G1 Evacuation Pause)
[2022-06-18T09:22:32.321+0000][8][gc,task     ] GC(33) Using 4 workers of 4 for evacuation
[2022-06-18T09:22:32.322+0000][8][gc,age      ] GC(33) Desired survivor size 20971520 bytes, new threshold 15 (max threshold 15)
[2022-06-18T09:22:32.348+0000][8][gc,phases   ] GC(33)   Pre Evacuate Collection Set: 0.7ms
[2022-06-18T09:22:32.350+0000][8][gc,phases   ] GC(33)   Merge Heap Roots: 0.2ms
[2022-06-18T09:22:32.351+0000][8][gc,phases   ] GC(33)   Evacuate Collection Set: 20.7ms
[2022-06-18T09:22:32.351+0000][8][gc,phases   ] GC(33)   Post Evacuate Collection Set: 2.1ms
[2022-06-18T09:22:32.352+0000][8][gc,phases   ] GC(33)   Other: 2.5ms
[2022-06-18T09:22:32.353+0000][8][gc,age      ] GC(33) Age table with threshold 15 (max threshold 15)
[2022-06-18T09:22:32.353+0000][8][gc,age      ] GC(33) - age   1:     778416 bytes,     778416 total
[2022-06-18T09:22:32.354+0000][8][gc,age      ] GC(33) - age   2:      14640 bytes,     793056 total
[2022-06-18T09:22:32.355+0000][8][gc,age      ] GC(33) - age   3:      16584 bytes,     809640 total
[2022-06-18T09:22:32.355+0000][8][gc,age      ] GC(33) - age   4:      12464 bytes,     822104 total
[2022-06-18T09:22:32.356+0000][8][gc,age      ] GC(33) - age   5:      13496 bytes,     835600 total
[2022-06-18T09:22:32.358+0000][8][gc,age      ] GC(33) - age   6:       3312 bytes,     838912 total
[2022-06-18T09:22:32.360+0000][8][gc,age      ] GC(33) - age   7:      10712 bytes,     849624 total
[2022-06-18T09:22:32.362+0000][8][gc,age      ] GC(33) - age   8:      45864 bytes,     895488 total
[2022-06-18T09:22:32.364+0000][8][gc,age      ] GC(33) - age   9:     201848 bytes,    1097336 total
[2022-06-18T09:22:32.365+0000][8][gc,age      ] GC(33) - age  10:      16448 bytes,    1113784 total
[2022-06-18T09:22:32.365+0000][8][gc,age      ] GC(33) - age  11:      17160 bytes,    1130944 total
[2022-06-18T09:22:32.366+0000][8][gc,age      ] GC(33) - age  12:    2162352 bytes,    3293296 total
[2022-06-18T09:22:32.367+0000][8][gc,age      ] GC(33) - age  13:      26584 bytes,    3319880 total
[2022-06-18T09:22:32.367+0000][8][gc,age      ] GC(33) - age  14:      40376 bytes,    3360256 total
[2022-06-18T09:22:32.368+0000][8][gc,age      ] GC(33) - age  15:     125800 bytes,    3486056 total
[2022-06-18T09:22:32.368+0000][8][gc,heap     ] GC(33) Eden regions: 73->0(75)
[2022-06-18T09:22:32.369+0000][8][gc,heap     ] GC(33) Survivor regions: 3->1(10)
[2022-06-18T09:22:32.369+0000][8][gc,heap     ] GC(33) Old regions: 19->21
[2022-06-18T09:22:32.370+0000][8][gc,heap     ] GC(33) Archive regions: 2->2
[2022-06-18T09:22:32.371+0000][8][gc,heap     ] GC(33) Humongous regions: 0->0
[2022-06-18T09:22:32.371+0000][8][gc,metaspace] GC(33) Metaspace: 125127K(128320K)->125127K(128320K) NonClass: 108621K(110272K)->108621K(110272K) Class: 16505K(18048K)->16505K(18048K)
[2022-06-18T09:22:32.373+0000][8][gc          ] GC(33) Pause Young (Normal) (G1 Evacuation Pause) 380M->87M(512M) 52.432ms
[2022-06-18T09:22:32.374+0000][8][gc,cpu      ] GC(33) User=0.06s Sys=0.01s Real=0.05s
[2022-06-18T09:22:32.377+0000][8][safepoint   ] Safepoint "G1CollectForAllocation", Time since last: 20880760915 ns, Reaching safepoint: 35924 ns, At safepoint: 56319632 ns, Total: 56355556 ns
[2022-06-18T09:22:33.378+0000][8][safepoint   ] Safepoint "Cleanup", Time since last: 1001718381 ns, Reaching safepoint: 117501 ns, At safepoint: 6204 ns, Total: 123705 ns
[2022-06-18T09:22:34.381+0000][8][safepoint   ] Safepoint "Cleanup", Time since last: 1002326246 ns, Reaching safepoint: 268368 ns, At safepoint: 6710 ns, Total: 275078 ns
[2022-06-18T09:22:35.384+0000][8][safepoint   ] Safepoint "Cleanup", Time since last: 1002131845 ns, Reaching safepoint: 453830 ns, At safepoint: 17245 ns, Total: 471075 ns
[2022-06-18T09:22:42.371+0000][8][safepoint   ] Safepoint "Cleanup", Time since last: 7011603874 ns, Reaching safepoint: 114667 ns, At safepoint: 5313 ns, Total: 119980 ns
[2022-06-18T09:22:44.375+0000][8][safepoint   ] Safepoint "Cleanup", Time since last: 2003205652 ns, Reaching safepoint: 340412 ns, At safepoint: 58489 ns, Total: 398901 ns
[2022-06-18T09:22:47.378+0000][8][safepoint   ] Safepoint "Cleanup", Time since last: 3002560191 ns, Reaching safepoint: 232713 ns, At safepoint: 15811 ns, Total: 248524 ns
[2022-06-18T09:22:48.381+0000][8][safepoint   ] Safepoint "Cleanup", Time since last: 1002724025 ns, Reaching safepoint: 380432 ns, At safepoint: 27229 ns, Total: 407661 ns
[2022-06-18T09:22:54.387+0000][8][safepoint   ] Safepoint "Cleanup", Time since last: 6005489577 ns, Reaching safepoint: 465068 ns, At safepoint: 21123 ns, Total: 486191 ns
[2022-06-18T09:22:56.392+0000][8][safepoint   ] Safepoint "Cleanup", Time since last: 2005025732 ns, Reaching safepoint: 276497 ns, At safepoint: 15750 ns, Total: 292247 ns
[2022-06-18T09:22:59.399+0000][8][safepoint   ] Safepoint "Cleanup", Time since last: 3005958498 ns, Reaching safepoint: 407595 ns, At safepoint: 16134 ns, Total: 423729 ns
[2022-06-18T09:23:04.413+0000][8][safepoint   ] Safepoint "Cleanup", Time since last: 5013557660 ns, Reaching safepoint: 385938 ns, At safepoint: 16205 ns, Total: 402143 ns
[2022-06-18T09:23:05.415+0000][8][safepoint   ] Safepoint "Cleanup", Time since last: 1002114961 ns, Reaching safepoint: 161437 ns, At safepoint: 92839 ns, Total: 254276 ns
[2022-06-18T09:23:08.397+0000][8][safepoint   ] Safepoint "Cleanup", Time since last: 3003300486 ns, Reaching safepoint: 119516 ns, At safepoint: 10722 ns, Total: 130238 ns
[2022-06-18T09:23:18.410+0000][8][safepoint   ] Safepoint "Cleanup", Time since last: 10013314713 ns, Reaching safepoint: 334414 ns, At safepoint: 10136 ns, Total: 344550 ns
[2022-06-18T09:23:19.416+0000][8][safepoint   ] Safepoint "Cleanup", Time since last: 1004956610 ns, Reaching safepoint: 141425 ns, At safepoint: 10163 ns, Total: 151588 ns
[2022-06-18T09:23:20.270+0000][8][safepoint   ] Safepoint "ICBufferFull", Time since last: 853998693 ns, Reaching safepoint: 224117 ns, At safepoint: 9370 ns, Total: 233487 ns
[2022-06-18T09:23:21.272+0000][8][safepoint   ] Safepoint "Cleanup", Time since last: 1001738489 ns, Reaching safepoint: 263080 ns, At safepoint: 9617 ns, Total: 272697 ns
[2022-06-18T09:23:24.277+0000][8][safepoint   ] Safepoint "Cleanup", Time since last: 3005317356 ns, Reaching safepoint: 218332 ns, At safepoint: 179373 ns, Total: 397705 ns
[2022-06-18T09:23:28.282+0000][8][safepoint   ] Safepoint "Cleanup", Time since last: 4004307984 ns, Reaching safepoint: 126630 ns, At safepoint: 8278 ns, Total: 134908 ns
[2022-06-18T09:23:29.285+0000][8][safepoint   ] Safepoint "Cleanup", Time since last: 1002542139 ns, Reaching safepoint: 111001 ns, At safepoint: 4887 ns, Total: 115888 ns
[2022-06-18T09:23:31.289+0000][8][safepoint   ] Safepoint "Cleanup", Time since last: 2003891322 ns, Reaching safepoint: 263173 ns, At safepoint: 9324 ns, Total: 272497 ns
[2022-06-18T09:23:32.288+0000][8][safepoint   ] Safepoint "ICBufferFull", Time since last: 999252646 ns, Reaching safepoint: 143220 ns, At safepoint: 2973 ns, Total: 146193 ns
[2022-06-18T09:23:33.290+0000][8][safepoint   ] Safepoint "Cleanup", Time since last: 1001495023 ns, Reaching safepoint: 206263 ns, At safepoint: 12687 ns, Total: 218950 ns
[2022-06-18T09:23:35.294+0000][8][safepoint   ] Safepoint "Cleanup", Time since last: 2003966578 ns, Reaching safepoint: 213751 ns, At safepoint: 18397 ns, Total: 232148 ns
[2022-06-18T09:23:38.275+0000][8][safepoint   ] Safepoint "Cleanup", Time since last: 3002675793 ns, Reaching safepoint: 136618 ns, At safepoint: 42981 ns, Total: 179599 ns
[2022-06-18T09:23:39.277+0000][8][safepoint   ] Safepoint "Cleanup", Time since last: 1001676365 ns, Reaching safepoint: 95328 ns, At safepoint: 4383 ns, Total: 99711 ns
[2022-06-18T09:23:41.279+0000][8][safepoint   ] Safepoint "Cleanup", Time since last: 2001626384 ns, Reaching safepoint: 122475 ns, At safepoint: 4949 ns, Total: 127424 ns
[2022-06-18T09:23:47.283+0000][8][safepoint   ] Safepoint "Cleanup", Time since last: 6004173541 ns, Reaching safepoint: 139331 ns, At safepoint: 8367 ns, Total: 147698 ns
[2022-06-18T09:23:50.290+0000][8][safepoint   ] Safepoint "Cleanup", Time since last: 3006393801 ns, Reaching safepoint: 122775 ns, At safepoint: 6117 ns, Total: 128892 ns
[2022-06-18T09:24:07.792+0000][8][gc,start    ] GC(34) Pause Young (Normal) (G1 Evacuation Pause)
[2022-06-18T09:24:07.794+0000][8][gc,task     ] GC(34) Using 4 workers of 4 for evacuation
[2022-06-18T09:24:07.795+0000][8][gc,age      ] GC(34) Desired survivor size 20971520 bytes, new threshold 15 (max threshold 15)
[2022-06-18T09:24:07.807+0000][8][gc,phases   ] GC(34)   Pre Evacuate Collection Set: 0.2ms
[2022-06-18T09:24:07.808+0000][8][gc,phases   ] GC(34)   Merge Heap Roots: 0.1ms
[2022-06-18T09:24:07.809+0000][8][gc,phases   ] GC(34)   Evacuate Collection Set: 8.3ms
[2022-06-18T09:24:07.809+0000][8][gc,phases   ] GC(34)   Post Evacuate Collection Set: 1.6ms
[2022-06-18T09:24:07.810+0000][8][gc,phases   ] GC(34)   Other: 2.5ms
[2022-06-18T09:24:07.811+0000][8][gc,age      ] GC(34) Age table with threshold 15 (max threshold 15)
[2022-06-18T09:24:07.811+0000][8][gc,age      ] GC(34) - age   1:     352376 bytes,     352376 total
[2022-06-18T09:24:07.811+0000][8][gc,age      ] GC(34) - age   2:       4000 bytes,     356376 total
[2022-06-18T09:24:07.812+0000][8][gc,age      ] GC(34) - age   3:      13784 bytes,     370160 total
[2022-06-18T09:24:07.813+0000][8][gc,age      ] GC(34) - age   4:      16456 bytes,     386616 total
[2022-06-18T09:24:07.813+0000][8][gc,age      ] GC(34) - age   5:      12464 bytes,     399080 total
[2022-06-18T09:24:07.814+0000][8][gc,age      ] GC(34) - age   6:      13216 bytes,     412296 total
[2022-06-18T09:24:07.814+0000][8][gc,age      ] GC(34) - age   7:       3312 bytes,     415608 total
[2022-06-18T09:24:07.815+0000][8][gc,age      ] GC(34) - age   8:      10712 bytes,     426320 total
[2022-06-18T09:24:07.815+0000][8][gc,age      ] GC(34) - age   9:      45864 bytes,     472184 total
[2022-06-18T09:24:07.816+0000][8][gc,age      ] GC(34) - age  10:     201848 bytes,     674032 total
[2022-06-18T09:24:07.817+0000][8][gc,age      ] GC(34) - age  11:      16448 bytes,     690480 total
[2022-06-18T09:24:07.817+0000][8][gc,age      ] GC(34) - age  12:      17160 bytes,     707640 total
[2022-06-18T09:24:07.818+0000][8][gc,age      ] GC(34) - age  13:    2162208 bytes,    2869848 total
[2022-06-18T09:24:07.818+0000][8][gc,age      ] GC(34) - age  14:      26584 bytes,    2896432 total
[2022-06-18T09:24:07.819+0000][8][gc,age      ] GC(34) - age  15:      40376 bytes,    2936808 total
[2022-06-18T09:24:07.820+0000][8][gc,heap     ] GC(34) Eden regions: 75->0(75)
[2022-06-18T09:24:07.820+0000][8][gc,heap     ] GC(34) Survivor regions: 1->1(10)
[2022-06-18T09:24:07.821+0000][8][gc,heap     ] GC(34) Old regions: 21->21
[2022-06-18T09:24:07.821+0000][8][gc,heap     ] GC(34) Archive regions: 2->2
[2022-06-18T09:24:07.822+0000][8][gc,heap     ] GC(34) Humongous regions: 0->0
[2022-06-18T09:24:07.823+0000][8][gc,metaspace] GC(34) Metaspace: 125152K(128384K)->125152K(128384K) NonClass: 108646K(110336K)->108646K(110336K) Class: 16505K(18048K)->16505K(18048K)
[2022-06-18T09:24:07.823+0000][8][gc          ] GC(34) Pause Young (Normal) (G1 Evacuation Pause) 387M->87M(512M) 31.314ms
[2022-06-18T09:24:07.824+0000][8][gc,cpu      ] GC(34) User=0.02s Sys=0.00s Real=0.03s
[2022-06-18T09:24:07.825+0000][8][safepoint   ] Safepoint "G1CollectForAllocation", Time since last: 17523413672 ns, Reaching safepoint: 117519 ns, At safepoint: 32758181 ns, Total: 32875700 ns
[2022-06-18T09:24:08.827+0000][8][safepoint   ] Safepoint "Cleanup", Time since last: 1001552036 ns, Reaching safepoint: 451027 ns, At safepoint: 44920 ns, Total: 495947 ns
[2022-06-18T09:24:32.853+0000][8][safepoint   ] Safepoint "Cleanup", Time since last: 24025390398 ns, Reaching safepoint: 649311 ns, At safepoint: 29612 ns, Total: 678923 ns
[2022-06-18T09:24:47.852+0000][8][safepoint   ] Safepoint "Cleanup", Time since last: 15022686154 ns, Reaching safepoint: 215701 ns, At safepoint: 11945 ns, Total: 227646 ns
[2022-06-18T09:24:50.856+0000][8][safepoint   ] Safepoint "Cleanup", Time since last: 3003353642 ns, Reaching safepoint: 247051 ns, At safepoint: 11542 ns, Total: 258593 ns
[2022-06-18T09:24:56.861+0000][8][safepoint   ] Safepoint "Cleanup", Time since last: 6005399968 ns, Reaching safepoint: 221251 ns, At safepoint: 10559 ns, Total: 231810 ns
[2022-06-18T09:24:59.866+0000][8][safepoint   ] Safepoint "Cleanup", Time since last: 3004284271 ns, Reaching safepoint: 118034 ns, At safepoint: 5196 ns, Total: 123230 ns
[2022-06-18T09:25:00.871+0000][8][safepoint   ] Safepoint "Cleanup", Time since last: 1005432549 ns, Reaching safepoint: 283986 ns, At safepoint: 15655 ns, Total: 299641 ns
[2022-06-18T09:25:14.871+0000][8][safepoint   ] Safepoint "Cleanup", Time since last: 14017849554 ns, Reaching safepoint: 318590 ns, At safepoint: 19257 ns, Total: 337847 ns
[2022-06-18T09:25:17.882+0000][8][safepoint   ] Safepoint "Cleanup", Time since last: 3009121126 ns, Reaching safepoint: 1741067 ns, At safepoint: 22088 ns, Total: 1763155 ns
[2022-06-18T09:25:20.903+0000][8][safepoint   ] Safepoint "Cleanup", Time since last: 3020628192 ns, Reaching safepoint: 189957 ns, At safepoint: 125713 ns, Total: 315670 ns
[2022-06-18T09:25:28.916+0000][8][safepoint   ] Safepoint "Cleanup", Time since last: 8013019912 ns, Reaching safepoint: 594259 ns, At safepoint: 24762 ns, Total: 619021 ns
[2022-06-18T09:25:38.905+0000][8][safepoint   ] Safepoint "Cleanup", Time since last: 10011046922 ns, Reaching safepoint: 249980 ns, At safepoint: 17078 ns, Total: 267058 ns
[2022-06-18T09:25:44.913+0000][8][safepoint   ] Safepoint "Cleanup", Time since last: 6008234790 ns, Reaching safepoint: 161839 ns, At safepoint: 5684 ns, Total: 167523 ns
[2022-06-18T09:25:47.917+0000][8][safepoint   ] Safepoint "Cleanup", Time since last: 3003759078 ns, Reaching safepoint: 93876 ns, At safepoint: 3962 ns, Total: 97838 ns
[2022-06-18T09:25:50.921+0000][8][safepoint   ] Safepoint "Cleanup", Time since last: 3003508762 ns, Reaching safepoint: 165089 ns, At safepoint: 8974 ns, Total: 174063 ns
[2022-06-18T09:26:01.736+0000][8][gc,start    ] GC(35) Pause Young (Normal) (G1 Evacuation Pause)
[2022-06-18T09:26:01.738+0000][8][gc,task     ] GC(35) Using 4 workers of 4 for evacuation
[2022-06-18T09:26:01.739+0000][8][gc,age      ] GC(35) Desired survivor size 20971520 bytes, new threshold 15 (max threshold 15)
[2022-06-18T09:26:01.751+0000][8][gc,phases   ] GC(35)   Pre Evacuate Collection Set: 0.2ms
[2022-06-18T09:26:01.752+0000][8][gc,phases   ] GC(35)   Merge Heap Roots: 0.1ms
[2022-06-18T09:26:01.752+0000][8][gc,phases   ] GC(35)   Evacuate Collection Set: 8.9ms
[2022-06-18T09:26:01.753+0000][8][gc,phases   ] GC(35)   Post Evacuate Collection Set: 1.7ms
[2022-06-18T09:26:01.754+0000][8][gc,phases   ] GC(35)   Other: 2.1ms
[2022-06-18T09:26:01.754+0000][8][gc,age      ] GC(35) Age table with threshold 15 (max threshold 15)
[2022-06-18T09:26:01.756+0000][8][gc,age      ] GC(35) - age   1:     919160 bytes,     919160 total
[2022-06-18T09:26:01.756+0000][8][gc,age      ] GC(35) - age   2:       1880 bytes,     921040 total
[2022-06-18T09:26:01.757+0000][8][gc,age      ] GC(35) - age   3:       3240 bytes,     924280 total
[2022-06-18T09:26:01.758+0000][8][gc,age      ] GC(35) - age   4:      13656 bytes,     937936 total
[2022-06-18T09:26:01.759+0000][8][gc,age      ] GC(35) - age   5:      16176 bytes,     954112 total
[2022-06-18T09:26:01.759+0000][8][gc,age      ] GC(35) - age   6:      12464 bytes,     966576 total
[2022-06-18T09:26:01.760+0000][8][gc,age      ] GC(35) - age   7:      13216 bytes,     979792 total
[2022-06-18T09:26:01.760+0000][8][gc,age      ] GC(35) - age   8:       3128 bytes,     982920 total
[2022-06-18T09:26:01.761+0000][8][gc,age      ] GC(35) - age   9:      10712 bytes,     993632 total
[2022-06-18T09:26:01.761+0000][8][gc,age      ] GC(35) - age  10:      45864 bytes,    1039496 total
[2022-06-18T09:26:01.762+0000][8][gc,age      ] GC(35) - age  11:     201848 bytes,    1241344 total
[2022-06-18T09:26:01.762+0000][8][gc,age      ] GC(35) - age  12:      16448 bytes,    1257792 total
[2022-06-18T09:26:01.763+0000][8][gc,age      ] GC(35) - age  13:      17160 bytes,    1274952 total
[2022-06-18T09:26:01.763+0000][8][gc,age      ] GC(35) - age  14:    2162208 bytes,    3437160 total
[2022-06-18T09:26:01.764+0000][8][gc,age      ] GC(35) - age  15:      26584 bytes,    3463744 total
[2022-06-18T09:26:01.764+0000][8][gc,heap     ] GC(35) Eden regions: 75->0(75)
[2022-06-18T09:26:01.765+0000][8][gc,heap     ] GC(35) Survivor regions: 1->1(10)
[2022-06-18T09:26:01.766+0000][8][gc,heap     ] GC(35) Old regions: 21->21
[2022-06-18T09:26:01.766+0000][8][gc,heap     ] GC(35) Archive regions: 2->2
[2022-06-18T09:26:01.767+0000][8][gc,heap     ] GC(35) Humongous regions: 0->0
[2022-06-18T09:26:01.767+0000][8][gc,metaspace] GC(35) Metaspace: 125160K(128384K)->125160K(128384K) NonClass: 108655K(110336K)->108655K(110336K) Class: 16505K(18048K)->16505K(18048K)
[2022-06-18T09:26:01.768+0000][8][gc          ] GC(35) Pause Young (Normal) (G1 Evacuation Pause) 387M->87M(512M) 32.174ms
[2022-06-18T09:26:01.769+0000][8][gc,cpu      ] GC(35) User=0.02s Sys=0.00s Real=0.03s
[2022-06-18T09:26:01.769+0000][8][safepoint   ] Safepoint "G1CollectForAllocation", Time since last: 10814855181 ns, Reaching safepoint: 162552 ns, At safepoint: 33556924 ns, Total: 33719476 ns
[2022-06-18T09:26:02.770+0000][8][safepoint   ] Safepoint "Cleanup", Time since last: 1000782158 ns, Reaching safepoint: 276742 ns, At safepoint: 13639 ns, Total: 290381 ns
[2022-06-18T09:26:08.754+0000][8][safepoint   ] Safepoint "Cleanup", Time since last: 6004865507 ns, Reaching safepoint: 168648 ns, At safepoint: 6899 ns, Total: 175547 ns
[2022-06-18T09:26:19.762+0000][8][safepoint   ] Safepoint "Cleanup", Time since last: 11008110706 ns, Reaching safepoint: 304999 ns, At safepoint: 25471 ns, Total: 330470 ns
[2022-06-18T09:26:26.769+0000][8][safepoint   ] Safepoint "Cleanup", Time since last: 7006707678 ns, Reaching safepoint: 92624 ns, At safepoint: 4102 ns, Total: 96726 ns
[2022-06-18T09:26:32.779+0000][8][safepoint   ] Safepoint "Cleanup", Time since last: 6009641131 ns, Reaching safepoint: 540286 ns, At safepoint: 22886 ns, Total: 563172 ns
[2022-06-18T09:26:35.788+0000][8][safepoint   ] Safepoint "Cleanup", Time since last: 3008733022 ns, Reaching safepoint: 200219 ns, At safepoint: 21582 ns, Total: 221801 ns
[2022-06-18T09:26:38.425+0000][8][safepoint   ] Safepoint "Cleanup", Time since last: 2658046286 ns, Reaching safepoint: 243513 ns, At safepoint: 9118 ns, Total: 252631 ns
[2022-06-18T09:26:39.430+0000][8][safepoint   ] Safepoint "Cleanup", Time since last: 1004130181 ns, Reaching safepoint: 434478 ns, At safepoint: 16925 ns, Total: 451403 ns
[2022-06-18T09:26:47.439+0000][8][safepoint   ] Safepoint "Cleanup", Time since last: 8008956619 ns, Reaching safepoint: 104518 ns, At safepoint: 8485 ns, Total: 113003 ns
[2022-06-18T09:26:56.455+0000][8][safepoint   ] Safepoint "Cleanup", Time since last: 9016038857 ns, Reaching safepoint: 103270 ns, At safepoint: 5922 ns, Total: 109192 ns
[2022-06-18T09:26:57.459+0000][8][safepoint   ] Safepoint "Cleanup", Time since last: 1003790367 ns, Reaching safepoint: 72149 ns, At safepoint: 4793 ns, Total: 76942 ns
[2022-06-18T09:27:05.468+0000][8][safepoint   ] Safepoint "Cleanup", Time since last: 8008814803 ns, Reaching safepoint: 166993 ns, At safepoint: 4095 ns, Total: 171088 ns
[2022-06-18T09:27:14.455+0000][8][safepoint   ] Safepoint "Cleanup", Time since last: 9008593764 ns, Reaching safepoint: 151367 ns, At safepoint: 11722 ns, Total: 163089 ns
[2022-06-18T09:27:26.466+0000][8][safepoint   ] Safepoint "Cleanup", Time since last: 12010612034 ns, Reaching safepoint: 216867 ns, At safepoint: 32453 ns, Total: 249320 ns
[2022-06-18T09:27:27.468+0000][8][safepoint   ] Safepoint "Cleanup", Time since last: 1002048524 ns, Reaching safepoint: 71322 ns, At safepoint: 4509 ns, Total: 75831 ns
[2022-06-18T09:27:33.474+0000][8][safepoint   ] Safepoint "Cleanup", Time since last: 6005375897 ns, Reaching safepoint: 95962 ns, At safepoint: 7081 ns, Total: 103043 ns
[2022-06-18T09:27:38.462+0000][8][safepoint   ] Safepoint "Cleanup", Time since last: 5009980570 ns, Reaching safepoint: 253060 ns, At safepoint: 10155 ns, Total: 263215 ns
[2022-06-18T09:27:47.172+0000][8][gc,start    ] GC(36) Pause Young (Normal) (G1 Evacuation Pause)
[2022-06-18T09:27:47.174+0000][8][gc,task     ] GC(36) Using 4 workers of 4 for evacuation
[2022-06-18T09:27:47.177+0000][8][gc,age      ] GC(36) Desired survivor size 20971520 bytes, new threshold 15 (max threshold 15)
[2022-06-18T09:27:47.194+0000][8][gc,phases   ] GC(36)   Pre Evacuate Collection Set: 0.1ms
[2022-06-18T09:27:47.196+0000][8][gc,phases   ] GC(36)   Merge Heap Roots: 0.1ms
[2022-06-18T09:27:47.197+0000][8][gc,phases   ] GC(36)   Evacuate Collection Set: 11.0ms
[2022-06-18T09:27:47.198+0000][8][gc,phases   ] GC(36)   Post Evacuate Collection Set: 4.1ms
[2022-06-18T09:27:47.199+0000][8][gc,phases   ] GC(36)   Other: 4.2ms
[2022-06-18T09:27:47.201+0000][8][gc,age      ] GC(36) Age table with threshold 15 (max threshold 15)
[2022-06-18T09:27:47.203+0000][8][gc,age      ] GC(36) - age   1:     397312 bytes,     397312 total
[2022-06-18T09:27:47.204+0000][8][gc,age      ] GC(36) - age   2:       4000 bytes,     401312 total
[2022-06-18T09:27:47.205+0000][8][gc,age      ] GC(36) - age   3:        752 bytes,     402064 total
[2022-06-18T09:27:47.206+0000][8][gc,age      ] GC(36) - age   4:       2632 bytes,     404696 total
[2022-06-18T09:27:47.208+0000][8][gc,age      ] GC(36) - age   5:      13592 bytes,     418288 total
[2022-06-18T09:27:47.210+0000][8][gc,age      ] GC(36) - age   6:      16088 bytes,     434376 total
[2022-06-18T09:27:47.211+0000][8][gc,age      ] GC(36) - age   7:      12464 bytes,     446840 total
[2022-06-18T09:27:47.211+0000][8][gc,age      ] GC(36) - age   8:      13216 bytes,     460056 total
[2022-06-18T09:27:47.212+0000][8][gc,age      ] GC(36) - age   9:       3128 bytes,     463184 total
[2022-06-18T09:27:47.213+0000][8][gc,age      ] GC(36) - age  10:      10712 bytes,     473896 total
[2022-06-18T09:27:47.214+0000][8][gc,age      ] GC(36) - age  11:      45864 bytes,     519760 total
[2022-06-18T09:27:47.214+0000][8][gc,age      ] GC(36) - age  12:     201848 bytes,     721608 total
[2022-06-18T09:27:47.215+0000][8][gc,age      ] GC(36) - age  13:      16264 bytes,     737872 total
[2022-06-18T09:27:47.216+0000][8][gc,age      ] GC(36) - age  14:      17160 bytes,     755032 total
[2022-06-18T09:27:47.217+0000][8][gc,age      ] GC(36) - age  15:    2162208 bytes,    2917240 total
[2022-06-18T09:27:47.219+0000][8][gc,heap     ] GC(36) Eden regions: 75->0(75)
[2022-06-18T09:27:47.220+0000][8][gc,heap     ] GC(36) Survivor regions: 1->1(10)
[2022-06-18T09:27:47.222+0000][8][gc,heap     ] GC(36) Old regions: 21->21
[2022-06-18T09:27:47.224+0000][8][gc,heap     ] GC(36) Archive regions: 2->2
[2022-06-18T09:27:47.225+0000][8][gc,heap     ] GC(36) Humongous regions: 0->0
[2022-06-18T09:27:47.227+0000][8][gc,metaspace] GC(36) Metaspace: 125197K(128384K)->125197K(128384K) NonClass: 108691K(110336K)->108691K(110336K) Class: 16505K(18048K)->16505K(18048K)
[2022-06-18T09:27:47.227+0000][8][gc          ] GC(36) Pause Young (Normal) (G1 Evacuation Pause) 387M->87M(512M) 55.720ms
[2022-06-18T09:27:47.229+0000][8][gc,cpu      ] GC(36) User=0.02s Sys=0.01s Real=0.06s
[2022-06-18T09:27:47.230+0000][8][safepoint   ] Safepoint "G1CollectForAllocation", Time since last: 8709634042 ns, Reaching safepoint: 55785 ns, At safepoint: 57913342 ns, Total: 57969127 ns
[2022-06-18T09:27:56.240+0000][8][safepoint   ] Safepoint "Cleanup", Time since last: 9010348971 ns, Reaching safepoint: 174947 ns, At safepoint: 5412 ns, Total: 180359 ns
[2022-06-18T09:28:08.230+0000][8][safepoint   ] Safepoint "Cleanup", Time since last: 12011522005 ns, Reaching safepoint: 118692 ns, At safepoint: 6616 ns, Total: 125308 ns
[2022-06-18T09:28:09.232+0000][8][safepoint   ] Safepoint "Cleanup", Time since last: 1001908878 ns, Reaching safepoint: 143137 ns, At safepoint: 4255 ns, Total: 147392 ns
[2022-06-18T09:28:14.238+0000][8][safepoint   ] Safepoint "Cleanup", Time since last: 5005168556 ns, Reaching safepoint: 99500 ns, At safepoint: 153849 ns, Total: 253349 ns
[2022-06-18T09:28:20.242+0000][8][safepoint   ] Safepoint "Cleanup", Time since last: 6004606160 ns, Reaching safepoint: 87663 ns, At safepoint: 4326 ns, Total: 91989 ns
[2022-06-18T09:28:23.245+0000][8][safepoint   ] Safepoint "Cleanup", Time since last: 3003008093 ns, Reaching safepoint: 62107 ns, At safepoint: 3468 ns, Total: 65575 ns
[2022-06-18T09:28:29.251+0000][8][safepoint   ] Safepoint "Cleanup", Time since last: 6005433231 ns, Reaching safepoint: 196027 ns, At safepoint: 348937 ns, Total: 544964 ns
[2022-06-18T09:28:47.246+0000][8][safepoint   ] Safepoint "Cleanup", Time since last: 18015755060 ns, Reaching safepoint: 159312 ns, At safepoint: 4795 ns, Total: 164107 ns
[2022-06-18T09:28:48.248+0000][8][safepoint   ] Safepoint "Cleanup", Time since last: 1002381362 ns, Reaching safepoint: 90849 ns, At safepoint: 6596 ns, Total: 97445 ns
[2022-06-18T09:29:03.270+0000][8][safepoint   ] Safepoint "Cleanup", Time since last: 15021898612 ns, Reaching safepoint: 70783 ns, At safepoint: 4802 ns, Total: 75585 ns
[2022-06-18T09:29:09.256+0000][8][safepoint   ] Safepoint "Cleanup", Time since last: 6007192608 ns, Reaching safepoint: 97452 ns, At safepoint: 6684 ns, Total: 104136 ns
[2022-06-18T09:29:23.272+0000][8][safepoint   ] Safepoint "Cleanup", Time since last: 14015816660 ns, Reaching safepoint: 93421 ns, At safepoint: 7268 ns, Total: 100689 ns
[2022-06-18T09:29:26.136+0000][8][gc,start    ] GC(37) Pause Young (Normal) (G1 Evacuation Pause)
[2022-06-18T09:29:26.137+0000][8][gc,task     ] GC(37) Using 4 workers of 4 for evacuation
[2022-06-18T09:29:26.138+0000][8][gc,age      ] GC(37) Desired survivor size 20971520 bytes, new threshold 15 (max threshold 15)
[2022-06-18T09:29:26.152+0000][8][gc,phases   ] GC(37)   Pre Evacuate Collection Set: 0.1ms
[2022-06-18T09:29:26.152+0000][8][gc,phases   ] GC(37)   Merge Heap Roots: 0.1ms
[2022-06-18T09:29:26.153+0000][8][gc,phases   ] GC(37)   Evacuate Collection Set: 11.1ms
[2022-06-18T09:29:26.154+0000][8][gc,phases   ] GC(37)   Post Evacuate Collection Set: 1.1ms
[2022-06-18T09:29:26.154+0000][8][gc,phases   ] GC(37)   Other: 2.0ms
[2022-06-18T09:29:26.155+0000][8][gc,age      ] GC(37) Age table with threshold 15 (max threshold 15)
[2022-06-18T09:29:26.156+0000][8][gc,age      ] GC(37) - age   1:    1436864 bytes,    1436864 total
[2022-06-18T09:29:26.156+0000][8][gc,age      ] GC(37) - age   2:       3256 bytes,    1440120 total
[2022-06-18T09:29:26.157+0000][8][gc,age      ] GC(37) - age   3:       2760 bytes,    1442880 total
[2022-06-18T09:29:26.158+0000][8][gc,age      ] GC(37) - age   4:        688 bytes,    1443568 total
[2022-06-18T09:29:26.158+0000][8][gc,age      ] GC(37) - age   5:       2632 bytes,    1446200 total
[2022-06-18T09:29:26.159+0000][8][gc,age      ] GC(37) - age   6:       5456 bytes,    1451656 total
[2022-06-18T09:29:26.160+0000][8][gc,age      ] GC(37) - age   7:      16088 bytes,    1467744 total
[2022-06-18T09:29:26.160+0000][8][gc,age      ] GC(37) - age   8:      12464 bytes,    1480208 total
[2022-06-18T09:29:26.161+0000][8][gc,age      ] GC(37) - age   9:      13216 bytes,    1493424 total
[2022-06-18T09:29:26.161+0000][8][gc,age      ] GC(37) - age  10:       3128 bytes,    1496552 total
[2022-06-18T09:29:26.162+0000][8][gc,age      ] GC(37) - age  11:      10712 bytes,    1507264 total
[2022-06-18T09:29:26.163+0000][8][gc,age      ] GC(37) - age  12:      45864 bytes,    1553128 total
[2022-06-18T09:29:26.163+0000][8][gc,age      ] GC(37) - age  13:     201848 bytes,    1754976 total
[2022-06-18T09:29:26.164+0000][8][gc,age      ] GC(37) - age  14:      16264 bytes,    1771240 total
[2022-06-18T09:29:26.164+0000][8][gc,age      ] GC(37) - age  15:      17160 bytes,    1788400 total
[2022-06-18T09:29:26.165+0000][8][gc,heap     ] GC(37) Eden regions: 75->0(75)
[2022-06-18T09:29:26.165+0000][8][gc,heap     ] GC(37) Survivor regions: 1->1(10)
[2022-06-18T09:29:26.166+0000][8][gc,heap     ] GC(37) Old regions: 21->21
[2022-06-18T09:29:26.166+0000][8][gc,heap     ] GC(37) Archive regions: 2->2
[2022-06-18T09:29:26.167+0000][8][gc,heap     ] GC(37) Humongous regions: 0->0
[2022-06-18T09:29:26.167+0000][8][gc,metaspace] GC(37) Metaspace: 125238K(128448K)->125238K(128448K) NonClass: 108732K(110400K)->108732K(110400K) Class: 16505K(18048K)->16505K(18048K)
[2022-06-18T09:29:26.168+0000][8][gc          ] GC(37) Pause Young (Normal) (G1 Evacuation Pause) 387M->88M(512M) 31.943ms
[2022-06-18T09:29:26.168+0000][8][gc,cpu      ] GC(37) User=0.05s Sys=0.01s Real=0.03s
[2022-06-18T09:29:26.169+0000][8][safepoint   ] Safepoint "G1CollectForAllocation", Time since last: 2864152612 ns, Reaching safepoint: 38770 ns, At safepoint: 33442706 ns, Total: 33481476 ns
[2022-06-18T09:29:27.171+0000][8][safepoint   ] Safepoint "Cleanup", Time since last: 1000817832 ns, Reaching safepoint: 272960 ns, At safepoint: 11660 ns, Total: 284620 ns
[2022-06-18T09:29:47.168+0000][8][safepoint   ] Safepoint "Cleanup", Time since last: 20019032816 ns, Reaching safepoint: 366148 ns, At safepoint: 14715 ns, Total: 380863 ns
[2022-06-18T09:29:51.144+0000][8][safepoint   ] Safepoint "Cleanup", Time since last: 3975269180 ns, Reaching safepoint: 270037 ns, At safepoint: 11041 ns, Total: 281078 ns
[2022-06-18T09:30:04.168+0000][8][safepoint   ] Safepoint "Cleanup", Time since last: 13024072001 ns, Reaching safepoint: 623218 ns, At safepoint: 16660 ns, Total: 639878 ns
[2022-06-18T09:30:05.171+0000][8][safepoint   ] Safepoint "Cleanup", Time since last: 1002250423 ns, Reaching safepoint: 241801 ns, At safepoint: 13584 ns, Total: 255385 ns
[2022-06-18T09:30:08.157+0000][8][safepoint   ] Safepoint "Cleanup", Time since last: 3005386928 ns, Reaching safepoint: 197074 ns, At safepoint: 8986 ns, Total: 206060 ns
[2022-06-18T09:30:20.166+0000][8][safepoint   ] Safepoint "Cleanup", Time since last: 12008735456 ns, Reaching safepoint: 236472 ns, At safepoint: 9053 ns, Total: 245525 ns
[2022-06-18T09:30:33.176+0000][8][safepoint   ] Safepoint "Cleanup", Time since last: 13009913195 ns, Reaching safepoint: 153369 ns, At safepoint: 6883 ns, Total: 160252 ns
[2022-06-18T09:30:35.179+0000][8][safepoint   ] Safepoint "Cleanup", Time since last: 2002517622 ns, Reaching safepoint: 320177 ns, At safepoint: 19549 ns, Total: 339726 ns
[2022-06-18T09:30:44.163+0000][8][safepoint   ] Safepoint "Cleanup", Time since last: 9007719224 ns, Reaching safepoint: 300594 ns, At safepoint: 6528 ns, Total: 307122 ns
[2022-06-18T09:30:51.169+0000][8][safepoint   ] Safepoint "Cleanup", Time since last: 7005249084 ns, Reaching safepoint: 182952 ns, At safepoint: 10647 ns, Total: 193599 ns
[2022-06-18T09:30:53.172+0000][8][safepoint   ] Safepoint "Cleanup", Time since last: 2003381153 ns, Reaching safepoint: 92810 ns, At safepoint: 5649 ns, Total: 98459 ns
[2022-06-18T09:30:57.177+0000][8][safepoint   ] Safepoint "Cleanup", Time since last: 4004393852 ns, Reaching safepoint: 64893 ns, At safepoint: 4406 ns, Total: 69299 ns
[2022-06-18T09:31:02.185+0000][8][safepoint   ] Safepoint "Cleanup", Time since last: 5008645111 ns, Reaching safepoint: 89546 ns, At safepoint: 6280 ns, Total: 95826 ns
[2022-06-18T09:31:03.187+0000][8][safepoint   ] Safepoint "Cleanup", Time since last: 1001972232 ns, Reaching safepoint: 64390 ns, At safepoint: 4790 ns, Total: 69180 ns
[2022-06-18T09:31:04.191+0000][8][safepoint   ] Safepoint "Cleanup", Time since last: 1003122303 ns, Reaching safepoint: 97251 ns, At safepoint: 5147 ns, Total: 102398 ns
[2022-06-18T09:31:06.195+0000][8][safepoint   ] Safepoint "Cleanup", Time since last: 2003987062 ns, Reaching safepoint: 260672 ns, At safepoint: 55886 ns, Total: 316558 ns
[2022-06-18T09:31:09.179+0000][8][safepoint   ] Safepoint "Cleanup", Time since last: 3004612634 ns, Reaching safepoint: 69845 ns, At safepoint: 4026 ns, Total: 73871 ns
[2022-06-18T09:31:10.181+0000][8][safepoint   ] Safepoint "Cleanup", Time since last: 1002247011 ns, Reaching safepoint: 68729 ns, At safepoint: 5511 ns, Total: 74240 ns
[2022-06-18T09:31:14.111+0000][8][gc,start    ] GC(38) Pause Young (Normal) (G1 Evacuation Pause)
[2022-06-18T09:31:14.112+0000][8][gc,task     ] GC(38) Using 4 workers of 4 for evacuation
[2022-06-18T09:31:14.113+0000][8][gc,age      ] GC(38) Desired survivor size 20971520 bytes, new threshold 15 (max threshold 15)
[2022-06-18T09:31:14.122+0000][8][gc,phases   ] GC(38)   Pre Evacuate Collection Set: 0.2ms
[2022-06-18T09:31:14.122+0000][8][gc,phases   ] GC(38)   Merge Heap Roots: 0.2ms
[2022-06-18T09:31:14.123+0000][8][gc,phases   ] GC(38)   Evacuate Collection Set: 6.3ms
[2022-06-18T09:31:14.124+0000][8][gc,phases   ] GC(38)   Post Evacuate Collection Set: 1.5ms
[2022-06-18T09:31:14.124+0000][8][gc,phases   ] GC(38)   Other: 1.6ms
[2022-06-18T09:31:14.125+0000][8][gc,age      ] GC(38) Age table with threshold 15 (max threshold 15)
[2022-06-18T09:31:14.125+0000][8][gc,age      ] GC(38) - age   1:     662824 bytes,     662824 total
[2022-06-18T09:31:14.126+0000][8][gc,age      ] GC(38) - age   2:      12544 bytes,     675368 total
[2022-06-18T09:31:14.126+0000][8][gc,age      ] GC(38) - age   3:       3032 bytes,     678400 total
[2022-06-18T09:31:14.127+0000][8][gc,age      ] GC(38) - age   4:       2288 bytes,     680688 total
[2022-06-18T09:31:14.127+0000][8][gc,age      ] GC(38) - age   5:        688 bytes,     681376 total
[2022-06-18T09:31:14.128+0000][8][gc,age      ] GC(38) - age   6:       2448 bytes,     683824 total
[2022-06-18T09:31:14.128+0000][8][gc,age      ] GC(38) - age   7:       3552 bytes,     687376 total
[2022-06-18T09:31:14.129+0000][8][gc,age      ] GC(38) - age   8:      16088 bytes,     703464 total
[2022-06-18T09:31:14.129+0000][8][gc,age      ] GC(38) - age   9:      12464 bytes,     715928 total
[2022-06-18T09:31:14.130+0000][8][gc,age      ] GC(38) - age  10:      12824 bytes,     728752 total
[2022-06-18T09:31:14.130+0000][8][gc,age      ] GC(38) - age  11:       3128 bytes,     731880 total
[2022-06-18T09:31:14.131+0000][8][gc,age      ] GC(38) - age  12:      10712 bytes,     742592 total
[2022-06-18T09:31:14.131+0000][8][gc,age      ] GC(38) - age  13:      45864 bytes,     788456 total
[2022-06-18T09:31:14.132+0000][8][gc,age      ] GC(38) - age  14:     201816 bytes,     990272 total
[2022-06-18T09:31:14.133+0000][8][gc,age      ] GC(38) - age  15:      16264 bytes,    1006536 total
[2022-06-18T09:31:14.133+0000][8][gc,heap     ] GC(38) Eden regions: 75->0(75)
[2022-06-18T09:31:14.134+0000][8][gc,heap     ] GC(38) Survivor regions: 1->1(10)
[2022-06-18T09:31:14.134+0000][8][gc,heap     ] GC(38) Old regions: 21->21
[2022-06-18T09:31:14.135+0000][8][gc,heap     ] GC(38) Archive regions: 2->2
[2022-06-18T09:31:14.135+0000][8][gc,heap     ] GC(38) Humongous regions: 0->0
[2022-06-18T09:31:14.136+0000][8][gc,metaspace] GC(38) Metaspace: 125249K(128448K)->125249K(128448K) NonClass: 108743K(110400K)->108743K(110400K) Class: 16505K(18048K)->16505K(18048K)
[2022-06-18T09:31:14.136+0000][8][gc          ] GC(38) Pause Young (Normal) (G1 Evacuation Pause) 388M->87M(512M) 25.656ms
[2022-06-18T09:31:14.138+0000][8][gc,cpu      ] GC(38) User=0.00s Sys=0.00s Real=0.03s
[2022-06-18T09:31:14.139+0000][8][safepoint   ] Safepoint "G1CollectForAllocation", Time since last: 3929263462 ns, Reaching safepoint: 36377 ns, At safepoint: 27865410 ns, Total: 27901787 ns
[2022-06-18T09:31:20.144+0000][8][safepoint   ] Safepoint "Cleanup", Time since last: 6005806675 ns, Reaching safepoint: 39222 ns, At safepoint: 2451 ns, Total: 41673 ns
[2022-06-18T09:31:21.149+0000][8][safepoint   ] Safepoint "Cleanup", Time since last: 1003943623 ns, Reaching safepoint: 151154 ns, At safepoint: 155154 ns, Total: 306308 ns
[2022-06-18T09:31:23.152+0000][8][safepoint   ] Safepoint "Cleanup", Time since last: 2002756323 ns, Reaching safepoint: 207143 ns, At safepoint: 9398 ns, Total: 216541 ns
[2022-06-18T09:31:34.163+0000][8][safepoint   ] Safepoint "Cleanup", Time since last: 11011479665 ns, Reaching safepoint: 156715 ns, At safepoint: 13599 ns, Total: 170314 ns
[2022-06-18T09:31:35.167+0000][8][safepoint   ] Safepoint "Cleanup", Time since last: 1003183278 ns, Reaching safepoint: 304787 ns, At safepoint: 14546 ns, Total: 319333 ns
[2022-06-18T09:31:44.157+0000][8][safepoint   ] Safepoint "Cleanup", Time since last: 9012803734 ns, Reaching safepoint: 256492 ns, At safepoint: 28211 ns, Total: 284703 ns
[2022-06-18T09:31:50.167+0000][8][safepoint   ] Safepoint "Cleanup", Time since last: 6009884229 ns, Reaching safepoint: 136468 ns, At safepoint: 9226 ns, Total: 145694 ns
[2022-06-18T09:31:51.170+0000][8][safepoint   ] Safepoint "Cleanup", Time since last: 1002670568 ns, Reaching safepoint: 241211 ns, At safepoint: 14755 ns, Total: 255966 ns
[2022-06-18T09:31:59.185+0000][8][safepoint   ] Safepoint "Cleanup", Time since last: 8014744737 ns, Reaching safepoint: 203111 ns, At safepoint: 9112 ns, Total: 212223 ns
[2022-06-18T09:32:14.182+0000][8][safepoint   ] Safepoint "Cleanup", Time since last: 15018037038 ns, Reaching safepoint: 104334 ns, At safepoint: 5939 ns, Total: 110273 ns
[2022-06-18T09:32:18.190+0000][8][safepoint   ] Safepoint "Cleanup", Time since last: 4007370652 ns, Reaching safepoint: 755637 ns, At safepoint: 148703 ns, Total: 904340 ns
[2022-06-18T09:32:22.194+0000][8][safepoint   ] Safepoint "Cleanup", Time since last: 4003410132 ns, Reaching safepoint: 157409 ns, At safepoint: 6926 ns, Total: 164335 ns
[2022-06-18T09:32:23.196+0000][8][safepoint   ] Safepoint "Cleanup", Time since last: 1002175486 ns, Reaching safepoint: 127269 ns, At safepoint: 3894 ns, Total: 131163 ns
[2022-06-18T09:32:26.200+0000][8][safepoint   ] Safepoint "Cleanup", Time since last: 3002852669 ns, Reaching safepoint: 363786 ns, At safepoint: 76324 ns, Total: 440110 ns
[2022-06-18T09:32:28.202+0000][8][safepoint   ] Safepoint "Cleanup", Time since last: 2002617990 ns, Reaching safepoint: 218798 ns, At safepoint: 10351 ns, Total: 229149 ns
[2022-06-18T09:32:32.208+0000][8][safepoint   ] Safepoint "Cleanup", Time since last: 4004817518 ns, Reaching safepoint: 378695 ns, At safepoint: 150584 ns, Total: 529279 ns
[2022-06-18T09:32:35.211+0000][8][safepoint   ] Safepoint "Cleanup", Time since last: 3003346187 ns, Reaching safepoint: 199645 ns, At safepoint: 55909 ns, Total: 255554 ns
[2022-06-18T09:32:38.194+0000][8][safepoint   ] Safepoint "Cleanup", Time since last: 3003428403 ns, Reaching safepoint: 1455836 ns, At safepoint: 69895 ns, Total: 1525731 ns
[2022-06-18T09:32:39.196+0000][8][safepoint   ] Safepoint "Cleanup", Time since last: 1001739142 ns, Reaching safepoint: 287727 ns, At safepoint: 42974 ns, Total: 330701 ns
[2022-06-18T09:32:48.206+0000][8][safepoint   ] Safepoint "Cleanup", Time since last: 9008447001 ns, Reaching safepoint: 605690 ns, At safepoint: 34547 ns, Total: 640237 ns
[2022-06-18T09:32:50.209+0000][8][safepoint   ] Safepoint "Cleanup", Time since last: 2003359720 ns, Reaching safepoint: 120519 ns, At safepoint: 62015 ns, Total: 182534 ns
[2022-06-18T09:33:03.225+0000][8][safepoint   ] Safepoint "Cleanup", Time since last: 13015182171 ns, Reaching safepoint: 592941 ns, At safepoint: 131498 ns, Total: 724439 ns
[2022-06-18T09:33:05.087+0000][8][gc,start    ] GC(39) Pause Young (Normal) (G1 Evacuation Pause)
[2022-06-18T09:33:05.089+0000][8][gc,task     ] GC(39) Using 4 workers of 4 for evacuation
[2022-06-18T09:33:05.090+0000][8][gc,age      ] GC(39) Desired survivor size 20971520 bytes, new threshold 15 (max threshold 15)
[2022-06-18T09:33:05.096+0000][8][gc,phases   ] GC(39)   Pre Evacuate Collection Set: 0.1ms
[2022-06-18T09:33:05.097+0000][8][gc,phases   ] GC(39)   Merge Heap Roots: 0.2ms
[2022-06-18T09:33:05.097+0000][8][gc,phases   ] GC(39)   Evacuate Collection Set: 3.7ms
[2022-06-18T09:33:05.098+0000][8][gc,phases   ] GC(39)   Post Evacuate Collection Set: 1.2ms
[2022-06-18T09:33:05.099+0000][8][gc,phases   ] GC(39)   Other: 1.9ms
[2022-06-18T09:33:05.099+0000][8][gc,age      ] GC(39) Age table with threshold 15 (max threshold 15)
[2022-06-18T09:33:05.100+0000][8][gc,age      ] GC(39) - age   1:    1423224 bytes,    1423224 total
[2022-06-18T09:33:05.100+0000][8][gc,age      ] GC(39) - age   2:       7472 bytes,    1430696 total
[2022-06-18T09:33:05.101+0000][8][gc,age      ] GC(39) - age   3:       2944 bytes,    1433640 total
[2022-06-18T09:33:05.101+0000][8][gc,age      ] GC(39) - age   4:       3008 bytes,    1436648 total
[2022-06-18T09:33:05.102+0000][8][gc,age      ] GC(39) - age   5:       2008 bytes,    1438656 total
[2022-06-18T09:33:05.102+0000][8][gc,age      ] GC(39) - age   6:        688 bytes,    1439344 total
[2022-06-18T09:33:05.103+0000][8][gc,age      ] GC(39) - age   7:       2448 bytes,    1441792 total
[2022-06-18T09:33:05.104+0000][8][gc,age      ] GC(39) - age   8:       3552 bytes,    1445344 total
[2022-06-18T09:33:05.104+0000][8][gc,age      ] GC(39) - age   9:      16088 bytes,    1461432 total
[2022-06-18T09:33:05.105+0000][8][gc,age      ] GC(39) - age  10:      12464 bytes,    1473896 total
[2022-06-18T09:33:05.105+0000][8][gc,age      ] GC(39) - age  11:      12824 bytes,    1486720 total
[2022-06-18T09:33:05.106+0000][8][gc,age      ] GC(39) - age  12:       3128 bytes,    1489848 total
[2022-06-18T09:33:05.106+0000][8][gc,age      ] GC(39) - age  13:      10528 bytes,    1500376 total
[2022-06-18T09:33:05.107+0000][8][gc,age      ] GC(39) - age  14:      45480 bytes,    1545856 total
[2022-06-18T09:33:05.108+0000][8][gc,age      ] GC(39) - age  15:     201816 bytes,    1747672 total
[2022-06-18T09:33:05.108+0000][8][gc,heap     ] GC(39) Eden regions: 75->0(75)
[2022-06-18T09:33:05.109+0000][8][gc,heap     ] GC(39) Survivor regions: 1->1(10)
[2022-06-18T09:33:05.109+0000][8][gc,heap     ] GC(39) Old regions: 21->21
[2022-06-18T09:33:05.110+0000][8][gc,heap     ] GC(39) Archive regions: 2->2
[2022-06-18T09:33:05.110+0000][8][gc,heap     ] GC(39) Humongous regions: 0->0
[2022-06-18T09:33:05.111+0000][8][gc,metaspace] GC(39) Metaspace: 125307K(128512K)->125307K(128512K) NonClass: 108800K(110464K)->108800K(110464K) Class: 16507K(18048K)->16507K(18048K)
[2022-06-18T09:33:05.112+0000][8][gc          ] GC(39) Pause Young (Normal) (G1 Evacuation Pause) 387M->88M(512M) 24.040ms
[2022-06-18T09:33:05.112+0000][8][gc,cpu      ] GC(39) User=0.01s Sys=0.00s Real=0.03s
[2022-06-18T09:33:05.113+0000][8][safepoint   ] Safepoint "G1CollectForAllocation", Time since last: 1862340021 ns, Reaching safepoint: 107879 ns, At safepoint: 25069174 ns, Total: 25177053 ns
[2022-06-18T09:33:08.093+0000][8][safepoint   ] Safepoint "Cleanup", Time since last: 3001945299 ns, Reaching safepoint: 212404 ns, At safepoint: 10862 ns, Total: 223266 ns
[2022-06-18T09:33:20.112+0000][8][safepoint   ] Safepoint "Cleanup", Time since last: 12018438789 ns, Reaching safepoint: 195116 ns, At safepoint: 9227 ns, Total: 204343 ns
[2022-06-18T09:33:35.127+0000][8][safepoint   ] Safepoint "Cleanup", Time since last: 15015108026 ns, Reaching safepoint: 147222 ns, At safepoint: 8447 ns, Total: 155669 ns
[2022-06-18T09:33:47.127+0000][8][safepoint   ] Safepoint "Cleanup", Time since last: 12021309266 ns, Reaching safepoint: 180664 ns, At safepoint: 7466 ns, Total: 188130 ns
[2022-06-18T09:33:51.134+0000][8][safepoint   ] Safepoint "Cleanup", Time since last: 4006758197 ns, Reaching safepoint: 231040 ns, At safepoint: 9479 ns, Total: 240519 ns
[2022-06-18T09:34:02.159+0000][8][safepoint   ] Safepoint "Cleanup", Time since last: 11024741247 ns, Reaching safepoint: 207879 ns, At safepoint: 18077 ns, Total: 225956 ns
[2022-06-18T09:34:08.151+0000][8][safepoint   ] Safepoint "Cleanup", Time since last: 6012960629 ns, Reaching safepoint: 124969 ns, At safepoint: 8059 ns, Total: 133028 ns
[2022-06-18T09:34:13.165+0000][8][safepoint   ] Safepoint "Cleanup", Time since last: 5014674524 ns, Reaching safepoint: 173417 ns, At safepoint: 13190 ns, Total: 186607 ns
[2022-06-18T09:34:14.169+0000][8][safepoint   ] Safepoint "Cleanup", Time since last: 1003840292 ns, Reaching safepoint: 226029 ns, At safepoint: 12807 ns, Total: 238836 ns
[2022-06-18T09:34:15.173+0000][8][safepoint   ] Safepoint "Cleanup", Time since last: 1003535555 ns, Reaching safepoint: 353315 ns, At safepoint: 52823 ns, Total: 406138 ns
[2022-06-18T09:34:27.195+0000][8][safepoint   ] Safepoint "Cleanup", Time since last: 12021244232 ns, Reaching safepoint: 122460 ns, At safepoint: 6175 ns, Total: 128635 ns
[2022-06-18T09:34:28.197+0000][8][safepoint   ] Safepoint "Cleanup", Time since last: 1001802545 ns, Reaching safepoint: 213918 ns, At safepoint: 9604 ns, Total: 223522 ns
[2022-06-18T09:34:30.199+0000][8][safepoint   ] Safepoint "Cleanup", Time since last: 2002062958 ns, Reaching safepoint: 118401 ns, At safepoint: 3951 ns, Total: 122352 ns
[2022-06-18T09:34:32.203+0000][8][safepoint   ] Safepoint "Cleanup", Time since last: 2003561123 ns, Reaching safepoint: 214587 ns, At safepoint: 9406 ns, Total: 223993 ns
[2022-06-18T09:34:35.214+0000][8][safepoint   ] Safepoint "Cleanup", Time since last: 3010509576 ns, Reaching safepoint: 224501 ns, At safepoint: 9545 ns, Total: 234046 ns
[2022-06-18T09:34:38.200+0000][8][safepoint   ] Safepoint "Cleanup", Time since last: 3008986566 ns, Reaching safepoint: 420968 ns, At safepoint: 29604 ns, Total: 450572 ns
[2022-06-18T09:34:41.205+0000][8][safepoint   ] Safepoint "Cleanup", Time since last: 3004291449 ns, Reaching safepoint: 250454 ns, At safepoint: 13099 ns, Total: 263553 ns
[2022-06-18T09:34:47.213+0000][8][safepoint   ] Safepoint "Cleanup", Time since last: 6007252537 ns, Reaching safepoint: 448669 ns, At safepoint: 22203 ns, Total: 470872 ns
[2022-06-18T09:34:50.224+0000][8][safepoint   ] Safepoint "Cleanup", Time since last: 3010835965 ns, Reaching safepoint: 540848 ns, At safepoint: 36868 ns, Total: 577716 ns
[2022-06-18T09:34:53.081+0000][8][gc,start    ] GC(40) Pause Young (Normal) (G1 Evacuation Pause)
[2022-06-18T09:34:53.083+0000][8][gc,task     ] GC(40) Using 4 workers of 4 for evacuation
[2022-06-18T09:34:53.084+0000][8][gc,age      ] GC(40) Desired survivor size 20971520 bytes, new threshold 15 (max threshold 15)
[2022-06-18T09:34:53.092+0000][8][gc,phases   ] GC(40)   Pre Evacuate Collection Set: 0.2ms
[2022-06-18T09:34:53.093+0000][8][gc,phases   ] GC(40)   Merge Heap Roots: 0.2ms
[2022-06-18T09:34:53.093+0000][8][gc,phases   ] GC(40)   Evacuate Collection Set: 6.4ms
[2022-06-18T09:34:53.094+0000][8][gc,phases   ] GC(40)   Post Evacuate Collection Set: 1.1ms
[2022-06-18T09:34:53.094+0000][8][gc,phases   ] GC(40)   Other: 1.7ms
[2022-06-18T09:34:53.095+0000][8][gc,age      ] GC(40) Age table with threshold 15 (max threshold 15)
[2022-06-18T09:34:53.095+0000][8][gc,age      ] GC(40) - age   1:     502160 bytes,     502160 total
[2022-06-18T09:34:53.096+0000][8][gc,age      ] GC(40) - age   2:      10320 bytes,     512480 total
[2022-06-18T09:34:53.096+0000][8][gc,age      ] GC(40) - age   3:       6904 bytes,     519384 total
[2022-06-18T09:34:53.097+0000][8][gc,age      ] GC(40) - age   4:       2760 bytes,     522144 total
[2022-06-18T09:34:53.097+0000][8][gc,age      ] GC(40) - age   5:       3008 bytes,     525152 total
[2022-06-18T09:34:53.098+0000][8][gc,age      ] GC(40) - age   6:       2008 bytes,     527160 total
[2022-06-18T09:34:53.098+0000][8][gc,age      ] GC(40) - age   7:        688 bytes,     527848 total
[2022-06-18T09:34:53.099+0000][8][gc,age      ] GC(40) - age   8:       2448 bytes,     530296 total
[2022-06-18T09:34:53.100+0000][8][gc,age      ] GC(40) - age   9:       3552 bytes,     533848 total
[2022-06-18T09:34:53.101+0000][8][gc,age      ] GC(40) - age  10:      16088 bytes,     549936 total
[2022-06-18T09:34:53.101+0000][8][gc,age      ] GC(40) - age  11:      12464 bytes,     562400 total
[2022-06-18T09:34:53.102+0000][8][gc,age      ] GC(40) - age  12:      12824 bytes,     575224 total
[2022-06-18T09:34:53.102+0000][8][gc,age      ] GC(40) - age  13:       3128 bytes,     578352 total
[2022-06-18T09:34:53.103+0000][8][gc,age      ] GC(40) - age  14:      10528 bytes,     588880 total
[2022-06-18T09:34:53.104+0000][8][gc,age      ] GC(40) - age  15:      45480 bytes,     634360 total
[2022-06-18T09:34:53.105+0000][8][gc,heap     ] GC(40) Eden regions: 75->0(75)
[2022-06-18T09:34:53.105+0000][8][gc,heap     ] GC(40) Survivor regions: 1->1(10)
[2022-06-18T09:34:53.106+0000][8][gc,heap     ] GC(40) Old regions: 21->21
[2022-06-18T09:34:53.108+0000][8][gc,heap     ] GC(40) Archive regions: 2->2
[2022-06-18T09:34:53.109+0000][8][gc,heap     ] GC(40) Humongous regions: 0->0
[2022-06-18T09:34:53.109+0000][8][gc,metaspace] GC(40) Metaspace: 125320K(128512K)->125320K(128512K) NonClass: 108812K(110464K)->108812K(110464K) Class: 16507K(18048K)->16507K(18048K)
[2022-06-18T09:34:53.110+0000][8][gc          ] GC(40) Pause Young (Normal) (G1 Evacuation Pause) 388M->87M(512M) 28.842ms
[2022-06-18T09:34:53.111+0000][8][gc,cpu      ] GC(40) User=0.01s Sys=0.00s Real=0.03s
[2022-06-18T09:34:53.112+0000][8][safepoint   ] Safepoint "G1CollectForAllocation", Time since last: 2857171057 ns, Reaching safepoint: 42104 ns, At safepoint: 30509650 ns, Total: 30551754 ns
[2022-06-18T09:35:03.140+0000][8][safepoint   ] Safepoint "Cleanup", Time since last: 10028286320 ns, Reaching safepoint: 284319 ns, At safepoint: 38382 ns, Total: 322701 ns
[2022-06-18T09:35:15.144+0000][8][safepoint   ] Safepoint "Cleanup", Time since last: 12023688822 ns, Reaching safepoint: 301752 ns, At safepoint: 190414 ns, Total: 492166 ns
[2022-06-18T09:35:20.156+0000][8][safepoint   ] Safepoint "Cleanup", Time since last: 5011389446 ns, Reaching safepoint: 704305 ns, At safepoint: 21142 ns, Total: 725447 ns
[2022-06-18T09:35:21.160+0000][8][safepoint   ] Safepoint "Cleanup", Time since last: 1003060955 ns, Reaching safepoint: 467979 ns, At safepoint: 46729 ns, Total: 514708 ns
[2022-06-18T09:35:23.163+0000][8][safepoint   ] Safepoint "Cleanup", Time since last: 2002803003 ns, Reaching safepoint: 129252 ns, At safepoint: 5520 ns, Total: 134772 ns
[2022-06-18T09:35:25.166+0000][8][safepoint   ] Safepoint "Cleanup", Time since last: 2003131240 ns, Reaching safepoint: 70223 ns, At safepoint: 3010 ns, Total: 73233 ns
[2022-06-18T09:35:26.169+0000][8][safepoint   ] Safepoint "Cleanup", Time since last: 1002989037 ns, Reaching safepoint: 84133 ns, At safepoint: 4889 ns, Total: 89022 ns
[2022-06-18T09:35:27.171+0000][8][safepoint   ] Safepoint "Cleanup", Time since last: 1001467220 ns, Reaching safepoint: 409267 ns, At safepoint: 30360 ns, Total: 439627 ns
[2022-06-18T09:35:44.165+0000][8][safepoint   ] Safepoint "Cleanup", Time since last: 17016536927 ns, Reaching safepoint: 157615 ns, At safepoint: 8930 ns, Total: 166545 ns
[2022-06-18T09:35:47.173+0000][8][safepoint   ] Safepoint "Cleanup", Time since last: 3006952499 ns, Reaching safepoint: 163845 ns, At safepoint: 8633 ns, Total: 172478 ns
[2022-06-18T09:36:02.186+0000][8][safepoint   ] Safepoint "Cleanup", Time since last: 15013171860 ns, Reaching safepoint: 177887 ns, At safepoint: 42256 ns, Total: 220143 ns
[2022-06-18T09:36:04.191+0000][8][safepoint   ] Safepoint "Cleanup", Time since last: 2004493850 ns, Reaching safepoint: 136627 ns, At safepoint: 9322 ns, Total: 145949 ns
[2022-06-18T09:36:08.175+0000][8][safepoint   ] Safepoint "Cleanup", Time since last: 4005356518 ns, Reaching safepoint: 298971 ns, At safepoint: 27287 ns, Total: 326258 ns
[2022-06-18T09:36:13.180+0000][8][safepoint   ] Safepoint "Cleanup", Time since last: 5005117933 ns, Reaching safepoint: 145292 ns, At safepoint: 8940 ns, Total: 154232 ns
[2022-06-18T09:36:14.182+0000][8][safepoint   ] Safepoint "Cleanup", Time since last: 1002364216 ns, Reaching safepoint: 138556 ns, At safepoint: 4520 ns, Total: 143076 ns
[2022-06-18T09:36:15.228+0000][8][safepoint   ] Safepoint "Cleanup", Time since last: 1046028199 ns, Reaching safepoint: 99876 ns, At safepoint: 5975 ns, Total: 105851 ns
[2022-06-18T09:36:17.237+0000][8][safepoint   ] Safepoint "Cleanup", Time since last: 2007585523 ns, Reaching safepoint: 429977 ns, At safepoint: 7901 ns, Total: 437878 ns
[2022-06-18T09:36:18.240+0000][8][safepoint   ] Safepoint "Cleanup", Time since last: 1003797525 ns, Reaching safepoint: 97750 ns, At safepoint: 3972 ns, Total: 101722 ns
[2022-06-18T09:36:21.333+0000][8][safepoint   ] Safepoint "Cleanup", Time since last: 3091994589 ns, Reaching safepoint: 149193 ns, At safepoint: 6164 ns, Total: 155357 ns
[2022-06-18T09:36:23.338+0000][8][safepoint   ] Safepoint "Cleanup", Time since last: 2004951206 ns, Reaching safepoint: 156842 ns, At safepoint: 6491 ns, Total: 163333 ns
[2022-06-18T09:36:26.341+0000][8][safepoint   ] Safepoint "Cleanup", Time since last: 3003578972 ns, Reaching safepoint: 107753 ns, At safepoint: 4919 ns, Total: 112672 ns
[2022-06-18T09:36:44.045+0000][8][gc,start    ] GC(41) Pause Young (Normal) (G1 Evacuation Pause)
[2022-06-18T09:36:44.046+0000][8][gc,task     ] GC(41) Using 4 workers of 4 for evacuation
[2022-06-18T09:36:44.047+0000][8][gc,age      ] GC(41) Desired survivor size 20971520 bytes, new threshold 15 (max threshold 15)
[2022-06-18T09:36:44.053+0000][8][gc,phases   ] GC(41)   Pre Evacuate Collection Set: 0.2ms
[2022-06-18T09:36:44.054+0000][8][gc,phases   ] GC(41)   Merge Heap Roots: 0.2ms
[2022-06-18T09:36:44.054+0000][8][gc,phases   ] GC(41)   Evacuate Collection Set: 3.8ms
[2022-06-18T09:36:44.055+0000][8][gc,phases   ] GC(41)   Post Evacuate Collection Set: 1.6ms
[2022-06-18T09:36:44.055+0000][8][gc,phases   ] GC(41)   Other: 1.4ms
[2022-06-18T09:36:44.056+0000][8][gc,age      ] GC(41) Age table with threshold 15 (max threshold 15)
[2022-06-18T09:36:44.057+0000][8][gc,age      ] GC(41) - age   1:    1222816 bytes,    1222816 total
[2022-06-18T09:36:44.057+0000][8][gc,age      ] GC(41) - age   2:      16352 bytes,    1239168 total
[2022-06-18T09:36:44.058+0000][8][gc,age      ] GC(41) - age   3:       7960 bytes,    1247128 total
[2022-06-18T09:36:44.058+0000][8][gc,age      ] GC(41) - age   4:       6744 bytes,    1253872 total
[2022-06-18T09:36:44.059+0000][8][gc,age      ] GC(41) - age   5:       2760 bytes,    1256632 total
[2022-06-18T09:36:44.059+0000][8][gc,age      ] GC(41) - age   6:       3008 bytes,    1259640 total
[2022-06-18T09:36:44.060+0000][8][gc,age      ] GC(41) - age   7:       2008 bytes,    1261648 total
[2022-06-18T09:36:44.060+0000][8][gc,age      ] GC(41) - age   8:        688 bytes,    1262336 total
[2022-06-18T09:36:44.061+0000][8][gc,age      ] GC(41) - age   9:       2448 bytes,    1264784 total
[2022-06-18T09:36:44.061+0000][8][gc,age      ] GC(41) - age  10:       3368 bytes,    1268152 total
[2022-06-18T09:36:44.062+0000][8][gc,age      ] GC(41) - age  11:       8072 bytes,    1276224 total
[2022-06-18T09:36:44.062+0000][8][gc,age      ] GC(41) - age  12:      12464 bytes,    1288688 total
[2022-06-18T09:36:44.063+0000][8][gc,age      ] GC(41) - age  13:      12824 bytes,    1301512 total
[2022-06-18T09:36:44.063+0000][8][gc,age      ] GC(41) - age  14:       3128 bytes,    1304640 total
[2022-06-18T09:36:44.064+0000][8][gc,age      ] GC(41) - age  15:      10528 bytes,    1315168 total
[2022-06-18T09:36:44.064+0000][8][gc,heap     ] GC(41) Eden regions: 75->0(75)
[2022-06-18T09:36:44.065+0000][8][gc,heap     ] GC(41) Survivor regions: 1->1(10)
[2022-06-18T09:36:44.065+0000][8][gc,heap     ] GC(41) Old regions: 21->21
[2022-06-18T09:36:44.066+0000][8][gc,heap     ] GC(41) Archive regions: 2->2
[2022-06-18T09:36:44.066+0000][8][gc,heap     ] GC(41) Humongous regions: 0->0
[2022-06-18T09:36:44.067+0000][8][gc,metaspace] GC(41) Metaspace: 125336K(128512K)->125336K(128512K) NonClass: 108828K(110464K)->108828K(110464K) Class: 16507K(18048K)->16507K(18048K)
[2022-06-18T09:36:44.068+0000][8][gc          ] GC(41) Pause Young (Normal) (G1 Evacuation Pause) 387M->88M(512M) 22.914ms
[2022-06-18T09:36:44.068+0000][8][gc,cpu      ] GC(41) User=0.01s Sys=0.01s Real=0.03s
[2022-06-18T09:36:44.069+0000][8][safepoint   ] Safepoint "G1CollectForAllocation", Time since last: 17724794652 ns, Reaching safepoint: 111540 ns, At safepoint: 24167034 ns, Total: 24278574 ns
[2022-06-18T09:36:50.072+0000][8][safepoint   ] Safepoint "Cleanup", Time since last: 6003141688 ns, Reaching safepoint: 92364 ns, At safepoint: 4803 ns, Total: 97167 ns
[2022-06-18T09:36:51.075+0000][8][safepoint   ] Safepoint "Cleanup", Time since last: 1001891527 ns, Reaching safepoint: 443370 ns, At safepoint: 14458 ns, Total: 457828 ns
[2022-06-18T09:36:57.083+0000][8][safepoint   ] Safepoint "Cleanup", Time since last: 6008394878 ns, Reaching safepoint: 148646 ns, At safepoint: 5941 ns, Total: 154587 ns
[2022-06-18T09:37:02.091+0000][8][safepoint   ] Safepoint "Cleanup", Time since last: 5007854575 ns, Reaching safepoint: 387520 ns, At safepoint: 15600 ns, Total: 403120 ns
[2022-06-18T09:37:03.094+0000][8][safepoint   ] Safepoint "Cleanup", Time since last: 1001920534 ns, Reaching safepoint: 313427 ns, At safepoint: 10255 ns, Total: 323682 ns
[2022-06-18T09:37:09.082+0000][8][safepoint   ] Safepoint "Cleanup", Time since last: 6009558138 ns, Reaching safepoint: 311653 ns, At safepoint: 32257 ns, Total: 343910 ns
[2022-06-18T09:37:15.094+0000][8][safepoint   ] Safepoint "Cleanup", Time since last: 6011576399 ns, Reaching safepoint: 455084 ns, At safepoint: 58086 ns, Total: 513170 ns
[2022-06-18T09:37:21.103+0000][8][safepoint   ] Safepoint "Cleanup", Time since last: 6008630267 ns, Reaching safepoint: 321982 ns, At safepoint: 35732 ns, Total: 357714 ns
[2022-06-18T09:37:26.108+0000][8][safepoint   ] Safepoint "Cleanup", Time since last: 5005505216 ns, Reaching safepoint: 132489 ns, At safepoint: 8003 ns, Total: 140492 ns
[2022-06-18T09:37:33.115+0000][8][safepoint   ] Safepoint "Cleanup", Time since last: 7006396909 ns, Reaching safepoint: 333684 ns, At safepoint: 15875 ns, Total: 349559 ns
[2022-06-18T09:37:41.101+0000][8][safepoint   ] Safepoint "Cleanup", Time since last: 8006841855 ns, Reaching safepoint: 137313 ns, At safepoint: 8301 ns, Total: 145614 ns
[2022-06-18T09:38:26.119+0000][8][safepoint   ] Safepoint "Cleanup", Time since last: 45039210861 ns, Reaching safepoint: 349800 ns, At safepoint: 8868 ns, Total: 358668 ns
[2022-06-18T09:38:32.029+0000][8][gc,start    ] GC(42) Pause Young (Normal) (G1 Evacuation Pause)
[2022-06-18T09:38:32.030+0000][8][gc,task     ] GC(42) Using 4 workers of 4 for evacuation
[2022-06-18T09:38:32.031+0000][8][gc,age      ] GC(42) Desired survivor size 20971520 bytes, new threshold 15 (max threshold 15)
[2022-06-18T09:38:32.042+0000][8][gc,phases   ] GC(42)   Pre Evacuate Collection Set: 0.3ms
[2022-06-18T09:38:32.043+0000][8][gc,phases   ] GC(42)   Merge Heap Roots: 0.4ms
[2022-06-18T09:38:32.043+0000][8][gc,phases   ] GC(42)   Evacuate Collection Set: 7.5ms
[2022-06-18T09:38:32.044+0000][8][gc,phases   ] GC(42)   Post Evacuate Collection Set: 1.8ms
[2022-06-18T09:38:32.044+0000][8][gc,phases   ] GC(42)   Other: 1.5ms
[2022-06-18T09:38:32.045+0000][8][gc,age      ] GC(42) Age table with threshold 15 (max threshold 15)
[2022-06-18T09:38:32.046+0000][8][gc,age      ] GC(42) - age   1:    1708968 bytes,    1708968 total
[2022-06-18T09:38:32.046+0000][8][gc,age      ] GC(42) - age   2:      13384 bytes,    1722352 total
[2022-06-18T09:38:32.047+0000][8][gc,age      ] GC(42) - age   3:       7104 bytes,    1729456 total
[2022-06-18T09:38:32.047+0000][8][gc,age      ] GC(42) - age   4:       7896 bytes,    1737352 total
[2022-06-18T09:38:32.048+0000][8][gc,age      ] GC(42) - age   5:       6744 bytes,    1744096 total
[2022-06-18T09:38:32.049+0000][8][gc,age      ] GC(42) - age   6:       2696 bytes,    1746792 total
[2022-06-18T09:38:32.051+0000][8][gc,age      ] GC(42) - age   7:       3008 bytes,    1749800 total
[2022-06-18T09:38:32.051+0000][8][gc,age      ] GC(42) - age   8:       2008 bytes,    1751808 total
[2022-06-18T09:38:32.052+0000][8][gc,age      ] GC(42) - age   9:        688 bytes,    1752496 total
[2022-06-18T09:38:32.052+0000][8][gc,age      ] GC(42) - age  10:       2448 bytes,    1754944 total
[2022-06-18T09:38:32.053+0000][8][gc,age      ] GC(42) - age  11:       3368 bytes,    1758312 total
[2022-06-18T09:38:32.054+0000][8][gc,age      ] GC(42) - age  12:       8072 bytes,    1766384 total
[2022-06-18T09:38:32.054+0000][8][gc,age      ] GC(42) - age  13:      12464 bytes,    1778848 total
[2022-06-18T09:38:32.055+0000][8][gc,age      ] GC(42) - age  14:      12824 bytes,    1791672 total
[2022-06-18T09:38:32.056+0000][8][gc,age      ] GC(42) - age  15:       3128 bytes,    1794800 total
[2022-06-18T09:38:32.057+0000][8][gc,heap     ] GC(42) Eden regions: 75->0(75)
[2022-06-18T09:38:32.057+0000][8][gc,heap     ] GC(42) Survivor regions: 1->1(10)
[2022-06-18T09:38:32.058+0000][8][gc,heap     ] GC(42) Old regions: 21->21
[2022-06-18T09:38:32.059+0000][8][gc,heap     ] GC(42) Archive regions: 2->2
[2022-06-18T09:38:32.059+0000][8][gc,heap     ] GC(42) Humongous regions: 0->0
[2022-06-18T09:38:32.060+0000][8][gc,metaspace] GC(42) Metaspace: 125353K(128512K)->125353K(128512K) NonClass: 108844K(110464K)->108844K(110464K) Class: 16508K(18048K)->16508K(18048K)
[2022-06-18T09:38:32.061+0000][8][gc          ] GC(42) Pause Young (Normal) (G1 Evacuation Pause) 388M->88M(512M) 31.819ms
[2022-06-18T09:38:32.062+0000][8][gc,cpu      ] GC(42) User=0.02s Sys=0.01s Real=0.04s
[2022-06-18T09:38:32.063+0000][8][safepoint   ] Safepoint "G1CollectForAllocation", Time since last: 5909938745 ns, Reaching safepoint: 181093 ns, At safepoint: 33582594 ns, Total: 33763687 ns
[2022-06-18T09:38:34.065+0000][8][safepoint   ] Safepoint "Cleanup", Time since last: 2001941336 ns, Reaching safepoint: 155233 ns, At safepoint: 10987 ns, Total: 166220 ns
[2022-06-18T09:39:09.051+0000][8][safepoint   ] Safepoint "Cleanup", Time since last: 35029473330 ns, Reaching safepoint: 201945 ns, At safepoint: 8934 ns, Total: 210879 ns
[2022-06-18T09:39:20.059+0000][8][safepoint   ] Safepoint "Cleanup", Time since last: 11007578736 ns, Reaching safepoint: 320488 ns, At safepoint: 38907 ns, Total: 359395 ns
[2022-06-18T09:39:21.062+0000][8][safepoint   ] Safepoint "Cleanup", Time since last: 1002470745 ns, Reaching safepoint: 221054 ns, At safepoint: 21144 ns, Total: 242198 ns
[2022-06-18T09:39:33.074+0000][8][safepoint   ] Safepoint "Cleanup", Time since last: 12011947205 ns, Reaching safepoint: 598630 ns, At safepoint: 29183 ns, Total: 627813 ns
[2022-06-18T09:39:34.077+0000][8][safepoint   ] Safepoint "Cleanup", Time since last: 1002223874 ns, Reaching safepoint: 535800 ns, At safepoint: 40525 ns, Total: 576325 ns
[2022-06-18T09:39:42.067+0000][8][safepoint   ] Safepoint "Cleanup", Time since last: 8011243971 ns, Reaching safepoint: 218891 ns, At safepoint: 10785 ns, Total: 229676 ns
[2022-06-18T09:39:44.074+0000][8][safepoint   ] Safepoint "Cleanup", Time since last: 2006594104 ns, Reaching safepoint: 195856 ns, At safepoint: 8618 ns, Total: 204474 ns
[2022-06-18T09:39:45.077+0000][8][safepoint   ] Safepoint "Cleanup", Time since last: 1003048744 ns, Reaching safepoint: 195472 ns, At safepoint: 12695 ns, Total: 208167 ns
[2022-06-18T09:39:47.082+0000][8][safepoint   ] Safepoint "Cleanup", Time since last: 2004721666 ns, Reaching safepoint: 502066 ns, At safepoint: 20330 ns, Total: 522396 ns
[2022-06-18T09:39:50.088+0000][8][safepoint   ] Safepoint "Cleanup", Time since last: 3005607362 ns, Reaching safepoint: 201510 ns, At safepoint: 9921 ns, Total: 211431 ns
[2022-06-18T09:39:51.092+0000][8][safepoint   ] Safepoint "Cleanup", Time since last: 1003550554 ns, Reaching safepoint: 281951 ns, At safepoint: 13620 ns, Total: 295571 ns
[2022-06-18T09:39:57.098+0000][8][safepoint   ] Safepoint "Cleanup", Time since last: 6006157098 ns, Reaching safepoint: 389391 ns, At safepoint: 8881 ns, Total: 398272 ns
[2022-06-18T09:40:02.103+0000][8][safepoint   ] Safepoint "Cleanup", Time since last: 5005140589 ns, Reaching safepoint: 46861 ns, At safepoint: 2226 ns, Total: 49087 ns
[2022-06-18T09:40:14.090+0000][8][safepoint   ] Safepoint "Cleanup", Time since last: 12008839981 ns, Reaching safepoint: 228521 ns, At safepoint: 7096 ns, Total: 235617 ns
[2022-06-18T09:40:15.125+0000][8][safepoint   ] Safepoint "Cleanup", Time since last: 1034806463 ns, Reaching safepoint: 246532 ns, At safepoint: 10683 ns, Total: 257215 ns
[2022-06-18T09:40:25.970+0000][8][gc,start    ] GC(43) Pause Young (Normal) (G1 Evacuation Pause)
[2022-06-18T09:40:25.972+0000][8][gc,task     ] GC(43) Using 4 workers of 4 for evacuation
[2022-06-18T09:40:25.973+0000][8][gc,age      ] GC(43) Desired survivor size 20971520 bytes, new threshold 15 (max threshold 15)
[2022-06-18T09:40:25.998+0000][8][gc,phases   ] GC(43)   Pre Evacuate Collection Set: 0.2ms
[2022-06-18T09:40:25.999+0000][8][gc,phases   ] GC(43)   Merge Heap Roots: 0.1ms
[2022-06-18T09:40:25.999+0000][8][gc,phases   ] GC(43)   Evacuate Collection Set: 18.6ms
[2022-06-18T09:40:26.000+0000][8][gc,phases   ] GC(43)   Post Evacuate Collection Set: 5.2ms
[2022-06-18T09:40:26.001+0000][8][gc,phases   ] GC(43)   Other: 1.9ms
[2022-06-18T09:40:26.002+0000][8][gc,age      ] GC(43) Age table with threshold 15 (max threshold 15)
[2022-06-18T09:40:26.003+0000][8][gc,age      ] GC(43) - age   1:    1107424 bytes,    1107424 total
[2022-06-18T09:40:26.004+0000][8][gc,age      ] GC(43) - age   2:       7208 bytes,    1114632 total
[2022-06-18T09:40:26.005+0000][8][gc,age      ] GC(43) - age   3:      11864 bytes,    1126496 total
[2022-06-18T09:40:26.012+0000][8][gc,age      ] GC(43) - age   4:       6824 bytes,    1133320 total
[2022-06-18T09:40:26.013+0000][8][gc,age      ] GC(43) - age   5:       7896 bytes,    1141216 total
[2022-06-18T09:40:26.015+0000][8][gc,age      ] GC(43) - age   6:       6744 bytes,    1147960 total
[2022-06-18T09:40:26.017+0000][8][gc,age      ] GC(43) - age   7:       2696 bytes,    1150656 total
[2022-06-18T09:40:26.018+0000][8][gc,age      ] GC(43) - age   8:       3008 bytes,    1153664 total
[2022-06-18T09:40:26.019+0000][8][gc,age      ] GC(43) - age   9:       2008 bytes,    1155672 total
[2022-06-18T09:40:26.020+0000][8][gc,age      ] GC(43) - age  10:        688 bytes,    1156360 total
[2022-06-18T09:40:26.020+0000][8][gc,age      ] GC(43) - age  11:       2448 bytes,    1158808 total
[2022-06-18T09:40:26.023+0000][8][gc,age      ] GC(43) - age  12:       3368 bytes,    1162176 total
[2022-06-18T09:40:26.024+0000][8][gc,age      ] GC(43) - age  13:       8072 bytes,    1170248 total
[2022-06-18T09:40:26.025+0000][8][gc,age      ] GC(43) - age  14:      12464 bytes,    1182712 total
[2022-06-18T09:40:26.026+0000][8][gc,age      ] GC(43) - age  15:      12824 bytes,    1195536 total
[2022-06-18T09:40:26.027+0000][8][gc,heap     ] GC(43) Eden regions: 75->0(75)
[2022-06-18T09:40:26.028+0000][8][gc,heap     ] GC(43) Survivor regions: 1->1(10)
[2022-06-18T09:40:26.029+0000][8][gc,heap     ] GC(43) Old regions: 21->21
[2022-06-18T09:40:26.030+0000][8][gc,heap     ] GC(43) Archive regions: 2->2
[2022-06-18T09:40:26.031+0000][8][gc,heap     ] GC(43) Humongous regions: 0->0
[2022-06-18T09:40:26.033+0000][8][gc,metaspace] GC(43) Metaspace: 125382K(128512K)->125382K(128512K) NonClass: 108873K(110464K)->108873K(110464K) Class: 16508K(18048K)->16508K(18048K)
[2022-06-18T09:40:26.034+0000][8][gc          ] GC(43) Pause Young (Normal) (G1 Evacuation Pause) 388M->88M(512M) 63.545ms
[2022-06-18T09:40:26.035+0000][8][gc,cpu      ] GC(43) User=0.04s Sys=0.01s Real=0.07s
[2022-06-18T09:40:26.036+0000][8][safepoint   ] Safepoint "G1CollectForAllocation", Time since last: 10844823065 ns, Reaching safepoint: 78874 ns, At safepoint: 65530192 ns, Total: 65609066 ns
[2022-06-18T09:40:33.044+0000][8][safepoint   ] Safepoint "Cleanup", Time since last: 7007369185 ns, Reaching safepoint: 404963 ns, At safepoint: 37555 ns, Total: 442518 ns
[2022-06-18T09:40:35.047+0000][8][safepoint   ] Safepoint "Cleanup", Time since last: 2003509250 ns, Reaching safepoint: 166144 ns, At safepoint: 30386 ns, Total: 196530 ns
[2022-06-18T09:40:42.033+0000][8][safepoint   ] Safepoint "Cleanup", Time since last: 7006618411 ns, Reaching safepoint: 300764 ns, At safepoint: 41443 ns, Total: 342207 ns
[2022-06-18T09:40:43.037+0000][8][safepoint   ] Safepoint "Cleanup", Time since last: 1002930264 ns, Reaching safepoint: 244754 ns, At safepoint: 18425 ns, Total: 263179 ns
[2022-06-18T09:40:44.039+0000][8][safepoint   ] Safepoint "Cleanup", Time since last: 1002376851 ns, Reaching safepoint: 131169 ns, At safepoint: 3867 ns, Total: 135036 ns
[2022-06-18T09:40:45.041+0000][8][safepoint   ] Safepoint "Cleanup", Time since last: 1001946828 ns, Reaching safepoint: 416275 ns, At safepoint: 22680 ns, Total: 438955 ns
[2022-06-18T09:40:47.046+0000][8][safepoint   ] Safepoint "Cleanup", Time since last: 2004489204 ns, Reaching safepoint: 212772 ns, At safepoint: 9013 ns, Total: 221785 ns
[2022-06-18T09:40:56.057+0000][8][safepoint   ] Safepoint "Cleanup", Time since last: 9010250754 ns, Reaching safepoint: 161383 ns, At safepoint: 31557 ns, Total: 192940 ns
[2022-06-18T09:41:02.062+0000][8][safepoint   ] Safepoint "Cleanup", Time since last: 6005083959 ns, Reaching safepoint: 301098 ns, At safepoint: 18296 ns, Total: 319394 ns
[2022-06-18T09:41:23.058+0000][8][safepoint   ] Safepoint "Cleanup", Time since last: 21018104091 ns, Reaching safepoint: 113151 ns, At safepoint: 4239 ns, Total: 117390 ns
[2022-06-18T09:41:25.063+0000][8][safepoint   ] Safepoint "Cleanup", Time since last: 2003905033 ns, Reaching safepoint: 392149 ns, At safepoint: 29959 ns, Total: 422108 ns
[2022-06-18T09:41:32.074+0000][8][safepoint   ] Safepoint "Cleanup", Time since last: 7011380124 ns, Reaching safepoint: 74208 ns, At safepoint: 3271 ns, Total: 77479 ns
[2022-06-18T09:41:33.076+0000][8][safepoint   ] Safepoint "Cleanup", Time since last: 1001760154 ns, Reaching safepoint: 257956 ns, At safepoint: 19121 ns, Total: 277077 ns
[2022-06-18T09:41:47.067+0000][8][safepoint   ] Safepoint "Cleanup", Time since last: 14012114754 ns, Reaching safepoint: 256951 ns, At safepoint: 16755 ns, Total: 273706 ns
[2022-06-18T09:42:08.609+0000][8][gc,start    ] GC(44) Pause Young (Normal) (G1 Evacuation Pause)
[2022-06-18T09:42:08.614+0000][8][gc,task     ] GC(44) Using 4 workers of 4 for evacuation
[2022-06-18T09:42:08.617+0000][8][gc,age      ] GC(44) Desired survivor size 20971520 bytes, new threshold 15 (max threshold 15)
[2022-06-18T09:42:08.636+0000][8][gc,phases   ] GC(44)   Pre Evacuate Collection Set: 0.4ms
[2022-06-18T09:42:08.638+0000][8][gc,phases   ] GC(44)   Merge Heap Roots: 0.6ms
[2022-06-18T09:42:08.640+0000][8][gc,phases   ] GC(44)   Evacuate Collection Set: 11.7ms
[2022-06-18T09:42:08.642+0000][8][gc,phases   ] GC(44)   Post Evacuate Collection Set: 4.0ms
[2022-06-18T09:42:08.645+0000][8][gc,phases   ] GC(44)   Other: 4.9ms
[2022-06-18T09:42:08.647+0000][8][gc,age      ] GC(44) Age table with threshold 15 (max threshold 15)
[2022-06-18T09:42:08.649+0000][8][gc,age      ] GC(44) - age   1:    1841168 bytes,    1841168 total
[2022-06-18T09:42:08.651+0000][8][gc,age      ] GC(44) - age   2:      12272 bytes,    1853440 total
[2022-06-18T09:42:08.653+0000][8][gc,age      ] GC(44) - age   3:       5184 bytes,    1858624 total
[2022-06-18T09:42:08.655+0000][8][gc,age      ] GC(44) - age   4:       3592 bytes,    1862216 total
[2022-06-18T09:42:08.657+0000][8][gc,age      ] GC(44) - age   5:       6824 bytes,    1869040 total
[2022-06-18T09:42:08.660+0000][8][gc,age      ] GC(44) - age   6:       7808 bytes,    1876848 total
[2022-06-18T09:42:08.662+0000][8][gc,age      ] GC(44) - age   7:       4680 bytes,    1881528 total
[2022-06-18T09:42:08.667+0000][8][gc,age      ] GC(44) - age   8:       2696 bytes,    1884224 total
[2022-06-18T09:42:08.669+0000][8][gc,age      ] GC(44) - age   9:       3008 bytes,    1887232 total
[2022-06-18T09:42:08.671+0000][8][gc,age      ] GC(44) - age  10:       2008 bytes,    1889240 total
[2022-06-18T09:42:08.673+0000][8][gc,age      ] GC(44) - age  11:        688 bytes,    1889928 total
[2022-06-18T09:42:08.677+0000][8][gc,age      ] GC(44) - age  12:       2448 bytes,    1892376 total
[2022-06-18T09:42:08.679+0000][8][gc,age      ] GC(44) - age  13:       3336 bytes,    1895712 total
[2022-06-18T09:42:08.680+0000][8][gc,age      ] GC(44) - age  14:       8072 bytes,    1903784 total
[2022-06-18T09:42:08.682+0000][8][gc,age      ] GC(44) - age  15:      12464 bytes,    1916248 total
[2022-06-18T09:42:08.684+0000][8][gc,heap     ] GC(44) Eden regions: 75->0(75)
[2022-06-18T09:42:08.685+0000][8][gc,heap     ] GC(44) Survivor regions: 1->1(10)
[2022-06-18T09:42:08.687+0000][8][gc,heap     ] GC(44) Old regions: 21->21
[2022-06-18T09:42:08.689+0000][8][gc,heap     ] GC(44) Archive regions: 2->2
[2022-06-18T09:42:08.691+0000][8][gc,heap     ] GC(44) Humongous regions: 0->0
[2022-06-18T09:42:08.692+0000][8][gc,metaspace] GC(44) Metaspace: 125424K(128640K)->125424K(128640K) NonClass: 108915K(110592K)->108915K(110592K) Class: 16509K(18048K)->16509K(18048K)
[2022-06-18T09:42:08.694+0000][8][gc          ] GC(44) Pause Young (Normal) (G1 Evacuation Pause) 388M->89M(512M) 84.670ms
[2022-06-18T09:42:08.697+0000][8][gc,cpu      ] GC(44) User=0.05s Sys=0.01s Real=0.08s
[2022-06-18T09:42:08.699+0000][8][safepoint   ] Safepoint "G1CollectForAllocation", Time since last: 21562253096 ns, Reaching safepoint: 331451 ns, At safepoint: 89468891 ns, Total: 89800342 ns
[2022-06-18T09:42:09.702+0000][8][safepoint   ] Safepoint "Cleanup", Time since last: 1002871852 ns, Reaching safepoint: 221025 ns, At safepoint: 12702 ns, Total: 233727 ns
[2022-06-18T09:42:14.714+0000][8][safepoint   ] Safepoint "Cleanup", Time since last: 5011696567 ns, Reaching safepoint: 526699 ns, At safepoint: 10696 ns, Total: 537395 ns
[2022-06-18T09:42:32.739+0000][8][safepoint   ] Safepoint "Cleanup", Time since last: 18024886645 ns, Reaching safepoint: 351527 ns, At safepoint: 10591 ns, Total: 362118 ns
[2022-06-18T09:42:46.739+0000][8][safepoint   ] Safepoint "Cleanup", Time since last: 14022598268 ns, Reaching safepoint: 496032 ns, At safepoint: 19699 ns, Total: 515731 ns
[2022-06-18T09:42:50.745+0000][8][safepoint   ] Safepoint "Cleanup", Time since last: 4005441315 ns, Reaching safepoint: 230197 ns, At safepoint: 8052 ns, Total: 238249 ns
[2022-06-18T09:43:03.769+0000][8][safepoint   ] Safepoint "Cleanup", Time since last: 13024616416 ns, Reaching safepoint: 92912 ns, At safepoint: 7218 ns, Total: 100130 ns
[2022-06-18T09:43:08.756+0000][8][safepoint   ] Safepoint "Cleanup", Time since last: 5007791232 ns, Reaching safepoint: 158972 ns, At safepoint: 6978 ns, Total: 165950 ns
[2022-06-18T09:43:20.772+0000][8][safepoint   ] Safepoint "Cleanup", Time since last: 12015606579 ns, Reaching safepoint: 146595 ns, At safepoint: 64952 ns, Total: 211547 ns
[2022-06-18T09:43:26.781+0000][8][safepoint   ] Safepoint "Cleanup", Time since last: 6008306525 ns, Reaching safepoint: 395315 ns, At safepoint: 78352 ns, Total: 473667 ns
[2022-06-18T09:43:27.784+0000][8][safepoint   ] Safepoint "Cleanup", Time since last: 1002476733 ns, Reaching safepoint: 115044 ns, At safepoint: 58505 ns, Total: 173549 ns
[2022-06-18T09:43:32.789+0000][8][safepoint   ] Safepoint "Cleanup", Time since last: 5004710796 ns, Reaching safepoint: 95609 ns, At safepoint: 5694 ns, Total: 101303 ns
[2022-06-18T09:43:46.779+0000][8][safepoint   ] Safepoint "Cleanup", Time since last: 14012066344 ns, Reaching safepoint: 270648 ns, At safepoint: 47977 ns, Total: 318625 ns
[2022-06-18T09:43:49.880+0000][8][gc,start    ] GC(45) Pause Young (Normal) (G1 Evacuation Pause)
[2022-06-18T09:43:49.882+0000][8][gc,task     ] GC(45) Using 4 workers of 4 for evacuation
[2022-06-18T09:43:49.882+0000][8][gc,age      ] GC(45) Desired survivor size 20971520 bytes, new threshold 15 (max threshold 15)
[2022-06-18T09:43:49.888+0000][8][gc,phases   ] GC(45)   Pre Evacuate Collection Set: 0.2ms
[2022-06-18T09:43:49.889+0000][8][gc,phases   ] GC(45)   Merge Heap Roots: 0.1ms
[2022-06-18T09:43:49.890+0000][8][gc,phases   ] GC(45)   Evacuate Collection Set: 3.4ms
[2022-06-18T09:43:49.891+0000][8][gc,phases   ] GC(45)   Post Evacuate Collection Set: 1.3ms
[2022-06-18T09:43:49.892+0000][8][gc,phases   ] GC(45)   Other: 1.6ms
[2022-06-18T09:43:49.892+0000][8][gc,age      ] GC(45) Age table with threshold 15 (max threshold 15)
[2022-06-18T09:43:49.892+0000][8][gc,age      ] GC(45) - age   1:    1145320 bytes,    1145320 total
[2022-06-18T09:43:49.893+0000][8][gc,age      ] GC(45) - age   2:       6632 bytes,    1151952 total
[2022-06-18T09:43:49.893+0000][8][gc,age      ] GC(45) - age   3:      10752 bytes,    1162704 total
[2022-06-18T09:43:49.894+0000][8][gc,age      ] GC(45) - age   4:       5120 bytes,    1167824 total
[2022-06-18T09:43:49.894+0000][8][gc,age      ] GC(45) - age   5:       3408 bytes,    1171232 total
[2022-06-18T09:43:49.895+0000][8][gc,age      ] GC(45) - age   6:       6824 bytes,    1178056 total
[2022-06-18T09:43:49.895+0000][8][gc,age      ] GC(45) - age   7:       7808 bytes,    1185864 total
[2022-06-18T09:43:49.896+0000][8][gc,age      ] GC(45) - age   8:       4680 bytes,    1190544 total
[2022-06-18T09:43:49.896+0000][8][gc,age      ] GC(45) - age   9:       2696 bytes,    1193240 total
[2022-06-18T09:43:49.897+0000][8][gc,age      ] GC(45) - age  10:       3008 bytes,    1196248 total
[2022-06-18T09:43:49.897+0000][8][gc,age      ] GC(45) - age  11:       2008 bytes,    1198256 total
[2022-06-18T09:43:49.898+0000][8][gc,age      ] GC(45) - age  12:        688 bytes,    1198944 total
[2022-06-18T09:43:49.898+0000][8][gc,age      ] GC(45) - age  13:       2448 bytes,    1201392 total
[2022-06-18T09:43:49.899+0000][8][gc,age      ] GC(45) - age  14:       3336 bytes,    1204728 total
[2022-06-18T09:43:49.899+0000][8][gc,age      ] GC(45) - age  15:       8072 bytes,    1212800 total
[2022-06-18T09:43:49.900+0000][8][gc,heap     ] GC(45) Eden regions: 75->0(75)
[2022-06-18T09:43:49.900+0000][8][gc,heap     ] GC(45) Survivor regions: 1->1(10)
[2022-06-18T09:43:49.901+0000][8][gc,heap     ] GC(45) Old regions: 21->21
[2022-06-18T09:43:49.901+0000][8][gc,heap     ] GC(45) Archive regions: 2->2
[2022-06-18T09:43:49.902+0000][8][gc,heap     ] GC(45) Humongous regions: 0->0
[2022-06-18T09:43:49.903+0000][8][gc,metaspace] GC(45) Metaspace: 125439K(128640K)->125439K(128640K) NonClass: 108929K(110592K)->108929K(110592K) Class: 16509K(18048K)->16509K(18048K)
[2022-06-18T09:43:49.903+0000][8][gc          ] GC(45) Pause Young (Normal) (G1 Evacuation Pause) 389M->88M(512M) 22.677ms
[2022-06-18T09:43:49.904+0000][8][gc,cpu      ] GC(45) User=0.01s Sys=0.00s Real=0.03s
[2022-06-18T09:43:49.904+0000][8][safepoint   ] Safepoint "G1CollectForAllocation", Time since last: 3100948109 ns, Reaching safepoint: 207921 ns, At safepoint: 23749349 ns, Total: 23957270 ns
[2022-06-18T09:43:50.905+0000][8][safepoint   ] Safepoint "Cleanup", Time since last: 1000713786 ns, Reaching safepoint: 296108 ns, At safepoint: 11496 ns, Total: 307604 ns
[2022-06-18T09:43:53.996+0000][8][safepoint   ] Safepoint "Cleanup", Time since last: 3091056318 ns, Reaching safepoint: 111727 ns, At safepoint: 42699 ns, Total: 154426 ns
[2022-06-18T09:43:54.999+0000][8][safepoint   ] Safepoint "Cleanup", Time since last: 1002066403 ns, Reaching safepoint: 174943 ns, At safepoint: 7789 ns, Total: 182732 ns
[2022-06-18T09:43:56.001+0000][8][safepoint   ] Safepoint "Cleanup", Time since last: 1001784103 ns, Reaching safepoint: 156168 ns, At safepoint: 5083 ns, Total: 161251 ns
[2022-06-18T09:44:02.010+0000][8][safepoint   ] Safepoint "Cleanup", Time since last: 6009643597 ns, Reaching safepoint: 147366 ns, At safepoint: 18469 ns, Total: 165835 ns
[2022-06-18T09:44:05.015+0000][8][safepoint   ] Safepoint "Cleanup", Time since last: 3004308616 ns, Reaching safepoint: 291821 ns, At safepoint: 60625 ns, Total: 352446 ns
[2022-06-18T09:44:08.000+0000][8][safepoint   ] Safepoint "Cleanup", Time since last: 3005854691 ns, Reaching safepoint: 519301 ns, At safepoint: 27000 ns, Total: 546301 ns
[2022-06-18T09:44:15.007+0000][8][safepoint   ] Safepoint "Cleanup", Time since last: 7007303436 ns, Reaching safepoint: 101158 ns, At safepoint: 6008 ns, Total: 107166 ns
[2022-06-18T09:44:20.012+0000][8][safepoint   ] Safepoint "Cleanup", Time since last: 5004709526 ns, Reaching safepoint: 213991 ns, At safepoint: 12223 ns, Total: 226214 ns
[2022-06-18T09:44:35.027+0000][8][safepoint   ] Safepoint "Cleanup", Time since last: 15014408085 ns, Reaching safepoint: 537322 ns, At safepoint: 83685 ns, Total: 621007 ns
[2022-06-18T09:44:38.010+0000][8][safepoint   ] Safepoint "Cleanup", Time since last: 3004469882 ns, Reaching safepoint: 104778 ns, At safepoint: 5174 ns, Total: 109952 ns
[2022-06-18T09:44:41.017+0000][8][safepoint   ] Safepoint "Cleanup", Time since last: 3006239293 ns, Reaching safepoint: 266872 ns, At safepoint: 36694 ns, Total: 303566 ns
[2022-06-18T09:44:44.019+0000][8][safepoint   ] Safepoint "Cleanup", Time since last: 3002692342 ns, Reaching safepoint: 117618 ns, At safepoint: 3209 ns, Total: 120827 ns
[2022-06-18T09:44:47.022+0000][8][safepoint   ] Safepoint "Cleanup", Time since last: 3002445258 ns, Reaching safepoint: 124748 ns, At safepoint: 4303 ns, Total: 129051 ns
[2022-06-18T09:44:57.030+0000][8][safepoint   ] Safepoint "Cleanup", Time since last: 10007815934 ns, Reaching safepoint: 134249 ns, At safepoint: 5650 ns, Total: 139899 ns
[2022-06-18T09:44:59.032+0000][8][safepoint   ] Safepoint "Cleanup", Time since last: 2002223439 ns, Reaching safepoint: 117089 ns, At safepoint: 7360 ns, Total: 124449 ns
[2022-06-18T09:45:02.038+0000][8][safepoint   ] Safepoint "Cleanup", Time since last: 3006082103 ns, Reaching safepoint: 100854 ns, At safepoint: 4140 ns, Total: 104994 ns
[2022-06-18T09:45:03.040+0000][8][safepoint   ] Safepoint "Cleanup", Time since last: 1001581537 ns, Reaching safepoint: 196973 ns, At safepoint: 5023 ns, Total: 201996 ns
[2022-06-18T09:45:21.047+0000][8][safepoint   ] Safepoint "Cleanup", Time since last: 18028618802 ns, Reaching safepoint: 161640 ns, At safepoint: 8682 ns, Total: 170322 ns
[2022-06-18T09:45:28.875+0000][8][gc,start    ] GC(46) Pause Young (Normal) (G1 Evacuation Pause)
[2022-06-18T09:45:28.876+0000][8][gc,task     ] GC(46) Using 4 workers of 4 for evacuation
[2022-06-18T09:45:28.877+0000][8][gc,age      ] GC(46) Desired survivor size 20971520 bytes, new threshold 15 (max threshold 15)
[2022-06-18T09:45:28.887+0000][8][gc,phases   ] GC(46)   Pre Evacuate Collection Set: 0.2ms
[2022-06-18T09:45:28.888+0000][8][gc,phases   ] GC(46)   Merge Heap Roots: 0.1ms
[2022-06-18T09:45:28.889+0000][8][gc,phases   ] GC(46)   Evacuate Collection Set: 6.6ms
[2022-06-18T09:45:28.890+0000][8][gc,phases   ] GC(46)   Post Evacuate Collection Set: 1.7ms
[2022-06-18T09:45:28.891+0000][8][gc,phases   ] GC(46)   Other: 1.9ms
[2022-06-18T09:45:28.892+0000][8][gc,age      ] GC(46) Age table with threshold 15 (max threshold 15)
[2022-06-18T09:45:28.893+0000][8][gc,age      ] GC(46) - age   1:    1069424 bytes,    1069424 total
[2022-06-18T09:45:28.893+0000][8][gc,age      ] GC(46) - age   2:       4008 bytes,    1073432 total
[2022-06-18T09:45:28.894+0000][8][gc,age      ] GC(46) - age   3:       4792 bytes,    1078224 total
[2022-06-18T09:45:28.895+0000][8][gc,age      ] GC(46) - age   4:       2608 bytes,    1080832 total
[2022-06-18T09:45:28.895+0000][8][gc,age      ] GC(46) - age   5:       5120 bytes,    1085952 total
[2022-06-18T09:45:28.897+0000][8][gc,age      ] GC(46) - age   6:       3408 bytes,    1089360 total
[2022-06-18T09:45:28.897+0000][8][gc,age      ] GC(46) - age   7:       6824 bytes,    1096184 total
[2022-06-18T09:45:28.898+0000][8][gc,age      ] GC(46) - age   8:       7624 bytes,    1103808 total
[2022-06-18T09:45:28.899+0000][8][gc,age      ] GC(46) - age   9:       4496 bytes,    1108304 total
[2022-06-18T09:45:28.900+0000][8][gc,age      ] GC(46) - age  10:       2696 bytes,    1111000 total
[2022-06-18T09:45:28.901+0000][8][gc,age      ] GC(46) - age  11:       2904 bytes,    1113904 total
[2022-06-18T09:45:28.902+0000][8][gc,age      ] GC(46) - age  12:       2008 bytes,    1115912 total
[2022-06-18T09:45:28.903+0000][8][gc,age      ] GC(46) - age  13:        688 bytes,    1116600 total
[2022-06-18T09:45:28.904+0000][8][gc,age      ] GC(46) - age  14:       2448 bytes,    1119048 total
[2022-06-18T09:45:28.905+0000][8][gc,age      ] GC(46) - age  15:       3336 bytes,    1122384 total
[2022-06-18T09:45:28.905+0000][8][gc,heap     ] GC(46) Eden regions: 75->0(75)
[2022-06-18T09:45:28.907+0000][8][gc,heap     ] GC(46) Survivor regions: 1->1(10)
[2022-06-18T09:45:28.907+0000][8][gc,heap     ] GC(46) Old regions: 21->21
[2022-06-18T09:45:28.908+0000][8][gc,heap     ] GC(46) Archive regions: 2->2
[2022-06-18T09:45:28.909+0000][8][gc,heap     ] GC(46) Humongous regions: 0->0
[2022-06-18T09:45:28.909+0000][8][gc,metaspace] GC(46) Metaspace: 125477K(128640K)->125477K(128640K) NonClass: 108964K(110592K)->108964K(110592K) Class: 16513K(18048K)->16513K(18048K)
[2022-06-18T09:45:28.910+0000][8][gc          ] GC(46) Pause Young (Normal) (G1 Evacuation Pause) 388M->88M(512M) 35.625ms
[2022-06-18T09:45:28.911+0000][8][gc,cpu      ] GC(46) User=0.03s Sys=0.00s Real=0.04s
[2022-06-18T09:45:28.912+0000][8][safepoint   ] Safepoint "G1CollectForAllocation", Time since last: 7827298709 ns, Reaching safepoint: 159239 ns, At safepoint: 37385362 ns, Total: 37544601 ns
[2022-06-18T09:45:37.901+0000][8][safepoint   ] Safepoint "Cleanup", Time since last: 9010095351 ns, Reaching safepoint: 311933 ns, At safepoint: 33998 ns, Total: 345931 ns
[2022-06-18T09:45:38.903+0000][8][safepoint   ] Safepoint "Cleanup", Time since last: 1001611070 ns, Reaching safepoint: 231086 ns, At safepoint: 8620 ns, Total: 239706 ns
[2022-06-18T09:45:39.346+0000][8][safepoint   ] Safepoint "ICBufferFull", Time since last: 442367164 ns, Reaching safepoint: 240056 ns, At safepoint: 29810 ns, Total: 269866 ns
[2022-06-18T09:45:40.490+0000][8][safepoint   ] Safepoint "Cleanup", Time since last: 1143755412 ns, Reaching safepoint: 364831 ns, At safepoint: 7039 ns, Total: 371870 ns
[2022-06-18T09:45:41.494+0000][8][safepoint   ] Safepoint "Cleanup", Time since last: 1003614450 ns, Reaching safepoint: 400051 ns, At safepoint: 18542 ns, Total: 418593 ns
[2022-06-18T09:45:42.500+0000][8][safepoint   ] Safepoint "Cleanup", Time since last: 1005789410 ns, Reaching safepoint: 136904 ns, At safepoint: 6869 ns, Total: 143773 ns
[2022-06-18T09:45:44.505+0000][8][safepoint   ] Safepoint "Cleanup", Time since last: 2004932617 ns, Reaching safepoint: 269573 ns, At safepoint: 10773 ns, Total: 280346 ns
[2022-06-18T09:45:46.510+0000][8][safepoint   ] Safepoint "Cleanup", Time since last: 2004676883 ns, Reaching safepoint: 172396 ns, At safepoint: 10277 ns, Total: 182673 ns
[2022-06-18T09:45:47.513+0000][8][safepoint   ] Safepoint "Cleanup", Time since last: 1003178689 ns, Reaching safepoint: 189459 ns, At safepoint: 9303 ns, Total: 198762 ns
[2022-06-18T09:45:56.519+0000][8][safepoint   ] Safepoint "Cleanup", Time since last: 9005623859 ns, Reaching safepoint: 291019 ns, At safepoint: 16733 ns, Total: 307752 ns
[2022-06-18T09:45:59.525+0000][8][safepoint   ] Safepoint "Cleanup", Time since last: 3004788505 ns, Reaching safepoint: 408973 ns, At safepoint: 118754 ns, Total: 527727 ns
[2022-06-18T09:46:05.533+0000][8][safepoint   ] Safepoint "Cleanup", Time since last: 6008531418 ns, Reaching safepoint: 209476 ns, At safepoint: 10210 ns, Total: 219686 ns
[2022-06-18T09:46:08.519+0000][8][safepoint   ] Safepoint "Cleanup", Time since last: 3005671625 ns, Reaching safepoint: 121720 ns, At safepoint: 5950 ns, Total: 127670 ns
[2022-06-18T09:46:20.530+0000][8][safepoint   ] Safepoint "Cleanup", Time since last: 12011058971 ns, Reaching safepoint: 157519 ns, At safepoint: 5691 ns, Total: 163210 ns
[2022-06-18T09:46:26.537+0000][8][safepoint   ] Safepoint "Cleanup", Time since last: 6006452420 ns, Reaching safepoint: 287362 ns, At safepoint: 26312 ns, Total: 313674 ns
[2022-06-18T09:46:27.539+0000][8][safepoint   ] Safepoint "Cleanup", Time since last: 1001580026 ns, Reaching safepoint: 119169 ns, At safepoint: 5386 ns, Total: 124555 ns
[2022-06-18T09:46:38.520+0000][8][safepoint   ] Safepoint "Cleanup", Time since last: 11004852789 ns, Reaching safepoint: 82540 ns, At safepoint: 4181 ns, Total: 86721 ns
[2022-06-18T09:46:46.525+0000][8][safepoint   ] Safepoint "Cleanup", Time since last: 8004770769 ns, Reaching safepoint: 116552 ns, At safepoint: 4773 ns, Total: 121325 ns
[2022-06-18T09:47:04.802+0000][8][safepoint   ] Safepoint "Cleanup", Time since last: 18276010175 ns, Reaching safepoint: 179302 ns, At safepoint: 16037 ns, Total: 195339 ns
[2022-06-18T09:47:07.792+0000][8][gc,start    ] GC(47) Pause Young (Normal) (G1 Evacuation Pause)
[2022-06-18T09:47:07.795+0000][8][gc,task     ] GC(47) Using 4 workers of 4 for evacuation
[2022-06-18T09:47:07.797+0000][8][gc,age      ] GC(47) Desired survivor size 20971520 bytes, new threshold 15 (max threshold 15)
[2022-06-18T09:47:07.814+0000][8][gc,phases   ] GC(47)   Pre Evacuate Collection Set: 0.1ms
[2022-06-18T09:47:07.815+0000][8][gc,phases   ] GC(47)   Merge Heap Roots: 0.1ms
[2022-06-18T09:47:07.816+0000][8][gc,phases   ] GC(47)   Evacuate Collection Set: 12.8ms
[2022-06-18T09:47:07.816+0000][8][gc,phases   ] GC(47)   Post Evacuate Collection Set: 2.7ms
[2022-06-18T09:47:07.817+0000][8][gc,phases   ] GC(47)   Other: 2.9ms
[2022-06-18T09:47:07.818+0000][8][gc,age      ] GC(47) Age table with threshold 15 (max threshold 15)
[2022-06-18T09:47:07.818+0000][8][gc,age      ] GC(47) - age   1:    1743920 bytes,    1743920 total
[2022-06-18T09:47:07.819+0000][8][gc,age      ] GC(47) - age   2:     304728 bytes,    2048648 total
[2022-06-18T09:47:07.820+0000][8][gc,age      ] GC(47) - age   3:       2984 bytes,    2051632 total
[2022-06-18T09:47:07.821+0000][8][gc,age      ] GC(47) - age   4:       4224 bytes,    2055856 total
[2022-06-18T09:47:07.822+0000][8][gc,age      ] GC(47) - age   5:       2608 bytes,    2058464 total
[2022-06-18T09:47:07.823+0000][8][gc,age      ] GC(47) - age   6:       4936 bytes,    2063400 total
[2022-06-18T09:47:07.824+0000][8][gc,age      ] GC(47) - age   7:       3408 bytes,    2066808 total
[2022-06-18T09:47:07.824+0000][8][gc,age      ] GC(47) - age   8:       6704 bytes,    2073512 total
[2022-06-18T09:47:07.825+0000][8][gc,age      ] GC(47) - age   9:       7608 bytes,    2081120 total
[2022-06-18T09:47:07.826+0000][8][gc,age      ] GC(47) - age  10:       4256 bytes,    2085376 total
[2022-06-18T09:47:07.828+0000][8][gc,age      ] GC(47) - age  11:       2696 bytes,    2088072 total
[2022-06-18T09:47:07.829+0000][8][gc,age      ] GC(47) - age  12:       2904 bytes,    2090976 total
[2022-06-18T09:47:07.830+0000][8][gc,age      ] GC(47) - age  13:       2008 bytes,    2092984 total
[2022-06-18T09:47:07.831+0000][8][gc,age      ] GC(47) - age  14:        688 bytes,    2093672 total
[2022-06-18T09:47:07.831+0000][8][gc,age      ] GC(47) - age  15:       2448 bytes,    2096120 total
[2022-06-18T09:47:07.832+0000][8][gc,heap     ] GC(47) Eden regions: 75->0(75)
[2022-06-18T09:47:07.832+0000][8][gc,heap     ] GC(47) Survivor regions: 1->1(10)
[2022-06-18T09:47:07.833+0000][8][gc,heap     ] GC(47) Old regions: 21->21
[2022-06-18T09:47:07.834+0000][8][gc,heap     ] GC(47) Archive regions: 2->2
[2022-06-18T09:47:07.834+0000][8][gc,heap     ] GC(47) Humongous regions: 0->0
[2022-06-18T09:47:07.835+0000][8][gc,metaspace] GC(47) Metaspace: 125857K(129024K)->125857K(129024K) NonClass: 109273K(110912K)->109273K(110912K) Class: 16583K(18112K)->16583K(18112K)
[2022-06-18T09:47:07.835+0000][8][gc          ] GC(47) Pause Young (Normal) (G1 Evacuation Pause) 388M->89M(512M) 43.339ms
[2022-06-18T09:47:07.836+0000][8][gc,cpu      ] GC(47) User=0.03s Sys=0.00s Real=0.04s
[2022-06-18T09:47:07.837+0000][8][safepoint   ] Safepoint "G1CollectForAllocation", Time since last: 3012940702 ns, Reaching safepoint: 66423 ns, At safepoint: 45168004 ns, Total: 45234427 ns
[2022-06-18T09:47:08.838+0000][8][safepoint   ] Safepoint "Cleanup", Time since last: 1001044829 ns, Reaching safepoint: 153612 ns, At safepoint: 7588 ns, Total: 161200 ns
[2022-06-18T09:47:10.841+0000][8][safepoint   ] Safepoint "Cleanup", Time since last: 2002406413 ns, Reaching safepoint: 127899 ns, At safepoint: 8028 ns, Total: 135927 ns
[2022-06-18T09:47:13.845+0000][8][safepoint   ] Safepoint "Cleanup", Time since last: 3004342877 ns, Reaching safepoint: 225236 ns, At safepoint: 12424 ns, Total: 237660 ns
[2022-06-18T09:47:40.851+0000][8][safepoint   ] Safepoint "Cleanup", Time since last: 27025486408 ns, Reaching safepoint: 433137 ns, At safepoint: 23851 ns, Total: 456988 ns
[2022-06-18T09:47:43.857+0000][8][safepoint   ] Safepoint "Cleanup", Time since last: 3006065386 ns, Reaching safepoint: 447286 ns, At safepoint: 31421 ns, Total: 478707 ns
[2022-06-18T09:47:56.867+0000][8][safepoint   ] Safepoint "Cleanup", Time since last: 13009903848 ns, Reaching safepoint: 148824 ns, At safepoint: 8401 ns, Total: 157225 ns
[2022-06-18T09:48:02.873+0000][8][safepoint   ] Safepoint "Cleanup", Time since last: 6005711623 ns, Reaching safepoint: 162733 ns, At safepoint: 11669 ns, Total: 174402 ns
[2022-06-18T09:48:04.880+0000][8][safepoint   ] Safepoint "Cleanup", Time since last: 2006599954 ns, Reaching safepoint: 117468 ns, At safepoint: 7624 ns, Total: 125092 ns
[2022-06-18T09:48:05.883+0000][8][safepoint   ] Safepoint "Cleanup", Time since last: 1002583274 ns, Reaching safepoint: 164841 ns, At safepoint: 12404 ns, Total: 177245 ns
[2022-06-18T09:48:07.865+0000][8][safepoint   ] Safepoint "Cleanup", Time since last: 2003629247 ns, Reaching safepoint: 143870 ns, At safepoint: 18756 ns, Total: 162626 ns
[2022-06-18T09:48:19.889+0000][8][safepoint   ] Safepoint "Cleanup", Time since last: 12023363407 ns, Reaching safepoint: 748064 ns, At safepoint: 12521 ns, Total: 760585 ns
[2022-06-18T09:48:20.896+0000][8][safepoint   ] Safepoint "Cleanup", Time since last: 1006696041 ns, Reaching safepoint: 174612 ns, At safepoint: 9257 ns, Total: 183869 ns
[2022-06-18T09:48:25.906+0000][8][safepoint   ] Safepoint "Cleanup", Time since last: 5010330888 ns, Reaching safepoint: 168421 ns, At safepoint: 9845 ns, Total: 178266 ns
[2022-06-18T09:48:35.916+0000][8][safepoint   ] Safepoint "Cleanup", Time since last: 10009351304 ns, Reaching safepoint: 224124 ns, At safepoint: 10138 ns, Total: 234262 ns
[2022-06-18T09:48:37.898+0000][8][safepoint   ] Safepoint "Cleanup", Time since last: 2003535624 ns, Reaching safepoint: 157707 ns, At safepoint: 9941 ns, Total: 167648 ns
[2022-06-18T09:48:46.207+0000][8][safepoint   ] Safepoint "Cleanup", Time since last: 8308584658 ns, Reaching safepoint: 291969 ns, At safepoint: 14742 ns, Total: 306711 ns
[2022-06-18T09:48:55.772+0000][8][gc,start    ] GC(48) Pause Young (Normal) (G1 Evacuation Pause)
[2022-06-18T09:48:55.774+0000][8][gc,task     ] GC(48) Using 4 workers of 4 for evacuation
[2022-06-18T09:48:55.775+0000][8][gc,age      ] GC(48) Desired survivor size 20971520 bytes, new threshold 15 (max threshold 15)
[2022-06-18T09:48:55.787+0000][8][gc,phases   ] GC(48)   Pre Evacuate Collection Set: 0.3ms
[2022-06-18T09:48:55.788+0000][8][gc,phases   ] GC(48)   Merge Heap Roots: 0.2ms
[2022-06-18T09:48:55.789+0000][8][gc,phases   ] GC(48)   Evacuate Collection Set: 7.5ms
[2022-06-18T09:48:55.789+0000][8][gc,phases   ] GC(48)   Post Evacuate Collection Set: 3.5ms
[2022-06-18T09:48:55.790+0000][8][gc,phases   ] GC(48)   Other: 1.8ms
[2022-06-18T09:48:55.790+0000][8][gc,age      ] GC(48) Age table with threshold 15 (max threshold 15)
[2022-06-18T09:48:55.791+0000][8][gc,age      ] GC(48) - age   1:     334336 bytes,     334336 total
[2022-06-18T09:48:55.791+0000][8][gc,age      ] GC(48) - age   2:     544472 bytes,     878808 total
[2022-06-18T09:48:55.792+0000][8][gc,age      ] GC(48) - age   3:     296328 bytes,    1175136 total
[2022-06-18T09:48:55.792+0000][8][gc,age      ] GC(48) - age   4:       2800 bytes,    1177936 total
[2022-06-18T09:48:55.793+0000][8][gc,age      ] GC(48) - age   5:       4224 bytes,    1182160 total
[2022-06-18T09:48:55.794+0000][8][gc,age      ] GC(48) - age   6:       2608 bytes,    1184768 total
[2022-06-18T09:48:55.794+0000][8][gc,age      ] GC(48) - age   7:       4936 bytes,    1189704 total
[2022-06-18T09:48:55.795+0000][8][gc,age      ] GC(48) - age   8:       3408 bytes,    1193112 total
[2022-06-18T09:48:55.796+0000][8][gc,age      ] GC(48) - age   9:       6704 bytes,    1199816 total
[2022-06-18T09:48:55.797+0000][8][gc,age      ] GC(48) - age  10:       7608 bytes,    1207424 total
[2022-06-18T09:48:55.797+0000][8][gc,age      ] GC(48) - age  11:       4256 bytes,    1211680 total
[2022-06-18T09:48:55.798+0000][8][gc,age      ] GC(48) - age  12:       2696 bytes,    1214376 total
[2022-06-18T09:48:55.798+0000][8][gc,age      ] GC(48) - age  13:       2904 bytes,    1217280 total
[2022-06-18T09:48:55.799+0000][8][gc,age      ] GC(48) - age  14:       2008 bytes,    1219288 total
[2022-06-18T09:48:55.800+0000][8][gc,age      ] GC(48) - age  15:        688 bytes,    1219976 total
[2022-06-18T09:48:55.801+0000][8][gc,heap     ] GC(48) Eden regions: 75->0(75)
[2022-06-18T09:48:55.801+0000][8][gc,heap     ] GC(48) Survivor regions: 1->1(10)
[2022-06-18T09:48:55.802+0000][8][gc,heap     ] GC(48) Old regions: 21->21
[2022-06-18T09:48:55.802+0000][8][gc,heap     ] GC(48) Archive regions: 2->2
[2022-06-18T09:48:55.803+0000][8][gc,heap     ] GC(48) Humongous regions: 0->0
[2022-06-18T09:48:55.804+0000][8][gc,metaspace] GC(48) Metaspace: 125860K(129024K)->125860K(129024K) NonClass: 109277K(110912K)->109277K(110912K) Class: 16583K(18112K)->16583K(18112K)
[2022-06-18T09:48:55.804+0000][8][gc          ] GC(48) Pause Young (Normal) (G1 Evacuation Pause) 389M->88M(512M) 31.993ms
[2022-06-18T09:48:55.805+0000][8][gc,cpu      ] GC(48) User=0.04s Sys=0.00s Real=0.03s
[2022-06-18T09:48:55.805+0000][8][safepoint   ] Safepoint "G1CollectForAllocation", Time since last: 9564712943 ns, Reaching safepoint: 133868 ns, At safepoint: 33506132 ns, Total: 33640000 ns
[2022-06-18T09:48:57.757+0000][8][safepoint   ] Safepoint "Cleanup", Time since last: 1951189523 ns, Reaching safepoint: 268284 ns, At safepoint: 8727 ns, Total: 277011 ns
[2022-06-18T09:48:58.773+0000][8][safepoint   ] Safepoint "Cleanup", Time since last: 1016558524 ns, Reaching safepoint: 84012 ns, At safepoint: 2840 ns, Total: 86852 ns
[2022-06-18T09:49:01.782+0000][8][safepoint   ] Safepoint "Cleanup", Time since last: 3004076175 ns, Reaching safepoint: 4341546 ns, At safepoint: 18176 ns, Total: 4359722 ns
[2022-06-18T09:49:03.383+0000][8][safepoint   ] Safepoint "Cleanup", Time since last: 1601146076 ns, Reaching safepoint: 249100 ns, At safepoint: 17068 ns, Total: 266168 ns
[2022-06-18T09:49:08.372+0000][8][safepoint   ] Safepoint "Cleanup", Time since last: 5010288018 ns, Reaching safepoint: 88071 ns, At safepoint: 3825 ns, Total: 91896 ns
[2022-06-18T09:49:10.379+0000][8][safepoint   ] Safepoint "Cleanup", Time since last: 2006337322 ns, Reaching safepoint: 239891 ns, At safepoint: 15495 ns, Total: 255386 ns
[2022-06-18T09:49:14.384+0000][8][safepoint   ] Safepoint "Cleanup", Time since last: 4005773389 ns, Reaching safepoint: 105568 ns, At safepoint: 5614 ns, Total: 111182 ns
[2022-06-18T09:49:20.390+0000][8][safepoint   ] Safepoint "Cleanup", Time since last: 6005000547 ns, Reaching safepoint: 177379 ns, At safepoint: 11101 ns, Total: 188480 ns
[2022-06-18T09:49:32.402+0000][8][safepoint   ] Safepoint "Cleanup", Time since last: 12011825389 ns, Reaching safepoint: 100800 ns, At safepoint: 5724 ns, Total: 106524 ns
[2022-06-18T09:49:47.407+0000][8][safepoint   ] Safepoint "Cleanup", Time since last: 15027064129 ns, Reaching safepoint: 115994 ns, At safepoint: 6010 ns, Total: 122004 ns
[2022-06-18T09:49:57.423+0000][8][safepoint   ] Safepoint "Cleanup", Time since last: 10015177596 ns, Reaching safepoint: 119603 ns, At safepoint: 6947 ns, Total: 126550 ns
[2022-06-18T09:50:11.411+0000][8][safepoint   ] Safepoint "Cleanup", Time since last: 14011245815 ns, Reaching safepoint: 162398 ns, At safepoint: 7810 ns, Total: 170208 ns
[2022-06-18T09:50:14.414+0000][8][safepoint   ] Safepoint "Cleanup", Time since last: 3002489353 ns, Reaching safepoint: 285150 ns, At safepoint: 9199 ns, Total: 294349 ns
[2022-06-18T09:50:33.426+0000][8][safepoint   ] Safepoint "Cleanup", Time since last: 19012099196 ns, Reaching safepoint: 143883 ns, At safepoint: 5968 ns, Total: 149851 ns
[2022-06-18T09:50:34.429+0000][8][safepoint   ] Safepoint "Cleanup", Time since last: 1002861131 ns, Reaching safepoint: 93825 ns, At safepoint: 27554 ns, Total: 121379 ns
[2022-06-18T09:50:38.411+0000][8][safepoint   ] Safepoint "Cleanup", Time since last: 4003648612 ns, Reaching safepoint: 113050 ns, At safepoint: 5913 ns, Total: 118963 ns
[2022-06-18T09:50:46.423+0000][8][safepoint   ] Safepoint "Cleanup", Time since last: 8010888445 ns, Reaching safepoint: 232397 ns, At safepoint: 31606 ns, Total: 264003 ns
[2022-06-18T09:50:46.705+0000][8][gc,start    ] GC(49) Pause Young (Normal) (G1 Evacuation Pause)
[2022-06-18T09:50:46.707+0000][8][gc,task     ] GC(49) Using 4 workers of 4 for evacuation
[2022-06-18T09:50:46.707+0000][8][gc,age      ] GC(49) Desired survivor size 20971520 bytes, new threshold 15 (max threshold 15)
[2022-06-18T09:50:46.714+0000][8][gc,phases   ] GC(49)   Pre Evacuate Collection Set: 0.2ms
[2022-06-18T09:50:46.715+0000][8][gc,phases   ] GC(49)   Merge Heap Roots: 0.1ms
[2022-06-18T09:50:46.715+0000][8][gc,phases   ] GC(49)   Evacuate Collection Set: 4.5ms
[2022-06-18T09:50:46.716+0000][8][gc,phases   ] GC(49)   Post Evacuate Collection Set: 1.1ms
[2022-06-18T09:50:46.717+0000][8][gc,phases   ] GC(49)   Other: 1.4ms
[2022-06-18T09:50:46.717+0000][8][gc,age      ] GC(49) Age table with threshold 15 (max threshold 15)
[2022-06-18T09:50:46.718+0000][8][gc,age      ] GC(49) - age   1:    1015136 bytes,    1015136 total
[2022-06-18T09:50:46.718+0000][8][gc,age      ] GC(49) - age   2:       9024 bytes,    1024160 total
[2022-06-18T09:50:46.719+0000][8][gc,age      ] GC(49) - age   3:     537280 bytes,    1561440 total
[2022-06-18T09:50:46.720+0000][8][gc,age      ] GC(49) - age   4:      49520 bytes,    1610960 total
[2022-06-18T09:50:46.720+0000][8][gc,age      ] GC(49) - age   5:       2800 bytes,    1613760 total
[2022-06-18T09:50:46.721+0000][8][gc,age      ] GC(49) - age   6:       2368 bytes,    1616128 total
[2022-06-18T09:50:46.721+0000][8][gc,age      ] GC(49) - age   7:       2608 bytes,    1618736 total
[2022-06-18T09:50:46.722+0000][8][gc,age      ] GC(49) - age   8:       4936 bytes,    1623672 total
[2022-06-18T09:50:46.722+0000][8][gc,age      ] GC(49) - age   9:       3408 bytes,    1627080 total
[2022-06-18T09:50:46.723+0000][8][gc,age      ] GC(49) - age  10:       6704 bytes,    1633784 total
[2022-06-18T09:50:46.723+0000][8][gc,age      ] GC(49) - age  11:       7608 bytes,    1641392 total
[2022-06-18T09:50:46.724+0000][8][gc,age      ] GC(49) - age  12:       4256 bytes,    1645648 total
[2022-06-18T09:50:46.724+0000][8][gc,age      ] GC(49) - age  13:       2696 bytes,    1648344 total
[2022-06-18T09:50:46.725+0000][8][gc,age      ] GC(49) - age  14:       2720 bytes,    1651064 total
[2022-06-18T09:50:46.725+0000][8][gc,age      ] GC(49) - age  15:       2008 bytes,    1653072 total
[2022-06-18T09:50:46.726+0000][8][gc,heap     ] GC(49) Eden regions: 75->0(75)
[2022-06-18T09:50:46.726+0000][8][gc,heap     ] GC(49) Survivor regions: 1->1(10)
[2022-06-18T09:50:46.727+0000][8][gc,heap     ] GC(49) Old regions: 21->21
[2022-06-18T09:50:46.727+0000][8][gc,heap     ] GC(49) Archive regions: 2->2
[2022-06-18T09:50:46.728+0000][8][gc,heap     ] GC(49) Humongous regions: 0->0
[2022-06-18T09:50:46.728+0000][8][gc,metaspace] GC(49) Metaspace: 125888K(129088K)->125888K(129088K) NonClass: 109303K(110976K)->109303K(110976K) Class: 16584K(18112K)->16584K(18112K)
[2022-06-18T09:50:46.729+0000][8][gc          ] GC(49) Pause Young (Normal) (G1 Evacuation Pause) 388M->88M(512M) 24.131ms
[2022-06-18T09:50:46.730+0000][8][gc,cpu      ] GC(49) User=0.01s Sys=0.00s Real=0.03s
[2022-06-18T09:50:46.730+0000][8][safepoint   ] Safepoint "G1CollectForAllocation", Time since last: 282144092 ns, Reaching safepoint: 65777 ns, At safepoint: 25297282 ns, Total: 25363059 ns
[2022-06-18T09:50:56.738+0000][8][safepoint   ] Safepoint "Cleanup", Time since last: 10007951314 ns, Reaching safepoint: 363473 ns, At safepoint: 23045 ns, Total: 386518 ns
[2022-06-18T09:51:08.728+0000][8][safepoint   ] Safepoint "Cleanup", Time since last: 12010211410 ns, Reaching safepoint: 226439 ns, At safepoint: 9118 ns, Total: 235557 ns
[2022-06-18T09:51:17.737+0000][8][safepoint   ] Safepoint "Cleanup", Time since last: 9008299451 ns, Reaching safepoint: 223701 ns, At safepoint: 8787 ns, Total: 232488 ns
[2022-06-18T09:51:44.731+0000][8][safepoint   ] Safepoint "Cleanup", Time since last: 27016128766 ns, Reaching safepoint: 304556 ns, At safepoint: 29796 ns, Total: 334352 ns
[2022-06-18T09:51:46.738+0000][8][safepoint   ] Safepoint "Cleanup", Time since last: 2006696476 ns, Reaching safepoint: 315535 ns, At safepoint: 6724 ns, Total: 322259 ns
[2022-06-18T09:51:52.778+0000][8][safepoint   ] Safepoint "Cleanup", Time since last: 6039270787 ns, Reaching safepoint: 431114 ns, At safepoint: 19657 ns, Total: 450771 ns
[2022-06-18T09:51:53.780+0000][8][safepoint   ] Safepoint "Cleanup", Time since last: 1001599064 ns, Reaching safepoint: 266559 ns, At safepoint: 34157 ns, Total: 300716 ns
[2022-06-18T09:52:01.787+0000][8][safepoint   ] Safepoint "Cleanup", Time since last: 8006310597 ns, Reaching safepoint: 353013 ns, At safepoint: 16711 ns, Total: 369724 ns
[2022-06-18T09:52:20.780+0000][8][safepoint   ] Safepoint "Cleanup", Time since last: 19019532190 ns, Reaching safepoint: 177686 ns, At safepoint: 4298 ns, Total: 181984 ns
[2022-06-18T09:52:22.741+0000][8][gc,start    ] GC(50) Pause Young (Normal) (G1 Evacuation Pause)
[2022-06-18T09:52:22.743+0000][8][gc,task     ] GC(50) Using 4 workers of 4 for evacuation
[2022-06-18T09:52:22.744+0000][8][gc,age      ] GC(50) Desired survivor size 20971520 bytes, new threshold 15 (max threshold 15)
[2022-06-18T09:52:22.753+0000][8][gc,phases   ] GC(50)   Pre Evacuate Collection Set: 0.2ms
[2022-06-18T09:52:22.754+0000][8][gc,phases   ] GC(50)   Merge Heap Roots: 0.1ms
[2022-06-18T09:52:22.755+0000][8][gc,phases   ] GC(50)   Evacuate Collection Set: 6.1ms
[2022-06-18T09:52:22.756+0000][8][gc,phases   ] GC(50)   Post Evacuate Collection Set: 1.8ms
[2022-06-18T09:52:22.757+0000][8][gc,phases   ] GC(50)   Other: 2.1ms
[2022-06-18T09:52:22.757+0000][8][gc,age      ] GC(50) Age table with threshold 15 (max threshold 15)
[2022-06-18T09:52:22.758+0000][8][gc,age      ] GC(50) - age   1:     779904 bytes,     779904 total
[2022-06-18T09:52:22.759+0000][8][gc,age      ] GC(50) - age   2:      63568 bytes,     843472 total
[2022-06-18T09:52:22.759+0000][8][gc,age      ] GC(50) - age   3:       8408 bytes,     851880 total
[2022-06-18T09:52:22.760+0000][8][gc,age      ] GC(50) - age   4:     537008 bytes,    1388888 total
[2022-06-18T09:52:22.761+0000][8][gc,age      ] GC(50) - age   5:      49520 bytes,    1438408 total
[2022-06-18T09:52:22.762+0000][8][gc,age      ] GC(50) - age   6:       2496 bytes,    1440904 total
[2022-06-18T09:52:22.763+0000][8][gc,age      ] GC(50) - age   7:       2368 bytes,    1443272 total
[2022-06-18T09:52:22.764+0000][8][gc,age      ] GC(50) - age   8:       2608 bytes,    1445880 total
[2022-06-18T09:52:22.765+0000][8][gc,age      ] GC(50) - age   9:       4936 bytes,    1450816 total
[2022-06-18T09:52:22.766+0000][8][gc,age      ] GC(50) - age  10:       3408 bytes,    1454224 total
[2022-06-18T09:52:22.767+0000][8][gc,age      ] GC(50) - age  11:       6704 bytes,    1460928 total
[2022-06-18T09:52:22.768+0000][8][gc,age      ] GC(50) - age  12:       7224 bytes,    1468152 total
[2022-06-18T09:52:22.770+0000][8][gc,age      ] GC(50) - age  13:       4256 bytes,    1472408 total
[2022-06-18T09:52:22.772+0000][8][gc,age      ] GC(50) - age  14:       2696 bytes,    1475104 total
[2022-06-18T09:52:22.773+0000][8][gc,age      ] GC(50) - age  15:       2720 bytes,    1477824 total
[2022-06-18T09:52:22.774+0000][8][gc,heap     ] GC(50) Eden regions: 75->0(75)
[2022-06-18T09:52:22.775+0000][8][gc,heap     ] GC(50) Survivor regions: 1->1(10)
[2022-06-18T09:52:22.777+0000][8][gc,heap     ] GC(50) Old regions: 21->21
[2022-06-18T09:52:22.777+0000][8][gc,heap     ] GC(50) Archive regions: 2->2
[2022-06-18T09:52:22.778+0000][8][gc,heap     ] GC(50) Humongous regions: 0->0
[2022-06-18T09:52:22.779+0000][8][gc,metaspace] GC(50) Metaspace: 125897K(129088K)->125897K(129088K) NonClass: 109311K(110976K)->109311K(110976K) Class: 16585K(18112K)->16585K(18112K)
[2022-06-18T09:52:22.782+0000][8][gc          ] GC(50) Pause Young (Normal) (G1 Evacuation Pause) 388M->88M(512M) 40.465ms
[2022-06-18T09:52:22.783+0000][8][gc,cpu      ] GC(50) User=0.02s Sys=0.00s Real=0.04s
[2022-06-18T09:52:22.784+0000][8][safepoint   ] Safepoint "G1CollectForAllocation", Time since last: 1961352122 ns, Reaching safepoint: 133343 ns, At safepoint: 42442082 ns, Total: 42575425 ns
[2022-06-18T09:52:46.783+0000][8][safepoint   ] Safepoint "Cleanup", Time since last: 24016213652 ns, Reaching safepoint: 549885 ns, At safepoint: 10662 ns, Total: 560547 ns
[2022-06-18T09:52:55.797+0000][8][safepoint   ] Safepoint "Cleanup", Time since last: 9013534763 ns, Reaching safepoint: 138817 ns, At safepoint: 6509 ns, Total: 145326 ns
[2022-06-18T09:52:58.802+0000][8][safepoint   ] Safepoint "Cleanup", Time since last: 3005001535 ns, Reaching safepoint: 170866 ns, At safepoint: 10643 ns, Total: 181509 ns
[2022-06-18T09:53:31.805+0000][8][safepoint   ] Safepoint "Cleanup", Time since last: 33024472279 ns, Reaching safepoint: 139299 ns, At safepoint: 8290 ns, Total: 147589 ns
[2022-06-18T09:53:46.795+0000][8][safepoint   ] Safepoint "Cleanup", Time since last: 15011021687 ns, Reaching safepoint: 398913 ns, At safepoint: 36171 ns, Total: 435084 ns
[2022-06-18T09:53:52.696+0000][8][gc,start    ] GC(51) Pause Young (Normal) (G1 Evacuation Pause)
[2022-06-18T09:53:52.698+0000][8][gc,task     ] GC(51) Using 4 workers of 4 for evacuation
[2022-06-18T09:53:52.699+0000][8][gc,age      ] GC(51) Desired survivor size 20971520 bytes, new threshold 15 (max threshold 15)
[2022-06-18T09:53:52.703+0000][8][gc,phases   ] GC(51)   Pre Evacuate Collection Set: 0.1ms
[2022-06-18T09:53:52.703+0000][8][gc,phases   ] GC(51)   Merge Heap Roots: 0.2ms
[2022-06-18T09:53:52.704+0000][8][gc,phases   ] GC(51)   Evacuate Collection Set: 2.0ms
[2022-06-18T09:53:52.704+0000][8][gc,phases   ] GC(51)   Post Evacuate Collection Set: 1.1ms
[2022-06-18T09:53:52.705+0000][8][gc,phases   ] GC(51)   Other: 1.6ms
[2022-06-18T09:53:52.705+0000][8][gc,age      ] GC(51) Age table with threshold 15 (max threshold 15)
[2022-06-18T09:53:52.706+0000][8][gc,age      ] GC(51) - age   1:     373560 bytes,     373560 total
[2022-06-18T09:53:52.707+0000][8][gc,age      ] GC(51) - age   2:      12504 bytes,     386064 total
[2022-06-18T09:53:52.707+0000][8][gc,age      ] GC(51) - age   3:      62264 bytes,     448328 total
[2022-06-18T09:53:52.708+0000][8][gc,age      ] GC(51) - age   4:         80 bytes,     448408 total
[2022-06-18T09:53:52.708+0000][8][gc,age      ] GC(51) - age   5:     537008 bytes,     985416 total
[2022-06-18T09:53:52.709+0000][8][gc,age      ] GC(51) - age   6:      48920 bytes,    1034336 total
[2022-06-18T09:53:52.709+0000][8][gc,age      ] GC(51) - age   7:       2496 bytes,    1036832 total
[2022-06-18T09:53:52.710+0000][8][gc,age      ] GC(51) - age   8:       2368 bytes,    1039200 total
[2022-06-18T09:53:52.711+0000][8][gc,age      ] GC(51) - age   9:       2608 bytes,    1041808 total
[2022-06-18T09:53:52.711+0000][8][gc,age      ] GC(51) - age  10:       4936 bytes,    1046744 total
[2022-06-18T09:53:52.712+0000][8][gc,age      ] GC(51) - age  11:       3408 bytes,    1050152 total
[2022-06-18T09:53:52.712+0000][8][gc,age      ] GC(51) - age  12:       6704 bytes,    1056856 total
[2022-06-18T09:53:52.713+0000][8][gc,age      ] GC(51) - age  13:       7224 bytes,    1064080 total
[2022-06-18T09:53:52.713+0000][8][gc,age      ] GC(51) - age  14:       4256 bytes,    1068336 total
[2022-06-18T09:53:52.714+0000][8][gc,age      ] GC(51) - age  15:       2696 bytes,    1071032 total
[2022-06-18T09:53:52.714+0000][8][gc,heap     ] GC(51) Eden regions: 75->0(75)
[2022-06-18T09:53:52.715+0000][8][gc,heap     ] GC(51) Survivor regions: 1->1(10)
[2022-06-18T09:53:52.715+0000][8][gc,heap     ] GC(51) Old regions: 21->21
[2022-06-18T09:53:52.716+0000][8][gc,heap     ] GC(51) Archive regions: 2->2
[2022-06-18T09:53:52.717+0000][8][gc,heap     ] GC(51) Humongous regions: 0->0
[2022-06-18T09:53:52.718+0000][8][gc,metaspace] GC(51) Metaspace: 125899K(129088K)->125899K(129088K) NonClass: 109314K(110976K)->109314K(110976K) Class: 16585K(18112K)->16585K(18112K)
[2022-06-18T09:53:52.719+0000][8][gc          ] GC(51) Pause Young (Normal) (G1 Evacuation Pause) 388M->88M(512M) 22.303ms
[2022-06-18T09:53:52.719+0000][8][gc,cpu      ] GC(51) User=0.01s Sys=0.00s Real=0.02s
[2022-06-18T09:53:52.720+0000][8][safepoint   ] Safepoint "G1CollectForAllocation", Time since last: 5900827973 ns, Reaching safepoint: 186750 ns, At safepoint: 23398297 ns, Total: 23585047 ns
[2022-06-18T09:53:59.726+0000][8][safepoint   ] Safepoint "Cleanup", Time since last: 7006472597 ns, Reaching safepoint: 146832 ns, At safepoint: 7359 ns, Total: 154191 ns
[2022-06-18T09:54:01.731+0000][8][safepoint   ] Safepoint "Cleanup", Time since last: 2003921310 ns, Reaching safepoint: 209980 ns, At safepoint: 60903 ns, Total: 270883 ns
[2022-06-18T09:54:07.717+0000][8][safepoint   ] Safepoint "Cleanup", Time since last: 6003861959 ns, Reaching safepoint: 109059 ns, At safepoint: 5539 ns, Total: 114598 ns
[2022-06-18T09:54:55.736+0000][8][safepoint   ] Safepoint "Cleanup", Time since last: 48042012767 ns, Reaching safepoint: 279372 ns, At safepoint: 47796 ns, Total: 327168 ns
[2022-06-18T09:54:58.741+0000][8][safepoint   ] Safepoint "Cleanup", Time since last: 3005172452 ns, Reaching safepoint: 220500 ns, At safepoint: 6598 ns, Total: 227098 ns
[2022-06-18T09:55:02.745+0000][8][safepoint   ] Safepoint "Cleanup", Time since last: 4003761961 ns, Reaching safepoint: 168927 ns, At safepoint: 5059 ns, Total: 173986 ns
[2022-06-18T09:55:25.742+0000][8][safepoint   ] Safepoint "Cleanup", Time since last: 23017325556 ns, Reaching safepoint: 135503 ns, At safepoint: 12228 ns, Total: 147731 ns
[2022-06-18T09:55:32.747+0000][8][safepoint   ] Safepoint "Cleanup", Time since last: 7005143141 ns, Reaching safepoint: 115033 ns, At safepoint: 7038 ns, Total: 122071 ns
[2022-06-18T09:55:40.667+0000][8][gc,start    ] GC(52) Pause Young (Normal) (G1 Evacuation Pause)
[2022-06-18T09:55:40.668+0000][8][gc,task     ] GC(52) Using 4 workers of 4 for evacuation
[2022-06-18T09:55:40.669+0000][8][gc,age      ] GC(52) Desired survivor size 20971520 bytes, new threshold 15 (max threshold 15)
[2022-06-18T09:55:40.676+0000][8][gc,phases   ] GC(52)   Pre Evacuate Collection Set: 0.2ms
[2022-06-18T09:55:40.677+0000][8][gc,phases   ] GC(52)   Merge Heap Roots: 0.1ms
[2022-06-18T09:55:40.678+0000][8][gc,phases   ] GC(52)   Evacuate Collection Set: 4.3ms
[2022-06-18T09:55:40.679+0000][8][gc,phases   ] GC(52)   Post Evacuate Collection Set: 1.5ms
[2022-06-18T09:55:40.679+0000][8][gc,phases   ] GC(52)   Other: 2.0ms
[2022-06-18T09:55:40.680+0000][8][gc,age      ] GC(52) Age table with threshold 15 (max threshold 15)
[2022-06-18T09:55:40.680+0000][8][gc,age      ] GC(52) - age   1:    1143192 bytes,    1143192 total
[2022-06-18T09:55:40.681+0000][8][gc,age      ] GC(52) - age   2:      11384 bytes,    1154576 total
[2022-06-18T09:55:40.681+0000][8][gc,age      ] GC(52) - age   3:       4168 bytes,    1158744 total
[2022-06-18T09:55:40.682+0000][8][gc,age      ] GC(52) - age   4:      62160 bytes,    1220904 total
[2022-06-18T09:55:40.682+0000][8][gc,age      ] GC(52) - age   5:         80 bytes,    1220984 total
[2022-06-18T09:55:40.683+0000][8][gc,age      ] GC(52) - age   6:     534024 bytes,    1755008 total
[2022-06-18T09:55:40.683+0000][8][gc,age      ] GC(52) - age   7:      48736 bytes,    1803744 total
[2022-06-18T09:55:40.684+0000][8][gc,age      ] GC(52) - age   8:       2496 bytes,    1806240 total
[2022-06-18T09:55:40.684+0000][8][gc,age      ] GC(52) - age   9:       2368 bytes,    1808608 total
[2022-06-18T09:55:40.685+0000][8][gc,age      ] GC(52) - age  10:       2608 bytes,    1811216 total
[2022-06-18T09:55:40.685+0000][8][gc,age      ] GC(52) - age  11:       4936 bytes,    1816152 total
[2022-06-18T09:55:40.686+0000][8][gc,age      ] GC(52) - age  12:       3408 bytes,    1819560 total
[2022-06-18T09:55:40.686+0000][8][gc,age      ] GC(52) - age  13:       6704 bytes,    1826264 total
[2022-06-18T09:55:40.687+0000][8][gc,age      ] GC(52) - age  14:       7224 bytes,    1833488 total
[2022-06-18T09:55:40.688+0000][8][gc,age      ] GC(52) - age  15:       4256 bytes,    1837744 total
[2022-06-18T09:55:40.688+0000][8][gc,heap     ] GC(52) Eden regions: 75->0(75)
[2022-06-18T09:55:40.689+0000][8][gc,heap     ] GC(52) Survivor regions: 1->1(10)
[2022-06-18T09:55:40.689+0000][8][gc,heap     ] GC(52) Old regions: 21->21
[2022-06-18T09:55:40.690+0000][8][gc,heap     ] GC(52) Archive regions: 2->2
[2022-06-18T09:55:40.690+0000][8][gc,heap     ] GC(52) Humongous regions: 0->0
[2022-06-18T09:55:40.691+0000][8][gc,metaspace] GC(52) Metaspace: 125921K(129088K)->125921K(129088K) NonClass: 109335K(110976K)->109335K(110976K) Class: 16586K(18112K)->16586K(18112K)
[2022-06-18T09:55:40.692+0000][8][gc          ] GC(52) Pause Young (Normal) (G1 Evacuation Pause) 388M->88M(512M) 24.863ms
[2022-06-18T09:55:40.692+0000][8][gc,cpu      ] GC(52) User=0.02s Sys=0.00s Real=0.02s
[2022-06-18T09:55:40.693+0000][8][safepoint   ] Safepoint "G1CollectForAllocation", Time since last: 7942389814 ns, Reaching safepoint: 77424 ns, At safepoint: 26537098 ns, Total: 26614522 ns
[2022-06-18T09:55:41.696+0000][8][safepoint   ] Safepoint "Cleanup", Time since last: 1002165929 ns, Reaching safepoint: 240224 ns, At safepoint: 12571 ns, Total: 252795 ns
[2022-06-18T09:55:46.698+0000][8][safepoint   ] Safepoint "Cleanup", Time since last: 5002314307 ns, Reaching safepoint: 296577 ns, At safepoint: 31229 ns, Total: 327806 ns
[2022-06-18T09:55:47.701+0000][8][safepoint   ] Safepoint "Cleanup", Time since last: 1002015346 ns, Reaching safepoint: 424719 ns, At safepoint: 12900 ns, Total: 437619 ns
[2022-06-18T09:55:56.710+0000][8][safepoint   ] Safepoint "Cleanup", Time since last: 9008926229 ns, Reaching safepoint: 236950 ns, At safepoint: 12888 ns, Total: 249838 ns
[2022-06-18T09:56:10.708+0000][8][safepoint   ] Safepoint "Cleanup", Time since last: 14020267920 ns, Reaching safepoint: 480063 ns, At safepoint: 47487 ns, Total: 527550 ns
[2022-06-18T09:56:16.715+0000][8][safepoint   ] Safepoint "Cleanup", Time since last: 6007310028 ns, Reaching safepoint: 302421 ns, At safepoint: 18204 ns, Total: 320625 ns
[2022-06-18T09:56:28.726+0000][8][safepoint   ] Safepoint "Cleanup", Time since last: 12010384443 ns, Reaching safepoint: 155972 ns, At safepoint: 8066 ns, Total: 164038 ns
[2022-06-18T09:56:29.729+0000][8][safepoint   ] Safepoint "Cleanup", Time since last: 1003180467 ns, Reaching safepoint: 137057 ns, At safepoint: 10542 ns, Total: 147599 ns
[2022-06-18T09:56:32.733+0000][8][safepoint   ] Safepoint "Cleanup", Time since last: 3003666048 ns, Reaching safepoint: 94027 ns, At safepoint: 6201 ns, Total: 100228 ns
[2022-06-18T09:56:45.719+0000][8][safepoint   ] Safepoint "Cleanup", Time since last: 13007483069 ns, Reaching safepoint: 196640 ns, At safepoint: 12352 ns, Total: 208992 ns
[2022-06-18T09:56:53.733+0000][8][safepoint   ] Safepoint "Cleanup", Time since last: 8014135478 ns, Reaching safepoint: 106947 ns, At safepoint: 4082 ns, Total: 111029 ns
[2022-06-18T09:57:02.112+0000][8][gc,start    ] GC(53) Pause Young (Normal) (G1 Evacuation Pause)
[2022-06-18T09:57:02.113+0000][8][gc,task     ] GC(53) Using 4 workers of 4 for evacuation
[2022-06-18T09:57:02.114+0000][8][gc,age      ] GC(53) Desired survivor size 20971520 bytes, new threshold 15 (max threshold 15)
[2022-06-18T09:57:02.123+0000][8][gc,phases   ] GC(53)   Pre Evacuate Collection Set: 0.1ms
[2022-06-18T09:57:02.124+0000][8][gc,phases   ] GC(53)   Merge Heap Roots: 0.1ms
[2022-06-18T09:57:02.125+0000][8][gc,phases   ] GC(53)   Evacuate Collection Set: 6.4ms
[2022-06-18T09:57:02.126+0000][8][gc,phases   ] GC(53)   Post Evacuate Collection Set: 1.1ms
[2022-06-18T09:57:02.127+0000][8][gc,phases   ] GC(53)   Other: 1.9ms
[2022-06-18T09:57:02.127+0000][8][gc,age      ] GC(53) Age table with threshold 15 (max threshold 15)
[2022-06-18T09:57:02.128+0000][8][gc,age      ] GC(53) - age   1:    1268296 bytes,    1268296 total
[2022-06-18T09:57:02.129+0000][8][gc,age      ] GC(53) - age   2:      11096 bytes,    1279392 total
[2022-06-18T09:57:02.129+0000][8][gc,age      ] GC(53) - age   3:      10752 bytes,    1290144 total
[2022-06-18T09:57:02.131+0000][8][gc,age      ] GC(53) - age   4:       4072 bytes,    1294216 total
[2022-06-18T09:57:02.132+0000][8][gc,age      ] GC(53) - age   5:      61864 bytes,    1356080 total
[2022-06-18T09:57:02.133+0000][8][gc,age      ] GC(53) - age   6:         80 bytes,    1356160 total
[2022-06-18T09:57:02.136+0000][8][gc,age      ] GC(53) - age   7:     534024 bytes,    1890184 total
[2022-06-18T09:57:02.137+0000][8][gc,age      ] GC(53) - age   8:      48736 bytes,    1938920 total
[2022-06-18T09:57:02.138+0000][8][gc,age      ] GC(53) - age   9:       2496 bytes,    1941416 total
[2022-06-18T09:57:02.139+0000][8][gc,age      ] GC(53) - age  10:       2368 bytes,    1943784 total
[2022-06-18T09:57:02.139+0000][8][gc,age      ] GC(53) - age  11:       2608 bytes,    1946392 total
[2022-06-18T09:57:02.140+0000][8][gc,age      ] GC(53) - age  12:       4936 bytes,    1951328 total
[2022-06-18T09:57:02.141+0000][8][gc,age      ] GC(53) - age  13:       3408 bytes,    1954736 total
[2022-06-18T09:57:02.142+0000][8][gc,age      ] GC(53) - age  14:       6704 bytes,    1961440 total
[2022-06-18T09:57:02.143+0000][8][gc,age      ] GC(53) - age  15:       7224 bytes,    1968664 total
[2022-06-18T09:57:02.143+0000][8][gc,heap     ] GC(53) Eden regions: 75->0(75)
[2022-06-18T09:57:02.145+0000][8][gc,heap     ] GC(53) Survivor regions: 1->1(10)
[2022-06-18T09:57:02.146+0000][8][gc,heap     ] GC(53) Old regions: 21->21
[2022-06-18T09:57:02.147+0000][8][gc,heap     ] GC(53) Archive regions: 2->2
[2022-06-18T09:57:02.147+0000][8][gc,heap     ] GC(53) Humongous regions: 0->0
[2022-06-18T09:57:02.148+0000][8][gc,metaspace] GC(53) Metaspace: 125931K(129088K)->125931K(129088K) NonClass: 109344K(110976K)->109344K(110976K) Class: 16586K(18112K)->16586K(18112K)
[2022-06-18T09:57:02.149+0000][8][gc          ] GC(53) Pause Young (Normal) (G1 Evacuation Pause) 388M->89M(512M) 37.398ms
[2022-06-18T09:57:02.150+0000][8][gc,cpu      ] GC(53) User=0.02s Sys=0.01s Real=0.03s
[2022-06-18T09:57:02.151+0000][8][safepoint   ] Safepoint "G1CollectForAllocation", Time since last: 8378173232 ns, Reaching safepoint: 72061 ns, At safepoint: 39080200 ns, Total: 39152261 ns
[2022-06-18T09:57:08.133+0000][8][safepoint   ] Safepoint "Cleanup", Time since last: 6003204943 ns, Reaching safepoint: 237027 ns, At safepoint: 11320 ns, Total: 248347 ns
[2022-06-18T09:57:26.154+0000][8][safepoint   ] Safepoint "Cleanup", Time since last: 18020957891 ns, Reaching safepoint: 349860 ns, At safepoint: 13441 ns, Total: 363301 ns
[2022-06-18T09:57:46.154+0000][8][safepoint   ] Safepoint "Cleanup", Time since last: 20021533618 ns, Reaching safepoint: 151064 ns, At safepoint: 7033 ns, Total: 158097 ns
[2022-06-18T09:57:51.160+0000][8][safepoint   ] Safepoint "Cleanup", Time since last: 5004904294 ns, Reaching safepoint: 227552 ns, At safepoint: 22720 ns, Total: 250272 ns
[2022-06-18T09:58:03.173+0000][8][safepoint   ] Safepoint "Cleanup", Time since last: 12013473597 ns, Reaching safepoint: 235819 ns, At safepoint: 10509 ns, Total: 246328 ns
[2022-06-18T09:58:14.706+0000][8][safepoint   ] Safepoint "Cleanup", Time since last: 11554737811 ns, Reaching safepoint: 278878 ns, At safepoint: 10208 ns, Total: 289086 ns
[2022-06-18T09:58:45.721+0000][8][safepoint   ] Safepoint "Cleanup", Time since last: 31036004734 ns, Reaching safepoint: 116035 ns, At safepoint: 10126 ns, Total: 126161 ns
[2022-06-18T09:58:46.636+0000][8][gc,start    ] GC(54) Pause Young (Normal) (G1 Evacuation Pause)
[2022-06-18T09:58:46.644+0000][8][gc,task     ] GC(54) Using 4 workers of 4 for evacuation
[2022-06-18T09:58:46.650+0000][8][gc,age      ] GC(54) Desired survivor size 20971520 bytes, new threshold 15 (max threshold 15)
[2022-06-18T09:58:46.657+0000][8][gc,phases   ] GC(54)   Pre Evacuate Collection Set: 0.3ms
[2022-06-18T09:58:46.658+0000][8][gc,phases   ] GC(54)   Merge Heap Roots: 0.1ms
[2022-06-18T09:58:46.661+0000][8][gc,phases   ] GC(54)   Evacuate Collection Set: 3.8ms
[2022-06-18T09:58:46.662+0000][8][gc,phases   ] GC(54)   Post Evacuate Collection Set: 1.6ms
[2022-06-18T09:58:46.663+0000][8][gc,phases   ] GC(54)   Other: 7.5ms
[2022-06-18T09:58:46.664+0000][8][gc,age      ] GC(54) Age table with threshold 15 (max threshold 15)
[2022-06-18T09:58:46.665+0000][8][gc,age      ] GC(54) - age   1:     611752 bytes,     611752 total
[2022-06-18T09:58:46.668+0000][8][gc,age      ] GC(54) - age   2:       2408 bytes,     614160 total
[2022-06-18T09:58:46.680+0000][8][gc,age      ] GC(54) - age   3:       9776 bytes,     623936 total
[2022-06-18T09:58:46.681+0000][8][gc,age      ] GC(54) - age   4:       2736 bytes,     626672 total
[2022-06-18T09:58:46.682+0000][8][gc,age      ] GC(54) - age   5:       4072 bytes,     630744 total
[2022-06-18T09:58:46.683+0000][8][gc,age      ] GC(54) - age   6:      61776 bytes,     692520 total
[2022-06-18T09:58:46.685+0000][8][gc,age      ] GC(54) - age   7:         80 bytes,     692600 total
[2022-06-18T09:58:46.685+0000][8][gc,age      ] GC(54) - age   8:     533760 bytes,    1226360 total
[2022-06-18T09:58:46.686+0000][8][gc,age      ] GC(54) - age   9:      48736 bytes,    1275096 total
[2022-06-18T09:58:46.687+0000][8][gc,age      ] GC(54) - age  10:       2496 bytes,    1277592 total
[2022-06-18T09:58:46.688+0000][8][gc,age      ] GC(54) - age  11:       2368 bytes,    1279960 total
[2022-06-18T09:58:46.689+0000][8][gc,age      ] GC(54) - age  12:       2608 bytes,    1282568 total
[2022-06-18T09:58:46.690+0000][8][gc,age      ] GC(54) - age  13:       4936 bytes,    1287504 total
[2022-06-18T09:58:46.690+0000][8][gc,age      ] GC(54) - age  14:       3408 bytes,    1290912 total
[2022-06-18T09:58:46.691+0000][8][gc,age      ] GC(54) - age  15:       6704 bytes,    1297616 total
[2022-06-18T09:58:46.692+0000][8][gc,heap     ] GC(54) Eden regions: 75->0(75)
[2022-06-18T09:58:46.693+0000][8][gc,heap     ] GC(54) Survivor regions: 1->1(10)
[2022-06-18T09:58:46.693+0000][8][gc,heap     ] GC(54) Old regions: 21->21
[2022-06-18T09:58:46.694+0000][8][gc,heap     ] GC(54) Archive regions: 2->2
[2022-06-18T09:58:46.695+0000][8][gc,heap     ] GC(54) Humongous regions: 0->0
[2022-06-18T09:58:46.696+0000][8][gc,metaspace] GC(54) Metaspace: 125933K(129088K)->125933K(129088K) NonClass: 109347K(110976K)->109347K(110976K) Class: 16586K(18112K)->16586K(18112K)
[2022-06-18T09:58:46.697+0000][8][gc          ] GC(54) Pause Young (Normal) (G1 Evacuation Pause) 389M->88M(512M) 61.051ms
[2022-06-18T09:58:46.697+0000][8][gc,cpu      ] GC(54) User=0.02s Sys=0.00s Real=0.06s
[2022-06-18T09:58:46.698+0000][8][safepoint   ] Safepoint "G1CollectForAllocation", Time since last: 914222424 ns, Reaching safepoint: 104525 ns, At safepoint: 63118484 ns, Total: 63223009 ns
[2022-06-18T09:58:52.702+0000][8][safepoint   ] Safepoint "Cleanup", Time since last: 6004220756 ns, Reaching safepoint: 122461 ns, At safepoint: 4865 ns, Total: 127326 ns
[2022-06-18T09:58:55.708+0000][8][safepoint   ] Safepoint "Cleanup", Time since last: 3005372811 ns, Reaching safepoint: 139457 ns, At safepoint: 8194 ns, Total: 147651 ns
[2022-06-18T09:58:59.720+0000][8][safepoint   ] Safepoint "Cleanup", Time since last: 4012157405 ns, Reaching safepoint: 249774 ns, At safepoint: 22704 ns, Total: 272478 ns
[2022-06-18T09:59:05.734+0000][8][safepoint   ] Safepoint "Cleanup", Time since last: 6013216660 ns, Reaching safepoint: 92619 ns, At safepoint: 7014 ns, Total: 99633 ns
[2022-06-18T09:59:19.726+0000][8][safepoint   ] Safepoint "Cleanup", Time since last: 14014492809 ns, Reaching safepoint: 87690 ns, At safepoint: 3844 ns, Total: 91534 ns
[2022-06-18T09:59:27.733+0000][8][safepoint   ] Safepoint "Cleanup", Time since last: 8006832375 ns, Reaching safepoint: 61353 ns, At safepoint: 3195 ns, Total: 64548 ns
[2022-06-18T09:59:32.739+0000][8][safepoint   ] Safepoint "Cleanup", Time since last: 5005167967 ns, Reaching safepoint: 79727 ns, At safepoint: 93120 ns, Total: 172847 ns
[2022-06-18T09:59:40.726+0000][8][safepoint   ] Safepoint "Cleanup", Time since last: 8009049786 ns, Reaching safepoint: 114075 ns, At safepoint: 5523 ns, Total: 119598 ns
[2022-06-18T09:59:43.731+0000][8][safepoint   ] Safepoint "Cleanup", Time since last: 3004490756 ns, Reaching safepoint: 345334 ns, At safepoint: 140470 ns, Total: 485804 ns
[2022-06-18T09:59:44.733+0000][8][safepoint   ] Safepoint "Cleanup", Time since last: 1001409406 ns, Reaching safepoint: 177196 ns, At safepoint: 99438 ns, Total: 276634 ns
[2022-06-18T09:59:45.735+0000][8][safepoint   ] Safepoint "Cleanup", Time since last: 1001696034 ns, Reaching safepoint: 291154 ns, At safepoint: 13097 ns, Total: 304251 ns
[2022-06-18T09:59:49.742+0000][8][safepoint   ] Safepoint "Cleanup", Time since last: 4006978435 ns, Reaching safepoint: 259627 ns, At safepoint: 11039 ns, Total: 270666 ns
[2022-06-18T09:59:55.751+0000][8][safepoint   ] Safepoint "Cleanup", Time since last: 6008903449 ns, Reaching safepoint: 88930 ns, At safepoint: 3934 ns, Total: 92864 ns
[2022-06-18T10:00:01.757+0000][8][safepoint   ] Safepoint "Cleanup", Time since last: 6005738398 ns, Reaching safepoint: 261101 ns, At safepoint: 28953 ns, Total: 290054 ns
[2022-06-18T10:00:02.761+0000][8][safepoint   ] Safepoint "Cleanup", Time since last: 1003100128 ns, Reaching safepoint: 151999 ns, At safepoint: 92947 ns, Total: 244946 ns
[2022-06-18T10:00:03.763+0000][8][safepoint   ] Safepoint "Cleanup", Time since last: 1001980647 ns, Reaching safepoint: 94359 ns, At safepoint: 8909 ns, Total: 103268 ns
[2022-06-18T10:00:08.649+0000][8][safepoint   ] Safepoint "Cleanup", Time since last: 4906837704 ns, Reaching safepoint: 356844 ns, At safepoint: 94405 ns, Total: 451249 ns
[2022-06-18T10:00:08.701+0000][8][gc,start    ] GC(55) Pause Young (Normal) (G1 Evacuation Pause)
[2022-06-18T10:00:08.702+0000][8][gc,task     ] GC(55) Using 4 workers of 4 for evacuation
[2022-06-18T10:00:08.703+0000][8][gc,age      ] GC(55) Desired survivor size 20971520 bytes, new threshold 15 (max threshold 15)
[2022-06-18T10:00:08.715+0000][8][gc,phases   ] GC(55)   Pre Evacuate Collection Set: 0.1ms
[2022-06-18T10:00:08.716+0000][8][gc,phases   ] GC(55)   Merge Heap Roots: 0.1ms
[2022-06-18T10:00:08.718+0000][8][gc,phases   ] GC(55)   Evacuate Collection Set: 8.3ms
[2022-06-18T10:00:08.719+0000][8][gc,phases   ] GC(55)   Post Evacuate Collection Set: 1.9ms
[2022-06-18T10:00:08.720+0000][8][gc,phases   ] GC(55)   Other: 2.3ms
[2022-06-18T10:00:08.720+0000][8][gc,age      ] GC(55) Age table with threshold 15 (max threshold 15)
[2022-06-18T10:00:08.721+0000][8][gc,age      ] GC(55) - age   1:    2515472 bytes,    2515472 total
[2022-06-18T10:00:08.722+0000][8][gc,age      ] GC(55) - age   2:      13216 bytes,    2528688 total
[2022-06-18T10:00:08.722+0000][8][gc,age      ] GC(55) - age   3:       1704 bytes,    2530392 total
[2022-06-18T10:00:08.723+0000][8][gc,age      ] GC(55) - age   4:       9776 bytes,    2540168 total
[2022-06-18T10:00:08.724+0000][8][gc,age      ] GC(55) - age   5:       2736 bytes,    2542904 total
[2022-06-18T10:00:08.726+0000][8][gc,age      ] GC(55) - age   6:       3952 bytes,    2546856 total
[2022-06-18T10:00:08.727+0000][8][gc,age      ] GC(55) - age   7:      61672 bytes,    2608528 total
[2022-06-18T10:00:08.728+0000][8][gc,age      ] GC(55) - age   8:         80 bytes,    2608608 total
[2022-06-18T10:00:08.729+0000][8][gc,age      ] GC(55) - age   9:     532512 bytes,    3141120 total
[2022-06-18T10:00:08.730+0000][8][gc,age      ] GC(55) - age  10:      48456 bytes,    3189576 total
[2022-06-18T10:00:08.730+0000][8][gc,age      ] GC(55) - age  11:       2464 bytes,    3192040 total
[2022-06-18T10:00:08.731+0000][8][gc,age      ] GC(55) - age  12:       2368 bytes,    3194408 total
[2022-06-18T10:00:08.732+0000][8][gc,age      ] GC(55) - age  13:       2608 bytes,    3197016 total
[2022-06-18T10:00:08.733+0000][8][gc,age      ] GC(55) - age  14:       4936 bytes,    3201952 total
[2022-06-18T10:00:08.734+0000][8][gc,age      ] GC(55) - age  15:       3408 bytes,    3205360 total
[2022-06-18T10:00:08.734+0000][8][gc,heap     ] GC(55) Eden regions: 75->0(75)
[2022-06-18T10:00:08.736+0000][8][gc,heap     ] GC(55) Survivor regions: 1->1(10)
[2022-06-18T10:00:08.736+0000][8][gc,heap     ] GC(55) Old regions: 21->21
[2022-06-18T10:00:08.737+0000][8][gc,heap     ] GC(55) Archive regions: 2->2
[2022-06-18T10:00:08.738+0000][8][gc,heap     ] GC(55) Humongous regions: 0->0
[2022-06-18T10:00:08.738+0000][8][gc,metaspace] GC(55) Metaspace: 126174K(129344K)->126174K(129344K) NonClass: 109571K(111168K)->109571K(111168K) Class: 16602K(18176K)->16602K(18176K)
[2022-06-18T10:00:08.739+0000][8][gc          ] GC(55) Pause Young (Normal) (G1 Evacuation Pause) 388M->90M(512M) 37.655ms
[2022-06-18T10:00:08.740+0000][8][gc,cpu      ] GC(55) User=0.03s Sys=0.00s Real=0.04s
[2022-06-18T10:00:08.741+0000][8][safepoint   ] Safepoint "G1CollectForAllocation", Time since last: 51984455 ns, Reaching safepoint: 538949 ns, At safepoint: 39682512 ns, Total: 40221461 ns
[2022-06-18T10:00:09.951+0000][8][safepoint   ] Safepoint "Cleanup", Time since last: 1209986999 ns, Reaching safepoint: 596003 ns, At safepoint: 14650 ns, Total: 610653 ns
[2022-06-18T10:00:10.955+0000][8][safepoint   ] Safepoint "Cleanup", Time since last: 1003271311 ns, Reaching safepoint: 120284 ns, At safepoint: 6141 ns, Total: 126425 ns
[2022-06-18T10:00:13.958+0000][8][safepoint   ] Safepoint "Cleanup", Time since last: 3002596619 ns, Reaching safepoint: 342492 ns, At safepoint: 11348 ns, Total: 353840 ns
[2022-06-18T10:00:16.962+0000][8][safepoint   ] Safepoint "Cleanup", Time since last: 3004256193 ns, Reaching safepoint: 248812 ns, At safepoint: 14901 ns, Total: 263713 ns
[2022-06-18T10:00:19.968+0000][8][safepoint   ] Safepoint "Cleanup", Time since last: 3005188779 ns, Reaching safepoint: 280249 ns, At safepoint: 19282 ns, Total: 299531 ns
[2022-06-18T10:00:25.978+0000][8][safepoint   ] Safepoint "Cleanup", Time since last: 6009777703 ns, Reaching safepoint: 143751 ns, At safepoint: 17108 ns, Total: 160859 ns
[2022-06-18T10:00:30.983+0000][8][safepoint   ] Safepoint "Cleanup", Time since last: 5005263000 ns, Reaching safepoint: 155292 ns, At safepoint: 7398 ns, Total: 162690 ns
[2022-06-18T10:00:31.985+0000][8][safepoint   ] Safepoint "Cleanup", Time since last: 1001579036 ns, Reaching safepoint: 138826 ns, At safepoint: 3488 ns, Total: 142314 ns
[2022-06-18T10:00:32.987+0000][8][safepoint   ] Safepoint "Cleanup", Time since last: 1001559497 ns, Reaching safepoint: 214513 ns, At safepoint: 14662 ns, Total: 229175 ns
[2022-06-18T10:00:34.990+0000][8][safepoint   ] Safepoint "Cleanup", Time since last: 2003098526 ns, Reaching safepoint: 254037 ns, At safepoint: 19483 ns, Total: 273520 ns
[2022-06-18T10:00:36.972+0000][8][safepoint   ] Safepoint "Cleanup", Time since last: 2002699005 ns, Reaching safepoint: 166199 ns, At safepoint: 13422 ns, Total: 179621 ns
[2022-06-18T10:00:37.975+0000][8][safepoint   ] Safepoint "Cleanup", Time since last: 1002822592 ns, Reaching safepoint: 290215 ns, At safepoint: 8483 ns, Total: 298698 ns
[2022-06-18T10:00:40.980+0000][8][safepoint   ] Safepoint "Cleanup", Time since last: 3004342855 ns, Reaching safepoint: 181076 ns, At safepoint: 15813 ns, Total: 196889 ns
[2022-06-18T10:00:43.983+0000][8][safepoint   ] Safepoint "Cleanup", Time since last: 3002823097 ns, Reaching safepoint: 237133 ns, At safepoint: 46032 ns, Total: 283165 ns
[2022-06-18T10:00:45.987+0000][8][safepoint   ] Safepoint "Cleanup", Time since last: 2004645883 ns, Reaching safepoint: 180272 ns, At safepoint: 10674 ns, Total: 190946 ns
[2022-06-18T10:00:49.993+0000][8][safepoint   ] Safepoint "Cleanup", Time since last: 4005795786 ns, Reaching safepoint: 104200 ns, At safepoint: 2764 ns, Total: 106964 ns
[2022-06-18T10:00:53.003+0000][8][safepoint   ] Safepoint "Cleanup", Time since last: 3009070102 ns, Reaching safepoint: 333430 ns, At safepoint: 9108 ns, Total: 342538 ns
[2022-06-18T10:00:56.007+0000][8][safepoint   ] Safepoint "Cleanup", Time since last: 3003632813 ns, Reaching safepoint: 224243 ns, At safepoint: 7673 ns, Total: 231916 ns
[2022-06-18T10:01:02.021+0000][8][safepoint   ] Safepoint "Cleanup", Time since last: 6014168690 ns, Reaching safepoint: 155147 ns, At safepoint: 8688 ns, Total: 163835 ns
[2022-06-18T10:01:03.026+0000][8][safepoint   ] Safepoint "Cleanup", Time since last: 1004595511 ns, Reaching safepoint: 266225 ns, At safepoint: 15226 ns, Total: 281451 ns
[2022-06-18T10:01:08.010+0000][8][safepoint   ] Safepoint "Cleanup", Time since last: 5005488338 ns, Reaching safepoint: 87280 ns, At safepoint: 3765 ns, Total: 91045 ns
[2022-06-18T10:01:15.085+0000][8][safepoint   ] Safepoint "Cleanup", Time since last: 7075285959 ns, Reaching safepoint: 519911 ns, At safepoint: 18405 ns, Total: 538316 ns
[2022-06-18T10:01:23.093+0000][8][safepoint   ] Safepoint "Cleanup", Time since last: 8007670422 ns, Reaching safepoint: 160013 ns, At safepoint: 6411 ns, Total: 166424 ns
[2022-06-18T10:01:29.108+0000][8][safepoint   ] Safepoint "Cleanup", Time since last: 6014443659 ns, Reaching safepoint: 258198 ns, At safepoint: 13080 ns, Total: 271278 ns
[2022-06-18T10:01:42.193+0000][8][safepoint   ] Safepoint "Cleanup", Time since last: 13105765944 ns, Reaching safepoint: 456503 ns, At safepoint: 26172 ns, Total: 482675 ns
[2022-06-18T10:01:45.583+0000][8][gc,start    ] GC(56) Pause Young (Normal) (G1 Evacuation Pause)
[2022-06-18T10:01:45.584+0000][8][gc,task     ] GC(56) Using 4 workers of 4 for evacuation
[2022-06-18T10:01:45.584+0000][8][gc,age      ] GC(56) Desired survivor size 20971520 bytes, new threshold 15 (max threshold 15)
[2022-06-18T10:01:45.595+0000][8][gc,phases   ] GC(56)   Pre Evacuate Collection Set: 0.3ms
[2022-06-18T10:01:45.597+0000][8][gc,phases   ] GC(56)   Merge Heap Roots: 0.1ms
[2022-06-18T10:01:45.598+0000][8][gc,phases   ] GC(56)   Evacuate Collection Set: 7.4ms
[2022-06-18T10:01:45.599+0000][8][gc,phases   ] GC(56)   Post Evacuate Collection Set: 2.3ms
[2022-06-18T10:01:45.600+0000][8][gc,phases   ] GC(56)   Other: 1.8ms
[2022-06-18T10:01:45.601+0000][8][gc,age      ] GC(56) Age table with threshold 15 (max threshold 15)
[2022-06-18T10:01:45.601+0000][8][gc,age      ] GC(56) - age   1:    1182832 bytes,    1182832 total
[2022-06-18T10:01:45.602+0000][8][gc,age      ] GC(56) - age   2:     192152 bytes,    1374984 total
[2022-06-18T10:01:45.603+0000][8][gc,age      ] GC(56) - age   3:       3272 bytes,    1378256 total
[2022-06-18T10:01:45.604+0000][8][gc,age      ] GC(56) - age   4:       1040 bytes,    1379296 total
[2022-06-18T10:01:45.605+0000][8][gc,age      ] GC(56) - age   5:       9776 bytes,    1389072 total
[2022-06-18T10:01:45.605+0000][8][gc,age      ] GC(56) - age   6:       2736 bytes,    1391808 total
[2022-06-18T10:01:45.606+0000][8][gc,age      ] GC(56) - age   7:       3656 bytes,    1395464 total
[2022-06-18T10:01:45.607+0000][8][gc,age      ] GC(56) - age   8:      59736 bytes,    1455200 total
[2022-06-18T10:01:45.608+0000][8][gc,age      ] GC(56) - age   9:         80 bytes,    1455280 total
[2022-06-18T10:01:45.609+0000][8][gc,age      ] GC(56) - age  10:     529776 bytes,    1985056 total
[2022-06-18T10:01:45.609+0000][8][gc,age      ] GC(56) - age  11:      48272 bytes,    2033328 total
[2022-06-18T10:01:45.610+0000][8][gc,age      ] GC(56) - age  12:       2464 bytes,    2035792 total
[2022-06-18T10:01:45.611+0000][8][gc,age      ] GC(56) - age  13:       2368 bytes,    2038160 total
[2022-06-18T10:01:45.611+0000][8][gc,age      ] GC(56) - age  14:       2608 bytes,    2040768 total
[2022-06-18T10:01:45.612+0000][8][gc,age      ] GC(56) - age  15:       4936 bytes,    2045704 total
[2022-06-18T10:01:45.612+0000][8][gc,heap     ] GC(56) Eden regions: 75->0(75)
[2022-06-18T10:01:45.613+0000][8][gc,heap     ] GC(56) Survivor regions: 1->1(10)
[2022-06-18T10:01:45.614+0000][8][gc,heap     ] GC(56) Old regions: 21->21
[2022-06-18T10:01:45.615+0000][8][gc,heap     ] GC(56) Archive regions: 2->2
[2022-06-18T10:01:45.618+0000][8][gc,heap     ] GC(56) Humongous regions: 0->0
[2022-06-18T10:01:45.620+0000][8][gc,metaspace] GC(56) Metaspace: 126319K(129536K)->126319K(129536K) NonClass: 109707K(111360K)->109707K(111360K) Class: 16612K(18176K)->16612K(18176K)
[2022-06-18T10:01:45.621+0000][8][gc          ] GC(56) Pause Young (Normal) (G1 Evacuation Pause) 390M->89M(512M) 38.045ms
[2022-06-18T10:01:45.623+0000][8][gc,cpu      ] GC(56) User=0.02s Sys=0.00s Real=0.04s
[2022-06-18T10:01:45.624+0000][8][safepoint   ] Safepoint "G1CollectForAllocation", Time since last: 3389999978 ns, Reaching safepoint: 81119 ns, At safepoint: 41658612 ns, Total: 41739731 ns
[2022-06-18T10:01:49.627+0000][8][safepoint   ] Safepoint "Cleanup", Time since last: 4002623798 ns, Reaching safepoint: 174945 ns, At safepoint: 14509 ns, Total: 189454 ns
[2022-06-18T10:02:01.639+0000][8][safepoint   ] Safepoint "Cleanup", Time since last: 12011341093 ns, Reaching safepoint: 163940 ns, At safepoint: 6504 ns, Total: 170444 ns
[2022-06-18T10:02:02.651+0000][8][safepoint   ] Safepoint "Cleanup", Time since last: 1012625981 ns, Reaching safepoint: 211861 ns, At safepoint: 9774 ns, Total: 221635 ns
[2022-06-18T10:02:07.640+0000][8][safepoint   ] Safepoint "Cleanup", Time since last: 5010134235 ns, Reaching safepoint: 120491 ns, At safepoint: 6571 ns, Total: 127062 ns
[2022-06-18T10:02:13.646+0000][8][safepoint   ] Safepoint "Cleanup", Time since last: 6006549657 ns, Reaching safepoint: 158073 ns, At safepoint: 8338 ns, Total: 166411 ns
[2022-06-18T10:02:19.663+0000][8][safepoint   ] Safepoint "Cleanup", Time since last: 6016604073 ns, Reaching safepoint: 262069 ns, At safepoint: 12367 ns, Total: 274436 ns
[2022-06-18T10:02:31.683+0000][8][safepoint   ] Safepoint "Cleanup", Time since last: 12019607297 ns, Reaching safepoint: 291630 ns, At safepoint: 16889 ns, Total: 308519 ns
[2022-06-18T10:02:35.689+0000][8][safepoint   ] Safepoint "Cleanup", Time since last: 4006003267 ns, Reaching safepoint: 154764 ns, At safepoint: 8474 ns, Total: 163238 ns
[2022-06-18T10:02:37.674+0000][8][safepoint   ] Safepoint "Cleanup", Time since last: 2006374500 ns, Reaching safepoint: 144550 ns, At safepoint: 7962 ns, Total: 152512 ns
[2022-06-18T10:02:45.683+0000][8][safepoint   ] Safepoint "Cleanup", Time since last: 8008621461 ns, Reaching safepoint: 179864 ns, At safepoint: 11643 ns, Total: 191507 ns
[2022-06-18T10:02:46.687+0000][8][safepoint   ] Safepoint "Cleanup", Time since last: 1003594049 ns, Reaching safepoint: 85074 ns, At safepoint: 3747 ns, Total: 88821 ns
[2022-06-18T10:02:50.693+0000][8][safepoint   ] Safepoint "Cleanup", Time since last: 4005568881 ns, Reaching safepoint: 311205 ns, At safepoint: 22045 ns, Total: 333250 ns
[2022-06-18T10:03:01.719+0000][8][safepoint   ] Safepoint "Cleanup", Time since last: 11025652954 ns, Reaching safepoint: 107935 ns, At safepoint: 7156 ns, Total: 115091 ns
[2022-06-18T10:03:13.708+0000][8][safepoint   ] Safepoint "Cleanup", Time since last: 12010438975 ns, Reaching safepoint: 233423 ns, At safepoint: 41250 ns, Total: 274673 ns
[2022-06-18T10:03:15.714+0000][8][safepoint   ] Safepoint "Cleanup", Time since last: 2005450140 ns, Reaching safepoint: 155300 ns, At safepoint: 8927 ns, Total: 164227 ns
[2022-06-18T10:03:25.731+0000][8][safepoint   ] Safepoint "Cleanup", Time since last: 10017063017 ns, Reaching safepoint: 139088 ns, At safepoint: 13168 ns, Total: 152256 ns
[2022-06-18T10:03:31.738+0000][8][safepoint   ] Safepoint "Cleanup", Time since last: 6006755466 ns, Reaching safepoint: 64537 ns, At safepoint: 4078 ns, Total: 68615 ns
[2022-06-18T10:03:32.740+0000][8][safepoint   ] Safepoint "Cleanup", Time since last: 1002767368 ns, Reaching safepoint: 98104 ns, At safepoint: 6995 ns, Total: 105099 ns
[2022-06-18T10:03:37.581+0000][8][gc,start    ] GC(57) Pause Young (Normal) (G1 Evacuation Pause)
[2022-06-18T10:03:37.582+0000][8][gc,task     ] GC(57) Using 4 workers of 4 for evacuation
[2022-06-18T10:03:37.583+0000][8][gc,age      ] GC(57) Desired survivor size 20971520 bytes, new threshold 15 (max threshold 15)
[2022-06-18T10:03:37.591+0000][8][gc,phases   ] GC(57)   Pre Evacuate Collection Set: 0.1ms
[2022-06-18T10:03:37.591+0000][8][gc,phases   ] GC(57)   Merge Heap Roots: 0.1ms
[2022-06-18T10:03:37.592+0000][8][gc,phases   ] GC(57)   Evacuate Collection Set: 5.7ms
[2022-06-18T10:03:37.592+0000][8][gc,phases   ] GC(57)   Post Evacuate Collection Set: 1.1ms
[2022-06-18T10:03:37.594+0000][8][gc,phases   ] GC(57)   Other: 1.6ms
[2022-06-18T10:03:37.594+0000][8][gc,age      ] GC(57) Age table with threshold 15 (max threshold 15)
[2022-06-18T10:03:37.595+0000][8][gc,age      ] GC(57) - age   1:    1067576 bytes,    1067576 total
[2022-06-18T10:03:37.596+0000][8][gc,age      ] GC(57) - age   2:     412776 bytes,    1480352 total
[2022-06-18T10:03:37.596+0000][8][gc,age      ] GC(57) - age   3:     190104 bytes,    1670456 total
[2022-06-18T10:03:37.597+0000][8][gc,age      ] GC(57) - age   4:       3024 bytes,    1673480 total
[2022-06-18T10:03:37.597+0000][8][gc,age      ] GC(57) - age   5:        976 bytes,    1674456 total
[2022-06-18T10:03:37.598+0000][8][gc,age      ] GC(57) - age   6:       9776 bytes,    1684232 total
[2022-06-18T10:03:37.598+0000][8][gc,age      ] GC(57) - age   7:       2736 bytes,    1686968 total
[2022-06-18T10:03:37.599+0000][8][gc,age      ] GC(57) - age   8:       3656 bytes,    1690624 total
[2022-06-18T10:03:37.599+0000][8][gc,age      ] GC(57) - age   9:      59736 bytes,    1750360 total
[2022-06-18T10:03:37.600+0000][8][gc,age      ] GC(57) - age  10:         80 bytes,    1750440 total
[2022-06-18T10:03:37.601+0000][8][gc,age      ] GC(57) - age  11:     529776 bytes,    2280216 total
[2022-06-18T10:03:37.601+0000][8][gc,age      ] GC(57) - age  12:      48272 bytes,    2328488 total
[2022-06-18T10:03:37.602+0000][8][gc,age      ] GC(57) - age  13:       2464 bytes,    2330952 total
[2022-06-18T10:03:37.603+0000][8][gc,age      ] GC(57) - age  14:       2368 bytes,    2333320 total
[2022-06-18T10:03:37.603+0000][8][gc,age      ] GC(57) - age  15:       2608 bytes,    2335928 total
[2022-06-18T10:03:37.604+0000][8][gc,heap     ] GC(57) Eden regions: 75->0(75)
[2022-06-18T10:03:37.604+0000][8][gc,heap     ] GC(57) Survivor regions: 1->1(10)
[2022-06-18T10:03:37.605+0000][8][gc,heap     ] GC(57) Old regions: 21->21
[2022-06-18T10:03:37.605+0000][8][gc,heap     ] GC(57) Archive regions: 2->2
[2022-06-18T10:03:37.606+0000][8][gc,heap     ] GC(57) Humongous regions: 0->0
[2022-06-18T10:03:37.606+0000][8][gc,metaspace] GC(57) Metaspace: 126335K(129600K)->126335K(129600K) NonClass: 109723K(111424K)->109723K(111424K) Class: 16612K(18176K)->16612K(18176K)
[2022-06-18T10:03:37.607+0000][8][gc          ] GC(57) Pause Young (Normal) (G1 Evacuation Pause) 389M->89M(512M) 25.659ms
[2022-06-18T10:03:37.607+0000][8][gc,cpu      ] GC(57) User=0.01s Sys=0.00s Real=0.02s
[2022-06-18T10:03:37.608+0000][8][safepoint   ] Safepoint "G1CollectForAllocation", Time since last: 4862418909 ns, Reaching safepoint: 36829 ns, At safepoint: 26935842 ns, Total: 26972671 ns
[2022-06-18T10:03:45.613+0000][8][safepoint   ] Safepoint "Cleanup", Time since last: 8004917903 ns, Reaching safepoint: 206603 ns, At safepoint: 13094 ns, Total: 219697 ns
[2022-06-18T10:03:49.619+0000][8][safepoint   ] Safepoint "Cleanup", Time since last: 4005424933 ns, Reaching safepoint: 255221 ns, At safepoint: 50076 ns, Total: 305297 ns
[2022-06-18T10:04:00.626+0000][8][safepoint   ] Safepoint "Cleanup", Time since last: 11007245576 ns, Reaching safepoint: 168701 ns, At safepoint: 4512 ns, Total: 173213 ns
[2022-06-18T10:04:02.350+0000][8][safepoint   ] Safepoint "Cleanup", Time since last: 1723555139 ns, Reaching safepoint: 86641 ns, At safepoint: 23997 ns, Total: 110638 ns
[2022-06-18T10:04:03.745+0000][8][safepoint   ] Safepoint "Cleanup", Time since last: 1394896761 ns, Reaching safepoint: 157957 ns, At safepoint: 4476 ns, Total: 162433 ns
[2022-06-18T10:04:04.524+0000][8][gc,heap,exit] Heap
[2022-06-18T10:04:04.526+0000][8][gc,heap,exit]  garbage-first heap   total 524288K, used 178118K [0x00000000e0000000, 0x0000000100000000)
[2022-06-18T10:04:04.528+0000][8][gc,heap,exit]   region size 4096K, 23 young (94208K), 1 survivors (4096K)
[2022-06-18T10:04:04.529+0000][8][gc,heap,exit]  Metaspace       used 127117K, committed 130304K, reserved 1179648K
[2022-06-18T10:04:04.529+0000][8][gc,heap,exit]   class space    used 16741K, committed 18304K, reserved 1048576K
