[2022-06-19T10:38:38.152+0000][393][gc,init] CardTable entry size: 512
[2022-06-19T10:38:38.153+0000][393][gc     ] Using G1
[2022-06-19T10:38:38.157+0000][393][gc,init] Version: 18.0.1.1+2-6 (release)
[2022-06-19T10:38:38.158+0000][393][gc,init] CPUs: 4 total, 4 available
[2022-06-19T10:38:38.158+0000][393][gc,init] Memory: 5944M
[2022-06-19T10:38:38.159+0000][393][gc,init] Large Page Support: Disabled
[2022-06-19T10:38:38.159+0000][393][gc,init] NUMA Support: Disabled
[2022-06-19T10:38:38.160+0000][393][gc,init] Compressed Oops: Enabled (32-bit)
[2022-06-19T10:38:38.160+0000][393][gc,init] Heap Region Size: 1M
[2022-06-19T10:38:38.161+0000][393][gc,init] Heap Min Capacity: 512M
[2022-06-19T10:38:38.162+0000][393][gc,init] Heap Initial Capacity: 512M
[2022-06-19T10:38:38.162+0000][393][gc,init] Heap Max Capacity: 512M
[2022-06-19T10:38:38.162+0000][393][gc,init] Pre-touch: Disabled
[2022-06-19T10:38:38.163+0000][393][gc,init] Parallel Workers: 4
[2022-06-19T10:38:38.164+0000][393][gc,init] Concurrent Workers: 1
[2022-06-19T10:38:38.164+0000][393][gc,init] Concurrent Refinement Workers: 4
[2022-06-19T10:38:38.165+0000][393][gc,init] Periodic GC: Disabled
[2022-06-19T10:38:38.166+0000][393][gc,metaspace] CDS archive(s) not mapped
[2022-06-19T10:38:38.166+0000][393][gc,metaspace] Compressed class space mapped at: 0x0000000100000000-0x0000000140000000, reserved size: 1073741824
[2022-06-19T10:38:38.167+0000][393][gc,metaspace] Narrow klass base: 0x0000000000000000, Narrow klass shift: 3, Narrow klass range: 0x140000000
[2022-06-19T10:38:38.278+0000][393][gc,heap,exit] Heap
[2022-06-19T10:38:38.279+0000][393][gc,heap,exit]  garbage-first heap   total 524288K, used 2048K [0x00000000e0000000, 0x0000000100000000)
[2022-06-19T10:38:38.279+0000][393][gc,heap,exit]   region size 1024K, 2 young (2048K), 0 survivors (0K)
[2022-06-19T10:38:38.280+0000][393][gc,heap,exit]  Metaspace       used 3528K, committed 3584K, reserved 1114112K
[2022-06-19T10:38:38.280+0000][393][gc,heap,exit]   class space    used 271K, committed 320K, reserved 1048576K
