[2022-07-03T08:18:10.980+0000][8][gc,init] CardTable entry size: 512
[2022-07-03T08:18:10.981+0000][8][gc     ] Using G1
[2022-07-03T08:18:12.190+0000][8][gc,init] Version: 18.0.1.1+2-6 (release)
[2022-07-03T08:18:12.192+0000][8][gc,init] CPUs: 4 total, 4 available
[2022-07-03T08:18:12.192+0000][8][gc,init] Memory: 5944M
[2022-07-03T08:18:12.193+0000][8][gc,init] Large Page Support: Disabled
[2022-07-03T08:18:12.194+0000][8][gc,init] NUMA Support: Disabled
[2022-07-03T08:18:12.194+0000][8][gc,init] Compressed Oops: Enabled (32-bit)
[2022-07-03T08:18:12.195+0000][8][gc,init] Heap Region Size: 4M
[2022-07-03T08:18:12.196+0000][8][gc,init] Heap Min Capacity: 512M
[2022-07-03T08:18:12.196+0000][8][gc,init] Heap Initial Capacity: 512M
[2022-07-03T08:18:12.197+0000][8][gc,init] Heap Max Capacity: 512M
[2022-07-03T08:18:12.198+0000][8][gc,init] Pre-touch: Enabled
[2022-07-03T08:18:12.198+0000][8][gc,init] Parallel Workers: 4
[2022-07-03T08:18:12.199+0000][8][gc,init] Concurrent Workers: 1
[2022-07-03T08:18:12.200+0000][8][gc,init] Concurrent Refinement Workers: 4
[2022-07-03T08:18:12.201+0000][8][gc,init] Periodic GC: Disabled
[2022-07-03T08:18:12.203+0000][8][gc,metaspace] CDS archive(s) mapped at: [0x0000000800000000-0x0000000800baf000-0x0000000800baf000), size 12251136, SharedBaseAddress: 0x0000000800000000, ArchiveRelocationMode: 0.
[2022-07-03T08:18:12.203+0000][8][gc,metaspace] Compressed class space mapped at: 0x0000000800c00000-0x0000000840c00000, reserved size: 1073741824
[2022-07-03T08:18:12.204+0000][8][gc,metaspace] Narrow klass base: 0x0000000800000000, Narrow klass shift: 0, Narrow klass range: 0x100000000
[2022-07-03T08:18:13.250+0000][8][safepoint   ] Safepoint "ICBufferFull", Time since last: 1034405454 ns, Reaching safepoint: 233315 ns, At safepoint: 32409 ns, Total: 265724 ns
[2022-07-03T08:18:13.500+0000][8][gc,start    ] GC(0) Pause Young (Normal) (G1 Evacuation Pause)
[2022-07-03T08:18:13.502+0000][8][gc,task     ] GC(0) Using 4 workers of 4 for evacuation
[2022-07-03T08:18:13.503+0000][8][gc,age      ] GC(0) Desired survivor size 2097152 bytes, new threshold 15 (max threshold 15)
[2022-07-03T08:18:13.512+0000][8][gc,phases   ] GC(0)   Pre Evacuate Collection Set: 0.1ms
[2022-07-03T08:18:13.513+0000][8][gc,phases   ] GC(0)   Merge Heap Roots: 0.3ms
[2022-07-03T08:18:13.514+0000][8][gc,phases   ] GC(0)   Evacuate Collection Set: 7.5ms
[2022-07-03T08:18:13.514+0000][8][gc,phases   ] GC(0)   Post Evacuate Collection Set: 0.9ms
[2022-07-03T08:18:13.515+0000][8][gc,phases   ] GC(0)   Other: 2.0ms
[2022-07-03T08:18:13.516+0000][8][gc,age      ] GC(0) Age table with threshold 15 (max threshold 15)
[2022-07-03T08:18:13.517+0000][8][gc,age      ] GC(0) - age   1:    4159328 bytes,    4159328 total
[2022-07-03T08:18:13.517+0000][8][gc,heap     ] GC(0) Eden regions: 6->0(5)
[2022-07-03T08:18:13.518+0000][8][gc,heap     ] GC(0) Survivor regions: 0->1(1)
[2022-07-03T08:18:13.519+0000][8][gc,heap     ] GC(0) Old regions: 0->1
[2022-07-03T08:18:13.519+0000][8][gc,heap     ] GC(0) Archive regions: 2->2
[2022-07-03T08:18:13.520+0000][8][gc,heap     ] GC(0) Humongous regions: 0->0
[2022-07-03T08:18:13.520+0000][8][gc,metaspace] GC(0) Metaspace: 8424K(8640K)->8424K(8640K) NonClass: 7494K(7616K)->7494K(7616K) Class: 929K(1024K)->929K(1024K)
[2022-07-03T08:18:13.521+0000][8][gc          ] GC(0) Pause Young (Normal) (G1 Evacuation Pause) 27M->8M(512M) 21.294ms
[2022-07-03T08:18:13.522+0000][8][gc,cpu      ] GC(0) User=0.03s Sys=0.00s Real=0.02s
[2022-07-03T08:18:13.523+0000][8][safepoint   ] Safepoint "G1CollectForAllocation", Time since last: 249284816 ns, Reaching safepoint: 59947 ns, At safepoint: 22816922 ns, Total: 22876869 ns
[2022-07-03T08:18:14.059+0000][8][gc,start    ] GC(1) Pause Young (Normal) (G1 Evacuation Pause)
[2022-07-03T08:18:14.060+0000][8][gc,task     ] GC(1) Using 4 workers of 4 for evacuation
[2022-07-03T08:18:14.061+0000][8][gc,age      ] GC(1) Desired survivor size 2097152 bytes, new threshold 1 (max threshold 15)
[2022-07-03T08:18:14.073+0000][8][gc,phases   ] GC(1)   Pre Evacuate Collection Set: 0.2ms
[2022-07-03T08:18:14.074+0000][8][gc,phases   ] GC(1)   Merge Heap Roots: 0.2ms
[2022-07-03T08:18:14.075+0000][8][gc,phases   ] GC(1)   Evacuate Collection Set: 10.0ms
[2022-07-03T08:18:14.080+0000][8][gc,phases   ] GC(1)   Post Evacuate Collection Set: 0.7ms
[2022-07-03T08:18:14.083+0000][8][gc,phases   ] GC(1)   Other: 1.7ms
[2022-07-03T08:18:14.083+0000][8][gc,age      ] GC(1) Age table with threshold 1 (max threshold 15)
[2022-07-03T08:18:14.084+0000][8][gc,age      ] GC(1) - age   1:    2078936 bytes,    2078936 total
[2022-07-03T08:18:14.085+0000][8][gc,heap     ] GC(1) Eden regions: 5->0(7)
[2022-07-03T08:18:14.085+0000][8][gc,heap     ] GC(1) Survivor regions: 1->1(1)
[2022-07-03T08:18:14.086+0000][8][gc,heap     ] GC(1) Old regions: 1->2
[2022-07-03T08:18:14.087+0000][8][gc,heap     ] GC(1) Archive regions: 2->2
[2022-07-03T08:18:14.087+0000][8][gc,heap     ] GC(1) Humongous regions: 0->0
[2022-07-03T08:18:14.088+0000][8][gc,metaspace] GC(1) Metaspace: 11738K(12096K)->11738K(12096K) NonClass: 10337K(10560K)->10337K(10560K) Class: 1400K(1536K)->1400K(1536K)
[2022-07-03T08:18:14.089+0000][8][gc          ] GC(1) Pause Young (Normal) (G1 Evacuation Pause) 28M->10M(512M) 29.417ms
[2022-07-03T08:18:14.089+0000][8][gc,cpu      ] GC(1) User=0.03s Sys=0.00s Real=0.03s
[2022-07-03T08:18:14.090+0000][8][safepoint   ] Safepoint "G1CollectForAllocation", Time since last: 536447016 ns, Reaching safepoint: 284319 ns, At safepoint: 30808232 ns, Total: 31092551 ns
[2022-07-03T08:18:15.175+0000][8][gc,start    ] GC(2) Pause Young (Normal) (G1 Evacuation Pause)
[2022-07-03T08:18:15.176+0000][8][gc,task     ] GC(2) Using 4 workers of 4 for evacuation
[2022-07-03T08:18:15.178+0000][8][gc,age      ] GC(2) Desired survivor size 2097152 bytes, new threshold 15 (max threshold 15)
[2022-07-03T08:18:15.187+0000][8][gc,phases   ] GC(2)   Pre Evacuate Collection Set: 0.2ms
[2022-07-03T08:18:15.188+0000][8][gc,phases   ] GC(2)   Merge Heap Roots: 0.1ms
[2022-07-03T08:18:15.189+0000][8][gc,phases   ] GC(2)   Evacuate Collection Set: 5.0ms
[2022-07-03T08:18:15.189+0000][8][gc,phases   ] GC(2)   Post Evacuate Collection Set: 2.9ms
[2022-07-03T08:18:15.190+0000][8][gc,phases   ] GC(2)   Other: 2.5ms
[2022-07-03T08:18:15.190+0000][8][gc,age      ] GC(2) Age table with threshold 15 (max threshold 15)
[2022-07-03T08:18:15.191+0000][8][gc,age      ] GC(2) - age   1:     966152 bytes,     966152 total
[2022-07-03T08:18:15.192+0000][8][gc,age      ] GC(2) - age   2:    2056128 bytes,    3022280 total
[2022-07-03T08:18:15.193+0000][8][gc,heap     ] GC(2) Eden regions: 7->0(32)
[2022-07-03T08:18:15.194+0000][8][gc,heap     ] GC(2) Survivor regions: 1->1(1)
[2022-07-03T08:18:15.195+0000][8][gc,heap     ] GC(2) Old regions: 2->2
[2022-07-03T08:18:15.195+0000][8][gc,heap     ] GC(2) Archive regions: 2->2
[2022-07-03T08:18:15.196+0000][8][gc,heap     ] GC(2) Humongous regions: 0->0
[2022-07-03T08:18:15.197+0000][8][gc,metaspace] GC(2) Metaspace: 14883K(15296K)->14883K(15296K) NonClass: 13150K(13376K)->13150K(13376K) Class: 1732K(1920K)->1732K(1920K)
[2022-07-03T08:18:15.197+0000][8][gc          ] GC(2) Pause Young (Normal) (G1 Evacuation Pause) 38M->11M(512M) 21.977ms
[2022-07-03T08:18:15.198+0000][8][gc,cpu      ] GC(2) User=0.02s Sys=0.01s Real=0.02s
[2022-07-03T08:18:15.199+0000][8][safepoint   ] Safepoint "G1CollectForAllocation", Time since last: 1084925293 ns, Reaching safepoint: 211950 ns, At safepoint: 23283663 ns, Total: 23495613 ns
[2022-07-03T08:18:16.201+0000][8][safepoint   ] Safepoint "Cleanup", Time since last: 1001579625 ns, Reaching safepoint: 660047 ns, At safepoint: 30712 ns, Total: 690759 ns
[2022-07-03T08:18:16.739+0000][8][gc,start    ] GC(3) Pause Young (Normal) (G1 Evacuation Pause)
[2022-07-03T08:18:16.740+0000][8][gc,task     ] GC(3) Using 4 workers of 4 for evacuation
[2022-07-03T08:18:16.741+0000][8][gc,age      ] GC(3) Desired survivor size 10485760 bytes, new threshold 15 (max threshold 15)
[2022-07-03T08:18:16.752+0000][8][gc,phases   ] GC(3)   Pre Evacuate Collection Set: 0.7ms
[2022-07-03T08:18:16.753+0000][8][gc,phases   ] GC(3)   Merge Heap Roots: 0.1ms
[2022-07-03T08:18:16.754+0000][8][gc,phases   ] GC(3)   Evacuate Collection Set: 5.5ms
[2022-07-03T08:18:16.755+0000][8][gc,phases   ] GC(3)   Post Evacuate Collection Set: 4.2ms
[2022-07-03T08:18:16.756+0000][8][gc,phases   ] GC(3)   Other: 1.5ms
[2022-07-03T08:18:16.756+0000][8][gc,age      ] GC(3) Age table with threshold 15 (max threshold 15)
[2022-07-03T08:18:16.757+0000][8][gc,age      ] GC(3) - age   1:    4272320 bytes,    4272320 total
[2022-07-03T08:18:16.757+0000][8][gc,age      ] GC(3) - age   2:     901000 bytes,    5173320 total
[2022-07-03T08:18:16.758+0000][8][gc,age      ] GC(3) - age   3:    2050672 bytes,    7223992 total
[2022-07-03T08:18:16.759+0000][8][gc,heap     ] GC(3) Eden regions: 32->0(74)
[2022-07-03T08:18:16.759+0000][8][gc,heap     ] GC(3) Survivor regions: 1->2(5)
[2022-07-03T08:18:16.760+0000][8][gc,heap     ] GC(3) Old regions: 2->2
[2022-07-03T08:18:16.760+0000][8][gc,heap     ] GC(3) Archive regions: 2->2
[2022-07-03T08:18:16.761+0000][8][gc,heap     ] GC(3) Humongous regions: 0->0
[2022-07-03T08:18:16.761+0000][8][gc,metaspace] GC(3) Metaspace: 17048K(17472K)->17048K(17472K) NonClass: 15117K(15360K)->15117K(15360K) Class: 1931K(2112K)->1931K(2112K)
[2022-07-03T08:18:16.762+0000][8][gc          ] GC(3) Pause Young (Normal) (G1 Evacuation Pause) 139M->15M(512M) 23.112ms
[2022-07-03T08:18:16.763+0000][8][gc,cpu      ] GC(3) User=0.02s Sys=0.01s Real=0.02s
[2022-07-03T08:18:16.763+0000][8][safepoint   ] Safepoint "G1CollectForAllocation", Time since last: 537979352 ns, Reaching safepoint: 191145 ns, At safepoint: 24286613 ns, Total: 24477758 ns
[2022-07-03T08:18:17.216+0000][8][gc,start    ] GC(4) Pause Young (Concurrent Start) (Metadata GC Threshold)
[2022-07-03T08:18:17.217+0000][8][gc,task     ] GC(4) Using 4 workers of 4 for evacuation
[2022-07-03T08:18:17.218+0000][8][gc,age      ] GC(4) Desired survivor size 20971520 bytes, new threshold 15 (max threshold 15)
[2022-07-03T08:18:17.228+0000][8][gc,phases   ] GC(4)   Pre Evacuate Collection Set: 0.4ms
[2022-07-03T08:18:17.229+0000][8][gc,phases   ] GC(4)   Merge Heap Roots: 0.1ms
[2022-07-03T08:18:17.229+0000][8][gc,phases   ] GC(4)   Evacuate Collection Set: 7.3ms
[2022-07-03T08:18:17.230+0000][8][gc,phases   ] GC(4)   Post Evacuate Collection Set: 0.8ms
[2022-07-03T08:18:17.231+0000][8][gc,phases   ] GC(4)   Other: 1.8ms
[2022-07-03T08:18:17.231+0000][8][gc,age      ] GC(4) Age table with threshold 15 (max threshold 15)
[2022-07-03T08:18:17.232+0000][8][gc,age      ] GC(4) - age   1:    2000664 bytes,    2000664 total
[2022-07-03T08:18:17.232+0000][8][gc,age      ] GC(4) - age   2:    2026832 bytes,    4027496 total
[2022-07-03T08:18:17.233+0000][8][gc,age      ] GC(4) - age   3:     900272 bytes,    4927768 total
[2022-07-03T08:18:17.234+0000][8][gc,age      ] GC(4) - age   4:    2039776 bytes,    6967544 total
[2022-07-03T08:18:17.235+0000][8][gc,heap     ] GC(4) Eden regions: 6->0(56)
[2022-07-03T08:18:17.235+0000][8][gc,heap     ] GC(4) Survivor regions: 2->2(10)
[2022-07-03T08:18:17.236+0000][8][gc,heap     ] GC(4) Old regions: 2->2
[2022-07-03T08:18:17.238+0000][8][gc,heap     ] GC(4) Archive regions: 2->2
[2022-07-03T08:18:17.238+0000][8][gc,heap     ] GC(4) Humongous regions: 0->0
[2022-07-03T08:18:17.239+0000][8][gc,metaspace] GC(4) Metaspace: 21133K(21504K)->21133K(21504K) NonClass: 18756K(18944K)->18756K(18944K) Class: 2377K(2560K)->2377K(2560K)
[2022-07-03T08:18:17.240+0000][8][gc          ] GC(4) Pause Young (Concurrent Start) (Metadata GC Threshold) 39M->14M(512M) 23.236ms
[2022-07-03T08:18:17.240+0000][8][gc,cpu      ] GC(4) User=0.03s Sys=0.01s Real=0.02s
[2022-07-03T08:18:17.241+0000][8][safepoint   ] Safepoint "CollectForMetadataAllocation", Time since last: 451823912 ns, Reaching safepoint: 1186575 ns, At safepoint: 25076962 ns, Total: 26263537 ns
[2022-07-03T08:18:17.240+0000][8][gc          ] GC(5) Concurrent Mark Cycle
[2022-07-03T08:18:17.244+0000][8][gc,marking  ] GC(5) Concurrent Clear Claimed Marks
[2022-07-03T08:18:17.246+0000][8][gc,marking  ] GC(5) Concurrent Clear Claimed Marks 2.062ms
[2022-07-03T08:18:17.248+0000][8][gc,marking  ] GC(5) Concurrent Scan Root Regions
[2022-07-03T08:18:17.257+0000][8][gc,marking  ] GC(5) Concurrent Scan Root Regions 9.505ms
[2022-07-03T08:18:17.258+0000][8][gc,marking  ] GC(5) Concurrent Mark
[2022-07-03T08:18:17.259+0000][8][gc,marking  ] GC(5) Concurrent Mark From Roots
[2022-07-03T08:18:17.260+0000][8][gc,task     ] GC(5) Using 1 workers of 1 for marking
[2022-07-03T08:18:17.280+0000][8][gc,marking  ] GC(5) Concurrent Mark From Roots 21.218ms
[2022-07-03T08:18:17.281+0000][8][gc,marking  ] GC(5) Concurrent Preclean
[2022-07-03T08:18:17.282+0000][8][gc,marking  ] GC(5) Concurrent Preclean 1.139ms
[2022-07-03T08:18:17.284+0000][8][gc,start    ] GC(5) Pause Remark
[2022-07-03T08:18:17.288+0000][8][gc          ] GC(5) Pause Remark 22M->22M(512M) 4.007ms
[2022-07-03T08:18:17.289+0000][8][gc,cpu      ] GC(5) User=0.01s Sys=0.00s Real=0.00s
[2022-07-03T08:18:17.290+0000][8][safepoint   ] Safepoint "G1Concurrent", Time since last: 42361142 ns, Reaching safepoint: 227774 ns, At safepoint: 6060573 ns, Total: 6288347 ns
[2022-07-03T08:18:17.292+0000][8][gc,marking  ] GC(5) Concurrent Mark 33.886ms
[2022-07-03T08:18:17.303+0000][8][gc,marking  ] GC(5) Concurrent Rebuild Remembered Sets
[2022-07-03T08:18:17.369+0000][8][gc,marking  ] GC(5) Concurrent Rebuild Remembered Sets 65.902ms
[2022-07-03T08:18:17.445+0000][8][gc,start    ] GC(5) Pause Cleanup
[2022-07-03T08:18:17.447+0000][8][gc          ] GC(5) Pause Cleanup 24M->24M(512M) 1.949ms
[2022-07-03T08:18:17.449+0000][8][gc,cpu      ] GC(5) User=0.00s Sys=0.00s Real=0.00s
[2022-07-03T08:18:17.449+0000][8][safepoint   ] Safepoint "G1Concurrent", Time since last: 154449570 ns, Reaching safepoint: 658457 ns, At safepoint: 4069403 ns, Total: 4727860 ns
[2022-07-03T08:18:17.450+0000][8][gc,marking  ] GC(5) Concurrent Cleanup for Next Mark
[2022-07-03T08:18:17.457+0000][8][gc,marking  ] GC(5) Concurrent Cleanup for Next Mark 7.509ms
[2022-07-03T08:18:17.463+0000][8][gc          ] GC(5) Concurrent Mark Cycle 222.337ms
[2022-07-03T08:18:18.450+0000][8][safepoint   ] Safepoint "Cleanup", Time since last: 1000879616 ns, Reaching safepoint: 158200 ns, At safepoint: 23619 ns, Total: 181819 ns
[2022-07-03T08:18:18.659+0000][8][gc,start    ] GC(6) Pause Young (Normal) (G1 Evacuation Pause)
[2022-07-03T08:18:18.660+0000][8][gc,task     ] GC(6) Using 4 workers of 4 for evacuation
[2022-07-03T08:18:18.661+0000][8][gc,age      ] GC(6) Desired survivor size 18874368 bytes, new threshold 15 (max threshold 15)
[2022-07-03T08:18:18.672+0000][8][gc,phases   ] GC(6)   Pre Evacuate Collection Set: 0.2ms
[2022-07-03T08:18:18.673+0000][8][gc,phases   ] GC(6)   Merge Heap Roots: 0.2ms
[2022-07-03T08:18:18.674+0000][8][gc,phases   ] GC(6)   Evacuate Collection Set: 9.0ms
[2022-07-03T08:18:18.674+0000][8][gc,phases   ] GC(6)   Post Evacuate Collection Set: 1.0ms
[2022-07-03T08:18:18.675+0000][8][gc,phases   ] GC(6)   Other: 1.3ms
[2022-07-03T08:18:18.675+0000][8][gc,age      ] GC(6) Age table with threshold 15 (max threshold 15)
[2022-07-03T08:18:18.676+0000][8][gc,age      ] GC(6) - age   1:    5454992 bytes,    5454992 total
[2022-07-03T08:18:18.677+0000][8][gc,age      ] GC(6) - age   2:    1231976 bytes,    6686968 total
[2022-07-03T08:18:18.677+0000][8][gc,age      ] GC(6) - age   3:    2023664 bytes,    8710632 total
[2022-07-03T08:18:18.678+0000][8][gc,age      ] GC(6) - age   4:     897288 bytes,    9607920 total
[2022-07-03T08:18:18.678+0000][8][gc,age      ] GC(6) - age   5:    2039040 bytes,   11646960 total
[2022-07-03T08:18:18.679+0000][8][gc,heap     ] GC(6) Eden regions: 63->0(73)
[2022-07-03T08:18:18.679+0000][8][gc,heap     ] GC(6) Survivor regions: 2->3(9)
[2022-07-03T08:18:18.680+0000][8][gc,heap     ] GC(6) Old regions: 2->2
[2022-07-03T08:18:18.681+0000][8][gc,heap     ] GC(6) Archive regions: 2->2
[2022-07-03T08:18:18.681+0000][8][gc,heap     ] GC(6) Humongous regions: 0->0
[2022-07-03T08:18:18.682+0000][8][gc,metaspace] GC(6) Metaspace: 23560K(24064K)->23560K(24064K) NonClass: 20831K(21120K)->20831K(21120K) Class: 2728K(2944K)->2728K(2944K)
[2022-07-03T08:18:18.683+0000][8][gc          ] GC(6) Pause Young (Normal) (G1 Evacuation Pause) 266M->19M(512M) 24.058ms
[2022-07-03T08:18:18.684+0000][8][gc,cpu      ] GC(6) User=0.02s Sys=0.01s Real=0.03s
[2022-07-03T08:18:18.685+0000][8][safepoint   ] Safepoint "G1CollectForAllocation", Time since last: 208891651 ns, Reaching safepoint: 122615 ns, At safepoint: 25897102 ns, Total: 26019717 ns
[2022-07-03T08:18:19.954+0000][8][gc,start    ] GC(7) Pause Young (Normal) (G1 Evacuation Pause)
[2022-07-03T08:18:19.955+0000][8][gc,task     ] GC(7) Using 4 workers of 4 for evacuation
[2022-07-03T08:18:19.956+0000][8][gc,age      ] GC(7) Desired survivor size 20971520 bytes, new threshold 15 (max threshold 15)
[2022-07-03T08:18:19.966+0000][8][gc,phases   ] GC(7)   Pre Evacuate Collection Set: 0.1ms
[2022-07-03T08:18:19.967+0000][8][gc,phases   ] GC(7)   Merge Heap Roots: 0.2ms
[2022-07-03T08:18:19.968+0000][8][gc,phases   ] GC(7)   Evacuate Collection Set: 8.5ms
[2022-07-03T08:18:19.968+0000][8][gc,phases   ] GC(7)   Post Evacuate Collection Set: 0.9ms
[2022-07-03T08:18:19.969+0000][8][gc,phases   ] GC(7)   Other: 1.4ms
[2022-07-03T08:18:19.970+0000][8][gc,age      ] GC(7) Age table with threshold 15 (max threshold 15)
[2022-07-03T08:18:19.970+0000][8][gc,age      ] GC(7) - age   1:    4611960 bytes,    4611960 total
[2022-07-03T08:18:19.971+0000][8][gc,age      ] GC(7) - age   2:    4948840 bytes,    9560800 total
[2022-07-03T08:18:19.972+0000][8][gc,age      ] GC(7) - age   3:    1230008 bytes,   10790808 total
[2022-07-03T08:18:19.973+0000][8][gc,age      ] GC(7) - age   4:    2021104 bytes,   12811912 total
[2022-07-03T08:18:19.974+0000][8][gc,age      ] GC(7) - age   5:     877096 bytes,   13689008 total
[2022-07-03T08:18:19.974+0000][8][gc,age      ] GC(7) - age   6:    2036728 bytes,   15725736 total
[2022-07-03T08:18:19.975+0000][8][gc,heap     ] GC(7) Eden regions: 73->0(72)
[2022-07-03T08:18:19.976+0000][8][gc,heap     ] GC(7) Survivor regions: 3->4(10)
[2022-07-03T08:18:19.976+0000][8][gc,heap     ] GC(7) Old regions: 2->2
[2022-07-03T08:18:19.977+0000][8][gc,heap     ] GC(7) Archive regions: 2->2
[2022-07-03T08:18:19.978+0000][8][gc,heap     ] GC(7) Humongous regions: 0->0
[2022-07-03T08:18:19.978+0000][8][gc,metaspace] GC(7) Metaspace: 29456K(30016K)->29456K(30016K) NonClass: 26063K(26368K)->26063K(26368K) Class: 3392K(3648K)->3392K(3648K)
[2022-07-03T08:18:19.980+0000][8][gc          ] GC(7) Pause Young (Normal) (G1 Evacuation Pause) 311M->23M(512M) 25.175ms
[2022-07-03T08:18:19.980+0000][8][gc,cpu      ] GC(7) User=0.02s Sys=0.00s Real=0.02s
[2022-07-03T08:18:19.981+0000][8][safepoint   ] Safepoint "G1CollectForAllocation", Time since last: 1268861136 ns, Reaching safepoint: 277728 ns, At safepoint: 27012904 ns, Total: 27290632 ns
[2022-07-03T08:18:20.727+0000][8][gc,start    ] GC(8) Pause Young (Normal) (G1 Evacuation Pause)
[2022-07-03T08:18:20.729+0000][8][gc,task     ] GC(8) Using 4 workers of 4 for evacuation
[2022-07-03T08:18:20.729+0000][8][gc,age      ] GC(8) Desired survivor size 20971520 bytes, new threshold 15 (max threshold 15)
[2022-07-03T08:18:20.746+0000][8][gc,phases   ] GC(8)   Pre Evacuate Collection Set: 0.1ms
[2022-07-03T08:18:20.746+0000][8][gc,phases   ] GC(8)   Merge Heap Roots: 0.1ms
[2022-07-03T08:18:20.747+0000][8][gc,phases   ] GC(8)   Evacuate Collection Set: 14.3ms
[2022-07-03T08:18:20.748+0000][8][gc,phases   ] GC(8)   Post Evacuate Collection Set: 1.1ms
[2022-07-03T08:18:20.748+0000][8][gc,phases   ] GC(8)   Other: 1.3ms
[2022-07-03T08:18:20.749+0000][8][gc,age      ] GC(8) Age table with threshold 15 (max threshold 15)
[2022-07-03T08:18:20.750+0000][8][gc,age      ] GC(8) - age   1:    3575248 bytes,    3575248 total
[2022-07-03T08:18:20.750+0000][8][gc,age      ] GC(8) - age   2:    3862912 bytes,    7438160 total
[2022-07-03T08:18:20.751+0000][8][gc,age      ] GC(8) - age   3:    4947568 bytes,   12385728 total
[2022-07-03T08:18:20.751+0000][8][gc,age      ] GC(8) - age   4:    1230008 bytes,   13615736 total
[2022-07-03T08:18:20.752+0000][8][gc,age      ] GC(8) - age   5:    2020896 bytes,   15636632 total
[2022-07-03T08:18:20.754+0000][8][gc,age      ] GC(8) - age   6:     876152 bytes,   16512784 total
[2022-07-03T08:18:20.755+0000][8][gc,age      ] GC(8) - age   7:    2034008 bytes,   18546792 total
[2022-07-03T08:18:20.756+0000][8][gc,heap     ] GC(8) Eden regions: 72->0(71)
[2022-07-03T08:18:20.757+0000][8][gc,heap     ] GC(8) Survivor regions: 4->5(10)
[2022-07-03T08:18:20.758+0000][8][gc,heap     ] GC(8) Old regions: 2->2
[2022-07-03T08:18:20.758+0000][8][gc,heap     ] GC(8) Archive regions: 2->2
[2022-07-03T08:18:20.759+0000][8][gc,heap     ] GC(8) Humongous regions: 0->0
[2022-07-03T08:18:20.759+0000][8][gc,metaspace] GC(8) Metaspace: 31044K(31808K)->31044K(31808K) NonClass: 27431K(27904K)->27431K(27904K) Class: 3612K(3904K)->3612K(3904K)
[2022-07-03T08:18:20.760+0000][8][gc          ] GC(8) Pause Young (Normal) (G1 Evacuation Pause) 311M->27M(512M) 32.458ms
[2022-07-03T08:18:20.760+0000][8][gc,cpu      ] GC(8) User=0.03s Sys=0.01s Real=0.03s
[2022-07-03T08:18:20.761+0000][8][safepoint   ] Safepoint "G1CollectForAllocation", Time since last: 745810005 ns, Reaching safepoint: 240261 ns, At safepoint: 33700765 ns, Total: 33941026 ns
[2022-07-03T08:18:21.676+0000][8][gc,start    ] GC(9) Pause Young (Concurrent Start) (Metadata GC Threshold)
[2022-07-03T08:18:21.677+0000][8][gc,task     ] GC(9) Using 4 workers of 4 for evacuation
[2022-07-03T08:18:21.678+0000][8][gc,age      ] GC(9) Desired survivor size 20971520 bytes, new threshold 15 (max threshold 15)
[2022-07-03T08:18:21.700+0000][8][gc,phases   ] GC(9)   Pre Evacuate Collection Set: 0.2ms
[2022-07-03T08:18:21.701+0000][8][gc,phases   ] GC(9)   Merge Heap Roots: 0.1ms
[2022-07-03T08:18:21.702+0000][8][gc,phases   ] GC(9)   Evacuate Collection Set: 18.3ms
[2022-07-03T08:18:21.702+0000][8][gc,phases   ] GC(9)   Post Evacuate Collection Set: 2.7ms
[2022-07-03T08:18:21.703+0000][8][gc,phases   ] GC(9)   Other: 1.6ms
[2022-07-03T08:18:21.703+0000][8][gc,age      ] GC(9) Age table with threshold 15 (max threshold 15)
[2022-07-03T08:18:21.704+0000][8][gc,age      ] GC(9) - age   1:    1855584 bytes,    1855584 total
[2022-07-03T08:18:21.705+0000][8][gc,age      ] GC(9) - age   2:    2811616 bytes,    4667200 total
[2022-07-03T08:18:21.705+0000][8][gc,age      ] GC(9) - age   3:    3849352 bytes,    8516552 total
[2022-07-03T08:18:21.706+0000][8][gc,age      ] GC(9) - age   4:    4932976 bytes,   13449528 total
[2022-07-03T08:18:21.706+0000][8][gc,age      ] GC(9) - age   5:    1208648 bytes,   14658176 total
[2022-07-03T08:18:21.707+0000][8][gc,age      ] GC(9) - age   6:    1952640 bytes,   16610816 total
[2022-07-03T08:18:21.708+0000][8][gc,age      ] GC(9) - age   7:     865240 bytes,   17476056 total
[2022-07-03T08:18:21.708+0000][8][gc,age      ] GC(9) - age   8:    2020600 bytes,   19496656 total
[2022-07-03T08:18:21.709+0000][8][gc,heap     ] GC(9) Eden regions: 43->0(71)
[2022-07-03T08:18:21.710+0000][8][gc,heap     ] GC(9) Survivor regions: 5->5(10)
[2022-07-03T08:18:21.710+0000][8][gc,heap     ] GC(9) Old regions: 2->2
[2022-07-03T08:18:21.711+0000][8][gc,heap     ] GC(9) Archive regions: 2->2
[2022-07-03T08:18:21.711+0000][8][gc,heap     ] GC(9) Humongous regions: 0->0
[2022-07-03T08:18:21.712+0000][8][gc,metaspace] GC(9) Metaspace: 35140K(35968K)->35140K(35968K) NonClass: 31015K(31488K)->31015K(31488K) Class: 4124K(4480K)->4124K(4480K)
[2022-07-03T08:18:21.712+0000][8][gc          ] GC(9) Pause Young (Concurrent Start) (Metadata GC Threshold) 197M->27M(512M) 36.414ms
[2022-07-03T08:18:21.713+0000][8][gc,cpu      ] GC(9) User=0.07s Sys=0.01s Real=0.03s
[2022-07-03T08:18:21.714+0000][8][gc          ] GC(10) Concurrent Mark Cycle
[2022-07-03T08:18:21.715+0000][8][gc,marking  ] GC(10) Concurrent Clear Claimed Marks
[2022-07-03T08:18:21.715+0000][8][gc,marking  ] GC(10) Concurrent Clear Claimed Marks 0.771ms
[2022-07-03T08:18:21.716+0000][8][gc,marking  ] GC(10) Concurrent Scan Root Regions
[2022-07-03T08:18:21.715+0000][8][safepoint   ] Safepoint "CollectForMetadataAllocation", Time since last: 914610098 ns, Reaching safepoint: 204256 ns, At safepoint: 38649826 ns, Total: 38854082 ns
[2022-07-03T08:18:21.732+0000][8][gc,marking  ] GC(10) Concurrent Scan Root Regions 16.062ms
[2022-07-03T08:18:21.738+0000][8][gc,marking  ] GC(10) Concurrent Mark
[2022-07-03T08:18:21.739+0000][8][gc,marking  ] GC(10) Concurrent Mark From Roots
[2022-07-03T08:18:21.740+0000][8][gc,task     ] GC(10) Using 1 workers of 1 for marking
[2022-07-03T08:18:21.748+0000][8][gc,marking  ] GC(10) Concurrent Mark From Roots 8.523ms
[2022-07-03T08:18:21.750+0000][8][gc,marking  ] GC(10) Concurrent Preclean
[2022-07-03T08:18:21.752+0000][8][gc,marking  ] GC(10) Concurrent Preclean 2.594ms
[2022-07-03T08:18:21.753+0000][8][gc,start    ] GC(10) Pause Remark
[2022-07-03T08:18:21.759+0000][8][gc          ] GC(10) Pause Remark 29M->29M(512M) 5.770ms
[2022-07-03T08:18:21.760+0000][8][gc,cpu      ] GC(10) User=0.01s Sys=0.00s Real=0.00s
[2022-07-03T08:18:21.760+0000][8][safepoint   ] Safepoint "G1Concurrent", Time since last: 38349351 ns, Reaching safepoint: 272267 ns, At safepoint: 7231366 ns, Total: 7503633 ns
[2022-07-03T08:18:21.761+0000][8][gc,marking  ] GC(10) Concurrent Mark 22.864ms
[2022-07-03T08:18:21.762+0000][8][gc,marking  ] GC(10) Concurrent Rebuild Remembered Sets
[2022-07-03T08:18:21.769+0000][8][gc,marking  ] GC(10) Concurrent Rebuild Remembered Sets 7.088ms
[2022-07-03T08:18:21.770+0000][8][gc,start    ] GC(10) Pause Cleanup
[2022-07-03T08:18:21.771+0000][8][gc          ] GC(10) Pause Cleanup 29M->29M(512M) 0.938ms
[2022-07-03T08:18:21.771+0000][8][gc,cpu      ] GC(10) User=0.00s Sys=0.00s Real=0.00s
[2022-07-03T08:18:21.772+0000][8][safepoint   ] Safepoint "G1Concurrent", Time since last: 9040469 ns, Reaching safepoint: 192135 ns, At safepoint: 2264081 ns, Total: 2456216 ns
[2022-07-03T08:18:21.773+0000][8][gc,marking  ] GC(10) Concurrent Cleanup for Next Mark
[2022-07-03T08:18:21.775+0000][8][gc,marking  ] GC(10) Concurrent Cleanup for Next Mark 1.281ms
[2022-07-03T08:18:21.775+0000][8][gc          ] GC(10) Concurrent Mark Cycle 61.401ms
[2022-07-03T08:18:23.561+0000][8][safepoint   ] Safepoint "ICBufferFull", Time since last: 1788449286 ns, Reaching safepoint: 437694 ns, At safepoint: 5408 ns, Total: 443102 ns
[2022-07-03T08:18:24.565+0000][8][safepoint   ] Safepoint "Cleanup", Time since last: 1002530631 ns, Reaching safepoint: 1240224 ns, At safepoint: 10130 ns, Total: 1250354 ns
[2022-07-03T08:18:25.764+0000][8][safepoint   ] Safepoint "Cleanup", Time since last: 1198621128 ns, Reaching safepoint: 503356 ns, At safepoint: 27942 ns, Total: 531298 ns
[2022-07-03T08:18:26.144+0000][8][gc,start    ] GC(11) Pause Young (Normal) (G1 Evacuation Pause)
[2022-07-03T08:18:26.145+0000][8][gc,task     ] GC(11) Using 4 workers of 4 for evacuation
[2022-07-03T08:18:26.146+0000][8][gc,age      ] GC(11) Desired survivor size 20971520 bytes, new threshold 15 (max threshold 15)
[2022-07-03T08:18:26.193+0000][8][gc,phases   ] GC(11)   Pre Evacuate Collection Set: 0.1ms
[2022-07-03T08:18:26.194+0000][8][gc,phases   ] GC(11)   Merge Heap Roots: 0.1ms
[2022-07-03T08:18:26.195+0000][8][gc,phases   ] GC(11)   Evacuate Collection Set: 37.8ms
[2022-07-03T08:18:26.195+0000][8][gc,phases   ] GC(11)   Post Evacuate Collection Set: 8.5ms
[2022-07-03T08:18:26.196+0000][8][gc,phases   ] GC(11)   Other: 1.4ms
[2022-07-03T08:18:26.197+0000][8][gc,age      ] GC(11) Age table with threshold 15 (max threshold 15)
[2022-07-03T08:18:26.198+0000][8][gc,age      ] GC(11) - age   1:   20013952 bytes,   20013952 total
[2022-07-03T08:18:26.199+0000][8][gc,age      ] GC(11) - age   2:    1760104 bytes,   21774056 total
[2022-07-03T08:18:26.199+0000][8][gc,age      ] GC(11) - age   3:    2797456 bytes,   24571512 total
[2022-07-03T08:18:26.200+0000][8][gc,age      ] GC(11) - age   4:    3838704 bytes,   28410216 total
[2022-07-03T08:18:26.200+0000][8][gc,age      ] GC(11) - age   5:    4918152 bytes,   33328368 total
[2022-07-03T08:18:26.201+0000][8][gc,age      ] GC(11) - age   6:    1207488 bytes,   34535856 total
[2022-07-03T08:18:26.201+0000][8][gc,age      ] GC(11) - age   7:    1950528 bytes,   36486384 total
[2022-07-03T08:18:26.203+0000][8][gc,age      ] GC(11) - age   8:     857152 bytes,   37343536 total
[2022-07-03T08:18:26.203+0000][8][gc,age      ] GC(11) - age   9:    2016392 bytes,   39359928 total
[2022-07-03T08:18:26.204+0000][8][gc,heap     ] GC(11) Eden regions: 71->0(66)
[2022-07-03T08:18:26.205+0000][8][gc,heap     ] GC(11) Survivor regions: 5->10(10)
[2022-07-03T08:18:26.205+0000][8][gc,heap     ] GC(11) Old regions: 2->2
[2022-07-03T08:18:26.206+0000][8][gc,heap     ] GC(11) Archive regions: 2->2
[2022-07-03T08:18:26.208+0000][8][gc,heap     ] GC(11) Humongous regions: 0->0
[2022-07-03T08:18:26.209+0000][8][gc,metaspace] GC(11) Metaspace: 47274K(48448K)->47274K(48448K) NonClass: 41431K(42112K)->41431K(42112K) Class: 5843K(6336K)->5843K(6336K)
[2022-07-03T08:18:26.209+0000][8][gc          ] GC(11) Pause Young (Normal) (G1 Evacuation Pause) 311M->46M(512M) 65.321ms
[2022-07-03T08:18:26.210+0000][8][gc,cpu      ] GC(11) User=0.10s Sys=0.01s Real=0.06s
[2022-07-03T08:18:26.211+0000][8][safepoint   ] Safepoint "G1CollectForAllocation", Time since last: 379837435 ns, Reaching safepoint: 581093 ns, At safepoint: 66761743 ns, Total: 67342836 ns
[2022-07-03T08:18:27.624+0000][8][gc,start    ] GC(12) Pause Young (Concurrent Start) (Metadata GC Threshold)
[2022-07-03T08:18:27.625+0000][8][gc,task     ] GC(12) Using 4 workers of 4 for evacuation
[2022-07-03T08:18:27.626+0000][8][gc,age      ] GC(12) Desired survivor size 20971520 bytes, new threshold 2 (max threshold 15)
[2022-07-03T08:18:27.663+0000][8][gc,phases   ] GC(12)   Pre Evacuate Collection Set: 0.3ms
[2022-07-03T08:18:27.664+0000][8][gc,phases   ] GC(12)   Merge Heap Roots: 0.1ms
[2022-07-03T08:18:27.664+0000][8][gc,phases   ] GC(12)   Evacuate Collection Set: 33.4ms
[2022-07-03T08:18:27.665+0000][8][gc,phases   ] GC(12)   Post Evacuate Collection Set: 2.5ms
[2022-07-03T08:18:27.666+0000][8][gc,phases   ] GC(12)   Other: 1.6ms
[2022-07-03T08:18:27.667+0000][8][gc,age      ] GC(12) Age table with threshold 2 (max threshold 15)
[2022-07-03T08:18:27.667+0000][8][gc,age      ] GC(12) - age   1:    4764704 bytes,    4764704 total
[2022-07-03T08:18:27.668+0000][8][gc,age      ] GC(12) - age   2:   19728584 bytes,   24493288 total
[2022-07-03T08:18:27.669+0000][8][gc,heap     ] GC(12) Eden regions: 29->0(69)
[2022-07-03T08:18:27.670+0000][8][gc,heap     ] GC(12) Survivor regions: 10->7(10)
[2022-07-03T08:18:27.671+0000][8][gc,heap     ] GC(12) Old regions: 2->6
[2022-07-03T08:18:27.672+0000][8][gc,heap     ] GC(12) Archive regions: 2->2
[2022-07-03T08:18:27.672+0000][8][gc,heap     ] GC(12) Humongous regions: 0->0
[2022-07-03T08:18:27.673+0000][8][gc,metaspace] GC(12) Metaspace: 58880K(60288K)->58880K(60288K) NonClass: 51285K(52096K)->51285K(52096K) Class: 7595K(8192K)->7595K(8192K)
[2022-07-03T08:18:27.674+0000][8][gc          ] GC(12) Pause Young (Concurrent Start) (Metadata GC Threshold) 162M->54M(512M) 50.366ms
[2022-07-03T08:18:27.675+0000][8][gc,cpu      ] GC(12) User=0.10s Sys=0.00s Real=0.05s
[2022-07-03T08:18:27.675+0000][8][gc          ] GC(13) Concurrent Mark Cycle
[2022-07-03T08:18:27.677+0000][8][gc,marking  ] GC(13) Concurrent Clear Claimed Marks
[2022-07-03T08:18:27.676+0000][8][safepoint   ] Safepoint "CollectForMetadataAllocation", Time since last: 1412477158 ns, Reaching safepoint: 159168 ns, At safepoint: 52855184 ns, Total: 53014352 ns
[2022-07-03T08:18:27.678+0000][8][gc,marking  ] GC(13) Concurrent Clear Claimed Marks 0.983ms
[2022-07-03T08:18:27.684+0000][8][gc,marking  ] GC(13) Concurrent Scan Root Regions
[2022-07-03T08:18:27.730+0000][8][gc,marking  ] GC(13) Concurrent Scan Root Regions 46.273ms
[2022-07-03T08:18:27.731+0000][8][gc,marking  ] GC(13) Concurrent Mark
[2022-07-03T08:18:27.732+0000][8][gc,marking  ] GC(13) Concurrent Mark From Roots
[2022-07-03T08:18:27.733+0000][8][gc,task     ] GC(13) Using 1 workers of 1 for marking
[2022-07-03T08:18:27.744+0000][8][gc,marking  ] GC(13) Concurrent Mark From Roots 11.584ms
[2022-07-03T08:18:27.745+0000][8][gc,marking  ] GC(13) Concurrent Preclean
[2022-07-03T08:18:27.746+0000][8][gc,marking  ] GC(13) Concurrent Preclean 0.871ms
[2022-07-03T08:18:27.748+0000][8][gc,start    ] GC(13) Pause Remark
[2022-07-03T08:18:27.755+0000][8][gc          ] GC(13) Pause Remark 58M->58M(512M) 6.471ms
[2022-07-03T08:18:27.755+0000][8][gc,cpu      ] GC(13) User=0.01s Sys=0.00s Real=0.01s
[2022-07-03T08:18:27.756+0000][8][safepoint   ] Safepoint "G1Concurrent", Time since last: 71262937 ns, Reaching safepoint: 465930 ns, At safepoint: 8273616 ns, Total: 8739546 ns
[2022-07-03T08:18:27.758+0000][8][gc,marking  ] GC(13) Concurrent Mark 26.427ms
[2022-07-03T08:18:27.759+0000][8][gc,marking  ] GC(13) Concurrent Rebuild Remembered Sets
[2022-07-03T08:18:27.778+0000][8][gc,marking  ] GC(13) Concurrent Rebuild Remembered Sets 19.219ms
[2022-07-03T08:18:27.780+0000][8][gc,start    ] GC(13) Pause Cleanup
[2022-07-03T08:18:27.781+0000][8][gc          ] GC(13) Pause Cleanup 58M->58M(512M) 1.568ms
[2022-07-03T08:18:27.782+0000][8][gc,cpu      ] GC(13) User=0.00s Sys=0.00s Real=0.00s
[2022-07-03T08:18:27.783+0000][8][safepoint   ] Safepoint "G1Concurrent", Time since last: 22587699 ns, Reaching safepoint: 563693 ns, At safepoint: 3453813 ns, Total: 4017506 ns
[2022-07-03T08:18:27.784+0000][8][gc,marking  ] GC(13) Concurrent Cleanup for Next Mark
[2022-07-03T08:18:27.786+0000][8][gc,marking  ] GC(13) Concurrent Cleanup for Next Mark 1.375ms
[2022-07-03T08:18:27.787+0000][8][gc          ] GC(13) Concurrent Mark Cycle 111.881ms
[2022-07-03T08:18:28.801+0000][8][safepoint   ] Safepoint "Cleanup", Time since last: 1009711527 ns, Reaching safepoint: 7912335 ns, At safepoint: 9230 ns, Total: 7921565 ns
[2022-07-03T08:18:30.769+0000][8][safepoint   ] Safepoint "Cleanup", Time since last: 1954348837 ns, Reaching safepoint: 13849345 ns, At safepoint: 8577 ns, Total: 13857922 ns
[2022-07-03T08:18:32.213+0000][8][safepoint   ] Safepoint "Cleanup", Time since last: 1443448455 ns, Reaching safepoint: 333475 ns, At safepoint: 25304 ns, Total: 358779 ns
[2022-07-03T08:18:32.930+0000][8][gc,start    ] GC(14) Pause Young (Normal) (G1 Evacuation Pause)
[2022-07-03T08:18:32.931+0000][8][gc,task     ] GC(14) Using 4 workers of 4 for evacuation
[2022-07-03T08:18:32.932+0000][8][gc,age      ] GC(14) Desired survivor size 20971520 bytes, new threshold 2 (max threshold 15)
[2022-07-03T08:18:32.997+0000][8][gc,phases   ] GC(14)   Pre Evacuate Collection Set: 0.1ms
[2022-07-03T08:18:33.000+0000][8][gc,phases   ] GC(14)   Merge Heap Roots: 0.3ms
[2022-07-03T08:18:33.000+0000][8][gc,phases   ] GC(14)   Evacuate Collection Set: 49.8ms
[2022-07-03T08:18:33.002+0000][8][gc,phases   ] GC(14)   Post Evacuate Collection Set: 13.0ms
[2022-07-03T08:18:33.004+0000][8][gc,phases   ] GC(14)   Other: 2.5ms
[2022-07-03T08:18:33.005+0000][8][gc,age      ] GC(14) Age table with threshold 2 (max threshold 15)
[2022-07-03T08:18:33.006+0000][8][gc,age      ] GC(14) - age   1:    6447512 bytes,    6447512 total
[2022-07-03T08:18:33.007+0000][8][gc,age      ] GC(14) - age   2:    4530392 bytes,   10977904 total
[2022-07-03T08:18:33.007+0000][8][gc,heap     ] GC(14) Eden regions: 69->0(72)
[2022-07-03T08:18:33.008+0000][8][gc,heap     ] GC(14) Survivor regions: 7->4(10)
[2022-07-03T08:18:33.009+0000][8][gc,heap     ] GC(14) Old regions: 6->11
[2022-07-03T08:18:33.011+0000][8][gc,heap     ] GC(14) Archive regions: 2->2
[2022-07-03T08:18:33.012+0000][8][gc,heap     ] GC(14) Humongous regions: 0->0
[2022-07-03T08:18:33.012+0000][8][gc,metaspace] GC(14) Metaspace: 71967K(73408K)->71967K(73408K) NonClass: 62571K(63424K)->62571K(63424K) Class: 9395K(9984K)->9395K(9984K)
[2022-07-03T08:18:33.013+0000][8][gc          ] GC(14) Pause Young (Normal) (G1 Evacuation Pause) 330M->59M(512M) 83.026ms
[2022-07-03T08:18:33.014+0000][8][gc,cpu      ] GC(14) User=0.21s Sys=0.00s Real=0.09s
[2022-07-03T08:18:33.015+0000][8][safepoint   ] Safepoint "G1CollectForAllocation", Time since last: 717155853 ns, Reaching safepoint: 464541 ns, At safepoint: 84859238 ns, Total: 85323779 ns
[2022-07-03T08:18:34.031+0000][8][safepoint   ] Safepoint "Cleanup", Time since last: 1006481420 ns, Reaching safepoint: 8169176 ns, At safepoint: 1249675 ns, Total: 9418851 ns
[2022-07-03T08:18:35.745+0000][8][safepoint   ] Safepoint "Cleanup", Time since last: 1714276097 ns, Reaching safepoint: 179028 ns, At safepoint: 3186 ns, Total: 182214 ns
[2022-07-03T08:18:36.762+0000][8][safepoint   ] Safepoint "Cleanup", Time since last: 1015395173 ns, Reaching safepoint: 1227341 ns, At safepoint: 90060 ns, Total: 1317401 ns
[2022-07-03T08:18:37.766+0000][8][safepoint   ] Safepoint "Cleanup", Time since last: 1003283924 ns, Reaching safepoint: 400356 ns, At safepoint: 51328 ns, Total: 451684 ns
[2022-07-03T08:18:38.783+0000][8][safepoint   ] Safepoint "Cleanup", Time since last: 1016856325 ns, Reaching safepoint: 590071 ns, At safepoint: 35194 ns, Total: 625265 ns
[2022-07-03T08:18:39.787+0000][8][safepoint   ] Safepoint "Cleanup", Time since last: 1003064773 ns, Reaching safepoint: 121651 ns, At safepoint: 3816 ns, Total: 125467 ns
[2022-07-03T08:18:40.677+0000][8][gc,start    ] GC(15) Pause Young (Concurrent Start) (Metadata GC Threshold)
[2022-07-03T08:18:40.680+0000][8][gc,task     ] GC(15) Using 4 workers of 4 for evacuation
[2022-07-03T08:18:40.682+0000][8][gc,age      ] GC(15) Desired survivor size 20971520 bytes, new threshold 15 (max threshold 15)
[2022-07-03T08:18:40.828+0000][8][gc,phases   ] GC(15)   Pre Evacuate Collection Set: 1.4ms
[2022-07-03T08:18:40.829+0000][8][gc,phases   ] GC(15)   Merge Heap Roots: 2.5ms
[2022-07-03T08:18:40.830+0000][8][gc,phases   ] GC(15)   Evacuate Collection Set: 128.7ms
[2022-07-03T08:18:40.831+0000][8][gc,phases   ] GC(15)   Post Evacuate Collection Set: 8.6ms
[2022-07-03T08:18:40.832+0000][8][gc,phases   ] GC(15)   Other: 6.0ms
[2022-07-03T08:18:40.833+0000][8][gc,age      ] GC(15) Age table with threshold 15 (max threshold 15)
[2022-07-03T08:18:40.835+0000][8][gc,age      ] GC(15) - age   1:   10935400 bytes,   10935400 total
[2022-07-03T08:18:40.836+0000][8][gc,age      ] GC(15) - age   2:    6210432 bytes,   17145832 total
[2022-07-03T08:18:40.839+0000][8][gc,age      ] GC(15) - age   3:    4423016 bytes,   21568848 total
[2022-07-03T08:18:40.840+0000][8][gc,heap     ] GC(15) Eden regions: 46->0(70)
[2022-07-03T08:18:40.841+0000][8][gc,heap     ] GC(15) Survivor regions: 4->6(10)
[2022-07-03T08:18:40.843+0000][8][gc,heap     ] GC(15) Old regions: 11->11
[2022-07-03T08:18:40.851+0000][8][gc,heap     ] GC(15) Archive regions: 2->2
[2022-07-03T08:18:40.860+0000][8][gc,heap     ] GC(15) Humongous regions: 0->0
[2022-07-03T08:18:40.861+0000][8][gc,metaspace] GC(15) Metaspace: 98222K(101056K)->98222K(101056K) NonClass: 84925K(86336K)->84925K(86336K) Class: 13297K(14720K)->13297K(14720K)
[2022-07-03T08:18:40.864+0000][8][gc          ] GC(15) Pause Young (Concurrent Start) (Metadata GC Threshold) 241M->67M(512M) 187.010ms
[2022-07-03T08:18:40.865+0000][8][gc,cpu      ] GC(15) User=0.46s Sys=0.04s Real=0.19s
[2022-07-03T08:18:40.865+0000][8][gc          ] GC(16) Concurrent Mark Cycle
[2022-07-03T08:18:40.867+0000][8][gc,marking  ] GC(16) Concurrent Clear Claimed Marks
[2022-07-03T08:18:40.867+0000][8][safepoint   ] Safepoint "CollectForMetadataAllocation", Time since last: 889725521 ns, Reaching safepoint: 699056 ns, At safepoint: 189715540 ns, Total: 190414596 ns
[2022-07-03T08:18:40.869+0000][8][gc,marking  ] GC(16) Concurrent Clear Claimed Marks 1.383ms
[2022-07-03T08:18:40.869+0000][8][gc,marking  ] GC(16) Concurrent Scan Root Regions
[2022-07-03T08:18:40.991+0000][8][gc,marking  ] GC(16) Concurrent Scan Root Regions 121.854ms
[2022-07-03T08:18:41.001+0000][8][gc,marking  ] GC(16) Concurrent Mark
[2022-07-03T08:18:41.005+0000][8][gc,marking  ] GC(16) Concurrent Mark From Roots
[2022-07-03T08:18:41.007+0000][8][gc,task     ] GC(16) Using 1 workers of 1 for marking
[2022-07-03T08:18:41.065+0000][8][safepoint   ] Safepoint "CollectForMetadataAllocation", Time since last: 197580354 ns, Reaching safepoint: 529462 ns, At safepoint: 352872 ns, Total: 882334 ns
[2022-07-03T08:18:41.130+0000][8][safepoint   ] Safepoint "CollectForMetadataAllocation", Time since last: 61155225 ns, Reaching safepoint: 3797185 ns, At safepoint: 301975 ns, Total: 4099160 ns
[2022-07-03T08:18:41.212+0000][8][gc,marking  ] GC(16) Concurrent Mark From Roots 206.793ms
[2022-07-03T08:18:41.215+0000][8][gc,marking  ] GC(16) Concurrent Preclean
[2022-07-03T08:18:41.216+0000][8][gc,marking  ] GC(16) Concurrent Preclean 0.952ms
[2022-07-03T08:18:41.218+0000][8][gc,start    ] GC(16) Pause Remark
[2022-07-03T08:18:41.307+0000][8][gc          ] GC(16) Pause Remark 75M->75M(512M) 88.405ms
[2022-07-03T08:18:41.308+0000][8][gc,cpu      ] GC(16) User=0.24s Sys=0.01s Real=0.09s
[2022-07-03T08:18:41.310+0000][8][safepoint   ] Safepoint "G1Concurrent", Time since last: 86649890 ns, Reaching safepoint: 1158952 ns, At safepoint: 92051609 ns, Total: 93210561 ns
[2022-07-03T08:18:41.314+0000][8][gc,marking  ] GC(16) Concurrent Mark 313.365ms
[2022-07-03T08:18:41.315+0000][8][gc,marking  ] GC(16) Concurrent Rebuild Remembered Sets
[2022-07-03T08:18:41.473+0000][8][gc,marking  ] GC(16) Concurrent Rebuild Remembered Sets 157.964ms
[2022-07-03T08:18:41.476+0000][8][gc,start    ] GC(16) Pause Cleanup
[2022-07-03T08:18:41.478+0000][8][gc          ] GC(16) Pause Cleanup 79M->79M(512M) 1.859ms
[2022-07-03T08:18:41.479+0000][8][gc,cpu      ] GC(16) User=0.00s Sys=0.00s Real=0.00s
[2022-07-03T08:18:41.480+0000][8][safepoint   ] Safepoint "G1Concurrent", Time since last: 164910266 ns, Reaching safepoint: 640268 ns, At safepoint: 4383035 ns, Total: 5023303 ns
[2022-07-03T08:18:41.481+0000][8][gc,marking  ] GC(16) Concurrent Cleanup for Next Mark
[2022-07-03T08:18:41.483+0000][8][gc,marking  ] GC(16) Concurrent Cleanup for Next Mark 2.192ms
[2022-07-03T08:18:41.484+0000][8][gc          ] GC(16) Concurrent Mark Cycle 618.486ms
[2022-07-03T08:18:41.653+0000][8][safepoint   ] Safepoint "ICBufferFull", Time since last: 207989043 ns, Reaching safepoint: 180380 ns, At safepoint: 25783 ns, Total: 206163 ns
[2022-07-03T08:18:42.745+0000][8][safepoint   ] Safepoint "Cleanup", Time since last: 1091733605 ns, Reaching safepoint: 718639 ns, At safepoint: 66280 ns, Total: 784919 ns
[2022-07-03T08:18:44.725+0000][8][safepoint   ] Safepoint "Cleanup", Time since last: 1978817969 ns, Reaching safepoint: 897079 ns, At safepoint: 10822 ns, Total: 907901 ns
[2022-07-03T08:18:45.846+0000][8][safepoint   ] Safepoint "Cleanup", Time since last: 1120568170 ns, Reaching safepoint: 183945 ns, At safepoint: 10069 ns, Total: 194014 ns
[2022-07-03T08:18:46.581+0000][8][safepoint   ] Safepoint "ICBufferFull", Time since last: 734370872 ns, Reaching safepoint: 480152 ns, At safepoint: 31886 ns, Total: 512038 ns
[2022-07-03T08:18:47.116+0000][8][safepoint   ] Safepoint "ICBufferFull", Time since last: 531647520 ns, Reaching safepoint: 3370713 ns, At safepoint: 74453 ns, Total: 3445166 ns
[2022-07-03T08:18:48.118+0000][8][safepoint   ] Safepoint "Cleanup", Time since last: 1001772530 ns, Reaching safepoint: 163557 ns, At safepoint: 8049 ns, Total: 171606 ns
[2022-07-03T08:18:49.125+0000][8][safepoint   ] Safepoint "Cleanup", Time since last: 1006901199 ns, Reaching safepoint: 197884 ns, At safepoint: 9737 ns, Total: 207621 ns
[2022-07-03T08:18:51.124+0000][8][safepoint   ] Safepoint "Cleanup", Time since last: 1999059399 ns, Reaching safepoint: 127203 ns, At safepoint: 4622 ns, Total: 131825 ns
[2022-07-03T08:18:52.498+0000][8][safepoint   ] Safepoint "Cleanup", Time since last: 1372779224 ns, Reaching safepoint: 786369 ns, At safepoint: 43357 ns, Total: 829726 ns
[2022-07-03T08:18:52.939+0000][8][gc,start    ] GC(17) Pause Young (Normal) (G1 Evacuation Pause)
[2022-07-03T08:18:52.940+0000][8][gc,task     ] GC(17) Using 4 workers of 4 for evacuation
[2022-07-03T08:18:52.941+0000][8][gc,age      ] GC(17) Desired survivor size 20971520 bytes, new threshold 3 (max threshold 15)
[2022-07-03T08:18:53.062+0000][8][gc,phases   ] GC(17)   Pre Evacuate Collection Set: 0.2ms
[2022-07-03T08:18:53.070+0000][8][gc,phases   ] GC(17)   Merge Heap Roots: 0.2ms
[2022-07-03T08:18:53.077+0000][8][gc,phases   ] GC(17)   Evacuate Collection Set: 95.7ms
[2022-07-03T08:18:53.078+0000][8][gc,phases   ] GC(17)   Post Evacuate Collection Set: 23.8ms
[2022-07-03T08:18:53.080+0000][8][gc,phases   ] GC(17)   Other: 2.3ms
[2022-07-03T08:18:53.082+0000][8][gc,age      ] GC(17) Age table with threshold 3 (max threshold 15)
[2022-07-03T08:18:53.083+0000][8][gc,age      ] GC(17) - age   1:   11936832 bytes,   11936832 total
[2022-07-03T08:18:53.090+0000][8][gc,age      ] GC(17) - age   2:   10352792 bytes,   22289624 total
[2022-07-03T08:18:53.093+0000][8][gc,age      ] GC(17) - age   3:    6186488 bytes,   28476112 total
[2022-07-03T08:18:53.095+0000][8][gc,heap     ] GC(17) Eden regions: 70->0(68)
[2022-07-03T08:18:53.098+0000][8][gc,heap     ] GC(17) Survivor regions: 6->8(10)
[2022-07-03T08:18:53.105+0000][8][gc,heap     ] GC(17) Old regions: 11->12
[2022-07-03T08:18:53.107+0000][8][gc,heap     ] GC(17) Archive regions: 2->2
[2022-07-03T08:18:53.110+0000][8][gc,heap     ] GC(17) Humongous regions: 0->0
[2022-07-03T08:18:53.124+0000][8][gc,metaspace] GC(17) Metaspace: 111799K(114816K)->111799K(114816K) NonClass: 96453K(97984K)->96453K(97984K) Class: 15345K(16832K)->15345K(16832K)
[2022-07-03T08:18:53.126+0000][8][gc          ] GC(17) Pause Young (Normal) (G1 Evacuation Pause) 347M->80M(512M) 187.288ms
[2022-07-03T08:18:53.128+0000][8][gc,cpu      ] GC(17) User=0.28s Sys=0.02s Real=0.19s
[2022-07-03T08:18:53.151+0000][8][safepoint   ] Safepoint "G1CollectForAllocation", Time since last: 434945507 ns, Reaching safepoint: 6307747 ns, At safepoint: 211969916 ns, Total: 218277663 ns
[2022-07-03T08:18:54.095+0000][8][safepoint   ] Safepoint "ICBufferFull", Time since last: 943983791 ns, Reaching safepoint: 544758 ns, At safepoint: 38238 ns, Total: 582996 ns
[2022-07-03T08:18:54.976+0000][8][safepoint   ] Safepoint "ICBufferFull", Time since last: 877401854 ns, Reaching safepoint: 3347813 ns, At safepoint: 44150 ns, Total: 3391963 ns
[2022-07-03T08:18:55.998+0000][8][safepoint   ] Safepoint "ICBufferFull", Time since last: 1018485984 ns, Reaching safepoint: 3362892 ns, At safepoint: 45029 ns, Total: 3407921 ns
[2022-07-03T08:18:57.001+0000][8][safepoint   ] Safepoint "Cleanup", Time since last: 1002375383 ns, Reaching safepoint: 462506 ns, At safepoint: 13468 ns, Total: 475974 ns
[2022-07-03T08:18:58.003+0000][8][safepoint   ] Safepoint "Cleanup", Time since last: 1001688629 ns, Reaching safepoint: 312034 ns, At safepoint: 13807 ns, Total: 325841 ns
[2022-07-03T08:19:01.021+0000][8][safepoint   ] Safepoint "Cleanup", Time since last: 3018154121 ns, Reaching safepoint: 319919 ns, At safepoint: 11723 ns, Total: 331642 ns
[2022-07-03T08:19:02.026+0000][8][safepoint   ] Safepoint "Cleanup", Time since last: 1003573376 ns, Reaching safepoint: 436490 ns, At safepoint: 29815 ns, Total: 466305 ns
[2022-07-03T08:19:03.034+0000][8][safepoint   ] Safepoint "Cleanup", Time since last: 1008735869 ns, Reaching safepoint: 271615 ns, At safepoint: 15289 ns, Total: 286904 ns
[2022-07-03T08:19:05.038+0000][8][safepoint   ] Safepoint "Cleanup", Time since last: 2002390660 ns, Reaching safepoint: 870745 ns, At safepoint: 69310 ns, Total: 940055 ns
[2022-07-03T08:19:06.438+0000][8][safepoint   ] Safepoint "Cleanup", Time since last: 1399184048 ns, Reaching safepoint: 478212 ns, At safepoint: 47512 ns, Total: 525724 ns
[2022-07-03T08:19:07.441+0000][8][safepoint   ] Safepoint "Cleanup", Time since last: 1003266373 ns, Reaching safepoint: 206016 ns, At safepoint: 8457 ns, Total: 214473 ns
[2022-07-03T08:19:08.298+0000][8][safepoint   ] Safepoint "ICBufferFull", Time since last: 850710048 ns, Reaching safepoint: 6019562 ns, At safepoint: 58230 ns, Total: 6077792 ns
[2022-07-03T08:19:08.301+0000][8][safepoint   ] Safepoint "ICBufferFull", Time since last: 3244600 ns, Reaching safepoint: 237512 ns, At safepoint: 45426 ns, Total: 282938 ns
[2022-07-03T08:19:09.492+0000][8][safepoint   ] Safepoint "Cleanup", Time since last: 1190233145 ns, Reaching safepoint: 244621 ns, At safepoint: 8726 ns, Total: 253347 ns
[2022-07-03T08:19:10.494+0000][8][safepoint   ] Safepoint "Cleanup", Time since last: 1001648018 ns, Reaching safepoint: 208759 ns, At safepoint: 7070 ns, Total: 215829 ns
[2022-07-03T08:19:10.978+0000][8][safepoint   ] Safepoint "ICBufferFull", Time since last: 484057741 ns, Reaching safepoint: 346320 ns, At safepoint: 24451 ns, Total: 370771 ns
[2022-07-03T08:19:11.135+0000][8][safepoint   ] Safepoint "ICBufferFull", Time since last: 156483778 ns, Reaching safepoint: 204299 ns, At safepoint: 33221 ns, Total: 237520 ns
[2022-07-03T08:19:11.137+0000][8][safepoint   ] Safepoint "ICBufferFull", Time since last: 1395912 ns, Reaching safepoint: 271857 ns, At safepoint: 35163 ns, Total: 307020 ns
[2022-07-03T08:19:11.453+0000][8][safepoint   ] Safepoint "ICBufferFull", Time since last: 315966671 ns, Reaching safepoint: 772087 ns, At safepoint: 33282 ns, Total: 805369 ns
[2022-07-03T08:19:11.784+0000][8][safepoint   ] Safepoint "ICBufferFull", Time since last: 350787561 ns, Reaching safepoint: 179581 ns, At safepoint: 10312 ns, Total: 189893 ns
[2022-07-03T08:19:13.282+0000][8][safepoint   ] Safepoint "ICBufferFull", Time since last: 1497643741 ns, Reaching safepoint: 554509 ns, At safepoint: 42317 ns, Total: 596826 ns
[2022-07-03T08:19:15.020+0000][8][safepoint   ] Safepoint "Cleanup", Time since last: 1737726408 ns, Reaching safepoint: 255761 ns, At safepoint: 35826 ns, Total: 291587 ns
[2022-07-03T08:19:16.025+0000][8][safepoint   ] Safepoint "Cleanup", Time since last: 1003677712 ns, Reaching safepoint: 1504590 ns, At safepoint: 47065 ns, Total: 1551655 ns
[2022-07-03T08:19:17.836+0000][8][safepoint   ] Safepoint "Cleanup", Time since last: 1810109353 ns, Reaching safepoint: 201995 ns, At safepoint: 12871 ns, Total: 214866 ns
[2022-07-03T08:19:18.838+0000][8][safepoint   ] Safepoint "Cleanup", Time since last: 1002580343 ns, Reaching safepoint: 114400 ns, At safepoint: 5930 ns, Total: 120330 ns
[2022-07-03T08:19:19.840+0000][8][safepoint   ] Safepoint "Cleanup", Time since last: 1001357821 ns, Reaching safepoint: 148707 ns, At safepoint: 7786 ns, Total: 156493 ns
[2022-07-03T08:19:20.842+0000][8][safepoint   ] Safepoint "Cleanup", Time since last: 1002523840 ns, Reaching safepoint: 126714 ns, At safepoint: 6753 ns, Total: 133467 ns
[2022-07-03T08:19:21.845+0000][8][safepoint   ] Safepoint "Cleanup", Time since last: 1002242099 ns, Reaching safepoint: 87227 ns, At safepoint: 6240 ns, Total: 93467 ns
[2022-07-03T08:19:22.847+0000][8][safepoint   ] Safepoint "Cleanup", Time since last: 1002288376 ns, Reaching safepoint: 109574 ns, At safepoint: 5293 ns, Total: 114867 ns
[2022-07-03T08:19:23.849+0000][8][safepoint   ] Safepoint "Cleanup", Time since last: 1001576095 ns, Reaching safepoint: 206685 ns, At safepoint: 5256 ns, Total: 211941 ns
[2022-07-03T08:19:24.850+0000][8][safepoint   ] Safepoint "Cleanup", Time since last: 1001469637 ns, Reaching safepoint: 73727 ns, At safepoint: 3381 ns, Total: 77108 ns
[2022-07-03T08:19:25.801+0000][8][gc,start    ] GC(18) Pause Young (Normal) (G1 Evacuation Pause)
[2022-07-03T08:19:25.802+0000][8][gc,task     ] GC(18) Using 4 workers of 4 for evacuation
[2022-07-03T08:19:25.803+0000][8][gc,age      ] GC(18) Desired survivor size 20971520 bytes, new threshold 2 (max threshold 15)
[2022-07-03T08:19:25.933+0000][8][gc,phases   ] GC(18)   Pre Evacuate Collection Set: 0.2ms
[2022-07-03T08:19:25.934+0000][8][gc,phases   ] GC(18)   Merge Heap Roots: 0.2ms
[2022-07-03T08:19:25.935+0000][8][gc,phases   ] GC(18)   Evacuate Collection Set: 126.7ms
[2022-07-03T08:19:25.936+0000][8][gc,phases   ] GC(18)   Post Evacuate Collection Set: 2.7ms
[2022-07-03T08:19:25.936+0000][8][gc,phases   ] GC(18)   Other: 1.5ms
[2022-07-03T08:19:25.937+0000][8][gc,age      ] GC(18) Age table with threshold 2 (max threshold 15)
[2022-07-03T08:19:25.937+0000][8][gc,age      ] GC(18) - age   1:   11146008 bytes,   11146008 total
[2022-07-03T08:19:25.938+0000][8][gc,age      ] GC(18) - age   2:    9686608 bytes,   20832616 total
[2022-07-03T08:19:25.939+0000][8][gc,heap     ] GC(18) Eden regions: 68->0(70)
[2022-07-03T08:19:25.939+0000][8][gc,heap     ] GC(18) Survivor regions: 8->6(10)
[2022-07-03T08:19:25.940+0000][8][gc,heap     ] GC(18) Old regions: 12->16
[2022-07-03T08:19:25.941+0000][8][gc,heap     ] GC(18) Archive regions: 2->2
[2022-07-03T08:19:25.942+0000][8][gc,heap     ] GC(18) Humongous regions: 0->0
[2022-07-03T08:19:25.943+0000][8][gc,metaspace] GC(18) Metaspace: 120548K(123840K)->120548K(123840K) NonClass: 104103K(105792K)->104103K(105792K) Class: 16445K(18048K)->16445K(18048K)
[2022-07-03T08:19:25.943+0000][8][gc          ] GC(18) Pause Young (Normal) (G1 Evacuation Pause) 352M->89M(512M) 142.168ms
[2022-07-03T08:19:25.944+0000][8][gc,cpu      ] GC(18) User=0.38s Sys=0.01s Real=0.14s
[2022-07-03T08:19:25.945+0000][8][safepoint   ] Safepoint "G1CollectForAllocation", Time since last: 950574317 ns, Reaching safepoint: 51686 ns, At safepoint: 143668079 ns, Total: 143719765 ns
[2022-07-03T08:19:26.948+0000][8][safepoint   ] Safepoint "Cleanup", Time since last: 1002438107 ns, Reaching safepoint: 803943 ns, At safepoint: 117113 ns, Total: 921056 ns
[2022-07-03T08:19:27.950+0000][8][safepoint   ] Safepoint "Cleanup", Time since last: 1001959400 ns, Reaching safepoint: 193782 ns, At safepoint: 11866 ns, Total: 205648 ns
[2022-07-03T08:19:28.952+0000][8][safepoint   ] Safepoint "Cleanup", Time since last: 1001661347 ns, Reaching safepoint: 314209 ns, At safepoint: 11521 ns, Total: 325730 ns
[2022-07-03T08:19:29.954+0000][8][safepoint   ] Safepoint "Cleanup", Time since last: 1001630384 ns, Reaching safepoint: 317973 ns, At safepoint: 112751 ns, Total: 430724 ns
[2022-07-03T08:19:31.957+0000][8][safepoint   ] Safepoint "Cleanup", Time since last: 2002605270 ns, Reaching safepoint: 447274 ns, At safepoint: 27074 ns, Total: 474348 ns
[2022-07-03T08:19:32.961+0000][8][safepoint   ] Safepoint "Cleanup", Time since last: 1003503830 ns, Reaching safepoint: 297870 ns, At safepoint: 16531 ns, Total: 314401 ns
[2022-07-03T08:19:33.964+0000][8][safepoint   ] Safepoint "Cleanup", Time since last: 1001886129 ns, Reaching safepoint: 344969 ns, At safepoint: 87894 ns, Total: 432863 ns
[2022-07-03T08:19:34.965+0000][8][safepoint   ] Safepoint "Cleanup", Time since last: 1001643354 ns, Reaching safepoint: 114923 ns, At safepoint: 23453 ns, Total: 138376 ns
[2022-07-03T08:19:35.967+0000][8][safepoint   ] Safepoint "Cleanup", Time since last: 1001702575 ns, Reaching safepoint: 171703 ns, At safepoint: 11387 ns, Total: 183090 ns
[2022-07-03T08:19:37.969+0000][8][safepoint   ] Safepoint "Cleanup", Time since last: 2001817101 ns, Reaching safepoint: 287778 ns, At safepoint: 30397 ns, Total: 318175 ns
[2022-07-03T08:19:39.973+0000][8][safepoint   ] Safepoint "Cleanup", Time since last: 2003204704 ns, Reaching safepoint: 156375 ns, At safepoint: 8695 ns, Total: 165070 ns
[2022-07-03T08:19:40.975+0000][8][safepoint   ] Safepoint "Cleanup", Time since last: 1002379558 ns, Reaching safepoint: 183817 ns, At safepoint: 36531 ns, Total: 220348 ns
[2022-07-03T08:19:41.954+0000][8][safepoint   ] Safepoint "Cleanup", Time since last: 1002539212 ns, Reaching safepoint: 263326 ns, At safepoint: 5775 ns, Total: 269101 ns
[2022-07-03T08:19:42.957+0000][8][safepoint   ] Safepoint "Cleanup", Time since last: 1002134248 ns, Reaching safepoint: 150461 ns, At safepoint: 9300 ns, Total: 159761 ns
[2022-07-03T08:19:43.959+0000][8][safepoint   ] Safepoint "Cleanup", Time since last: 1002024439 ns, Reaching safepoint: 306706 ns, At safepoint: 22706 ns, Total: 329412 ns
[2022-07-03T08:19:44.964+0000][8][safepoint   ] Safepoint "Cleanup", Time since last: 1004360862 ns, Reaching safepoint: 229755 ns, At safepoint: 12770 ns, Total: 242525 ns
[2022-07-03T08:19:46.970+0000][8][safepoint   ] Safepoint "Cleanup", Time since last: 2006004574 ns, Reaching safepoint: 620946 ns, At safepoint: 20956 ns, Total: 641902 ns
[2022-07-03T08:19:47.974+0000][8][safepoint   ] Safepoint "Cleanup", Time since last: 1003363553 ns, Reaching safepoint: 290017 ns, At safepoint: 18572 ns, Total: 308589 ns
[2022-07-03T08:19:49.981+0000][8][safepoint   ] Safepoint "Cleanup", Time since last: 2006608294 ns, Reaching safepoint: 354181 ns, At safepoint: 22645 ns, Total: 376826 ns
[2022-07-03T08:19:52.984+0000][8][safepoint   ] Safepoint "Cleanup", Time since last: 3003372375 ns, Reaching safepoint: 148783 ns, At safepoint: 7382 ns, Total: 156165 ns
[2022-07-03T08:19:54.991+0000][8][safepoint   ] Safepoint "Cleanup", Time since last: 2005853019 ns, Reaching safepoint: 178455 ns, At safepoint: 10723 ns, Total: 189178 ns
[2022-07-03T08:19:55.994+0000][8][safepoint   ] Safepoint "Cleanup", Time since last: 1003132523 ns, Reaching safepoint: 233387 ns, At safepoint: 14083 ns, Total: 247470 ns
[2022-07-03T08:19:56.999+0000][8][safepoint   ] Safepoint "Cleanup", Time since last: 1004696139 ns, Reaching safepoint: 254851 ns, At safepoint: 37864 ns, Total: 292715 ns
[2022-07-03T08:19:58.002+0000][8][safepoint   ] Safepoint "Cleanup", Time since last: 1003087078 ns, Reaching safepoint: 384631 ns, At safepoint: 10626 ns, Total: 395257 ns
[2022-07-03T08:19:59.005+0000][8][safepoint   ] Safepoint "Cleanup", Time since last: 1001996478 ns, Reaching safepoint: 144046 ns, At safepoint: 6381 ns, Total: 150427 ns
[2022-07-03T08:20:00.007+0000][8][safepoint   ] Safepoint "Cleanup", Time since last: 1002425636 ns, Reaching safepoint: 511700 ns, At safepoint: 24154 ns, Total: 535854 ns
[2022-07-03T08:20:02.010+0000][8][safepoint   ] Safepoint "Cleanup", Time since last: 2002745999 ns, Reaching safepoint: 156397 ns, At safepoint: 20030 ns, Total: 176427 ns
[2022-07-03T08:20:03.013+0000][8][safepoint   ] Safepoint "Cleanup", Time since last: 1002635008 ns, Reaching safepoint: 172640 ns, At safepoint: 8566 ns, Total: 181206 ns
[2022-07-03T08:20:05.017+0000][8][safepoint   ] Safepoint "Cleanup", Time since last: 2003752986 ns, Reaching safepoint: 299359 ns, At safepoint: 9951 ns, Total: 309310 ns
[2022-07-03T08:20:07.039+0000][8][safepoint   ] Safepoint "Cleanup", Time since last: 2021710376 ns, Reaching safepoint: 208849 ns, At safepoint: 13184 ns, Total: 222033 ns
[2022-07-03T08:20:08.043+0000][8][safepoint   ] Safepoint "Cleanup", Time since last: 1003302713 ns, Reaching safepoint: 197586 ns, At safepoint: 9564 ns, Total: 207150 ns
[2022-07-03T08:20:09.046+0000][8][safepoint   ] Safepoint "Cleanup", Time since last: 1002441599 ns, Reaching safepoint: 315078 ns, At safepoint: 26647 ns, Total: 341725 ns
[2022-07-03T08:20:11.049+0000][8][safepoint   ] Safepoint "Cleanup", Time since last: 2003745375 ns, Reaching safepoint: 196272 ns, At safepoint: 11792 ns, Total: 208064 ns
[2022-07-03T08:20:12.032+0000][8][safepoint   ] Safepoint "Cleanup", Time since last: 1002515139 ns, Reaching safepoint: 174077 ns, At safepoint: 7213 ns, Total: 181290 ns
[2022-07-03T08:20:13.034+0000][8][safepoint   ] Safepoint "Cleanup", Time since last: 1001727069 ns, Reaching safepoint: 75580 ns, At safepoint: 2825 ns, Total: 78405 ns
[2022-07-03T08:20:14.036+0000][8][safepoint   ] Safepoint "Cleanup", Time since last: 1001954195 ns, Reaching safepoint: 78239 ns, At safepoint: 3852 ns, Total: 82091 ns
[2022-07-03T08:20:15.047+0000][8][safepoint   ] Safepoint "Cleanup", Time since last: 1010781612 ns, Reaching safepoint: 418902 ns, At safepoint: 19899 ns, Total: 438801 ns
[2022-07-03T08:20:16.050+0000][8][safepoint   ] Safepoint "Cleanup", Time since last: 1002245918 ns, Reaching safepoint: 315206 ns, At safepoint: 277810 ns, Total: 593016 ns
[2022-07-03T08:20:17.057+0000][8][safepoint   ] Safepoint "Cleanup", Time since last: 1004343293 ns, Reaching safepoint: 2728506 ns, At safepoint: 22794 ns, Total: 2751300 ns
[2022-07-03T08:20:18.058+0000][8][safepoint   ] Safepoint "Cleanup", Time since last: 1000727989 ns, Reaching safepoint: 90272 ns, At safepoint: 4289 ns, Total: 94561 ns
[2022-07-03T08:20:20.059+0000][8][safepoint   ] Safepoint "Cleanup", Time since last: 2000952036 ns, Reaching safepoint: 199392 ns, At safepoint: 11378 ns, Total: 210770 ns
[2022-07-03T08:20:21.062+0000][8][safepoint   ] Safepoint "Cleanup", Time since last: 1001772161 ns, Reaching safepoint: 451442 ns, At safepoint: 14325 ns, Total: 465767 ns
[2022-07-03T08:20:22.063+0000][8][safepoint   ] Safepoint "Cleanup", Time since last: 1001539616 ns, Reaching safepoint: 45825 ns, At safepoint: 2779 ns, Total: 48604 ns
[2022-07-03T08:20:23.064+0000][8][safepoint   ] Safepoint "Cleanup", Time since last: 1000865449 ns, Reaching safepoint: 70667 ns, At safepoint: 2550 ns, Total: 73217 ns
[2022-07-03T08:20:24.066+0000][8][safepoint   ] Safepoint "Cleanup", Time since last: 1002125772 ns, Reaching safepoint: 52357 ns, At safepoint: 2903 ns, Total: 55260 ns
[2022-07-03T08:20:25.084+0000][8][safepoint   ] Safepoint "Cleanup", Time since last: 1017427196 ns, Reaching safepoint: 102305 ns, At safepoint: 4119 ns, Total: 106424 ns
[2022-07-03T08:20:26.158+0000][8][safepoint   ] Safepoint "Cleanup", Time since last: 1074526031 ns, Reaching safepoint: 79301 ns, At safepoint: 4302 ns, Total: 83603 ns
[2022-07-03T08:20:27.160+0000][8][safepoint   ] Safepoint "Cleanup", Time since last: 1001044341 ns, Reaching safepoint: 72624 ns, At safepoint: 2967 ns, Total: 75591 ns
[2022-07-03T08:20:29.161+0000][8][safepoint   ] Safepoint "Cleanup", Time since last: 2000976194 ns, Reaching safepoint: 69671 ns, At safepoint: 4668 ns, Total: 74339 ns
[2022-07-03T08:20:30.163+0000][8][safepoint   ] Safepoint "Cleanup", Time since last: 1001909944 ns, Reaching safepoint: 74163 ns, At safepoint: 4861 ns, Total: 79024 ns
[2022-07-03T08:20:32.166+0000][8][safepoint   ] Safepoint "Cleanup", Time since last: 2003749496 ns, Reaching safepoint: 87206 ns, At safepoint: 6223 ns, Total: 93429 ns
[2022-07-03T08:20:33.474+0000][8][safepoint   ] Safepoint "Cleanup", Time since last: 1307038076 ns, Reaching safepoint: 196613 ns, At safepoint: 7103 ns, Total: 203716 ns
[2022-07-03T08:20:34.475+0000][8][safepoint   ] Safepoint "Cleanup", Time since last: 1001046247 ns, Reaching safepoint: 64945 ns, At safepoint: 4113 ns, Total: 69058 ns
[2022-07-03T08:20:35.477+0000][8][safepoint   ] Safepoint "Cleanup", Time since last: 1001504964 ns, Reaching safepoint: 189551 ns, At safepoint: 12101 ns, Total: 201652 ns
[2022-07-03T08:20:36.479+0000][8][safepoint   ] Safepoint "Cleanup", Time since last: 1001715051 ns, Reaching safepoint: 499325 ns, At safepoint: 36490 ns, Total: 535815 ns
[2022-07-03T08:20:38.482+0000][8][safepoint   ] Safepoint "Cleanup", Time since last: 2002968978 ns, Reaching safepoint: 179918 ns, At safepoint: 10922 ns, Total: 190840 ns
[2022-07-03T08:20:39.484+0000][8][safepoint   ] Safepoint "Cleanup", Time since last: 1002120966 ns, Reaching safepoint: 84040 ns, At safepoint: 5674 ns, Total: 89714 ns
[2022-07-03T08:20:40.486+0000][8][safepoint   ] Safepoint "Cleanup", Time since last: 1001743217 ns, Reaching safepoint: 100398 ns, At safepoint: 3408 ns, Total: 103806 ns
[2022-07-03T08:20:41.488+0000][8][safepoint   ] Safepoint "Cleanup", Time since last: 1001368505 ns, Reaching safepoint: 252083 ns, At safepoint: 366348 ns, Total: 618431 ns
[2022-07-03T08:20:43.470+0000][8][safepoint   ] Safepoint "Cleanup", Time since last: 2004049091 ns, Reaching safepoint: 181756 ns, At safepoint: 6381 ns, Total: 188137 ns
[2022-07-03T08:20:43.798+0000][8][gc,start    ] GC(19) Pause Young (Normal) (G1 Evacuation Pause)
[2022-07-03T08:20:43.800+0000][8][gc,task     ] GC(19) Using 4 workers of 4 for evacuation
[2022-07-03T08:20:43.802+0000][8][gc,age      ] GC(19) Desired survivor size 20971520 bytes, new threshold 15 (max threshold 15)
[2022-07-03T08:20:43.831+0000][8][gc,phases   ] GC(19)   Pre Evacuate Collection Set: 0.2ms
[2022-07-03T08:20:43.833+0000][8][gc,phases   ] GC(19)   Merge Heap Roots: 0.2ms
[2022-07-03T08:20:43.834+0000][8][gc,phases   ] GC(19)   Evacuate Collection Set: 23.9ms
[2022-07-03T08:20:43.836+0000][8][gc,phases   ] GC(19)   Post Evacuate Collection Set: 2.9ms
[2022-07-03T08:20:43.839+0000][8][gc,phases   ] GC(19)   Other: 3.3ms
[2022-07-03T08:20:43.843+0000][8][gc,age      ] GC(19) Age table with threshold 15 (max threshold 15)
[2022-07-03T08:20:43.844+0000][8][gc,age      ] GC(19) - age   1:    1093736 bytes,    1093736 total
[2022-07-03T08:20:43.845+0000][8][gc,age      ] GC(19) - age   2:    9688144 bytes,   10781880 total
[2022-07-03T08:20:43.849+0000][8][gc,age      ] GC(19) - age   3:    9685552 bytes,   20467432 total
[2022-07-03T08:20:43.851+0000][8][gc,heap     ] GC(19) Eden regions: 70->0(70)
[2022-07-03T08:20:43.853+0000][8][gc,heap     ] GC(19) Survivor regions: 6->6(10)
[2022-07-03T08:20:43.857+0000][8][gc,heap     ] GC(19) Old regions: 16->16
[2022-07-03T08:20:43.858+0000][8][gc,heap     ] GC(19) Archive regions: 2->2
[2022-07-03T08:20:43.859+0000][8][gc,heap     ] GC(19) Humongous regions: 0->0
[2022-07-03T08:20:43.861+0000][8][gc,metaspace] GC(19) Metaspace: 121874K(125120K)->121874K(125120K) NonClass: 105425K(107072K)->105425K(107072K) Class: 16448K(18048K)->16448K(18048K)
[2022-07-03T08:20:43.863+0000][8][gc          ] GC(19) Pause Young (Normal) (G1 Evacuation Pause) 369M->87M(512M) 64.650ms
[2022-07-03T08:20:43.865+0000][8][gc,cpu      ] GC(19) User=0.08s Sys=0.01s Real=0.07s
[2022-07-03T08:20:43.867+0000][8][safepoint   ] Safepoint "G1CollectForAllocation", Time since last: 327428967 ns, Reaching safepoint: 91918 ns, At safepoint: 68958078 ns, Total: 69049996 ns
[2022-07-03T08:20:44.873+0000][8][safepoint   ] Safepoint "Cleanup", Time since last: 1005369004 ns, Reaching safepoint: 413957 ns, At safepoint: 17346 ns, Total: 431303 ns
[2022-07-03T08:20:45.877+0000][8][safepoint   ] Safepoint "Cleanup", Time since last: 1004191206 ns, Reaching safepoint: 344571 ns, At safepoint: 42420 ns, Total: 386991 ns
[2022-07-03T08:20:46.879+0000][8][safepoint   ] Safepoint "Cleanup", Time since last: 1001843128 ns, Reaching safepoint: 169566 ns, At safepoint: 5339 ns, Total: 174905 ns
[2022-07-03T08:20:47.881+0000][8][safepoint   ] Safepoint "Cleanup", Time since last: 1001892044 ns, Reaching safepoint: 241511 ns, At safepoint: 13024 ns, Total: 254535 ns
[2022-07-03T08:20:49.884+0000][8][safepoint   ] Safepoint "Cleanup", Time since last: 2002351163 ns, Reaching safepoint: 196564 ns, At safepoint: 29403 ns, Total: 225967 ns
[2022-07-03T08:20:50.886+0000][8][safepoint   ] Safepoint "Cleanup", Time since last: 1001502625 ns, Reaching safepoint: 177739 ns, At safepoint: 5897 ns, Total: 183636 ns
[2022-07-03T08:20:51.889+0000][8][safepoint   ] Safepoint "Cleanup", Time since last: 1003320142 ns, Reaching safepoint: 338030 ns, At safepoint: 10512 ns, Total: 348542 ns
[2022-07-03T08:20:52.892+0000][8][safepoint   ] Safepoint "Cleanup", Time since last: 1002535150 ns, Reaching safepoint: 274777 ns, At safepoint: 13091 ns, Total: 287868 ns
[2022-07-03T08:20:54.898+0000][8][safepoint   ] Safepoint "Cleanup", Time since last: 2005425788 ns, Reaching safepoint: 252974 ns, At safepoint: 16753 ns, Total: 269727 ns
[2022-07-03T08:20:55.900+0000][8][safepoint   ] Safepoint "Cleanup", Time since last: 1001937871 ns, Reaching safepoint: 137559 ns, At safepoint: 8829 ns, Total: 146388 ns
[2022-07-03T08:20:56.902+0000][8][safepoint   ] Safepoint "Cleanup", Time since last: 1001683732 ns, Reaching safepoint: 144563 ns, At safepoint: 6811 ns, Total: 151374 ns
[2022-07-03T08:20:57.905+0000][8][safepoint   ] Safepoint "Cleanup", Time since last: 1002965813 ns, Reaching safepoint: 167578 ns, At safepoint: 10040 ns, Total: 177618 ns
[2022-07-03T08:20:58.909+0000][8][safepoint   ] Safepoint "Cleanup", Time since last: 1003551292 ns, Reaching safepoint: 63354 ns, At safepoint: 2902 ns, Total: 66256 ns
[2022-07-03T08:20:59.910+0000][8][safepoint   ] Safepoint "Cleanup", Time since last: 1001230615 ns, Reaching safepoint: 54858 ns, At safepoint: 2847 ns, Total: 57705 ns
[2022-07-03T08:21:00.911+0000][8][safepoint   ] Safepoint "Cleanup", Time since last: 1001294396 ns, Reaching safepoint: 94805 ns, At safepoint: 9023 ns, Total: 103828 ns
[2022-07-03T08:21:01.913+0000][8][safepoint   ] Safepoint "Cleanup", Time since last: 1001344181 ns, Reaching safepoint: 73539 ns, At safepoint: 4105 ns, Total: 77644 ns
[2022-07-03T08:21:02.917+0000][8][safepoint   ] Safepoint "Cleanup", Time since last: 1003747778 ns, Reaching safepoint: 534864 ns, At safepoint: 45102 ns, Total: 579966 ns
[2022-07-03T08:21:04.922+0000][8][safepoint   ] Safepoint "Cleanup", Time since last: 2005023627 ns, Reaching safepoint: 257865 ns, At safepoint: 24556 ns, Total: 282421 ns
[2022-07-03T08:21:05.928+0000][8][safepoint   ] Safepoint "Cleanup", Time since last: 1005276796 ns, Reaching safepoint: 356468 ns, At safepoint: 25165 ns, Total: 381633 ns
[2022-07-03T08:21:07.932+0000][8][safepoint   ] Safepoint "Cleanup", Time since last: 2003799512 ns, Reaching safepoint: 95669 ns, At safepoint: 4551 ns, Total: 100220 ns
[2022-07-03T08:21:08.934+0000][8][safepoint   ] Safepoint "Cleanup", Time since last: 1001796787 ns, Reaching safepoint: 256748 ns, At safepoint: 9343 ns, Total: 266091 ns
[2022-07-03T08:21:09.938+0000][8][safepoint   ] Safepoint "Cleanup", Time since last: 1003661591 ns, Reaching safepoint: 162845 ns, At safepoint: 6091 ns, Total: 168936 ns
[2022-07-03T08:21:10.939+0000][8][safepoint   ] Safepoint "Cleanup", Time since last: 1001347313 ns, Reaching safepoint: 271339 ns, At safepoint: 11844 ns, Total: 283183 ns
[2022-07-03T08:21:11.925+0000][8][safepoint   ] Safepoint "Cleanup", Time since last: 1004376973 ns, Reaching safepoint: 200607 ns, At safepoint: 7368 ns, Total: 207975 ns
[2022-07-03T08:21:12.929+0000][8][safepoint   ] Safepoint "Cleanup", Time since last: 1003890350 ns, Reaching safepoint: 136019 ns, At safepoint: 6444 ns, Total: 142463 ns
[2022-07-03T08:21:13.932+0000][8][safepoint   ] Safepoint "Cleanup", Time since last: 1002838181 ns, Reaching safepoint: 78112 ns, At safepoint: 3746 ns, Total: 81858 ns
[2022-07-03T08:21:14.934+0000][8][safepoint   ] Safepoint "Cleanup", Time since last: 1002198952 ns, Reaching safepoint: 321945 ns, At safepoint: 4984 ns, Total: 326929 ns
[2022-07-03T08:21:16.939+0000][8][safepoint   ] Safepoint "Cleanup", Time since last: 2004354629 ns, Reaching safepoint: 175364 ns, At safepoint: 6197 ns, Total: 181561 ns
[2022-07-03T08:21:17.941+0000][8][safepoint   ] Safepoint "Cleanup", Time since last: 1002344466 ns, Reaching safepoint: 211859 ns, At safepoint: 22410 ns, Total: 234269 ns
[2022-07-03T08:21:19.947+0000][8][safepoint   ] Safepoint "Cleanup", Time since last: 2005566388 ns, Reaching safepoint: 118867 ns, At safepoint: 6908 ns, Total: 125775 ns
[2022-07-03T08:21:22.951+0000][8][safepoint   ] Safepoint "Cleanup", Time since last: 3003958018 ns, Reaching safepoint: 81032 ns, At safepoint: 2520 ns, Total: 83552 ns
[2022-07-03T08:21:23.953+0000][8][safepoint   ] Safepoint "Cleanup", Time since last: 1001448705 ns, Reaching safepoint: 47023 ns, At safepoint: 3078 ns, Total: 50101 ns
[2022-07-03T08:21:25.954+0000][8][safepoint   ] Safepoint "Cleanup", Time since last: 2001751215 ns, Reaching safepoint: 143026 ns, At safepoint: 15340 ns, Total: 158366 ns
[2022-07-03T08:21:28.956+0000][8][safepoint   ] Safepoint "Cleanup", Time since last: 3001834338 ns, Reaching safepoint: 75392 ns, At safepoint: 5543 ns, Total: 80935 ns
[2022-07-03T08:21:31.960+0000][8][safepoint   ] Safepoint "Cleanup", Time since last: 3003004674 ns, Reaching safepoint: 296652 ns, At safepoint: 42288 ns, Total: 338940 ns
[2022-07-03T08:21:32.961+0000][8][safepoint   ] Safepoint "Cleanup", Time since last: 1001299223 ns, Reaching safepoint: 56173 ns, At safepoint: 3071 ns, Total: 59244 ns
[2022-07-03T08:21:34.963+0000][8][safepoint   ] Safepoint "Cleanup", Time since last: 2001191461 ns, Reaching safepoint: 198787 ns, At safepoint: 40080 ns, Total: 238867 ns
[2022-07-03T08:21:37.964+0000][8][safepoint   ] Safepoint "Cleanup", Time since last: 3001735913 ns, Reaching safepoint: 55255 ns, At safepoint: 2831 ns, Total: 58086 ns
[2022-07-03T08:21:38.966+0000][8][safepoint   ] Safepoint "Cleanup", Time since last: 1001177130 ns, Reaching safepoint: 78753 ns, At safepoint: 3636 ns, Total: 82389 ns
[2022-07-03T08:21:39.967+0000][8][safepoint   ] Safepoint "Cleanup", Time since last: 1001413816 ns, Reaching safepoint: 53395 ns, At safepoint: 3099 ns, Total: 56494 ns
[2022-07-03T08:21:40.968+0000][8][safepoint   ] Safepoint "Cleanup", Time since last: 1000992895 ns, Reaching safepoint: 51813 ns, At safepoint: 2579 ns, Total: 54392 ns
[2022-07-03T08:21:42.947+0000][8][safepoint   ] Safepoint "Cleanup", Time since last: 2001296210 ns, Reaching safepoint: 70950 ns, At safepoint: 3252 ns, Total: 74202 ns
[2022-07-03T08:21:43.948+0000][8][safepoint   ] Safepoint "Cleanup", Time since last: 1000994423 ns, Reaching safepoint: 83434 ns, At safepoint: 3225 ns, Total: 86659 ns
[2022-07-03T08:21:44.950+0000][8][safepoint   ] Safepoint "Cleanup", Time since last: 1001902505 ns, Reaching safepoint: 86499 ns, At safepoint: 5797 ns, Total: 92296 ns
[2022-07-03T08:21:46.951+0000][8][safepoint   ] Safepoint "Cleanup", Time since last: 2001043165 ns, Reaching safepoint: 95459 ns, At safepoint: 6939 ns, Total: 102398 ns
[2022-07-03T08:21:47.952+0000][8][safepoint   ] Safepoint "Cleanup", Time since last: 1001149037 ns, Reaching safepoint: 55724 ns, At safepoint: 3091 ns, Total: 58815 ns
[2022-07-03T08:21:48.953+0000][8][safepoint   ] Safepoint "Cleanup", Time since last: 1001102354 ns, Reaching safepoint: 55879 ns, At safepoint: 2858 ns, Total: 58737 ns
[2022-07-03T08:21:49.955+0000][8][safepoint   ] Safepoint "Cleanup", Time since last: 1001288206 ns, Reaching safepoint: 54159 ns, At safepoint: 2400 ns, Total: 56559 ns
[2022-07-03T08:21:52.956+0000][8][safepoint   ] Safepoint "Cleanup", Time since last: 3001371663 ns, Reaching safepoint: 86582 ns, At safepoint: 3538 ns, Total: 90120 ns
[2022-07-03T08:21:53.957+0000][8][safepoint   ] Safepoint "Cleanup", Time since last: 1001169256 ns, Reaching safepoint: 91028 ns, At safepoint: 4465 ns, Total: 95493 ns
[2022-07-03T08:21:54.960+0000][8][safepoint   ] Safepoint "Cleanup", Time since last: 1002751288 ns, Reaching safepoint: 79560 ns, At safepoint: 6096 ns, Total: 85656 ns
[2022-07-03T08:21:55.961+0000][8][safepoint   ] Safepoint "Cleanup", Time since last: 1001136095 ns, Reaching safepoint: 113052 ns, At safepoint: 6459 ns, Total: 119511 ns
[2022-07-03T08:21:58.963+0000][8][safepoint   ] Safepoint "Cleanup", Time since last: 3001389040 ns, Reaching safepoint: 108034 ns, At safepoint: 5230 ns, Total: 113264 ns
[2022-07-03T08:22:01.829+0000][8][gc,start    ] GC(20) Pause Young (Normal) (G1 Evacuation Pause)
[2022-07-03T08:22:01.830+0000][8][gc,task     ] GC(20) Using 4 workers of 4 for evacuation
[2022-07-03T08:22:01.830+0000][8][gc,age      ] GC(20) Desired survivor size 20971520 bytes, new threshold 15 (max threshold 15)
[2022-07-03T08:22:01.870+0000][8][gc,phases   ] GC(20)   Pre Evacuate Collection Set: 0.1ms
[2022-07-03T08:22:01.871+0000][8][gc,phases   ] GC(20)   Merge Heap Roots: 0.2ms
[2022-07-03T08:22:01.871+0000][8][gc,phases   ] GC(20)   Evacuate Collection Set: 36.0ms
[2022-07-03T08:22:01.872+0000][8][gc,phases   ] GC(20)   Post Evacuate Collection Set: 2.5ms
[2022-07-03T08:22:01.873+0000][8][gc,phases   ] GC(20)   Other: 1.4ms
[2022-07-03T08:22:01.873+0000][8][gc,age      ] GC(20) Age table with threshold 15 (max threshold 15)
[2022-07-03T08:22:01.874+0000][8][gc,age      ] GC(20) - age   1:     670208 bytes,     670208 total
[2022-07-03T08:22:01.875+0000][8][gc,age      ] GC(20) - age   2:     187688 bytes,     857896 total
[2022-07-03T08:22:01.875+0000][8][gc,age      ] GC(20) - age   3:    9580304 bytes,   10438200 total
[2022-07-03T08:22:01.876+0000][8][gc,age      ] GC(20) - age   4:    9685536 bytes,   20123736 total
[2022-07-03T08:22:01.877+0000][8][gc,heap     ] GC(20) Eden regions: 70->0(70)
[2022-07-03T08:22:01.879+0000][8][gc,heap     ] GC(20) Survivor regions: 6->6(10)
[2022-07-03T08:22:01.879+0000][8][gc,heap     ] GC(20) Old regions: 16->16
[2022-07-03T08:22:01.880+0000][8][gc,heap     ] GC(20) Archive regions: 2->2
[2022-07-03T08:22:01.881+0000][8][gc,heap     ] GC(20) Humongous regions: 0->0
[2022-07-03T08:22:01.881+0000][8][gc,metaspace] GC(20) Metaspace: 122691K(125952K)->122691K(125952K) NonClass: 106241K(107904K)->106241K(107904K) Class: 16449K(18048K)->16449K(18048K)
[2022-07-03T08:22:01.882+0000][8][gc          ] GC(20) Pause Young (Normal) (G1 Evacuation Pause) 367M->87M(512M) 53.005ms
[2022-07-03T08:22:01.882+0000][8][gc,cpu      ] GC(20) User=0.08s Sys=0.00s Real=0.06s
[2022-07-03T08:22:01.883+0000][8][safepoint   ] Safepoint "G1CollectForAllocation", Time since last: 2865686850 ns, Reaching safepoint: 81735 ns, At safepoint: 54427373 ns, Total: 54509108 ns
[2022-07-03T08:22:02.888+0000][8][safepoint   ] Safepoint "Cleanup", Time since last: 1004882091 ns, Reaching safepoint: 109680 ns, At safepoint: 4505 ns, Total: 114185 ns
[2022-07-03T08:22:04.891+0000][8][safepoint   ] Safepoint "Cleanup", Time since last: 2002630155 ns, Reaching safepoint: 398484 ns, At safepoint: 14694 ns, Total: 413178 ns
[2022-07-03T08:22:07.893+0000][8][safepoint   ] Safepoint "Cleanup", Time since last: 3001723324 ns, Reaching safepoint: 575868 ns, At safepoint: 20166 ns, Total: 596034 ns
[2022-07-03T08:22:08.898+0000][8][safepoint   ] Safepoint "Cleanup", Time since last: 1003453913 ns, Reaching safepoint: 1356162 ns, At safepoint: 16873 ns, Total: 1373035 ns
[2022-07-03T08:22:10.901+0000][8][safepoint   ] Safepoint "Cleanup", Time since last: 2002384694 ns, Reaching safepoint: 217071 ns, At safepoint: 10944 ns, Total: 228015 ns
[2022-07-03T08:22:11.879+0000][8][safepoint   ] Safepoint "Cleanup", Time since last: 1001033477 ns, Reaching safepoint: 229072 ns, At safepoint: 10578 ns, Total: 239650 ns
[2022-07-03T08:22:12.880+0000][8][safepoint   ] Safepoint "Cleanup", Time since last: 1001107338 ns, Reaching safepoint: 427878 ns, At safepoint: 15125 ns, Total: 443003 ns
[2022-07-03T08:22:14.882+0000][8][safepoint   ] Safepoint "Cleanup", Time since last: 2002100665 ns, Reaching safepoint: 193775 ns, At safepoint: 10504 ns, Total: 204279 ns
[2022-07-03T08:22:15.892+0000][8][safepoint   ] Safepoint "Cleanup", Time since last: 1009586440 ns, Reaching safepoint: 277478 ns, At safepoint: 18954 ns, Total: 296432 ns
[2022-07-03T08:22:16.894+0000][8][safepoint   ] Safepoint "Cleanup", Time since last: 1001381385 ns, Reaching safepoint: 388857 ns, At safepoint: 38156 ns, Total: 427013 ns
[2022-07-03T08:22:17.899+0000][8][safepoint   ] Safepoint "Cleanup", Time since last: 1001706515 ns, Reaching safepoint: 2922045 ns, At safepoint: 21983 ns, Total: 2944028 ns
[2022-07-03T08:22:19.906+0000][8][safepoint   ] Safepoint "Cleanup", Time since last: 2006640681 ns, Reaching safepoint: 247546 ns, At safepoint: 13934 ns, Total: 261480 ns
[2022-07-03T08:22:22.912+0000][8][safepoint   ] Safepoint "Cleanup", Time since last: 3005773405 ns, Reaching safepoint: 158039 ns, At safepoint: 14157 ns, Total: 172196 ns
[2022-07-03T08:22:23.916+0000][8][safepoint   ] Safepoint "Cleanup", Time since last: 1004076986 ns, Reaching safepoint: 114268 ns, At safepoint: 5413 ns, Total: 119681 ns
[2022-07-03T08:22:24.918+0000][8][safepoint   ] Safepoint "Cleanup", Time since last: 1002299716 ns, Reaching safepoint: 109184 ns, At safepoint: 8360 ns, Total: 117544 ns
[2022-07-03T08:22:26.688+0000][8][safepoint   ] Safepoint "Cleanup", Time since last: 1769900299 ns, Reaching safepoint: 199848 ns, At safepoint: 6563 ns, Total: 206411 ns
[2022-07-03T08:22:28.691+0000][8][safepoint   ] Safepoint "Cleanup", Time since last: 2002022954 ns, Reaching safepoint: 92359 ns, At safepoint: 4762 ns, Total: 97121 ns
[2022-07-03T08:22:29.695+0000][8][safepoint   ] Safepoint "Cleanup", Time since last: 1004443009 ns, Reaching safepoint: 290232 ns, At safepoint: 15424 ns, Total: 305656 ns
[2022-07-03T08:22:31.762+0000][8][safepoint   ] Safepoint "Cleanup", Time since last: 2066327173 ns, Reaching safepoint: 163528 ns, At safepoint: 8686 ns, Total: 172214 ns
[2022-07-03T08:22:34.765+0000][8][safepoint   ] Safepoint "Cleanup", Time since last: 3002019884 ns, Reaching safepoint: 690155 ns, At safepoint: 48885 ns, Total: 739040 ns
[2022-07-03T08:22:35.766+0000][8][safepoint   ] Safepoint "Cleanup", Time since last: 1001504415 ns, Reaching safepoint: 181687 ns, At safepoint: 14580 ns, Total: 196267 ns
[2022-07-03T08:22:40.769+0000][8][safepoint   ] Safepoint "Cleanup", Time since last: 5002843527 ns, Reaching safepoint: 83504 ns, At safepoint: 5140 ns, Total: 88644 ns
[2022-07-03T08:22:41.750+0000][8][safepoint   ] Safepoint "Cleanup", Time since last: 1001453433 ns, Reaching safepoint: 73433 ns, At safepoint: 3930 ns, Total: 77363 ns
[2022-07-03T08:22:42.751+0000][8][safepoint   ] Safepoint "Cleanup", Time since last: 1001447323 ns, Reaching safepoint: 62647 ns, At safepoint: 2611 ns, Total: 65258 ns
[2022-07-03T08:22:44.739+0000][8][safepoint   ] Safepoint "Cleanup", Time since last: 1987688570 ns, Reaching safepoint: 87079 ns, At safepoint: 4179 ns, Total: 91258 ns
[2022-07-03T08:22:46.742+0000][8][safepoint   ] Safepoint "Cleanup", Time since last: 2002245052 ns, Reaching safepoint: 211223 ns, At safepoint: 50703 ns, Total: 261926 ns
[2022-07-03T08:22:47.743+0000][8][safepoint   ] Safepoint "Cleanup", Time since last: 1001454073 ns, Reaching safepoint: 97649 ns, At safepoint: 6161 ns, Total: 103810 ns
[2022-07-03T08:22:49.745+0000][8][safepoint   ] Safepoint "Cleanup", Time since last: 2001595338 ns, Reaching safepoint: 165374 ns, At safepoint: 11659 ns, Total: 177033 ns
[2022-07-03T08:22:52.747+0000][8][safepoint   ] Safepoint "Cleanup", Time since last: 3002264634 ns, Reaching safepoint: 151799 ns, At safepoint: 12130 ns, Total: 163929 ns
[2022-07-03T08:22:53.749+0000][8][safepoint   ] Safepoint "Cleanup", Time since last: 1001553046 ns, Reaching safepoint: 75644 ns, At safepoint: 3786 ns, Total: 79430 ns
[2022-07-03T08:22:55.933+0000][8][safepoint   ] Safepoint "Cleanup", Time since last: 2184092512 ns, Reaching safepoint: 155619 ns, At safepoint: 4601 ns, Total: 160220 ns
[2022-07-03T08:22:58.936+0000][8][safepoint   ] Safepoint "Cleanup", Time since last: 3002171843 ns, Reaching safepoint: 48845 ns, At safepoint: 25836 ns, Total: 74681 ns
[2022-07-03T08:22:59.938+0000][8][safepoint   ] Safepoint "Cleanup", Time since last: 1001936905 ns, Reaching safepoint: 86982 ns, At safepoint: 5547 ns, Total: 92529 ns
[2022-07-03T08:23:01.942+0000][8][safepoint   ] Safepoint "Cleanup", Time since last: 2003664343 ns, Reaching safepoint: 356433 ns, At safepoint: 25345 ns, Total: 381778 ns
[2022-07-03T08:23:02.944+0000][8][safepoint   ] Safepoint "Cleanup", Time since last: 1002257175 ns, Reaching safepoint: 102798 ns, At safepoint: 7186 ns, Total: 109984 ns
[2022-07-03T08:23:04.949+0000][8][safepoint   ] Safepoint "Cleanup", Time since last: 2004311321 ns, Reaching safepoint: 190125 ns, At safepoint: 12117 ns, Total: 202242 ns
[2022-07-03T08:23:10.955+0000][8][safepoint   ] Safepoint "Cleanup", Time since last: 6006370325 ns, Reaching safepoint: 333098 ns, At safepoint: 6867 ns, Total: 339965 ns
[2022-07-03T08:23:11.938+0000][8][safepoint   ] Safepoint "Cleanup", Time since last: 1003472469 ns, Reaching safepoint: 246299 ns, At safepoint: 10347 ns, Total: 256646 ns
[2022-07-03T08:23:12.941+0000][8][safepoint   ] Safepoint "Cleanup", Time since last: 1002380914 ns, Reaching safepoint: 266229 ns, At safepoint: 15130 ns, Total: 281359 ns
[2022-07-03T08:23:13.944+0000][8][safepoint   ] Safepoint "Cleanup", Time since last: 1003098543 ns, Reaching safepoint: 124882 ns, At safepoint: 6595 ns, Total: 131477 ns
[2022-07-03T08:23:14.946+0000][8][safepoint   ] Safepoint "Cleanup", Time since last: 1002266083 ns, Reaching safepoint: 143276 ns, At safepoint: 12768 ns, Total: 156044 ns
[2022-07-03T08:23:15.949+0000][8][safepoint   ] Safepoint "Cleanup", Time since last: 1002539343 ns, Reaching safepoint: 257053 ns, At safepoint: 26840 ns, Total: 283893 ns
[2022-07-03T08:23:16.951+0000][8][safepoint   ] Safepoint "Cleanup", Time since last: 1001763568 ns, Reaching safepoint: 187526 ns, At safepoint: 9143 ns, Total: 196669 ns
[2022-07-03T08:23:17.953+0000][8][safepoint   ] Safepoint "Cleanup", Time since last: 1002055122 ns, Reaching safepoint: 125019 ns, At safepoint: 6742 ns, Total: 131761 ns
[2022-07-03T08:23:19.957+0000][8][safepoint   ] Safepoint "Cleanup", Time since last: 2003262321 ns, Reaching safepoint: 225319 ns, At safepoint: 9254 ns, Total: 234573 ns
[2022-07-03T08:23:22.962+0000][8][safepoint   ] Safepoint "Cleanup", Time since last: 3005002808 ns, Reaching safepoint: 158447 ns, At safepoint: 11014 ns, Total: 169461 ns
[2022-07-03T08:23:23.965+0000][8][safepoint   ] Safepoint "Cleanup", Time since last: 1002461420 ns, Reaching safepoint: 94112 ns, At safepoint: 7250 ns, Total: 101362 ns
[2022-07-03T08:23:25.967+0000][8][safepoint   ] Safepoint "Cleanup", Time since last: 2002533859 ns, Reaching safepoint: 302563 ns, At safepoint: 5243 ns, Total: 307806 ns
[2022-07-03T08:23:26.971+0000][8][safepoint   ] Safepoint "Cleanup", Time since last: 1003887970 ns, Reaching safepoint: 98876 ns, At safepoint: 7223 ns, Total: 106099 ns
[2022-07-03T08:23:28.978+0000][8][safepoint   ] Safepoint "Cleanup", Time since last: 2005943196 ns, Reaching safepoint: 131948 ns, At safepoint: 5887 ns, Total: 137835 ns
[2022-07-03T08:23:29.982+0000][8][safepoint   ] Safepoint "Cleanup", Time since last: 1003890909 ns, Reaching safepoint: 202113 ns, At safepoint: 3982 ns, Total: 206095 ns
[2022-07-03T08:23:34.989+0000][8][safepoint   ] Safepoint "Cleanup", Time since last: 5007355769 ns, Reaching safepoint: 320499 ns, At safepoint: 22648 ns, Total: 343147 ns
[2022-07-03T08:23:40.748+0000][8][gc,start    ] GC(21) Pause Young (Normal) (G1 Evacuation Pause)
[2022-07-03T08:23:40.751+0000][8][gc,task     ] GC(21) Using 4 workers of 4 for evacuation
[2022-07-03T08:23:40.752+0000][8][gc,age      ] GC(21) Desired survivor size 20971520 bytes, new threshold 15 (max threshold 15)
[2022-07-03T08:23:40.780+0000][8][gc,phases   ] GC(21)   Pre Evacuate Collection Set: 0.2ms
[2022-07-03T08:23:40.782+0000][8][gc,phases   ] GC(21)   Merge Heap Roots: 0.2ms
[2022-07-03T08:23:40.782+0000][8][gc,phases   ] GC(21)   Evacuate Collection Set: 21.1ms
[2022-07-03T08:23:40.783+0000][8][gc,phases   ] GC(21)   Post Evacuate Collection Set: 4.8ms
[2022-07-03T08:23:40.784+0000][8][gc,phases   ] GC(21)   Other: 3.6ms
[2022-07-03T08:23:40.784+0000][8][gc,age      ] GC(21) Age table with threshold 15 (max threshold 15)
[2022-07-03T08:23:40.785+0000][8][gc,age      ] GC(21) - age   1:    1105440 bytes,    1105440 total
[2022-07-03T08:23:40.786+0000][8][gc,age      ] GC(21) - age   2:      44616 bytes,    1150056 total
[2022-07-03T08:23:40.787+0000][8][gc,age      ] GC(21) - age   3:     186488 bytes,    1336544 total
[2022-07-03T08:23:40.788+0000][8][gc,age      ] GC(21) - age   4:    9580240 bytes,   10916784 total
[2022-07-03T08:23:40.791+0000][8][gc,age      ] GC(21) - age   5:    9685200 bytes,   20601984 total
[2022-07-03T08:23:40.792+0000][8][gc,heap     ] GC(21) Eden regions: 70->0(70)
[2022-07-03T08:23:40.793+0000][8][gc,heap     ] GC(21) Survivor regions: 6->6(10)
[2022-07-03T08:23:40.793+0000][8][gc,heap     ] GC(21) Old regions: 16->16
[2022-07-03T08:23:40.794+0000][8][gc,heap     ] GC(21) Archive regions: 2->2
[2022-07-03T08:23:40.795+0000][8][gc,heap     ] GC(21) Humongous regions: 0->0
[2022-07-03T08:23:40.796+0000][8][gc,metaspace] GC(21) Metaspace: 123246K(126528K)->123246K(126528K) NonClass: 106795K(108480K)->106795K(108480K) Class: 16450K(18048K)->16450K(18048K)
[2022-07-03T08:23:40.797+0000][8][gc          ] GC(21) Pause Young (Normal) (G1 Evacuation Pause) 367M->88M(512M) 48.484ms
[2022-07-03T08:23:40.797+0000][8][gc,cpu      ] GC(21) User=0.08s Sys=0.01s Real=0.05s
[2022-07-03T08:23:40.799+0000][8][safepoint   ] Safepoint "G1CollectForAllocation", Time since last: 5758649170 ns, Reaching safepoint: 191747 ns, At safepoint: 50383554 ns, Total: 50575301 ns
[2022-07-03T08:23:41.784+0000][8][safepoint   ] Safepoint "Cleanup", Time since last: 1004312099 ns, Reaching safepoint: 305858 ns, At safepoint: 12993 ns, Total: 318851 ns
[2022-07-03T08:23:42.786+0000][8][safepoint   ] Safepoint "Cleanup", Time since last: 1001812661 ns, Reaching safepoint: 218702 ns, At safepoint: 10109 ns, Total: 228811 ns
[2022-07-03T08:23:46.792+0000][8][safepoint   ] Safepoint "Cleanup", Time since last: 4005839711 ns, Reaching safepoint: 368491 ns, At safepoint: 25305 ns, Total: 393796 ns
[2022-07-03T08:23:47.796+0000][8][safepoint   ] Safepoint "Cleanup", Time since last: 1003727218 ns, Reaching safepoint: 162188 ns, At safepoint: 4231 ns, Total: 166419 ns
[2022-07-03T08:23:49.801+0000][8][safepoint   ] Safepoint "Cleanup", Time since last: 2003637747 ns, Reaching safepoint: 1082094 ns, At safepoint: 228520 ns, Total: 1310614 ns
[2022-07-03T08:23:50.806+0000][8][safepoint   ] Safepoint "Cleanup", Time since last: 1005471040 ns, Reaching safepoint: 187931 ns, At safepoint: 32870 ns, Total: 220801 ns
[2022-07-03T08:23:51.809+0000][8][safepoint   ] Safepoint "Cleanup", Time since last: 1002486726 ns, Reaching safepoint: 296687 ns, At safepoint: 63185 ns, Total: 359872 ns
[2022-07-03T08:23:52.813+0000][8][safepoint   ] Safepoint "Cleanup", Time since last: 1003290634 ns, Reaching safepoint: 185640 ns, At safepoint: 8183 ns, Total: 193823 ns
[2022-07-03T08:23:53.815+0000][8][safepoint   ] Safepoint "Cleanup", Time since last: 1002078833 ns, Reaching safepoint: 92958 ns, At safepoint: 4771 ns, Total: 97729 ns
[2022-07-03T08:23:55.820+0000][8][safepoint   ] Safepoint "Cleanup", Time since last: 2004953723 ns, Reaching safepoint: 175378 ns, At safepoint: 13793 ns, Total: 189171 ns
[2022-07-03T08:23:56.822+0000][8][safepoint   ] Safepoint "Cleanup", Time since last: 1002265388 ns, Reaching safepoint: 102330 ns, At safepoint: 6292 ns, Total: 108622 ns
[2022-07-03T08:23:57.240+0000][8][safepoint   ] Safepoint "ICBufferFull", Time since last: 416406479 ns, Reaching safepoint: 788846 ns, At safepoint: 143330 ns, Total: 932176 ns
[2022-07-03T08:23:57.696+0000][8][safepoint   ] Safepoint "ICBufferFull", Time since last: 455916084 ns, Reaching safepoint: 331696 ns, At safepoint: 32315 ns, Total: 364011 ns
[2022-07-03T08:23:58.702+0000][8][safepoint   ] Safepoint "Cleanup", Time since last: 1005824151 ns, Reaching safepoint: 139053 ns, At safepoint: 4612 ns, Total: 143665 ns
[2022-07-03T08:23:59.704+0000][8][safepoint   ] Safepoint "Cleanup", Time since last: 1001836055 ns, Reaching safepoint: 136133 ns, At safepoint: 9768 ns, Total: 145901 ns
[2022-07-03T08:24:00.707+0000][8][safepoint   ] Safepoint "Cleanup", Time since last: 1002678553 ns, Reaching safepoint: 125382 ns, At safepoint: 6211 ns, Total: 131593 ns
[2022-07-03T08:24:01.712+0000][8][safepoint   ] Safepoint "Cleanup", Time since last: 1004513106 ns, Reaching safepoint: 468725 ns, At safepoint: 27160 ns, Total: 495885 ns
[2022-07-03T08:24:02.714+0000][8][safepoint   ] Safepoint "Cleanup", Time since last: 1002147779 ns, Reaching safepoint: 134296 ns, At safepoint: 9059 ns, Total: 143355 ns
[2022-07-03T08:24:04.716+0000][8][safepoint   ] Safepoint "Cleanup", Time since last: 2002031005 ns, Reaching safepoint: 308386 ns, At safepoint: 13518 ns, Total: 321904 ns
[2022-07-03T08:24:05.720+0000][8][safepoint   ] Safepoint "Cleanup", Time since last: 1003477712 ns, Reaching safepoint: 179963 ns, At safepoint: 8222 ns, Total: 188185 ns
[2022-07-03T08:24:06.723+0000][8][safepoint   ] Safepoint "Cleanup", Time since last: 1002493263 ns, Reaching safepoint: 194547 ns, At safepoint: 9940 ns, Total: 204487 ns
[2022-07-03T08:24:07.725+0000][8][safepoint   ] Safepoint "Cleanup", Time since last: 1002106618 ns, Reaching safepoint: 249099 ns, At safepoint: 40587 ns, Total: 289686 ns
[2022-07-03T08:24:08.727+0000][8][safepoint   ] Safepoint "Cleanup", Time since last: 1001764253 ns, Reaching safepoint: 70891 ns, At safepoint: 4086 ns, Total: 74977 ns
[2022-07-03T08:24:09.731+0000][8][safepoint   ] Safepoint "Cleanup", Time since last: 1001701296 ns, Reaching safepoint: 2172720 ns, At safepoint: 18002 ns, Total: 2190722 ns
[2022-07-03T08:24:10.733+0000][8][safepoint   ] Safepoint "Cleanup", Time since last: 1001876937 ns, Reaching safepoint: 172453 ns, At safepoint: 12088 ns, Total: 184541 ns
[2022-07-03T08:24:11.714+0000][8][safepoint   ] Safepoint "Cleanup", Time since last: 1004417937 ns, Reaching safepoint: 632063 ns, At safepoint: 33033 ns, Total: 665096 ns
[2022-07-03T08:24:12.717+0000][8][safepoint   ] Safepoint "Cleanup", Time since last: 1002834092 ns, Reaching safepoint: 338229 ns, At safepoint: 11997 ns, Total: 350226 ns
[2022-07-03T08:24:13.719+0000][8][safepoint   ] Safepoint "Cleanup", Time since last: 1001807162 ns, Reaching safepoint: 355395 ns, At safepoint: 38394 ns, Total: 393789 ns
[2022-07-03T08:24:14.723+0000][8][safepoint   ] Safepoint "Cleanup", Time since last: 1003866611 ns, Reaching safepoint: 80903 ns, At safepoint: 5596 ns, Total: 86499 ns
[2022-07-03T08:24:16.726+0000][8][safepoint   ] Safepoint "Cleanup", Time since last: 2002549528 ns, Reaching safepoint: 181252 ns, At safepoint: 50203 ns, Total: 231455 ns
[2022-07-03T08:24:17.729+0000][8][safepoint   ] Safepoint "Cleanup", Time since last: 1002494356 ns, Reaching safepoint: 100943 ns, At safepoint: 7986 ns, Total: 108929 ns
[2022-07-03T08:24:19.733+0000][8][safepoint   ] Safepoint "Cleanup", Time since last: 2004033455 ns, Reaching safepoint: 91602 ns, At safepoint: 4630 ns, Total: 96232 ns
[2022-07-03T08:24:22.737+0000][8][safepoint   ] Safepoint "Cleanup", Time since last: 3004300057 ns, Reaching safepoint: 130806 ns, At safepoint: 57265 ns, Total: 188071 ns
[2022-07-03T08:24:23.739+0000][8][safepoint   ] Safepoint "Cleanup", Time since last: 1001937281 ns, Reaching safepoint: 57788 ns, At safepoint: 2665 ns, Total: 60453 ns
[2022-07-03T08:24:24.740+0000][8][safepoint   ] Safepoint "Cleanup", Time since last: 1000845447 ns, Reaching safepoint: 52500 ns, At safepoint: 2625 ns, Total: 55125 ns
[2022-07-03T08:24:25.741+0000][8][safepoint   ] Safepoint "Cleanup", Time since last: 1001147184 ns, Reaching safepoint: 71851 ns, At safepoint: 46675 ns, Total: 118526 ns
[2022-07-03T08:24:26.744+0000][8][safepoint   ] Safepoint "Cleanup", Time since last: 1002219423 ns, Reaching safepoint: 309925 ns, At safepoint: 22881 ns, Total: 332806 ns
[2022-07-03T08:24:28.747+0000][8][safepoint   ] Safepoint "Cleanup", Time since last: 2002744621 ns, Reaching safepoint: 183125 ns, At safepoint: 27282 ns, Total: 210407 ns
[2022-07-03T08:24:29.749+0000][8][safepoint   ] Safepoint "Cleanup", Time since last: 1001593961 ns, Reaching safepoint: 128186 ns, At safepoint: 5600 ns, Total: 133786 ns
[2022-07-03T08:24:30.750+0000][8][safepoint   ] Safepoint "Cleanup", Time since last: 1001807789 ns, Reaching safepoint: 82835 ns, At safepoint: 3230 ns, Total: 86065 ns
[2022-07-03T08:24:35.819+0000][8][safepoint   ] Safepoint "Cleanup", Time since last: 5067870013 ns, Reaching safepoint: 423057 ns, At safepoint: 9928 ns, Total: 432985 ns
[2022-07-03T08:24:37.825+0000][8][safepoint   ] Safepoint "Cleanup", Time since last: 2006590068 ns, Reaching safepoint: 148877 ns, At safepoint: 5758 ns, Total: 154635 ns
[2022-07-03T08:24:40.832+0000][8][safepoint   ] Safepoint "Cleanup", Time since last: 3006690677 ns, Reaching safepoint: 99431 ns, At safepoint: 5348 ns, Total: 104779 ns
[2022-07-03T08:24:41.813+0000][8][safepoint   ] Safepoint "Cleanup", Time since last: 1002240737 ns, Reaching safepoint: 95799 ns, At safepoint: 4694 ns, Total: 100493 ns
[2022-07-03T08:24:42.816+0000][8][safepoint   ] Safepoint "Cleanup", Time since last: 1002855003 ns, Reaching safepoint: 105497 ns, At safepoint: 6948 ns, Total: 112445 ns
[2022-07-03T08:24:45.819+0000][8][safepoint   ] Safepoint "Cleanup", Time since last: 3003479925 ns, Reaching safepoint: 100684 ns, At safepoint: 6048 ns, Total: 106732 ns
[2022-07-03T08:24:46.823+0000][8][safepoint   ] Safepoint "Cleanup", Time since last: 1003099089 ns, Reaching safepoint: 264372 ns, At safepoint: 6841 ns, Total: 271213 ns
[2022-07-03T08:24:47.826+0000][8][safepoint   ] Safepoint "Cleanup", Time since last: 1002437271 ns, Reaching safepoint: 327079 ns, At safepoint: 31073 ns, Total: 358152 ns
[2022-07-03T08:24:50.830+0000][8][safepoint   ] Safepoint "Cleanup", Time since last: 3004680355 ns, Reaching safepoint: 81008 ns, At safepoint: 4641 ns, Total: 85649 ns
[2022-07-03T08:24:51.834+0000][8][safepoint   ] Safepoint "Cleanup", Time since last: 1003718156 ns, Reaching safepoint: 210183 ns, At safepoint: 24517 ns, Total: 234700 ns
[2022-07-03T08:24:53.838+0000][8][safepoint   ] Safepoint "Cleanup", Time since last: 2003442747 ns, Reaching safepoint: 95396 ns, At safepoint: 5345 ns, Total: 100741 ns
[2022-07-03T08:24:55.841+0000][8][safepoint   ] Safepoint "Cleanup", Time since last: 2003274781 ns, Reaching safepoint: 89572 ns, At safepoint: 76544 ns, Total: 166116 ns
[2022-07-03T08:24:56.849+0000][8][safepoint   ] Safepoint "Cleanup", Time since last: 1007373922 ns, Reaching safepoint: 68570 ns, At safepoint: 4265 ns, Total: 72835 ns
[2022-07-03T08:24:57.851+0000][8][safepoint   ] Safepoint "Cleanup", Time since last: 1002243384 ns, Reaching safepoint: 123060 ns, At safepoint: 6928 ns, Total: 129988 ns
[2022-07-03T08:24:59.027+0000][8][gc,start    ] GC(22) Pause Young (Normal) (G1 Evacuation Pause)
[2022-07-03T08:24:59.028+0000][8][gc,task     ] GC(22) Using 4 workers of 4 for evacuation
[2022-07-03T08:24:59.029+0000][8][gc,age      ] GC(22) Desired survivor size 20971520 bytes, new threshold 15 (max threshold 15)
[2022-07-03T08:24:59.085+0000][8][gc,phases   ] GC(22)   Pre Evacuate Collection Set: 0.2ms
[2022-07-03T08:24:59.086+0000][8][gc,phases   ] GC(22)   Merge Heap Roots: 0.4ms
[2022-07-03T08:24:59.088+0000][8][gc,phases   ] GC(22)   Evacuate Collection Set: 49.5ms
[2022-07-03T08:24:59.090+0000][8][gc,phases   ] GC(22)   Post Evacuate Collection Set: 4.1ms
[2022-07-03T08:24:59.091+0000][8][gc,phases   ] GC(22)   Other: 2.1ms
[2022-07-03T08:24:59.101+0000][8][gc,age      ] GC(22) Age table with threshold 15 (max threshold 15)
[2022-07-03T08:24:59.104+0000][8][gc,age      ] GC(22) - age   1:    3503848 bytes,    3503848 total
[2022-07-03T08:24:59.111+0000][8][gc,age      ] GC(22) - age   2:      26960 bytes,    3530808 total
[2022-07-03T08:24:59.111+0000][8][gc,age      ] GC(22) - age   3:      29744 bytes,    3560552 total
[2022-07-03T08:24:59.113+0000][8][gc,age      ] GC(22) - age   4:     127232 bytes,    3687784 total
[2022-07-03T08:24:59.115+0000][8][gc,age      ] GC(22) - age   5:    9289440 bytes,   12977224 total
[2022-07-03T08:24:59.116+0000][8][gc,age      ] GC(22) - age   6:    9562968 bytes,   22540192 total
[2022-07-03T08:24:59.117+0000][8][gc,heap     ] GC(22) Eden regions: 70->0(70)
[2022-07-03T08:24:59.117+0000][8][gc,heap     ] GC(22) Survivor regions: 6->6(10)
[2022-07-03T08:24:59.118+0000][8][gc,heap     ] GC(22) Old regions: 16->16
[2022-07-03T08:24:59.119+0000][8][gc,heap     ] GC(22) Archive regions: 2->2
[2022-07-03T08:24:59.123+0000][8][gc,heap     ] GC(22) Humongous regions: 0->0
[2022-07-03T08:24:59.125+0000][8][gc,metaspace] GC(22) Metaspace: 125179K(128512K)->125179K(128512K) NonClass: 108452K(110144K)->108452K(110144K) Class: 16726K(18368K)->16726K(18368K)
[2022-07-03T08:24:59.125+0000][8][gc          ] GC(22) Pause Young (Normal) (G1 Evacuation Pause) 368M->89M(512M) 98.201ms
[2022-07-03T08:24:59.126+0000][8][gc,cpu      ] GC(22) User=0.18s Sys=0.00s Real=0.10s
[2022-07-03T08:24:59.127+0000][8][safepoint   ] Safepoint "G1CollectForAllocation", Time since last: 1175648991 ns, Reaching safepoint: 232150 ns, At safepoint: 99708596 ns, Total: 99940746 ns
[2022-07-03T08:25:00.136+0000][8][safepoint   ] Safepoint "Cleanup", Time since last: 1008532152 ns, Reaching safepoint: 637862 ns, At safepoint: 36329 ns, Total: 674191 ns
[2022-07-03T08:25:03.141+0000][8][safepoint   ] Safepoint "Cleanup", Time since last: 3004463890 ns, Reaching safepoint: 632744 ns, At safepoint: 12186 ns, Total: 644930 ns
[2022-07-03T08:25:05.144+0000][8][safepoint   ] Safepoint "Cleanup", Time since last: 2002635956 ns, Reaching safepoint: 201699 ns, At safepoint: 10512 ns, Total: 212211 ns
[2022-07-03T08:25:06.145+0000][8][safepoint   ] Safepoint "Cleanup", Time since last: 1001196417 ns, Reaching safepoint: 147640 ns, At safepoint: 5868 ns, Total: 153508 ns
[2022-07-03T08:25:08.150+0000][8][safepoint   ] Safepoint "Cleanup", Time since last: 2004963427 ns, Reaching safepoint: 209430 ns, At safepoint: 10369 ns, Total: 219799 ns
[2022-07-03T08:25:11.131+0000][8][safepoint   ] Safepoint "Cleanup", Time since last: 2980112817 ns, Reaching safepoint: 93070 ns, At safepoint: 28125 ns, Total: 121195 ns
[2022-07-03T08:25:12.113+0000][8][safepoint   ] Safepoint "Cleanup", Time since last: 1002603635 ns, Reaching safepoint: 376871 ns, At safepoint: 26539 ns, Total: 403410 ns
[2022-07-03T08:25:14.117+0000][8][safepoint   ] Safepoint "Cleanup", Time since last: 2004405293 ns, Reaching safepoint: 110261 ns, At safepoint: 13425 ns, Total: 123686 ns
[2022-07-03T08:25:16.120+0000][8][safepoint   ] Safepoint "Cleanup", Time since last: 2002693188 ns, Reaching safepoint: 244754 ns, At safepoint: 17518 ns, Total: 262272 ns
[2022-07-03T08:25:17.123+0000][8][safepoint   ] Safepoint "Cleanup", Time since last: 1002313532 ns, Reaching safepoint: 136859 ns, At safepoint: 23729 ns, Total: 160588 ns
[2022-07-03T08:25:18.126+0000][8][safepoint   ] Safepoint "Cleanup", Time since last: 1003164579 ns, Reaching safepoint: 114301 ns, At safepoint: 5518 ns, Total: 119819 ns
[2022-07-03T08:25:23.135+0000][8][safepoint   ] Safepoint "Cleanup", Time since last: 5008258323 ns, Reaching safepoint: 72350 ns, At safepoint: 53197 ns, Total: 125547 ns
[2022-07-03T08:25:24.167+0000][8][safepoint   ] Safepoint "Cleanup", Time since last: 1032526397 ns, Reaching safepoint: 131864 ns, At safepoint: 4638 ns, Total: 136502 ns
[2022-07-03T08:25:25.171+0000][8][safepoint   ] Safepoint "Cleanup", Time since last: 1003511827 ns, Reaching safepoint: 480821 ns, At safepoint: 36544 ns, Total: 517365 ns
[2022-07-03T08:25:26.173+0000][8][safepoint   ] Safepoint "Cleanup", Time since last: 1001875998 ns, Reaching safepoint: 231093 ns, At safepoint: 10003 ns, Total: 241096 ns
[2022-07-03T08:25:29.177+0000][8][safepoint   ] Safepoint "Cleanup", Time since last: 3003031941 ns, Reaching safepoint: 143595 ns, At safepoint: 4669 ns, Total: 148264 ns
[2022-07-03T08:25:30.179+0000][8][safepoint   ] Safepoint "Cleanup", Time since last: 1002295151 ns, Reaching safepoint: 108319 ns, At safepoint: 3663 ns, Total: 111982 ns
[2022-07-03T08:25:34.182+0000][8][safepoint   ] Safepoint "Cleanup", Time since last: 4003141094 ns, Reaching safepoint: 115041 ns, At safepoint: 13675 ns, Total: 128716 ns
[2022-07-03T08:25:35.186+0000][8][safepoint   ] Safepoint "Cleanup", Time since last: 1003898206 ns, Reaching safepoint: 63843 ns, At safepoint: 3750 ns, Total: 67593 ns
[2022-07-03T08:25:40.190+0000][8][safepoint   ] Safepoint "Cleanup", Time since last: 5003604624 ns, Reaching safepoint: 573991 ns, At safepoint: 17769 ns, Total: 591760 ns
[2022-07-03T08:25:41.193+0000][8][safepoint   ] Safepoint "Cleanup", Time since last: 1002027274 ns, Reaching safepoint: 487697 ns, At safepoint: 37473 ns, Total: 525170 ns
[2022-07-03T08:25:42.176+0000][8][safepoint   ] Safepoint "Cleanup", Time since last: 1003852930 ns, Reaching safepoint: 260192 ns, At safepoint: 9318 ns, Total: 269510 ns
[2022-07-03T08:25:43.179+0000][8][safepoint   ] Safepoint "Cleanup", Time since last: 1001926346 ns, Reaching safepoint: 1366665 ns, At safepoint: 13434 ns, Total: 1380099 ns
[2022-07-03T08:25:46.183+0000][8][safepoint   ] Safepoint "Cleanup", Time since last: 3003680389 ns, Reaching safepoint: 115799 ns, At safepoint: 6619 ns, Total: 122418 ns
[2022-07-03T08:25:47.209+0000][8][safepoint   ] Safepoint "Cleanup", Time since last: 1026448444 ns, Reaching safepoint: 63796 ns, At safepoint: 3339 ns, Total: 67135 ns
[2022-07-03T08:25:53.212+0000][8][safepoint   ] Safepoint "Cleanup", Time since last: 6002851568 ns, Reaching safepoint: 122584 ns, At safepoint: 4450 ns, Total: 127034 ns
[2022-07-03T08:25:54.214+0000][8][safepoint   ] Safepoint "Cleanup", Time since last: 1001595239 ns, Reaching safepoint: 83191 ns, At safepoint: 7834 ns, Total: 91025 ns
[2022-07-03T08:25:55.216+0000][8][safepoint   ] Safepoint "Cleanup", Time since last: 1001738572 ns, Reaching safepoint: 69328 ns, At safepoint: 2935 ns, Total: 72263 ns
[2022-07-03T08:25:56.217+0000][8][safepoint   ] Safepoint "Cleanup", Time since last: 1001082107 ns, Reaching safepoint: 81424 ns, At safepoint: 5670 ns, Total: 87094 ns
[2022-07-03T08:25:59.219+0000][8][safepoint   ] Safepoint "Cleanup", Time since last: 3001792783 ns, Reaching safepoint: 187769 ns, At safepoint: 16988 ns, Total: 204757 ns
[2022-07-03T08:26:00.221+0000][8][safepoint   ] Safepoint "Cleanup", Time since last: 1001764079 ns, Reaching safepoint: 56097 ns, At safepoint: 2825 ns, Total: 58922 ns
[2022-07-03T08:26:02.223+0000][8][safepoint   ] Safepoint "Cleanup", Time since last: 2002268235 ns, Reaching safepoint: 107842 ns, At safepoint: 5920 ns, Total: 113762 ns
[2022-07-03T08:26:05.234+0000][8][safepoint   ] Safepoint "Cleanup", Time since last: 3010333787 ns, Reaching safepoint: 361187 ns, At safepoint: 35169 ns, Total: 396356 ns
[2022-07-03T08:26:06.236+0000][8][safepoint   ] Safepoint "Cleanup", Time since last: 1001666131 ns, Reaching safepoint: 192617 ns, At safepoint: 15148 ns, Total: 207765 ns
[2022-07-03T08:26:08.253+0000][8][safepoint   ] Safepoint "Cleanup", Time since last: 2017039753 ns, Reaching safepoint: 109369 ns, At safepoint: 6412 ns, Total: 115781 ns
[2022-07-03T08:26:11.256+0000][8][safepoint   ] Safepoint "Cleanup", Time since last: 3003136991 ns, Reaching safepoint: 83146 ns, At safepoint: 3297 ns, Total: 86443 ns
[2022-07-03T08:26:12.236+0000][8][safepoint   ] Safepoint "Cleanup", Time since last: 1002472294 ns, Reaching safepoint: 99483 ns, At safepoint: 7265 ns, Total: 106748 ns
[2022-07-03T08:26:17.245+0000][8][safepoint   ] Safepoint "Cleanup", Time since last: 5008390686 ns, Reaching safepoint: 77067 ns, At safepoint: 3550 ns, Total: 80617 ns
[2022-07-03T08:26:20.251+0000][8][safepoint   ] Safepoint "Cleanup", Time since last: 3006408949 ns, Reaching safepoint: 63837 ns, At safepoint: 3290 ns, Total: 67127 ns
[2022-07-03T08:26:22.253+0000][8][safepoint   ] Safepoint "Cleanup", Time since last: 2001690695 ns, Reaching safepoint: 74421 ns, At safepoint: 4842 ns, Total: 79263 ns
[2022-07-03T08:26:23.256+0000][8][safepoint   ] Safepoint "Cleanup", Time since last: 1002728886 ns, Reaching safepoint: 155083 ns, At safepoint: 14326 ns, Total: 169409 ns
[2022-07-03T08:26:24.258+0000][8][safepoint   ] Safepoint "Cleanup", Time since last: 1001837236 ns, Reaching safepoint: 56311 ns, At safepoint: 3115 ns, Total: 59426 ns
[2022-07-03T08:26:27.315+0000][8][safepoint   ] Safepoint "Cleanup", Time since last: 3057534675 ns, Reaching safepoint: 202670 ns, At safepoint: 34216 ns, Total: 236886 ns
[2022-07-03T08:26:28.318+0000][8][safepoint   ] Safepoint "Cleanup", Time since last: 1002162309 ns, Reaching safepoint: 125609 ns, At safepoint: 12461 ns, Total: 138070 ns
[2022-07-03T08:26:29.460+0000][8][safepoint   ] Safepoint "Cleanup", Time since last: 1142391793 ns, Reaching safepoint: 79461 ns, At safepoint: 7923 ns, Total: 87384 ns
[2022-07-03T08:26:32.555+0000][8][safepoint   ] Safepoint "Cleanup", Time since last: 3094446904 ns, Reaching safepoint: 83056 ns, At safepoint: 5698 ns, Total: 88754 ns
[2022-07-03T08:26:35.614+0000][8][safepoint   ] Safepoint "Cleanup", Time since last: 3058027116 ns, Reaching safepoint: 1340998 ns, At safepoint: 88045 ns, Total: 1429043 ns
[2022-07-03T08:26:35.645+0000][8][gc,start    ] GC(23) Pause Young (Normal) (G1 Evacuation Pause)
[2022-07-03T08:26:35.649+0000][8][gc,task     ] GC(23) Using 4 workers of 4 for evacuation
[2022-07-03T08:26:35.651+0000][8][gc,age      ] GC(23) Desired survivor size 20971520 bytes, new threshold 6 (max threshold 15)
[2022-07-03T08:26:35.830+0000][8][gc,phases   ] GC(23)   Pre Evacuate Collection Set: 0.1ms
[2022-07-03T08:26:35.832+0000][8][gc,phases   ] GC(23)   Merge Heap Roots: 1.5ms
[2022-07-03T08:26:35.833+0000][8][gc,phases   ] GC(23)   Evacuate Collection Set: 167.9ms
[2022-07-03T08:26:35.836+0000][8][gc,phases   ] GC(23)   Post Evacuate Collection Set: 4.1ms
[2022-07-03T08:26:35.838+0000][8][gc,phases   ] GC(23)   Other: 6.6ms
[2022-07-03T08:26:35.841+0000][8][gc,age      ] GC(23) Age table with threshold 6 (max threshold 15)
[2022-07-03T08:26:35.843+0000][8][gc,age      ] GC(23) - age   1:    1015064 bytes,    1015064 total
[2022-07-03T08:26:35.845+0000][8][gc,age      ] GC(23) - age   2:    1748304 bytes,    2763368 total
[2022-07-03T08:26:35.850+0000][8][gc,age      ] GC(23) - age   3:      26024 bytes,    2789392 total
[2022-07-03T08:26:35.851+0000][8][gc,age      ] GC(23) - age   4:      29680 bytes,    2819072 total
[2022-07-03T08:26:35.852+0000][8][gc,age      ] GC(23) - age   5:     127104 bytes,    2946176 total
[2022-07-03T08:26:35.853+0000][8][gc,age      ] GC(23) - age   6:    9289312 bytes,   12235488 total
[2022-07-03T08:26:35.854+0000][8][gc,heap     ] GC(23) Eden regions: 70->0(72)
[2022-07-03T08:26:35.856+0000][8][gc,heap     ] GC(23) Survivor regions: 6->4(10)
[2022-07-03T08:26:35.857+0000][8][gc,heap     ] GC(23) Old regions: 16->18
[2022-07-03T08:26:35.858+0000][8][gc,heap     ] GC(23) Archive regions: 2->2
[2022-07-03T08:26:35.860+0000][8][gc,heap     ] GC(23) Humongous regions: 0->0
[2022-07-03T08:26:35.861+0000][8][gc,metaspace] GC(23) Metaspace: 125504K(128832K)->125504K(128832K) NonClass: 108777K(110464K)->108777K(110464K) Class: 16726K(18368K)->16726K(18368K)
[2022-07-03T08:26:35.866+0000][8][gc          ] GC(23) Pause Young (Normal) (G1 Evacuation Pause) 369M->89M(512M) 220.817ms
[2022-07-03T08:26:35.869+0000][8][gc,cpu      ] GC(23) User=0.40s Sys=0.02s Real=0.22s
[2022-07-03T08:26:35.870+0000][8][safepoint   ] Safepoint "G1CollectForAllocation", Time since last: 30415105 ns, Reaching safepoint: 105140 ns, At safepoint: 225221519 ns, Total: 225326659 ns
[2022-07-03T08:26:36.871+0000][8][safepoint   ] Safepoint "Cleanup", Time since last: 1001455009 ns, Reaching safepoint: 192639 ns, At safepoint: 19218 ns, Total: 211857 ns
[2022-07-03T08:26:37.876+0000][8][safepoint   ] Safepoint "Cleanup", Time since last: 1003692587 ns, Reaching safepoint: 268168 ns, At safepoint: 46396 ns, Total: 314564 ns
[2022-07-03T08:26:38.877+0000][8][safepoint   ] Safepoint "Cleanup", Time since last: 1001646348 ns, Reaching safepoint: 196385 ns, At safepoint: 6348 ns, Total: 202733 ns
[2022-07-03T08:26:44.861+0000][8][safepoint   ] Safepoint "Cleanup", Time since last: 6005953465 ns, Reaching safepoint: 169198 ns, At safepoint: 8326 ns, Total: 177524 ns
[2022-07-03T08:26:45.864+0000][8][safepoint   ] Safepoint "Cleanup", Time since last: 1003423524 ns, Reaching safepoint: 163487 ns, At safepoint: 7052 ns, Total: 170539 ns
[2022-07-03T08:26:47.866+0000][8][safepoint   ] Safepoint "Cleanup", Time since last: 2001746675 ns, Reaching safepoint: 165313 ns, At safepoint: 18539 ns, Total: 183852 ns
[2022-07-03T08:26:48.868+0000][8][safepoint   ] Safepoint "Cleanup", Time since last: 1001536037 ns, Reaching safepoint: 180659 ns, At safepoint: 10452 ns, Total: 191111 ns
[2022-07-03T08:26:50.871+0000][8][safepoint   ] Safepoint "Cleanup", Time since last: 2002161718 ns, Reaching safepoint: 480446 ns, At safepoint: 52246 ns, Total: 532692 ns
[2022-07-03T08:26:51.875+0000][8][safepoint   ] Safepoint "Cleanup", Time since last: 1003518618 ns, Reaching safepoint: 408377 ns, At safepoint: 24337 ns, Total: 432714 ns
[2022-07-03T08:26:56.881+0000][8][safepoint   ] Safepoint "Cleanup", Time since last: 5005967664 ns, Reaching safepoint: 238838 ns, At safepoint: 8053 ns, Total: 246891 ns
[2022-07-03T08:26:59.886+0000][8][safepoint   ] Safepoint "Cleanup", Time since last: 3004411385 ns, Reaching safepoint: 180704 ns, At safepoint: 6258 ns, Total: 186962 ns
[2022-07-03T08:27:02.888+0000][8][safepoint   ] Safepoint "Cleanup", Time since last: 3001858669 ns, Reaching safepoint: 112925 ns, At safepoint: 7927 ns, Total: 120852 ns
[2022-07-03T08:27:03.890+0000][8][safepoint   ] Safepoint "Cleanup", Time since last: 1001891472 ns, Reaching safepoint: 185436 ns, At safepoint: 4379 ns, Total: 189815 ns
[2022-07-03T08:27:04.892+0000][8][safepoint   ] Safepoint "Cleanup", Time since last: 1001827103 ns, Reaching safepoint: 284905 ns, At safepoint: 18546 ns, Total: 303451 ns
[2022-07-03T08:27:05.941+0000][8][safepoint   ] Safepoint "Cleanup", Time since last: 1049191089 ns, Reaching safepoint: 102988 ns, At safepoint: 3750 ns, Total: 106738 ns
[2022-07-03T08:27:08.976+0000][8][safepoint   ] Safepoint "Cleanup", Time since last: 3031091838 ns, Reaching safepoint: 3452839 ns, At safepoint: 98615 ns, Total: 3551454 ns
[2022-07-03T08:27:11.966+0000][8][safepoint   ] Safepoint "Cleanup", Time since last: 3010299226 ns, Reaching safepoint: 134023 ns, At safepoint: 4665 ns, Total: 138688 ns
[2022-07-03T08:27:12.969+0000][8][safepoint   ] Safepoint "Cleanup", Time since last: 1002857183 ns, Reaching safepoint: 267753 ns, At safepoint: 13877 ns, Total: 281630 ns
[2022-07-03T08:27:13.971+0000][8][safepoint   ] Safepoint "Cleanup", Time since last: 1002224973 ns, Reaching safepoint: 125906 ns, At safepoint: 27211 ns, Total: 153117 ns
[2022-07-03T08:27:14.973+0000][8][safepoint   ] Safepoint "Cleanup", Time since last: 1001422071 ns, Reaching safepoint: 162970 ns, At safepoint: 33199 ns, Total: 196169 ns
[2022-07-03T08:27:15.975+0000][8][safepoint   ] Safepoint "Cleanup", Time since last: 1001705170 ns, Reaching safepoint: 74954 ns, At safepoint: 3017 ns, Total: 77971 ns
[2022-07-03T08:27:20.978+0000][8][safepoint   ] Safepoint "Cleanup", Time since last: 5002804476 ns, Reaching safepoint: 827164 ns, At safepoint: 97025 ns, Total: 924189 ns
[2022-07-03T08:27:22.985+0000][8][safepoint   ] Safepoint "Cleanup", Time since last: 2002630810 ns, Reaching safepoint: 3365582 ns, At safepoint: 40712 ns, Total: 3406294 ns
[2022-07-03T08:27:23.986+0000][8][safepoint   ] Safepoint "Cleanup", Time since last: 1001289327 ns, Reaching safepoint: 138449 ns, At safepoint: 4461 ns, Total: 142910 ns
[2022-07-03T08:27:25.987+0000][8][safepoint   ] Safepoint "Cleanup", Time since last: 2001349822 ns, Reaching safepoint: 111015 ns, At safepoint: 56288 ns, Total: 167303 ns
[2022-07-03T08:27:26.989+0000][8][safepoint   ] Safepoint "Cleanup", Time since last: 1001457088 ns, Reaching safepoint: 124080 ns, At safepoint: 12480 ns, Total: 136560 ns
[2022-07-03T08:27:28.992+0000][8][safepoint   ] Safepoint "Cleanup", Time since last: 2002196078 ns, Reaching safepoint: 227056 ns, At safepoint: 37271 ns, Total: 264327 ns
[2022-07-03T08:27:29.994+0000][8][safepoint   ] Safepoint "Cleanup", Time since last: 1002264072 ns, Reaching safepoint: 70652 ns, At safepoint: 5430 ns, Total: 76082 ns
[2022-07-03T08:27:31.997+0000][8][safepoint   ] Safepoint "Cleanup", Time since last: 2002370000 ns, Reaching safepoint: 452480 ns, At safepoint: 52783 ns, Total: 505263 ns
[2022-07-03T08:35:00.053+0000][8][safepoint   ] Safepoint "Cleanup", Time since last: 447792949029 ns, Reaching safepoint: 293199 ns, At safepoint: 11623 ns, Total: 304822 ns
[2022-07-03T08:35:01.055+0000][8][safepoint   ] Safepoint "Cleanup", Time since last: 1001745267 ns, Reaching safepoint: 83023 ns, At safepoint: 5390 ns, Total: 88413 ns
[2022-07-03T08:35:03.058+0000][8][safepoint   ] Safepoint "Cleanup", Time since last: 2003309606 ns, Reaching safepoint: 73487 ns, At safepoint: 4526 ns, Total: 78013 ns
[2022-07-03T08:35:06.061+0000][8][safepoint   ] Safepoint "Cleanup", Time since last: 3003206535 ns, Reaching safepoint: 68421 ns, At safepoint: 4084 ns, Total: 72505 ns
[2022-07-03T08:35:12.067+0000][8][safepoint   ] Safepoint "Cleanup", Time since last: 6005019318 ns, Reaching safepoint: 87047 ns, At safepoint: 4649 ns, Total: 91696 ns
[2022-07-03T08:35:18.076+0000][8][safepoint   ] Safepoint "Cleanup", Time since last: 6009487489 ns, Reaching safepoint: 100224 ns, At safepoint: 7492 ns, Total: 107716 ns
[2022-07-03T08:35:20.079+0000][8][safepoint   ] Safepoint "Cleanup", Time since last: 2003209224 ns, Reaching safepoint: 137987 ns, At safepoint: 11621 ns, Total: 149608 ns
[2022-07-03T08:35:21.082+0000][8][safepoint   ] Safepoint "Cleanup", Time since last: 1002531784 ns, Reaching safepoint: 105748 ns, At safepoint: 7270 ns, Total: 113018 ns
[2022-07-03T08:35:24.087+0000][8][safepoint   ] Safepoint "Cleanup", Time since last: 3004643073 ns, Reaching safepoint: 391788 ns, At safepoint: 11753 ns, Total: 403541 ns
[2022-07-03T08:35:25.090+0000][8][safepoint   ] Safepoint "Cleanup", Time since last: 1002362517 ns, Reaching safepoint: 73857 ns, At safepoint: 5014 ns, Total: 78871 ns
[2022-07-03T08:35:29.094+0000][8][safepoint   ] Safepoint "Cleanup", Time since last: 4003961991 ns, Reaching safepoint: 56731 ns, At safepoint: 3611 ns, Total: 60342 ns
[2022-07-03T08:35:29.518+0000][8][gc,start    ] GC(24) Pause Young (Normal) (G1 Evacuation Pause)
[2022-07-03T08:35:29.519+0000][8][gc,task     ] GC(24) Using 4 workers of 4 for evacuation
[2022-07-03T08:35:29.520+0000][8][gc,age      ] GC(24) Desired survivor size 20971520 bytes, new threshold 15 (max threshold 15)
[2022-07-03T08:35:29.552+0000][8][gc,phases   ] GC(24)   Pre Evacuate Collection Set: 0.1ms
[2022-07-03T08:35:29.553+0000][8][gc,phases   ] GC(24)   Merge Heap Roots: 0.2ms
[2022-07-03T08:35:29.554+0000][8][gc,phases   ] GC(24)   Evacuate Collection Set: 27.2ms
[2022-07-03T08:35:29.554+0000][8][gc,phases   ] GC(24)   Post Evacuate Collection Set: 3.4ms
[2022-07-03T08:35:29.556+0000][8][gc,phases   ] GC(24)   Other: 1.8ms
[2022-07-03T08:35:29.557+0000][8][gc,age      ] GC(24) Age table with threshold 15 (max threshold 15)
[2022-07-03T08:35:29.557+0000][8][gc,age      ] GC(24) - age   1:    1936952 bytes,    1936952 total
[2022-07-03T08:35:29.558+0000][8][gc,age      ] GC(24) - age   2:      22952 bytes,    1959904 total
[2022-07-03T08:35:29.559+0000][8][gc,age      ] GC(24) - age   3:    1406688 bytes,    3366592 total
[2022-07-03T08:35:29.559+0000][8][gc,age      ] GC(24) - age   4:      25832 bytes,    3392424 total
[2022-07-03T08:35:29.560+0000][8][gc,age      ] GC(24) - age   5:      29680 bytes,    3422104 total
[2022-07-03T08:35:29.560+0000][8][gc,age      ] GC(24) - age   6:     126808 bytes,    3548912 total
[2022-07-03T08:35:29.561+0000][8][gc,age      ] GC(24) - age   7:    9038200 bytes,   12587112 total
[2022-07-03T08:35:29.562+0000][8][gc,heap     ] GC(24) Eden regions: 72->0(72)
[2022-07-03T08:35:29.562+0000][8][gc,heap     ] GC(24) Survivor regions: 4->4(10)
[2022-07-03T08:35:29.563+0000][8][gc,heap     ] GC(24) Old regions: 18->18
[2022-07-03T08:35:29.564+0000][8][gc,heap     ] GC(24) Archive regions: 2->2
[2022-07-03T08:35:29.564+0000][8][gc,heap     ] GC(24) Humongous regions: 0->0
[2022-07-03T08:35:29.565+0000][8][gc,metaspace] GC(24) Metaspace: 125930K(129344K)->125930K(129344K) NonClass: 109170K(110912K)->109170K(110912K) Class: 16760K(18432K)->16760K(18432K)
[2022-07-03T08:35:29.566+0000][8][gc          ] GC(24) Pause Young (Normal) (G1 Evacuation Pause) 377M->89M(512M) 47.740ms
[2022-07-03T08:35:29.566+0000][8][gc,cpu      ] GC(24) User=0.09s Sys=0.01s Real=0.05s
[2022-07-03T08:35:29.567+0000][8][safepoint   ] Safepoint "G1CollectForAllocation", Time since last: 366383389 ns, Reaching safepoint: 53945 ns, At safepoint: 49645345 ns, Total: 49699290 ns
[2022-07-03T08:35:32.571+0000][8][safepoint   ] Safepoint "Cleanup", Time since last: 3003316371 ns, Reaching safepoint: 275421 ns, At safepoint: 10704 ns, Total: 286125 ns
[2022-07-03T08:35:35.580+0000][8][safepoint   ] Safepoint "Cleanup", Time since last: 3008714701 ns, Reaching safepoint: 200206 ns, At safepoint: 8078 ns, Total: 208284 ns
[2022-07-03T08:35:47.594+0000][8][safepoint   ] Safepoint "Cleanup", Time since last: 12013824186 ns, Reaching safepoint: 484133 ns, At safepoint: 115191 ns, Total: 599324 ns
[2022-07-03T08:35:53.601+0000][8][safepoint   ] Safepoint "Cleanup", Time since last: 6006702569 ns, Reaching safepoint: 159515 ns, At safepoint: 11503 ns, Total: 171018 ns
[2022-07-03T08:35:55.412+0000][8][safepoint   ] Safepoint "Cleanup", Time since last: 1810343057 ns, Reaching safepoint: 488946 ns, At safepoint: 16060 ns, Total: 505006 ns
[2022-07-03T08:35:57.415+0000][8][safepoint   ] Safepoint "Cleanup", Time since last: 2002686119 ns, Reaching safepoint: 364726 ns, At safepoint: 37169 ns, Total: 401895 ns
[2022-07-03T08:35:59.399+0000][8][safepoint   ] Safepoint "Cleanup", Time since last: 2003778942 ns, Reaching safepoint: 160094 ns, At safepoint: 8875 ns, Total: 168969 ns
[2022-07-03T08:36:00.402+0000][8][safepoint   ] Safepoint "Cleanup", Time since last: 1003743204 ns, Reaching safepoint: 115079 ns, At safepoint: 5309 ns, Total: 120388 ns
[2022-07-03T08:36:03.407+0000][8][safepoint   ] Safepoint "Cleanup", Time since last: 3004082478 ns, Reaching safepoint: 201819 ns, At safepoint: 8257 ns, Total: 210076 ns
[2022-07-03T08:36:04.410+0000][8][safepoint   ] Safepoint "Cleanup", Time since last: 1001835447 ns, Reaching safepoint: 1725430 ns, At safepoint: 60174 ns, Total: 1785604 ns
[2022-07-03T08:36:05.414+0000][8][safepoint   ] Safepoint "Cleanup", Time since last: 1003406849 ns, Reaching safepoint: 97943 ns, At safepoint: 4932 ns, Total: 102875 ns
[2022-07-03T08:36:06.415+0000][8][safepoint   ] Safepoint "Cleanup", Time since last: 1001378744 ns, Reaching safepoint: 79972 ns, At safepoint: 4222 ns, Total: 84194 ns
[2022-07-03T08:36:07.417+0000][8][safepoint   ] Safepoint "Cleanup", Time since last: 1001416832 ns, Reaching safepoint: 103943 ns, At safepoint: 4686 ns, Total: 108629 ns
[2022-07-03T08:36:12.421+0000][8][safepoint   ] Safepoint "Cleanup", Time since last: 5004281389 ns, Reaching safepoint: 110955 ns, At safepoint: 7392 ns, Total: 118347 ns
[2022-07-03T08:36:14.425+0000][8][safepoint   ] Safepoint "Cleanup", Time since last: 2003227437 ns, Reaching safepoint: 142039 ns, At safepoint: 6437 ns, Total: 148476 ns
[2022-07-03T08:36:17.616+0000][8][safepoint   ] Safepoint "Cleanup", Time since last: 3191474659 ns, Reaching safepoint: 220318 ns, At safepoint: 10470 ns, Total: 230788 ns
[2022-07-03T08:36:21.622+0000][8][safepoint   ] Safepoint "Cleanup", Time since last: 4005799927 ns, Reaching safepoint: 199694 ns, At safepoint: 18998 ns, Total: 218692 ns
[2022-07-03T08:36:23.624+0000][8][safepoint   ] Safepoint "Cleanup", Time since last: 2001848053 ns, Reaching safepoint: 66465 ns, At safepoint: 2712 ns, Total: 69177 ns
[2022-07-03T08:36:29.123+0000][8][safepoint   ] Safepoint "Cleanup", Time since last: 5498853008 ns, Reaching safepoint: 141327 ns, At safepoint: 12013 ns, Total: 153340 ns
[2022-07-03T08:36:30.106+0000][8][safepoint   ] Safepoint "Cleanup", Time since last: 1002337267 ns, Reaching safepoint: 103869 ns, At safepoint: 4239 ns, Total: 108108 ns
[2022-07-03T08:36:31.108+0000][8][safepoint   ] Safepoint "Cleanup", Time since last: 1002356676 ns, Reaching safepoint: 186559 ns, At safepoint: 10851 ns, Total: 197410 ns
[2022-07-03T08:36:32.111+0000][8][safepoint   ] Safepoint "Cleanup", Time since last: 1002464220 ns, Reaching safepoint: 100145 ns, At safepoint: 6809 ns, Total: 106954 ns
[2022-07-03T08:36:41.500+0000][8][safepoint   ] Safepoint "ICBufferFull", Time since last: 9389179328 ns, Reaching safepoint: 157927 ns, At safepoint: 3030 ns, Total: 160957 ns
[2022-07-03T08:36:42.502+0000][8][safepoint   ] Safepoint "Cleanup", Time since last: 1001958893 ns, Reaching safepoint: 123323 ns, At safepoint: 2723 ns, Total: 126046 ns
[2022-07-03T08:36:43.504+0000][8][safepoint   ] Safepoint "Cleanup", Time since last: 1001340811 ns, Reaching safepoint: 66038 ns, At safepoint: 4557 ns, Total: 70595 ns
[2022-07-03T08:36:47.511+0000][8][safepoint   ] Safepoint "Cleanup", Time since last: 4006997398 ns, Reaching safepoint: 118094 ns, At safepoint: 143877 ns, Total: 261971 ns
[2022-07-03T08:36:48.553+0000][8][safepoint   ] Safepoint "Cleanup", Time since last: 1042090553 ns, Reaching safepoint: 71846 ns, At safepoint: 2909 ns, Total: 74755 ns
[2022-07-03T08:36:49.555+0000][8][safepoint   ] Safepoint "Cleanup", Time since last: 1001470888 ns, Reaching safepoint: 217561 ns, At safepoint: 10333 ns, Total: 227894 ns
[2022-07-03T08:36:52.560+0000][8][safepoint   ] Safepoint "Cleanup", Time since last: 3005185283 ns, Reaching safepoint: 94479 ns, At safepoint: 4355 ns, Total: 98834 ns
[2022-07-03T08:36:53.562+0000][8][safepoint   ] Safepoint "Cleanup", Time since last: 1001633211 ns, Reaching safepoint: 90875 ns, At safepoint: 4538 ns, Total: 95413 ns
[2022-07-03T08:36:54.565+0000][8][safepoint   ] Safepoint "Cleanup", Time since last: 1002898515 ns, Reaching safepoint: 214522 ns, At safepoint: 7417 ns, Total: 221939 ns
[2022-07-03T08:36:56.569+0000][8][safepoint   ] Safepoint "Cleanup", Time since last: 2003405181 ns, Reaching safepoint: 187665 ns, At safepoint: 7430 ns, Total: 195095 ns
[2022-07-03T08:36:59.473+0000][8][safepoint   ] Safepoint "ICBufferFull", Time since last: 2931488203 ns, Reaching safepoint: 352290 ns, At safepoint: 13092 ns, Total: 365382 ns
[2022-07-03T08:37:00.484+0000][8][safepoint   ] Safepoint "Cleanup", Time since last: 1008704257 ns, Reaching safepoint: 1352377 ns, At safepoint: 23378 ns, Total: 1375755 ns
[2022-07-03T08:37:02.489+0000][8][safepoint   ] Safepoint "Cleanup", Time since last: 2005426637 ns, Reaching safepoint: 233476 ns, At safepoint: 18141 ns, Total: 251617 ns
[2022-07-03T08:37:04.492+0000][8][safepoint   ] Safepoint "Cleanup", Time since last: 2002958674 ns, Reaching safepoint: 202454 ns, At safepoint: 11332 ns, Total: 213786 ns
[2022-07-03T08:37:05.494+0000][8][safepoint   ] Safepoint "Cleanup", Time since last: 1001526385 ns, Reaching safepoint: 305966 ns, At safepoint: 31088 ns, Total: 337054 ns
[2022-07-03T08:37:07.500+0000][8][safepoint   ] Safepoint "Cleanup", Time since last: 2005616738 ns, Reaching safepoint: 274820 ns, At safepoint: 284465 ns, Total: 559285 ns
[2022-07-03T08:37:08.503+0000][8][safepoint   ] Safepoint "Cleanup", Time since last: 1001934188 ns, Reaching safepoint: 149499 ns, At safepoint: 111372 ns, Total: 260871 ns
[2022-07-03T08:37:11.509+0000][8][safepoint   ] Safepoint "Cleanup", Time since last: 3006082095 ns, Reaching safepoint: 90019 ns, At safepoint: 3488 ns, Total: 93507 ns
[2022-07-03T08:37:12.512+0000][8][safepoint   ] Safepoint "Cleanup", Time since last: 1002616239 ns, Reaching safepoint: 171292 ns, At safepoint: 13883 ns, Total: 185175 ns
[2022-07-03T08:37:14.517+0000][8][safepoint   ] Safepoint "Cleanup", Time since last: 2005007988 ns, Reaching safepoint: 178119 ns, At safepoint: 5042 ns, Total: 183161 ns
[2022-07-03T08:37:23.427+0000][8][gc,start    ] GC(25) Pause Young (Normal) (G1 Evacuation Pause)
[2022-07-03T08:37:23.428+0000][8][gc,task     ] GC(25) Using 4 workers of 4 for evacuation
[2022-07-03T08:37:23.429+0000][8][gc,age      ] GC(25) Desired survivor size 20971520 bytes, new threshold 15 (max threshold 15)
[2022-07-03T08:37:23.443+0000][8][gc,phases   ] GC(25)   Pre Evacuate Collection Set: 0.2ms
[2022-07-03T08:37:23.444+0000][8][gc,phases   ] GC(25)   Merge Heap Roots: 0.1ms
[2022-07-03T08:37:23.445+0000][8][gc,phases   ] GC(25)   Evacuate Collection Set: 11.2ms
[2022-07-03T08:37:23.446+0000][8][gc,phases   ] GC(25)   Post Evacuate Collection Set: 1.8ms
[2022-07-03T08:37:23.447+0000][8][gc,phases   ] GC(25)   Other: 2.1ms
[2022-07-03T08:37:23.448+0000][8][gc,age      ] GC(25) Age table with threshold 15 (max threshold 15)
[2022-07-03T08:37:23.448+0000][8][gc,age      ] GC(25) - age   1:    1032424 bytes,    1032424 total
[2022-07-03T08:37:23.449+0000][8][gc,age      ] GC(25) - age   2:     493616 bytes,    1526040 total
[2022-07-03T08:37:23.450+0000][8][gc,age      ] GC(25) - age   3:      22376 bytes,    1548416 total
[2022-07-03T08:37:23.451+0000][8][gc,age      ] GC(25) - age   4:    1385088 bytes,    2933504 total
[2022-07-03T08:37:23.451+0000][8][gc,age      ] GC(25) - age   5:      25832 bytes,    2959336 total
[2022-07-03T08:37:23.452+0000][8][gc,age      ] GC(25) - age   6:      29680 bytes,    2989016 total
[2022-07-03T08:37:23.453+0000][8][gc,age      ] GC(25) - age   7:     126808 bytes,    3115824 total
[2022-07-03T08:37:23.453+0000][8][gc,age      ] GC(25) - age   8:    8986952 bytes,   12102776 total
[2022-07-03T08:37:23.454+0000][8][gc,heap     ] GC(25) Eden regions: 72->0(72)
[2022-07-03T08:37:23.455+0000][8][gc,heap     ] GC(25) Survivor regions: 4->4(10)
[2022-07-03T08:37:23.456+0000][8][gc,heap     ] GC(25) Old regions: 18->18
[2022-07-03T08:37:23.456+0000][8][gc,heap     ] GC(25) Archive regions: 2->2
[2022-07-03T08:37:23.457+0000][8][gc,heap     ] GC(25) Humongous regions: 0->0
[2022-07-03T08:37:23.458+0000][8][gc,metaspace] GC(25) Metaspace: 126131K(129536K)->126131K(129536K) NonClass: 109371K(111104K)->109371K(111104K) Class: 16760K(18432K)->16760K(18432K)
[2022-07-03T08:37:23.459+0000][8][gc          ] GC(25) Pause Young (Normal) (G1 Evacuation Pause) 377M->88M(512M) 31.951ms
[2022-07-03T08:37:23.459+0000][8][gc,cpu      ] GC(25) User=0.04s Sys=0.00s Real=0.03s
[2022-07-03T08:37:23.460+0000][8][safepoint   ] Safepoint "G1CollectForAllocation", Time since last: 8909928201 ns, Reaching safepoint: 86359 ns, At safepoint: 33367171 ns, Total: 33453530 ns
[2022-07-03T08:37:27.467+0000][8][safepoint   ] Safepoint "Cleanup", Time since last: 4006505499 ns, Reaching safepoint: 506074 ns, At safepoint: 28901 ns, Total: 534975 ns
[2022-07-03T08:37:28.472+0000][8][safepoint   ] Safepoint "Cleanup", Time since last: 1004165774 ns, Reaching safepoint: 165530 ns, At safepoint: 17941 ns, Total: 183471 ns
[2022-07-03T08:37:30.456+0000][8][safepoint   ] Safepoint "Cleanup", Time since last: 2002312720 ns, Reaching safepoint: 237680 ns, At safepoint: 12976 ns, Total: 250656 ns
[2022-07-03T08:37:35.460+0000][8][safepoint   ] Safepoint "Cleanup", Time since last: 5003311058 ns, Reaching safepoint: 408780 ns, At safepoint: 32970 ns, Total: 441750 ns
[2022-07-03T08:37:36.462+0000][8][safepoint   ] Safepoint "Cleanup", Time since last: 1001372209 ns, Reaching safepoint: 152226 ns, At safepoint: 7707 ns, Total: 159933 ns
[2022-07-03T08:37:37.464+0000][8][safepoint   ] Safepoint "Cleanup", Time since last: 1002163657 ns, Reaching safepoint: 179610 ns, At safepoint: 10255 ns, Total: 189865 ns
[2022-07-03T08:37:42.470+0000][8][safepoint   ] Safepoint "Cleanup", Time since last: 5005397167 ns, Reaching safepoint: 176923 ns, At safepoint: 31411 ns, Total: 208334 ns
[2022-07-03T08:37:48.474+0000][8][safepoint   ] Safepoint "Cleanup", Time since last: 6004177910 ns, Reaching safepoint: 384466 ns, At safepoint: 66671 ns, Total: 451137 ns
[2022-07-03T08:37:50.477+0000][8][safepoint   ] Safepoint "Cleanup", Time since last: 2002099659 ns, Reaching safepoint: 308103 ns, At safepoint: 15099 ns, Total: 323202 ns
[2022-07-03T08:37:53.482+0000][8][safepoint   ] Safepoint "Cleanup", Time since last: 3004855940 ns, Reaching safepoint: 601690 ns, At safepoint: 16498 ns, Total: 618188 ns
[2022-07-03T08:37:54.485+0000][8][safepoint   ] Safepoint "Cleanup", Time since last: 1002409092 ns, Reaching safepoint: 678256 ns, At safepoint: 207293 ns, Total: 885549 ns
[2022-07-03T08:37:59.476+0000][8][safepoint   ] Safepoint "Cleanup", Time since last: 5010198400 ns, Reaching safepoint: 493600 ns, At safepoint: 81561 ns, Total: 575161 ns
[2022-07-03T08:38:05.485+0000][8][safepoint   ] Safepoint "Cleanup", Time since last: 6009403452 ns, Reaching safepoint: 120183 ns, At safepoint: 7408 ns, Total: 127591 ns
[2022-07-03T08:38:06.488+0000][8][safepoint   ] Safepoint "Cleanup", Time since last: 1002770469 ns, Reaching safepoint: 175214 ns, At safepoint: 20506 ns, Total: 195720 ns
[2022-07-03T08:38:07.496+0000][8][safepoint   ] Safepoint "Cleanup", Time since last: 1007192737 ns, Reaching safepoint: 110696 ns, At safepoint: 6309 ns, Total: 117005 ns
[2022-07-03T08:38:08.498+0000][8][safepoint   ] Safepoint "Cleanup", Time since last: 1001837083 ns, Reaching safepoint: 124748 ns, At safepoint: 12404 ns, Total: 137152 ns
[2022-07-03T08:38:09.499+0000][8][safepoint   ] Safepoint "Cleanup", Time since last: 1001503040 ns, Reaching safepoint: 98702 ns, At safepoint: 6601 ns, Total: 105303 ns
[2022-07-03T08:38:17.512+0000][8][safepoint   ] Safepoint "Cleanup", Time since last: 8012421157 ns, Reaching safepoint: 124336 ns, At safepoint: 5959 ns, Total: 130295 ns
[2022-07-03T08:38:18.517+0000][8][safepoint   ] Safepoint "Cleanup", Time since last: 1004969449 ns, Reaching safepoint: 139098 ns, At safepoint: 11617 ns, Total: 150715 ns
[2022-07-03T08:38:23.521+0000][8][safepoint   ] Safepoint "Cleanup", Time since last: 5004116748 ns, Reaching safepoint: 124563 ns, At safepoint: 7157 ns, Total: 131720 ns
[2022-07-03T08:38:24.523+0000][8][safepoint   ] Safepoint "Cleanup", Time since last: 1002073091 ns, Reaching safepoint: 142083 ns, At safepoint: 6316 ns, Total: 148399 ns
[2022-07-03T08:38:25.527+0000][8][safepoint   ] Safepoint "Cleanup", Time since last: 1002643973 ns, Reaching safepoint: 499564 ns, At safepoint: 31027 ns, Total: 530591 ns
[2022-07-03T08:38:27.531+0000][8][safepoint   ] Safepoint "Cleanup", Time since last: 2004008384 ns, Reaching safepoint: 328047 ns, At safepoint: 145092 ns, Total: 473139 ns
[2022-07-03T08:38:29.511+0000][8][safepoint   ] Safepoint "Cleanup", Time since last: 2002234262 ns, Reaching safepoint: 257838 ns, At safepoint: 42936 ns, Total: 300774 ns
[2022-07-03T08:38:35.517+0000][8][safepoint   ] Safepoint "Cleanup", Time since last: 6006116214 ns, Reaching safepoint: 140277 ns, At safepoint: 3369 ns, Total: 143646 ns
[2022-07-03T08:38:36.524+0000][8][safepoint   ] Safepoint "Cleanup", Time since last: 1005947494 ns, Reaching safepoint: 231988 ns, At safepoint: 7982 ns, Total: 239970 ns
[2022-07-03T08:38:41.529+0000][8][safepoint   ] Safepoint "Cleanup", Time since last: 5005022631 ns, Reaching safepoint: 125975 ns, At safepoint: 8764 ns, Total: 134739 ns
[2022-07-03T08:38:44.534+0000][8][safepoint   ] Safepoint "Cleanup", Time since last: 3005511270 ns, Reaching safepoint: 150679 ns, At safepoint: 6837 ns, Total: 157516 ns
[2022-07-03T08:38:47.538+0000][8][safepoint   ] Safepoint "Cleanup", Time since last: 3003193957 ns, Reaching safepoint: 219219 ns, At safepoint: 12661 ns, Total: 231880 ns
[2022-07-03T08:38:53.543+0000][8][safepoint   ] Safepoint "Cleanup", Time since last: 6004829504 ns, Reaching safepoint: 156098 ns, At safepoint: 4008 ns, Total: 160106 ns
[2022-07-03T08:38:54.545+0000][8][safepoint   ] Safepoint "Cleanup", Time since last: 1001537984 ns, Reaching safepoint: 179316 ns, At safepoint: 5507 ns, Total: 184823 ns
[2022-07-03T08:38:56.548+0000][8][safepoint   ] Safepoint "Cleanup", Time since last: 2003817357 ns, Reaching safepoint: 100482 ns, At safepoint: 4588 ns, Total: 105070 ns
[2022-07-03T08:38:57.551+0000][8][safepoint   ] Safepoint "Cleanup", Time since last: 1002786651 ns, Reaching safepoint: 115876 ns, At safepoint: 7585 ns, Total: 123461 ns
[2022-07-03T08:38:59.536+0000][8][safepoint   ] Safepoint "Cleanup", Time since last: 2007410341 ns, Reaching safepoint: 154121 ns, At safepoint: 9226 ns, Total: 163347 ns
[2022-07-03T08:39:05.550+0000][8][safepoint   ] Safepoint "Cleanup", Time since last: 6013347437 ns, Reaching safepoint: 169095 ns, At safepoint: 8038 ns, Total: 177133 ns
[2022-07-03T08:39:14.351+0000][8][gc,start    ] GC(26) Pause Young (Normal) (G1 Evacuation Pause)
[2022-07-03T08:39:14.352+0000][8][gc,task     ] GC(26) Using 4 workers of 4 for evacuation
[2022-07-03T08:39:14.353+0000][8][gc,age      ] GC(26) Desired survivor size 20971520 bytes, new threshold 15 (max threshold 15)
[2022-07-03T08:39:14.369+0000][8][gc,phases   ] GC(26)   Pre Evacuate Collection Set: 0.1ms
[2022-07-03T08:39:14.370+0000][8][gc,phases   ] GC(26)   Merge Heap Roots: 0.1ms
[2022-07-03T08:39:14.370+0000][8][gc,phases   ] GC(26)   Evacuate Collection Set: 12.7ms
[2022-07-03T08:39:14.371+0000][8][gc,phases   ] GC(26)   Post Evacuate Collection Set: 1.7ms
[2022-07-03T08:39:14.372+0000][8][gc,phases   ] GC(26)   Other: 1.9ms
[2022-07-03T08:39:14.373+0000][8][gc,age      ] GC(26) Age table with threshold 15 (max threshold 15)
[2022-07-03T08:39:14.373+0000][8][gc,age      ] GC(26) - age   1:    1280760 bytes,    1280760 total
[2022-07-03T08:39:14.374+0000][8][gc,age      ] GC(26) - age   2:      39136 bytes,    1319896 total
[2022-07-03T08:39:14.375+0000][8][gc,age      ] GC(26) - age   3:     491312 bytes,    1811208 total
[2022-07-03T08:39:14.376+0000][8][gc,age      ] GC(26) - age   4:      22376 bytes,    1833584 total
[2022-07-03T08:39:14.377+0000][8][gc,age      ] GC(26) - age   5:    1385088 bytes,    3218672 total
[2022-07-03T08:39:14.378+0000][8][gc,age      ] GC(26) - age   6:      25832 bytes,    3244504 total
[2022-07-03T08:39:14.378+0000][8][gc,age      ] GC(26) - age   7:      29680 bytes,    3274184 total
[2022-07-03T08:39:14.379+0000][8][gc,age      ] GC(26) - age   8:     126808 bytes,    3400992 total
[2022-07-03T08:39:14.380+0000][8][gc,age      ] GC(26) - age   9:    8986744 bytes,   12387736 total
[2022-07-03T08:39:14.381+0000][8][gc,heap     ] GC(26) Eden regions: 72->0(72)
[2022-07-03T08:39:14.381+0000][8][gc,heap     ] GC(26) Survivor regions: 4->4(10)
[2022-07-03T08:39:14.382+0000][8][gc,heap     ] GC(26) Old regions: 18->18
[2022-07-03T08:39:14.383+0000][8][gc,heap     ] GC(26) Archive regions: 2->2
[2022-07-03T08:39:14.383+0000][8][gc,heap     ] GC(26) Humongous regions: 0->0
[2022-07-03T08:39:14.384+0000][8][gc,metaspace] GC(26) Metaspace: 126282K(129664K)->126282K(129664K) NonClass: 109520K(111232K)->109520K(111232K) Class: 16761K(18432K)->16761K(18432K)
[2022-07-03T08:39:14.385+0000][8][gc          ] GC(26) Pause Young (Normal) (G1 Evacuation Pause) 376M->89M(512M) 33.824ms
[2022-07-03T08:39:14.386+0000][8][gc,cpu      ] GC(26) User=0.04s Sys=0.00s Real=0.03s
[2022-07-03T08:39:14.387+0000][8][safepoint   ] Safepoint "G1CollectForAllocation", Time since last: 8801336466 ns, Reaching safepoint: 144461 ns, At safepoint: 35346713 ns, Total: 35491174 ns
[2022-07-03T08:39:17.389+0000][8][safepoint   ] Safepoint "Cleanup", Time since last: 3002455925 ns, Reaching safepoint: 214400 ns, At safepoint: 10313 ns, Total: 224713 ns
[2022-07-03T08:39:20.394+0000][8][safepoint   ] Safepoint "Cleanup", Time since last: 3004745945 ns, Reaching safepoint: 169040 ns, At safepoint: 13371 ns, Total: 182411 ns
[2022-07-03T08:39:22.399+0000][8][safepoint   ] Safepoint "Cleanup", Time since last: 2004712332 ns, Reaching safepoint: 305161 ns, At safepoint: 10834 ns, Total: 315995 ns
[2022-07-03T08:39:23.402+0000][8][safepoint   ] Safepoint "Cleanup", Time since last: 1002283240 ns, Reaching safepoint: 113165 ns, At safepoint: 4928 ns, Total: 118093 ns
[2022-07-03T08:39:26.406+0000][8][safepoint   ] Safepoint "Cleanup", Time since last: 3004005417 ns, Reaching safepoint: 161496 ns, At safepoint: 19359 ns, Total: 180855 ns
[2022-07-03T08:39:29.388+0000][8][safepoint   ] Safepoint "Cleanup", Time since last: 3003543477 ns, Reaching safepoint: 225512 ns, At safepoint: 11288 ns, Total: 236800 ns
[2022-07-03T08:39:30.390+0000][8][safepoint   ] Safepoint "Cleanup", Time since last: 1001712133 ns, Reaching safepoint: 135959 ns, At safepoint: 6409 ns, Total: 142368 ns
[2022-07-03T08:39:35.396+0000][8][safepoint   ] Safepoint "Cleanup", Time since last: 5005758842 ns, Reaching safepoint: 177786 ns, At safepoint: 24854 ns, Total: 202640 ns
[2022-07-03T08:39:36.399+0000][8][safepoint   ] Safepoint "Cleanup", Time since last: 1002950781 ns, Reaching safepoint: 193624 ns, At safepoint: 7307 ns, Total: 200931 ns
[2022-07-03T08:39:37.402+0000][8][safepoint   ] Safepoint "Cleanup", Time since last: 1002363600 ns, Reaching safepoint: 388037 ns, At safepoint: 18131 ns, Total: 406168 ns
[2022-07-03T08:39:38.407+0000][8][safepoint   ] Safepoint "Cleanup", Time since last: 1004165610 ns, Reaching safepoint: 286313 ns, At safepoint: 13042 ns, Total: 299355 ns
[2022-07-03T08:39:39.410+0000][8][safepoint   ] Safepoint "Cleanup", Time since last: 1002821747 ns, Reaching safepoint: 267620 ns, At safepoint: 12104 ns, Total: 279724 ns
[2022-07-03T08:39:41.413+0000][8][safepoint   ] Safepoint "Cleanup", Time since last: 2002590718 ns, Reaching safepoint: 165688 ns, At safepoint: 11241 ns, Total: 176929 ns
[2022-07-03T08:39:42.416+0000][8][safepoint   ] Safepoint "Cleanup", Time since last: 1002895247 ns, Reaching safepoint: 133061 ns, At safepoint: 7392 ns, Total: 140453 ns
[2022-07-03T08:39:44.419+0000][8][safepoint   ] Safepoint "Cleanup", Time since last: 2002924802 ns, Reaching safepoint: 135442 ns, At safepoint: 8208 ns, Total: 143650 ns
[2022-07-03T08:39:47.422+0000][8][safepoint   ] Safepoint "Cleanup", Time since last: 3003781930 ns, Reaching safepoint: 67205 ns, At safepoint: 2334 ns, Total: 69539 ns
[2022-07-03T08:39:50.429+0000][8][safepoint   ] Safepoint "Cleanup", Time since last: 3005956495 ns, Reaching safepoint: 341376 ns, At safepoint: 8360 ns, Total: 349736 ns
[2022-07-03T08:39:52.435+0000][8][safepoint   ] Safepoint "Cleanup", Time since last: 2005785536 ns, Reaching safepoint: 271657 ns, At safepoint: 15410 ns, Total: 287067 ns
[2022-07-03T08:39:53.437+0000][8][safepoint   ] Safepoint "Cleanup", Time since last: 1002063763 ns, Reaching safepoint: 116105 ns, At safepoint: 5904 ns, Total: 122009 ns
[2022-07-03T08:39:56.443+0000][8][safepoint   ] Safepoint "Cleanup", Time since last: 3005759845 ns, Reaching safepoint: 119964 ns, At safepoint: 7365 ns, Total: 127329 ns
[2022-07-03T08:39:59.425+0000][8][safepoint   ] Safepoint "Cleanup", Time since last: 3003852640 ns, Reaching safepoint: 100369 ns, At safepoint: 4929 ns, Total: 105298 ns
[2022-07-03T08:40:00.427+0000][8][safepoint   ] Safepoint "Cleanup", Time since last: 1001517593 ns, Reaching safepoint: 71165 ns, At safepoint: 3654 ns, Total: 74819 ns
[2022-07-03T08:40:02.431+0000][8][safepoint   ] Safepoint "Cleanup", Time since last: 2003370865 ns, Reaching safepoint: 227068 ns, At safepoint: 8372 ns, Total: 235440 ns
[2022-07-03T08:40:03.444+0000][8][safepoint   ] Safepoint "Cleanup", Time since last: 1012926862 ns, Reaching safepoint: 78846 ns, At safepoint: 5057 ns, Total: 83903 ns
[2022-07-03T08:40:06.448+0000][8][safepoint   ] Safepoint "Cleanup", Time since last: 3004233432 ns, Reaching safepoint: 162045 ns, At safepoint: 32133 ns, Total: 194178 ns
[2022-07-03T08:40:14.459+0000][8][safepoint   ] Safepoint "Cleanup", Time since last: 8010843716 ns, Reaching safepoint: 100634 ns, At safepoint: 9829 ns, Total: 110463 ns
[2022-07-03T08:40:17.464+0000][8][safepoint   ] Safepoint "Cleanup", Time since last: 3004825090 ns, Reaching safepoint: 163495 ns, At safepoint: 45908 ns, Total: 209403 ns
[2022-07-03T08:40:27.470+0000][8][safepoint   ] Safepoint "Cleanup", Time since last: 10005849104 ns, Reaching safepoint: 568149 ns, At safepoint: 43562 ns, Total: 611711 ns
[2022-07-03T08:40:29.453+0000][8][safepoint   ] Safepoint "Cleanup", Time since last: 2003891468 ns, Reaching safepoint: 79030 ns, At safepoint: 3259 ns, Total: 82289 ns
[2022-07-03T08:40:30.455+0000][8][safepoint   ] Safepoint "Cleanup", Time since last: 1001132858 ns, Reaching safepoint: 91908 ns, At safepoint: 5713 ns, Total: 97621 ns
[2022-07-03T08:40:32.457+0000][8][safepoint   ] Safepoint "Cleanup", Time since last: 2002407863 ns, Reaching safepoint: 159547 ns, At safepoint: 6276 ns, Total: 165823 ns
[2022-07-03T08:40:35.461+0000][8][safepoint   ] Safepoint "Cleanup", Time since last: 3004121595 ns, Reaching safepoint: 82680 ns, At safepoint: 4683 ns, Total: 87363 ns
[2022-07-03T08:40:41.473+0000][8][safepoint   ] Safepoint "Cleanup", Time since last: 6011040064 ns, Reaching safepoint: 116822 ns, At safepoint: 6919 ns, Total: 123741 ns
[2022-07-03T08:40:47.480+0000][8][safepoint   ] Safepoint "Cleanup", Time since last: 6007290755 ns, Reaching safepoint: 112944 ns, At safepoint: 6379 ns, Total: 119323 ns
[2022-07-03T08:40:48.482+0000][8][safepoint   ] Safepoint "Cleanup", Time since last: 1002167915 ns, Reaching safepoint: 160343 ns, At safepoint: 12166 ns, Total: 172509 ns
[2022-07-03T08:40:54.489+0000][8][safepoint   ] Safepoint "Cleanup", Time since last: 6006252594 ns, Reaching safepoint: 139005 ns, At safepoint: 5682 ns, Total: 144687 ns
[2022-07-03T08:40:59.299+0000][8][gc,start    ] GC(27) Pause Young (Normal) (G1 Evacuation Pause)
[2022-07-03T08:40:59.300+0000][8][gc,task     ] GC(27) Using 4 workers of 4 for evacuation
[2022-07-03T08:40:59.301+0000][8][gc,age      ] GC(27) Desired survivor size 20971520 bytes, new threshold 15 (max threshold 15)
[2022-07-03T08:40:59.316+0000][8][gc,phases   ] GC(27)   Pre Evacuate Collection Set: 0.3ms
[2022-07-03T08:40:59.317+0000][8][gc,phases   ] GC(27)   Merge Heap Roots: 0.1ms
[2022-07-03T08:40:59.318+0000][8][gc,phases   ] GC(27)   Evacuate Collection Set: 11.3ms
[2022-07-03T08:40:59.319+0000][8][gc,phases   ] GC(27)   Post Evacuate Collection Set: 3.0ms
[2022-07-03T08:40:59.319+0000][8][gc,phases   ] GC(27)   Other: 1.5ms
[2022-07-03T08:40:59.320+0000][8][gc,age      ] GC(27) Age table with threshold 15 (max threshold 15)
[2022-07-03T08:40:59.321+0000][8][gc,age      ] GC(27) - age   1:    1007344 bytes,    1007344 total
[2022-07-03T08:40:59.321+0000][8][gc,age      ] GC(27) - age   2:      27768 bytes,    1035112 total
[2022-07-03T08:40:59.322+0000][8][gc,age      ] GC(27) - age   3:      27832 bytes,    1062944 total
[2022-07-03T08:40:59.323+0000][8][gc,age      ] GC(27) - age   4:     370408 bytes,    1433352 total
[2022-07-03T08:40:59.323+0000][8][gc,age      ] GC(27) - age   5:      22376 bytes,    1455728 total
[2022-07-03T08:40:59.324+0000][8][gc,age      ] GC(27) - age   6:    1383560 bytes,    2839288 total
[2022-07-03T08:40:59.325+0000][8][gc,age      ] GC(27) - age   7:      25832 bytes,    2865120 total
[2022-07-03T08:40:59.325+0000][8][gc,age      ] GC(27) - age   8:      29680 bytes,    2894800 total
[2022-07-03T08:40:59.326+0000][8][gc,age      ] GC(27) - age   9:     126808 bytes,    3021608 total
[2022-07-03T08:40:59.327+0000][8][gc,age      ] GC(27) - age  10:    8986744 bytes,   12008352 total
[2022-07-03T08:40:59.327+0000][8][gc,heap     ] GC(27) Eden regions: 72->0(72)
[2022-07-03T08:40:59.329+0000][8][gc,heap     ] GC(27) Survivor regions: 4->4(10)
[2022-07-03T08:40:59.331+0000][8][gc,heap     ] GC(27) Old regions: 18->18
[2022-07-03T08:40:59.333+0000][8][gc,heap     ] GC(27) Archive regions: 2->2
[2022-07-03T08:40:59.334+0000][8][gc,heap     ] GC(27) Humongous regions: 0->0
[2022-07-03T08:40:59.334+0000][8][gc,metaspace] GC(27) Metaspace: 126366K(129728K)->126366K(129728K) NonClass: 109604K(111296K)->109604K(111296K) Class: 16761K(18432K)->16761K(18432K)
[2022-07-03T08:40:59.335+0000][8][gc          ] GC(27) Pause Young (Normal) (G1 Evacuation Pause) 377M->88M(512M) 36.351ms
[2022-07-03T08:40:59.336+0000][8][gc,cpu      ] GC(27) User=0.03s Sys=0.00s Real=0.04s
[2022-07-03T08:40:59.336+0000][8][safepoint   ] Safepoint "G1CollectForAllocation", Time since last: 4832419598 ns, Reaching safepoint: 150176 ns, At safepoint: 37540611 ns, Total: 37690787 ns
[2022-07-03T08:41:18.352+0000][8][safepoint   ] Safepoint "Cleanup", Time since last: 19015942284 ns, Reaching safepoint: 171114 ns, At safepoint: 20249 ns, Total: 191363 ns
[2022-07-03T08:41:20.355+0000][8][safepoint   ] Safepoint "Cleanup", Time since last: 2002219101 ns, Reaching safepoint: 172182 ns, At safepoint: 12423 ns, Total: 184605 ns
[2022-07-03T08:41:23.360+0000][8][safepoint   ] Safepoint "Cleanup", Time since last: 3005122436 ns, Reaching safepoint: 152875 ns, At safepoint: 11485 ns, Total: 164360 ns
[2022-07-03T08:41:29.350+0000][8][safepoint   ] Safepoint "Cleanup", Time since last: 6011002316 ns, Reaching safepoint: 128921 ns, At safepoint: 10325 ns, Total: 139246 ns
[2022-07-03T08:41:30.354+0000][8][safepoint   ] Safepoint "Cleanup", Time since last: 1004508726 ns, Reaching safepoint: 124983 ns, At safepoint: 6300 ns, Total: 131283 ns
[2022-07-03T08:41:39.365+0000][8][safepoint   ] Safepoint "Cleanup", Time since last: 9010483730 ns, Reaching safepoint: 453522 ns, At safepoint: 25703 ns, Total: 479225 ns
[2022-07-03T08:41:41.370+0000][8][safepoint   ] Safepoint "Cleanup", Time since last: 2004148236 ns, Reaching safepoint: 256234 ns, At safepoint: 21173 ns, Total: 277407 ns
[2022-07-03T08:41:43.377+0000][8][safepoint   ] Safepoint "Cleanup", Time since last: 2007002765 ns, Reaching safepoint: 144941 ns, At safepoint: 12104 ns, Total: 157045 ns
[2022-07-03T08:41:50.387+0000][8][safepoint   ] Safepoint "Cleanup", Time since last: 7010280379 ns, Reaching safepoint: 151517 ns, At safepoint: 7307 ns, Total: 158824 ns
[2022-07-03T08:41:54.392+0000][8][safepoint   ] Safepoint "Cleanup", Time since last: 4004847043 ns, Reaching safepoint: 131750 ns, At safepoint: 6693 ns, Total: 138443 ns
[2022-07-03T08:41:59.376+0000][8][safepoint   ] Safepoint "Cleanup", Time since last: 5005138194 ns, Reaching safepoint: 252475 ns, At safepoint: 26806 ns, Total: 279281 ns
[2022-07-03T08:42:04.383+0000][8][safepoint   ] Safepoint "Cleanup", Time since last: 5006449855 ns, Reaching safepoint: 460422 ns, At safepoint: 36143 ns, Total: 496565 ns
[2022-07-03T08:42:05.387+0000][8][safepoint   ] Safepoint "Cleanup", Time since last: 1004166947 ns, Reaching safepoint: 89389 ns, At safepoint: 4781 ns, Total: 94170 ns
[2022-07-03T08:42:06.392+0000][8][safepoint   ] Safepoint "Cleanup", Time since last: 1004467927 ns, Reaching safepoint: 150263 ns, At safepoint: 8713 ns, Total: 158976 ns
[2022-07-03T08:42:11.400+0000][8][safepoint   ] Safepoint "Cleanup", Time since last: 5007724841 ns, Reaching safepoint: 69569 ns, At safepoint: 24428 ns, Total: 93997 ns
[2022-07-03T08:42:17.406+0000][8][safepoint   ] Safepoint "Cleanup", Time since last: 6005816891 ns, Reaching safepoint: 151098 ns, At safepoint: 8149 ns, Total: 159247 ns
[2022-07-03T08:42:20.411+0000][8][safepoint   ] Safepoint "Cleanup", Time since last: 3004745481 ns, Reaching safepoint: 275221 ns, At safepoint: 47065 ns, Total: 322286 ns
[2022-07-03T08:42:21.416+0000][8][safepoint   ] Safepoint "Cleanup", Time since last: 1005060665 ns, Reaching safepoint: 224241 ns, At safepoint: 14698 ns, Total: 238939 ns
[2022-07-03T08:42:22.418+0000][8][safepoint   ] Safepoint "Cleanup", Time since last: 1001966261 ns, Reaching safepoint: 158030 ns, At safepoint: 10101 ns, Total: 168131 ns
[2022-07-03T08:42:23.421+0000][8][safepoint   ] Safepoint "Cleanup", Time since last: 1002416165 ns, Reaching safepoint: 146236 ns, At safepoint: 8061 ns, Total: 154297 ns
[2022-07-03T08:42:30.406+0000][8][safepoint   ] Safepoint "Cleanup", Time since last: 7007013785 ns, Reaching safepoint: 187847 ns, At safepoint: 6703 ns, Total: 194550 ns
[2022-07-03T08:42:41.417+0000][8][safepoint   ] Safepoint "Cleanup", Time since last: 11010480755 ns, Reaching safepoint: 236438 ns, At safepoint: 14031 ns, Total: 250469 ns
[2022-07-03T08:42:45.087+0000][8][safepoint   ] Safepoint "Cleanup", Time since last: 3669831392 ns, Reaching safepoint: 596346 ns, At safepoint: 28544 ns, Total: 624890 ns
[2022-07-03T08:42:47.957+0000][8][gc,start    ] GC(28) Pause Young (Normal) (G1 Evacuation Pause)
[2022-07-03T08:42:47.961+0000][8][gc,task     ] GC(28) Using 4 workers of 4 for evacuation
[2022-07-03T08:42:47.962+0000][8][gc,age      ] GC(28) Desired survivor size 20971520 bytes, new threshold 15 (max threshold 15)
[2022-07-03T08:42:47.978+0000][8][gc,phases   ] GC(28)   Pre Evacuate Collection Set: 0.1ms
[2022-07-03T08:42:47.979+0000][8][gc,phases   ] GC(28)   Merge Heap Roots: 0.1ms
[2022-07-03T08:42:47.980+0000][8][gc,phases   ] GC(28)   Evacuate Collection Set: 13.0ms
[2022-07-03T08:42:47.980+0000][8][gc,phases   ] GC(28)   Post Evacuate Collection Set: 2.6ms
[2022-07-03T08:42:47.981+0000][8][gc,phases   ] GC(28)   Other: 1.8ms
[2022-07-03T08:42:47.982+0000][8][gc,age      ] GC(28) Age table with threshold 15 (max threshold 15)
[2022-07-03T08:42:47.982+0000][8][gc,age      ] GC(28) - age   1:    1145672 bytes,    1145672 total
[2022-07-03T08:42:47.983+0000][8][gc,age      ] GC(28) - age   2:     128464 bytes,    1274136 total
[2022-07-03T08:42:47.983+0000][8][gc,age      ] GC(28) - age   3:      26744 bytes,    1300880 total
[2022-07-03T08:42:47.984+0000][8][gc,age      ] GC(28) - age   4:      27704 bytes,    1328584 total
[2022-07-03T08:42:47.985+0000][8][gc,age      ] GC(28) - age   5:     370280 bytes,    1698864 total
[2022-07-03T08:42:47.985+0000][8][gc,age      ] GC(28) - age   6:      22376 bytes,    1721240 total
[2022-07-03T08:42:47.986+0000][8][gc,age      ] GC(28) - age   7:    1383560 bytes,    3104800 total
[2022-07-03T08:42:47.987+0000][8][gc,age      ] GC(28) - age   8:      25832 bytes,    3130632 total
[2022-07-03T08:42:47.987+0000][8][gc,age      ] GC(28) - age   9:      29680 bytes,    3160312 total
[2022-07-03T08:42:47.988+0000][8][gc,age      ] GC(28) - age  10:     126808 bytes,    3287120 total
[2022-07-03T08:42:47.989+0000][8][gc,age      ] GC(28) - age  11:    8986744 bytes,   12273864 total
[2022-07-03T08:42:47.989+0000][8][gc,heap     ] GC(28) Eden regions: 72->0(72)
[2022-07-03T08:42:47.990+0000][8][gc,heap     ] GC(28) Survivor regions: 4->4(10)
[2022-07-03T08:42:47.993+0000][8][gc,heap     ] GC(28) Old regions: 18->18
[2022-07-03T08:42:47.994+0000][8][gc,heap     ] GC(28) Archive regions: 2->2
[2022-07-03T08:42:47.996+0000][8][gc,heap     ] GC(28) Humongous regions: 0->0
[2022-07-03T08:42:47.996+0000][8][gc,metaspace] GC(28) Metaspace: 126446K(129792K)->126446K(129792K) NonClass: 109685K(111360K)->109685K(111360K) Class: 16761K(18432K)->16761K(18432K)
[2022-07-03T08:42:47.997+0000][8][gc          ] GC(28) Pause Young (Normal) (G1 Evacuation Pause) 376M->88M(512M) 39.394ms
[2022-07-03T08:42:47.997+0000][8][gc,cpu      ] GC(28) User=0.04s Sys=0.00s Real=0.04s
[2022-07-03T08:42:47.998+0000][8][safepoint   ] Safepoint "G1CollectForAllocation", Time since last: 2870051880 ns, Reaching safepoint: 110432 ns, At safepoint: 40709672 ns, Total: 40820104 ns
[2022-07-03T08:42:52.001+0000][8][safepoint   ] Safepoint "Cleanup", Time since last: 4002072051 ns, Reaching safepoint: 302520 ns, At safepoint: 14808 ns, Total: 317328 ns
[2022-07-03T08:42:54.003+0000][8][safepoint   ] Safepoint "Cleanup", Time since last: 2002594905 ns, Reaching safepoint: 125405 ns, At safepoint: 49697 ns, Total: 175102 ns
[2022-07-03T08:42:55.007+0000][8][safepoint   ] Safepoint "Cleanup", Time since last: 1003576862 ns, Reaching safepoint: 224287 ns, At safepoint: 15915 ns, Total: 240202 ns
[2022-07-03T08:42:59.013+0000][8][safepoint   ] Safepoint "Cleanup", Time since last: 4005882091 ns, Reaching safepoint: 81552 ns, At safepoint: 2880 ns, Total: 84432 ns
[2022-07-03T08:42:59.990+0000][8][safepoint   ] Safepoint "Cleanup", Time since last: 1001943771 ns, Reaching safepoint: 189858 ns, At safepoint: 11755 ns, Total: 201613 ns
[2022-07-03T08:43:06.006+0000][8][safepoint   ] Safepoint "Cleanup", Time since last: 6015685936 ns, Reaching safepoint: 118671 ns, At safepoint: 7463 ns, Total: 126134 ns
[2022-07-03T08:43:07.013+0000][8][safepoint   ] Safepoint "Cleanup", Time since last: 1006776463 ns, Reaching safepoint: 259830 ns, At safepoint: 34085 ns, Total: 293915 ns
[2022-07-03T08:43:15.031+0000][8][safepoint   ] Safepoint "Cleanup", Time since last: 8017927469 ns, Reaching safepoint: 67536 ns, At safepoint: 3521 ns, Total: 71057 ns
[2022-07-03T08:43:18.042+0000][8][safepoint   ] Safepoint "Cleanup", Time since last: 3009855481 ns, Reaching safepoint: 748073 ns, At safepoint: 29265 ns, Total: 777338 ns
[2022-07-03T08:43:24.053+0000][8][safepoint   ] Safepoint "Cleanup", Time since last: 6010807929 ns, Reaching safepoint: 163759 ns, At safepoint: 13096 ns, Total: 176855 ns
[2022-07-03T08:43:27.061+0000][8][safepoint   ] Safepoint "Cleanup", Time since last: 3008500745 ns, Reaching safepoint: 125845 ns, At safepoint: 7636 ns, Total: 133481 ns
[2022-07-03T08:43:29.065+0000][8][safepoint   ] Safepoint "Cleanup", Time since last: 2003496945 ns, Reaching safepoint: 134135 ns, At safepoint: 6112 ns, Total: 140247 ns
[2022-07-03T08:43:31.050+0000][8][safepoint   ] Safepoint "Cleanup", Time since last: 2002585498 ns, Reaching safepoint: 125610 ns, At safepoint: 4909 ns, Total: 130519 ns
[2022-07-03T08:43:36.060+0000][8][safepoint   ] Safepoint "Cleanup", Time since last: 5010298742 ns, Reaching safepoint: 215384 ns, At safepoint: 23288 ns, Total: 238672 ns
[2022-07-03T08:43:37.064+0000][8][safepoint   ] Safepoint "Cleanup", Time since last: 1002848788 ns, Reaching safepoint: 559019 ns, At safepoint: 15154 ns, Total: 574173 ns
[2022-07-03T08:43:54.090+0000][8][safepoint   ] Safepoint "Cleanup", Time since last: 17025618274 ns, Reaching safepoint: 94825 ns, At safepoint: 6794 ns, Total: 101619 ns
[2022-07-03T08:43:57.093+0000][8][safepoint   ] Safepoint "Cleanup", Time since last: 3003603785 ns, Reaching safepoint: 174896 ns, At safepoint: 9631 ns, Total: 184527 ns
[2022-07-03T08:43:59.098+0000][8][safepoint   ] Safepoint "Cleanup", Time since last: 2004290239 ns, Reaching safepoint: 175463 ns, At safepoint: 9434 ns, Total: 184897 ns
[2022-07-03T08:44:00.080+0000][8][safepoint   ] Safepoint "Cleanup", Time since last: 1004377626 ns, Reaching safepoint: 450974 ns, At safepoint: 18785 ns, Total: 469759 ns
[2022-07-03T08:44:12.107+0000][8][safepoint   ] Safepoint "Cleanup", Time since last: 12025987273 ns, Reaching safepoint: 503463 ns, At safepoint: 37577 ns, Total: 541040 ns
[2022-07-03T08:44:19.114+0000][8][safepoint   ] Safepoint "Cleanup", Time since last: 7007114493 ns, Reaching safepoint: 79564 ns, At safepoint: 5839 ns, Total: 85403 ns
[2022-07-03T08:44:22.118+0000][8][safepoint   ] Safepoint "Cleanup", Time since last: 3004226711 ns, Reaching safepoint: 79770 ns, At safepoint: 3984 ns, Total: 83754 ns
[2022-07-03T08:44:24.123+0000][8][safepoint   ] Safepoint "Cleanup", Time since last: 2004083054 ns, Reaching safepoint: 138813 ns, At safepoint: 7915 ns, Total: 146728 ns
[2022-07-03T08:44:25.126+0000][8][safepoint   ] Safepoint "Cleanup", Time since last: 1002896996 ns, Reaching safepoint: 545608 ns, At safepoint: 27980 ns, Total: 573588 ns
[2022-07-03T08:44:27.129+0000][8][safepoint   ] Safepoint "Cleanup", Time since last: 2002608132 ns, Reaching safepoint: 407150 ns, At safepoint: 13415 ns, Total: 420565 ns
[2022-07-03T08:44:28.135+0000][8][safepoint   ] Safepoint "Cleanup", Time since last: 1005482801 ns, Reaching safepoint: 95435 ns, At safepoint: 6338 ns, Total: 101773 ns
[2022-07-03T08:44:29.116+0000][8][safepoint   ] Safepoint "Cleanup", Time since last: 1001985604 ns, Reaching safepoint: 78001 ns, At safepoint: 5869 ns, Total: 83870 ns
[2022-07-03T08:44:30.119+0000][8][safepoint   ] Safepoint "Cleanup", Time since last: 1002777132 ns, Reaching safepoint: 119520 ns, At safepoint: 13575 ns, Total: 133095 ns
[2022-07-03T08:44:35.416+0000][8][gc,start    ] GC(29) Pause Young (Normal) (G1 Evacuation Pause)
[2022-07-03T08:44:35.417+0000][8][gc,task     ] GC(29) Using 4 workers of 4 for evacuation
[2022-07-03T08:44:35.420+0000][8][gc,age      ] GC(29) Desired survivor size 20971520 bytes, new threshold 15 (max threshold 15)
[2022-07-03T08:44:35.443+0000][8][gc,phases   ] GC(29)   Pre Evacuate Collection Set: 0.1ms
[2022-07-03T08:44:35.444+0000][8][gc,phases   ] GC(29)   Merge Heap Roots: 0.2ms
[2022-07-03T08:44:35.445+0000][8][gc,phases   ] GC(29)   Evacuate Collection Set: 19.2ms
[2022-07-03T08:44:35.446+0000][8][gc,phases   ] GC(29)   Post Evacuate Collection Set: 2.1ms
[2022-07-03T08:44:35.446+0000][8][gc,phases   ] GC(29)   Other: 4.3ms
[2022-07-03T08:44:35.449+0000][8][gc,age      ] GC(29) Age table with threshold 15 (max threshold 15)
[2022-07-03T08:44:35.452+0000][8][gc,age      ] GC(29) - age   1:    1949432 bytes,    1949432 total
[2022-07-03T08:44:35.452+0000][8][gc,age      ] GC(29) - age   2:      18328 bytes,    1967760 total
[2022-07-03T08:44:35.453+0000][8][gc,age      ] GC(29) - age   3:     127296 bytes,    2095056 total
[2022-07-03T08:44:35.454+0000][8][gc,age      ] GC(29) - age   4:      26680 bytes,    2121736 total
[2022-07-03T08:44:35.455+0000][8][gc,age      ] GC(29) - age   5:      27520 bytes,    2149256 total
[2022-07-03T08:44:35.456+0000][8][gc,age      ] GC(29) - age   6:     370248 bytes,    2519504 total
[2022-07-03T08:44:35.456+0000][8][gc,age      ] GC(29) - age   7:      22376 bytes,    2541880 total
[2022-07-03T08:44:35.457+0000][8][gc,age      ] GC(29) - age   8:    1383560 bytes,    3925440 total
[2022-07-03T08:44:35.457+0000][8][gc,age      ] GC(29) - age   9:      25832 bytes,    3951272 total
[2022-07-03T08:44:35.458+0000][8][gc,age      ] GC(29) - age  10:      29680 bytes,    3980952 total
[2022-07-03T08:44:35.459+0000][8][gc,age      ] GC(29) - age  11:     126808 bytes,    4107760 total
[2022-07-03T08:44:35.459+0000][8][gc,age      ] GC(29) - age  12:    8986360 bytes,   13094120 total
[2022-07-03T08:44:35.460+0000][8][gc,heap     ] GC(29) Eden regions: 72->0(72)
[2022-07-03T08:44:35.460+0000][8][gc,heap     ] GC(29) Survivor regions: 4->4(10)
[2022-07-03T08:44:35.461+0000][8][gc,heap     ] GC(29) Old regions: 18->18
[2022-07-03T08:44:35.462+0000][8][gc,heap     ] GC(29) Archive regions: 2->2
[2022-07-03T08:44:35.463+0000][8][gc,heap     ] GC(29) Humongous regions: 0->0
[2022-07-03T08:44:35.463+0000][8][gc,metaspace] GC(29) Metaspace: 126498K(129856K)->126498K(129856K) NonClass: 109737K(111424K)->109737K(111424K) Class: 16761K(18432K)->16761K(18432K)
[2022-07-03T08:44:35.464+0000][8][gc          ] GC(29) Pause Young (Normal) (G1 Evacuation Pause) 376M->90M(512M) 48.053ms
[2022-07-03T08:44:35.464+0000][8][gc,cpu      ] GC(29) User=0.07s Sys=0.00s Real=0.05s
[2022-07-03T08:44:35.467+0000][8][safepoint   ] Safepoint "G1CollectForAllocation", Time since last: 5296672756 ns, Reaching safepoint: 478244 ns, At safepoint: 51010146 ns, Total: 51488390 ns
[2022-07-03T08:44:36.468+0000][8][safepoint   ] Safepoint "Cleanup", Time since last: 1001266438 ns, Reaching safepoint: 194333 ns, At safepoint: 6716 ns, Total: 201049 ns
[2022-07-03T08:44:47.477+0000][8][safepoint   ] Safepoint "Cleanup", Time since last: 11008171802 ns, Reaching safepoint: 340137 ns, At safepoint: 50645 ns, Total: 390782 ns
[2022-07-03T08:44:53.490+0000][8][safepoint   ] Safepoint "Cleanup", Time since last: 6012459341 ns, Reaching safepoint: 191673 ns, At safepoint: 6452 ns, Total: 198125 ns
[2022-07-03T08:44:56.493+0000][8][safepoint   ] Safepoint "Cleanup", Time since last: 3003742129 ns, Reaching safepoint: 210658 ns, At safepoint: 10274 ns, Total: 220932 ns
[2022-07-03T08:44:59.480+0000][8][safepoint   ] Safepoint "Cleanup", Time since last: 3005428710 ns, Reaching safepoint: 284562 ns, At safepoint: 16166 ns, Total: 300728 ns
[2022-07-03T08:45:00.488+0000][8][safepoint   ] Safepoint "Cleanup", Time since last: 1008316602 ns, Reaching safepoint: 125463 ns, At safepoint: 3278 ns, Total: 128741 ns
[2022-07-03T08:45:05.499+0000][8][safepoint   ] Safepoint "Cleanup", Time since last: 5010480284 ns, Reaching safepoint: 291822 ns, At safepoint: 9315 ns, Total: 301137 ns
[2022-07-03T08:45:09.505+0000][8][safepoint   ] Safepoint "Cleanup", Time since last: 4006120545 ns, Reaching safepoint: 331257 ns, At safepoint: 11606 ns, Total: 342863 ns
[2022-07-03T08:45:17.513+0000][8][safepoint   ] Safepoint "Cleanup", Time since last: 8007289473 ns, Reaching safepoint: 222033 ns, At safepoint: 12277 ns, Total: 234310 ns
[2022-07-03T08:45:23.524+0000][8][safepoint   ] Safepoint "Cleanup", Time since last: 6010513619 ns, Reaching safepoint: 236681 ns, At safepoint: 11815 ns, Total: 248496 ns
[2022-07-03T08:45:29.509+0000][8][safepoint   ] Safepoint "Cleanup", Time since last: 6008579083 ns, Reaching safepoint: 378138 ns, At safepoint: 13286 ns, Total: 391424 ns
[2022-07-03T08:45:35.520+0000][8][safepoint   ] Safepoint "Cleanup", Time since last: 6010145093 ns, Reaching safepoint: 74517 ns, At safepoint: 5741 ns, Total: 80258 ns
[2022-07-03T08:45:41.530+0000][8][safepoint   ] Safepoint "Cleanup", Time since last: 6010360254 ns, Reaching safepoint: 155713 ns, At safepoint: 13266 ns, Total: 168979 ns
[2022-07-03T08:45:49.545+0000][8][safepoint   ] Safepoint "Cleanup", Time since last: 8014798867 ns, Reaching safepoint: 115658 ns, At safepoint: 19611 ns, Total: 135269 ns
[2022-07-03T08:45:51.550+0000][8][safepoint   ] Safepoint "Cleanup", Time since last: 2004601501 ns, Reaching safepoint: 61083 ns, At safepoint: 5095 ns, Total: 66178 ns
[2022-07-03T08:45:53.553+0000][8][safepoint   ] Safepoint "Cleanup", Time since last: 2002768058 ns, Reaching safepoint: 68081 ns, At safepoint: 3980 ns, Total: 72061 ns
[2022-07-03T08:45:54.554+0000][8][safepoint   ] Safepoint "Cleanup", Time since last: 1001322860 ns, Reaching safepoint: 110361 ns, At safepoint: 10622 ns, Total: 120983 ns
[2022-07-03T08:45:59.538+0000][8][safepoint   ] Safepoint "Cleanup", Time since last: 5005093991 ns, Reaching safepoint: 66555 ns, At safepoint: 4605 ns, Total: 71160 ns
[2022-07-03T08:46:00.542+0000][8][safepoint   ] Safepoint "Cleanup", Time since last: 1003657888 ns, Reaching safepoint: 64705 ns, At safepoint: 4481 ns, Total: 69186 ns
[2022-07-03T08:46:17.559+0000][8][safepoint   ] Safepoint "Cleanup", Time since last: 17017252097 ns, Reaching safepoint: 154510 ns, At safepoint: 6722 ns, Total: 161232 ns
[2022-07-03T08:46:23.571+0000][8][safepoint   ] Safepoint "Cleanup", Time since last: 6011295495 ns, Reaching safepoint: 427872 ns, At safepoint: 37311 ns, Total: 465183 ns
[2022-07-03T08:46:26.576+0000][8][safepoint   ] Safepoint "Cleanup", Time since last: 3004494575 ns, Reaching safepoint: 512820 ns, At safepoint: 26004 ns, Total: 538824 ns
[2022-07-03T08:46:29.227+0000][8][gc,start    ] GC(30) Pause Young (Normal) (G1 Evacuation Pause)
[2022-07-03T08:46:29.229+0000][8][gc,task     ] GC(30) Using 4 workers of 4 for evacuation
[2022-07-03T08:46:29.231+0000][8][gc,age      ] GC(30) Desired survivor size 20971520 bytes, new threshold 15 (max threshold 15)
[2022-07-03T08:46:29.247+0000][8][gc,phases   ] GC(30)   Pre Evacuate Collection Set: 0.2ms
[2022-07-03T08:46:29.249+0000][8][gc,phases   ] GC(30)   Merge Heap Roots: 0.1ms
[2022-07-03T08:46:29.249+0000][8][gc,phases   ] GC(30)   Evacuate Collection Set: 11.7ms
[2022-07-03T08:46:29.250+0000][8][gc,phases   ] GC(30)   Post Evacuate Collection Set: 3.2ms
[2022-07-03T08:46:29.251+0000][8][gc,phases   ] GC(30)   Other: 3.1ms
[2022-07-03T08:46:29.251+0000][8][gc,age      ] GC(30) Age table with threshold 15 (max threshold 15)
[2022-07-03T08:46:29.252+0000][8][gc,age      ] GC(30) - age   1:     782200 bytes,     782200 total
[2022-07-03T08:46:29.252+0000][8][gc,age      ] GC(30) - age   2:      13456 bytes,     795656 total
[2022-07-03T08:46:29.254+0000][8][gc,age      ] GC(30) - age   3:      17280 bytes,     812936 total
[2022-07-03T08:46:29.254+0000][8][gc,age      ] GC(30) - age   4:     127200 bytes,     940136 total
[2022-07-03T08:46:29.255+0000][8][gc,age      ] GC(30) - age   5:      26384 bytes,     966520 total
[2022-07-03T08:46:29.255+0000][8][gc,age      ] GC(30) - age   6:      27520 bytes,     994040 total
[2022-07-03T08:46:29.256+0000][8][gc,age      ] GC(30) - age   7:     368304 bytes,    1362344 total
[2022-07-03T08:46:29.257+0000][8][gc,age      ] GC(30) - age   8:      22376 bytes,    1384720 total
[2022-07-03T08:46:29.257+0000][8][gc,age      ] GC(30) - age   9:    1383560 bytes,    2768280 total
[2022-07-03T08:46:29.258+0000][8][gc,age      ] GC(30) - age  10:      25832 bytes,    2794112 total
[2022-07-03T08:46:29.259+0000][8][gc,age      ] GC(30) - age  11:      29680 bytes,    2823792 total
[2022-07-03T08:46:29.260+0000][8][gc,age      ] GC(30) - age  12:     126808 bytes,    2950600 total
[2022-07-03T08:46:29.261+0000][8][gc,age      ] GC(30) - age  13:    8986360 bytes,   11936960 total
[2022-07-03T08:46:29.263+0000][8][gc,heap     ] GC(30) Eden regions: 72->0(72)
[2022-07-03T08:46:29.266+0000][8][gc,heap     ] GC(30) Survivor regions: 4->4(10)
[2022-07-03T08:46:29.266+0000][8][gc,heap     ] GC(30) Old regions: 18->18
[2022-07-03T08:46:29.267+0000][8][gc,heap     ] GC(30) Archive regions: 2->2
[2022-07-03T08:46:29.268+0000][8][gc,heap     ] GC(30) Humongous regions: 0->0
[2022-07-03T08:46:29.269+0000][8][gc,metaspace] GC(30) Metaspace: 126567K(129920K)->126567K(129920K) NonClass: 109805K(111488K)->109805K(111488K) Class: 16761K(18432K)->16761K(18432K)
[2022-07-03T08:46:29.269+0000][8][gc          ] GC(30) Pause Young (Normal) (G1 Evacuation Pause) 378M->89M(512M) 42.058ms
[2022-07-03T08:46:29.270+0000][8][gc,cpu      ] GC(30) User=0.04s Sys=0.00s Real=0.04s
[2022-07-03T08:46:29.272+0000][8][safepoint   ] Safepoint "G1CollectForAllocation", Time since last: 2673719184 ns, Reaching safepoint: 236090 ns, At safepoint: 44757909 ns, Total: 44993999 ns
[2022-07-03T08:46:32.276+0000][8][safepoint   ] Safepoint "Cleanup", Time since last: 3003886986 ns, Reaching safepoint: 131332 ns, At safepoint: 6077 ns, Total: 137409 ns
[2022-07-03T08:46:33.279+0000][8][safepoint   ] Safepoint "Cleanup", Time since last: 1002618732 ns, Reaching safepoint: 471797 ns, At safepoint: 32918 ns, Total: 504715 ns
[2022-07-03T08:46:35.284+0000][8][safepoint   ] Safepoint "Cleanup", Time since last: 2005057215 ns, Reaching safepoint: 110378 ns, At safepoint: 6861 ns, Total: 117239 ns
[2022-07-03T08:46:42.292+0000][8][safepoint   ] Safepoint "Cleanup", Time since last: 7007189026 ns, Reaching safepoint: 359426 ns, At safepoint: 53468 ns, Total: 412894 ns
[2022-07-03T08:46:44.296+0000][8][safepoint   ] Safepoint "Cleanup", Time since last: 2003683573 ns, Reaching safepoint: 581157 ns, At safepoint: 19334 ns, Total: 600491 ns
[2022-07-03T08:46:47.301+0000][8][safepoint   ] Safepoint "Cleanup", Time since last: 3004349915 ns, Reaching safepoint: 734433 ns, At safepoint: 37727 ns, Total: 772160 ns
[2022-07-03T08:46:53.310+0000][8][safepoint   ] Safepoint "Cleanup", Time since last: 6008189454 ns, Reaching safepoint: 181699 ns, At safepoint: 8436 ns, Total: 190135 ns
[2022-07-03T08:46:59.294+0000][8][safepoint   ] Safepoint "Cleanup", Time since last: 6004574032 ns, Reaching safepoint: 880251 ns, At safepoint: 42462 ns, Total: 922713 ns
[2022-07-03T08:47:06.298+0000][8][safepoint   ] Safepoint "Cleanup", Time since last: 7004396943 ns, Reaching safepoint: 175960 ns, At safepoint: 4881 ns, Total: 180841 ns
[2022-07-03T08:47:17.307+0000][8][safepoint   ] Safepoint "Cleanup", Time since last: 11008964682 ns, Reaching safepoint: 93420 ns, At safepoint: 4409 ns, Total: 97829 ns
[2022-07-03T08:47:24.314+0000][8][safepoint   ] Safepoint "Cleanup", Time since last: 7006175934 ns, Reaching safepoint: 229893 ns, At safepoint: 38758 ns, Total: 268651 ns
[2022-07-03T08:47:35.299+0000][8][safepoint   ] Safepoint "Cleanup", Time since last: 11007085309 ns, Reaching safepoint: 175690 ns, At safepoint: 14748 ns, Total: 190438 ns
[2022-07-03T08:47:36.303+0000][8][safepoint   ] Safepoint "Cleanup", Time since last: 1003542725 ns, Reaching safepoint: 287366 ns, At safepoint: 23800 ns, Total: 311166 ns
[2022-07-03T08:47:49.311+0000][8][safepoint   ] Safepoint "Cleanup", Time since last: 13007280420 ns, Reaching safepoint: 113940 ns, At safepoint: 4944 ns, Total: 118884 ns
[2022-07-03T08:47:59.293+0000][8][safepoint   ] Safepoint "Cleanup", Time since last: 10003669434 ns, Reaching safepoint: 341164 ns, At safepoint: 57981 ns, Total: 399145 ns
[2022-07-03T08:48:00.296+0000][8][safepoint   ] Safepoint "Cleanup", Time since last: 1001962980 ns, Reaching safepoint: 370044 ns, At safepoint: 50533 ns, Total: 420577 ns
[2022-07-03T08:48:06.300+0000][8][safepoint   ] Safepoint "Cleanup", Time since last: 6004398568 ns, Reaching safepoint: 132512 ns, At safepoint: 8001 ns, Total: 140513 ns
[2022-07-03T08:48:15.306+0000][8][safepoint   ] Safepoint "Cleanup", Time since last: 9005164477 ns, Reaching safepoint: 261145 ns, At safepoint: 18022 ns, Total: 279167 ns
[2022-07-03T08:48:17.309+0000][8][safepoint   ] Safepoint "Cleanup", Time since last: 2002983331 ns, Reaching safepoint: 262565 ns, At safepoint: 42082 ns, Total: 304647 ns
[2022-07-03T08:48:20.302+0000][8][gc,start    ] GC(31) Pause Young (Normal) (G1 Evacuation Pause)
[2022-07-03T08:48:20.304+0000][8][gc,task     ] GC(31) Using 4 workers of 4 for evacuation
[2022-07-03T08:48:20.304+0000][8][gc,age      ] GC(31) Desired survivor size 20971520 bytes, new threshold 15 (max threshold 15)
[2022-07-03T08:48:20.320+0000][8][gc,phases   ] GC(31)   Pre Evacuate Collection Set: 0.1ms
[2022-07-03T08:48:20.321+0000][8][gc,phases   ] GC(31)   Merge Heap Roots: 0.1ms
[2022-07-03T08:48:20.322+0000][8][gc,phases   ] GC(31)   Evacuate Collection Set: 12.1ms
[2022-07-03T08:48:20.324+0000][8][gc,phases   ] GC(31)   Post Evacuate Collection Set: 2.3ms
[2022-07-03T08:48:20.324+0000][8][gc,phases   ] GC(31)   Other: 1.9ms
[2022-07-03T08:48:20.325+0000][8][gc,age      ] GC(31) Age table with threshold 15 (max threshold 15)
[2022-07-03T08:48:20.326+0000][8][gc,age      ] GC(31) - age   1:    1068912 bytes,    1068912 total
[2022-07-03T08:48:20.327+0000][8][gc,age      ] GC(31) - age   2:       5464 bytes,    1074376 total
[2022-07-03T08:48:20.328+0000][8][gc,age      ] GC(31) - age   3:      12024 bytes,    1086400 total
[2022-07-03T08:48:20.328+0000][8][gc,age      ] GC(31) - age   4:      17280 bytes,    1103680 total
[2022-07-03T08:48:20.329+0000][8][gc,age      ] GC(31) - age   5:     127200 bytes,    1230880 total
[2022-07-03T08:48:20.330+0000][8][gc,age      ] GC(31) - age   6:      26384 bytes,    1257264 total
[2022-07-03T08:48:20.330+0000][8][gc,age      ] GC(31) - age   7:      27520 bytes,    1284784 total
[2022-07-03T08:48:20.331+0000][8][gc,age      ] GC(31) - age   8:     368304 bytes,    1653088 total
[2022-07-03T08:48:20.332+0000][8][gc,age      ] GC(31) - age   9:      22376 bytes,    1675464 total
[2022-07-03T08:48:20.332+0000][8][gc,age      ] GC(31) - age  10:    1383560 bytes,    3059024 total
[2022-07-03T08:48:20.333+0000][8][gc,age      ] GC(31) - age  11:      25832 bytes,    3084856 total
[2022-07-03T08:48:20.333+0000][8][gc,age      ] GC(31) - age  12:      29680 bytes,    3114536 total
[2022-07-03T08:48:20.334+0000][8][gc,age      ] GC(31) - age  13:     126808 bytes,    3241344 total
[2022-07-03T08:48:20.335+0000][8][gc,age      ] GC(31) - age  14:    8986360 bytes,   12227704 total
[2022-07-03T08:48:20.336+0000][8][gc,heap     ] GC(31) Eden regions: 72->0(72)
[2022-07-03T08:48:20.337+0000][8][gc,heap     ] GC(31) Survivor regions: 4->4(10)
[2022-07-03T08:48:20.337+0000][8][gc,heap     ] GC(31) Old regions: 18->18
[2022-07-03T08:48:20.338+0000][8][gc,heap     ] GC(31) Archive regions: 2->2
[2022-07-03T08:48:20.340+0000][8][gc,heap     ] GC(31) Humongous regions: 0->0
[2022-07-03T08:48:20.341+0000][8][gc,metaspace] GC(31) Metaspace: 126629K(129984K)->126629K(129984K) NonClass: 109868K(111552K)->109868K(111552K) Class: 16761K(18432K)->16761K(18432K)
[2022-07-03T08:48:20.344+0000][8][gc          ] GC(31) Pause Young (Normal) (G1 Evacuation Pause) 377M->88M(512M) 41.269ms
[2022-07-03T08:48:20.345+0000][8][gc,cpu      ] GC(31) User=0.03s Sys=0.01s Real=0.04s
[2022-07-03T08:48:20.346+0000][8][safepoint   ] Safepoint "G1CollectForAllocation", Time since last: 2993205962 ns, Reaching safepoint: 138229 ns, At safepoint: 43587737 ns, Total: 43725966 ns
[2022-07-03T08:48:21.348+0000][8][safepoint   ] Safepoint "Cleanup", Time since last: 1001549212 ns, Reaching safepoint: 393031 ns, At safepoint: 60787 ns, Total: 453818 ns
[2022-07-03T08:48:24.355+0000][8][safepoint   ] Safepoint "Cleanup", Time since last: 3006340208 ns, Reaching safepoint: 310666 ns, At safepoint: 129776 ns, Total: 440442 ns
[2022-07-03T08:48:26.358+0000][8][safepoint   ] Safepoint "Cleanup", Time since last: 2002711913 ns, Reaching safepoint: 335072 ns, At safepoint: 35954 ns, Total: 371026 ns
[2022-07-03T08:48:36.344+0000][8][safepoint   ] Safepoint "Cleanup", Time since last: 10007585032 ns, Reaching safepoint: 426114 ns, At safepoint: 104060 ns, Total: 530174 ns
[2022-07-03T08:48:38.352+0000][8][safepoint   ] Safepoint "Cleanup", Time since last: 2008200894 ns, Reaching safepoint: 125645 ns, At safepoint: 10796 ns, Total: 136441 ns
[2022-07-03T08:48:41.356+0000][8][safepoint   ] Safepoint "Cleanup", Time since last: 3003350034 ns, Reaching safepoint: 92906 ns, At safepoint: 7994 ns, Total: 100900 ns
[2022-07-03T08:48:44.359+0000][8][safepoint   ] Safepoint "Cleanup", Time since last: 3003274337 ns, Reaching safepoint: 102037 ns, At safepoint: 5557 ns, Total: 107594 ns
[2022-07-03T08:48:57.369+0000][8][safepoint   ] Safepoint "Cleanup", Time since last: 13009053650 ns, Reaching safepoint: 143520 ns, At safepoint: 42621 ns, Total: 186141 ns
[2022-07-03T08:48:59.355+0000][8][safepoint   ] Safepoint "Cleanup", Time since last: 2008287220 ns, Reaching safepoint: 164955 ns, At safepoint: 5842 ns, Total: 170797 ns
[2022-07-03T08:49:03.362+0000][8][safepoint   ] Safepoint "Cleanup", Time since last: 4006799480 ns, Reaching safepoint: 218390 ns, At safepoint: 16924 ns, Total: 235314 ns
[2022-07-03T08:49:11.373+0000][8][safepoint   ] Safepoint "Cleanup", Time since last: 8010445484 ns, Reaching safepoint: 282497 ns, At safepoint: 16168 ns, Total: 298665 ns
[2022-07-03T08:49:12.376+0000][8][safepoint   ] Safepoint "Cleanup", Time since last: 1002311985 ns, Reaching safepoint: 255873 ns, At safepoint: 51300 ns, Total: 307173 ns
[2022-07-03T08:49:20.387+0000][8][safepoint   ] Safepoint "Cleanup", Time since last: 8010943806 ns, Reaching safepoint: 79634 ns, At safepoint: 4473 ns, Total: 84107 ns
[2022-07-03T08:49:22.392+0000][8][safepoint   ] Safepoint "Cleanup", Time since last: 2005433179 ns, Reaching safepoint: 91675 ns, At safepoint: 7169 ns, Total: 98844 ns
[2022-07-03T08:49:41.312+0000][8][gc,start    ] GC(32) Pause Young (Normal) (G1 Evacuation Pause)
[2022-07-03T08:49:41.313+0000][8][gc,task     ] GC(32) Using 4 workers of 4 for evacuation
[2022-07-03T08:49:41.314+0000][8][gc,age      ] GC(32) Desired survivor size 20971520 bytes, new threshold 15 (max threshold 15)
[2022-07-03T08:49:41.331+0000][8][gc,phases   ] GC(32)   Pre Evacuate Collection Set: 0.3ms
[2022-07-03T08:49:41.332+0000][8][gc,phases   ] GC(32)   Merge Heap Roots: 0.1ms
[2022-07-03T08:49:41.333+0000][8][gc,phases   ] GC(32)   Evacuate Collection Set: 14.1ms
[2022-07-03T08:49:41.334+0000][8][gc,phases   ] GC(32)   Post Evacuate Collection Set: 1.4ms
[2022-07-03T08:49:41.334+0000][8][gc,phases   ] GC(32)   Other: 1.8ms
[2022-07-03T08:49:41.335+0000][8][gc,age      ] GC(32) Age table with threshold 15 (max threshold 15)
[2022-07-03T08:49:41.335+0000][8][gc,age      ] GC(32) - age   1:    1091744 bytes,    1091744 total
[2022-07-03T08:49:41.336+0000][8][gc,age      ] GC(32) - age   2:       4296 bytes,    1096040 total
[2022-07-03T08:49:41.337+0000][8][gc,age      ] GC(32) - age   3:       4312 bytes,    1100352 total
[2022-07-03T08:49:41.337+0000][8][gc,age      ] GC(32) - age   4:      11536 bytes,    1111888 total
[2022-07-03T08:49:41.338+0000][8][gc,age      ] GC(32) - age   5:      17216 bytes,    1129104 total
[2022-07-03T08:49:41.339+0000][8][gc,age      ] GC(32) - age   6:     127200 bytes,    1256304 total
[2022-07-03T08:49:41.340+0000][8][gc,age      ] GC(32) - age   7:      26016 bytes,    1282320 total
[2022-07-03T08:49:41.340+0000][8][gc,age      ] GC(32) - age   8:      27520 bytes,    1309840 total
[2022-07-03T08:49:41.341+0000][8][gc,age      ] GC(32) - age   9:     368272 bytes,    1678112 total
[2022-07-03T08:49:41.342+0000][8][gc,age      ] GC(32) - age  10:      22376 bytes,    1700488 total
[2022-07-03T08:49:41.343+0000][8][gc,age      ] GC(32) - age  11:    1383464 bytes,    3083952 total
[2022-07-03T08:49:41.344+0000][8][gc,age      ] GC(32) - age  12:      25832 bytes,    3109784 total
[2022-07-03T08:49:41.345+0000][8][gc,age      ] GC(32) - age  13:      29680 bytes,    3139464 total
[2022-07-03T08:49:41.346+0000][8][gc,age      ] GC(32) - age  14:     126808 bytes,    3266272 total
[2022-07-03T08:49:41.346+0000][8][gc,age      ] GC(32) - age  15:    8986360 bytes,   12252632 total
[2022-07-03T08:49:41.347+0000][8][gc,heap     ] GC(32) Eden regions: 72->0(72)
[2022-07-03T08:49:41.348+0000][8][gc,heap     ] GC(32) Survivor regions: 4->4(10)
[2022-07-03T08:49:41.353+0000][8][gc,heap     ] GC(32) Old regions: 18->18
[2022-07-03T08:49:41.353+0000][8][gc,heap     ] GC(32) Archive regions: 2->2
[2022-07-03T08:49:41.356+0000][8][gc,heap     ] GC(32) Humongous regions: 0->0
[2022-07-03T08:49:41.357+0000][8][gc,metaspace] GC(32) Metaspace: 126661K(130048K)->126661K(130048K) NonClass: 109899K(111616K)->109899K(111616K) Class: 16762K(18432K)->16762K(18432K)
[2022-07-03T08:49:41.357+0000][8][gc          ] GC(32) Pause Young (Normal) (G1 Evacuation Pause) 376M->88M(512M) 45.832ms
[2022-07-03T08:49:41.358+0000][8][gc,cpu      ] GC(32) User=0.04s Sys=0.01s Real=0.05s
[2022-07-03T08:49:41.359+0000][8][safepoint   ] Safepoint "G1CollectForAllocation", Time since last: 18940734766 ns, Reaching safepoint: 54112 ns, At safepoint: 47455680 ns, Total: 47509792 ns
[2022-07-03T08:49:47.364+0000][8][safepoint   ] Safepoint "Cleanup", Time since last: 6004818325 ns, Reaching safepoint: 192568 ns, At safepoint: 13133 ns, Total: 205701 ns
[2022-07-03T08:49:59.360+0000][8][safepoint   ] Safepoint "Cleanup", Time since last: 12017172138 ns, Reaching safepoint: 143540 ns, At safepoint: 7672 ns, Total: 151212 ns
[2022-07-03T08:50:00.366+0000][8][safepoint   ] Safepoint "Cleanup", Time since last: 1005572804 ns, Reaching safepoint: 307649 ns, At safepoint: 14826 ns, Total: 322475 ns
[2022-07-03T08:50:03.373+0000][8][safepoint   ] Safepoint "Cleanup", Time since last: 3006616102 ns, Reaching safepoint: 158322 ns, At safepoint: 7815 ns, Total: 166137 ns
[2022-07-03T08:50:09.386+0000][8][safepoint   ] Safepoint "Cleanup", Time since last: 6013422877 ns, Reaching safepoint: 229468 ns, At safepoint: 12248 ns, Total: 241716 ns
[2022-07-03T08:50:14.397+0000][8][safepoint   ] Safepoint "Cleanup", Time since last: 5010308154 ns, Reaching safepoint: 570693 ns, At safepoint: 81871 ns, Total: 652564 ns
[2022-07-03T08:50:17.403+0000][8][safepoint   ] Safepoint "Cleanup", Time since last: 3005779743 ns, Reaching safepoint: 126488 ns, At safepoint: 5809 ns, Total: 132297 ns
[2022-07-03T08:50:23.411+0000][8][safepoint   ] Safepoint "Cleanup", Time since last: 6007144381 ns, Reaching safepoint: 592467 ns, At safepoint: 55316 ns, Total: 647783 ns
[2022-07-03T08:50:27.416+0000][8][safepoint   ] Safepoint "Cleanup", Time since last: 4004632481 ns, Reaching safepoint: 340877 ns, At safepoint: 11645 ns, Total: 352522 ns
[2022-07-03T08:50:29.403+0000][8][safepoint   ] Safepoint "Cleanup", Time since last: 2009982945 ns, Reaching safepoint: 95330 ns, At safepoint: 6441 ns, Total: 101771 ns
[2022-07-03T08:50:32.406+0000][8][safepoint   ] Safepoint "Cleanup", Time since last: 3002926674 ns, Reaching safepoint: 269383 ns, At safepoint: 13994 ns, Total: 283377 ns
[2022-07-03T08:50:39.415+0000][8][safepoint   ] Safepoint "Cleanup", Time since last: 7008386529 ns, Reaching safepoint: 123548 ns, At safepoint: 5543 ns, Total: 129091 ns
[2022-07-03T08:50:44.421+0000][8][safepoint   ] Safepoint "Cleanup", Time since last: 5006027994 ns, Reaching safepoint: 199583 ns, At safepoint: 8061 ns, Total: 207644 ns
[2022-07-03T08:50:47.427+0000][8][safepoint   ] Safepoint "Cleanup", Time since last: 3005649262 ns, Reaching safepoint: 232648 ns, At safepoint: 8779 ns, Total: 241427 ns
[2022-07-03T08:50:50.432+0000][8][safepoint   ] Safepoint "Cleanup", Time since last: 3005335069 ns, Reaching safepoint: 227541 ns, At safepoint: 10256 ns, Total: 237797 ns
[2022-07-03T08:50:56.439+0000][8][safepoint   ] Safepoint "Cleanup", Time since last: 6006453246 ns, Reaching safepoint: 96880 ns, At safepoint: 5289 ns, Total: 102169 ns
[2022-07-03T08:50:59.425+0000][8][safepoint   ] Safepoint "Cleanup", Time since last: 3004941979 ns, Reaching safepoint: 386628 ns, At safepoint: 17153 ns, Total: 403781 ns
[2022-07-03T08:51:02.260+0000][8][gc,start    ] GC(33) Pause Young (Normal) (G1 Evacuation Pause)
[2022-07-03T08:51:02.264+0000][8][gc,task     ] GC(33) Using 4 workers of 4 for evacuation
[2022-07-03T08:51:02.265+0000][8][gc,age      ] GC(33) Desired survivor size 20971520 bytes, new threshold 15 (max threshold 15)
[2022-07-03T08:51:02.300+0000][8][gc,phases   ] GC(33)   Pre Evacuate Collection Set: 0.3ms
[2022-07-03T08:51:02.301+0000][8][gc,phases   ] GC(33)   Merge Heap Roots: 0.1ms
[2022-07-03T08:51:02.301+0000][8][gc,phases   ] GC(33)   Evacuate Collection Set: 29.9ms
[2022-07-03T08:51:02.302+0000][8][gc,phases   ] GC(33)   Post Evacuate Collection Set: 3.2ms
[2022-07-03T08:51:02.303+0000][8][gc,phases   ] GC(33)   Other: 2.3ms
[2022-07-03T08:51:02.303+0000][8][gc,age      ] GC(33) Age table with threshold 15 (max threshold 15)
[2022-07-03T08:51:02.304+0000][8][gc,age      ] GC(33) - age   1:     809760 bytes,     809760 total
[2022-07-03T08:51:02.305+0000][8][gc,age      ] GC(33) - age   2:       7112 bytes,     816872 total
[2022-07-03T08:51:02.305+0000][8][gc,age      ] GC(33) - age   3:       3296 bytes,     820168 total
[2022-07-03T08:51:02.306+0000][8][gc,age      ] GC(33) - age   4:       4152 bytes,     824320 total
[2022-07-03T08:51:02.306+0000][8][gc,age      ] GC(33) - age   5:      11408 bytes,     835728 total
[2022-07-03T08:51:02.307+0000][8][gc,age      ] GC(33) - age   6:      17216 bytes,     852944 total
[2022-07-03T08:51:02.308+0000][8][gc,age      ] GC(33) - age   7:     127200 bytes,     980144 total
[2022-07-03T08:51:02.309+0000][8][gc,age      ] GC(33) - age   8:      26016 bytes,    1006160 total
[2022-07-03T08:51:02.309+0000][8][gc,age      ] GC(33) - age   9:      27520 bytes,    1033680 total
[2022-07-03T08:51:02.311+0000][8][gc,age      ] GC(33) - age  10:     367880 bytes,    1401560 total
[2022-07-03T08:51:02.312+0000][8][gc,age      ] GC(33) - age  11:      22376 bytes,    1423936 total
[2022-07-03T08:51:02.314+0000][8][gc,age      ] GC(33) - age  12:    1383464 bytes,    2807400 total
[2022-07-03T08:51:02.315+0000][8][gc,age      ] GC(33) - age  13:      25832 bytes,    2833232 total
[2022-07-03T08:51:02.315+0000][8][gc,age      ] GC(33) - age  14:      29680 bytes,    2862912 total
[2022-07-03T08:51:02.316+0000][8][gc,age      ] GC(33) - age  15:     126808 bytes,    2989720 total
[2022-07-03T08:51:02.317+0000][8][gc,heap     ] GC(33) Eden regions: 72->0(75)
[2022-07-03T08:51:02.318+0000][8][gc,heap     ] GC(33) Survivor regions: 4->1(10)
[2022-07-03T08:51:02.319+0000][8][gc,heap     ] GC(33) Old regions: 18->21
[2022-07-03T08:51:02.320+0000][8][gc,heap     ] GC(33) Archive regions: 2->2
[2022-07-03T08:51:02.320+0000][8][gc,heap     ] GC(33) Humongous regions: 0->0
[2022-07-03T08:51:02.321+0000][8][gc,metaspace] GC(33) Metaspace: 126671K(130048K)->126671K(130048K) NonClass: 109908K(111616K)->109908K(111616K) Class: 16762K(18432K)->16762K(18432K)
[2022-07-03T08:51:02.322+0000][8][gc          ] GC(33) Pause Young (Normal) (G1 Evacuation Pause) 376M->88M(512M) 61.542ms
[2022-07-03T08:51:02.322+0000][8][gc,cpu      ] GC(33) User=0.11s Sys=0.00s Real=0.06s
[2022-07-03T08:51:02.323+0000][8][safepoint   ] Safepoint "G1CollectForAllocation", Time since last: 2835085399 ns, Reaching safepoint: 94103 ns, At safepoint: 63014162 ns, Total: 63108265 ns
[2022-07-03T08:51:08.330+0000][8][safepoint   ] Safepoint "Cleanup", Time since last: 6005906996 ns, Reaching safepoint: 694997 ns, At safepoint: 106789 ns, Total: 801786 ns
[2022-07-03T08:51:17.336+0000][8][safepoint   ] Safepoint "Cleanup", Time since last: 9005516809 ns, Reaching safepoint: 213552 ns, At safepoint: 10586 ns, Total: 224138 ns
[2022-07-03T08:51:24.341+0000][8][safepoint   ] Safepoint "Cleanup", Time since last: 7005661910 ns, Reaching safepoint: 212850 ns, At safepoint: 48419 ns, Total: 261269 ns
[2022-07-03T08:51:29.323+0000][8][safepoint   ] Safepoint "Cleanup", Time since last: 5004164059 ns, Reaching safepoint: 216385 ns, At safepoint: 28843 ns, Total: 245228 ns
[2022-07-03T08:51:32.332+0000][8][safepoint   ] Safepoint "Cleanup", Time since last: 3008011657 ns, Reaching safepoint: 771211 ns, At safepoint: 25047 ns, Total: 796258 ns
[2022-07-03T08:51:33.341+0000][8][safepoint   ] Safepoint "Cleanup", Time since last: 1008665440 ns, Reaching safepoint: 139888 ns, At safepoint: 6948 ns, Total: 146836 ns
[2022-07-03T08:51:38.346+0000][8][safepoint   ] Safepoint "Cleanup", Time since last: 5004792281 ns, Reaching safepoint: 183310 ns, At safepoint: 16358 ns, Total: 199668 ns
[2022-07-03T08:51:59.358+0000][8][safepoint   ] Safepoint "Cleanup", Time since last: 21033283095 ns, Reaching safepoint: 223396 ns, At safepoint: 12714 ns, Total: 236110 ns
[2022-07-03T08:52:24.432+0000][8][safepoint   ] Safepoint "Cleanup", Time since last: 25074194646 ns, Reaching safepoint: 304245 ns, At safepoint: 5773 ns, Total: 310018 ns
[2022-07-03T08:52:29.426+0000][8][safepoint   ] Safepoint "Cleanup", Time since last: 5010783612 ns, Reaching safepoint: 4704740 ns, At safepoint: 52328 ns, Total: 4757068 ns
[2022-07-03T08:52:32.253+0000][8][gc,start    ] GC(34) Pause Young (Normal) (G1 Evacuation Pause)
[2022-07-03T08:52:32.254+0000][8][gc,task     ] GC(34) Using 4 workers of 4 for evacuation
[2022-07-03T08:52:32.254+0000][8][gc,age      ] GC(34) Desired survivor size 20971520 bytes, new threshold 15 (max threshold 15)
[2022-07-03T08:52:32.271+0000][8][gc,phases   ] GC(34)   Pre Evacuate Collection Set: 0.2ms
[2022-07-03T08:52:32.272+0000][8][gc,phases   ] GC(34)   Merge Heap Roots: 0.2ms
[2022-07-03T08:52:32.273+0000][8][gc,phases   ] GC(34)   Evacuate Collection Set: 14.0ms
[2022-07-03T08:52:32.274+0000][8][gc,phases   ] GC(34)   Post Evacuate Collection Set: 1.4ms
[2022-07-03T08:52:32.274+0000][8][gc,phases   ] GC(34)   Other: 1.7ms
[2022-07-03T08:52:32.275+0000][8][gc,age      ] GC(34) Age table with threshold 15 (max threshold 15)
[2022-07-03T08:52:32.276+0000][8][gc,age      ] GC(34) - age   1:     917456 bytes,     917456 total
[2022-07-03T08:52:32.277+0000][8][gc,age      ] GC(34) - age   2:      11992 bytes,     929448 total
[2022-07-03T08:52:32.278+0000][8][gc,age      ] GC(34) - age   3:       5832 bytes,     935280 total
[2022-07-03T08:52:32.280+0000][8][gc,age      ] GC(34) - age   4:       3168 bytes,     938448 total
[2022-07-03T08:52:32.280+0000][8][gc,age      ] GC(34) - age   5:       4152 bytes,     942600 total
[2022-07-03T08:52:32.281+0000][8][gc,age      ] GC(34) - age   6:      11408 bytes,     954008 total
[2022-07-03T08:52:32.282+0000][8][gc,age      ] GC(34) - age   7:      17216 bytes,     971224 total
[2022-07-03T08:52:32.283+0000][8][gc,age      ] GC(34) - age   8:     127200 bytes,    1098424 total
[2022-07-03T08:52:32.284+0000][8][gc,age      ] GC(34) - age   9:      26016 bytes,    1124440 total
[2022-07-03T08:52:32.285+0000][8][gc,age      ] GC(34) - age  10:      27520 bytes,    1151960 total
[2022-07-03T08:52:32.285+0000][8][gc,age      ] GC(34) - age  11:     367880 bytes,    1519840 total
[2022-07-03T08:52:32.286+0000][8][gc,age      ] GC(34) - age  12:      22376 bytes,    1542216 total
[2022-07-03T08:52:32.287+0000][8][gc,age      ] GC(34) - age  13:    1383464 bytes,    2925680 total
[2022-07-03T08:52:32.287+0000][8][gc,age      ] GC(34) - age  14:      25832 bytes,    2951512 total
[2022-07-03T08:52:32.288+0000][8][gc,age      ] GC(34) - age  15:      29680 bytes,    2981192 total
[2022-07-03T08:52:32.289+0000][8][gc,heap     ] GC(34) Eden regions: 75->0(75)
[2022-07-03T08:52:32.289+0000][8][gc,heap     ] GC(34) Survivor regions: 1->1(10)
[2022-07-03T08:52:32.290+0000][8][gc,heap     ] GC(34) Old regions: 21->21
[2022-07-03T08:52:32.291+0000][8][gc,heap     ] GC(34) Archive regions: 2->2
[2022-07-03T08:52:32.291+0000][8][gc,heap     ] GC(34) Humongous regions: 0->0
[2022-07-03T08:52:32.292+0000][8][gc,metaspace] GC(34) Metaspace: 126697K(130048K)->126697K(130048K) NonClass: 109935K(111616K)->109935K(111616K) Class: 16762K(18432K)->16762K(18432K)
[2022-07-03T08:52:32.293+0000][8][gc          ] GC(34) Pause Young (Normal) (G1 Evacuation Pause) 388M->88M(512M) 39.850ms
[2022-07-03T08:52:32.293+0000][8][gc,cpu      ] GC(34) User=0.04s Sys=0.00s Real=0.04s
[2022-07-03T08:52:32.295+0000][8][safepoint   ] Safepoint "G1CollectForAllocation", Time since last: 2826314212 ns, Reaching safepoint: 144617 ns, At safepoint: 41908664 ns, Total: 42053281 ns
[2022-07-03T08:52:33.296+0000][8][safepoint   ] Safepoint "Cleanup", Time since last: 1001629528 ns, Reaching safepoint: 183549 ns, At safepoint: 8095 ns, Total: 191644 ns
[2022-07-03T08:52:36.300+0000][8][safepoint   ] Safepoint "Cleanup", Time since last: 3003227910 ns, Reaching safepoint: 88972 ns, At safepoint: 4266 ns, Total: 93238 ns
[2022-07-03T08:52:44.321+0000][8][safepoint   ] Safepoint "Cleanup", Time since last: 8021382502 ns, Reaching safepoint: 78475 ns, At safepoint: 7015 ns, Total: 85490 ns
[2022-07-03T08:52:55.500+0000][8][safepoint   ] Safepoint "Cleanup", Time since last: 11178150479 ns, Reaching safepoint: 315611 ns, At safepoint: 12839 ns, Total: 328450 ns
[2022-07-03T08:52:57.502+0000][8][safepoint   ] Safepoint "Cleanup", Time since last: 2002586344 ns, Reaching safepoint: 105531 ns, At safepoint: 6687 ns, Total: 112218 ns
[2022-07-03T08:52:59.486+0000][8][safepoint   ] Safepoint "Cleanup", Time since last: 2004133992 ns, Reaching safepoint: 102005 ns, At safepoint: 6336 ns, Total: 108341 ns
[2022-07-03T08:53:14.519+0000][8][safepoint   ] Safepoint "Cleanup", Time since last: 15033196915 ns, Reaching safepoint: 145995 ns, At safepoint: 22970 ns, Total: 168965 ns
[2022-07-03T08:53:17.524+0000][8][safepoint   ] Safepoint "Cleanup", Time since last: 3004796672 ns, Reaching safepoint: 190988 ns, At safepoint: 7445 ns, Total: 198433 ns
[2022-07-03T08:53:20.531+0000][8][safepoint   ] Safepoint "Cleanup", Time since last: 3006763299 ns, Reaching safepoint: 107020 ns, At safepoint: 3686 ns, Total: 110706 ns
[2022-07-03T08:53:23.537+0000][8][safepoint   ] Safepoint "Cleanup", Time since last: 3006058922 ns, Reaching safepoint: 100171 ns, At safepoint: 6728 ns, Total: 106899 ns
[2022-07-03T08:53:29.523+0000][8][safepoint   ] Safepoint "Cleanup", Time since last: 6007038402 ns, Reaching safepoint: 84245 ns, At safepoint: 7568 ns, Total: 91813 ns
[2022-07-03T08:53:32.530+0000][8][safepoint   ] Safepoint "Cleanup", Time since last: 3006433993 ns, Reaching safepoint: 458883 ns, At safepoint: 19567 ns, Total: 478450 ns
[2022-07-03T08:53:33.534+0000][8][safepoint   ] Safepoint "Cleanup", Time since last: 1003901806 ns, Reaching safepoint: 370656 ns, At safepoint: 12205 ns, Total: 382861 ns
[2022-07-03T08:53:36.540+0000][8][safepoint   ] Safepoint "Cleanup", Time since last: 3005267976 ns, Reaching safepoint: 357208 ns, At safepoint: 32664 ns, Total: 389872 ns
[2022-07-03T08:53:44.549+0000][8][safepoint   ] Safepoint "Cleanup", Time since last: 8009366532 ns, Reaching safepoint: 291841 ns, At safepoint: 23253 ns, Total: 315094 ns
[2022-07-03T08:53:45.555+0000][8][safepoint   ] Safepoint "Cleanup", Time since last: 1005360396 ns, Reaching safepoint: 194002 ns, At safepoint: 7673 ns, Total: 201675 ns
[2022-07-03T08:53:47.558+0000][8][safepoint   ] Safepoint "Cleanup", Time since last: 2003024355 ns, Reaching safepoint: 111943 ns, At safepoint: 4835 ns, Total: 116778 ns
[2022-07-03T08:53:56.570+0000][8][safepoint   ] Safepoint "Cleanup", Time since last: 9011773819 ns, Reaching safepoint: 65482 ns, At safepoint: 4642 ns, Total: 70124 ns
[2022-07-03T08:53:58.575+0000][8][safepoint   ] Safepoint "Cleanup", Time since last: 2004697440 ns, Reaching safepoint: 73917 ns, At safepoint: 5002 ns, Total: 78919 ns
[2022-07-03T08:53:59.214+0000][8][gc,start    ] GC(35) Pause Young (Normal) (G1 Evacuation Pause)
[2022-07-03T08:53:59.215+0000][8][gc,task     ] GC(35) Using 4 workers of 4 for evacuation
[2022-07-03T08:53:59.215+0000][8][gc,age      ] GC(35) Desired survivor size 20971520 bytes, new threshold 15 (max threshold 15)
[2022-07-03T08:53:59.229+0000][8][gc,phases   ] GC(35)   Pre Evacuate Collection Set: 0.3ms
[2022-07-03T08:53:59.230+0000][8][gc,phases   ] GC(35)   Merge Heap Roots: 0.3ms
[2022-07-03T08:53:59.230+0000][8][gc,phases   ] GC(35)   Evacuate Collection Set: 10.9ms
[2022-07-03T08:53:59.231+0000][8][gc,phases   ] GC(35)   Post Evacuate Collection Set: 1.2ms
[2022-07-03T08:53:59.232+0000][8][gc,phases   ] GC(35)   Other: 1.5ms
[2022-07-03T08:53:59.232+0000][8][gc,age      ] GC(35) Age table with threshold 15 (max threshold 15)
[2022-07-03T08:53:59.233+0000][8][gc,age      ] GC(35) - age   1:    1263952 bytes,    1263952 total
[2022-07-03T08:53:59.234+0000][8][gc,age      ] GC(35) - age   2:       2144 bytes,    1266096 total
[2022-07-03T08:53:59.234+0000][8][gc,age      ] GC(35) - age   3:      11040 bytes,    1277136 total
[2022-07-03T08:53:59.235+0000][8][gc,age      ] GC(35) - age   4:       5832 bytes,    1282968 total
[2022-07-03T08:53:59.235+0000][8][gc,age      ] GC(35) - age   5:       2872 bytes,    1285840 total
[2022-07-03T08:53:59.236+0000][8][gc,age      ] GC(35) - age   6:       4152 bytes,    1289992 total
[2022-07-03T08:53:59.237+0000][8][gc,age      ] GC(35) - age   7:      11408 bytes,    1301400 total
[2022-07-03T08:53:59.240+0000][8][gc,age      ] GC(35) - age   8:      17216 bytes,    1318616 total
[2022-07-03T08:53:59.241+0000][8][gc,age      ] GC(35) - age   9:     127016 bytes,    1445632 total
[2022-07-03T08:53:59.242+0000][8][gc,age      ] GC(35) - age  10:      26016 bytes,    1471648 total
[2022-07-03T08:53:59.243+0000][8][gc,age      ] GC(35) - age  11:      27520 bytes,    1499168 total
[2022-07-03T08:53:59.244+0000][8][gc,age      ] GC(35) - age  12:     367880 bytes,    1867048 total
[2022-07-03T08:53:59.245+0000][8][gc,age      ] GC(35) - age  13:      22376 bytes,    1889424 total
[2022-07-03T08:53:59.246+0000][8][gc,age      ] GC(35) - age  14:    1383464 bytes,    3272888 total
[2022-07-03T08:53:59.246+0000][8][gc,age      ] GC(35) - age  15:      25832 bytes,    3298720 total
[2022-07-03T08:53:59.247+0000][8][gc,heap     ] GC(35) Eden regions: 75->0(75)
[2022-07-03T08:53:59.248+0000][8][gc,heap     ] GC(35) Survivor regions: 1->1(10)
[2022-07-03T08:53:59.248+0000][8][gc,heap     ] GC(35) Old regions: 21->21
[2022-07-03T08:53:59.249+0000][8][gc,heap     ] GC(35) Archive regions: 2->2
[2022-07-03T08:53:59.250+0000][8][gc,heap     ] GC(35) Humongous regions: 0->0
[2022-07-03T08:53:59.250+0000][8][gc,metaspace] GC(35) Metaspace: 126723K(130112K)->126723K(130112K) NonClass: 109960K(111680K)->109960K(111680K) Class: 16762K(18432K)->16762K(18432K)
[2022-07-03T08:53:59.251+0000][8][gc          ] GC(35) Pause Young (Normal) (G1 Evacuation Pause) 388M->88M(512M) 36.831ms
[2022-07-03T08:53:59.251+0000][8][gc,cpu      ] GC(35) User=0.02s Sys=0.01s Real=0.03s
[2022-07-03T08:53:59.252+0000][8][safepoint   ] Safepoint "G1CollectForAllocation", Time since last: 661663436 ns, Reaching safepoint: 42022 ns, At safepoint: 38123455 ns, Total: 38165477 ns
[2022-07-03T08:54:02.257+0000][8][safepoint   ] Safepoint "Cleanup", Time since last: 3004872798 ns, Reaching safepoint: 392846 ns, At safepoint: 63125 ns, Total: 455971 ns
[2022-07-03T08:54:03.262+0000][8][safepoint   ] Safepoint "Cleanup", Time since last: 1005004888 ns, Reaching safepoint: 186334 ns, At safepoint: 11382 ns, Total: 197716 ns
[2022-07-03T08:54:11.272+0000][8][safepoint   ] Safepoint "Cleanup", Time since last: 8009517685 ns, Reaching safepoint: 142754 ns, At safepoint: 7752 ns, Total: 150506 ns
[2022-07-03T08:54:23.285+0000][8][safepoint   ] Safepoint "Cleanup", Time since last: 12012624709 ns, Reaching safepoint: 178661 ns, At safepoint: 7236 ns, Total: 185897 ns
[2022-07-03T08:54:24.288+0000][8][safepoint   ] Safepoint "Cleanup", Time since last: 1002673343 ns, Reaching safepoint: 420285 ns, At safepoint: 16992 ns, Total: 437277 ns
[2022-07-03T08:54:26.293+0000][8][safepoint   ] Safepoint "Cleanup", Time since last: 2004799448 ns, Reaching safepoint: 390147 ns, At safepoint: 21159 ns, Total: 411306 ns
[2022-07-03T08:54:35.279+0000][8][safepoint   ] Safepoint "Cleanup", Time since last: 9007115713 ns, Reaching safepoint: 104073 ns, At safepoint: 4156 ns, Total: 108229 ns
[2022-07-03T08:54:38.283+0000][8][safepoint   ] Safepoint "Cleanup", Time since last: 3003449284 ns, Reaching safepoint: 167840 ns, At safepoint: 15767 ns, Total: 183607 ns
[2022-07-03T08:54:39.286+0000][8][safepoint   ] Safepoint "Cleanup", Time since last: 1003139772 ns, Reaching safepoint: 118276 ns, At safepoint: 7548 ns, Total: 125824 ns
[2022-07-03T08:54:41.292+0000][8][safepoint   ] Safepoint "Cleanup", Time since last: 2006018372 ns, Reaching safepoint: 393272 ns, At safepoint: 16577 ns, Total: 409849 ns
[2022-07-03T08:54:53.305+0000][8][safepoint   ] Safepoint "Cleanup", Time since last: 12012398506 ns, Reaching safepoint: 198456 ns, At safepoint: 8426 ns, Total: 206882 ns
[2022-07-03T08:54:54.310+0000][8][safepoint   ] Safepoint "Cleanup", Time since last: 1005224872 ns, Reaching safepoint: 133092 ns, At safepoint: 9050 ns, Total: 142142 ns
[2022-07-03T08:54:59.294+0000][8][safepoint   ] Safepoint "Cleanup", Time since last: 5005628626 ns, Reaching safepoint: 101250 ns, At safepoint: 4559 ns, Total: 105809 ns
[2022-07-03T08:55:12.310+0000][8][safepoint   ] Safepoint "Cleanup", Time since last: 13015234627 ns, Reaching safepoint: 178984 ns, At safepoint: 14552 ns, Total: 193536 ns
[2022-07-03T08:55:18.322+0000][8][safepoint   ] Safepoint "Cleanup", Time since last: 6012255540 ns, Reaching safepoint: 308946 ns, At safepoint: 17010 ns, Total: 325956 ns
[2022-07-03T08:55:24.334+0000][8][safepoint   ] Safepoint "Cleanup", Time since last: 6011038784 ns, Reaching safepoint: 263225 ns, At safepoint: 13785 ns, Total: 277010 ns
[2022-07-03T08:55:30.320+0000][8][safepoint   ] Safepoint "Cleanup", Time since last: 6006916223 ns, Reaching safepoint: 309138 ns, At safepoint: 35553 ns, Total: 344691 ns
[2022-07-03T08:55:36.325+0000][8][safepoint   ] Safepoint "Cleanup", Time since last: 6004906887 ns, Reaching safepoint: 146856 ns, At safepoint: 14290 ns, Total: 161146 ns
[2022-07-03T08:55:38.170+0000][8][gc,start    ] GC(36) Pause Young (Normal) (G1 Evacuation Pause)
[2022-07-03T08:55:38.171+0000][8][gc,task     ] GC(36) Using 4 workers of 4 for evacuation
[2022-07-03T08:55:38.172+0000][8][gc,age      ] GC(36) Desired survivor size 20971520 bytes, new threshold 15 (max threshold 15)
[2022-07-03T08:55:38.182+0000][8][gc,phases   ] GC(36)   Pre Evacuate Collection Set: 0.2ms
[2022-07-03T08:55:38.183+0000][8][gc,phases   ] GC(36)   Merge Heap Roots: 0.2ms
[2022-07-03T08:55:38.184+0000][8][gc,phases   ] GC(36)   Evacuate Collection Set: 6.0ms
[2022-07-03T08:55:38.185+0000][8][gc,phases   ] GC(36)   Post Evacuate Collection Set: 2.1ms
[2022-07-03T08:55:38.185+0000][8][gc,phases   ] GC(36)   Other: 1.9ms
[2022-07-03T08:55:38.186+0000][8][gc,age      ] GC(36) Age table with threshold 15 (max threshold 15)
[2022-07-03T08:55:38.186+0000][8][gc,age      ] GC(36) - age   1:     852600 bytes,     852600 total
[2022-07-03T08:55:38.187+0000][8][gc,age      ] GC(36) - age   2:       7912 bytes,     860512 total
[2022-07-03T08:55:38.187+0000][8][gc,age      ] GC(36) - age   3:        640 bytes,     861152 total
[2022-07-03T08:55:38.188+0000][8][gc,age      ] GC(36) - age   4:      10648 bytes,     871800 total
[2022-07-03T08:55:38.189+0000][8][gc,age      ] GC(36) - age   5:       5832 bytes,     877632 total
[2022-07-03T08:55:38.189+0000][8][gc,age      ] GC(36) - age   6:       2776 bytes,     880408 total
[2022-07-03T08:55:38.190+0000][8][gc,age      ] GC(36) - age   7:       2232 bytes,     882640 total
[2022-07-03T08:55:38.191+0000][8][gc,age      ] GC(36) - age   8:      11408 bytes,     894048 total
[2022-07-03T08:55:38.192+0000][8][gc,age      ] GC(36) - age   9:      17216 bytes,     911264 total
[2022-07-03T08:55:38.192+0000][8][gc,age      ] GC(36) - age  10:     127016 bytes,    1038280 total
[2022-07-03T08:55:38.193+0000][8][gc,age      ] GC(36) - age  11:      26016 bytes,    1064296 total
[2022-07-03T08:55:38.193+0000][8][gc,age      ] GC(36) - age  12:      27520 bytes,    1091816 total
[2022-07-03T08:55:38.194+0000][8][gc,age      ] GC(36) - age  13:     367880 bytes,    1459696 total
[2022-07-03T08:55:38.196+0000][8][gc,age      ] GC(36) - age  14:      22376 bytes,    1482072 total
[2022-07-03T08:55:38.197+0000][8][gc,age      ] GC(36) - age  15:    1383464 bytes,    2865536 total
[2022-07-03T08:55:38.198+0000][8][gc,heap     ] GC(36) Eden regions: 75->0(75)
[2022-07-03T08:55:38.199+0000][8][gc,heap     ] GC(36) Survivor regions: 1->1(10)
[2022-07-03T08:55:38.199+0000][8][gc,heap     ] GC(36) Old regions: 21->21
[2022-07-03T08:55:38.200+0000][8][gc,heap     ] GC(36) Archive regions: 2->2
[2022-07-03T08:55:38.200+0000][8][gc,heap     ] GC(36) Humongous regions: 0->0
[2022-07-03T08:55:38.201+0000][8][gc,metaspace] GC(36) Metaspace: 126733K(130112K)->126733K(130112K) NonClass: 109971K(111680K)->109971K(111680K) Class: 16762K(18432K)->16762K(18432K)
[2022-07-03T08:55:38.201+0000][8][gc          ] GC(36) Pause Young (Normal) (G1 Evacuation Pause) 388M->88M(512M) 30.893ms
[2022-07-03T08:55:38.202+0000][8][gc,cpu      ] GC(36) User=0.02s Sys=0.01s Real=0.03s
[2022-07-03T08:55:38.202+0000][8][safepoint   ] Safepoint "G1CollectForAllocation", Time since last: 1845635323 ns, Reaching safepoint: 109017 ns, At safepoint: 32120230 ns, Total: 32229247 ns
[2022-07-03T08:55:40.207+0000][8][safepoint   ] Safepoint "Cleanup", Time since last: 2004201302 ns, Reaching safepoint: 440081 ns, At safepoint: 111698 ns, Total: 551779 ns
[2022-07-03T08:55:42.210+0000][8][safepoint   ] Safepoint "Cleanup", Time since last: 2002587082 ns, Reaching safepoint: 274472 ns, At safepoint: 17938 ns, Total: 292410 ns
[2022-07-03T08:55:59.203+0000][8][safepoint   ] Safepoint "Cleanup", Time since last: 17014497841 ns, Reaching safepoint: 200698 ns, At safepoint: 9264 ns, Total: 209962 ns
[2022-07-03T08:56:11.220+0000][8][safepoint   ] Safepoint "Cleanup", Time since last: 12016875017 ns, Reaching safepoint: 107114 ns, At safepoint: 36043 ns, Total: 143157 ns
[2022-07-03T08:56:12.222+0000][8][safepoint   ] Safepoint "Cleanup", Time since last: 1001553646 ns, Reaching safepoint: 176408 ns, At safepoint: 42167 ns, Total: 218575 ns
[2022-07-03T08:56:14.225+0000][8][safepoint   ] Safepoint "Cleanup", Time since last: 2002848348 ns, Reaching safepoint: 117407 ns, At safepoint: 85599 ns, Total: 203006 ns
[2022-07-03T08:56:29.215+0000][8][safepoint   ] Safepoint "Cleanup", Time since last: 15011428254 ns, Reaching safepoint: 207538 ns, At safepoint: 9467 ns, Total: 217005 ns
[2022-07-03T08:56:32.218+0000][8][safepoint   ] Safepoint "Cleanup", Time since last: 3003160738 ns, Reaching safepoint: 322531 ns, At safepoint: 159067 ns, Total: 481598 ns
[2022-07-03T08:56:35.222+0000][8][safepoint   ] Safepoint "Cleanup", Time since last: 3003524843 ns, Reaching safepoint: 141997 ns, At safepoint: 35897 ns, Total: 177894 ns
[2022-07-03T08:56:36.224+0000][8][safepoint   ] Safepoint "Cleanup", Time since last: 1001687807 ns, Reaching safepoint: 207209 ns, At safepoint: 15978 ns, Total: 223187 ns
[2022-07-03T08:56:38.230+0000][8][safepoint   ] Safepoint "Cleanup", Time since last: 2006456731 ns, Reaching safepoint: 109562 ns, At safepoint: 10482 ns, Total: 120044 ns
[2022-07-03T08:56:40.237+0000][8][safepoint   ] Safepoint "Cleanup", Time since last: 2005965618 ns, Reaching safepoint: 113506 ns, At safepoint: 6821 ns, Total: 120327 ns
[2022-07-03T08:56:42.240+0000][8][safepoint   ] Safepoint "Cleanup", Time since last: 2003136407 ns, Reaching safepoint: 355463 ns, At safepoint: 22806 ns, Total: 378269 ns
[2022-07-03T08:56:47.245+0000][8][safepoint   ] Safepoint "Cleanup", Time since last: 5005026239 ns, Reaching safepoint: 79489 ns, At safepoint: 3425 ns, Total: 82914 ns
[2022-07-03T08:56:49.250+0000][8][safepoint   ] Safepoint "Cleanup", Time since last: 2003968836 ns, Reaching safepoint: 728648 ns, At safepoint: 114822 ns, Total: 843470 ns
[2022-07-03T08:56:53.256+0000][8][safepoint   ] Safepoint "Cleanup", Time since last: 4006060685 ns, Reaching safepoint: 146360 ns, At safepoint: 11630 ns, Total: 157990 ns
[2022-07-03T08:56:59.242+0000][8][safepoint   ] Safepoint "Cleanup", Time since last: 6005686622 ns, Reaching safepoint: 76957 ns, At safepoint: 3671 ns, Total: 80628 ns
[2022-07-03T08:57:00.244+0000][8][safepoint   ] Safepoint "Cleanup", Time since last: 1001605082 ns, Reaching safepoint: 170285 ns, At safepoint: 21482 ns, Total: 191767 ns
[2022-07-03T08:57:03.247+0000][8][safepoint   ] Safepoint "Cleanup", Time since last: 3002736680 ns, Reaching safepoint: 82984 ns, At safepoint: 6727 ns, Total: 89711 ns
[2022-07-03T08:57:05.249+0000][8][safepoint   ] Safepoint "Cleanup", Time since last: 2002375911 ns, Reaching safepoint: 91841 ns, At safepoint: 13557 ns, Total: 105398 ns
[2022-07-03T08:57:17.263+0000][8][safepoint   ] Safepoint "Cleanup", Time since last: 12013687201 ns, Reaching safepoint: 73907 ns, At safepoint: 5535 ns, Total: 79442 ns
[2022-07-03T08:57:20.268+0000][8][safepoint   ] Safepoint "Cleanup", Time since last: 3005198191 ns, Reaching safepoint: 82992 ns, At safepoint: 2718 ns, Total: 85710 ns
[2022-07-03T08:57:23.195+0000][8][gc,start    ] GC(37) Pause Young (Normal) (G1 Evacuation Pause)
[2022-07-03T08:57:23.196+0000][8][gc,task     ] GC(37) Using 4 workers of 4 for evacuation
[2022-07-03T08:57:23.197+0000][8][gc,age      ] GC(37) Desired survivor size 20971520 bytes, new threshold 15 (max threshold 15)
[2022-07-03T08:57:23.210+0000][8][gc,phases   ] GC(37)   Pre Evacuate Collection Set: 0.2ms
[2022-07-03T08:57:23.211+0000][8][gc,phases   ] GC(37)   Merge Heap Roots: 0.1ms
[2022-07-03T08:57:23.212+0000][8][gc,phases   ] GC(37)   Evacuate Collection Set: 10.8ms
[2022-07-03T08:57:23.212+0000][8][gc,phases   ] GC(37)   Post Evacuate Collection Set: 1.5ms
[2022-07-03T08:57:23.213+0000][8][gc,phases   ] GC(37)   Other: 1.7ms
[2022-07-03T08:57:23.213+0000][8][gc,age      ] GC(37) Age table with threshold 15 (max threshold 15)
[2022-07-03T08:57:23.214+0000][8][gc,age      ] GC(37) - age   1:    1621784 bytes,    1621784 total
[2022-07-03T08:57:23.215+0000][8][gc,age      ] GC(37) - age   2:       5224 bytes,    1627008 total
[2022-07-03T08:57:23.215+0000][8][gc,age      ] GC(37) - age   3:       5896 bytes,    1632904 total
[2022-07-03T08:57:23.216+0000][8][gc,age      ] GC(37) - age   4:        424 bytes,    1633328 total
[2022-07-03T08:57:23.216+0000][8][gc,age      ] GC(37) - age   5:      10584 bytes,    1643912 total
[2022-07-03T08:57:23.217+0000][8][gc,age      ] GC(37) - age   6:       5832 bytes,    1649744 total
[2022-07-03T08:57:23.217+0000][8][gc,age      ] GC(37) - age   7:       2776 bytes,    1652520 total
[2022-07-03T08:57:23.218+0000][8][gc,age      ] GC(37) - age   8:       2232 bytes,    1654752 total
[2022-07-03T08:57:23.275+0000][8][gc,age      ] GC(37) - age   9:      11408 bytes,    1666160 total
[2022-07-03T08:57:23.276+0000][8][gc,age      ] GC(37) - age  10:      17216 bytes,    1683376 total
[2022-07-03T08:57:23.278+0000][8][gc,age      ] GC(37) - age  11:     127016 bytes,    1810392 total
[2022-07-03T08:57:23.279+0000][8][gc,age      ] GC(37) - age  12:      26016 bytes,    1836408 total
[2022-07-03T08:57:23.279+0000][8][gc,age      ] GC(37) - age  13:      27520 bytes,    1863928 total
[2022-07-03T08:57:23.280+0000][8][gc,age      ] GC(37) - age  14:     367880 bytes,    2231808 total
[2022-07-03T08:57:23.281+0000][8][gc,age      ] GC(37) - age  15:      22376 bytes,    2254184 total
[2022-07-03T08:57:23.282+0000][8][gc,heap     ] GC(37) Eden regions: 75->0(75)
[2022-07-03T08:57:23.282+0000][8][gc,heap     ] GC(37) Survivor regions: 1->1(10)
[2022-07-03T08:57:23.284+0000][8][gc,heap     ] GC(37) Old regions: 21->21
[2022-07-03T08:57:23.284+0000][8][gc,heap     ] GC(37) Archive regions: 2->2
[2022-07-03T08:57:23.285+0000][8][gc,heap     ] GC(37) Humongous regions: 0->0
[2022-07-03T08:57:23.285+0000][8][gc,metaspace] GC(37) Metaspace: 126778K(130176K)->126778K(130176K) NonClass: 110015K(111744K)->110015K(111744K) Class: 16762K(18432K)->16762K(18432K)
[2022-07-03T08:57:23.286+0000][8][gc          ] GC(37) Pause Young (Normal) (G1 Evacuation Pause) 388M->89M(512M) 91.415ms
[2022-07-03T08:57:23.287+0000][8][gc,cpu      ] GC(37) User=0.03s Sys=0.00s Real=0.09s
[2022-07-03T08:57:23.289+0000][8][safepoint   ] Safepoint "G1CollectForAllocation", Time since last: 2926578156 ns, Reaching safepoint: 61666 ns, At safepoint: 94054526 ns, Total: 94116192 ns
[2022-07-03T08:57:32.285+0000][8][safepoint   ] Safepoint "Cleanup", Time since last: 9018396174 ns, Reaching safepoint: 712139 ns, At safepoint: 16067 ns, Total: 728206 ns
[2022-07-03T08:57:47.330+0000][8][safepoint   ] Safepoint "Cleanup", Time since last: 15035303567 ns, Reaching safepoint: 10079137 ns, At safepoint: 48268 ns, Total: 10127405 ns
[2022-07-03T08:57:48.335+0000][8][safepoint   ] Safepoint "Cleanup", Time since last: 1004596237 ns, Reaching safepoint: 273475 ns, At safepoint: 69292 ns, Total: 342767 ns
[2022-07-03T08:57:50.339+0000][8][safepoint   ] Safepoint "Cleanup", Time since last: 2003908792 ns, Reaching safepoint: 263180 ns, At safepoint: 12122 ns, Total: 275302 ns
[2022-07-03T08:57:57.346+0000][8][safepoint   ] Safepoint "Cleanup", Time since last: 7006361821 ns, Reaching safepoint: 176930 ns, At safepoint: 18113 ns, Total: 195043 ns
[2022-07-03T08:57:58.349+0000][8][safepoint   ] Safepoint "Cleanup", Time since last: 1002416289 ns, Reaching safepoint: 148547 ns, At safepoint: 8734 ns, Total: 157281 ns
[2022-07-03T08:57:59.332+0000][8][safepoint   ] Safepoint "Cleanup", Time since last: 1004743130 ns, Reaching safepoint: 269040 ns, At safepoint: 10428 ns, Total: 279468 ns
[2022-07-03T08:58:00.338+0000][8][safepoint   ] Safepoint "Cleanup", Time since last: 1004839124 ns, Reaching safepoint: 1569136 ns, At safepoint: 39654 ns, Total: 1608790 ns
[2022-07-03T08:58:03.342+0000][8][safepoint   ] Safepoint "Cleanup", Time since last: 3003737367 ns, Reaching safepoint: 151649 ns, At safepoint: 11338 ns, Total: 162987 ns
[2022-07-03T08:58:09.352+0000][8][safepoint   ] Safepoint "Cleanup", Time since last: 6009445509 ns, Reaching safepoint: 278685 ns, At safepoint: 31001 ns, Total: 309686 ns
[2022-07-03T08:58:12.356+0000][8][safepoint   ] Safepoint "Cleanup", Time since last: 3003968988 ns, Reaching safepoint: 249802 ns, At safepoint: 35566 ns, Total: 285368 ns
[2022-07-03T08:58:24.369+0000][8][safepoint   ] Safepoint "Cleanup", Time since last: 12012851254 ns, Reaching safepoint: 205299 ns, At safepoint: 14503 ns, Total: 219802 ns
[2022-07-03T08:58:27.376+0000][8][safepoint   ] Safepoint "Cleanup", Time since last: 3006504353 ns, Reaching safepoint: 135466 ns, At safepoint: 6546 ns, Total: 142012 ns
[2022-07-03T08:58:40.380+0000][8][safepoint   ] Safepoint "Cleanup", Time since last: 13025348093 ns, Reaching safepoint: 124804 ns, At safepoint: 6325 ns, Total: 131129 ns
[2022-07-03T08:58:44.384+0000][8][safepoint   ] Safepoint "Cleanup", Time since last: 4003785617 ns, Reaching safepoint: 407087 ns, At safepoint: 24101 ns, Total: 431188 ns
[2022-07-03T08:58:51.618+0000][8][safepoint   ] Safepoint "Cleanup", Time since last: 7232988140 ns, Reaching safepoint: 564951 ns, At safepoint: 16885 ns, Total: 581836 ns
[2022-07-03T08:58:54.625+0000][8][safepoint   ] Safepoint "Cleanup", Time since last: 3006491418 ns, Reaching safepoint: 572354 ns, At safepoint: 22776 ns, Total: 595130 ns
[2022-07-03T08:58:55.627+0000][8][safepoint   ] Safepoint "Cleanup", Time since last: 1001955520 ns, Reaching safepoint: 89147 ns, At safepoint: 4282 ns, Total: 93429 ns
[2022-07-03T08:58:58.610+0000][8][safepoint   ] Safepoint "Cleanup", Time since last: 3003234267 ns, Reaching safepoint: 91858 ns, At safepoint: 6002 ns, Total: 97860 ns
[2022-07-03T08:58:59.884+0000][8][gc,start    ] GC(38) Pause Young (Normal) (G1 Evacuation Pause)
[2022-07-03T08:58:59.885+0000][8][gc,task     ] GC(38) Using 4 workers of 4 for evacuation
[2022-07-03T08:58:59.886+0000][8][gc,age      ] GC(38) Desired survivor size 20971520 bytes, new threshold 15 (max threshold 15)
[2022-07-03T08:58:59.896+0000][8][gc,phases   ] GC(38)   Pre Evacuate Collection Set: 0.1ms
[2022-07-03T08:58:59.897+0000][8][gc,phases   ] GC(38)   Merge Heap Roots: 0.1ms
[2022-07-03T08:58:59.898+0000][8][gc,phases   ] GC(38)   Evacuate Collection Set: 8.0ms
[2022-07-03T08:58:59.898+0000][8][gc,phases   ] GC(38)   Post Evacuate Collection Set: 1.3ms
[2022-07-03T08:58:59.899+0000][8][gc,phases   ] GC(38)   Other: 1.5ms
[2022-07-03T08:58:59.900+0000][8][gc,age      ] GC(38) Age table with threshold 15 (max threshold 15)
[2022-07-03T08:58:59.900+0000][8][gc,age      ] GC(38) - age   1:    2010960 bytes,    2010960 total
[2022-07-03T08:58:59.901+0000][8][gc,age      ] GC(38) - age   2:       6328 bytes,    2017288 total
[2022-07-03T08:58:59.901+0000][8][gc,age      ] GC(38) - age   3:       3880 bytes,    2021168 total
[2022-07-03T08:58:59.902+0000][8][gc,age      ] GC(38) - age   4:       5832 bytes,    2027000 total
[2022-07-03T08:58:59.906+0000][8][gc,age      ] GC(38) - age   5:        424 bytes,    2027424 total
[2022-07-03T08:58:59.908+0000][8][gc,age      ] GC(38) - age   6:      10584 bytes,    2038008 total
[2022-07-03T08:58:59.908+0000][8][gc,age      ] GC(38) - age   7:       5440 bytes,    2043448 total
[2022-07-03T08:58:59.909+0000][8][gc,age      ] GC(38) - age   8:       2776 bytes,    2046224 total
[2022-07-03T08:58:59.910+0000][8][gc,age      ] GC(38) - age   9:       2232 bytes,    2048456 total
[2022-07-03T08:58:59.910+0000][8][gc,age      ] GC(38) - age  10:      11408 bytes,    2059864 total
[2022-07-03T08:58:59.911+0000][8][gc,age      ] GC(38) - age  11:      17216 bytes,    2077080 total
[2022-07-03T08:58:59.911+0000][8][gc,age      ] GC(38) - age  12:     127016 bytes,    2204096 total
[2022-07-03T08:58:59.912+0000][8][gc,age      ] GC(38) - age  13:      26016 bytes,    2230112 total
[2022-07-03T08:58:59.913+0000][8][gc,age      ] GC(38) - age  14:      27520 bytes,    2257632 total
[2022-07-03T08:58:59.913+0000][8][gc,age      ] GC(38) - age  15:     367880 bytes,    2625512 total
[2022-07-03T08:58:59.914+0000][8][gc,heap     ] GC(38) Eden regions: 75->0(75)
[2022-07-03T08:58:59.915+0000][8][gc,heap     ] GC(38) Survivor regions: 1->1(10)
[2022-07-03T08:58:59.915+0000][8][gc,heap     ] GC(38) Old regions: 21->21
[2022-07-03T08:58:59.916+0000][8][gc,heap     ] GC(38) Archive regions: 2->2
[2022-07-03T08:58:59.917+0000][8][gc,heap     ] GC(38) Humongous regions: 0->0
[2022-07-03T08:58:59.917+0000][8][gc,metaspace] GC(38) Metaspace: 126790K(130176K)->126790K(130176K) NonClass: 110028K(111744K)->110028K(111744K) Class: 16762K(18432K)->16762K(18432K)
[2022-07-03T08:58:59.918+0000][8][gc          ] GC(38) Pause Young (Normal) (G1 Evacuation Pause) 389M->89M(512M) 33.631ms
[2022-07-03T08:58:59.919+0000][8][gc,cpu      ] GC(38) User=0.02s Sys=0.00s Real=0.04s
[2022-07-03T08:58:59.920+0000][8][safepoint   ] Safepoint "G1CollectForAllocation", Time since last: 1273941291 ns, Reaching safepoint: 248044 ns, At safepoint: 35432879 ns, Total: 35680923 ns
[2022-07-03T08:59:00.926+0000][8][safepoint   ] Safepoint "Cleanup", Time since last: 1006326419 ns, Reaching safepoint: 144428 ns, At safepoint: 13091 ns, Total: 157519 ns
[2022-07-03T08:59:02.930+0000][8][safepoint   ] Safepoint "Cleanup", Time since last: 2003490555 ns, Reaching safepoint: 72148 ns, At safepoint: 3834 ns, Total: 75982 ns
[2022-07-03T08:59:05.934+0000][8][safepoint   ] Safepoint "Cleanup", Time since last: 3004425054 ns, Reaching safepoint: 152045 ns, At safepoint: 20846 ns, Total: 172891 ns
[2022-07-03T08:59:13.057+0000][8][safepoint   ] Safepoint "Cleanup", Time since last: 7122394820 ns, Reaching safepoint: 213738 ns, At safepoint: 10571 ns, Total: 224309 ns
[2022-07-03T08:59:15.060+0000][8][safepoint   ] Safepoint "Cleanup", Time since last: 2002958141 ns, Reaching safepoint: 208855 ns, At safepoint: 16726 ns, Total: 225581 ns
[2022-07-03T08:59:24.070+0000][8][safepoint   ] Safepoint "Cleanup", Time since last: 9009125442 ns, Reaching safepoint: 118338 ns, At safepoint: 16047 ns, Total: 134385 ns
[2022-07-03T08:59:26.074+0000][8][safepoint   ] Safepoint "Cleanup", Time since last: 2003522290 ns, Reaching safepoint: 893660 ns, At safepoint: 29348 ns, Total: 923008 ns
[2022-07-03T08:59:29.055+0000][8][safepoint   ] Safepoint "Cleanup", Time since last: 3004501126 ns, Reaching safepoint: 130821 ns, At safepoint: 7816 ns, Total: 138637 ns
[2022-07-03T08:59:33.058+0000][8][safepoint   ] Safepoint "Cleanup", Time since last: 4003033362 ns, Reaching safepoint: 149058 ns, At safepoint: 6213 ns, Total: 155271 ns
[2022-07-03T08:59:39.066+0000][8][safepoint   ] Safepoint "Cleanup", Time since last: 6007696871 ns, Reaching safepoint: 72728 ns, At safepoint: 3721 ns, Total: 76449 ns
[2022-07-03T08:59:45.078+0000][8][safepoint   ] Safepoint "Cleanup", Time since last: 6011937626 ns, Reaching safepoint: 223286 ns, At safepoint: 7342 ns, Total: 230628 ns
[2022-07-03T08:59:46.086+0000][8][safepoint   ] Safepoint "Cleanup", Time since last: 1007192974 ns, Reaching safepoint: 184477 ns, At safepoint: 8316 ns, Total: 192793 ns
[2022-07-03T08:59:49.090+0000][8][safepoint   ] Safepoint "Cleanup", Time since last: 3004476619 ns, Reaching safepoint: 221101 ns, At safepoint: 12717 ns, Total: 233818 ns
[2022-07-03T08:59:51.096+0000][8][safepoint   ] Safepoint "Cleanup", Time since last: 2004890814 ns, Reaching safepoint: 511797 ns, At safepoint: 13932 ns, Total: 525729 ns
[2022-07-03T08:59:52.100+0000][8][safepoint   ] Safepoint "Cleanup", Time since last: 1004134812 ns, Reaching safepoint: 277315 ns, At safepoint: 10097 ns, Total: 287412 ns
[2022-07-03T08:59:59.089+0000][8][safepoint   ] Safepoint "Cleanup", Time since last: 7009585113 ns, Reaching safepoint: 212862 ns, At safepoint: 7200 ns, Total: 220062 ns
[2022-07-03T09:00:00.092+0000][8][safepoint   ] Safepoint "Cleanup", Time since last: 1002657355 ns, Reaching safepoint: 66916 ns, At safepoint: 4272 ns, Total: 71188 ns
[2022-07-03T09:00:04.100+0000][8][safepoint   ] Safepoint "Cleanup", Time since last: 4008435164 ns, Reaching safepoint: 104061 ns, At safepoint: 8186 ns, Total: 112247 ns
[2022-07-03T09:00:06.104+0000][8][safepoint   ] Safepoint "Cleanup", Time since last: 2003725190 ns, Reaching safepoint: 108351 ns, At safepoint: 7572 ns, Total: 115923 ns
[2022-07-03T09:00:07.107+0000][8][safepoint   ] Safepoint "Cleanup", Time since last: 1002189665 ns, Reaching safepoint: 146879 ns, At safepoint: 12429 ns, Total: 159308 ns
[2022-07-03T09:00:08.113+0000][8][safepoint   ] Safepoint "Cleanup", Time since last: 1006081531 ns, Reaching safepoint: 165045 ns, At safepoint: 12597 ns, Total: 177642 ns
[2022-07-03T09:00:13.123+0000][8][safepoint   ] Safepoint "Cleanup", Time since last: 5009960628 ns, Reaching safepoint: 332253 ns, At safepoint: 30041 ns, Total: 362294 ns
[2022-07-03T09:00:15.128+0000][8][safepoint   ] Safepoint "Cleanup", Time since last: 2005113156 ns, Reaching safepoint: 113456 ns, At safepoint: 4810 ns, Total: 118266 ns
[2022-07-03T09:00:16.132+0000][8][safepoint   ] Safepoint "Cleanup", Time since last: 1003901415 ns, Reaching safepoint: 119187 ns, At safepoint: 7973 ns, Total: 127160 ns
[2022-07-03T09:00:18.136+0000][8][safepoint   ] Safepoint "Cleanup", Time since last: 2003868316 ns, Reaching safepoint: 217719 ns, At safepoint: 10443 ns, Total: 228162 ns
[2022-07-03T09:00:21.005+0000][8][gc,start    ] GC(39) Pause Young (Normal) (G1 Evacuation Pause)
[2022-07-03T09:00:21.006+0000][8][gc,task     ] GC(39) Using 4 workers of 4 for evacuation
[2022-07-03T09:00:21.006+0000][8][gc,age      ] GC(39) Desired survivor size 20971520 bytes, new threshold 15 (max threshold 15)
[2022-07-03T09:00:21.011+0000][8][gc,phases   ] GC(39)   Pre Evacuate Collection Set: 0.2ms
[2022-07-03T09:00:21.012+0000][8][gc,phases   ] GC(39)   Merge Heap Roots: 0.1ms
[2022-07-03T09:00:21.013+0000][8][gc,phases   ] GC(39)   Evacuate Collection Set: 3.1ms
[2022-07-03T09:00:21.014+0000][8][gc,phases   ] GC(39)   Post Evacuate Collection Set: 1.0ms
[2022-07-03T09:00:21.015+0000][8][gc,phases   ] GC(39)   Other: 1.4ms
[2022-07-03T09:00:21.015+0000][8][gc,age      ] GC(39) Age table with threshold 15 (max threshold 15)
[2022-07-03T09:00:21.016+0000][8][gc,age      ] GC(39) - age   1:    1177968 bytes,    1177968 total
[2022-07-03T09:00:21.019+0000][8][gc,age      ] GC(39) - age   2:       7696 bytes,    1185664 total
[2022-07-03T09:00:21.020+0000][8][gc,age      ] GC(39) - age   3:       5200 bytes,    1190864 total
[2022-07-03T09:00:21.021+0000][8][gc,age      ] GC(39) - age   4:       3784 bytes,    1194648 total
[2022-07-03T09:00:21.022+0000][8][gc,age      ] GC(39) - age   5:       5832 bytes,    1200480 total
[2022-07-03T09:00:21.022+0000][8][gc,age      ] GC(39) - age   6:        424 bytes,    1200904 total
[2022-07-03T09:00:21.023+0000][8][gc,age      ] GC(39) - age   7:      10584 bytes,    1211488 total
[2022-07-03T09:00:21.023+0000][8][gc,age      ] GC(39) - age   8:       5440 bytes,    1216928 total
[2022-07-03T09:00:21.024+0000][8][gc,age      ] GC(39) - age   9:       2776 bytes,    1219704 total
[2022-07-03T09:00:21.025+0000][8][gc,age      ] GC(39) - age  10:       2232 bytes,    1221936 total
[2022-07-03T09:00:21.025+0000][8][gc,age      ] GC(39) - age  11:      11376 bytes,    1233312 total
[2022-07-03T09:00:21.026+0000][8][gc,age      ] GC(39) - age  12:      17216 bytes,    1250528 total
[2022-07-03T09:00:21.026+0000][8][gc,age      ] GC(39) - age  13:     127016 bytes,    1377544 total
[2022-07-03T09:00:21.027+0000][8][gc,age      ] GC(39) - age  14:      26016 bytes,    1403560 total
[2022-07-03T09:00:21.027+0000][8][gc,age      ] GC(39) - age  15:      27520 bytes,    1431080 total
[2022-07-03T09:00:21.028+0000][8][gc,heap     ] GC(39) Eden regions: 75->0(75)
[2022-07-03T09:00:21.028+0000][8][gc,heap     ] GC(39) Survivor regions: 1->1(10)
[2022-07-03T09:00:21.029+0000][8][gc,heap     ] GC(39) Old regions: 21->21
[2022-07-03T09:00:21.029+0000][8][gc,heap     ] GC(39) Archive regions: 2->2
[2022-07-03T09:00:21.030+0000][8][gc,heap     ] GC(39) Humongous regions: 0->0
[2022-07-03T09:00:21.030+0000][8][gc,metaspace] GC(39) Metaspace: 126840K(130240K)->126840K(130240K) NonClass: 110076K(111808K)->110076K(111808K) Class: 16764K(18432K)->16764K(18432K)
[2022-07-03T09:00:21.031+0000][8][gc          ] GC(39) Pause Young (Normal) (G1 Evacuation Pause) 389M->88M(512M) 26.021ms
[2022-07-03T09:00:21.032+0000][8][gc,cpu      ] GC(39) User=0.01s Sys=0.00s Real=0.02s
[2022-07-03T09:00:21.032+0000][8][safepoint   ] Safepoint "G1CollectForAllocation", Time since last: 2867690791 ns, Reaching safepoint: 684949 ns, At safepoint: 27368257 ns, Total: 28053206 ns
[2022-07-03T09:00:24.039+0000][8][safepoint   ] Safepoint "Cleanup", Time since last: 3005920875 ns, Reaching safepoint: 435717 ns, At safepoint: 12746 ns, Total: 448463 ns
[2022-07-03T09:00:27.042+0000][8][safepoint   ] Safepoint "Cleanup", Time since last: 3003533881 ns, Reaching safepoint: 146458 ns, At safepoint: 6352 ns, Total: 152810 ns
[2022-07-03T09:00:34.033+0000][8][safepoint   ] Safepoint "Cleanup", Time since last: 7012909905 ns, Reaching safepoint: 256149 ns, At safepoint: 13831 ns, Total: 269980 ns
[2022-07-03T09:00:38.041+0000][8][safepoint   ] Safepoint "Cleanup", Time since last: 4007705439 ns, Reaching safepoint: 314793 ns, At safepoint: 15601 ns, Total: 330394 ns
[2022-07-03T09:00:59.049+0000][8][safepoint   ] Safepoint "Cleanup", Time since last: 21027326377 ns, Reaching safepoint: 293226 ns, At safepoint: 17354 ns, Total: 310580 ns
[2022-07-03T09:01:09.062+0000][8][safepoint   ] Safepoint "Cleanup", Time since last: 10013378193 ns, Reaching safepoint: 196515 ns, At safepoint: 15589 ns, Total: 212104 ns
[2022-07-03T09:01:12.070+0000][8][safepoint   ] Safepoint "Cleanup", Time since last: 3008083463 ns, Reaching safepoint: 177544 ns, At safepoint: 11639 ns, Total: 189183 ns
[2022-07-03T09:01:15.077+0000][8][safepoint   ] Safepoint "Cleanup", Time since last: 3005879051 ns, Reaching safepoint: 260930 ns, At safepoint: 15730 ns, Total: 276660 ns
[2022-07-03T09:01:19.087+0000][8][safepoint   ] Safepoint "Cleanup", Time since last: 4010289347 ns, Reaching safepoint: 104518 ns, At safepoint: 4321 ns, Total: 108839 ns
[2022-07-03T09:01:28.104+0000][8][safepoint   ] Safepoint "Cleanup", Time since last: 9017196269 ns, Reaching safepoint: 166885 ns, At safepoint: 14950 ns, Total: 181835 ns
[2022-07-03T09:01:29.085+0000][8][safepoint   ] Safepoint "Cleanup", Time since last: 1003408332 ns, Reaching safepoint: 97168 ns, At safepoint: 8889 ns, Total: 106057 ns
[2022-07-03T09:01:36.094+0000][8][safepoint   ] Safepoint "Cleanup", Time since last: 7008717873 ns, Reaching safepoint: 183508 ns, At safepoint: 27541 ns, Total: 211049 ns
[2022-07-03T09:01:48.110+0000][8][safepoint   ] Safepoint "Cleanup", Time since last: 12016342339 ns, Reaching safepoint: 218595 ns, At safepoint: 10145 ns, Total: 228740 ns
[2022-07-03T09:01:53.822+0000][8][gc,start    ] GC(40) Pause Young (Normal) (G1 Evacuation Pause)
[2022-07-03T09:01:53.823+0000][8][gc,task     ] GC(40) Using 4 workers of 4 for evacuation
[2022-07-03T09:01:53.824+0000][8][gc,age      ] GC(40) Desired survivor size 20971520 bytes, new threshold 15 (max threshold 15)
[2022-07-03T09:01:53.829+0000][8][gc,phases   ] GC(40)   Pre Evacuate Collection Set: 0.2ms
[2022-07-03T09:01:53.829+0000][8][gc,phases   ] GC(40)   Merge Heap Roots: 0.1ms
[2022-07-03T09:01:53.830+0000][8][gc,phases   ] GC(40)   Evacuate Collection Set: 2.6ms
[2022-07-03T09:01:53.830+0000][8][gc,phases   ] GC(40)   Post Evacuate Collection Set: 1.1ms
[2022-07-03T09:01:53.831+0000][8][gc,phases   ] GC(40)   Other: 1.5ms
[2022-07-03T09:01:53.832+0000][8][gc,age      ] GC(40) Age table with threshold 15 (max threshold 15)
[2022-07-03T09:01:53.832+0000][8][gc,age      ] GC(40) - age   1:     831176 bytes,     831176 total
[2022-07-03T09:01:53.833+0000][8][gc,age      ] GC(40) - age   2:       7144 bytes,     838320 total
[2022-07-03T09:01:53.833+0000][8][gc,age      ] GC(40) - age   3:       5752 bytes,     844072 total
[2022-07-03T09:01:53.835+0000][8][gc,age      ] GC(40) - age   4:       4880 bytes,     848952 total
[2022-07-03T09:01:53.836+0000][8][gc,age      ] GC(40) - age   5:       3600 bytes,     852552 total
[2022-07-03T09:01:53.837+0000][8][gc,age      ] GC(40) - age   6:       5832 bytes,     858384 total
[2022-07-03T09:01:53.838+0000][8][gc,age      ] GC(40) - age   7:        424 bytes,     858808 total
[2022-07-03T09:01:53.839+0000][8][gc,age      ] GC(40) - age   8:      10584 bytes,     869392 total
[2022-07-03T09:01:53.839+0000][8][gc,age      ] GC(40) - age   9:       5352 bytes,     874744 total
[2022-07-03T09:01:53.840+0000][8][gc,age      ] GC(40) - age  10:       2776 bytes,     877520 total
[2022-07-03T09:01:53.840+0000][8][gc,age      ] GC(40) - age  11:       2232 bytes,     879752 total
[2022-07-03T09:01:53.841+0000][8][gc,age      ] GC(40) - age  12:      11376 bytes,     891128 total
[2022-07-03T09:01:53.841+0000][8][gc,age      ] GC(40) - age  13:      17216 bytes,     908344 total
[2022-07-03T09:01:53.842+0000][8][gc,age      ] GC(40) - age  14:     127016 bytes,    1035360 total
[2022-07-03T09:01:53.843+0000][8][gc,age      ] GC(40) - age  15:      26016 bytes,    1061376 total
[2022-07-03T09:01:53.843+0000][8][gc,heap     ] GC(40) Eden regions: 75->0(75)
[2022-07-03T09:01:53.844+0000][8][gc,heap     ] GC(40) Survivor regions: 1->1(10)
[2022-07-03T09:01:53.845+0000][8][gc,heap     ] GC(40) Old regions: 21->21
[2022-07-03T09:01:53.845+0000][8][gc,heap     ] GC(40) Archive regions: 2->2
[2022-07-03T09:01:53.846+0000][8][gc,heap     ] GC(40) Humongous regions: 0->0
[2022-07-03T09:01:53.846+0000][8][gc,metaspace] GC(40) Metaspace: 126868K(130240K)->126868K(130240K) NonClass: 110103K(111808K)->110103K(111808K) Class: 16764K(18432K)->16764K(18432K)
[2022-07-03T09:01:53.847+0000][8][gc          ] GC(40) Pause Young (Normal) (G1 Evacuation Pause) 388M->88M(512M) 24.723ms
[2022-07-03T09:01:53.847+0000][8][gc,cpu      ] GC(40) User=0.01s Sys=0.00s Real=0.02s
[2022-07-03T09:01:53.848+0000][8][safepoint   ] Safepoint "G1CollectForAllocation", Time since last: 5711602206 ns, Reaching safepoint: 94777 ns, At safepoint: 26443854 ns, Total: 26538631 ns
[2022-07-03T09:01:58.839+0000][8][safepoint   ] Safepoint "Cleanup", Time since last: 5011387694 ns, Reaching safepoint: 290348 ns, At safepoint: 14573 ns, Total: 304921 ns
[2022-07-03T09:02:00.841+0000][8][safepoint   ] Safepoint "Cleanup", Time since last: 2001680242 ns, Reaching safepoint: 349708 ns, At safepoint: 46968 ns, Total: 396676 ns
[2022-07-03T09:02:02.844+0000][8][safepoint   ] Safepoint "Cleanup", Time since last: 2002724839 ns, Reaching safepoint: 122969 ns, At safepoint: 6114 ns, Total: 129083 ns
[2022-07-03T09:02:09.859+0000][8][safepoint   ] Safepoint "Cleanup", Time since last: 7015438696 ns, Reaching safepoint: 213314 ns, At safepoint: 27038 ns, Total: 240352 ns
[2022-07-03T09:02:18.867+0000][8][safepoint   ] Safepoint "Cleanup", Time since last: 9007416853 ns, Reaching safepoint: 186900 ns, At safepoint: 8040 ns, Total: 194940 ns
[2022-07-03T09:02:21.871+0000][8][safepoint   ] Safepoint "Cleanup", Time since last: 3003453468 ns, Reaching safepoint: 166209 ns, At safepoint: 15065 ns, Total: 181274 ns
[2022-07-03T09:02:28.854+0000][8][safepoint   ] Safepoint "Cleanup", Time since last: 7004707719 ns, Reaching safepoint: 204687 ns, At safepoint: 14977 ns, Total: 219664 ns
[2022-07-03T09:02:41.866+0000][8][safepoint   ] Safepoint "Cleanup", Time since last: 13011816992 ns, Reaching safepoint: 449449 ns, At safepoint: 10948 ns, Total: 460397 ns
[2022-07-03T09:02:50.875+0000][8][safepoint   ] Safepoint "Cleanup", Time since last: 9008989217 ns, Reaching safepoint: 214136 ns, At safepoint: 65198 ns, Total: 279334 ns
[2022-07-03T09:02:53.881+0000][8][safepoint   ] Safepoint "Cleanup", Time since last: 3005553520 ns, Reaching safepoint: 116239 ns, At safepoint: 6838 ns, Total: 123077 ns
[2022-07-03T09:02:54.888+0000][8][safepoint   ] Safepoint "Cleanup", Time since last: 1006601805 ns, Reaching safepoint: 541976 ns, At safepoint: 37797 ns, Total: 579773 ns
[2022-07-03T09:02:58.874+0000][8][safepoint   ] Safepoint "Cleanup", Time since last: 4007105662 ns, Reaching safepoint: 265763 ns, At safepoint: 10277 ns, Total: 276040 ns
[2022-07-03T09:03:08.886+0000][8][safepoint   ] Safepoint "Cleanup", Time since last: 10012404659 ns, Reaching safepoint: 122174 ns, At safepoint: 7212 ns, Total: 129386 ns
[2022-07-03T09:03:12.894+0000][8][safepoint   ] Safepoint "Cleanup", Time since last: 4008045083 ns, Reaching safepoint: 179987 ns, At safepoint: 21356 ns, Total: 201343 ns
[2022-07-03T09:03:17.902+0000][8][safepoint   ] Safepoint "Cleanup", Time since last: 5007230680 ns, Reaching safepoint: 70488 ns, At safepoint: 28512 ns, Total: 99000 ns
[2022-07-03T09:03:18.904+0000][8][safepoint   ] Safepoint "Cleanup", Time since last: 1002159669 ns, Reaching safepoint: 108592 ns, At safepoint: 5103 ns, Total: 113695 ns
[2022-07-03T09:03:20.910+0000][8][safepoint   ] Safepoint "Cleanup", Time since last: 2006104285 ns, Reaching safepoint: 167759 ns, At safepoint: 10102 ns, Total: 177861 ns
[2022-07-03T09:03:23.917+0000][8][safepoint   ] Safepoint "Cleanup", Time since last: 3006804465 ns, Reaching safepoint: 80784 ns, At safepoint: 5492 ns, Total: 86276 ns
[2022-07-03T09:03:28.902+0000][8][safepoint   ] Safepoint "Cleanup", Time since last: 5005811620 ns, Reaching safepoint: 148036 ns, At safepoint: 7622 ns, Total: 155658 ns
[2022-07-03T09:03:36.794+0000][8][gc,start    ] GC(41) Pause Young (Normal) (G1 Evacuation Pause)
[2022-07-03T09:03:36.795+0000][8][gc,task     ] GC(41) Using 4 workers of 4 for evacuation
[2022-07-03T09:03:36.796+0000][8][gc,age      ] GC(41) Desired survivor size 20971520 bytes, new threshold 15 (max threshold 15)
[2022-07-03T09:03:36.802+0000][8][gc,phases   ] GC(41)   Pre Evacuate Collection Set: 0.1ms
[2022-07-03T09:03:36.802+0000][8][gc,phases   ] GC(41)   Merge Heap Roots: 0.0ms
[2022-07-03T09:03:36.803+0000][8][gc,phases   ] GC(41)   Evacuate Collection Set: 3.8ms
[2022-07-03T09:03:36.806+0000][8][gc,phases   ] GC(41)   Post Evacuate Collection Set: 1.0ms
[2022-07-03T09:03:36.808+0000][8][gc,phases   ] GC(41)   Other: 1.6ms
[2022-07-03T09:03:36.809+0000][8][gc,age      ] GC(41) Age table with threshold 15 (max threshold 15)
[2022-07-03T09:03:36.810+0000][8][gc,age      ] GC(41) - age   1:    1880864 bytes,    1880864 total
[2022-07-03T09:03:36.810+0000][8][gc,age      ] GC(41) - age   2:       3984 bytes,    1884848 total
[2022-07-03T09:03:36.811+0000][8][gc,age      ] GC(41) - age   3:       6208 bytes,    1891056 total
[2022-07-03T09:03:36.811+0000][8][gc,age      ] GC(41) - age   4:       5328 bytes,    1896384 total
[2022-07-03T09:03:36.812+0000][8][gc,age      ] GC(41) - age   5:       4816 bytes,    1901200 total
[2022-07-03T09:03:36.812+0000][8][gc,age      ] GC(41) - age   6:       3600 bytes,    1904800 total
[2022-07-03T09:03:36.813+0000][8][gc,age      ] GC(41) - age   7:       5832 bytes,    1910632 total
[2022-07-03T09:03:36.813+0000][8][gc,age      ] GC(41) - age   8:        424 bytes,    1911056 total
[2022-07-03T09:03:36.813+0000][8][gc,age      ] GC(41) - age   9:      10400 bytes,    1921456 total
[2022-07-03T09:03:36.814+0000][8][gc,age      ] GC(41) - age  10:       5352 bytes,    1926808 total
[2022-07-03T09:03:36.814+0000][8][gc,age      ] GC(41) - age  11:       2776 bytes,    1929584 total
[2022-07-03T09:03:36.815+0000][8][gc,age      ] GC(41) - age  12:       2232 bytes,    1931816 total
[2022-07-03T09:03:36.815+0000][8][gc,age      ] GC(41) - age  13:      11376 bytes,    1943192 total
[2022-07-03T09:03:36.816+0000][8][gc,age      ] GC(41) - age  14:      17216 bytes,    1960408 total
[2022-07-03T09:03:36.816+0000][8][gc,age      ] GC(41) - age  15:     127016 bytes,    2087424 total
[2022-07-03T09:03:36.817+0000][8][gc,heap     ] GC(41) Eden regions: 75->0(75)
[2022-07-03T09:03:36.818+0000][8][gc,heap     ] GC(41) Survivor regions: 1->1(10)
[2022-07-03T09:03:36.818+0000][8][gc,heap     ] GC(41) Old regions: 21->21
[2022-07-03T09:03:36.819+0000][8][gc,heap     ] GC(41) Archive regions: 2->2
[2022-07-03T09:03:36.823+0000][8][gc,heap     ] GC(41) Humongous regions: 0->0
[2022-07-03T09:03:36.824+0000][8][gc,metaspace] GC(41) Metaspace: 126889K(130240K)->126889K(130240K) NonClass: 110125K(111808K)->110125K(111808K) Class: 16764K(18432K)->16764K(18432K)
[2022-07-03T09:03:36.826+0000][8][gc          ] GC(41) Pause Young (Normal) (G1 Evacuation Pause) 388M->89M(512M) 31.985ms
[2022-07-03T09:03:36.827+0000][8][gc,cpu      ] GC(41) User=0.01s Sys=0.00s Real=0.03s
[2022-07-03T09:03:36.828+0000][8][safepoint   ] Safepoint "G1CollectForAllocation", Time since last: 7891370064 ns, Reaching safepoint: 102469 ns, At safepoint: 33900718 ns, Total: 34003187 ns
[2022-07-03T09:03:37.830+0000][8][safepoint   ] Safepoint "Cleanup", Time since last: 1001796862 ns, Reaching safepoint: 377171 ns, At safepoint: 25034 ns, Total: 402205 ns
[2022-07-03T09:03:42.835+0000][8][safepoint   ] Safepoint "Cleanup", Time since last: 5004777206 ns, Reaching safepoint: 150577 ns, At safepoint: 16228 ns, Total: 166805 ns
[2022-07-03T09:03:58.831+0000][8][safepoint   ] Safepoint "Cleanup", Time since last: 16017077260 ns, Reaching safepoint: 2307266 ns, At safepoint: 99078 ns, Total: 2406344 ns
[2022-07-03T09:04:05.838+0000][8][safepoint   ] Safepoint "Cleanup", Time since last: 7007184208 ns, Reaching safepoint: 169685 ns, At safepoint: 37990 ns, Total: 207675 ns
[2022-07-03T09:04:17.847+0000][8][safepoint   ] Safepoint "Cleanup", Time since last: 12007958980 ns, Reaching safepoint: 128898 ns, At safepoint: 7384 ns, Total: 136282 ns
[2022-07-03T09:04:28.839+0000][8][safepoint   ] Safepoint "Cleanup", Time since last: 11013094428 ns, Reaching safepoint: 119906 ns, At safepoint: 5009 ns, Total: 124915 ns
[2022-07-03T09:04:29.842+0000][8][safepoint   ] Safepoint "Cleanup", Time since last: 1002225619 ns, Reaching safepoint: 345664 ns, At safepoint: 11332 ns, Total: 356996 ns
[2022-07-03T09:04:30.845+0000][8][safepoint   ] Safepoint "Cleanup", Time since last: 1002714131 ns, Reaching safepoint: 217336 ns, At safepoint: 11088 ns, Total: 228424 ns
[2022-07-03T09:04:41.864+0000][8][safepoint   ] Safepoint "Cleanup", Time since last: 11018788855 ns, Reaching safepoint: 133681 ns, At safepoint: 6844 ns, Total: 140525 ns
[2022-07-03T09:04:58.859+0000][8][safepoint   ] Safepoint "Cleanup", Time since last: 17016332779 ns, Reaching safepoint: 205311 ns, At safepoint: 73822 ns, Total: 279133 ns
[2022-07-03T09:05:00.862+0000][8][safepoint   ] Safepoint "Cleanup", Time since last: 2002194934 ns, Reaching safepoint: 337819 ns, At safepoint: 42209 ns, Total: 380028 ns
[2022-07-03T09:05:08.870+0000][8][safepoint   ] Safepoint "Cleanup", Time since last: 8007944148 ns, Reaching safepoint: 153061 ns, At safepoint: 7271 ns, Total: 160332 ns
[2022-07-03T09:05:14.881+0000][8][safepoint   ] Safepoint "Cleanup", Time since last: 6011201138 ns, Reaching safepoint: 219957 ns, At safepoint: 8697 ns, Total: 228654 ns
[2022-07-03T09:05:23.790+0000][8][gc,start    ] GC(42) Pause Young (Normal) (G1 Evacuation Pause)
[2022-07-03T09:05:23.791+0000][8][gc,task     ] GC(42) Using 4 workers of 4 for evacuation
[2022-07-03T09:05:23.792+0000][8][gc,age      ] GC(42) Desired survivor size 20971520 bytes, new threshold 15 (max threshold 15)
[2022-07-03T09:05:23.798+0000][8][gc,phases   ] GC(42)   Pre Evacuate Collection Set: 0.1ms
[2022-07-03T09:05:23.802+0000][8][gc,phases   ] GC(42)   Merge Heap Roots: 0.1ms
[2022-07-03T09:05:23.803+0000][8][gc,phases   ] GC(42)   Evacuate Collection Set: 3.6ms
[2022-07-03T09:05:23.804+0000][8][gc,phases   ] GC(42)   Post Evacuate Collection Set: 1.3ms
[2022-07-03T09:05:23.805+0000][8][gc,phases   ] GC(42)   Other: 1.5ms
[2022-07-03T09:05:23.806+0000][8][gc,age      ] GC(42) Age table with threshold 15 (max threshold 15)
[2022-07-03T09:05:23.808+0000][8][gc,age      ] GC(42) - age   1:    1604000 bytes,    1604000 total
[2022-07-03T09:05:23.809+0000][8][gc,age      ] GC(42) - age   2:       7336 bytes,    1611336 total
[2022-07-03T09:05:23.811+0000][8][gc,age      ] GC(42) - age   3:       3280 bytes,    1614616 total
[2022-07-03T09:05:23.811+0000][8][gc,age      ] GC(42) - age   4:       5952 bytes,    1620568 total
[2022-07-03T09:05:23.813+0000][8][gc,age      ] GC(42) - age   5:       5304 bytes,    1625872 total
[2022-07-03T09:05:23.815+0000][8][gc,age      ] GC(42) - age   6:       4816 bytes,    1630688 total
[2022-07-03T09:05:23.820+0000][8][gc,age      ] GC(42) - age   7:       1680 bytes,    1632368 total
[2022-07-03T09:05:23.822+0000][8][gc,age      ] GC(42) - age   8:       5832 bytes,    1638200 total
[2022-07-03T09:05:23.823+0000][8][gc,age      ] GC(42) - age   9:        424 bytes,    1638624 total
[2022-07-03T09:05:23.825+0000][8][gc,age      ] GC(42) - age  10:      10008 bytes,    1648632 total
[2022-07-03T09:05:23.826+0000][8][gc,age      ] GC(42) - age  11:       5352 bytes,    1653984 total
[2022-07-03T09:05:23.828+0000][8][gc,age      ] GC(42) - age  12:       2592 bytes,    1656576 total
[2022-07-03T09:05:23.829+0000][8][gc,age      ] GC(42) - age  13:       2232 bytes,    1658808 total
[2022-07-03T09:05:23.831+0000][8][gc,age      ] GC(42) - age  14:      10992 bytes,    1669800 total
[2022-07-03T09:05:23.835+0000][8][gc,age      ] GC(42) - age  15:      17216 bytes,    1687016 total
[2022-07-03T09:05:23.837+0000][8][gc,heap     ] GC(42) Eden regions: 75->0(75)
[2022-07-03T09:05:23.838+0000][8][gc,heap     ] GC(42) Survivor regions: 1->1(10)
[2022-07-03T09:05:23.839+0000][8][gc,heap     ] GC(42) Old regions: 21->21
[2022-07-03T09:05:23.839+0000][8][gc,heap     ] GC(42) Archive regions: 2->2
[2022-07-03T09:05:23.840+0000][8][gc,heap     ] GC(42) Humongous regions: 0->0
[2022-07-03T09:05:23.841+0000][8][gc,metaspace] GC(42) Metaspace: 126908K(130240K)->126908K(130240K) NonClass: 110143K(111808K)->110143K(111808K) Class: 16764K(18432K)->16764K(18432K)
[2022-07-03T09:05:23.842+0000][8][gc          ] GC(42) Pause Young (Normal) (G1 Evacuation Pause) 389M->88M(512M) 51.443ms
[2022-07-03T09:05:23.842+0000][8][gc,cpu      ] GC(42) User=0.01s Sys=0.00s Real=0.05s
[2022-07-03T09:05:23.843+0000][8][safepoint   ] Safepoint "G1CollectForAllocation", Time since last: 8908734546 ns, Reaching safepoint: 64577 ns, At safepoint: 53130476 ns, Total: 53195053 ns
[2022-07-03T09:05:24.845+0000][8][safepoint   ] Safepoint "Cleanup", Time since last: 1001811629 ns, Reaching safepoint: 375214 ns, At safepoint: 21549 ns, Total: 396763 ns
[2022-07-03T09:05:37.834+0000][8][safepoint   ] Safepoint "Cleanup", Time since last: 13010500637 ns, Reaching safepoint: 120679 ns, At safepoint: 6485 ns, Total: 127164 ns
[2022-07-03T09:05:48.855+0000][8][safepoint   ] Safepoint "Cleanup", Time since last: 11020490608 ns, Reaching safepoint: 166450 ns, At safepoint: 7449 ns, Total: 173899 ns
[2022-07-03T09:05:58.362+0000][8][safepoint   ] Safepoint "Cleanup", Time since last: 9507122047 ns, Reaching safepoint: 223032 ns, At safepoint: 41450 ns, Total: 264482 ns
[2022-07-03T09:06:12.359+0000][8][safepoint   ] Safepoint "Cleanup", Time since last: 14013640724 ns, Reaching safepoint: 286298 ns, At safepoint: 4533076 ns, Total: 4819374 ns
[2022-07-03T09:06:18.367+0000][8][safepoint   ] Safepoint "Cleanup", Time since last: 6007355834 ns, Reaching safepoint: 149189 ns, At safepoint: 9224 ns, Total: 158413 ns
[2022-07-03T09:06:30.358+0000][8][safepoint   ] Safepoint "Cleanup", Time since last: 12012894402 ns, Reaching safepoint: 149440 ns, At safepoint: 7874 ns, Total: 157314 ns
[2022-07-03T09:06:31.364+0000][8][safepoint   ] Safepoint "Cleanup", Time since last: 1004995236 ns, Reaching safepoint: 583896 ns, At safepoint: 61755 ns, Total: 645651 ns
[2022-07-03T09:06:36.378+0000][8][safepoint   ] Safepoint "Cleanup", Time since last: 5013552728 ns, Reaching safepoint: 115695 ns, At safepoint: 6738 ns, Total: 122433 ns
[2022-07-03T09:07:00.392+0000][8][safepoint   ] Safepoint "Cleanup", Time since last: 24035947109 ns, Reaching safepoint: 210158 ns, At safepoint: 163141 ns, Total: 373299 ns
[2022-07-03T09:07:08.413+0000][8][safepoint   ] Safepoint "Cleanup", Time since last: 8021525915 ns, Reaching safepoint: 192738 ns, At safepoint: 12579 ns, Total: 205317 ns
[2022-07-03T09:07:11.756+0000][8][gc,start    ] GC(43) Pause Young (Normal) (G1 Evacuation Pause)
[2022-07-03T09:07:11.758+0000][8][gc,task     ] GC(43) Using 4 workers of 4 for evacuation
[2022-07-03T09:07:11.758+0000][8][gc,age      ] GC(43) Desired survivor size 20971520 bytes, new threshold 15 (max threshold 15)
[2022-07-03T09:07:11.762+0000][8][gc,phases   ] GC(43)   Pre Evacuate Collection Set: 0.2ms
[2022-07-03T09:07:11.763+0000][8][gc,phases   ] GC(43)   Merge Heap Roots: 0.1ms
[2022-07-03T09:07:11.764+0000][8][gc,phases   ] GC(43)   Evacuate Collection Set: 1.9ms
[2022-07-03T09:07:11.764+0000][8][gc,phases   ] GC(43)   Post Evacuate Collection Set: 1.0ms
[2022-07-03T09:07:11.765+0000][8][gc,phases   ] GC(43)   Other: 1.7ms
[2022-07-03T09:07:11.766+0000][8][gc,age      ] GC(43) Age table with threshold 15 (max threshold 15)
[2022-07-03T09:07:11.766+0000][8][gc,age      ] GC(43) - age   1:     828024 bytes,     828024 total
[2022-07-03T09:07:11.767+0000][8][gc,age      ] GC(43) - age   2:       6912 bytes,     834936 total
[2022-07-03T09:07:11.767+0000][8][gc,age      ] GC(43) - age   3:       5464 bytes,     840400 total
[2022-07-03T09:07:11.768+0000][8][gc,age      ] GC(43) - age   4:       3216 bytes,     843616 total
[2022-07-03T09:07:11.769+0000][8][gc,age      ] GC(43) - age   5:       5864 bytes,     849480 total
[2022-07-03T09:07:11.769+0000][8][gc,age      ] GC(43) - age   6:       5304 bytes,     854784 total
[2022-07-03T09:07:11.770+0000][8][gc,age      ] GC(43) - age   7:       4544 bytes,     859328 total
[2022-07-03T09:07:11.773+0000][8][gc,age      ] GC(43) - age   8:       1680 bytes,     861008 total
[2022-07-03T09:07:11.774+0000][8][gc,age      ] GC(43) - age   9:       5832 bytes,     866840 total
[2022-07-03T09:07:11.774+0000][8][gc,age      ] GC(43) - age  10:        424 bytes,     867264 total
[2022-07-03T09:07:11.775+0000][8][gc,age      ] GC(43) - age  11:      10008 bytes,     877272 total
[2022-07-03T09:07:11.776+0000][8][gc,age      ] GC(43) - age  12:       5352 bytes,     882624 total
[2022-07-03T09:07:11.777+0000][8][gc,age      ] GC(43) - age  13:       2592 bytes,     885216 total
[2022-07-03T09:07:11.777+0000][8][gc,age      ] GC(43) - age  14:       2232 bytes,     887448 total
[2022-07-03T09:07:11.778+0000][8][gc,age      ] GC(43) - age  15:      10992 bytes,     898440 total
[2022-07-03T09:07:11.778+0000][8][gc,heap     ] GC(43) Eden regions: 75->0(75)
[2022-07-03T09:07:11.779+0000][8][gc,heap     ] GC(43) Survivor regions: 1->1(10)
[2022-07-03T09:07:11.779+0000][8][gc,heap     ] GC(43) Old regions: 21->21
[2022-07-03T09:07:11.780+0000][8][gc,heap     ] GC(43) Archive regions: 2->2
[2022-07-03T09:07:11.781+0000][8][gc,heap     ] GC(43) Humongous regions: 0->0
[2022-07-03T09:07:11.781+0000][8][gc,metaspace] GC(43) Metaspace: 126932K(130304K)->126932K(130304K) NonClass: 110166K(111872K)->110166K(111872K) Class: 16766K(18432K)->16766K(18432K)
[2022-07-03T09:07:11.782+0000][8][gc          ] GC(43) Pause Young (Normal) (G1 Evacuation Pause) 388M->88M(512M) 25.927ms
[2022-07-03T09:07:11.782+0000][8][gc,cpu      ] GC(43) User=0.01s Sys=0.00s Real=0.03s
[2022-07-03T09:07:11.783+0000][8][safepoint   ] Safepoint "G1CollectForAllocation", Time since last: 3342400705 ns, Reaching safepoint: 97227 ns, At safepoint: 27028027 ns, Total: 27125254 ns
[2022-07-03T09:07:23.795+0000][8][safepoint   ] Safepoint "Cleanup", Time since last: 12011288929 ns, Reaching safepoint: 337671 ns, At safepoint: 27885 ns, Total: 365556 ns
[2022-07-03T09:07:24.810+0000][8][safepoint   ] Safepoint "Cleanup", Time since last: 1010368564 ns, Reaching safepoint: 5005402 ns, At safepoint: 29170 ns, Total: 5034572 ns
[2022-07-03T09:07:28.796+0000][8][safepoint   ] Safepoint "Cleanup", Time since last: 4006821872 ns, Reaching safepoint: 270730 ns, At safepoint: 26730 ns, Total: 297460 ns
[2022-07-03T09:07:56.831+0000][8][safepoint   ] Safepoint "Cleanup", Time since last: 28034178281 ns, Reaching safepoint: 256290 ns, At safepoint: 38612 ns, Total: 294902 ns
[2022-07-03T09:07:57.836+0000][8][safepoint   ] Safepoint "Cleanup", Time since last: 1005431270 ns, Reaching safepoint: 166384 ns, At safepoint: 28800 ns, Total: 195184 ns
[2022-07-03T09:07:58.817+0000][8][safepoint   ] Safepoint "Cleanup", Time since last: 1002121368 ns, Reaching safepoint: 285129 ns, At safepoint: 16749 ns, Total: 301878 ns
[2022-07-03T09:07:59.818+0000][8][safepoint   ] Safepoint "Cleanup", Time since last: 1001510625 ns, Reaching safepoint: 142554 ns, At safepoint: 30547 ns, Total: 173101 ns
[2022-07-03T09:08:00.821+0000][8][safepoint   ] Safepoint "Cleanup", Time since last: 1001997545 ns, Reaching safepoint: 119462 ns, At safepoint: 6955 ns, Total: 126417 ns
[2022-07-03T09:08:04.827+0000][8][safepoint   ] Safepoint "Cleanup", Time since last: 4006663977 ns, Reaching safepoint: 121509 ns, At safepoint: 7055 ns, Total: 128564 ns
[2022-07-03T09:08:12.838+0000][8][safepoint   ] Safepoint "Cleanup", Time since last: 8010000051 ns, Reaching safepoint: 187155 ns, At safepoint: 19917 ns, Total: 207072 ns
[2022-07-03T09:08:17.847+0000][8][safepoint   ] Safepoint "Cleanup", Time since last: 5009410251 ns, Reaching safepoint: 311098 ns, At safepoint: 20870 ns, Total: 331968 ns
[2022-07-03T09:08:35.859+0000][8][safepoint   ] Safepoint "Cleanup", Time since last: 18032697774 ns, Reaching safepoint: 240228 ns, At safepoint: 30359 ns, Total: 270587 ns
[2022-07-03T09:08:44.871+0000][8][safepoint   ] Safepoint "Cleanup", Time since last: 9012351861 ns, Reaching safepoint: 122392 ns, At safepoint: 5834 ns, Total: 128226 ns
[2022-07-03T09:08:56.883+0000][8][safepoint   ] Safepoint "Cleanup", Time since last: 12011982885 ns, Reaching safepoint: 87619 ns, At safepoint: 7015 ns, Total: 94634 ns
[2022-07-03T09:08:57.885+0000][8][safepoint   ] Safepoint "Cleanup", Time since last: 1001961844 ns, Reaching safepoint: 89170 ns, At safepoint: 5149 ns, Total: 94319 ns
[2022-07-03T09:08:59.868+0000][8][safepoint   ] Safepoint "Cleanup", Time since last: 2003483435 ns, Reaching safepoint: 68179 ns, At safepoint: 4986 ns, Total: 73165 ns
[2022-07-03T09:09:00.489+0000][8][gc,start    ] GC(44) Pause Young (Normal) (G1 Evacuation Pause)
[2022-07-03T09:09:00.491+0000][8][gc,task     ] GC(44) Using 4 workers of 4 for evacuation
[2022-07-03T09:09:00.492+0000][8][gc,age      ] GC(44) Desired survivor size 20971520 bytes, new threshold 15 (max threshold 15)
[2022-07-03T09:09:00.499+0000][8][gc,phases   ] GC(44)   Pre Evacuate Collection Set: 0.2ms
[2022-07-03T09:09:00.500+0000][8][gc,phases   ] GC(44)   Merge Heap Roots: 0.1ms
[2022-07-03T09:09:00.501+0000][8][gc,phases   ] GC(44)   Evacuate Collection Set: 2.9ms
[2022-07-03T09:09:00.501+0000][8][gc,phases   ] GC(44)   Post Evacuate Collection Set: 3.3ms
[2022-07-03T09:09:00.502+0000][8][gc,phases   ] GC(44)   Other: 1.3ms
[2022-07-03T09:09:00.502+0000][8][gc,age      ] GC(44) Age table with threshold 15 (max threshold 15)
[2022-07-03T09:09:00.503+0000][8][gc,age      ] GC(44) - age   1:    1371736 bytes,    1371736 total
[2022-07-03T09:09:00.503+0000][8][gc,age      ] GC(44) - age   2:       2880 bytes,    1374616 total
[2022-07-03T09:09:00.504+0000][8][gc,age      ] GC(44) - age   3:       5296 bytes,    1379912 total
[2022-07-03T09:09:00.504+0000][8][gc,age      ] GC(44) - age   4:       5464 bytes,    1385376 total
[2022-07-03T09:09:00.505+0000][8][gc,age      ] GC(44) - age   5:       3216 bytes,    1388592 total
[2022-07-03T09:09:00.505+0000][8][gc,age      ] GC(44) - age   6:       5864 bytes,    1394456 total
[2022-07-03T09:09:00.506+0000][8][gc,age      ] GC(44) - age   7:       5152 bytes,    1399608 total
[2022-07-03T09:09:00.507+0000][8][gc,age      ] GC(44) - age   8:       4544 bytes,    1404152 total
[2022-07-03T09:09:00.507+0000][8][gc,age      ] GC(44) - age   9:       1680 bytes,    1405832 total
[2022-07-03T09:09:00.508+0000][8][gc,age      ] GC(44) - age  10:       5832 bytes,    1411664 total
[2022-07-03T09:09:00.508+0000][8][gc,age      ] GC(44) - age  11:        424 bytes,    1412088 total
[2022-07-03T09:09:00.509+0000][8][gc,age      ] GC(44) - age  12:      10008 bytes,    1422096 total
[2022-07-03T09:09:00.509+0000][8][gc,age      ] GC(44) - age  13:       5320 bytes,    1427416 total
[2022-07-03T09:09:00.510+0000][8][gc,age      ] GC(44) - age  14:       2592 bytes,    1430008 total
[2022-07-03T09:09:00.511+0000][8][gc,age      ] GC(44) - age  15:       2232 bytes,    1432240 total
[2022-07-03T09:09:00.512+0000][8][gc,heap     ] GC(44) Eden regions: 75->0(75)
[2022-07-03T09:09:00.515+0000][8][gc,heap     ] GC(44) Survivor regions: 1->1(10)
[2022-07-03T09:09:00.516+0000][8][gc,heap     ] GC(44) Old regions: 21->21
[2022-07-03T09:09:00.517+0000][8][gc,heap     ] GC(44) Archive regions: 2->2
[2022-07-03T09:09:00.518+0000][8][gc,heap     ] GC(44) Humongous regions: 0->0
[2022-07-03T09:09:00.518+0000][8][gc,metaspace] GC(44) Metaspace: 126966K(130368K)->126966K(130368K) NonClass: 110200K(111936K)->110200K(111936K) Class: 16766K(18432K)->16766K(18432K)
[2022-07-03T09:09:00.519+0000][8][gc          ] GC(44) Pause Young (Normal) (G1 Evacuation Pause) 388M->88M(512M) 29.385ms
[2022-07-03T09:09:00.519+0000][8][gc,cpu      ] GC(44) User=0.02s Sys=0.00s Real=0.03s
[2022-07-03T09:09:00.520+0000][8][safepoint   ] Safepoint "G1CollectForAllocation", Time since last: 621561274 ns, Reaching safepoint: 39218 ns, At safepoint: 30443718 ns, Total: 30482936 ns
[2022-07-03T09:09:01.522+0000][8][safepoint   ] Safepoint "Cleanup", Time since last: 1001634443 ns, Reaching safepoint: 739153 ns, At safepoint: 27768 ns, Total: 766921 ns
[2022-07-03T09:09:06.535+0000][8][safepoint   ] Safepoint "Cleanup", Time since last: 5011827543 ns, Reaching safepoint: 597853 ns, At safepoint: 27027 ns, Total: 624880 ns
[2022-07-03T09:09:13.555+0000][8][safepoint   ] Safepoint "Cleanup", Time since last: 7018951951 ns, Reaching safepoint: 1624491 ns, At safepoint: 71336 ns, Total: 1695827 ns
[2022-07-03T09:09:30.549+0000][8][safepoint   ] Safepoint "Cleanup", Time since last: 17015919031 ns, Reaching safepoint: 84887 ns, At safepoint: 88265 ns, Total: 173152 ns
[2022-07-03T09:09:31.554+0000][8][safepoint   ] Safepoint "Cleanup", Time since last: 1004431156 ns, Reaching safepoint: 106287 ns, At safepoint: 5000 ns, Total: 111287 ns
[2022-07-03T09:09:58.579+0000][8][safepoint   ] Safepoint "Cleanup", Time since last: 27046753967 ns, Reaching safepoint: 165760 ns, At safepoint: 10287 ns, Total: 176047 ns
[2022-07-03T09:10:03.584+0000][8][safepoint   ] Safepoint "Cleanup", Time since last: 5004385762 ns, Reaching safepoint: 116502 ns, At safepoint: 8045 ns, Total: 124547 ns
[2022-07-03T09:10:24.636+0000][8][safepoint   ] Safepoint "Cleanup", Time since last: 21052003850 ns, Reaching safepoint: 276552 ns, At safepoint: 18056 ns, Total: 294608 ns
[2022-07-03T09:10:29.004+0000][8][safepoint   ] Safepoint "Cleanup", Time since last: 4389217215 ns, Reaching safepoint: 185609 ns, At safepoint: 8420 ns, Total: 194029 ns
[2022-07-03T09:10:33.014+0000][8][safepoint   ] Safepoint "Cleanup", Time since last: 4009657860 ns, Reaching safepoint: 206650 ns, At safepoint: 22178 ns, Total: 228828 ns
[2022-07-03T09:10:45.041+0000][8][safepoint   ] Safepoint "Cleanup", Time since last: 12027690369 ns, Reaching safepoint: 86079 ns, At safepoint: 5426 ns, Total: 91505 ns
[2022-07-03T09:10:47.774+0000][8][gc,start    ] GC(45) Pause Young (Normal) (G1 Evacuation Pause)
[2022-07-03T09:10:47.778+0000][8][gc,task     ] GC(45) Using 4 workers of 4 for evacuation
[2022-07-03T09:10:47.779+0000][8][gc,age      ] GC(45) Desired survivor size 20971520 bytes, new threshold 15 (max threshold 15)
[2022-07-03T09:10:47.784+0000][8][gc,phases   ] GC(45)   Pre Evacuate Collection Set: 0.2ms
[2022-07-03T09:10:47.785+0000][8][gc,phases   ] GC(45)   Merge Heap Roots: 0.1ms
[2022-07-03T09:10:47.786+0000][8][gc,phases   ] GC(45)   Evacuate Collection Set: 2.9ms
[2022-07-03T09:10:47.787+0000][8][gc,phases   ] GC(45)   Post Evacuate Collection Set: 1.1ms
[2022-07-03T09:10:47.787+0000][8][gc,phases   ] GC(45)   Other: 2.1ms
[2022-07-03T09:10:47.788+0000][8][gc,age      ] GC(45) Age table with threshold 15 (max threshold 15)
[2022-07-03T09:10:47.789+0000][8][gc,age      ] GC(45) - age   1:    1014944 bytes,    1014944 total
[2022-07-03T09:10:47.789+0000][8][gc,age      ] GC(45) - age   2:       3816 bytes,    1018760 total
[2022-07-03T09:10:47.792+0000][8][gc,age      ] GC(45) - age   3:       2024 bytes,    1020784 total
[2022-07-03T09:10:47.794+0000][8][gc,age      ] GC(45) - age   4:       5104 bytes,    1025888 total
[2022-07-03T09:10:47.795+0000][8][gc,age      ] GC(45) - age   5:       5464 bytes,    1031352 total
[2022-07-03T09:10:47.795+0000][8][gc,age      ] GC(45) - age   6:       3216 bytes,    1034568 total
[2022-07-03T09:10:47.796+0000][8][gc,age      ] GC(45) - age   7:       5864 bytes,    1040432 total
[2022-07-03T09:10:47.797+0000][8][gc,age      ] GC(45) - age   8:       5152 bytes,    1045584 total
[2022-07-03T09:10:47.797+0000][8][gc,age      ] GC(45) - age   9:       4544 bytes,    1050128 total
[2022-07-03T09:10:47.798+0000][8][gc,age      ] GC(45) - age  10:       1680 bytes,    1051808 total
[2022-07-03T09:10:47.798+0000][8][gc,age      ] GC(45) - age  11:       5832 bytes,    1057640 total
[2022-07-03T09:10:47.799+0000][8][gc,age      ] GC(45) - age  12:        424 bytes,    1058064 total
[2022-07-03T09:10:47.799+0000][8][gc,age      ] GC(45) - age  13:      10008 bytes,    1068072 total
[2022-07-03T09:10:47.800+0000][8][gc,age      ] GC(45) - age  14:       5320 bytes,    1073392 total
[2022-07-03T09:10:47.800+0000][8][gc,age      ] GC(45) - age  15:       2592 bytes,    1075984 total
[2022-07-03T09:10:47.801+0000][8][gc,heap     ] GC(45) Eden regions: 75->0(75)
[2022-07-03T09:10:47.801+0000][8][gc,heap     ] GC(45) Survivor regions: 1->1(10)
[2022-07-03T09:10:47.802+0000][8][gc,heap     ] GC(45) Old regions: 21->21
[2022-07-03T09:10:47.803+0000][8][gc,heap     ] GC(45) Archive regions: 2->2
[2022-07-03T09:10:47.803+0000][8][gc,heap     ] GC(45) Humongous regions: 0->0
[2022-07-03T09:10:47.803+0000][8][gc,metaspace] GC(45) Metaspace: 126970K(130368K)->126970K(130368K) NonClass: 110204K(111936K)->110204K(111936K) Class: 16766K(18432K)->16766K(18432K)
[2022-07-03T09:10:47.804+0000][8][gc          ] GC(45) Pause Young (Normal) (G1 Evacuation Pause) 388M->88M(512M) 29.801ms
[2022-07-03T09:10:47.805+0000][8][gc,cpu      ] GC(45) User=0.01s Sys=0.00s Real=0.03s
[2022-07-03T09:10:47.806+0000][8][safepoint   ] Safepoint "G1CollectForAllocation", Time since last: 2732756250 ns, Reaching safepoint: 140045 ns, At safepoint: 31655677 ns, Total: 31795722 ns
[2022-07-03T09:10:50.817+0000][8][safepoint   ] Safepoint "Cleanup", Time since last: 3010519000 ns, Reaching safepoint: 182765 ns, At safepoint: 19404 ns, Total: 202169 ns
[2022-07-03T09:10:52.821+0000][8][safepoint   ] Safepoint "Cleanup", Time since last: 2004283322 ns, Reaching safepoint: 306920 ns, At safepoint: 17993 ns, Total: 324913 ns
[2022-07-03T09:10:57.828+0000][8][safepoint   ] Safepoint "Cleanup", Time since last: 5006199374 ns, Reaching safepoint: 753520 ns, At safepoint: 11421 ns, Total: 764941 ns
[2022-07-03T09:10:59.815+0000][8][safepoint   ] Safepoint "Cleanup", Time since last: 2006363097 ns, Reaching safepoint: 431891 ns, At safepoint: 24191 ns, Total: 456082 ns
[2022-07-03T09:11:08.835+0000][8][safepoint   ] Safepoint "Cleanup", Time since last: 9019744157 ns, Reaching safepoint: 108016 ns, At safepoint: 4064 ns, Total: 112080 ns
[2022-07-03T12:11:17.270+0000][8][safepoint   ] Safepoint "Cleanup", Time since last: 10816104310710 ns, Reaching safepoint: 2250603 ns, At safepoint: 70986 ns, Total: 2321589 ns
[2022-07-03T12:11:18.302+0000][8][safepoint   ] Safepoint "Cleanup", Time since last: 1029432680 ns, Reaching safepoint: 2926313 ns, At safepoint: 22115 ns, Total: 2948428 ns
[2022-07-03T12:11:28.360+0000][8][safepoint   ] Safepoint "Cleanup", Time since last: 10057035191 ns, Reaching safepoint: 1034822 ns, At safepoint: 10892 ns, Total: 1045714 ns
[2022-07-03T12:11:30.071+0000][8][safepoint   ] Safepoint "Cleanup", Time since last: 1710468802 ns, Reaching safepoint: 384217 ns, At safepoint: 55856 ns, Total: 440073 ns
[2022-07-03T12:11:35.602+0000][8][safepoint   ] Safepoint "Cleanup", Time since last: 5528742573 ns, Reaching safepoint: 1829119 ns, At safepoint: 79468 ns, Total: 1908587 ns
[2022-07-03T12:11:36.652+0000][8][safepoint   ] Safepoint "Cleanup", Time since last: 1050110337 ns, Reaching safepoint: 172710 ns, At safepoint: 10172 ns, Total: 182882 ns
[2022-07-03T12:11:41.664+0000][8][safepoint   ] Safepoint "Cleanup", Time since last: 5011714746 ns, Reaching safepoint: 145634 ns, At safepoint: 10128 ns, Total: 155762 ns
[2022-07-03T12:11:42.668+0000][8][safepoint   ] Safepoint "Cleanup", Time since last: 1003639020 ns, Reaching safepoint: 273188 ns, At safepoint: 9428 ns, Total: 282616 ns
[2022-07-04T11:04:42.574+0000][8][safepoint   ] Safepoint "Cleanup", Time since last: 5005597568 ns, Reaching safepoint: 123236 ns, At safepoint: 6002 ns, Total: 129238 ns
[2022-07-04T11:04:45.578+0000][8][safepoint   ] Safepoint "Cleanup", Time since last: 3004080966 ns, Reaching safepoint: 269980 ns, At safepoint: 43345 ns, Total: 313325 ns
[2022-07-04T11:04:46.845+0000][8][safepoint   ] Safepoint "Cleanup", Time since last: 1266929089 ns, Reaching safepoint: 207136 ns, At safepoint: 13313 ns, Total: 220449 ns
[2022-07-04T11:04:47.848+0000][8][safepoint   ] Safepoint "Cleanup", Time since last: 1002348235 ns, Reaching safepoint: 475048 ns, At safepoint: 11563 ns, Total: 486611 ns
[2022-07-04T11:04:48.194+0000][8][safepoint   ] Safepoint "ICBufferFull", Time since last: 333502918 ns, Reaching safepoint: 10035979 ns, At safepoint: 2209808 ns, Total: 12245787 ns
[2022-07-04T11:04:49.197+0000][8][safepoint   ] Safepoint "Cleanup", Time since last: 1002887878 ns, Reaching safepoint: 136125 ns, At safepoint: 4006 ns, Total: 140131 ns
[2022-07-04T11:04:50.199+0000][8][safepoint   ] Safepoint "Cleanup", Time since last: 1002379564 ns, Reaching safepoint: 192941 ns, At safepoint: 12930 ns, Total: 205871 ns
[2022-07-04T11:04:51.202+0000][8][safepoint   ] Safepoint "Cleanup", Time since last: 1002686201 ns, Reaching safepoint: 155913 ns, At safepoint: 8057 ns, Total: 163970 ns
[2022-07-04T11:04:54.206+0000][8][safepoint   ] Safepoint "Cleanup", Time since last: 3003622706 ns, Reaching safepoint: 171620 ns, At safepoint: 10929 ns, Total: 182549 ns
[2022-07-04T11:04:57.213+0000][8][safepoint   ] Safepoint "Cleanup", Time since last: 3007153721 ns, Reaching safepoint: 177214 ns, At safepoint: 9845 ns, Total: 187059 ns
[2022-07-04T11:05:03.220+0000][8][safepoint   ] Safepoint "Cleanup", Time since last: 6007118428 ns, Reaching safepoint: 112506 ns, At safepoint: 5199 ns, Total: 117705 ns
[2022-07-04T11:05:09.232+0000][8][safepoint   ] Safepoint "Cleanup", Time since last: 6011664866 ns, Reaching safepoint: 267029 ns, At safepoint: 11959 ns, Total: 278988 ns
[2022-07-04T11:05:12.206+0000][8][safepoint   ] Safepoint "Cleanup", Time since last: 3002972235 ns, Reaching safepoint: 240979 ns, At safepoint: 74913 ns, Total: 315892 ns
[2022-07-04T11:05:13.210+0000][8][safepoint   ] Safepoint "Cleanup", Time since last: 1003640084 ns, Reaching safepoint: 207764 ns, At safepoint: 10118 ns, Total: 217882 ns
[2022-07-04T11:05:15.213+0000][8][safepoint   ] Safepoint "Cleanup", Time since last: 2003066085 ns, Reaching safepoint: 129729 ns, At safepoint: 3121 ns, Total: 132850 ns
[2022-07-04T11:05:16.524+0000][8][gc,start    ] GC(46) Pause Young (Normal) (G1 Evacuation Pause)
[2022-07-04T11:05:16.527+0000][8][gc,task     ] GC(46) Using 4 workers of 4 for evacuation
[2022-07-04T11:05:16.530+0000][8][gc,age      ] GC(46) Desired survivor size 20971520 bytes, new threshold 15 (max threshold 15)
[2022-07-04T11:05:16.549+0000][8][gc,phases   ] GC(46)   Pre Evacuate Collection Set: 0.6ms
[2022-07-04T11:05:16.550+0000][8][gc,phases   ] GC(46)   Merge Heap Roots: 0.4ms
[2022-07-04T11:05:16.551+0000][8][gc,phases   ] GC(46)   Evacuate Collection Set: 13.2ms
[2022-07-04T11:05:16.552+0000][8][gc,phases   ] GC(46)   Post Evacuate Collection Set: 3.3ms
[2022-07-04T11:05:16.553+0000][8][gc,phases   ] GC(46)   Other: 5.2ms
[2022-07-04T11:05:16.553+0000][8][gc,age      ] GC(46) Age table with threshold 15 (max threshold 15)
[2022-07-04T11:05:16.554+0000][8][gc,age      ] GC(46) - age   1:    1424888 bytes,    1424888 total
[2022-07-04T11:05:16.555+0000][8][gc,age      ] GC(46) - age   2:       9056 bytes,    1433944 total
[2022-07-04T11:05:16.555+0000][8][gc,age      ] GC(46) - age   3:       1752 bytes,    1435696 total
[2022-07-04T11:05:16.556+0000][8][gc,age      ] GC(46) - age   4:       1960 bytes,    1437656 total
[2022-07-04T11:05:16.557+0000][8][gc,age      ] GC(46) - age   5:       2608 bytes,    1440264 total
[2022-07-04T11:05:16.558+0000][8][gc,age      ] GC(46) - age   6:       5280 bytes,    1445544 total
[2022-07-04T11:05:16.559+0000][8][gc,age      ] GC(46) - age   7:       3216 bytes,    1448760 total
[2022-07-04T11:05:16.560+0000][8][gc,age      ] GC(46) - age   8:       5864 bytes,    1454624 total
[2022-07-04T11:05:16.560+0000][8][gc,age      ] GC(46) - age   9:       5120 bytes,    1459744 total
[2022-07-04T11:05:16.561+0000][8][gc,age      ] GC(46) - age  10:       4544 bytes,    1464288 total
[2022-07-04T11:05:16.561+0000][8][gc,age      ] GC(46) - age  11:       1680 bytes,    1465968 total
[2022-07-04T11:05:16.562+0000][8][gc,age      ] GC(46) - age  12:       5832 bytes,    1471800 total
[2022-07-04T11:05:16.563+0000][8][gc,age      ] GC(46) - age  13:        424 bytes,    1472224 total
[2022-07-04T11:05:16.564+0000][8][gc,age      ] GC(46) - age  14:       9768 bytes,    1481992 total
[2022-07-04T11:05:16.565+0000][8][gc,age      ] GC(46) - age  15:       5320 bytes,    1487312 total
[2022-07-04T11:05:16.565+0000][8][gc,heap     ] GC(46) Eden regions: 75->0(75)
[2022-07-04T11:05:16.566+0000][8][gc,heap     ] GC(46) Survivor regions: 1->1(10)
[2022-07-04T11:05:16.567+0000][8][gc,heap     ] GC(46) Old regions: 21->21
[2022-07-04T11:05:16.567+0000][8][gc,heap     ] GC(46) Archive regions: 2->2
[2022-07-04T11:05:16.568+0000][8][gc,heap     ] GC(46) Humongous regions: 0->0
[2022-07-04T11:05:16.569+0000][8][gc,metaspace] GC(46) Metaspace: 127200K(130560K)->127200K(130560K) NonClass: 110409K(112128K)->110409K(112128K) Class: 16790K(18432K)->16790K(18432K)
[2022-07-04T11:05:16.570+0000][8][gc          ] GC(46) Pause Young (Normal) (G1 Evacuation Pause) 388M->88M(512M) 46.139ms
[2022-07-04T11:05:16.571+0000][8][gc,cpu      ] GC(46) User=0.05s Sys=0.00s Real=0.05s
[2022-07-04T11:05:16.572+0000][8][safepoint   ] Safepoint "G1CollectForAllocation", Time since last: 1310015650 ns, Reaching safepoint: 114133 ns, At safepoint: 49217194 ns, Total: 49331327 ns
[2022-07-04T11:05:18.576+0000][8][safepoint   ] Safepoint "Cleanup", Time since last: 2003682124 ns, Reaching safepoint: 211699 ns, At safepoint: 106037 ns, Total: 317736 ns
[2022-07-04T11:05:27.597+0000][8][safepoint   ] Safepoint "Cleanup", Time since last: 9019796435 ns, Reaching safepoint: 782528 ns, At safepoint: 23220 ns, Total: 805748 ns
[2022-07-04T11:05:33.619+0000][8][safepoint   ] Safepoint "Cleanup", Time since last: 6022119606 ns, Reaching safepoint: 223884 ns, At safepoint: 10741 ns, Total: 234625 ns
[2022-07-04T11:05:36.622+0000][8][safepoint   ] Safepoint "Cleanup", Time since last: 3002976185 ns, Reaching safepoint: 375230 ns, At safepoint: 50144 ns, Total: 425374 ns
[2022-07-04T11:05:39.626+0000][8][safepoint   ] Safepoint "Cleanup", Time since last: 3003554591 ns, Reaching safepoint: 288117 ns, At safepoint: 16254 ns, Total: 304371 ns
[2022-07-04T11:05:42.610+0000][8][safepoint   ] Safepoint "Cleanup", Time since last: 3005547993 ns, Reaching safepoint: 335147 ns, At safepoint: 39677 ns, Total: 374824 ns
[2022-07-04T11:05:57.626+0000][8][safepoint   ] Safepoint "Cleanup", Time since last: 15016396792 ns, Reaching safepoint: 158081 ns, At safepoint: 10377 ns, Total: 168458 ns
[2022-07-04T11:06:06.638+0000][8][safepoint   ] Safepoint "Cleanup", Time since last: 9011422363 ns, Reaching safepoint: 198832 ns, At safepoint: 7643 ns, Total: 206475 ns
[2022-07-04T11:06:09.643+0000][8][safepoint   ] Safepoint "Cleanup", Time since last: 3005128181 ns, Reaching safepoint: 147491 ns, At safepoint: 6955 ns, Total: 154446 ns
[2022-07-04T11:06:10.646+0000][8][safepoint   ] Safepoint "Cleanup", Time since last: 1002422638 ns, Reaching safepoint: 743828 ns, At safepoint: 37303 ns, Total: 781131 ns
[2022-07-04T11:06:12.627+0000][8][safepoint   ] Safepoint "Cleanup", Time since last: 2002950845 ns, Reaching safepoint: 213350 ns, At safepoint: 10367 ns, Total: 223717 ns
[2022-07-04T11:06:18.649+0000][8][safepoint   ] Safepoint "Cleanup", Time since last: 6021332548 ns, Reaching safepoint: 187890 ns, At safepoint: 9837 ns, Total: 197727 ns
[2022-07-04T11:06:24.657+0000][8][safepoint   ] Safepoint "Cleanup", Time since last: 6007817404 ns, Reaching safepoint: 110635 ns, At safepoint: 9372 ns, Total: 120007 ns
[2022-07-04T11:06:51.576+0000][8][gc,start    ] GC(47) Pause Young (Normal) (G1 Evacuation Pause)
[2022-07-04T11:06:51.577+0000][8][gc,task     ] GC(47) Using 4 workers of 4 for evacuation
[2022-07-04T11:06:51.578+0000][8][gc,age      ] GC(47) Desired survivor size 20971520 bytes, new threshold 15 (max threshold 15)
[2022-07-04T11:06:51.589+0000][8][gc,phases   ] GC(47)   Pre Evacuate Collection Set: 0.1ms
[2022-07-04T11:06:51.590+0000][8][gc,phases   ] GC(47)   Merge Heap Roots: 0.0ms
[2022-07-04T11:06:51.590+0000][8][gc,phases   ] GC(47)   Evacuate Collection Set: 8.9ms
[2022-07-04T11:06:51.591+0000][8][gc,phases   ] GC(47)   Post Evacuate Collection Set: 1.5ms
[2022-07-04T11:06:51.592+0000][8][gc,phases   ] GC(47)   Other: 1.5ms
[2022-07-04T11:06:51.592+0000][8][gc,age      ] GC(47) Age table with threshold 15 (max threshold 15)
[2022-07-04T11:06:51.593+0000][8][gc,age      ] GC(47) - age   1:    1493584 bytes,    1493584 total
[2022-07-04T11:06:51.594+0000][8][gc,age      ] GC(47) - age   2:    1162952 bytes,    2656536 total
[2022-07-04T11:06:51.594+0000][8][gc,age      ] GC(47) - age   3:       8160 bytes,    2664696 total
[2022-07-04T11:06:51.595+0000][8][gc,age      ] GC(47) - age   4:       1752 bytes,    2666448 total
[2022-07-04T11:06:51.595+0000][8][gc,age      ] GC(47) - age   5:       1960 bytes,    2668408 total
[2022-07-04T11:06:51.596+0000][8][gc,age      ] GC(47) - age   6:       2608 bytes,    2671016 total
[2022-07-04T11:06:51.596+0000][8][gc,age      ] GC(47) - age   7:       5280 bytes,    2676296 total
[2022-07-04T11:06:51.598+0000][8][gc,age      ] GC(47) - age   8:       3216 bytes,    2679512 total
[2022-07-04T11:06:51.598+0000][8][gc,age      ] GC(47) - age   9:       5864 bytes,    2685376 total
[2022-07-04T11:06:51.599+0000][8][gc,age      ] GC(47) - age  10:       5120 bytes,    2690496 total
[2022-07-04T11:06:51.600+0000][8][gc,age      ] GC(47) - age  11:       4544 bytes,    2695040 total
[2022-07-04T11:06:51.601+0000][8][gc,age      ] GC(47) - age  12:       1680 bytes,    2696720 total
[2022-07-04T11:06:51.601+0000][8][gc,age      ] GC(47) - age  13:       5832 bytes,    2702552 total
[2022-07-04T11:06:51.602+0000][8][gc,age      ] GC(47) - age  14:        424 bytes,    2702976 total
[2022-07-04T11:06:51.602+0000][8][gc,age      ] GC(47) - age  15:       9768 bytes,    2712744 total
[2022-07-04T11:06:51.603+0000][8][gc,heap     ] GC(47) Eden regions: 75->0(75)
[2022-07-04T11:06:51.604+0000][8][gc,heap     ] GC(47) Survivor regions: 1->1(10)
[2022-07-04T11:06:51.605+0000][8][gc,heap     ] GC(47) Old regions: 21->21
[2022-07-04T11:06:51.606+0000][8][gc,heap     ] GC(47) Archive regions: 2->2
[2022-07-04T11:06:51.606+0000][8][gc,heap     ] GC(47) Humongous regions: 0->0
[2022-07-04T11:06:51.607+0000][8][gc,metaspace] GC(47) Metaspace: 127204K(130560K)->127204K(130560K) NonClass: 110414K(112128K)->110414K(112128K) Class: 16790K(18432K)->16790K(18432K)
[2022-07-04T11:06:51.608+0000][8][gc          ] GC(47) Pause Young (Normal) (G1 Evacuation Pause) 388M->89M(512M) 31.519ms
[2022-07-04T11:06:51.608+0000][8][gc,cpu      ] GC(47) User=0.02s Sys=0.00s Real=0.03s
[2022-07-04T11:06:51.609+0000][8][safepoint   ] Safepoint "G1CollectForAllocation", Time since last: 26940012487 ns, Reaching safepoint: 55788 ns, At safepoint: 32708888 ns, Total: 32764676 ns
[2022-07-04T11:07:03.623+0000][8][safepoint   ] Safepoint "Cleanup", Time since last: 12014035717 ns, Reaching safepoint: 167672 ns, At safepoint: 7252 ns, Total: 174924 ns
[2022-07-04T11:07:09.632+0000][8][safepoint   ] Safepoint "Cleanup", Time since last: 6009167438 ns, Reaching safepoint: 204129 ns, At safepoint: 7041 ns, Total: 211170 ns
[2022-07-04T11:07:12.614+0000][8][safepoint   ] Safepoint "Cleanup", Time since last: 3004133982 ns, Reaching safepoint: 312455 ns, At safepoint: 11432 ns, Total: 323887 ns
[2022-07-04T11:07:14.622+0000][8][safepoint   ] Safepoint "Cleanup", Time since last: 2007608413 ns, Reaching safepoint: 292261 ns, At safepoint: 22090 ns, Total: 314351 ns
[2022-07-04T11:07:15.627+0000][8][safepoint   ] Safepoint "Cleanup", Time since last: 1004319339 ns, Reaching safepoint: 193473 ns, At safepoint: 7492 ns, Total: 200965 ns
[2022-07-04T11:07:21.637+0000][8][safepoint   ] Safepoint "Cleanup", Time since last: 6009793695 ns, Reaching safepoint: 169897 ns, At safepoint: 15259 ns, Total: 185156 ns
[2022-07-04T11:07:33.653+0000][8][safepoint   ] Safepoint "Cleanup", Time since last: 12016310461 ns, Reaching safepoint: 361426 ns, At safepoint: 15400 ns, Total: 376826 ns
[2022-07-04T11:07:36.656+0000][8][safepoint   ] Safepoint "Cleanup", Time since last: 3003023608 ns, Reaching safepoint: 101845 ns, At safepoint: 6930 ns, Total: 108775 ns
[2022-07-04T11:07:39.661+0000][8][safepoint   ] Safepoint "Cleanup", Time since last: 3004254789 ns, Reaching safepoint: 148113 ns, At safepoint: 10272 ns, Total: 158385 ns
[2022-07-04T11:07:42.645+0000][8][safepoint   ] Safepoint "Cleanup", Time since last: 3004780799 ns, Reaching safepoint: 204961 ns, At safepoint: 73765 ns, Total: 278726 ns
[2022-07-04T11:07:45.658+0000][8][safepoint   ] Safepoint "Cleanup", Time since last: 3013319594 ns, Reaching safepoint: 137568 ns, At safepoint: 11528 ns, Total: 149096 ns
[2022-07-04T11:07:54.670+0000][8][safepoint   ] Safepoint "Cleanup", Time since last: 9011802926 ns, Reaching safepoint: 268644 ns, At safepoint: 6805 ns, Total: 275449 ns
[2022-07-04T11:08:03.680+0000][8][safepoint   ] Safepoint "Cleanup", Time since last: 9008779373 ns, Reaching safepoint: 310796 ns, At safepoint: 15167 ns, Total: 325963 ns
[2022-07-04T11:08:12.673+0000][8][safepoint   ] Safepoint "Cleanup", Time since last: 9012497693 ns, Reaching safepoint: 252556 ns, At safepoint: 18140 ns, Total: 270696 ns
[2022-07-04T11:08:21.689+0000][8][safepoint   ] Safepoint "Cleanup", Time since last: 9015744812 ns, Reaching safepoint: 260019 ns, At safepoint: 19772 ns, Total: 279791 ns
[2022-07-04T11:08:33.700+0000][8][safepoint   ] Safepoint "Cleanup", Time since last: 12011183553 ns, Reaching safepoint: 94755 ns, At safepoint: 4639 ns, Total: 99394 ns
[2022-07-04T11:08:45.688+0000][8][safepoint   ] Safepoint "Cleanup", Time since last: 12010832666 ns, Reaching safepoint: 105211 ns, At safepoint: 5117 ns, Total: 110328 ns
[2022-07-04T11:08:48.691+0000][8][safepoint   ] Safepoint "Cleanup", Time since last: 3002796242 ns, Reaching safepoint: 107025 ns, At safepoint: 5442 ns, Total: 112467 ns
[2022-07-04T11:08:50.997+0000][8][gc,start    ] GC(48) Pause Young (Normal) (G1 Evacuation Pause)
[2022-07-04T11:08:50.998+0000][8][gc,task     ] GC(48) Using 4 workers of 4 for evacuation
[2022-07-04T11:08:50.999+0000][8][gc,age      ] GC(48) Desired survivor size 20971520 bytes, new threshold 15 (max threshold 15)
[2022-07-04T11:08:51.007+0000][8][gc,phases   ] GC(48)   Pre Evacuate Collection Set: 0.1ms
[2022-07-04T11:08:51.008+0000][8][gc,phases   ] GC(48)   Merge Heap Roots: 0.1ms
[2022-07-04T11:08:51.008+0000][8][gc,phases   ] GC(48)   Evacuate Collection Set: 5.5ms
[2022-07-04T11:08:51.009+0000][8][gc,phases   ] GC(48)   Post Evacuate Collection Set: 1.2ms
[2022-07-04T11:08:51.010+0000][8][gc,phases   ] GC(48)   Other: 1.4ms
[2022-07-04T11:08:51.010+0000][8][gc,age      ] GC(48) Age table with threshold 15 (max threshold 15)
[2022-07-04T11:08:51.011+0000][8][gc,age      ] GC(48) - age   1:    1175776 bytes,    1175776 total
[2022-07-04T11:08:51.011+0000][8][gc,age      ] GC(48) - age   2:      87520 bytes,    1263296 total
[2022-07-04T11:08:51.012+0000][8][gc,age      ] GC(48) - age   3:    1154432 bytes,    2417728 total
[2022-07-04T11:08:51.013+0000][8][gc,age      ] GC(48) - age   4:       8160 bytes,    2425888 total
[2022-07-04T11:08:51.013+0000][8][gc,age      ] GC(48) - age   5:       1752 bytes,    2427640 total
[2022-07-04T11:08:51.014+0000][8][gc,age      ] GC(48) - age   6:       1864 bytes,    2429504 total
[2022-07-04T11:08:51.015+0000][8][gc,age      ] GC(48) - age   7:       2608 bytes,    2432112 total
[2022-07-04T11:08:51.016+0000][8][gc,age      ] GC(48) - age   8:       5280 bytes,    2437392 total
[2022-07-04T11:08:51.016+0000][8][gc,age      ] GC(48) - age   9:       3032 bytes,    2440424 total
[2022-07-04T11:08:51.016+0000][8][gc,age      ] GC(48) - age  10:       5864 bytes,    2446288 total
[2022-07-04T11:08:51.017+0000][8][gc,age      ] GC(48) - age  11:       5120 bytes,    2451408 total
[2022-07-04T11:08:51.018+0000][8][gc,age      ] GC(48) - age  12:       4544 bytes,    2455952 total
[2022-07-04T11:08:51.019+0000][8][gc,age      ] GC(48) - age  13:       1680 bytes,    2457632 total
[2022-07-04T11:08:51.020+0000][8][gc,age      ] GC(48) - age  14:       5832 bytes,    2463464 total
[2022-07-04T11:08:51.021+0000][8][gc,age      ] GC(48) - age  15:        424 bytes,    2463888 total
[2022-07-04T11:08:51.022+0000][8][gc,heap     ] GC(48) Eden regions: 75->0(75)
[2022-07-04T11:08:51.022+0000][8][gc,heap     ] GC(48) Survivor regions: 1->1(10)
[2022-07-04T11:08:51.023+0000][8][gc,heap     ] GC(48) Old regions: 21->21
[2022-07-04T11:08:51.023+0000][8][gc,heap     ] GC(48) Archive regions: 2->2
[2022-07-04T11:08:51.024+0000][8][gc,heap     ] GC(48) Humongous regions: 0->0
[2022-07-04T11:08:51.024+0000][8][gc,metaspace] GC(48) Metaspace: 127217K(130560K)->127217K(130560K) NonClass: 110425K(112128K)->110425K(112128K) Class: 16791K(18432K)->16791K(18432K)
[2022-07-04T11:08:51.025+0000][8][gc          ] GC(48) Pause Young (Normal) (G1 Evacuation Pause) 389M->89M(512M) 27.978ms
[2022-07-04T11:08:51.026+0000][8][gc,cpu      ] GC(48) User=0.01s Sys=0.01s Real=0.03s
[2022-07-04T11:08:51.027+0000][8][safepoint   ] Safepoint "G1CollectForAllocation", Time since last: 2306653897 ns, Reaching safepoint: 76674 ns, At safepoint: 29207347 ns, Total: 29284021 ns
[2022-07-04T11:09:04.046+0000][8][safepoint   ] Safepoint "Cleanup", Time since last: 13018830798 ns, Reaching safepoint: 203397 ns, At safepoint: 11366 ns, Total: 214763 ns
[2022-07-04T11:09:09.050+0000][8][safepoint   ] Safepoint "Cleanup", Time since last: 5003829311 ns, Reaching safepoint: 279212 ns, At safepoint: 10306 ns, Total: 289518 ns
[2022-07-04T11:09:13.032+0000][8][safepoint   ] Safepoint "Cleanup", Time since last: 4004289786 ns, Reaching safepoint: 160845 ns, At safepoint: 11380 ns, Total: 172225 ns
[2022-07-04T11:09:22.041+0000][8][safepoint   ] Safepoint "Cleanup", Time since last: 9008872950 ns, Reaching safepoint: 135941 ns, At safepoint: 8933 ns, Total: 144874 ns
[2022-07-04T11:09:33.053+0000][8][safepoint   ] Safepoint "Cleanup", Time since last: 11011413665 ns, Reaching safepoint: 193116 ns, At safepoint: 5272 ns, Total: 198388 ns
[2022-07-04T11:09:49.045+0000][8][safepoint   ] Safepoint "Cleanup", Time since last: 16012988903 ns, Reaching safepoint: 161828 ns, At safepoint: 7287 ns, Total: 169115 ns
[2022-07-04T11:10:03.058+0000][8][safepoint   ] Safepoint "Cleanup", Time since last: 14012800990 ns, Reaching safepoint: 127429 ns, At safepoint: 5724 ns, Total: 133153 ns
[2022-07-04T11:10:10.065+0000][8][safepoint   ] Safepoint "Cleanup", Time since last: 7007247484 ns, Reaching safepoint: 511403 ns, At safepoint: 39091 ns, Total: 550494 ns
[2022-07-04T11:10:12.046+0000][8][safepoint   ] Safepoint "Cleanup", Time since last: 2002959893 ns, Reaching safepoint: 160735 ns, At safepoint: 13636 ns, Total: 174371 ns
[2022-07-04T11:10:27.060+0000][8][safepoint   ] Safepoint "Cleanup", Time since last: 15013613312 ns, Reaching safepoint: 249202 ns, At safepoint: 18726 ns, Total: 267928 ns
[2022-07-04T11:10:28.062+0000][8][safepoint   ] Safepoint "Cleanup", Time since last: 1001529043 ns, Reaching safepoint: 143055 ns, At safepoint: 8506 ns, Total: 151561 ns
[2022-07-04T11:10:29.064+0000][8][safepoint   ] Safepoint "Cleanup", Time since last: 1001912314 ns, Reaching safepoint: 261651 ns, At safepoint: 18252 ns, Total: 279903 ns
[2022-07-04T11:10:39.099+0000][8][gc,start    ] GC(49) Pause Young (Normal) (G1 Evacuation Pause)
[2022-07-04T11:10:39.102+0000][8][gc,task     ] GC(49) Using 4 workers of 4 for evacuation
[2022-07-04T11:10:39.103+0000][8][gc,age      ] GC(49) Desired survivor size 20971520 bytes, new threshold 15 (max threshold 15)
[2022-07-04T11:10:39.110+0000][8][gc,phases   ] GC(49)   Pre Evacuate Collection Set: 0.1ms
[2022-07-04T11:10:39.112+0000][8][gc,phases   ] GC(49)   Merge Heap Roots: 0.1ms
[2022-07-04T11:10:39.115+0000][8][gc,phases   ] GC(49)   Evacuate Collection Set: 3.2ms
[2022-07-04T11:10:39.117+0000][8][gc,phases   ] GC(49)   Post Evacuate Collection Set: 1.9ms
[2022-07-04T11:10:39.118+0000][8][gc,phases   ] GC(49)   Other: 3.2ms
[2022-07-04T11:10:39.119+0000][8][gc,age      ] GC(49) Age table with threshold 15 (max threshold 15)
[2022-07-04T11:10:39.121+0000][8][gc,age      ] GC(49) - age   1:    1172632 bytes,    1172632 total
[2022-07-04T11:10:39.122+0000][8][gc,age      ] GC(49) - age   2:      14016 bytes,    1186648 total
[2022-07-04T11:10:39.123+0000][8][gc,age      ] GC(49) - age   3:       5976 bytes,    1192624 total
[2022-07-04T11:10:39.125+0000][8][gc,age      ] GC(49) - age   4:     919656 bytes,    2112280 total
[2022-07-04T11:10:39.126+0000][8][gc,age      ] GC(49) - age   5:       8128 bytes,    2120408 total
[2022-07-04T11:10:39.127+0000][8][gc,age      ] GC(49) - age   6:       1752 bytes,    2122160 total
[2022-07-04T11:10:39.128+0000][8][gc,age      ] GC(49) - age   7:       1864 bytes,    2124024 total
[2022-07-04T11:10:39.130+0000][8][gc,age      ] GC(49) - age   8:       2608 bytes,    2126632 total
[2022-07-04T11:10:39.133+0000][8][gc,age      ] GC(49) - age   9:       5280 bytes,    2131912 total
[2022-07-04T11:10:39.135+0000][8][gc,age      ] GC(49) - age  10:       3032 bytes,    2134944 total
[2022-07-04T11:10:39.137+0000][8][gc,age      ] GC(49) - age  11:       5864 bytes,    2140808 total
[2022-07-04T11:10:39.141+0000][8][gc,age      ] GC(49) - age  12:       5120 bytes,    2145928 total
[2022-07-04T11:10:39.142+0000][8][gc,age      ] GC(49) - age  13:       4544 bytes,    2150472 total
[2022-07-04T11:10:39.144+0000][8][gc,age      ] GC(49) - age  14:       1680 bytes,    2152152 total
[2022-07-04T11:10:39.146+0000][8][gc,age      ] GC(49) - age  15:       5832 bytes,    2157984 total
[2022-07-04T11:10:39.148+0000][8][gc,heap     ] GC(49) Eden regions: 75->0(75)
[2022-07-04T11:10:39.150+0000][8][gc,heap     ] GC(49) Survivor regions: 1->1(10)
[2022-07-04T11:10:39.151+0000][8][gc,heap     ] GC(49) Old regions: 21->21
[2022-07-04T11:10:39.154+0000][8][gc,heap     ] GC(49) Archive regions: 2->2
[2022-07-04T11:10:39.155+0000][8][gc,heap     ] GC(49) Humongous regions: 0->0
[2022-07-04T11:10:39.156+0000][8][gc,metaspace] GC(49) Metaspace: 127228K(130560K)->127228K(130560K) NonClass: 110435K(112128K)->110435K(112128K) Class: 16792K(18432K)->16792K(18432K)
[2022-07-04T11:10:39.157+0000][8][gc          ] GC(49) Pause Young (Normal) (G1 Evacuation Pause) 389M->89M(512M) 57.554ms
[2022-07-04T11:10:39.157+0000][8][gc,cpu      ] GC(49) User=0.01s Sys=0.00s Real=0.06s
[2022-07-04T11:10:39.158+0000][8][safepoint   ] Safepoint "G1CollectForAllocation", Time since last: 10034728454 ns, Reaching safepoint: 227211 ns, At safepoint: 59164850 ns, Total: 59392061 ns
[2022-07-04T11:10:45.145+0000][8][safepoint   ] Safepoint "Cleanup", Time since last: 6007618900 ns, Reaching safepoint: 509200 ns, At safepoint: 18780 ns, Total: 527980 ns
[2022-07-04T11:11:03.166+0000][8][safepoint   ] Safepoint "Cleanup", Time since last: 18021062234 ns, Reaching safepoint: 234658 ns, At safepoint: 11350 ns, Total: 246008 ns
[2022-07-04T11:11:27.165+0000][8][safepoint   ] Safepoint "Cleanup", Time since last: 24020298048 ns, Reaching safepoint: 159571 ns, At safepoint: 5570 ns, Total: 165141 ns
[2022-07-04T11:11:32.172+0000][8][safepoint   ] Safepoint "Cleanup", Time since last: 5006495304 ns, Reaching safepoint: 392164 ns, At safepoint: 22591 ns, Total: 414755 ns
[2022-07-04T11:11:45.165+0000][8][safepoint   ] Safepoint "Cleanup", Time since last: 13014445280 ns, Reaching safepoint: 221269 ns, At safepoint: 9503 ns, Total: 230772 ns
[2022-07-04T11:12:06.192+0000][8][safepoint   ] Safepoint "Cleanup", Time since last: 21027036642 ns, Reaching safepoint: 134613 ns, At safepoint: 5128 ns, Total: 139741 ns
[2022-07-04T11:12:12.177+0000][8][safepoint   ] Safepoint "Cleanup", Time since last: 6005712182 ns, Reaching safepoint: 644884 ns, At safepoint: 30509 ns, Total: 675393 ns
[2022-07-04T11:12:15.183+0000][8][safepoint   ] Safepoint "Cleanup", Time since last: 3005394756 ns, Reaching safepoint: 169446 ns, At safepoint: 12864 ns, Total: 182310 ns
[2022-07-04T11:12:21.191+0000][8][safepoint   ] Safepoint "Cleanup", Time since last: 6007902404 ns, Reaching safepoint: 118263 ns, At safepoint: 4627 ns, Total: 122890 ns
[2022-07-04T11:12:23.194+0000][8][safepoint   ] Safepoint "Cleanup", Time since last: 2002484124 ns, Reaching safepoint: 121015 ns, At safepoint: 5449 ns, Total: 126464 ns
[2022-07-04T11:12:24.196+0000][8][safepoint   ] Safepoint "Cleanup", Time since last: 1002246864 ns, Reaching safepoint: 140145 ns, At safepoint: 9909 ns, Total: 150054 ns
[2022-07-04T11:12:27.200+0000][8][safepoint   ] Safepoint "Cleanup", Time since last: 3004310011 ns, Reaching safepoint: 142058 ns, At safepoint: 15343 ns, Total: 157401 ns
[2022-07-04T11:12:35.912+0000][8][gc,start    ] GC(50) Pause Young (Normal) (G1 Evacuation Pause)
[2022-07-04T11:12:35.913+0000][8][gc,task     ] GC(50) Using 4 workers of 4 for evacuation
[2022-07-04T11:12:35.914+0000][8][gc,age      ] GC(50) Desired survivor size 20971520 bytes, new threshold 15 (max threshold 15)
[2022-07-04T11:12:35.920+0000][8][gc,phases   ] GC(50)   Pre Evacuate Collection Set: 0.2ms
[2022-07-04T11:12:35.921+0000][8][gc,phases   ] GC(50)   Merge Heap Roots: 0.2ms
[2022-07-04T11:12:35.922+0000][8][gc,phases   ] GC(50)   Evacuate Collection Set: 4.1ms
[2022-07-04T11:12:35.922+0000][8][gc,phases   ] GC(50)   Post Evacuate Collection Set: 1.0ms
[2022-07-04T11:12:35.924+0000][8][gc,phases   ] GC(50)   Other: 1.7ms
[2022-07-04T11:12:35.924+0000][8][gc,age      ] GC(50) Age table with threshold 15 (max threshold 15)
[2022-07-04T11:12:35.925+0000][8][gc,age      ] GC(50) - age   1:    1445376 bytes,    1445376 total
[2022-07-04T11:12:35.926+0000][8][gc,age      ] GC(50) - age   2:     126752 bytes,    1572128 total
[2022-07-04T11:12:35.927+0000][8][gc,age      ] GC(50) - age   3:      12336 bytes,    1584464 total
[2022-07-04T11:12:35.928+0000][8][gc,age      ] GC(50) - age   4:       5784 bytes,    1590248 total
[2022-07-04T11:12:35.928+0000][8][gc,age      ] GC(50) - age   5:     919248 bytes,    2509496 total
[2022-07-04T11:12:35.929+0000][8][gc,age      ] GC(50) - age   6:       8128 bytes,    2517624 total
[2022-07-04T11:12:35.930+0000][8][gc,age      ] GC(50) - age   7:       1720 bytes,    2519344 total
[2022-07-04T11:12:35.931+0000][8][gc,age      ] GC(50) - age   8:       1864 bytes,    2521208 total
[2022-07-04T11:12:35.932+0000][8][gc,age      ] GC(50) - age   9:       2608 bytes,    2523816 total
[2022-07-04T11:12:35.932+0000][8][gc,age      ] GC(50) - age  10:       5280 bytes,    2529096 total
[2022-07-04T11:12:35.933+0000][8][gc,age      ] GC(50) - age  11:       2928 bytes,    2532024 total
[2022-07-04T11:12:35.933+0000][8][gc,age      ] GC(50) - age  12:       5864 bytes,    2537888 total
[2022-07-04T11:12:35.934+0000][8][gc,age      ] GC(50) - age  13:       5120 bytes,    2543008 total
[2022-07-04T11:12:35.934+0000][8][gc,age      ] GC(50) - age  14:       4544 bytes,    2547552 total
[2022-07-04T11:12:35.935+0000][8][gc,age      ] GC(50) - age  15:       1680 bytes,    2549232 total
[2022-07-04T11:12:35.935+0000][8][gc,heap     ] GC(50) Eden regions: 75->0(75)
[2022-07-04T11:12:35.936+0000][8][gc,heap     ] GC(50) Survivor regions: 1->1(10)
[2022-07-04T11:12:35.936+0000][8][gc,heap     ] GC(50) Old regions: 21->21
[2022-07-04T11:12:35.937+0000][8][gc,heap     ] GC(50) Archive regions: 2->2
[2022-07-04T11:12:35.938+0000][8][gc,heap     ] GC(50) Humongous regions: 0->0
[2022-07-04T11:12:35.938+0000][8][gc,metaspace] GC(50) Metaspace: 127255K(130624K)->127255K(130624K) NonClass: 110460K(112192K)->110460K(112192K) Class: 16794K(18432K)->16794K(18432K)
[2022-07-04T11:12:35.939+0000][8][gc          ] GC(50) Pause Young (Normal) (G1 Evacuation Pause) 389M->89M(512M) 26.513ms
[2022-07-04T11:12:35.939+0000][8][gc,cpu      ] GC(50) User=0.01s Sys=0.00s Real=0.03s
[2022-07-04T11:12:35.940+0000][8][safepoint   ] Safepoint "G1CollectForAllocation", Time since last: 8711604008 ns, Reaching safepoint: 76926 ns, At safepoint: 27830799 ns, Total: 27907725 ns
[2022-07-04T11:12:42.926+0000][8][safepoint   ] Safepoint "Cleanup", Time since last: 7006749665 ns, Reaching safepoint: 357873 ns, At safepoint: 5678 ns, Total: 363551 ns
[2022-07-04T11:12:51.933+0000][8][safepoint   ] Safepoint "Cleanup", Time since last: 9007231819 ns, Reaching safepoint: 411435 ns, At safepoint: 130990 ns, Total: 542425 ns
[2022-07-04T11:13:06.943+0000][8][safepoint   ] Safepoint "Cleanup", Time since last: 15009822014 ns, Reaching safepoint: 128929 ns, At safepoint: 14642 ns, Total: 143571 ns
[2022-07-04T11:13:11.927+0000][8][safepoint   ] Safepoint "Cleanup", Time since last: 5005275034 ns, Reaching safepoint: 129059 ns, At safepoint: 4720 ns, Total: 133779 ns
[2022-07-04T11:13:14.930+0000][8][safepoint   ] Safepoint "Cleanup", Time since last: 3002314777 ns, Reaching safepoint: 103926 ns, At safepoint: 8198 ns, Total: 112124 ns
[2022-07-04T11:13:22.143+0000][8][safepoint   ] Safepoint "Cleanup", Time since last: 7212640234 ns, Reaching safepoint: 177847 ns, At safepoint: 14570 ns, Total: 192417 ns
[2022-07-04T11:13:24.149+0000][8][safepoint   ] Safepoint "Cleanup", Time since last: 2005824851 ns, Reaching safepoint: 230862 ns, At safepoint: 84313 ns, Total: 315175 ns
[2022-07-04T11:13:25.151+0000][8][safepoint   ] Safepoint "Cleanup", Time since last: 1002441812 ns, Reaching safepoint: 238123 ns, At safepoint: 16269 ns, Total: 254392 ns
[2022-07-04T11:13:30.158+0000][8][safepoint   ] Safepoint "Cleanup", Time since last: 5006662357 ns, Reaching safepoint: 138496 ns, At safepoint: 8973 ns, Total: 147469 ns
[2022-07-04T11:13:35.163+0000][8][safepoint   ] Safepoint "Cleanup", Time since last: 5004206661 ns, Reaching safepoint: 95719 ns, At safepoint: 4390 ns, Total: 100109 ns
[2022-07-04T11:13:42.152+0000][8][safepoint   ] Safepoint "Cleanup", Time since last: 7011099185 ns, Reaching safepoint: 84165 ns, At safepoint: 4716 ns, Total: 88881 ns
[2022-07-04T11:13:45.158+0000][8][safepoint   ] Safepoint "Cleanup", Time since last: 3005885488 ns, Reaching safepoint: 159383 ns, At safepoint: 10788 ns, Total: 170171 ns
[2022-07-04T11:14:06.182+0000][8][safepoint   ] Safepoint "Cleanup", Time since last: 21023600681 ns, Reaching safepoint: 205536 ns, At safepoint: 15728 ns, Total: 221264 ns
[2022-07-04T11:14:09.185+0000][8][safepoint   ] Safepoint "Cleanup", Time since last: 3003090387 ns, Reaching safepoint: 66609 ns, At safepoint: 4883 ns, Total: 71492 ns
[2022-07-04T11:14:14.854+0000][8][gc,start    ] GC(51) Pause Young (Normal) (G1 Evacuation Pause)
[2022-07-04T11:14:14.855+0000][8][gc,task     ] GC(51) Using 4 workers of 4 for evacuation
[2022-07-04T11:14:14.856+0000][8][gc,age      ] GC(51) Desired survivor size 20971520 bytes, new threshold 15 (max threshold 15)
[2022-07-04T11:14:14.864+0000][8][gc,phases   ] GC(51)   Pre Evacuate Collection Set: 0.1ms
[2022-07-04T11:14:14.866+0000][8][gc,phases   ] GC(51)   Merge Heap Roots: 0.0ms
[2022-07-04T11:14:14.866+0000][8][gc,phases   ] GC(51)   Evacuate Collection Set: 6.0ms
[2022-07-04T11:14:14.867+0000][8][gc,phases   ] GC(51)   Post Evacuate Collection Set: 1.0ms
[2022-07-04T11:14:14.868+0000][8][gc,phases   ] GC(51)   Other: 1.8ms
[2022-07-04T11:14:14.868+0000][8][gc,age      ] GC(51) Age table with threshold 15 (max threshold 15)
[2022-07-04T11:14:14.869+0000][8][gc,age      ] GC(51) - age   1:    1390664 bytes,    1390664 total
[2022-07-04T11:14:14.869+0000][8][gc,age      ] GC(51) - age   2:      28704 bytes,    1419368 total
[2022-07-04T11:14:14.870+0000][8][gc,age      ] GC(51) - age   3:     125808 bytes,    1545176 total
[2022-07-04T11:14:14.870+0000][8][gc,age      ] GC(51) - age   4:       4256 bytes,    1549432 total
[2022-07-04T11:14:14.871+0000][8][gc,age      ] GC(51) - age   5:       5784 bytes,    1555216 total
[2022-07-04T11:14:14.872+0000][8][gc,age      ] GC(51) - age   6:     917328 bytes,    2472544 total
[2022-07-04T11:14:14.872+0000][8][gc,age      ] GC(51) - age   7:       8128 bytes,    2480672 total
[2022-07-04T11:14:14.873+0000][8][gc,age      ] GC(51) - age   8:       1720 bytes,    2482392 total
[2022-07-04T11:14:14.873+0000][8][gc,age      ] GC(51) - age   9:       1864 bytes,    2484256 total
[2022-07-04T11:14:14.874+0000][8][gc,age      ] GC(51) - age  10:       2608 bytes,    2486864 total
[2022-07-04T11:14:14.874+0000][8][gc,age      ] GC(51) - age  11:       5280 bytes,    2492144 total
[2022-07-04T11:14:14.875+0000][8][gc,age      ] GC(51) - age  12:       2928 bytes,    2495072 total
[2022-07-04T11:14:14.876+0000][8][gc,age      ] GC(51) - age  13:       5864 bytes,    2500936 total
[2022-07-04T11:14:14.877+0000][8][gc,age      ] GC(51) - age  14:       5120 bytes,    2506056 total
[2022-07-04T11:14:14.878+0000][8][gc,age      ] GC(51) - age  15:       4544 bytes,    2510600 total
[2022-07-04T11:14:14.878+0000][8][gc,heap     ] GC(51) Eden regions: 75->0(75)
[2022-07-04T11:14:14.879+0000][8][gc,heap     ] GC(51) Survivor regions: 1->1(10)
[2022-07-04T11:14:14.880+0000][8][gc,heap     ] GC(51) Old regions: 21->21
[2022-07-04T11:14:14.881+0000][8][gc,heap     ] GC(51) Archive regions: 2->2
[2022-07-04T11:14:14.881+0000][8][gc,heap     ] GC(51) Humongous regions: 0->0
[2022-07-04T11:14:14.882+0000][8][gc,metaspace] GC(51) Metaspace: 127281K(130624K)->127281K(130624K) NonClass: 110486K(112192K)->110486K(112192K) Class: 16794K(18432K)->16794K(18432K)
[2022-07-04T11:14:14.883+0000][8][gc          ] GC(51) Pause Young (Normal) (G1 Evacuation Pause) 389M->89M(512M) 28.726ms
[2022-07-04T11:14:14.884+0000][8][gc,cpu      ] GC(51) User=0.01s Sys=0.00s Real=0.03s
[2022-07-04T11:14:14.885+0000][8][safepoint   ] Safepoint "G1CollectForAllocation", Time since last: 5690755853 ns, Reaching safepoint: 39194 ns, At safepoint: 30582467 ns, Total: 30621661 ns
[2022-07-04T11:14:32.905+0000][8][safepoint   ] Safepoint "Cleanup", Time since last: 18020003167 ns, Reaching safepoint: 154642 ns, At safepoint: 8521 ns, Total: 163163 ns
[2022-07-04T11:14:38.911+0000][8][safepoint   ] Safepoint "Cleanup", Time since last: 6005385674 ns, Reaching safepoint: 231993 ns, At safepoint: 13064 ns, Total: 245057 ns
[2022-07-04T11:14:41.893+0000][8][safepoint   ] Safepoint "Cleanup", Time since last: 3004440696 ns, Reaching safepoint: 189154 ns, At safepoint: 11217 ns, Total: 200371 ns
[2022-07-04T11:14:48.901+0000][8][safepoint   ] Safepoint "Cleanup", Time since last: 7007214156 ns, Reaching safepoint: 308206 ns, At safepoint: 12588 ns, Total: 320794 ns
[2022-07-04T11:14:56.911+0000][8][safepoint   ] Safepoint "Cleanup", Time since last: 8010050181 ns, Reaching safepoint: 92832 ns, At safepoint: 9185 ns, Total: 102017 ns
[2022-07-04T11:15:02.919+0000][8][safepoint   ] Safepoint "Cleanup", Time since last: 6008169582 ns, Reaching safepoint: 188347 ns, At safepoint: 9858 ns, Total: 198205 ns
[2022-07-04T11:15:11.907+0000][8][safepoint   ] Safepoint "Cleanup", Time since last: 9008966212 ns, Reaching safepoint: 243063 ns, At safepoint: 33048 ns, Total: 276111 ns
[2022-07-04T11:15:12.911+0000][8][safepoint   ] Safepoint "Cleanup", Time since last: 1003335664 ns, Reaching safepoint: 62137 ns, At safepoint: 4521 ns, Total: 66658 ns
[2022-07-04T11:15:20.918+0000][8][safepoint   ] Safepoint "Cleanup", Time since last: 8007164086 ns, Reaching safepoint: 111142 ns, At safepoint: 5338 ns, Total: 116480 ns
[2022-07-04T11:15:21.919+0000][8][safepoint   ] Safepoint "Cleanup", Time since last: 1001494672 ns, Reaching safepoint: 77918 ns, At safepoint: 4127 ns, Total: 82045 ns
[2022-07-04T11:15:38.831+0000][8][gc,start    ] GC(52) Pause Young (Normal) (G1 Evacuation Pause)
[2022-07-04T11:15:38.832+0000][8][gc,task     ] GC(52) Using 4 workers of 4 for evacuation
[2022-07-04T11:15:38.833+0000][8][gc,age      ] GC(52) Desired survivor size 20971520 bytes, new threshold 15 (max threshold 15)
[2022-07-04T11:15:38.838+0000][8][gc,phases   ] GC(52)   Pre Evacuate Collection Set: 0.2ms
[2022-07-04T11:15:38.839+0000][8][gc,phases   ] GC(52)   Merge Heap Roots: 0.0ms
[2022-07-04T11:15:38.839+0000][8][gc,phases   ] GC(52)   Evacuate Collection Set: 2.7ms
[2022-07-04T11:15:38.840+0000][8][gc,phases   ] GC(52)   Post Evacuate Collection Set: 1.0ms
[2022-07-04T11:15:38.840+0000][8][gc,phases   ] GC(52)   Other: 1.7ms
[2022-07-04T11:15:38.841+0000][8][gc,age      ] GC(52) Age table with threshold 15 (max threshold 15)
[2022-07-04T11:15:38.841+0000][8][gc,age      ] GC(52) - age   1:     512840 bytes,     512840 total
[2022-07-04T11:15:38.842+0000][8][gc,age      ] GC(52) - age   2:      18168 bytes,     531008 total
[2022-07-04T11:15:38.844+0000][8][gc,age      ] GC(52) - age   3:      27208 bytes,     558216 total
[2022-07-04T11:15:38.845+0000][8][gc,age      ] GC(52) - age   4:     125712 bytes,     683928 total
[2022-07-04T11:15:38.846+0000][8][gc,age      ] GC(52) - age   5:       4256 bytes,     688184 total
[2022-07-04T11:15:38.847+0000][8][gc,age      ] GC(52) - age   6:       5784 bytes,     693968 total
[2022-07-04T11:15:38.847+0000][8][gc,age      ] GC(52) - age   7:     917328 bytes,    1611296 total
[2022-07-04T11:15:38.848+0000][8][gc,age      ] GC(52) - age   8:       8128 bytes,    1619424 total
[2022-07-04T11:15:38.848+0000][8][gc,age      ] GC(52) - age   9:       1720 bytes,    1621144 total
[2022-07-04T11:15:38.849+0000][8][gc,age      ] GC(52) - age  10:       1864 bytes,    1623008 total
[2022-07-04T11:15:38.849+0000][8][gc,age      ] GC(52) - age  11:       2224 bytes,    1625232 total
[2022-07-04T11:15:38.850+0000][8][gc,age      ] GC(52) - age  12:       5280 bytes,    1630512 total
[2022-07-04T11:15:38.851+0000][8][gc,age      ] GC(52) - age  13:       2928 bytes,    1633440 total
[2022-07-04T11:15:38.852+0000][8][gc,age      ] GC(52) - age  14:       5864 bytes,    1639304 total
[2022-07-04T11:15:38.852+0000][8][gc,age      ] GC(52) - age  15:       5120 bytes,    1644424 total
[2022-07-04T11:15:38.853+0000][8][gc,heap     ] GC(52) Eden regions: 75->0(75)
[2022-07-04T11:15:38.853+0000][8][gc,heap     ] GC(52) Survivor regions: 1->1(10)
[2022-07-04T11:15:38.854+0000][8][gc,heap     ] GC(52) Old regions: 21->21
[2022-07-04T11:15:38.854+0000][8][gc,heap     ] GC(52) Archive regions: 2->2
[2022-07-04T11:15:38.855+0000][8][gc,heap     ] GC(52) Humongous regions: 0->0
[2022-07-04T11:15:38.855+0000][8][gc,metaspace] GC(52) Metaspace: 127288K(130624K)->127288K(130624K) NonClass: 110493K(112192K)->110493K(112192K) Class: 16795K(18432K)->16795K(18432K)
[2022-07-04T11:15:38.856+0000][8][gc          ] GC(52) Pause Young (Normal) (G1 Evacuation Pause) 389M->89M(512M) 24.841ms
[2022-07-04T11:15:38.857+0000][8][gc,cpu      ] GC(52) User=0.01s Sys=0.00s Real=0.03s
[2022-07-04T11:15:38.857+0000][8][safepoint   ] Safepoint "G1CollectForAllocation", Time since last: 16911871105 ns, Reaching safepoint: 58185 ns, At safepoint: 25912742 ns, Total: 25970927 ns
[2022-07-04T11:15:42.838+0000][8][safepoint   ] Safepoint "Cleanup", Time since last: 4003727196 ns, Reaching safepoint: 131393 ns, At safepoint: 4622 ns, Total: 136015 ns
[2022-07-04T11:15:57.850+0000][8][safepoint   ] Safepoint "Cleanup", Time since last: 15011554536 ns, Reaching safepoint: 465709 ns, At safepoint: 45478 ns, Total: 511187 ns
[2022-07-04T11:16:03.865+0000][8][safepoint   ] Safepoint "Cleanup", Time since last: 6014759089 ns, Reaching safepoint: 114827 ns, At safepoint: 4637 ns, Total: 119464 ns
[2022-07-04T11:16:12.851+0000][8][safepoint   ] Safepoint "Cleanup", Time since last: 9005409588 ns, Reaching safepoint: 211144 ns, At safepoint: 9007 ns, Total: 220151 ns
[2022-07-04T11:16:18.856+0000][8][safepoint   ] Safepoint "Cleanup", Time since last: 6004853157 ns, Reaching safepoint: 120751 ns, At safepoint: 13986 ns, Total: 134737 ns
[2022-07-04T11:16:21.873+0000][8][safepoint   ] Safepoint "Cleanup", Time since last: 3017100230 ns, Reaching safepoint: 93024 ns, At safepoint: 44295 ns, Total: 137319 ns
[2022-07-04T11:16:46.881+0000][8][safepoint   ] Safepoint "Cleanup", Time since last: 25030001398 ns, Reaching safepoint: 229152 ns, At safepoint: 24938 ns, Total: 254090 ns
[2022-07-04T11:17:11.896+0000][8][safepoint   ] Safepoint "Cleanup", Time since last: 25035903868 ns, Reaching safepoint: 317781 ns, At safepoint: 31678 ns, Total: 349459 ns
[2022-07-04T11:17:29.914+0000][8][safepoint   ] Safepoint "Cleanup", Time since last: 18017940354 ns, Reaching safepoint: 240332 ns, At safepoint: 10679 ns, Total: 251011 ns
[2022-07-04T11:17:32.813+0000][8][gc,start    ] GC(53) Pause Young (Normal) (G1 Evacuation Pause)
[2022-07-04T11:17:32.814+0000][8][gc,task     ] GC(53) Using 4 workers of 4 for evacuation
[2022-07-04T11:17:32.815+0000][8][gc,age      ] GC(53) Desired survivor size 20971520 bytes, new threshold 15 (max threshold 15)
[2022-07-04T11:17:32.820+0000][8][gc,phases   ] GC(53)   Pre Evacuate Collection Set: 0.1ms
[2022-07-04T11:17:32.821+0000][8][gc,phases   ] GC(53)   Merge Heap Roots: 0.1ms
[2022-07-04T11:17:32.822+0000][8][gc,phases   ] GC(53)   Evacuate Collection Set: 3.3ms
[2022-07-04T11:17:32.823+0000][8][gc,phases   ] GC(53)   Post Evacuate Collection Set: 1.1ms
[2022-07-04T11:17:32.824+0000][8][gc,phases   ] GC(53)   Other: 1.4ms
[2022-07-04T11:17:32.824+0000][8][gc,age      ] GC(53) Age table with threshold 15 (max threshold 15)
[2022-07-04T11:17:32.825+0000][8][gc,age      ] GC(53) - age   1:    1321624 bytes,    1321624 total
[2022-07-04T11:17:32.826+0000][8][gc,age      ] GC(53) - age   2:       3056 bytes,    1324680 total
[2022-07-04T11:17:32.826+0000][8][gc,age      ] GC(53) - age   3:       8704 bytes,    1333384 total
[2022-07-04T11:17:32.827+0000][8][gc,age      ] GC(53) - age   4:      26912 bytes,    1360296 total
[2022-07-04T11:17:32.827+0000][8][gc,age      ] GC(53) - age   5:     117696 bytes,    1477992 total
[2022-07-04T11:17:32.829+0000][8][gc,age      ] GC(53) - age   6:       4256 bytes,    1482248 total
[2022-07-04T11:17:32.829+0000][8][gc,age      ] GC(53) - age   7:       5784 bytes,    1488032 total
[2022-07-04T11:17:32.830+0000][8][gc,age      ] GC(53) - age   8:     917328 bytes,    2405360 total
[2022-07-04T11:17:32.830+0000][8][gc,age      ] GC(53) - age   9:       8128 bytes,    2413488 total
[2022-07-04T11:17:32.831+0000][8][gc,age      ] GC(53) - age  10:       1720 bytes,    2415208 total
[2022-07-04T11:17:32.832+0000][8][gc,age      ] GC(53) - age  11:       1864 bytes,    2417072 total
[2022-07-04T11:17:32.832+0000][8][gc,age      ] GC(53) - age  12:       2224 bytes,    2419296 total
[2022-07-04T11:17:32.833+0000][8][gc,age      ] GC(53) - age  13:       5280 bytes,    2424576 total
[2022-07-04T11:17:32.833+0000][8][gc,age      ] GC(53) - age  14:       2928 bytes,    2427504 total
[2022-07-04T11:17:32.834+0000][8][gc,age      ] GC(53) - age  15:       5864 bytes,    2433368 total
[2022-07-04T11:17:32.835+0000][8][gc,heap     ] GC(53) Eden regions: 75->0(75)
[2022-07-04T11:17:32.835+0000][8][gc,heap     ] GC(53) Survivor regions: 1->1(10)
[2022-07-04T11:17:32.836+0000][8][gc,heap     ] GC(53) Old regions: 21->21
[2022-07-04T11:17:32.838+0000][8][gc,heap     ] GC(53) Archive regions: 2->2
[2022-07-04T11:17:32.840+0000][8][gc,heap     ] GC(53) Humongous regions: 0->0
[2022-07-04T11:17:32.841+0000][8][gc,metaspace] GC(53) Metaspace: 127293K(130624K)->127293K(130624K) NonClass: 110498K(112192K)->110498K(112192K) Class: 16795K(18432K)->16795K(18432K)
[2022-07-04T11:17:32.842+0000][8][gc          ] GC(53) Pause Young (Normal) (G1 Evacuation Pause) 389M->89M(512M) 29.211ms
[2022-07-04T11:17:32.843+0000][8][gc,cpu      ] GC(53) User=0.02s Sys=0.00s Real=0.03s
[2022-07-04T11:17:32.844+0000][8][safepoint   ] Safepoint "G1CollectForAllocation", Time since last: 2898733191 ns, Reaching safepoint: 88287 ns, At safepoint: 30994556 ns, Total: 31082843 ns
[2022-07-04T11:18:12.838+0000][8][safepoint   ] Safepoint "Cleanup", Time since last: 40037338029 ns, Reaching safepoint: 173085 ns, At safepoint: 7608 ns, Total: 180693 ns
[2022-07-04T11:18:27.855+0000][8][safepoint   ] Safepoint "Cleanup", Time since last: 15017371454 ns, Reaching safepoint: 88698 ns, At safepoint: 3109 ns, Total: 91807 ns
[2022-07-04T11:18:45.854+0000][8][safepoint   ] Safepoint "Cleanup", Time since last: 18019950877 ns, Reaching safepoint: 240870 ns, At safepoint: 16711 ns, Total: 257581 ns
[2022-07-04T11:19:11.879+0000][8][safepoint   ] Safepoint "Cleanup", Time since last: 26044732909 ns, Reaching safepoint: 177778 ns, At safepoint: 10627 ns, Total: 188405 ns
[2022-07-04T11:19:14.886+0000][8][safepoint   ] Safepoint "Cleanup", Time since last: 3006749876 ns, Reaching safepoint: 136841 ns, At safepoint: 12590 ns, Total: 149431 ns
[2022-07-04T11:19:23.743+0000][8][gc,start    ] GC(54) Pause Young (Normal) (G1 Evacuation Pause)
[2022-07-04T11:19:23.745+0000][8][gc,task     ] GC(54) Using 4 workers of 4 for evacuation
[2022-07-04T11:19:23.745+0000][8][gc,age      ] GC(54) Desired survivor size 20971520 bytes, new threshold 15 (max threshold 15)
[2022-07-04T11:19:23.754+0000][8][gc,phases   ] GC(54)   Pre Evacuate Collection Set: 0.8ms
[2022-07-04T11:19:23.754+0000][8][gc,phases   ] GC(54)   Merge Heap Roots: 0.2ms
[2022-07-04T11:19:23.755+0000][8][gc,phases   ] GC(54)   Evacuate Collection Set: 3.2ms
[2022-07-04T11:19:23.756+0000][8][gc,phases   ] GC(54)   Post Evacuate Collection Set: 1.1ms
[2022-07-04T11:19:23.756+0000][8][gc,phases   ] GC(54)   Other: 3.9ms
[2022-07-04T11:19:23.757+0000][8][gc,age      ] GC(54) Age table with threshold 15 (max threshold 15)
[2022-07-04T11:19:23.757+0000][8][gc,age      ] GC(54) - age   1:     760720 bytes,     760720 total
[2022-07-04T11:19:23.758+0000][8][gc,age      ] GC(54) - age   2:      23408 bytes,     784128 total
[2022-07-04T11:19:23.759+0000][8][gc,age      ] GC(54) - age   3:       2648 bytes,     786776 total
[2022-07-04T11:19:23.760+0000][8][gc,age      ] GC(54) - age   4:       8704 bytes,     795480 total
[2022-07-04T11:19:23.761+0000][8][gc,age      ] GC(54) - age   5:      26552 bytes,     822032 total
[2022-07-04T11:19:23.761+0000][8][gc,age      ] GC(54) - age   6:     117400 bytes,     939432 total
[2022-07-04T11:19:23.762+0000][8][gc,age      ] GC(54) - age   7:       4256 bytes,     943688 total
[2022-07-04T11:19:23.764+0000][8][gc,age      ] GC(54) - age   8:       5784 bytes,     949472 total
[2022-07-04T11:19:23.764+0000][8][gc,age      ] GC(54) - age   9:     916904 bytes,    1866376 total
[2022-07-04T11:19:23.765+0000][8][gc,age      ] GC(54) - age  10:       8128 bytes,    1874504 total
[2022-07-04T11:19:23.766+0000][8][gc,age      ] GC(54) - age  11:       1720 bytes,    1876224 total
[2022-07-04T11:19:23.766+0000][8][gc,age      ] GC(54) - age  12:       1864 bytes,    1878088 total
[2022-07-04T11:19:23.767+0000][8][gc,age      ] GC(54) - age  13:       2224 bytes,    1880312 total
[2022-07-04T11:19:23.768+0000][8][gc,age      ] GC(54) - age  14:       5280 bytes,    1885592 total
[2022-07-04T11:19:23.768+0000][8][gc,age      ] GC(54) - age  15:       2928 bytes,    1888520 total
[2022-07-04T11:19:23.769+0000][8][gc,heap     ] GC(54) Eden regions: 75->0(75)
[2022-07-04T11:19:23.770+0000][8][gc,heap     ] GC(54) Survivor regions: 1->1(10)
[2022-07-04T11:19:23.770+0000][8][gc,heap     ] GC(54) Old regions: 21->21
[2022-07-04T11:19:23.771+0000][8][gc,heap     ] GC(54) Archive regions: 2->2
[2022-07-04T11:19:23.772+0000][8][gc,heap     ] GC(54) Humongous regions: 0->0
[2022-07-04T11:19:23.772+0000][8][gc,metaspace] GC(54) Metaspace: 127310K(130624K)->127310K(130624K) NonClass: 110514K(112192K)->110514K(112192K) Class: 16795K(18432K)->16795K(18432K)
[2022-07-04T11:19:23.773+0000][8][gc          ] GC(54) Pause Young (Normal) (G1 Evacuation Pause) 389M->89M(512M) 30.202ms
[2022-07-04T11:19:23.774+0000][8][gc,cpu      ] GC(54) User=0.01s Sys=0.00s Real=0.03s
[2022-07-04T11:19:23.774+0000][8][safepoint   ] Safepoint "G1CollectForAllocation", Time since last: 8856975804 ns, Reaching safepoint: 93612 ns, At safepoint: 31579441 ns, Total: 31673053 ns
[2022-07-04T11:19:29.780+0000][8][safepoint   ] Safepoint "Cleanup", Time since last: 6005159979 ns, Reaching safepoint: 495538 ns, At safepoint: 28012 ns, Total: 523550 ns
[2022-07-04T11:19:30.783+0000][8][safepoint   ] Safepoint "Cleanup", Time since last: 1003102577 ns, Reaching safepoint: 130943 ns, At safepoint: 17901 ns, Total: 148844 ns
[2022-07-04T11:19:47.787+0000][8][safepoint   ] Safepoint "Cleanup", Time since last: 17026161872 ns, Reaching safepoint: 142956 ns, At safepoint: 6081 ns, Total: 149037 ns
[2022-07-04T11:19:54.796+0000][8][safepoint   ] Safepoint "Cleanup", Time since last: 7008701036 ns, Reaching safepoint: 326020 ns, At safepoint: 41705 ns, Total: 367725 ns
[2022-07-04T11:20:06.812+0000][8][safepoint   ] Safepoint "Cleanup", Time since last: 12015902320 ns, Reaching safepoint: 144560 ns, At safepoint: 9187 ns, Total: 153747 ns
[2022-07-04T11:20:11.799+0000][8][safepoint   ] Safepoint "Cleanup", Time since last: 5008270972 ns, Reaching safepoint: 209147 ns, At safepoint: 11355 ns, Total: 220502 ns
[2022-07-04T11:20:21.810+0000][8][safepoint   ] Safepoint "Cleanup", Time since last: 10011520939 ns, Reaching safepoint: 187151 ns, At safepoint: 4759 ns, Total: 191910 ns
[2022-07-04T11:20:22.813+0000][8][safepoint   ] Safepoint "Cleanup", Time since last: 1002457838 ns, Reaching safepoint: 253494 ns, At safepoint: 14325 ns, Total: 267819 ns
[2022-07-04T11:20:42.816+0000][8][safepoint   ] Safepoint "Cleanup", Time since last: 20024194937 ns, Reaching safepoint: 402325 ns, At safepoint: 28265 ns, Total: 430590 ns
[2022-07-04T11:20:53.719+0000][8][gc,start    ] GC(55) Pause Young (Normal) (G1 Evacuation Pause)
[2022-07-04T11:20:53.720+0000][8][gc,task     ] GC(55) Using 4 workers of 4 for evacuation
[2022-07-04T11:20:53.721+0000][8][gc,age      ] GC(55) Desired survivor size 20971520 bytes, new threshold 15 (max threshold 15)
[2022-07-04T11:20:53.726+0000][8][gc,phases   ] GC(55)   Pre Evacuate Collection Set: 0.3ms
[2022-07-04T11:20:53.731+0000][8][gc,phases   ] GC(55)   Merge Heap Roots: 0.2ms
[2022-07-04T11:20:53.732+0000][8][gc,phases   ] GC(55)   Evacuate Collection Set: 2.6ms
[2022-07-04T11:20:53.733+0000][8][gc,phases   ] GC(55)   Post Evacuate Collection Set: 1.1ms
[2022-07-04T11:20:53.733+0000][8][gc,phases   ] GC(55)   Other: 1.9ms
[2022-07-04T11:20:53.734+0000][8][gc,age      ] GC(55) Age table with threshold 15 (max threshold 15)
[2022-07-04T11:20:53.734+0000][8][gc,age      ] GC(55) - age   1:     886416 bytes,     886416 total
[2022-07-04T11:20:53.735+0000][8][gc,age      ] GC(55) - age   2:       2336 bytes,     888752 total
[2022-07-04T11:20:53.735+0000][8][gc,age      ] GC(55) - age   3:      22176 bytes,     910928 total
[2022-07-04T11:20:53.736+0000][8][gc,age      ] GC(55) - age   4:       2552 bytes,     913480 total
[2022-07-04T11:20:53.736+0000][8][gc,age      ] GC(55) - age   5:       8224 bytes,     921704 total
[2022-07-04T11:20:53.737+0000][8][gc,age      ] GC(55) - age   6:      26552 bytes,     948256 total
[2022-07-04T11:20:53.737+0000][8][gc,age      ] GC(55) - age   7:     117400 bytes,    1065656 total
[2022-07-04T11:20:53.738+0000][8][gc,age      ] GC(55) - age   8:       4256 bytes,    1069912 total
[2022-07-04T11:20:53.739+0000][8][gc,age      ] GC(55) - age   9:       5784 bytes,    1075696 total
[2022-07-04T11:20:53.739+0000][8][gc,age      ] GC(55) - age  10:     916904 bytes,    1992600 total
[2022-07-04T11:20:53.740+0000][8][gc,age      ] GC(55) - age  11:       8128 bytes,    2000728 total
[2022-07-04T11:20:53.740+0000][8][gc,age      ] GC(55) - age  12:       1720 bytes,    2002448 total
[2022-07-04T11:20:53.741+0000][8][gc,age      ] GC(55) - age  13:       1864 bytes,    2004312 total
[2022-07-04T11:20:53.741+0000][8][gc,age      ] GC(55) - age  14:       2224 bytes,    2006536 total
[2022-07-04T11:20:53.742+0000][8][gc,age      ] GC(55) - age  15:       5280 bytes,    2011816 total
[2022-07-04T11:20:53.743+0000][8][gc,heap     ] GC(55) Eden regions: 75->0(75)
[2022-07-04T11:20:53.743+0000][8][gc,heap     ] GC(55) Survivor regions: 1->1(10)
[2022-07-04T11:20:53.744+0000][8][gc,heap     ] GC(55) Old regions: 21->21
[2022-07-04T11:20:53.745+0000][8][gc,heap     ] GC(55) Archive regions: 2->2
[2022-07-04T11:20:53.745+0000][8][gc,heap     ] GC(55) Humongous regions: 0->0
[2022-07-04T11:20:53.746+0000][8][gc,metaspace] GC(55) Metaspace: 127317K(130624K)->127317K(130624K) NonClass: 110522K(112192K)->110522K(112192K) Class: 16795K(18432K)->16795K(18432K)
[2022-07-04T11:20:53.747+0000][8][gc          ] GC(55) Pause Young (Normal) (G1 Evacuation Pause) 389M->89M(512M) 28.000ms
[2022-07-04T11:20:53.747+0000][8][gc,cpu      ] GC(55) User=0.01s Sys=0.00s Real=0.03s
[2022-07-04T11:20:53.748+0000][8][safepoint   ] Safepoint "G1CollectForAllocation", Time since last: 10902807130 ns, Reaching safepoint: 125633 ns, At safepoint: 29169282 ns, Total: 29294915 ns
[2022-07-04T11:20:56.750+0000][8][safepoint   ] Safepoint "Cleanup", Time since last: 3002164001 ns, Reaching safepoint: 122704 ns, At safepoint: 15391 ns, Total: 138095 ns
[2022-07-04T11:20:59.756+0000][8][safepoint   ] Safepoint "Cleanup", Time since last: 3005816673 ns, Reaching safepoint: 147528 ns, At safepoint: 6556 ns, Total: 154084 ns
[2022-07-04T11:21:11.748+0000][8][safepoint   ] Safepoint "Cleanup", Time since last: 12013029116 ns, Reaching safepoint: 159143 ns, At safepoint: 8364 ns, Total: 167507 ns
[2022-07-04T11:21:12.751+0000][8][safepoint   ] Safepoint "Cleanup", Time since last: 1002172005 ns, Reaching safepoint: 243729 ns, At safepoint: 14107 ns, Total: 257836 ns
[2022-07-04T11:21:23.764+0000][8][safepoint   ] Safepoint "Cleanup", Time since last: 11013403456 ns, Reaching safepoint: 103842 ns, At safepoint: 58223 ns, Total: 162065 ns
[2022-07-04T11:21:35.773+0000][8][safepoint   ] Safepoint "Cleanup", Time since last: 12008593461 ns, Reaching safepoint: 128485 ns, At safepoint: 6432 ns, Total: 134917 ns
[2022-07-04T11:21:42.760+0000][8][safepoint   ] Safepoint "Cleanup", Time since last: 7008546581 ns, Reaching safepoint: 122080 ns, At safepoint: 4492 ns, Total: 126572 ns
[2022-07-04T11:21:58.779+0000][8][safepoint   ] Safepoint "Cleanup", Time since last: 16019049969 ns, Reaching safepoint: 350362 ns, At safepoint: 15440 ns, Total: 365802 ns
[2022-07-04T11:22:03.784+0000][8][safepoint   ] Safepoint "Cleanup", Time since last: 5004237019 ns, Reaching safepoint: 267548 ns, At safepoint: 22326 ns, Total: 289874 ns
[2022-07-04T11:22:11.773+0000][8][safepoint   ] Safepoint "Cleanup", Time since last: 8010515285 ns, Reaching safepoint: 135115 ns, At safepoint: 5426 ns, Total: 140541 ns
[2022-07-04T11:22:15.779+0000][8][safepoint   ] Safepoint "Cleanup", Time since last: 4005378228 ns, Reaching safepoint: 257841 ns, At safepoint: 33471 ns, Total: 291312 ns
[2022-07-04T11:22:21.787+0000][8][safepoint   ] Safepoint "Cleanup", Time since last: 6007647518 ns, Reaching safepoint: 360565 ns, At safepoint: 27452 ns, Total: 388017 ns
[2022-07-04T11:22:32.903+0000][8][gc,start    ] GC(56) Pause Young (Normal) (G1 Evacuation Pause)
[2022-07-04T11:22:32.904+0000][8][gc,task     ] GC(56) Using 4 workers of 4 for evacuation
[2022-07-04T11:22:32.905+0000][8][gc,age      ] GC(56) Desired survivor size 20971520 bytes, new threshold 15 (max threshold 15)
[2022-07-04T11:22:32.911+0000][8][gc,phases   ] GC(56)   Pre Evacuate Collection Set: 0.2ms
[2022-07-04T11:22:32.911+0000][8][gc,phases   ] GC(56)   Merge Heap Roots: 0.2ms
[2022-07-04T11:22:32.912+0000][8][gc,phases   ] GC(56)   Evacuate Collection Set: 3.7ms
[2022-07-04T11:22:32.913+0000][8][gc,phases   ] GC(56)   Post Evacuate Collection Set: 0.9ms
[2022-07-04T11:22:32.913+0000][8][gc,phases   ] GC(56)   Other: 1.5ms
[2022-07-04T11:22:32.914+0000][8][gc,age      ] GC(56) Age table with threshold 15 (max threshold 15)
[2022-07-04T11:22:32.914+0000][8][gc,age      ] GC(56) - age   1:     937248 bytes,     937248 total
[2022-07-04T11:22:32.915+0000][8][gc,age      ] GC(56) - age   2:       2920 bytes,     940168 total
[2022-07-04T11:22:32.916+0000][8][gc,age      ] GC(56) - age   3:       1888 bytes,     942056 total
[2022-07-04T11:22:32.916+0000][8][gc,age      ] GC(56) - age   4:      22176 bytes,     964232 total
[2022-07-04T11:22:32.917+0000][8][gc,age      ] GC(56) - age   5:       2552 bytes,     966784 total
[2022-07-04T11:22:32.918+0000][8][gc,age      ] GC(56) - age   6:       8224 bytes,     975008 total
[2022-07-04T11:22:32.918+0000][8][gc,age      ] GC(56) - age   7:      26552 bytes,    1001560 total
[2022-07-04T11:22:32.919+0000][8][gc,age      ] GC(56) - age   8:     117184 bytes,    1118744 total
[2022-07-04T11:22:32.920+0000][8][gc,age      ] GC(56) - age   9:       4256 bytes,    1123000 total
[2022-07-04T11:22:32.920+0000][8][gc,age      ] GC(56) - age  10:       5784 bytes,    1128784 total
[2022-07-04T11:22:32.921+0000][8][gc,age      ] GC(56) - age  11:     916904 bytes,    2045688 total
[2022-07-04T11:22:32.921+0000][8][gc,age      ] GC(56) - age  12:       8128 bytes,    2053816 total
[2022-07-04T11:22:32.922+0000][8][gc,age      ] GC(56) - age  13:       1720 bytes,    2055536 total
[2022-07-04T11:22:32.922+0000][8][gc,age      ] GC(56) - age  14:       1864 bytes,    2057400 total
[2022-07-04T11:22:32.923+0000][8][gc,age      ] GC(56) - age  15:       2224 bytes,    2059624 total
[2022-07-04T11:22:32.923+0000][8][gc,heap     ] GC(56) Eden regions: 75->0(75)
[2022-07-04T11:22:32.924+0000][8][gc,heap     ] GC(56) Survivor regions: 1->1(10)
[2022-07-04T11:22:32.925+0000][8][gc,heap     ] GC(56) Old regions: 21->21
[2022-07-04T11:22:32.925+0000][8][gc,heap     ] GC(56) Archive regions: 2->2
[2022-07-04T11:22:32.926+0000][8][gc,heap     ] GC(56) Humongous regions: 0->0
[2022-07-04T11:22:32.927+0000][8][gc,metaspace] GC(56) Metaspace: 127335K(130688K)->127335K(130688K) NonClass: 110539K(112256K)->110539K(112256K) Class: 16795K(18432K)->16795K(18432K)
[2022-07-04T11:22:32.927+0000][8][gc          ] GC(56) Pause Young (Normal) (G1 Evacuation Pause) 389M->89M(512M) 24.429ms
[2022-07-04T11:22:32.928+0000][8][gc,cpu      ] GC(56) User=0.01s Sys=0.01s Real=0.02s
[2022-07-04T11:22:32.929+0000][8][safepoint   ] Safepoint "G1CollectForAllocation", Time since last: 11115887242 ns, Reaching safepoint: 296119 ns, At safepoint: 25738001 ns, Total: 26034120 ns
[2022-07-04T11:22:41.919+0000][8][safepoint   ] Safepoint "Cleanup", Time since last: 9009976172 ns, Reaching safepoint: 125354 ns, At safepoint: 8742 ns, Total: 134096 ns
[2022-07-04T11:22:45.923+0000][8][safepoint   ] Safepoint "Cleanup", Time since last: 4004265108 ns, Reaching safepoint: 255299 ns, At safepoint: 35609 ns, Total: 290908 ns
[2022-07-04T11:22:47.930+0000][8][safepoint   ] Safepoint "Cleanup", Time since last: 2006733751 ns, Reaching safepoint: 180233 ns, At safepoint: 9868 ns, Total: 190101 ns
[2022-07-04T11:23:11.937+0000][8][safepoint   ] Safepoint "Cleanup", Time since last: 24029907504 ns, Reaching safepoint: 219505 ns, At safepoint: 14750 ns, Total: 234255 ns
[2022-07-04T11:23:14.941+0000][8][safepoint   ] Safepoint "Cleanup", Time since last: 3003941565 ns, Reaching safepoint: 104297 ns, At safepoint: 4468 ns, Total: 108765 ns
[2022-07-04T11:23:38.976+0000][8][safepoint   ] Safepoint "Cleanup", Time since last: 24035293838 ns, Reaching safepoint: 248361 ns, At safepoint: 17145 ns, Total: 265506 ns
[2022-07-04T11:23:44.967+0000][8][safepoint   ] Safepoint "Cleanup", Time since last: 6011853821 ns, Reaching safepoint: 158778 ns, At safepoint: 9381 ns, Total: 168159 ns
[2022-07-04T11:24:04.992+0000][8][safepoint   ] Safepoint "Cleanup", Time since last: 20025144968 ns, Reaching safepoint: 331191 ns, At safepoint: 11662 ns, Total: 342853 ns
[2022-07-04T11:24:14.990+0000][8][safepoint   ] Safepoint "Cleanup", Time since last: 10018563776 ns, Reaching safepoint: 55309 ns, At safepoint: 2695 ns, Total: 58004 ns
[2022-07-04T11:24:20.997+0000][8][safepoint   ] Safepoint "Cleanup", Time since last: 6007079684 ns, Reaching safepoint: 58232 ns, At safepoint: 3016 ns, Total: 61248 ns
[2022-07-04T11:24:21.453+0000][8][gc,start    ] GC(57) Pause Young (Normal) (G1 Evacuation Pause)
[2022-07-04T11:24:21.455+0000][8][gc,task     ] GC(57) Using 4 workers of 4 for evacuation
[2022-07-04T11:24:21.455+0000][8][gc,age      ] GC(57) Desired survivor size 20971520 bytes, new threshold 15 (max threshold 15)
[2022-07-04T11:24:21.461+0000][8][gc,phases   ] GC(57)   Pre Evacuate Collection Set: 0.1ms
[2022-07-04T11:24:21.462+0000][8][gc,phases   ] GC(57)   Merge Heap Roots: 0.1ms
[2022-07-04T11:24:21.463+0000][8][gc,phases   ] GC(57)   Evacuate Collection Set: 3.8ms
[2022-07-04T11:24:21.463+0000][8][gc,phases   ] GC(57)   Post Evacuate Collection Set: 1.0ms
[2022-07-04T11:24:21.464+0000][8][gc,phases   ] GC(57)   Other: 1.5ms
[2022-07-04T11:24:21.465+0000][8][gc,age      ] GC(57) Age table with threshold 15 (max threshold 15)
[2022-07-04T11:24:21.465+0000][8][gc,age      ] GC(57) - age   1:    1756224 bytes,    1756224 total
[2022-07-04T11:24:21.466+0000][8][gc,age      ] GC(57) - age   2:       2552 bytes,    1758776 total
[2022-07-04T11:24:21.467+0000][8][gc,age      ] GC(57) - age   3:       1640 bytes,    1760416 total
[2022-07-04T11:24:21.467+0000][8][gc,age      ] GC(57) - age   4:       1888 bytes,    1762304 total
[2022-07-04T11:24:21.468+0000][8][gc,age      ] GC(57) - age   5:      13584 bytes,    1775888 total
[2022-07-04T11:24:21.468+0000][8][gc,age      ] GC(57) - age   6:       2552 bytes,    1778440 total
[2022-07-04T11:24:21.469+0000][8][gc,age      ] GC(57) - age   7:       6304 bytes,    1784744 total
[2022-07-04T11:24:21.469+0000][8][gc,age      ] GC(57) - age   8:      26552 bytes,    1811296 total
[2022-07-04T11:24:21.470+0000][8][gc,age      ] GC(57) - age   9:     117184 bytes,    1928480 total
[2022-07-04T11:24:21.471+0000][8][gc,age      ] GC(57) - age  10:       4256 bytes,    1932736 total
[2022-07-04T11:24:21.471+0000][8][gc,age      ] GC(57) - age  11:       5784 bytes,    1938520 total
[2022-07-04T11:24:21.472+0000][8][gc,age      ] GC(57) - age  12:     916904 bytes,    2855424 total
[2022-07-04T11:24:21.476+0000][8][gc,age      ] GC(57) - age  13:       8128 bytes,    2863552 total
[2022-07-04T11:24:21.477+0000][8][gc,age      ] GC(57) - age  14:       1720 bytes,    2865272 total
[2022-07-04T11:24:21.479+0000][8][gc,age      ] GC(57) - age  15:       1864 bytes,    2867136 total
[2022-07-04T11:24:21.479+0000][8][gc,heap     ] GC(57) Eden regions: 75->0(75)
[2022-07-04T11:24:21.480+0000][8][gc,heap     ] GC(57) Survivor regions: 1->1(10)
[2022-07-04T11:24:21.481+0000][8][gc,heap     ] GC(57) Old regions: 21->21
[2022-07-04T11:24:21.481+0000][8][gc,heap     ] GC(57) Archive regions: 2->2
[2022-07-04T11:24:21.482+0000][8][gc,heap     ] GC(57) Humongous regions: 0->0
[2022-07-04T11:24:21.482+0000][8][gc,metaspace] GC(57) Metaspace: 127351K(130688K)->127351K(130688K) NonClass: 110555K(112256K)->110555K(112256K) Class: 16795K(18432K)->16795K(18432K)
[2022-07-04T11:24:21.483+0000][8][gc          ] GC(57) Pause Young (Normal) (G1 Evacuation Pause) 389M->90M(512M) 29.655ms
[2022-07-04T11:24:21.484+0000][8][gc,cpu      ] GC(57) User=0.01s Sys=0.00s Real=0.03s
[2022-07-04T11:24:21.485+0000][8][safepoint   ] Safepoint "G1CollectForAllocation", Time since last: 456420487 ns, Reaching safepoint: 54663 ns, At safepoint: 31052367 ns, Total: 31107030 ns
[2022-07-04T11:24:24.491+0000][8][safepoint   ] Safepoint "Cleanup", Time since last: 3006517106 ns, Reaching safepoint: 241915 ns, At safepoint: 17058 ns, Total: 258973 ns
[2022-07-04T11:24:51.497+0000][8][safepoint   ] Safepoint "Cleanup", Time since last: 27027627102 ns, Reaching safepoint: 134438 ns, At safepoint: 6070 ns, Total: 140508 ns
[2022-07-04T11:25:12.494+0000][8][safepoint   ] Safepoint "Cleanup", Time since last: 21017868426 ns, Reaching safepoint: 441310 ns, At safepoint: 104953 ns, Total: 546263 ns
[2022-07-04T11:25:33.513+0000][8][safepoint   ] Safepoint "Cleanup", Time since last: 21019125360 ns, Reaching safepoint: 385634 ns, At safepoint: 21173 ns, Total: 406807 ns
[2022-07-04T11:25:39.518+0000][8][safepoint   ] Safepoint "Cleanup", Time since last: 6004495345 ns, Reaching safepoint: 213962 ns, At safepoint: 16173 ns, Total: 230135 ns
[2022-07-04T11:25:41.499+0000][8][safepoint   ] Safepoint "Cleanup", Time since last: 2002312083 ns, Reaching safepoint: 195474 ns, At safepoint: 5632 ns, Total: 201106 ns
[2022-07-04T11:25:42.501+0000][8][safepoint   ] Safepoint "Cleanup", Time since last: 1001538698 ns, Reaching safepoint: 286177 ns, At safepoint: 17386 ns, Total: 303563 ns
[2022-07-04T11:25:48.510+0000][8][safepoint   ] Safepoint "Cleanup", Time since last: 6008612860 ns, Reaching safepoint: 159712 ns, At safepoint: 7324 ns, Total: 167036 ns
[2022-07-04T11:25:51.516+0000][8][safepoint   ] Safepoint "Cleanup", Time since last: 3005342396 ns, Reaching safepoint: 659322 ns, At safepoint: 71481 ns, Total: 730803 ns
[2022-07-04T11:26:00.528+0000][8][safepoint   ] Safepoint "Cleanup", Time since last: 9011767237 ns, Reaching safepoint: 455223 ns, At safepoint: 24941 ns, Total: 480164 ns
[2022-07-04T11:26:03.920+0000][8][safepoint   ] Safepoint "Cleanup", Time since last: 3391824947 ns, Reaching safepoint: 337975 ns, At safepoint: 19244 ns, Total: 357219 ns
[2022-07-04T11:26:11.904+0000][8][safepoint   ] Safepoint "Cleanup", Time since last: 8005146328 ns, Reaching safepoint: 227536 ns, At safepoint: 9429 ns, Total: 236965 ns
[2022-07-04T11:26:14.839+0000][8][gc,start    ] GC(58) Pause Young (Normal) (G1 Evacuation Pause)
[2022-07-04T11:26:14.840+0000][8][gc,task     ] GC(58) Using 4 workers of 4 for evacuation
[2022-07-04T11:26:14.841+0000][8][gc,age      ] GC(58) Desired survivor size 20971520 bytes, new threshold 15 (max threshold 15)
[2022-07-04T11:26:14.845+0000][8][gc,phases   ] GC(58)   Pre Evacuate Collection Set: 0.2ms
[2022-07-04T11:26:14.846+0000][8][gc,phases   ] GC(58)   Merge Heap Roots: 0.2ms
[2022-07-04T11:26:14.847+0000][8][gc,phases   ] GC(58)   Evacuate Collection Set: 2.0ms
[2022-07-04T11:26:14.847+0000][8][gc,phases   ] GC(58)   Post Evacuate Collection Set: 1.0ms
[2022-07-04T11:26:14.848+0000][8][gc,phases   ] GC(58)   Other: 1.9ms
[2022-07-04T11:26:14.849+0000][8][gc,age      ] GC(58) Age table with threshold 15 (max threshold 15)
[2022-07-04T11:26:14.849+0000][8][gc,age      ] GC(58) - age   1:    1205120 bytes,    1205120 total
[2022-07-04T11:26:14.854+0000][8][gc,age      ] GC(58) - age   2:       7504 bytes,    1212624 total
[2022-07-04T11:26:14.855+0000][8][gc,age      ] GC(58) - age   3:       1280 bytes,    1213904 total
[2022-07-04T11:26:14.855+0000][8][gc,age      ] GC(58) - age   4:       1480 bytes,    1215384 total
[2022-07-04T11:26:14.856+0000][8][gc,age      ] GC(58) - age   5:       1704 bytes,    1217088 total
[2022-07-04T11:26:14.857+0000][8][gc,age      ] GC(58) - age   6:      13584 bytes,    1230672 total
[2022-07-04T11:26:14.857+0000][8][gc,age      ] GC(58) - age   7:       2552 bytes,    1233224 total
[2022-07-04T11:26:14.858+0000][8][gc,age      ] GC(58) - age   8:       6304 bytes,    1239528 total
[2022-07-04T11:26:14.859+0000][8][gc,age      ] GC(58) - age   9:      24648 bytes,    1264176 total
[2022-07-04T11:26:14.859+0000][8][gc,age      ] GC(58) - age  10:     117184 bytes,    1381360 total
[2022-07-04T11:26:14.860+0000][8][gc,age      ] GC(58) - age  11:       4256 bytes,    1385616 total
[2022-07-04T11:26:14.860+0000][8][gc,age      ] GC(58) - age  12:       5784 bytes,    1391400 total
[2022-07-04T11:26:14.861+0000][8][gc,age      ] GC(58) - age  13:     916904 bytes,    2308304 total
[2022-07-04T11:26:14.862+0000][8][gc,age      ] GC(58) - age  14:       8128 bytes,    2316432 total
[2022-07-04T11:26:14.862+0000][8][gc,age      ] GC(58) - age  15:       1720 bytes,    2318152 total
[2022-07-04T11:26:14.863+0000][8][gc,heap     ] GC(58) Eden regions: 75->0(75)
[2022-07-04T11:26:14.864+0000][8][gc,heap     ] GC(58) Survivor regions: 1->1(10)
[2022-07-04T11:26:14.864+0000][8][gc,heap     ] GC(58) Old regions: 21->21
[2022-07-04T11:26:14.865+0000][8][gc,heap     ] GC(58) Archive regions: 2->2
[2022-07-04T11:26:14.865+0000][8][gc,heap     ] GC(58) Humongous regions: 0->0
[2022-07-04T11:26:14.866+0000][8][gc,metaspace] GC(58) Metaspace: 127365K(130688K)->127365K(130688K) NonClass: 110570K(112256K)->110570K(112256K) Class: 16795K(18432K)->16795K(18432K)
[2022-07-04T11:26:14.867+0000][8][gc          ] GC(58) Pause Young (Normal) (G1 Evacuation Pause) 390M->89M(512M) 28.196ms
[2022-07-04T11:26:14.868+0000][8][gc,cpu      ] GC(58) User=0.00s Sys=0.00s Real=0.03s
[2022-07-04T11:26:14.869+0000][8][safepoint   ] Safepoint "G1CollectForAllocation", Time since last: 2934267340 ns, Reaching safepoint: 119463 ns, At safepoint: 30178193 ns, Total: 30297656 ns
[2022-07-04T11:27:01.889+0000][8][safepoint   ] Safepoint "Cleanup", Time since last: 47042043784 ns, Reaching safepoint: 318903 ns, At safepoint: 43042 ns, Total: 361945 ns
[2022-07-04T11:27:11.879+0000][8][safepoint   ] Safepoint "Cleanup", Time since last: 10012041204 ns, Reaching safepoint: 238543 ns, At safepoint: 7837 ns, Total: 246380 ns
[2022-07-04T11:27:26.895+0000][8][safepoint   ] Safepoint "Cleanup", Time since last: 15015360210 ns, Reaching safepoint: 127606 ns, At safepoint: 7516 ns, Total: 135122 ns
[2022-07-04T11:27:32.904+0000][8][safepoint   ] Safepoint "Cleanup", Time since last: 6009293870 ns, Reaching safepoint: 98906 ns, At safepoint: 3671 ns, Total: 102577 ns
[2022-07-04T11:27:35.907+0000][8][safepoint   ] Safepoint "Cleanup", Time since last: 3002194700 ns, Reaching safepoint: 418848 ns, At safepoint: 11460 ns, Total: 430308 ns
[2022-07-04T11:27:38.912+0000][8][safepoint   ] Safepoint "Cleanup", Time since last: 3005008697 ns, Reaching safepoint: 57272 ns, At safepoint: 3914 ns, Total: 61186 ns
[2022-07-04T11:28:03.115+0000][8][gc,start    ] GC(59) Pause Young (Normal) (G1 Evacuation Pause)
[2022-07-04T11:28:03.117+0000][8][gc,task     ] GC(59) Using 4 workers of 4 for evacuation
[2022-07-04T11:28:03.118+0000][8][gc,age      ] GC(59) Desired survivor size 20971520 bytes, new threshold 15 (max threshold 15)
[2022-07-04T11:28:03.125+0000][8][gc,phases   ] GC(59)   Pre Evacuate Collection Set: 0.3ms
[2022-07-04T11:28:03.126+0000][8][gc,phases   ] GC(59)   Merge Heap Roots: 0.1ms
[2022-07-04T11:28:03.126+0000][8][gc,phases   ] GC(59)   Evacuate Collection Set: 4.4ms
[2022-07-04T11:28:03.127+0000][8][gc,phases   ] GC(59)   Post Evacuate Collection Set: 1.5ms
[2022-07-04T11:28:03.130+0000][8][gc,phases   ] GC(59)   Other: 1.8ms
[2022-07-04T11:28:03.131+0000][8][gc,age      ] GC(59) Age table with threshold 15 (max threshold 15)
[2022-07-04T11:28:03.132+0000][8][gc,age      ] GC(59) - age   1:     753424 bytes,     753424 total
[2022-07-04T11:28:03.133+0000][8][gc,age      ] GC(59) - age   2:      14176 bytes,     767600 total
[2022-07-04T11:28:03.133+0000][8][gc,age      ] GC(59) - age   3:       5816 bytes,     773416 total
[2022-07-04T11:28:03.134+0000][8][gc,age      ] GC(59) - age   4:       1280 bytes,     774696 total
[2022-07-04T11:28:03.134+0000][8][gc,age      ] GC(59) - age   5:       1480 bytes,     776176 total
[2022-07-04T11:28:03.135+0000][8][gc,age      ] GC(59) - age   6:       1704 bytes,     777880 total
[2022-07-04T11:28:03.136+0000][8][gc,age      ] GC(59) - age   7:      13584 bytes,     791464 total
[2022-07-04T11:28:03.136+0000][8][gc,age      ] GC(59) - age   8:       2552 bytes,     794016 total
[2022-07-04T11:28:03.137+0000][8][gc,age      ] GC(59) - age   9:       6304 bytes,     800320 total
[2022-07-04T11:28:03.137+0000][8][gc,age      ] GC(59) - age  10:      24648 bytes,     824968 total
[2022-07-04T11:28:03.138+0000][8][gc,age      ] GC(59) - age  11:     117184 bytes,     942152 total
[2022-07-04T11:28:03.138+0000][8][gc,age      ] GC(59) - age  12:       4256 bytes,     946408 total
[2022-07-04T11:28:03.139+0000][8][gc,age      ] GC(59) - age  13:       5784 bytes,     952192 total
[2022-07-04T11:28:03.139+0000][8][gc,age      ] GC(59) - age  14:     916904 bytes,    1869096 total
[2022-07-04T11:28:03.140+0000][8][gc,age      ] GC(59) - age  15:       8128 bytes,    1877224 total
[2022-07-04T11:28:03.141+0000][8][gc,heap     ] GC(59) Eden regions: 75->0(75)
[2022-07-04T11:28:03.141+0000][8][gc,heap     ] GC(59) Survivor regions: 1->1(10)
[2022-07-04T11:28:03.142+0000][8][gc,heap     ] GC(59) Old regions: 21->21
[2022-07-04T11:28:03.142+0000][8][gc,heap     ] GC(59) Archive regions: 2->2
[2022-07-04T11:28:03.143+0000][8][gc,heap     ] GC(59) Humongous regions: 0->0
[2022-07-04T11:28:03.143+0000][8][gc,metaspace] GC(59) Metaspace: 127367K(130688K)->127367K(130688K) NonClass: 110571K(112256K)->110571K(112256K) Class: 16795K(18432K)->16795K(18432K)
[2022-07-04T11:28:03.144+0000][8][gc          ] GC(59) Pause Young (Normal) (G1 Evacuation Pause) 389M->89M(512M) 28.250ms
[2022-07-04T11:28:03.144+0000][8][gc,cpu      ] GC(59) User=0.00s Sys=0.01s Real=0.03s
[2022-07-04T11:28:03.145+0000][8][safepoint   ] Safepoint "G1CollectForAllocation", Time since last: 24224537470 ns, Reaching safepoint: 47080 ns, At safepoint: 29601870 ns, Total: 29648950 ns
[2022-07-04T11:28:21.141+0000][8][safepoint   ] Safepoint "Cleanup", Time since last: 18016518270 ns, Reaching safepoint: 766102 ns, At safepoint: 31019 ns, Total: 797121 ns
[2022-07-04T11:28:45.140+0000][8][safepoint   ] Safepoint "Cleanup", Time since last: 24020605796 ns, Reaching safepoint: 281511 ns, At safepoint: 10926 ns, Total: 292437 ns
[2022-07-04T11:28:51.148+0000][8][safepoint   ] Safepoint "Cleanup", Time since last: 6007705989 ns, Reaching safepoint: 255369 ns, At safepoint: 22156 ns, Total: 277525 ns
[2022-07-04T11:28:52.151+0000][8][safepoint   ] Safepoint "Cleanup", Time since last: 1003152147 ns, Reaching safepoint: 105628 ns, At safepoint: 9027 ns, Total: 114655 ns
[2022-07-04T11:29:42.805+0000][8][safepoint   ] Safepoint "Cleanup", Time since last: 50695890874 ns, Reaching safepoint: 426488 ns, At safepoint: 30434 ns, Total: 456922 ns
[2022-07-04T11:29:45.808+0000][8][safepoint   ] Safepoint "Cleanup", Time since last: 3003115204 ns, Reaching safepoint: 181581 ns, At safepoint: 23905 ns, Total: 205486 ns
[2022-07-04T11:29:57.482+0000][8][gc,start    ] GC(60) Pause Young (Normal) (G1 Evacuation Pause)
[2022-07-04T11:29:57.483+0000][8][gc,task     ] GC(60) Using 4 workers of 4 for evacuation
[2022-07-04T11:29:57.484+0000][8][gc,age      ] GC(60) Desired survivor size 20971520 bytes, new threshold 15 (max threshold 15)
[2022-07-04T11:29:57.489+0000][8][gc,phases   ] GC(60)   Pre Evacuate Collection Set: 0.2ms
[2022-07-04T11:29:57.494+0000][8][gc,phases   ] GC(60)   Merge Heap Roots: 0.2ms
[2022-07-04T11:29:57.495+0000][8][gc,phases   ] GC(60)   Evacuate Collection Set: 3.3ms
[2022-07-04T11:29:57.495+0000][8][gc,phases   ] GC(60)   Post Evacuate Collection Set: 1.2ms
[2022-07-04T11:29:57.496+0000][8][gc,phases   ] GC(60)   Other: 1.2ms
[2022-07-04T11:29:57.496+0000][8][gc,age      ] GC(60) Age table with threshold 15 (max threshold 15)
[2022-07-04T11:29:57.497+0000][8][gc,age      ] GC(60) - age   1:    1067024 bytes,    1067024 total
[2022-07-04T11:29:57.498+0000][8][gc,age      ] GC(60) - age   2:        880 bytes,    1067904 total
[2022-07-04T11:29:57.498+0000][8][gc,age      ] GC(60) - age   3:       4920 bytes,    1072824 total
[2022-07-04T11:29:57.499+0000][8][gc,age      ] GC(60) - age   4:       5504 bytes,    1078328 total
[2022-07-04T11:29:57.499+0000][8][gc,age      ] GC(60) - age   5:        984 bytes,    1079312 total
[2022-07-04T11:29:57.500+0000][8][gc,age      ] GC(60) - age   6:       1480 bytes,    1080792 total
[2022-07-04T11:29:57.501+0000][8][gc,age      ] GC(60) - age   7:       1552 bytes,    1082344 total
[2022-07-04T11:29:57.501+0000][8][gc,age      ] GC(60) - age   8:      13584 bytes,    1095928 total
[2022-07-04T11:29:57.502+0000][8][gc,age      ] GC(60) - age   9:       2552 bytes,    1098480 total
[2022-07-04T11:29:57.502+0000][8][gc,age      ] GC(60) - age  10:       6304 bytes,    1104784 total
[2022-07-04T11:29:57.503+0000][8][gc,age      ] GC(60) - age  11:      24616 bytes,    1129400 total
[2022-07-04T11:29:57.503+0000][8][gc,age      ] GC(60) - age  12:     117184 bytes,    1246584 total
[2022-07-04T11:29:57.504+0000][8][gc,age      ] GC(60) - age  13:       4256 bytes,    1250840 total
[2022-07-04T11:29:57.504+0000][8][gc,age      ] GC(60) - age  14:       5784 bytes,    1256624 total
[2022-07-04T11:29:57.505+0000][8][gc,age      ] GC(60) - age  15:     916904 bytes,    2173528 total
[2022-07-04T11:29:57.505+0000][8][gc,heap     ] GC(60) Eden regions: 75->0(75)
[2022-07-04T11:29:57.506+0000][8][gc,heap     ] GC(60) Survivor regions: 1->1(10)
[2022-07-04T11:29:57.507+0000][8][gc,heap     ] GC(60) Old regions: 21->21
[2022-07-04T11:29:57.510+0000][8][gc,heap     ] GC(60) Archive regions: 2->2
[2022-07-04T11:29:57.510+0000][8][gc,heap     ] GC(60) Humongous regions: 0->0
[2022-07-04T11:29:57.511+0000][8][gc,metaspace] GC(60) Metaspace: 127373K(130688K)->127373K(130688K) NonClass: 110577K(112256K)->110577K(112256K) Class: 16795K(18432K)->16795K(18432K)
[2022-07-04T11:29:57.512+0000][8][gc          ] GC(60) Pause Young (Normal) (G1 Evacuation Pause) 389M->89M(512M) 29.931ms
[2022-07-04T11:29:57.512+0000][8][gc,cpu      ] GC(60) User=0.02s Sys=0.00s Real=0.03s
[2022-07-04T11:29:57.513+0000][8][safepoint   ] Safepoint "G1CollectForAllocation", Time since last: 11673750236 ns, Reaching safepoint: 108542 ns, At safepoint: 31294008 ns, Total: 31402550 ns
[2022-07-04T11:30:09.525+0000][8][safepoint   ] Safepoint "Cleanup", Time since last: 12011283746 ns, Reaching safepoint: 170658 ns, At safepoint: 11764 ns, Total: 182422 ns
[2022-07-04T11:30:12.510+0000][8][safepoint   ] Safepoint "Cleanup", Time since last: 3007281734 ns, Reaching safepoint: 298011 ns, At safepoint: 16992 ns, Total: 315003 ns
[2022-07-04T11:31:16.102+0000][8][safepoint   ] Safepoint "Cleanup", Time since last: 63634282875 ns, Reaching safepoint: 175316 ns, At safepoint: 8815 ns, Total: 184131 ns
[2022-07-04T11:31:27.114+0000][8][safepoint   ] Safepoint "Cleanup", Time since last: 11011659040 ns, Reaching safepoint: 216311 ns, At safepoint: 5367 ns, Total: 221678 ns
[2022-07-04T11:31:45.110+0000][8][safepoint   ] Safepoint "Cleanup", Time since last: 18018376229 ns, Reaching safepoint: 159607 ns, At safepoint: 8642 ns, Total: 168249 ns
[2022-07-04T11:31:50.861+0000][8][gc,start    ] GC(61) Pause Young (Normal) (G1 Evacuation Pause)
[2022-07-04T11:31:50.862+0000][8][gc,task     ] GC(61) Using 4 workers of 4 for evacuation
[2022-07-04T11:31:50.863+0000][8][gc,age      ] GC(61) Desired survivor size 20971520 bytes, new threshold 15 (max threshold 15)
[2022-07-04T11:31:50.872+0000][8][gc,phases   ] GC(61)   Pre Evacuate Collection Set: 0.2ms
[2022-07-04T11:31:50.873+0000][8][gc,phases   ] GC(61)   Merge Heap Roots: 0.2ms
[2022-07-04T11:31:50.873+0000][8][gc,phases   ] GC(61)   Evacuate Collection Set: 4.6ms
[2022-07-04T11:31:50.874+0000][8][gc,phases   ] GC(61)   Post Evacuate Collection Set: 1.9ms
[2022-07-04T11:31:50.874+0000][8][gc,phases   ] GC(61)   Other: 2.6ms
[2022-07-04T11:31:50.875+0000][8][gc,age      ] GC(61) Age table with threshold 15 (max threshold 15)
[2022-07-04T11:31:50.876+0000][8][gc,age      ] GC(61) - age   1:    1613864 bytes,    1613864 total
[2022-07-04T11:31:50.876+0000][8][gc,age      ] GC(61) - age   2:      10856 bytes,    1624720 total
[2022-07-04T11:31:50.877+0000][8][gc,age      ] GC(61) - age   3:         80 bytes,    1624800 total
[2022-07-04T11:31:50.877+0000][8][gc,age      ] GC(61) - age   4:       4856 bytes,    1629656 total
[2022-07-04T11:31:50.878+0000][8][gc,age      ] GC(61) - age   5:       5504 bytes,    1635160 total
[2022-07-04T11:31:50.878+0000][8][gc,age      ] GC(61) - age   6:        928 bytes,    1636088 total
[2022-07-04T11:31:50.879+0000][8][gc,age      ] GC(61) - age   7:       1480 bytes,    1637568 total
[2022-07-04T11:31:50.880+0000][8][gc,age      ] GC(61) - age   8:       1552 bytes,    1639120 total
[2022-07-04T11:31:50.880+0000][8][gc,age      ] GC(61) - age   9:       5568 bytes,    1644688 total
[2022-07-04T11:31:50.881+0000][8][gc,age      ] GC(61) - age  10:       2552 bytes,    1647240 total
[2022-07-04T11:31:50.881+0000][8][gc,age      ] GC(61) - age  11:       6304 bytes,    1653544 total
[2022-07-04T11:31:50.882+0000][8][gc,age      ] GC(61) - age  12:      24616 bytes,    1678160 total
[2022-07-04T11:31:50.883+0000][8][gc,age      ] GC(61) - age  13:     117184 bytes,    1795344 total
[2022-07-04T11:31:50.884+0000][8][gc,age      ] GC(61) - age  14:       4256 bytes,    1799600 total
[2022-07-04T11:31:50.885+0000][8][gc,age      ] GC(61) - age  15:       5784 bytes,    1805384 total
[2022-07-04T11:31:50.886+0000][8][gc,heap     ] GC(61) Eden regions: 75->0(75)
[2022-07-04T11:31:50.886+0000][8][gc,heap     ] GC(61) Survivor regions: 1->1(10)
[2022-07-04T11:31:50.887+0000][8][gc,heap     ] GC(61) Old regions: 21->22
[2022-07-04T11:31:50.888+0000][8][gc,heap     ] GC(61) Archive regions: 2->2
[2022-07-04T11:31:50.889+0000][8][gc,heap     ] GC(61) Humongous regions: 0->0
[2022-07-04T11:31:50.889+0000][8][gc,metaspace] GC(61) Metaspace: 127376K(130688K)->127376K(130688K) NonClass: 110580K(112256K)->110580K(112256K) Class: 16795K(18432K)->16795K(18432K)
[2022-07-04T11:31:50.890+0000][8][gc          ] GC(61) Pause Young (Normal) (G1 Evacuation Pause) 389M->90M(512M) 28.995ms
[2022-07-04T11:31:50.891+0000][8][gc,cpu      ] GC(61) User=0.01s Sys=0.01s Real=0.03s
[2022-07-04T11:31:50.891+0000][8][safepoint   ] Safepoint "G1CollectForAllocation", Time since last: 5750747239 ns, Reaching safepoint: 88522 ns, At safepoint: 30343532 ns, Total: 30432054 ns
[2022-07-04T11:31:51.894+0000][8][safepoint   ] Safepoint "Cleanup", Time since last: 1001878251 ns, Reaching safepoint: 514875 ns, At safepoint: 69773 ns, Total: 584648 ns
[2022-07-04T11:31:59.905+0000][8][safepoint   ] Safepoint "Cleanup", Time since last: 8011214998 ns, Reaching safepoint: 163146 ns, At safepoint: 7980 ns, Total: 171126 ns
[2022-07-04T11:32:02.916+0000][8][safepoint   ] Safepoint "Cleanup", Time since last: 3011092168 ns, Reaching safepoint: 157940 ns, At safepoint: 8486 ns, Total: 166426 ns
[2022-07-04T11:32:11.907+0000][8][safepoint   ] Safepoint "Cleanup", Time since last: 9010972163 ns, Reaching safepoint: 321015 ns, At safepoint: 139349 ns, Total: 460364 ns
[2022-07-04T11:32:50.920+0000][8][safepoint   ] Safepoint "Cleanup", Time since last: 39035246922 ns, Reaching safepoint: 104289 ns, At safepoint: 4386 ns, Total: 108675 ns
[2022-07-04T11:33:11.924+0000][8][safepoint   ] Safepoint "Cleanup", Time since last: 21026338228 ns, Reaching safepoint: 252084 ns, At safepoint: 8857 ns, Total: 260941 ns
[2022-07-04T11:33:26.947+0000][8][safepoint   ] Safepoint "Cleanup", Time since last: 15022728818 ns, Reaching safepoint: 213982 ns, At safepoint: 12058 ns, Total: 226040 ns
[2022-07-04T11:33:41.942+0000][8][safepoint   ] Safepoint "Cleanup", Time since last: 15014676038 ns, Reaching safepoint: 166573 ns, At safepoint: 5665 ns, Total: 172238 ns
[2022-07-04T11:33:47.680+0000][8][gc,start    ] GC(62) Pause Young (Normal) (G1 Evacuation Pause)
[2022-07-04T11:33:47.684+0000][8][gc,task     ] GC(62) Using 4 workers of 4 for evacuation
[2022-07-04T11:33:47.685+0000][8][gc,age      ] GC(62) Desired survivor size 20971520 bytes, new threshold 15 (max threshold 15)
[2022-07-04T11:33:47.689+0000][8][gc,phases   ] GC(62)   Pre Evacuate Collection Set: 0.2ms
[2022-07-04T11:33:47.690+0000][8][gc,phases   ] GC(62)   Merge Heap Roots: 0.1ms
[2022-07-04T11:33:47.690+0000][8][gc,phases   ] GC(62)   Evacuate Collection Set: 2.2ms
[2022-07-04T11:33:47.691+0000][8][gc,phases   ] GC(62)   Post Evacuate Collection Set: 1.0ms
[2022-07-04T11:33:47.692+0000][8][gc,phases   ] GC(62)   Other: 2.0ms
[2022-07-04T11:33:47.692+0000][8][gc,age      ] GC(62) Age table with threshold 15 (max threshold 15)
[2022-07-04T11:33:47.693+0000][8][gc,age      ] GC(62) - age   1:    1036952 bytes,    1036952 total
[2022-07-04T11:33:47.694+0000][8][gc,age      ] GC(62) - age   2:       3872 bytes,    1040824 total
[2022-07-04T11:33:47.694+0000][8][gc,age      ] GC(62) - age   3:       9536 bytes,    1050360 total
[2022-07-04T11:33:47.695+0000][8][gc,age      ] GC(62) - age   4:         80 bytes,    1050440 total
[2022-07-04T11:33:47.695+0000][8][gc,age      ] GC(62) - age   5:       4856 bytes,    1055296 total
[2022-07-04T11:33:47.696+0000][8][gc,age      ] GC(62) - age   6:       5504 bytes,    1060800 total
[2022-07-04T11:33:47.697+0000][8][gc,age      ] GC(62) - age   7:        928 bytes,    1061728 total
[2022-07-04T11:33:47.698+0000][8][gc,age      ] GC(62) - age   8:       1480 bytes,    1063208 total
[2022-07-04T11:33:47.699+0000][8][gc,age      ] GC(62) - age   9:       1552 bytes,    1064760 total
[2022-07-04T11:33:47.700+0000][8][gc,age      ] GC(62) - age  10:       5568 bytes,    1070328 total
[2022-07-04T11:33:47.701+0000][8][gc,age      ] GC(62) - age  11:       2552 bytes,    1072880 total
[2022-07-04T11:33:47.701+0000][8][gc,age      ] GC(62) - age  12:       6304 bytes,    1079184 total
[2022-07-04T11:33:47.702+0000][8][gc,age      ] GC(62) - age  13:      24616 bytes,    1103800 total
[2022-07-04T11:33:47.703+0000][8][gc,age      ] GC(62) - age  14:     117184 bytes,    1220984 total
[2022-07-04T11:33:47.703+0000][8][gc,age      ] GC(62) - age  15:       4072 bytes,    1225056 total
[2022-07-04T11:33:47.704+0000][8][gc,heap     ] GC(62) Eden regions: 75->0(75)
[2022-07-04T11:33:47.705+0000][8][gc,heap     ] GC(62) Survivor regions: 1->1(10)
[2022-07-04T11:33:47.705+0000][8][gc,heap     ] GC(62) Old regions: 22->22
[2022-07-04T11:33:47.706+0000][8][gc,heap     ] GC(62) Archive regions: 2->2
[2022-07-04T11:33:47.707+0000][8][gc,heap     ] GC(62) Humongous regions: 0->0
[2022-07-04T11:33:47.707+0000][8][gc,metaspace] GC(62) Metaspace: 127395K(130752K)->127395K(130752K) NonClass: 110600K(112320K)->110600K(112320K) Class: 16795K(18432K)->16795K(18432K)
[2022-07-04T11:33:47.708+0000][8][gc          ] GC(62) Pause Young (Normal) (G1 Evacuation Pause) 390M->89M(512M) 28.177ms
[2022-07-04T11:33:47.708+0000][8][gc,cpu      ] GC(62) User=0.01s Sys=0.00s Real=0.03s
[2022-07-04T11:33:47.709+0000][8][safepoint   ] Safepoint "G1CollectForAllocation", Time since last: 5737050261 ns, Reaching safepoint: 171564 ns, At safepoint: 29428849 ns, Total: 29600413 ns
[2022-07-04T11:33:57.714+0000][8][safepoint   ] Safepoint "Cleanup", Time since last: 10004991199 ns, Reaching safepoint: 210004 ns, At safepoint: 14965 ns, Total: 224969 ns
[2022-07-04T11:34:08.728+0000][8][safepoint   ] Safepoint "Cleanup", Time since last: 11013484468 ns, Reaching safepoint: 154389 ns, At safepoint: 5582 ns, Total: 159971 ns
[2022-07-04T11:34:11.707+0000][8][safepoint   ] Safepoint "Cleanup", Time since last: 3002926463 ns, Reaching safepoint: 183019 ns, At safepoint: 19546 ns, Total: 202565 ns
[2022-07-04T11:34:14.711+0000][8][safepoint   ] Safepoint "Cleanup", Time since last: 3003009630 ns, Reaching safepoint: 327280 ns, At safepoint: 13726 ns, Total: 341006 ns
[2022-07-04T11:34:41.720+0000][8][safepoint   ] Safepoint "Cleanup", Time since last: 27028221994 ns, Reaching safepoint: 153460 ns, At safepoint: 8380 ns, Total: 161840 ns
[2022-07-04T11:34:44.727+0000][8][safepoint   ] Safepoint "Cleanup", Time since last: 3006412996 ns, Reaching safepoint: 151961 ns, At safepoint: 9796 ns, Total: 161757 ns
[2022-07-04T11:34:45.733+0000][8][safepoint   ] Safepoint "Cleanup", Time since last: 1005798033 ns, Reaching safepoint: 217717 ns, At safepoint: 10084 ns, Total: 227801 ns
[2022-07-04T11:35:06.756+0000][8][safepoint   ] Safepoint "Cleanup", Time since last: 21023217468 ns, Reaching safepoint: 252515 ns, At safepoint: 15540 ns, Total: 268055 ns
[2022-07-04T11:35:11.738+0000][8][safepoint   ] Safepoint "Cleanup", Time since last: 5005416714 ns, Reaching safepoint: 130933 ns, At safepoint: 5873 ns, Total: 136806 ns
[2022-07-04T11:35:12.741+0000][8][safepoint   ] Safepoint "Cleanup", Time since last: 1002535849 ns, Reaching safepoint: 178746 ns, At safepoint: 12979 ns, Total: 191725 ns
[2022-07-04T11:35:14.744+0000][8][safepoint   ] Safepoint "Cleanup", Time since last: 2003206289 ns, Reaching safepoint: 180048 ns, At safepoint: 6666 ns, Total: 186714 ns
[2022-07-04T11:35:17.679+0000][8][gc,start    ] GC(63) Pause Young (Normal) (G1 Evacuation Pause)
[2022-07-04T11:35:17.680+0000][8][gc,task     ] GC(63) Using 4 workers of 4 for evacuation
[2022-07-04T11:35:17.681+0000][8][gc,age      ] GC(63) Desired survivor size 20971520 bytes, new threshold 15 (max threshold 15)
[2022-07-04T11:35:17.685+0000][8][gc,phases   ] GC(63)   Pre Evacuate Collection Set: 0.1ms
[2022-07-04T11:35:17.685+0000][8][gc,phases   ] GC(63)   Merge Heap Roots: 0.1ms
[2022-07-04T11:35:17.686+0000][8][gc,phases   ] GC(63)   Evacuate Collection Set: 2.0ms
[2022-07-04T11:35:17.686+0000][8][gc,phases   ] GC(63)   Post Evacuate Collection Set: 1.0ms
[2022-07-04T11:35:17.687+0000][8][gc,phases   ] GC(63)   Other: 1.3ms
[2022-07-04T11:35:17.687+0000][8][gc,age      ] GC(63) Age table with threshold 15 (max threshold 15)
[2022-07-04T11:35:17.688+0000][8][gc,age      ] GC(63) - age   1:    1011592 bytes,    1011592 total
[2022-07-04T11:35:17.688+0000][8][gc,age      ] GC(63) - age   2:      10544 bytes,    1022136 total
[2022-07-04T11:35:17.689+0000][8][gc,age      ] GC(63) - age   3:       2528 bytes,    1024664 total
[2022-07-04T11:35:17.689+0000][8][gc,age      ] GC(63) - age   4:       9016 bytes,    1033680 total
[2022-07-04T11:35:17.690+0000][8][gc,age      ] GC(63) - age   5:         80 bytes,    1033760 total
[2022-07-04T11:35:17.691+0000][8][gc,age      ] GC(63) - age   6:       4856 bytes,    1038616 total
[2022-07-04T11:35:17.691+0000][8][gc,age      ] GC(63) - age   7:       3584 bytes,    1042200 total
[2022-07-04T11:35:17.692+0000][8][gc,age      ] GC(63) - age   8:        928 bytes,    1043128 total
[2022-07-04T11:35:17.692+0000][8][gc,age      ] GC(63) - age   9:       1480 bytes,    1044608 total
[2022-07-04T11:35:17.693+0000][8][gc,age      ] GC(63) - age  10:       1160 bytes,    1045768 total
[2022-07-04T11:35:17.693+0000][8][gc,age      ] GC(63) - age  11:       5568 bytes,    1051336 total
[2022-07-04T11:35:17.694+0000][8][gc,age      ] GC(63) - age  12:       2168 bytes,    1053504 total
[2022-07-04T11:35:17.694+0000][8][gc,age      ] GC(63) - age  13:       6304 bytes,    1059808 total
[2022-07-04T11:35:17.698+0000][8][gc,age      ] GC(63) - age  14:      24616 bytes,    1084424 total
[2022-07-04T11:35:17.698+0000][8][gc,age      ] GC(63) - age  15:     117184 bytes,    1201608 total
[2022-07-04T11:35:17.699+0000][8][gc,heap     ] GC(63) Eden regions: 75->0(75)
[2022-07-04T11:35:17.700+0000][8][gc,heap     ] GC(63) Survivor regions: 1->1(10)
[2022-07-04T11:35:17.700+0000][8][gc,heap     ] GC(63) Old regions: 22->22
[2022-07-04T11:35:17.702+0000][8][gc,heap     ] GC(63) Archive regions: 2->2
[2022-07-04T11:35:17.702+0000][8][gc,heap     ] GC(63) Humongous regions: 0->0
[2022-07-04T11:35:17.702+0000][8][gc,metaspace] GC(63) Metaspace: 127399K(130752K)->127399K(130752K) NonClass: 110603K(112320K)->110603K(112320K) Class: 16795K(18432K)->16795K(18432K)
[2022-07-04T11:35:17.703+0000][8][gc          ] GC(63) Pause Young (Normal) (G1 Evacuation Pause) 389M->89M(512M) 24.239ms
[2022-07-04T11:35:17.704+0000][8][gc,cpu      ] GC(63) User=0.01s Sys=0.00s Real=0.03s
[2022-07-04T11:35:17.704+0000][8][safepoint   ] Safepoint "G1CollectForAllocation", Time since last: 2934480742 ns, Reaching safepoint: 94977 ns, At safepoint: 25223230 ns, Total: 25318207 ns
[2022-07-04T11:35:29.713+0000][8][safepoint   ] Safepoint "Cleanup", Time since last: 12009142945 ns, Reaching safepoint: 182317 ns, At safepoint: 11287 ns, Total: 193604 ns
[2022-07-04T11:35:41.703+0000][8][safepoint   ] Safepoint "Cleanup", Time since last: 12010063836 ns, Reaching safepoint: 273773 ns, At safepoint: 25506 ns, Total: 299279 ns
[2022-07-04T11:36:02.723+0000][8][safepoint   ] Safepoint "Cleanup", Time since last: 21019837241 ns, Reaching safepoint: 137910 ns, At safepoint: 5963 ns, Total: 143873 ns
[2022-07-04T11:36:35.731+0000][8][safepoint   ] Safepoint "Cleanup", Time since last: 33030371776 ns, Reaching safepoint: 179258 ns, At safepoint: 8568 ns, Total: 187826 ns
[2022-07-04T11:36:47.610+0000][8][gc,start    ] GC(64) Pause Young (Normal) (G1 Evacuation Pause)
[2022-07-04T11:36:47.612+0000][8][gc,task     ] GC(64) Using 4 workers of 4 for evacuation
[2022-07-04T11:36:47.613+0000][8][gc,age      ] GC(64) Desired survivor size 20971520 bytes, new threshold 15 (max threshold 15)
[2022-07-04T11:36:47.619+0000][8][gc,phases   ] GC(64)   Pre Evacuate Collection Set: 0.2ms
[2022-07-04T11:36:47.620+0000][8][gc,phases   ] GC(64)   Merge Heap Roots: 0.1ms
[2022-07-04T11:36:47.621+0000][8][gc,phases   ] GC(64)   Evacuate Collection Set: 3.6ms
[2022-07-04T11:36:47.621+0000][8][gc,phases   ] GC(64)   Post Evacuate Collection Set: 1.1ms
[2022-07-04T11:36:47.622+0000][8][gc,phases   ] GC(64)   Other: 2.2ms
[2022-07-04T11:36:47.623+0000][8][gc,age      ] GC(64) Age table with threshold 15 (max threshold 15)
[2022-07-04T11:36:47.623+0000][8][gc,age      ] GC(64) - age   1:    1410984 bytes,    1410984 total
[2022-07-04T11:36:47.624+0000][8][gc,age      ] GC(64) - age   2:       8584 bytes,    1419568 total
[2022-07-04T11:36:47.625+0000][8][gc,age      ] GC(64) - age   3:       1336 bytes,    1420904 total
[2022-07-04T11:36:47.625+0000][8][gc,age      ] GC(64) - age   4:       1856 bytes,    1422760 total
[2022-07-04T11:36:47.626+0000][8][gc,age      ] GC(64) - age   5:       9016 bytes,    1431776 total
[2022-07-04T11:36:47.626+0000][8][gc,age      ] GC(64) - age   6:         80 bytes,    1431856 total
[2022-07-04T11:36:47.629+0000][8][gc,age      ] GC(64) - age   7:       4856 bytes,    1436712 total
[2022-07-04T11:36:47.630+0000][8][gc,age      ] GC(64) - age   8:       3584 bytes,    1440296 total
[2022-07-04T11:36:47.631+0000][8][gc,age      ] GC(64) - age   9:        896 bytes,    1441192 total
[2022-07-04T11:36:47.632+0000][8][gc,age      ] GC(64) - age  10:       1480 bytes,    1442672 total
[2022-07-04T11:36:47.632+0000][8][gc,age      ] GC(64) - age  11:       1160 bytes,    1443832 total
[2022-07-04T11:36:47.633+0000][8][gc,age      ] GC(64) - age  12:       5568 bytes,    1449400 total
[2022-07-04T11:36:47.633+0000][8][gc,age      ] GC(64) - age  13:       2168 bytes,    1451568 total
[2022-07-04T11:36:47.634+0000][8][gc,age      ] GC(64) - age  14:       6304 bytes,    1457872 total
[2022-07-04T11:36:47.634+0000][8][gc,age      ] GC(64) - age  15:      24616 bytes,    1482488 total
[2022-07-04T11:36:47.635+0000][8][gc,heap     ] GC(64) Eden regions: 75->0(75)
[2022-07-04T11:36:47.635+0000][8][gc,heap     ] GC(64) Survivor regions: 1->1(10)
[2022-07-04T11:36:47.636+0000][8][gc,heap     ] GC(64) Old regions: 22->22
[2022-07-04T11:36:47.636+0000][8][gc,heap     ] GC(64) Archive regions: 2->2
[2022-07-04T11:36:47.637+0000][8][gc,heap     ] GC(64) Humongous regions: 0->0
[2022-07-04T11:36:47.638+0000][8][gc,metaspace] GC(64) Metaspace: 127405K(130752K)->127405K(130752K) NonClass: 110610K(112320K)->110610K(112320K) Class: 16795K(18432K)->16795K(18432K)
[2022-07-04T11:36:47.638+0000][8][gc          ] GC(64) Pause Young (Normal) (G1 Evacuation Pause) 389M->89M(512M) 28.710ms
[2022-07-04T11:36:47.639+0000][8][gc,cpu      ] GC(64) User=0.01s Sys=0.01s Real=0.03s
[2022-07-04T11:36:47.640+0000][8][safepoint   ] Safepoint "G1CollectForAllocation", Time since last: 11899594129 ns, Reaching safepoint: 253155 ns, At safepoint: 29977549 ns, Total: 30230704 ns
[2022-07-04T11:36:48.641+0000][8][safepoint   ] Safepoint "Cleanup", Time since last: 1000861211 ns, Reaching safepoint: 407816 ns, At safepoint: 40551 ns, Total: 448367 ns
[2022-07-04T11:36:54.649+0000][8][safepoint   ] Safepoint "Cleanup", Time since last: 6007377981 ns, Reaching safepoint: 234192 ns, At safepoint: 14442 ns, Total: 248634 ns
[2022-07-04T11:37:00.661+0000][8][safepoint   ] Safepoint "Cleanup", Time since last: 6012490847 ns, Reaching safepoint: 262398 ns, At safepoint: 64926 ns, Total: 327324 ns
[2022-07-04T11:37:06.667+0000][8][safepoint   ] Safepoint "Cleanup", Time since last: 6005122690 ns, Reaching safepoint: 557276 ns, At safepoint: 151929 ns, Total: 709205 ns
[2022-07-04T11:37:08.670+0000][8][safepoint   ] Safepoint "Cleanup", Time since last: 2002621850 ns, Reaching safepoint: 133149 ns, At safepoint: 7081 ns, Total: 140230 ns
[2022-07-04T11:37:50.666+0000][8][safepoint   ] Safepoint "Cleanup", Time since last: 42038649528 ns, Reaching safepoint: 148996 ns, At safepoint: 11279 ns, Total: 160275 ns
[2022-07-04T11:37:53.669+0000][8][safepoint   ] Safepoint "Cleanup", Time since last: 3003375141 ns, Reaching safepoint: 267177 ns, At safepoint: 14631 ns, Total: 281808 ns
[2022-07-04T11:38:11.665+0000][8][safepoint   ] Safepoint "Cleanup", Time since last: 18016653622 ns, Reaching safepoint: 207334 ns, At safepoint: 12161 ns, Total: 219495 ns
[2022-07-04T11:38:12.142+0000][8][gc,start    ] GC(65) Pause Young (Normal) (G1 Evacuation Pause)
[2022-07-04T11:38:12.143+0000][8][gc,task     ] GC(65) Using 4 workers of 4 for evacuation
[2022-07-04T11:38:12.144+0000][8][gc,age      ] GC(65) Desired survivor size 20971520 bytes, new threshold 15 (max threshold 15)
[2022-07-04T11:38:12.149+0000][8][gc,phases   ] GC(65)   Pre Evacuate Collection Set: 0.1ms
[2022-07-04T11:38:12.150+0000][8][gc,phases   ] GC(65)   Merge Heap Roots: 0.1ms
[2022-07-04T11:38:12.150+0000][8][gc,phases   ] GC(65)   Evacuate Collection Set: 3.1ms
[2022-07-04T11:38:12.151+0000][8][gc,phases   ] GC(65)   Post Evacuate Collection Set: 0.9ms
[2022-07-04T11:38:12.151+0000][8][gc,phases   ] GC(65)   Other: 1.4ms
[2022-07-04T11:38:12.152+0000][8][gc,age      ] GC(65) Age table with threshold 15 (max threshold 15)
[2022-07-04T11:38:12.152+0000][8][gc,age      ] GC(65) - age   1:    1410696 bytes,    1410696 total
[2022-07-04T11:38:12.153+0000][8][gc,age      ] GC(65) - age   2:       2520 bytes,    1413216 total
[2022-07-04T11:38:12.153+0000][8][gc,age      ] GC(65) - age   3:       7728 bytes,    1420944 total
[2022-07-04T11:38:12.154+0000][8][gc,age      ] GC(65) - age   4:       1272 bytes,    1422216 total
[2022-07-04T11:38:12.155+0000][8][gc,age      ] GC(65) - age   5:       1856 bytes,    1424072 total
[2022-07-04T11:38:12.155+0000][8][gc,age      ] GC(65) - age   6:       8888 bytes,    1432960 total
[2022-07-04T11:38:12.156+0000][8][gc,age      ] GC(65) - age   7:         80 bytes,    1433040 total
[2022-07-04T11:38:12.159+0000][8][gc,age      ] GC(65) - age   8:       4856 bytes,    1437896 total
[2022-07-04T11:38:12.160+0000][8][gc,age      ] GC(65) - age   9:       3584 bytes,    1441480 total
[2022-07-04T11:38:12.161+0000][8][gc,age      ] GC(65) - age  10:        896 bytes,    1442376 total
[2022-07-04T11:38:12.161+0000][8][gc,age      ] GC(65) - age  11:       1480 bytes,    1443856 total
[2022-07-04T11:38:12.162+0000][8][gc,age      ] GC(65) - age  12:       1160 bytes,    1445016 total
[2022-07-04T11:38:12.163+0000][8][gc,age      ] GC(65) - age  13:       5568 bytes,    1450584 total
[2022-07-04T11:38:12.164+0000][8][gc,age      ] GC(65) - age  14:       2168 bytes,    1452752 total
[2022-07-04T11:38:12.164+0000][8][gc,age      ] GC(65) - age  15:       6304 bytes,    1459056 total
[2022-07-04T11:38:12.165+0000][8][gc,heap     ] GC(65) Eden regions: 75->0(75)
[2022-07-04T11:38:12.165+0000][8][gc,heap     ] GC(65) Survivor regions: 1->1(10)
[2022-07-04T11:38:12.166+0000][8][gc,heap     ] GC(65) Old regions: 22->22
[2022-07-04T11:38:12.166+0000][8][gc,heap     ] GC(65) Archive regions: 2->2
[2022-07-04T11:38:12.167+0000][8][gc,heap     ] GC(65) Humongous regions: 0->0
[2022-07-04T11:38:12.167+0000][8][gc,metaspace] GC(65) Metaspace: 127419K(130752K)->127419K(130752K) NonClass: 110624K(112320K)->110624K(112320K) Class: 16795K(18432K)->16795K(18432K)
[2022-07-04T11:38:12.168+0000][8][gc          ] GC(65) Pause Young (Normal) (G1 Evacuation Pause) 389M->89M(512M) 25.865ms
[2022-07-04T11:38:12.169+0000][8][gc,cpu      ] GC(65) User=0.01s Sys=0.00s Real=0.02s
[2022-07-04T11:38:12.169+0000][8][safepoint   ] Safepoint "G1CollectForAllocation", Time since last: 476848233 ns, Reaching safepoint: 86210 ns, At safepoint: 27117092 ns, Total: 27203302 ns
[2022-07-04T11:38:36.190+0000][8][safepoint   ] Safepoint "Cleanup", Time since last: 24020855542 ns, Reaching safepoint: 262526 ns, At safepoint: 21761 ns, Total: 284287 ns
[2022-07-04T11:38:43.176+0000][8][safepoint   ] Safepoint "Cleanup", Time since last: 7008287963 ns, Reaching safepoint: 193656 ns, At safepoint: 25527 ns, Total: 219183 ns
[2022-07-04T11:38:49.182+0000][8][safepoint   ] Safepoint "Cleanup", Time since last: 6005140037 ns, Reaching safepoint: 208672 ns, At safepoint: 10992 ns, Total: 219664 ns
[2022-07-04T11:38:50.184+0000][8][safepoint   ] Safepoint "Cleanup", Time since last: 1001933363 ns, Reaching safepoint: 134751 ns, At safepoint: 8662 ns, Total: 143413 ns
[2022-07-04T11:38:54.188+0000][8][safepoint   ] Safepoint "Cleanup", Time since last: 4003461060 ns, Reaching safepoint: 262072 ns, At safepoint: 10844 ns, Total: 272916 ns
[2022-07-04T11:39:11.197+0000][8][safepoint   ] Safepoint "Cleanup", Time since last: 17030989956 ns, Reaching safepoint: 225938 ns, At safepoint: 10567 ns, Total: 236505 ns
[2022-07-04T11:39:25.213+0000][8][safepoint   ] Safepoint "Cleanup", Time since last: 14015326505 ns, Reaching safepoint: 369599 ns, At safepoint: 25408 ns, Total: 395007 ns
[2022-07-04T11:39:44.571+0000][8][gc,start    ] GC(66) Pause Young (Normal) (G1 Evacuation Pause)
[2022-07-04T11:39:44.572+0000][8][gc,task     ] GC(66) Using 4 workers of 4 for evacuation
[2022-07-04T11:39:44.576+0000][8][gc,age      ] GC(66) Desired survivor size 20971520 bytes, new threshold 15 (max threshold 15)
[2022-07-04T11:39:44.581+0000][8][gc,phases   ] GC(66)   Pre Evacuate Collection Set: 0.2ms
[2022-07-04T11:39:44.582+0000][8][gc,phases   ] GC(66)   Merge Heap Roots: 0.1ms
[2022-07-04T11:39:44.583+0000][8][gc,phases   ] GC(66)   Evacuate Collection Set: 2.8ms
[2022-07-04T11:39:44.584+0000][8][gc,phases   ] GC(66)   Post Evacuate Collection Set: 1.3ms
[2022-07-04T11:39:44.584+0000][8][gc,phases   ] GC(66)   Other: 4.4ms
[2022-07-04T11:39:44.585+0000][8][gc,age      ] GC(66) Age table with threshold 15 (max threshold 15)
[2022-07-04T11:39:44.586+0000][8][gc,age      ] GC(66) - age   1:    1923216 bytes,    1923216 total
[2022-07-04T11:39:44.587+0000][8][gc,age      ] GC(66) - age   2:      11960 bytes,    1935176 total
[2022-07-04T11:39:44.587+0000][8][gc,age      ] GC(66) - age   3:       1144 bytes,    1936320 total
[2022-07-04T11:39:44.588+0000][8][gc,age      ] GC(66) - age   4:       7728 bytes,    1944048 total
[2022-07-04T11:39:44.588+0000][8][gc,age      ] GC(66) - age   5:       1272 bytes,    1945320 total
[2022-07-04T11:39:44.589+0000][8][gc,age      ] GC(66) - age   6:       1856 bytes,    1947176 total
[2022-07-04T11:39:44.590+0000][8][gc,age      ] GC(66) - age   7:       8680 bytes,    1955856 total
[2022-07-04T11:39:44.591+0000][8][gc,age      ] GC(66) - age   8:         80 bytes,    1955936 total
[2022-07-04T11:39:44.592+0000][8][gc,age      ] GC(66) - age   9:       4856 bytes,    1960792 total
[2022-07-04T11:39:44.593+0000][8][gc,age      ] GC(66) - age  10:       3584 bytes,    1964376 total
[2022-07-04T11:39:44.593+0000][8][gc,age      ] GC(66) - age  11:        896 bytes,    1965272 total
[2022-07-04T11:39:44.594+0000][8][gc,age      ] GC(66) - age  12:       1480 bytes,    1966752 total
[2022-07-04T11:39:44.594+0000][8][gc,age      ] GC(66) - age  13:       1128 bytes,    1967880 total
[2022-07-04T11:39:44.595+0000][8][gc,age      ] GC(66) - age  14:       5568 bytes,    1973448 total
[2022-07-04T11:39:44.595+0000][8][gc,age      ] GC(66) - age  15:       2168 bytes,    1975616 total
[2022-07-04T11:39:44.596+0000][8][gc,heap     ] GC(66) Eden regions: 75->0(75)
[2022-07-04T11:39:44.596+0000][8][gc,heap     ] GC(66) Survivor regions: 1->1(10)
[2022-07-04T11:39:44.597+0000][8][gc,heap     ] GC(66) Old regions: 22->22
[2022-07-04T11:39:44.597+0000][8][gc,heap     ] GC(66) Archive regions: 2->2
[2022-07-04T11:39:44.598+0000][8][gc,heap     ] GC(66) Humongous regions: 0->0
[2022-07-04T11:39:44.598+0000][8][gc,metaspace] GC(66) Metaspace: 127423K(130752K)->127423K(130752K) NonClass: 110627K(112320K)->110627K(112320K) Class: 16795K(18432K)->16795K(18432K)
[2022-07-04T11:39:44.599+0000][8][gc          ] GC(66) Pause Young (Normal) (G1 Evacuation Pause) 389M->90M(512M) 27.431ms
[2022-07-04T11:39:44.599+0000][8][gc,cpu      ] GC(66) User=0.01s Sys=0.01s Real=0.03s
[2022-07-04T11:39:44.600+0000][8][safepoint   ] Safepoint "G1CollectForAllocation", Time since last: 19379852103 ns, Reaching safepoint: 203151 ns, At safepoint: 28753655 ns, Total: 28956806 ns
[2022-07-04T11:40:20.615+0000][8][safepoint   ] Safepoint "Cleanup", Time since last: 36036741129 ns, Reaching safepoint: 176423 ns, At safepoint: 12949 ns, Total: 189372 ns
[2022-07-04T11:40:47.617+0000][8][safepoint   ] Safepoint "Cleanup", Time since last: 27022779761 ns, Reaching safepoint: 258446 ns, At safepoint: 33488 ns, Total: 291934 ns
[2022-07-04T11:41:06.642+0000][8][safepoint   ] Safepoint "Cleanup", Time since last: 19025209424 ns, Reaching safepoint: 101312 ns, At safepoint: 5399 ns, Total: 106711 ns
[2022-07-04T11:41:08.842+0000][8][gc,start    ] GC(67) Pause Young (Normal) (G1 Evacuation Pause)
[2022-07-04T11:41:08.843+0000][8][gc,task     ] GC(67) Using 4 workers of 4 for evacuation
[2022-07-04T11:41:08.844+0000][8][gc,age      ] GC(67) Desired survivor size 20971520 bytes, new threshold 15 (max threshold 15)
[2022-07-04T11:41:08.848+0000][8][gc,phases   ] GC(67)   Pre Evacuate Collection Set: 0.1ms
[2022-07-04T11:41:08.851+0000][8][gc,phases   ] GC(67)   Merge Heap Roots: 0.1ms
[2022-07-04T11:41:08.853+0000][8][gc,phases   ] GC(67)   Evacuate Collection Set: 1.7ms
[2022-07-04T11:41:08.853+0000][8][gc,phases   ] GC(67)   Post Evacuate Collection Set: 1.1ms
[2022-07-04T11:41:08.854+0000][8][gc,phases   ] GC(67)   Other: 1.9ms
[2022-07-04T11:41:08.855+0000][8][gc,age      ] GC(67) Age table with threshold 15 (max threshold 15)
[2022-07-04T11:41:08.855+0000][8][gc,age      ] GC(67) - age   1:     523616 bytes,     523616 total
[2022-07-04T11:41:08.856+0000][8][gc,age      ] GC(67) - age   2:       3112 bytes,     526728 total
[2022-07-04T11:41:08.857+0000][8][gc,age      ] GC(67) - age   3:       1296 bytes,     528024 total
[2022-07-04T11:41:08.857+0000][8][gc,age      ] GC(67) - age   4:        768 bytes,     528792 total
[2022-07-04T11:41:08.858+0000][8][gc,age      ] GC(67) - age   5:       7568 bytes,     536360 total
[2022-07-04T11:41:08.859+0000][8][gc,age      ] GC(67) - age   6:       1272 bytes,     537632 total
[2022-07-04T11:41:08.859+0000][8][gc,age      ] GC(67) - age   7:       1856 bytes,     539488 total
[2022-07-04T11:41:08.860+0000][8][gc,age      ] GC(67) - age   8:       8680 bytes,     548168 total
[2022-07-04T11:41:08.861+0000][8][gc,age      ] GC(67) - age   9:         80 bytes,     548248 total
[2022-07-04T11:41:08.861+0000][8][gc,age      ] GC(67) - age  10:       4856 bytes,     553104 total
[2022-07-04T11:41:08.862+0000][8][gc,age      ] GC(67) - age  11:       3584 bytes,     556688 total
[2022-07-04T11:41:08.863+0000][8][gc,age      ] GC(67) - age  12:        896 bytes,     557584 total
[2022-07-04T11:41:08.864+0000][8][gc,age      ] GC(67) - age  13:       1296 bytes,     558880 total
[2022-07-04T11:41:08.864+0000][8][gc,age      ] GC(67) - age  14:       1128 bytes,     560008 total
[2022-07-04T11:41:08.865+0000][8][gc,age      ] GC(67) - age  15:       5568 bytes,     565576 total
[2022-07-04T11:41:08.866+0000][8][gc,heap     ] GC(67) Eden regions: 75->0(75)
[2022-07-04T11:41:08.867+0000][8][gc,heap     ] GC(67) Survivor regions: 1->1(10)
[2022-07-04T11:41:08.867+0000][8][gc,heap     ] GC(67) Old regions: 22->22
[2022-07-04T11:41:08.868+0000][8][gc,heap     ] GC(67) Archive regions: 2->2
[2022-07-04T11:41:08.869+0000][8][gc,heap     ] GC(67) Humongous regions: 0->0
[2022-07-04T11:41:08.870+0000][8][gc,metaspace] GC(67) Metaspace: 127429K(130752K)->127429K(130752K) NonClass: 110633K(112320K)->110633K(112320K) Class: 16795K(18432K)->16795K(18432K)
[2022-07-04T11:41:08.870+0000][8][gc          ] GC(67) Pause Young (Normal) (G1 Evacuation Pause) 390M->89M(512M) 28.071ms
[2022-07-04T11:41:08.871+0000][8][gc,cpu      ] GC(67) User=0.01s Sys=0.00s Real=0.02s
[2022-07-04T11:41:08.872+0000][8][safepoint   ] Safepoint "G1CollectForAllocation", Time since last: 2199543001 ns, Reaching safepoint: 99231 ns, At safepoint: 29668163 ns, Total: 29767394 ns
[2022-07-04T11:41:10.875+0000][8][safepoint   ] Safepoint "Cleanup", Time since last: 2003114442 ns, Reaching safepoint: 311794 ns, At safepoint: 14296 ns, Total: 326090 ns
[2022-07-04T11:41:11.857+0000][8][safepoint   ] Safepoint "Cleanup", Time since last: 1003244783 ns, Reaching safepoint: 450401 ns, At safepoint: 133147 ns, Total: 583548 ns
[2022-07-04T11:41:40.886+0000][8][safepoint   ] Safepoint "Cleanup", Time since last: 29028871256 ns, Reaching safepoint: 162431 ns, At safepoint: 7666 ns, Total: 170097 ns
[2022-07-04T11:41:41.867+0000][8][safepoint   ] Safepoint "Cleanup", Time since last: 1002262061 ns, Reaching safepoint: 105677 ns, At safepoint: 3957 ns, Total: 109634 ns
[2022-07-04T11:42:10.896+0000][8][safepoint   ] Safepoint "Cleanup", Time since last: 29029000713 ns, Reaching safepoint: 173855 ns, At safepoint: 17742 ns, Total: 191597 ns
[2022-07-04T11:42:23.891+0000][8][safepoint   ] Safepoint "Cleanup", Time since last: 13013931541 ns, Reaching safepoint: 229243 ns, At safepoint: 15937 ns, Total: 245180 ns
[2022-07-04T11:42:36.226+0000][8][gc,start    ] GC(68) Pause Young (Normal) (G1 Evacuation Pause)
[2022-07-04T11:42:36.228+0000][8][gc,task     ] GC(68) Using 4 workers of 4 for evacuation
[2022-07-04T11:42:36.229+0000][8][gc,age      ] GC(68) Desired survivor size 20971520 bytes, new threshold 15 (max threshold 15)
[2022-07-04T11:42:36.234+0000][8][gc,phases   ] GC(68)   Pre Evacuate Collection Set: 0.2ms
[2022-07-04T11:42:36.238+0000][8][gc,phases   ] GC(68)   Merge Heap Roots: 0.1ms
[2022-07-04T11:42:36.240+0000][8][gc,phases   ] GC(68)   Evacuate Collection Set: 2.5ms
[2022-07-04T11:42:36.241+0000][8][gc,phases   ] GC(68)   Post Evacuate Collection Set: 1.8ms
[2022-07-04T11:42:36.243+0000][8][gc,phases   ] GC(68)   Other: 1.8ms
[2022-07-04T11:42:36.244+0000][8][gc,age      ] GC(68) Age table with threshold 15 (max threshold 15)
[2022-07-04T11:42:36.246+0000][8][gc,age      ] GC(68) - age   1:     872296 bytes,     872296 total
[2022-07-04T11:42:36.247+0000][8][gc,age      ] GC(68) - age   2:       2056 bytes,     874352 total
[2022-07-04T11:42:36.251+0000][8][gc,age      ] GC(68) - age   3:       1712 bytes,     876064 total
[2022-07-04T11:42:36.252+0000][8][gc,age      ] GC(68) - age   4:       1296 bytes,     877360 total
[2022-07-04T11:42:36.253+0000][8][gc,age      ] GC(68) - age   5:        768 bytes,     878128 total
[2022-07-04T11:42:36.253+0000][8][gc,age      ] GC(68) - age   6:       7384 bytes,     885512 total
[2022-07-04T11:42:36.255+0000][8][gc,age      ] GC(68) - age   7:        976 bytes,     886488 total
[2022-07-04T11:42:36.257+0000][8][gc,age      ] GC(68) - age   8:       1856 bytes,     888344 total
[2022-07-04T11:42:36.258+0000][8][gc,age      ] GC(68) - age   9:       8680 bytes,     897024 total
[2022-07-04T11:42:36.260+0000][8][gc,age      ] GC(68) - age  10:         80 bytes,     897104 total
[2022-07-04T11:42:36.261+0000][8][gc,age      ] GC(68) - age  11:       4856 bytes,     901960 total
[2022-07-04T11:42:36.262+0000][8][gc,age      ] GC(68) - age  12:       3584 bytes,     905544 total
[2022-07-04T11:42:36.268+0000][8][gc,age      ] GC(68) - age  13:        896 bytes,     906440 total
[2022-07-04T11:42:36.270+0000][8][gc,age      ] GC(68) - age  14:       1296 bytes,     907736 total
[2022-07-04T11:42:36.272+0000][8][gc,age      ] GC(68) - age  15:       1128 bytes,     908864 total
[2022-07-04T11:42:36.273+0000][8][gc,heap     ] GC(68) Eden regions: 75->0(75)
[2022-07-04T11:42:36.274+0000][8][gc,heap     ] GC(68) Survivor regions: 1->1(10)
[2022-07-04T11:42:36.275+0000][8][gc,heap     ] GC(68) Old regions: 22->22
[2022-07-04T11:42:36.276+0000][8][gc,heap     ] GC(68) Archive regions: 2->2
[2022-07-04T11:42:36.277+0000][8][gc,heap     ] GC(68) Humongous regions: 0->0
[2022-07-04T11:42:36.278+0000][8][gc,metaspace] GC(68) Metaspace: 127434K(130752K)->127434K(130752K) NonClass: 110638K(112320K)->110638K(112320K) Class: 16795K(18432K)->16795K(18432K)
[2022-07-04T11:42:36.280+0000][8][gc          ] GC(68) Pause Young (Normal) (G1 Evacuation Pause) 389M->89M(512M) 53.304ms
[2022-07-04T11:42:36.282+0000][8][gc,cpu      ] GC(68) User=0.01s Sys=0.00s Real=0.06s
[2022-07-04T11:42:36.284+0000][8][safepoint   ] Safepoint "G1CollectForAllocation", Time since last: 12335511753 ns, Reaching safepoint: 65055 ns, At safepoint: 57454645 ns, Total: 57519700 ns
[2022-07-04T11:44:06.316+0000][8][safepoint   ] Safepoint "Cleanup", Time since last: 90098962199 ns, Reaching safepoint: 371806 ns, At safepoint: 24340 ns, Total: 396146 ns
[2022-07-04T11:44:06.614+0000][8][gc,start    ] GC(69) Pause Young (Normal) (G1 Evacuation Pause)
[2022-07-04T11:44:06.615+0000][8][gc,task     ] GC(69) Using 4 workers of 4 for evacuation
[2022-07-04T11:44:06.616+0000][8][gc,age      ] GC(69) Desired survivor size 20971520 bytes, new threshold 15 (max threshold 15)
[2022-07-04T11:44:06.621+0000][8][gc,phases   ] GC(69)   Pre Evacuate Collection Set: 0.2ms
[2022-07-04T11:44:06.621+0000][8][gc,phases   ] GC(69)   Merge Heap Roots: 0.0ms
[2022-07-04T11:44:06.622+0000][8][gc,phases   ] GC(69)   Evacuate Collection Set: 2.0ms
[2022-07-04T11:44:06.623+0000][8][gc,phases   ] GC(69)   Post Evacuate Collection Set: 1.3ms
[2022-07-04T11:44:06.623+0000][8][gc,phases   ] GC(69)   Other: 1.8ms
[2022-07-04T11:44:06.624+0000][8][gc,age      ] GC(69) Age table with threshold 15 (max threshold 15)
[2022-07-04T11:44:06.624+0000][8][gc,age      ] GC(69) - age   1:     845752 bytes,     845752 total
[2022-07-04T11:44:06.625+0000][8][gc,age      ] GC(69) - age   2:      11096 bytes,     856848 total
[2022-07-04T11:44:06.626+0000][8][gc,age      ] GC(69) - age   3:        976 bytes,     857824 total
[2022-07-04T11:44:06.626+0000][8][gc,age      ] GC(69) - age   4:       1160 bytes,     858984 total
[2022-07-04T11:44:06.628+0000][8][gc,age      ] GC(69) - age   5:       1296 bytes,     860280 total
[2022-07-04T11:44:06.631+0000][8][gc,age      ] GC(69) - age   6:        768 bytes,     861048 total
[2022-07-04T11:44:06.632+0000][8][gc,age      ] GC(69) - age   7:       7384 bytes,     868432 total
[2022-07-04T11:44:06.633+0000][8][gc,age      ] GC(69) - age   8:        976 bytes,     869408 total
[2022-07-04T11:44:06.634+0000][8][gc,age      ] GC(69) - age   9:       1856 bytes,     871264 total
[2022-07-04T11:44:06.634+0000][8][gc,age      ] GC(69) - age  10:       8680 bytes,     879944 total
[2022-07-04T11:44:06.635+0000][8][gc,age      ] GC(69) - age  11:         80 bytes,     880024 total
[2022-07-04T11:44:06.635+0000][8][gc,age      ] GC(69) - age  12:       4856 bytes,     884880 total
[2022-07-04T11:44:06.636+0000][8][gc,age      ] GC(69) - age  13:       3584 bytes,     888464 total
[2022-07-04T11:44:06.637+0000][8][gc,age      ] GC(69) - age  14:        896 bytes,     889360 total
[2022-07-04T11:44:06.638+0000][8][gc,age      ] GC(69) - age  15:       1296 bytes,     890656 total
[2022-07-04T11:44:06.639+0000][8][gc,heap     ] GC(69) Eden regions: 75->0(75)
[2022-07-04T11:44:06.639+0000][8][gc,heap     ] GC(69) Survivor regions: 1->1(10)
[2022-07-04T11:44:06.640+0000][8][gc,heap     ] GC(69) Old regions: 22->22
[2022-07-04T11:44:06.640+0000][8][gc,heap     ] GC(69) Archive regions: 2->2
[2022-07-04T11:44:06.641+0000][8][gc,heap     ] GC(69) Humongous regions: 0->0
[2022-07-04T11:44:06.641+0000][8][gc,metaspace] GC(69) Metaspace: 127453K(130752K)->127453K(130752K) NonClass: 110657K(112320K)->110657K(112320K) Class: 16795K(18432K)->16795K(18432K)
[2022-07-04T11:44:06.642+0000][8][gc          ] GC(69) Pause Young (Normal) (G1 Evacuation Pause) 389M->89M(512M) 27.653ms
[2022-07-04T11:44:06.643+0000][8][gc,cpu      ] GC(69) User=0.01s Sys=0.00s Real=0.03s
[2022-07-04T11:44:06.643+0000][8][safepoint   ] Safepoint "G1CollectForAllocation", Time since last: 297837875 ns, Reaching safepoint: 119248 ns, At safepoint: 29040762 ns, Total: 29160010 ns
[2022-07-04T11:44:10.647+0000][8][safepoint   ] Safepoint "Cleanup", Time since last: 4003272589 ns, Reaching safepoint: 323644 ns, At safepoint: 7916 ns, Total: 331560 ns
[2022-07-04T11:44:17.632+0000][8][safepoint   ] Safepoint "Cleanup", Time since last: 7005943603 ns, Reaching safepoint: 134137 ns, At safepoint: 11416 ns, Total: 145553 ns
[2022-07-04T11:44:18.634+0000][8][safepoint   ] Safepoint "Cleanup", Time since last: 1002104618 ns, Reaching safepoint: 315151 ns, At safepoint: 19936 ns, Total: 335087 ns
[2022-07-04T11:45:10.666+0000][8][safepoint   ] Safepoint "Cleanup", Time since last: 52053427852 ns, Reaching safepoint: 194637 ns, At safepoint: 10841 ns, Total: 205478 ns
[2022-07-04T11:45:27.670+0000][8][safepoint   ] Safepoint "Cleanup", Time since last: 17025123935 ns, Reaching safepoint: 179244 ns, At safepoint: 31737 ns, Total: 210981 ns
[2022-07-04T11:45:51.070+0000][8][gc,start    ] GC(70) Pause Young (Normal) (G1 Evacuation Pause)
[2022-07-04T11:45:51.071+0000][8][gc,task     ] GC(70) Using 4 workers of 4 for evacuation
[2022-07-04T11:45:51.071+0000][8][gc,age      ] GC(70) Desired survivor size 20971520 bytes, new threshold 15 (max threshold 15)
[2022-07-04T11:45:51.075+0000][8][gc,phases   ] GC(70)   Pre Evacuate Collection Set: 0.1ms
[2022-07-04T11:45:51.075+0000][8][gc,phases   ] GC(70)   Merge Heap Roots: 0.0ms
[2022-07-04T11:45:51.076+0000][8][gc,phases   ] GC(70)   Evacuate Collection Set: 2.0ms
[2022-07-04T11:45:51.077+0000][8][gc,phases   ] GC(70)   Post Evacuate Collection Set: 0.9ms
[2022-07-04T11:45:51.077+0000][8][gc,phases   ] GC(70)   Other: 1.2ms
[2022-07-04T11:45:51.077+0000][8][gc,age      ] GC(70) Age table with threshold 15 (max threshold 15)
[2022-07-04T11:45:51.078+0000][8][gc,age      ] GC(70) - age   1:     454928 bytes,     454928 total
[2022-07-04T11:45:51.078+0000][8][gc,age      ] GC(70) - age   2:       2056 bytes,     456984 total
[2022-07-04T11:45:51.079+0000][8][gc,age      ] GC(70) - age   3:       1136 bytes,     458120 total
[2022-07-04T11:45:51.080+0000][8][gc,age      ] GC(70) - age   4:        392 bytes,     458512 total
[2022-07-04T11:45:51.080+0000][8][gc,age      ] GC(70) - age   5:       1160 bytes,     459672 total
[2022-07-04T11:45:51.081+0000][8][gc,age      ] GC(70) - age   6:       1296 bytes,     460968 total
[2022-07-04T11:45:51.081+0000][8][gc,age      ] GC(70) - age   7:        768 bytes,     461736 total
[2022-07-04T11:45:51.084+0000][8][gc,age      ] GC(70) - age   8:       5464 bytes,     467200 total
[2022-07-04T11:45:51.086+0000][8][gc,age      ] GC(70) - age   9:        976 bytes,     468176 total
[2022-07-04T11:45:51.086+0000][8][gc,age      ] GC(70) - age  10:       1736 bytes,     469912 total
[2022-07-04T11:45:51.087+0000][8][gc,age      ] GC(70) - age  11:       8680 bytes,     478592 total
[2022-07-04T11:45:51.088+0000][8][gc,age      ] GC(70) - age  12:         80 bytes,     478672 total
[2022-07-04T11:45:51.089+0000][8][gc,age      ] GC(70) - age  13:       4856 bytes,     483528 total
[2022-07-04T11:45:51.089+0000][8][gc,age      ] GC(70) - age  14:       3584 bytes,     487112 total
[2022-07-04T11:45:51.090+0000][8][gc,age      ] GC(70) - age  15:        896 bytes,     488008 total
[2022-07-04T11:45:51.090+0000][8][gc,heap     ] GC(70) Eden regions: 75->0(75)
[2022-07-04T11:45:51.091+0000][8][gc,heap     ] GC(70) Survivor regions: 1->1(10)
[2022-07-04T11:45:51.092+0000][8][gc,heap     ] GC(70) Old regions: 22->22
[2022-07-04T11:45:51.092+0000][8][gc,heap     ] GC(70) Archive regions: 2->2
[2022-07-04T11:45:51.093+0000][8][gc,heap     ] GC(70) Humongous regions: 0->0
[2022-07-04T11:45:51.093+0000][8][gc,metaspace] GC(70) Metaspace: 127468K(130752K)->127468K(130752K) NonClass: 110672K(112320K)->110672K(112320K) Class: 16795K(18432K)->16795K(18432K)
[2022-07-04T11:45:51.094+0000][8][gc          ] GC(70) Pause Young (Normal) (G1 Evacuation Pause) 389M->89M(512M) 24.334ms
[2022-07-04T11:45:51.095+0000][8][gc,cpu      ] GC(70) User=0.00s Sys=0.00s Real=0.02s
[2022-07-04T11:45:51.095+0000][8][safepoint   ] Safepoint "G1CollectForAllocation", Time since last: 23421704938 ns, Reaching safepoint: 143031 ns, At safepoint: 25526228 ns, Total: 25669259 ns
[2022-07-04T11:46:11.096+0000][8][safepoint   ] Safepoint "Cleanup", Time since last: 20021571232 ns, Reaching safepoint: 437396 ns, At safepoint: 20697 ns, Total: 458093 ns
[2022-07-04T11:46:16.101+0000][8][safepoint   ] Safepoint "Cleanup", Time since last: 5005211052 ns, Reaching safepoint: 147404 ns, At safepoint: 9447 ns, Total: 156851 ns
[2022-07-04T11:46:21.111+0000][8][safepoint   ] Safepoint "Cleanup", Time since last: 5009502923 ns, Reaching safepoint: 530216 ns, At safepoint: 26767 ns, Total: 556983 ns
[2022-07-04T11:46:34.138+0000][8][safepoint   ] Safepoint "Cleanup", Time since last: 13026680984 ns, Reaching safepoint: 281271 ns, At safepoint: 12139 ns, Total: 293410 ns
[2022-07-04T11:47:09.173+0000][8][safepoint   ] Safepoint "Cleanup", Time since last: 35056676077 ns, Reaching safepoint: 182459 ns, At safepoint: 14306 ns, Total: 196765 ns
[2022-07-04T11:47:11.159+0000][8][safepoint   ] Safepoint "Cleanup", Time since last: 2004451414 ns, Reaching safepoint: 661044 ns, At safepoint: 93167 ns, Total: 754211 ns
[2022-07-04T11:47:22.185+0000][8][safepoint   ] Safepoint "Cleanup", Time since last: 11025526601 ns, Reaching safepoint: 295060 ns, At safepoint: 127816 ns, Total: 422876 ns
[2022-07-04T11:47:45.044+0000][8][gc,start    ] GC(71) Pause Young (Normal) (G1 Evacuation Pause)
[2022-07-04T11:47:45.045+0000][8][gc,task     ] GC(71) Using 4 workers of 4 for evacuation
[2022-07-04T11:47:45.046+0000][8][gc,age      ] GC(71) Desired survivor size 20971520 bytes, new threshold 15 (max threshold 15)
[2022-07-04T11:47:45.052+0000][8][gc,phases   ] GC(71)   Pre Evacuate Collection Set: 0.2ms
[2022-07-04T11:47:45.053+0000][8][gc,phases   ] GC(71)   Merge Heap Roots: 0.1ms
[2022-07-04T11:47:45.053+0000][8][gc,phases   ] GC(71)   Evacuate Collection Set: 3.6ms
[2022-07-04T11:47:45.054+0000][8][gc,phases   ] GC(71)   Post Evacuate Collection Set: 0.9ms
[2022-07-04T11:47:45.055+0000][8][gc,phases   ] GC(71)   Other: 1.4ms
[2022-07-04T11:47:45.056+0000][8][gc,age      ] GC(71) Age table with threshold 15 (max threshold 15)
[2022-07-04T11:47:45.057+0000][8][gc,age      ] GC(71) - age   1:    1236200 bytes,    1236200 total
[2022-07-04T11:47:45.057+0000][8][gc,age      ] GC(71) - age   2:      11056 bytes,    1247256 total
[2022-07-04T11:47:45.058+0000][8][gc,age      ] GC(71) - age   3:        608 bytes,    1247864 total
[2022-07-04T11:47:45.059+0000][8][gc,age      ] GC(71) - age   4:       1112 bytes,    1248976 total
[2022-07-04T11:47:45.062+0000][8][gc,age      ] GC(71) - age   5:        360 bytes,    1249336 total
[2022-07-04T11:47:45.063+0000][8][gc,age      ] GC(71) - age   6:       1160 bytes,    1250496 total
[2022-07-04T11:47:45.064+0000][8][gc,age      ] GC(71) - age   7:       1296 bytes,    1251792 total
[2022-07-04T11:47:45.066+0000][8][gc,age      ] GC(71) - age   8:        768 bytes,    1252560 total
[2022-07-04T11:47:45.066+0000][8][gc,age      ] GC(71) - age   9:       5464 bytes,    1258024 total
[2022-07-04T11:47:45.067+0000][8][gc,age      ] GC(71) - age  10:        792 bytes,    1258816 total
[2022-07-04T11:47:45.068+0000][8][gc,age      ] GC(71) - age  11:       1736 bytes,    1260552 total
[2022-07-04T11:47:45.068+0000][8][gc,age      ] GC(71) - age  12:       8680 bytes,    1269232 total
[2022-07-04T11:47:45.069+0000][8][gc,age      ] GC(71) - age  13:         80 bytes,    1269312 total
[2022-07-04T11:47:45.069+0000][8][gc,age      ] GC(71) - age  14:       4856 bytes,    1274168 total
[2022-07-04T11:47:45.070+0000][8][gc,age      ] GC(71) - age  15:       3584 bytes,    1277752 total
[2022-07-04T11:47:45.071+0000][8][gc,heap     ] GC(71) Eden regions: 75->0(75)
[2022-07-04T11:47:45.071+0000][8][gc,heap     ] GC(71) Survivor regions: 1->1(10)
[2022-07-04T11:47:45.072+0000][8][gc,heap     ] GC(71) Old regions: 22->22
[2022-07-04T11:47:45.072+0000][8][gc,heap     ] GC(71) Archive regions: 2->2
[2022-07-04T11:47:45.073+0000][8][gc,heap     ] GC(71) Humongous regions: 0->0
[2022-07-04T11:47:45.074+0000][8][gc,metaspace] GC(71) Metaspace: 127474K(130752K)->127474K(130752K) NonClass: 110678K(112320K)->110678K(112320K) Class: 16795K(18432K)->16795K(18432K)
[2022-07-04T11:47:45.074+0000][8][gc          ] GC(71) Pause Young (Normal) (G1 Evacuation Pause) 389M->89M(512M) 30.069ms
[2022-07-04T11:47:45.075+0000][8][gc,cpu      ] GC(71) User=0.01s Sys=0.00s Real=0.03s
[2022-07-04T11:47:45.076+0000][8][safepoint   ] Safepoint "G1CollectForAllocation", Time since last: 22882290517 ns, Reaching safepoint: 282414 ns, At safepoint: 31752769 ns, Total: 32035183 ns
[2022-07-04T11:47:58.090+0000][8][safepoint   ] Safepoint "Cleanup", Time since last: 13014015622 ns, Reaching safepoint: 297204 ns, At safepoint: 23720 ns, Total: 320924 ns
[2022-07-04T11:48:22.102+0000][8][safepoint   ] Safepoint "Cleanup", Time since last: 24034037067 ns, Reaching safepoint: 152069 ns, At safepoint: 6569 ns, Total: 158638 ns
[2022-07-04T11:48:33.127+0000][8][safepoint   ] Safepoint "Cleanup", Time since last: 11024649420 ns, Reaching safepoint: 117107 ns, At safepoint: 5216 ns, Total: 122323 ns
[2022-07-04T11:48:52.135+0000][8][safepoint   ] Safepoint "Cleanup", Time since last: 19029618196 ns, Reaching safepoint: 94485 ns, At safepoint: 4404 ns, Total: 98889 ns
[2022-07-04T11:48:58.142+0000][8][safepoint   ] Safepoint "Cleanup", Time since last: 6006817076 ns, Reaching safepoint: 100721 ns, At safepoint: 5430 ns, Total: 106151 ns
[2022-07-04T11:49:11.144+0000][8][safepoint   ] Safepoint "Cleanup", Time since last: 13023645806 ns, Reaching safepoint: 95666 ns, At safepoint: 4890 ns, Total: 100556 ns
[2022-07-04T11:49:27.186+0000][8][safepoint   ] Safepoint "Cleanup", Time since last: 16040890252 ns, Reaching safepoint: 165621 ns, At safepoint: 8424 ns, Total: 174045 ns
[2022-07-04T11:49:39.048+0000][8][gc,start    ] GC(72) Pause Young (Normal) (G1 Evacuation Pause)
[2022-07-04T11:49:39.049+0000][8][gc,task     ] GC(72) Using 4 workers of 4 for evacuation
[2022-07-04T11:49:39.050+0000][8][gc,age      ] GC(72) Desired survivor size 20971520 bytes, new threshold 15 (max threshold 15)
[2022-07-04T11:49:39.055+0000][8][gc,phases   ] GC(72)   Pre Evacuate Collection Set: 0.1ms
[2022-07-04T11:49:39.056+0000][8][gc,phases   ] GC(72)   Merge Heap Roots: 0.1ms
[2022-07-04T11:49:39.056+0000][8][gc,phases   ] GC(72)   Evacuate Collection Set: 2.4ms
[2022-07-04T11:49:39.057+0000][8][gc,phases   ] GC(72)   Post Evacuate Collection Set: 0.9ms
[2022-07-04T11:49:39.057+0000][8][gc,phases   ] GC(72)   Other: 2.0ms
[2022-07-04T11:49:39.058+0000][8][gc,age      ] GC(72) Age table with threshold 15 (max threshold 15)
[2022-07-04T11:49:39.058+0000][8][gc,age      ] GC(72) - age   1:     786968 bytes,     786968 total
[2022-07-04T11:49:39.061+0000][8][gc,age      ] GC(72) - age   2:       1936 bytes,     788904 total
[2022-07-04T11:49:39.062+0000][8][gc,age      ] GC(72) - age   3:      10640 bytes,     799544 total
[2022-07-04T11:49:39.064+0000][8][gc,age      ] GC(72) - age   4:        608 bytes,     800152 total
[2022-07-04T11:49:39.065+0000][8][gc,age      ] GC(72) - age   5:       1112 bytes,     801264 total
[2022-07-04T11:49:39.065+0000][8][gc,age      ] GC(72) - age   6:        360 bytes,     801624 total
[2022-07-04T11:49:39.066+0000][8][gc,age      ] GC(72) - age   7:        976 bytes,     802600 total
[2022-07-04T11:49:39.067+0000][8][gc,age      ] GC(72) - age   8:       1296 bytes,     803896 total
[2022-07-04T11:49:39.067+0000][8][gc,age      ] GC(72) - age   9:        584 bytes,     804480 total
[2022-07-04T11:49:39.068+0000][8][gc,age      ] GC(72) - age  10:       5072 bytes,     809552 total
[2022-07-04T11:49:39.068+0000][8][gc,age      ] GC(72) - age  11:        792 bytes,     810344 total
[2022-07-04T11:49:39.069+0000][8][gc,age      ] GC(72) - age  12:       1736 bytes,     812080 total
[2022-07-04T11:49:39.069+0000][8][gc,age      ] GC(72) - age  13:       8680 bytes,     820760 total
[2022-07-04T11:49:39.070+0000][8][gc,age      ] GC(72) - age  14:         80 bytes,     820840 total
[2022-07-04T11:49:39.071+0000][8][gc,age      ] GC(72) - age  15:       4856 bytes,     825696 total
[2022-07-04T11:49:39.071+0000][8][gc,heap     ] GC(72) Eden regions: 75->0(75)
[2022-07-04T11:49:39.072+0000][8][gc,heap     ] GC(72) Survivor regions: 1->1(10)
[2022-07-04T11:49:39.072+0000][8][gc,heap     ] GC(72) Old regions: 22->22
[2022-07-04T11:49:39.073+0000][8][gc,heap     ] GC(72) Archive regions: 2->2
[2022-07-04T11:49:39.073+0000][8][gc,heap     ] GC(72) Humongous regions: 0->0
[2022-07-04T11:49:39.074+0000][8][gc,metaspace] GC(72) Metaspace: 127532K(130816K)->127532K(130816K) NonClass: 110736K(112384K)->110736K(112384K) Class: 16795K(18432K)->16795K(18432K)
[2022-07-04T11:49:39.074+0000][8][gc          ] GC(72) Pause Young (Normal) (G1 Evacuation Pause) 389M->89M(512M) 26.298ms
[2022-07-04T11:49:39.075+0000][8][gc,cpu      ] GC(72) User=0.01s Sys=0.00s Real=0.03s
[2022-07-04T11:49:39.076+0000][8][safepoint   ] Safepoint "G1CollectForAllocation", Time since last: 11862374763 ns, Reaching safepoint: 213836 ns, At safepoint: 28300148 ns, Total: 28513984 ns
[2022-07-04T11:50:07.086+0000][8][safepoint   ] Safepoint "Cleanup", Time since last: 28030929327 ns, Reaching safepoint: 286073 ns, At safepoint: 12473 ns, Total: 298546 ns
[2022-07-04T11:50:40.114+0000][8][safepoint   ] Safepoint "Cleanup", Time since last: 33049449302 ns, Reaching safepoint: 175748 ns, At safepoint: 11138 ns, Total: 186886 ns
[2022-07-04T11:50:41.095+0000][8][safepoint   ] Safepoint "Cleanup", Time since last: 1002802577 ns, Reaching safepoint: 231744 ns, At safepoint: 148203 ns, Total: 379947 ns
[2022-07-04T11:50:51.115+0000][8][safepoint   ] Safepoint "Cleanup", Time since last: 10019084972 ns, Reaching safepoint: 158021 ns, At safepoint: 33107 ns, Total: 191128 ns
[2022-07-04T11:51:08.146+0000][8][safepoint   ] Safepoint "Cleanup", Time since last: 17030728786 ns, Reaching safepoint: 296935 ns, At safepoint: 18530 ns, Total: 315465 ns
[2022-07-04T11:51:11.131+0000][8][safepoint   ] Safepoint "Cleanup", Time since last: 3006494515 ns, Reaching safepoint: 393685 ns, At safepoint: 14327 ns, Total: 408012 ns
[2022-07-04T11:51:27.031+0000][8][gc,start    ] GC(73) Pause Young (Normal) (G1 Evacuation Pause)
[2022-07-04T11:51:27.032+0000][8][gc,task     ] GC(73) Using 4 workers of 4 for evacuation
[2022-07-04T11:51:27.033+0000][8][gc,age      ] GC(73) Desired survivor size 20971520 bytes, new threshold 15 (max threshold 15)
[2022-07-04T11:51:27.037+0000][8][gc,phases   ] GC(73)   Pre Evacuate Collection Set: 0.1ms
[2022-07-04T11:51:27.038+0000][8][gc,phases   ] GC(73)   Merge Heap Roots: 0.1ms
[2022-07-04T11:51:27.038+0000][8][gc,phases   ] GC(73)   Evacuate Collection Set: 2.4ms
[2022-07-04T11:51:27.039+0000][8][gc,phases   ] GC(73)   Post Evacuate Collection Set: 0.9ms
[2022-07-04T11:51:27.039+0000][8][gc,phases   ] GC(73)   Other: 1.5ms
[2022-07-04T11:51:27.040+0000][8][gc,age      ] GC(73) Age table with threshold 15 (max threshold 15)
[2022-07-04T11:51:27.041+0000][8][gc,age      ] GC(73) - age   1:    1466872 bytes,    1466872 total
[2022-07-04T11:51:27.041+0000][8][gc,age      ] GC(73) - age   2:       3976 bytes,    1470848 total
[2022-07-04T11:51:27.042+0000][8][gc,age      ] GC(73) - age   3:        424 bytes,    1471272 total
[2022-07-04T11:51:27.042+0000][8][gc,age      ] GC(73) - age   4:      10544 bytes,    1481816 total
[2022-07-04T11:51:27.043+0000][8][gc,age      ] GC(73) - age   5:        608 bytes,    1482424 total
[2022-07-04T11:51:27.043+0000][8][gc,age      ] GC(73) - age   6:       1112 bytes,    1483536 total
[2022-07-04T11:51:27.044+0000][8][gc,age      ] GC(73) - age   7:        360 bytes,    1483896 total
[2022-07-04T11:51:27.044+0000][8][gc,age      ] GC(73) - age   8:        976 bytes,    1484872 total
[2022-07-04T11:51:27.045+0000][8][gc,age      ] GC(73) - age   9:       1296 bytes,    1486168 total
[2022-07-04T11:51:27.045+0000][8][gc,age      ] GC(73) - age  10:        584 bytes,    1486752 total
[2022-07-04T11:51:27.046+0000][8][gc,age      ] GC(73) - age  11:       5072 bytes,    1491824 total
[2022-07-04T11:51:27.047+0000][8][gc,age      ] GC(73) - age  12:        792 bytes,    1492616 total
[2022-07-04T11:51:27.047+0000][8][gc,age      ] GC(73) - age  13:       1736 bytes,    1494352 total
[2022-07-04T11:51:27.048+0000][8][gc,age      ] GC(73) - age  14:       8680 bytes,    1503032 total
[2022-07-04T11:51:27.050+0000][8][gc,age      ] GC(73) - age  15:         80 bytes,    1503112 total
[2022-07-04T11:51:27.051+0000][8][gc,heap     ] GC(73) Eden regions: 75->0(75)
[2022-07-04T11:51:27.051+0000][8][gc,heap     ] GC(73) Survivor regions: 1->1(10)
[2022-07-04T11:51:27.052+0000][8][gc,heap     ] GC(73) Old regions: 22->22
[2022-07-04T11:51:27.052+0000][8][gc,heap     ] GC(73) Archive regions: 2->2
[2022-07-04T11:51:27.053+0000][8][gc,heap     ] GC(73) Humongous regions: 0->0
[2022-07-04T11:51:27.054+0000][8][gc,metaspace] GC(73) Metaspace: 127539K(130880K)->127539K(130880K) NonClass: 110743K(112448K)->110743K(112448K) Class: 16795K(18432K)->16795K(18432K)
[2022-07-04T11:51:27.054+0000][8][gc          ] GC(73) Pause Young (Normal) (G1 Evacuation Pause) 389M->89M(512M) 23.513ms
[2022-07-04T11:51:27.055+0000][8][gc,cpu      ] GC(73) User=0.01s Sys=0.00s Real=0.02s
[2022-07-04T11:51:27.055+0000][8][safepoint   ] Safepoint "G1CollectForAllocation", Time since last: 15899227307 ns, Reaching safepoint: 158221 ns, At safepoint: 24508694 ns, Total: 24666915 ns
[2022-07-04T11:51:55.066+0000][8][safepoint   ] Safepoint "Cleanup", Time since last: 28032496249 ns, Reaching safepoint: 180522 ns, At safepoint: 11514 ns, Total: 192036 ns
[2022-07-04T11:52:11.069+0000][8][safepoint   ] Safepoint "Cleanup", Time since last: 16023808300 ns, Reaching safepoint: 183311 ns, At safepoint: 4638 ns, Total: 187949 ns
[2022-07-04T11:52:40.118+0000][8][safepoint   ] Safepoint "Cleanup", Time since last: 29048935646 ns, Reaching safepoint: 263041 ns, At safepoint: 11079 ns, Total: 274120 ns
[2022-07-04T11:52:41.100+0000][8][safepoint   ] Safepoint "Cleanup", Time since last: 1004225355 ns, Reaching safepoint: 293704 ns, At safepoint: 18540 ns, Total: 312244 ns
[2022-07-04T11:52:45.107+0000][8][safepoint   ] Safepoint "Cleanup", Time since last: 4006051624 ns, Reaching safepoint: 266620 ns, At safepoint: 19184 ns, Total: 285804 ns
[2022-07-04T11:53:17.977+0000][8][gc,start    ] GC(74) Pause Young (Normal) (G1 Evacuation Pause)
[2022-07-04T11:53:17.979+0000][8][gc,task     ] GC(74) Using 4 workers of 4 for evacuation
[2022-07-04T11:53:17.979+0000][8][gc,age      ] GC(74) Desired survivor size 20971520 bytes, new threshold 15 (max threshold 15)
[2022-07-04T11:53:17.984+0000][8][gc,phases   ] GC(74)   Pre Evacuate Collection Set: 0.3ms
[2022-07-04T11:53:17.984+0000][8][gc,phases   ] GC(74)   Merge Heap Roots: 0.1ms
[2022-07-04T11:53:17.985+0000][8][gc,phases   ] GC(74)   Evacuate Collection Set: 2.0ms
[2022-07-04T11:53:17.986+0000][8][gc,phases   ] GC(74)   Post Evacuate Collection Set: 1.2ms
[2022-07-04T11:53:17.987+0000][8][gc,phases   ] GC(74)   Other: 1.5ms
[2022-07-04T11:53:17.988+0000][8][gc,age      ] GC(74) Age table with threshold 15 (max threshold 15)
[2022-07-04T11:53:17.988+0000][8][gc,age      ] GC(74) - age   1:     916168 bytes,     916168 total
[2022-07-04T11:53:17.989+0000][8][gc,age      ] GC(74) - age   2:       2912 bytes,     919080 total
[2022-07-04T11:53:17.989+0000][8][gc,age      ] GC(74) - age   3:       2856 bytes,     921936 total
[2022-07-04T11:53:17.990+0000][8][gc,age      ] GC(74) - age   4:        296 bytes,     922232 total
[2022-07-04T11:53:17.993+0000][8][gc,age      ] GC(74) - age   5:      10544 bytes,     932776 total
[2022-07-04T11:53:17.995+0000][8][gc,age      ] GC(74) - age   6:        608 bytes,     933384 total
[2022-07-04T11:53:17.995+0000][8][gc,age      ] GC(74) - age   7:       1112 bytes,     934496 total
[2022-07-04T11:53:17.996+0000][8][gc,age      ] GC(74) - age   8:        360 bytes,     934856 total
[2022-07-04T11:53:17.997+0000][8][gc,age      ] GC(74) - age   9:        976 bytes,     935832 total
[2022-07-04T11:53:17.997+0000][8][gc,age      ] GC(74) - age  10:       1296 bytes,     937128 total
[2022-07-04T11:53:17.998+0000][8][gc,age      ] GC(74) - age  11:        584 bytes,     937712 total
[2022-07-04T11:53:17.999+0000][8][gc,age      ] GC(74) - age  12:       5072 bytes,     942784 total
[2022-07-04T11:53:17.999+0000][8][gc,age      ] GC(74) - age  13:        792 bytes,     943576 total
[2022-07-04T11:53:18.000+0000][8][gc,age      ] GC(74) - age  14:       1736 bytes,     945312 total
[2022-07-04T11:53:18.000+0000][8][gc,age      ] GC(74) - age  15:       8680 bytes,     953992 total
[2022-07-04T11:53:18.001+0000][8][gc,heap     ] GC(74) Eden regions: 75->0(75)
[2022-07-04T11:53:18.001+0000][8][gc,heap     ] GC(74) Survivor regions: 1->1(10)
[2022-07-04T11:53:18.002+0000][8][gc,heap     ] GC(74) Old regions: 22->22
[2022-07-04T11:53:18.003+0000][8][gc,heap     ] GC(74) Archive regions: 2->2
[2022-07-04T11:53:18.003+0000][8][gc,heap     ] GC(74) Humongous regions: 0->0
[2022-07-04T11:53:18.004+0000][8][gc,metaspace] GC(74) Metaspace: 127544K(130880K)->127544K(130880K) NonClass: 110748K(112448K)->110748K(112448K) Class: 16795K(18432K)->16795K(18432K)
[2022-07-04T11:53:18.004+0000][8][gc          ] GC(74) Pause Young (Normal) (G1 Evacuation Pause) 389M->89M(512M) 27.104ms
[2022-07-04T11:53:18.005+0000][8][gc,cpu      ] GC(74) User=0.01s Sys=0.00s Real=0.03s
[2022-07-04T11:53:18.006+0000][8][safepoint   ] Safepoint "G1CollectForAllocation", Time since last: 32891692930 ns, Reaching safepoint: 88390 ns, At safepoint: 28319888 ns, Total: 28408278 ns
[2022-07-04T11:53:19.007+0000][8][safepoint   ] Safepoint "Cleanup", Time since last: 1001520391 ns, Reaching safepoint: 262612 ns, At safepoint: 13329 ns, Total: 275941 ns
[2022-07-04T11:53:25.016+0000][8][safepoint   ] Safepoint "Cleanup", Time since last: 6008514844 ns, Reaching safepoint: 153717 ns, At safepoint: 9362 ns, Total: 163079 ns
[2022-07-04T11:53:37.029+0000][8][safepoint   ] Safepoint "Cleanup", Time since last: 12012240667 ns, Reaching safepoint: 211169 ns, At safepoint: 28957 ns, Total: 240126 ns
[2022-07-04T11:53:44.017+0000][8][safepoint   ] Safepoint "Cleanup", Time since last: 7010331281 ns, Reaching safepoint: 215399 ns, At safepoint: 10989 ns, Total: 226388 ns
[2022-07-04T11:53:55.033+0000][8][safepoint   ] Safepoint "Cleanup", Time since last: 11015529599 ns, Reaching safepoint: 259843 ns, At safepoint: 13454 ns, Total: 273297 ns
[2022-07-04T11:54:00.044+0000][8][safepoint   ] Safepoint "Cleanup", Time since last: 5010745221 ns, Reaching safepoint: 119373 ns, At safepoint: 13158 ns, Total: 132531 ns
[2022-07-04T11:54:06.058+0000][8][safepoint   ] Safepoint "Cleanup", Time since last: 6013447898 ns, Reaching safepoint: 343738 ns, At safepoint: 17723 ns, Total: 361461 ns
[2022-07-04T11:54:11.046+0000][8][safepoint   ] Safepoint "Cleanup", Time since last: 5008786920 ns, Reaching safepoint: 457577 ns, At safepoint: 36134 ns, Total: 493711 ns
[2022-07-04T11:54:45.099+0000][8][gc,start    ] GC(75) Pause Young (Normal) (G1 Evacuation Pause)
[2022-07-04T11:54:45.102+0000][8][gc,task     ] GC(75) Using 4 workers of 4 for evacuation
[2022-07-04T11:54:45.103+0000][8][gc,age      ] GC(75) Desired survivor size 20971520 bytes, new threshold 15 (max threshold 15)
[2022-07-04T11:54:45.112+0000][8][gc,phases   ] GC(75)   Pre Evacuate Collection Set: 0.1ms
[2022-07-04T11:54:45.113+0000][8][gc,phases   ] GC(75)   Merge Heap Roots: 0.1ms
[2022-07-04T11:54:45.114+0000][8][gc,phases   ] GC(75)   Evacuate Collection Set: 3.7ms
[2022-07-04T11:54:45.114+0000][8][gc,phases   ] GC(75)   Post Evacuate Collection Set: 1.2ms
[2022-07-04T11:54:45.115+0000][8][gc,phases   ] GC(75)   Other: 5.7ms
[2022-07-04T11:54:45.115+0000][8][gc,age      ] GC(75) Age table with threshold 15 (max threshold 15)
[2022-07-04T11:54:45.116+0000][8][gc,age      ] GC(75) - age   1:    1161496 bytes,    1161496 total
[2022-07-04T11:54:45.116+0000][8][gc,age      ] GC(75) - age   2:       2248 bytes,    1163744 total
[2022-07-04T11:54:45.117+0000][8][gc,age      ] GC(75) - age   3:       1232 bytes,    1164976 total
[2022-07-04T11:54:45.117+0000][8][gc,age      ] GC(75) - age   4:       2792 bytes,    1167768 total
[2022-07-04T11:54:45.118+0000][8][gc,age      ] GC(75) - age   5:        296 bytes,    1168064 total
[2022-07-04T11:54:45.118+0000][8][gc,age      ] GC(75) - age   6:       8624 bytes,    1176688 total
[2022-07-04T11:54:45.119+0000][8][gc,age      ] GC(75) - age   7:        608 bytes,    1177296 total
[2022-07-04T11:54:45.119+0000][8][gc,age      ] GC(75) - age   8:       1112 bytes,    1178408 total
[2022-07-04T11:54:45.120+0000][8][gc,age      ] GC(75) - age   9:        360 bytes,    1178768 total
[2022-07-04T11:54:45.121+0000][8][gc,age      ] GC(75) - age  10:        976 bytes,    1179744 total
[2022-07-04T11:54:45.122+0000][8][gc,age      ] GC(75) - age  11:       1296 bytes,    1181040 total
[2022-07-04T11:54:45.122+0000][8][gc,age      ] GC(75) - age  12:        584 bytes,    1181624 total
[2022-07-04T11:54:45.123+0000][8][gc,age      ] GC(75) - age  13:       4688 bytes,    1186312 total
[2022-07-04T11:54:45.123+0000][8][gc,age      ] GC(75) - age  14:        792 bytes,    1187104 total
[2022-07-04T11:54:45.124+0000][8][gc,age      ] GC(75) - age  15:       1736 bytes,    1188840 total
[2022-07-04T11:54:45.125+0000][8][gc,heap     ] GC(75) Eden regions: 75->0(75)
[2022-07-04T11:54:45.125+0000][8][gc,heap     ] GC(75) Survivor regions: 1->1(10)
[2022-07-04T11:54:45.126+0000][8][gc,heap     ] GC(75) Old regions: 22->22
[2022-07-04T11:54:45.126+0000][8][gc,heap     ] GC(75) Archive regions: 2->2
[2022-07-04T11:54:45.127+0000][8][gc,heap     ] GC(75) Humongous regions: 0->0
[2022-07-04T11:54:45.127+0000][8][gc,metaspace] GC(75) Metaspace: 127551K(130880K)->127551K(130880K) NonClass: 110756K(112448K)->110756K(112448K) Class: 16795K(18432K)->16795K(18432K)
[2022-07-04T11:54:45.128+0000][8][gc          ] GC(75) Pause Young (Normal) (G1 Evacuation Pause) 389M->89M(512M) 28.353ms
[2022-07-04T11:54:45.129+0000][8][gc,cpu      ] GC(75) User=0.02s Sys=0.00s Real=0.03s
[2022-07-04T11:54:45.129+0000][8][safepoint   ] Safepoint "G1CollectForAllocation", Time since last: 34074932238 ns, Reaching safepoint: 113200 ns, At safepoint: 29732016 ns, Total: 29845216 ns
[2022-07-04T11:55:10.160+0000][8][safepoint   ] Safepoint "Cleanup", Time since last: 25030230804 ns, Reaching safepoint: 563475 ns, At safepoint: 24189 ns, Total: 587664 ns
[2022-07-04T11:55:13.142+0000][8][safepoint   ] Safepoint "Cleanup", Time since last: 3002932685 ns, Reaching safepoint: 825488 ns, At safepoint: 12379 ns, Total: 837867 ns
[2022-07-04T11:55:15.146+0000][8][safepoint   ] Safepoint "Cleanup", Time since last: 2004126258 ns, Reaching safepoint: 326085 ns, At safepoint: 36372 ns, Total: 362457 ns
[2022-07-04T11:55:42.972+0000][8][safepoint   ] Safepoint "Cleanup", Time since last: 27847638234 ns, Reaching safepoint: 277397 ns, At safepoint: 15961 ns, Total: 293358 ns
[2022-07-04T11:55:56.983+0000][8][safepoint   ] Safepoint "Cleanup", Time since last: 14009619137 ns, Reaching safepoint: 518901 ns, At safepoint: 24639 ns, Total: 543540 ns
[2022-07-04T11:56:21.867+0000][8][gc,start    ] GC(76) Pause Young (Normal) (G1 Evacuation Pause)
[2022-07-04T11:56:21.870+0000][8][gc,task     ] GC(76) Using 4 workers of 4 for evacuation
[2022-07-04T11:56:21.871+0000][8][gc,age      ] GC(76) Desired survivor size 20971520 bytes, new threshold 15 (max threshold 15)
[2022-07-04T11:56:21.875+0000][8][gc,phases   ] GC(76)   Pre Evacuate Collection Set: 0.2ms
[2022-07-04T11:56:21.876+0000][8][gc,phases   ] GC(76)   Merge Heap Roots: 0.1ms
[2022-07-04T11:56:21.879+0000][8][gc,phases   ] GC(76)   Evacuate Collection Set: 1.5ms
[2022-07-04T11:56:21.882+0000][8][gc,phases   ] GC(76)   Post Evacuate Collection Set: 0.9ms
[2022-07-04T11:56:21.883+0000][8][gc,phases   ] GC(76)   Other: 2.1ms
[2022-07-04T11:56:21.885+0000][8][gc,age      ] GC(76) Age table with threshold 15 (max threshold 15)
[2022-07-04T11:56:21.886+0000][8][gc,age      ] GC(76) - age   1:     741104 bytes,     741104 total
[2022-07-04T11:56:21.887+0000][8][gc,age      ] GC(76) - age   2:       4304 bytes,     745408 total
[2022-07-04T11:56:21.888+0000][8][gc,age      ] GC(76) - age   3:       1224 bytes,     746632 total
[2022-07-04T11:56:21.889+0000][8][gc,age      ] GC(76) - age   4:        760 bytes,     747392 total
[2022-07-04T11:56:21.889+0000][8][gc,age      ] GC(76) - age   5:       2792 bytes,     750184 total
[2022-07-04T11:56:21.890+0000][8][gc,age      ] GC(76) - age   6:        296 bytes,     750480 total
[2022-07-04T11:56:21.891+0000][8][gc,age      ] GC(76) - age   7:       8624 bytes,     759104 total
[2022-07-04T11:56:21.893+0000][8][gc,age      ] GC(76) - age   8:        608 bytes,     759712 total
[2022-07-04T11:56:21.895+0000][8][gc,age      ] GC(76) - age   9:       1112 bytes,     760824 total
[2022-07-04T11:56:21.898+0000][8][gc,age      ] GC(76) - age  10:        360 bytes,     761184 total
[2022-07-04T11:56:21.900+0000][8][gc,age      ] GC(76) - age  11:        976 bytes,     762160 total
[2022-07-04T11:56:21.902+0000][8][gc,age      ] GC(76) - age  12:       1296 bytes,     763456 total
[2022-07-04T11:56:21.903+0000][8][gc,age      ] GC(76) - age  13:        584 bytes,     764040 total
[2022-07-04T11:56:21.904+0000][8][gc,age      ] GC(76) - age  14:       4688 bytes,     768728 total
[2022-07-04T11:56:21.904+0000][8][gc,age      ] GC(76) - age  15:        792 bytes,     769520 total
[2022-07-04T11:56:21.905+0000][8][gc,heap     ] GC(76) Eden regions: 75->0(75)
[2022-07-04T11:56:21.906+0000][8][gc,heap     ] GC(76) Survivor regions: 1->1(10)
[2022-07-04T11:56:21.907+0000][8][gc,heap     ] GC(76) Old regions: 22->22
[2022-07-04T11:56:21.907+0000][8][gc,heap     ] GC(76) Archive regions: 2->2
[2022-07-04T11:56:21.910+0000][8][gc,heap     ] GC(76) Humongous regions: 0->0
[2022-07-04T11:56:21.911+0000][8][gc,metaspace] GC(76) Metaspace: 127552K(130880K)->127552K(130880K) NonClass: 110756K(112448K)->110756K(112448K) Class: 16795K(18432K)->16795K(18432K)
[2022-07-04T11:56:21.913+0000][8][gc          ] GC(76) Pause Young (Normal) (G1 Evacuation Pause) 389M->89M(512M) 46.135ms
[2022-07-04T11:56:21.916+0000][8][gc,cpu      ] GC(76) User=0.01s Sys=0.01s Real=0.05s
[2022-07-04T11:56:21.918+0000][8][safepoint   ] Safepoint "G1CollectForAllocation", Time since last: 24905289393 ns, Reaching safepoint: 157740 ns, At safepoint: 51215746 ns, Total: 51373486 ns
[2022-07-04T11:57:10.917+0000][8][safepoint   ] Safepoint "Cleanup", Time since last: 49041958289 ns, Reaching safepoint: 235635 ns, At safepoint: 13708 ns, Total: 249343 ns
[2022-07-04T11:57:21.931+0000][8][safepoint   ] Safepoint "Cleanup", Time since last: 11013575030 ns, Reaching safepoint: 249999 ns, At safepoint: 9189 ns, Total: 259188 ns
[2022-07-04T11:57:51.938+0000][8][safepoint   ] Safepoint "Cleanup", Time since last: 30028876761 ns, Reaching safepoint: 176134 ns, At safepoint: 6963 ns, Total: 183097 ns
[2022-07-04T11:58:09.951+0000][8][safepoint   ] Safepoint "Cleanup", Time since last: 18013260499 ns, Reaching safepoint: 184307 ns, At safepoint: 14836 ns, Total: 199143 ns
[2022-07-04T11:58:10.934+0000][8][safepoint   ] Safepoint "Cleanup", Time since last: 1002127826 ns, Reaching safepoint: 159031 ns, At safepoint: 10701 ns, Total: 169732 ns
[2022-07-04T11:58:11.936+0000][8][safepoint   ] Safepoint "Cleanup", Time since last: 1001887777 ns, Reaching safepoint: 312929 ns, At safepoint: 39225 ns, Total: 352154 ns
[2022-07-04T11:58:14.933+0000][8][gc,start    ] GC(77) Pause Young (Normal) (G1 Evacuation Pause)
[2022-07-04T11:58:14.935+0000][8][gc,task     ] GC(77) Using 4 workers of 4 for evacuation
[2022-07-04T11:58:14.936+0000][8][gc,age      ] GC(77) Desired survivor size 20971520 bytes, new threshold 15 (max threshold 15)
[2022-07-04T11:58:14.941+0000][8][gc,phases   ] GC(77)   Pre Evacuate Collection Set: 0.2ms
[2022-07-04T11:58:14.941+0000][8][gc,phases   ] GC(77)   Merge Heap Roots: 0.1ms
[2022-07-04T11:58:14.942+0000][8][gc,phases   ] GC(77)   Evacuate Collection Set: 2.7ms
[2022-07-04T11:58:14.942+0000][8][gc,phases   ] GC(77)   Post Evacuate Collection Set: 1.2ms
[2022-07-04T11:58:14.943+0000][8][gc,phases   ] GC(77)   Other: 1.8ms
[2022-07-04T11:58:14.944+0000][8][gc,age      ] GC(77) Age table with threshold 15 (max threshold 15)
[2022-07-04T11:58:14.944+0000][8][gc,age      ] GC(77) - age   1:    1744600 bytes,    1744600 total
[2022-07-04T11:58:14.945+0000][8][gc,age      ] GC(77) - age   2:       9944 bytes,    1754544 total
[2022-07-04T11:58:14.946+0000][8][gc,age      ] GC(77) - age   3:       2960 bytes,    1757504 total
[2022-07-04T11:58:14.948+0000][8][gc,age      ] GC(77) - age   4:        776 bytes,    1758280 total
[2022-07-04T11:58:14.950+0000][8][gc,age      ] GC(77) - age   5:        760 bytes,    1759040 total
[2022-07-04T11:58:14.951+0000][8][gc,age      ] GC(77) - age   6:       2736 bytes,    1761776 total
[2022-07-04T11:58:14.951+0000][8][gc,age      ] GC(77) - age   7:        112 bytes,    1761888 total
[2022-07-04T11:58:14.953+0000][8][gc,age      ] GC(77) - age   8:       8624 bytes,    1770512 total
[2022-07-04T11:58:14.954+0000][8][gc,age      ] GC(77) - age   9:        608 bytes,    1771120 total
[2022-07-04T11:58:14.955+0000][8][gc,age      ] GC(77) - age  10:       1112 bytes,    1772232 total
[2022-07-04T11:58:14.955+0000][8][gc,age      ] GC(77) - age  11:        360 bytes,    1772592 total
[2022-07-04T11:58:14.956+0000][8][gc,age      ] GC(77) - age  12:        976 bytes,    1773568 total
[2022-07-04T11:58:14.957+0000][8][gc,age      ] GC(77) - age  13:       1296 bytes,    1774864 total
[2022-07-04T11:58:14.957+0000][8][gc,age      ] GC(77) - age  14:        584 bytes,    1775448 total
[2022-07-04T11:58:14.958+0000][8][gc,age      ] GC(77) - age  15:       4688 bytes,    1780136 total
[2022-07-04T11:58:14.958+0000][8][gc,heap     ] GC(77) Eden regions: 75->0(75)
[2022-07-04T11:58:14.959+0000][8][gc,heap     ] GC(77) Survivor regions: 1->1(10)
[2022-07-04T11:58:14.960+0000][8][gc,heap     ] GC(77) Old regions: 22->22
[2022-07-04T11:58:14.960+0000][8][gc,heap     ] GC(77) Archive regions: 2->2
[2022-07-04T11:58:14.961+0000][8][gc,heap     ] GC(77) Humongous regions: 0->0
[2022-07-04T11:58:14.962+0000][8][gc,metaspace] GC(77) Metaspace: 127573K(130944K)->127573K(130944K) NonClass: 110774K(112512K)->110774K(112512K) Class: 16798K(18432K)->16798K(18432K)
[2022-07-04T11:58:14.962+0000][8][gc          ] GC(77) Pause Young (Normal) (G1 Evacuation Pause) 389M->90M(512M) 29.609ms
[2022-07-04T11:58:14.963+0000][8][gc,cpu      ] GC(77) User=0.01s Sys=0.01s Real=0.03s
[2022-07-04T11:58:14.966+0000][8][safepoint   ] Safepoint "G1CollectForAllocation", Time since last: 2996085001 ns, Reaching safepoint: 603781 ns, At safepoint: 33637258 ns, Total: 34241039 ns
[2022-07-04T11:58:33.980+0000][8][safepoint   ] Safepoint "Cleanup", Time since last: 19013304852 ns, Reaching safepoint: 166400 ns, At safepoint: 24762 ns, Total: 191162 ns
[2022-07-04T11:58:40.964+0000][8][safepoint   ] Safepoint "Cleanup", Time since last: 7006697243 ns, Reaching safepoint: 164023 ns, At safepoint: 11453 ns, Total: 175476 ns
[2022-07-04T11:58:44.968+0000][8][safepoint   ] Safepoint "Cleanup", Time since last: 4004036427 ns, Reaching safepoint: 165253 ns, At safepoint: 15730 ns, Total: 180983 ns
[2022-07-04T11:58:50.977+0000][8][safepoint   ] Safepoint "Cleanup", Time since last: 6009111290 ns, Reaching safepoint: 123375 ns, At safepoint: 10257 ns, Total: 133632 ns
[2022-07-04T11:59:09.995+0000][8][safepoint   ] Safepoint "Cleanup", Time since last: 19017682775 ns, Reaching safepoint: 222852 ns, At safepoint: 7006 ns, Total: 229858 ns
[2022-07-04T11:59:10.980+0000][8][safepoint   ] Safepoint "Cleanup", Time since last: 1006638271 ns, Reaching safepoint: 178541 ns, At safepoint: 28847 ns, Total: 207388 ns
[2022-07-04T12:00:09.550+0000][8][gc,start    ] GC(78) Pause Young (Normal) (G1 Evacuation Pause)
[2022-07-04T12:00:09.552+0000][8][gc,task     ] GC(78) Using 4 workers of 4 for evacuation
[2022-07-04T12:00:09.553+0000][8][gc,age      ] GC(78) Desired survivor size 20971520 bytes, new threshold 15 (max threshold 15)
[2022-07-04T12:00:09.557+0000][8][gc,phases   ] GC(78)   Pre Evacuate Collection Set: 0.2ms
[2022-07-04T12:00:09.558+0000][8][gc,phases   ] GC(78)   Merge Heap Roots: 0.2ms
[2022-07-04T12:00:09.558+0000][8][gc,phases   ] GC(78)   Evacuate Collection Set: 1.6ms
[2022-07-04T12:00:09.559+0000][8][gc,phases   ] GC(78)   Post Evacuate Collection Set: 0.9ms
[2022-07-04T12:00:09.560+0000][8][gc,phases   ] GC(78)   Other: 1.9ms
[2022-07-04T12:00:09.560+0000][8][gc,age      ] GC(78) Age table with threshold 15 (max threshold 15)
[2022-07-04T12:00:09.564+0000][8][gc,age      ] GC(78) - age   1:     631600 bytes,     631600 total
[2022-07-04T12:00:09.566+0000][8][gc,age      ] GC(78) - age   2:       6552 bytes,     638152 total
[2022-07-04T12:00:09.567+0000][8][gc,age      ] GC(78) - age   3:       9368 bytes,     647520 total
[2022-07-04T12:00:09.568+0000][8][gc,age      ] GC(78) - age   4:       2664 bytes,     650184 total
[2022-07-04T12:00:09.568+0000][8][gc,age      ] GC(78) - age   5:        776 bytes,     650960 total
[2022-07-04T12:00:09.569+0000][8][gc,age      ] GC(78) - age   6:        760 bytes,     651720 total
[2022-07-04T12:00:09.569+0000][8][gc,age      ] GC(78) - age   7:       2560 bytes,     654280 total
[2022-07-04T12:00:09.570+0000][8][gc,age      ] GC(78) - age   8:        112 bytes,     654392 total
[2022-07-04T12:00:09.570+0000][8][gc,age      ] GC(78) - age   9:       8624 bytes,     663016 total
[2022-07-04T12:00:09.571+0000][8][gc,age      ] GC(78) - age  10:        608 bytes,     663624 total
[2022-07-04T12:00:09.571+0000][8][gc,age      ] GC(78) - age  11:       1112 bytes,     664736 total
[2022-07-04T12:00:09.572+0000][8][gc,age      ] GC(78) - age  12:        360 bytes,     665096 total
[2022-07-04T12:00:09.572+0000][8][gc,age      ] GC(78) - age  13:        944 bytes,     666040 total
[2022-07-04T12:00:09.573+0000][8][gc,age      ] GC(78) - age  14:       1296 bytes,     667336 total
[2022-07-04T12:00:09.573+0000][8][gc,age      ] GC(78) - age  15:        584 bytes,     667920 total
[2022-07-04T12:00:09.574+0000][8][gc,heap     ] GC(78) Eden regions: 75->0(75)
[2022-07-04T12:00:09.574+0000][8][gc,heap     ] GC(78) Survivor regions: 1->1(10)
[2022-07-04T12:00:09.575+0000][8][gc,heap     ] GC(78) Old regions: 22->22
[2022-07-04T12:00:09.575+0000][8][gc,heap     ] GC(78) Archive regions: 2->2
[2022-07-04T12:00:09.576+0000][8][gc,heap     ] GC(78) Humongous regions: 0->0
[2022-07-04T12:00:09.576+0000][8][gc,metaspace] GC(78) Metaspace: 127576K(130944K)->127576K(130944K) NonClass: 110777K(112512K)->110777K(112512K) Class: 16798K(18432K)->16798K(18432K)
[2022-07-04T12:00:09.577+0000][8][gc          ] GC(78) Pause Young (Normal) (G1 Evacuation Pause) 390M->89M(512M) 26.901ms
[2022-07-04T12:00:09.578+0000][8][gc,cpu      ] GC(78) User=0.01s Sys=0.01s Real=0.03s
[2022-07-04T12:00:09.581+0000][8][safepoint   ] Safepoint "G1CollectForAllocation", Time since last: 58591296856 ns, Reaching safepoint: 86759 ns, At safepoint: 31441597 ns, Total: 31528356 ns
[2022-07-04T12:01:10.792+0000][8][safepoint   ] Safepoint "Cleanup", Time since last: 61275239448 ns, Reaching safepoint: 406420 ns, At safepoint: 24150 ns, Total: 430570 ns
[2022-07-04T12:02:02.871+0000][8][gc,start    ] GC(79) Pause Young (Normal) (G1 Evacuation Pause)
[2022-07-04T12:02:02.875+0000][8][gc,task     ] GC(79) Using 4 workers of 4 for evacuation
[2022-07-04T12:02:02.877+0000][8][gc,age      ] GC(79) Desired survivor size 20971520 bytes, new threshold 15 (max threshold 15)
[2022-07-04T12:02:02.882+0000][8][gc,phases   ] GC(79)   Pre Evacuate Collection Set: 0.5ms
[2022-07-04T12:02:02.882+0000][8][gc,phases   ] GC(79)   Merge Heap Roots: 0.2ms
[2022-07-04T12:02:02.883+0000][8][gc,phases   ] GC(79)   Evacuate Collection Set: 2.1ms
[2022-07-04T12:02:02.884+0000][8][gc,phases   ] GC(79)   Post Evacuate Collection Set: 1.3ms
[2022-07-04T12:02:02.885+0000][8][gc,phases   ] GC(79)   Other: 2.5ms
[2022-07-04T12:02:02.885+0000][8][gc,age      ] GC(79) Age table with threshold 15 (max threshold 15)
[2022-07-04T12:02:02.886+0000][8][gc,age      ] GC(79) - age   1:    1288984 bytes,    1288984 total
[2022-07-04T12:02:02.887+0000][8][gc,age      ] GC(79) - age   2:       2056 bytes,    1291040 total
[2022-07-04T12:02:02.887+0000][8][gc,age      ] GC(79) - age   3:       4552 bytes,    1295592 total
[2022-07-04T12:02:02.888+0000][8][gc,age      ] GC(79) - age   4:       9272 bytes,    1304864 total
[2022-07-04T12:02:02.888+0000][8][gc,age      ] GC(79) - age   5:       2664 bytes,    1307528 total
[2022-07-04T12:02:02.889+0000][8][gc,age      ] GC(79) - age   6:        776 bytes,    1308304 total
[2022-07-04T12:02:02.889+0000][8][gc,age      ] GC(79) - age   7:        760 bytes,    1309064 total
[2022-07-04T12:02:02.890+0000][8][gc,age      ] GC(79) - age   8:       2560 bytes,    1311624 total
[2022-07-04T12:02:02.891+0000][8][gc,age      ] GC(79) - age   9:        112 bytes,    1311736 total
[2022-07-04T12:02:02.891+0000][8][gc,age      ] GC(79) - age  10:       8624 bytes,    1320360 total
[2022-07-04T12:02:02.891+0000][8][gc,age      ] GC(79) - age  11:        608 bytes,    1320968 total
[2022-07-04T12:02:02.892+0000][8][gc,age      ] GC(79) - age  12:       1112 bytes,    1322080 total
[2022-07-04T12:02:02.893+0000][8][gc,age      ] GC(79) - age  13:        360 bytes,    1322440 total
[2022-07-04T12:02:02.894+0000][8][gc,age      ] GC(79) - age  14:        944 bytes,    1323384 total
[2022-07-04T12:02:02.894+0000][8][gc,age      ] GC(79) - age  15:       1296 bytes,    1324680 total
[2022-07-04T12:02:02.895+0000][8][gc,heap     ] GC(79) Eden regions: 75->0(75)
[2022-07-04T12:02:02.895+0000][8][gc,heap     ] GC(79) Survivor regions: 1->1(10)
[2022-07-04T12:02:02.896+0000][8][gc,heap     ] GC(79) Old regions: 22->22
[2022-07-04T12:02:02.897+0000][8][gc,heap     ] GC(79) Archive regions: 2->2
[2022-07-04T12:02:02.898+0000][8][gc,heap     ] GC(79) Humongous regions: 0->0
[2022-07-04T12:02:02.898+0000][8][gc,metaspace] GC(79) Metaspace: 127583K(130944K)->127583K(130944K) NonClass: 110784K(112512K)->110784K(112512K) Class: 16798K(18432K)->16798K(18432K)
[2022-07-04T12:02:02.899+0000][8][gc          ] GC(79) Pause Young (Normal) (G1 Evacuation Pause) 389M->89M(512M) 27.652ms
[2022-07-04T12:02:02.900+0000][8][gc,cpu      ] GC(79) User=0.01s Sys=0.00s Real=0.03s
[2022-07-04T12:02:02.901+0000][8][safepoint   ] Safepoint "G1CollectForAllocation", Time since last: 52100916735 ns, Reaching safepoint: 172043 ns, At safepoint: 29342726 ns, Total: 29514769 ns
[2022-07-04T12:02:38.907+0000][8][safepoint   ] Safepoint "Cleanup", Time since last: 36027194962 ns, Reaching safepoint: 115787 ns, At safepoint: 5657 ns, Total: 121444 ns
[2022-07-04T12:03:03.904+0000][8][safepoint   ] Safepoint "Cleanup", Time since last: 25019448713 ns, Reaching safepoint: 172942 ns, At safepoint: 6059 ns, Total: 179001 ns
[2022-07-04T12:03:09.909+0000][8][safepoint   ] Safepoint "Cleanup", Time since last: 6004985919 ns, Reaching safepoint: 179794 ns, At safepoint: 7483 ns, Total: 187277 ns
[2022-07-04T12:03:50.852+0000][8][gc,start    ] GC(80) Pause Young (Normal) (G1 Evacuation Pause)
[2022-07-04T12:03:50.853+0000][8][gc,task     ] GC(80) Using 4 workers of 4 for evacuation
[2022-07-04T12:03:50.854+0000][8][gc,age      ] GC(80) Desired survivor size 20971520 bytes, new threshold 15 (max threshold 15)
[2022-07-04T12:03:50.858+0000][8][gc,phases   ] GC(80)   Pre Evacuate Collection Set: 0.2ms
[2022-07-04T12:03:50.859+0000][8][gc,phases   ] GC(80)   Merge Heap Roots: 0.2ms
[2022-07-04T12:03:50.860+0000][8][gc,phases   ] GC(80)   Evacuate Collection Set: 1.5ms
[2022-07-04T12:03:50.860+0000][8][gc,phases   ] GC(80)   Post Evacuate Collection Set: 1.1ms
[2022-07-04T12:03:50.861+0000][8][gc,phases   ] GC(80)   Other: 1.9ms
[2022-07-04T12:03:50.862+0000][8][gc,age      ] GC(80) Age table with threshold 15 (max threshold 15)
[2022-07-04T12:03:50.863+0000][8][gc,age      ] GC(80) - age   1:     608264 bytes,     608264 total
[2022-07-04T12:03:50.863+0000][8][gc,age      ] GC(80) - age   2:       3376 bytes,     611640 total
[2022-07-04T12:03:50.864+0000][8][gc,age      ] GC(80) - age   3:        928 bytes,     612568 total
[2022-07-04T12:03:50.864+0000][8][gc,age      ] GC(80) - age   4:       4520 bytes,     617088 total
[2022-07-04T12:03:50.865+0000][8][gc,age      ] GC(80) - age   5:       9272 bytes,     626360 total
[2022-07-04T12:03:50.866+0000][8][gc,age      ] GC(80) - age   6:       2480 bytes,     628840 total
[2022-07-04T12:03:50.866+0000][8][gc,age      ] GC(80) - age   7:        776 bytes,     629616 total
[2022-07-04T12:03:50.867+0000][8][gc,age      ] GC(80) - age   8:        760 bytes,     630376 total
[2022-07-04T12:03:50.868+0000][8][gc,age      ] GC(80) - age   9:       2560 bytes,     632936 total
[2022-07-04T12:03:50.868+0000][8][gc,age      ] GC(80) - age  10:        112 bytes,     633048 total
[2022-07-04T12:03:50.869+0000][8][gc,age      ] GC(80) - age  11:       8624 bytes,     641672 total
[2022-07-04T12:03:50.870+0000][8][gc,age      ] GC(80) - age  12:        608 bytes,     642280 total
[2022-07-04T12:03:50.870+0000][8][gc,age      ] GC(80) - age  13:       1112 bytes,     643392 total
[2022-07-04T12:03:50.871+0000][8][gc,age      ] GC(80) - age  14:        360 bytes,     643752 total
[2022-07-04T12:03:50.871+0000][8][gc,age      ] GC(80) - age  15:        944 bytes,     644696 total
[2022-07-04T12:03:50.872+0000][8][gc,heap     ] GC(80) Eden regions: 75->0(75)
[2022-07-04T12:03:50.873+0000][8][gc,heap     ] GC(80) Survivor regions: 1->1(10)
[2022-07-04T12:03:50.873+0000][8][gc,heap     ] GC(80) Old regions: 22->22
[2022-07-04T12:03:50.874+0000][8][gc,heap     ] GC(80) Archive regions: 2->2
[2022-07-04T12:03:50.874+0000][8][gc,heap     ] GC(80) Humongous regions: 0->0
[2022-07-04T12:03:50.875+0000][8][gc,metaspace] GC(80) Metaspace: 127583K(130944K)->127583K(130944K) NonClass: 110784K(112512K)->110784K(112512K) Class: 16798K(18432K)->16798K(18432K)
[2022-07-04T12:03:50.876+0000][8][gc          ] GC(80) Pause Young (Normal) (G1 Evacuation Pause) 389M->89M(512M) 24.577ms
[2022-07-04T12:03:50.877+0000][8][gc,cpu      ] GC(80) User=0.00s Sys=0.00s Real=0.03s
[2022-07-04T12:03:50.878+0000][8][safepoint   ] Safepoint "G1CollectForAllocation", Time since last: 40985174322 ns, Reaching safepoint: 110655 ns, At safepoint: 26066732 ns, Total: 26177387 ns
[2022-07-04T12:04:09.889+0000][8][safepoint   ] Safepoint "Cleanup", Time since last: 19010539404 ns, Reaching safepoint: 171750 ns, At safepoint: 6280 ns, Total: 178030 ns
[2022-07-04T12:04:17.886+0000][8][safepoint   ] Safepoint "Cleanup", Time since last: 8006036595 ns, Reaching safepoint: 190948 ns, At safepoint: 18638 ns, Total: 209586 ns
[2022-07-04T12:04:39.901+0000][8][safepoint   ] Safepoint "Cleanup", Time since last: 22014425792 ns, Reaching safepoint: 341048 ns, At safepoint: 19845 ns, Total: 360893 ns
[2022-07-04T12:04:48.873+0000][8][safepoint   ] Safepoint "Cleanup", Time since last: 9006580980 ns, Reaching safepoint: 324105 ns, At safepoint: 15819 ns, Total: 339924 ns
[2022-07-04T12:05:15.871+0000][8][safepoint   ] Safepoint "Cleanup", Time since last: 27019646751 ns, Reaching safepoint: 185605 ns, At safepoint: 10453 ns, Total: 196058 ns
[2022-07-04T12:05:32.809+0000][8][gc,start    ] GC(81) Pause Young (Normal) (G1 Evacuation Pause)
[2022-07-04T12:05:32.811+0000][8][gc,task     ] GC(81) Using 4 workers of 4 for evacuation
[2022-07-04T12:05:32.812+0000][8][gc,age      ] GC(81) Desired survivor size 20971520 bytes, new threshold 15 (max threshold 15)
[2022-07-04T12:05:32.817+0000][8][gc,phases   ] GC(81)   Pre Evacuate Collection Set: 0.2ms
[2022-07-04T12:05:32.818+0000][8][gc,phases   ] GC(81)   Merge Heap Roots: 0.2ms
[2022-07-04T12:05:32.819+0000][8][gc,phases   ] GC(81)   Evacuate Collection Set: 2.8ms
[2022-07-04T12:05:32.819+0000][8][gc,phases   ] GC(81)   Post Evacuate Collection Set: 1.4ms
[2022-07-04T12:05:32.820+0000][8][gc,phases   ] GC(81)   Other: 1.3ms
[2022-07-04T12:05:32.820+0000][8][gc,age      ] GC(81) Age table with threshold 15 (max threshold 15)
[2022-07-04T12:05:32.821+0000][8][gc,age      ] GC(81) - age   1:    2138680 bytes,    2138680 total
[2022-07-04T12:05:32.822+0000][8][gc,age      ] GC(81) - age   2:       1936 bytes,    2140616 total
[2022-07-04T12:05:32.822+0000][8][gc,age      ] GC(81) - age   3:       1000 bytes,    2141616 total
[2022-07-04T12:05:32.823+0000][8][gc,age      ] GC(81) - age   4:        712 bytes,    2142328 total
[2022-07-04T12:05:32.823+0000][8][gc,age      ] GC(81) - age   5:       4272 bytes,    2146600 total
[2022-07-04T12:05:32.824+0000][8][gc,age      ] GC(81) - age   6:       1256 bytes,    2147856 total
[2022-07-04T12:05:32.825+0000][8][gc,age      ] GC(81) - age   7:        560 bytes,    2148416 total
[2022-07-04T12:05:32.825+0000][8][gc,age      ] GC(81) - age   8:        776 bytes,    2149192 total
[2022-07-04T12:05:32.826+0000][8][gc,age      ] GC(81) - age   9:        760 bytes,    2149952 total
[2022-07-04T12:05:32.826+0000][8][gc,age      ] GC(81) - age  10:       2168 bytes,    2152120 total
[2022-07-04T12:05:32.827+0000][8][gc,age      ] GC(81) - age  11:        112 bytes,    2152232 total
[2022-07-04T12:05:32.828+0000][8][gc,age      ] GC(81) - age  12:       8624 bytes,    2160856 total
[2022-07-04T12:05:32.829+0000][8][gc,age      ] GC(81) - age  13:        608 bytes,    2161464 total
[2022-07-04T12:05:32.829+0000][8][gc,age      ] GC(81) - age  14:       1112 bytes,    2162576 total
[2022-07-04T12:05:32.830+0000][8][gc,age      ] GC(81) - age  15:        360 bytes,    2162936 total
[2022-07-04T12:05:32.830+0000][8][gc,heap     ] GC(81) Eden regions: 75->0(75)
[2022-07-04T12:05:32.831+0000][8][gc,heap     ] GC(81) Survivor regions: 1->1(10)
[2022-07-04T12:05:32.832+0000][8][gc,heap     ] GC(81) Old regions: 22->22
[2022-07-04T12:05:32.833+0000][8][gc,heap     ] GC(81) Archive regions: 2->2
[2022-07-04T12:05:32.834+0000][8][gc,heap     ] GC(81) Humongous regions: 0->0
[2022-07-04T12:05:32.834+0000][8][gc,metaspace] GC(81) Metaspace: 127593K(130944K)->127593K(130944K) NonClass: 110794K(112512K)->110794K(112512K) Class: 16798K(18432K)->16798K(18432K)
[2022-07-04T12:05:32.835+0000][8][gc          ] GC(81) Pause Young (Normal) (G1 Evacuation Pause) 389M->90M(512M) 25.868ms
[2022-07-04T12:05:32.836+0000][8][gc,cpu      ] GC(81) User=0.01s Sys=0.01s Real=0.03s
[2022-07-04T12:05:32.837+0000][8][safepoint   ] Safepoint "G1CollectForAllocation", Time since last: 16937964446 ns, Reaching safepoint: 108896 ns, At safepoint: 27347919 ns, Total: 27456815 ns
[2022-07-04T12:06:09.853+0000][8][safepoint   ] Safepoint "Cleanup", Time since last: 37037073977 ns, Reaching safepoint: 321029 ns, At safepoint: 19440 ns, Total: 340469 ns
[2022-07-04T12:06:26.844+0000][8][safepoint   ] Safepoint "Cleanup", Time since last: 17012930086 ns, Reaching safepoint: 359112 ns, At safepoint: 36804 ns, Total: 395916 ns
[2022-07-04T12:06:40.839+0000][8][safepoint   ] Safepoint "Cleanup", Time since last: 14015165184 ns, Reaching safepoint: 829993 ns, At safepoint: 82083 ns, Total: 912076 ns
[2022-07-04T12:06:45.848+0000][8][safepoint   ] Safepoint "Cleanup", Time since last: 5008902370 ns, Reaching safepoint: 218858 ns, At safepoint: 19140 ns, Total: 237998 ns
[2022-07-04T12:07:18.779+0000][8][gc,start    ] GC(82) Pause Young (Normal) (G1 Evacuation Pause)
[2022-07-04T12:07:18.781+0000][8][gc,task     ] GC(82) Using 4 workers of 4 for evacuation
[2022-07-04T12:07:18.783+0000][8][gc,age      ] GC(82) Desired survivor size 20971520 bytes, new threshold 15 (max threshold 15)
[2022-07-04T12:07:18.788+0000][8][gc,phases   ] GC(82)   Pre Evacuate Collection Set: 0.3ms
[2022-07-04T12:07:18.789+0000][8][gc,phases   ] GC(82)   Merge Heap Roots: 0.2ms
[2022-07-04T12:07:18.790+0000][8][gc,phases   ] GC(82)   Evacuate Collection Set: 2.5ms
[2022-07-04T12:07:18.791+0000][8][gc,phases   ] GC(82)   Post Evacuate Collection Set: 1.6ms
[2022-07-04T12:07:18.792+0000][8][gc,phases   ] GC(82)   Other: 3.1ms
[2022-07-04T12:07:18.792+0000][8][gc,age      ] GC(82) Age table with threshold 15 (max threshold 15)
[2022-07-04T12:07:18.793+0000][8][gc,age      ] GC(82) - age   1:     495520 bytes,     495520 total
[2022-07-04T12:07:18.794+0000][8][gc,age      ] GC(82) - age   2:     359384 bytes,     854904 total
[2022-07-04T12:07:18.794+0000][8][gc,age      ] GC(82) - age   3:       1384 bytes,     856288 total
[2022-07-04T12:07:18.795+0000][8][gc,age      ] GC(82) - age   4:        816 bytes,     857104 total
[2022-07-04T12:07:18.796+0000][8][gc,age      ] GC(82) - age   5:        712 bytes,     857816 total
[2022-07-04T12:07:18.797+0000][8][gc,age      ] GC(82) - age   6:       4272 bytes,     862088 total
[2022-07-04T12:07:18.798+0000][8][gc,age      ] GC(82) - age   7:       1256 bytes,     863344 total
[2022-07-04T12:07:18.798+0000][8][gc,age      ] GC(82) - age   8:        560 bytes,     863904 total
[2022-07-04T12:07:18.799+0000][8][gc,age      ] GC(82) - age   9:        776 bytes,     864680 total
[2022-07-04T12:07:18.800+0000][8][gc,age      ] GC(82) - age  10:        760 bytes,     865440 total
[2022-07-04T12:07:18.800+0000][8][gc,age      ] GC(82) - age  11:       2168 bytes,     867608 total
[2022-07-04T12:07:18.801+0000][8][gc,age      ] GC(82) - age  12:        112 bytes,     867720 total
[2022-07-04T12:07:18.802+0000][8][gc,age      ] GC(82) - age  13:       8624 bytes,     876344 total
[2022-07-04T12:07:18.802+0000][8][gc,age      ] GC(82) - age  14:        608 bytes,     876952 total
[2022-07-04T12:07:18.803+0000][8][gc,age      ] GC(82) - age  15:       1112 bytes,     878064 total
[2022-07-04T12:07:18.804+0000][8][gc,heap     ] GC(82) Eden regions: 75->0(75)
[2022-07-04T12:07:18.804+0000][8][gc,heap     ] GC(82) Survivor regions: 1->1(10)
[2022-07-04T12:07:18.805+0000][8][gc,heap     ] GC(82) Old regions: 22->22
[2022-07-04T12:07:18.806+0000][8][gc,heap     ] GC(82) Archive regions: 2->2
[2022-07-04T12:07:18.806+0000][8][gc,heap     ] GC(82) Humongous regions: 0->0
[2022-07-04T12:07:18.807+0000][8][gc,metaspace] GC(82) Metaspace: 127609K(130944K)->127609K(130944K) NonClass: 110810K(112512K)->110810K(112512K) Class: 16798K(18432K)->16798K(18432K)
[2022-07-04T12:07:18.808+0000][8][gc          ] GC(82) Pause Young (Normal) (G1 Evacuation Pause) 390M->89M(512M) 28.707ms
[2022-07-04T12:07:18.808+0000][8][gc,cpu      ] GC(82) User=0.01s Sys=0.00s Real=0.03s
[2022-07-04T12:07:18.809+0000][8][safepoint   ] Safepoint "G1CollectForAllocation", Time since last: 32952508851 ns, Reaching safepoint: 91854 ns, At safepoint: 30026963 ns, Total: 30118817 ns
[2022-07-04T12:07:39.833+0000][8][safepoint   ] Safepoint "Cleanup", Time since last: 21023775187 ns, Reaching safepoint: 419023 ns, At safepoint: 120342 ns, Total: 539365 ns
[2022-07-04T12:08:10.812+0000][8][safepoint   ] Safepoint "Cleanup", Time since last: 31021620039 ns, Reaching safepoint: 632092 ns, At safepoint: 92249 ns, Total: 724341 ns
[2022-07-04T12:08:18.818+0000][8][safepoint   ] Safepoint "Cleanup", Time since last: 8005478554 ns, Reaching safepoint: 773345 ns, At safepoint: 107789 ns, Total: 881134 ns
[2022-07-04T12:09:09.585+0000][8][gc,start    ] GC(83) Pause Young (Normal) (G1 Evacuation Pause)
[2022-07-04T12:09:09.586+0000][8][gc,task     ] GC(83) Using 4 workers of 4 for evacuation
[2022-07-04T12:09:09.587+0000][8][gc,age      ] GC(83) Desired survivor size 20971520 bytes, new threshold 15 (max threshold 15)
[2022-07-04T12:09:09.593+0000][8][gc,phases   ] GC(83)   Pre Evacuate Collection Set: 0.1ms
[2022-07-04T12:09:09.594+0000][8][gc,phases   ] GC(83)   Merge Heap Roots: 0.1ms
[2022-07-04T12:09:09.595+0000][8][gc,phases   ] GC(83)   Evacuate Collection Set: 2.7ms
[2022-07-04T12:09:09.596+0000][8][gc,phases   ] GC(83)   Post Evacuate Collection Set: 1.1ms
[2022-07-04T12:09:09.597+0000][8][gc,phases   ] GC(83)   Other: 2.4ms
[2022-07-04T12:09:09.597+0000][8][gc,age      ] GC(83) Age table with threshold 15 (max threshold 15)
[2022-07-04T12:09:09.598+0000][8][gc,age      ] GC(83) - age   1:    1334720 bytes,    1334720 total
[2022-07-04T12:09:09.599+0000][8][gc,age      ] GC(83) - age   2:      11616 bytes,    1346336 total
[2022-07-04T12:09:09.599+0000][8][gc,age      ] GC(83) - age   3:     357872 bytes,    1704208 total
[2022-07-04T12:09:09.600+0000][8][gc,age      ] GC(83) - age   4:       1352 bytes,    1705560 total
[2022-07-04T12:09:09.601+0000][8][gc,age      ] GC(83) - age   5:        816 bytes,    1706376 total
[2022-07-04T12:09:09.601+0000][8][gc,age      ] GC(83) - age   6:        560 bytes,    1706936 total
[2022-07-04T12:09:09.602+0000][8][gc,age      ] GC(83) - age   7:       4272 bytes,    1711208 total
[2022-07-04T12:09:09.603+0000][8][gc,age      ] GC(83) - age   8:       1072 bytes,    1712280 total
[2022-07-04T12:09:09.604+0000][8][gc,age      ] GC(83) - age   9:        560 bytes,    1712840 total
[2022-07-04T12:09:09.604+0000][8][gc,age      ] GC(83) - age  10:        776 bytes,    1713616 total
[2022-07-04T12:09:09.605+0000][8][gc,age      ] GC(83) - age  11:        760 bytes,    1714376 total
[2022-07-04T12:09:09.606+0000][8][gc,age      ] GC(83) - age  12:       2136 bytes,    1716512 total
[2022-07-04T12:09:09.607+0000][8][gc,age      ] GC(83) - age  13:        112 bytes,    1716624 total
[2022-07-04T12:09:09.607+0000][8][gc,age      ] GC(83) - age  14:       8624 bytes,    1725248 total
[2022-07-04T12:09:09.608+0000][8][gc,age      ] GC(83) - age  15:        608 bytes,    1725856 total
[2022-07-04T12:09:09.608+0000][8][gc,heap     ] GC(83) Eden regions: 75->0(75)
[2022-07-04T12:09:09.609+0000][8][gc,heap     ] GC(83) Survivor regions: 1->1(10)
[2022-07-04T12:09:09.610+0000][8][gc,heap     ] GC(83) Old regions: 22->22
[2022-07-04T12:09:09.610+0000][8][gc,heap     ] GC(83) Archive regions: 2->2
[2022-07-04T12:09:09.611+0000][8][gc,heap     ] GC(83) Humongous regions: 0->0
[2022-07-04T12:09:09.612+0000][8][gc,metaspace] GC(83) Metaspace: 127613K(130944K)->127613K(130944K) NonClass: 110814K(112512K)->110814K(112512K) Class: 16798K(18432K)->16798K(18432K)
[2022-07-04T12:09:09.613+0000][8][gc          ] GC(83) Pause Young (Normal) (G1 Evacuation Pause) 389M->90M(512M) 27.838ms
[2022-07-04T12:09:09.614+0000][8][gc,cpu      ] GC(83) User=0.01s Sys=0.00s Real=0.03s
[2022-07-04T12:09:09.614+0000][8][safepoint   ] Safepoint "G1CollectForAllocation", Time since last: 50787435707 ns, Reaching safepoint: 122727 ns, At safepoint: 29390633 ns, Total: 29513360 ns
[2022-07-04T12:09:13.596+0000][8][safepoint   ] Safepoint "Cleanup", Time since last: 4003672578 ns, Reaching safepoint: 215340 ns, At safepoint: 5497 ns, Total: 220837 ns
[2022-07-04T12:09:45.613+0000][8][safepoint   ] Safepoint "Cleanup", Time since last: 32037110523 ns, Reaching safepoint: 653417 ns, At safepoint: 47502 ns, Total: 700919 ns
[2022-07-04T12:10:50.706+0000][8][gc,start    ] GC(84) Pause Young (Normal) (G1 Evacuation Pause)
[2022-07-04T12:10:50.707+0000][8][gc,task     ] GC(84) Using 4 workers of 4 for evacuation
[2022-07-04T12:10:50.708+0000][8][gc,age      ] GC(84) Desired survivor size 20971520 bytes, new threshold 15 (max threshold 15)
[2022-07-04T12:10:50.711+0000][8][gc,phases   ] GC(84)   Pre Evacuate Collection Set: 0.2ms
[2022-07-04T12:10:50.712+0000][8][gc,phases   ] GC(84)   Merge Heap Roots: 0.1ms
[2022-07-04T12:10:50.713+0000][8][gc,phases   ] GC(84)   Evacuate Collection Set: 1.8ms
[2022-07-04T12:10:50.714+0000][8][gc,phases   ] GC(84)   Post Evacuate Collection Set: 0.8ms
[2022-07-04T12:10:50.714+0000][8][gc,phases   ] GC(84)   Other: 1.2ms
[2022-07-04T12:10:50.715+0000][8][gc,age      ] GC(84) Age table with threshold 15 (max threshold 15)
[2022-07-04T12:10:50.716+0000][8][gc,age      ] GC(84) - age   1:     818800 bytes,     818800 total
[2022-07-04T12:10:50.717+0000][8][gc,age      ] GC(84) - age   2:       9680 bytes,     828480 total
[2022-07-04T12:10:50.717+0000][8][gc,age      ] GC(84) - age   3:      10720 bytes,     839200 total
[2022-07-04T12:10:50.718+0000][8][gc,age      ] GC(84) - age   4:     253488 bytes,    1092688 total
[2022-07-04T12:10:50.718+0000][8][gc,age      ] GC(84) - age   5:       1352 bytes,    1094040 total
[2022-07-04T12:10:50.719+0000][8][gc,age      ] GC(84) - age   6:        816 bytes,    1094856 total
[2022-07-04T12:10:50.720+0000][8][gc,age      ] GC(84) - age   7:        560 bytes,    1095416 total
[2022-07-04T12:10:50.720+0000][8][gc,age      ] GC(84) - age   8:       4272 bytes,    1099688 total
[2022-07-04T12:10:50.721+0000][8][gc,age      ] GC(84) - age   9:       1072 bytes,    1100760 total
[2022-07-04T12:10:50.721+0000][8][gc,age      ] GC(84) - age  10:        560 bytes,    1101320 total
[2022-07-04T12:10:50.722+0000][8][gc,age      ] GC(84) - age  11:        776 bytes,    1102096 total
[2022-07-04T12:10:50.723+0000][8][gc,age      ] GC(84) - age  12:        760 bytes,    1102856 total
[2022-07-04T12:10:50.724+0000][8][gc,age      ] GC(84) - age  13:       2136 bytes,    1104992 total
[2022-07-04T12:10:50.725+0000][8][gc,age      ] GC(84) - age  14:        112 bytes,    1105104 total
[2022-07-04T12:10:50.726+0000][8][gc,age      ] GC(84) - age  15:       8440 bytes,    1113544 total
[2022-07-04T12:10:50.727+0000][8][gc,heap     ] GC(84) Eden regions: 75->0(75)
[2022-07-04T12:10:50.728+0000][8][gc,heap     ] GC(84) Survivor regions: 1->1(10)
[2022-07-04T12:10:50.730+0000][8][gc,heap     ] GC(84) Old regions: 22->22
[2022-07-04T12:10:50.732+0000][8][gc,heap     ] GC(84) Archive regions: 2->2
[2022-07-04T12:10:50.733+0000][8][gc,heap     ] GC(84) Humongous regions: 0->0
[2022-07-04T12:10:50.734+0000][8][gc,metaspace] GC(84) Metaspace: 127621K(131008K)->127621K(131008K) NonClass: 110822K(112576K)->110822K(112576K) Class: 16798K(18432K)->16798K(18432K)
[2022-07-04T12:10:50.734+0000][8][gc          ] GC(84) Pause Young (Normal) (G1 Evacuation Pause) 390M->89M(512M) 27.898ms
[2022-07-04T12:10:50.735+0000][8][gc,cpu      ] GC(84) User=0.01s Sys=0.00s Real=0.03s
[2022-07-04T12:10:50.735+0000][8][safepoint   ] Safepoint "G1CollectForAllocation", Time since last: 65136828278 ns, Reaching safepoint: 83910 ns, At safepoint: 28997283 ns, Total: 29081193 ns
[2022-07-04T12:11:31.755+0000][8][safepoint   ] Safepoint "Cleanup", Time since last: 41040694708 ns, Reaching safepoint: 490883 ns, At safepoint: 62304 ns, Total: 553187 ns
[2022-07-04T12:11:38.766+0000][8][safepoint   ] Safepoint "Cleanup", Time since last: 7011011696 ns, Reaching safepoint: 457232 ns, At safepoint: 34637 ns, Total: 491869 ns
[2022-07-04T12:11:39.772+0000][8][safepoint   ] Safepoint "Cleanup", Time since last: 1004512370 ns, Reaching safepoint: 567744 ns, At safepoint: 43303 ns, Total: 611047 ns
[2022-07-04T12:11:40.753+0000][8][safepoint   ] Safepoint "Cleanup", Time since last: 1002274620 ns, Reaching safepoint: 847037 ns, At safepoint: 19025 ns, Total: 866062 ns
[2022-07-04T12:11:44.757+0000][8][safepoint   ] Safepoint "Cleanup", Time since last: 4003252323 ns, Reaching safepoint: 224665 ns, At safepoint: 10895 ns, Total: 235560 ns
[2022-07-04T12:12:09.776+0000][8][safepoint   ] Safepoint "Cleanup", Time since last: 25019090785 ns, Reaching safepoint: 165241 ns, At safepoint: 4682 ns, Total: 169923 ns
[2022-07-04T12:12:41.681+0000][8][gc,start    ] GC(85) Pause Young (Normal) (G1 Evacuation Pause)
[2022-07-04T12:12:41.682+0000][8][gc,task     ] GC(85) Using 4 workers of 4 for evacuation
[2022-07-04T12:12:41.683+0000][8][gc,age      ] GC(85) Desired survivor size 20971520 bytes, new threshold 15 (max threshold 15)
[2022-07-04T12:12:41.687+0000][8][gc,phases   ] GC(85)   Pre Evacuate Collection Set: 0.2ms
[2022-07-04T12:12:41.688+0000][8][gc,phases   ] GC(85)   Merge Heap Roots: 0.1ms
[2022-07-04T12:12:41.689+0000][8][gc,phases   ] GC(85)   Evacuate Collection Set: 2.3ms
[2022-07-04T12:12:41.690+0000][8][gc,phases   ] GC(85)   Post Evacuate Collection Set: 1.1ms
[2022-07-04T12:12:41.690+0000][8][gc,phases   ] GC(85)   Other: 1.3ms
[2022-07-04T12:12:41.691+0000][8][gc,age      ] GC(85) Age table with threshold 15 (max threshold 15)
[2022-07-04T12:12:41.691+0000][8][gc,age      ] GC(85) - age   1:    1147264 bytes,    1147264 total
[2022-07-04T12:12:41.692+0000][8][gc,age      ] GC(85) - age   2:     132432 bytes,    1279696 total
[2022-07-04T12:12:41.692+0000][8][gc,age      ] GC(85) - age   3:       8592 bytes,    1288288 total
[2022-07-04T12:12:41.693+0000][8][gc,age      ] GC(85) - age   4:       2704 bytes,    1290992 total
[2022-07-04T12:12:41.693+0000][8][gc,age      ] GC(85) - age   5:     253064 bytes,    1544056 total
[2022-07-04T12:12:41.694+0000][8][gc,age      ] GC(85) - age   6:       1352 bytes,    1545408 total
[2022-07-04T12:12:41.694+0000][8][gc,age      ] GC(85) - age   7:        816 bytes,    1546224 total
[2022-07-04T12:12:41.695+0000][8][gc,age      ] GC(85) - age   8:        560 bytes,    1546784 total
[2022-07-04T12:12:41.695+0000][8][gc,age      ] GC(85) - age   9:       4272 bytes,    1551056 total
[2022-07-04T12:12:41.696+0000][8][gc,age      ] GC(85) - age  10:       1072 bytes,    1552128 total
[2022-07-04T12:12:41.696+0000][8][gc,age      ] GC(85) - age  11:        560 bytes,    1552688 total
[2022-07-04T12:12:41.697+0000][8][gc,age      ] GC(85) - age  12:        776 bytes,    1553464 total
[2022-07-04T12:12:41.697+0000][8][gc,age      ] GC(85) - age  13:        760 bytes,    1554224 total
[2022-07-04T12:12:41.698+0000][8][gc,age      ] GC(85) - age  14:       2136 bytes,    1556360 total
[2022-07-04T12:12:41.698+0000][8][gc,age      ] GC(85) - age  15:        112 bytes,    1556472 total
[2022-07-04T12:12:41.699+0000][8][gc,heap     ] GC(85) Eden regions: 75->0(75)
[2022-07-04T12:12:41.700+0000][8][gc,heap     ] GC(85) Survivor regions: 1->1(10)
[2022-07-04T12:12:41.700+0000][8][gc,heap     ] GC(85) Old regions: 22->22
[2022-07-04T12:12:41.701+0000][8][gc,heap     ] GC(85) Archive regions: 2->2
[2022-07-04T12:12:41.702+0000][8][gc,heap     ] GC(85) Humongous regions: 0->0
[2022-07-04T12:12:41.703+0000][8][gc,metaspace] GC(85) Metaspace: 127624K(131008K)->127624K(131008K) NonClass: 110825K(112576K)->110825K(112576K) Class: 16798K(18432K)->16798K(18432K)
[2022-07-04T12:12:41.703+0000][8][gc          ] GC(85) Pause Young (Normal) (G1 Evacuation Pause) 389M->90M(512M) 21.950ms
[2022-07-04T12:12:41.704+0000][8][gc,cpu      ] GC(85) User=0.01s Sys=0.00s Real=0.02s
[2022-07-04T12:12:41.704+0000][8][safepoint   ] Safepoint "G1CollectForAllocation", Time since last: 31948524541 ns, Reaching safepoint: 107675 ns, At safepoint: 23134990 ns, Total: 23242665 ns
[2022-07-04T12:12:44.710+0000][8][safepoint   ] Safepoint "Cleanup", Time since last: 3005232075 ns, Reaching safepoint: 67342 ns, At safepoint: 3543 ns, Total: 70885 ns
[2022-07-04T12:13:00.733+0000][8][safepoint   ] Safepoint "Cleanup", Time since last: 16023110445 ns, Reaching safepoint: 202037 ns, At safepoint: 7806 ns, Total: 209843 ns
[2022-07-04T12:13:06.743+0000][8][safepoint   ] Safepoint "Cleanup", Time since last: 6009548119 ns, Reaching safepoint: 116945 ns, At safepoint: 7227 ns, Total: 124172 ns
[2022-07-04T12:13:23.744+0000][8][safepoint   ] Safepoint "Cleanup", Time since last: 17022826435 ns, Reaching safepoint: 331253 ns, At safepoint: 24859 ns, Total: 356112 ns
[2022-07-04T12:13:39.772+0000][8][safepoint   ] Safepoint "Cleanup", Time since last: 16026315130 ns, Reaching safepoint: 752107 ns, At safepoint: 97592 ns, Total: 849699 ns
[2022-07-04T12:13:56.787+0000][8][safepoint   ] Safepoint "Cleanup", Time since last: 17036792045 ns, Reaching safepoint: 444733 ns, At safepoint: 17844 ns, Total: 462577 ns
[2022-07-04T12:13:57.791+0000][8][safepoint   ] Safepoint "Cleanup", Time since last: 1003191671 ns, Reaching safepoint: 304927 ns, At safepoint: 15409 ns, Total: 320336 ns
[2022-07-04T12:14:08.680+0000][8][gc,start    ] GC(86) Pause Young (Normal) (G1 Evacuation Pause)
[2022-07-04T12:14:08.681+0000][8][gc,task     ] GC(86) Using 4 workers of 4 for evacuation
[2022-07-04T12:14:08.682+0000][8][gc,age      ] GC(86) Desired survivor size 20971520 bytes, new threshold 15 (max threshold 15)
[2022-07-04T12:14:08.686+0000][8][gc,phases   ] GC(86)   Pre Evacuate Collection Set: 0.2ms
[2022-07-04T12:14:08.687+0000][8][gc,phases   ] GC(86)   Merge Heap Roots: 0.1ms
[2022-07-04T12:14:08.687+0000][8][gc,phases   ] GC(86)   Evacuate Collection Set: 2.2ms
[2022-07-04T12:14:08.688+0000][8][gc,phases   ] GC(86)   Post Evacuate Collection Set: 0.9ms
[2022-07-04T12:14:08.688+0000][8][gc,phases   ] GC(86)   Other: 1.4ms
[2022-07-04T12:14:08.689+0000][8][gc,age      ] GC(86) Age table with threshold 15 (max threshold 15)
[2022-07-04T12:14:08.689+0000][8][gc,age      ] GC(86) - age   1:    1061800 bytes,    1061800 total
[2022-07-04T12:14:08.690+0000][8][gc,age      ] GC(86) - age   2:      10608 bytes,    1072408 total
[2022-07-04T12:14:08.691+0000][8][gc,age      ] GC(86) - age   3:     131816 bytes,    1204224 total
[2022-07-04T12:14:08.691+0000][8][gc,age      ] GC(86) - age   4:        480 bytes,    1204704 total
[2022-07-04T12:14:08.691+0000][8][gc,age      ] GC(86) - age   5:       2704 bytes,    1207408 total
[2022-07-04T12:14:08.692+0000][8][gc,age      ] GC(86) - age   6:     253064 bytes,    1460472 total
[2022-07-04T12:14:08.693+0000][8][gc,age      ] GC(86) - age   7:       1352 bytes,    1461824 total
[2022-07-04T12:14:08.693+0000][8][gc,age      ] GC(86) - age   8:        816 bytes,    1462640 total
[2022-07-04T12:14:08.694+0000][8][gc,age      ] GC(86) - age   9:        560 bytes,    1463200 total
[2022-07-04T12:14:08.694+0000][8][gc,age      ] GC(86) - age  10:       4272 bytes,    1467472 total
[2022-07-04T12:14:08.695+0000][8][gc,age      ] GC(86) - age  11:       1072 bytes,    1468544 total
[2022-07-04T12:14:08.695+0000][8][gc,age      ] GC(86) - age  12:        176 bytes,    1468720 total
[2022-07-04T12:14:08.696+0000][8][gc,age      ] GC(86) - age  13:        776 bytes,    1469496 total
[2022-07-04T12:14:08.696+0000][8][gc,age      ] GC(86) - age  14:        760 bytes,    1470256 total
[2022-07-04T12:14:08.697+0000][8][gc,age      ] GC(86) - age  15:       2136 bytes,    1472392 total
[2022-07-04T12:14:08.698+0000][8][gc,heap     ] GC(86) Eden regions: 75->0(75)
[2022-07-04T12:14:08.698+0000][8][gc,heap     ] GC(86) Survivor regions: 1->1(10)
[2022-07-04T12:14:08.699+0000][8][gc,heap     ] GC(86) Old regions: 22->22
[2022-07-04T12:14:08.699+0000][8][gc,heap     ] GC(86) Archive regions: 2->2
[2022-07-04T12:14:08.700+0000][8][gc,heap     ] GC(86) Humongous regions: 0->0
[2022-07-04T12:14:08.700+0000][8][gc,metaspace] GC(86) Metaspace: 127626K(131008K)->127626K(131008K) NonClass: 110828K(112576K)->110828K(112576K) Class: 16798K(18432K)->16798K(18432K)
[2022-07-04T12:14:08.701+0000][8][gc          ] GC(86) Pause Young (Normal) (G1 Evacuation Pause) 390M->90M(512M) 21.242ms
[2022-07-04T12:14:08.702+0000][8][gc,cpu      ] GC(86) User=0.01s Sys=0.01s Real=0.02s
[2022-07-04T12:14:08.702+0000][8][safepoint   ] Safepoint "G1CollectForAllocation", Time since last: 10888994762 ns, Reaching safepoint: 89488 ns, At safepoint: 22333242 ns, Total: 22422730 ns
[2022-07-04T12:14:09.704+0000][8][safepoint   ] Safepoint "Cleanup", Time since last: 1000959783 ns, Reaching safepoint: 702528 ns, At safepoint: 104235 ns, Total: 806763 ns
[2022-07-04T12:14:56.725+0000][8][safepoint   ] Safepoint "Cleanup", Time since last: 47064330453 ns, Reaching safepoint: 174668 ns, At safepoint: 8137 ns, Total: 182805 ns
[2022-07-04T12:15:32.667+0000][8][gc,start    ] GC(87) Pause Young (Normal) (G1 Evacuation Pause)
[2022-07-04T12:15:32.668+0000][8][gc,task     ] GC(87) Using 4 workers of 4 for evacuation
[2022-07-04T12:15:32.669+0000][8][gc,age      ] GC(87) Desired survivor size 20971520 bytes, new threshold 15 (max threshold 15)
[2022-07-04T12:15:32.673+0000][8][gc,phases   ] GC(87)   Pre Evacuate Collection Set: 0.1ms
[2022-07-04T12:15:32.673+0000][8][gc,phases   ] GC(87)   Merge Heap Roots: 0.3ms
[2022-07-04T12:15:32.675+0000][8][gc,phases   ] GC(87)   Evacuate Collection Set: 1.8ms
[2022-07-04T12:15:32.676+0000][8][gc,phases   ] GC(87)   Post Evacuate Collection Set: 1.1ms
[2022-07-04T12:15:32.676+0000][8][gc,phases   ] GC(87)   Other: 1.5ms
[2022-07-04T12:15:32.677+0000][8][gc,age      ] GC(87) Age table with threshold 15 (max threshold 15)
[2022-07-04T12:15:32.677+0000][8][gc,age      ] GC(87) - age   1:     847456 bytes,     847456 total
[2022-07-04T12:15:32.678+0000][8][gc,age      ] GC(87) - age   2:       1192 bytes,     848648 total
[2022-07-04T12:15:32.678+0000][8][gc,age      ] GC(87) - age   3:       9248 bytes,     857896 total
[2022-07-04T12:15:32.679+0000][8][gc,age      ] GC(87) - age   4:     131296 bytes,     989192 total
[2022-07-04T12:15:32.679+0000][8][gc,age      ] GC(87) - age   5:        296 bytes,     989488 total
[2022-07-04T12:15:32.680+0000][8][gc,age      ] GC(87) - age   6:       2704 bytes,     992192 total
[2022-07-04T12:15:32.681+0000][8][gc,age      ] GC(87) - age   7:     251144 bytes,    1243336 total
[2022-07-04T12:15:32.682+0000][8][gc,age      ] GC(87) - age   8:       1352 bytes,    1244688 total
[2022-07-04T12:15:32.682+0000][8][gc,age      ] GC(87) - age   9:        816 bytes,    1245504 total
[2022-07-04T12:15:32.683+0000][8][gc,age      ] GC(87) - age  10:        560 bytes,    1246064 total
[2022-07-04T12:15:32.683+0000][8][gc,age      ] GC(87) - age  11:       4272 bytes,    1250336 total
[2022-07-04T12:15:32.684+0000][8][gc,age      ] GC(87) - age  12:       1072 bytes,    1251408 total
[2022-07-04T12:15:32.684+0000][8][gc,age      ] GC(87) - age  13:        176 bytes,    1251584 total
[2022-07-04T12:15:32.685+0000][8][gc,age      ] GC(87) - age  14:        776 bytes,    1252360 total
[2022-07-04T12:15:32.685+0000][8][gc,age      ] GC(87) - age  15:        760 bytes,    1253120 total
[2022-07-04T12:15:32.686+0000][8][gc,heap     ] GC(87) Eden regions: 75->0(75)
[2022-07-04T12:15:32.687+0000][8][gc,heap     ] GC(87) Survivor regions: 1->1(10)
[2022-07-04T12:15:32.687+0000][8][gc,heap     ] GC(87) Old regions: 22->22
[2022-07-04T12:15:32.687+0000][8][gc,heap     ] GC(87) Archive regions: 2->2
[2022-07-04T12:15:32.688+0000][8][gc,heap     ] GC(87) Humongous regions: 0->0
[2022-07-04T12:15:32.689+0000][8][gc,metaspace] GC(87) Metaspace: 127629K(131008K)->127629K(131008K) NonClass: 110830K(112576K)->110830K(112576K) Class: 16798K(18432K)->16798K(18432K)
[2022-07-04T12:15:32.689+0000][8][gc          ] GC(87) Pause Young (Normal) (G1 Evacuation Pause) 390M->89M(512M) 22.308ms
[2022-07-04T12:15:32.690+0000][8][gc,cpu      ] GC(87) User=0.01s Sys=0.01s Real=0.03s
[2022-07-04T12:15:32.690+0000][8][safepoint   ] Safepoint "G1CollectForAllocation", Time since last: 35963795117 ns, Reaching safepoint: 82174 ns, At safepoint: 23441705 ns, Total: 23523879 ns
[2022-07-04T12:15:57.694+0000][8][safepoint   ] Safepoint "Cleanup", Time since last: 25024434752 ns, Reaching safepoint: 241556 ns, At safepoint: 71299 ns, Total: 312855 ns
[2022-07-04T12:16:09.715+0000][8][safepoint   ] Safepoint "Cleanup", Time since last: 12020386529 ns, Reaching safepoint: 483972 ns, At safepoint: 29717 ns, Total: 513689 ns
[2022-07-04T12:16:32.712+0000][8][safepoint   ] Safepoint "Cleanup", Time since last: 23019215445 ns, Reaching safepoint: 256416 ns, At safepoint: 9066 ns, Total: 265482 ns
[2022-07-04T12:16:56.769+0000][8][gc,start    ] GC(88) Pause Young (Normal) (G1 Evacuation Pause)
[2022-07-04T12:16:56.770+0000][8][gc,task     ] GC(88) Using 4 workers of 4 for evacuation
[2022-07-04T12:16:56.771+0000][8][gc,age      ] GC(88) Desired survivor size 20971520 bytes, new threshold 15 (max threshold 15)
[2022-07-04T12:16:56.777+0000][8][gc,phases   ] GC(88)   Pre Evacuate Collection Set: 0.2ms
[2022-07-04T12:16:56.777+0000][8][gc,phases   ] GC(88)   Merge Heap Roots: 0.1ms
[2022-07-04T12:16:56.778+0000][8][gc,phases   ] GC(88)   Evacuate Collection Set: 2.6ms
[2022-07-04T12:16:56.778+0000][8][gc,phases   ] GC(88)   Post Evacuate Collection Set: 1.4ms
[2022-07-04T12:16:56.779+0000][8][gc,phases   ] GC(88)   Other: 2.0ms
[2022-07-04T12:16:56.780+0000][8][gc,age      ] GC(88) Age table with threshold 15 (max threshold 15)
[2022-07-04T12:16:56.781+0000][8][gc,age      ] GC(88) - age   1:    1043648 bytes,    1043648 total
[2022-07-04T12:16:56.781+0000][8][gc,age      ] GC(88) - age   2:      11352 bytes,    1055000 total
[2022-07-04T12:16:56.782+0000][8][gc,age      ] GC(88) - age   3:        680 bytes,    1055680 total
[2022-07-04T12:16:56.783+0000][8][gc,age      ] GC(88) - age   4:       9248 bytes,    1064928 total
[2022-07-04T12:16:56.783+0000][8][gc,age      ] GC(88) - age   5:     131296 bytes,    1196224 total
[2022-07-04T12:16:56.784+0000][8][gc,age      ] GC(88) - age   6:        296 bytes,    1196520 total
[2022-07-04T12:16:56.785+0000][8][gc,age      ] GC(88) - age   7:       2704 bytes,    1199224 total
[2022-07-04T12:16:56.785+0000][8][gc,age      ] GC(88) - age   8:     251144 bytes,    1450368 total
[2022-07-04T12:16:56.786+0000][8][gc,age      ] GC(88) - age   9:       1352 bytes,    1451720 total
[2022-07-04T12:16:56.786+0000][8][gc,age      ] GC(88) - age  10:        816 bytes,    1452536 total
[2022-07-04T12:16:56.787+0000][8][gc,age      ] GC(88) - age  11:        560 bytes,    1453096 total
[2022-07-04T12:16:56.787+0000][8][gc,age      ] GC(88) - age  12:       4272 bytes,    1457368 total
[2022-07-04T12:16:56.788+0000][8][gc,age      ] GC(88) - age  13:       1072 bytes,    1458440 total
[2022-07-04T12:16:56.788+0000][8][gc,age      ] GC(88) - age  14:        176 bytes,    1458616 total
[2022-07-04T12:16:56.789+0000][8][gc,age      ] GC(88) - age  15:        776 bytes,    1459392 total
[2022-07-04T12:16:56.789+0000][8][gc,heap     ] GC(88) Eden regions: 75->0(75)
[2022-07-04T12:16:56.790+0000][8][gc,heap     ] GC(88) Survivor regions: 1->1(10)
[2022-07-04T12:16:56.791+0000][8][gc,heap     ] GC(88) Old regions: 22->22
[2022-07-04T12:16:56.791+0000][8][gc,heap     ] GC(88) Archive regions: 2->2
[2022-07-04T12:16:56.792+0000][8][gc,heap     ] GC(88) Humongous regions: 0->0
[2022-07-04T12:16:56.793+0000][8][gc,metaspace] GC(88) Metaspace: 127630K(131008K)->127630K(131008K) NonClass: 110831K(112576K)->110831K(112576K) Class: 16798K(18432K)->16798K(18432K)
[2022-07-04T12:16:56.793+0000][8][gc          ] GC(88) Pause Young (Normal) (G1 Evacuation Pause) 389M->89M(512M) 24.518ms
[2022-07-04T12:16:56.794+0000][8][gc,cpu      ] GC(88) User=0.01s Sys=0.01s Real=0.02s
[2022-07-04T12:16:56.795+0000][8][safepoint   ] Safepoint "G1CollectForAllocation", Time since last: 24077348955 ns, Reaching safepoint: 275510 ns, At safepoint: 25887487 ns, Total: 26162997 ns
[2022-07-04T12:17:02.801+0000][8][safepoint   ] Safepoint "Cleanup", Time since last: 6005808573 ns, Reaching safepoint: 212525 ns, At safepoint: 10803 ns, Total: 223328 ns
[2022-07-04T12:17:29.809+0000][8][safepoint   ] Safepoint "Cleanup", Time since last: 27029621434 ns, Reaching safepoint: 161785 ns, At safepoint: 7088 ns, Total: 168873 ns
[2022-07-04T12:18:23.601+0000][8][gc,start    ] GC(89) Pause Young (Normal) (G1 Evacuation Pause)
[2022-07-04T12:18:23.604+0000][8][gc,task     ] GC(89) Using 4 workers of 4 for evacuation
[2022-07-04T12:18:23.605+0000][8][gc,age      ] GC(89) Desired survivor size 20971520 bytes, new threshold 15 (max threshold 15)
[2022-07-04T12:18:23.609+0000][8][gc,phases   ] GC(89)   Pre Evacuate Collection Set: 0.1ms
[2022-07-04T12:18:23.610+0000][8][gc,phases   ] GC(89)   Merge Heap Roots: 0.2ms
[2022-07-04T12:18:23.611+0000][8][gc,phases   ] GC(89)   Evacuate Collection Set: 2.2ms
[2022-07-04T12:18:23.612+0000][8][gc,phases   ] GC(89)   Post Evacuate Collection Set: 1.1ms
[2022-07-04T12:18:23.612+0000][8][gc,phases   ] GC(89)   Other: 1.9ms
[2022-07-04T12:18:23.613+0000][8][gc,age      ] GC(89) Age table with threshold 15 (max threshold 15)
[2022-07-04T12:18:23.613+0000][8][gc,age      ] GC(89) - age   1:     536528 bytes,     536528 total
[2022-07-04T12:18:23.614+0000][8][gc,age      ] GC(89) - age   2:       3032 bytes,     539560 total
[2022-07-04T12:18:23.615+0000][8][gc,age      ] GC(89) - age   3:       2536 bytes,     542096 total
[2022-07-04T12:18:23.616+0000][8][gc,age      ] GC(89) - age   4:        656 bytes,     542752 total
[2022-07-04T12:18:23.617+0000][8][gc,age      ] GC(89) - age   5:       8768 bytes,     551520 total
[2022-07-04T12:18:23.618+0000][8][gc,age      ] GC(89) - age   6:     131296 bytes,     682816 total
[2022-07-04T12:18:23.618+0000][8][gc,age      ] GC(89) - age   7:        296 bytes,     683112 total
[2022-07-04T12:18:23.619+0000][8][gc,age      ] GC(89) - age   8:       2704 bytes,     685816 total
[2022-07-04T12:18:23.619+0000][8][gc,age      ] GC(89) - age   9:     251144 bytes,     936960 total
[2022-07-04T12:18:23.620+0000][8][gc,age      ] GC(89) - age  10:       1352 bytes,     938312 total
[2022-07-04T12:18:23.620+0000][8][gc,age      ] GC(89) - age  11:        816 bytes,     939128 total
[2022-07-04T12:18:23.621+0000][8][gc,age      ] GC(89) - age  12:        560 bytes,     939688 total
[2022-07-04T12:18:23.622+0000][8][gc,age      ] GC(89) - age  13:       4272 bytes,     943960 total
[2022-07-04T12:18:23.622+0000][8][gc,age      ] GC(89) - age  14:       1072 bytes,     945032 total
[2022-07-04T12:18:23.623+0000][8][gc,age      ] GC(89) - age  15:        176 bytes,     945208 total
[2022-07-04T12:18:23.623+0000][8][gc,heap     ] GC(89) Eden regions: 75->0(75)
[2022-07-04T12:18:23.624+0000][8][gc,heap     ] GC(89) Survivor regions: 1->1(10)
[2022-07-04T12:18:23.624+0000][8][gc,heap     ] GC(89) Old regions: 22->22
[2022-07-04T12:18:23.625+0000][8][gc,heap     ] GC(89) Archive regions: 2->2
[2022-07-04T12:18:23.626+0000][8][gc,heap     ] GC(89) Humongous regions: 0->0
[2022-07-04T12:18:23.626+0000][8][gc,metaspace] GC(89) Metaspace: 127635K(131008K)->127635K(131008K) NonClass: 110836K(112576K)->110836K(112576K) Class: 16798K(18432K)->16798K(18432K)
[2022-07-04T12:18:23.627+0000][8][gc          ] GC(89) Pause Young (Normal) (G1 Evacuation Pause) 389M->89M(512M) 25.425ms
[2022-07-04T12:18:23.627+0000][8][gc,cpu      ] GC(89) User=0.01s Sys=0.00s Real=0.02s
[2022-07-04T12:18:23.628+0000][8][safepoint   ] Safepoint "G1CollectForAllocation", Time since last: 53834940003 ns, Reaching safepoint: 181755 ns, At safepoint: 26782190 ns, Total: 26963945 ns
[2022-07-04T12:19:09.646+0000][8][safepoint   ] Safepoint "Cleanup", Time since last: 46040535878 ns, Reaching safepoint: 315237 ns, At safepoint: 16078 ns, Total: 331315 ns
[2022-07-04T12:19:33.646+0000][8][safepoint   ] Safepoint "Cleanup", Time since last: 24020114622 ns, Reaching safepoint: 429037 ns, At safepoint: 31993 ns, Total: 461030 ns
[2022-07-04T12:19:41.633+0000][8][safepoint   ] Safepoint "Cleanup", Time since last: 8008818419 ns, Reaching safepoint: 439659 ns, At safepoint: 16219 ns, Total: 455878 ns
[2022-07-04T12:19:44.636+0000][8][safepoint   ] Safepoint "Cleanup", Time since last: 3002762318 ns, Reaching safepoint: 207013 ns, At safepoint: 9153 ns, Total: 216166 ns
[2022-07-04T12:19:59.657+0000][8][safepoint   ] Safepoint "Cleanup", Time since last: 15020544931 ns, Reaching safepoint: 248169 ns, At safepoint: 15340 ns, Total: 263509 ns
[2022-07-04T12:20:09.670+0000][8][safepoint   ] Safepoint "Cleanup", Time since last: 10012442419 ns, Reaching safepoint: 224861 ns, At safepoint: 64838 ns, Total: 289699 ns
[2022-07-04T12:20:14.584+0000][8][gc,start    ] GC(90) Pause Young (Normal) (G1 Evacuation Pause)
[2022-07-04T12:20:14.585+0000][8][gc,task     ] GC(90) Using 4 workers of 4 for evacuation
[2022-07-04T12:20:14.586+0000][8][gc,age      ] GC(90) Desired survivor size 20971520 bytes, new threshold 15 (max threshold 15)
[2022-07-04T12:20:14.590+0000][8][gc,phases   ] GC(90)   Pre Evacuate Collection Set: 0.1ms
[2022-07-04T12:20:14.591+0000][8][gc,phases   ] GC(90)   Merge Heap Roots: 0.1ms
[2022-07-04T12:20:14.591+0000][8][gc,phases   ] GC(90)   Evacuate Collection Set: 1.8ms
[2022-07-04T12:20:14.592+0000][8][gc,phases   ] GC(90)   Post Evacuate Collection Set: 0.9ms
[2022-07-04T12:20:14.592+0000][8][gc,phases   ] GC(90)   Other: 1.4ms
[2022-07-04T12:20:14.592+0000][8][gc,age      ] GC(90) Age table with threshold 15 (max threshold 15)
[2022-07-04T12:20:14.593+0000][8][gc,age      ] GC(90) - age   1:     881976 bytes,     881976 total
[2022-07-04T12:20:14.594+0000][8][gc,age      ] GC(90) - age   2:       9232 bytes,     891208 total
[2022-07-04T12:20:14.594+0000][8][gc,age      ] GC(90) - age   3:       1416 bytes,     892624 total
[2022-07-04T12:20:14.595+0000][8][gc,age      ] GC(90) - age   4:       2472 bytes,     895096 total
[2022-07-04T12:20:14.596+0000][8][gc,age      ] GC(90) - age   5:        656 bytes,     895752 total
[2022-07-04T12:20:14.596+0000][8][gc,age      ] GC(90) - age   6:       8768 bytes,     904520 total
[2022-07-04T12:20:14.596+0000][8][gc,age      ] GC(90) - age   7:     131112 bytes,    1035632 total
[2022-07-04T12:20:14.597+0000][8][gc,age      ] GC(90) - age   8:        120 bytes,    1035752 total
[2022-07-04T12:20:14.597+0000][8][gc,age      ] GC(90) - age   9:       2704 bytes,    1038456 total
[2022-07-04T12:20:14.598+0000][8][gc,age      ] GC(90) - age  10:     250752 bytes,    1289208 total
[2022-07-04T12:20:14.599+0000][8][gc,age      ] GC(90) - age  11:       1352 bytes,    1290560 total
[2022-07-04T12:20:14.599+0000][8][gc,age      ] GC(90) - age  12:        816 bytes,    1291376 total
[2022-07-04T12:20:14.600+0000][8][gc,age      ] GC(90) - age  13:        528 bytes,    1291904 total
[2022-07-04T12:20:14.600+0000][8][gc,age      ] GC(90) - age  14:       4272 bytes,    1296176 total
[2022-07-04T12:20:14.601+0000][8][gc,age      ] GC(90) - age  15:       1072 bytes,    1297248 total
[2022-07-04T12:20:14.601+0000][8][gc,heap     ] GC(90) Eden regions: 75->0(75)
[2022-07-04T12:20:14.602+0000][8][gc,heap     ] GC(90) Survivor regions: 1->1(10)
[2022-07-04T12:20:14.602+0000][8][gc,heap     ] GC(90) Old regions: 22->22
[2022-07-04T12:20:14.603+0000][8][gc,heap     ] GC(90) Archive regions: 2->2
[2022-07-04T12:20:14.603+0000][8][gc,heap     ] GC(90) Humongous regions: 0->0
[2022-07-04T12:20:14.604+0000][8][gc,metaspace] GC(90) Metaspace: 127642K(131008K)->127642K(131008K) NonClass: 110843K(112576K)->110843K(112576K) Class: 16798K(18432K)->16798K(18432K)
[2022-07-04T12:20:14.605+0000][8][gc          ] GC(90) Pause Young (Normal) (G1 Evacuation Pause) 389M->89M(512M) 20.178ms
[2022-07-04T12:20:14.605+0000][8][gc,cpu      ] GC(90) User=0.01s Sys=0.00s Real=0.02s
[2022-07-04T12:20:14.606+0000][8][safepoint   ] Safepoint "G1CollectForAllocation", Time since last: 4936015125 ns, Reaching safepoint: 97489 ns, At safepoint: 21372190 ns, Total: 21469679 ns
[2022-07-04T12:21:09.643+0000][8][safepoint   ] Safepoint "Cleanup", Time since last: 55058305442 ns, Reaching safepoint: 421324 ns, At safepoint: 27173 ns, Total: 448497 ns
[2022-07-04T12:22:02.541+0000][8][gc,start    ] GC(91) Pause Young (Normal) (G1 Evacuation Pause)
[2022-07-04T12:22:02.545+0000][8][gc,task     ] GC(91) Using 4 workers of 4 for evacuation
[2022-07-04T12:22:02.546+0000][8][gc,age      ] GC(91) Desired survivor size 20971520 bytes, new threshold 15 (max threshold 15)
[2022-07-04T12:22:02.551+0000][8][gc,phases   ] GC(91)   Pre Evacuate Collection Set: 0.2ms
[2022-07-04T12:22:02.552+0000][8][gc,phases   ] GC(91)   Merge Heap Roots: 0.1ms
[2022-07-04T12:22:02.553+0000][8][gc,phases   ] GC(91)   Evacuate Collection Set: 2.1ms
[2022-07-04T12:22:02.553+0000][8][gc,phases   ] GC(91)   Post Evacuate Collection Set: 1.1ms
[2022-07-04T12:22:02.554+0000][8][gc,phases   ] GC(91)   Other: 2.3ms
[2022-07-04T12:22:02.554+0000][8][gc,age      ] GC(91) Age table with threshold 15 (max threshold 15)
[2022-07-04T12:22:02.555+0000][8][gc,age      ] GC(91) - age   1:    1496464 bytes,    1496464 total
[2022-07-04T12:22:02.556+0000][8][gc,age      ] GC(91) - age   2:       2752 bytes,    1499216 total
[2022-07-04T12:22:02.556+0000][8][gc,age      ] GC(91) - age   3:       8408 bytes,    1507624 total
[2022-07-04T12:22:02.557+0000][8][gc,age      ] GC(91) - age   4:       1224 bytes,    1508848 total
[2022-07-04T12:22:02.557+0000][8][gc,age      ] GC(91) - age   5:       2344 bytes,    1511192 total
[2022-07-04T12:22:02.558+0000][8][gc,age      ] GC(91) - age   6:        656 bytes,    1511848 total
[2022-07-04T12:22:02.564+0000][8][gc,age      ] GC(91) - age   7:       8768 bytes,    1520616 total
[2022-07-04T12:22:02.565+0000][8][gc,age      ] GC(91) - age   8:     131112 bytes,    1651728 total
[2022-07-04T12:22:02.566+0000][8][gc,age      ] GC(91) - age   9:        120 bytes,    1651848 total
[2022-07-04T12:22:02.566+0000][8][gc,age      ] GC(91) - age  10:       2704 bytes,    1654552 total
[2022-07-04T12:22:02.567+0000][8][gc,age      ] GC(91) - age  11:     250752 bytes,    1905304 total
[2022-07-04T12:22:02.567+0000][8][gc,age      ] GC(91) - age  12:       1352 bytes,    1906656 total
[2022-07-04T12:22:02.568+0000][8][gc,age      ] GC(91) - age  13:        816 bytes,    1907472 total
[2022-07-04T12:22:02.568+0000][8][gc,age      ] GC(91) - age  14:        528 bytes,    1908000 total
[2022-07-04T12:22:02.569+0000][8][gc,age      ] GC(91) - age  15:       4272 bytes,    1912272 total
[2022-07-04T12:22:02.569+0000][8][gc,heap     ] GC(91) Eden regions: 75->0(75)
[2022-07-04T12:22:02.570+0000][8][gc,heap     ] GC(91) Survivor regions: 1->1(10)
[2022-07-04T12:22:02.571+0000][8][gc,heap     ] GC(91) Old regions: 22->22
[2022-07-04T12:22:02.571+0000][8][gc,heap     ] GC(91) Archive regions: 2->2
[2022-07-04T12:22:02.572+0000][8][gc,heap     ] GC(91) Humongous regions: 0->0
[2022-07-04T12:22:02.572+0000][8][gc,metaspace] GC(91) Metaspace: 127642K(131008K)->127642K(131008K) NonClass: 110843K(112576K)->110843K(112576K) Class: 16798K(18432K)->16798K(18432K)
[2022-07-04T12:22:02.573+0000][8][gc          ] GC(91) Pause Young (Normal) (G1 Evacuation Pause) 389M->90M(512M) 31.824ms
[2022-07-04T12:22:02.574+0000][8][gc,cpu      ] GC(91) User=0.01s Sys=0.00s Real=0.03s
[2022-07-04T12:22:02.574+0000][8][safepoint   ] Safepoint "G1CollectForAllocation", Time since last: 52941643647 ns, Reaching safepoint: 119775 ns, At safepoint: 33279208 ns, Total: 33398983 ns
[2022-07-04T12:22:21.575+0000][8][safepoint   ] Safepoint "Cleanup", Time since last: 19020245142 ns, Reaching safepoint: 341271 ns, At safepoint: 14841 ns, Total: 356112 ns
[2022-07-04T12:23:09.581+0000][8][safepoint   ] Safepoint "Cleanup", Time since last: 48050962210 ns, Reaching safepoint: 239301 ns, At safepoint: 15099 ns, Total: 254400 ns
[2022-07-04T12:23:44.480+0000][8][gc,start    ] GC(92) Pause Young (Normal) (G1 Evacuation Pause)
[2022-07-04T12:23:44.486+0000][8][gc,task     ] GC(92) Using 4 workers of 4 for evacuation
[2022-07-04T12:23:44.488+0000][8][gc,age      ] GC(92) Desired survivor size 20971520 bytes, new threshold 15 (max threshold 15)
[2022-07-04T12:23:44.495+0000][8][gc,phases   ] GC(92)   Pre Evacuate Collection Set: 0.2ms
[2022-07-04T12:23:44.496+0000][8][gc,phases   ] GC(92)   Merge Heap Roots: 0.1ms
[2022-07-04T12:23:44.497+0000][8][gc,phases   ] GC(92)   Evacuate Collection Set: 3.3ms
[2022-07-04T12:23:44.499+0000][8][gc,phases   ] GC(92)   Post Evacuate Collection Set: 1.9ms
[2022-07-04T12:23:44.499+0000][8][gc,phases   ] GC(92)   Other: 3.7ms
[2022-07-04T12:23:44.500+0000][8][gc,age      ] GC(92) Age table with threshold 15 (max threshold 15)
[2022-07-04T12:23:44.500+0000][8][gc,age      ] GC(92) - age   1:     924792 bytes,     924792 total
[2022-07-04T12:23:44.502+0000][8][gc,age      ] GC(92) - age   2:       2104 bytes,     926896 total
[2022-07-04T12:23:44.503+0000][8][gc,age      ] GC(92) - age   3:       1120 bytes,     928016 total
[2022-07-04T12:23:44.503+0000][8][gc,age      ] GC(92) - age   4:        328 bytes,     928344 total
[2022-07-04T12:23:44.504+0000][8][gc,age      ] GC(92) - age   5:       1224 bytes,     929568 total
[2022-07-04T12:23:44.505+0000][8][gc,age      ] GC(92) - age   6:       2344 bytes,     931912 total
[2022-07-04T12:23:44.505+0000][8][gc,age      ] GC(92) - age   7:        656 bytes,     932568 total
[2022-07-04T12:23:44.506+0000][8][gc,age      ] GC(92) - age   8:       8768 bytes,     941336 total
[2022-07-04T12:23:44.507+0000][8][gc,age      ] GC(92) - age   9:     131024 bytes,    1072360 total
[2022-07-04T12:23:44.507+0000][8][gc,age      ] GC(92) - age  10:        120 bytes,    1072480 total
[2022-07-04T12:23:44.509+0000][8][gc,age      ] GC(92) - age  11:       2520 bytes,    1075000 total
[2022-07-04T12:23:44.510+0000][8][gc,age      ] GC(92) - age  12:     250752 bytes,    1325752 total
[2022-07-04T12:23:44.511+0000][8][gc,age      ] GC(92) - age  13:       1352 bytes,    1327104 total
[2022-07-04T12:23:44.513+0000][8][gc,age      ] GC(92) - age  14:        816 bytes,    1327920 total
[2022-07-04T12:23:44.513+0000][8][gc,age      ] GC(92) - age  15:        528 bytes,    1328448 total
[2022-07-04T12:23:44.514+0000][8][gc,heap     ] GC(92) Eden regions: 75->0(75)
[2022-07-04T12:23:44.515+0000][8][gc,heap     ] GC(92) Survivor regions: 1->1(10)
[2022-07-04T12:23:44.516+0000][8][gc,heap     ] GC(92) Old regions: 22->22
[2022-07-04T12:23:44.516+0000][8][gc,heap     ] GC(92) Archive regions: 2->2
[2022-07-04T12:23:44.518+0000][8][gc,heap     ] GC(92) Humongous regions: 0->0
[2022-07-04T12:23:44.519+0000][8][gc,metaspace] GC(92) Metaspace: 127668K(131008K)->127668K(131008K) NonClass: 110869K(112576K)->110869K(112576K) Class: 16798K(18432K)->16798K(18432K)
[2022-07-04T12:23:44.520+0000][8][gc          ] GC(92) Pause Young (Normal) (G1 Evacuation Pause) 390M->89M(512M) 39.864ms
[2022-07-04T12:23:44.520+0000][8][gc,cpu      ] GC(92) User=0.02s Sys=0.00s Real=0.04s
[2022-07-04T12:23:44.521+0000][8][safepoint   ] Safepoint "G1CollectForAllocation", Time since last: 34919433422 ns, Reaching safepoint: 183653 ns, At safepoint: 41387506 ns, Total: 41571159 ns
[2022-07-04T12:24:09.559+0000][8][safepoint   ] Safepoint "Cleanup", Time since last: 25037633669 ns, Reaching safepoint: 363459 ns, At safepoint: 23037 ns, Total: 386496 ns
[2022-07-04T12:24:10.541+0000][8][safepoint   ] Safepoint "Cleanup", Time since last: 1003555713 ns, Reaching safepoint: 143563 ns, At safepoint: 7804 ns, Total: 151367 ns
[2022-07-04T12:24:40.586+0000][8][safepoint   ] Safepoint "Cleanup", Time since last: 30066815090 ns, Reaching safepoint: 298170 ns, At safepoint: 15042 ns, Total: 313212 ns
[2022-07-04T12:25:10.584+0000][8][safepoint   ] Safepoint "Cleanup", Time since last: 30019815004 ns, Reaching safepoint: 322443 ns, At safepoint: 19758 ns, Total: 342201 ns
[2022-07-04T12:25:32.450+0000][8][gc,start    ] GC(93) Pause Young (Normal) (G1 Evacuation Pause)
[2022-07-04T12:25:32.451+0000][8][gc,task     ] GC(93) Using 4 workers of 4 for evacuation
[2022-07-04T12:25:32.453+0000][8][gc,age      ] GC(93) Desired survivor size 20971520 bytes, new threshold 15 (max threshold 15)
[2022-07-04T12:25:32.459+0000][8][gc,phases   ] GC(93)   Pre Evacuate Collection Set: 0.4ms
[2022-07-04T12:25:32.460+0000][8][gc,phases   ] GC(93)   Merge Heap Roots: 0.2ms
[2022-07-04T12:25:32.461+0000][8][gc,phases   ] GC(93)   Evacuate Collection Set: 2.7ms
[2022-07-04T12:25:32.462+0000][8][gc,phases   ] GC(93)   Post Evacuate Collection Set: 1.6ms
[2022-07-04T12:25:32.463+0000][8][gc,phases   ] GC(93)   Other: 3.0ms
[2022-07-04T12:25:32.464+0000][8][gc,age      ] GC(93) Age table with threshold 15 (max threshold 15)
[2022-07-04T12:25:32.465+0000][8][gc,age      ] GC(93) - age   1:    1446496 bytes,    1446496 total
[2022-07-04T12:25:32.500+0000][8][gc,age      ] GC(93) - age   2:      17904 bytes,    1464400 total
[2022-07-04T12:25:32.501+0000][8][gc,age      ] GC(93) - age   3:        584 bytes,    1464984 total
[2022-07-04T12:25:32.503+0000][8][gc,age      ] GC(93) - age   4:        576 bytes,    1465560 total
[2022-07-04T12:25:32.504+0000][8][gc,age      ] GC(93) - age   5:        328 bytes,    1465888 total
[2022-07-04T12:25:32.505+0000][8][gc,age      ] GC(93) - age   6:       1224 bytes,    1467112 total
[2022-07-04T12:25:32.506+0000][8][gc,age      ] GC(93) - age   7:        424 bytes,    1467536 total
[2022-07-04T12:25:32.506+0000][8][gc,age      ] GC(93) - age   8:        656 bytes,    1468192 total
[2022-07-04T12:25:32.507+0000][8][gc,age      ] GC(93) - age   9:       8768 bytes,    1476960 total
[2022-07-04T12:25:32.508+0000][8][gc,age      ] GC(93) - age  10:     131024 bytes,    1607984 total
[2022-07-04T12:25:32.509+0000][8][gc,age      ] GC(93) - age  11:        120 bytes,    1608104 total
[2022-07-04T12:25:32.510+0000][8][gc,age      ] GC(93) - age  12:       2520 bytes,    1610624 total
[2022-07-04T12:25:32.511+0000][8][gc,age      ] GC(93) - age  13:     250752 bytes,    1861376 total
[2022-07-04T12:25:32.511+0000][8][gc,age      ] GC(93) - age  14:       1352 bytes,    1862728 total
[2022-07-04T12:25:32.512+0000][8][gc,age      ] GC(93) - age  15:        816 bytes,    1863544 total
[2022-07-04T12:25:32.512+0000][8][gc,heap     ] GC(93) Eden regions: 75->0(75)
[2022-07-04T12:25:32.513+0000][8][gc,heap     ] GC(93) Survivor regions: 1->1(10)
[2022-07-04T12:25:32.513+0000][8][gc,heap     ] GC(93) Old regions: 22->22
[2022-07-04T12:25:32.514+0000][8][gc,heap     ] GC(93) Archive regions: 2->2
[2022-07-04T12:25:32.514+0000][8][gc,heap     ] GC(93) Humongous regions: 0->0
[2022-07-04T12:25:32.515+0000][8][gc,metaspace] GC(93) Metaspace: 127700K(131072K)->127700K(131072K) NonClass: 110901K(112640K)->110901K(112640K) Class: 16798K(18432K)->16798K(18432K)
[2022-07-04T12:25:32.516+0000][8][gc          ] GC(93) Pause Young (Normal) (G1 Evacuation Pause) 389M->90M(512M) 65.932ms
[2022-07-04T12:25:32.516+0000][8][gc,cpu      ] GC(93) User=0.02s Sys=0.00s Real=0.06s
[2022-07-04T12:25:32.517+0000][8][safepoint   ] Safepoint "G1CollectForAllocation", Time since last: 21865542814 ns, Reaching safepoint: 338509 ns, At safepoint: 67211855 ns, Total: 67550364 ns
[2022-07-04T12:26:09.503+0000][8][safepoint   ] Safepoint "Cleanup", Time since last: 37027976179 ns, Reaching safepoint: 173407 ns, At safepoint: 9512 ns, Total: 182919 ns
[2022-07-04T12:27:09.527+0000][8][safepoint   ] Safepoint "Cleanup", Time since last: 60066661053 ns, Reaching safepoint: 303935 ns, At safepoint: 23727 ns, Total: 327662 ns
[2022-07-04T12:27:20.440+0000][8][gc,start    ] GC(94) Pause Young (Normal) (G1 Evacuation Pause)
[2022-07-04T12:27:20.441+0000][8][gc,task     ] GC(94) Using 4 workers of 4 for evacuation
[2022-07-04T12:27:20.441+0000][8][gc,age      ] GC(94) Desired survivor size 20971520 bytes, new threshold 15 (max threshold 15)
[2022-07-04T12:27:20.447+0000][8][gc,phases   ] GC(94)   Pre Evacuate Collection Set: 0.2ms
[2022-07-04T12:27:20.448+0000][8][gc,phases   ] GC(94)   Merge Heap Roots: 0.1ms
[2022-07-04T12:27:20.448+0000][8][gc,phases   ] GC(94)   Evacuate Collection Set: 3.8ms
[2022-07-04T12:27:20.450+0000][8][gc,phases   ] GC(94)   Post Evacuate Collection Set: 1.0ms
[2022-07-04T12:27:20.450+0000][8][gc,phases   ] GC(94)   Other: 1.4ms
[2022-07-04T12:27:20.451+0000][8][gc,age      ] GC(94) Age table with threshold 15 (max threshold 15)
[2022-07-04T12:27:20.451+0000][8][gc,age      ] GC(94) - age   1:    1694904 bytes,    1694904 total
[2022-07-04T12:27:20.452+0000][8][gc,age      ] GC(94) - age   2:       3888 bytes,    1698792 total
[2022-07-04T12:27:20.452+0000][8][gc,age      ] GC(94) - age   3:      16768 bytes,    1715560 total
[2022-07-04T12:27:20.453+0000][8][gc,age      ] GC(94) - age   4:         32 bytes,    1715592 total
[2022-07-04T12:27:20.454+0000][8][gc,age      ] GC(94) - age   5:        576 bytes,    1716168 total
[2022-07-04T12:27:20.454+0000][8][gc,age      ] GC(94) - age   6:        144 bytes,    1716312 total
[2022-07-04T12:27:20.455+0000][8][gc,age      ] GC(94) - age   7:       1224 bytes,    1717536 total
[2022-07-04T12:27:20.455+0000][8][gc,age      ] GC(94) - age   8:        424 bytes,    1717960 total
[2022-07-04T12:27:20.456+0000][8][gc,age      ] GC(94) - age   9:        656 bytes,    1718616 total
[2022-07-04T12:27:20.457+0000][8][gc,age      ] GC(94) - age  10:       8768 bytes,    1727384 total
[2022-07-04T12:27:20.457+0000][8][gc,age      ] GC(94) - age  11:     131024 bytes,    1858408 total
[2022-07-04T12:27:20.458+0000][8][gc,age      ] GC(94) - age  12:        120 bytes,    1858528 total
[2022-07-04T12:27:20.458+0000][8][gc,age      ] GC(94) - age  13:       2520 bytes,    1861048 total
[2022-07-04T12:27:20.459+0000][8][gc,age      ] GC(94) - age  14:     250752 bytes,    2111800 total
[2022-07-04T12:27:20.459+0000][8][gc,age      ] GC(94) - age  15:       1352 bytes,    2113152 total
[2022-07-04T12:27:20.461+0000][8][gc,heap     ] GC(94) Eden regions: 75->0(75)
[2022-07-04T12:27:20.461+0000][8][gc,heap     ] GC(94) Survivor regions: 1->1(10)
[2022-07-04T12:27:20.462+0000][8][gc,heap     ] GC(94) Old regions: 22->22
[2022-07-04T12:27:20.463+0000][8][gc,heap     ] GC(94) Archive regions: 2->2
[2022-07-04T12:27:20.463+0000][8][gc,heap     ] GC(94) Humongous regions: 0->0
[2022-07-04T12:27:20.464+0000][8][gc,metaspace] GC(94) Metaspace: 127727K(131072K)->127727K(131072K) NonClass: 110928K(112640K)->110928K(112640K) Class: 16798K(18432K)->16798K(18432K)
[2022-07-04T12:27:20.464+0000][8][gc          ] GC(94) Pause Young (Normal) (G1 Evacuation Pause) 390M->90M(512M) 24.536ms
[2022-07-04T12:27:20.465+0000][8][gc,cpu      ] GC(94) User=0.01s Sys=0.01s Real=0.03s
[2022-07-04T12:27:20.466+0000][8][safepoint   ] Safepoint "G1CollectForAllocation", Time since last: 10912764363 ns, Reaching safepoint: 71880 ns, At safepoint: 26043887 ns, Total: 26115767 ns
[2022-07-04T12:27:21.468+0000][8][safepoint   ] Safepoint "Cleanup", Time since last: 1001969635 ns, Reaching safepoint: 349422 ns, At safepoint: 22314 ns, Total: 371736 ns
[2022-07-04T12:28:08.485+0000][8][safepoint   ] Safepoint "Cleanup", Time since last: 47039725873 ns, Reaching safepoint: 120178 ns, At safepoint: 7160 ns, Total: 127338 ns
[2022-07-04T12:28:09.466+0000][8][safepoint   ] Safepoint "Cleanup", Time since last: 1001701080 ns, Reaching safepoint: 125263 ns, At safepoint: 6457 ns, Total: 131720 ns
[2022-07-04T12:28:56.494+0000][8][safepoint   ] Safepoint "Cleanup", Time since last: 47048838830 ns, Reaching safepoint: 723419 ns, At safepoint: 49108 ns, Total: 772527 ns
[2022-07-04T12:29:03.576+0000][8][gc,start    ] GC(95) Pause Young (Normal) (G1 Evacuation Pause)
[2022-07-04T12:29:03.577+0000][8][gc,task     ] GC(95) Using 4 workers of 4 for evacuation
[2022-07-04T12:29:03.578+0000][8][gc,age      ] GC(95) Desired survivor size 20971520 bytes, new threshold 15 (max threshold 15)
[2022-07-04T12:29:03.584+0000][8][gc,phases   ] GC(95)   Pre Evacuate Collection Set: 0.3ms
[2022-07-04T12:29:03.585+0000][8][gc,phases   ] GC(95)   Merge Heap Roots: 0.2ms
[2022-07-04T12:29:03.586+0000][8][gc,phases   ] GC(95)   Evacuate Collection Set: 3.0ms
[2022-07-04T12:29:03.586+0000][8][gc,phases   ] GC(95)   Post Evacuate Collection Set: 1.5ms
[2022-07-04T12:29:03.587+0000][8][gc,phases   ] GC(95)   Other: 1.9ms
[2022-07-04T12:29:03.588+0000][8][gc,age      ] GC(95) Age table with threshold 15 (max threshold 15)
[2022-07-04T12:29:03.589+0000][8][gc,age      ] GC(95) - age   1:    1357104 bytes,    1357104 total
[2022-07-04T12:29:03.589+0000][8][gc,age      ] GC(95) - age   2:       2800 bytes,    1359904 total
[2022-07-04T12:29:03.590+0000][8][gc,age      ] GC(95) - age   3:       2480 bytes,    1362384 total
[2022-07-04T12:29:03.590+0000][8][gc,age      ] GC(95) - age   4:      16768 bytes,    1379152 total
[2022-07-04T12:29:03.591+0000][8][gc,age      ] GC(95) - age   5:         32 bytes,    1379184 total
[2022-07-04T12:29:03.592+0000][8][gc,age      ] GC(95) - age   6:        424 bytes,    1379608 total
[2022-07-04T12:29:03.592+0000][8][gc,age      ] GC(95) - age   7:        144 bytes,    1379752 total
[2022-07-04T12:29:03.593+0000][8][gc,age      ] GC(95) - age   8:       1224 bytes,    1380976 total
[2022-07-04T12:29:03.593+0000][8][gc,age      ] GC(95) - age   9:        240 bytes,    1381216 total
[2022-07-04T12:29:03.594+0000][8][gc,age      ] GC(95) - age  10:        656 bytes,    1381872 total
[2022-07-04T12:29:03.595+0000][8][gc,age      ] GC(95) - age  11:       8768 bytes,    1390640 total
[2022-07-04T12:29:03.595+0000][8][gc,age      ] GC(95) - age  12:     131024 bytes,    1521664 total
[2022-07-04T12:29:03.596+0000][8][gc,age      ] GC(95) - age  13:         88 bytes,    1521752 total
[2022-07-04T12:29:03.596+0000][8][gc,age      ] GC(95) - age  14:       2520 bytes,    1524272 total
[2022-07-04T12:29:03.597+0000][8][gc,age      ] GC(95) - age  15:     250752 bytes,    1775024 total
[2022-07-04T12:29:03.598+0000][8][gc,heap     ] GC(95) Eden regions: 75->0(75)
[2022-07-04T12:29:03.599+0000][8][gc,heap     ] GC(95) Survivor regions: 1->1(10)
[2022-07-04T12:29:03.600+0000][8][gc,heap     ] GC(95) Old regions: 22->22
[2022-07-04T12:29:03.601+0000][8][gc,heap     ] GC(95) Archive regions: 2->2
[2022-07-04T12:29:03.601+0000][8][gc,heap     ] GC(95) Humongous regions: 0->0
[2022-07-04T12:29:03.602+0000][8][gc,metaspace] GC(95) Metaspace: 127728K(131072K)->127728K(131072K) NonClass: 110929K(112640K)->110929K(112640K) Class: 16798K(18432K)->16798K(18432K)
[2022-07-04T12:29:03.602+0000][8][gc          ] GC(95) Pause Young (Normal) (G1 Evacuation Pause) 390M->90M(512M) 26.669ms
[2022-07-04T12:29:03.603+0000][8][gc,cpu      ] GC(95) User=0.01s Sys=0.00s Real=0.03s
[2022-07-04T12:29:03.603+0000][8][safepoint   ] Safepoint "G1CollectForAllocation", Time since last: 7080608049 ns, Reaching safepoint: 414826 ns, At safepoint: 27691971 ns, Total: 28106797 ns
[2022-07-04T12:29:09.589+0000][8][safepoint   ] Safepoint "Cleanup", Time since last: 6007441022 ns, Reaching safepoint: 244060 ns, At safepoint: 14955 ns, Total: 259015 ns
[2022-07-04T12:30:09.600+0000][8][safepoint   ] Safepoint "Cleanup", Time since last: 60052718986 ns, Reaching safepoint: 405742 ns, At safepoint: 34811 ns, Total: 440553 ns
[2022-07-04T12:30:44.405+0000][8][gc,start    ] GC(96) Pause Young (Normal) (G1 Evacuation Pause)
[2022-07-04T12:30:44.410+0000][8][gc,task     ] GC(96) Using 4 workers of 4 for evacuation
[2022-07-04T12:30:44.411+0000][8][gc,age      ] GC(96) Desired survivor size 20971520 bytes, new threshold 15 (max threshold 15)
[2022-07-04T12:30:44.416+0000][8][gc,phases   ] GC(96)   Pre Evacuate Collection Set: 0.2ms
[2022-07-04T12:30:44.417+0000][8][gc,phases   ] GC(96)   Merge Heap Roots: 0.1ms
[2022-07-04T12:30:44.418+0000][8][gc,phases   ] GC(96)   Evacuate Collection Set: 2.3ms
[2022-07-04T12:30:44.419+0000][8][gc,phases   ] GC(96)   Post Evacuate Collection Set: 1.4ms
[2022-07-04T12:30:44.419+0000][8][gc,phases   ] GC(96)   Other: 2.1ms
[2022-07-04T12:30:44.420+0000][8][gc,age      ] GC(96) Age table with threshold 15 (max threshold 15)
[2022-07-04T12:30:44.421+0000][8][gc,age      ] GC(96) - age   1:     371984 bytes,     371984 total
[2022-07-04T12:30:44.421+0000][8][gc,age      ] GC(96) - age   2:       3048 bytes,     375032 total
[2022-07-04T12:30:44.422+0000][8][gc,age      ] GC(96) - age   3:        824 bytes,     375856 total
[2022-07-04T12:30:44.422+0000][8][gc,age      ] GC(96) - age   4:       2256 bytes,     378112 total
[2022-07-04T12:30:44.422+0000][8][gc,age      ] GC(96) - age   5:      16768 bytes,     394880 total
[2022-07-04T12:30:44.423+0000][8][gc,age      ] GC(96) - age   6:         32 bytes,     394912 total
[2022-07-04T12:30:44.423+0000][8][gc,age      ] GC(96) - age   7:        424 bytes,     395336 total
[2022-07-04T12:30:44.424+0000][8][gc,age      ] GC(96) - age   8:        144 bytes,     395480 total
[2022-07-04T12:30:44.425+0000][8][gc,age      ] GC(96) - age   9:       1224 bytes,     396704 total
[2022-07-04T12:30:44.425+0000][8][gc,age      ] GC(96) - age  10:        240 bytes,     396944 total
[2022-07-04T12:30:44.426+0000][8][gc,age      ] GC(96) - age  11:        656 bytes,     397600 total
[2022-07-04T12:30:44.426+0000][8][gc,age      ] GC(96) - age  12:       8768 bytes,     406368 total
[2022-07-04T12:30:44.427+0000][8][gc,age      ] GC(96) - age  13:     131024 bytes,     537392 total
[2022-07-04T12:30:44.427+0000][8][gc,age      ] GC(96) - age  14:         88 bytes,     537480 total
[2022-07-04T12:30:44.428+0000][8][gc,age      ] GC(96) - age  15:       2520 bytes,     540000 total
[2022-07-04T12:30:44.428+0000][8][gc,heap     ] GC(96) Eden regions: 75->0(75)
[2022-07-04T12:30:44.429+0000][8][gc,heap     ] GC(96) Survivor regions: 1->1(10)
[2022-07-04T12:30:44.429+0000][8][gc,heap     ] GC(96) Old regions: 22->22
[2022-07-04T12:30:44.430+0000][8][gc,heap     ] GC(96) Archive regions: 2->2
[2022-07-04T12:30:44.430+0000][8][gc,heap     ] GC(96) Humongous regions: 0->0
[2022-07-04T12:30:44.431+0000][8][gc,metaspace] GC(96) Metaspace: 127729K(131072K)->127729K(131072K) NonClass: 110930K(112640K)->110930K(112640K) Class: 16798K(18432K)->16798K(18432K)
[2022-07-04T12:30:44.432+0000][8][gc          ] GC(96) Pause Young (Normal) (G1 Evacuation Pause) 390M->89M(512M) 26.758ms
[2022-07-04T12:30:44.433+0000][8][gc,cpu      ] GC(96) User=0.01s Sys=0.00s Real=0.03s
[2022-07-04T12:30:44.433+0000][8][safepoint   ] Safepoint "G1CollectForAllocation", Time since last: 34827466361 ns, Reaching safepoint: 236215 ns, At safepoint: 27817605 ns, Total: 28053820 ns
[2022-07-04T12:32:33.159+0000][8][gc,start    ] GC(97) Pause Young (Normal) (G1 Evacuation Pause)
[2022-07-04T12:32:33.160+0000][8][gc,task     ] GC(97) Using 4 workers of 4 for evacuation
[2022-07-04T12:32:33.161+0000][8][gc,age      ] GC(97) Desired survivor size 20971520 bytes, new threshold 15 (max threshold 15)
[2022-07-04T12:32:33.166+0000][8][gc,phases   ] GC(97)   Pre Evacuate Collection Set: 0.3ms
[2022-07-04T12:32:33.167+0000][8][gc,phases   ] GC(97)   Merge Heap Roots: 0.1ms
[2022-07-04T12:32:33.168+0000][8][gc,phases   ] GC(97)   Evacuate Collection Set: 2.3ms
[2022-07-04T12:32:33.169+0000][8][gc,phases   ] GC(97)   Post Evacuate Collection Set: 1.4ms
[2022-07-04T12:32:33.170+0000][8][gc,phases   ] GC(97)   Other: 2.1ms
[2022-07-04T12:32:33.171+0000][8][gc,age      ] GC(97) Age table with threshold 15 (max threshold 15)
[2022-07-04T12:32:33.173+0000][8][gc,age      ] GC(97) - age   1:     961960 bytes,     961960 total
[2022-07-04T12:32:33.174+0000][8][gc,age      ] GC(97) - age   2:       1616 bytes,     963576 total
[2022-07-04T12:32:33.175+0000][8][gc,age      ] GC(97) - age   3:       2088 bytes,     965664 total
[2022-07-04T12:32:33.176+0000][8][gc,age      ] GC(97) - age   4:        432 bytes,     966096 total
[2022-07-04T12:32:33.176+0000][8][gc,age      ] GC(97) - age   5:       2256 bytes,     968352 total
[2022-07-04T12:32:33.177+0000][8][gc,age      ] GC(97) - age   6:      16768 bytes,     985120 total
[2022-07-04T12:32:33.178+0000][8][gc,age      ] GC(97) - age   7:         32 bytes,     985152 total
[2022-07-04T12:32:33.178+0000][8][gc,age      ] GC(97) - age   8:        424 bytes,     985576 total
[2022-07-04T12:32:33.179+0000][8][gc,age      ] GC(97) - age   9:        144 bytes,     985720 total
[2022-07-04T12:32:33.179+0000][8][gc,age      ] GC(97) - age  10:       1224 bytes,     986944 total
[2022-07-04T12:32:33.180+0000][8][gc,age      ] GC(97) - age  11:        240 bytes,     987184 total
[2022-07-04T12:32:33.181+0000][8][gc,age      ] GC(97) - age  12:        656 bytes,     987840 total
[2022-07-04T12:32:33.182+0000][8][gc,age      ] GC(97) - age  13:       8768 bytes,     996608 total
[2022-07-04T12:32:33.183+0000][8][gc,age      ] GC(97) - age  14:     131024 bytes,    1127632 total
[2022-07-04T12:32:33.183+0000][8][gc,age      ] GC(97) - age  15:         88 bytes,    1127720 total
[2022-07-04T12:32:33.184+0000][8][gc,heap     ] GC(97) Eden regions: 75->0(75)
[2022-07-04T12:32:33.185+0000][8][gc,heap     ] GC(97) Survivor regions: 1->1(10)
[2022-07-04T12:32:33.186+0000][8][gc,heap     ] GC(97) Old regions: 22->22
[2022-07-04T12:32:33.186+0000][8][gc,heap     ] GC(97) Archive regions: 2->2
[2022-07-04T12:32:33.187+0000][8][gc,heap     ] GC(97) Humongous regions: 0->0
[2022-07-04T12:32:33.189+0000][8][gc,metaspace] GC(97) Metaspace: 127736K(131072K)->127736K(131072K) NonClass: 110937K(112640K)->110937K(112640K) Class: 16798K(18432K)->16798K(18432K)
[2022-07-04T12:32:33.190+0000][8][gc          ] GC(97) Pause Young (Normal) (G1 Evacuation Pause) 389M->89M(512M) 31.481ms
[2022-07-04T12:32:33.191+0000][8][gc,cpu      ] GC(97) User=0.01s Sys=0.00s Real=0.03s
[2022-07-04T12:32:33.192+0000][8][safepoint   ] Safepoint "G1CollectForAllocation", Time since last: 108789574548 ns, Reaching safepoint: 178844 ns, At safepoint: 33437612 ns, Total: 33616456 ns
[2022-07-04T12:33:09.199+0000][8][safepoint   ] Safepoint "Cleanup", Time since last: 36028363976 ns, Reaching safepoint: 641132 ns, At safepoint: 27293 ns, Total: 668425 ns
[2022-07-04T12:33:39.209+0000][8][safepoint   ] Safepoint "Cleanup", Time since last: 30030968632 ns, Reaching safepoint: 218472 ns, At safepoint: 9131 ns, Total: 227603 ns
[2022-07-04T12:34:15.488+0000][8][gc,start    ] GC(98) Pause Young (Normal) (G1 Evacuation Pause)
[2022-07-04T12:34:15.492+0000][8][gc,task     ] GC(98) Using 4 workers of 4 for evacuation
[2022-07-04T12:34:15.493+0000][8][gc,age      ] GC(98) Desired survivor size 20971520 bytes, new threshold 15 (max threshold 15)
[2022-07-04T12:34:15.499+0000][8][gc,phases   ] GC(98)   Pre Evacuate Collection Set: 0.1ms
[2022-07-04T12:34:15.499+0000][8][gc,phases   ] GC(98)   Merge Heap Roots: 0.1ms
[2022-07-04T12:34:15.500+0000][8][gc,phases   ] GC(98)   Evacuate Collection Set: 3.1ms
[2022-07-04T12:34:15.501+0000][8][gc,phases   ] GC(98)   Post Evacuate Collection Set: 1.4ms
[2022-07-04T12:34:15.501+0000][8][gc,phases   ] GC(98)   Other: 1.7ms
[2022-07-04T12:34:15.502+0000][8][gc,age      ] GC(98) Age table with threshold 15 (max threshold 15)
[2022-07-04T12:34:15.503+0000][8][gc,age      ] GC(98) - age   1:    1739848 bytes,    1739848 total
[2022-07-04T12:34:15.503+0000][8][gc,age      ] GC(98) - age   2:       1488 bytes,    1741336 total
[2022-07-04T12:34:15.504+0000][8][gc,age      ] GC(98) - age   3:        616 bytes,    1741952 total
[2022-07-04T12:34:15.504+0000][8][gc,age      ] GC(98) - age   4:       2000 bytes,    1743952 total
[2022-07-04T12:34:15.505+0000][8][gc,age      ] GC(98) - age   5:        368 bytes,    1744320 total
[2022-07-04T12:34:15.506+0000][8][gc,age      ] GC(98) - age   6:        336 bytes,    1744656 total
[2022-07-04T12:34:15.506+0000][8][gc,age      ] GC(98) - age   7:      16768 bytes,    1761424 total
[2022-07-04T12:34:15.507+0000][8][gc,age      ] GC(98) - age   8:         32 bytes,    1761456 total
[2022-07-04T12:34:15.507+0000][8][gc,age      ] GC(98) - age   9:         32 bytes,    1761488 total
[2022-07-04T12:34:15.508+0000][8][gc,age      ] GC(98) - age  10:        144 bytes,    1761632 total
[2022-07-04T12:34:15.509+0000][8][gc,age      ] GC(98) - age  11:       1224 bytes,    1762856 total
[2022-07-04T12:34:15.509+0000][8][gc,age      ] GC(98) - age  12:        240 bytes,    1763096 total
[2022-07-04T12:34:15.510+0000][8][gc,age      ] GC(98) - age  13:        272 bytes,    1763368 total
[2022-07-04T12:34:15.510+0000][8][gc,age      ] GC(98) - age  14:       8768 bytes,    1772136 total
[2022-07-04T12:34:15.511+0000][8][gc,age      ] GC(98) - age  15:     131024 bytes,    1903160 total
[2022-07-04T12:34:15.512+0000][8][gc,heap     ] GC(98) Eden regions: 75->0(75)
[2022-07-04T12:34:15.512+0000][8][gc,heap     ] GC(98) Survivor regions: 1->1(10)
[2022-07-04T12:34:15.513+0000][8][gc,heap     ] GC(98) Old regions: 22->22
[2022-07-04T12:34:15.514+0000][8][gc,heap     ] GC(98) Archive regions: 2->2
[2022-07-04T12:34:15.517+0000][8][gc,heap     ] GC(98) Humongous regions: 0->0
[2022-07-04T12:34:15.518+0000][8][gc,metaspace] GC(98) Metaspace: 127742K(131072K)->127742K(131072K) NonClass: 110943K(112640K)->110943K(112640K) Class: 16798K(18432K)->16798K(18432K)
[2022-07-04T12:34:15.519+0000][8][gc          ] GC(98) Pause Young (Normal) (G1 Evacuation Pause) 389M->90M(512M) 31.206ms
[2022-07-04T12:34:15.520+0000][8][gc,cpu      ] GC(98) User=0.01s Sys=0.01s Real=0.04s
[2022-07-04T12:34:15.520+0000][8][safepoint   ] Safepoint "G1CollectForAllocation", Time since last: 36321203428 ns, Reaching safepoint: 83320 ns, At safepoint: 32631204 ns, Total: 32714524 ns
[2022-07-04T12:34:44.520+0000][8][safepoint   ] Safepoint "Cleanup", Time since last: 29022235059 ns, Reaching safepoint: 141421 ns, At safepoint: 49199 ns, Total: 190620 ns
[2022-07-04T12:36:02.369+0000][8][gc,start    ] GC(99) Pause Young (Normal) (G1 Evacuation Pause)
[2022-07-04T12:36:02.370+0000][8][gc,task     ] GC(99) Using 4 workers of 4 for evacuation
[2022-07-04T12:36:02.372+0000][8][gc,age      ] GC(99) Desired survivor size 20971520 bytes, new threshold 15 (max threshold 15)
[2022-07-04T12:36:02.378+0000][8][gc,phases   ] GC(99)   Pre Evacuate Collection Set: 0.3ms
[2022-07-04T12:36:02.379+0000][8][gc,phases   ] GC(99)   Merge Heap Roots: 0.2ms
[2022-07-04T12:36:02.380+0000][8][gc,phases   ] GC(99)   Evacuate Collection Set: 3.3ms
[2022-07-04T12:36:02.380+0000][8][gc,phases   ] GC(99)   Post Evacuate Collection Set: 1.5ms
[2022-07-04T12:36:02.381+0000][8][gc,phases   ] GC(99)   Other: 2.3ms
[2022-07-04T12:36:02.382+0000][8][gc,age      ] GC(99) Age table with threshold 15 (max threshold 15)
[2022-07-04T12:36:02.383+0000][8][gc,age      ] GC(99) - age   1:     690400 bytes,     690400 total
[2022-07-04T12:36:02.384+0000][8][gc,age      ] GC(99) - age   2:       4984 bytes,     695384 total
[2022-07-04T12:36:02.385+0000][8][gc,age      ] GC(99) - age   3:        632 bytes,     696016 total
[2022-07-04T12:36:02.385+0000][8][gc,age      ] GC(99) - age   4:        392 bytes,     696408 total
[2022-07-04T12:36:02.386+0000][8][gc,age      ] GC(99) - age   5:       2000 bytes,     698408 total
[2022-07-04T12:36:02.386+0000][8][gc,age      ] GC(99) - age   6:        368 bytes,     698776 total
[2022-07-04T12:36:02.387+0000][8][gc,age      ] GC(99) - age   7:        336 bytes,     699112 total
[2022-07-04T12:36:02.387+0000][8][gc,age      ] GC(99) - age   8:      16768 bytes,     715880 total
[2022-07-04T12:36:02.388+0000][8][gc,age      ] GC(99) - age   9:         32 bytes,     715912 total
[2022-07-04T12:36:02.388+0000][8][gc,age      ] GC(99) - age  10:         32 bytes,     715944 total
[2022-07-04T12:36:02.389+0000][8][gc,age      ] GC(99) - age  11:        144 bytes,     716088 total
[2022-07-04T12:36:02.389+0000][8][gc,age      ] GC(99) - age  12:       1224 bytes,     717312 total
[2022-07-04T12:36:02.390+0000][8][gc,age      ] GC(99) - age  13:        240 bytes,     717552 total
[2022-07-04T12:36:02.391+0000][8][gc,age      ] GC(99) - age  14:        272 bytes,     717824 total
[2022-07-04T12:36:02.392+0000][8][gc,age      ] GC(99) - age  15:       8768 bytes,     726592 total
[2022-07-04T12:36:02.392+0000][8][gc,heap     ] GC(99) Eden regions: 75->0(75)
[2022-07-04T12:36:02.393+0000][8][gc,heap     ] GC(99) Survivor regions: 1->1(10)
[2022-07-04T12:36:02.393+0000][8][gc,heap     ] GC(99) Old regions: 22->22
[2022-07-04T12:36:02.394+0000][8][gc,heap     ] GC(99) Archive regions: 2->2
[2022-07-04T12:36:02.394+0000][8][gc,heap     ] GC(99) Humongous regions: 0->0
[2022-07-04T12:36:02.395+0000][8][gc,metaspace] GC(99) Metaspace: 127754K(131072K)->127754K(131072K) NonClass: 110955K(112640K)->110955K(112640K) Class: 16798K(18432K)->16798K(18432K)
[2022-07-04T12:36:02.395+0000][8][gc          ] GC(99) Pause Young (Normal) (G1 Evacuation Pause) 390M->89M(512M) 26.532ms
[2022-07-04T12:36:02.396+0000][8][gc,cpu      ] GC(99) User=0.01s Sys=0.00s Real=0.03s
[2022-07-04T12:36:02.396+0000][8][safepoint   ] Safepoint "G1CollectForAllocation", Time since last: 77891583124 ns, Reaching safepoint: 258548 ns, At safepoint: 27646365 ns, Total: 27904913 ns
[2022-07-04T12:37:33.414+0000][8][safepoint   ] Safepoint "Cleanup", Time since last: 91082498887 ns, Reaching safepoint: 186893 ns, At safepoint: 12243 ns, Total: 199136 ns
[2022-07-04T12:37:53.574+0000][8][gc,start    ] GC(100) Pause Young (Normal) (G1 Evacuation Pause)
[2022-07-04T12:37:53.576+0000][8][gc,task     ] GC(100) Using 4 workers of 4 for evacuation
[2022-07-04T12:37:53.576+0000][8][gc,age      ] GC(100) Desired survivor size 20971520 bytes, new threshold 15 (max threshold 15)
[2022-07-04T12:37:53.580+0000][8][gc,phases   ] GC(100)   Pre Evacuate Collection Set: 0.2ms
[2022-07-04T12:37:53.581+0000][8][gc,phases   ] GC(100)   Merge Heap Roots: 0.1ms
[2022-07-04T12:37:53.582+0000][8][gc,phases   ] GC(100)   Evacuate Collection Set: 2.2ms
[2022-07-04T12:37:53.583+0000][8][gc,phases   ] GC(100)   Post Evacuate Collection Set: 1.0ms
[2022-07-04T12:37:53.583+0000][8][gc,phases   ] GC(100)   Other: 1.4ms
[2022-07-04T12:37:53.584+0000][8][gc,age      ] GC(100) Age table with threshold 15 (max threshold 15)
[2022-07-04T12:37:53.584+0000][8][gc,age      ] GC(100) - age   1:    1105592 bytes,    1105592 total
[2022-07-04T12:37:53.585+0000][8][gc,age      ] GC(100) - age   2:        736 bytes,    1106328 total
[2022-07-04T12:37:53.586+0000][8][gc,age      ] GC(100) - age   3:       3200 bytes,    1109528 total
[2022-07-04T12:37:53.586+0000][8][gc,age      ] GC(100) - age   4:        480 bytes,    1110008 total
[2022-07-04T12:37:53.587+0000][8][gc,age      ] GC(100) - age   5:        392 bytes,    1110400 total
[2022-07-04T12:37:53.587+0000][8][gc,age      ] GC(100) - age   6:       1816 bytes,    1112216 total
[2022-07-04T12:37:53.588+0000][8][gc,age      ] GC(100) - age   7:        368 bytes,    1112584 total
[2022-07-04T12:37:53.588+0000][8][gc,age      ] GC(100) - age   8:        336 bytes,    1112920 total
[2022-07-04T12:37:53.589+0000][8][gc,age      ] GC(100) - age   9:       8752 bytes,    1121672 total
[2022-07-04T12:37:53.589+0000][8][gc,age      ] GC(100) - age  10:         32 bytes,    1121704 total
[2022-07-04T12:37:53.590+0000][8][gc,age      ] GC(100) - age  11:         32 bytes,    1121736 total
[2022-07-04T12:37:53.591+0000][8][gc,age      ] GC(100) - age  12:        144 bytes,    1121880 total
[2022-07-04T12:37:53.591+0000][8][gc,age      ] GC(100) - age  13:       1224 bytes,    1123104 total
[2022-07-04T12:37:53.592+0000][8][gc,age      ] GC(100) - age  14:        240 bytes,    1123344 total
[2022-07-04T12:37:53.592+0000][8][gc,age      ] GC(100) - age  15:        272 bytes,    1123616 total
[2022-07-04T12:37:53.593+0000][8][gc,heap     ] GC(100) Eden regions: 75->0(75)
[2022-07-04T12:37:53.593+0000][8][gc,heap     ] GC(100) Survivor regions: 1->1(10)
[2022-07-04T12:37:53.594+0000][8][gc,heap     ] GC(100) Old regions: 22->22
[2022-07-04T12:37:53.594+0000][8][gc,heap     ] GC(100) Archive regions: 2->2
[2022-07-04T12:37:53.595+0000][8][gc,heap     ] GC(100) Humongous regions: 0->0
[2022-07-04T12:37:53.595+0000][8][gc,metaspace] GC(100) Metaspace: 127775K(131072K)->127775K(131072K) NonClass: 110976K(112640K)->110976K(112640K) Class: 16798K(18432K)->16798K(18432K)
[2022-07-04T12:37:53.596+0000][8][gc          ] GC(100) Pause Young (Normal) (G1 Evacuation Pause) 389M->90M(512M) 21.222ms
[2022-07-04T12:37:53.596+0000][8][gc,cpu      ] GC(100) User=0.00s Sys=0.00s Real=0.03s
[2022-07-04T12:37:53.597+0000][8][safepoint   ] Safepoint "G1CollectForAllocation", Time since last: 20183023819 ns, Reaching safepoint: 125374 ns, At safepoint: 22531564 ns, Total: 22656938 ns
[2022-07-04T12:37:56.604+0000][8][safepoint   ] Safepoint "Cleanup", Time since last: 3006621198 ns, Reaching safepoint: 537976 ns, At safepoint: 50385 ns, Total: 588361 ns
[2022-07-04T12:37:57.607+0000][8][safepoint   ] Safepoint "Cleanup", Time since last: 1002340720 ns, Reaching safepoint: 153808 ns, At safepoint: 8712 ns, Total: 162520 ns
[2022-07-04T12:38:08.617+0000][8][safepoint   ] Safepoint "Cleanup", Time since last: 11009687650 ns, Reaching safepoint: 209456 ns, At safepoint: 11809 ns, Total: 221265 ns
[2022-07-04T12:38:09.600+0000][8][safepoint   ] Safepoint "Cleanup", Time since last: 1002839674 ns, Reaching safepoint: 685231 ns, At safepoint: 29917 ns, Total: 715148 ns
[2022-07-04T12:38:44.608+0000][8][safepoint   ] Safepoint "Cleanup", Time since last: 35030395196 ns, Reaching safepoint: 114650 ns, At safepoint: 11249 ns, Total: 125899 ns
[2022-07-04T12:39:08.626+0000][8][safepoint   ] Safepoint "Cleanup", Time since last: 24017319013 ns, Reaching safepoint: 109662 ns, At safepoint: 4699 ns, Total: 114361 ns
[2022-07-04T12:39:11.547+0000][8][gc,start    ] GC(101) Pause Young (Normal) (G1 Evacuation Pause)
[2022-07-04T12:39:11.548+0000][8][gc,task     ] GC(101) Using 4 workers of 4 for evacuation
[2022-07-04T12:39:11.548+0000][8][gc,age      ] GC(101) Desired survivor size 20971520 bytes, new threshold 15 (max threshold 15)
[2022-07-04T12:39:11.553+0000][8][gc,phases   ] GC(101)   Pre Evacuate Collection Set: 0.1ms
[2022-07-04T12:39:11.554+0000][8][gc,phases   ] GC(101)   Merge Heap Roots: 0.1ms
[2022-07-04T12:39:11.555+0000][8][gc,phases   ] GC(101)   Evacuate Collection Set: 2.5ms
[2022-07-04T12:39:11.555+0000][8][gc,phases   ] GC(101)   Post Evacuate Collection Set: 1.2ms
[2022-07-04T12:39:11.556+0000][8][gc,phases   ] GC(101)   Other: 1.4ms
[2022-07-04T12:39:11.558+0000][8][gc,age      ] GC(101) Age table with threshold 15 (max threshold 15)
[2022-07-04T12:39:11.559+0000][8][gc,age      ] GC(101) - age   1:    1063256 bytes,    1063256 total
[2022-07-04T12:39:11.559+0000][8][gc,age      ] GC(101) - age   2:      10080 bytes,    1073336 total
[2022-07-04T12:39:11.560+0000][8][gc,age      ] GC(101) - age   3:        416 bytes,    1073752 total
[2022-07-04T12:39:11.561+0000][8][gc,age      ] GC(101) - age   4:       2904 bytes,    1076656 total
[2022-07-04T12:39:11.561+0000][8][gc,age      ] GC(101) - age   5:        184 bytes,    1076840 total
[2022-07-04T12:39:11.562+0000][8][gc,age      ] GC(101) - age   6:        208 bytes,    1077048 total
[2022-07-04T12:39:11.562+0000][8][gc,age      ] GC(101) - age   7:       1640 bytes,    1078688 total
[2022-07-04T12:39:11.563+0000][8][gc,age      ] GC(101) - age   8:        368 bytes,    1079056 total
[2022-07-04T12:39:11.563+0000][8][gc,age      ] GC(101) - age   9:        336 bytes,    1079392 total
[2022-07-04T12:39:11.564+0000][8][gc,age      ] GC(101) - age  10:       8752 bytes,    1088144 total
[2022-07-04T12:39:11.565+0000][8][gc,age      ] GC(101) - age  11:         32 bytes,    1088176 total
[2022-07-04T12:39:11.565+0000][8][gc,age      ] GC(101) - age  13:        144 bytes,    1088320 total
[2022-07-04T12:39:11.566+0000][8][gc,age      ] GC(101) - age  14:       1224 bytes,    1089544 total
[2022-07-04T12:39:11.566+0000][8][gc,age      ] GC(101) - age  15:        240 bytes,    1089784 total
[2022-07-04T12:39:11.567+0000][8][gc,heap     ] GC(101) Eden regions: 75->0(75)
[2022-07-04T12:39:11.567+0000][8][gc,heap     ] GC(101) Survivor regions: 1->1(10)
[2022-07-04T12:39:11.568+0000][8][gc,heap     ] GC(101) Old regions: 22->22
[2022-07-04T12:39:11.568+0000][8][gc,heap     ] GC(101) Archive regions: 2->2
[2022-07-04T12:39:11.569+0000][8][gc,heap     ] GC(101) Humongous regions: 0->0
[2022-07-04T12:39:11.569+0000][8][gc,metaspace] GC(101) Metaspace: 127777K(131072K)->127777K(131072K) NonClass: 110978K(112640K)->110978K(112640K) Class: 16798K(18432K)->16798K(18432K)
[2022-07-04T12:39:11.570+0000][8][gc          ] GC(101) Pause Young (Normal) (G1 Evacuation Pause) 390M->90M(512M) 23.132ms
[2022-07-04T12:39:11.571+0000][8][gc,cpu      ] GC(101) User=0.00s Sys=0.00s Real=0.02s
[2022-07-04T12:39:11.571+0000][8][safepoint   ] Safepoint "G1CollectForAllocation", Time since last: 2942150777 ns, Reaching safepoint: 54992 ns, At safepoint: 24445129 ns, Total: 24500121 ns
[2022-07-04T12:39:17.578+0000][8][safepoint   ] Safepoint "Cleanup", Time since last: 6006503489 ns, Reaching safepoint: 183348 ns, At safepoint: 21126 ns, Total: 204474 ns
[2022-07-04T12:39:20.590+0000][8][safepoint   ] Safepoint "Cleanup", Time since last: 3011913794 ns, Reaching safepoint: 113124 ns, At safepoint: 6912 ns, Total: 120036 ns
[2022-07-04T12:40:02.608+0000][8][safepoint   ] Safepoint "Cleanup", Time since last: 42039625574 ns, Reaching safepoint: 238675 ns, At safepoint: 20346 ns, Total: 259021 ns
[2022-07-04T12:40:36.606+0000][8][gc,start    ] GC(102) Pause Young (Normal) (G1 Evacuation Pause)
[2022-07-04T12:40:36.610+0000][8][gc,task     ] GC(102) Using 4 workers of 4 for evacuation
[2022-07-04T12:40:36.611+0000][8][gc,age      ] GC(102) Desired survivor size 20971520 bytes, new threshold 15 (max threshold 15)
[2022-07-04T12:40:36.616+0000][8][gc,phases   ] GC(102)   Pre Evacuate Collection Set: 0.3ms
[2022-07-04T12:40:36.617+0000][8][gc,phases   ] GC(102)   Merge Heap Roots: 0.1ms
[2022-07-04T12:40:36.617+0000][8][gc,phases   ] GC(102)   Evacuate Collection Set: 1.6ms
[2022-07-04T12:40:36.618+0000][8][gc,phases   ] GC(102)   Post Evacuate Collection Set: 1.1ms
[2022-07-04T12:40:36.619+0000][8][gc,phases   ] GC(102)   Other: 2.4ms
[2022-07-04T12:40:36.619+0000][8][gc,age      ] GC(102) Age table with threshold 15 (max threshold 15)
[2022-07-04T12:40:36.620+0000][8][gc,age      ] GC(102) - age   1:     812448 bytes,     812448 total
[2022-07-04T12:40:36.620+0000][8][gc,age      ] GC(102) - age   2:       2128 bytes,     814576 total
[2022-07-04T12:40:36.621+0000][8][gc,age      ] GC(102) - age   3:        680 bytes,     815256 total
[2022-07-04T12:40:36.622+0000][8][gc,age      ] GC(102) - age   4:        320 bytes,     815576 total
[2022-07-04T12:40:36.623+0000][8][gc,age      ] GC(102) - age   5:       2880 bytes,     818456 total
[2022-07-04T12:40:36.623+0000][8][gc,age      ] GC(102) - age   6:        184 bytes,     818640 total
[2022-07-04T12:40:36.624+0000][8][gc,age      ] GC(102) - age   7:        208 bytes,     818848 total
[2022-07-04T12:40:36.624+0000][8][gc,age      ] GC(102) - age   8:       1640 bytes,     820488 total
[2022-07-04T12:40:36.625+0000][8][gc,age      ] GC(102) - age   9:        368 bytes,     820856 total
[2022-07-04T12:40:36.626+0000][8][gc,age      ] GC(102) - age  10:        336 bytes,     821192 total
[2022-07-04T12:40:36.626+0000][8][gc,age      ] GC(102) - age  11:       8752 bytes,     829944 total
[2022-07-04T12:40:36.627+0000][8][gc,age      ] GC(102) - age  14:        144 bytes,     830088 total
[2022-07-04T12:40:36.627+0000][8][gc,age      ] GC(102) - age  15:       1224 bytes,     831312 total
[2022-07-04T12:40:36.628+0000][8][gc,heap     ] GC(102) Eden regions: 75->0(75)
[2022-07-04T12:40:36.628+0000][8][gc,heap     ] GC(102) Survivor regions: 1->1(10)
[2022-07-04T12:40:36.629+0000][8][gc,heap     ] GC(102) Old regions: 22->22
[2022-07-04T12:40:36.630+0000][8][gc,heap     ] GC(102) Archive regions: 2->2
[2022-07-04T12:40:36.630+0000][8][gc,heap     ] GC(102) Humongous regions: 0->0
[2022-07-04T12:40:36.631+0000][8][gc,metaspace] GC(102) Metaspace: 127782K(131072K)->127782K(131072K) NonClass: 110983K(112640K)->110983K(112640K) Class: 16798K(18432K)->16798K(18432K)
[2022-07-04T12:40:36.632+0000][8][gc          ] GC(102) Pause Young (Normal) (G1 Evacuation Pause) 390M->89M(512M) 25.307ms
[2022-07-04T12:40:36.632+0000][8][gc,cpu      ] GC(102) User=0.00s Sys=0.00s Real=0.03s
[2022-07-04T12:40:36.633+0000][8][safepoint   ] Safepoint "G1CollectForAllocation", Time since last: 34017731609 ns, Reaching safepoint: 133665 ns, At safepoint: 26645639 ns, Total: 26779304 ns
[2022-07-04T12:40:38.636+0000][8][safepoint   ] Safepoint "Cleanup", Time since last: 2001996784 ns, Reaching safepoint: 1004233 ns, At safepoint: 15320 ns, Total: 1019553 ns
[2022-07-04T12:40:45.623+0000][8][safepoint   ] Safepoint "Cleanup", Time since last: 7009810843 ns, Reaching safepoint: 544036 ns, At safepoint: 24717 ns, Total: 568753 ns
[2022-07-04T12:41:20.628+0000][8][safepoint   ] Safepoint "Cleanup", Time since last: 35027583518 ns, Reaching safepoint: 340408 ns, At safepoint: 12499 ns, Total: 352907 ns
[2022-07-04T12:41:36.860+0000][8][safepoint   ] Safepoint "Cleanup", Time since last: 16230969812 ns, Reaching safepoint: 357321 ns, At safepoint: 24448 ns, Total: 381769 ns
[2022-07-04T12:41:56.855+0000][8][safepoint   ] Safepoint "Cleanup", Time since last: 20015827860 ns, Reaching safepoint: 190723 ns, At safepoint: 12456 ns, Total: 203179 ns
[2022-07-04T12:42:02.494+0000][8][gc,start    ] GC(103) Pause Young (Normal) (G1 Evacuation Pause)
[2022-07-04T12:42:02.495+0000][8][gc,task     ] GC(103) Using 4 workers of 4 for evacuation
[2022-07-04T12:42:02.496+0000][8][gc,age      ] GC(103) Desired survivor size 20971520 bytes, new threshold 15 (max threshold 15)
[2022-07-04T12:42:02.499+0000][8][gc,phases   ] GC(103)   Pre Evacuate Collection Set: 0.1ms
[2022-07-04T12:42:02.500+0000][8][gc,phases   ] GC(103)   Merge Heap Roots: 0.1ms
[2022-07-04T12:42:02.501+0000][8][gc,phases   ] GC(103)   Evacuate Collection Set: 1.5ms
[2022-07-04T12:42:02.501+0000][8][gc,phases   ] GC(103)   Post Evacuate Collection Set: 0.9ms
[2022-07-04T12:42:02.505+0000][8][gc,phases   ] GC(103)   Other: 1.3ms
[2022-07-04T12:42:02.506+0000][8][gc,age      ] GC(103) Age table with threshold 15 (max threshold 15)
[2022-07-04T12:42:02.507+0000][8][gc,age      ] GC(103) - age   1:     739736 bytes,     739736 total
[2022-07-04T12:42:02.507+0000][8][gc,age      ] GC(103) - age   2:      10056 bytes,     749792 total
[2022-07-04T12:42:02.508+0000][8][gc,age      ] GC(103) - age   3:        680 bytes,     750472 total
[2022-07-04T12:42:02.509+0000][8][gc,age      ] GC(103) - age   4:        552 bytes,     751024 total
[2022-07-04T12:42:02.510+0000][8][gc,age      ] GC(103) - age   5:        256 bytes,     751280 total
[2022-07-04T12:42:02.510+0000][8][gc,age      ] GC(103) - age   6:       2880 bytes,     754160 total
[2022-07-04T12:42:02.511+0000][8][gc,age      ] GC(103) - age   7:        184 bytes,     754344 total
[2022-07-04T12:42:02.512+0000][8][gc,age      ] GC(103) - age   8:        208 bytes,     754552 total
[2022-07-04T12:42:02.512+0000][8][gc,age      ] GC(103) - age   9:       1640 bytes,     756192 total
[2022-07-04T12:42:02.513+0000][8][gc,age      ] GC(103) - age  10:        368 bytes,     756560 total
[2022-07-04T12:42:02.514+0000][8][gc,age      ] GC(103) - age  11:        336 bytes,     756896 total
[2022-07-04T12:42:02.514+0000][8][gc,age      ] GC(103) - age  12:       8752 bytes,     765648 total
[2022-07-04T12:42:02.515+0000][8][gc,age      ] GC(103) - age  15:        144 bytes,     765792 total
[2022-07-04T12:42:02.516+0000][8][gc,heap     ] GC(103) Eden regions: 75->0(75)
[2022-07-04T12:42:02.516+0000][8][gc,heap     ] GC(103) Survivor regions: 1->1(10)
[2022-07-04T12:42:02.517+0000][8][gc,heap     ] GC(103) Old regions: 22->22
[2022-07-04T12:42:02.518+0000][8][gc,heap     ] GC(103) Archive regions: 2->2
[2022-07-04T12:42:02.519+0000][8][gc,heap     ] GC(103) Humongous regions: 0->0
[2022-07-04T12:42:02.519+0000][8][gc,metaspace] GC(103) Metaspace: 127803K(131136K)->127803K(131136K) NonClass: 111003K(112704K)->111003K(112704K) Class: 16800K(18432K)->16800K(18432K)
[2022-07-04T12:42:02.520+0000][8][gc          ] GC(103) Pause Young (Normal) (G1 Evacuation Pause) 389M->89M(512M) 25.875ms
[2022-07-04T12:42:02.521+0000][8][gc,cpu      ] GC(103) User=0.01s Sys=0.00s Real=0.02s
[2022-07-04T12:42:02.521+0000][8][safepoint   ] Safepoint "G1CollectForAllocation", Time since last: 5639663358 ns, Reaching safepoint: 80695 ns, At safepoint: 27147458 ns, Total: 27228153 ns
[2022-07-04T12:42:44.517+0000][8][safepoint   ] Safepoint "Cleanup", Time since last: 42038258072 ns, Reaching safepoint: 155755 ns, At safepoint: 4385 ns, Total: 160140 ns
[2022-07-04T12:43:47.003+0000][8][gc,start    ] GC(104) Pause Young (Normal) (G1 Evacuation Pause)
[2022-07-04T12:43:47.006+0000][8][gc,task     ] GC(104) Using 4 workers of 4 for evacuation
[2022-07-04T12:43:47.009+0000][8][gc,age      ] GC(104) Desired survivor size 20971520 bytes, new threshold 15 (max threshold 15)
[2022-07-04T12:43:47.014+0000][8][gc,phases   ] GC(104)   Pre Evacuate Collection Set: 0.2ms
[2022-07-04T12:43:47.015+0000][8][gc,phases   ] GC(104)   Merge Heap Roots: 0.2ms
[2022-07-04T12:43:47.016+0000][8][gc,phases   ] GC(104)   Evacuate Collection Set: 2.6ms
[2022-07-04T12:43:47.016+0000][8][gc,phases   ] GC(104)   Post Evacuate Collection Set: 1.2ms
[2022-07-04T12:43:47.017+0000][8][gc,phases   ] GC(104)   Other: 4.2ms
[2022-07-04T12:43:47.017+0000][8][gc,age      ] GC(104) Age table with threshold 15 (max threshold 15)
[2022-07-04T12:43:47.018+0000][8][gc,age      ] GC(104) - age   1:    1209640 bytes,    1209640 total
[2022-07-04T12:43:47.019+0000][8][gc,age      ] GC(104) - age   2:       2024 bytes,    1211664 total
[2022-07-04T12:43:47.019+0000][8][gc,age      ] GC(104) - age   3:       8680 bytes,    1220344 total
[2022-07-04T12:43:47.020+0000][8][gc,age      ] GC(104) - age   4:        256 bytes,    1220600 total
[2022-07-04T12:43:47.020+0000][8][gc,age      ] GC(104) - age   5:        488 bytes,    1221088 total
[2022-07-04T12:43:47.021+0000][8][gc,age      ] GC(104) - age   6:        256 bytes,    1221344 total
[2022-07-04T12:43:47.021+0000][8][gc,age      ] GC(104) - age   7:       2880 bytes,    1224224 total
[2022-07-04T12:43:47.022+0000][8][gc,age      ] GC(104) - age   8:        184 bytes,    1224408 total
[2022-07-04T12:43:47.023+0000][8][gc,age      ] GC(104) - age   9:        208 bytes,    1224616 total
[2022-07-04T12:43:47.023+0000][8][gc,age      ] GC(104) - age  10:       1640 bytes,    1226256 total
[2022-07-04T12:43:47.025+0000][8][gc,age      ] GC(104) - age  11:        368 bytes,    1226624 total
[2022-07-04T12:43:47.025+0000][8][gc,age      ] GC(104) - age  12:        336 bytes,    1226960 total
[2022-07-04T12:43:47.026+0000][8][gc,age      ] GC(104) - age  13:       8752 bytes,    1235712 total
[2022-07-04T12:43:47.027+0000][8][gc,heap     ] GC(104) Eden regions: 75->0(75)
[2022-07-04T12:43:47.028+0000][8][gc,heap     ] GC(104) Survivor regions: 1->1(10)
[2022-07-04T12:43:47.029+0000][8][gc,heap     ] GC(104) Old regions: 22->22
[2022-07-04T12:43:47.029+0000][8][gc,heap     ] GC(104) Archive regions: 2->2
[2022-07-04T12:43:47.030+0000][8][gc,heap     ] GC(104) Humongous regions: 0->0
[2022-07-04T12:43:47.030+0000][8][gc,metaspace] GC(104) Metaspace: 127803K(131136K)->127803K(131136K) NonClass: 111003K(112704K)->111003K(112704K) Class: 16800K(18432K)->16800K(18432K)
[2022-07-04T12:43:47.031+0000][8][gc          ] GC(104) Pause Young (Normal) (G1 Evacuation Pause) 389M->90M(512M) 28.364ms
[2022-07-04T12:43:47.031+0000][8][gc,cpu      ] GC(104) User=0.01s Sys=0.00s Real=0.03s
[2022-07-04T12:43:47.032+0000][8][safepoint   ] Safepoint "G1CollectForAllocation", Time since last: 62528702311 ns, Reaching safepoint: 139558 ns, At safepoint: 29755163 ns, Total: 29894721 ns
[2022-07-04T12:43:57.046+0000][8][safepoint   ] Safepoint "Cleanup", Time since last: 10013338080 ns, Reaching safepoint: 369811 ns, At safepoint: 190064 ns, Total: 559875 ns
[2022-07-04T12:44:08.055+0000][8][safepoint   ] Safepoint "Cleanup", Time since last: 11008830368 ns, Reaching safepoint: 127918 ns, At safepoint: 11474 ns, Total: 139392 ns
[2022-07-04T12:44:39.037+0000][8][safepoint   ] Safepoint "Cleanup", Time since last: 31025220060 ns, Reaching safepoint: 141616 ns, At safepoint: 5619 ns, Total: 147235 ns
[2022-07-04T12:45:03.066+0000][8][safepoint   ] Safepoint "Cleanup", Time since last: 24028989558 ns, Reaching safepoint: 233506 ns, At safepoint: 10809 ns, Total: 244315 ns
[2022-07-04T12:45:09.052+0000][8][safepoint   ] Safepoint "Cleanup", Time since last: 6006710200 ns, Reaching safepoint: 114574 ns, At safepoint: 5223 ns, Total: 119797 ns
[2022-07-04T12:45:15.058+0000][8][safepoint   ] Safepoint "Cleanup", Time since last: 6006674343 ns, Reaching safepoint: 95349 ns, At safepoint: 4448 ns, Total: 99797 ns
[2022-07-04T12:45:29.402+0000][8][gc,start    ] GC(105) Pause Young (Normal) (G1 Evacuation Pause)
[2022-07-04T12:45:29.403+0000][8][gc,task     ] GC(105) Using 4 workers of 4 for evacuation
[2022-07-04T12:45:29.404+0000][8][gc,age      ] GC(105) Desired survivor size 20971520 bytes, new threshold 15 (max threshold 15)
[2022-07-04T12:45:29.407+0000][8][gc,phases   ] GC(105)   Pre Evacuate Collection Set: 0.1ms
[2022-07-04T12:45:29.408+0000][8][gc,phases   ] GC(105)   Merge Heap Roots: 0.1ms
[2022-07-04T12:45:29.409+0000][8][gc,phases   ] GC(105)   Evacuate Collection Set: 1.5ms
[2022-07-04T12:45:29.409+0000][8][gc,phases   ] GC(105)   Post Evacuate Collection Set: 1.0ms
[2022-07-04T12:45:29.410+0000][8][gc,phases   ] GC(105)   Other: 1.5ms
[2022-07-04T12:45:29.410+0000][8][gc,age      ] GC(105) Age table with threshold 15 (max threshold 15)
[2022-07-04T12:45:29.411+0000][8][gc,age      ] GC(105) - age   1:     331376 bytes,     331376 total
[2022-07-04T12:45:29.411+0000][8][gc,age      ] GC(105) - age   2:       2440 bytes,     333816 total
[2022-07-04T12:45:29.412+0000][8][gc,age      ] GC(105) - age   3:       1704 bytes,     335520 total
[2022-07-04T12:45:29.412+0000][8][gc,age      ] GC(105) - age   4:        568 bytes,     336088 total
[2022-07-04T12:45:29.413+0000][8][gc,age      ] GC(105) - age   5:        256 bytes,     336344 total
[2022-07-04T12:45:29.413+0000][8][gc,age      ] GC(105) - age   6:        488 bytes,     336832 total
[2022-07-04T12:45:29.414+0000][8][gc,age      ] GC(105) - age   7:        160 bytes,     336992 total
[2022-07-04T12:45:29.417+0000][8][gc,age      ] GC(105) - age   8:        960 bytes,     337952 total
[2022-07-04T12:45:29.417+0000][8][gc,age      ] GC(105) - age  10:        208 bytes,     338160 total
[2022-07-04T12:45:29.418+0000][8][gc,age      ] GC(105) - age  11:       1640 bytes,     339800 total
[2022-07-04T12:45:29.419+0000][8][gc,age      ] GC(105) - age  12:        368 bytes,     340168 total
[2022-07-04T12:45:29.419+0000][8][gc,age      ] GC(105) - age  13:        336 bytes,     340504 total
[2022-07-04T12:45:29.420+0000][8][gc,age      ] GC(105) - age  14:       8752 bytes,     349256 total
[2022-07-04T12:45:29.420+0000][8][gc,heap     ] GC(105) Eden regions: 75->0(75)
[2022-07-04T12:45:29.421+0000][8][gc,heap     ] GC(105) Survivor regions: 1->1(10)
[2022-07-04T12:45:29.422+0000][8][gc,heap     ] GC(105) Old regions: 22->22
[2022-07-04T12:45:29.422+0000][8][gc,heap     ] GC(105) Archive regions: 2->2
[2022-07-04T12:45:29.423+0000][8][gc,heap     ] GC(105) Humongous regions: 0->0
[2022-07-04T12:45:29.424+0000][8][gc,metaspace] GC(105) Metaspace: 127803K(131136K)->127803K(131136K) NonClass: 111003K(112704K)->111003K(112704K) Class: 16800K(18432K)->16800K(18432K)
[2022-07-04T12:45:29.424+0000][8][gc          ] GC(105) Pause Young (Normal) (G1 Evacuation Pause) 390M->89M(512M) 22.322ms
[2022-07-04T12:45:29.425+0000][8][gc,cpu      ] GC(105) User=0.01s Sys=0.00s Real=0.03s
[2022-07-04T12:45:29.426+0000][8][safepoint   ] Safepoint "G1CollectForAllocation", Time since last: 14343543346 ns, Reaching safepoint: 137715 ns, At safepoint: 23683552 ns, Total: 23821267 ns
[2022-07-04T12:45:38.434+0000][8][safepoint   ] Safepoint "Cleanup", Time since last: 9008303367 ns, Reaching safepoint: 131160 ns, At safepoint: 6971 ns, Total: 138131 ns
[2022-07-04T12:45:42.542+0000][8][safepoint   ] Safepoint "Cleanup", Time since last: 4128606657 ns, Reaching safepoint: 243026 ns, At safepoint: 13404 ns, Total: 256430 ns
[2022-07-04T12:45:56.556+0000][8][safepoint   ] Safepoint "Cleanup", Time since last: 14013858382 ns, Reaching safepoint: 174108 ns, At safepoint: 36758 ns, Total: 210866 ns
[2022-07-04T12:45:59.560+0000][8][safepoint   ] Safepoint "Cleanup", Time since last: 3003680853 ns, Reaching safepoint: 277966 ns, At safepoint: 25987 ns, Total: 303953 ns
[2022-07-04T12:46:08.570+0000][8][safepoint   ] Safepoint "Cleanup", Time since last: 9009222468 ns, Reaching safepoint: 211961 ns, At safepoint: 10462 ns, Total: 222423 ns
[2022-07-04T12:46:12.554+0000][8][safepoint   ] Safepoint "Cleanup", Time since last: 4005166244 ns, Reaching safepoint: 358055 ns, At safepoint: 31291 ns, Total: 389346 ns
[2022-07-04T12:46:47.384+0000][8][gc,start    ] GC(106) Pause Young (Normal) (G1 Evacuation Pause)
[2022-07-04T12:46:47.385+0000][8][gc,task     ] GC(106) Using 4 workers of 4 for evacuation
[2022-07-04T12:46:47.385+0000][8][gc,age      ] GC(106) Desired survivor size 20971520 bytes, new threshold 15 (max threshold 15)
[2022-07-04T12:46:47.390+0000][8][gc,phases   ] GC(106)   Pre Evacuate Collection Set: 0.3ms
[2022-07-04T12:46:47.390+0000][8][gc,phases   ] GC(106)   Merge Heap Roots: 0.2ms
[2022-07-04T12:46:47.391+0000][8][gc,phases   ] GC(106)   Evacuate Collection Set: 1.7ms
[2022-07-04T12:46:47.392+0000][8][gc,phases   ] GC(106)   Post Evacuate Collection Set: 1.2ms
[2022-07-04T12:46:47.392+0000][8][gc,phases   ] GC(106)   Other: 1.5ms
[2022-07-04T12:46:47.393+0000][8][gc,age      ] GC(106) Age table with threshold 15 (max threshold 15)
[2022-07-04T12:46:47.394+0000][8][gc,age      ] GC(106) - age   1:     509056 bytes,     509056 total
[2022-07-04T12:46:47.394+0000][8][gc,age      ] GC(106) - age   2:       3072 bytes,     512128 total
[2022-07-04T12:46:47.395+0000][8][gc,age      ] GC(106) - age   3:        480 bytes,     512608 total
[2022-07-04T12:46:47.396+0000][8][gc,age      ] GC(106) - age   4:       1640 bytes,     514248 total
[2022-07-04T12:46:47.396+0000][8][gc,age      ] GC(106) - age   5:        384 bytes,     514632 total
[2022-07-04T12:46:47.397+0000][8][gc,age      ] GC(106) - age   6:        256 bytes,     514888 total
[2022-07-04T12:46:47.398+0000][8][gc,age      ] GC(106) - age   7:        488 bytes,     515376 total
[2022-07-04T12:46:47.399+0000][8][gc,age      ] GC(106) - age   8:        160 bytes,     515536 total
[2022-07-04T12:46:47.400+0000][8][gc,age      ] GC(106) - age   9:        960 bytes,     516496 total
[2022-07-04T12:46:47.400+0000][8][gc,age      ] GC(106) - age  11:        208 bytes,     516704 total
[2022-07-04T12:46:47.401+0000][8][gc,age      ] GC(106) - age  12:       1640 bytes,     518344 total
[2022-07-04T12:46:47.402+0000][8][gc,age      ] GC(106) - age  13:        368 bytes,     518712 total
[2022-07-04T12:46:47.403+0000][8][gc,age      ] GC(106) - age  14:        336 bytes,     519048 total
[2022-07-04T12:46:47.404+0000][8][gc,age      ] GC(106) - age  15:       8568 bytes,     527616 total
[2022-07-04T12:46:47.404+0000][8][gc,heap     ] GC(106) Eden regions: 75->0(75)
[2022-07-04T12:46:47.408+0000][8][gc,heap     ] GC(106) Survivor regions: 1->1(10)
[2022-07-04T12:46:47.409+0000][8][gc,heap     ] GC(106) Old regions: 22->22
[2022-07-04T12:46:47.409+0000][8][gc,heap     ] GC(106) Archive regions: 2->2
[2022-07-04T12:46:47.410+0000][8][gc,heap     ] GC(106) Humongous regions: 0->0
[2022-07-04T12:46:47.411+0000][8][gc,metaspace] GC(106) Metaspace: 127814K(131136K)->127814K(131136K) NonClass: 111013K(112704K)->111013K(112704K) Class: 16800K(18432K)->16800K(18432K)
[2022-07-04T12:46:47.412+0000][8][gc          ] GC(106) Pause Young (Normal) (G1 Evacuation Pause) 389M->89M(512M) 28.004ms
[2022-07-04T12:46:47.413+0000][8][gc,cpu      ] GC(106) User=0.00s Sys=0.00s Real=0.03s
[2022-07-04T12:46:47.414+0000][8][safepoint   ] Safepoint "G1CollectForAllocation", Time since last: 34851810750 ns, Reaching safepoint: 71877 ns, At safepoint: 29870160 ns, Total: 29942037 ns
[2022-07-04T12:47:08.436+0000][8][safepoint   ] Safepoint "Cleanup", Time since last: 21022124315 ns, Reaching safepoint: 191196 ns, At safepoint: 5683 ns, Total: 196879 ns
[2022-07-04T12:47:29.370+0000][8][safepoint   ] Safepoint "Cleanup", Time since last: 20956114683 ns, Reaching safepoint: 75519 ns, At safepoint: 4502 ns, Total: 80021 ns
[2022-07-04T12:47:30.375+0000][8][safepoint   ] Safepoint "Cleanup", Time since last: 1004073255 ns, Reaching safepoint: 502541 ns, At safepoint: 46903 ns, Total: 549444 ns
[2022-07-04T12:47:36.383+0000][8][safepoint   ] Safepoint "Cleanup", Time since last: 6008749602 ns, Reaching safepoint: 131645 ns, At safepoint: 5270 ns, Total: 136915 ns
[2022-07-04T12:47:59.381+0000][8][safepoint   ] Safepoint "Cleanup", Time since last: 23018919218 ns, Reaching safepoint: 143965 ns, At safepoint: 20687 ns, Total: 164652 ns
[2022-07-04T12:48:00.383+0000][8][safepoint   ] Safepoint "Cleanup", Time since last: 1002365094 ns, Reaching safepoint: 144048 ns, At safepoint: 6079 ns, Total: 150127 ns
[2022-07-04T12:48:08.393+0000][8][safepoint   ] Safepoint "Cleanup", Time since last: 8009333181 ns, Reaching safepoint: 133876 ns, At safepoint: 3614 ns, Total: 137490 ns
[2022-07-04T12:48:11.373+0000][8][gc,start    ] GC(107) Pause Young (Normal) (G1 Evacuation Pause)
[2022-07-04T12:48:11.374+0000][8][gc,task     ] GC(107) Using 4 workers of 4 for evacuation
[2022-07-04T12:48:11.375+0000][8][gc,age      ] GC(107) Desired survivor size 20971520 bytes, new threshold 15 (max threshold 15)
[2022-07-04T12:48:11.379+0000][8][gc,phases   ] GC(107)   Pre Evacuate Collection Set: 0.2ms
[2022-07-04T12:48:11.380+0000][8][gc,phases   ] GC(107)   Merge Heap Roots: 0.1ms
[2022-07-04T12:48:11.381+0000][8][gc,phases   ] GC(107)   Evacuate Collection Set: 2.6ms
[2022-07-04T12:48:11.381+0000][8][gc,phases   ] GC(107)   Post Evacuate Collection Set: 1.0ms
[2022-07-04T12:48:11.382+0000][8][gc,phases   ] GC(107)   Other: 1.5ms
[2022-07-04T12:48:11.383+0000][8][gc,age      ] GC(107) Age table with threshold 15 (max threshold 15)
[2022-07-04T12:48:11.384+0000][8][gc,age      ] GC(107) - age   1:    1987624 bytes,    1987624 total
[2022-07-04T12:48:11.384+0000][8][gc,age      ] GC(107) - age   2:       1752 bytes,    1989376 total
[2022-07-04T12:48:11.385+0000][8][gc,age      ] GC(107) - age   3:       2528 bytes,    1991904 total
[2022-07-04T12:48:11.386+0000][8][gc,age      ] GC(107) - age   4:        480 bytes,    1992384 total
[2022-07-04T12:48:11.387+0000][8][gc,age      ] GC(107) - age   5:       1640 bytes,    1994024 total
[2022-07-04T12:48:11.387+0000][8][gc,age      ] GC(107) - age   6:        384 bytes,    1994408 total
[2022-07-04T12:48:11.388+0000][8][gc,age      ] GC(107) - age   7:        256 bytes,    1994664 total
[2022-07-04T12:48:11.389+0000][8][gc,age      ] GC(107) - age   8:        488 bytes,    1995152 total
[2022-07-04T12:48:11.389+0000][8][gc,age      ] GC(107) - age   9:        160 bytes,    1995312 total
[2022-07-04T12:48:11.390+0000][8][gc,age      ] GC(107) - age  10:        776 bytes,    1996088 total
[2022-07-04T12:48:11.390+0000][8][gc,age      ] GC(107) - age  12:        208 bytes,    1996296 total
[2022-07-04T12:48:11.391+0000][8][gc,age      ] GC(107) - age  13:       1640 bytes,    1997936 total
[2022-07-04T12:48:11.392+0000][8][gc,age      ] GC(107) - age  14:        368 bytes,    1998304 total
[2022-07-04T12:48:11.392+0000][8][gc,age      ] GC(107) - age  15:        336 bytes,    1998640 total
[2022-07-04T12:48:11.393+0000][8][gc,heap     ] GC(107) Eden regions: 75->0(75)
[2022-07-04T12:48:11.393+0000][8][gc,heap     ] GC(107) Survivor regions: 1->1(10)
[2022-07-04T12:48:11.394+0000][8][gc,heap     ] GC(107) Old regions: 22->22
[2022-07-04T12:48:11.395+0000][8][gc,heap     ] GC(107) Archive regions: 2->2
[2022-07-04T12:48:11.395+0000][8][gc,heap     ] GC(107) Humongous regions: 0->0
[2022-07-04T12:48:11.396+0000][8][gc,metaspace] GC(107) Metaspace: 127817K(131136K)->127817K(131136K) NonClass: 111016K(112704K)->111016K(112704K) Class: 16800K(18432K)->16800K(18432K)
[2022-07-04T12:48:11.396+0000][8][gc          ] GC(107) Pause Young (Normal) (G1 Evacuation Pause) 389M->90M(512M) 23.659ms
[2022-07-04T12:48:11.397+0000][8][gc,cpu      ] GC(107) User=0.01s Sys=0.00s Real=0.03s
[2022-07-04T12:48:11.398+0000][8][safepoint   ] Safepoint "G1CollectForAllocation", Time since last: 2999909923 ns, Reaching safepoint: 155679 ns, At safepoint: 24915152 ns, Total: 25070831 ns
[2022-07-04T12:48:39.416+0000][8][safepoint   ] Safepoint "Cleanup", Time since last: 28040757953 ns, Reaching safepoint: 143184 ns, At safepoint: 6429 ns, Total: 149613 ns
[2022-07-04T12:49:39.414+0000][8][gc,start    ] GC(108) Pause Young (Normal) (G1 Evacuation Pause)
[2022-07-04T12:49:39.417+0000][8][gc,task     ] GC(108) Using 4 workers of 4 for evacuation
[2022-07-04T12:49:39.417+0000][8][gc,age      ] GC(108) Desired survivor size 20971520 bytes, new threshold 15 (max threshold 15)
[2022-07-04T12:49:39.422+0000][8][gc,phases   ] GC(108)   Pre Evacuate Collection Set: 0.1ms
[2022-07-04T12:49:39.423+0000][8][gc,phases   ] GC(108)   Merge Heap Roots: 0.1ms
[2022-07-04T12:49:39.424+0000][8][gc,phases   ] GC(108)   Evacuate Collection Set: 2.6ms
[2022-07-04T12:49:39.424+0000][8][gc,phases   ] GC(108)   Post Evacuate Collection Set: 1.2ms
[2022-07-04T12:49:39.425+0000][8][gc,phases   ] GC(108)   Other: 1.5ms
[2022-07-04T12:49:39.425+0000][8][gc,age      ] GC(108) Age table with threshold 15 (max threshold 15)
[2022-07-04T12:49:39.426+0000][8][gc,age      ] GC(108) - age   1:    1245400 bytes,    1245400 total
[2022-07-04T12:49:39.426+0000][8][gc,age      ] GC(108) - age   2:       3288 bytes,    1248688 total
[2022-07-04T12:49:39.427+0000][8][gc,age      ] GC(108) - age   3:       1200 bytes,    1249888 total
[2022-07-04T12:49:39.427+0000][8][gc,age      ] GC(108) - age   4:       2496 bytes,    1252384 total
[2022-07-04T12:49:39.428+0000][8][gc,age      ] GC(108) - age   5:        184 bytes,    1252568 total
[2022-07-04T12:49:39.429+0000][8][gc,age      ] GC(108) - age   6:       1640 bytes,    1254208 total
[2022-07-04T12:49:39.430+0000][8][gc,age      ] GC(108) - age   7:        384 bytes,    1254592 total
[2022-07-04T12:49:39.430+0000][8][gc,age      ] GC(108) - age   8:        104 bytes,    1254696 total
[2022-07-04T12:49:39.431+0000][8][gc,age      ] GC(108) - age   9:        488 bytes,    1255184 total
[2022-07-04T12:49:39.432+0000][8][gc,age      ] GC(108) - age  10:        160 bytes,    1255344 total
[2022-07-04T12:49:39.433+0000][8][gc,age      ] GC(108) - age  11:        384 bytes,    1255728 total
[2022-07-04T12:49:39.434+0000][8][gc,age      ] GC(108) - age  13:        208 bytes,    1255936 total
[2022-07-04T12:49:39.435+0000][8][gc,age      ] GC(108) - age  14:       1608 bytes,    1257544 total
[2022-07-04T12:49:39.435+0000][8][gc,age      ] GC(108) - age  15:        368 bytes,    1257912 total
[2022-07-04T12:49:39.436+0000][8][gc,heap     ] GC(108) Eden regions: 75->0(75)
[2022-07-04T12:49:39.436+0000][8][gc,heap     ] GC(108) Survivor regions: 1->1(10)
[2022-07-04T12:49:39.437+0000][8][gc,heap     ] GC(108) Old regions: 22->22
[2022-07-04T12:49:39.438+0000][8][gc,heap     ] GC(108) Archive regions: 2->2
[2022-07-04T12:49:39.438+0000][8][gc,heap     ] GC(108) Humongous regions: 0->0
[2022-07-04T12:49:39.439+0000][8][gc,metaspace] GC(108) Metaspace: 127817K(131136K)->127817K(131136K) NonClass: 111016K(112704K)->111016K(112704K) Class: 16800K(18432K)->16800K(18432K)
[2022-07-04T12:49:39.439+0000][8][gc          ] GC(108) Pause Young (Normal) (G1 Evacuation Pause) 390M->90M(512M) 25.176ms
[2022-07-04T12:49:39.440+0000][8][gc,cpu      ] GC(108) User=0.01s Sys=0.00s Real=0.03s
[2022-07-04T12:49:39.440+0000][8][safepoint   ] Safepoint "G1CollectForAllocation", Time since last: 60041532938 ns, Reaching safepoint: 264712 ns, At safepoint: 26237303 ns, Total: 26502015 ns
[2022-07-04T12:50:21.466+0000][8][safepoint   ] Safepoint "Cleanup", Time since last: 42046489884 ns, Reaching safepoint: 251200 ns, At safepoint: 21333 ns, Total: 272533 ns
[2022-07-04T12:50:53.485+0000][8][safepoint   ] Safepoint "Cleanup", Time since last: 32040700218 ns, Reaching safepoint: 286253 ns, At safepoint: 34032 ns, Total: 320285 ns
[2022-07-04T12:50:59.696+0000][8][gc,start    ] GC(109) Pause Young (Normal) (G1 Evacuation Pause)
[2022-07-04T12:50:59.698+0000][8][gc,task     ] GC(109) Using 4 workers of 4 for evacuation
[2022-07-04T12:50:59.699+0000][8][gc,age      ] GC(109) Desired survivor size 20971520 bytes, new threshold 15 (max threshold 15)
[2022-07-04T12:50:59.703+0000][8][gc,phases   ] GC(109)   Pre Evacuate Collection Set: 0.1ms
[2022-07-04T12:50:59.704+0000][8][gc,phases   ] GC(109)   Merge Heap Roots: 0.1ms
[2022-07-04T12:50:59.704+0000][8][gc,phases   ] GC(109)   Evacuate Collection Set: 2.1ms
[2022-07-04T12:50:59.704+0000][8][gc,phases   ] GC(109)   Post Evacuate Collection Set: 1.2ms
[2022-07-04T12:50:59.705+0000][8][gc,phases   ] GC(109)   Other: 1.3ms
[2022-07-04T12:50:59.706+0000][8][gc,age      ] GC(109) Age table with threshold 15 (max threshold 15)
[2022-07-04T12:50:59.706+0000][8][gc,age      ] GC(109) - age   1:    1445320 bytes,    1445320 total
[2022-07-04T12:50:59.706+0000][8][gc,age      ] GC(109) - age   2:       3376 bytes,    1448696 total
[2022-07-04T12:50:59.707+0000][8][gc,age      ] GC(109) - age   3:       1656 bytes,    1450352 total
[2022-07-04T12:50:59.707+0000][8][gc,age      ] GC(109) - age   4:       1080 bytes,    1451432 total
[2022-07-04T12:50:59.708+0000][8][gc,age      ] GC(109) - age   5:       2496 bytes,    1453928 total
[2022-07-04T12:50:59.708+0000][8][gc,age      ] GC(109) - age   7:       1640 bytes,    1455568 total
[2022-07-04T12:50:59.709+0000][8][gc,age      ] GC(109) - age   8:        384 bytes,    1455952 total
[2022-07-04T12:50:59.709+0000][8][gc,age      ] GC(109) - age   9:        104 bytes,    1456056 total
[2022-07-04T12:50:59.710+0000][8][gc,age      ] GC(109) - age  10:        488 bytes,    1456544 total
[2022-07-04T12:50:59.710+0000][8][gc,age      ] GC(109) - age  11:        160 bytes,    1456704 total
[2022-07-04T12:50:59.711+0000][8][gc,age      ] GC(109) - age  12:        384 bytes,    1457088 total
[2022-07-04T12:50:59.711+0000][8][gc,age      ] GC(109) - age  14:        208 bytes,    1457296 total
[2022-07-04T12:50:59.712+0000][8][gc,age      ] GC(109) - age  15:       1608 bytes,    1458904 total
[2022-07-04T12:50:59.713+0000][8][gc,heap     ] GC(109) Eden regions: 75->0(75)
[2022-07-04T12:50:59.713+0000][8][gc,heap     ] GC(109) Survivor regions: 1->1(10)
[2022-07-04T12:50:59.713+0000][8][gc,heap     ] GC(109) Old regions: 22->22
[2022-07-04T12:50:59.714+0000][8][gc,heap     ] GC(109) Archive regions: 2->2
[2022-07-04T12:50:59.715+0000][8][gc,heap     ] GC(109) Humongous regions: 0->0
[2022-07-04T12:50:59.715+0000][8][gc,metaspace] GC(109) Metaspace: 127817K(131136K)->127817K(131136K) NonClass: 111016K(112704K)->111016K(112704K) Class: 16800K(18432K)->16800K(18432K)
[2022-07-04T12:50:59.716+0000][8][gc          ] GC(109) Pause Young (Normal) (G1 Evacuation Pause) 390M->90M(512M) 19.772ms
[2022-07-04T12:50:59.716+0000][8][gc,cpu      ] GC(109) User=0.01s Sys=0.00s Real=0.02s
[2022-07-04T12:50:59.717+0000][8][safepoint   ] Safepoint "G1CollectForAllocation", Time since last: 6209248715 ns, Reaching safepoint: 1701080 ns, At safepoint: 20962505 ns, Total: 22663585 ns
[2022-07-04T12:51:02.729+0000][8][safepoint   ] Safepoint "Cleanup", Time since last: 3011603508 ns, Reaching safepoint: 328913 ns, At safepoint: 131642 ns, Total: 460555 ns
[2022-07-04T12:51:08.721+0000][8][safepoint   ] Safepoint "Cleanup", Time since last: 6013558813 ns, Reaching safepoint: 298217 ns, At safepoint: 14147 ns, Total: 312364 ns
[2022-07-04T12:52:38.326+0000][8][gc,start    ] GC(110) Pause Young (Normal) (G1 Evacuation Pause)
[2022-07-04T12:52:38.328+0000][8][gc,task     ] GC(110) Using 4 workers of 4 for evacuation
[2022-07-04T12:52:38.328+0000][8][gc,age      ] GC(110) Desired survivor size 20971520 bytes, new threshold 15 (max threshold 15)
[2022-07-04T12:52:38.334+0000][8][gc,phases   ] GC(110)   Pre Evacuate Collection Set: 0.2ms
[2022-07-04T12:52:38.338+0000][8][gc,phases   ] GC(110)   Merge Heap Roots: 0.1ms
[2022-07-04T12:52:38.339+0000][8][gc,phases   ] GC(110)   Evacuate Collection Set: 2.7ms
[2022-07-04T12:52:38.340+0000][8][gc,phases   ] GC(110)   Post Evacuate Collection Set: 1.5ms
[2022-07-04T12:52:38.340+0000][8][gc,phases   ] GC(110)   Other: 1.5ms
[2022-07-04T12:52:38.341+0000][8][gc,age      ] GC(110) Age table with threshold 15 (max threshold 15)
[2022-07-04T12:52:38.341+0000][8][gc,age      ] GC(110) - age   1:    1118496 bytes,    1118496 total
[2022-07-04T12:52:38.342+0000][8][gc,age      ] GC(110) - age   2:       1856 bytes,    1120352 total
[2022-07-04T12:52:38.343+0000][8][gc,age      ] GC(110) - age   3:       1608 bytes,    1121960 total
[2022-07-04T12:52:38.343+0000][8][gc,age      ] GC(110) - age   4:       1336 bytes,    1123296 total
[2022-07-04T12:52:38.344+0000][8][gc,age      ] GC(110) - age   5:       1080 bytes,    1124376 total
[2022-07-04T12:52:38.345+0000][8][gc,age      ] GC(110) - age   6:       2496 bytes,    1126872 total
[2022-07-04T12:52:38.345+0000][8][gc,age      ] GC(110) - age   8:       1640 bytes,    1128512 total
[2022-07-04T12:52:38.346+0000][8][gc,age      ] GC(110) - age   9:        384 bytes,    1128896 total
[2022-07-04T12:52:38.347+0000][8][gc,age      ] GC(110) - age  10:        104 bytes,    1129000 total
[2022-07-04T12:52:38.347+0000][8][gc,age      ] GC(110) - age  11:        488 bytes,    1129488 total
[2022-07-04T12:52:38.348+0000][8][gc,age      ] GC(110) - age  12:        160 bytes,    1129648 total
[2022-07-04T12:52:38.349+0000][8][gc,age      ] GC(110) - age  13:        384 bytes,    1130032 total
[2022-07-04T12:52:38.350+0000][8][gc,age      ] GC(110) - age  15:        208 bytes,    1130240 total
[2022-07-04T12:52:38.351+0000][8][gc,heap     ] GC(110) Eden regions: 75->0(75)
[2022-07-04T12:52:38.351+0000][8][gc,heap     ] GC(110) Survivor regions: 1->1(10)
[2022-07-04T12:52:38.352+0000][8][gc,heap     ] GC(110) Old regions: 22->22
[2022-07-04T12:52:38.353+0000][8][gc,heap     ] GC(110) Archive regions: 2->2
[2022-07-04T12:52:38.353+0000][8][gc,heap     ] GC(110) Humongous regions: 0->0
[2022-07-04T12:52:38.354+0000][8][gc,metaspace] GC(110) Metaspace: 127818K(131136K)->127818K(131136K) NonClass: 111017K(112704K)->111017K(112704K) Class: 16800K(18432K)->16800K(18432K)
[2022-07-04T12:52:38.355+0000][8][gc          ] GC(110) Pause Young (Normal) (G1 Evacuation Pause) 390M->90M(512M) 28.158ms
[2022-07-04T12:52:38.355+0000][8][gc,cpu      ] GC(110) User=0.01s Sys=0.00s Real=0.03s
[2022-07-04T12:52:38.357+0000][8][safepoint   ] Safepoint "G1CollectForAllocation", Time since last: 89648967998 ns, Reaching safepoint: 82986 ns, At safepoint: 30381002 ns, Total: 30463988 ns
[2022-07-04T12:52:45.348+0000][8][safepoint   ] Safepoint "Cleanup", Time since last: 7011779967 ns, Reaching safepoint: 383896 ns, At safepoint: 152730 ns, Total: 536626 ns
[2022-07-04T12:53:08.383+0000][8][safepoint   ] Safepoint "Cleanup", Time since last: 23034325523 ns, Reaching safepoint: 615230 ns, At safepoint: 29833 ns, Total: 645063 ns
[2022-07-04T12:53:14.372+0000][8][safepoint   ] Safepoint "Cleanup", Time since last: 6009908663 ns, Reaching safepoint: 130809 ns, At safepoint: 51819 ns, Total: 182628 ns
[2022-07-04T12:54:21.374+0000][8][gc,start    ] GC(111) Pause Young (Normal) (G1 Evacuation Pause)
[2022-07-04T12:54:21.375+0000][8][gc,task     ] GC(111) Using 4 workers of 4 for evacuation
[2022-07-04T12:54:21.376+0000][8][gc,age      ] GC(111) Desired survivor size 20971520 bytes, new threshold 15 (max threshold 15)
[2022-07-04T12:54:21.380+0000][8][gc,phases   ] GC(111)   Pre Evacuate Collection Set: 0.2ms
[2022-07-04T12:54:21.381+0000][8][gc,phases   ] GC(111)   Merge Heap Roots: 0.1ms
[2022-07-04T12:54:21.382+0000][8][gc,phases   ] GC(111)   Evacuate Collection Set: 2.1ms
[2022-07-04T12:54:21.383+0000][8][gc,phases   ] GC(111)   Post Evacuate Collection Set: 1.2ms
[2022-07-04T12:54:21.383+0000][8][gc,phases   ] GC(111)   Other: 1.5ms
[2022-07-04T12:54:21.385+0000][8][gc,age      ] GC(111) Age table with threshold 15 (max threshold 15)
[2022-07-04T12:54:21.385+0000][8][gc,age      ] GC(111) - age   1:    1153376 bytes,    1153376 total
[2022-07-04T12:54:21.386+0000][8][gc,age      ] GC(111) - age   2:       1840 bytes,    1155216 total
[2022-07-04T12:54:21.387+0000][8][gc,age      ] GC(111) - age   3:        384 bytes,    1155600 total
[2022-07-04T12:54:21.387+0000][8][gc,age      ] GC(111) - age   4:       1416 bytes,    1157016 total
[2022-07-04T12:54:21.388+0000][8][gc,age      ] GC(111) - age   5:       1336 bytes,    1158352 total
[2022-07-04T12:54:21.388+0000][8][gc,age      ] GC(111) - age   6:       1080 bytes,    1159432 total
[2022-07-04T12:54:21.389+0000][8][gc,age      ] GC(111) - age   7:        488 bytes,    1159920 total
[2022-07-04T12:54:21.389+0000][8][gc,age      ] GC(111) - age   9:       1640 bytes,    1161560 total
[2022-07-04T12:54:21.390+0000][8][gc,age      ] GC(111) - age  10:        384 bytes,    1161944 total
[2022-07-04T12:54:21.390+0000][8][gc,age      ] GC(111) - age  11:        104 bytes,    1162048 total
[2022-07-04T12:54:21.391+0000][8][gc,age      ] GC(111) - age  12:        304 bytes,    1162352 total
[2022-07-04T12:54:21.391+0000][8][gc,age      ] GC(111) - age  13:        160 bytes,    1162512 total
[2022-07-04T12:54:21.392+0000][8][gc,heap     ] GC(111) Eden regions: 75->0(75)
[2022-07-04T12:54:21.392+0000][8][gc,heap     ] GC(111) Survivor regions: 1->1(10)
[2022-07-04T12:54:21.393+0000][8][gc,heap     ] GC(111) Old regions: 22->22
[2022-07-04T12:54:21.393+0000][8][gc,heap     ] GC(111) Archive regions: 2->2
[2022-07-04T12:54:21.394+0000][8][gc,heap     ] GC(111) Humongous regions: 0->0
[2022-07-04T12:54:21.394+0000][8][gc,metaspace] GC(111) Metaspace: 127819K(131136K)->127819K(131136K) NonClass: 111018K(112704K)->111018K(112704K) Class: 16800K(18432K)->16800K(18432K)
[2022-07-04T12:54:21.395+0000][8][gc          ] GC(111) Pause Young (Normal) (G1 Evacuation Pause) 390M->90M(512M) 21.185ms
[2022-07-04T12:54:21.396+0000][8][gc,cpu      ] GC(111) User=0.01s Sys=0.00s Real=0.02s
[2022-07-04T12:54:21.396+0000][8][safepoint   ] Safepoint "G1CollectForAllocation", Time since last: 67046266803 ns, Reaching safepoint: 151457 ns, At safepoint: 22463236 ns, Total: 22614693 ns
[2022-07-04T12:55:09.413+0000][8][safepoint   ] Safepoint "Cleanup", Time since last: 48058396113 ns, Reaching safepoint: 193694 ns, At safepoint: 74445 ns, Total: 268139 ns
[2022-07-04T12:55:38.448+0000][8][safepoint   ] Safepoint "Cleanup", Time since last: 29035313625 ns, Reaching safepoint: 260878 ns, At safepoint: 15982 ns, Total: 276860 ns
[2022-07-04T12:55:59.290+0000][8][gc,start    ] GC(112) Pause Young (Normal) (G1 Evacuation Pause)
[2022-07-04T12:55:59.294+0000][8][gc,task     ] GC(112) Using 4 workers of 4 for evacuation
[2022-07-04T12:55:59.295+0000][8][gc,age      ] GC(112) Desired survivor size 20971520 bytes, new threshold 15 (max threshold 15)
[2022-07-04T12:55:59.299+0000][8][gc,phases   ] GC(112)   Pre Evacuate Collection Set: 0.3ms
[2022-07-04T12:55:59.300+0000][8][gc,phases   ] GC(112)   Merge Heap Roots: 0.0ms
[2022-07-04T12:55:59.300+0000][8][gc,phases   ] GC(112)   Evacuate Collection Set: 1.6ms
[2022-07-04T12:55:59.301+0000][8][gc,phases   ] GC(112)   Post Evacuate Collection Set: 1.2ms
[2022-07-04T12:55:59.301+0000][8][gc,phases   ] GC(112)   Other: 1.3ms
[2022-07-04T12:55:59.302+0000][8][gc,age      ] GC(112) Age table with threshold 15 (max threshold 15)
[2022-07-04T12:55:59.302+0000][8][gc,age      ] GC(112) - age   1:     660520 bytes,     660520 total
[2022-07-04T12:55:59.303+0000][8][gc,age      ] GC(112) - age   2:      12616 bytes,     673136 total
[2022-07-04T12:55:59.303+0000][8][gc,age      ] GC(112) - age   3:       1072 bytes,     674208 total
[2022-07-04T12:55:59.304+0000][8][gc,age      ] GC(112) - age   4:        288 bytes,     674496 total
[2022-07-04T12:55:59.304+0000][8][gc,age      ] GC(112) - age   5:       1120 bytes,     675616 total
[2022-07-04T12:55:59.305+0000][8][gc,age      ] GC(112) - age   6:       1336 bytes,     676952 total
[2022-07-04T12:55:59.306+0000][8][gc,age      ] GC(112) - age   7:       1080 bytes,     678032 total
[2022-07-04T12:55:59.306+0000][8][gc,age      ] GC(112) - age   8:        488 bytes,     678520 total
[2022-07-04T12:55:59.307+0000][8][gc,age      ] GC(112) - age  10:       1640 bytes,     680160 total
[2022-07-04T12:55:59.307+0000][8][gc,age      ] GC(112) - age  11:        384 bytes,     680544 total
[2022-07-04T12:55:59.308+0000][8][gc,age      ] GC(112) - age  12:        104 bytes,     680648 total
[2022-07-04T12:55:59.309+0000][8][gc,age      ] GC(112) - age  13:        304 bytes,     680952 total
[2022-07-04T12:55:59.310+0000][8][gc,age      ] GC(112) - age  14:        160 bytes,     681112 total
[2022-07-04T12:55:59.311+0000][8][gc,heap     ] GC(112) Eden regions: 75->0(75)
[2022-07-04T12:55:59.312+0000][8][gc,heap     ] GC(112) Survivor regions: 1->1(10)
[2022-07-04T12:55:59.313+0000][8][gc,heap     ] GC(112) Old regions: 22->22
[2022-07-04T12:55:59.314+0000][8][gc,heap     ] GC(112) Archive regions: 2->2
[2022-07-04T12:55:59.314+0000][8][gc,heap     ] GC(112) Humongous regions: 0->0
[2022-07-04T12:55:59.314+0000][8][gc,metaspace] GC(112) Metaspace: 127821K(131136K)->127821K(131136K) NonClass: 111020K(112704K)->111020K(112704K) Class: 16800K(18432K)->16800K(18432K)
[2022-07-04T12:55:59.315+0000][8][gc          ] GC(112) Pause Young (Normal) (G1 Evacuation Pause) 390M->89M(512M) 25.216ms
[2022-07-04T12:55:59.316+0000][8][gc,cpu      ] GC(112) User=0.01s Sys=0.00s Real=0.02s
[2022-07-04T12:55:59.316+0000][8][safepoint   ] Safepoint "G1CollectForAllocation", Time since last: 20862860866 ns, Reaching safepoint: 294304 ns, At safepoint: 26216289 ns, Total: 26510593 ns
[2022-07-04T12:56:44.347+0000][8][safepoint   ] Safepoint "Cleanup", Time since last: 45073802346 ns, Reaching safepoint: 295187 ns, At safepoint: 17449 ns, Total: 312636 ns
[2022-07-04T12:57:33.135+0000][8][gc,start    ] GC(113) Pause Young (Normal) (G1 Evacuation Pause)
[2022-07-04T12:57:33.137+0000][8][gc,task     ] GC(113) Using 4 workers of 4 for evacuation
[2022-07-04T12:57:33.138+0000][8][gc,age      ] GC(113) Desired survivor size 20971520 bytes, new threshold 15 (max threshold 15)
[2022-07-04T12:57:33.143+0000][8][gc,phases   ] GC(113)   Pre Evacuate Collection Set: 0.1ms
[2022-07-04T12:57:33.144+0000][8][gc,phases   ] GC(113)   Merge Heap Roots: 0.1ms
[2022-07-04T12:57:33.144+0000][8][gc,phases   ] GC(113)   Evacuate Collection Set: 2.8ms
[2022-07-04T12:57:33.145+0000][8][gc,phases   ] GC(113)   Post Evacuate Collection Set: 1.1ms
[2022-07-04T12:57:33.146+0000][8][gc,phases   ] GC(113)   Other: 1.9ms
[2022-07-04T12:57:33.147+0000][8][gc,age      ] GC(113) Age table with threshold 15 (max threshold 15)
[2022-07-04T12:57:33.147+0000][8][gc,age      ] GC(113) - age   1:    1473592 bytes,    1473592 total
[2022-07-04T12:57:33.148+0000][8][gc,age      ] GC(113) - age   2:       1328 bytes,    1474920 total
[2022-07-04T12:57:33.149+0000][8][gc,age      ] GC(113) - age   3:       2920 bytes,    1477840 total
[2022-07-04T12:57:33.149+0000][8][gc,age      ] GC(113) - age   4:        776 bytes,    1478616 total
[2022-07-04T12:57:33.150+0000][8][gc,age      ] GC(113) - age   5:        288 bytes,    1478904 total
[2022-07-04T12:57:33.150+0000][8][gc,age      ] GC(113) - age   6:       1120 bytes,    1480024 total
[2022-07-04T12:57:33.151+0000][8][gc,age      ] GC(113) - age   7:       1336 bytes,    1481360 total
[2022-07-04T12:57:33.152+0000][8][gc,age      ] GC(113) - age   8:       1080 bytes,    1482440 total
[2022-07-04T12:57:33.152+0000][8][gc,age      ] GC(113) - age   9:        488 bytes,    1482928 total
[2022-07-04T12:57:33.153+0000][8][gc,age      ] GC(113) - age  11:       1640 bytes,    1484568 total
[2022-07-04T12:57:33.154+0000][8][gc,age      ] GC(113) - age  12:        384 bytes,    1484952 total
[2022-07-04T12:57:33.154+0000][8][gc,age      ] GC(113) - age  13:        104 bytes,    1485056 total
[2022-07-04T12:57:33.155+0000][8][gc,age      ] GC(113) - age  14:        304 bytes,    1485360 total
[2022-07-04T12:57:33.156+0000][8][gc,age      ] GC(113) - age  15:        160 bytes,    1485520 total
[2022-07-04T12:57:33.156+0000][8][gc,heap     ] GC(113) Eden regions: 75->0(75)
[2022-07-04T12:57:33.157+0000][8][gc,heap     ] GC(113) Survivor regions: 1->1(10)
[2022-07-04T12:57:33.159+0000][8][gc,heap     ] GC(113) Old regions: 22->22
[2022-07-04T12:57:33.159+0000][8][gc,heap     ] GC(113) Archive regions: 2->2
[2022-07-04T12:57:33.160+0000][8][gc,heap     ] GC(113) Humongous regions: 0->0
[2022-07-04T12:57:33.161+0000][8][gc,metaspace] GC(113) Metaspace: 127821K(131136K)->127821K(131136K) NonClass: 111020K(112704K)->111020K(112704K) Class: 16800K(18432K)->16800K(18432K)
[2022-07-04T12:57:33.162+0000][8][gc          ] GC(113) Pause Young (Normal) (G1 Evacuation Pause) 389M->90M(512M) 26.761ms
[2022-07-04T12:57:33.162+0000][8][gc,cpu      ] GC(113) User=0.01s Sys=0.00s Real=0.02s
[2022-07-04T12:57:33.163+0000][8][safepoint   ] Safepoint "G1CollectForAllocation", Time since last: 48809646217 ns, Reaching safepoint: 114517 ns, At safepoint: 28192549 ns, Total: 28307066 ns
[2022-07-04T12:57:39.146+0000][8][safepoint   ] Safepoint "Cleanup", Time since last: 6004106491 ns, Reaching safepoint: 199848 ns, At safepoint: 14069 ns, Total: 213917 ns
[2022-07-04T12:58:01.173+0000][8][safepoint   ] Safepoint "Cleanup", Time since last: 22026901344 ns, Reaching safepoint: 153888 ns, At safepoint: 86615 ns, Total: 240503 ns
[2022-07-04T12:58:08.180+0000][8][safepoint   ] Safepoint "Cleanup", Time since last: 7007195979 ns, Reaching safepoint: 125380 ns, At safepoint: 63385 ns, Total: 188765 ns
[2022-07-04T12:59:14.218+0000][8][gc,start    ] GC(114) Pause Young (Normal) (G1 Evacuation Pause)
[2022-07-04T12:59:14.219+0000][8][gc,task     ] GC(114) Using 4 workers of 4 for evacuation
[2022-07-04T12:59:14.220+0000][8][gc,age      ] GC(114) Desired survivor size 20971520 bytes, new threshold 15 (max threshold 15)
[2022-07-04T12:59:14.224+0000][8][gc,phases   ] GC(114)   Pre Evacuate Collection Set: 0.1ms
[2022-07-04T12:59:14.226+0000][8][gc,phases   ] GC(114)   Merge Heap Roots: 0.0ms
[2022-07-04T12:59:14.226+0000][8][gc,phases   ] GC(114)   Evacuate Collection Set: 2.5ms
[2022-07-04T12:59:14.227+0000][8][gc,phases   ] GC(114)   Post Evacuate Collection Set: 1.1ms
[2022-07-04T12:59:14.227+0000][8][gc,phases   ] GC(114)   Other: 1.7ms
[2022-07-04T12:59:14.228+0000][8][gc,age      ] GC(114) Age table with threshold 15 (max threshold 15)
[2022-07-04T12:59:14.229+0000][8][gc,age      ] GC(114) - age   1:     650560 bytes,     650560 total
[2022-07-04T12:59:14.230+0000][8][gc,age      ] GC(114) - age   2:       1832 bytes,     652392 total
[2022-07-04T12:59:14.230+0000][8][gc,age      ] GC(114) - age   3:        456 bytes,     652848 total
[2022-07-04T12:59:14.231+0000][8][gc,age      ] GC(114) - age   4:       2536 bytes,     655384 total
[2022-07-04T12:59:14.231+0000][8][gc,age      ] GC(114) - age   5:        776 bytes,     656160 total
[2022-07-04T12:59:14.232+0000][8][gc,age      ] GC(114) - age   6:        288 bytes,     656448 total
[2022-07-04T12:59:14.232+0000][8][gc,age      ] GC(114) - age   7:        912 bytes,     657360 total
[2022-07-04T12:59:14.233+0000][8][gc,age      ] GC(114) - age   8:       1336 bytes,     658696 total
[2022-07-04T12:59:14.233+0000][8][gc,age      ] GC(114) - age   9:       1080 bytes,     659776 total
[2022-07-04T12:59:14.234+0000][8][gc,age      ] GC(114) - age  10:        488 bytes,     660264 total
[2022-07-04T12:59:14.234+0000][8][gc,age      ] GC(114) - age  12:       1640 bytes,     661904 total
[2022-07-04T12:59:14.235+0000][8][gc,age      ] GC(114) - age  13:        384 bytes,     662288 total
[2022-07-04T12:59:14.235+0000][8][gc,age      ] GC(114) - age  14:         72 bytes,     662360 total
[2022-07-04T12:59:14.236+0000][8][gc,age      ] GC(114) - age  15:        304 bytes,     662664 total
[2022-07-04T12:59:14.236+0000][8][gc,heap     ] GC(114) Eden regions: 75->0(75)
[2022-07-04T12:59:14.237+0000][8][gc,heap     ] GC(114) Survivor regions: 1->1(10)
[2022-07-04T12:59:14.237+0000][8][gc,heap     ] GC(114) Old regions: 22->22
[2022-07-04T12:59:14.238+0000][8][gc,heap     ] GC(114) Archive regions: 2->2
[2022-07-04T12:59:14.239+0000][8][gc,heap     ] GC(114) Humongous regions: 0->0
[2022-07-04T12:59:14.239+0000][8][gc,metaspace] GC(114) Metaspace: 127825K(131136K)->127825K(131136K) NonClass: 111024K(112704K)->111024K(112704K) Class: 16800K(18432K)->16800K(18432K)
[2022-07-04T12:59:14.240+0000][8][gc          ] GC(114) Pause Young (Normal) (G1 Evacuation Pause) 390M->89M(512M) 22.383ms
[2022-07-04T12:59:14.241+0000][8][gc,cpu      ] GC(114) User=0.00s Sys=0.01s Real=0.02s
[2022-07-04T12:59:14.243+0000][8][safepoint   ] Safepoint "G1CollectForAllocation", Time since last: 66102968099 ns, Reaching safepoint: 55916 ns, At safepoint: 25772347 ns, Total: 25828263 ns
[2022-07-04T12:59:20.248+0000][8][safepoint   ] Safepoint "Cleanup", Time since last: 6004011417 ns, Reaching safepoint: 369468 ns, At safepoint: 16573 ns, Total: 386041 ns
[2022-07-04T13:00:59.205+0000][8][gc,start    ] GC(115) Pause Young (Normal) (G1 Evacuation Pause)
[2022-07-04T13:00:59.206+0000][8][gc,task     ] GC(115) Using 4 workers of 4 for evacuation
[2022-07-04T13:00:59.209+0000][8][gc,age      ] GC(115) Desired survivor size 20971520 bytes, new threshold 15 (max threshold 15)
[2022-07-04T13:00:59.214+0000][8][gc,phases   ] GC(115)   Pre Evacuate Collection Set: 0.2ms
[2022-07-04T13:00:59.215+0000][8][gc,phases   ] GC(115)   Merge Heap Roots: 0.2ms
[2022-07-04T13:00:59.215+0000][8][gc,phases   ] GC(115)   Evacuate Collection Set: 2.0ms
[2022-07-04T13:00:59.216+0000][8][gc,phases   ] GC(115)   Post Evacuate Collection Set: 1.0ms
[2022-07-04T13:00:59.216+0000][8][gc,phases   ] GC(115)   Other: 4.2ms
[2022-07-04T13:00:59.217+0000][8][gc,age      ] GC(115) Age table with threshold 15 (max threshold 15)
[2022-07-04T13:00:59.217+0000][8][gc,age      ] GC(115) - age   1:    1157408 bytes,    1157408 total
[2022-07-04T13:00:59.218+0000][8][gc,age      ] GC(115) - age   2:       9800 bytes,    1167208 total
[2022-07-04T13:00:59.218+0000][8][gc,age      ] GC(115) - age   3:        296 bytes,    1167504 total
[2022-07-04T13:00:59.219+0000][8][gc,age      ] GC(115) - age   5:       2472 bytes,    1169976 total
[2022-07-04T13:00:59.222+0000][8][gc,age      ] GC(115) - age   6:        776 bytes,    1170752 total
[2022-07-04T13:00:59.223+0000][8][gc,age      ] GC(115) - age   7:        288 bytes,    1171040 total
[2022-07-04T13:00:59.223+0000][8][gc,age      ] GC(115) - age   8:        912 bytes,    1171952 total
[2022-07-04T13:00:59.224+0000][8][gc,age      ] GC(115) - age   9:       1336 bytes,    1173288 total
[2022-07-04T13:00:59.225+0000][8][gc,age      ] GC(115) - age  10:       1080 bytes,    1174368 total
[2022-07-04T13:00:59.226+0000][8][gc,age      ] GC(115) - age  11:        488 bytes,    1174856 total
[2022-07-04T13:00:59.227+0000][8][gc,age      ] GC(115) - age  13:       1640 bytes,    1176496 total
[2022-07-04T13:00:59.227+0000][8][gc,age      ] GC(115) - age  14:        200 bytes,    1176696 total
[2022-07-04T13:00:59.228+0000][8][gc,age      ] GC(115) - age  15:         72 bytes,    1176768 total
[2022-07-04T13:00:59.229+0000][8][gc,heap     ] GC(115) Eden regions: 75->0(75)
[2022-07-04T13:00:59.229+0000][8][gc,heap     ] GC(115) Survivor regions: 1->1(10)
[2022-07-04T13:00:59.230+0000][8][gc,heap     ] GC(115) Old regions: 22->22
[2022-07-04T13:00:59.230+0000][8][gc,heap     ] GC(115) Archive regions: 2->2
[2022-07-04T13:00:59.231+0000][8][gc,heap     ] GC(115) Humongous regions: 0->0
[2022-07-04T13:00:59.232+0000][8][gc,metaspace] GC(115) Metaspace: 127829K(131136K)->127829K(131136K) NonClass: 111028K(112704K)->111028K(112704K) Class: 16800K(18432K)->16800K(18432K)
[2022-07-04T13:00:59.232+0000][8][gc          ] GC(115) Pause Young (Normal) (G1 Evacuation Pause) 389M->90M(512M) 27.228ms
[2022-07-04T13:00:59.233+0000][8][gc,cpu      ] GC(115) User=0.01s Sys=0.00s Real=0.02s
[2022-07-04T13:00:59.234+0000][8][safepoint   ] Safepoint "G1CollectForAllocation", Time since last: 99019452128 ns, Reaching safepoint: 80436 ns, At safepoint: 28608994 ns, Total: 28689430 ns
[2022-07-04T13:01:09.222+0000][8][safepoint   ] Safepoint "Cleanup", Time since last: 10010883136 ns, Reaching safepoint: 320015 ns, At safepoint: 52876 ns, Total: 372891 ns
[2022-07-04T13:01:38.243+0000][8][safepoint   ] Safepoint "Cleanup", Time since last: 29021020159 ns, Reaching safepoint: 243097 ns, At safepoint: 14792 ns, Total: 257889 ns
[2022-07-04T13:01:39.223+0000][8][safepoint   ] Safepoint "Cleanup", Time since last: 1001730314 ns, Reaching safepoint: 140405 ns, At safepoint: 9260 ns, Total: 149665 ns
[2022-07-04T13:02:23.156+0000][8][gc,start    ] GC(116) Pause Young (Normal) (G1 Evacuation Pause)
[2022-07-04T13:02:23.157+0000][8][gc,task     ] GC(116) Using 4 workers of 4 for evacuation
[2022-07-04T13:02:23.158+0000][8][gc,age      ] GC(116) Desired survivor size 20971520 bytes, new threshold 15 (max threshold 15)
[2022-07-04T13:02:23.162+0000][8][gc,phases   ] GC(116)   Pre Evacuate Collection Set: 0.1ms
[2022-07-04T13:02:23.164+0000][8][gc,phases   ] GC(116)   Merge Heap Roots: 0.0ms
[2022-07-04T13:02:23.165+0000][8][gc,phases   ] GC(116)   Evacuate Collection Set: 2.1ms
[2022-07-04T13:02:23.166+0000][8][gc,phases   ] GC(116)   Post Evacuate Collection Set: 1.1ms
[2022-07-04T13:02:23.167+0000][8][gc,phases   ] GC(116)   Other: 1.6ms
[2022-07-04T13:02:23.168+0000][8][gc,age      ] GC(116) Age table with threshold 15 (max threshold 15)
[2022-07-04T13:02:23.168+0000][8][gc,age      ] GC(116) - age   1:     902464 bytes,     902464 total
[2022-07-04T13:02:23.169+0000][8][gc,age      ] GC(116) - age   2:       2280 bytes,     904744 total
[2022-07-04T13:02:23.169+0000][8][gc,age      ] GC(116) - age   3:       8416 bytes,     913160 total
[2022-07-04T13:02:23.170+0000][8][gc,age      ] GC(116) - age   4:        296 bytes,     913456 total
[2022-07-04T13:02:23.171+0000][8][gc,age      ] GC(116) - age   6:       2472 bytes,     915928 total
[2022-07-04T13:02:23.171+0000][8][gc,age      ] GC(116) - age   7:        776 bytes,     916704 total
[2022-07-04T13:02:23.172+0000][8][gc,age      ] GC(116) - age   8:        288 bytes,     916992 total
[2022-07-04T13:02:23.172+0000][8][gc,age      ] GC(116) - age   9:        912 bytes,     917904 total
[2022-07-04T13:02:23.173+0000][8][gc,age      ] GC(116) - age  10:       1152 bytes,     919056 total
[2022-07-04T13:02:23.173+0000][8][gc,age      ] GC(116) - age  11:       1080 bytes,     920136 total
[2022-07-04T13:02:23.174+0000][8][gc,age      ] GC(116) - age  12:        488 bytes,     920624 total
[2022-07-04T13:02:23.174+0000][8][gc,age      ] GC(116) - age  14:       1640 bytes,     922264 total
[2022-07-04T13:02:23.176+0000][8][gc,age      ] GC(116) - age  15:        200 bytes,     922464 total
[2022-07-04T13:02:23.176+0000][8][gc,heap     ] GC(116) Eden regions: 75->0(75)
[2022-07-04T13:02:23.177+0000][8][gc,heap     ] GC(116) Survivor regions: 1->1(10)
[2022-07-04T13:02:23.177+0000][8][gc,heap     ] GC(116) Old regions: 22->22
[2022-07-04T13:02:23.178+0000][8][gc,heap     ] GC(116) Archive regions: 2->2
[2022-07-04T13:02:23.178+0000][8][gc,heap     ] GC(116) Humongous regions: 0->0
[2022-07-04T13:02:23.179+0000][8][gc,metaspace] GC(116) Metaspace: 127831K(131136K)->127831K(131136K) NonClass: 111030K(112704K)->111030K(112704K) Class: 16800K(18432K)->16800K(18432K)
[2022-07-04T13:02:23.180+0000][8][gc          ] GC(116) Pause Young (Normal) (G1 Evacuation Pause) 390M->89M(512M) 24.337ms
[2022-07-04T13:02:23.181+0000][8][gc,cpu      ] GC(116) User=0.01s Sys=0.00s Real=0.03s
[2022-07-04T13:02:23.182+0000][8][safepoint   ] Safepoint "G1CollectForAllocation", Time since last: 43953966478 ns, Reaching safepoint: 64292 ns, At safepoint: 25616525 ns, Total: 25680817 ns
[2022-07-04T13:03:38.207+0000][8][safepoint   ] Safepoint "Cleanup", Time since last: 75068898221 ns, Reaching safepoint: 144336 ns, At safepoint: 3883 ns, Total: 148219 ns
[2022-07-04T13:03:44.293+0000][8][gc,start    ] GC(117) Pause Young (Normal) (G1 Evacuation Pause)
[2022-07-04T13:03:44.295+0000][8][gc,task     ] GC(117) Using 4 workers of 4 for evacuation
[2022-07-04T13:03:44.296+0000][8][gc,age      ] GC(117) Desired survivor size 20971520 bytes, new threshold 15 (max threshold 15)
[2022-07-04T13:03:44.301+0000][8][gc,phases   ] GC(117)   Pre Evacuate Collection Set: 0.3ms
[2022-07-04T13:03:44.302+0000][8][gc,phases   ] GC(117)   Merge Heap Roots: 0.1ms
[2022-07-04T13:03:44.303+0000][8][gc,phases   ] GC(117)   Evacuate Collection Set: 2.5ms
[2022-07-04T13:03:44.303+0000][8][gc,phases   ] GC(117)   Post Evacuate Collection Set: 1.2ms
[2022-07-04T13:03:44.304+0000][8][gc,phases   ] GC(117)   Other: 2.4ms
[2022-07-04T13:03:44.304+0000][8][gc,age      ] GC(117) Age table with threshold 15 (max threshold 15)
[2022-07-04T13:03:44.305+0000][8][gc,age      ] GC(117) - age   1:     863888 bytes,     863888 total
[2022-07-04T13:03:44.306+0000][8][gc,age      ] GC(117) - age   2:       2384 bytes,     866272 total
[2022-07-04T13:03:44.307+0000][8][gc,age      ] GC(117) - age   3:       1344 bytes,     867616 total
[2022-07-04T13:03:44.307+0000][8][gc,age      ] GC(117) - age   4:       8416 bytes,     876032 total
[2022-07-04T13:03:44.308+0000][8][gc,age      ] GC(117) - age   5:        296 bytes,     876328 total
[2022-07-04T13:03:44.308+0000][8][gc,age      ] GC(117) - age   7:       2472 bytes,     878800 total
[2022-07-04T13:03:44.309+0000][8][gc,age      ] GC(117) - age   8:        776 bytes,     879576 total
[2022-07-04T13:03:44.309+0000][8][gc,age      ] GC(117) - age   9:        264 bytes,     879840 total
[2022-07-04T13:03:44.310+0000][8][gc,age      ] GC(117) - age  10:        880 bytes,     880720 total
[2022-07-04T13:03:44.310+0000][8][gc,age      ] GC(117) - age  11:       1152 bytes,     881872 total
[2022-07-04T13:03:44.311+0000][8][gc,age      ] GC(117) - age  12:       1080 bytes,     882952 total
[2022-07-04T13:03:44.311+0000][8][gc,age      ] GC(117) - age  13:        488 bytes,     883440 total
[2022-07-04T13:03:44.312+0000][8][gc,age      ] GC(117) - age  15:       1640 bytes,     885080 total
[2022-07-04T13:03:44.312+0000][8][gc,heap     ] GC(117) Eden regions: 75->0(75)
[2022-07-04T13:03:44.313+0000][8][gc,heap     ] GC(117) Survivor regions: 1->1(10)
[2022-07-04T13:03:44.313+0000][8][gc,heap     ] GC(117) Old regions: 22->22
[2022-07-04T13:03:44.314+0000][8][gc,heap     ] GC(117) Archive regions: 2->2
[2022-07-04T13:03:44.315+0000][8][gc,heap     ] GC(117) Humongous regions: 0->0
[2022-07-04T13:03:44.315+0000][8][gc,metaspace] GC(117) Metaspace: 127833K(131136K)->127833K(131136K) NonClass: 111032K(112704K)->111032K(112704K) Class: 16800K(18432K)->16800K(18432K)
[2022-07-04T13:03:44.316+0000][8][gc          ] GC(117) Pause Young (Normal) (G1 Evacuation Pause) 389M->89M(512M) 22.618ms
[2022-07-04T13:03:44.317+0000][8][gc,cpu      ] GC(117) User=0.00s Sys=0.01s Real=0.03s
[2022-07-04T13:03:44.318+0000][8][safepoint   ] Safepoint "G1CollectForAllocation", Time since last: 6107108725 ns, Reaching safepoint: 151861 ns, At safepoint: 24594963 ns, Total: 24746824 ns
[2022-07-04T13:04:08.321+0000][8][safepoint   ] Safepoint "Cleanup", Time since last: 24025033874 ns, Reaching safepoint: 135119 ns, At safepoint: 16916 ns, Total: 152035 ns
[2022-07-04T13:04:50.353+0000][8][safepoint   ] Safepoint "Cleanup", Time since last: 42051366334 ns, Reaching safepoint: 64486 ns, At safepoint: 68293 ns, Total: 132779 ns
[2022-07-04T13:04:51.356+0000][8][safepoint   ] Safepoint "Cleanup", Time since last: 1002584772 ns, Reaching safepoint: 105457 ns, At safepoint: 6289 ns, Total: 111746 ns
[2022-07-04T13:05:02.132+0000][8][gc,start    ] GC(118) Pause Young (Normal) (G1 Evacuation Pause)
[2022-07-04T13:05:02.133+0000][8][gc,task     ] GC(118) Using 4 workers of 4 for evacuation
[2022-07-04T13:05:02.134+0000][8][gc,age      ] GC(118) Desired survivor size 20971520 bytes, new threshold 15 (max threshold 15)
[2022-07-04T13:05:02.141+0000][8][gc,phases   ] GC(118)   Pre Evacuate Collection Set: 0.1ms
[2022-07-04T13:05:02.142+0000][8][gc,phases   ] GC(118)   Merge Heap Roots: 0.1ms
[2022-07-04T13:05:02.143+0000][8][gc,phases   ] GC(118)   Evacuate Collection Set: 5.2ms
[2022-07-04T13:05:02.144+0000][8][gc,phases   ] GC(118)   Post Evacuate Collection Set: 1.3ms
[2022-07-04T13:05:02.144+0000][8][gc,phases   ] GC(118)   Other: 1.3ms
[2022-07-04T13:05:02.145+0000][8][gc,age      ] GC(118) Age table with threshold 15 (max threshold 15)
[2022-07-04T13:05:02.146+0000][8][gc,age      ] GC(118) - age   1:    2025200 bytes,    2025200 total
[2022-07-04T13:05:02.146+0000][8][gc,age      ] GC(118) - age   2:       9832 bytes,    2035032 total
[2022-07-04T13:05:02.147+0000][8][gc,age      ] GC(118) - age   3:        504 bytes,    2035536 total
[2022-07-04T13:05:02.147+0000][8][gc,age      ] GC(118) - age   4:        704 bytes,    2036240 total
[2022-07-04T13:05:02.148+0000][8][gc,age      ] GC(118) - age   5:       8416 bytes,    2044656 total
[2022-07-04T13:05:02.149+0000][8][gc,age      ] GC(118) - age   6:        296 bytes,    2044952 total
[2022-07-04T13:05:02.149+0000][8][gc,age      ] GC(118) - age   8:        456 bytes,    2045408 total
[2022-07-04T13:05:02.150+0000][8][gc,age      ] GC(118) - age   9:        592 bytes,    2046000 total
[2022-07-04T13:05:02.150+0000][8][gc,age      ] GC(118) - age  10:        264 bytes,    2046264 total
[2022-07-04T13:05:02.151+0000][8][gc,age      ] GC(118) - age  11:        488 bytes,    2046752 total
[2022-07-04T13:05:02.151+0000][8][gc,age      ] GC(118) - age  12:       1152 bytes,    2047904 total
[2022-07-04T13:05:02.152+0000][8][gc,age      ] GC(118) - age  13:       1080 bytes,    2048984 total
[2022-07-04T13:05:02.153+0000][8][gc,age      ] GC(118) - age  14:        488 bytes,    2049472 total
[2022-07-04T13:05:02.154+0000][8][gc,heap     ] GC(118) Eden regions: 75->0(75)
[2022-07-04T13:05:02.154+0000][8][gc,heap     ] GC(118) Survivor regions: 1->1(10)
[2022-07-04T13:05:02.155+0000][8][gc,heap     ] GC(118) Old regions: 22->22
[2022-07-04T13:05:02.155+0000][8][gc,heap     ] GC(118) Archive regions: 2->2
[2022-07-04T13:05:02.156+0000][8][gc,heap     ] GC(118) Humongous regions: 0->0
[2022-07-04T13:05:02.156+0000][8][gc,metaspace] GC(118) Metaspace: 127834K(131136K)->127834K(131136K) NonClass: 111033K(112704K)->111033K(112704K) Class: 16800K(18432K)->16800K(18432K)
[2022-07-04T13:05:02.157+0000][8][gc          ] GC(118) Pause Young (Normal) (G1 Evacuation Pause) 389M->91M(512M) 24.672ms
[2022-07-04T13:05:02.158+0000][8][gc,cpu      ] GC(118) User=0.01s Sys=0.01s Real=0.02s
[2022-07-04T13:05:02.158+0000][8][safepoint   ] Safepoint "G1CollectForAllocation", Time since last: 10776743744 ns, Reaching safepoint: 55314 ns, At safepoint: 25706591 ns, Total: 25761905 ns
[2022-07-04T13:05:11.142+0000][8][safepoint   ] Safepoint "Cleanup", Time since last: 9007371809 ns, Reaching safepoint: 545390 ns, At safepoint: 21265 ns, Total: 566655 ns
[2022-07-04T13:06:08.159+0000][8][safepoint   ] Safepoint "Cleanup", Time since last: 57058714718 ns, Reaching safepoint: 200069 ns, At safepoint: 5926 ns, Total: 205995 ns
[2022-07-04T13:06:21.176+0000][8][safepoint   ] Safepoint "Cleanup", Time since last: 13016544462 ns, Reaching safepoint: 335477 ns, At safepoint: 15840 ns, Total: 351317 ns
[2022-07-04T13:06:44.069+0000][8][gc,start    ] GC(119) Pause Young (Normal) (G1 Evacuation Pause)
[2022-07-04T13:06:44.070+0000][8][gc,task     ] GC(119) Using 4 workers of 4 for evacuation
[2022-07-04T13:06:44.071+0000][8][gc,age      ] GC(119) Desired survivor size 20971520 bytes, new threshold 15 (max threshold 15)
[2022-07-04T13:06:44.076+0000][8][gc,phases   ] GC(119)   Pre Evacuate Collection Set: 0.1ms
[2022-07-04T13:06:44.076+0000][8][gc,phases   ] GC(119)   Merge Heap Roots: 0.1ms
[2022-07-04T13:06:44.077+0000][8][gc,phases   ] GC(119)   Evacuate Collection Set: 1.7ms
[2022-07-04T13:06:44.077+0000][8][gc,phases   ] GC(119)   Post Evacuate Collection Set: 1.3ms
[2022-07-04T13:06:44.078+0000][8][gc,phases   ] GC(119)   Other: 2.2ms
[2022-07-04T13:06:44.078+0000][8][gc,age      ] GC(119) Age table with threshold 15 (max threshold 15)
[2022-07-04T13:06:44.079+0000][8][gc,age      ] GC(119) - age   1:    1083336 bytes,    1083336 total
[2022-07-04T13:06:44.080+0000][8][gc,age      ] GC(119) - age   2:     337040 bytes,    1420376 total
[2022-07-04T13:06:44.080+0000][8][gc,age      ] GC(119) - age   3:       8560 bytes,    1428936 total
[2022-07-04T13:06:44.081+0000][8][gc,age      ] GC(119) - age   4:        440 bytes,    1429376 total
[2022-07-04T13:06:44.081+0000][8][gc,age      ] GC(119) - age   5:        608 bytes,    1429984 total
[2022-07-04T13:06:44.082+0000][8][gc,age      ] GC(119) - age   6:        400 bytes,    1430384 total
[2022-07-04T13:06:44.083+0000][8][gc,age      ] GC(119) - age   7:        296 bytes,    1430680 total
[2022-07-04T13:06:44.083+0000][8][gc,age      ] GC(119) - age   9:        456 bytes,    1431136 total
[2022-07-04T13:06:44.084+0000][8][gc,age      ] GC(119) - age  10:        592 bytes,    1431728 total
[2022-07-04T13:06:44.084+0000][8][gc,age      ] GC(119) - age  11:        264 bytes,    1431992 total
[2022-07-04T13:06:44.085+0000][8][gc,age      ] GC(119) - age  12:        488 bytes,    1432480 total
[2022-07-04T13:06:44.085+0000][8][gc,age      ] GC(119) - age  13:       1152 bytes,    1433632 total
[2022-07-04T13:06:44.086+0000][8][gc,age      ] GC(119) - age  14:       1080 bytes,    1434712 total
[2022-07-04T13:06:44.091+0000][8][gc,age      ] GC(119) - age  15:        488 bytes,    1435200 total
[2022-07-04T13:06:44.092+0000][8][gc,heap     ] GC(119) Eden regions: 75->0(75)
[2022-07-04T13:06:44.093+0000][8][gc,heap     ] GC(119) Survivor regions: 1->1(10)
[2022-07-04T13:06:44.094+0000][8][gc,heap     ] GC(119) Old regions: 22->22
[2022-07-04T13:06:44.095+0000][8][gc,heap     ] GC(119) Archive regions: 2->2
[2022-07-04T13:06:44.095+0000][8][gc,heap     ] GC(119) Humongous regions: 0->0
[2022-07-04T13:06:44.096+0000][8][gc,metaspace] GC(119) Metaspace: 127835K(131136K)->127835K(131136K) NonClass: 111035K(112704K)->111035K(112704K) Class: 16800K(18432K)->16800K(18432K)
[2022-07-04T13:06:44.096+0000][8][gc          ] GC(119) Pause Young (Normal) (G1 Evacuation Pause) 391M->90M(512M) 27.731ms
[2022-07-04T13:06:44.097+0000][8][gc,cpu      ] GC(119) User=0.00s Sys=0.01s Real=0.03s
[2022-07-04T13:06:44.098+0000][8][safepoint   ] Safepoint "G1CollectForAllocation", Time since last: 22915013531 ns, Reaching safepoint: 89244 ns, At safepoint: 29542592 ns, Total: 29631836 ns
[2022-07-04T13:08:29.076+0000][8][gc,start    ] GC(120) Pause Young (Normal) (G1 Evacuation Pause)
[2022-07-04T13:08:29.077+0000][8][gc,task     ] GC(120) Using 4 workers of 4 for evacuation
[2022-07-04T13:08:29.078+0000][8][gc,age      ] GC(120) Desired survivor size 20971520 bytes, new threshold 15 (max threshold 15)
[2022-07-04T13:08:29.083+0000][8][gc,phases   ] GC(120)   Pre Evacuate Collection Set: 0.3ms
[2022-07-04T13:08:29.085+0000][8][gc,phases   ] GC(120)   Merge Heap Roots: 0.2ms
[2022-07-04T13:08:29.085+0000][8][gc,phases   ] GC(120)   Evacuate Collection Set: 2.4ms
[2022-07-04T13:08:29.086+0000][8][gc,phases   ] GC(120)   Post Evacuate Collection Set: 1.2ms
[2022-07-04T13:08:29.086+0000][8][gc,phases   ] GC(120)   Other: 1.6ms
[2022-07-04T13:08:29.087+0000][8][gc,age      ] GC(120) Age table with threshold 15 (max threshold 15)
[2022-07-04T13:08:29.088+0000][8][gc,age      ] GC(120) - age   1:    1400144 bytes,    1400144 total
[2022-07-04T13:08:29.088+0000][8][gc,age      ] GC(120) - age   2:       8376 bytes,    1408520 total
[2022-07-04T13:08:29.089+0000][8][gc,age      ] GC(120) - age   3:     335760 bytes,    1744280 total
[2022-07-04T13:08:29.090+0000][8][gc,age      ] GC(120) - age   4:       8168 bytes,    1752448 total
[2022-07-04T13:08:29.090+0000][8][gc,age      ] GC(120) - age   5:        440 bytes,    1752888 total
[2022-07-04T13:08:29.091+0000][8][gc,age      ] GC(120) - age   6:        608 bytes,    1753496 total
[2022-07-04T13:08:29.091+0000][8][gc,age      ] GC(120) - age   7:        216 bytes,    1753712 total
[2022-07-04T13:08:29.092+0000][8][gc,age      ] GC(120) - age   8:        296 bytes,    1754008 total
[2022-07-04T13:08:29.092+0000][8][gc,age      ] GC(120) - age  10:        456 bytes,    1754464 total
[2022-07-04T13:08:29.093+0000][8][gc,age      ] GC(120) - age  11:        592 bytes,    1755056 total
[2022-07-04T13:08:29.094+0000][8][gc,age      ] GC(120) - age  12:        264 bytes,    1755320 total
[2022-07-04T13:08:29.095+0000][8][gc,age      ] GC(120) - age  13:        488 bytes,    1755808 total
[2022-07-04T13:08:29.095+0000][8][gc,age      ] GC(120) - age  14:       1152 bytes,    1756960 total
[2022-07-04T13:08:29.096+0000][8][gc,age      ] GC(120) - age  15:       1080 bytes,    1758040 total
[2022-07-04T13:08:29.096+0000][8][gc,heap     ] GC(120) Eden regions: 75->0(75)
[2022-07-04T13:08:29.097+0000][8][gc,heap     ] GC(120) Survivor regions: 1->1(10)
[2022-07-04T13:08:29.097+0000][8][gc,heap     ] GC(120) Old regions: 22->22
[2022-07-04T13:08:29.098+0000][8][gc,heap     ] GC(120) Archive regions: 2->2
[2022-07-04T13:08:29.099+0000][8][gc,heap     ] GC(120) Humongous regions: 0->0
[2022-07-04T13:08:29.099+0000][8][gc,metaspace] GC(120) Metaspace: 127836K(131136K)->127836K(131136K) NonClass: 111035K(112704K)->111035K(112704K) Class: 16800K(18432K)->16800K(18432K)
[2022-07-04T13:08:29.100+0000][8][gc          ] GC(120) Pause Young (Normal) (G1 Evacuation Pause) 390M->90M(512M) 23.738ms
[2022-07-04T13:08:29.101+0000][8][gc,cpu      ] GC(120) User=0.01s Sys=0.00s Real=0.03s
[2022-07-04T13:08:29.101+0000][8][safepoint   ] Safepoint "G1CollectForAllocation", Time since last: 105043113015 ns, Reaching safepoint: 75373 ns, At safepoint: 25161262 ns, Total: 25236635 ns
[2022-07-04T13:08:39.090+0000][8][safepoint   ] Safepoint "Cleanup", Time since last: 10008859458 ns, Reaching safepoint: 712960 ns, At safepoint: 43756 ns, Total: 756716 ns
[2022-07-04T13:08:45.095+0000][8][safepoint   ] Safepoint "Cleanup", Time since last: 6005258582 ns, Reaching safepoint: 220484 ns, At safepoint: 17327 ns, Total: 237811 ns
[2022-07-04T13:09:09.096+0000][8][safepoint   ] Safepoint "Cleanup", Time since last: 24022480650 ns, Reaching safepoint: 264620 ns, At safepoint: 18435 ns, Total: 283055 ns
[2022-07-04T13:09:44.106+0000][8][safepoint   ] Safepoint "Cleanup", Time since last: 35031518177 ns, Reaching safepoint: 128142 ns, At safepoint: 67946 ns, Total: 196088 ns
[2022-07-04T13:10:07.133+0000][8][safepoint   ] Safepoint "Cleanup", Time since last: 23026803841 ns, Reaching safepoint: 87389 ns, At safepoint: 51185 ns, Total: 138574 ns
[2022-07-04T13:10:14.047+0000][8][gc,start    ] GC(121) Pause Young (Normal) (G1 Evacuation Pause)
[2022-07-04T13:10:14.107+0000][8][gc,task     ] GC(121) Using 4 workers of 4 for evacuation
[2022-07-04T13:10:14.109+0000][8][gc,age      ] GC(121) Desired survivor size 20971520 bytes, new threshold 15 (max threshold 15)
[2022-07-04T13:10:14.116+0000][8][gc,phases   ] GC(121)   Pre Evacuate Collection Set: 0.2ms
[2022-07-04T13:10:14.117+0000][8][gc,phases   ] GC(121)   Merge Heap Roots: 0.1ms
[2022-07-04T13:10:14.118+0000][8][gc,phases   ] GC(121)   Evacuate Collection Set: 2.6ms
[2022-07-04T13:10:14.119+0000][8][gc,phases   ] GC(121)   Post Evacuate Collection Set: 1.6ms
[2022-07-04T13:10:14.119+0000][8][gc,phases   ] GC(121)   Other: 4.4ms
[2022-07-04T13:10:14.120+0000][8][gc,age      ] GC(121) Age table with threshold 15 (max threshold 15)
[2022-07-04T13:10:14.121+0000][8][gc,age      ] GC(121) - age   1:    1990368 bytes,    1990368 total
[2022-07-04T13:10:14.121+0000][8][gc,age      ] GC(121) - age   2:       2848 bytes,    1993216 total
[2022-07-04T13:10:14.122+0000][8][gc,age      ] GC(121) - age   3:        648 bytes,    1993864 total
[2022-07-04T13:10:14.123+0000][8][gc,age      ] GC(121) - age   4:     231496 bytes,    2225360 total
[2022-07-04T13:10:14.123+0000][8][gc,age      ] GC(121) - age   5:       8104 bytes,    2233464 total
[2022-07-04T13:10:14.124+0000][8][gc,age      ] GC(121) - age   6:        440 bytes,    2233904 total
[2022-07-04T13:10:14.125+0000][8][gc,age      ] GC(121) - age   7:        608 bytes,    2234512 total
[2022-07-04T13:10:14.126+0000][8][gc,age      ] GC(121) - age   8:         32 bytes,    2234544 total
[2022-07-04T13:10:14.126+0000][8][gc,age      ] GC(121) - age   9:        296 bytes,    2234840 total
[2022-07-04T13:10:14.127+0000][8][gc,age      ] GC(121) - age  11:        456 bytes,    2235296 total
[2022-07-04T13:10:14.127+0000][8][gc,age      ] GC(121) - age  12:        592 bytes,    2235888 total
[2022-07-04T13:10:14.133+0000][8][gc,age      ] GC(121) - age  13:        264 bytes,    2236152 total
[2022-07-04T13:10:14.134+0000][8][gc,age      ] GC(121) - age  14:        488 bytes,    2236640 total
[2022-07-04T13:10:14.135+0000][8][gc,age      ] GC(121) - age  15:       1152 bytes,    2237792 total
[2022-07-04T13:10:14.135+0000][8][gc,heap     ] GC(121) Eden regions: 75->0(75)
[2022-07-04T13:10:14.136+0000][8][gc,heap     ] GC(121) Survivor regions: 1->1(10)
[2022-07-04T13:10:14.137+0000][8][gc,heap     ] GC(121) Old regions: 22->22
[2022-07-04T13:10:14.137+0000][8][gc,heap     ] GC(121) Archive regions: 2->2
[2022-07-04T13:10:14.138+0000][8][gc,heap     ] GC(121) Humongous regions: 0->0
[2022-07-04T13:10:14.139+0000][8][gc,metaspace] GC(121) Metaspace: 127837K(131136K)->127837K(131136K) NonClass: 111036K(112704K)->111036K(112704K) Class: 16800K(18432K)->16800K(18432K)
[2022-07-04T13:10:14.139+0000][8][gc          ] GC(121) Pause Young (Normal) (G1 Evacuation Pause) 390M->91M(512M) 92.082ms
[2022-07-04T13:10:14.140+0000][8][gc,cpu      ] GC(121) User=0.01s Sys=0.00s Real=0.09s
[2022-07-04T13:10:14.140+0000][8][safepoint   ] Safepoint "G1CollectForAllocation", Time since last: 6935484382 ns, Reaching safepoint: 179216 ns, At safepoint: 93578159 ns, Total: 93757375 ns
[2022-07-04T13:10:20.149+0000][8][safepoint   ] Safepoint "Cleanup", Time since last: 6008427860 ns, Reaching safepoint: 443859 ns, At safepoint: 42777 ns, Total: 486636 ns
[2022-07-04T13:10:26.155+0000][8][safepoint   ] Safepoint "Cleanup", Time since last: 6005241895 ns, Reaching safepoint: 175510 ns, At safepoint: 40952 ns, Total: 216462 ns
[2022-07-04T13:10:44.151+0000][8][safepoint   ] Safepoint "Cleanup", Time since last: 18017022079 ns, Reaching safepoint: 392199 ns, At safepoint: 40624 ns, Total: 432823 ns
[2022-07-04T13:10:51.161+0000][8][safepoint   ] Safepoint "Cleanup", Time since last: 7009879904 ns, Reaching safepoint: 254131 ns, At safepoint: 160505 ns, Total: 414636 ns
[2022-07-04T13:11:56.066+0000][8][gc,start    ] GC(122) Pause Young (Normal) (G1 Evacuation Pause)
[2022-07-04T13:11:56.068+0000][8][gc,task     ] GC(122) Using 4 workers of 4 for evacuation
[2022-07-04T13:11:56.068+0000][8][gc,age      ] GC(122) Desired survivor size 20971520 bytes, new threshold 15 (max threshold 15)
[2022-07-04T13:11:56.072+0000][8][gc,phases   ] GC(122)   Pre Evacuate Collection Set: 0.3ms
[2022-07-04T13:11:56.073+0000][8][gc,phases   ] GC(122)   Merge Heap Roots: 0.1ms
[2022-07-04T13:11:56.074+0000][8][gc,phases   ] GC(122)   Evacuate Collection Set: 1.6ms
[2022-07-04T13:11:56.075+0000][8][gc,phases   ] GC(122)   Post Evacuate Collection Set: 1.1ms
[2022-07-04T13:11:56.076+0000][8][gc,phases   ] GC(122)   Other: 1.6ms
[2022-07-04T13:11:56.076+0000][8][gc,age      ] GC(122) Age table with threshold 15 (max threshold 15)
[2022-07-04T13:11:56.077+0000][8][gc,age      ] GC(122) - age   1:     944816 bytes,     944816 total
[2022-07-04T13:11:56.077+0000][8][gc,age      ] GC(122) - age   2:     134328 bytes,    1079144 total
[2022-07-04T13:11:56.078+0000][8][gc,age      ] GC(122) - age   3:        856 bytes,    1080000 total
[2022-07-04T13:11:56.079+0000][8][gc,age      ] GC(122) - age   4:        488 bytes,    1080488 total
[2022-07-04T13:11:56.079+0000][8][gc,age      ] GC(122) - age   5:     231368 bytes,    1311856 total
[2022-07-04T13:11:56.079+0000][8][gc,age      ] GC(122) - age   6:       8104 bytes,    1319960 total
[2022-07-04T13:11:56.080+0000][8][gc,age      ] GC(122) - age   7:        440 bytes,    1320400 total
[2022-07-04T13:11:56.081+0000][8][gc,age      ] GC(122) - age   8:        608 bytes,    1321008 total
[2022-07-04T13:11:56.082+0000][8][gc,age      ] GC(122) - age   9:         32 bytes,    1321040 total
[2022-07-04T13:11:56.082+0000][8][gc,age      ] GC(122) - age  10:        296 bytes,    1321336 total
[2022-07-04T13:11:56.083+0000][8][gc,age      ] GC(122) - age  12:        456 bytes,    1321792 total
[2022-07-04T13:11:56.084+0000][8][gc,age      ] GC(122) - age  13:        592 bytes,    1322384 total
[2022-07-04T13:11:56.085+0000][8][gc,age      ] GC(122) - age  14:        264 bytes,    1322648 total
[2022-07-04T13:11:56.085+0000][8][gc,age      ] GC(122) - age  15:        488 bytes,    1323136 total
[2022-07-04T13:11:56.086+0000][8][gc,heap     ] GC(122) Eden regions: 75->0(75)
[2022-07-04T13:11:56.087+0000][8][gc,heap     ] GC(122) Survivor regions: 1->1(10)
[2022-07-04T13:11:56.087+0000][8][gc,heap     ] GC(122) Old regions: 22->22
[2022-07-04T13:11:56.088+0000][8][gc,heap     ] GC(122) Archive regions: 2->2
[2022-07-04T13:11:56.089+0000][8][gc,heap     ] GC(122) Humongous regions: 0->0
[2022-07-04T13:11:56.089+0000][8][gc,metaspace] GC(122) Metaspace: 127837K(131136K)->127837K(131136K) NonClass: 111036K(112704K)->111036K(112704K) Class: 16800K(18432K)->16800K(18432K)
[2022-07-04T13:11:56.090+0000][8][gc          ] GC(122) Pause Young (Normal) (G1 Evacuation Pause) 391M->90M(512M) 23.919ms
[2022-07-04T13:11:56.091+0000][8][gc,cpu      ] GC(122) User=0.00s Sys=0.01s Real=0.03s
[2022-07-04T13:11:56.091+0000][8][safepoint   ] Safepoint "G1CollectForAllocation", Time since last: 64947789333 ns, Reaching safepoint: 278164 ns, At safepoint: 25374347 ns, Total: 25652511 ns
[2022-07-04T13:13:07.120+0000][8][safepoint   ] Safepoint "Cleanup", Time since last: 71072038278 ns, Reaching safepoint: 276179 ns, At safepoint: 22236 ns, Total: 298415 ns
[2022-07-04T13:13:21.116+0000][8][safepoint   ] Safepoint "Cleanup", Time since last: 14016704720 ns, Reaching safepoint: 552164 ns, At safepoint: 52979 ns, Total: 605143 ns
[2022-07-04T13:13:43.968+0000][8][gc,start    ] GC(123) Pause Young (Normal) (G1 Evacuation Pause)
[2022-07-04T13:13:43.969+0000][8][gc,task     ] GC(123) Using 4 workers of 4 for evacuation
[2022-07-04T13:13:43.970+0000][8][gc,age      ] GC(123) Desired survivor size 20971520 bytes, new threshold 15 (max threshold 15)
[2022-07-04T13:13:43.974+0000][8][gc,phases   ] GC(123)   Pre Evacuate Collection Set: 0.2ms
[2022-07-04T13:13:43.975+0000][8][gc,phases   ] GC(123)   Merge Heap Roots: 0.1ms
[2022-07-04T13:13:43.975+0000][8][gc,phases   ] GC(123)   Evacuate Collection Set: 1.9ms
[2022-07-04T13:13:43.976+0000][8][gc,phases   ] GC(123)   Post Evacuate Collection Set: 1.0ms
[2022-07-04T13:13:43.977+0000][8][gc,phases   ] GC(123)   Other: 1.8ms
[2022-07-04T13:13:43.977+0000][8][gc,age      ] GC(123) Age table with threshold 15 (max threshold 15)
[2022-07-04T13:13:43.978+0000][8][gc,age      ] GC(123) - age   1:    1345432 bytes,    1345432 total
[2022-07-04T13:13:43.979+0000][8][gc,age      ] GC(123) - age   2:      26592 bytes,    1372024 total
[2022-07-04T13:13:43.980+0000][8][gc,age      ] GC(123) - age   3:     132672 bytes,    1504696 total
[2022-07-04T13:13:43.980+0000][8][gc,age      ] GC(123) - age   4:        496 bytes,    1505192 total
[2022-07-04T13:13:43.981+0000][8][gc,age      ] GC(123) - age   5:        488 bytes,    1505680 total
[2022-07-04T13:13:43.982+0000][8][gc,age      ] GC(123) - age   6:     231368 bytes,    1737048 total
[2022-07-04T13:13:43.982+0000][8][gc,age      ] GC(123) - age   7:       8104 bytes,    1745152 total
[2022-07-04T13:13:43.983+0000][8][gc,age      ] GC(123) - age   8:        440 bytes,    1745592 total
[2022-07-04T13:13:43.984+0000][8][gc,age      ] GC(123) - age   9:        608 bytes,    1746200 total
[2022-07-04T13:13:43.984+0000][8][gc,age      ] GC(123) - age  10:         32 bytes,    1746232 total
[2022-07-04T13:13:43.985+0000][8][gc,age      ] GC(123) - age  11:        112 bytes,    1746344 total
[2022-07-04T13:13:43.985+0000][8][gc,age      ] GC(123) - age  13:         72 bytes,    1746416 total
[2022-07-04T13:13:43.986+0000][8][gc,age      ] GC(123) - age  14:        592 bytes,    1747008 total
[2022-07-04T13:13:43.987+0000][8][gc,age      ] GC(123) - age  15:        264 bytes,    1747272 total
[2022-07-04T13:13:43.988+0000][8][gc,heap     ] GC(123) Eden regions: 75->0(75)
[2022-07-04T13:13:43.988+0000][8][gc,heap     ] GC(123) Survivor regions: 1->1(10)
[2022-07-04T13:13:43.989+0000][8][gc,heap     ] GC(123) Old regions: 22->22
[2022-07-04T13:13:43.989+0000][8][gc,heap     ] GC(123) Archive regions: 2->2
[2022-07-04T13:13:43.990+0000][8][gc,heap     ] GC(123) Humongous regions: 0->0
[2022-07-04T13:13:43.990+0000][8][gc,metaspace] GC(123) Metaspace: 127837K(131136K)->127837K(131136K) NonClass: 111036K(112704K)->111036K(112704K) Class: 16800K(18432K)->16800K(18432K)
[2022-07-04T13:13:43.991+0000][8][gc          ] GC(123) Pause Young (Normal) (G1 Evacuation Pause) 390M->90M(512M) 23.174ms
[2022-07-04T13:13:43.992+0000][8][gc,cpu      ] GC(123) User=0.00s Sys=0.00s Real=0.03s
[2022-07-04T13:13:43.992+0000][8][safepoint   ] Safepoint "G1CollectForAllocation", Time since last: 22873846189 ns, Reaching safepoint: 90569 ns, At safepoint: 24413120 ns, Total: 24503689 ns
[2022-07-04T13:15:07.064+0000][8][safepoint   ] Safepoint "Cleanup", Time since last: 83113697284 ns, Reaching safepoint: 564570 ns, At safepoint: 157370 ns, Total: 721940 ns
[2022-07-04T13:15:07.976+0000][8][gc,start    ] GC(124) Pause Young (Normal) (G1 Evacuation Pause)
[2022-07-04T13:15:07.977+0000][8][gc,task     ] GC(124) Using 4 workers of 4 for evacuation
[2022-07-04T13:15:07.978+0000][8][gc,age      ] GC(124) Desired survivor size 20971520 bytes, new threshold 15 (max threshold 15)
[2022-07-04T13:15:07.983+0000][8][gc,phases   ] GC(124)   Pre Evacuate Collection Set: 0.2ms
[2022-07-04T13:15:07.983+0000][8][gc,phases   ] GC(124)   Merge Heap Roots: 0.2ms
[2022-07-04T13:15:07.984+0000][8][gc,phases   ] GC(124)   Evacuate Collection Set: 2.5ms
[2022-07-04T13:15:07.985+0000][8][gc,phases   ] GC(124)   Post Evacuate Collection Set: 1.1ms
[2022-07-04T13:15:07.985+0000][8][gc,phases   ] GC(124)   Other: 1.3ms
[2022-07-04T13:15:07.986+0000][8][gc,age      ] GC(124) Age table with threshold 15 (max threshold 15)
[2022-07-04T13:15:07.986+0000][8][gc,age      ] GC(124) - age   1:     771928 bytes,     771928 total
[2022-07-04T13:15:07.987+0000][8][gc,age      ] GC(124) - age   2:       1872 bytes,     773800 total
[2022-07-04T13:15:07.987+0000][8][gc,age      ] GC(124) - age   3:      17488 bytes,     791288 total
[2022-07-04T13:15:07.988+0000][8][gc,age      ] GC(124) - age   4:     132672 bytes,     923960 total
[2022-07-04T13:15:07.988+0000][8][gc,age      ] GC(124) - age   5:        496 bytes,     924456 total
[2022-07-04T13:15:07.989+0000][8][gc,age      ] GC(124) - age   6:        488 bytes,     924944 total
[2022-07-04T13:15:07.989+0000][8][gc,age      ] GC(124) - age   7:     229448 bytes,    1154392 total
[2022-07-04T13:15:07.990+0000][8][gc,age      ] GC(124) - age   8:       8104 bytes,    1162496 total
[2022-07-04T13:15:07.991+0000][8][gc,age      ] GC(124) - age   9:        440 bytes,    1162936 total
[2022-07-04T13:15:07.992+0000][8][gc,age      ] GC(124) - age  10:        608 bytes,    1163544 total
[2022-07-04T13:15:07.992+0000][8][gc,age      ] GC(124) - age  11:         32 bytes,    1163576 total
[2022-07-04T13:15:07.993+0000][8][gc,age      ] GC(124) - age  12:        112 bytes,    1163688 total
[2022-07-04T13:15:07.993+0000][8][gc,age      ] GC(124) - age  14:         72 bytes,    1163760 total
[2022-07-04T13:15:07.994+0000][8][gc,age      ] GC(124) - age  15:        592 bytes,    1164352 total
[2022-07-04T13:15:07.995+0000][8][gc,heap     ] GC(124) Eden regions: 75->0(75)
[2022-07-04T13:15:07.995+0000][8][gc,heap     ] GC(124) Survivor regions: 1->1(10)
[2022-07-04T13:15:07.996+0000][8][gc,heap     ] GC(124) Old regions: 22->22
[2022-07-04T13:15:07.997+0000][8][gc,heap     ] GC(124) Archive regions: 2->2
[2022-07-04T13:15:07.997+0000][8][gc,heap     ] GC(124) Humongous regions: 0->0
[2022-07-04T13:15:07.998+0000][8][gc,metaspace] GC(124) Metaspace: 127838K(131136K)->127838K(131136K) NonClass: 111037K(112704K)->111037K(112704K) Class: 16800K(18432K)->16800K(18432K)
[2022-07-04T13:15:07.999+0000][8][gc          ] GC(124) Pause Young (Normal) (G1 Evacuation Pause) 390M->90M(512M) 22.250ms
[2022-07-04T13:15:08.005+0000][8][gc,cpu      ] GC(124) User=0.01s Sys=0.00s Real=0.02s
[2022-07-04T13:15:08.005+0000][8][safepoint   ] Safepoint "G1CollectForAllocation", Time since last: 933789672 ns, Reaching safepoint: 77533 ns, At safepoint: 29055490 ns, Total: 29133023 ns
[2022-07-04T13:16:07.707+0000][8][safepoint   ] Safepoint "Cleanup", Time since last: 59715654150 ns, Reaching safepoint: 728089 ns, At safepoint: 89091 ns, Total: 817180 ns
[2022-07-04T13:16:29.947+0000][8][gc,start    ] GC(125) Pause Young (Normal) (G1 Evacuation Pause)
[2022-07-04T13:16:29.948+0000][8][gc,task     ] GC(125) Using 4 workers of 4 for evacuation
[2022-07-04T13:16:29.949+0000][8][gc,age      ] GC(125) Desired survivor size 20971520 bytes, new threshold 15 (max threshold 15)
[2022-07-04T13:16:29.954+0000][8][gc,phases   ] GC(125)   Pre Evacuate Collection Set: 0.3ms
[2022-07-04T13:16:29.955+0000][8][gc,phases   ] GC(125)   Merge Heap Roots: 0.1ms
[2022-07-04T13:16:29.956+0000][8][gc,phases   ] GC(125)   Evacuate Collection Set: 1.8ms
[2022-07-04T13:16:29.957+0000][8][gc,phases   ] GC(125)   Post Evacuate Collection Set: 1.5ms
[2022-07-04T13:16:29.958+0000][8][gc,phases   ] GC(125)   Other: 2.1ms
[2022-07-04T13:16:29.959+0000][8][gc,age      ] GC(125) Age table with threshold 15 (max threshold 15)
[2022-07-04T13:16:29.959+0000][8][gc,age      ] GC(125) - age   1:    1012488 bytes,    1012488 total
[2022-07-04T13:16:29.960+0000][8][gc,age      ] GC(125) - age   2:       8472 bytes,    1020960 total
[2022-07-04T13:16:29.961+0000][8][gc,age      ] GC(125) - age   3:        696 bytes,    1021656 total
[2022-07-04T13:16:29.961+0000][8][gc,age      ] GC(125) - age   4:      17264 bytes,    1038920 total
[2022-07-04T13:16:29.962+0000][8][gc,age      ] GC(125) - age   5:     132312 bytes,    1171232 total
[2022-07-04T13:16:29.962+0000][8][gc,age      ] GC(125) - age   6:        496 bytes,    1171728 total
[2022-07-04T13:16:29.963+0000][8][gc,age      ] GC(125) - age   7:        304 bytes,    1172032 total
[2022-07-04T13:16:29.964+0000][8][gc,age      ] GC(125) - age   8:     229424 bytes,    1401456 total
[2022-07-04T13:16:29.964+0000][8][gc,age      ] GC(125) - age   9:       8104 bytes,    1409560 total
[2022-07-04T13:16:29.965+0000][8][gc,age      ] GC(125) - age  10:        440 bytes,    1410000 total
[2022-07-04T13:16:29.965+0000][8][gc,age      ] GC(125) - age  11:        608 bytes,    1410608 total
[2022-07-04T13:16:29.966+0000][8][gc,age      ] GC(125) - age  12:         32 bytes,    1410640 total
[2022-07-04T13:16:29.967+0000][8][gc,age      ] GC(125) - age  13:        112 bytes,    1410752 total
[2022-07-04T13:16:29.967+0000][8][gc,age      ] GC(125) - age  15:         72 bytes,    1410824 total
[2022-07-04T13:16:29.968+0000][8][gc,heap     ] GC(125) Eden regions: 75->0(75)
[2022-07-04T13:16:29.969+0000][8][gc,heap     ] GC(125) Survivor regions: 1->1(10)
[2022-07-04T13:16:29.969+0000][8][gc,heap     ] GC(125) Old regions: 22->22
[2022-07-04T13:16:29.970+0000][8][gc,heap     ] GC(125) Archive regions: 2->2
[2022-07-04T13:16:29.971+0000][8][gc,heap     ] GC(125) Humongous regions: 0->0
[2022-07-04T13:16:29.971+0000][8][gc,metaspace] GC(125) Metaspace: 127840K(131136K)->127840K(131136K) NonClass: 111039K(112704K)->111039K(112704K) Class: 16800K(18432K)->16800K(18432K)
[2022-07-04T13:16:29.972+0000][8][gc          ] GC(125) Pause Young (Normal) (G1 Evacuation Pause) 390M->90M(512M) 24.534ms
[2022-07-04T13:16:29.972+0000][8][gc,cpu      ] GC(125) User=0.00s Sys=0.01s Real=0.03s
[2022-07-04T13:16:29.973+0000][8][safepoint   ] Safepoint "G1CollectForAllocation", Time since last: 22268948793 ns, Reaching safepoint: 225038 ns, At safepoint: 26008981 ns, Total: 26234019 ns
[2022-07-04T13:17:50.678+0000][8][gc,start    ] GC(126) Pause Young (Normal) (G1 Evacuation Pause)
[2022-07-04T13:17:50.680+0000][8][gc,task     ] GC(126) Using 4 workers of 4 for evacuation
[2022-07-04T13:17:50.681+0000][8][gc,age      ] GC(126) Desired survivor size 20971520 bytes, new threshold 15 (max threshold 15)
[2022-07-04T13:17:50.685+0000][8][gc,phases   ] GC(126)   Pre Evacuate Collection Set: 0.2ms
[2022-07-04T13:17:50.686+0000][8][gc,phases   ] GC(126)   Merge Heap Roots: 0.1ms
[2022-07-04T13:17:50.686+0000][8][gc,phases   ] GC(126)   Evacuate Collection Set: 2.2ms
[2022-07-04T13:17:50.687+0000][8][gc,phases   ] GC(126)   Post Evacuate Collection Set: 0.9ms
[2022-07-04T13:17:50.687+0000][8][gc,phases   ] GC(126)   Other: 1.5ms
[2022-07-04T13:17:50.688+0000][8][gc,age      ] GC(126) Age table with threshold 15 (max threshold 15)
[2022-07-04T13:17:50.688+0000][8][gc,age      ] GC(126) - age   1:     572440 bytes,     572440 total
[2022-07-04T13:17:50.689+0000][8][gc,age      ] GC(126) - age   2:      10288 bytes,     582728 total
[2022-07-04T13:17:50.689+0000][8][gc,age      ] GC(126) - age   3:       7256 bytes,     589984 total
[2022-07-04T13:17:50.690+0000][8][gc,age      ] GC(126) - age   4:        568 bytes,     590552 total
[2022-07-04T13:17:50.691+0000][8][gc,age      ] GC(126) - age   5:      17200 bytes,     607752 total
[2022-07-04T13:17:50.691+0000][8][gc,age      ] GC(126) - age   6:     132312 bytes,     740064 total
[2022-07-04T13:17:50.692+0000][8][gc,age      ] GC(126) - age   7:        496 bytes,     740560 total
[2022-07-04T13:17:50.692+0000][8][gc,age      ] GC(126) - age   8:        304 bytes,     740864 total
[2022-07-04T13:17:50.693+0000][8][gc,age      ] GC(126) - age   9:     229424 bytes,     970288 total
[2022-07-04T13:17:50.693+0000][8][gc,age      ] GC(126) - age  10:       8104 bytes,     978392 total
[2022-07-04T13:17:50.694+0000][8][gc,age      ] GC(126) - age  11:        440 bytes,     978832 total
[2022-07-04T13:17:50.695+0000][8][gc,age      ] GC(126) - age  12:        608 bytes,     979440 total
[2022-07-04T13:17:50.695+0000][8][gc,age      ] GC(126) - age  13:         32 bytes,     979472 total
[2022-07-04T13:17:50.696+0000][8][gc,age      ] GC(126) - age  14:        112 bytes,     979584 total
[2022-07-04T13:17:50.696+0000][8][gc,heap     ] GC(126) Eden regions: 75->0(75)
[2022-07-04T13:17:50.697+0000][8][gc,heap     ] GC(126) Survivor regions: 1->1(10)
[2022-07-04T13:17:50.697+0000][8][gc,heap     ] GC(126) Old regions: 22->22
[2022-07-04T13:17:50.698+0000][8][gc,heap     ] GC(126) Archive regions: 2->2
[2022-07-04T13:17:50.699+0000][8][gc,heap     ] GC(126) Humongous regions: 0->0
[2022-07-04T13:17:50.700+0000][8][gc,metaspace] GC(126) Metaspace: 127841K(131136K)->127841K(131136K) NonClass: 111040K(112704K)->111040K(112704K) Class: 16800K(18432K)->16800K(18432K)
[2022-07-04T13:17:50.700+0000][8][gc          ] GC(126) Pause Young (Normal) (G1 Evacuation Pause) 390M->90M(512M) 21.966ms
[2022-07-04T13:17:50.701+0000][8][gc,cpu      ] GC(126) User=0.01s Sys=0.01s Real=0.02s
[2022-07-04T13:17:50.702+0000][8][safepoint   ] Safepoint "G1CollectForAllocation", Time since last: 80769377353 ns, Reaching safepoint: 117644 ns, At safepoint: 23762362 ns, Total: 23880006 ns
[2022-07-04T13:19:12.612+0000][8][gc,start    ] GC(127) Pause Young (Normal) (G1 Evacuation Pause)
[2022-07-04T13:19:12.613+0000][8][gc,task     ] GC(127) Using 4 workers of 4 for evacuation
[2022-07-04T13:19:12.614+0000][8][gc,age      ] GC(127) Desired survivor size 20971520 bytes, new threshold 15 (max threshold 15)
[2022-07-04T13:19:12.618+0000][8][gc,phases   ] GC(127)   Pre Evacuate Collection Set: 0.1ms
[2022-07-04T13:19:12.619+0000][8][gc,phases   ] GC(127)   Merge Heap Roots: 0.1ms
[2022-07-04T13:19:12.619+0000][8][gc,phases   ] GC(127)   Evacuate Collection Set: 2.3ms
[2022-07-04T13:19:12.620+0000][8][gc,phases   ] GC(127)   Post Evacuate Collection Set: 1.0ms
[2022-07-04T13:19:12.621+0000][8][gc,phases   ] GC(127)   Other: 1.4ms
[2022-07-04T13:19:12.621+0000][8][gc,age      ] GC(127) Age table with threshold 15 (max threshold 15)
[2022-07-04T13:19:12.622+0000][8][gc,age      ] GC(127) - age   1:    1701224 bytes,    1701224 total
[2022-07-04T13:19:12.622+0000][8][gc,age      ] GC(127) - age   2:       1576 bytes,    1702800 total
[2022-07-04T13:19:12.623+0000][8][gc,age      ] GC(127) - age   3:        576 bytes,    1703376 total
[2022-07-04T13:19:12.624+0000][8][gc,age      ] GC(127) - age   4:       6768 bytes,    1710144 total
[2022-07-04T13:19:12.624+0000][8][gc,age      ] GC(127) - age   5:        568 bytes,    1710712 total
[2022-07-04T13:19:12.625+0000][8][gc,age      ] GC(127) - age   6:      17200 bytes,    1727912 total
[2022-07-04T13:19:12.625+0000][8][gc,age      ] GC(127) - age   7:     131952 bytes,    1859864 total
[2022-07-04T13:19:12.626+0000][8][gc,age      ] GC(127) - age   8:        496 bytes,    1860360 total
[2022-07-04T13:19:12.626+0000][8][gc,age      ] GC(127) - age   9:        304 bytes,    1860664 total
[2022-07-04T13:19:12.627+0000][8][gc,age      ] GC(127) - age  10:     229032 bytes,    2089696 total
[2022-07-04T13:19:12.628+0000][8][gc,age      ] GC(127) - age  11:       8104 bytes,    2097800 total
[2022-07-04T13:19:12.628+0000][8][gc,age      ] GC(127) - age  12:        440 bytes,    2098240 total
[2022-07-04T13:19:12.629+0000][8][gc,age      ] GC(127) - age  13:        608 bytes,    2098848 total
[2022-07-04T13:19:12.629+0000][8][gc,age      ] GC(127) - age  15:        112 bytes,    2098960 total
[2022-07-04T13:19:12.630+0000][8][gc,heap     ] GC(127) Eden regions: 75->0(75)
[2022-07-04T13:19:12.630+0000][8][gc,heap     ] GC(127) Survivor regions: 1->1(10)
[2022-07-04T13:19:12.631+0000][8][gc,heap     ] GC(127) Old regions: 22->22
[2022-07-04T13:19:12.631+0000][8][gc,heap     ] GC(127) Archive regions: 2->2
[2022-07-04T13:19:12.632+0000][8][gc,heap     ] GC(127) Humongous regions: 0->0
[2022-07-04T13:19:12.633+0000][8][gc,metaspace] GC(127) Metaspace: 127842K(131136K)->127842K(131136K) NonClass: 111041K(112704K)->111041K(112704K) Class: 16800K(18432K)->16800K(18432K)
[2022-07-04T13:19:12.633+0000][8][gc          ] GC(127) Pause Young (Normal) (G1 Evacuation Pause) 390M->91M(512M) 21.396ms
[2022-07-04T13:19:12.634+0000][8][gc,cpu      ] GC(127) User=0.01s Sys=0.00s Real=0.03s
[2022-07-04T13:19:12.635+0000][8][safepoint   ] Safepoint "G1CollectForAllocation", Time since last: 81974687555 ns, Reaching safepoint: 91022 ns, At safepoint: 22691347 ns, Total: 22782369 ns
[2022-07-04T13:20:01.667+0000][8][safepoint   ] Safepoint "Cleanup", Time since last: 49052854312 ns, Reaching safepoint: 607406 ns, At safepoint: 28960 ns, Total: 636366 ns
[2022-07-04T13:20:35.991+0000][8][gc,start    ] GC(128) Pause Young (Normal) (G1 Evacuation Pause)
[2022-07-04T13:20:35.992+0000][8][gc,task     ] GC(128) Using 4 workers of 4 for evacuation
[2022-07-04T13:20:35.993+0000][8][gc,age      ] GC(128) Desired survivor size 20971520 bytes, new threshold 15 (max threshold 15)
[2022-07-04T13:20:35.997+0000][8][gc,phases   ] GC(128)   Pre Evacuate Collection Set: 0.1ms
[2022-07-04T13:20:35.998+0000][8][gc,phases   ] GC(128)   Merge Heap Roots: 0.1ms
[2022-07-04T13:20:35.999+0000][8][gc,phases   ] GC(128)   Evacuate Collection Set: 2.6ms
[2022-07-04T13:20:36.000+0000][8][gc,phases   ] GC(128)   Post Evacuate Collection Set: 1.0ms
[2022-07-04T13:20:36.000+0000][8][gc,phases   ] GC(128)   Other: 1.5ms
[2022-07-04T13:20:36.001+0000][8][gc,age      ] GC(128) Age table with threshold 15 (max threshold 15)
[2022-07-04T13:20:36.001+0000][8][gc,age      ] GC(128) - age   1:    1477840 bytes,    1477840 total
[2022-07-04T13:20:36.002+0000][8][gc,age      ] GC(128) - age   2:       3304 bytes,    1481144 total
[2022-07-04T13:20:36.002+0000][8][gc,age      ] GC(128) - age   3:        808 bytes,    1481952 total
[2022-07-04T13:20:36.003+0000][8][gc,age      ] GC(128) - age   4:        384 bytes,    1482336 total
[2022-07-04T13:20:36.004+0000][8][gc,age      ] GC(128) - age   5:       6768 bytes,    1489104 total
[2022-07-04T13:20:36.004+0000][8][gc,age      ] GC(128) - age   6:        568 bytes,    1489672 total
[2022-07-04T13:20:36.005+0000][8][gc,age      ] GC(128) - age   7:      17200 bytes,    1506872 total
[2022-07-04T13:20:36.006+0000][8][gc,age      ] GC(128) - age   8:     131952 bytes,    1638824 total
[2022-07-04T13:20:36.006+0000][8][gc,age      ] GC(128) - age   9:        464 bytes,    1639288 total
[2022-07-04T13:20:36.007+0000][8][gc,age      ] GC(128) - age  10:        304 bytes,    1639592 total
[2022-07-04T13:20:36.007+0000][8][gc,age      ] GC(128) - age  11:     229032 bytes,    1868624 total
[2022-07-04T13:20:36.008+0000][8][gc,age      ] GC(128) - age  12:       8104 bytes,    1876728 total
[2022-07-04T13:20:36.008+0000][8][gc,age      ] GC(128) - age  13:        440 bytes,    1877168 total
[2022-07-04T13:20:36.009+0000][8][gc,age      ] GC(128) - age  14:        608 bytes,    1877776 total
[2022-07-04T13:20:36.009+0000][8][gc,heap     ] GC(128) Eden regions: 75->0(75)
[2022-07-04T13:20:36.010+0000][8][gc,heap     ] GC(128) Survivor regions: 1->1(10)
[2022-07-04T13:20:36.011+0000][8][gc,heap     ] GC(128) Old regions: 22->22
[2022-07-04T13:20:36.011+0000][8][gc,heap     ] GC(128) Archive regions: 2->2
[2022-07-04T13:20:36.012+0000][8][gc,heap     ] GC(128) Humongous regions: 0->0
[2022-07-04T13:20:36.012+0000][8][gc,metaspace] GC(128) Metaspace: 127845K(131136K)->127845K(131136K) NonClass: 111044K(112704K)->111044K(112704K) Class: 16800K(18432K)->16800K(18432K)
[2022-07-04T13:20:36.013+0000][8][gc          ] GC(128) Pause Young (Normal) (G1 Evacuation Pause) 391M->90M(512M) 21.867ms
[2022-07-04T13:20:36.013+0000][8][gc,cpu      ] GC(128) User=0.01s Sys=0.00s Real=0.02s
[2022-07-04T13:20:36.014+0000][8][safepoint   ] Safepoint "G1CollectForAllocation", Time since last: 34346107946 ns, Reaching safepoint: 57620 ns, At safepoint: 23162542 ns, Total: 23220162 ns
[2022-07-04T13:21:48.067+0000][8][safepoint   ] Safepoint "Cleanup", Time since last: 72117280855 ns, Reaching safepoint: 255577 ns, At safepoint: 47943 ns, Total: 303520 ns
[2022-07-04T13:22:03.109+0000][8][gc,start    ] GC(129) Pause Young (Normal) (G1 Evacuation Pause)
[2022-07-04T13:22:03.110+0000][8][gc,task     ] GC(129) Using 4 workers of 4 for evacuation
[2022-07-04T13:22:03.111+0000][8][gc,age      ] GC(129) Desired survivor size 20971520 bytes, new threshold 15 (max threshold 15)
[2022-07-04T13:22:03.116+0000][8][gc,phases   ] GC(129)   Pre Evacuate Collection Set: 0.2ms
[2022-07-04T13:22:03.117+0000][8][gc,phases   ] GC(129)   Merge Heap Roots: 0.2ms
[2022-07-04T13:22:03.117+0000][8][gc,phases   ] GC(129)   Evacuate Collection Set: 2.6ms
[2022-07-04T13:22:03.118+0000][8][gc,phases   ] GC(129)   Post Evacuate Collection Set: 1.2ms
[2022-07-04T13:22:03.118+0000][8][gc,phases   ] GC(129)   Other: 1.7ms
[2022-07-04T13:22:03.118+0000][8][gc,age      ] GC(129) Age table with threshold 15 (max threshold 15)
[2022-07-04T13:22:03.119+0000][8][gc,age      ] GC(129) - age   1:    1731792 bytes,    1731792 total
[2022-07-04T13:22:03.120+0000][8][gc,age      ] GC(129) - age   2:      10464 bytes,    1742256 total
[2022-07-04T13:22:03.120+0000][8][gc,age      ] GC(129) - age   3:       1136 bytes,    1743392 total
[2022-07-04T13:22:03.121+0000][8][gc,age      ] GC(129) - age   4:        384 bytes,    1743776 total
[2022-07-04T13:22:03.122+0000][8][gc,age      ] GC(129) - age   5:        224 bytes,    1744000 total
[2022-07-04T13:22:03.122+0000][8][gc,age      ] GC(129) - age   6:       6768 bytes,    1750768 total
[2022-07-04T13:22:03.123+0000][8][gc,age      ] GC(129) - age   7:        568 bytes,    1751336 total
[2022-07-04T13:22:03.123+0000][8][gc,age      ] GC(129) - age   8:      17200 bytes,    1768536 total
[2022-07-04T13:22:03.124+0000][8][gc,age      ] GC(129) - age   9:     131952 bytes,    1900488 total
[2022-07-04T13:22:03.125+0000][8][gc,age      ] GC(129) - age  10:        464 bytes,    1900952 total
[2022-07-04T13:22:03.125+0000][8][gc,age      ] GC(129) - age  11:        304 bytes,    1901256 total
[2022-07-04T13:22:03.126+0000][8][gc,age      ] GC(129) - age  12:     229032 bytes,    2130288 total
[2022-07-04T13:22:03.126+0000][8][gc,age      ] GC(129) - age  13:       8104 bytes,    2138392 total
[2022-07-04T13:22:03.127+0000][8][gc,age      ] GC(129) - age  14:        440 bytes,    2138832 total
[2022-07-04T13:22:03.127+0000][8][gc,age      ] GC(129) - age  15:        608 bytes,    2139440 total
[2022-07-04T13:22:03.128+0000][8][gc,heap     ] GC(129) Eden regions: 75->0(75)
[2022-07-04T13:22:03.129+0000][8][gc,heap     ] GC(129) Survivor regions: 1->1(10)
[2022-07-04T13:22:03.129+0000][8][gc,heap     ] GC(129) Old regions: 22->22
[2022-07-04T13:22:03.130+0000][8][gc,heap     ] GC(129) Archive regions: 2->2
[2022-07-04T13:22:03.130+0000][8][gc,heap     ] GC(129) Humongous regions: 0->0
[2022-07-04T13:22:03.131+0000][8][gc,metaspace] GC(129) Metaspace: 127847K(131136K)->127847K(131136K) NonClass: 111046K(112704K)->111046K(112704K) Class: 16800K(18432K)->16800K(18432K)
[2022-07-04T13:22:03.132+0000][8][gc          ] GC(129) Pause Young (Normal) (G1 Evacuation Pause) 390M->91M(512M) 23.206ms
[2022-07-04T13:22:03.132+0000][8][gc,cpu      ] GC(129) User=0.01s Sys=0.00s Real=0.02s
[2022-07-04T13:22:03.133+0000][8][safepoint   ] Safepoint "G1CollectForAllocation", Time since last: 15041416791 ns, Reaching safepoint: 191394 ns, At safepoint: 24343872 ns, Total: 24535266 ns
[2022-07-04T13:22:07.137+0000][8][safepoint   ] Safepoint "Cleanup", Time since last: 4003308629 ns, Reaching safepoint: 307859 ns, At safepoint: 15648 ns, Total: 323507 ns
[2022-07-04T13:22:09.119+0000][8][safepoint   ] Safepoint "Cleanup", Time since last: 2003380242 ns, Reaching safepoint: 226658 ns, At safepoint: 7794 ns, Total: 234452 ns
[2022-07-04T13:23:07.198+0000][8][safepoint   ] Safepoint "Cleanup", Time since last: 58099962331 ns, Reaching safepoint: 748353 ns, At safepoint: 27923 ns, Total: 776276 ns
[2022-07-04T13:23:45.160+0000][8][gc,start    ] GC(130) Pause Young (Normal) (G1 Evacuation Pause)
[2022-07-04T13:23:45.161+0000][8][gc,task     ] GC(130) Using 4 workers of 4 for evacuation
[2022-07-04T13:23:45.162+0000][8][gc,age      ] GC(130) Desired survivor size 20971520 bytes, new threshold 15 (max threshold 15)
[2022-07-04T13:23:45.168+0000][8][gc,phases   ] GC(130)   Pre Evacuate Collection Set: 0.3ms
[2022-07-04T13:23:45.169+0000][8][gc,phases   ] GC(130)   Merge Heap Roots: 0.3ms
[2022-07-04T13:23:45.170+0000][8][gc,phases   ] GC(130)   Evacuate Collection Set: 2.8ms
[2022-07-04T13:23:45.170+0000][8][gc,phases   ] GC(130)   Post Evacuate Collection Set: 1.7ms
[2022-07-04T13:23:45.171+0000][8][gc,phases   ] GC(130)   Other: 1.5ms
[2022-07-04T13:23:45.172+0000][8][gc,age      ] GC(130) Age table with threshold 15 (max threshold 15)
[2022-07-04T13:23:45.173+0000][8][gc,age      ] GC(130) - age   1:    1407016 bytes,    1407016 total
[2022-07-04T13:23:45.173+0000][8][gc,age      ] GC(130) - age   2:       2488 bytes,    1409504 total
[2022-07-04T13:23:45.174+0000][8][gc,age      ] GC(130) - age   3:        816 bytes,    1410320 total
[2022-07-04T13:23:45.175+0000][8][gc,age      ] GC(130) - age   4:        712 bytes,    1411032 total
[2022-07-04T13:23:45.175+0000][8][gc,age      ] GC(130) - age   5:        384 bytes,    1411416 total
[2022-07-04T13:23:45.176+0000][8][gc,age      ] GC(130) - age   6:        200 bytes,    1411616 total
[2022-07-04T13:23:45.177+0000][8][gc,age      ] GC(130) - age   7:       6768 bytes,    1418384 total
[2022-07-04T13:23:45.177+0000][8][gc,age      ] GC(130) - age   8:        568 bytes,    1418952 total
[2022-07-04T13:23:45.178+0000][8][gc,age      ] GC(130) - age   9:      17112 bytes,    1436064 total
[2022-07-04T13:23:45.178+0000][8][gc,age      ] GC(130) - age  10:     131952 bytes,    1568016 total
[2022-07-04T13:23:45.179+0000][8][gc,age      ] GC(130) - age  11:        464 bytes,    1568480 total
[2022-07-04T13:23:45.180+0000][8][gc,age      ] GC(130) - age  12:        304 bytes,    1568784 total
[2022-07-04T13:23:45.180+0000][8][gc,age      ] GC(130) - age  13:     229032 bytes,    1797816 total
[2022-07-04T13:23:45.181+0000][8][gc,age      ] GC(130) - age  14:       8104 bytes,    1805920 total
[2022-07-04T13:23:45.182+0000][8][gc,age      ] GC(130) - age  15:        440 bytes,    1806360 total
[2022-07-04T13:23:45.182+0000][8][gc,heap     ] GC(130) Eden regions: 75->0(75)
[2022-07-04T13:23:45.183+0000][8][gc,heap     ] GC(130) Survivor regions: 1->1(10)
[2022-07-04T13:23:45.184+0000][8][gc,heap     ] GC(130) Old regions: 22->22
[2022-07-04T13:23:45.184+0000][8][gc,heap     ] GC(130) Archive regions: 2->2
[2022-07-04T13:23:45.185+0000][8][gc,heap     ] GC(130) Humongous regions: 0->0
[2022-07-04T13:23:45.186+0000][8][gc,metaspace] GC(130) Metaspace: 127848K(131136K)->127848K(131136K) NonClass: 111047K(112704K)->111047K(112704K) Class: 16800K(18432K)->16800K(18432K)
[2022-07-04T13:23:45.186+0000][8][gc          ] GC(130) Pause Young (Normal) (G1 Evacuation Pause) 391M->90M(512M) 25.872ms
[2022-07-04T13:23:45.187+0000][8][gc,cpu      ] GC(130) User=0.00s Sys=0.00s Real=0.02s
[2022-07-04T13:23:45.187+0000][8][safepoint   ] Safepoint "G1CollectForAllocation", Time since last: 38005557263 ns, Reaching safepoint: 230729 ns, At safepoint: 27335851 ns, Total: 27566580 ns
[2022-07-04T13:25:07.263+0000][8][safepoint   ] Safepoint "Cleanup", Time since last: 82118912665 ns, Reaching safepoint: 156951 ns, At safepoint: 6526 ns, Total: 163477 ns
[2022-07-04T13:25:33.988+0000][8][gc,start    ] GC(131) Pause Young (Normal) (G1 Evacuation Pause)
[2022-07-04T13:25:33.989+0000][8][gc,task     ] GC(131) Using 4 workers of 4 for evacuation
[2022-07-04T13:25:33.990+0000][8][gc,age      ] GC(131) Desired survivor size 20971520 bytes, new threshold 15 (max threshold 15)
[2022-07-04T13:25:33.995+0000][8][gc,phases   ] GC(131)   Pre Evacuate Collection Set: 0.2ms
[2022-07-04T13:25:33.996+0000][8][gc,phases   ] GC(131)   Merge Heap Roots: 0.1ms
[2022-07-04T13:25:33.997+0000][8][gc,phases   ] GC(131)   Evacuate Collection Set: 1.8ms
[2022-07-04T13:25:33.997+0000][8][gc,phases   ] GC(131)   Post Evacuate Collection Set: 1.0ms
[2022-07-04T13:25:33.998+0000][8][gc,phases   ] GC(131)   Other: 2.6ms
[2022-07-04T13:25:33.999+0000][8][gc,age      ] GC(131) Age table with threshold 15 (max threshold 15)
[2022-07-04T13:25:33.999+0000][8][gc,age      ] GC(131) - age   1:     777648 bytes,     777648 total
[2022-07-04T13:25:34.000+0000][8][gc,age      ] GC(131) - age   2:      10560 bytes,     788208 total
[2022-07-04T13:25:34.001+0000][8][gc,age      ] GC(131) - age   3:       1024 bytes,     789232 total
[2022-07-04T13:25:34.001+0000][8][gc,age      ] GC(131) - age   4:        752 bytes,     789984 total
[2022-07-04T13:25:34.002+0000][8][gc,age      ] GC(131) - age   5:        648 bytes,     790632 total
[2022-07-04T13:25:34.002+0000][8][gc,age      ] GC(131) - age   6:        384 bytes,     791016 total
[2022-07-04T13:25:34.003+0000][8][gc,age      ] GC(131) - age   7:        200 bytes,     791216 total
[2022-07-04T13:25:34.003+0000][8][gc,age      ] GC(131) - age   8:       4848 bytes,     796064 total
[2022-07-04T13:25:34.004+0000][8][gc,age      ] GC(131) - age   9:        568 bytes,     796632 total
[2022-07-04T13:25:34.005+0000][8][gc,age      ] GC(131) - age  10:      17112 bytes,     813744 total
[2022-07-04T13:25:34.006+0000][8][gc,age      ] GC(131) - age  11:     123936 bytes,     937680 total
[2022-07-04T13:25:34.007+0000][8][gc,age      ] GC(131) - age  12:        280 bytes,     937960 total
[2022-07-04T13:25:34.008+0000][8][gc,age      ] GC(131) - age  13:        304 bytes,     938264 total
[2022-07-04T13:25:34.008+0000][8][gc,age      ] GC(131) - age  14:     228968 bytes,    1167232 total
[2022-07-04T13:25:34.009+0000][8][gc,age      ] GC(131) - age  15:       8104 bytes,    1175336 total
[2022-07-04T13:25:34.010+0000][8][gc,heap     ] GC(131) Eden regions: 75->0(75)
[2022-07-04T13:25:34.010+0000][8][gc,heap     ] GC(131) Survivor regions: 1->1(10)
[2022-07-04T13:25:34.011+0000][8][gc,heap     ] GC(131) Old regions: 22->22
[2022-07-04T13:25:34.011+0000][8][gc,heap     ] GC(131) Archive regions: 2->2
[2022-07-04T13:25:34.012+0000][8][gc,heap     ] GC(131) Humongous regions: 0->0
[2022-07-04T13:25:34.012+0000][8][gc,metaspace] GC(131) Metaspace: 127849K(131136K)->127849K(131136K) NonClass: 111048K(112704K)->111048K(112704K) Class: 16800K(18432K)->16800K(18432K)
[2022-07-04T13:25:34.013+0000][8][gc          ] GC(131) Pause Young (Normal) (G1 Evacuation Pause) 390M->90M(512M) 24.894ms
[2022-07-04T13:25:34.014+0000][8][gc,cpu      ] GC(131) User=0.01s Sys=0.00s Real=0.03s
[2022-07-04T13:25:34.014+0000][8][safepoint   ] Safepoint "G1CollectForAllocation", Time since last: 26745469797 ns, Reaching safepoint: 589829 ns, At safepoint: 26150383 ns, Total: 26740212 ns
[2022-07-04T13:25:55.019+0000][8][safepoint   ] Safepoint "Cleanup", Time since last: 21025811107 ns, Reaching safepoint: 971302 ns, At safepoint: 28698 ns, Total: 1000000 ns
[2022-07-04T13:26:22.041+0000][8][safepoint   ] Safepoint "Cleanup", Time since last: 27042164226 ns, Reaching safepoint: 480815 ns, At safepoint: 47630 ns, Total: 528445 ns
[2022-07-04T13:27:07.074+0000][8][safepoint   ] Safepoint "Cleanup", Time since last: 45055198460 ns, Reaching safepoint: 654542 ns, At safepoint: 21630 ns, Total: 676172 ns
[2022-07-04T13:27:18.136+0000][8][gc,start    ] GC(132) Pause Young (Normal) (G1 Evacuation Pause)
[2022-07-04T13:27:18.137+0000][8][gc,task     ] GC(132) Using 4 workers of 4 for evacuation
[2022-07-04T13:27:18.138+0000][8][gc,age      ] GC(132) Desired survivor size 20971520 bytes, new threshold 15 (max threshold 15)
[2022-07-04T13:27:18.143+0000][8][gc,phases   ] GC(132)   Pre Evacuate Collection Set: 0.2ms
[2022-07-04T13:27:18.144+0000][8][gc,phases   ] GC(132)   Merge Heap Roots: 0.1ms
[2022-07-04T13:27:18.145+0000][8][gc,phases   ] GC(132)   Evacuate Collection Set: 2.4ms
[2022-07-04T13:27:18.145+0000][8][gc,phases   ] GC(132)   Post Evacuate Collection Set: 1.2ms
[2022-07-04T13:27:18.146+0000][8][gc,phases   ] GC(132)   Other: 2.2ms
[2022-07-04T13:27:18.147+0000][8][gc,age      ] GC(132) Age table with threshold 15 (max threshold 15)
[2022-07-04T13:27:18.147+0000][8][gc,age      ] GC(132) - age   1:    1510672 bytes,    1510672 total
[2022-07-04T13:27:18.148+0000][8][gc,age      ] GC(132) - age   2:       5024 bytes,    1515696 total
[2022-07-04T13:27:18.149+0000][8][gc,age      ] GC(132) - age   3:       8424 bytes,    1524120 total
[2022-07-04T13:27:18.149+0000][8][gc,age      ] GC(132) - age   4:        864 bytes,    1524984 total
[2022-07-04T13:27:18.150+0000][8][gc,age      ] GC(132) - age   5:        752 bytes,    1525736 total
[2022-07-04T13:27:18.150+0000][8][gc,age      ] GC(132) - age   6:        648 bytes,    1526384 total
[2022-07-04T13:27:18.151+0000][8][gc,age      ] GC(132) - age   7:        384 bytes,    1526768 total
[2022-07-04T13:27:18.151+0000][8][gc,age      ] GC(132) - age   8:        200 bytes,    1526968 total
[2022-07-04T13:27:18.152+0000][8][gc,age      ] GC(132) - age   9:       4848 bytes,    1531816 total
[2022-07-04T13:27:18.153+0000][8][gc,age      ] GC(132) - age  10:        384 bytes,    1532200 total
[2022-07-04T13:27:18.153+0000][8][gc,age      ] GC(132) - age  11:      17112 bytes,    1549312 total
[2022-07-04T13:27:18.154+0000][8][gc,age      ] GC(132) - age  12:     123936 bytes,    1673248 total
[2022-07-04T13:27:18.155+0000][8][gc,age      ] GC(132) - age  13:        280 bytes,    1673528 total
[2022-07-04T13:27:18.156+0000][8][gc,age      ] GC(132) - age  14:        304 bytes,    1673832 total
[2022-07-04T13:27:18.156+0000][8][gc,age      ] GC(132) - age  15:     228968 bytes,    1902800 total
[2022-07-04T13:27:18.157+0000][8][gc,heap     ] GC(132) Eden regions: 75->0(75)
[2022-07-04T13:27:18.157+0000][8][gc,heap     ] GC(132) Survivor regions: 1->1(10)
[2022-07-04T13:27:18.158+0000][8][gc,heap     ] GC(132) Old regions: 22->22
[2022-07-04T13:27:18.159+0000][8][gc,heap     ] GC(132) Archive regions: 2->2
[2022-07-04T13:27:18.160+0000][8][gc,heap     ] GC(132) Humongous regions: 0->0
[2022-07-04T13:27:18.161+0000][8][gc,metaspace] GC(132) Metaspace: 127878K(131200K)->127878K(131200K) NonClass: 111077K(112768K)->111077K(112768K) Class: 16800K(18432K)->16800K(18432K)
[2022-07-04T13:27:18.161+0000][8][gc          ] GC(132) Pause Young (Normal) (G1 Evacuation Pause) 390M->91M(512M) 25.616ms
[2022-07-04T13:27:18.162+0000][8][gc,cpu      ] GC(132) User=0.01s Sys=0.00s Real=0.03s
[2022-07-04T13:27:18.163+0000][8][safepoint   ] Safepoint "G1CollectForAllocation", Time since last: 11082594515 ns, Reaching safepoint: 141793 ns, At safepoint: 26967593 ns, Total: 27109386 ns
[2022-07-04T13:28:07.188+0000][8][safepoint   ] Safepoint "Cleanup", Time since last: 49047093931 ns, Reaching safepoint: 350217 ns, At safepoint: 7516 ns, Total: 357733 ns
[2022-07-04T13:28:08.172+0000][8][safepoint   ] Safepoint "Cleanup", Time since last: 1003258856 ns, Reaching safepoint: 423353 ns, At safepoint: 19892 ns, Total: 443245 ns
[2022-07-04T13:28:21.192+0000][8][safepoint   ] Safepoint "Cleanup", Time since last: 13018300569 ns, Reaching safepoint: 1302409 ns, At safepoint: 140267 ns, Total: 1442676 ns
[2022-07-04T13:28:38.195+0000][8][safepoint   ] Safepoint "Cleanup", Time since last: 17025578118 ns, Reaching safepoint: 219333 ns, At safepoint: 13920 ns, Total: 233253 ns
[2022-07-04T13:29:04.219+0000][8][safepoint   ] Safepoint "Cleanup", Time since last: 26023607709 ns, Reaching safepoint: 461547 ns, At safepoint: 17395 ns, Total: 478942 ns
[2022-07-04T13:29:09.042+0000][8][gc,start    ] GC(133) Pause Young (Normal) (G1 Evacuation Pause)
[2022-07-04T13:29:09.043+0000][8][gc,task     ] GC(133) Using 4 workers of 4 for evacuation
[2022-07-04T13:29:09.043+0000][8][gc,age      ] GC(133) Desired survivor size 20971520 bytes, new threshold 15 (max threshold 15)
[2022-07-04T13:29:09.049+0000][8][gc,phases   ] GC(133)   Pre Evacuate Collection Set: 0.2ms
[2022-07-04T13:29:09.050+0000][8][gc,phases   ] GC(133)   Merge Heap Roots: 0.2ms
[2022-07-04T13:29:09.051+0000][8][gc,phases   ] GC(133)   Evacuate Collection Set: 2.2ms
[2022-07-04T13:29:09.054+0000][8][gc,phases   ] GC(133)   Post Evacuate Collection Set: 2.0ms
[2022-07-04T13:29:09.055+0000][8][gc,phases   ] GC(133)   Other: 1.5ms
[2022-07-04T13:29:09.055+0000][8][gc,age      ] GC(133) Age table with threshold 15 (max threshold 15)
[2022-07-04T13:29:09.056+0000][8][gc,age      ] GC(133) - age   1:    1393784 bytes,    1393784 total
[2022-07-04T13:29:09.057+0000][8][gc,age      ] GC(133) - age   2:       1776 bytes,    1395560 total
[2022-07-04T13:29:09.057+0000][8][gc,age      ] GC(133) - age   3:       4136 bytes,    1399696 total
[2022-07-04T13:29:09.058+0000][8][gc,age      ] GC(133) - age   4:       8296 bytes,    1407992 total
[2022-07-04T13:29:09.059+0000][8][gc,age      ] GC(133) - age   5:        568 bytes,    1408560 total
[2022-07-04T13:29:09.059+0000][8][gc,age      ] GC(133) - age   6:        752 bytes,    1409312 total
[2022-07-04T13:29:09.060+0000][8][gc,age      ] GC(133) - age   7:        496 bytes,    1409808 total
[2022-07-04T13:29:09.061+0000][8][gc,age      ] GC(133) - age   8:        384 bytes,    1410192 total
[2022-07-04T13:29:09.061+0000][8][gc,age      ] GC(133) - age   9:        200 bytes,    1410392 total
[2022-07-04T13:29:09.062+0000][8][gc,age      ] GC(133) - age  10:       4848 bytes,    1415240 total
[2022-07-04T13:29:09.062+0000][8][gc,age      ] GC(133) - age  11:        384 bytes,    1415624 total
[2022-07-04T13:29:09.063+0000][8][gc,age      ] GC(133) - age  12:      17112 bytes,    1432736 total
[2022-07-04T13:29:09.064+0000][8][gc,age      ] GC(133) - age  13:     123904 bytes,    1556640 total
[2022-07-04T13:29:09.065+0000][8][gc,age      ] GC(133) - age  14:        280 bytes,    1556920 total
[2022-07-04T13:29:09.067+0000][8][gc,age      ] GC(133) - age  15:        304 bytes,    1557224 total
[2022-07-04T13:29:09.069+0000][8][gc,heap     ] GC(133) Eden regions: 75->0(75)
[2022-07-04T13:29:09.071+0000][8][gc,heap     ] GC(133) Survivor regions: 1->1(10)
[2022-07-04T13:29:09.071+0000][8][gc,heap     ] GC(133) Old regions: 22->22
[2022-07-04T13:29:09.072+0000][8][gc,heap     ] GC(133) Archive regions: 2->2
[2022-07-04T13:29:09.072+0000][8][gc,heap     ] GC(133) Humongous regions: 0->0
[2022-07-04T13:29:09.073+0000][8][gc,metaspace] GC(133) Metaspace: 127896K(131200K)->127896K(131200K) NonClass: 111095K(112768K)->111095K(112768K) Class: 16800K(18432K)->16800K(18432K)
[2022-07-04T13:29:09.074+0000][8][gc          ] GC(133) Pause Young (Normal) (G1 Evacuation Pause) 391M->90M(512M) 31.602ms
[2022-07-04T13:29:09.074+0000][8][gc,cpu      ] GC(133) User=0.01s Sys=0.00s Real=0.03s
[2022-07-04T13:29:09.075+0000][8][safepoint   ] Safepoint "G1CollectForAllocation", Time since last: 4844908934 ns, Reaching safepoint: 109356 ns, At safepoint: 32877864 ns, Total: 32987220 ns
[2022-07-04T13:29:10.078+0000][8][safepoint   ] Safepoint "Cleanup", Time since last: 1002629561 ns, Reaching safepoint: 536516 ns, At safepoint: 27494 ns, Total: 564010 ns
[2022-07-04T13:29:57.094+0000][8][safepoint   ] Safepoint "Cleanup", Time since last: 47037900180 ns, Reaching safepoint: 169484 ns, At safepoint: 8367 ns, Total: 177851 ns
[2022-07-04T13:29:58.110+0000][8][safepoint   ] Safepoint "Cleanup", Time since last: 1015076868 ns, Reaching safepoint: 276155 ns, At safepoint: 15270 ns, Total: 291425 ns
[2022-07-04T13:30:07.120+0000][8][safepoint   ] Safepoint "Cleanup", Time since last: 9010200877 ns, Reaching safepoint: 418445 ns, At safepoint: 42502 ns, Total: 460947 ns
[2022-07-04T13:30:38.120+0000][8][safepoint   ] Safepoint "Cleanup", Time since last: 31042661517 ns, Reaching safepoint: 170734 ns, At safepoint: 5042 ns, Total: 175776 ns
[2022-07-04T13:30:51.140+0000][8][safepoint   ] Safepoint "Cleanup", Time since last: 13019069176 ns, Reaching safepoint: 187755 ns, At safepoint: 240931 ns, Total: 428686 ns
[2022-07-04T13:30:52.126+0000][8][gc,start    ] GC(134) Pause Young (Normal) (G1 Evacuation Pause)
[2022-07-04T13:30:52.129+0000][8][gc,task     ] GC(134) Using 4 workers of 4 for evacuation
[2022-07-04T13:30:52.130+0000][8][gc,age      ] GC(134) Desired survivor size 20971520 bytes, new threshold 15 (max threshold 15)
[2022-07-04T13:30:52.133+0000][8][gc,phases   ] GC(134)   Pre Evacuate Collection Set: 0.1ms
[2022-07-04T13:30:52.134+0000][8][gc,phases   ] GC(134)   Merge Heap Roots: 0.0ms
[2022-07-04T13:30:52.135+0000][8][gc,phases   ] GC(134)   Evacuate Collection Set: 1.0ms
[2022-07-04T13:30:52.136+0000][8][gc,phases   ] GC(134)   Post Evacuate Collection Set: 1.0ms
[2022-07-04T13:30:52.136+0000][8][gc,phases   ] GC(134)   Other: 2.3ms
[2022-07-04T13:30:52.137+0000][8][gc,age      ] GC(134) Age table with threshold 15 (max threshold 15)
[2022-07-04T13:30:52.137+0000][8][gc,age      ] GC(134) - age   1:     414952 bytes,     414952 total
[2022-07-04T13:30:52.138+0000][8][gc,age      ] GC(134) - age   2:      10288 bytes,     425240 total
[2022-07-04T13:30:52.139+0000][8][gc,age      ] GC(134) - age   3:        728 bytes,     425968 total
[2022-07-04T13:30:52.139+0000][8][gc,age      ] GC(134) - age   4:       3776 bytes,     429744 total
[2022-07-04T13:30:52.141+0000][8][gc,age      ] GC(134) - age   5:        280 bytes,     430024 total
[2022-07-04T13:30:52.142+0000][8][gc,age      ] GC(134) - age   6:        568 bytes,     430592 total
[2022-07-04T13:30:52.143+0000][8][gc,age      ] GC(134) - age   7:        720 bytes,     431312 total
[2022-07-04T13:30:52.146+0000][8][gc,age      ] GC(134) - age   8:        496 bytes,     431808 total
[2022-07-04T13:30:52.148+0000][8][gc,age      ] GC(134) - age   9:        384 bytes,     432192 total
[2022-07-04T13:30:52.148+0000][8][gc,age      ] GC(134) - age  10:        200 bytes,     432392 total
[2022-07-04T13:30:52.149+0000][8][gc,age      ] GC(134) - age  11:       4848 bytes,     437240 total
[2022-07-04T13:30:52.149+0000][8][gc,age      ] GC(134) - age  12:        384 bytes,     437624 total
[2022-07-04T13:30:52.150+0000][8][gc,age      ] GC(134) - age  13:      17112 bytes,     454736 total
[2022-07-04T13:30:52.150+0000][8][gc,age      ] GC(134) - age  14:     123904 bytes,     578640 total
[2022-07-04T13:30:52.151+0000][8][gc,age      ] GC(134) - age  15:        280 bytes,     578920 total
[2022-07-04T13:30:52.152+0000][8][gc,heap     ] GC(134) Eden regions: 75->0(75)
[2022-07-04T13:30:52.152+0000][8][gc,heap     ] GC(134) Survivor regions: 1->1(10)
[2022-07-04T13:30:52.153+0000][8][gc,heap     ] GC(134) Old regions: 22->22
[2022-07-04T13:30:52.154+0000][8][gc,heap     ] GC(134) Archive regions: 2->2
[2022-07-04T13:30:52.155+0000][8][gc,heap     ] GC(134) Humongous regions: 0->0
[2022-07-04T13:30:52.155+0000][8][gc,metaspace] GC(134) Metaspace: 127937K(131264K)->127937K(131264K) NonClass: 111136K(112832K)->111136K(112832K) Class: 16800K(18432K)->16800K(18432K)
[2022-07-04T13:30:52.156+0000][8][gc          ] GC(134) Pause Young (Normal) (G1 Evacuation Pause) 390M->89M(512M) 30.632ms
[2022-07-04T13:30:52.158+0000][8][gc,cpu      ] GC(134) User=0.01s Sys=0.00s Real=0.03s
[2022-07-04T13:30:52.159+0000][8][safepoint   ] Safepoint "G1CollectForAllocation", Time since last: 985822141 ns, Reaching safepoint: 127888 ns, At safepoint: 33142559 ns, Total: 33270447 ns
[2022-07-04T13:31:07.182+0000][8][safepoint   ] Safepoint "Cleanup", Time since last: 15022601549 ns, Reaching safepoint: 480431 ns, At safepoint: 29849 ns, Total: 510280 ns
[2022-07-04T13:31:34.197+0000][8][safepoint   ] Safepoint "Cleanup", Time since last: 27035731470 ns, Reaching safepoint: 445400 ns, At safepoint: 9807 ns, Total: 455207 ns
[2022-07-04T13:32:39.504+0000][8][gc,start    ] GC(135) Pause Young (Normal) (G1 Evacuation Pause)
[2022-07-04T13:32:39.505+0000][8][gc,task     ] GC(135) Using 4 workers of 4 for evacuation
[2022-07-04T13:32:39.506+0000][8][gc,age      ] GC(135) Desired survivor size 20971520 bytes, new threshold 15 (max threshold 15)
[2022-07-04T13:32:39.510+0000][8][gc,phases   ] GC(135)   Pre Evacuate Collection Set: 0.2ms
[2022-07-04T13:32:39.511+0000][8][gc,phases   ] GC(135)   Merge Heap Roots: 0.1ms
[2022-07-04T13:32:39.512+0000][8][gc,phases   ] GC(135)   Evacuate Collection Set: 2.4ms
[2022-07-04T13:32:39.513+0000][8][gc,phases   ] GC(135)   Post Evacuate Collection Set: 1.1ms
[2022-07-04T13:32:39.514+0000][8][gc,phases   ] GC(135)   Other: 1.6ms
[2022-07-04T13:32:39.515+0000][8][gc,age      ] GC(135) Age table with threshold 15 (max threshold 15)
[2022-07-04T13:32:39.516+0000][8][gc,age      ] GC(135) - age   1:     812896 bytes,     812896 total
[2022-07-04T13:32:39.516+0000][8][gc,age      ] GC(135) - age   2:      10800 bytes,     823696 total
[2022-07-04T13:32:39.518+0000][8][gc,age      ] GC(135) - age   3:       8680 bytes,     832376 total
[2022-07-04T13:32:39.520+0000][8][gc,age      ] GC(135) - age   4:        632 bytes,     833008 total
[2022-07-04T13:32:39.521+0000][8][gc,age      ] GC(135) - age   5:       3776 bytes,     836784 total
[2022-07-04T13:32:39.522+0000][8][gc,age      ] GC(135) - age   6:        280 bytes,     837064 total
[2022-07-04T13:32:39.522+0000][8][gc,age      ] GC(135) - age   7:        568 bytes,     837632 total
[2022-07-04T13:32:39.523+0000][8][gc,age      ] GC(135) - age   8:        720 bytes,     838352 total
[2022-07-04T13:32:39.523+0000][8][gc,age      ] GC(135) - age   9:        496 bytes,     838848 total
[2022-07-04T13:32:39.524+0000][8][gc,age      ] GC(135) - age  10:        384 bytes,     839232 total
[2022-07-04T13:32:39.524+0000][8][gc,age      ] GC(135) - age  11:        200 bytes,     839432 total
[2022-07-04T13:32:39.525+0000][8][gc,age      ] GC(135) - age  12:       4664 bytes,     844096 total
[2022-07-04T13:32:39.526+0000][8][gc,age      ] GC(135) - age  14:      14936 bytes,     859032 total
[2022-07-04T13:32:39.527+0000][8][gc,age      ] GC(135) - age  15:     123904 bytes,     982936 total
[2022-07-04T13:32:39.527+0000][8][gc,heap     ] GC(135) Eden regions: 75->0(75)
[2022-07-04T13:32:39.528+0000][8][gc,heap     ] GC(135) Survivor regions: 1->1(10)
[2022-07-04T13:32:39.529+0000][8][gc,heap     ] GC(135) Old regions: 22->22
[2022-07-04T13:32:39.530+0000][8][gc,heap     ] GC(135) Archive regions: 2->2
[2022-07-04T13:32:39.531+0000][8][gc,heap     ] GC(135) Humongous regions: 0->0
[2022-07-04T13:32:39.531+0000][8][gc,metaspace] GC(135) Metaspace: 127938K(131264K)->127938K(131264K) NonClass: 111137K(112832K)->111137K(112832K) Class: 16800K(18432K)->16800K(18432K)
[2022-07-04T13:32:39.532+0000][8][gc          ] GC(135) Pause Young (Normal) (G1 Evacuation Pause) 389M->90M(512M) 28.358ms
[2022-07-04T13:32:39.533+0000][8][gc,cpu      ] GC(135) User=0.01s Sys=0.00s Real=0.03s
[2022-07-04T13:32:39.534+0000][8][safepoint   ] Safepoint "G1CollectForAllocation", Time since last: 65371590927 ns, Reaching safepoint: 211661 ns, At safepoint: 30348069 ns, Total: 30559730 ns
[2022-07-04T13:33:52.569+0000][8][safepoint   ] Safepoint "Cleanup", Time since last: 73078543865 ns, Reaching safepoint: 261942 ns, At safepoint: 17088 ns, Total: 279030 ns
[2022-07-04T13:34:06.582+0000][8][safepoint   ] Safepoint "Cleanup", Time since last: 14012157922 ns, Reaching safepoint: 340111 ns, At safepoint: 14804 ns, Total: 354915 ns
[2022-07-04T13:34:16.581+0000][8][safepoint   ] Safepoint "Cleanup", Time since last: 10018741639 ns, Reaching safepoint: 613225 ns, At safepoint: 19285 ns, Total: 632510 ns
[2022-07-04T13:34:33.137+0000][8][gc,start    ] GC(136) Pause Young (Normal) (G1 Evacuation Pause)
[2022-07-04T13:34:33.140+0000][8][gc,task     ] GC(136) Using 4 workers of 4 for evacuation
[2022-07-04T13:34:33.141+0000][8][gc,age      ] GC(136) Desired survivor size 20971520 bytes, new threshold 15 (max threshold 15)
[2022-07-04T13:34:33.145+0000][8][gc,phases   ] GC(136)   Pre Evacuate Collection Set: 0.2ms
[2022-07-04T13:34:33.146+0000][8][gc,phases   ] GC(136)   Merge Heap Roots: 0.1ms
[2022-07-04T13:34:33.148+0000][8][gc,phases   ] GC(136)   Evacuate Collection Set: 1.8ms
[2022-07-04T13:34:33.149+0000][8][gc,phases   ] GC(136)   Post Evacuate Collection Set: 1.1ms
[2022-07-04T13:34:33.149+0000][8][gc,phases   ] GC(136)   Other: 1.9ms
[2022-07-04T13:34:33.150+0000][8][gc,age      ] GC(136) Age table with threshold 15 (max threshold 15)
[2022-07-04T13:34:33.151+0000][8][gc,age      ] GC(136) - age   1:    1077344 bytes,    1077344 total
[2022-07-04T13:34:33.153+0000][8][gc,age      ] GC(136) - age   2:       6640 bytes,    1083984 total
[2022-07-04T13:34:33.155+0000][8][gc,age      ] GC(136) - age   3:       9632 bytes,    1093616 total
[2022-07-04T13:34:33.156+0000][8][gc,age      ] GC(136) - age   4:        536 bytes,    1094152 total
[2022-07-04T13:34:33.157+0000][8][gc,age      ] GC(136) - age   5:        632 bytes,    1094784 total
[2022-07-04T13:34:33.157+0000][8][gc,age      ] GC(136) - age   6:       1856 bytes,    1096640 total
[2022-07-04T13:34:33.158+0000][8][gc,age      ] GC(136) - age   7:        280 bytes,    1096920 total
[2022-07-04T13:34:33.159+0000][8][gc,age      ] GC(136) - age   8:        568 bytes,    1097488 total
[2022-07-04T13:34:33.159+0000][8][gc,age      ] GC(136) - age   9:        720 bytes,    1098208 total
[2022-07-04T13:34:33.160+0000][8][gc,age      ] GC(136) - age  10:        104 bytes,    1098312 total
[2022-07-04T13:34:33.160+0000][8][gc,age      ] GC(136) - age  11:        384 bytes,    1098696 total
[2022-07-04T13:34:33.161+0000][8][gc,age      ] GC(136) - age  12:        200 bytes,    1098896 total
[2022-07-04T13:34:33.162+0000][8][gc,age      ] GC(136) - age  13:       4664 bytes,    1103560 total
[2022-07-04T13:34:33.163+0000][8][gc,age      ] GC(136) - age  15:      14936 bytes,    1118496 total
[2022-07-04T13:34:33.164+0000][8][gc,heap     ] GC(136) Eden regions: 75->0(75)
[2022-07-04T13:34:33.165+0000][8][gc,heap     ] GC(136) Survivor regions: 1->1(10)
[2022-07-04T13:34:33.166+0000][8][gc,heap     ] GC(136) Old regions: 22->22
[2022-07-04T13:34:33.167+0000][8][gc,heap     ] GC(136) Archive regions: 2->2
[2022-07-04T13:34:33.167+0000][8][gc,heap     ] GC(136) Humongous regions: 0->0
[2022-07-04T13:34:33.168+0000][8][gc,metaspace] GC(136) Metaspace: 127938K(131264K)->127938K(131264K) NonClass: 111137K(112832K)->111137K(112832K) Class: 16800K(18432K)->16800K(18432K)
[2022-07-04T13:34:33.170+0000][8][gc          ] GC(136) Pause Young (Normal) (G1 Evacuation Pause) 390M->90M(512M) 32.731ms
[2022-07-04T13:34:33.172+0000][8][gc,cpu      ] GC(136) User=0.01s Sys=0.01s Real=0.03s
[2022-07-04T13:34:33.173+0000][8][safepoint   ] Safepoint "G1CollectForAllocation", Time since last: 16555848364 ns, Reaching safepoint: 318601 ns, At safepoint: 36005193 ns, Total: 36323794 ns
[2022-07-04T13:35:05.181+0000][8][safepoint   ] Safepoint "Cleanup", Time since last: 32030170084 ns, Reaching safepoint: 386171 ns, At safepoint: 21859 ns, Total: 408030 ns
[2022-07-04T13:35:09.163+0000][8][safepoint   ] Safepoint "Cleanup", Time since last: 4003467038 ns, Reaching safepoint: 322695 ns, At safepoint: 11412 ns, Total: 334107 ns
[2022-07-04T13:36:15.293+0000][8][gc,start    ] GC(137) Pause Young (Normal) (G1 Evacuation Pause)
[2022-07-04T13:36:15.294+0000][8][gc,task     ] GC(137) Using 4 workers of 4 for evacuation
[2022-07-04T13:36:15.294+0000][8][gc,age      ] GC(137) Desired survivor size 20971520 bytes, new threshold 15 (max threshold 15)
[2022-07-04T13:36:15.300+0000][8][gc,phases   ] GC(137)   Pre Evacuate Collection Set: 0.2ms
[2022-07-04T13:36:15.301+0000][8][gc,phases   ] GC(137)   Merge Heap Roots: 0.1ms
[2022-07-04T13:36:15.301+0000][8][gc,phases   ] GC(137)   Evacuate Collection Set: 3.3ms
[2022-07-04T13:36:15.302+0000][8][gc,phases   ] GC(137)   Post Evacuate Collection Set: 1.0ms
[2022-07-04T13:36:15.303+0000][8][gc,phases   ] GC(137)   Other: 1.5ms
[2022-07-04T13:36:15.303+0000][8][gc,age      ] GC(137) Age table with threshold 15 (max threshold 15)
[2022-07-04T13:36:15.305+0000][8][gc,age      ] GC(137) - age   1:    1562304 bytes,    1562304 total
[2022-07-04T13:36:15.307+0000][8][gc,age      ] GC(137) - age   2:      11816 bytes,    1574120 total
[2022-07-04T13:36:15.308+0000][8][gc,age      ] GC(137) - age   3:       4816 bytes,    1578936 total
[2022-07-04T13:36:15.308+0000][8][gc,age      ] GC(137) - age   4:       9336 bytes,    1588272 total
[2022-07-04T13:36:15.309+0000][8][gc,age      ] GC(137) - age   5:        288 bytes,    1588560 total
[2022-07-04T13:36:15.310+0000][8][gc,age      ] GC(137) - age   6:        632 bytes,    1589192 total
[2022-07-04T13:36:15.310+0000][8][gc,age      ] GC(137) - age   7:       1856 bytes,    1591048 total
[2022-07-04T13:36:15.311+0000][8][gc,age      ] GC(137) - age   8:        280 bytes,    1591328 total
[2022-07-04T13:36:15.312+0000][8][gc,age      ] GC(137) - age   9:        568 bytes,    1591896 total
[2022-07-04T13:36:15.313+0000][8][gc,age      ] GC(137) - age  10:        720 bytes,    1592616 total
[2022-07-04T13:36:15.313+0000][8][gc,age      ] GC(137) - age  11:        104 bytes,    1592720 total
[2022-07-04T13:36:15.315+0000][8][gc,age      ] GC(137) - age  12:        384 bytes,    1593104 total
[2022-07-04T13:36:15.316+0000][8][gc,age      ] GC(137) - age  13:        200 bytes,    1593304 total
[2022-07-04T13:36:15.317+0000][8][gc,age      ] GC(137) - age  14:       4664 bytes,    1597968 total
[2022-07-04T13:36:15.317+0000][8][gc,heap     ] GC(137) Eden regions: 75->0(75)
[2022-07-04T13:36:15.318+0000][8][gc,heap     ] GC(137) Survivor regions: 1->1(10)
[2022-07-04T13:36:15.318+0000][8][gc,heap     ] GC(137) Old regions: 22->22
[2022-07-04T13:36:15.319+0000][8][gc,heap     ] GC(137) Archive regions: 2->2
[2022-07-04T13:36:15.320+0000][8][gc,heap     ] GC(137) Humongous regions: 0->0
[2022-07-04T13:36:15.320+0000][8][gc,metaspace] GC(137) Metaspace: 127943K(131264K)->127943K(131264K) NonClass: 111142K(112832K)->111142K(112832K) Class: 16800K(18432K)->16800K(18432K)
[2022-07-04T13:36:15.323+0000][8][gc          ] GC(137) Pause Young (Normal) (G1 Evacuation Pause) 390M->91M(512M) 30.322ms
[2022-07-04T13:36:15.324+0000][8][gc,cpu      ] GC(137) User=0.01s Sys=0.00s Real=0.03s
[2022-07-04T13:36:15.325+0000][8][safepoint   ] Safepoint "G1CollectForAllocation", Time since last: 66173106036 ns, Reaching safepoint: 117156 ns, At safepoint: 32062302 ns, Total: 32179458 ns
[2022-07-04T13:37:33.366+0000][8][safepoint   ] Safepoint "Cleanup", Time since last: 78083177846 ns, Reaching safepoint: 489645 ns, At safepoint: 117932 ns, Total: 607577 ns
[2022-07-04T13:37:34.368+0000][8][safepoint   ] Safepoint "Cleanup", Time since last: 1001982729 ns, Reaching safepoint: 313978 ns, At safepoint: 14374 ns, Total: 328352 ns
[2022-07-04T13:37:45.355+0000][8][safepoint   ] Safepoint "Cleanup", Time since last: 11008189195 ns, Reaching safepoint: 321874 ns, At safepoint: 56687 ns, Total: 378561 ns
[2022-07-04T13:37:58.367+0000][8][safepoint   ] Safepoint "Cleanup", Time since last: 13011978726 ns, Reaching safepoint: 355423 ns, At safepoint: 17299 ns, Total: 372722 ns
[2022-07-04T13:38:03.094+0000][8][gc,start    ] GC(138) Pause Young (Normal) (G1 Evacuation Pause)
[2022-07-04T13:38:03.095+0000][8][gc,task     ] GC(138) Using 4 workers of 4 for evacuation
[2022-07-04T13:38:03.096+0000][8][gc,age      ] GC(138) Desired survivor size 20971520 bytes, new threshold 15 (max threshold 15)
[2022-07-04T13:38:03.099+0000][8][gc,phases   ] GC(138)   Pre Evacuate Collection Set: 0.1ms
[2022-07-04T13:38:03.100+0000][8][gc,phases   ] GC(138)   Merge Heap Roots: 0.1ms
[2022-07-04T13:38:03.100+0000][8][gc,phases   ] GC(138)   Evacuate Collection Set: 1.4ms
[2022-07-04T13:38:03.101+0000][8][gc,phases   ] GC(138)   Post Evacuate Collection Set: 1.0ms
[2022-07-04T13:38:03.101+0000][8][gc,phases   ] GC(138)   Other: 1.2ms
[2022-07-04T13:38:03.102+0000][8][gc,age      ] GC(138) Age table with threshold 15 (max threshold 15)
[2022-07-04T13:38:03.102+0000][8][gc,age      ] GC(138) - age   1:     654416 bytes,     654416 total
[2022-07-04T13:38:03.103+0000][8][gc,age      ] GC(138) - age   2:       2104 bytes,     656520 total
[2022-07-04T13:38:03.103+0000][8][gc,age      ] GC(138) - age   3:       2920 bytes,     659440 total
[2022-07-04T13:38:03.104+0000][8][gc,age      ] GC(138) - age   4:       4816 bytes,     664256 total
[2022-07-04T13:38:03.104+0000][8][gc,age      ] GC(138) - age   5:       9336 bytes,     673592 total
[2022-07-04T13:38:03.105+0000][8][gc,age      ] GC(138) - age   6:        288 bytes,     673880 total
[2022-07-04T13:38:03.105+0000][8][gc,age      ] GC(138) - age   7:        632 bytes,     674512 total
[2022-07-04T13:38:03.106+0000][8][gc,age      ] GC(138) - age   8:       1856 bytes,     676368 total
[2022-07-04T13:38:03.107+0000][8][gc,age      ] GC(138) - age   9:        280 bytes,     676648 total
[2022-07-04T13:38:03.108+0000][8][gc,age      ] GC(138) - age  10:        568 bytes,     677216 total
[2022-07-04T13:38:03.108+0000][8][gc,age      ] GC(138) - age  11:        720 bytes,     677936 total
[2022-07-04T13:38:03.109+0000][8][gc,age      ] GC(138) - age  12:        104 bytes,     678040 total
[2022-07-04T13:38:03.109+0000][8][gc,age      ] GC(138) - age  13:        384 bytes,     678424 total
[2022-07-04T13:38:03.110+0000][8][gc,age      ] GC(138) - age  14:        200 bytes,     678624 total
[2022-07-04T13:38:03.110+0000][8][gc,age      ] GC(138) - age  15:       4664 bytes,     683288 total
[2022-07-04T13:38:03.111+0000][8][gc,heap     ] GC(138) Eden regions: 75->0(75)
[2022-07-04T13:38:03.112+0000][8][gc,heap     ] GC(138) Survivor regions: 1->1(10)
[2022-07-04T13:38:03.112+0000][8][gc,heap     ] GC(138) Old regions: 22->22
[2022-07-04T13:38:03.113+0000][8][gc,heap     ] GC(138) Archive regions: 2->2
[2022-07-04T13:38:03.113+0000][8][gc,heap     ] GC(138) Humongous regions: 0->0
[2022-07-04T13:38:03.114+0000][8][gc,metaspace] GC(138) Metaspace: 127946K(131264K)->127946K(131264K) NonClass: 111144K(112832K)->111144K(112832K) Class: 16801K(18432K)->16801K(18432K)
[2022-07-04T13:38:03.115+0000][8][gc          ] GC(138) Pause Young (Normal) (G1 Evacuation Pause) 391M->90M(512M) 21.003ms
[2022-07-04T13:38:03.116+0000][8][gc,cpu      ] GC(138) User=0.01s Sys=0.00s Real=0.02s
[2022-07-04T13:38:03.116+0000][8][safepoint   ] Safepoint "G1CollectForAllocation", Time since last: 4726653750 ns, Reaching safepoint: 75879 ns, At safepoint: 22335619 ns, Total: 22411498 ns
[2022-07-04T13:38:27.135+0000][8][safepoint   ] Safepoint "Cleanup", Time since last: 24040479544 ns, Reaching safepoint: 407837 ns, At safepoint: 66305 ns, Total: 474142 ns
[2022-07-04T13:39:10.122+0000][8][safepoint   ] Safepoint "Cleanup", Time since last: 43029952601 ns, Reaching safepoint: 276025 ns, At safepoint: 27779 ns, Total: 303804 ns
[2022-07-04T13:39:15.135+0000][8][safepoint   ] Safepoint "Cleanup", Time since last: 5012487158 ns, Reaching safepoint: 113547 ns, At safepoint: 4447 ns, Total: 117994 ns
[2022-07-04T13:39:51.052+0000][8][gc,start    ] GC(139) Pause Young (Normal) (G1 Evacuation Pause)
[2022-07-04T13:39:51.053+0000][8][gc,task     ] GC(139) Using 4 workers of 4 for evacuation
[2022-07-04T13:39:51.054+0000][8][gc,age      ] GC(139) Desired survivor size 20971520 bytes, new threshold 15 (max threshold 15)
[2022-07-04T13:39:51.058+0000][8][gc,phases   ] GC(139)   Pre Evacuate Collection Set: 0.1ms
[2022-07-04T13:39:51.059+0000][8][gc,phases   ] GC(139)   Merge Heap Roots: 0.1ms
[2022-07-04T13:39:51.059+0000][8][gc,phases   ] GC(139)   Evacuate Collection Set: 2.0ms
[2022-07-04T13:39:51.060+0000][8][gc,phases   ] GC(139)   Post Evacuate Collection Set: 0.9ms
[2022-07-04T13:39:51.060+0000][8][gc,phases   ] GC(139)   Other: 1.5ms
[2022-07-04T13:39:51.061+0000][8][gc,age      ] GC(139) Age table with threshold 15 (max threshold 15)
[2022-07-04T13:39:51.062+0000][8][gc,age      ] GC(139) - age   1:     797088 bytes,     797088 total
[2022-07-04T13:39:51.062+0000][8][gc,age      ] GC(139) - age   2:       1392 bytes,     798480 total
[2022-07-04T13:39:51.063+0000][8][gc,age      ] GC(139) - age   3:        832 bytes,     799312 total
[2022-07-04T13:39:51.063+0000][8][gc,age      ] GC(139) - age   4:       2560 bytes,     801872 total
[2022-07-04T13:39:51.064+0000][8][gc,age      ] GC(139) - age   5:       4816 bytes,     806688 total
[2022-07-04T13:39:51.064+0000][8][gc,age      ] GC(139) - age   6:       9336 bytes,     816024 total
[2022-07-04T13:39:51.065+0000][8][gc,age      ] GC(139) - age   7:         80 bytes,     816104 total
[2022-07-04T13:39:51.065+0000][8][gc,age      ] GC(139) - age   8:        448 bytes,     816552 total
[2022-07-04T13:39:51.066+0000][8][gc,age      ] GC(139) - age   9:       1856 bytes,     818408 total
[2022-07-04T13:39:51.067+0000][8][gc,age      ] GC(139) - age  10:        280 bytes,     818688 total
[2022-07-04T13:39:51.068+0000][8][gc,age      ] GC(139) - age  11:        568 bytes,     819256 total
[2022-07-04T13:39:51.068+0000][8][gc,age      ] GC(139) - age  12:        720 bytes,     819976 total
[2022-07-04T13:39:51.069+0000][8][gc,age      ] GC(139) - age  13:         72 bytes,     820048 total
[2022-07-04T13:39:51.069+0000][8][gc,age      ] GC(139) - age  14:        384 bytes,     820432 total
[2022-07-04T13:39:51.070+0000][8][gc,age      ] GC(139) - age  15:        200 bytes,     820632 total
[2022-07-04T13:39:51.070+0000][8][gc,heap     ] GC(139) Eden regions: 75->0(75)
[2022-07-04T13:39:51.071+0000][8][gc,heap     ] GC(139) Survivor regions: 1->1(10)
[2022-07-04T13:39:51.072+0000][8][gc,heap     ] GC(139) Old regions: 22->22
[2022-07-04T13:39:51.072+0000][8][gc,heap     ] GC(139) Archive regions: 2->2
[2022-07-04T13:39:51.073+0000][8][gc,heap     ] GC(139) Humongous regions: 0->0
[2022-07-04T13:39:51.073+0000][8][gc,metaspace] GC(139) Metaspace: 127948K(131264K)->127948K(131264K) NonClass: 111146K(112832K)->111146K(112832K) Class: 16801K(18432K)->16801K(18432K)
[2022-07-04T13:39:51.074+0000][8][gc          ] GC(139) Pause Young (Normal) (G1 Evacuation Pause) 390M->90M(512M) 21.760ms
[2022-07-04T13:39:51.075+0000][8][gc,cpu      ] GC(139) User=0.01s Sys=0.00s Real=0.02s
[2022-07-04T13:39:51.076+0000][8][safepoint   ] Safepoint "G1CollectForAllocation", Time since last: 35938528595 ns, Reaching safepoint: 67191 ns, At safepoint: 23985236 ns, Total: 24052427 ns
[2022-07-04T13:40:06.089+0000][8][safepoint   ] Safepoint "Cleanup", Time since last: 15012847885 ns, Reaching safepoint: 225147 ns, At safepoint: 8508 ns, Total: 233655 ns
[2022-07-04T13:40:28.089+0000][8][safepoint   ] Safepoint "Cleanup", Time since last: 22020233316 ns, Reaching safepoint: 299579 ns, At safepoint: 77499 ns, Total: 377078 ns
[2022-07-04T13:40:33.096+0000][8][safepoint   ] Safepoint "Cleanup", Time since last: 5006630561 ns, Reaching safepoint: 145766 ns, At safepoint: 10276 ns, Total: 156042 ns
[2022-07-04T13:41:06.109+0000][8][safepoint   ] Safepoint "Cleanup", Time since last: 33034884861 ns, Reaching safepoint: 300134 ns, At safepoint: 16637 ns, Total: 316771 ns
[2022-07-04T13:41:10.091+0000][8][safepoint   ] Safepoint "Cleanup", Time since last: 4003925821 ns, Reaching safepoint: 556982 ns, At safepoint: 14289 ns, Total: 571271 ns
[2022-07-04T13:41:33.023+0000][8][gc,start    ] GC(140) Pause Young (Normal) (G1 Evacuation Pause)
[2022-07-04T13:41:33.024+0000][8][gc,task     ] GC(140) Using 4 workers of 4 for evacuation
[2022-07-04T13:41:33.025+0000][8][gc,age      ] GC(140) Desired survivor size 20971520 bytes, new threshold 15 (max threshold 15)
[2022-07-04T13:41:33.029+0000][8][gc,phases   ] GC(140)   Pre Evacuate Collection Set: 0.2ms
[2022-07-04T13:41:33.030+0000][8][gc,phases   ] GC(140)   Merge Heap Roots: 0.1ms
[2022-07-04T13:41:33.030+0000][8][gc,phases   ] GC(140)   Evacuate Collection Set: 1.9ms
[2022-07-04T13:41:33.031+0000][8][gc,phases   ] GC(140)   Post Evacuate Collection Set: 1.1ms
[2022-07-04T13:41:33.031+0000][8][gc,phases   ] GC(140)   Other: 1.5ms
[2022-07-04T13:41:33.032+0000][8][gc,age      ] GC(140) Age table with threshold 15 (max threshold 15)
[2022-07-04T13:41:33.033+0000][8][gc,age      ] GC(140) - age   1:    1472984 bytes,    1472984 total
[2022-07-04T13:41:33.033+0000][8][gc,age      ] GC(140) - age   2:      10840 bytes,    1483824 total
[2022-07-04T13:41:33.034+0000][8][gc,age      ] GC(140) - age   3:        816 bytes,    1484640 total
[2022-07-04T13:41:33.034+0000][8][gc,age      ] GC(140) - age   4:        440 bytes,    1485080 total
[2022-07-04T13:41:33.035+0000][8][gc,age      ] GC(140) - age   5:       2312 bytes,    1487392 total
[2022-07-04T13:41:33.036+0000][8][gc,age      ] GC(140) - age   6:       4792 bytes,    1492184 total
[2022-07-04T13:41:33.036+0000][8][gc,age      ] GC(140) - age   7:       9336 bytes,    1501520 total
[2022-07-04T13:41:33.037+0000][8][gc,age      ] GC(140) - age   8:         80 bytes,    1501600 total
[2022-07-04T13:41:33.037+0000][8][gc,age      ] GC(140) - age   9:        448 bytes,    1502048 total
[2022-07-04T13:41:33.038+0000][8][gc,age      ] GC(140) - age  10:       1856 bytes,    1503904 total
[2022-07-04T13:41:33.038+0000][8][gc,age      ] GC(140) - age  11:        280 bytes,    1504184 total
[2022-07-04T13:41:33.039+0000][8][gc,age      ] GC(140) - age  12:        568 bytes,    1504752 total
[2022-07-04T13:41:33.040+0000][8][gc,age      ] GC(140) - age  13:        720 bytes,    1505472 total
[2022-07-04T13:41:33.040+0000][8][gc,age      ] GC(140) - age  14:         72 bytes,    1505544 total
[2022-07-04T13:41:33.041+0000][8][gc,age      ] GC(140) - age  15:        384 bytes,    1505928 total
[2022-07-04T13:41:33.042+0000][8][gc,heap     ] GC(140) Eden regions: 75->0(75)
[2022-07-04T13:41:33.042+0000][8][gc,heap     ] GC(140) Survivor regions: 1->1(10)
[2022-07-04T13:41:33.043+0000][8][gc,heap     ] GC(140) Old regions: 22->22
[2022-07-04T13:41:33.043+0000][8][gc,heap     ] GC(140) Archive regions: 2->2
[2022-07-04T13:41:33.044+0000][8][gc,heap     ] GC(140) Humongous regions: 0->0
[2022-07-04T13:41:33.044+0000][8][gc,metaspace] GC(140) Metaspace: 127948K(131264K)->127948K(131264K) NonClass: 111146K(112832K)->111146K(112832K) Class: 16801K(18432K)->16801K(18432K)
[2022-07-04T13:41:33.045+0000][8][gc          ] GC(140) Pause Young (Normal) (G1 Evacuation Pause) 390M->90M(512M) 21.943ms
[2022-07-04T13:41:33.046+0000][8][gc,cpu      ] GC(140) User=0.00s Sys=0.01s Real=0.02s
[2022-07-04T13:41:33.047+0000][8][safepoint   ] Safepoint "G1CollectForAllocation", Time since last: 22932288266 ns, Reaching safepoint: 87956 ns, At safepoint: 23881645 ns, Total: 23969601 ns
[2022-07-04T13:42:03.064+0000][8][safepoint   ] Safepoint "Cleanup", Time since last: 30037658383 ns, Reaching safepoint: 139651 ns, At safepoint: 5713 ns, Total: 145364 ns
[2022-07-04T13:43:15.508+0000][8][gc,start    ] GC(141) Pause Young (Normal) (G1 Evacuation Pause)
[2022-07-04T13:43:15.509+0000][8][gc,task     ] GC(141) Using 4 workers of 4 for evacuation
[2022-07-04T13:43:15.509+0000][8][gc,age      ] GC(141) Desired survivor size 20971520 bytes, new threshold 15 (max threshold 15)
[2022-07-04T13:43:15.514+0000][8][gc,phases   ] GC(141)   Pre Evacuate Collection Set: 0.2ms
[2022-07-04T13:43:15.514+0000][8][gc,phases   ] GC(141)   Merge Heap Roots: 0.1ms
[2022-07-04T13:43:15.515+0000][8][gc,phases   ] GC(141)   Evacuate Collection Set: 2.1ms
[2022-07-04T13:43:15.516+0000][8][gc,phases   ] GC(141)   Post Evacuate Collection Set: 1.0ms
[2022-07-04T13:43:15.517+0000][8][gc,phases   ] GC(141)   Other: 1.3ms
[2022-07-04T13:43:15.517+0000][8][gc,age      ] GC(141) Age table with threshold 15 (max threshold 15)
[2022-07-04T13:43:15.518+0000][8][gc,age      ] GC(141) - age   1:    1819856 bytes,    1819856 total
[2022-07-04T13:43:15.519+0000][8][gc,age      ] GC(141) - age   2:       1520 bytes,    1821376 total
[2022-07-04T13:43:15.519+0000][8][gc,age      ] GC(141) - age   3:       9816 bytes,    1831192 total
[2022-07-04T13:43:15.520+0000][8][gc,age      ] GC(141) - age   4:        728 bytes,    1831920 total
[2022-07-04T13:43:15.520+0000][8][gc,age      ] GC(141) - age   5:        376 bytes,    1832296 total
[2022-07-04T13:43:15.521+0000][8][gc,age      ] GC(141) - age   6:       2312 bytes,    1834608 total
[2022-07-04T13:43:15.522+0000][8][gc,age      ] GC(141) - age   7:       4792 bytes,    1839400 total
[2022-07-04T13:43:15.522+0000][8][gc,age      ] GC(141) - age   8:       9336 bytes,    1848736 total
[2022-07-04T13:43:15.523+0000][8][gc,age      ] GC(141) - age   9:         80 bytes,    1848816 total
[2022-07-04T13:43:15.523+0000][8][gc,age      ] GC(141) - age  10:        448 bytes,    1849264 total
[2022-07-04T13:43:15.524+0000][8][gc,age      ] GC(141) - age  11:       1856 bytes,    1851120 total
[2022-07-04T13:43:15.525+0000][8][gc,age      ] GC(141) - age  12:        280 bytes,    1851400 total
[2022-07-04T13:43:15.525+0000][8][gc,age      ] GC(141) - age  13:        568 bytes,    1851968 total
[2022-07-04T13:43:15.526+0000][8][gc,age      ] GC(141) - age  14:        720 bytes,    1852688 total
[2022-07-04T13:43:15.526+0000][8][gc,age      ] GC(141) - age  15:         72 bytes,    1852760 total
[2022-07-04T13:43:15.527+0000][8][gc,heap     ] GC(141) Eden regions: 75->0(75)
[2022-07-04T13:43:15.528+0000][8][gc,heap     ] GC(141) Survivor regions: 1->1(10)
[2022-07-04T13:43:15.528+0000][8][gc,heap     ] GC(141) Old regions: 22->22
[2022-07-04T13:43:15.529+0000][8][gc,heap     ] GC(141) Archive regions: 2->2
[2022-07-04T13:43:15.529+0000][8][gc,heap     ] GC(141) Humongous regions: 0->0
[2022-07-04T13:43:15.530+0000][8][gc,metaspace] GC(141) Metaspace: 127952K(131264K)->127952K(131264K) NonClass: 111150K(112832K)->111150K(112832K) Class: 16801K(18432K)->16801K(18432K)
[2022-07-04T13:43:15.531+0000][8][gc          ] GC(141) Pause Young (Normal) (G1 Evacuation Pause) 390M->91M(512M) 22.861ms
[2022-07-04T13:43:15.532+0000][8][gc,cpu      ] GC(141) User=0.01s Sys=0.00s Real=0.02s
[2022-07-04T13:43:15.533+0000][8][safepoint   ] Safepoint "G1CollectForAllocation", Time since last: 72508599203 ns, Reaching safepoint: 85746 ns, At safepoint: 24776397 ns, Total: 24862143 ns
[2022-07-04T13:45:05.985+0000][8][gc,start    ] GC(142) Pause Young (Normal) (G1 Evacuation Pause)
[2022-07-04T13:45:05.986+0000][8][gc,task     ] GC(142) Using 4 workers of 4 for evacuation
[2022-07-04T13:45:05.987+0000][8][gc,age      ] GC(142) Desired survivor size 20971520 bytes, new threshold 15 (max threshold 15)
[2022-07-04T13:45:05.990+0000][8][gc,phases   ] GC(142)   Pre Evacuate Collection Set: 0.2ms
[2022-07-04T13:45:05.991+0000][8][gc,phases   ] GC(142)   Merge Heap Roots: 0.1ms
[2022-07-04T13:45:05.992+0000][8][gc,phases   ] GC(142)   Evacuate Collection Set: 1.3ms
[2022-07-04T13:45:05.993+0000][8][gc,phases   ] GC(142)   Post Evacuate Collection Set: 0.9ms
[2022-07-04T13:45:05.994+0000][8][gc,phases   ] GC(142)   Other: 2.1ms
[2022-07-04T13:45:05.994+0000][8][gc,age      ] GC(142) Age table with threshold 15 (max threshold 15)
[2022-07-04T13:45:05.995+0000][8][gc,age      ] GC(142) - age   1:     458464 bytes,     458464 total
[2022-07-04T13:45:05.996+0000][8][gc,age      ] GC(142) - age   2:       2080 bytes,     460544 total
[2022-07-04T13:45:05.996+0000][8][gc,age      ] GC(142) - age   3:        368 bytes,     460912 total
[2022-07-04T13:45:05.997+0000][8][gc,age      ] GC(142) - age   4:       9816 bytes,     470728 total
[2022-07-04T13:45:05.998+0000][8][gc,age      ] GC(142) - age   5:        664 bytes,     471392 total
[2022-07-04T13:45:05.998+0000][8][gc,age      ] GC(142) - age   6:        376 bytes,     471768 total
[2022-07-04T13:45:05.999+0000][8][gc,age      ] GC(142) - age   7:        392 bytes,     472160 total
[2022-07-04T13:45:05.999+0000][8][gc,age      ] GC(142) - age   8:       4792 bytes,     476952 total
[2022-07-04T13:45:06.000+0000][8][gc,age      ] GC(142) - age   9:       9336 bytes,     486288 total
[2022-07-04T13:45:06.000+0000][8][gc,age      ] GC(142) - age  10:         80 bytes,     486368 total
[2022-07-04T13:45:06.001+0000][8][gc,age      ] GC(142) - age  11:        448 bytes,     486816 total
[2022-07-04T13:45:06.002+0000][8][gc,age      ] GC(142) - age  12:       1856 bytes,     488672 total
[2022-07-04T13:45:06.002+0000][8][gc,age      ] GC(142) - age  13:        280 bytes,     488952 total
[2022-07-04T13:45:06.003+0000][8][gc,age      ] GC(142) - age  14:        568 bytes,     489520 total
[2022-07-04T13:45:06.003+0000][8][gc,age      ] GC(142) - age  15:        536 bytes,     490056 total
[2022-07-04T13:45:06.004+0000][8][gc,heap     ] GC(142) Eden regions: 75->0(75)
[2022-07-04T13:45:06.005+0000][8][gc,heap     ] GC(142) Survivor regions: 1->1(10)
[2022-07-04T13:45:06.005+0000][8][gc,heap     ] GC(142) Old regions: 22->22
[2022-07-04T13:45:06.006+0000][8][gc,heap     ] GC(142) Archive regions: 2->2
[2022-07-04T13:45:06.006+0000][8][gc,heap     ] GC(142) Humongous regions: 0->0
[2022-07-04T13:45:06.007+0000][8][gc,metaspace] GC(142) Metaspace: 127952K(131264K)->127952K(131264K) NonClass: 111150K(112832K)->111150K(112832K) Class: 16801K(18432K)->16801K(18432K)
[2022-07-04T13:45:06.007+0000][8][gc          ] GC(142) Pause Young (Normal) (G1 Evacuation Pause) 391M->90M(512M) 22.797ms
[2022-07-04T13:45:06.008+0000][8][gc,cpu      ] GC(142) User=0.01s Sys=0.01s Real=0.02s
[2022-07-04T13:45:06.009+0000][8][safepoint   ] Safepoint "G1CollectForAllocation", Time since last: 110516656225 ns, Reaching safepoint: 103882 ns, At safepoint: 24749219 ns, Total: 24853101 ns
[2022-07-04T13:45:57.753+0000][8][safepoint   ] Safepoint "Cleanup", Time since last: 51786074314 ns, Reaching safepoint: 362396 ns, At safepoint: 20039 ns, Total: 382435 ns
[2022-07-04T13:45:58.755+0000][8][safepoint   ] Safepoint "Cleanup", Time since last: 1001845135 ns, Reaching safepoint: 214106 ns, At safepoint: 29036 ns, Total: 243142 ns
[2022-07-04T13:46:53.944+0000][8][gc,start    ] GC(143) Pause Young (Normal) (G1 Evacuation Pause)
[2022-07-04T13:46:53.945+0000][8][gc,task     ] GC(143) Using 4 workers of 4 for evacuation
[2022-07-04T13:46:53.946+0000][8][gc,age      ] GC(143) Desired survivor size 20971520 bytes, new threshold 15 (max threshold 15)
[2022-07-04T13:46:53.952+0000][8][gc,phases   ] GC(143)   Pre Evacuate Collection Set: 0.3ms
[2022-07-04T13:46:53.952+0000][8][gc,phases   ] GC(143)   Merge Heap Roots: 0.2ms
[2022-07-04T13:46:53.953+0000][8][gc,phases   ] GC(143)   Evacuate Collection Set: 2.6ms
[2022-07-04T13:46:53.954+0000][8][gc,phases   ] GC(143)   Post Evacuate Collection Set: 1.1ms
[2022-07-04T13:46:53.955+0000][8][gc,phases   ] GC(143)   Other: 2.5ms
[2022-07-04T13:46:53.956+0000][8][gc,age      ] GC(143) Age table with threshold 15 (max threshold 15)
[2022-07-04T13:46:53.956+0000][8][gc,age      ] GC(143) - age   1:     984312 bytes,     984312 total
[2022-07-04T13:46:53.957+0000][8][gc,age      ] GC(143) - age   2:       2896 bytes,     987208 total
[2022-07-04T13:46:53.958+0000][8][gc,age      ] GC(143) - age   3:        808 bytes,     988016 total
[2022-07-04T13:46:53.958+0000][8][gc,age      ] GC(143) - age   4:        184 bytes,     988200 total
[2022-07-04T13:46:53.959+0000][8][gc,age      ] GC(143) - age   5:       9664 bytes,     997864 total
[2022-07-04T13:46:53.959+0000][8][gc,age      ] GC(143) - age   6:        664 bytes,     998528 total
[2022-07-04T13:46:53.960+0000][8][gc,age      ] GC(143) - age   7:        192 bytes,     998720 total
[2022-07-04T13:46:53.960+0000][8][gc,age      ] GC(143) - age   8:        392 bytes,     999112 total
[2022-07-04T13:46:53.961+0000][8][gc,age      ] GC(143) - age   9:       4792 bytes,    1003904 total
[2022-07-04T13:46:53.962+0000][8][gc,age      ] GC(143) - age  10:       1320 bytes,    1005224 total
[2022-07-04T13:46:53.962+0000][8][gc,age      ] GC(143) - age  11:         80 bytes,    1005304 total
[2022-07-04T13:46:53.963+0000][8][gc,age      ] GC(143) - age  12:        448 bytes,    1005752 total
[2022-07-04T13:46:53.964+0000][8][gc,age      ] GC(143) - age  13:       1856 bytes,    1007608 total
[2022-07-04T13:46:53.964+0000][8][gc,age      ] GC(143) - age  14:        280 bytes,    1007888 total
[2022-07-04T13:46:53.965+0000][8][gc,age      ] GC(143) - age  15:        568 bytes,    1008456 total
[2022-07-04T13:46:53.965+0000][8][gc,heap     ] GC(143) Eden regions: 75->0(75)
[2022-07-04T13:46:53.966+0000][8][gc,heap     ] GC(143) Survivor regions: 1->1(10)
[2022-07-04T13:46:53.966+0000][8][gc,heap     ] GC(143) Old regions: 22->22
[2022-07-04T13:46:53.967+0000][8][gc,heap     ] GC(143) Archive regions: 2->2
[2022-07-04T13:46:53.967+0000][8][gc,heap     ] GC(143) Humongous regions: 0->0
[2022-07-04T13:46:53.968+0000][8][gc,metaspace] GC(143) Metaspace: 127952K(131264K)->127952K(131264K) NonClass: 111150K(112832K)->111150K(112832K) Class: 16801K(18432K)->16801K(18432K)
[2022-07-04T13:46:53.968+0000][8][gc          ] GC(143) Pause Young (Normal) (G1 Evacuation Pause) 390M->90M(512M) 24.572ms
[2022-07-04T13:46:53.969+0000][8][gc,cpu      ] GC(143) User=0.01s Sys=0.00s Real=0.03s
[2022-07-04T13:46:53.969+0000][8][safepoint   ] Safepoint "G1CollectForAllocation", Time since last: 55232272207 ns, Reaching safepoint: 110247 ns, At safepoint: 25640688 ns, Total: 25750935 ns
[2022-07-04T13:48:39.080+0000][8][gc,start    ] GC(144) Pause Young (Normal) (G1 Evacuation Pause)
[2022-07-04T13:48:39.081+0000][8][gc,task     ] GC(144) Using 4 workers of 4 for evacuation
[2022-07-04T13:48:39.082+0000][8][gc,age      ] GC(144) Desired survivor size 20971520 bytes, new threshold 15 (max threshold 15)
[2022-07-04T13:48:39.088+0000][8][gc,phases   ] GC(144)   Pre Evacuate Collection Set: 0.3ms
[2022-07-04T13:48:39.089+0000][8][gc,phases   ] GC(144)   Merge Heap Roots: 0.1ms
[2022-07-04T13:48:39.089+0000][8][gc,phases   ] GC(144)   Evacuate Collection Set: 2.6ms
[2022-07-04T13:48:39.090+0000][8][gc,phases   ] GC(144)   Post Evacuate Collection Set: 1.5ms
[2022-07-04T13:48:39.091+0000][8][gc,phases   ] GC(144)   Other: 2.1ms
[2022-07-04T13:48:39.091+0000][8][gc,age      ] GC(144) Age table with threshold 15 (max threshold 15)
[2022-07-04T13:48:39.092+0000][8][gc,age      ] GC(144) - age   1:    1385672 bytes,    1385672 total
[2022-07-04T13:48:39.092+0000][8][gc,age      ] GC(144) - age   2:       9840 bytes,    1395512 total
[2022-07-04T13:48:39.093+0000][8][gc,age      ] GC(144) - age   3:       2576 bytes,    1398088 total
[2022-07-04T13:48:39.094+0000][8][gc,age      ] GC(144) - age   4:        136 bytes,    1398224 total
[2022-07-04T13:48:39.095+0000][8][gc,age      ] GC(144) - age   5:        184 bytes,    1398408 total
[2022-07-04T13:48:39.096+0000][8][gc,age      ] GC(144) - age   6:       9664 bytes,    1408072 total
[2022-07-04T13:48:39.096+0000][8][gc,age      ] GC(144) - age   7:        432 bytes,    1408504 total
[2022-07-04T13:48:39.097+0000][8][gc,age      ] GC(144) - age   8:        192 bytes,    1408696 total
[2022-07-04T13:48:39.097+0000][8][gc,age      ] GC(144) - age   9:        392 bytes,    1409088 total
[2022-07-04T13:48:39.098+0000][8][gc,age      ] GC(144) - age  10:       4792 bytes,    1413880 total
[2022-07-04T13:48:39.099+0000][8][gc,age      ] GC(144) - age  11:       1320 bytes,    1415200 total
[2022-07-04T13:48:39.100+0000][8][gc,age      ] GC(144) - age  12:         80 bytes,    1415280 total
[2022-07-04T13:48:39.100+0000][8][gc,age      ] GC(144) - age  13:        448 bytes,    1415728 total
[2022-07-04T13:48:39.101+0000][8][gc,age      ] GC(144) - age  14:       1856 bytes,    1417584 total
[2022-07-04T13:48:39.102+0000][8][gc,age      ] GC(144) - age  15:        280 bytes,    1417864 total
[2022-07-04T13:48:39.102+0000][8][gc,heap     ] GC(144) Eden regions: 75->0(75)
[2022-07-04T13:48:39.103+0000][8][gc,heap     ] GC(144) Survivor regions: 1->1(10)
[2022-07-04T13:48:39.104+0000][8][gc,heap     ] GC(144) Old regions: 22->22
[2022-07-04T13:48:39.104+0000][8][gc,heap     ] GC(144) Archive regions: 2->2
[2022-07-04T13:48:39.105+0000][8][gc,heap     ] GC(144) Humongous regions: 0->0
[2022-07-04T13:48:39.105+0000][8][gc,metaspace] GC(144) Metaspace: 127956K(131264K)->127956K(131264K) NonClass: 111154K(112832K)->111154K(112832K) Class: 16802K(18432K)->16802K(18432K)
[2022-07-04T13:48:39.106+0000][8][gc          ] GC(144) Pause Young (Normal) (G1 Evacuation Pause) 390M->90M(512M) 26.079ms
[2022-07-04T13:48:39.106+0000][8][gc,cpu      ] GC(144) User=0.01s Sys=0.00s Real=0.02s
[2022-07-04T13:48:39.107+0000][8][safepoint   ] Safepoint "G1CollectForAllocation", Time since last: 105196497030 ns, Reaching safepoint: 176447 ns, At safepoint: 27274740 ns, Total: 27451187 ns
[2022-07-04T13:49:17.142+0000][8][safepoint   ] Safepoint "Cleanup", Time since last: 38056299782 ns, Reaching safepoint: 558277 ns, At safepoint: 13053 ns, Total: 571330 ns
[2022-07-04T13:50:06.198+0000][8][safepoint   ] Safepoint "Cleanup", Time since last: 49077633728 ns, Reaching safepoint: 339239 ns, At safepoint: 20939 ns, Total: 360178 ns
[2022-07-04T13:50:26.973+0000][8][gc,start    ] GC(145) Pause Young (Normal) (G1 Evacuation Pause)
[2022-07-04T13:50:26.974+0000][8][gc,task     ] GC(145) Using 4 workers of 4 for evacuation
[2022-07-04T13:50:26.974+0000][8][gc,age      ] GC(145) Desired survivor size 20971520 bytes, new threshold 15 (max threshold 15)
[2022-07-04T13:50:26.979+0000][8][gc,phases   ] GC(145)   Pre Evacuate Collection Set: 0.3ms
[2022-07-04T13:50:26.979+0000][8][gc,phases   ] GC(145)   Merge Heap Roots: 0.2ms
[2022-07-04T13:50:26.980+0000][8][gc,phases   ] GC(145)   Evacuate Collection Set: 2.2ms
[2022-07-04T13:50:26.981+0000][8][gc,phases   ] GC(145)   Post Evacuate Collection Set: 0.9ms
[2022-07-04T13:50:26.981+0000][8][gc,phases   ] GC(145)   Other: 1.7ms
[2022-07-04T13:50:26.982+0000][8][gc,age      ] GC(145) Age table with threshold 15 (max threshold 15)
[2022-07-04T13:50:26.983+0000][8][gc,age      ] GC(145) - age   1:    1580960 bytes,    1580960 total
[2022-07-04T13:50:26.983+0000][8][gc,age      ] GC(145) - age   2:       2824 bytes,    1583784 total
[2022-07-04T13:50:26.984+0000][8][gc,age      ] GC(145) - age   3:        512 bytes,    1584296 total
[2022-07-04T13:50:26.984+0000][8][gc,age      ] GC(145) - age   4:       2448 bytes,    1586744 total
[2022-07-04T13:50:26.985+0000][8][gc,age      ] GC(145) - age   5:        136 bytes,    1586880 total
[2022-07-04T13:50:26.986+0000][8][gc,age      ] GC(145) - age   6:        184 bytes,    1587064 total
[2022-07-04T13:50:26.986+0000][8][gc,age      ] GC(145) - age   7:        952 bytes,    1588016 total
[2022-07-04T13:50:26.987+0000][8][gc,age      ] GC(145) - age   8:        432 bytes,    1588448 total
[2022-07-04T13:50:26.988+0000][8][gc,age      ] GC(145) - age   9:        192 bytes,    1588640 total
[2022-07-04T13:50:26.989+0000][8][gc,age      ] GC(145) - age  11:       4792 bytes,    1593432 total
[2022-07-04T13:50:26.990+0000][8][gc,age      ] GC(145) - age  12:       1320 bytes,    1594752 total
[2022-07-04T13:50:26.990+0000][8][gc,age      ] GC(145) - age  13:         80 bytes,    1594832 total
[2022-07-04T13:50:26.991+0000][8][gc,age      ] GC(145) - age  14:        448 bytes,    1595280 total
[2022-07-04T13:50:26.992+0000][8][gc,age      ] GC(145) - age  15:       1856 bytes,    1597136 total
[2022-07-04T13:50:26.992+0000][8][gc,heap     ] GC(145) Eden regions: 75->0(75)
[2022-07-04T13:50:26.993+0000][8][gc,heap     ] GC(145) Survivor regions: 1->1(10)
[2022-07-04T13:50:26.993+0000][8][gc,heap     ] GC(145) Old regions: 22->22
[2022-07-04T13:50:26.994+0000][8][gc,heap     ] GC(145) Archive regions: 2->2
[2022-07-04T13:50:26.995+0000][8][gc,heap     ] GC(145) Humongous regions: 0->0
[2022-07-04T13:50:26.995+0000][8][gc,metaspace] GC(145) Metaspace: 127957K(131264K)->127957K(131264K) NonClass: 111155K(112832K)->111155K(112832K) Class: 16802K(18432K)->16802K(18432K)
[2022-07-04T13:50:26.996+0000][8][gc          ] GC(145) Pause Young (Normal) (G1 Evacuation Pause) 390M->91M(512M) 23.098ms
[2022-07-04T13:50:26.997+0000][8][gc,cpu      ] GC(145) User=0.01s Sys=0.01s Real=0.02s
[2022-07-04T13:50:26.997+0000][8][safepoint   ] Safepoint "G1CollectForAllocation", Time since last: 20796143943 ns, Reaching safepoint: 169785 ns, At safepoint: 24625431 ns, Total: 24795216 ns
[2022-07-04T13:52:08.913+0000][8][gc,start    ] GC(146) Pause Young (Normal) (G1 Evacuation Pause)
[2022-07-04T13:52:08.915+0000][8][gc,task     ] GC(146) Using 4 workers of 4 for evacuation
[2022-07-04T13:52:08.916+0000][8][gc,age      ] GC(146) Desired survivor size 20971520 bytes, new threshold 15 (max threshold 15)
[2022-07-04T13:52:08.919+0000][8][gc,phases   ] GC(146)   Pre Evacuate Collection Set: 0.1ms
[2022-07-04T13:52:08.920+0000][8][gc,phases   ] GC(146)   Merge Heap Roots: 0.0ms
[2022-07-04T13:52:08.921+0000][8][gc,phases   ] GC(146)   Evacuate Collection Set: 1.4ms
[2022-07-04T13:52:08.922+0000][8][gc,phases   ] GC(146)   Post Evacuate Collection Set: 1.1ms
[2022-07-04T13:52:08.923+0000][8][gc,phases   ] GC(146)   Other: 1.8ms
[2022-07-04T13:52:08.923+0000][8][gc,age      ] GC(146) Age table with threshold 15 (max threshold 15)
[2022-07-04T13:52:08.924+0000][8][gc,age      ] GC(146) - age   1:     508616 bytes,     508616 total
[2022-07-04T13:52:08.925+0000][8][gc,age      ] GC(146) - age   2:      19088 bytes,     527704 total
[2022-07-04T13:52:08.925+0000][8][gc,age      ] GC(146) - age   3:       1352 bytes,     529056 total
[2022-07-04T13:52:08.926+0000][8][gc,age      ] GC(146) - age   4:        288 bytes,     529344 total
[2022-07-04T13:52:08.927+0000][8][gc,age      ] GC(146) - age   5:       2264 bytes,     531608 total
[2022-07-04T13:52:08.927+0000][8][gc,age      ] GC(146) - age   6:        136 bytes,     531744 total
[2022-07-04T13:52:08.928+0000][8][gc,age      ] GC(146) - age   7:        184 bytes,     531928 total
[2022-07-04T13:52:08.928+0000][8][gc,age      ] GC(146) - age   8:        952 bytes,     532880 total
[2022-07-04T13:52:08.929+0000][8][gc,age      ] GC(146) - age   9:        432 bytes,     533312 total
[2022-07-04T13:52:08.929+0000][8][gc,age      ] GC(146) - age  10:        192 bytes,     533504 total
[2022-07-04T13:52:08.930+0000][8][gc,age      ] GC(146) - age  12:       4408 bytes,     537912 total
[2022-07-04T13:52:08.930+0000][8][gc,age      ] GC(146) - age  13:       1288 bytes,     539200 total
[2022-07-04T13:52:08.931+0000][8][gc,age      ] GC(146) - age  14:         80 bytes,     539280 total
[2022-07-04T13:52:08.931+0000][8][gc,age      ] GC(146) - age  15:        448 bytes,     539728 total
[2022-07-04T13:52:08.932+0000][8][gc,heap     ] GC(146) Eden regions: 75->0(75)
[2022-07-04T13:52:08.932+0000][8][gc,heap     ] GC(146) Survivor regions: 1->1(10)
[2022-07-04T13:52:08.933+0000][8][gc,heap     ] GC(146) Old regions: 22->22
[2022-07-04T13:52:08.934+0000][8][gc,heap     ] GC(146) Archive regions: 2->2
[2022-07-04T13:52:08.935+0000][8][gc,heap     ] GC(146) Humongous regions: 0->0
[2022-07-04T13:52:08.935+0000][8][gc,metaspace] GC(146) Metaspace: 127975K(131264K)->127975K(131264K) NonClass: 111172K(112832K)->111172K(112832K) Class: 16802K(18432K)->16802K(18432K)
[2022-07-04T13:52:08.936+0000][8][gc          ] GC(146) Pause Young (Normal) (G1 Evacuation Pause) 391M->90M(512M) 22.405ms
[2022-07-04T13:52:08.937+0000][8][gc,cpu      ] GC(146) User=0.01s Sys=0.00s Real=0.03s
[2022-07-04T13:52:08.937+0000][8][safepoint   ] Safepoint "G1CollectForAllocation", Time since last: 102002401834 ns, Reaching safepoint: 112187 ns, At safepoint: 23594279 ns, Total: 23706466 ns
[2022-07-04T13:52:15.946+0000][8][safepoint   ] Safepoint "Cleanup", Time since last: 7008825327 ns, Reaching safepoint: 186090 ns, At safepoint: 8626 ns, Total: 194716 ns
[2022-07-04T13:52:32.976+0000][8][safepoint   ] Safepoint "Cleanup", Time since last: 17030193842 ns, Reaching safepoint: 192970 ns, At safepoint: 7911 ns, Total: 200881 ns
[2022-07-04T13:53:29.995+0000][8][safepoint   ] Safepoint "Cleanup", Time since last: 57061230772 ns, Reaching safepoint: 220886 ns, At safepoint: 14508 ns, Total: 235394 ns
[2022-07-04T13:53:56.940+0000][8][gc,start    ] GC(147) Pause Young (Normal) (G1 Evacuation Pause)
[2022-07-04T13:53:56.941+0000][8][gc,task     ] GC(147) Using 4 workers of 4 for evacuation
[2022-07-04T13:53:56.942+0000][8][gc,age      ] GC(147) Desired survivor size 20971520 bytes, new threshold 15 (max threshold 15)
[2022-07-04T13:53:56.946+0000][8][gc,phases   ] GC(147)   Pre Evacuate Collection Set: 0.3ms
[2022-07-04T13:53:56.947+0000][8][gc,phases   ] GC(147)   Merge Heap Roots: 0.1ms
[2022-07-04T13:53:56.948+0000][8][gc,phases   ] GC(147)   Evacuate Collection Set: 1.7ms
[2022-07-04T13:53:56.949+0000][8][gc,phases   ] GC(147)   Post Evacuate Collection Set: 1.0ms
[2022-07-04T13:53:56.949+0000][8][gc,phases   ] GC(147)   Other: 1.7ms
[2022-07-04T13:53:56.950+0000][8][gc,age      ] GC(147) Age table with threshold 15 (max threshold 15)
[2022-07-04T13:53:56.950+0000][8][gc,age      ] GC(147) - age   1:    1067608 bytes,    1067608 total
[2022-07-04T13:53:56.951+0000][8][gc,age      ] GC(147) - age   2:       1880 bytes,    1069488 total
[2022-07-04T13:53:56.951+0000][8][gc,age      ] GC(147) - age   3:      17656 bytes,    1087144 total
[2022-07-04T13:53:56.952+0000][8][gc,age      ] GC(147) - age   4:       1056 bytes,    1088200 total
[2022-07-04T13:53:56.952+0000][8][gc,age      ] GC(147) - age   5:        288 bytes,    1088488 total
[2022-07-04T13:53:56.953+0000][8][gc,age      ] GC(147) - age   6:       2264 bytes,    1090752 total
[2022-07-04T13:53:56.953+0000][8][gc,age      ] GC(147) - age   7:         72 bytes,    1090824 total
[2022-07-04T13:53:56.954+0000][8][gc,age      ] GC(147) - age   8:        184 bytes,    1091008 total
[2022-07-04T13:53:56.954+0000][8][gc,age      ] GC(147) - age   9:        952 bytes,    1091960 total
[2022-07-04T13:53:56.955+0000][8][gc,age      ] GC(147) - age  10:        432 bytes,    1092392 total
[2022-07-04T13:53:56.956+0000][8][gc,age      ] GC(147) - age  11:        192 bytes,    1092584 total
[2022-07-04T13:53:56.956+0000][8][gc,age      ] GC(147) - age  13:       4408 bytes,    1096992 total
[2022-07-04T13:53:56.957+0000][8][gc,age      ] GC(147) - age  14:       1288 bytes,    1098280 total
[2022-07-04T13:53:56.957+0000][8][gc,age      ] GC(147) - age  15:         80 bytes,    1098360 total
[2022-07-04T13:53:56.958+0000][8][gc,heap     ] GC(147) Eden regions: 75->0(75)
[2022-07-04T13:53:56.958+0000][8][gc,heap     ] GC(147) Survivor regions: 1->1(10)
[2022-07-04T13:53:56.959+0000][8][gc,heap     ] GC(147) Old regions: 22->22
[2022-07-04T13:53:56.960+0000][8][gc,heap     ] GC(147) Archive regions: 2->2
[2022-07-04T13:53:56.960+0000][8][gc,heap     ] GC(147) Humongous regions: 0->0
[2022-07-04T13:53:56.961+0000][8][gc,metaspace] GC(147) Metaspace: 127977K(131264K)->127977K(131264K) NonClass: 111174K(112832K)->111174K(112832K) Class: 16802K(18432K)->16802K(18432K)
[2022-07-04T13:53:56.962+0000][8][gc          ] GC(147) Pause Young (Normal) (G1 Evacuation Pause) 390M->90M(512M) 21.948ms
[2022-07-04T13:53:56.963+0000][8][gc,cpu      ] GC(147) User=0.01s Sys=0.01s Real=0.03s
[2022-07-04T13:53:56.963+0000][8][safepoint   ] Safepoint "G1CollectForAllocation", Time since last: 26966738209 ns, Reaching safepoint: 74017 ns, At safepoint: 23123361 ns, Total: 23197378 ns
[2022-07-04T13:55:44.910+0000][8][gc,start    ] GC(148) Pause Young (Normal) (G1 Evacuation Pause)
[2022-07-04T13:55:44.911+0000][8][gc,task     ] GC(148) Using 4 workers of 4 for evacuation
[2022-07-04T13:55:44.914+0000][8][gc,age      ] GC(148) Desired survivor size 20971520 bytes, new threshold 15 (max threshold 15)
[2022-07-04T13:55:44.919+0000][8][gc,phases   ] GC(148)   Pre Evacuate Collection Set: 0.2ms
[2022-07-04T13:55:44.920+0000][8][gc,phases   ] GC(148)   Merge Heap Roots: 0.2ms
[2022-07-04T13:55:44.920+0000][8][gc,phases   ] GC(148)   Evacuate Collection Set: 2.5ms
[2022-07-04T13:55:44.921+0000][8][gc,phases   ] GC(148)   Post Evacuate Collection Set: 1.2ms
[2022-07-04T13:55:44.922+0000][8][gc,phases   ] GC(148)   Other: 3.8ms
[2022-07-04T13:55:44.922+0000][8][gc,age      ] GC(148) Age table with threshold 15 (max threshold 15)
[2022-07-04T13:55:44.923+0000][8][gc,age      ] GC(148) - age   1:    1127624 bytes,    1127624 total
[2022-07-04T13:55:44.923+0000][8][gc,age      ] GC(148) - age   2:       2216 bytes,    1129840 total
[2022-07-04T13:55:44.924+0000][8][gc,age      ] GC(148) - age   3:        824 bytes,    1130664 total
[2022-07-04T13:55:44.925+0000][8][gc,age      ] GC(148) - age   4:       1248 bytes,    1131912 total
[2022-07-04T13:55:44.925+0000][8][gc,age      ] GC(148) - age   5:       1056 bytes,    1132968 total
[2022-07-04T13:55:44.926+0000][8][gc,age      ] GC(148) - age   6:        288 bytes,    1133256 total
[2022-07-04T13:55:44.927+0000][8][gc,age      ] GC(148) - age   7:        344 bytes,    1133600 total
[2022-07-04T13:55:44.927+0000][8][gc,age      ] GC(148) - age   8:         72 bytes,    1133672 total
[2022-07-04T13:55:44.928+0000][8][gc,age      ] GC(148) - age   9:        184 bytes,    1133856 total
[2022-07-04T13:55:44.928+0000][8][gc,age      ] GC(148) - age  10:        952 bytes,    1134808 total
[2022-07-04T13:55:44.929+0000][8][gc,age      ] GC(148) - age  11:        432 bytes,    1135240 total
[2022-07-04T13:55:44.930+0000][8][gc,age      ] GC(148) - age  12:        192 bytes,    1135432 total
[2022-07-04T13:55:44.930+0000][8][gc,age      ] GC(148) - age  14:       4408 bytes,    1139840 total
[2022-07-04T13:55:44.931+0000][8][gc,age      ] GC(148) - age  15:       1288 bytes,    1141128 total
[2022-07-04T13:55:44.931+0000][8][gc,heap     ] GC(148) Eden regions: 75->0(75)
[2022-07-04T13:55:44.932+0000][8][gc,heap     ] GC(148) Survivor regions: 1->1(10)
[2022-07-04T13:55:44.933+0000][8][gc,heap     ] GC(148) Old regions: 22->22
[2022-07-04T13:55:44.933+0000][8][gc,heap     ] GC(148) Archive regions: 2->2
[2022-07-04T13:55:44.934+0000][8][gc,heap     ] GC(148) Humongous regions: 0->0
[2022-07-04T13:55:44.935+0000][8][gc,metaspace] GC(148) Metaspace: 127977K(131264K)->127977K(131264K) NonClass: 111175K(112832K)->111175K(112832K) Class: 16802K(18432K)->16802K(18432K)
[2022-07-04T13:55:44.936+0000][8][gc          ] GC(148) Pause Young (Normal) (G1 Evacuation Pause) 390M->90M(512M) 25.820ms
[2022-07-04T13:55:44.936+0000][8][gc,cpu      ] GC(148) User=0.01s Sys=0.00s Real=0.03s
[2022-07-04T13:55:44.937+0000][8][safepoint   ] Safepoint "G1CollectForAllocation", Time since last: 108032795812 ns, Reaching safepoint: 262396 ns, At safepoint: 26985323 ns, Total: 27247719 ns
[2022-07-04T13:56:20.960+0000][8][safepoint   ] Safepoint "Cleanup", Time since last: 36044809932 ns, Reaching safepoint: 158766 ns, At safepoint: 7207 ns, Total: 165973 ns
[2022-07-04T13:57:02.971+0000][8][safepoint   ] Safepoint "Cleanup", Time since last: 42032078676 ns, Reaching safepoint: 328192 ns, At safepoint: 42399 ns, Total: 370591 ns
[2022-07-04T13:57:05.976+0000][8][safepoint   ] Safepoint "Cleanup", Time since last: 3004648759 ns, Reaching safepoint: 155257 ns, At safepoint: 7944 ns, Total: 163201 ns
[2022-07-04T13:57:32.902+0000][8][gc,start    ] GC(149) Pause Young (Normal) (G1 Evacuation Pause)
[2022-07-04T13:57:32.903+0000][8][gc,task     ] GC(149) Using 4 workers of 4 for evacuation
[2022-07-04T13:57:32.904+0000][8][gc,age      ] GC(149) Desired survivor size 20971520 bytes, new threshold 15 (max threshold 15)
[2022-07-04T13:57:32.908+0000][8][gc,phases   ] GC(149)   Pre Evacuate Collection Set: 0.1ms
[2022-07-04T13:57:32.908+0000][8][gc,phases   ] GC(149)   Merge Heap Roots: 0.0ms
[2022-07-04T13:57:32.909+0000][8][gc,phases   ] GC(149)   Evacuate Collection Set: 2.3ms
[2022-07-04T13:57:32.910+0000][8][gc,phases   ] GC(149)   Post Evacuate Collection Set: 1.0ms
[2022-07-04T13:57:32.911+0000][8][gc,phases   ] GC(149)   Other: 1.5ms
[2022-07-04T13:57:32.911+0000][8][gc,age      ] GC(149) Age table with threshold 15 (max threshold 15)
[2022-07-04T13:57:32.912+0000][8][gc,age      ] GC(149) - age   1:    1468192 bytes,    1468192 total
[2022-07-04T13:57:32.913+0000][8][gc,age      ] GC(149) - age   2:      11648 bytes,    1479840 total
[2022-07-04T13:57:32.913+0000][8][gc,age      ] GC(149) - age   3:       1136 bytes,    1480976 total
[2022-07-04T13:57:32.914+0000][8][gc,age      ] GC(149) - age   4:        600 bytes,    1481576 total
[2022-07-04T13:57:32.915+0000][8][gc,age      ] GC(149) - age   5:       1248 bytes,    1482824 total
[2022-07-04T13:57:32.915+0000][8][gc,age      ] GC(149) - age   6:       1056 bytes,    1483880 total
[2022-07-04T13:57:32.916+0000][8][gc,age      ] GC(149) - age   7:        264 bytes,    1484144 total
[2022-07-04T13:57:32.916+0000][8][gc,age      ] GC(149) - age   8:        344 bytes,    1484488 total
[2022-07-04T13:57:32.917+0000][8][gc,age      ] GC(149) - age   9:         72 bytes,    1484560 total
[2022-07-04T13:57:32.917+0000][8][gc,age      ] GC(149) - age  10:        184 bytes,    1484744 total
[2022-07-04T13:57:32.918+0000][8][gc,age      ] GC(149) - age  11:        952 bytes,    1485696 total
[2022-07-04T13:57:32.918+0000][8][gc,age      ] GC(149) - age  12:        432 bytes,    1486128 total
[2022-07-04T13:57:32.919+0000][8][gc,age      ] GC(149) - age  13:        192 bytes,    1486320 total
[2022-07-04T13:57:32.920+0000][8][gc,age      ] GC(149) - age  15:       4224 bytes,    1490544 total
[2022-07-04T13:57:32.920+0000][8][gc,heap     ] GC(149) Eden regions: 75->0(75)
[2022-07-04T13:57:32.921+0000][8][gc,heap     ] GC(149) Survivor regions: 1->1(10)
[2022-07-04T13:57:32.921+0000][8][gc,heap     ] GC(149) Old regions: 22->22
[2022-07-04T13:57:32.922+0000][8][gc,heap     ] GC(149) Archive regions: 2->2
[2022-07-04T13:57:32.923+0000][8][gc,heap     ] GC(149) Humongous regions: 0->0
[2022-07-04T13:57:32.923+0000][8][gc,metaspace] GC(149) Metaspace: 127981K(131264K)->127981K(131264K) NonClass: 111179K(112832K)->111179K(112832K) Class: 16802K(18432K)->16802K(18432K)
[2022-07-04T13:57:32.924+0000][8][gc          ] GC(149) Pause Young (Normal) (G1 Evacuation Pause) 390M->91M(512M) 21.823ms
[2022-07-04T13:57:32.924+0000][8][gc,cpu      ] GC(149) User=0.00s Sys=0.00s Real=0.02s
[2022-07-04T13:57:32.925+0000][8][safepoint   ] Safepoint "G1CollectForAllocation", Time since last: 26947849875 ns, Reaching safepoint: 71628 ns, At safepoint: 22990693 ns, Total: 23062321 ns
[2022-07-04T13:58:05.929+0000][8][safepoint   ] Safepoint "Cleanup", Time since last: 33025014133 ns, Reaching safepoint: 265427 ns, At safepoint: 7411 ns, Total: 272838 ns
[2022-07-04T13:58:09.868+0000][8][safepoint   ] Safepoint "Cleanup", Time since last: 3960701857 ns, Reaching safepoint: 201092 ns, At safepoint: 16009 ns, Total: 217101 ns
[2022-07-04T13:58:11.871+0000][8][safepoint   ] Safepoint "Cleanup", Time since last: 2003339576 ns, Reaching safepoint: 184673 ns, At safepoint: 10906 ns, Total: 195579 ns
[2022-07-04T13:58:21.884+0000][8][safepoint   ] Safepoint "Cleanup", Time since last: 10011917448 ns, Reaching safepoint: 344955 ns, At safepoint: 269450 ns, Total: 614405 ns
[2022-07-04T13:58:23.888+0000][8][safepoint   ] Safepoint "Cleanup", Time since last: 2004261890 ns, Reaching safepoint: 301090 ns, At safepoint: 18179 ns, Total: 319269 ns
[2022-07-04T13:58:44.884+0000][8][safepoint   ] Safepoint "Cleanup", Time since last: 21016948710 ns, Reaching safepoint: 155901 ns, At safepoint: 8539 ns, Total: 164440 ns
[2022-07-04T13:59:14.924+0000][8][gc,start    ] GC(150) Pause Young (Normal) (G1 Evacuation Pause)
[2022-07-04T13:59:14.925+0000][8][gc,task     ] GC(150) Using 4 workers of 4 for evacuation
[2022-07-04T13:59:14.926+0000][8][gc,age      ] GC(150) Desired survivor size 20971520 bytes, new threshold 15 (max threshold 15)
[2022-07-04T13:59:14.932+0000][8][gc,phases   ] GC(150)   Pre Evacuate Collection Set: 0.2ms
[2022-07-04T13:59:14.933+0000][8][gc,phases   ] GC(150)   Merge Heap Roots: 0.1ms
[2022-07-04T13:59:14.934+0000][8][gc,phases   ] GC(150)   Evacuate Collection Set: 4.0ms
[2022-07-04T13:59:14.935+0000][8][gc,phases   ] GC(150)   Post Evacuate Collection Set: 1.2ms
[2022-07-04T13:59:14.936+0000][8][gc,phases   ] GC(150)   Other: 1.9ms
[2022-07-04T13:59:14.936+0000][8][gc,age      ] GC(150) Age table with threshold 15 (max threshold 15)
[2022-07-04T13:59:14.937+0000][8][gc,age      ] GC(150) - age   1:    1578752 bytes,    1578752 total
[2022-07-04T13:59:14.938+0000][8][gc,age      ] GC(150) - age   2:      10064 bytes,    1588816 total
[2022-07-04T13:59:14.939+0000][8][gc,age      ] GC(150) - age   3:       2360 bytes,    1591176 total
[2022-07-04T13:59:14.939+0000][8][gc,age      ] GC(150) - age   4:        712 bytes,    1591888 total
[2022-07-04T13:59:14.940+0000][8][gc,age      ] GC(150) - age   5:        416 bytes,    1592304 total
[2022-07-04T13:59:14.940+0000][8][gc,age      ] GC(150) - age   6:       1008 bytes,    1593312 total
[2022-07-04T13:59:14.941+0000][8][gc,age      ] GC(150) - age   7:        760 bytes,    1594072 total
[2022-07-04T13:59:14.942+0000][8][gc,age      ] GC(150) - age   8:        264 bytes,    1594336 total
[2022-07-04T13:59:14.942+0000][8][gc,age      ] GC(150) - age   9:        344 bytes,    1594680 total
[2022-07-04T13:59:14.943+0000][8][gc,age      ] GC(150) - age  10:         72 bytes,    1594752 total
[2022-07-04T13:59:14.943+0000][8][gc,age      ] GC(150) - age  11:        184 bytes,    1594936 total
[2022-07-04T13:59:14.944+0000][8][gc,age      ] GC(150) - age  12:        952 bytes,    1595888 total
[2022-07-04T13:59:14.945+0000][8][gc,age      ] GC(150) - age  13:        432 bytes,    1596320 total
[2022-07-04T13:59:14.945+0000][8][gc,age      ] GC(150) - age  14:        192 bytes,    1596512 total
[2022-07-04T13:59:14.946+0000][8][gc,heap     ] GC(150) Eden regions: 75->0(75)
[2022-07-04T13:59:14.946+0000][8][gc,heap     ] GC(150) Survivor regions: 1->1(10)
[2022-07-04T13:59:14.947+0000][8][gc,heap     ] GC(150) Old regions: 22->22
[2022-07-04T13:59:14.947+0000][8][gc,heap     ] GC(150) Archive regions: 2->2
[2022-07-04T13:59:14.948+0000][8][gc,heap     ] GC(150) Humongous regions: 0->0
[2022-07-04T13:59:14.949+0000][8][gc,metaspace] GC(150) Metaspace: 127986K(131264K)->127986K(131264K) NonClass: 111184K(112832K)->111184K(112832K) Class: 16802K(18432K)->16802K(18432K)
[2022-07-04T13:59:14.949+0000][8][gc          ] GC(150) Pause Young (Normal) (G1 Evacuation Pause) 391M->91M(512M) 25.498ms
[2022-07-04T13:59:14.950+0000][8][gc,cpu      ] GC(150) User=0.01s Sys=0.00s Real=0.02s
[2022-07-04T13:59:14.951+0000][8][safepoint   ] Safepoint "G1CollectForAllocation", Time since last: 30061183059 ns, Reaching safepoint: 156261 ns, At safepoint: 26935002 ns, Total: 27091263 ns
[2022-07-04T14:01:03.613+0000][8][gc,start    ] GC(151) Pause Young (Normal) (G1 Evacuation Pause)
[2022-07-04T14:01:03.617+0000][8][gc,task     ] GC(151) Using 4 workers of 4 for evacuation
[2022-07-04T14:01:03.618+0000][8][gc,age      ] GC(151) Desired survivor size 20971520 bytes, new threshold 15 (max threshold 15)
[2022-07-04T14:01:03.625+0000][8][gc,phases   ] GC(151)   Pre Evacuate Collection Set: 1.2ms
[2022-07-04T14:01:03.626+0000][8][gc,phases   ] GC(151)   Merge Heap Roots: 1.0ms
[2022-07-04T14:01:03.627+0000][8][gc,phases   ] GC(151)   Evacuate Collection Set: 1.9ms
[2022-07-04T14:01:03.628+0000][8][gc,phases   ] GC(151)   Post Evacuate Collection Set: 1.4ms
[2022-07-04T14:01:03.628+0000][8][gc,phases   ] GC(151)   Other: 2.6ms
[2022-07-04T14:01:03.629+0000][8][gc,age      ] GC(151) Age table with threshold 15 (max threshold 15)
[2022-07-04T14:01:03.629+0000][8][gc,age      ] GC(151) - age   1:     715392 bytes,     715392 total
[2022-07-04T14:01:03.630+0000][8][gc,age      ] GC(151) - age   2:      11016 bytes,     726408 total
[2022-07-04T14:01:03.630+0000][8][gc,age      ] GC(151) - age   3:       8552 bytes,     734960 total
[2022-07-04T14:01:03.631+0000][8][gc,age      ] GC(151) - age   4:       2168 bytes,     737128 total
[2022-07-04T14:01:03.631+0000][8][gc,age      ] GC(151) - age   5:        712 bytes,     737840 total
[2022-07-04T14:01:03.632+0000][8][gc,age      ] GC(151) - age   6:        416 bytes,     738256 total
[2022-07-04T14:01:03.632+0000][8][gc,age      ] GC(151) - age   7:       1008 bytes,     739264 total
[2022-07-04T14:01:03.632+0000][8][gc,age      ] GC(151) - age   8:        760 bytes,     740024 total
[2022-07-04T14:01:03.633+0000][8][gc,age      ] GC(151) - age   9:        264 bytes,     740288 total
[2022-07-04T14:01:03.633+0000][8][gc,age      ] GC(151) - age  10:        344 bytes,     740632 total
[2022-07-04T14:01:03.634+0000][8][gc,age      ] GC(151) - age  11:         72 bytes,     740704 total
[2022-07-04T14:01:03.634+0000][8][gc,age      ] GC(151) - age  12:        184 bytes,     740888 total
[2022-07-04T14:01:03.635+0000][8][gc,age      ] GC(151) - age  13:        952 bytes,     741840 total
[2022-07-04T14:01:03.636+0000][8][gc,age      ] GC(151) - age  14:        432 bytes,     742272 total
[2022-07-04T14:01:03.637+0000][8][gc,age      ] GC(151) - age  15:        192 bytes,     742464 total
[2022-07-04T14:01:03.637+0000][8][gc,heap     ] GC(151) Eden regions: 75->0(75)
[2022-07-04T14:01:03.638+0000][8][gc,heap     ] GC(151) Survivor regions: 1->1(10)
[2022-07-04T14:01:03.638+0000][8][gc,heap     ] GC(151) Old regions: 22->22
[2022-07-04T14:01:03.639+0000][8][gc,heap     ] GC(151) Archive regions: 2->2
[2022-07-04T14:01:03.639+0000][8][gc,heap     ] GC(151) Humongous regions: 0->0
[2022-07-04T14:01:03.640+0000][8][gc,metaspace] GC(151) Metaspace: 127988K(131264K)->127988K(131264K) NonClass: 111186K(112832K)->111186K(112832K) Class: 16802K(18432K)->16802K(18432K)
[2022-07-04T14:01:03.641+0000][8][gc          ] GC(151) Pause Young (Normal) (G1 Evacuation Pause) 391M->90M(512M) 27.725ms
[2022-07-04T14:01:03.641+0000][8][gc,cpu      ] GC(151) User=0.00s Sys=0.00s Real=0.03s
[2022-07-04T14:01:03.642+0000][8][safepoint   ] Safepoint "G1CollectForAllocation", Time since last: 108726748180 ns, Reaching safepoint: 86247 ns, At safepoint: 28925742 ns, Total: 29011989 ns
[2022-07-04T14:02:41.846+0000][8][gc,start    ] GC(152) Pause Young (Normal) (G1 Evacuation Pause)
[2022-07-04T14:02:41.848+0000][8][gc,task     ] GC(152) Using 4 workers of 4 for evacuation
[2022-07-04T14:02:41.848+0000][8][gc,age      ] GC(152) Desired survivor size 20971520 bytes, new threshold 15 (max threshold 15)
[2022-07-04T14:02:41.852+0000][8][gc,phases   ] GC(152)   Pre Evacuate Collection Set: 0.3ms
[2022-07-04T14:02:41.855+0000][8][gc,phases   ] GC(152)   Merge Heap Roots: 0.1ms
[2022-07-04T14:02:41.857+0000][8][gc,phases   ] GC(152)   Evacuate Collection Set: 2.1ms
[2022-07-04T14:02:41.857+0000][8][gc,phases   ] GC(152)   Post Evacuate Collection Set: 1.0ms
[2022-07-04T14:02:41.858+0000][8][gc,phases   ] GC(152)   Other: 1.3ms
[2022-07-04T14:02:41.859+0000][8][gc,age      ] GC(152) Age table with threshold 15 (max threshold 15)
[2022-07-04T14:02:41.859+0000][8][gc,age      ] GC(152) - age   1:    1326464 bytes,    1326464 total
[2022-07-04T14:02:41.860+0000][8][gc,age      ] GC(152) - age   2:       1336 bytes,    1327800 total
[2022-07-04T14:02:41.861+0000][8][gc,age      ] GC(152) - age   3:        912 bytes,    1328712 total
[2022-07-04T14:02:41.862+0000][8][gc,age      ] GC(152) - age   4:       8264 bytes,    1336976 total
[2022-07-04T14:02:41.862+0000][8][gc,age      ] GC(152) - age   5:       2104 bytes,    1339080 total
[2022-07-04T14:02:41.863+0000][8][gc,age      ] GC(152) - age   6:        712 bytes,    1339792 total
[2022-07-04T14:02:41.864+0000][8][gc,age      ] GC(152) - age   7:        416 bytes,    1340208 total
[2022-07-04T14:02:41.864+0000][8][gc,age      ] GC(152) - age   8:        824 bytes,    1341032 total
[2022-07-04T14:02:41.865+0000][8][gc,age      ] GC(152) - age   9:        760 bytes,    1341792 total
[2022-07-04T14:02:41.865+0000][8][gc,age      ] GC(152) - age  10:        264 bytes,    1342056 total
[2022-07-04T14:02:41.866+0000][8][gc,age      ] GC(152) - age  11:        344 bytes,    1342400 total
[2022-07-04T14:02:41.867+0000][8][gc,age      ] GC(152) - age  12:         72 bytes,    1342472 total
[2022-07-04T14:02:41.867+0000][8][gc,age      ] GC(152) - age  13:        184 bytes,    1342656 total
[2022-07-04T14:02:41.868+0000][8][gc,age      ] GC(152) - age  14:        952 bytes,    1343608 total
[2022-07-04T14:02:41.869+0000][8][gc,age      ] GC(152) - age  15:        432 bytes,    1344040 total
[2022-07-04T14:02:41.870+0000][8][gc,heap     ] GC(152) Eden regions: 75->0(75)
[2022-07-04T14:02:41.871+0000][8][gc,heap     ] GC(152) Survivor regions: 1->1(10)
[2022-07-04T14:02:41.872+0000][8][gc,heap     ] GC(152) Old regions: 22->22
[2022-07-04T14:02:41.872+0000][8][gc,heap     ] GC(152) Archive regions: 2->2
[2022-07-04T14:02:41.873+0000][8][gc,heap     ] GC(152) Humongous regions: 0->0
[2022-07-04T14:02:41.873+0000][8][gc,metaspace] GC(152) Metaspace: 127991K(131264K)->127991K(131264K) NonClass: 111189K(112832K)->111189K(112832K) Class: 16802K(18432K)->16802K(18432K)
[2022-07-04T14:02:41.874+0000][8][gc          ] GC(152) Pause Young (Normal) (G1 Evacuation Pause) 390M->90M(512M) 28.048ms
[2022-07-04T14:02:41.875+0000][8][gc,cpu      ] GC(152) User=0.01s Sys=0.01s Real=0.03s
[2022-07-04T14:02:41.876+0000][8][safepoint   ] Safepoint "G1CollectForAllocation", Time since last: 98290599936 ns, Reaching safepoint: 107670 ns, At safepoint: 29436622 ns, Total: 29544292 ns
[2022-07-04T14:03:59.901+0000][8][safepoint   ] Safepoint "Cleanup", Time since last: 78067849430 ns, Reaching safepoint: 242638 ns, At safepoint: 32805 ns, Total: 275443 ns
[2022-07-04T14:04:02.846+0000][8][gc,start    ] GC(153) Pause Young (Normal) (G1 Evacuation Pause)
[2022-07-04T14:04:02.847+0000][8][gc,task     ] GC(153) Using 4 workers of 4 for evacuation
[2022-07-04T14:04:02.848+0000][8][gc,age      ] GC(153) Desired survivor size 20971520 bytes, new threshold 15 (max threshold 15)
[2022-07-04T14:04:02.853+0000][8][gc,phases   ] GC(153)   Pre Evacuate Collection Set: 0.2ms
[2022-07-04T14:04:02.853+0000][8][gc,phases   ] GC(153)   Merge Heap Roots: 0.1ms
[2022-07-04T14:04:02.854+0000][8][gc,phases   ] GC(153)   Evacuate Collection Set: 2.8ms
[2022-07-04T14:04:02.855+0000][8][gc,phases   ] GC(153)   Post Evacuate Collection Set: 1.0ms
[2022-07-04T14:04:02.855+0000][8][gc,phases   ] GC(153)   Other: 1.4ms
[2022-07-04T14:04:02.856+0000][8][gc,age      ] GC(153) Age table with threshold 15 (max threshold 15)
[2022-07-04T14:04:02.856+0000][8][gc,age      ] GC(153) - age   1:    1268648 bytes,    1268648 total
[2022-07-04T14:04:02.857+0000][8][gc,age      ] GC(153) - age   2:       1912 bytes,    1270560 total
[2022-07-04T14:04:02.857+0000][8][gc,age      ] GC(153) - age   3:        480 bytes,    1271040 total
[2022-07-04T14:04:02.858+0000][8][gc,age      ] GC(153) - age   4:        592 bytes,    1271632 total
[2022-07-04T14:04:02.859+0000][8][gc,age      ] GC(153) - age   5:       8200 bytes,    1279832 total
[2022-07-04T14:04:02.859+0000][8][gc,age      ] GC(153) - age   6:       2104 bytes,    1281936 total
[2022-07-04T14:04:02.860+0000][8][gc,age      ] GC(153) - age   7:        712 bytes,    1282648 total
[2022-07-04T14:04:02.861+0000][8][gc,age      ] GC(153) - age   8:        416 bytes,    1283064 total
[2022-07-04T14:04:02.861+0000][8][gc,age      ] GC(153) - age   9:        824 bytes,    1283888 total
[2022-07-04T14:04:02.862+0000][8][gc,age      ] GC(153) - age  10:        760 bytes,    1284648 total
[2022-07-04T14:04:02.863+0000][8][gc,age      ] GC(153) - age  11:        264 bytes,    1284912 total
[2022-07-04T14:04:02.864+0000][8][gc,age      ] GC(153) - age  12:        344 bytes,    1285256 total
[2022-07-04T14:04:02.864+0000][8][gc,age      ] GC(153) - age  13:         72 bytes,    1285328 total
[2022-07-04T14:04:02.865+0000][8][gc,age      ] GC(153) - age  14:        184 bytes,    1285512 total
[2022-07-04T14:04:02.865+0000][8][gc,age      ] GC(153) - age  15:        952 bytes,    1286464 total
[2022-07-04T14:04:02.866+0000][8][gc,heap     ] GC(153) Eden regions: 75->0(75)
[2022-07-04T14:04:02.866+0000][8][gc,heap     ] GC(153) Survivor regions: 1->1(10)
[2022-07-04T14:04:02.870+0000][8][gc,heap     ] GC(153) Old regions: 22->22
[2022-07-04T14:04:02.872+0000][8][gc,heap     ] GC(153) Archive regions: 2->2
[2022-07-04T14:04:02.873+0000][8][gc,heap     ] GC(153) Humongous regions: 0->0
[2022-07-04T14:04:02.873+0000][8][gc,metaspace] GC(153) Metaspace: 127995K(131264K)->127995K(131264K) NonClass: 111192K(112832K)->111192K(112832K) Class: 16802K(18432K)->16802K(18432K)
[2022-07-04T14:04:02.874+0000][8][gc          ] GC(153) Pause Young (Normal) (G1 Evacuation Pause) 390M->90M(512M) 27.943ms
[2022-07-04T14:04:02.875+0000][8][gc,cpu      ] GC(153) User=0.01s Sys=0.00s Real=0.03s
[2022-07-04T14:04:02.875+0000][8][safepoint   ] Safepoint "G1CollectForAllocation", Time since last: 2945367330 ns, Reaching safepoint: 116624 ns, At safepoint: 29194361 ns, Total: 29310985 ns
[2022-07-04T14:04:05.877+0000][8][safepoint   ] Safepoint "Cleanup", Time since last: 3001712389 ns, Reaching safepoint: 273382 ns, At safepoint: 8753 ns, Total: 282135 ns
[2022-07-04T14:04:08.859+0000][8][safepoint   ] Safepoint "Cleanup", Time since last: 3003425680 ns, Reaching safepoint: 290169 ns, At safepoint: 36329 ns, Total: 326498 ns
[2022-07-04T14:04:51.874+0000][8][safepoint   ] Safepoint "Cleanup", Time since last: 43035041427 ns, Reaching safepoint: 340539 ns, At safepoint: 149737 ns, Total: 490276 ns
[2022-07-04T14:05:04.883+0000][8][safepoint   ] Safepoint "Cleanup", Time since last: 13009007642 ns, Reaching safepoint: 156802 ns, At safepoint: 10666 ns, Total: 167468 ns
[2022-07-04T14:05:38.799+0000][8][gc,start    ] GC(154) Pause Young (Normal) (G1 Evacuation Pause)
[2022-07-04T14:05:38.800+0000][8][gc,task     ] GC(154) Using 4 workers of 4 for evacuation
[2022-07-04T14:05:38.800+0000][8][gc,age      ] GC(154) Desired survivor size 20971520 bytes, new threshold 15 (max threshold 15)
[2022-07-04T14:05:38.805+0000][8][gc,phases   ] GC(154)   Pre Evacuate Collection Set: 0.1ms
[2022-07-04T14:05:38.806+0000][8][gc,phases   ] GC(154)   Merge Heap Roots: 0.0ms
[2022-07-04T14:05:38.807+0000][8][gc,phases   ] GC(154)   Evacuate Collection Set: 2.8ms
[2022-07-04T14:05:38.807+0000][8][gc,phases   ] GC(154)   Post Evacuate Collection Set: 1.1ms
[2022-07-04T14:05:38.808+0000][8][gc,phases   ] GC(154)   Other: 1.4ms
[2022-07-04T14:05:38.808+0000][8][gc,age      ] GC(154) Age table with threshold 15 (max threshold 15)
[2022-07-04T14:05:38.809+0000][8][gc,age      ] GC(154) - age   1:    1815064 bytes,    1815064 total
[2022-07-04T14:05:38.810+0000][8][gc,age      ] GC(154) - age   2:       9104 bytes,    1824168 total
[2022-07-04T14:05:38.810+0000][8][gc,age      ] GC(154) - age   3:        472 bytes,    1824640 total
[2022-07-04T14:05:38.811+0000][8][gc,age      ] GC(154) - age   4:        184 bytes,    1824824 total
[2022-07-04T14:05:38.812+0000][8][gc,age      ] GC(154) - age   5:        472 bytes,    1825296 total
[2022-07-04T14:05:38.812+0000][8][gc,age      ] GC(154) - age   6:       8200 bytes,    1833496 total
[2022-07-04T14:05:38.813+0000][8][gc,age      ] GC(154) - age   7:        184 bytes,    1833680 total
[2022-07-04T14:05:38.814+0000][8][gc,age      ] GC(154) - age   8:        712 bytes,    1834392 total
[2022-07-04T14:05:38.814+0000][8][gc,age      ] GC(154) - age   9:        416 bytes,    1834808 total
[2022-07-04T14:05:38.818+0000][8][gc,age      ] GC(154) - age  10:        432 bytes,    1835240 total
[2022-07-04T14:05:38.818+0000][8][gc,age      ] GC(154) - age  11:        760 bytes,    1836000 total
[2022-07-04T14:05:38.819+0000][8][gc,age      ] GC(154) - age  12:        264 bytes,    1836264 total
[2022-07-04T14:05:38.820+0000][8][gc,age      ] GC(154) - age  13:        344 bytes,    1836608 total
[2022-07-04T14:05:38.821+0000][8][gc,age      ] GC(154) - age  14:         72 bytes,    1836680 total
[2022-07-04T14:05:38.821+0000][8][gc,heap     ] GC(154) Eden regions: 75->0(75)
[2022-07-04T14:05:38.822+0000][8][gc,heap     ] GC(154) Survivor regions: 1->1(10)
[2022-07-04T14:05:38.822+0000][8][gc,heap     ] GC(154) Old regions: 22->22
[2022-07-04T14:05:38.822+0000][8][gc,heap     ] GC(154) Archive regions: 2->2
[2022-07-04T14:05:38.823+0000][8][gc,heap     ] GC(154) Humongous regions: 0->0
[2022-07-04T14:05:38.824+0000][8][gc,metaspace] GC(154) Metaspace: 127995K(131264K)->127995K(131264K) NonClass: 111193K(112832K)->111193K(112832K) Class: 16802K(18432K)->16802K(18432K)
[2022-07-04T14:05:38.825+0000][8][gc          ] GC(154) Pause Young (Normal) (G1 Evacuation Pause) 390M->91M(512M) 25.836ms
[2022-07-04T14:05:38.825+0000][8][gc,cpu      ] GC(154) User=0.01s Sys=0.00s Real=0.03s
[2022-07-04T14:05:38.826+0000][8][safepoint   ] Safepoint "G1CollectForAllocation", Time since last: 33959564876 ns, Reaching safepoint: 70590 ns, At safepoint: 27145808 ns, Total: 27216398 ns
[2022-07-04T14:06:27.845+0000][8][safepoint   ] Safepoint "Cleanup", Time since last: 49040398696 ns, Reaching safepoint: 281300 ns, At safepoint: 100255 ns, Total: 381555 ns
[2022-07-04T14:07:04.868+0000][8][safepoint   ] Safepoint "Cleanup", Time since last: 37044338479 ns, Reaching safepoint: 172837 ns, At safepoint: 7840 ns, Total: 180677 ns
[2022-07-04T14:07:14.777+0000][8][gc,start    ] GC(155) Pause Young (Normal) (G1 Evacuation Pause)
[2022-07-04T14:07:14.780+0000][8][gc,task     ] GC(155) Using 4 workers of 4 for evacuation
[2022-07-04T14:07:14.781+0000][8][gc,age      ] GC(155) Desired survivor size 20971520 bytes, new threshold 15 (max threshold 15)
[2022-07-04T14:07:14.786+0000][8][gc,phases   ] GC(155)   Pre Evacuate Collection Set: 0.2ms
[2022-07-04T14:07:14.787+0000][8][gc,phases   ] GC(155)   Merge Heap Roots: 0.1ms
[2022-07-04T14:07:14.788+0000][8][gc,phases   ] GC(155)   Evacuate Collection Set: 1.6ms
[2022-07-04T14:07:14.788+0000][8][gc,phases   ] GC(155)   Post Evacuate Collection Set: 1.4ms
[2022-07-04T14:07:14.789+0000][8][gc,phases   ] GC(155)   Other: 2.2ms
[2022-07-04T14:07:14.789+0000][8][gc,age      ] GC(155) Age table with threshold 15 (max threshold 15)
[2022-07-04T14:07:14.790+0000][8][gc,age      ] GC(155) - age   1:     665656 bytes,     665656 total
[2022-07-04T14:07:14.790+0000][8][gc,age      ] GC(155) - age   2:     358160 bytes,    1023816 total
[2022-07-04T14:07:14.791+0000][8][gc,age      ] GC(155) - age   3:       8144 bytes,    1031960 total
[2022-07-04T14:07:14.792+0000][8][gc,age      ] GC(155) - age   4:        248 bytes,    1032208 total
[2022-07-04T14:07:14.792+0000][8][gc,age      ] GC(155) - age   6:        472 bytes,    1032680 total
[2022-07-04T14:07:14.793+0000][8][gc,age      ] GC(155) - age   7:       8200 bytes,    1040880 total
[2022-07-04T14:07:14.793+0000][8][gc,age      ] GC(155) - age   8:        184 bytes,    1041064 total
[2022-07-04T14:07:14.794+0000][8][gc,age      ] GC(155) - age   9:        712 bytes,    1041776 total
[2022-07-04T14:07:14.795+0000][8][gc,age      ] GC(155) - age  10:        384 bytes,    1042160 total
[2022-07-04T14:07:14.795+0000][8][gc,age      ] GC(155) - age  11:        432 bytes,    1042592 total
[2022-07-04T14:07:14.796+0000][8][gc,age      ] GC(155) - age  12:        760 bytes,    1043352 total
[2022-07-04T14:07:14.796+0000][8][gc,age      ] GC(155) - age  13:        264 bytes,    1043616 total
[2022-07-04T14:07:14.797+0000][8][gc,age      ] GC(155) - age  14:        344 bytes,    1043960 total
[2022-07-04T14:07:14.797+0000][8][gc,age      ] GC(155) - age  15:         72 bytes,    1044032 total
[2022-07-04T14:07:14.799+0000][8][gc,heap     ] GC(155) Eden regions: 75->0(75)
[2022-07-04T14:07:14.799+0000][8][gc,heap     ] GC(155) Survivor regions: 1->1(10)
[2022-07-04T14:07:14.800+0000][8][gc,heap     ] GC(155) Old regions: 22->22
[2022-07-04T14:07:14.801+0000][8][gc,heap     ] GC(155) Archive regions: 2->2
[2022-07-04T14:07:14.802+0000][8][gc,heap     ] GC(155) Humongous regions: 0->0
[2022-07-04T14:07:14.803+0000][8][gc,metaspace] GC(155) Metaspace: 127998K(131264K)->127998K(131264K) NonClass: 111196K(112832K)->111196K(112832K) Class: 16802K(18432K)->16802K(18432K)
[2022-07-04T14:07:14.803+0000][8][gc          ] GC(155) Pause Young (Normal) (G1 Evacuation Pause) 391M->90M(512M) 26.801ms
[2022-07-04T14:07:14.804+0000][8][gc,cpu      ] GC(155) User=0.00s Sys=0.00s Real=0.03s
[2022-07-04T14:07:14.805+0000][8][safepoint   ] Safepoint "G1CollectForAllocation", Time since last: 9929454673 ns, Reaching safepoint: 105050 ns, At safepoint: 28208937 ns, Total: 28313987 ns
[2022-07-04T14:07:34.828+0000][8][safepoint   ] Safepoint "Cleanup", Time since last: 20022963175 ns, Reaching safepoint: 463990 ns, At safepoint: 14319 ns, Total: 478309 ns
[2022-07-04T14:08:04.844+0000][8][safepoint   ] Safepoint "Cleanup", Time since last: 30037934792 ns, Reaching safepoint: 180776 ns, At safepoint: 9508 ns, Total: 190284 ns
[2022-07-04T14:09:03.262+0000][8][gc,start    ] GC(156) Pause Young (Normal) (G1 Evacuation Pause)
[2022-07-04T14:09:03.265+0000][8][gc,task     ] GC(156) Using 4 workers of 4 for evacuation
[2022-07-04T14:09:03.266+0000][8][gc,age      ] GC(156) Desired survivor size 20971520 bytes, new threshold 15 (max threshold 15)
[2022-07-04T14:09:03.272+0000][8][gc,phases   ] GC(156)   Pre Evacuate Collection Set: 0.2ms
[2022-07-04T14:09:03.273+0000][8][gc,phases   ] GC(156)   Merge Heap Roots: 0.2ms
[2022-07-04T14:09:03.273+0000][8][gc,phases   ] GC(156)   Evacuate Collection Set: 2.5ms
[2022-07-04T14:09:03.274+0000][8][gc,phases   ] GC(156)   Post Evacuate Collection Set: 1.1ms
[2022-07-04T14:09:03.274+0000][8][gc,phases   ] GC(156)   Other: 3.0ms
[2022-07-04T14:09:03.275+0000][8][gc,age      ] GC(156) Age table with threshold 15 (max threshold 15)
[2022-07-04T14:09:03.276+0000][8][gc,age      ] GC(156) - age   1:    1173920 bytes,    1173920 total
[2022-07-04T14:09:03.276+0000][8][gc,age      ] GC(156) - age   2:      10496 bytes,    1184416 total
[2022-07-04T14:09:03.277+0000][8][gc,age      ] GC(156) - age   3:     356944 bytes,    1541360 total
[2022-07-04T14:09:03.277+0000][8][gc,age      ] GC(156) - age   4:       8016 bytes,    1549376 total
[2022-07-04T14:09:03.278+0000][8][gc,age      ] GC(156) - age   5:        248 bytes,    1549624 total
[2022-07-04T14:09:03.278+0000][8][gc,age      ] GC(156) - age   7:        288 bytes,    1549912 total
[2022-07-04T14:09:03.279+0000][8][gc,age      ] GC(156) - age   8:       8200 bytes,    1558112 total
[2022-07-04T14:09:03.280+0000][8][gc,age      ] GC(156) - age   9:        184 bytes,    1558296 total
[2022-07-04T14:09:03.281+0000][8][gc,age      ] GC(156) - age  10:        712 bytes,    1559008 total
[2022-07-04T14:09:03.281+0000][8][gc,age      ] GC(156) - age  11:        384 bytes,    1559392 total
[2022-07-04T14:09:03.282+0000][8][gc,age      ] GC(156) - age  12:        432 bytes,    1559824 total
[2022-07-04T14:09:03.282+0000][8][gc,age      ] GC(156) - age  13:        760 bytes,    1560584 total
[2022-07-04T14:09:03.283+0000][8][gc,age      ] GC(156) - age  14:        264 bytes,    1560848 total
[2022-07-04T14:09:03.284+0000][8][gc,age      ] GC(156) - age  15:        344 bytes,    1561192 total
[2022-07-04T14:09:03.284+0000][8][gc,heap     ] GC(156) Eden regions: 75->0(75)
[2022-07-04T14:09:03.285+0000][8][gc,heap     ] GC(156) Survivor regions: 1->1(10)
[2022-07-04T14:09:03.286+0000][8][gc,heap     ] GC(156) Old regions: 22->22
[2022-07-04T14:09:03.286+0000][8][gc,heap     ] GC(156) Archive regions: 2->2
[2022-07-04T14:09:03.286+0000][8][gc,heap     ] GC(156) Humongous regions: 0->0
[2022-07-04T14:09:03.287+0000][8][gc,metaspace] GC(156) Metaspace: 127999K(131264K)->127999K(131264K) NonClass: 111196K(112832K)->111196K(112832K) Class: 16802K(18432K)->16802K(18432K)
[2022-07-04T14:09:03.288+0000][8][gc          ] GC(156) Pause Young (Normal) (G1 Evacuation Pause) 390M->91M(512M) 26.528ms
[2022-07-04T14:09:03.289+0000][8][gc,cpu      ] GC(156) User=0.01s Sys=0.00s Real=0.03s
[2022-07-04T14:09:03.289+0000][8][safepoint   ] Safepoint "G1CollectForAllocation", Time since last: 58460338803 ns, Reaching safepoint: 409249 ns, At safepoint: 27635686 ns, Total: 28044935 ns
[2022-07-04T14:09:05.294+0000][8][safepoint   ] Safepoint "Cleanup", Time since last: 2004209051 ns, Reaching safepoint: 384112 ns, At safepoint: 58186 ns, Total: 442298 ns
[2022-07-04T14:09:35.303+0000][8][safepoint   ] Safepoint "Cleanup", Time since last: 30030882627 ns, Reaching safepoint: 279374 ns, At safepoint: 121628 ns, Total: 401002 ns
[2022-07-04T14:09:51.313+0000][8][safepoint   ] Safepoint "Cleanup", Time since last: 16030930931 ns, Reaching safepoint: 550175 ns, At safepoint: 50475 ns, Total: 600650 ns
[2022-07-04T14:10:03.331+0000][8][safepoint   ] Safepoint "Cleanup", Time since last: 12017035558 ns, Reaching safepoint: 264396 ns, At safepoint: 13515 ns, Total: 277911 ns
[2022-07-04T14:10:05.334+0000][8][safepoint   ] Safepoint "Cleanup", Time since last: 2003160580 ns, Reaching safepoint: 158453 ns, At safepoint: 90434 ns, Total: 248887 ns
[2022-07-04T14:10:47.703+0000][8][gc,start    ] GC(157) Pause Young (Normal) (G1 Evacuation Pause)
[2022-07-04T14:10:47.704+0000][8][gc,task     ] GC(157) Using 4 workers of 4 for evacuation
[2022-07-04T14:10:47.705+0000][8][gc,age      ] GC(157) Desired survivor size 20971520 bytes, new threshold 15 (max threshold 15)
[2022-07-04T14:10:47.710+0000][8][gc,phases   ] GC(157)   Pre Evacuate Collection Set: 0.4ms
[2022-07-04T14:10:47.711+0000][8][gc,phases   ] GC(157)   Merge Heap Roots: 0.2ms
[2022-07-04T14:10:47.712+0000][8][gc,phases   ] GC(157)   Evacuate Collection Set: 2.9ms
[2022-07-04T14:10:47.712+0000][8][gc,phases   ] GC(157)   Post Evacuate Collection Set: 1.3ms
[2022-07-04T14:10:47.713+0000][8][gc,phases   ] GC(157)   Other: 1.6ms
[2022-07-04T14:10:47.713+0000][8][gc,age      ] GC(157) Age table with threshold 15 (max threshold 15)
[2022-07-04T14:10:47.714+0000][8][gc,age      ] GC(157) - age   1:    1582080 bytes,    1582080 total
[2022-07-04T14:10:47.715+0000][8][gc,age      ] GC(157) - age   2:       1928 bytes,    1584008 total
[2022-07-04T14:10:47.715+0000][8][gc,age      ] GC(157) - age   3:        488 bytes,    1584496 total
[2022-07-04T14:10:47.716+0000][8][gc,age      ] GC(157) - age   4:     252600 bytes,    1837096 total
[2022-07-04T14:10:47.716+0000][8][gc,age      ] GC(157) - age   5:       8016 bytes,    1845112 total
[2022-07-04T14:10:47.718+0000][8][gc,age      ] GC(157) - age   6:        248 bytes,    1845360 total
[2022-07-04T14:10:47.718+0000][8][gc,age      ] GC(157) - age   8:        288 bytes,    1845648 total
[2022-07-04T14:10:47.719+0000][8][gc,age      ] GC(157) - age   9:       8016 bytes,    1853664 total
[2022-07-04T14:10:47.720+0000][8][gc,age      ] GC(157) - age  10:        184 bytes,    1853848 total
[2022-07-04T14:10:47.720+0000][8][gc,age      ] GC(157) - age  11:        712 bytes,    1854560 total
[2022-07-04T14:10:47.721+0000][8][gc,age      ] GC(157) - age  12:        384 bytes,    1854944 total
[2022-07-04T14:10:47.722+0000][8][gc,age      ] GC(157) - age  13:        432 bytes,    1855376 total
[2022-07-04T14:10:47.722+0000][8][gc,age      ] GC(157) - age  14:        760 bytes,    1856136 total
[2022-07-04T14:10:47.723+0000][8][gc,age      ] GC(157) - age  15:        264 bytes,    1856400 total
[2022-07-04T14:10:47.723+0000][8][gc,heap     ] GC(157) Eden regions: 75->0(75)
[2022-07-04T14:10:47.724+0000][8][gc,heap     ] GC(157) Survivor regions: 1->1(10)
[2022-07-04T14:10:47.724+0000][8][gc,heap     ] GC(157) Old regions: 22->22
[2022-07-04T14:10:47.725+0000][8][gc,heap     ] GC(157) Archive regions: 2->2
[2022-07-04T14:10:47.725+0000][8][gc,heap     ] GC(157) Humongous regions: 0->0
[2022-07-04T14:10:47.727+0000][8][gc,metaspace] GC(157) Metaspace: 127999K(131264K)->127999K(131264K) NonClass: 111196K(112832K)->111196K(112832K) Class: 16802K(18432K)->16802K(18432K)
[2022-07-04T14:10:47.728+0000][8][gc          ] GC(157) Pause Young (Normal) (G1 Evacuation Pause) 391M->91M(512M) 24.786ms
[2022-07-04T14:10:47.728+0000][8][gc,cpu      ] GC(157) User=0.01s Sys=0.00s Real=0.03s
[2022-07-04T14:10:47.729+0000][8][safepoint   ] Safepoint "G1CollectForAllocation", Time since last: 42412094298 ns, Reaching safepoint: 135483 ns, At safepoint: 25827878 ns, Total: 25963361 ns
[2022-07-04T14:11:20.747+0000][8][safepoint   ] Safepoint "Cleanup", Time since last: 33039577123 ns, Reaching safepoint: 112797 ns, At safepoint: 4795 ns, Total: 117592 ns
[2022-07-04T14:11:57.768+0000][8][safepoint   ] Safepoint "Cleanup", Time since last: 37038850238 ns, Reaching safepoint: 212317 ns, At safepoint: 65773 ns, Total: 278090 ns
[2022-07-04T14:12:04.776+0000][8][safepoint   ] Safepoint "Cleanup", Time since last: 7007643143 ns, Reaching safepoint: 222545 ns, At safepoint: 11867 ns, Total: 234412 ns
[2022-07-04T14:12:23.956+0000][8][gc,start    ] GC(158) Pause Young (Normal) (G1 Evacuation Pause)
[2022-07-04T14:12:23.957+0000][8][gc,task     ] GC(158) Using 4 workers of 4 for evacuation
[2022-07-04T14:12:23.958+0000][8][gc,age      ] GC(158) Desired survivor size 20971520 bytes, new threshold 15 (max threshold 15)
[2022-07-04T14:12:23.964+0000][8][gc,phases   ] GC(158)   Pre Evacuate Collection Set: 0.2ms
[2022-07-04T14:12:23.965+0000][8][gc,phases   ] GC(158)   Merge Heap Roots: 0.1ms
[2022-07-04T14:12:23.966+0000][8][gc,phases   ] GC(158)   Evacuate Collection Set: 3.1ms
[2022-07-04T14:12:23.967+0000][8][gc,phases   ] GC(158)   Post Evacuate Collection Set: 1.3ms
[2022-07-04T14:12:23.967+0000][8][gc,phases   ] GC(158)   Other: 2.2ms
[2022-07-04T14:12:23.968+0000][8][gc,age      ] GC(158) Age table with threshold 15 (max threshold 15)
[2022-07-04T14:12:23.969+0000][8][gc,age      ] GC(158) - age   1:    1714424 bytes,    1714424 total
[2022-07-04T14:12:23.970+0000][8][gc,age      ] GC(158) - age   2:     133624 bytes,    1848048 total
[2022-07-04T14:12:23.971+0000][8][gc,age      ] GC(158) - age   3:        688 bytes,    1848736 total
[2022-07-04T14:12:23.971+0000][8][gc,age      ] GC(158) - age   5:     252152 bytes,    2100888 total
[2022-07-04T14:12:23.972+0000][8][gc,age      ] GC(158) - age   6:       8016 bytes,    2108904 total
[2022-07-04T14:12:23.973+0000][8][gc,age      ] GC(158) - age   7:        248 bytes,    2109152 total
[2022-07-04T14:12:23.973+0000][8][gc,age      ] GC(158) - age   9:        288 bytes,    2109440 total
[2022-07-04T14:12:23.974+0000][8][gc,age      ] GC(158) - age  10:       8016 bytes,    2117456 total
[2022-07-04T14:12:23.974+0000][8][gc,age      ] GC(158) - age  12:        712 bytes,    2118168 total
[2022-07-04T14:12:23.975+0000][8][gc,age      ] GC(158) - age  14:        432 bytes,    2118600 total
[2022-07-04T14:12:23.975+0000][8][gc,age      ] GC(158) - age  15:        760 bytes,    2119360 total
[2022-07-04T14:12:23.976+0000][8][gc,heap     ] GC(158) Eden regions: 75->0(75)
[2022-07-04T14:12:23.976+0000][8][gc,heap     ] GC(158) Survivor regions: 1->1(10)
[2022-07-04T14:12:23.977+0000][8][gc,heap     ] GC(158) Old regions: 22->22
[2022-07-04T14:12:23.977+0000][8][gc,heap     ] GC(158) Archive regions: 2->2
[2022-07-04T14:12:23.978+0000][8][gc,heap     ] GC(158) Humongous regions: 0->0
[2022-07-04T14:12:23.979+0000][8][gc,metaspace] GC(158) Metaspace: 128013K(131328K)->128013K(131328K) NonClass: 111210K(112896K)->111210K(112896K) Class: 16802K(18432K)->16802K(18432K)
[2022-07-04T14:12:23.979+0000][8][gc          ] GC(158) Pause Young (Normal) (G1 Evacuation Pause) 391M->91M(512M) 23.059ms
[2022-07-04T14:12:23.980+0000][8][gc,cpu      ] GC(158) User=0.01s Sys=0.00s Real=0.02s
[2022-07-04T14:12:23.981+0000][8][safepoint   ] Safepoint "G1CollectForAllocation", Time since last: 19205646488 ns, Reaching safepoint: 149911 ns, At safepoint: 24485976 ns, Total: 24635887 ns
[2022-07-04T14:14:09.273+0000][8][gc,start    ] GC(159) Pause Young (Normal) (G1 Evacuation Pause)
[2022-07-04T14:14:09.274+0000][8][gc,task     ] GC(159) Using 4 workers of 4 for evacuation
[2022-07-04T14:14:09.276+0000][8][gc,age      ] GC(159) Desired survivor size 20971520 bytes, new threshold 15 (max threshold 15)
[2022-07-04T14:14:09.281+0000][8][gc,phases   ] GC(159)   Pre Evacuate Collection Set: 0.2ms
[2022-07-04T14:14:09.281+0000][8][gc,phases   ] GC(159)   Merge Heap Roots: 0.1ms
[2022-07-04T14:14:09.282+0000][8][gc,phases   ] GC(159)   Evacuate Collection Set: 2.6ms
[2022-07-04T14:14:09.283+0000][8][gc,phases   ] GC(159)   Post Evacuate Collection Set: 1.1ms
[2022-07-04T14:14:09.283+0000][8][gc,phases   ] GC(159)   Other: 2.4ms
[2022-07-04T14:14:09.284+0000][8][gc,age      ] GC(159) Age table with threshold 15 (max threshold 15)
[2022-07-04T14:14:09.285+0000][8][gc,age      ] GC(159) - age   1:     641040 bytes,     641040 total
[2022-07-04T14:14:09.285+0000][8][gc,age      ] GC(159) - age   2:      11704 bytes,     652744 total
[2022-07-04T14:14:09.286+0000][8][gc,age      ] GC(159) - age   3:     131608 bytes,     784352 total
[2022-07-04T14:14:09.286+0000][8][gc,age      ] GC(159) - age   4:        528 bytes,     784880 total
[2022-07-04T14:14:09.287+0000][8][gc,age      ] GC(159) - age   6:     250232 bytes,    1035112 total
[2022-07-04T14:14:09.288+0000][8][gc,age      ] GC(159) - age   7:       8016 bytes,    1043128 total
[2022-07-04T14:14:09.288+0000][8][gc,age      ] GC(159) - age   8:        248 bytes,    1043376 total
[2022-07-04T14:14:09.289+0000][8][gc,age      ] GC(159) - age  10:        288 bytes,    1043664 total
[2022-07-04T14:14:09.289+0000][8][gc,age      ] GC(159) - age  11:       8016 bytes,    1051680 total
[2022-07-04T14:14:09.290+0000][8][gc,age      ] GC(159) - age  13:        712 bytes,    1052392 total
[2022-07-04T14:14:09.290+0000][8][gc,age      ] GC(159) - age  15:        432 bytes,    1052824 total
[2022-07-04T14:14:09.291+0000][8][gc,heap     ] GC(159) Eden regions: 75->0(75)
[2022-07-04T14:14:09.291+0000][8][gc,heap     ] GC(159) Survivor regions: 1->1(10)
[2022-07-04T14:14:09.292+0000][8][gc,heap     ] GC(159) Old regions: 22->22
[2022-07-04T14:14:09.295+0000][8][gc,heap     ] GC(159) Archive regions: 2->2
[2022-07-04T14:14:09.296+0000][8][gc,heap     ] GC(159) Humongous regions: 0->0
[2022-07-04T14:14:09.297+0000][8][gc,metaspace] GC(159) Metaspace: 128016K(131328K)->128016K(131328K) NonClass: 111214K(112896K)->111214K(112896K) Class: 16802K(18432K)->16802K(18432K)
[2022-07-04T14:14:09.298+0000][8][gc          ] GC(159) Pause Young (Normal) (G1 Evacuation Pause) 391M->90M(512M) 24.726ms
[2022-07-04T14:14:09.298+0000][8][gc,cpu      ] GC(159) User=0.01s Sys=0.00s Real=0.03s
[2022-07-04T14:14:09.299+0000][8][safepoint   ] Safepoint "G1CollectForAllocation", Time since last: 105378484253 ns, Reaching safepoint: 106852 ns, At safepoint: 26198783 ns, Total: 26305635 ns
[2022-07-04T14:15:04.327+0000][8][safepoint   ] Safepoint "Cleanup", Time since last: 55049080080 ns, Reaching safepoint: 356202 ns, At safepoint: 16113 ns, Total: 372315 ns
[2022-07-04T14:15:56.693+0000][8][gc,start    ] GC(160) Pause Young (Normal) (G1 Evacuation Pause)
[2022-07-04T14:15:56.694+0000][8][gc,task     ] GC(160) Using 4 workers of 4 for evacuation
[2022-07-04T14:15:56.695+0000][8][gc,age      ] GC(160) Desired survivor size 20971520 bytes, new threshold 15 (max threshold 15)
[2022-07-04T14:15:56.700+0000][8][gc,phases   ] GC(160)   Pre Evacuate Collection Set: 0.2ms
[2022-07-04T14:15:56.700+0000][8][gc,phases   ] GC(160)   Merge Heap Roots: 0.2ms
[2022-07-04T14:15:56.701+0000][8][gc,phases   ] GC(160)   Evacuate Collection Set: 2.2ms
[2022-07-04T14:15:56.703+0000][8][gc,phases   ] GC(160)   Post Evacuate Collection Set: 1.1ms
[2022-07-04T14:15:56.704+0000][8][gc,phases   ] GC(160)   Other: 1.9ms
[2022-07-04T14:15:56.705+0000][8][gc,age      ] GC(160) Age table with threshold 15 (max threshold 15)
[2022-07-04T14:15:56.705+0000][8][gc,age      ] GC(160) - age   1:    1008856 bytes,    1008856 total
[2022-07-04T14:15:56.707+0000][8][gc,age      ] GC(160) - age   2:       3952 bytes,    1012808 total
[2022-07-04T14:15:56.707+0000][8][gc,age      ] GC(160) - age   3:      10040 bytes,    1022848 total
[2022-07-04T14:15:56.708+0000][8][gc,age      ] GC(160) - age   4:     131312 bytes,    1154160 total
[2022-07-04T14:15:56.708+0000][8][gc,age      ] GC(160) - age   5:        528 bytes,    1154688 total
[2022-07-04T14:15:56.709+0000][8][gc,age      ] GC(160) - age   7:     250232 bytes,    1404920 total
[2022-07-04T14:15:56.709+0000][8][gc,age      ] GC(160) - age   8:       8016 bytes,    1412936 total
[2022-07-04T14:15:56.710+0000][8][gc,age      ] GC(160) - age   9:        248 bytes,    1413184 total
[2022-07-04T14:15:56.710+0000][8][gc,age      ] GC(160) - age  11:        288 bytes,    1413472 total
[2022-07-04T14:15:56.711+0000][8][gc,age      ] GC(160) - age  12:       8016 bytes,    1421488 total
[2022-07-04T14:15:56.712+0000][8][gc,age      ] GC(160) - age  14:        712 bytes,    1422200 total
[2022-07-04T14:15:56.712+0000][8][gc,heap     ] GC(160) Eden regions: 75->0(75)
[2022-07-04T14:15:56.713+0000][8][gc,heap     ] GC(160) Survivor regions: 1->1(10)
[2022-07-04T14:15:56.713+0000][8][gc,heap     ] GC(160) Old regions: 22->22
[2022-07-04T14:15:56.714+0000][8][gc,heap     ] GC(160) Archive regions: 2->2
[2022-07-04T14:15:56.714+0000][8][gc,heap     ] GC(160) Humongous regions: 0->0
[2022-07-04T14:15:56.715+0000][8][gc,metaspace] GC(160) Metaspace: 128016K(131328K)->128016K(131328K) NonClass: 111214K(112896K)->111214K(112896K) Class: 16802K(18432K)->16802K(18432K)
[2022-07-04T14:15:56.716+0000][8][gc          ] GC(160) Pause Young (Normal) (G1 Evacuation Pause) 390M->91M(512M) 22.719ms
[2022-07-04T14:15:56.716+0000][8][gc,cpu      ] GC(160) User=0.01s Sys=0.00s Real=0.02s
[2022-07-04T14:15:56.717+0000][8][safepoint   ] Safepoint "G1CollectForAllocation", Time since last: 52408449902 ns, Reaching safepoint: 595634 ns, At safepoint: 23807605 ns, Total: 24403239 ns
[2022-07-04T14:17:04.770+0000][8][safepoint   ] Safepoint "Cleanup", Time since last: 68096454483 ns, Reaching safepoint: 282709 ns, At safepoint: 32987 ns, Total: 315696 ns
[2022-07-04T14:17:35.946+0000][8][gc,start    ] GC(161) Pause Young (Normal) (G1 Evacuation Pause)
[2022-07-04T14:17:35.947+0000][8][gc,task     ] GC(161) Using 4 workers of 4 for evacuation
[2022-07-04T14:17:35.947+0000][8][gc,age      ] GC(161) Desired survivor size 20971520 bytes, new threshold 15 (max threshold 15)
[2022-07-04T14:17:35.952+0000][8][gc,phases   ] GC(161)   Pre Evacuate Collection Set: 0.2ms
[2022-07-04T14:17:35.953+0000][8][gc,phases   ] GC(161)   Merge Heap Roots: 0.1ms
[2022-07-04T14:17:35.953+0000][8][gc,phases   ] GC(161)   Evacuate Collection Set: 2.5ms
[2022-07-04T14:17:35.954+0000][8][gc,phases   ] GC(161)   Post Evacuate Collection Set: 0.9ms
[2022-07-04T14:17:35.955+0000][8][gc,phases   ] GC(161)   Other: 1.3ms
[2022-07-04T14:17:35.955+0000][8][gc,age      ] GC(161) Age table with threshold 15 (max threshold 15)
[2022-07-04T14:17:35.956+0000][8][gc,age      ] GC(161) - age   1:    1438936 bytes,    1438936 total
[2022-07-04T14:17:35.957+0000][8][gc,age      ] GC(161) - age   2:       1272 bytes,    1440208 total
[2022-07-04T14:17:35.957+0000][8][gc,age      ] GC(161) - age   3:       2560 bytes,    1442768 total
[2022-07-04T14:17:35.958+0000][8][gc,age      ] GC(161) - age   4:       9568 bytes,    1452336 total
[2022-07-04T14:17:35.959+0000][8][gc,age      ] GC(161) - age   5:     131312 bytes,    1583648 total
[2022-07-04T14:17:35.959+0000][8][gc,age      ] GC(161) - age   6:        528 bytes,    1584176 total
[2022-07-04T14:17:35.960+0000][8][gc,age      ] GC(161) - age   8:     250232 bytes,    1834408 total
[2022-07-04T14:17:35.960+0000][8][gc,age      ] GC(161) - age   9:       8016 bytes,    1842424 total
[2022-07-04T14:17:35.961+0000][8][gc,age      ] GC(161) - age  10:        248 bytes,    1842672 total
[2022-07-04T14:17:35.961+0000][8][gc,age      ] GC(161) - age  12:        288 bytes,    1842960 total
[2022-07-04T14:17:35.962+0000][8][gc,age      ] GC(161) - age  13:       8016 bytes,    1850976 total
[2022-07-04T14:17:35.963+0000][8][gc,age      ] GC(161) - age  15:        712 bytes,    1851688 total
[2022-07-04T14:17:35.964+0000][8][gc,heap     ] GC(161) Eden regions: 75->0(75)
[2022-07-04T14:17:35.964+0000][8][gc,heap     ] GC(161) Survivor regions: 1->1(10)
[2022-07-04T14:17:35.965+0000][8][gc,heap     ] GC(161) Old regions: 22->22
[2022-07-04T14:17:35.965+0000][8][gc,heap     ] GC(161) Archive regions: 2->2
[2022-07-04T14:17:35.966+0000][8][gc,heap     ] GC(161) Humongous regions: 0->0
[2022-07-04T14:17:35.967+0000][8][gc,metaspace] GC(161) Metaspace: 128019K(131328K)->128019K(131328K) NonClass: 111217K(112896K)->111217K(112896K) Class: 16802K(18432K)->16802K(18432K)
[2022-07-04T14:17:35.967+0000][8][gc          ] GC(161) Pause Young (Normal) (G1 Evacuation Pause) 391M->91M(512M) 21.692ms
[2022-07-04T14:17:35.968+0000][8][gc,cpu      ] GC(161) User=0.01s Sys=0.01s Real=0.02s
[2022-07-04T14:17:35.969+0000][8][safepoint   ] Safepoint "G1CollectForAllocation", Time since last: 31218136644 ns, Reaching safepoint: 462561 ns, At safepoint: 23165788 ns, Total: 23628349 ns
[2022-07-04T14:19:20.685+0000][8][gc,start    ] GC(162) Pause Young (Normal) (G1 Evacuation Pause)
[2022-07-04T14:19:20.686+0000][8][gc,task     ] GC(162) Using 4 workers of 4 for evacuation
[2022-07-04T14:19:20.687+0000][8][gc,age      ] GC(162) Desired survivor size 20971520 bytes, new threshold 15 (max threshold 15)
[2022-07-04T14:19:20.691+0000][8][gc,phases   ] GC(162)   Pre Evacuate Collection Set: 0.2ms
[2022-07-04T14:19:20.692+0000][8][gc,phases   ] GC(162)   Merge Heap Roots: 0.1ms
[2022-07-04T14:19:20.693+0000][8][gc,phases   ] GC(162)   Evacuate Collection Set: 2.2ms
[2022-07-04T14:19:20.693+0000][8][gc,phases   ] GC(162)   Post Evacuate Collection Set: 1.0ms
[2022-07-04T14:19:20.694+0000][8][gc,phases   ] GC(162)   Other: 1.5ms
[2022-07-04T14:19:20.694+0000][8][gc,age      ] GC(162) Age table with threshold 15 (max threshold 15)
[2022-07-04T14:19:20.695+0000][8][gc,age      ] GC(162) - age   1:    1816664 bytes,    1816664 total
[2022-07-04T14:19:20.696+0000][8][gc,age      ] GC(162) - age   2:       2080 bytes,    1818744 total
[2022-07-04T14:19:20.697+0000][8][gc,age      ] GC(162) - age   3:         80 bytes,    1818824 total
[2022-07-04T14:19:20.698+0000][8][gc,age      ] GC(162) - age   4:       2264 bytes,    1821088 total
[2022-07-04T14:19:20.699+0000][8][gc,age      ] GC(162) - age   5:       9440 bytes,    1830528 total
[2022-07-04T14:19:20.699+0000][8][gc,age      ] GC(162) - age   6:     131312 bytes,    1961840 total
[2022-07-04T14:19:20.700+0000][8][gc,age      ] GC(162) - age   7:        352 bytes,    1962192 total
[2022-07-04T14:19:20.700+0000][8][gc,age      ] GC(162) - age   9:     249840 bytes,    2212032 total
[2022-07-04T14:19:20.701+0000][8][gc,age      ] GC(162) - age  10:       8016 bytes,    2220048 total
[2022-07-04T14:19:20.701+0000][8][gc,age      ] GC(162) - age  11:        248 bytes,    2220296 total
[2022-07-04T14:19:20.702+0000][8][gc,age      ] GC(162) - age  13:        256 bytes,    2220552 total
[2022-07-04T14:19:20.702+0000][8][gc,age      ] GC(162) - age  14:       8016 bytes,    2228568 total
[2022-07-04T14:19:20.703+0000][8][gc,heap     ] GC(162) Eden regions: 75->0(75)
[2022-07-04T14:19:20.704+0000][8][gc,heap     ] GC(162) Survivor regions: 1->1(10)
[2022-07-04T14:19:20.704+0000][8][gc,heap     ] GC(162) Old regions: 22->22
[2022-07-04T14:19:20.705+0000][8][gc,heap     ] GC(162) Archive regions: 2->2
[2022-07-04T14:19:20.706+0000][8][gc,heap     ] GC(162) Humongous regions: 0->0
[2022-07-04T14:19:20.706+0000][8][gc,metaspace] GC(162) Metaspace: 128032K(131328K)->128032K(131328K) NonClass: 111229K(112896K)->111229K(112896K) Class: 16802K(18432K)->16802K(18432K)
[2022-07-04T14:19:20.707+0000][8][gc          ] GC(162) Pause Young (Normal) (G1 Evacuation Pause) 391M->91M(512M) 22.241ms
[2022-07-04T14:19:20.708+0000][8][gc,cpu      ] GC(162) User=0.01s Sys=0.00s Real=0.02s
[2022-07-04T14:19:20.708+0000][8][safepoint   ] Safepoint "G1CollectForAllocation", Time since last: 104780025750 ns, Reaching safepoint: 95925 ns, At safepoint: 23464877 ns, Total: 23560802 ns
[2022-07-04T14:20:04.742+0000][8][safepoint   ] Safepoint "Cleanup", Time since last: 44055954973 ns, Reaching safepoint: 191880 ns, At safepoint: 13128 ns, Total: 205008 ns
[2022-07-04T14:20:06.728+0000][8][safepoint   ] Safepoint "Cleanup", Time since last: 2005937981 ns, Reaching safepoint: 421396 ns, At safepoint: 48316 ns, Total: 469712 ns
[2022-07-04T14:20:50.744+0000][8][safepoint   ] Safepoint "Cleanup", Time since last: 44038121522 ns, Reaching safepoint: 107340 ns, At safepoint: 8242 ns, Total: 115582 ns
[2022-07-04T14:21:02.680+0000][8][gc,start    ] GC(163) Pause Young (Normal) (G1 Evacuation Pause)
[2022-07-04T14:21:02.681+0000][8][gc,task     ] GC(163) Using 4 workers of 4 for evacuation
[2022-07-04T14:21:02.681+0000][8][gc,age      ] GC(163) Desired survivor size 20971520 bytes, new threshold 15 (max threshold 15)
[2022-07-04T14:21:02.685+0000][8][gc,phases   ] GC(163)   Pre Evacuate Collection Set: 0.2ms
[2022-07-04T14:21:02.687+0000][8][gc,phases   ] GC(163)   Merge Heap Roots: 0.1ms
[2022-07-04T14:21:02.688+0000][8][gc,phases   ] GC(163)   Evacuate Collection Set: 1.7ms
[2022-07-04T14:21:02.689+0000][8][gc,phases   ] GC(163)   Post Evacuate Collection Set: 1.0ms
[2022-07-04T14:21:02.689+0000][8][gc,phases   ] GC(163)   Other: 1.3ms
[2022-07-04T14:21:02.690+0000][8][gc,age      ] GC(163) Age table with threshold 15 (max threshold 15)
[2022-07-04T14:21:02.691+0000][8][gc,age      ] GC(163) - age   1:     608872 bytes,     608872 total
[2022-07-04T14:21:02.691+0000][8][gc,age      ] GC(163) - age   2:       3208 bytes,     612080 total
[2022-07-04T14:21:02.692+0000][8][gc,age      ] GC(163) - age   3:        416 bytes,     612496 total
[2022-07-04T14:21:02.692+0000][8][gc,age      ] GC(163) - age   4:         16 bytes,     612512 total
[2022-07-04T14:21:02.693+0000][8][gc,age      ] GC(163) - age   5:       2264 bytes,     614776 total
[2022-07-04T14:21:02.694+0000][8][gc,age      ] GC(163) - age   6:       9440 bytes,     624216 total
[2022-07-04T14:21:02.694+0000][8][gc,age      ] GC(163) - age   7:     131312 bytes,     755528 total
[2022-07-04T14:21:02.695+0000][8][gc,age      ] GC(163) - age   8:        352 bytes,     755880 total
[2022-07-04T14:21:02.696+0000][8][gc,age      ] GC(163) - age  10:     249840 bytes,    1005720 total
[2022-07-04T14:21:02.696+0000][8][gc,age      ] GC(163) - age  11:       8016 bytes,    1013736 total
[2022-07-04T14:21:02.696+0000][8][gc,age      ] GC(163) - age  12:        248 bytes,    1013984 total
[2022-07-04T14:21:02.697+0000][8][gc,age      ] GC(163) - age  14:        256 bytes,    1014240 total
[2022-07-04T14:21:02.698+0000][8][gc,age      ] GC(163) - age  15:       8016 bytes,    1022256 total
[2022-07-04T14:21:02.698+0000][8][gc,heap     ] GC(163) Eden regions: 75->0(75)
[2022-07-04T14:21:02.699+0000][8][gc,heap     ] GC(163) Survivor regions: 1->1(10)
[2022-07-04T14:21:02.699+0000][8][gc,heap     ] GC(163) Old regions: 22->22
[2022-07-04T14:21:02.700+0000][8][gc,heap     ] GC(163) Archive regions: 2->2
[2022-07-04T14:21:02.701+0000][8][gc,heap     ] GC(163) Humongous regions: 0->0
[2022-07-04T14:21:02.701+0000][8][gc,metaspace] GC(163) Metaspace: 128032K(131328K)->128032K(131328K) NonClass: 111229K(112896K)->111229K(112896K) Class: 16802K(18432K)->16802K(18432K)
[2022-07-04T14:21:02.702+0000][8][gc          ] GC(163) Pause Young (Normal) (G1 Evacuation Pause) 391M->90M(512M) 22.192ms
[2022-07-04T14:21:02.704+0000][8][gc,cpu      ] GC(163) User=0.01s Sys=0.01s Real=0.03s
[2022-07-04T14:21:02.705+0000][8][safepoint   ] Safepoint "G1CollectForAllocation", Time since last: 11936131286 ns, Reaching safepoint: 90916 ns, At safepoint: 25437095 ns, Total: 25528011 ns
[2022-07-04T14:21:04.713+0000][8][safepoint   ] Safepoint "Cleanup", Time since last: 2007078745 ns, Reaching safepoint: 400049 ns, At safepoint: 18383 ns, Total: 418432 ns
[2022-07-04T14:21:56.716+0000][8][safepoint   ] Safepoint "Cleanup", Time since last: 52046148832 ns, Reaching safepoint: 274668 ns, At safepoint: 17767 ns, Total: 292435 ns
[2022-07-04T14:22:41.616+0000][8][gc,start    ] GC(164) Pause Young (Normal) (G1 Evacuation Pause)
[2022-07-04T14:22:41.617+0000][8][gc,task     ] GC(164) Using 4 workers of 4 for evacuation
[2022-07-04T14:22:41.617+0000][8][gc,age      ] GC(164) Desired survivor size 20971520 bytes, new threshold 15 (max threshold 15)
[2022-07-04T14:22:41.623+0000][8][gc,phases   ] GC(164)   Pre Evacuate Collection Set: 0.4ms
[2022-07-04T14:22:41.624+0000][8][gc,phases   ] GC(164)   Merge Heap Roots: 0.2ms
[2022-07-04T14:22:41.624+0000][8][gc,phases   ] GC(164)   Evacuate Collection Set: 2.8ms
[2022-07-04T14:22:41.625+0000][8][gc,phases   ] GC(164)   Post Evacuate Collection Set: 1.2ms
[2022-07-04T14:22:41.625+0000][8][gc,phases   ] GC(164)   Other: 1.5ms
[2022-07-04T14:22:41.626+0000][8][gc,age      ] GC(164) Age table with threshold 15 (max threshold 15)
[2022-07-04T14:22:41.626+0000][8][gc,age      ] GC(164) - age   1:    1199664 bytes,    1199664 total
[2022-07-04T14:22:41.627+0000][8][gc,age      ] GC(164) - age   2:       1296 bytes,    1200960 total
[2022-07-04T14:22:41.628+0000][8][gc,age      ] GC(164) - age   3:       1696 bytes,    1202656 total
[2022-07-04T14:22:41.628+0000][8][gc,age      ] GC(164) - age   4:         64 bytes,    1202720 total
[2022-07-04T14:22:41.629+0000][8][gc,age      ] GC(164) - age   5:         16 bytes,    1202736 total
[2022-07-04T14:22:41.630+0000][8][gc,age      ] GC(164) - age   6:       2264 bytes,    1205000 total
[2022-07-04T14:22:41.630+0000][8][gc,age      ] GC(164) - age   7:       9440 bytes,    1214440 total
[2022-07-04T14:22:41.631+0000][8][gc,age      ] GC(164) - age   8:     131312 bytes,    1345752 total
[2022-07-04T14:22:41.631+0000][8][gc,age      ] GC(164) - age   9:        168 bytes,    1345920 total
[2022-07-04T14:22:41.632+0000][8][gc,age      ] GC(164) - age  11:     249840 bytes,    1595760 total
[2022-07-04T14:22:41.632+0000][8][gc,age      ] GC(164) - age  12:       8016 bytes,    1603776 total
[2022-07-04T14:22:41.633+0000][8][gc,age      ] GC(164) - age  13:        248 bytes,    1604024 total
[2022-07-04T14:22:41.633+0000][8][gc,age      ] GC(164) - age  15:        256 bytes,    1604280 total
[2022-07-04T14:22:41.634+0000][8][gc,heap     ] GC(164) Eden regions: 75->0(75)
[2022-07-04T14:22:41.634+0000][8][gc,heap     ] GC(164) Survivor regions: 1->1(10)
[2022-07-04T14:22:41.635+0000][8][gc,heap     ] GC(164) Old regions: 22->22
[2022-07-04T14:22:41.635+0000][8][gc,heap     ] GC(164) Archive regions: 2->2
[2022-07-04T14:22:41.638+0000][8][gc,heap     ] GC(164) Humongous regions: 0->0
[2022-07-04T14:22:41.639+0000][8][gc,metaspace] GC(164) Metaspace: 128032K(131328K)->128032K(131328K) NonClass: 111229K(112896K)->111229K(112896K) Class: 16802K(18432K)->16802K(18432K)
[2022-07-04T14:22:41.640+0000][8][gc          ] GC(164) Pause Young (Normal) (G1 Evacuation Pause) 390M->91M(512M) 24.244ms
[2022-07-04T14:22:41.640+0000][8][gc,cpu      ] GC(164) User=0.01s Sys=0.00s Real=0.03s
[2022-07-04T14:22:41.641+0000][8][safepoint   ] Safepoint "G1CollectForAllocation", Time since last: 44942768348 ns, Reaching safepoint: 223540 ns, At safepoint: 25929336 ns, Total: 26152876 ns
[2022-07-04T14:24:04.828+0000][8][safepoint   ] Safepoint "Cleanup", Time since last: 83228771031 ns, Reaching safepoint: 532457 ns, At safepoint: 10770 ns, Total: 543227 ns
[2022-07-04T14:24:08.758+0000][8][gc,start    ] GC(165) Pause Young (Normal) (G1 Evacuation Pause)
[2022-07-04T14:24:08.760+0000][8][gc,task     ] GC(165) Using 4 workers of 4 for evacuation
[2022-07-04T14:24:08.761+0000][8][gc,age      ] GC(165) Desired survivor size 20971520 bytes, new threshold 15 (max threshold 15)
[2022-07-04T14:24:08.766+0000][8][gc,phases   ] GC(165)   Pre Evacuate Collection Set: 0.1ms
[2022-07-04T14:24:08.767+0000][8][gc,phases   ] GC(165)   Merge Heap Roots: 0.2ms
[2022-07-04T14:24:08.767+0000][8][gc,phases   ] GC(165)   Evacuate Collection Set: 2.3ms
[2022-07-04T14:24:08.769+0000][8][gc,phases   ] GC(165)   Post Evacuate Collection Set: 0.9ms
[2022-07-04T14:24:08.769+0000][8][gc,phases   ] GC(165)   Other: 1.8ms
[2022-07-04T14:24:08.772+0000][8][gc,age      ] GC(165) Age table with threshold 15 (max threshold 15)
[2022-07-04T14:24:08.772+0000][8][gc,age      ] GC(165) - age   1:     767640 bytes,     767640 total
[2022-07-04T14:24:08.773+0000][8][gc,age      ] GC(165) - age   2:       1280 bytes,     768920 total
[2022-07-04T14:24:08.774+0000][8][gc,age      ] GC(165) - age   3:        184 bytes,     769104 total
[2022-07-04T14:24:08.774+0000][8][gc,age      ] GC(165) - age   4:       1056 bytes,     770160 total
[2022-07-04T14:24:08.774+0000][8][gc,age      ] GC(165) - age   6:         16 bytes,     770176 total
[2022-07-04T14:24:08.775+0000][8][gc,age      ] GC(165) - age   7:        160 bytes,     770336 total
[2022-07-04T14:24:08.776+0000][8][gc,age      ] GC(165) - age   8:       9440 bytes,     779776 total
[2022-07-04T14:24:08.776+0000][8][gc,age      ] GC(165) - age   9:     131312 bytes,     911088 total
[2022-07-04T14:24:08.777+0000][8][gc,age      ] GC(165) - age  10:        168 bytes,     911256 total
[2022-07-04T14:24:08.778+0000][8][gc,age      ] GC(165) - age  12:     249840 bytes,    1161096 total
[2022-07-04T14:24:08.778+0000][8][gc,age      ] GC(165) - age  13:       8016 bytes,    1169112 total
[2022-07-04T14:24:08.779+0000][8][gc,age      ] GC(165) - age  14:        248 bytes,    1169360 total
[2022-07-04T14:24:08.779+0000][8][gc,heap     ] GC(165) Eden regions: 75->0(75)
[2022-07-04T14:24:08.780+0000][8][gc,heap     ] GC(165) Survivor regions: 1->1(10)
[2022-07-04T14:24:08.781+0000][8][gc,heap     ] GC(165) Old regions: 22->22
[2022-07-04T14:24:08.781+0000][8][gc,heap     ] GC(165) Archive regions: 2->2
[2022-07-04T14:24:08.782+0000][8][gc,heap     ] GC(165) Humongous regions: 0->0
[2022-07-04T14:24:08.782+0000][8][gc,metaspace] GC(165) Metaspace: 128033K(131328K)->128033K(131328K) NonClass: 111230K(112896K)->111230K(112896K) Class: 16802K(18432K)->16802K(18432K)
[2022-07-04T14:24:08.783+0000][8][gc          ] GC(165) Pause Young (Normal) (G1 Evacuation Pause) 391M->90M(512M) 25.098ms
[2022-07-04T14:24:08.784+0000][8][gc,cpu      ] GC(165) User=0.00s Sys=0.00s Real=0.03s
[2022-07-04T14:24:08.785+0000][8][safepoint   ] Safepoint "G1CollectForAllocation", Time since last: 3951737978 ns, Reaching safepoint: 193984 ns, At safepoint: 27133697 ns, Total: 27327681 ns
[2022-07-04T14:25:57.471+0000][8][gc,start    ] GC(166) Pause Young (Normal) (G1 Evacuation Pause)
[2022-07-04T14:25:57.471+0000][8][gc,task     ] GC(166) Using 4 workers of 4 for evacuation
[2022-07-04T14:25:57.472+0000][8][gc,age      ] GC(166) Desired survivor size 20971520 bytes, new threshold 15 (max threshold 15)
[2022-07-04T14:25:57.477+0000][8][gc,phases   ] GC(166)   Pre Evacuate Collection Set: 0.1ms
[2022-07-04T14:25:57.478+0000][8][gc,phases   ] GC(166)   Merge Heap Roots: 0.1ms
[2022-07-04T14:25:57.478+0000][8][gc,phases   ] GC(166)   Evacuate Collection Set: 2.1ms
[2022-07-04T14:25:57.479+0000][8][gc,phases   ] GC(166)   Post Evacuate Collection Set: 1.1ms
[2022-07-04T14:25:57.479+0000][8][gc,phases   ] GC(166)   Other: 1.7ms
[2022-07-04T14:25:57.480+0000][8][gc,age      ] GC(166) Age table with threshold 15 (max threshold 15)
[2022-07-04T14:25:57.483+0000][8][gc,age      ] GC(166) - age   1:     760600 bytes,     760600 total
[2022-07-04T14:25:57.486+0000][8][gc,age      ] GC(166) - age   2:       2928 bytes,     763528 total
[2022-07-04T14:25:57.487+0000][8][gc,age      ] GC(166) - age   3:        576 bytes,     764104 total
[2022-07-04T14:25:57.487+0000][8][gc,age      ] GC(166) - age   4:        184 bytes,     764288 total
[2022-07-04T14:25:57.488+0000][8][gc,age      ] GC(166) - age   5:        760 bytes,     765048 total
[2022-07-04T14:25:57.489+0000][8][gc,age      ] GC(166) - age   7:         16 bytes,     765064 total
[2022-07-04T14:25:57.489+0000][8][gc,age      ] GC(166) - age   8:        160 bytes,     765224 total
[2022-07-04T14:25:57.490+0000][8][gc,age      ] GC(166) - age   9:       9440 bytes,     774664 total
[2022-07-04T14:25:57.491+0000][8][gc,age      ] GC(166) - age  10:     131312 bytes,     905976 total
[2022-07-04T14:25:57.492+0000][8][gc,age      ] GC(166) - age  11:        168 bytes,     906144 total
[2022-07-04T14:25:57.492+0000][8][gc,age      ] GC(166) - age  13:     249840 bytes,    1155984 total
[2022-07-04T14:25:57.493+0000][8][gc,age      ] GC(166) - age  14:       8016 bytes,    1164000 total
[2022-07-04T14:25:57.493+0000][8][gc,age      ] GC(166) - age  15:        248 bytes,    1164248 total
[2022-07-04T14:25:57.494+0000][8][gc,heap     ] GC(166) Eden regions: 75->0(75)
[2022-07-04T14:25:57.495+0000][8][gc,heap     ] GC(166) Survivor regions: 1->1(10)
[2022-07-04T14:25:57.495+0000][8][gc,heap     ] GC(166) Old regions: 22->22
[2022-07-04T14:25:57.496+0000][8][gc,heap     ] GC(166) Archive regions: 2->2
[2022-07-04T14:25:57.497+0000][8][gc,heap     ] GC(166) Humongous regions: 0->0
[2022-07-04T14:25:57.498+0000][8][gc,metaspace] GC(166) Metaspace: 128033K(131328K)->128033K(131328K) NonClass: 111230K(112896K)->111230K(112896K) Class: 16802K(18432K)->16802K(18432K)
[2022-07-04T14:25:57.499+0000][8][gc          ] GC(166) Pause Young (Normal) (G1 Evacuation Pause) 390M->90M(512M) 28.323ms
[2022-07-04T14:25:57.500+0000][8][gc,cpu      ] GC(166) User=0.01s Sys=0.00s Real=0.03s
[2022-07-04T14:25:57.500+0000][8][safepoint   ] Safepoint "G1CollectForAllocation", Time since last: 108748573390 ns, Reaching safepoint: 70117 ns, At safepoint: 29746646 ns, Total: 29816763 ns
[2022-07-04T14:26:45.506+0000][8][safepoint   ] Safepoint "Cleanup", Time since last: 48049852931 ns, Reaching safepoint: 206098 ns, At safepoint: 13912 ns, Total: 220010 ns
[2022-07-04T14:27:04.519+0000][8][safepoint   ] Safepoint "Cleanup", Time since last: 19013495080 ns, Reaching safepoint: 140526 ns, At safepoint: 9398 ns, Total: 149924 ns
[2022-07-04T14:27:38.541+0000][8][gc,start    ] GC(167) Pause Young (Normal) (G1 Evacuation Pause)
[2022-07-04T14:27:38.542+0000][8][gc,task     ] GC(167) Using 4 workers of 4 for evacuation
[2022-07-04T14:27:38.542+0000][8][gc,age      ] GC(167) Desired survivor size 20971520 bytes, new threshold 15 (max threshold 15)
[2022-07-04T14:27:38.548+0000][8][gc,phases   ] GC(167)   Pre Evacuate Collection Set: 0.3ms
[2022-07-04T14:27:38.549+0000][8][gc,phases   ] GC(167)   Merge Heap Roots: 0.1ms
[2022-07-04T14:27:38.550+0000][8][gc,phases   ] GC(167)   Evacuate Collection Set: 3.0ms
[2022-07-04T14:27:38.551+0000][8][gc,phases   ] GC(167)   Post Evacuate Collection Set: 1.5ms
[2022-07-04T14:27:38.552+0000][8][gc,phases   ] GC(167)   Other: 1.3ms
[2022-07-04T14:27:38.552+0000][8][gc,age      ] GC(167) Age table with threshold 15 (max threshold 15)
[2022-07-04T14:27:38.553+0000][8][gc,age      ] GC(167) - age   1:    1424616 bytes,    1424616 total
[2022-07-04T14:27:38.554+0000][8][gc,age      ] GC(167) - age   2:       1472 bytes,    1426088 total
[2022-07-04T14:27:38.554+0000][8][gc,age      ] GC(167) - age   3:       2360 bytes,    1428448 total
[2022-07-04T14:27:38.555+0000][8][gc,age      ] GC(167) - age   4:        480 bytes,    1428928 total
[2022-07-04T14:27:38.555+0000][8][gc,age      ] GC(167) - age   6:        760 bytes,    1429688 total
[2022-07-04T14:27:38.556+0000][8][gc,age      ] GC(167) - age   8:         16 bytes,    1429704 total
[2022-07-04T14:27:38.556+0000][8][gc,age      ] GC(167) - age   9:        160 bytes,    1429864 total
[2022-07-04T14:27:38.557+0000][8][gc,age      ] GC(167) - age  10:       9408 bytes,    1439272 total
[2022-07-04T14:27:38.558+0000][8][gc,age      ] GC(167) - age  11:     131312 bytes,    1570584 total
[2022-07-04T14:27:38.558+0000][8][gc,age      ] GC(167) - age  12:        168 bytes,    1570752 total
[2022-07-04T14:27:38.558+0000][8][gc,age      ] GC(167) - age  14:     249840 bytes,    1820592 total
[2022-07-04T14:27:38.559+0000][8][gc,age      ] GC(167) - age  15:       8016 bytes,    1828608 total
[2022-07-04T14:27:38.559+0000][8][gc,heap     ] GC(167) Eden regions: 75->0(75)
[2022-07-04T14:27:38.560+0000][8][gc,heap     ] GC(167) Survivor regions: 1->1(10)
[2022-07-04T14:27:38.561+0000][8][gc,heap     ] GC(167) Old regions: 22->22
[2022-07-04T14:27:38.562+0000][8][gc,heap     ] GC(167) Archive regions: 2->2
[2022-07-04T14:27:38.562+0000][8][gc,heap     ] GC(167) Humongous regions: 0->0
[2022-07-04T14:27:38.563+0000][8][gc,metaspace] GC(167) Metaspace: 128034K(131328K)->128034K(131328K) NonClass: 111231K(112896K)->111231K(112896K) Class: 16802K(18432K)->16802K(18432K)
[2022-07-04T14:27:38.563+0000][8][gc          ] GC(167) Pause Young (Normal) (G1 Evacuation Pause) 390M->91M(512M) 22.848ms
[2022-07-04T14:27:38.565+0000][8][gc,cpu      ] GC(167) User=0.01s Sys=0.00s Real=0.03s
[2022-07-04T14:27:38.566+0000][8][safepoint   ] Safepoint "G1CollectForAllocation", Time since last: 34064614947 ns, Reaching safepoint: 59622 ns, At safepoint: 25070788 ns, Total: 25130410 ns
[2022-07-04T14:29:04.615+0000][8][safepoint   ] Safepoint "Cleanup", Time since last: 86092056994 ns, Reaching safepoint: 102607 ns, At safepoint: 8519 ns, Total: 111126 ns
[2022-07-04T14:29:20.518+0000][8][gc,start    ] GC(168) Pause Young (Normal) (G1 Evacuation Pause)
[2022-07-04T14:29:20.518+0000][8][gc,task     ] GC(168) Using 4 workers of 4 for evacuation
[2022-07-04T14:29:20.519+0000][8][gc,age      ] GC(168) Desired survivor size 20971520 bytes, new threshold 15 (max threshold 15)
[2022-07-04T14:29:20.525+0000][8][gc,phases   ] GC(168)   Pre Evacuate Collection Set: 0.2ms
[2022-07-04T14:29:20.525+0000][8][gc,phases   ] GC(168)   Merge Heap Roots: 0.1ms
[2022-07-04T14:29:20.526+0000][8][gc,phases   ] GC(168)   Evacuate Collection Set: 3.1ms
[2022-07-04T14:29:20.527+0000][8][gc,phases   ] GC(168)   Post Evacuate Collection Set: 1.3ms
[2022-07-04T14:29:20.527+0000][8][gc,phases   ] GC(168)   Other: 1.6ms
[2022-07-04T14:29:20.528+0000][8][gc,age      ] GC(168) Age table with threshold 15 (max threshold 15)
[2022-07-04T14:29:20.529+0000][8][gc,age      ] GC(168) - age   1:    1801864 bytes,    1801864 total
[2022-07-04T14:29:20.529+0000][8][gc,age      ] GC(168) - age   2:       1888 bytes,    1803752 total
[2022-07-04T14:29:20.530+0000][8][gc,age      ] GC(168) - age   3:         64 bytes,    1803816 total
[2022-07-04T14:29:20.531+0000][8][gc,age      ] GC(168) - age   4:       2104 bytes,    1805920 total
[2022-07-04T14:29:20.531+0000][8][gc,age      ] GC(168) - age   5:        184 bytes,    1806104 total
[2022-07-04T14:29:20.532+0000][8][gc,age      ] GC(168) - age   7:        576 bytes,    1806680 total
[2022-07-04T14:29:20.533+0000][8][gc,age      ] GC(168) - age   9:         16 bytes,    1806696 total
[2022-07-04T14:29:20.534+0000][8][gc,age      ] GC(168) - age  10:        160 bytes,    1806856 total
[2022-07-04T14:29:20.534+0000][8][gc,age      ] GC(168) - age  11:       9408 bytes,    1816264 total
[2022-07-04T14:29:20.535+0000][8][gc,age      ] GC(168) - age  12:     131312 bytes,    1947576 total
[2022-07-04T14:29:20.535+0000][8][gc,age      ] GC(168) - age  13:        136 bytes,    1947712 total
[2022-07-04T14:29:20.536+0000][8][gc,age      ] GC(168) - age  15:     249840 bytes,    2197552 total
[2022-07-04T14:29:20.536+0000][8][gc,heap     ] GC(168) Eden regions: 75->0(75)
[2022-07-04T14:29:20.538+0000][8][gc,heap     ] GC(168) Survivor regions: 1->1(10)
[2022-07-04T14:29:20.539+0000][8][gc,heap     ] GC(168) Old regions: 22->22
[2022-07-04T14:29:20.540+0000][8][gc,heap     ] GC(168) Archive regions: 2->2
[2022-07-04T14:29:20.541+0000][8][gc,heap     ] GC(168) Humongous regions: 0->0
[2022-07-04T14:29:20.541+0000][8][gc,metaspace] GC(168) Metaspace: 128036K(131328K)->128036K(131328K) NonClass: 111234K(112896K)->111234K(112896K) Class: 16802K(18432K)->16802K(18432K)
[2022-07-04T14:29:20.542+0000][8][gc          ] GC(168) Pause Young (Normal) (G1 Evacuation Pause) 391M->91M(512M) 24.701ms
[2022-07-04T14:29:20.543+0000][8][gc,cpu      ] GC(168) User=0.01s Sys=0.00s Real=0.02s
[2022-07-04T14:29:20.543+0000][8][safepoint   ] Safepoint "G1CollectForAllocation", Time since last: 15924493720 ns, Reaching safepoint: 149697 ns, At safepoint: 25997562 ns, Total: 26147259 ns
[2022-07-04T14:30:04.568+0000][8][safepoint   ] Safepoint "Cleanup", Time since last: 44045875732 ns, Reaching safepoint: 284567 ns, At safepoint: 15882 ns, Total: 300449 ns
[2022-07-04T14:31:03.653+0000][8][gc,start    ] GC(169) Pause Young (Normal) (G1 Evacuation Pause)
[2022-07-04T14:31:03.657+0000][8][gc,task     ] GC(169) Using 4 workers of 4 for evacuation
[2022-07-04T14:31:03.658+0000][8][gc,age      ] GC(169) Desired survivor size 20971520 bytes, new threshold 15 (max threshold 15)
[2022-07-04T14:31:03.662+0000][8][gc,phases   ] GC(169)   Pre Evacuate Collection Set: 0.2ms
[2022-07-04T14:31:03.663+0000][8][gc,phases   ] GC(169)   Merge Heap Roots: 0.1ms
[2022-07-04T14:31:03.664+0000][8][gc,phases   ] GC(169)   Evacuate Collection Set: 1.9ms
[2022-07-04T14:31:03.664+0000][8][gc,phases   ] GC(169)   Post Evacuate Collection Set: 0.9ms
[2022-07-04T14:31:03.665+0000][8][gc,phases   ] GC(169)   Other: 2.0ms
[2022-07-04T14:31:03.666+0000][8][gc,age      ] GC(169) Age table with threshold 15 (max threshold 15)
[2022-07-04T14:31:03.667+0000][8][gc,age      ] GC(169) - age   1:     832688 bytes,     832688 total
[2022-07-04T14:31:03.667+0000][8][gc,age      ] GC(169) - age   2:       2152 bytes,     834840 total
[2022-07-04T14:31:03.668+0000][8][gc,age      ] GC(169) - age   3:        768 bytes,     835608 total
[2022-07-04T14:31:03.669+0000][8][gc,age      ] GC(169) - age   5:       2104 bytes,     837712 total
[2022-07-04T14:31:03.669+0000][8][gc,age      ] GC(169) - age   6:        184 bytes,     837896 total
[2022-07-04T14:31:03.670+0000][8][gc,age      ] GC(169) - age   8:        392 bytes,     838288 total
[2022-07-04T14:31:03.671+0000][8][gc,age      ] GC(169) - age  10:         16 bytes,     838304 total
[2022-07-04T14:31:03.671+0000][8][gc,age      ] GC(169) - age  11:        160 bytes,     838464 total
[2022-07-04T14:31:03.672+0000][8][gc,age      ] GC(169) - age  12:       9024 bytes,     847488 total
[2022-07-04T14:31:03.673+0000][8][gc,age      ] GC(169) - age  13:     131312 bytes,     978800 total
[2022-07-04T14:31:03.673+0000][8][gc,age      ] GC(169) - age  14:        136 bytes,     978936 total
[2022-07-04T14:31:03.674+0000][8][gc,heap     ] GC(169) Eden regions: 75->0(75)
[2022-07-04T14:31:03.675+0000][8][gc,heap     ] GC(169) Survivor regions: 1->1(10)
[2022-07-04T14:31:03.675+0000][8][gc,heap     ] GC(169) Old regions: 22->22
[2022-07-04T14:31:03.676+0000][8][gc,heap     ] GC(169) Archive regions: 2->2
[2022-07-04T14:31:03.676+0000][8][gc,heap     ] GC(169) Humongous regions: 0->0
[2022-07-04T14:31:03.677+0000][8][gc,metaspace] GC(169) Metaspace: 128046K(131328K)->128046K(131328K) NonClass: 111244K(112896K)->111244K(112896K) Class: 16802K(18432K)->16802K(18432K)
[2022-07-04T14:31:03.678+0000][8][gc          ] GC(169) Pause Young (Normal) (G1 Evacuation Pause) 391M->90M(512M) 24.885ms
[2022-07-04T14:31:03.678+0000][8][gc,cpu      ] GC(169) User=0.01s Sys=0.01s Real=0.02s
[2022-07-04T14:31:03.681+0000][8][safepoint   ] Safepoint "G1CollectForAllocation", Time since last: 59127914831 ns, Reaching safepoint: 137176 ns, At safepoint: 28257404 ns, Total: 28394580 ns
[2022-07-04T14:32:03.720+0000][8][safepoint   ] Safepoint "Cleanup", Time since last: 60080886263 ns, Reaching safepoint: 158510 ns, At safepoint: 17802 ns, Total: 176312 ns
[2022-07-04T14:32:44.465+0000][8][gc,start    ] GC(170) Pause Young (Normal) (G1 Evacuation Pause)
[2022-07-04T14:32:44.466+0000][8][gc,task     ] GC(170) Using 4 workers of 4 for evacuation
[2022-07-04T14:32:44.467+0000][8][gc,age      ] GC(170) Desired survivor size 20971520 bytes, new threshold 15 (max threshold 15)
[2022-07-04T14:32:44.471+0000][8][gc,phases   ] GC(170)   Pre Evacuate Collection Set: 0.1ms
[2022-07-04T14:32:44.472+0000][8][gc,phases   ] GC(170)   Merge Heap Roots: 0.1ms
[2022-07-04T14:32:44.472+0000][8][gc,phases   ] GC(170)   Evacuate Collection Set: 2.1ms
[2022-07-04T14:32:44.472+0000][8][gc,phases   ] GC(170)   Post Evacuate Collection Set: 1.0ms
[2022-07-04T14:32:44.473+0000][8][gc,phases   ] GC(170)   Other: 1.2ms
[2022-07-04T14:32:44.473+0000][8][gc,age      ] GC(170) Age table with threshold 15 (max threshold 15)
[2022-07-04T14:32:44.474+0000][8][gc,age      ] GC(170) - age   1:    1330408 bytes,    1330408 total
[2022-07-04T14:32:44.475+0000][8][gc,age      ] GC(170) - age   2:       1832 bytes,    1332240 total
[2022-07-04T14:32:44.475+0000][8][gc,age      ] GC(170) - age   3:        552 bytes,    1332792 total
[2022-07-04T14:32:44.476+0000][8][gc,age      ] GC(170) - age   4:        184 bytes,    1332976 total
[2022-07-04T14:32:44.476+0000][8][gc,age      ] GC(170) - age   6:       2104 bytes,    1335080 total
[2022-07-04T14:32:44.477+0000][8][gc,age      ] GC(170) - age   7:        184 bytes,    1335264 total
[2022-07-04T14:32:44.477+0000][8][gc,age      ] GC(170) - age   9:        392 bytes,    1335656 total
[2022-07-04T14:32:44.478+0000][8][gc,age      ] GC(170) - age  11:         16 bytes,    1335672 total
[2022-07-04T14:32:44.479+0000][8][gc,age      ] GC(170) - age  12:        160 bytes,    1335832 total
[2022-07-04T14:32:44.479+0000][8][gc,age      ] GC(170) - age  13:       9000 bytes,    1344832 total
[2022-07-04T14:32:44.480+0000][8][gc,age      ] GC(170) - age  14:     131312 bytes,    1476144 total
[2022-07-04T14:32:44.481+0000][8][gc,age      ] GC(170) - age  15:        136 bytes,    1476280 total
[2022-07-04T14:32:44.481+0000][8][gc,heap     ] GC(170) Eden regions: 75->0(75)
[2022-07-04T14:32:44.482+0000][8][gc,heap     ] GC(170) Survivor regions: 1->1(10)
[2022-07-04T14:32:44.482+0000][8][gc,heap     ] GC(170) Old regions: 22->22
[2022-07-04T14:32:44.483+0000][8][gc,heap     ] GC(170) Archive regions: 2->2
[2022-07-04T14:32:44.483+0000][8][gc,heap     ] GC(170) Humongous regions: 0->0
[2022-07-04T14:32:44.484+0000][8][gc,metaspace] GC(170) Metaspace: 128052K(131328K)->128052K(131328K) NonClass: 111249K(112896K)->111249K(112896K) Class: 16802K(18432K)->16802K(18432K)
[2022-07-04T14:32:44.485+0000][8][gc          ] GC(170) Pause Young (Normal) (G1 Evacuation Pause) 390M->91M(512M) 19.412ms
[2022-07-04T14:32:44.485+0000][8][gc,cpu      ] GC(170) User=0.00s Sys=0.00s Real=0.02s
[2022-07-04T14:32:44.486+0000][8][safepoint   ] Safepoint "G1CollectForAllocation", Time since last: 40790238158 ns, Reaching safepoint: 209453 ns, At safepoint: 20938975 ns, Total: 21148428 ns
[2022-07-04T14:34:03.559+0000][8][safepoint   ] Safepoint "Cleanup", Time since last: 79113401581 ns, Reaching safepoint: 481153 ns, At safepoint: 30132 ns, Total: 511285 ns
[2022-07-04T14:34:26.450+0000][8][gc,start    ] GC(171) Pause Young (Normal) (G1 Evacuation Pause)
[2022-07-04T14:34:26.451+0000][8][gc,task     ] GC(171) Using 4 workers of 4 for evacuation
[2022-07-04T14:34:26.451+0000][8][gc,age      ] GC(171) Desired survivor size 20971520 bytes, new threshold 15 (max threshold 15)
[2022-07-04T14:34:26.457+0000][8][gc,phases   ] GC(171)   Pre Evacuate Collection Set: 0.4ms
[2022-07-04T14:34:26.457+0000][8][gc,phases   ] GC(171)   Merge Heap Roots: 0.2ms
[2022-07-04T14:34:26.458+0000][8][gc,phases   ] GC(171)   Evacuate Collection Set: 2.3ms
[2022-07-04T14:34:26.459+0000][8][gc,phases   ] GC(171)   Post Evacuate Collection Set: 1.5ms
[2022-07-04T14:34:26.459+0000][8][gc,phases   ] GC(171)   Other: 1.4ms
[2022-07-04T14:34:26.460+0000][8][gc,age      ] GC(171) Age table with threshold 15 (max threshold 15)
[2022-07-04T14:34:26.460+0000][8][gc,age      ] GC(171) - age   1:    1789336 bytes,    1789336 total
[2022-07-04T14:34:26.461+0000][8][gc,age      ] GC(171) - age   2:       3216 bytes,    1792552 total
[2022-07-04T14:34:26.462+0000][8][gc,age      ] GC(171) - age   3:        896 bytes,    1793448 total
[2022-07-04T14:34:26.462+0000][8][gc,age      ] GC(171) - age   4:        424 bytes,    1793872 total
[2022-07-04T14:34:26.463+0000][8][gc,age      ] GC(171) - age   5:        184 bytes,    1794056 total
[2022-07-04T14:34:26.464+0000][8][gc,age      ] GC(171) - age   7:        184 bytes,    1794240 total
[2022-07-04T14:34:26.464+0000][8][gc,age      ] GC(171) - age   8:        184 bytes,    1794424 total
[2022-07-04T14:34:26.465+0000][8][gc,age      ] GC(171) - age  12:         16 bytes,    1794440 total
[2022-07-04T14:34:26.466+0000][8][gc,age      ] GC(171) - age  13:        160 bytes,    1794600 total
[2022-07-04T14:34:26.467+0000][8][gc,age      ] GC(171) - age  14:       9000 bytes,    1803600 total
[2022-07-04T14:34:26.468+0000][8][gc,age      ] GC(171) - age  15:     131312 bytes,    1934912 total
[2022-07-04T14:34:26.468+0000][8][gc,heap     ] GC(171) Eden regions: 75->0(75)
[2022-07-04T14:34:26.469+0000][8][gc,heap     ] GC(171) Survivor regions: 1->1(10)
[2022-07-04T14:34:26.469+0000][8][gc,heap     ] GC(171) Old regions: 22->22
[2022-07-04T14:34:26.470+0000][8][gc,heap     ] GC(171) Archive regions: 2->2
[2022-07-04T14:34:26.471+0000][8][gc,heap     ] GC(171) Humongous regions: 0->0
[2022-07-04T14:34:26.471+0000][8][gc,metaspace] GC(171) Metaspace: 128088K(131392K)->128088K(131392K) NonClass: 111285K(112960K)->111285K(112960K) Class: 16802K(18432K)->16802K(18432K)
[2022-07-04T14:34:26.474+0000][8][gc          ] GC(171) Pause Young (Normal) (G1 Evacuation Pause) 391M->91M(512M) 23.926ms
[2022-07-04T14:34:26.475+0000][8][gc,cpu      ] GC(171) User=0.01s Sys=0.00s Real=0.02s
[2022-07-04T14:34:26.475+0000][8][safepoint   ] Safepoint "G1CollectForAllocation", Time since last: 22914018951 ns, Reaching safepoint: 160515 ns, At safepoint: 25450598 ns, Total: 25611113 ns
[2022-07-04T14:34:35.463+0000][8][safepoint   ] Safepoint "Cleanup", Time since last: 9008016238 ns, Reaching safepoint: 324479 ns, At safepoint: 99142 ns, Total: 423621 ns
[2022-07-04T14:36:08.475+0000][8][gc,start    ] GC(172) Pause Young (Normal) (G1 Evacuation Pause)
[2022-07-04T14:36:08.481+0000][8][gc,task     ] GC(172) Using 4 workers of 4 for evacuation
[2022-07-04T14:36:08.482+0000][8][gc,age      ] GC(172) Desired survivor size 20971520 bytes, new threshold 15 (max threshold 15)
[2022-07-04T14:36:08.487+0000][8][gc,phases   ] GC(172)   Pre Evacuate Collection Set: 0.3ms
[2022-07-04T14:36:08.487+0000][8][gc,phases   ] GC(172)   Merge Heap Roots: 0.1ms
[2022-07-04T14:36:08.488+0000][8][gc,phases   ] GC(172)   Evacuate Collection Set: 2.5ms
[2022-07-04T14:36:08.491+0000][8][gc,phases   ] GC(172)   Post Evacuate Collection Set: 1.0ms
[2022-07-04T14:36:08.492+0000][8][gc,phases   ] GC(172)   Other: 1.7ms
[2022-07-04T14:36:08.493+0000][8][gc,age      ] GC(172) Age table with threshold 15 (max threshold 15)
[2022-07-04T14:36:08.494+0000][8][gc,age      ] GC(172) - age   1:     880136 bytes,     880136 total
[2022-07-04T14:36:08.494+0000][8][gc,age      ] GC(172) - age   2:       6296 bytes,     886432 total
[2022-07-04T14:36:08.495+0000][8][gc,age      ] GC(172) - age   3:       1600 bytes,     888032 total
[2022-07-04T14:36:08.495+0000][8][gc,age      ] GC(172) - age   4:        896 bytes,     888928 total
[2022-07-04T14:36:08.496+0000][8][gc,age      ] GC(172) - age   5:        424 bytes,     889352 total
[2022-07-04T14:36:08.497+0000][8][gc,age      ] GC(172) - age   8:        184 bytes,     889536 total
[2022-07-04T14:36:08.497+0000][8][gc,age      ] GC(172) - age   9:        184 bytes,     889720 total
[2022-07-04T14:36:08.498+0000][8][gc,age      ] GC(172) - age  13:         16 bytes,     889736 total
[2022-07-04T14:36:08.498+0000][8][gc,age      ] GC(172) - age  14:        160 bytes,     889896 total
[2022-07-04T14:36:08.499+0000][8][gc,age      ] GC(172) - age  15:       9000 bytes,     898896 total
[2022-07-04T14:36:08.499+0000][8][gc,heap     ] GC(172) Eden regions: 75->0(75)
[2022-07-04T14:36:08.500+0000][8][gc,heap     ] GC(172) Survivor regions: 1->1(10)
[2022-07-04T14:36:08.500+0000][8][gc,heap     ] GC(172) Old regions: 22->22
[2022-07-04T14:36:08.501+0000][8][gc,heap     ] GC(172) Archive regions: 2->2
[2022-07-04T14:36:08.501+0000][8][gc,heap     ] GC(172) Humongous regions: 0->0
[2022-07-04T14:36:08.502+0000][8][gc,metaspace] GC(172) Metaspace: 128088K(131392K)->128088K(131392K) NonClass: 111285K(112960K)->111285K(112960K) Class: 16802K(18432K)->16802K(18432K)
[2022-07-04T14:36:08.503+0000][8][gc          ] GC(172) Pause Young (Normal) (G1 Evacuation Pause) 391M->90M(512M) 27.741ms
[2022-07-04T14:36:08.504+0000][8][gc,cpu      ] GC(172) User=0.00s Sys=0.00s Real=0.03s
[2022-07-04T14:36:08.504+0000][8][safepoint   ] Safepoint "G1CollectForAllocation", Time since last: 93077722460 ns, Reaching safepoint: 253528 ns, At safepoint: 29179700 ns, Total: 29433228 ns
[2022-07-04T14:37:50.546+0000][8][gc,start    ] GC(173) Pause Young (Normal) (G1 Evacuation Pause)
[2022-07-04T14:37:50.547+0000][8][gc,task     ] GC(173) Using 4 workers of 4 for evacuation
[2022-07-04T14:37:50.552+0000][8][gc,age      ] GC(173) Desired survivor size 20971520 bytes, new threshold 15 (max threshold 15)
[2022-07-04T14:37:50.556+0000][8][gc,phases   ] GC(173)   Pre Evacuate Collection Set: 0.1ms
[2022-07-04T14:37:50.557+0000][8][gc,phases   ] GC(173)   Merge Heap Roots: 0.1ms
[2022-07-04T14:37:50.558+0000][8][gc,phases   ] GC(173)   Evacuate Collection Set: 2.2ms
[2022-07-04T14:37:50.558+0000][8][gc,phases   ] GC(173)   Post Evacuate Collection Set: 1.1ms
[2022-07-04T14:37:50.559+0000][8][gc,phases   ] GC(173)   Other: 5.1ms
[2022-07-04T14:37:50.560+0000][8][gc,age      ] GC(173) Age table with threshold 15 (max threshold 15)
[2022-07-04T14:37:50.560+0000][8][gc,age      ] GC(173) - age   1:    1278352 bytes,    1278352 total
[2022-07-04T14:37:50.561+0000][8][gc,age      ] GC(173) - age   2:       1784 bytes,    1280136 total
[2022-07-04T14:37:50.561+0000][8][gc,age      ] GC(173) - age   3:       4840 bytes,    1284976 total
[2022-07-04T14:37:50.562+0000][8][gc,age      ] GC(173) - age   4:       1144 bytes,    1286120 total
[2022-07-04T14:37:50.562+0000][8][gc,age      ] GC(173) - age   5:        896 bytes,    1287016 total
[2022-07-04T14:37:50.563+0000][8][gc,age      ] GC(173) - age   6:        424 bytes,    1287440 total
[2022-07-04T14:37:50.564+0000][8][gc,age      ] GC(173) - age   9:        184 bytes,    1287624 total
[2022-07-04T14:37:50.564+0000][8][gc,age      ] GC(173) - age  10:        184 bytes,    1287808 total
[2022-07-04T14:37:50.566+0000][8][gc,age      ] GC(173) - age  14:         16 bytes,    1287824 total
[2022-07-04T14:37:50.566+0000][8][gc,age      ] GC(173) - age  15:        160 bytes,    1287984 total
[2022-07-04T14:37:50.567+0000][8][gc,heap     ] GC(173) Eden regions: 75->0(75)
[2022-07-04T14:37:50.567+0000][8][gc,heap     ] GC(173) Survivor regions: 1->1(10)
[2022-07-04T14:37:50.568+0000][8][gc,heap     ] GC(173) Old regions: 22->22
[2022-07-04T14:37:50.569+0000][8][gc,heap     ] GC(173) Archive regions: 2->2
[2022-07-04T14:37:50.569+0000][8][gc,heap     ] GC(173) Humongous regions: 0->0
[2022-07-04T14:37:50.570+0000][8][gc,metaspace] GC(173) Metaspace: 128088K(131392K)->128088K(131392K) NonClass: 111285K(112960K)->111285K(112960K) Class: 16802K(18432K)->16802K(18432K)
[2022-07-04T14:37:50.571+0000][8][gc          ] GC(173) Pause Young (Normal) (G1 Evacuation Pause) 390M->91M(512M) 24.840ms
[2022-07-04T14:37:50.571+0000][8][gc,cpu      ] GC(173) User=0.01s Sys=0.00s Real=0.03s
[2022-07-04T14:37:50.572+0000][8][safepoint   ] Safepoint "G1CollectForAllocation", Time since last: 102104719900 ns, Reaching safepoint: 115753 ns, At safepoint: 26233336 ns, Total: 26349089 ns
[2022-07-04T14:39:32.387+0000][8][gc,start    ] GC(174) Pause Young (Normal) (G1 Evacuation Pause)
[2022-07-04T14:39:32.389+0000][8][gc,task     ] GC(174) Using 4 workers of 4 for evacuation
[2022-07-04T14:39:32.389+0000][8][gc,age      ] GC(174) Desired survivor size 20971520 bytes, new threshold 15 (max threshold 15)
[2022-07-04T14:39:32.393+0000][8][gc,phases   ] GC(174)   Pre Evacuate Collection Set: 0.3ms
[2022-07-04T14:39:32.394+0000][8][gc,phases   ] GC(174)   Merge Heap Roots: 0.1ms
[2022-07-04T14:39:32.395+0000][8][gc,phases   ] GC(174)   Evacuate Collection Set: 2.2ms
[2022-07-04T14:39:32.396+0000][8][gc,phases   ] GC(174)   Post Evacuate Collection Set: 0.9ms
[2022-07-04T14:39:32.396+0000][8][gc,phases   ] GC(174)   Other: 1.3ms
[2022-07-04T14:39:32.397+0000][8][gc,age      ] GC(174) Age table with threshold 15 (max threshold 15)
[2022-07-04T14:39:32.397+0000][8][gc,age      ] GC(174) - age   1:    1392768 bytes,    1392768 total
[2022-07-04T14:39:32.398+0000][8][gc,age      ] GC(174) - age   2:       2304 bytes,    1395072 total
[2022-07-04T14:39:32.398+0000][8][gc,age      ] GC(174) - age   3:        184 bytes,    1395256 total
[2022-07-04T14:39:32.400+0000][8][gc,age      ] GC(174) - age   4:       4520 bytes,    1399776 total
[2022-07-04T14:39:32.400+0000][8][gc,age      ] GC(174) - age   5:       1016 bytes,    1400792 total
[2022-07-04T14:39:32.401+0000][8][gc,age      ] GC(174) - age   6:        896 bytes,    1401688 total
[2022-07-04T14:39:32.401+0000][8][gc,age      ] GC(174) - age   7:        216 bytes,    1401904 total
[2022-07-04T14:39:32.402+0000][8][gc,age      ] GC(174) - age  10:        184 bytes,    1402088 total
[2022-07-04T14:39:32.403+0000][8][gc,age      ] GC(174) - age  11:        184 bytes,    1402272 total
[2022-07-04T14:39:32.403+0000][8][gc,age      ] GC(174) - age  15:         16 bytes,    1402288 total
[2022-07-04T14:39:32.404+0000][8][gc,heap     ] GC(174) Eden regions: 75->0(75)
[2022-07-04T14:39:32.405+0000][8][gc,heap     ] GC(174) Survivor regions: 1->1(10)
[2022-07-04T14:39:32.407+0000][8][gc,heap     ] GC(174) Old regions: 22->22
[2022-07-04T14:39:32.408+0000][8][gc,heap     ] GC(174) Archive regions: 2->2
[2022-07-04T14:39:32.409+0000][8][gc,heap     ] GC(174) Humongous regions: 0->0
[2022-07-04T14:39:32.409+0000][8][gc,metaspace] GC(174) Metaspace: 128088K(131392K)->128088K(131392K) NonClass: 111285K(112960K)->111285K(112960K) Class: 16802K(18432K)->16802K(18432K)
[2022-07-04T14:39:32.410+0000][8][gc          ] GC(174) Pause Young (Normal) (G1 Evacuation Pause) 391M->91M(512M) 22.803ms
[2022-07-04T14:39:32.411+0000][8][gc,cpu      ] GC(174) User=0.01s Sys=0.00s Real=0.02s
[2022-07-04T14:39:32.411+0000][8][safepoint   ] Safepoint "G1CollectForAllocation", Time since last: 101881336970 ns, Reaching safepoint: 320257 ns, At safepoint: 24165355 ns, Total: 24485612 ns
[2022-07-04T14:40:27.463+0000][8][safepoint   ] Safepoint "Cleanup", Time since last: 55092684237 ns, Reaching safepoint: 212899 ns, At safepoint: 18320 ns, Total: 231219 ns
[2022-07-04T18:24:10.901+0000][8][safepoint   ] Safepoint "Cleanup", Time since last: 13433493856838 ns, Reaching safepoint: 3530596 ns, At safepoint: 71321 ns, Total: 3601917 ns
[2022-07-04T18:24:11.917+0000][8][safepoint   ] Safepoint "Cleanup", Time since last: 1014683301 ns, Reaching safepoint: 1488439 ns, At safepoint: 101399 ns, Total: 1589838 ns
[2022-07-04T18:24:13.923+0000][8][safepoint   ] Safepoint "Cleanup", Time since last: 2005604234 ns, Reaching safepoint: 384395 ns, At safepoint: 12926 ns, Total: 397321 ns
[2022-07-04T18:24:16.769+0000][8][gc,start    ] GC(175) Pause Young (Normal) (G1 Evacuation Pause)
[2022-07-04T18:24:16.770+0000][8][gc,task     ] GC(175) Using 4 workers of 4 for evacuation
[2022-07-04T18:24:16.771+0000][8][gc,age      ] GC(175) Desired survivor size 20971520 bytes, new threshold 15 (max threshold 15)
[2022-07-04T18:24:16.778+0000][8][gc,phases   ] GC(175)   Pre Evacuate Collection Set: 0.2ms
[2022-07-04T18:24:16.779+0000][8][gc,phases   ] GC(175)   Merge Heap Roots: 0.3ms
[2022-07-04T18:24:16.780+0000][8][gc,phases   ] GC(175)   Evacuate Collection Set: 3.2ms
[2022-07-04T18:24:16.781+0000][8][gc,phases   ] GC(175)   Post Evacuate Collection Set: 2.1ms
[2022-07-04T18:24:16.781+0000][8][gc,phases   ] GC(175)   Other: 2.6ms
[2022-07-04T18:24:16.782+0000][8][gc,age      ] GC(175) Age table with threshold 15 (max threshold 15)
[2022-07-04T18:24:16.783+0000][8][gc,age      ] GC(175) - age   1:    1395944 bytes,    1395944 total
[2022-07-04T18:24:16.783+0000][8][gc,age      ] GC(175) - age   2:       1664 bytes,    1397608 total
[2022-07-04T18:24:16.784+0000][8][gc,age      ] GC(175) - age   3:        240 bytes,    1397848 total
[2022-07-04T18:24:16.784+0000][8][gc,age      ] GC(175) - age   4:        184 bytes,    1398032 total
[2022-07-04T18:24:16.785+0000][8][gc,age      ] GC(175) - age   5:       2208 bytes,    1400240 total
[2022-07-04T18:24:16.785+0000][8][gc,age      ] GC(175) - age   6:        744 bytes,    1400984 total
[2022-07-04T18:24:16.786+0000][8][gc,age      ] GC(175) - age   7:        896 bytes,    1401880 total
[2022-07-04T18:24:16.787+0000][8][gc,age      ] GC(175) - age   8:        184 bytes,    1402064 total
[2022-07-04T18:24:16.788+0000][8][gc,age      ] GC(175) - age  11:        184 bytes,    1402248 total
[2022-07-04T18:24:16.788+0000][8][gc,age      ] GC(175) - age  12:        184 bytes,    1402432 total
[2022-07-04T18:24:16.789+0000][8][gc,heap     ] GC(175) Eden regions: 75->0(75)
[2022-07-04T18:24:16.790+0000][8][gc,heap     ] GC(175) Survivor regions: 1->1(10)
[2022-07-04T18:24:16.790+0000][8][gc,heap     ] GC(175) Old regions: 22->22
[2022-07-04T18:24:16.791+0000][8][gc,heap     ] GC(175) Archive regions: 2->2
[2022-07-04T18:24:16.791+0000][8][gc,heap     ] GC(175) Humongous regions: 0->0
[2022-07-04T18:24:16.792+0000][8][gc,metaspace] GC(175) Metaspace: 128090K(131392K)->128090K(131392K) NonClass: 111287K(112960K)->111287K(112960K) Class: 16802K(18432K)->16802K(18432K)
[2022-07-04T18:24:16.793+0000][8][gc          ] GC(175) Pause Young (Normal) (G1 Evacuation Pause) 391M->91M(512M) 23.696ms
[2022-07-04T18:24:16.793+0000][8][gc,cpu      ] GC(175) User=0.01s Sys=0.01s Real=0.03s
[2022-07-04T18:24:16.794+0000][8][safepoint   ] Safepoint "G1CollectForAllocation", Time since last: 2845389554 ns, Reaching safepoint: 123379 ns, At safepoint: 25348519 ns, Total: 25471898 ns
[2022-07-04T18:24:17.796+0000][8][safepoint   ] Safepoint "Cleanup", Time since last: 1001360389 ns, Reaching safepoint: 458004 ns, At safepoint: 24210 ns, Total: 482214 ns
[2022-07-04T18:25:00.811+0000][8][safepoint   ] Safepoint "Cleanup", Time since last: 42861995717 ns, Reaching safepoint: 236665 ns, At safepoint: 11472 ns, Total: 248137 ns
[2022-07-04T18:25:10.804+0000][8][safepoint   ] Safepoint "Cleanup", Time since last: 10014076244 ns, Reaching safepoint: 334354 ns, At safepoint: 31530 ns, Total: 365884 ns
[2022-07-04T18:26:10.811+0000][8][safepoint   ] Safepoint "Cleanup", Time since last: 60048343874 ns, Reaching safepoint: 94539 ns, At safepoint: 7545 ns, Total: 102084 ns
[2022-07-04T18:26:16.915+0000][8][gc,start    ] GC(176) Pause Young (Normal) (G1 Evacuation Pause)
[2022-07-04T18:26:16.916+0000][8][gc,task     ] GC(176) Using 4 workers of 4 for evacuation
[2022-07-04T18:26:16.916+0000][8][gc,age      ] GC(176) Desired survivor size 20971520 bytes, new threshold 15 (max threshold 15)
[2022-07-04T18:26:16.920+0000][8][gc,phases   ] GC(176)   Pre Evacuate Collection Set: 0.2ms
[2022-07-04T18:26:16.921+0000][8][gc,phases   ] GC(176)   Merge Heap Roots: 0.1ms
[2022-07-04T18:26:16.922+0000][8][gc,phases   ] GC(176)   Evacuate Collection Set: 2.0ms
[2022-07-04T18:26:16.922+0000][8][gc,phases   ] GC(176)   Post Evacuate Collection Set: 1.0ms
[2022-07-04T18:26:16.923+0000][8][gc,phases   ] GC(176)   Other: 1.4ms
[2022-07-04T18:26:16.924+0000][8][gc,age      ] GC(176) Age table with threshold 15 (max threshold 15)
[2022-07-04T18:26:16.925+0000][8][gc,age      ] GC(176) - age   1:     673536 bytes,     673536 total
[2022-07-04T18:26:16.925+0000][8][gc,age      ] GC(176) - age   2:     529184 bytes,    1202720 total
[2022-07-04T18:26:16.926+0000][8][gc,age      ] GC(176) - age   3:        512 bytes,    1203232 total
[2022-07-04T18:26:16.926+0000][8][gc,age      ] GC(176) - age   4:        240 bytes,    1203472 total
[2022-07-04T18:26:16.927+0000][8][gc,age      ] GC(176) - age   5:        184 bytes,    1203656 total
[2022-07-04T18:26:16.928+0000][8][gc,age      ] GC(176) - age   6:       2208 bytes,    1205864 total
[2022-07-04T18:26:16.928+0000][8][gc,age      ] GC(176) - age   7:        744 bytes,    1206608 total
[2022-07-04T18:26:16.929+0000][8][gc,age      ] GC(176) - age   8:        896 bytes,    1207504 total
[2022-07-04T18:26:16.930+0000][8][gc,age      ] GC(176) - age   9:        184 bytes,    1207688 total
[2022-07-04T18:26:16.930+0000][8][gc,age      ] GC(176) - age  13:        184 bytes,    1207872 total
[2022-07-04T18:26:16.931+0000][8][gc,heap     ] GC(176) Eden regions: 75->0(75)
[2022-07-04T18:26:16.931+0000][8][gc,heap     ] GC(176) Survivor regions: 1->1(10)
[2022-07-04T18:26:16.932+0000][8][gc,heap     ] GC(176) Old regions: 22->22
[2022-07-04T18:26:16.933+0000][8][gc,heap     ] GC(176) Archive regions: 2->2
[2022-07-04T18:26:16.934+0000][8][gc,heap     ] GC(176) Humongous regions: 0->0
[2022-07-04T18:26:16.935+0000][8][gc,metaspace] GC(176) Metaspace: 128091K(131392K)->128091K(131392K) NonClass: 111289K(112960K)->111289K(112960K) Class: 16802K(18432K)->16802K(18432K)
[2022-07-04T18:26:16.936+0000][8][gc          ] GC(176) Pause Young (Normal) (G1 Evacuation Pause) 391M->91M(512M) 20.869ms
[2022-07-04T18:26:16.936+0000][8][gc,cpu      ] GC(176) User=0.01s Sys=0.00s Real=0.02s
[2022-07-04T18:26:16.937+0000][8][safepoint   ] Safepoint "G1CollectForAllocation", Time since last: 6103797044 ns, Reaching safepoint: 268878 ns, At safepoint: 22074530 ns, Total: 22343408 ns
[2022-07-04T18:28:11.474+0000][8][gc,start    ] GC(177) Pause Young (Normal) (G1 Evacuation Pause)
[2022-07-04T18:28:11.479+0000][8][gc,task     ] GC(177) Using 4 workers of 4 for evacuation
[2022-07-04T18:28:11.480+0000][8][gc,age      ] GC(177) Desired survivor size 20971520 bytes, new threshold 15 (max threshold 15)
[2022-07-04T18:28:11.485+0000][8][gc,phases   ] GC(177)   Pre Evacuate Collection Set: 0.1ms
[2022-07-04T18:28:11.486+0000][8][gc,phases   ] GC(177)   Merge Heap Roots: 0.0ms
[2022-07-04T18:28:11.487+0000][8][gc,phases   ] GC(177)   Evacuate Collection Set: 2.7ms
[2022-07-04T18:28:11.488+0000][8][gc,phases   ] GC(177)   Post Evacuate Collection Set: 1.1ms
[2022-07-04T18:28:11.488+0000][8][gc,phases   ] GC(177)   Other: 2.1ms
[2022-07-04T18:28:11.489+0000][8][gc,age      ] GC(177) Age table with threshold 15 (max threshold 15)
[2022-07-04T18:28:11.490+0000][8][gc,age      ] GC(177) - age   1:    1405144 bytes,    1405144 total
[2022-07-04T18:28:11.490+0000][8][gc,age      ] GC(177) - age   2:      13120 bytes,    1418264 total
[2022-07-04T18:28:11.491+0000][8][gc,age      ] GC(177) - age   3:     528608 bytes,    1946872 total
[2022-07-04T18:28:11.491+0000][8][gc,age      ] GC(177) - age   4:        480 bytes,    1947352 total
[2022-07-04T18:28:11.492+0000][8][gc,age      ] GC(177) - age   5:        240 bytes,    1947592 total
[2022-07-04T18:28:11.493+0000][8][gc,age      ] GC(177) - age   6:        184 bytes,    1947776 total
[2022-07-04T18:28:11.493+0000][8][gc,age      ] GC(177) - age   7:       2024 bytes,    1949800 total
[2022-07-04T18:28:11.494+0000][8][gc,age      ] GC(177) - age   8:        744 bytes,    1950544 total
[2022-07-04T18:28:11.494+0000][8][gc,age      ] GC(177) - age   9:        896 bytes,    1951440 total
[2022-07-04T18:28:11.495+0000][8][gc,age      ] GC(177) - age  10:        184 bytes,    1951624 total
[2022-07-04T18:28:11.496+0000][8][gc,age      ] GC(177) - age  14:        184 bytes,    1951808 total
[2022-07-04T18:28:11.497+0000][8][gc,heap     ] GC(177) Eden regions: 75->0(75)
[2022-07-04T18:28:11.497+0000][8][gc,heap     ] GC(177) Survivor regions: 1->1(10)
[2022-07-04T18:28:11.498+0000][8][gc,heap     ] GC(177) Old regions: 22->22
[2022-07-04T18:28:11.499+0000][8][gc,heap     ] GC(177) Archive regions: 2->2
[2022-07-04T18:28:11.500+0000][8][gc,heap     ] GC(177) Humongous regions: 0->0
[2022-07-04T18:28:11.500+0000][8][gc,metaspace] GC(177) Metaspace: 128098K(131392K)->128098K(131392K) NonClass: 111295K(112960K)->111295K(112960K) Class: 16803K(18432K)->16803K(18432K)
[2022-07-04T18:28:11.501+0000][8][gc          ] GC(177) Pause Young (Normal) (G1 Evacuation Pause) 391M->91M(512M) 26.903ms
[2022-07-04T18:28:11.502+0000][8][gc,cpu      ] GC(177) User=0.01s Sys=0.01s Real=0.02s
[2022-07-04T18:28:11.502+0000][8][safepoint   ] Safepoint "G1CollectForAllocation", Time since last: 114625537133 ns, Reaching safepoint: 114659 ns, At safepoint: 28378259 ns, Total: 28492918 ns
[2022-07-04T18:28:41.512+0000][8][safepoint   ] Safepoint "Cleanup", Time since last: 30031421527 ns, Reaching safepoint: 204469 ns, At safepoint: 68575 ns, Total: 273044 ns
[2022-07-04T18:28:45.518+0000][8][safepoint   ] Safepoint "Cleanup", Time since last: 4005464976 ns, Reaching safepoint: 436516 ns, At safepoint: 32232 ns, Total: 468748 ns
[2022-07-04T18:29:11.527+0000][8][safepoint   ] Safepoint "Cleanup", Time since last: 26029879742 ns, Reaching safepoint: 448690 ns, At safepoint: 12165 ns, Total: 460855 ns
[2022-07-04T18:30:04.862+0000][8][gc,start    ] GC(178) Pause Young (Normal) (G1 Evacuation Pause)
[2022-07-04T18:30:04.864+0000][8][gc,task     ] GC(178) Using 4 workers of 4 for evacuation
[2022-07-04T18:30:04.864+0000][8][gc,age      ] GC(178) Desired survivor size 20971520 bytes, new threshold 15 (max threshold 15)
[2022-07-04T18:30:04.868+0000][8][gc,phases   ] GC(178)   Pre Evacuate Collection Set: 0.2ms
[2022-07-04T18:30:04.869+0000][8][gc,phases   ] GC(178)   Merge Heap Roots: 0.1ms
[2022-07-04T18:30:04.869+0000][8][gc,phases   ] GC(178)   Evacuate Collection Set: 1.8ms
[2022-07-04T18:30:04.870+0000][8][gc,phases   ] GC(178)   Post Evacuate Collection Set: 1.1ms
[2022-07-04T18:30:04.871+0000][8][gc,phases   ] GC(178)   Other: 1.6ms
[2022-07-04T18:30:04.871+0000][8][gc,age      ] GC(178) Age table with threshold 15 (max threshold 15)
[2022-07-04T18:30:04.872+0000][8][gc,age      ] GC(178) - age   1:     886464 bytes,     886464 total
[2022-07-04T18:30:04.872+0000][8][gc,age      ] GC(178) - age   2:      31584 bytes,     918048 total
[2022-07-04T18:30:04.872+0000][8][gc,age      ] GC(178) - age   3:       1720 bytes,     919768 total
[2022-07-04T18:30:04.873+0000][8][gc,age      ] GC(178) - age   4:     419936 bytes,    1339704 total
[2022-07-04T18:30:04.873+0000][8][gc,age      ] GC(178) - age   5:        480 bytes,    1340184 total
[2022-07-04T18:30:04.874+0000][8][gc,age      ] GC(178) - age   6:        240 bytes,    1340424 total
[2022-07-04T18:30:04.874+0000][8][gc,age      ] GC(178) - age   7:        184 bytes,    1340608 total
[2022-07-04T18:30:04.875+0000][8][gc,age      ] GC(178) - age   8:       2024 bytes,    1342632 total
[2022-07-04T18:30:04.875+0000][8][gc,age      ] GC(178) - age   9:        744 bytes,    1343376 total
[2022-07-04T18:30:04.876+0000][8][gc,age      ] GC(178) - age  10:        896 bytes,    1344272 total
[2022-07-04T18:30:04.876+0000][8][gc,age      ] GC(178) - age  11:        184 bytes,    1344456 total
[2022-07-04T18:30:04.877+0000][8][gc,age      ] GC(178) - age  15:        184 bytes,    1344640 total
[2022-07-04T18:30:04.878+0000][8][gc,heap     ] GC(178) Eden regions: 75->0(75)
[2022-07-04T18:30:04.878+0000][8][gc,heap     ] GC(178) Survivor regions: 1->1(10)
[2022-07-04T18:30:04.879+0000][8][gc,heap     ] GC(178) Old regions: 22->22
[2022-07-04T18:30:04.879+0000][8][gc,heap     ] GC(178) Archive regions: 2->2
[2022-07-04T18:30:04.880+0000][8][gc,heap     ] GC(178) Humongous regions: 0->0
[2022-07-04T18:30:04.880+0000][8][gc,metaspace] GC(178) Metaspace: 128099K(131392K)->128099K(131392K) NonClass: 111295K(112960K)->111295K(112960K) Class: 16803K(18432K)->16803K(18432K)
[2022-07-04T18:30:04.881+0000][8][gc          ] GC(178) Pause Young (Normal) (G1 Evacuation Pause) 391M->91M(512M) 18.393ms
[2022-07-04T18:30:04.881+0000][8][gc,cpu      ] GC(178) User=0.01s Sys=0.00s Real=0.02s
[2022-07-04T18:30:04.882+0000][8][safepoint   ] Safepoint "G1CollectForAllocation", Time since last: 53356509284 ns, Reaching safepoint: 204485 ns, At safepoint: 19709377 ns, Total: 19913862 ns
[2022-07-04T18:30:10.868+0000][8][safepoint   ] Safepoint "Cleanup", Time since last: 6007193772 ns, Reaching safepoint: 125555 ns, At safepoint: 7124 ns, Total: 132679 ns
[2022-07-04T18:31:52.846+0000][8][gc,start    ] GC(179) Pause Young (Normal) (G1 Evacuation Pause)
[2022-07-04T18:31:52.848+0000][8][gc,task     ] GC(179) Using 4 workers of 4 for evacuation
[2022-07-04T18:31:52.849+0000][8][gc,age      ] GC(179) Desired survivor size 20971520 bytes, new threshold 15 (max threshold 15)
[2022-07-04T18:31:52.853+0000][8][gc,phases   ] GC(179)   Pre Evacuate Collection Set: 0.1ms
[2022-07-04T18:31:52.854+0000][8][gc,phases   ] GC(179)   Merge Heap Roots: 0.1ms
[2022-07-04T18:31:52.854+0000][8][gc,phases   ] GC(179)   Evacuate Collection Set: 1.8ms
[2022-07-04T18:31:52.855+0000][8][gc,phases   ] GC(179)   Post Evacuate Collection Set: 0.9ms
[2022-07-04T18:31:52.856+0000][8][gc,phases   ] GC(179)   Other: 2.6ms
[2022-07-04T18:31:52.856+0000][8][gc,age      ] GC(179) Age table with threshold 15 (max threshold 15)
[2022-07-04T18:31:52.858+0000][8][gc,age      ] GC(179) - age   1:     513720 bytes,     513720 total
[2022-07-04T18:31:52.859+0000][8][gc,age      ] GC(179) - age   2:     112688 bytes,     626408 total
[2022-07-04T18:31:52.859+0000][8][gc,age      ] GC(179) - age   3:      29896 bytes,     656304 total
[2022-07-04T18:31:52.860+0000][8][gc,age      ] GC(179) - age   4:       1272 bytes,     657576 total
[2022-07-04T18:31:52.861+0000][8][gc,age      ] GC(179) - age   5:     419624 bytes,    1077200 total
[2022-07-04T18:31:52.861+0000][8][gc,age      ] GC(179) - age   6:        480 bytes,    1077680 total
[2022-07-04T18:31:52.862+0000][8][gc,age      ] GC(179) - age   7:        240 bytes,    1077920 total
[2022-07-04T18:31:52.862+0000][8][gc,age      ] GC(179) - age   8:        184 bytes,    1078104 total
[2022-07-04T18:31:52.863+0000][8][gc,age      ] GC(179) - age   9:       2024 bytes,    1080128 total
[2022-07-04T18:31:52.863+0000][8][gc,age      ] GC(179) - age  10:        744 bytes,    1080872 total
[2022-07-04T18:31:52.864+0000][8][gc,age      ] GC(179) - age  11:        864 bytes,    1081736 total
[2022-07-04T18:31:52.865+0000][8][gc,age      ] GC(179) - age  12:        184 bytes,    1081920 total
[2022-07-04T18:31:52.865+0000][8][gc,heap     ] GC(179) Eden regions: 75->0(75)
[2022-07-04T18:31:52.866+0000][8][gc,heap     ] GC(179) Survivor regions: 1->1(10)
[2022-07-04T18:31:52.867+0000][8][gc,heap     ] GC(179) Old regions: 22->22
[2022-07-04T18:31:52.867+0000][8][gc,heap     ] GC(179) Archive regions: 2->2
[2022-07-04T18:31:52.868+0000][8][gc,heap     ] GC(179) Humongous regions: 0->0
[2022-07-04T18:31:52.870+0000][8][gc,metaspace] GC(179) Metaspace: 128099K(131392K)->128099K(131392K) NonClass: 111295K(112960K)->111295K(112960K) Class: 16803K(18432K)->16803K(18432K)
[2022-07-04T18:31:52.871+0000][8][gc          ] GC(179) Pause Young (Normal) (G1 Evacuation Pause) 391M->91M(512M) 24.846ms
[2022-07-04T18:31:52.871+0000][8][gc,cpu      ] GC(179) User=0.01s Sys=0.00s Real=0.02s
[2022-07-04T18:31:52.872+0000][8][safepoint   ] Safepoint "G1CollectForAllocation", Time since last: 102043108962 ns, Reaching safepoint: 89541 ns, At safepoint: 26244451 ns, Total: 26333992 ns
[2022-07-04T18:32:35.932+0000][8][safepoint   ] Safepoint "Cleanup", Time since last: 43081349431 ns, Reaching safepoint: 623661 ns, At safepoint: 27898 ns, Total: 651559 ns
[2022-07-04T18:33:47.500+0000][8][gc,start    ] GC(180) Pause Young (Normal) (G1 Evacuation Pause)
[2022-07-04T18:33:47.501+0000][8][gc,task     ] GC(180) Using 4 workers of 4 for evacuation
[2022-07-04T18:33:47.502+0000][8][gc,age      ] GC(180) Desired survivor size 20971520 bytes, new threshold 15 (max threshold 15)
[2022-07-04T18:33:47.508+0000][8][gc,phases   ] GC(180)   Pre Evacuate Collection Set: 0.4ms
[2022-07-04T18:33:47.509+0000][8][gc,phases   ] GC(180)   Merge Heap Roots: 0.2ms
[2022-07-04T18:33:47.510+0000][8][gc,phases   ] GC(180)   Evacuate Collection Set: 3.1ms
[2022-07-04T18:33:47.510+0000][8][gc,phases   ] GC(180)   Post Evacuate Collection Set: 1.2ms
[2022-07-04T18:33:47.511+0000][8][gc,phases   ] GC(180)   Other: 1.9ms
[2022-07-04T18:33:47.512+0000][8][gc,age      ] GC(180) Age table with threshold 15 (max threshold 15)
[2022-07-04T18:33:47.513+0000][8][gc,age      ] GC(180) - age   1:    1071496 bytes,    1071496 total
[2022-07-04T18:33:47.513+0000][8][gc,age      ] GC(180) - age   2:      58096 bytes,    1129592 total
[2022-07-04T18:33:47.514+0000][8][gc,age      ] GC(180) - age   3:     111824 bytes,    1241416 total
[2022-07-04T18:33:47.515+0000][8][gc,age      ] GC(180) - age   4:      29600 bytes,    1271016 total
[2022-07-04T18:33:47.516+0000][8][gc,age      ] GC(180) - age   5:       1272 bytes,    1272288 total
[2022-07-04T18:33:47.516+0000][8][gc,age      ] GC(180) - age   6:     419624 bytes,    1691912 total
[2022-07-04T18:33:47.517+0000][8][gc,age      ] GC(180) - age   7:        480 bytes,    1692392 total
[2022-07-04T18:33:47.518+0000][8][gc,age      ] GC(180) - age   8:        240 bytes,    1692632 total
[2022-07-04T18:33:47.519+0000][8][gc,age      ] GC(180) - age   9:        184 bytes,    1692816 total
[2022-07-04T18:33:47.519+0000][8][gc,age      ] GC(180) - age  10:       2024 bytes,    1694840 total
[2022-07-04T18:33:47.520+0000][8][gc,age      ] GC(180) - age  11:        744 bytes,    1695584 total
[2022-07-04T18:33:47.521+0000][8][gc,age      ] GC(180) - age  12:        480 bytes,    1696064 total
[2022-07-04T18:33:47.523+0000][8][gc,age      ] GC(180) - age  13:        184 bytes,    1696248 total
[2022-07-04T18:33:47.524+0000][8][gc,heap     ] GC(180) Eden regions: 75->0(75)
[2022-07-04T18:33:47.524+0000][8][gc,heap     ] GC(180) Survivor regions: 1->1(10)
[2022-07-04T18:33:47.525+0000][8][gc,heap     ] GC(180) Old regions: 22->22
[2022-07-04T18:33:47.526+0000][8][gc,heap     ] GC(180) Archive regions: 2->2
[2022-07-04T18:33:47.526+0000][8][gc,heap     ] GC(180) Humongous regions: 0->0
[2022-07-04T18:33:47.527+0000][8][gc,metaspace] GC(180) Metaspace: 128099K(131392K)->128099K(131392K) NonClass: 111295K(112960K)->111295K(112960K) Class: 16803K(18432K)->16803K(18432K)
[2022-07-04T18:33:47.528+0000][8][gc          ] GC(180) Pause Young (Normal) (G1 Evacuation Pause) 391M->91M(512M) 27.572ms
[2022-07-04T18:33:47.528+0000][8][gc,cpu      ] GC(180) User=0.01s Sys=0.00s Real=0.03s
[2022-07-04T18:33:47.529+0000][8][safepoint   ] Safepoint "G1CollectForAllocation", Time since last: 71632477604 ns, Reaching safepoint: 101173 ns, At safepoint: 28945421 ns, Total: 29046594 ns
[2022-07-04T18:33:59.546+0000][8][safepoint   ] Safepoint "Cleanup", Time since last: 12016309465 ns, Reaching safepoint: 447062 ns, At safepoint: 80271 ns, Total: 527333 ns
[2022-07-04T18:35:43.827+0000][8][gc,start    ] GC(181) Pause Young (Normal) (G1 Evacuation Pause)
[2022-07-04T18:35:43.828+0000][8][gc,task     ] GC(181) Using 4 workers of 4 for evacuation
[2022-07-04T18:35:43.829+0000][8][gc,age      ] GC(181) Desired survivor size 20971520 bytes, new threshold 15 (max threshold 15)
[2022-07-04T18:35:43.834+0000][8][gc,phases   ] GC(181)   Pre Evacuate Collection Set: 0.2ms
[2022-07-04T18:35:43.834+0000][8][gc,phases   ] GC(181)   Merge Heap Roots: 0.2ms
[2022-07-04T18:35:43.835+0000][8][gc,phases   ] GC(181)   Evacuate Collection Set: 2.1ms
[2022-07-04T18:35:43.836+0000][8][gc,phases   ] GC(181)   Post Evacuate Collection Set: 1.3ms
[2022-07-04T18:35:43.836+0000][8][gc,phases   ] GC(181)   Other: 1.7ms
[2022-07-04T18:35:43.837+0000][8][gc,age      ] GC(181) Age table with threshold 15 (max threshold 15)
[2022-07-04T18:35:43.837+0000][8][gc,age      ] GC(181) - age   1:    1548544 bytes,    1548544 total
[2022-07-04T18:35:43.838+0000][8][gc,age      ] GC(181) - age   2:      35424 bytes,    1583968 total
[2022-07-04T18:35:43.838+0000][8][gc,age      ] GC(181) - age   3:      57296 bytes,    1641264 total
[2022-07-04T18:35:43.839+0000][8][gc,age      ] GC(181) - age   4:     111432 bytes,    1752696 total
[2022-07-04T18:35:43.840+0000][8][gc,age      ] GC(181) - age   5:      29416 bytes,    1782112 total
[2022-07-04T18:35:43.840+0000][8][gc,age      ] GC(181) - age   6:       1272 bytes,    1783384 total
[2022-07-04T18:35:43.841+0000][8][gc,age      ] GC(181) - age   7:     417704 bytes,    2201088 total
[2022-07-04T18:35:43.841+0000][8][gc,age      ] GC(181) - age   8:        480 bytes,    2201568 total
[2022-07-04T18:35:43.842+0000][8][gc,age      ] GC(181) - age   9:        240 bytes,    2201808 total
[2022-07-04T18:35:43.842+0000][8][gc,age      ] GC(181) - age  10:        184 bytes,    2201992 total
[2022-07-04T18:35:43.843+0000][8][gc,age      ] GC(181) - age  11:       2024 bytes,    2204016 total
[2022-07-04T18:35:43.844+0000][8][gc,age      ] GC(181) - age  12:        744 bytes,    2204760 total
[2022-07-04T18:35:43.844+0000][8][gc,age      ] GC(181) - age  13:        480 bytes,    2205240 total
[2022-07-04T18:35:43.845+0000][8][gc,age      ] GC(181) - age  14:        184 bytes,    2205424 total
[2022-07-04T18:35:43.845+0000][8][gc,heap     ] GC(181) Eden regions: 75->0(75)
[2022-07-04T18:35:43.846+0000][8][gc,heap     ] GC(181) Survivor regions: 1->1(10)
[2022-07-04T18:35:43.847+0000][8][gc,heap     ] GC(181) Old regions: 22->22
[2022-07-04T18:35:43.848+0000][8][gc,heap     ] GC(181) Archive regions: 2->2
[2022-07-04T18:35:43.849+0000][8][gc,heap     ] GC(181) Humongous regions: 0->0
[2022-07-04T18:35:43.849+0000][8][gc,metaspace] GC(181) Metaspace: 128099K(131392K)->128099K(131392K) NonClass: 111295K(112960K)->111295K(112960K) Class: 16803K(18432K)->16803K(18432K)
[2022-07-04T18:35:43.850+0000][8][gc          ] GC(181) Pause Young (Normal) (G1 Evacuation Pause) 391M->92M(512M) 23.482ms
[2022-07-04T18:35:43.851+0000][8][gc,cpu      ] GC(181) User=0.01s Sys=0.00s Real=0.03s
[2022-07-04T18:35:43.852+0000][8][safepoint   ] Safepoint "G1CollectForAllocation", Time since last: 104367025294 ns, Reaching safepoint: 87727 ns, At safepoint: 24866352 ns, Total: 24954079 ns
[2022-07-04T18:36:43.863+0000][8][safepoint   ] Safepoint "Cleanup", Time since last: 60053717902 ns, Reaching safepoint: 493762 ns, At safepoint: 23483 ns, Total: 517245 ns
[2022-07-04T18:37:23.287+0000][8][gc,start    ] GC(182) Pause Young (Normal) (G1 Evacuation Pause)
[2022-07-04T18:37:23.290+0000][8][gc,task     ] GC(182) Using 4 workers of 4 for evacuation
[2022-07-04T18:37:23.291+0000][8][gc,age      ] GC(182) Desired survivor size 20971520 bytes, new threshold 15 (max threshold 15)
[2022-07-04T18:37:23.296+0000][8][gc,phases   ] GC(182)   Pre Evacuate Collection Set: 0.2ms
[2022-07-04T18:37:23.296+0000][8][gc,phases   ] GC(182)   Merge Heap Roots: 0.1ms
[2022-07-04T18:37:23.297+0000][8][gc,phases   ] GC(182)   Evacuate Collection Set: 2.6ms
[2022-07-04T18:37:23.297+0000][8][gc,phases   ] GC(182)   Post Evacuate Collection Set: 1.1ms
[2022-07-04T18:37:23.298+0000][8][gc,phases   ] GC(182)   Other: 1.9ms
[2022-07-04T18:37:23.299+0000][8][gc,age      ] GC(182) Age table with threshold 15 (max threshold 15)
[2022-07-04T18:37:23.299+0000][8][gc,age      ] GC(182) - age   1:    1404808 bytes,    1404808 total
[2022-07-04T18:37:23.300+0000][8][gc,age      ] GC(182) - age   2:       3736 bytes,    1408544 total
[2022-07-04T18:37:23.301+0000][8][gc,age      ] GC(182) - age   3:      26520 bytes,    1435064 total
[2022-07-04T18:37:23.302+0000][8][gc,age      ] GC(182) - age   4:      57232 bytes,    1492296 total
[2022-07-04T18:37:23.302+0000][8][gc,age      ] GC(182) - age   5:     111368 bytes,    1603664 total
[2022-07-04T18:37:23.303+0000][8][gc,age      ] GC(182) - age   6:      29416 bytes,    1633080 total
[2022-07-04T18:37:23.304+0000][8][gc,age      ] GC(182) - age   7:       1272 bytes,    1634352 total
[2022-07-04T18:37:23.304+0000][8][gc,age      ] GC(182) - age   8:     417704 bytes,    2052056 total
[2022-07-04T18:37:23.305+0000][8][gc,age      ] GC(182) - age   9:        480 bytes,    2052536 total
[2022-07-04T18:37:23.305+0000][8][gc,age      ] GC(182) - age  10:        240 bytes,    2052776 total
[2022-07-04T18:37:23.306+0000][8][gc,age      ] GC(182) - age  11:        184 bytes,    2052960 total
[2022-07-04T18:37:23.307+0000][8][gc,age      ] GC(182) - age  12:       2024 bytes,    2054984 total
[2022-07-04T18:37:23.307+0000][8][gc,age      ] GC(182) - age  13:        744 bytes,    2055728 total
[2022-07-04T18:37:23.308+0000][8][gc,age      ] GC(182) - age  14:        480 bytes,    2056208 total
[2022-07-04T18:37:23.308+0000][8][gc,age      ] GC(182) - age  15:        184 bytes,    2056392 total
[2022-07-04T18:37:23.309+0000][8][gc,heap     ] GC(182) Eden regions: 75->0(75)
[2022-07-04T18:37:23.310+0000][8][gc,heap     ] GC(182) Survivor regions: 1->1(10)
[2022-07-04T18:37:23.310+0000][8][gc,heap     ] GC(182) Old regions: 22->22
[2022-07-04T18:37:23.311+0000][8][gc,heap     ] GC(182) Archive regions: 2->2
[2022-07-04T18:37:23.312+0000][8][gc,heap     ] GC(182) Humongous regions: 0->0
[2022-07-04T18:37:23.312+0000][8][gc,metaspace] GC(182) Metaspace: 128099K(131392K)->128099K(131392K) NonClass: 111295K(112960K)->111295K(112960K) Class: 16803K(18432K)->16803K(18432K)
[2022-07-04T18:37:23.313+0000][8][gc          ] GC(182) Pause Young (Normal) (G1 Evacuation Pause) 392M->92M(512M) 26.499ms
[2022-07-04T18:37:23.314+0000][8][gc,cpu      ] GC(182) User=0.01s Sys=0.00s Real=0.02s
[2022-07-04T18:37:23.315+0000][8][safepoint   ] Safepoint "G1CollectForAllocation", Time since last: 39445021260 ns, Reaching safepoint: 139021 ns, At safepoint: 28375450 ns, Total: 28514471 ns
[2022-07-04T18:37:40.317+0000][8][safepoint   ] Safepoint "Cleanup", Time since last: 17023240282 ns, Reaching safepoint: 387288 ns, At safepoint: 96429 ns, Total: 483717 ns
[2022-07-04T18:38:00.350+0000][8][safepoint   ] Safepoint "Cleanup", Time since last: 20032753557 ns, Reaching safepoint: 622006 ns, At safepoint: 29860 ns, Total: 651866 ns
[2022-07-04T18:38:52.810+0000][8][gc,start    ] GC(183) Pause Young (Normal) (G1 Evacuation Pause)
[2022-07-04T18:38:52.811+0000][8][gc,task     ] GC(183) Using 4 workers of 4 for evacuation
[2022-07-04T18:38:52.812+0000][8][gc,age      ] GC(183) Desired survivor size 20971520 bytes, new threshold 15 (max threshold 15)
[2022-07-04T18:38:52.816+0000][8][gc,phases   ] GC(183)   Pre Evacuate Collection Set: 0.2ms
[2022-07-04T18:38:52.817+0000][8][gc,phases   ] GC(183)   Merge Heap Roots: 0.1ms
[2022-07-04T18:38:52.818+0000][8][gc,phases   ] GC(183)   Evacuate Collection Set: 2.2ms
[2022-07-04T18:38:52.818+0000][8][gc,phases   ] GC(183)   Post Evacuate Collection Set: 1.1ms
[2022-07-04T18:38:52.819+0000][8][gc,phases   ] GC(183)   Other: 2.0ms
[2022-07-04T18:38:52.819+0000][8][gc,age      ] GC(183) Age table with threshold 15 (max threshold 15)
[2022-07-04T18:38:52.820+0000][8][gc,age      ] GC(183) - age   1:    2004856 bytes,    2004856 total
[2022-07-04T18:38:52.820+0000][8][gc,age      ] GC(183) - age   2:      30728 bytes,    2035584 total
[2022-07-04T18:38:52.821+0000][8][gc,age      ] GC(183) - age   3:       2456 bytes,    2038040 total
[2022-07-04T18:38:52.821+0000][8][gc,age      ] GC(183) - age   4:      26328 bytes,    2064368 total
[2022-07-04T18:38:52.822+0000][8][gc,age      ] GC(183) - age   5:      57232 bytes,    2121600 total
[2022-07-04T18:38:52.822+0000][8][gc,age      ] GC(183) - age   6:     111152 bytes,    2232752 total
[2022-07-04T18:38:52.823+0000][8][gc,age      ] GC(183) - age   7:      29416 bytes,    2262168 total
[2022-07-04T18:38:52.824+0000][8][gc,age      ] GC(183) - age   8:       1272 bytes,    2263440 total
[2022-07-04T18:38:52.824+0000][8][gc,age      ] GC(183) - age   9:     417704 bytes,    2681144 total
[2022-07-04T18:38:52.825+0000][8][gc,age      ] GC(183) - age  10:        480 bytes,    2681624 total
[2022-07-04T18:38:52.825+0000][8][gc,age      ] GC(183) - age  11:        240 bytes,    2681864 total
[2022-07-04T18:38:52.826+0000][8][gc,age      ] GC(183) - age  12:        184 bytes,    2682048 total
[2022-07-04T18:38:52.826+0000][8][gc,age      ] GC(183) - age  13:       2024 bytes,    2684072 total
[2022-07-04T18:38:52.827+0000][8][gc,age      ] GC(183) - age  14:        744 bytes,    2684816 total
[2022-07-04T18:38:52.827+0000][8][gc,age      ] GC(183) - age  15:        480 bytes,    2685296 total
[2022-07-04T18:38:52.828+0000][8][gc,heap     ] GC(183) Eden regions: 75->0(75)
[2022-07-04T18:38:52.829+0000][8][gc,heap     ] GC(183) Survivor regions: 1->1(10)
[2022-07-04T18:38:52.830+0000][8][gc,heap     ] GC(183) Old regions: 22->22
[2022-07-04T18:38:52.831+0000][8][gc,heap     ] GC(183) Archive regions: 2->2
[2022-07-04T18:38:52.831+0000][8][gc,heap     ] GC(183) Humongous regions: 0->0
[2022-07-04T18:38:52.832+0000][8][gc,metaspace] GC(183) Metaspace: 128099K(131392K)->128099K(131392K) NonClass: 111295K(112960K)->111295K(112960K) Class: 16803K(18432K)->16803K(18432K)
[2022-07-04T18:38:52.832+0000][8][gc          ] GC(183) Pause Young (Normal) (G1 Evacuation Pause) 392M->92M(512M) 22.649ms
[2022-07-04T18:38:52.833+0000][8][gc,cpu      ] GC(183) User=0.01s Sys=0.01s Real=0.02s
[2022-07-04T18:38:52.834+0000][8][safepoint   ] Safepoint "G1CollectForAllocation", Time since last: 52502833574 ns, Reaching safepoint: 287264 ns, At safepoint: 24017099 ns, Total: 24304363 ns
[2022-07-04T18:39:09.853+0000][8][safepoint   ] Safepoint "Cleanup", Time since last: 17018994689 ns, Reaching safepoint: 290738 ns, At safepoint: 112686 ns, Total: 403424 ns
[2022-07-04T18:39:40.835+0000][8][safepoint   ] Safepoint "Cleanup", Time since last: 31024554294 ns, Reaching safepoint: 316319 ns, At safepoint: 14610 ns, Total: 330929 ns
[2022-07-04T18:40:19.927+0000][8][gc,start    ] GC(184) Pause Young (Normal) (G1 Evacuation Pause)
[2022-07-04T18:40:19.929+0000][8][gc,task     ] GC(184) Using 4 workers of 4 for evacuation
[2022-07-04T18:40:19.930+0000][8][gc,age      ] GC(184) Desired survivor size 20971520 bytes, new threshold 15 (max threshold 15)
[2022-07-04T18:40:19.934+0000][8][gc,phases   ] GC(184)   Pre Evacuate Collection Set: 0.1ms
[2022-07-04T18:40:19.935+0000][8][gc,phases   ] GC(184)   Merge Heap Roots: 0.2ms
[2022-07-04T18:40:19.935+0000][8][gc,phases   ] GC(184)   Evacuate Collection Set: 2.0ms
[2022-07-04T18:40:19.936+0000][8][gc,phases   ] GC(184)   Post Evacuate Collection Set: 0.9ms
[2022-07-04T18:40:19.936+0000][8][gc,phases   ] GC(184)   Other: 1.8ms
[2022-07-04T18:40:19.937+0000][8][gc,age      ] GC(184) Age table with threshold 15 (max threshold 15)
[2022-07-04T18:40:19.937+0000][8][gc,age      ] GC(184) - age   1:     525840 bytes,     525840 total
[2022-07-04T18:40:19.938+0000][8][gc,age      ] GC(184) - age   2:       6976 bytes,     532816 total
[2022-07-04T18:40:19.938+0000][8][gc,age      ] GC(184) - age   3:      29136 bytes,     561952 total
[2022-07-04T18:40:19.940+0000][8][gc,age      ] GC(184) - age   4:       2136 bytes,     564088 total
[2022-07-04T18:40:19.941+0000][8][gc,age      ] GC(184) - age   5:      26328 bytes,     590416 total
[2022-07-04T18:40:19.941+0000][8][gc,age      ] GC(184) - age   6:      57232 bytes,     647648 total
[2022-07-04T18:40:19.942+0000][8][gc,age      ] GC(184) - age   7:     111152 bytes,     758800 total
[2022-07-04T18:40:19.942+0000][8][gc,age      ] GC(184) - age   8:      29416 bytes,     788216 total
[2022-07-04T18:40:19.943+0000][8][gc,age      ] GC(184) - age   9:       1272 bytes,     789488 total
[2022-07-04T18:40:19.944+0000][8][gc,age      ] GC(184) - age  10:     417312 bytes,    1206800 total
[2022-07-04T18:40:19.945+0000][8][gc,age      ] GC(184) - age  11:        480 bytes,    1207280 total
[2022-07-04T18:40:19.945+0000][8][gc,age      ] GC(184) - age  12:        240 bytes,    1207520 total
[2022-07-04T18:40:19.946+0000][8][gc,age      ] GC(184) - age  13:        184 bytes,    1207704 total
[2022-07-04T18:40:19.947+0000][8][gc,age      ] GC(184) - age  14:       2024 bytes,    1209728 total
[2022-07-04T18:40:19.947+0000][8][gc,age      ] GC(184) - age  15:        744 bytes,    1210472 total
[2022-07-04T18:40:19.948+0000][8][gc,heap     ] GC(184) Eden regions: 75->0(75)
[2022-07-04T18:40:19.949+0000][8][gc,heap     ] GC(184) Survivor regions: 1->1(10)
[2022-07-04T18:40:19.949+0000][8][gc,heap     ] GC(184) Old regions: 22->22
[2022-07-04T18:40:19.950+0000][8][gc,heap     ] GC(184) Archive regions: 2->2
[2022-07-04T18:40:19.950+0000][8][gc,heap     ] GC(184) Humongous regions: 0->0
[2022-07-04T18:40:19.951+0000][8][gc,metaspace] GC(184) Metaspace: 128099K(131392K)->128099K(131392K) NonClass: 111296K(112960K)->111296K(112960K) Class: 16803K(18432K)->16803K(18432K)
[2022-07-04T18:40:19.951+0000][8][gc          ] GC(184) Pause Young (Normal) (G1 Evacuation Pause) 392M->91M(512M) 24.360ms
[2022-07-04T18:40:19.952+0000][8][gc,cpu      ] GC(184) User=0.00s Sys=0.01s Real=0.02s
[2022-07-04T18:40:19.953+0000][8][safepoint   ] Safepoint "G1CollectForAllocation", Time since last: 39113785389 ns, Reaching safepoint: 98643 ns, At safepoint: 25854539 ns, Total: 25953182 ns
[2022-07-04T18:42:16.709+0000][8][gc,start    ] GC(185) Pause Young (Normal) (G1 Evacuation Pause)
[2022-07-04T18:42:16.710+0000][8][gc,task     ] GC(185) Using 4 workers of 4 for evacuation
[2022-07-04T18:42:16.710+0000][8][gc,age      ] GC(185) Desired survivor size 20971520 bytes, new threshold 15 (max threshold 15)
[2022-07-04T18:42:16.716+0000][8][gc,phases   ] GC(185)   Pre Evacuate Collection Set: 0.3ms
[2022-07-04T18:42:16.717+0000][8][gc,phases   ] GC(185)   Merge Heap Roots: 0.2ms
[2022-07-04T18:42:16.718+0000][8][gc,phases   ] GC(185)   Evacuate Collection Set: 2.8ms
[2022-07-04T18:42:16.718+0000][8][gc,phases   ] GC(185)   Post Evacuate Collection Set: 1.3ms
[2022-07-04T18:42:16.719+0000][8][gc,phases   ] GC(185)   Other: 1.3ms
[2022-07-04T18:42:16.719+0000][8][gc,age      ] GC(185) Age table with threshold 15 (max threshold 15)
[2022-07-04T18:42:16.720+0000][8][gc,age      ] GC(185) - age   1:    1476616 bytes,    1476616 total
[2022-07-04T18:42:16.720+0000][8][gc,age      ] GC(185) - age   2:       1344 bytes,    1477960 total
[2022-07-04T18:42:16.721+0000][8][gc,age      ] GC(185) - age   3:       5696 bytes,    1483656 total
[2022-07-04T18:42:16.721+0000][8][gc,age      ] GC(185) - age   4:      28840 bytes,    1512496 total
[2022-07-04T18:42:16.722+0000][8][gc,age      ] GC(185) - age   5:       2136 bytes,    1514632 total
[2022-07-04T18:42:16.722+0000][8][gc,age      ] GC(185) - age   6:      26240 bytes,    1540872 total
[2022-07-04T18:42:16.723+0000][8][gc,age      ] GC(185) - age   7:      57232 bytes,    1598104 total
[2022-07-04T18:42:16.723+0000][8][gc,age      ] GC(185) - age   8:     111152 bytes,    1709256 total
[2022-07-04T18:42:16.724+0000][8][gc,age      ] GC(185) - age   9:      29416 bytes,    1738672 total
[2022-07-04T18:42:16.724+0000][8][gc,age      ] GC(185) - age  10:       1272 bytes,    1739944 total
[2022-07-04T18:42:16.725+0000][8][gc,age      ] GC(185) - age  11:     417312 bytes,    2157256 total
[2022-07-04T18:42:16.725+0000][8][gc,age      ] GC(185) - age  12:        480 bytes,    2157736 total
[2022-07-04T18:42:16.726+0000][8][gc,age      ] GC(185) - age  13:        240 bytes,    2157976 total
[2022-07-04T18:42:16.727+0000][8][gc,age      ] GC(185) - age  14:        184 bytes,    2158160 total
[2022-07-04T18:42:16.727+0000][8][gc,age      ] GC(185) - age  15:       2024 bytes,    2160184 total
[2022-07-04T18:42:16.728+0000][8][gc,heap     ] GC(185) Eden regions: 75->0(75)
[2022-07-04T18:42:16.729+0000][8][gc,heap     ] GC(185) Survivor regions: 1->1(10)
[2022-07-04T18:42:16.730+0000][8][gc,heap     ] GC(185) Old regions: 22->22
[2022-07-04T18:42:16.730+0000][8][gc,heap     ] GC(185) Archive regions: 2->2
[2022-07-04T18:42:16.731+0000][8][gc,heap     ] GC(185) Humongous regions: 0->0
[2022-07-04T18:42:16.732+0000][8][gc,metaspace] GC(185) Metaspace: 128099K(131392K)->128099K(131392K) NonClass: 111296K(112960K)->111296K(112960K) Class: 16803K(18432K)->16803K(18432K)
[2022-07-04T18:42:16.733+0000][8][gc          ] GC(185) Pause Young (Normal) (G1 Evacuation Pause) 391M->92M(512M) 23.940ms
[2022-07-04T18:42:16.734+0000][8][gc,cpu      ] GC(185) User=0.02s Sys=0.00s Real=0.02s
[2022-07-04T18:42:16.735+0000][8][safepoint   ] Safepoint "G1CollectForAllocation", Time since last: 116841245850 ns, Reaching safepoint: 270540 ns, At safepoint: 25933632 ns, Total: 26204172 ns
[2022-07-04T18:42:22.739+0000][8][safepoint   ] Safepoint "Cleanup", Time since last: 6004249108 ns, Reaching safepoint: 278291 ns, At safepoint: 30193 ns, Total: 308484 ns
[2022-07-04T18:43:16.749+0000][8][safepoint   ] Safepoint "Cleanup", Time since last: 54052885215 ns, Reaching safepoint: 238588 ns, At safepoint: 13554 ns, Total: 252142 ns
[2022-07-04T18:44:08.524+0000][8][gc,start    ] GC(186) Pause Young (Normal) (G1 Evacuation Pause)
[2022-07-04T18:44:08.526+0000][8][gc,task     ] GC(186) Using 4 workers of 4 for evacuation
[2022-07-04T18:44:08.527+0000][8][gc,age      ] GC(186) Desired survivor size 20971520 bytes, new threshold 15 (max threshold 15)
[2022-07-04T18:44:08.534+0000][8][gc,phases   ] GC(186)   Pre Evacuate Collection Set: 0.2ms
[2022-07-04T18:44:08.535+0000][8][gc,phases   ] GC(186)   Merge Heap Roots: 0.2ms
[2022-07-04T18:44:08.536+0000][8][gc,phases   ] GC(186)   Evacuate Collection Set: 4.1ms
[2022-07-04T18:44:08.537+0000][8][gc,phases   ] GC(186)   Post Evacuate Collection Set: 1.3ms
[2022-07-04T18:44:08.538+0000][8][gc,phases   ] GC(186)   Other: 2.5ms
[2022-07-04T18:44:08.538+0000][8][gc,age      ] GC(186) Age table with threshold 15 (max threshold 15)
[2022-07-04T18:44:08.539+0000][8][gc,age      ] GC(186) - age   1:    1684512 bytes,    1684512 total
[2022-07-04T18:44:08.540+0000][8][gc,age      ] GC(186) - age   2:       7248 bytes,    1691760 total
[2022-07-04T18:44:08.540+0000][8][gc,age      ] GC(186) - age   3:        896 bytes,    1692656 total
[2022-07-04T18:44:08.541+0000][8][gc,age      ] GC(186) - age   4:       5632 bytes,    1698288 total
[2022-07-04T18:44:08.542+0000][8][gc,age      ] GC(186) - age   5:      28456 bytes,    1726744 total
[2022-07-04T18:44:08.542+0000][8][gc,age      ] GC(186) - age   6:       2136 bytes,    1728880 total
[2022-07-04T18:44:08.543+0000][8][gc,age      ] GC(186) - age   7:      26240 bytes,    1755120 total
[2022-07-04T18:44:08.544+0000][8][gc,age      ] GC(186) - age   8:      57232 bytes,    1812352 total
[2022-07-04T18:44:08.545+0000][8][gc,age      ] GC(186) - age   9:     111152 bytes,    1923504 total
[2022-07-04T18:44:08.545+0000][8][gc,age      ] GC(186) - age  10:      29416 bytes,    1952920 total
[2022-07-04T18:44:08.546+0000][8][gc,age      ] GC(186) - age  11:       1272 bytes,    1954192 total
[2022-07-04T18:44:08.546+0000][8][gc,age      ] GC(186) - age  12:     417312 bytes,    2371504 total
[2022-07-04T18:44:08.547+0000][8][gc,age      ] GC(186) - age  13:        480 bytes,    2371984 total
[2022-07-04T18:44:08.548+0000][8][gc,age      ] GC(186) - age  14:        240 bytes,    2372224 total
[2022-07-04T18:44:08.548+0000][8][gc,age      ] GC(186) - age  15:        184 bytes,    2372408 total
[2022-07-04T18:44:08.549+0000][8][gc,heap     ] GC(186) Eden regions: 75->0(75)
[2022-07-04T18:44:08.550+0000][8][gc,heap     ] GC(186) Survivor regions: 1->1(10)
[2022-07-04T18:44:08.550+0000][8][gc,heap     ] GC(186) Old regions: 22->22
[2022-07-04T18:44:08.551+0000][8][gc,heap     ] GC(186) Archive regions: 2->2
[2022-07-04T18:44:08.552+0000][8][gc,heap     ] GC(186) Humongous regions: 0->0
[2022-07-04T18:44:08.553+0000][8][gc,metaspace] GC(186) Metaspace: 128099K(131392K)->128099K(131392K) NonClass: 111296K(112960K)->111296K(112960K) Class: 16803K(18432K)->16803K(18432K)
[2022-07-04T18:44:08.554+0000][8][gc          ] GC(186) Pause Young (Normal) (G1 Evacuation Pause) 392M->92M(512M) 29.951ms
[2022-07-04T18:44:08.555+0000][8][gc,cpu      ] GC(186) User=0.01s Sys=0.01s Real=0.03s
[2022-07-04T18:44:08.556+0000][8][safepoint   ] Safepoint "G1CollectForAllocation", Time since last: 51797642685 ns, Reaching safepoint: 114865 ns, At safepoint: 31781688 ns, Total: 31896553 ns
[2022-07-04T18:45:10.551+0000][8][safepoint   ] Safepoint "Cleanup", Time since last: 62058620475 ns, Reaching safepoint: 244462 ns, At safepoint: 17025 ns, Total: 261487 ns
[2022-07-04T18:46:04.731+0000][8][gc,start    ] GC(187) Pause Young (Normal) (G1 Evacuation Pause)
[2022-07-04T18:46:04.732+0000][8][gc,task     ] GC(187) Using 4 workers of 4 for evacuation
[2022-07-04T18:46:04.733+0000][8][gc,age      ] GC(187) Desired survivor size 20971520 bytes, new threshold 15 (max threshold 15)
[2022-07-04T18:46:04.739+0000][8][gc,phases   ] GC(187)   Pre Evacuate Collection Set: 0.3ms
[2022-07-04T18:46:04.739+0000][8][gc,phases   ] GC(187)   Merge Heap Roots: 0.2ms
[2022-07-04T18:46:04.740+0000][8][gc,phases   ] GC(187)   Evacuate Collection Set: 2.6ms
[2022-07-04T18:46:04.741+0000][8][gc,phases   ] GC(187)   Post Evacuate Collection Set: 1.5ms
[2022-07-04T18:46:04.742+0000][8][gc,phases   ] GC(187)   Other: 1.9ms
[2022-07-04T18:46:04.742+0000][8][gc,age      ] GC(187) Age table with threshold 15 (max threshold 15)
[2022-07-04T18:46:04.743+0000][8][gc,age      ] GC(187) - age   1:    1491608 bytes,    1491608 total
[2022-07-04T18:46:04.744+0000][8][gc,age      ] GC(187) - age   2:       1728 bytes,    1493336 total
[2022-07-04T18:46:04.745+0000][8][gc,age      ] GC(187) - age   3:       5208 bytes,    1498544 total
[2022-07-04T18:46:04.745+0000][8][gc,age      ] GC(187) - age   4:        672 bytes,    1499216 total
[2022-07-04T18:46:04.746+0000][8][gc,age      ] GC(187) - age   5:       5320 bytes,    1504536 total
[2022-07-04T18:46:04.747+0000][8][gc,age      ] GC(187) - age   6:      28456 bytes,    1532992 total
[2022-07-04T18:46:04.748+0000][8][gc,age      ] GC(187) - age   7:        184 bytes,    1533176 total
[2022-07-04T18:46:04.750+0000][8][gc,age      ] GC(187) - age   8:      26240 bytes,    1559416 total
[2022-07-04T18:46:04.750+0000][8][gc,age      ] GC(187) - age   9:      57232 bytes,    1616648 total
[2022-07-04T18:46:04.751+0000][8][gc,age      ] GC(187) - age  10:     111152 bytes,    1727800 total
[2022-07-04T18:46:04.752+0000][8][gc,age      ] GC(187) - age  11:      29416 bytes,    1757216 total
[2022-07-04T18:46:04.752+0000][8][gc,age      ] GC(187) - age  12:       1272 bytes,    1758488 total
[2022-07-04T18:46:04.753+0000][8][gc,age      ] GC(187) - age  13:     417312 bytes,    2175800 total
[2022-07-04T18:46:04.753+0000][8][gc,age      ] GC(187) - age  14:        480 bytes,    2176280 total
[2022-07-04T18:46:04.754+0000][8][gc,age      ] GC(187) - age  15:        240 bytes,    2176520 total
[2022-07-04T18:46:04.755+0000][8][gc,heap     ] GC(187) Eden regions: 75->0(75)
[2022-07-04T18:46:04.755+0000][8][gc,heap     ] GC(187) Survivor regions: 1->1(10)
[2022-07-04T18:46:04.756+0000][8][gc,heap     ] GC(187) Old regions: 22->22
[2022-07-04T18:46:04.756+0000][8][gc,heap     ] GC(187) Archive regions: 2->2
[2022-07-04T18:46:04.757+0000][8][gc,heap     ] GC(187) Humongous regions: 0->0
[2022-07-04T18:46:04.758+0000][8][gc,metaspace] GC(187) Metaspace: 128101K(131392K)->128101K(131392K) NonClass: 111297K(112960K)->111297K(112960K) Class: 16803K(18432K)->16803K(18432K)
[2022-07-04T18:46:04.758+0000][8][gc          ] GC(187) Pause Young (Normal) (G1 Evacuation Pause) 392M->92M(512M) 27.477ms
[2022-07-04T18:46:04.759+0000][8][gc,cpu      ] GC(187) User=0.01s Sys=0.00s Real=0.03s
[2022-07-04T18:46:04.760+0000][8][safepoint   ] Safepoint "G1CollectForAllocation", Time since last: 54201293828 ns, Reaching safepoint: 123591 ns, At safepoint: 29003271 ns, Total: 29126862 ns
[2022-07-04T18:47:10.753+0000][8][safepoint   ] Safepoint "Cleanup", Time since last: 66058175917 ns, Reaching safepoint: 272748 ns, At safepoint: 168012 ns, Total: 440760 ns
[2022-07-04T18:47:43.643+0000][8][gc,start    ] GC(188) Pause Young (Normal) (G1 Evacuation Pause)
[2022-07-04T18:47:43.645+0000][8][gc,task     ] GC(188) Using 4 workers of 4 for evacuation
[2022-07-04T18:47:43.646+0000][8][gc,age      ] GC(188) Desired survivor size 20971520 bytes, new threshold 15 (max threshold 15)
[2022-07-04T18:47:43.663+0000][8][gc,phases   ] GC(188)   Pre Evacuate Collection Set: 0.2ms
[2022-07-04T18:47:43.666+0000][8][gc,phases   ] GC(188)   Merge Heap Roots: 0.1ms
[2022-07-04T18:47:43.668+0000][8][gc,phases   ] GC(188)   Evacuate Collection Set: 3.1ms
[2022-07-04T18:47:43.671+0000][8][gc,phases   ] GC(188)   Post Evacuate Collection Set: 1.7ms
[2022-07-04T18:47:43.673+0000][8][gc,phases   ] GC(188)   Other: 13.2ms
[2022-07-04T18:47:43.676+0000][8][gc,age      ] GC(188) Age table with threshold 15 (max threshold 15)
[2022-07-04T18:47:43.678+0000][8][gc,age      ] GC(188) - age   1:    1075880 bytes,    1075880 total
[2022-07-04T18:47:43.679+0000][8][gc,age      ] GC(188) - age   2:      24760 bytes,    1100640 total
[2022-07-04T18:47:43.680+0000][8][gc,age      ] GC(188) - age   3:        320 bytes,    1100960 total
[2022-07-04T18:47:43.681+0000][8][gc,age      ] GC(188) - age   4:       5144 bytes,    1106104 total
[2022-07-04T18:47:43.681+0000][8][gc,age      ] GC(188) - age   5:        672 bytes,    1106776 total
[2022-07-04T18:47:43.682+0000][8][gc,age      ] GC(188) - age   6:       5320 bytes,    1112096 total
[2022-07-04T18:47:43.683+0000][8][gc,age      ] GC(188) - age   7:      28456 bytes,    1140552 total
[2022-07-04T18:47:43.684+0000][8][gc,age      ] GC(188) - age   8:        184 bytes,    1140736 total
[2022-07-04T18:47:43.685+0000][8][gc,age      ] GC(188) - age   9:      26240 bytes,    1166976 total
[2022-07-04T18:47:43.685+0000][8][gc,age      ] GC(188) - age  10:      57232 bytes,    1224208 total
[2022-07-04T18:47:43.687+0000][8][gc,age      ] GC(188) - age  11:     111152 bytes,    1335360 total
[2022-07-04T18:47:43.689+0000][8][gc,age      ] GC(188) - age  12:      29416 bytes,    1364776 total
[2022-07-04T18:47:43.689+0000][8][gc,age      ] GC(188) - age  13:       1272 bytes,    1366048 total
[2022-07-04T18:47:43.690+0000][8][gc,age      ] GC(188) - age  14:     417312 bytes,    1783360 total
[2022-07-04T18:47:43.691+0000][8][gc,age      ] GC(188) - age  15:        480 bytes,    1783840 total
[2022-07-04T18:47:43.691+0000][8][gc,heap     ] GC(188) Eden regions: 75->0(75)
[2022-07-04T18:47:43.692+0000][8][gc,heap     ] GC(188) Survivor regions: 1->1(10)
[2022-07-04T18:47:43.692+0000][8][gc,heap     ] GC(188) Old regions: 22->22
[2022-07-04T18:47:43.693+0000][8][gc,heap     ] GC(188) Archive regions: 2->2
[2022-07-04T18:47:43.694+0000][8][gc,heap     ] GC(188) Humongous regions: 0->0
[2022-07-04T18:47:43.694+0000][8][gc,metaspace] GC(188) Metaspace: 128101K(131392K)->128101K(131392K) NonClass: 111297K(112960K)->111297K(112960K) Class: 16803K(18432K)->16803K(18432K)
[2022-07-04T18:47:43.695+0000][8][gc          ] GC(188) Pause Young (Normal) (G1 Evacuation Pause) 392M->91M(512M) 51.605ms
[2022-07-04T18:47:43.695+0000][8][gc,cpu      ] GC(188) User=0.01s Sys=0.00s Real=0.05s
[2022-07-04T18:47:43.696+0000][8][safepoint   ] Safepoint "G1CollectForAllocation", Time since last: 32911527811 ns, Reaching safepoint: 172638 ns, At safepoint: 52809651 ns, Total: 52982289 ns
[2022-07-04T18:48:10.707+0000][8][safepoint   ] Safepoint "Cleanup", Time since last: 27032039756 ns, Reaching safepoint: 380408 ns, At safepoint: 63324 ns, Total: 443732 ns
[2022-07-04T18:49:13.577+0000][8][gc,start    ] GC(189) Pause Young (Normal) (G1 Evacuation Pause)
[2022-07-04T18:49:13.578+0000][8][gc,task     ] GC(189) Using 4 workers of 4 for evacuation
[2022-07-04T18:49:13.579+0000][8][gc,age      ] GC(189) Desired survivor size 20971520 bytes, new threshold 15 (max threshold 15)
[2022-07-04T18:49:13.585+0000][8][gc,phases   ] GC(189)   Pre Evacuate Collection Set: 0.3ms
[2022-07-04T18:49:13.586+0000][8][gc,phases   ] GC(189)   Merge Heap Roots: 0.2ms
[2022-07-04T18:49:13.586+0000][8][gc,phases   ] GC(189)   Evacuate Collection Set: 2.9ms
[2022-07-04T18:49:13.587+0000][8][gc,phases   ] GC(189)   Post Evacuate Collection Set: 1.4ms
[2022-07-04T18:49:13.587+0000][8][gc,phases   ] GC(189)   Other: 1.6ms
[2022-07-04T18:49:13.588+0000][8][gc,age      ] GC(189) Age table with threshold 15 (max threshold 15)
[2022-07-04T18:49:13.588+0000][8][gc,age      ] GC(189) - age   1:    1158992 bytes,    1158992 total
[2022-07-04T18:49:13.589+0000][8][gc,age      ] GC(189) - age   2:       6128 bytes,    1165120 total
[2022-07-04T18:49:13.590+0000][8][gc,age      ] GC(189) - age   3:      23264 bytes,    1188384 total
[2022-07-04T18:49:13.590+0000][8][gc,age      ] GC(189) - age   4:        320 bytes,    1188704 total
[2022-07-04T18:49:13.591+0000][8][gc,age      ] GC(189) - age   5:       5144 bytes,    1193848 total
[2022-07-04T18:49:13.592+0000][8][gc,age      ] GC(189) - age   6:        672 bytes,    1194520 total
[2022-07-04T18:49:13.593+0000][8][gc,age      ] GC(189) - age   7:       5112 bytes,    1199632 total
[2022-07-04T18:49:13.594+0000][8][gc,age      ] GC(189) - age   8:      28456 bytes,    1228088 total
[2022-07-04T18:49:13.594+0000][8][gc,age      ] GC(189) - age   9:        184 bytes,    1228272 total
[2022-07-04T18:49:13.595+0000][8][gc,age      ] GC(189) - age  10:      26240 bytes,    1254512 total
[2022-07-04T18:49:13.596+0000][8][gc,age      ] GC(189) - age  11:      57232 bytes,    1311744 total
[2022-07-04T18:49:13.596+0000][8][gc,age      ] GC(189) - age  12:     111152 bytes,    1422896 total
[2022-07-04T18:49:13.597+0000][8][gc,age      ] GC(189) - age  13:      29416 bytes,    1452312 total
[2022-07-04T18:49:13.598+0000][8][gc,age      ] GC(189) - age  14:       1272 bytes,    1453584 total
[2022-07-04T18:49:13.598+0000][8][gc,age      ] GC(189) - age  15:     408880 bytes,    1862464 total
[2022-07-04T18:49:13.599+0000][8][gc,heap     ] GC(189) Eden regions: 75->0(75)
[2022-07-04T18:49:13.601+0000][8][gc,heap     ] GC(189) Survivor regions: 1->1(10)
[2022-07-04T18:49:13.601+0000][8][gc,heap     ] GC(189) Old regions: 22->22
[2022-07-04T18:49:13.602+0000][8][gc,heap     ] GC(189) Archive regions: 2->2
[2022-07-04T18:49:13.602+0000][8][gc,heap     ] GC(189) Humongous regions: 0->0
[2022-07-04T18:49:13.603+0000][8][gc,metaspace] GC(189) Metaspace: 128101K(131392K)->128101K(131392K) NonClass: 111297K(112960K)->111297K(112960K) Class: 16803K(18432K)->16803K(18432K)
[2022-07-04T18:49:13.604+0000][8][gc          ] GC(189) Pause Young (Normal) (G1 Evacuation Pause) 391M->91M(512M) 26.989ms
[2022-07-04T18:49:13.605+0000][8][gc,cpu      ] GC(189) User=0.01s Sys=0.00s Real=0.02s
[2022-07-04T18:49:13.605+0000][8][safepoint   ] Safepoint "G1CollectForAllocation", Time since last: 62912832914 ns, Reaching safepoint: 172807 ns, At safepoint: 28600788 ns, Total: 28773595 ns
[2022-07-04T18:50:40.542+0000][8][gc,start    ] GC(190) Pause Young (Normal) (G1 Evacuation Pause)
[2022-07-04T18:50:40.545+0000][8][gc,task     ] GC(190) Using 4 workers of 4 for evacuation
[2022-07-04T18:50:40.547+0000][8][gc,age      ] GC(190) Desired survivor size 20971520 bytes, new threshold 15 (max threshold 15)
[2022-07-04T18:50:40.554+0000][8][gc,phases   ] GC(190)   Pre Evacuate Collection Set: 0.2ms
[2022-07-04T18:50:40.555+0000][8][gc,phases   ] GC(190)   Merge Heap Roots: 0.1ms
[2022-07-04T18:50:40.555+0000][8][gc,phases   ] GC(190)   Evacuate Collection Set: 4.9ms
[2022-07-04T18:50:40.556+0000][8][gc,phases   ] GC(190)   Post Evacuate Collection Set: 1.1ms
[2022-07-04T18:50:40.557+0000][8][gc,phases   ] GC(190)   Other: 2.0ms
[2022-07-04T18:50:40.558+0000][8][gc,age      ] GC(190) Age table with threshold 15 (max threshold 15)
[2022-07-04T18:50:40.559+0000][8][gc,age      ] GC(190) - age   1:    1465584 bytes,    1465584 total
[2022-07-04T18:50:40.560+0000][8][gc,age      ] GC(190) - age   2:       1968 bytes,    1467552 total
[2022-07-04T18:50:40.560+0000][8][gc,age      ] GC(190) - age   3:       4848 bytes,    1472400 total
[2022-07-04T18:50:40.561+0000][8][gc,age      ] GC(190) - age   4:      22912 bytes,    1495312 total
[2022-07-04T18:50:40.562+0000][8][gc,age      ] GC(190) - age   5:         24 bytes,    1495336 total
[2022-07-04T18:50:40.562+0000][8][gc,age      ] GC(190) - age   6:       4848 bytes,    1500184 total
[2022-07-04T18:50:40.563+0000][8][gc,age      ] GC(190) - age   7:        672 bytes,    1500856 total
[2022-07-04T18:50:40.564+0000][8][gc,age      ] GC(190) - age   8:       5112 bytes,    1505968 total
[2022-07-04T18:50:40.564+0000][8][gc,age      ] GC(190) - age   9:      28456 bytes,    1534424 total
[2022-07-04T18:50:40.565+0000][8][gc,age      ] GC(190) - age  10:        184 bytes,    1534608 total
[2022-07-04T18:50:40.565+0000][8][gc,age      ] GC(190) - age  11:      26240 bytes,    1560848 total
[2022-07-04T18:50:40.566+0000][8][gc,age      ] GC(190) - age  12:      57048 bytes,    1617896 total
[2022-07-04T18:50:40.567+0000][8][gc,age      ] GC(190) - age  13:     111152 bytes,    1729048 total
[2022-07-04T18:50:40.567+0000][8][gc,age      ] GC(190) - age  14:      29416 bytes,    1758464 total
[2022-07-04T18:50:40.568+0000][8][gc,age      ] GC(190) - age  15:       1272 bytes,    1759736 total
[2022-07-04T18:50:40.569+0000][8][gc,heap     ] GC(190) Eden regions: 75->0(75)
[2022-07-04T18:50:40.569+0000][8][gc,heap     ] GC(190) Survivor regions: 1->1(10)
[2022-07-04T18:50:40.571+0000][8][gc,heap     ] GC(190) Old regions: 22->22
[2022-07-04T18:50:40.572+0000][8][gc,heap     ] GC(190) Archive regions: 2->2
[2022-07-04T18:50:40.572+0000][8][gc,heap     ] GC(190) Humongous regions: 0->0
[2022-07-04T18:50:40.575+0000][8][gc,metaspace] GC(190) Metaspace: 128101K(131392K)->128101K(131392K) NonClass: 111297K(112960K)->111297K(112960K) Class: 16803K(18432K)->16803K(18432K)
[2022-07-04T18:50:40.577+0000][8][gc          ] GC(190) Pause Young (Normal) (G1 Evacuation Pause) 391M->92M(512M) 35.197ms
[2022-07-04T18:50:40.578+0000][8][gc,cpu      ] GC(190) User=0.02s Sys=0.00s Real=0.03s
[2022-07-04T18:50:40.579+0000][8][safepoint   ] Safepoint "G1CollectForAllocation", Time since last: 86998739875 ns, Reaching safepoint: 1575239 ns, At safepoint: 37756822 ns, Total: 39332061 ns
[2022-07-04T18:52:08.150+0000][8][gc,start    ] GC(191) Pause Young (Normal) (G1 Evacuation Pause)
[2022-07-04T18:52:08.151+0000][8][gc,task     ] GC(191) Using 4 workers of 4 for evacuation
[2022-07-04T18:52:08.152+0000][8][gc,age      ] GC(191) Desired survivor size 20971520 bytes, new threshold 15 (max threshold 15)
[2022-07-04T18:52:08.158+0000][8][gc,phases   ] GC(191)   Pre Evacuate Collection Set: 0.3ms
[2022-07-04T18:52:08.160+0000][8][gc,phases   ] GC(191)   Merge Heap Roots: 0.1ms
[2022-07-04T18:52:08.162+0000][8][gc,phases   ] GC(191)   Evacuate Collection Set: 3.0ms
[2022-07-04T18:52:08.163+0000][8][gc,phases   ] GC(191)   Post Evacuate Collection Set: 1.1ms
[2022-07-04T18:52:08.164+0000][8][gc,phases   ] GC(191)   Other: 1.7ms
[2022-07-04T18:52:08.165+0000][8][gc,age      ] GC(191) Age table with threshold 15 (max threshold 15)
[2022-07-04T18:52:08.165+0000][8][gc,age      ] GC(191) - age   1:    1373848 bytes,    1373848 total
[2022-07-04T18:52:08.166+0000][8][gc,age      ] GC(191) - age   2:      10984 bytes,    1384832 total
[2022-07-04T18:52:08.168+0000][8][gc,age      ] GC(191) - age   3:        856 bytes,    1385688 total
[2022-07-04T18:52:08.169+0000][8][gc,age      ] GC(191) - age   4:       4848 bytes,    1390536 total
[2022-07-04T18:52:08.170+0000][8][gc,age      ] GC(191) - age   5:      22912 bytes,    1413448 total
[2022-07-04T18:52:08.171+0000][8][gc,age      ] GC(191) - age   6:         24 bytes,    1413472 total
[2022-07-04T18:52:08.171+0000][8][gc,age      ] GC(191) - age   7:       4848 bytes,    1418320 total
[2022-07-04T18:52:08.172+0000][8][gc,age      ] GC(191) - age   8:        672 bytes,    1418992 total
[2022-07-04T18:52:08.173+0000][8][gc,age      ] GC(191) - age   9:       5112 bytes,    1424104 total
[2022-07-04T18:52:08.174+0000][8][gc,age      ] GC(191) - age  10:      28456 bytes,    1452560 total
[2022-07-04T18:52:08.174+0000][8][gc,age      ] GC(191) - age  11:        184 bytes,    1452744 total
[2022-07-04T18:52:08.176+0000][8][gc,age      ] GC(191) - age  12:      26240 bytes,    1478984 total
[2022-07-04T18:52:08.177+0000][8][gc,age      ] GC(191) - age  13:      57048 bytes,    1536032 total
[2022-07-04T18:52:08.177+0000][8][gc,age      ] GC(191) - age  14:     111152 bytes,    1647184 total
[2022-07-04T18:52:08.178+0000][8][gc,age      ] GC(191) - age  15:      29416 bytes,    1676600 total
[2022-07-04T18:52:08.179+0000][8][gc,heap     ] GC(191) Eden regions: 75->0(75)
[2022-07-04T18:52:08.180+0000][8][gc,heap     ] GC(191) Survivor regions: 1->1(10)
[2022-07-04T18:52:08.180+0000][8][gc,heap     ] GC(191) Old regions: 22->22
[2022-07-04T18:52:08.181+0000][8][gc,heap     ] GC(191) Archive regions: 2->2
[2022-07-04T18:52:08.182+0000][8][gc,heap     ] GC(191) Humongous regions: 0->0
[2022-07-04T18:52:08.183+0000][8][gc,metaspace] GC(191) Metaspace: 128101K(131392K)->128101K(131392K) NonClass: 111297K(112960K)->111297K(112960K) Class: 16803K(18432K)->16803K(18432K)
[2022-07-04T18:52:08.184+0000][8][gc          ] GC(191) Pause Young (Normal) (G1 Evacuation Pause) 392M->92M(512M) 33.879ms
[2022-07-04T18:52:08.185+0000][8][gc,cpu      ] GC(191) User=0.00s Sys=0.01s Real=0.03s
[2022-07-04T18:52:08.186+0000][8][safepoint   ] Safepoint "G1CollectForAllocation", Time since last: 87613898306 ns, Reaching safepoint: 198704 ns, At safepoint: 35807122 ns, Total: 36005826 ns
[2022-07-04T18:53:37.542+0000][8][gc,start    ] GC(192) Pause Young (Normal) (G1 Evacuation Pause)
[2022-07-04T18:53:37.543+0000][8][gc,task     ] GC(192) Using 4 workers of 4 for evacuation
[2022-07-04T18:53:37.544+0000][8][gc,age      ] GC(192) Desired survivor size 20971520 bytes, new threshold 15 (max threshold 15)
[2022-07-04T18:53:37.549+0000][8][gc,phases   ] GC(192)   Pre Evacuate Collection Set: 0.3ms
[2022-07-04T18:53:37.550+0000][8][gc,phases   ] GC(192)   Merge Heap Roots: 0.1ms
[2022-07-04T18:53:37.551+0000][8][gc,phases   ] GC(192)   Evacuate Collection Set: 2.6ms
[2022-07-04T18:53:37.552+0000][8][gc,phases   ] GC(192)   Post Evacuate Collection Set: 1.0ms
[2022-07-04T18:53:37.553+0000][8][gc,phases   ] GC(192)   Other: 2.0ms
[2022-07-04T18:53:37.553+0000][8][gc,age      ] GC(192) Age table with threshold 15 (max threshold 15)
[2022-07-04T18:53:37.554+0000][8][gc,age      ] GC(192) - age   1:    1795632 bytes,    1795632 total
[2022-07-04T18:53:37.554+0000][8][gc,age      ] GC(192) - age   2:       1896 bytes,    1797528 total
[2022-07-04T18:53:37.557+0000][8][gc,age      ] GC(192) - age   3:       8856 bytes,    1806384 total
[2022-07-04T18:53:37.558+0000][8][gc,age      ] GC(192) - age   4:        664 bytes,    1807048 total
[2022-07-04T18:53:37.559+0000][8][gc,age      ] GC(192) - age   5:       4848 bytes,    1811896 total
[2022-07-04T18:53:37.559+0000][8][gc,age      ] GC(192) - age   6:      22912 bytes,    1834808 total
[2022-07-04T18:53:37.560+0000][8][gc,age      ] GC(192) - age   8:       4848 bytes,    1839656 total
[2022-07-04T18:53:37.560+0000][8][gc,age      ] GC(192) - age   9:        488 bytes,    1840144 total
[2022-07-04T18:53:37.561+0000][8][gc,age      ] GC(192) - age  10:       5112 bytes,    1845256 total
[2022-07-04T18:53:37.562+0000][8][gc,age      ] GC(192) - age  11:      20440 bytes,    1865696 total
[2022-07-04T18:53:37.562+0000][8][gc,age      ] GC(192) - age  12:        184 bytes,    1865880 total
[2022-07-04T18:53:37.563+0000][8][gc,age      ] GC(192) - age  13:      25856 bytes,    1891736 total
[2022-07-04T18:53:37.564+0000][8][gc,age      ] GC(192) - age  14:      57048 bytes,    1948784 total
[2022-07-04T18:53:37.564+0000][8][gc,age      ] GC(192) - age  15:     111152 bytes,    2059936 total
[2022-07-04T18:53:37.565+0000][8][gc,heap     ] GC(192) Eden regions: 75->0(75)
[2022-07-04T18:53:37.566+0000][8][gc,heap     ] GC(192) Survivor regions: 1->1(10)
[2022-07-04T18:53:37.566+0000][8][gc,heap     ] GC(192) Old regions: 22->22
[2022-07-04T18:53:37.567+0000][8][gc,heap     ] GC(192) Archive regions: 2->2
[2022-07-04T18:53:37.568+0000][8][gc,heap     ] GC(192) Humongous regions: 0->0
[2022-07-04T18:53:37.568+0000][8][gc,metaspace] GC(192) Metaspace: 128101K(131392K)->128101K(131392K) NonClass: 111297K(112960K)->111297K(112960K) Class: 16803K(18432K)->16803K(18432K)
[2022-07-04T18:53:37.569+0000][8][gc          ] GC(192) Pause Young (Normal) (G1 Evacuation Pause) 392M->92M(512M) 27.602ms
[2022-07-04T18:53:37.570+0000][8][gc,cpu      ] GC(192) User=0.01s Sys=0.01s Real=0.02s
[2022-07-04T18:53:37.571+0000][8][safepoint   ] Safepoint "G1CollectForAllocation", Time since last: 89422725942 ns, Reaching safepoint: 128679 ns, At safepoint: 29305724 ns, Total: 29434403 ns
[2022-07-04T18:55:01.509+0000][8][gc,start    ] GC(193) Pause Young (Normal) (G1 Evacuation Pause)
[2022-07-04T18:55:01.510+0000][8][gc,task     ] GC(193) Using 4 workers of 4 for evacuation
[2022-07-04T18:55:01.511+0000][8][gc,age      ] GC(193) Desired survivor size 20971520 bytes, new threshold 15 (max threshold 15)
[2022-07-04T18:55:01.515+0000][8][gc,phases   ] GC(193)   Pre Evacuate Collection Set: 0.2ms
[2022-07-04T18:55:01.516+0000][8][gc,phases   ] GC(193)   Merge Heap Roots: 0.1ms
[2022-07-04T18:55:01.517+0000][8][gc,phases   ] GC(193)   Evacuate Collection Set: 1.8ms
[2022-07-04T18:55:01.518+0000][8][gc,phases   ] GC(193)   Post Evacuate Collection Set: 0.9ms
[2022-07-04T18:55:01.518+0000][8][gc,phases   ] GC(193)   Other: 1.5ms
[2022-07-04T18:55:01.519+0000][8][gc,age      ] GC(193) Age table with threshold 15 (max threshold 15)
[2022-07-04T18:55:01.520+0000][8][gc,age      ] GC(193) - age   1:     768944 bytes,     768944 total
[2022-07-04T18:55:01.520+0000][8][gc,age      ] GC(193) - age   2:       9976 bytes,     778920 total
[2022-07-04T18:55:01.521+0000][8][gc,age      ] GC(193) - age   3:        296 bytes,     779216 total
[2022-07-04T18:55:01.522+0000][8][gc,age      ] GC(193) - age   4:       8696 bytes,     787912 total
[2022-07-04T18:55:01.522+0000][8][gc,age      ] GC(193) - age   5:        368 bytes,     788280 total
[2022-07-04T18:55:01.523+0000][8][gc,age      ] GC(193) - age   6:       4848 bytes,     793128 total
[2022-07-04T18:55:01.524+0000][8][gc,age      ] GC(193) - age   7:      20992 bytes,     814120 total
[2022-07-04T18:55:01.524+0000][8][gc,age      ] GC(193) - age   9:       4848 bytes,     818968 total
[2022-07-04T18:55:01.525+0000][8][gc,age      ] GC(193) - age  10:         96 bytes,     819064 total
[2022-07-04T18:55:01.526+0000][8][gc,age      ] GC(193) - age  11:       5112 bytes,     824176 total
[2022-07-04T18:55:01.526+0000][8][gc,age      ] GC(193) - age  12:      20440 bytes,     844616 total
[2022-07-04T18:55:01.527+0000][8][gc,age      ] GC(193) - age  13:        184 bytes,     844800 total
[2022-07-04T18:55:01.527+0000][8][gc,age      ] GC(193) - age  14:      25856 bytes,     870656 total
[2022-07-04T18:55:01.528+0000][8][gc,age      ] GC(193) - age  15:      57048 bytes,     927704 total
[2022-07-04T18:55:01.528+0000][8][gc,heap     ] GC(193) Eden regions: 75->0(75)
[2022-07-04T18:55:01.529+0000][8][gc,heap     ] GC(193) Survivor regions: 1->1(10)
[2022-07-04T18:55:01.529+0000][8][gc,heap     ] GC(193) Old regions: 22->22
[2022-07-04T18:55:01.530+0000][8][gc,heap     ] GC(193) Archive regions: 2->2
[2022-07-04T18:55:01.531+0000][8][gc,heap     ] GC(193) Humongous regions: 0->0
[2022-07-04T18:55:01.531+0000][8][gc,metaspace] GC(193) Metaspace: 128101K(131392K)->128101K(131392K) NonClass: 111297K(112960K)->111297K(112960K) Class: 16803K(18432K)->16803K(18432K)
[2022-07-04T18:55:01.532+0000][8][gc          ] GC(193) Pause Young (Normal) (G1 Evacuation Pause) 392M->91M(512M) 22.389ms
[2022-07-04T18:55:01.532+0000][8][gc,cpu      ] GC(193) User=0.01s Sys=0.00s Real=0.02s
[2022-07-04T18:55:01.533+0000][8][safepoint   ] Safepoint "G1CollectForAllocation", Time since last: 84001737195 ns, Reaching safepoint: 77442 ns, At safepoint: 23655047 ns, Total: 23732489 ns
[2022-07-04T18:55:09.541+0000][8][safepoint   ] Safepoint "Cleanup", Time since last: 8007442975 ns, Reaching safepoint: 128617 ns, At safepoint: 158960 ns, Total: 287577 ns
[2022-07-04T18:56:31.476+0000][8][gc,start    ] GC(194) Pause Young (Normal) (G1 Evacuation Pause)
[2022-07-04T18:56:31.478+0000][8][gc,task     ] GC(194) Using 4 workers of 4 for evacuation
[2022-07-04T18:56:31.478+0000][8][gc,age      ] GC(194) Desired survivor size 20971520 bytes, new threshold 15 (max threshold 15)
[2022-07-04T18:56:31.482+0000][8][gc,phases   ] GC(194)   Pre Evacuate Collection Set: 0.1ms
[2022-07-04T18:56:31.483+0000][8][gc,phases   ] GC(194)   Merge Heap Roots: 0.0ms
[2022-07-04T18:56:31.484+0000][8][gc,phases   ] GC(194)   Evacuate Collection Set: 2.5ms
[2022-07-04T18:56:31.484+0000][8][gc,phases   ] GC(194)   Post Evacuate Collection Set: 1.1ms
[2022-07-04T18:56:31.485+0000][8][gc,phases   ] GC(194)   Other: 1.2ms
[2022-07-04T18:56:31.485+0000][8][gc,age      ] GC(194) Age table with threshold 15 (max threshold 15)
[2022-07-04T18:56:31.486+0000][8][gc,age      ] GC(194) - age   1:     951536 bytes,     951536 total
[2022-07-04T18:56:31.486+0000][8][gc,age      ] GC(194) - age   2:       3928 bytes,     955464 total
[2022-07-04T18:56:31.487+0000][8][gc,age      ] GC(194) - age   3:        384 bytes,     955848 total
[2022-07-04T18:56:31.488+0000][8][gc,age      ] GC(194) - age   5:       8512 bytes,     964360 total
[2022-07-04T18:56:31.488+0000][8][gc,age      ] GC(194) - age   6:        368 bytes,     964728 total
[2022-07-04T18:56:31.489+0000][8][gc,age      ] GC(194) - age   7:       4848 bytes,     969576 total
[2022-07-04T18:56:31.489+0000][8][gc,age      ] GC(194) - age   8:      20992 bytes,     990568 total
[2022-07-04T18:56:31.490+0000][8][gc,age      ] GC(194) - age  10:       4848 bytes,     995416 total
[2022-07-04T18:56:31.490+0000][8][gc,age      ] GC(194) - age  11:         96 bytes,     995512 total
[2022-07-04T18:56:31.491+0000][8][gc,age      ] GC(194) - age  12:       5112 bytes,    1000624 total
[2022-07-04T18:56:31.491+0000][8][gc,age      ] GC(194) - age  13:      20440 bytes,    1021064 total
[2022-07-04T18:56:31.492+0000][8][gc,age      ] GC(194) - age  14:        184 bytes,    1021248 total
[2022-07-04T18:56:31.493+0000][8][gc,age      ] GC(194) - age  15:      25856 bytes,    1047104 total
[2022-07-04T18:56:31.493+0000][8][gc,heap     ] GC(194) Eden regions: 75->0(75)
[2022-07-04T18:56:31.494+0000][8][gc,heap     ] GC(194) Survivor regions: 1->1(10)
[2022-07-04T18:56:31.494+0000][8][gc,heap     ] GC(194) Old regions: 22->22
[2022-07-04T18:56:31.495+0000][8][gc,heap     ] GC(194) Archive regions: 2->2
[2022-07-04T18:56:31.496+0000][8][gc,heap     ] GC(194) Humongous regions: 0->0
[2022-07-04T18:56:31.496+0000][8][gc,metaspace] GC(194) Metaspace: 128101K(131392K)->128101K(131392K) NonClass: 111297K(112960K)->111297K(112960K) Class: 16803K(18432K)->16803K(18432K)
[2022-07-04T18:56:31.497+0000][8][gc          ] GC(194) Pause Young (Normal) (G1 Evacuation Pause) 391M->91M(512M) 20.240ms
[2022-07-04T18:56:31.498+0000][8][gc,cpu      ] GC(194) User=0.01s Sys=0.00s Real=0.02s
[2022-07-04T18:56:31.498+0000][8][safepoint   ] Safepoint "G1CollectForAllocation", Time since last: 82000908951 ns, Reaching safepoint: 82232 ns, At safepoint: 21866796 ns, Total: 21949028 ns
[2022-07-04T18:57:09.481+0000][8][safepoint   ] Safepoint "Cleanup", Time since last: 38025679804 ns, Reaching safepoint: 228756 ns, At safepoint: 6946 ns, Total: 235702 ns
[2022-07-04T18:57:59.376+0000][8][gc,start    ] GC(195) Pause Young (Normal) (G1 Evacuation Pause)
[2022-07-04T18:57:59.378+0000][8][gc,task     ] GC(195) Using 4 workers of 4 for evacuation
[2022-07-04T18:57:59.379+0000][8][gc,age      ] GC(195) Desired survivor size 20971520 bytes, new threshold 15 (max threshold 15)
[2022-07-04T18:57:59.386+0000][8][gc,phases   ] GC(195)   Pre Evacuate Collection Set: 0.3ms
[2022-07-04T18:57:59.386+0000][8][gc,phases   ] GC(195)   Merge Heap Roots: 0.2ms
[2022-07-04T18:57:59.387+0000][8][gc,phases   ] GC(195)   Evacuate Collection Set: 3.3ms
[2022-07-04T18:57:59.388+0000][8][gc,phases   ] GC(195)   Post Evacuate Collection Set: 1.3ms
[2022-07-04T18:57:59.388+0000][8][gc,phases   ] GC(195)   Other: 2.2ms
[2022-07-04T18:57:59.389+0000][8][gc,age      ] GC(195) Age table with threshold 15 (max threshold 15)
[2022-07-04T18:57:59.390+0000][8][gc,age      ] GC(195) - age   1:     885528 bytes,     885528 total
[2022-07-04T18:57:59.390+0000][8][gc,age      ] GC(195) - age   2:       1584 bytes,     887112 total
[2022-07-04T18:57:59.391+0000][8][gc,age      ] GC(195) - age   3:       3328 bytes,     890440 total
[2022-07-04T18:57:59.392+0000][8][gc,age      ] GC(195) - age   4:        384 bytes,     890824 total
[2022-07-04T18:57:59.392+0000][8][gc,age      ] GC(195) - age   6:       8512 bytes,     899336 total
[2022-07-04T18:57:59.393+0000][8][gc,age      ] GC(195) - age   7:        368 bytes,     899704 total
[2022-07-04T18:57:59.394+0000][8][gc,age      ] GC(195) - age   8:       4848 bytes,     904552 total
[2022-07-04T18:57:59.395+0000][8][gc,age      ] GC(195) - age   9:      20992 bytes,     925544 total
[2022-07-04T18:57:59.395+0000][8][gc,age      ] GC(195) - age  11:       4848 bytes,     930392 total
[2022-07-04T18:57:59.396+0000][8][gc,age      ] GC(195) - age  12:         96 bytes,     930488 total
[2022-07-04T18:57:59.396+0000][8][gc,age      ] GC(195) - age  13:       5112 bytes,     935600 total
[2022-07-04T18:57:59.397+0000][8][gc,age      ] GC(195) - age  14:      20440 bytes,     956040 total
[2022-07-04T18:57:59.397+0000][8][gc,age      ] GC(195) - age  15:        184 bytes,     956224 total
[2022-07-04T18:57:59.398+0000][8][gc,heap     ] GC(195) Eden regions: 75->0(75)
[2022-07-04T18:57:59.398+0000][8][gc,heap     ] GC(195) Survivor regions: 1->1(10)
[2022-07-04T18:57:59.399+0000][8][gc,heap     ] GC(195) Old regions: 22->22
[2022-07-04T18:57:59.399+0000][8][gc,heap     ] GC(195) Archive regions: 2->2
[2022-07-04T18:57:59.400+0000][8][gc,heap     ] GC(195) Humongous regions: 0->0
[2022-07-04T18:57:59.400+0000][8][gc,metaspace] GC(195) Metaspace: 128101K(131392K)->128101K(131392K) NonClass: 111297K(112960K)->111297K(112960K) Class: 16803K(18432K)->16803K(18432K)
[2022-07-04T18:57:59.402+0000][8][gc          ] GC(195) Pause Young (Normal) (G1 Evacuation Pause) 391M->91M(512M) 25.337ms
[2022-07-04T18:57:59.402+0000][8][gc,cpu      ] GC(195) User=0.01s Sys=0.00s Real=0.03s
[2022-07-04T18:57:59.403+0000][8][safepoint   ] Safepoint "G1CollectForAllocation", Time since last: 49916046781 ns, Reaching safepoint: 248826 ns, At safepoint: 26539986 ns, Total: 26788812 ns
[2022-07-04T18:58:09.413+0000][8][safepoint   ] Safepoint "Cleanup", Time since last: 10009758841 ns, Reaching safepoint: 368494 ns, At safepoint: 13068 ns, Total: 381562 ns
[2022-07-04T18:59:28.541+0000][8][gc,start    ] GC(196) Pause Young (Normal) (G1 Evacuation Pause)
[2022-07-04T18:59:28.542+0000][8][gc,task     ] GC(196) Using 4 workers of 4 for evacuation
[2022-07-04T18:59:28.543+0000][8][gc,age      ] GC(196) Desired survivor size 20971520 bytes, new threshold 15 (max threshold 15)
[2022-07-04T18:59:28.548+0000][8][gc,phases   ] GC(196)   Pre Evacuate Collection Set: 0.3ms
[2022-07-04T18:59:28.549+0000][8][gc,phases   ] GC(196)   Merge Heap Roots: 0.1ms
[2022-07-04T18:59:28.550+0000][8][gc,phases   ] GC(196)   Evacuate Collection Set: 2.3ms
[2022-07-04T18:59:28.551+0000][8][gc,phases   ] GC(196)   Post Evacuate Collection Set: 1.1ms
[2022-07-04T18:59:28.551+0000][8][gc,phases   ] GC(196)   Other: 2.1ms
[2022-07-04T18:59:28.552+0000][8][gc,age      ] GC(196) Age table with threshold 15 (max threshold 15)
[2022-07-04T18:59:28.553+0000][8][gc,age      ] GC(196) - age   1:     971144 bytes,     971144 total
[2022-07-04T18:59:28.553+0000][8][gc,age      ] GC(196) - age   2:       9424 bytes,     980568 total
[2022-07-04T18:59:28.554+0000][8][gc,age      ] GC(196) - age   3:        216 bytes,     980784 total
[2022-07-04T18:59:28.555+0000][8][gc,age      ] GC(196) - age   4:       3264 bytes,     984048 total
[2022-07-04T18:59:28.556+0000][8][gc,age      ] GC(196) - age   5:        384 bytes,     984432 total
[2022-07-04T18:59:28.556+0000][8][gc,age      ] GC(196) - age   7:       8512 bytes,     992944 total
[2022-07-04T18:59:28.557+0000][8][gc,age      ] GC(196) - age   8:        216 bytes,     993160 total
[2022-07-04T18:59:28.557+0000][8][gc,age      ] GC(196) - age   9:       4848 bytes,     998008 total
[2022-07-04T18:59:28.558+0000][8][gc,age      ] GC(196) - age  10:      20992 bytes,    1019000 total
[2022-07-04T18:59:28.559+0000][8][gc,age      ] GC(196) - age  12:       4848 bytes,    1023848 total
[2022-07-04T18:59:28.559+0000][8][gc,age      ] GC(196) - age  13:         96 bytes,    1023944 total
[2022-07-04T18:59:28.559+0000][8][gc,age      ] GC(196) - age  14:       5080 bytes,    1029024 total
[2022-07-04T18:59:28.560+0000][8][gc,age      ] GC(196) - age  15:      20440 bytes,    1049464 total
[2022-07-04T18:59:28.560+0000][8][gc,heap     ] GC(196) Eden regions: 75->0(75)
[2022-07-04T18:59:28.561+0000][8][gc,heap     ] GC(196) Survivor regions: 1->1(10)
[2022-07-04T18:59:28.561+0000][8][gc,heap     ] GC(196) Old regions: 22->22
[2022-07-04T18:59:28.562+0000][8][gc,heap     ] GC(196) Archive regions: 2->2
[2022-07-04T18:59:28.563+0000][8][gc,heap     ] GC(196) Humongous regions: 0->0
[2022-07-04T18:59:28.563+0000][8][gc,metaspace] GC(196) Metaspace: 128101K(131392K)->128101K(131392K) NonClass: 111297K(112960K)->111297K(112960K) Class: 16803K(18432K)->16803K(18432K)
[2022-07-04T18:59:28.564+0000][8][gc          ] GC(196) Pause Young (Normal) (G1 Evacuation Pause) 391M->91M(512M) 22.935ms
[2022-07-04T18:59:28.565+0000][8][gc,cpu      ] GC(196) User=0.01s Sys=0.00s Real=0.03s
[2022-07-04T18:59:28.565+0000][8][safepoint   ] Safepoint "G1CollectForAllocation", Time since last: 79192440991 ns, Reaching safepoint: 303522 ns, At safepoint: 24363704 ns, Total: 24667226 ns
[2022-07-04T19:00:04.576+0000][8][safepoint   ] Safepoint "Cleanup", Time since last: 36032535183 ns, Reaching safepoint: 263733 ns, At safepoint: 55032 ns, Total: 318765 ns
[2022-07-04T19:00:09.563+0000][8][safepoint   ] Safepoint "Cleanup", Time since last: 5008485331 ns, Reaching safepoint: 219511 ns, At safepoint: 10363 ns, Total: 229874 ns
[2022-07-04T19:00:56.036+0000][8][gc,start    ] GC(197) Pause Young (Normal) (G1 Evacuation Pause)
[2022-07-04T19:00:56.038+0000][8][gc,task     ] GC(197) Using 4 workers of 4 for evacuation
[2022-07-04T19:00:56.039+0000][8][gc,age      ] GC(197) Desired survivor size 20971520 bytes, new threshold 15 (max threshold 15)
[2022-07-04T19:00:56.044+0000][8][gc,phases   ] GC(197)   Pre Evacuate Collection Set: 0.2ms
[2022-07-04T19:00:56.045+0000][8][gc,phases   ] GC(197)   Merge Heap Roots: 0.1ms
[2022-07-04T19:00:56.045+0000][8][gc,phases   ] GC(197)   Evacuate Collection Set: 2.6ms
[2022-07-04T19:00:56.046+0000][8][gc,phases   ] GC(197)   Post Evacuate Collection Set: 1.2ms
[2022-07-04T19:00:56.047+0000][8][gc,phases   ] GC(197)   Other: 1.9ms
[2022-07-04T19:00:56.047+0000][8][gc,age      ] GC(197) Age table with threshold 15 (max threshold 15)
[2022-07-04T19:00:56.048+0000][8][gc,age      ] GC(197) - age   1:    1274368 bytes,    1274368 total
[2022-07-04T19:00:56.049+0000][8][gc,age      ] GC(197) - age   2:       2312 bytes,    1276680 total
[2022-07-04T19:00:56.049+0000][8][gc,age      ] GC(197) - age   3:       8360 bytes,    1285040 total
[2022-07-04T19:00:56.050+0000][8][gc,age      ] GC(197) - age   5:       2872 bytes,    1287912 total
[2022-07-04T19:00:56.051+0000][8][gc,age      ] GC(197) - age   6:        384 bytes,    1288296 total
[2022-07-04T19:00:56.052+0000][8][gc,age      ] GC(197) - age   8:       8512 bytes,    1296808 total
[2022-07-04T19:00:56.052+0000][8][gc,age      ] GC(197) - age   9:         32 bytes,    1296840 total
[2022-07-04T19:00:56.053+0000][8][gc,age      ] GC(197) - age  10:       4848 bytes,    1301688 total
[2022-07-04T19:00:56.054+0000][8][gc,age      ] GC(197) - age  11:      20992 bytes,    1322680 total
[2022-07-04T19:00:56.054+0000][8][gc,age      ] GC(197) - age  13:       4848 bytes,    1327528 total
[2022-07-04T19:00:56.055+0000][8][gc,age      ] GC(197) - age  14:         96 bytes,    1327624 total
[2022-07-04T19:00:56.055+0000][8][gc,age      ] GC(197) - age  15:       5080 bytes,    1332704 total
[2022-07-04T19:00:56.056+0000][8][gc,heap     ] GC(197) Eden regions: 75->0(75)
[2022-07-04T19:00:56.056+0000][8][gc,heap     ] GC(197) Survivor regions: 1->1(10)
[2022-07-04T19:00:56.057+0000][8][gc,heap     ] GC(197) Old regions: 22->22
[2022-07-04T19:00:56.058+0000][8][gc,heap     ] GC(197) Archive regions: 2->2
[2022-07-04T19:00:56.058+0000][8][gc,heap     ] GC(197) Humongous regions: 0->0
[2022-07-04T19:00:56.059+0000][8][gc,metaspace] GC(197) Metaspace: 128101K(131392K)->128101K(131392K) NonClass: 111297K(112960K)->111297K(112960K) Class: 16803K(18432K)->16803K(18432K)
[2022-07-04T19:00:56.059+0000][8][gc          ] GC(197) Pause Young (Normal) (G1 Evacuation Pause) 391M->91M(512M) 22.887ms
[2022-07-04T19:00:56.060+0000][8][gc,cpu      ] GC(197) User=0.01s Sys=0.01s Real=0.03s
[2022-07-04T19:00:56.060+0000][8][safepoint   ] Safepoint "G1CollectForAllocation", Time since last: 46494551580 ns, Reaching safepoint: 99593 ns, At safepoint: 24141793 ns, Total: 24241386 ns
[2022-07-04T19:02:25.400+0000][8][gc,start    ] GC(198) Pause Young (Normal) (G1 Evacuation Pause)
[2022-07-04T19:02:25.401+0000][8][gc,task     ] GC(198) Using 4 workers of 4 for evacuation
[2022-07-04T19:02:25.402+0000][8][gc,age      ] GC(198) Desired survivor size 20971520 bytes, new threshold 15 (max threshold 15)
[2022-07-04T19:02:25.407+0000][8][gc,phases   ] GC(198)   Pre Evacuate Collection Set: 0.1ms
[2022-07-04T19:02:25.407+0000][8][gc,phases   ] GC(198)   Merge Heap Roots: 0.2ms
[2022-07-04T19:02:25.408+0000][8][gc,phases   ] GC(198)   Evacuate Collection Set: 2.3ms
[2022-07-04T19:02:25.409+0000][8][gc,phases   ] GC(198)   Post Evacuate Collection Set: 1.1ms
[2022-07-04T19:02:25.409+0000][8][gc,phases   ] GC(198)   Other: 1.6ms
[2022-07-04T19:02:25.410+0000][8][gc,age      ] GC(198) Age table with threshold 15 (max threshold 15)
[2022-07-04T19:02:25.410+0000][8][gc,age      ] GC(198) - age   1:    1302080 bytes,    1302080 total
[2022-07-04T19:02:25.411+0000][8][gc,age      ] GC(198) - age   2:       2672 bytes,    1304752 total
[2022-07-04T19:02:25.412+0000][8][gc,age      ] GC(198) - age   3:       1064 bytes,    1305816 total
[2022-07-04T19:02:25.413+0000][8][gc,age      ] GC(198) - age   4:       8016 bytes,    1313832 total
[2022-07-04T19:02:25.414+0000][8][gc,age      ] GC(198) - age   6:       2872 bytes,    1316704 total
[2022-07-04T19:02:25.416+0000][8][gc,age      ] GC(198) - age   7:        384 bytes,    1317088 total
[2022-07-04T19:02:25.416+0000][8][gc,age      ] GC(198) - age   9:       8512 bytes,    1325600 total
[2022-07-04T19:02:25.418+0000][8][gc,age      ] GC(198) - age  10:         32 bytes,    1325632 total
[2022-07-04T19:02:25.419+0000][8][gc,age      ] GC(198) - age  11:       4848 bytes,    1330480 total
[2022-07-04T19:02:25.419+0000][8][gc,age      ] GC(198) - age  12:      20960 bytes,    1351440 total
[2022-07-04T19:02:25.421+0000][8][gc,age      ] GC(198) - age  14:       4848 bytes,    1356288 total
[2022-07-04T19:02:25.423+0000][8][gc,age      ] GC(198) - age  15:         96 bytes,    1356384 total
[2022-07-04T19:02:25.424+0000][8][gc,heap     ] GC(198) Eden regions: 75->0(75)
[2022-07-04T19:02:25.424+0000][8][gc,heap     ] GC(198) Survivor regions: 1->1(10)
[2022-07-04T19:02:25.425+0000][8][gc,heap     ] GC(198) Old regions: 22->22
[2022-07-04T19:02:25.425+0000][8][gc,heap     ] GC(198) Archive regions: 2->2
[2022-07-04T19:02:25.426+0000][8][gc,heap     ] GC(198) Humongous regions: 0->0
[2022-07-04T19:02:25.427+0000][8][gc,metaspace] GC(198) Metaspace: 128101K(131392K)->128101K(131392K) NonClass: 111297K(112960K)->111297K(112960K) Class: 16803K(18432K)->16803K(18432K)
[2022-07-04T19:02:25.427+0000][8][gc          ] GC(198) Pause Young (Normal) (G1 Evacuation Pause) 391M->92M(512M) 26.981ms
[2022-07-04T19:02:25.428+0000][8][gc,cpu      ] GC(198) User=0.00s Sys=0.00s Real=0.03s
[2022-07-04T19:02:25.429+0000][8][safepoint   ] Safepoint "G1CollectForAllocation", Time since last: 89403594188 ns, Reaching safepoint: 181022 ns, At safepoint: 28314464 ns, Total: 28495486 ns
[2022-07-04T19:03:55.394+0000][8][gc,start    ] GC(199) Pause Young (Normal) (G1 Evacuation Pause)
[2022-07-04T19:03:55.395+0000][8][gc,task     ] GC(199) Using 4 workers of 4 for evacuation
[2022-07-04T19:03:55.397+0000][8][gc,age      ] GC(199) Desired survivor size 20971520 bytes, new threshold 15 (max threshold 15)
[2022-07-04T19:03:55.402+0000][8][gc,phases   ] GC(199)   Pre Evacuate Collection Set: 0.2ms
[2022-07-04T19:03:55.403+0000][8][gc,phases   ] GC(199)   Merge Heap Roots: 0.1ms
[2022-07-04T19:03:55.404+0000][8][gc,phases   ] GC(199)   Evacuate Collection Set: 2.4ms
[2022-07-04T19:03:55.405+0000][8][gc,phases   ] GC(199)   Post Evacuate Collection Set: 1.9ms
[2022-07-04T19:03:55.406+0000][8][gc,phases   ] GC(199)   Other: 2.1ms
[2022-07-04T19:03:55.407+0000][8][gc,age      ] GC(199) Age table with threshold 15 (max threshold 15)
[2022-07-04T19:03:55.408+0000][8][gc,age      ] GC(199) - age   1:    1457432 bytes,    1457432 total
[2022-07-04T19:03:55.409+0000][8][gc,age      ] GC(199) - age   2:       2440 bytes,    1459872 total
[2022-07-04T19:03:55.410+0000][8][gc,age      ] GC(199) - age   3:       1288 bytes,    1461160 total
[2022-07-04T19:03:55.410+0000][8][gc,age      ] GC(199) - age   4:        808 bytes,    1461968 total
[2022-07-04T19:03:55.411+0000][8][gc,age      ] GC(199) - age   5:       8016 bytes,    1469984 total
[2022-07-04T19:03:55.412+0000][8][gc,age      ] GC(199) - age   7:       2872 bytes,    1472856 total
[2022-07-04T19:03:55.413+0000][8][gc,age      ] GC(199) - age   8:        384 bytes,    1473240 total
[2022-07-04T19:03:55.415+0000][8][gc,age      ] GC(199) - age  10:       8512 bytes,    1481752 total
[2022-07-04T19:03:55.419+0000][8][gc,age      ] GC(199) - age  11:         32 bytes,    1481784 total
[2022-07-04T19:03:55.422+0000][8][gc,age      ] GC(199) - age  12:       4848 bytes,    1486632 total
[2022-07-04T19:03:55.425+0000][8][gc,age      ] GC(199) - age  13:      20960 bytes,    1507592 total
[2022-07-04T19:03:55.427+0000][8][gc,age      ] GC(199) - age  15:       4848 bytes,    1512440 total
[2022-07-04T19:03:55.431+0000][8][gc,heap     ] GC(199) Eden regions: 75->0(75)
[2022-07-04T19:03:55.431+0000][8][gc,heap     ] GC(199) Survivor regions: 1->1(10)
[2022-07-04T19:03:55.432+0000][8][gc,heap     ] GC(199) Old regions: 22->22
[2022-07-04T19:03:55.433+0000][8][gc,heap     ] GC(199) Archive regions: 2->2
[2022-07-04T19:03:55.433+0000][8][gc,heap     ] GC(199) Humongous regions: 0->0
[2022-07-04T19:03:55.434+0000][8][gc,metaspace] GC(199) Metaspace: 128101K(131392K)->128101K(131392K) NonClass: 111297K(112960K)->111297K(112960K) Class: 16803K(18432K)->16803K(18432K)
[2022-07-04T19:03:55.435+0000][8][gc          ] GC(199) Pause Young (Normal) (G1 Evacuation Pause) 392M->92M(512M) 40.665ms
[2022-07-04T19:03:55.436+0000][8][gc,cpu      ] GC(199) User=0.01s Sys=0.00s Real=0.04s
[2022-07-04T19:03:55.437+0000][8][safepoint   ] Safepoint "G1CollectForAllocation", Time since last: 90031195268 ns, Reaching safepoint: 120301 ns, At safepoint: 42338081 ns, Total: 42458382 ns
[2022-07-04T19:05:22.335+0000][8][gc,start    ] GC(200) Pause Young (Normal) (G1 Evacuation Pause)
[2022-07-04T19:05:22.341+0000][8][gc,task     ] GC(200) Using 4 workers of 4 for evacuation
[2022-07-04T19:05:22.341+0000][8][gc,age      ] GC(200) Desired survivor size 20971520 bytes, new threshold 15 (max threshold 15)
[2022-07-04T19:05:22.347+0000][8][gc,phases   ] GC(200)   Pre Evacuate Collection Set: 0.2ms
[2022-07-04T19:05:22.349+0000][8][gc,phases   ] GC(200)   Merge Heap Roots: 0.2ms
[2022-07-04T19:05:22.349+0000][8][gc,phases   ] GC(200)   Evacuate Collection Set: 2.6ms
[2022-07-04T19:05:22.350+0000][8][gc,phases   ] GC(200)   Post Evacuate Collection Set: 1.3ms
[2022-07-04T19:05:22.351+0000][8][gc,phases   ] GC(200)   Other: 2.0ms
[2022-07-04T19:05:22.352+0000][8][gc,age      ] GC(200) Age table with threshold 15 (max threshold 15)
[2022-07-04T19:05:22.352+0000][8][gc,age      ] GC(200) - age   1:    1623848 bytes,    1623848 total
[2022-07-04T19:05:22.353+0000][8][gc,age      ] GC(200) - age   2:       1112 bytes,    1624960 total
[2022-07-04T19:05:22.354+0000][8][gc,age      ] GC(200) - age   3:        600 bytes,    1625560 total
[2022-07-04T19:05:22.355+0000][8][gc,age      ] GC(200) - age   4:        936 bytes,    1626496 total
[2022-07-04T19:05:22.355+0000][8][gc,age      ] GC(200) - age   5:        808 bytes,    1627304 total
[2022-07-04T19:05:22.356+0000][8][gc,age      ] GC(200) - age   6:       8016 bytes,    1635320 total
[2022-07-04T19:05:22.357+0000][8][gc,age      ] GC(200) - age   8:        952 bytes,    1636272 total
[2022-07-04T19:05:22.357+0000][8][gc,age      ] GC(200) - age   9:        384 bytes,    1636656 total
[2022-07-04T19:05:22.358+0000][8][gc,age      ] GC(200) - age  11:       8512 bytes,    1645168 total
[2022-07-04T19:05:22.358+0000][8][gc,age      ] GC(200) - age  12:         32 bytes,    1645200 total
[2022-07-04T19:05:22.359+0000][8][gc,age      ] GC(200) - age  13:       4848 bytes,    1650048 total
[2022-07-04T19:05:22.360+0000][8][gc,age      ] GC(200) - age  14:      20960 bytes,    1671008 total
[2022-07-04T19:05:22.360+0000][8][gc,heap     ] GC(200) Eden regions: 75->0(75)
[2022-07-04T19:05:22.361+0000][8][gc,heap     ] GC(200) Survivor regions: 1->1(10)
[2022-07-04T19:05:22.361+0000][8][gc,heap     ] GC(200) Old regions: 22->22
[2022-07-04T19:05:22.362+0000][8][gc,heap     ] GC(200) Archive regions: 2->2
[2022-07-04T19:05:22.362+0000][8][gc,heap     ] GC(200) Humongous regions: 0->0
[2022-07-04T19:05:22.363+0000][8][gc,metaspace] GC(200) Metaspace: 128101K(131392K)->128101K(131392K) NonClass: 111297K(112960K)->111297K(112960K) Class: 16803K(18432K)->16803K(18432K)
[2022-07-04T19:05:22.364+0000][8][gc          ] GC(200) Pause Young (Normal) (G1 Evacuation Pause) 392M->92M(512M) 28.726ms
[2022-07-04T19:05:22.365+0000][8][gc,cpu      ] GC(200) User=0.01s Sys=0.00s Real=0.03s
[2022-07-04T19:05:22.366+0000][8][safepoint   ] Safepoint "G1CollectForAllocation", Time since last: 86962050778 ns, Reaching safepoint: 114342 ns, At safepoint: 31076793 ns, Total: 31191135 ns
[2022-07-04T19:05:34.375+0000][8][safepoint   ] Safepoint "Cleanup", Time since last: 12008473585 ns, Reaching safepoint: 168207 ns, At safepoint: 4919 ns, Total: 173126 ns
[2022-07-04T19:06:50.339+0000][8][gc,start    ] GC(201) Pause Young (Normal) (G1 Evacuation Pause)
[2022-07-04T19:06:50.340+0000][8][gc,task     ] GC(201) Using 4 workers of 4 for evacuation
[2022-07-04T19:06:50.341+0000][8][gc,age      ] GC(201) Desired survivor size 20971520 bytes, new threshold 15 (max threshold 15)
[2022-07-04T19:06:50.345+0000][8][gc,phases   ] GC(201)   Pre Evacuate Collection Set: 0.2ms
[2022-07-04T19:06:50.346+0000][8][gc,phases   ] GC(201)   Merge Heap Roots: 0.1ms
[2022-07-04T19:06:50.347+0000][8][gc,phases   ] GC(201)   Evacuate Collection Set: 2.6ms
[2022-07-04T19:06:50.348+0000][8][gc,phases   ] GC(201)   Post Evacuate Collection Set: 1.2ms
[2022-07-04T19:06:50.348+0000][8][gc,phases   ] GC(201)   Other: 1.2ms
[2022-07-04T19:06:50.349+0000][8][gc,age      ] GC(201) Age table with threshold 15 (max threshold 15)
[2022-07-04T19:06:50.350+0000][8][gc,age      ] GC(201) - age   1:    1576280 bytes,    1576280 total
[2022-07-04T19:06:50.350+0000][8][gc,age      ] GC(201) - age   2:       3776 bytes,    1580056 total
[2022-07-04T19:06:50.351+0000][8][gc,age      ] GC(201) - age   3:        152 bytes,    1580208 total
[2022-07-04T19:06:50.351+0000][8][gc,age      ] GC(201) - age   4:        304 bytes,    1580512 total
[2022-07-04T19:06:50.352+0000][8][gc,age      ] GC(201) - age   5:        936 bytes,    1581448 total
[2022-07-04T19:06:50.353+0000][8][gc,age      ] GC(201) - age   6:        808 bytes,    1582256 total
[2022-07-04T19:06:50.353+0000][8][gc,age      ] GC(201) - age   7:       8016 bytes,    1590272 total
[2022-07-04T19:06:50.354+0000][8][gc,age      ] GC(201) - age   9:        952 bytes,    1591224 total
[2022-07-04T19:06:50.355+0000][8][gc,age      ] GC(201) - age  10:        384 bytes,    1591608 total
[2022-07-04T19:06:50.355+0000][8][gc,age      ] GC(201) - age  12:       8512 bytes,    1600120 total
[2022-07-04T19:06:50.356+0000][8][gc,age      ] GC(201) - age  13:         32 bytes,    1600152 total
[2022-07-04T19:06:50.356+0000][8][gc,age      ] GC(201) - age  14:       4848 bytes,    1605000 total
[2022-07-04T19:06:50.357+0000][8][gc,age      ] GC(201) - age  15:      20960 bytes,    1625960 total
[2022-07-04T19:06:50.358+0000][8][gc,heap     ] GC(201) Eden regions: 75->0(75)
[2022-07-04T19:06:50.358+0000][8][gc,heap     ] GC(201) Survivor regions: 1->1(10)
[2022-07-04T19:06:50.359+0000][8][gc,heap     ] GC(201) Old regions: 22->22
[2022-07-04T19:06:50.359+0000][8][gc,heap     ] GC(201) Archive regions: 2->2
[2022-07-04T19:06:50.360+0000][8][gc,heap     ] GC(201) Humongous regions: 0->0
[2022-07-04T19:06:50.361+0000][8][gc,metaspace] GC(201) Metaspace: 128101K(131392K)->128101K(131392K) NonClass: 111297K(112960K)->111297K(112960K) Class: 16803K(18432K)->16803K(18432K)
[2022-07-04T19:06:50.362+0000][8][gc          ] GC(201) Pause Young (Normal) (G1 Evacuation Pause) 392M->92M(512M) 22.994ms
[2022-07-04T19:06:50.363+0000][8][gc,cpu      ] GC(201) User=0.01s Sys=0.00s Real=0.02s
[2022-07-04T19:06:50.364+0000][8][safepoint   ] Safepoint "G1CollectForAllocation", Time since last: 76030342588 ns, Reaching safepoint: 229736 ns, At safepoint: 24424231 ns, Total: 24653967 ns
[2022-07-04T19:07:09.362+0000][8][safepoint   ] Safepoint "Cleanup", Time since last: 19018888899 ns, Reaching safepoint: 399750 ns, At safepoint: 22201 ns, Total: 421951 ns
[2022-07-04T19:08:09.379+0000][8][safepoint   ] Safepoint "Cleanup", Time since last: 60059674584 ns, Reaching safepoint: 427056 ns, At safepoint: 204605 ns, Total: 631661 ns
[2022-07-04T19:08:16.668+0000][8][gc,start    ] GC(202) Pause Young (Normal) (G1 Evacuation Pause)
[2022-07-04T19:08:16.669+0000][8][gc,task     ] GC(202) Using 4 workers of 4 for evacuation
[2022-07-04T19:08:16.669+0000][8][gc,age      ] GC(202) Desired survivor size 20971520 bytes, new threshold 15 (max threshold 15)
[2022-07-04T19:08:16.673+0000][8][gc,phases   ] GC(202)   Pre Evacuate Collection Set: 0.2ms
[2022-07-04T19:08:16.673+0000][8][gc,phases   ] GC(202)   Merge Heap Roots: 0.0ms
[2022-07-04T19:08:16.675+0000][8][gc,phases   ] GC(202)   Evacuate Collection Set: 1.2ms
[2022-07-04T19:08:16.676+0000][8][gc,phases   ] GC(202)   Post Evacuate Collection Set: 1.0ms
[2022-07-04T19:08:16.676+0000][8][gc,phases   ] GC(202)   Other: 1.5ms
[2022-07-04T19:08:16.677+0000][8][gc,age      ] GC(202) Age table with threshold 15 (max threshold 15)
[2022-07-04T19:08:16.678+0000][8][gc,age      ] GC(202) - age   1:     477272 bytes,     477272 total
[2022-07-04T19:08:16.678+0000][8][gc,age      ] GC(202) - age   2:       7720 bytes,     484992 total
[2022-07-04T19:08:16.679+0000][8][gc,age      ] GC(202) - age   3:       2584 bytes,     487576 total
[2022-07-04T19:08:16.680+0000][8][gc,age      ] GC(202) - age   5:        304 bytes,     487880 total
[2022-07-04T19:08:16.681+0000][8][gc,age      ] GC(202) - age   6:        936 bytes,     488816 total
[2022-07-04T19:08:16.681+0000][8][gc,age      ] GC(202) - age   7:        808 bytes,     489624 total
[2022-07-04T19:08:16.682+0000][8][gc,age      ] GC(202) - age   8:       8016 bytes,     497640 total
[2022-07-04T19:08:16.682+0000][8][gc,age      ] GC(202) - age  10:        952 bytes,     498592 total
[2022-07-04T19:08:16.683+0000][8][gc,age      ] GC(202) - age  11:        384 bytes,     498976 total
[2022-07-04T19:08:16.683+0000][8][gc,age      ] GC(202) - age  13:       8512 bytes,     507488 total
[2022-07-04T19:08:16.684+0000][8][gc,age      ] GC(202) - age  14:         32 bytes,     507520 total
[2022-07-04T19:08:16.685+0000][8][gc,age      ] GC(202) - age  15:       4848 bytes,     512368 total
[2022-07-04T19:08:16.685+0000][8][gc,heap     ] GC(202) Eden regions: 75->0(75)
[2022-07-04T19:08:16.686+0000][8][gc,heap     ] GC(202) Survivor regions: 1->1(10)
[2022-07-04T19:08:16.687+0000][8][gc,heap     ] GC(202) Old regions: 22->22
[2022-07-04T19:08:16.687+0000][8][gc,heap     ] GC(202) Archive regions: 2->2
[2022-07-04T19:08:16.688+0000][8][gc,heap     ] GC(202) Humongous regions: 0->0
[2022-07-04T19:08:16.688+0000][8][gc,metaspace] GC(202) Metaspace: 128101K(131392K)->128101K(131392K) NonClass: 111297K(112960K)->111297K(112960K) Class: 16803K(18432K)->16803K(18432K)
[2022-07-04T19:08:16.689+0000][8][gc          ] GC(202) Pause Young (Normal) (G1 Evacuation Pause) 392M->91M(512M) 21.520ms
[2022-07-04T19:08:16.690+0000][8][gc,cpu      ] GC(202) User=0.01s Sys=0.00s Real=0.02s
[2022-07-04T19:08:16.691+0000][8][safepoint   ] Safepoint "G1CollectForAllocation", Time since last: 7288866627 ns, Reaching safepoint: 186806 ns, At safepoint: 23345910 ns, Total: 23532716 ns
[2022-07-04T19:09:09.689+0000][8][safepoint   ] Safepoint "Cleanup", Time since last: 53041490996 ns, Reaching safepoint: 149740 ns, At safepoint: 62798 ns, Total: 212538 ns
[2022-07-04T19:09:46.256+0000][8][gc,start    ] GC(203) Pause Young (Normal) (G1 Evacuation Pause)
[2022-07-04T19:09:46.259+0000][8][gc,task     ] GC(203) Using 4 workers of 4 for evacuation
[2022-07-04T19:09:46.260+0000][8][gc,age      ] GC(203) Desired survivor size 20971520 bytes, new threshold 15 (max threshold 15)
[2022-07-04T19:09:46.265+0000][8][gc,phases   ] GC(203)   Pre Evacuate Collection Set: 0.3ms
[2022-07-04T19:09:46.267+0000][8][gc,phases   ] GC(203)   Merge Heap Roots: 0.2ms
[2022-07-04T19:09:46.268+0000][8][gc,phases   ] GC(203)   Evacuate Collection Set: 2.0ms
[2022-07-04T19:09:46.269+0000][8][gc,phases   ] GC(203)   Post Evacuate Collection Set: 1.3ms
[2022-07-04T19:09:46.270+0000][8][gc,phases   ] GC(203)   Other: 3.1ms
[2022-07-04T19:09:46.270+0000][8][gc,age      ] GC(203) Age table with threshold 15 (max threshold 15)
[2022-07-04T19:09:46.271+0000][8][gc,age      ] GC(203) - age   1:     516928 bytes,     516928 total
[2022-07-04T19:09:46.271+0000][8][gc,age      ] GC(203) - age   2:       9712 bytes,     526640 total
[2022-07-04T19:09:46.272+0000][8][gc,age      ] GC(203) - age   3:       5992 bytes,     532632 total
[2022-07-04T19:09:46.273+0000][8][gc,age      ] GC(203) - age   4:       2104 bytes,     534736 total
[2022-07-04T19:09:46.273+0000][8][gc,age      ] GC(203) - age   6:        304 bytes,     535040 total
[2022-07-04T19:09:46.274+0000][8][gc,age      ] GC(203) - age   7:        936 bytes,     535976 total
[2022-07-04T19:09:46.275+0000][8][gc,age      ] GC(203) - age   8:        600 bytes,     536576 total
[2022-07-04T19:09:46.276+0000][8][gc,age      ] GC(203) - age  11:        560 bytes,     537136 total
[2022-07-04T19:09:46.277+0000][8][gc,age      ] GC(203) - age  12:        384 bytes,     537520 total
[2022-07-04T19:09:46.279+0000][8][gc,age      ] GC(203) - age  14:       8512 bytes,     546032 total
[2022-07-04T19:09:46.281+0000][8][gc,heap     ] GC(203) Eden regions: 75->0(75)
[2022-07-04T19:09:46.282+0000][8][gc,heap     ] GC(203) Survivor regions: 1->1(10)
[2022-07-04T19:09:46.283+0000][8][gc,heap     ] GC(203) Old regions: 22->22
[2022-07-04T19:09:46.284+0000][8][gc,heap     ] GC(203) Archive regions: 2->2
[2022-07-04T19:09:46.285+0000][8][gc,heap     ] GC(203) Humongous regions: 0->0
[2022-07-04T19:09:46.287+0000][8][gc,metaspace] GC(203) Metaspace: 128101K(131392K)->128101K(131392K) NonClass: 111297K(112960K)->111297K(112960K) Class: 16803K(18432K)->16803K(18432K)
[2022-07-04T19:09:46.287+0000][8][gc          ] GC(203) Pause Young (Normal) (G1 Evacuation Pause) 391M->91M(512M) 31.200ms
[2022-07-04T19:09:46.289+0000][8][gc,cpu      ] GC(203) User=0.00s Sys=0.00s Real=0.03s
[2022-07-04T19:09:46.290+0000][8][safepoint   ] Safepoint "G1CollectForAllocation", Time since last: 36587386028 ns, Reaching safepoint: 159275 ns, At safepoint: 34175197 ns, Total: 34334472 ns
[2022-07-04T19:10:39.290+0000][8][safepoint   ] Safepoint "Cleanup", Time since last: 53043171700 ns, Reaching safepoint: 191001 ns, At safepoint: 15698 ns, Total: 206699 ns
[2022-07-04T19:11:35.396+0000][8][gc,start    ] GC(204) Pause Young (Normal) (G1 Evacuation Pause)
[2022-07-04T19:11:35.402+0000][8][gc,task     ] GC(204) Using 4 workers of 4 for evacuation
[2022-07-04T19:11:35.403+0000][8][gc,age      ] GC(204) Desired survivor size 20971520 bytes, new threshold 15 (max threshold 15)
[2022-07-04T19:11:35.408+0000][8][gc,phases   ] GC(204)   Pre Evacuate Collection Set: 0.2ms
[2022-07-04T19:11:35.411+0000][8][gc,phases   ] GC(204)   Merge Heap Roots: 0.1ms
[2022-07-04T19:11:35.413+0000][8][gc,phases   ] GC(204)   Evacuate Collection Set: 2.8ms
[2022-07-04T19:11:35.413+0000][8][gc,phases   ] GC(204)   Post Evacuate Collection Set: 1.3ms
[2022-07-04T19:11:35.414+0000][8][gc,phases   ] GC(204)   Other: 1.4ms
[2022-07-04T19:11:35.414+0000][8][gc,age      ] GC(204) Age table with threshold 15 (max threshold 15)
[2022-07-04T19:11:35.415+0000][8][gc,age      ] GC(204) - age   1:    1528336 bytes,    1528336 total
[2022-07-04T19:11:35.415+0000][8][gc,age      ] GC(204) - age   2:       1928 bytes,    1530264 total
[2022-07-04T19:11:35.416+0000][8][gc,age      ] GC(204) - age   3:       1168 bytes,    1531432 total
[2022-07-04T19:11:35.417+0000][8][gc,age      ] GC(204) - age   4:       5568 bytes,    1537000 total
[2022-07-04T19:11:35.417+0000][8][gc,age      ] GC(204) - age   5:       2104 bytes,    1539104 total
[2022-07-04T19:11:35.418+0000][8][gc,age      ] GC(204) - age   7:        120 bytes,    1539224 total
[2022-07-04T19:11:35.418+0000][8][gc,age      ] GC(204) - age   8:        936 bytes,    1540160 total
[2022-07-04T19:11:35.419+0000][8][gc,age      ] GC(204) - age   9:        600 bytes,    1540760 total
[2022-07-04T19:11:35.420+0000][8][gc,age      ] GC(204) - age  12:        560 bytes,    1541320 total
[2022-07-04T19:11:35.420+0000][8][gc,age      ] GC(204) - age  13:        384 bytes,    1541704 total
[2022-07-04T19:11:35.421+0000][8][gc,age      ] GC(204) - age  15:       8512 bytes,    1550216 total
[2022-07-04T19:11:35.421+0000][8][gc,heap     ] GC(204) Eden regions: 75->0(75)
[2022-07-04T19:11:35.423+0000][8][gc,heap     ] GC(204) Survivor regions: 1->1(10)
[2022-07-04T19:11:35.424+0000][8][gc,heap     ] GC(204) Old regions: 22->22
[2022-07-04T19:11:35.426+0000][8][gc,heap     ] GC(204) Archive regions: 2->2
[2022-07-04T19:11:35.427+0000][8][gc,heap     ] GC(204) Humongous regions: 0->0
[2022-07-04T19:11:35.430+0000][8][gc,metaspace] GC(204) Metaspace: 128101K(131392K)->128101K(131392K) NonClass: 111297K(112960K)->111297K(112960K) Class: 16803K(18432K)->16803K(18432K)
[2022-07-04T19:11:35.432+0000][8][gc          ] GC(204) Pause Young (Normal) (G1 Evacuation Pause) 391M->92M(512M) 35.956ms
[2022-07-04T19:11:35.433+0000][8][gc,cpu      ] GC(204) User=0.01s Sys=0.00s Real=0.03s
[2022-07-04T19:11:35.434+0000][8][safepoint   ] Safepoint "G1CollectForAllocation", Time since last: 56126817390 ns, Reaching safepoint: 114207 ns, At safepoint: 37984090 ns, Total: 38098297 ns
[2022-07-04T19:13:31.226+0000][8][gc,start    ] GC(205) Pause Young (Normal) (G1 Evacuation Pause)
[2022-07-04T19:13:31.227+0000][8][gc,task     ] GC(205) Using 4 workers of 4 for evacuation
[2022-07-04T19:13:31.228+0000][8][gc,age      ] GC(205) Desired survivor size 20971520 bytes, new threshold 15 (max threshold 15)
[2022-07-04T19:13:31.231+0000][8][gc,phases   ] GC(205)   Pre Evacuate Collection Set: 0.2ms
[2022-07-04T19:13:31.232+0000][8][gc,phases   ] GC(205)   Merge Heap Roots: 0.1ms
[2022-07-04T19:13:31.233+0000][8][gc,phases   ] GC(205)   Evacuate Collection Set: 1.7ms
[2022-07-04T19:13:31.233+0000][8][gc,phases   ] GC(205)   Post Evacuate Collection Set: 0.9ms
[2022-07-04T19:13:31.234+0000][8][gc,phases   ] GC(205)   Other: 1.3ms
[2022-07-04T19:13:31.234+0000][8][gc,age      ] GC(205) Age table with threshold 15 (max threshold 15)
[2022-07-04T19:13:31.235+0000][8][gc,age      ] GC(205) - age   1:     955216 bytes,     955216 total
[2022-07-04T19:13:31.235+0000][8][gc,age      ] GC(205) - age   2:       1712 bytes,     956928 total
[2022-07-04T19:13:31.236+0000][8][gc,age      ] GC(205) - age   3:       1064 bytes,     957992 total
[2022-07-04T19:13:31.237+0000][8][gc,age      ] GC(205) - age   4:       1104 bytes,     959096 total
[2022-07-04T19:13:31.237+0000][8][gc,age      ] GC(205) - age   5:       5568 bytes,     964664 total
[2022-07-04T19:13:31.241+0000][8][gc,age      ] GC(205) - age   6:       2104 bytes,     966768 total
[2022-07-04T19:13:31.242+0000][8][gc,age      ] GC(205) - age   8:        120 bytes,     966888 total
[2022-07-04T19:13:31.243+0000][8][gc,age      ] GC(205) - age   9:        936 bytes,     967824 total
[2022-07-04T19:13:31.243+0000][8][gc,age      ] GC(205) - age  10:        600 bytes,     968424 total
[2022-07-04T19:13:31.244+0000][8][gc,age      ] GC(205) - age  13:        376 bytes,     968800 total
[2022-07-04T19:13:31.245+0000][8][gc,heap     ] GC(205) Eden regions: 75->0(75)
[2022-07-04T19:13:31.245+0000][8][gc,heap     ] GC(205) Survivor regions: 1->1(10)
[2022-07-04T19:13:31.246+0000][8][gc,heap     ] GC(205) Old regions: 22->22
[2022-07-04T19:13:31.246+0000][8][gc,heap     ] GC(205) Archive regions: 2->2
[2022-07-04T19:13:31.247+0000][8][gc,heap     ] GC(205) Humongous regions: 0->0
[2022-07-04T19:13:31.247+0000][8][gc,metaspace] GC(205) Metaspace: 128101K(131392K)->128101K(131392K) NonClass: 111297K(112960K)->111297K(112960K) Class: 16803K(18432K)->16803K(18432K)
[2022-07-04T19:13:31.248+0000][8][gc          ] GC(205) Pause Young (Normal) (G1 Evacuation Pause) 392M->91M(512M) 22.031ms
[2022-07-04T19:13:31.249+0000][8][gc,cpu      ] GC(205) User=0.00s Sys=0.00s Real=0.03s
[2022-07-04T19:13:31.249+0000][8][safepoint   ] Safepoint "G1CollectForAllocation", Time since last: 115878859918 ns, Reaching safepoint: 81119 ns, At safepoint: 23219611 ns, Total: 23300730 ns
[2022-07-04T19:15:28.169+0000][8][gc,start    ] GC(206) Pause Young (Normal) (G1 Evacuation Pause)
[2022-07-04T19:15:28.170+0000][8][gc,task     ] GC(206) Using 4 workers of 4 for evacuation
[2022-07-04T19:15:28.171+0000][8][gc,age      ] GC(206) Desired survivor size 20971520 bytes, new threshold 15 (max threshold 15)
[2022-07-04T19:15:28.174+0000][8][gc,phases   ] GC(206)   Pre Evacuate Collection Set: 0.2ms
[2022-07-04T19:15:28.175+0000][8][gc,phases   ] GC(206)   Merge Heap Roots: 0.1ms
[2022-07-04T19:15:28.176+0000][8][gc,phases   ] GC(206)   Evacuate Collection Set: 1.5ms
[2022-07-04T19:15:28.177+0000][8][gc,phases   ] GC(206)   Post Evacuate Collection Set: 1.0ms
[2022-07-04T19:15:28.178+0000][8][gc,phases   ] GC(206)   Other: 1.7ms
[2022-07-04T19:15:28.179+0000][8][gc,age      ] GC(206) Age table with threshold 15 (max threshold 15)
[2022-07-04T19:15:28.180+0000][8][gc,age      ] GC(206) - age   1:    1152208 bytes,    1152208 total
[2022-07-04T19:15:28.181+0000][8][gc,age      ] GC(206) - age   2:        952 bytes,    1153160 total
[2022-07-04T19:15:28.181+0000][8][gc,age      ] GC(206) - age   3:        400 bytes,    1153560 total
[2022-07-04T19:15:28.182+0000][8][gc,age      ] GC(206) - age   4:        608 bytes,    1154168 total
[2022-07-04T19:15:28.182+0000][8][gc,age      ] GC(206) - age   5:       1104 bytes,    1155272 total
[2022-07-04T19:15:28.183+0000][8][gc,age      ] GC(206) - age   6:       5568 bytes,    1160840 total
[2022-07-04T19:15:28.184+0000][8][gc,age      ] GC(206) - age   7:        184 bytes,    1161024 total
[2022-07-04T19:15:28.185+0000][8][gc,age      ] GC(206) - age   9:        120 bytes,    1161144 total
[2022-07-04T19:15:28.186+0000][8][gc,age      ] GC(206) - age  10:        936 bytes,    1162080 total
[2022-07-04T19:15:28.186+0000][8][gc,age      ] GC(206) - age  11:        416 bytes,    1162496 total
[2022-07-04T19:15:28.187+0000][8][gc,age      ] GC(206) - age  14:        376 bytes,    1162872 total
[2022-07-04T19:15:28.188+0000][8][gc,heap     ] GC(206) Eden regions: 75->0(75)
[2022-07-04T19:15:28.189+0000][8][gc,heap     ] GC(206) Survivor regions: 1->1(10)
[2022-07-04T19:15:28.189+0000][8][gc,heap     ] GC(206) Old regions: 22->22
[2022-07-04T19:15:28.190+0000][8][gc,heap     ] GC(206) Archive regions: 2->2
[2022-07-04T19:15:28.191+0000][8][gc,heap     ] GC(206) Humongous regions: 0->0
[2022-07-04T19:15:28.191+0000][8][gc,metaspace] GC(206) Metaspace: 128101K(131392K)->128101K(131392K) NonClass: 111297K(112960K)->111297K(112960K) Class: 16803K(18432K)->16803K(18432K)
[2022-07-04T19:15:28.192+0000][8][gc          ] GC(206) Pause Young (Normal) (G1 Evacuation Pause) 391M->91M(512M) 23.355ms
[2022-07-04T19:15:28.193+0000][8][gc,cpu      ] GC(206) User=0.01s Sys=0.00s Real=0.03s
[2022-07-04T19:15:28.194+0000][8][safepoint   ] Safepoint "G1CollectForAllocation", Time since last: 117006076808 ns, Reaching safepoint: 159409 ns, At safepoint: 25038737 ns, Total: 25198146 ns
[2022-07-04T19:16:21.426+0000][8][safepoint   ] Safepoint "ICBufferFull", Time since last: 53273271404 ns, Reaching safepoint: 3122205 ns, At safepoint: 48907 ns, Total: 3171112 ns
[2022-07-04T19:16:21.436+0000][8][safepoint   ] Safepoint "ICBufferFull", Time since last: 9269989 ns, Reaching safepoint: 407808 ns, At safepoint: 111658 ns, Total: 519466 ns
[2022-07-04T19:16:21.444+0000][8][safepoint   ] Safepoint "ICBufferFull", Time since last: 7907667 ns, Reaching safepoint: 268748 ns, At safepoint: 41791 ns, Total: 310539 ns
[2022-07-04T19:16:22.448+0000][8][safepoint   ] Safepoint "Cleanup", Time since last: 1003870046 ns, Reaching safepoint: 236680 ns, At safepoint: 9212 ns, Total: 245892 ns
[2022-07-04T19:16:40.448+0000][8][safepoint   ] Safepoint "Cleanup", Time since last: 18020294578 ns, Reaching safepoint: 151248 ns, At safepoint: 9433 ns, Total: 160681 ns
[2022-07-04T19:17:07.142+0000][8][gc,start    ] GC(207) Pause Young (Normal) (G1 Evacuation Pause)
[2022-07-04T19:17:07.143+0000][8][gc,task     ] GC(207) Using 4 workers of 4 for evacuation
[2022-07-04T19:17:07.144+0000][8][gc,age      ] GC(207) Desired survivor size 20971520 bytes, new threshold 15 (max threshold 15)
[2022-07-04T19:17:07.149+0000][8][gc,phases   ] GC(207)   Pre Evacuate Collection Set: 0.3ms
[2022-07-04T19:17:07.150+0000][8][gc,phases   ] GC(207)   Merge Heap Roots: 0.2ms
[2022-07-04T19:17:07.151+0000][8][gc,phases   ] GC(207)   Evacuate Collection Set: 2.8ms
[2022-07-04T19:17:07.152+0000][8][gc,phases   ] GC(207)   Post Evacuate Collection Set: 1.1ms
[2022-07-04T19:17:07.152+0000][8][gc,phases   ] GC(207)   Other: 1.7ms
[2022-07-04T19:17:07.153+0000][8][gc,age      ] GC(207) Age table with threshold 15 (max threshold 15)
[2022-07-04T19:17:07.154+0000][8][gc,age      ] GC(207) - age   1:    2237120 bytes,    2237120 total
[2022-07-04T19:17:07.155+0000][8][gc,age      ] GC(207) - age   2:       3336 bytes,    2240456 total
[2022-07-04T19:17:07.156+0000][8][gc,age      ] GC(207) - age   3:        568 bytes,    2241024 total
[2022-07-04T19:17:07.157+0000][8][gc,age      ] GC(207) - age   4:        184 bytes,    2241208 total
[2022-07-04T19:17:07.157+0000][8][gc,age      ] GC(207) - age   5:        608 bytes,    2241816 total
[2022-07-04T19:17:07.158+0000][8][gc,age      ] GC(207) - age   6:       1104 bytes,    2242920 total
[2022-07-04T19:17:07.159+0000][8][gc,age      ] GC(207) - age   7:       5568 bytes,    2248488 total
[2022-07-04T19:17:07.159+0000][8][gc,age      ] GC(207) - age   8:        184 bytes,    2248672 total
[2022-07-04T19:17:07.160+0000][8][gc,age      ] GC(207) - age  10:         88 bytes,    2248760 total
[2022-07-04T19:17:07.161+0000][8][gc,age      ] GC(207) - age  11:        936 bytes,    2249696 total
[2022-07-04T19:17:07.161+0000][8][gc,age      ] GC(207) - age  12:        416 bytes,    2250112 total
[2022-07-04T19:17:07.162+0000][8][gc,age      ] GC(207) - age  15:        376 bytes,    2250488 total
[2022-07-04T19:17:07.162+0000][8][gc,heap     ] GC(207) Eden regions: 75->0(75)
[2022-07-04T19:17:07.163+0000][8][gc,heap     ] GC(207) Survivor regions: 1->1(10)
[2022-07-04T19:17:07.164+0000][8][gc,heap     ] GC(207) Old regions: 22->22
[2022-07-04T19:17:07.164+0000][8][gc,heap     ] GC(207) Archive regions: 2->2
[2022-07-04T19:17:07.165+0000][8][gc,heap     ] GC(207) Humongous regions: 0->0
[2022-07-04T19:17:07.165+0000][8][gc,metaspace] GC(207) Metaspace: 128142K(131456K)->128142K(131456K) NonClass: 111338K(113024K)->111338K(113024K) Class: 16803K(18432K)->16803K(18432K)
[2022-07-04T19:17:07.166+0000][8][gc          ] GC(207) Pause Young (Normal) (G1 Evacuation Pause) 391M->92M(512M) 23.460ms
[2022-07-04T19:17:07.167+0000][8][gc,cpu      ] GC(207) User=0.01s Sys=0.00s Real=0.03s
[2022-07-04T19:17:07.167+0000][8][safepoint   ] Safepoint "G1CollectForAllocation", Time since last: 26694692405 ns, Reaching safepoint: 157561 ns, At safepoint: 24837388 ns, Total: 24994949 ns
[2022-07-04T19:17:09.147+0000][8][safepoint   ] Safepoint "Cleanup", Time since last: 2001732895 ns, Reaching safepoint: 182352 ns, At safepoint: 25225 ns, Total: 207577 ns
[2022-07-04T19:17:35.169+0000][8][safepoint   ] Safepoint "Cleanup", Time since last: 26021412208 ns, Reaching safepoint: 305233 ns, At safepoint: 13888 ns, Total: 319121 ns
[2022-07-04T19:17:39.157+0000][8][safepoint   ] Safepoint "Cleanup", Time since last: 4008692347 ns, Reaching safepoint: 317426 ns, At safepoint: 12413 ns, Total: 329839 ns
[2022-07-04T19:18:09.165+0000][8][safepoint   ] Safepoint "Cleanup", Time since last: 30028807915 ns, Reaching safepoint: 671155 ns, At safepoint: 27225 ns, Total: 698380 ns
[2022-07-04T19:18:31.476+0000][8][gc,start    ] GC(208) Pause Young (Normal) (G1 Evacuation Pause)
[2022-07-04T19:18:31.477+0000][8][gc,task     ] GC(208) Using 4 workers of 4 for evacuation
[2022-07-04T19:18:31.478+0000][8][gc,age      ] GC(208) Desired survivor size 20971520 bytes, new threshold 15 (max threshold 15)
[2022-07-04T19:18:31.487+0000][8][gc,phases   ] GC(208)   Pre Evacuate Collection Set: 0.1ms
[2022-07-04T19:18:31.491+0000][8][gc,phases   ] GC(208)   Merge Heap Roots: 0.1ms
[2022-07-04T19:18:31.492+0000][8][gc,phases   ] GC(208)   Evacuate Collection Set: 2.8ms
[2022-07-04T19:18:31.493+0000][8][gc,phases   ] GC(208)   Post Evacuate Collection Set: 5.1ms
[2022-07-04T19:18:31.494+0000][8][gc,phases   ] GC(208)   Other: 2.5ms
[2022-07-04T19:18:31.495+0000][8][gc,age      ] GC(208) Age table with threshold 15 (max threshold 15)
[2022-07-04T19:18:31.495+0000][8][gc,age      ] GC(208) - age   1:    1414144 bytes,    1414144 total
[2022-07-04T19:18:31.496+0000][8][gc,age      ] GC(208) - age   2:    1067520 bytes,    2481664 total
[2022-07-04T19:18:31.496+0000][8][gc,age      ] GC(208) - age   3:       2016 bytes,    2483680 total
[2022-07-04T19:18:31.497+0000][8][gc,age      ] GC(208) - age   4:        384 bytes,    2484064 total
[2022-07-04T19:18:31.499+0000][8][gc,age      ] GC(208) - age   5:        184 bytes,    2484248 total
[2022-07-04T19:18:31.499+0000][8][gc,age      ] GC(208) - age   6:        608 bytes,    2484856 total
[2022-07-04T19:18:31.501+0000][8][gc,age      ] GC(208) - age   7:       1104 bytes,    2485960 total
[2022-07-04T19:18:31.502+0000][8][gc,age      ] GC(208) - age   8:       5568 bytes,    2491528 total
[2022-07-04T19:18:31.502+0000][8][gc,age      ] GC(208) - age   9:        184 bytes,    2491712 total
[2022-07-04T19:18:31.503+0000][8][gc,age      ] GC(208) - age  11:         88 bytes,    2491800 total
[2022-07-04T19:18:31.504+0000][8][gc,age      ] GC(208) - age  12:        936 bytes,    2492736 total
[2022-07-04T19:18:31.504+0000][8][gc,age      ] GC(208) - age  13:        416 bytes,    2493152 total
[2022-07-04T19:18:31.505+0000][8][gc,heap     ] GC(208) Eden regions: 75->0(75)
[2022-07-04T19:18:31.505+0000][8][gc,heap     ] GC(208) Survivor regions: 1->1(10)
[2022-07-04T19:18:31.506+0000][8][gc,heap     ] GC(208) Old regions: 22->22
[2022-07-04T19:18:31.507+0000][8][gc,heap     ] GC(208) Archive regions: 2->2
[2022-07-04T19:18:31.507+0000][8][gc,heap     ] GC(208) Humongous regions: 0->0
[2022-07-04T19:18:31.508+0000][8][gc,metaspace] GC(208) Metaspace: 128171K(131456K)->128171K(131456K) NonClass: 111367K(113024K)->111367K(113024K) Class: 16803K(18432K)->16803K(18432K)
[2022-07-04T19:18:31.509+0000][8][gc          ] GC(208) Pause Young (Normal) (G1 Evacuation Pause) 392M->93M(512M) 33.082ms
[2022-07-04T19:18:31.510+0000][8][gc,cpu      ] GC(208) User=0.01s Sys=0.00s Real=0.03s
[2022-07-04T19:18:31.510+0000][8][safepoint   ] Safepoint "G1CollectForAllocation", Time since last: 22310750771 ns, Reaching safepoint: 119836 ns, At safepoint: 34712520 ns, Total: 34832356 ns
[2022-07-04T19:18:44.518+0000][8][safepoint   ] Safepoint "Cleanup", Time since last: 13029556434 ns, Reaching safepoint: 213196 ns, At safepoint: 7243 ns, Total: 220439 ns
[2022-07-04T19:18:49.534+0000][8][safepoint   ] Safepoint "Cleanup", Time since last: 5015340913 ns, Reaching safepoint: 256863 ns, At safepoint: 12369 ns, Total: 269232 ns
[2022-07-04T19:19:08.556+0000][8][safepoint   ] Safepoint "Cleanup", Time since last: 19021274042 ns, Reaching safepoint: 502564 ns, At safepoint: 34995 ns, Total: 537559 ns
[2022-07-04T19:20:01.135+0000][8][gc,start    ] GC(209) Pause Young (Normal) (G1 Evacuation Pause)
[2022-07-04T19:20:01.136+0000][8][gc,task     ] GC(209) Using 4 workers of 4 for evacuation
[2022-07-04T19:20:01.137+0000][8][gc,age      ] GC(209) Desired survivor size 20971520 bytes, new threshold 15 (max threshold 15)
[2022-07-04T19:20:01.144+0000][8][gc,phases   ] GC(209)   Pre Evacuate Collection Set: 0.2ms
[2022-07-04T19:20:01.145+0000][8][gc,phases   ] GC(209)   Merge Heap Roots: 0.1ms
[2022-07-04T19:20:01.145+0000][8][gc,phases   ] GC(209)   Evacuate Collection Set: 4.7ms
[2022-07-04T19:20:01.146+0000][8][gc,phases   ] GC(209)   Post Evacuate Collection Set: 1.1ms
[2022-07-04T19:20:01.147+0000][8][gc,phases   ] GC(209)   Other: 1.5ms
[2022-07-04T19:20:01.147+0000][8][gc,age      ] GC(209) Age table with threshold 15 (max threshold 15)
[2022-07-04T19:20:01.148+0000][8][gc,age      ] GC(209) - age   1:    1713736 bytes,    1713736 total
[2022-07-04T19:20:01.149+0000][8][gc,age      ] GC(209) - age   2:      35552 bytes,    1749288 total
[2022-07-04T19:20:01.150+0000][8][gc,age      ] GC(209) - age   3:    1058672 bytes,    2807960 total
[2022-07-04T19:20:01.151+0000][8][gc,age      ] GC(209) - age   4:       1920 bytes,    2809880 total
[2022-07-04T19:20:01.152+0000][8][gc,age      ] GC(209) - age   5:        384 bytes,    2810264 total
[2022-07-04T19:20:01.152+0000][8][gc,age      ] GC(209) - age   6:        184 bytes,    2810448 total
[2022-07-04T19:20:01.153+0000][8][gc,age      ] GC(209) - age   7:        424 bytes,    2810872 total
[2022-07-04T19:20:01.153+0000][8][gc,age      ] GC(209) - age   8:       1104 bytes,    2811976 total
[2022-07-04T19:20:01.154+0000][8][gc,age      ] GC(209) - age   9:       5568 bytes,    2817544 total
[2022-07-04T19:20:01.155+0000][8][gc,age      ] GC(209) - age  10:        184 bytes,    2817728 total
[2022-07-04T19:20:01.155+0000][8][gc,age      ] GC(209) - age  12:         88 bytes,    2817816 total
[2022-07-04T19:20:01.156+0000][8][gc,age      ] GC(209) - age  13:        936 bytes,    2818752 total
[2022-07-04T19:20:01.156+0000][8][gc,age      ] GC(209) - age  14:        416 bytes,    2819168 total
[2022-07-04T19:20:01.157+0000][8][gc,heap     ] GC(209) Eden regions: 75->0(75)
[2022-07-04T19:20:01.158+0000][8][gc,heap     ] GC(209) Survivor regions: 1->1(10)
[2022-07-04T19:20:01.158+0000][8][gc,heap     ] GC(209) Old regions: 22->22
[2022-07-04T19:20:01.159+0000][8][gc,heap     ] GC(209) Archive regions: 2->2
[2022-07-04T19:20:01.159+0000][8][gc,heap     ] GC(209) Humongous regions: 0->0
[2022-07-04T19:20:01.160+0000][8][gc,metaspace] GC(209) Metaspace: 128171K(131456K)->128171K(131456K) NonClass: 111367K(113024K)->111367K(113024K) Class: 16803K(18432K)->16803K(18432K)
[2022-07-04T19:20:01.161+0000][8][gc          ] GC(209) Pause Young (Normal) (G1 Evacuation Pause) 393M->93M(512M) 25.533ms
[2022-07-04T19:20:01.161+0000][8][gc,cpu      ] GC(209) User=0.02s Sys=0.00s Real=0.03s
[2022-07-04T19:20:01.162+0000][8][safepoint   ] Safepoint "G1CollectForAllocation", Time since last: 52622262784 ns, Reaching safepoint: 147084 ns, At safepoint: 26730617 ns, Total: 26877701 ns
[2022-07-04T19:20:09.162+0000][8][safepoint   ] Safepoint "Cleanup", Time since last: 8019850831 ns, Reaching safepoint: 664697 ns, At safepoint: 15121 ns, Total: 679818 ns
[2022-07-04T19:21:07.197+0000][8][safepoint   ] Safepoint "Cleanup", Time since last: 58057103010 ns, Reaching safepoint: 389974 ns, At safepoint: 17488 ns, Total: 407462 ns
[2022-07-04T19:21:09.180+0000][8][safepoint   ] Safepoint "Cleanup", Time since last: 2003663798 ns, Reaching safepoint: 198078 ns, At safepoint: 12284 ns, Total: 210362 ns
[2022-07-04T19:21:23.620+0000][8][gc,start    ] GC(210) Pause Young (Normal) (G1 Evacuation Pause)
[2022-07-04T19:21:23.621+0000][8][gc,task     ] GC(210) Using 4 workers of 4 for evacuation
[2022-07-04T19:21:23.621+0000][8][gc,age      ] GC(210) Desired survivor size 20971520 bytes, new threshold 15 (max threshold 15)
[2022-07-04T19:21:23.625+0000][8][gc,phases   ] GC(210)   Pre Evacuate Collection Set: 0.2ms
[2022-07-04T19:21:23.629+0000][8][gc,phases   ] GC(210)   Merge Heap Roots: 0.2ms
[2022-07-04T19:21:23.632+0000][8][gc,phases   ] GC(210)   Evacuate Collection Set: 1.5ms
[2022-07-04T19:21:23.634+0000][8][gc,phases   ] GC(210)   Post Evacuate Collection Set: 0.8ms
[2022-07-04T19:21:23.636+0000][8][gc,phases   ] GC(210)   Other: 1.3ms
[2022-07-04T19:21:23.636+0000][8][gc,age      ] GC(210) Age table with threshold 15 (max threshold 15)
[2022-07-04T19:21:23.637+0000][8][gc,age      ] GC(210) - age   1:     319608 bytes,     319608 total
[2022-07-04T19:21:23.638+0000][8][gc,age      ] GC(210) - age   2:      10552 bytes,     330160 total
[2022-07-04T19:21:23.638+0000][8][gc,age      ] GC(210) - age   3:      33768 bytes,     363928 total
[2022-07-04T19:21:23.639+0000][8][gc,age      ] GC(210) - age   4:    1058088 bytes,    1422016 total
[2022-07-04T19:21:23.639+0000][8][gc,age      ] GC(210) - age   5:       1920 bytes,    1423936 total
[2022-07-04T19:21:23.640+0000][8][gc,age      ] GC(210) - age   6:        384 bytes,    1424320 total
[2022-07-04T19:21:23.640+0000][8][gc,age      ] GC(210) - age   7:        184 bytes,    1424504 total
[2022-07-04T19:21:23.641+0000][8][gc,age      ] GC(210) - age   8:        424 bytes,    1424928 total
[2022-07-04T19:21:23.641+0000][8][gc,age      ] GC(210) - age   9:       1104 bytes,    1426032 total
[2022-07-04T19:21:23.642+0000][8][gc,age      ] GC(210) - age  10:       5568 bytes,    1431600 total
[2022-07-04T19:21:23.643+0000][8][gc,age      ] GC(210) - age  11:        184 bytes,    1431784 total
[2022-07-04T19:21:23.645+0000][8][gc,age      ] GC(210) - age  13:         88 bytes,    1431872 total
[2022-07-04T19:21:23.647+0000][8][gc,age      ] GC(210) - age  14:        936 bytes,    1432808 total
[2022-07-04T19:21:23.650+0000][8][gc,age      ] GC(210) - age  15:        416 bytes,    1433224 total
[2022-07-04T19:21:23.651+0000][8][gc,heap     ] GC(210) Eden regions: 75->0(75)
[2022-07-04T19:21:23.652+0000][8][gc,heap     ] GC(210) Survivor regions: 1->1(10)
[2022-07-04T19:21:23.652+0000][8][gc,heap     ] GC(210) Old regions: 22->22
[2022-07-04T19:21:23.653+0000][8][gc,heap     ] GC(210) Archive regions: 2->2
[2022-07-04T19:21:23.654+0000][8][gc,heap     ] GC(210) Humongous regions: 0->0
[2022-07-04T19:21:23.654+0000][8][gc,metaspace] GC(210) Metaspace: 128172K(131456K)->128172K(131456K) NonClass: 111369K(113024K)->111369K(113024K) Class: 16803K(18432K)->16803K(18432K)
[2022-07-04T19:21:23.655+0000][8][gc          ] GC(210) Pause Young (Normal) (G1 Evacuation Pause) 393M->92M(512M) 35.277ms
[2022-07-04T19:21:23.655+0000][8][gc,cpu      ] GC(210) User=0.00s Sys=0.00s Real=0.04s
[2022-07-04T19:21:23.656+0000][8][safepoint   ] Safepoint "G1CollectForAllocation", Time since last: 14439774779 ns, Reaching safepoint: 136032 ns, At safepoint: 36385070 ns, Total: 36521102 ns
[2022-07-04T19:21:39.651+0000][8][safepoint   ] Safepoint "Cleanup", Time since last: 16016752623 ns, Reaching safepoint: 297001 ns, At safepoint: 15570 ns, Total: 312571 ns
[2022-07-04T19:22:08.965+0000][8][safepoint   ] Safepoint "Cleanup", Time since last: 29335965321 ns, Reaching safepoint: 159782 ns, At safepoint: 6914 ns, Total: 166696 ns
[2022-07-04T19:22:55.070+0000][8][gc,start    ] GC(211) Pause Young (Normal) (G1 Evacuation Pause)
[2022-07-04T19:22:55.071+0000][8][gc,task     ] GC(211) Using 4 workers of 4 for evacuation
[2022-07-04T19:22:55.072+0000][8][gc,age      ] GC(211) Desired survivor size 20971520 bytes, new threshold 15 (max threshold 15)
[2022-07-04T19:22:55.079+0000][8][gc,phases   ] GC(211)   Pre Evacuate Collection Set: 0.3ms
[2022-07-04T19:22:55.080+0000][8][gc,phases   ] GC(211)   Merge Heap Roots: 0.1ms
[2022-07-04T19:22:55.081+0000][8][gc,phases   ] GC(211)   Evacuate Collection Set: 4.6ms
[2022-07-04T19:22:55.081+0000][8][gc,phases   ] GC(211)   Post Evacuate Collection Set: 1.4ms
[2022-07-04T19:22:55.082+0000][8][gc,phases   ] GC(211)   Other: 1.6ms
[2022-07-04T19:22:55.083+0000][8][gc,age      ] GC(211) Age table with threshold 15 (max threshold 15)
[2022-07-04T19:22:55.083+0000][8][gc,age      ] GC(211) - age   1:    2025608 bytes,    2025608 total
[2022-07-04T19:22:55.084+0000][8][gc,age      ] GC(211) - age   2:       5616 bytes,    2031224 total
[2022-07-04T19:22:55.085+0000][8][gc,age      ] GC(211) - age   3:       8320 bytes,    2039544 total
[2022-07-04T19:22:55.085+0000][8][gc,age      ] GC(211) - age   4:       1352 bytes,    2040896 total
[2022-07-04T19:22:55.086+0000][8][gc,age      ] GC(211) - age   5:     980016 bytes,    3020912 total
[2022-07-04T19:22:55.087+0000][8][gc,age      ] GC(211) - age   6:       1920 bytes,    3022832 total
[2022-07-04T19:22:55.087+0000][8][gc,age      ] GC(211) - age   7:        384 bytes,    3023216 total
[2022-07-04T19:22:55.088+0000][8][gc,age      ] GC(211) - age   8:        184 bytes,    3023400 total
[2022-07-04T19:22:55.088+0000][8][gc,age      ] GC(211) - age   9:        424 bytes,    3023824 total
[2022-07-04T19:22:55.089+0000][8][gc,age      ] GC(211) - age  10:       1104 bytes,    3024928 total
[2022-07-04T19:22:55.090+0000][8][gc,age      ] GC(211) - age  11:       5568 bytes,    3030496 total
[2022-07-04T19:22:55.090+0000][8][gc,age      ] GC(211) - age  12:        184 bytes,    3030680 total
[2022-07-04T19:22:55.091+0000][8][gc,age      ] GC(211) - age  14:         88 bytes,    3030768 total
[2022-07-04T19:22:55.092+0000][8][gc,age      ] GC(211) - age  15:        752 bytes,    3031520 total
[2022-07-04T19:22:55.093+0000][8][gc,heap     ] GC(211) Eden regions: 75->0(75)
[2022-07-04T19:22:55.094+0000][8][gc,heap     ] GC(211) Survivor regions: 1->1(10)
[2022-07-04T19:22:55.094+0000][8][gc,heap     ] GC(211) Old regions: 22->22
[2022-07-04T19:22:55.095+0000][8][gc,heap     ] GC(211) Archive regions: 2->2
[2022-07-04T19:22:55.095+0000][8][gc,heap     ] GC(211) Humongous regions: 0->0
[2022-07-04T19:22:55.097+0000][8][gc,metaspace] GC(211) Metaspace: 128172K(131456K)->128172K(131456K) NonClass: 111369K(113024K)->111369K(113024K) Class: 16803K(18432K)->16803K(18432K)
[2022-07-04T19:22:55.097+0000][8][gc          ] GC(211) Pause Young (Normal) (G1 Evacuation Pause) 392M->93M(512M) 27.006ms
[2022-07-04T19:22:55.098+0000][8][gc,cpu      ] GC(211) User=0.01s Sys=0.01s Real=0.03s
[2022-07-04T19:22:55.099+0000][8][safepoint   ] Safepoint "G1CollectForAllocation", Time since last: 46126786358 ns, Reaching safepoint: 59349 ns, At safepoint: 28367913 ns, Total: 28427262 ns
[2022-07-04T19:23:09.098+0000][8][safepoint   ] Safepoint "Cleanup", Time since last: 14019873812 ns, Reaching safepoint: 484282 ns, At safepoint: 33654 ns, Total: 517936 ns
[2022-07-04T19:24:13.105+0000][8][safepoint   ] Safepoint "Cleanup", Time since last: 64050094507 ns, Reaching safepoint: 241441 ns, At safepoint: 10420 ns, Total: 251861 ns
[2022-07-04T19:24:14.109+0000][8][safepoint   ] Safepoint "Cleanup", Time since last: 1003744161 ns, Reaching safepoint: 115642 ns, At safepoint: 5312 ns, Total: 120954 ns
[2022-07-04T19:24:19.015+0000][8][gc,start    ] GC(212) Pause Young (Normal) (G1 Evacuation Pause)
[2022-07-04T19:24:19.019+0000][8][gc,task     ] GC(212) Using 4 workers of 4 for evacuation
[2022-07-04T19:24:19.020+0000][8][gc,age      ] GC(212) Desired survivor size 20971520 bytes, new threshold 15 (max threshold 15)
[2022-07-04T19:24:19.025+0000][8][gc,phases   ] GC(212)   Pre Evacuate Collection Set: 0.2ms
[2022-07-04T19:24:19.026+0000][8][gc,phases   ] GC(212)   Merge Heap Roots: 0.1ms
[2022-07-04T19:24:19.027+0000][8][gc,phases   ] GC(212)   Evacuate Collection Set: 2.4ms
[2022-07-04T19:24:19.028+0000][8][gc,phases   ] GC(212)   Post Evacuate Collection Set: 1.1ms
[2022-07-04T19:24:19.028+0000][8][gc,phases   ] GC(212)   Other: 1.6ms
[2022-07-04T19:24:19.029+0000][8][gc,age      ] GC(212) Age table with threshold 15 (max threshold 15)
[2022-07-04T19:24:19.029+0000][8][gc,age      ] GC(212) - age   1:    1712200 bytes,    1712200 total
[2022-07-04T19:24:19.030+0000][8][gc,age      ] GC(212) - age   2:      46408 bytes,    1758608 total
[2022-07-04T19:24:19.030+0000][8][gc,age      ] GC(212) - age   3:       4712 bytes,    1763320 total
[2022-07-04T19:24:19.031+0000][8][gc,age      ] GC(212) - age   4:       8320 bytes,    1771640 total
[2022-07-04T19:24:19.031+0000][8][gc,age      ] GC(212) - age   5:       1104 bytes,    1772744 total
[2022-07-04T19:24:19.032+0000][8][gc,age      ] GC(212) - age   6:     972264 bytes,    2745008 total
[2022-07-04T19:24:19.033+0000][8][gc,age      ] GC(212) - age   8:        384 bytes,    2745392 total
[2022-07-04T19:24:19.033+0000][8][gc,age      ] GC(212) - age   9:        184 bytes,    2745576 total
[2022-07-04T19:24:19.033+0000][8][gc,age      ] GC(212) - age  10:         32 bytes,    2745608 total
[2022-07-04T19:24:19.044+0000][8][gc,age      ] GC(212) - age  11:       1104 bytes,    2746712 total
[2022-07-04T19:24:19.045+0000][8][gc,age      ] GC(212) - age  12:       5568 bytes,    2752280 total
[2022-07-04T19:24:19.045+0000][8][gc,age      ] GC(212) - age  13:        184 bytes,    2752464 total
[2022-07-04T19:24:19.046+0000][8][gc,age      ] GC(212) - age  15:         88 bytes,    2752552 total
[2022-07-04T19:24:19.047+0000][8][gc,heap     ] GC(212) Eden regions: 75->0(75)
[2022-07-04T19:24:19.047+0000][8][gc,heap     ] GC(212) Survivor regions: 1->1(10)
[2022-07-04T19:24:19.048+0000][8][gc,heap     ] GC(212) Old regions: 22->22
[2022-07-04T19:24:19.049+0000][8][gc,heap     ] GC(212) Archive regions: 2->2
[2022-07-04T19:24:19.049+0000][8][gc,heap     ] GC(212) Humongous regions: 0->0
[2022-07-04T19:24:19.050+0000][8][gc,metaspace] GC(212) Metaspace: 128175K(131456K)->128175K(131456K) NonClass: 111372K(113024K)->111372K(113024K) Class: 16803K(18432K)->16803K(18432K)
[2022-07-04T19:24:19.051+0000][8][gc          ] GC(212) Pause Young (Normal) (G1 Evacuation Pause) 393M->93M(512M) 35.500ms
[2022-07-04T19:24:19.052+0000][8][gc,cpu      ] GC(212) User=0.01s Sys=0.00s Real=0.03s
[2022-07-04T19:24:19.053+0000][8][safepoint   ] Safepoint "G1CollectForAllocation", Time since last: 4906442892 ns, Reaching safepoint: 128569 ns, At safepoint: 38000597 ns, Total: 38129166 ns
[2022-07-04T19:24:56.055+0000][8][safepoint   ] Safepoint "Cleanup", Time since last: 37024066827 ns, Reaching safepoint: 329432 ns, At safepoint: 50452 ns, Total: 379884 ns
[2022-07-04T19:25:09.048+0000][8][safepoint   ] Safepoint "Cleanup", Time since last: 13013706801 ns, Reaching safepoint: 431295 ns, At safepoint: 19502 ns, Total: 450797 ns
[2022-07-04T19:25:37.013+0000][8][gc,start    ] GC(213) Pause Young (Normal) (G1 Evacuation Pause)
[2022-07-04T19:25:37.015+0000][8][gc,task     ] GC(213) Using 4 workers of 4 for evacuation
[2022-07-04T19:25:37.016+0000][8][gc,age      ] GC(213) Desired survivor size 20971520 bytes, new threshold 15 (max threshold 15)
[2022-07-04T19:25:37.022+0000][8][gc,phases   ] GC(213)   Pre Evacuate Collection Set: 0.2ms
[2022-07-04T19:25:37.023+0000][8][gc,phases   ] GC(213)   Merge Heap Roots: 0.1ms
[2022-07-04T19:25:37.023+0000][8][gc,phases   ] GC(213)   Evacuate Collection Set: 3.7ms
[2022-07-04T19:25:37.024+0000][8][gc,phases   ] GC(213)   Post Evacuate Collection Set: 1.2ms
[2022-07-04T19:25:37.024+0000][8][gc,phases   ] GC(213)   Other: 2.0ms
[2022-07-04T19:25:37.025+0000][8][gc,age      ] GC(213) Age table with threshold 15 (max threshold 15)
[2022-07-04T19:25:37.026+0000][8][gc,age      ] GC(213) - age   1:    1824544 bytes,    1824544 total
[2022-07-04T19:25:37.026+0000][8][gc,age      ] GC(213) - age   2:     306000 bytes,    2130544 total
[2022-07-04T19:25:37.027+0000][8][gc,age      ] GC(213) - age   3:      44704 bytes,    2175248 total
[2022-07-04T19:25:37.027+0000][8][gc,age      ] GC(213) - age   4:       4416 bytes,    2179664 total
[2022-07-04T19:25:37.028+0000][8][gc,age      ] GC(213) - age   5:       8224 bytes,    2187888 total
[2022-07-04T19:25:37.028+0000][8][gc,age      ] GC(213) - age   6:       1104 bytes,    2188992 total
[2022-07-04T19:25:37.029+0000][8][gc,age      ] GC(213) - age   7:     972064 bytes,    3161056 total
[2022-07-04T19:25:37.029+0000][8][gc,age      ] GC(213) - age   9:        384 bytes,    3161440 total
[2022-07-04T19:25:37.030+0000][8][gc,age      ] GC(213) - age  10:        184 bytes,    3161624 total
[2022-07-04T19:25:37.032+0000][8][gc,age      ] GC(213) - age  11:         32 bytes,    3161656 total
[2022-07-04T19:25:37.033+0000][8][gc,age      ] GC(213) - age  12:       1104 bytes,    3162760 total
[2022-07-04T19:25:37.034+0000][8][gc,age      ] GC(213) - age  13:       5568 bytes,    3168328 total
[2022-07-04T19:25:37.035+0000][8][gc,age      ] GC(213) - age  14:        184 bytes,    3168512 total
[2022-07-04T19:25:37.035+0000][8][gc,heap     ] GC(213) Eden regions: 75->0(75)
[2022-07-04T19:25:37.036+0000][8][gc,heap     ] GC(213) Survivor regions: 1->1(10)
[2022-07-04T19:25:37.036+0000][8][gc,heap     ] GC(213) Old regions: 22->22
[2022-07-04T19:25:37.037+0000][8][gc,heap     ] GC(213) Archive regions: 2->2
[2022-07-04T19:25:37.038+0000][8][gc,heap     ] GC(213) Humongous regions: 0->0
[2022-07-04T19:25:37.038+0000][8][gc,metaspace] GC(213) Metaspace: 128175K(131456K)->128175K(131456K) NonClass: 111372K(113024K)->111372K(113024K) Class: 16803K(18432K)->16803K(18432K)
[2022-07-04T19:25:37.039+0000][8][gc          ] GC(213) Pause Young (Normal) (G1 Evacuation Pause) 393M->94M(512M) 25.652ms
[2022-07-04T19:25:37.039+0000][8][gc,cpu      ] GC(213) User=0.02s Sys=0.00s Real=0.03s
[2022-07-04T19:25:37.040+0000][8][safepoint   ] Safepoint "G1CollectForAllocation", Time since last: 27964630178 ns, Reaching safepoint: 72133 ns, At safepoint: 27016486 ns, Total: 27088619 ns
[2022-07-04T19:27:07.461+0000][8][gc,start    ] GC(214) Pause Young (Normal) (G1 Evacuation Pause)
[2022-07-04T19:27:07.462+0000][8][gc,task     ] GC(214) Using 4 workers of 4 for evacuation
[2022-07-04T19:27:07.462+0000][8][gc,age      ] GC(214) Desired survivor size 20971520 bytes, new threshold 15 (max threshold 15)
[2022-07-04T19:27:07.469+0000][8][gc,phases   ] GC(214)   Pre Evacuate Collection Set: 0.4ms
[2022-07-04T19:27:07.471+0000][8][gc,phases   ] GC(214)   Merge Heap Roots: 0.3ms
[2022-07-04T19:27:07.471+0000][8][gc,phases   ] GC(214)   Evacuate Collection Set: 3.7ms
[2022-07-04T19:27:07.472+0000][8][gc,phases   ] GC(214)   Post Evacuate Collection Set: 1.7ms
[2022-07-04T19:27:07.473+0000][8][gc,phases   ] GC(214)   Other: 1.3ms
[2022-07-04T19:27:07.473+0000][8][gc,age      ] GC(214) Age table with threshold 15 (max threshold 15)
[2022-07-04T19:27:07.474+0000][8][gc,age      ] GC(214) - age   1:    1380120 bytes,    1380120 total
[2022-07-04T19:27:07.474+0000][8][gc,age      ] GC(214) - age   2:      34432 bytes,    1414552 total
[2022-07-04T19:27:07.475+0000][8][gc,age      ] GC(214) - age   3:     304080 bytes,    1718632 total
[2022-07-04T19:27:07.475+0000][8][gc,age      ] GC(214) - age   4:      44704 bytes,    1763336 total
[2022-07-04T19:27:07.476+0000][8][gc,age      ] GC(214) - age   5:       4416 bytes,    1767752 total
[2022-07-04T19:27:07.476+0000][8][gc,age      ] GC(214) - age   6:       8224 bytes,    1775976 total
[2022-07-04T19:27:07.477+0000][8][gc,age      ] GC(214) - age   7:       1104 bytes,    1777080 total
[2022-07-04T19:27:07.478+0000][8][gc,age      ] GC(214) - age   8:     972064 bytes,    2749144 total
[2022-07-04T19:27:07.478+0000][8][gc,age      ] GC(214) - age  10:        384 bytes,    2749528 total
[2022-07-04T19:27:07.479+0000][8][gc,age      ] GC(214) - age  11:        184 bytes,    2749712 total
[2022-07-04T19:27:07.479+0000][8][gc,age      ] GC(214) - age  12:         32 bytes,    2749744 total
[2022-07-04T19:27:07.480+0000][8][gc,age      ] GC(214) - age  13:        920 bytes,    2750664 total
[2022-07-04T19:27:07.482+0000][8][gc,age      ] GC(214) - age  14:       5568 bytes,    2756232 total
[2022-07-04T19:27:07.482+0000][8][gc,age      ] GC(214) - age  15:        184 bytes,    2756416 total
[2022-07-04T19:27:07.483+0000][8][gc,heap     ] GC(214) Eden regions: 75->0(75)
[2022-07-04T19:27:07.484+0000][8][gc,heap     ] GC(214) Survivor regions: 1->1(10)
[2022-07-04T19:27:07.484+0000][8][gc,heap     ] GC(214) Old regions: 22->22
[2022-07-04T19:27:07.485+0000][8][gc,heap     ] GC(214) Archive regions: 2->2
[2022-07-04T19:27:07.485+0000][8][gc,heap     ] GC(214) Humongous regions: 0->0
[2022-07-04T19:27:07.486+0000][8][gc,metaspace] GC(214) Metaspace: 128176K(131456K)->128176K(131456K) NonClass: 111373K(113024K)->111373K(113024K) Class: 16803K(18432K)->16803K(18432K)
[2022-07-04T19:27:07.487+0000][8][gc          ] GC(214) Pause Young (Normal) (G1 Evacuation Pause) 394M->93M(512M) 25.923ms
[2022-07-04T19:27:07.487+0000][8][gc,cpu      ] GC(214) User=0.01s Sys=0.01s Real=0.03s
[2022-07-04T19:27:07.488+0000][8][safepoint   ] Safepoint "G1CollectForAllocation", Time since last: 90484720064 ns, Reaching safepoint: 141870 ns, At safepoint: 27382949 ns, Total: 27524819 ns
[2022-07-04T19:28:34.078+0000][8][gc,start    ] GC(215) Pause Young (Normal) (G1 Evacuation Pause)
[2022-07-04T19:28:34.080+0000][8][gc,task     ] GC(215) Using 4 workers of 4 for evacuation
[2022-07-04T19:28:34.081+0000][8][gc,age      ] GC(215) Desired survivor size 20971520 bytes, new threshold 15 (max threshold 15)
[2022-07-04T19:28:34.087+0000][8][gc,phases   ] GC(215)   Pre Evacuate Collection Set: 0.4ms
[2022-07-04T19:28:34.088+0000][8][gc,phases   ] GC(215)   Merge Heap Roots: 0.2ms
[2022-07-04T19:28:34.089+0000][8][gc,phases   ] GC(215)   Evacuate Collection Set: 3.7ms
[2022-07-04T19:28:34.090+0000][8][gc,phases   ] GC(215)   Post Evacuate Collection Set: 1.0ms
[2022-07-04T19:28:34.091+0000][8][gc,phases   ] GC(215)   Other: 2.1ms
[2022-07-04T19:28:34.091+0000][8][gc,age      ] GC(215) Age table with threshold 15 (max threshold 15)
[2022-07-04T19:28:34.092+0000][8][gc,age      ] GC(215) - age   1:    1507416 bytes,    1507416 total
[2022-07-04T19:28:34.092+0000][8][gc,age      ] GC(215) - age   2:       9968 bytes,    1517384 total
[2022-07-04T19:28:34.093+0000][8][gc,age      ] GC(215) - age   3:      33168 bytes,    1550552 total
[2022-07-04T19:28:34.093+0000][8][gc,age      ] GC(215) - age   4:     304080 bytes,    1854632 total
[2022-07-04T19:28:34.094+0000][8][gc,age      ] GC(215) - age   5:      44704 bytes,    1899336 total
[2022-07-04T19:28:34.095+0000][8][gc,age      ] GC(215) - age   6:       4416 bytes,    1903752 total
[2022-07-04T19:28:34.096+0000][8][gc,age      ] GC(215) - age   7:       8224 bytes,    1911976 total
[2022-07-04T19:28:34.096+0000][8][gc,age      ] GC(215) - age   8:       1104 bytes,    1913080 total
[2022-07-04T19:28:34.097+0000][8][gc,age      ] GC(215) - age   9:     972064 bytes,    2885144 total
[2022-07-04T19:28:34.098+0000][8][gc,age      ] GC(215) - age  11:        384 bytes,    2885528 total
[2022-07-04T19:28:34.098+0000][8][gc,age      ] GC(215) - age  12:        184 bytes,    2885712 total
[2022-07-04T19:28:34.099+0000][8][gc,age      ] GC(215) - age  13:         32 bytes,    2885744 total
[2022-07-04T19:28:34.100+0000][8][gc,age      ] GC(215) - age  14:        920 bytes,    2886664 total
[2022-07-04T19:28:34.100+0000][8][gc,age      ] GC(215) - age  15:       5568 bytes,    2892232 total
[2022-07-04T19:28:34.101+0000][8][gc,heap     ] GC(215) Eden regions: 75->0(75)
[2022-07-04T19:28:34.102+0000][8][gc,heap     ] GC(215) Survivor regions: 1->1(10)
[2022-07-04T19:28:34.102+0000][8][gc,heap     ] GC(215) Old regions: 22->22
[2022-07-04T19:28:34.103+0000][8][gc,heap     ] GC(215) Archive regions: 2->2
[2022-07-04T19:28:34.103+0000][8][gc,heap     ] GC(215) Humongous regions: 0->0
[2022-07-04T19:28:34.104+0000][8][gc,metaspace] GC(215) Metaspace: 128176K(131456K)->128176K(131456K) NonClass: 111373K(113024K)->111373K(113024K) Class: 16803K(18432K)->16803K(18432K)
[2022-07-04T19:28:34.105+0000][8][gc          ] GC(215) Pause Young (Normal) (G1 Evacuation Pause) 393M->93M(512M) 26.287ms
[2022-07-04T19:28:34.105+0000][8][gc,cpu      ] GC(215) User=0.02s Sys=0.00s Real=0.03s
[2022-07-04T19:28:34.106+0000][8][safepoint   ] Safepoint "G1CollectForAllocation", Time since last: 86655438397 ns, Reaching safepoint: 168722 ns, At safepoint: 27781759 ns, Total: 27950481 ns
[2022-07-04T19:30:00.913+0000][8][gc,start    ] GC(216) Pause Young (Normal) (G1 Evacuation Pause)
[2022-07-04T19:30:00.917+0000][8][gc,task     ] GC(216) Using 4 workers of 4 for evacuation
[2022-07-04T19:30:00.919+0000][8][gc,age      ] GC(216) Desired survivor size 20971520 bytes, new threshold 15 (max threshold 15)
[2022-07-04T19:30:00.924+0000][8][gc,phases   ] GC(216)   Pre Evacuate Collection Set: 0.3ms
[2022-07-04T19:30:00.925+0000][8][gc,phases   ] GC(216)   Merge Heap Roots: 0.2ms
[2022-07-04T19:30:00.926+0000][8][gc,phases   ] GC(216)   Evacuate Collection Set: 2.6ms
[2022-07-04T19:30:00.927+0000][8][gc,phases   ] GC(216)   Post Evacuate Collection Set: 1.5ms
[2022-07-04T19:30:00.927+0000][8][gc,phases   ] GC(216)   Other: 2.4ms
[2022-07-04T19:30:00.928+0000][8][gc,age      ] GC(216) Age table with threshold 15 (max threshold 15)
[2022-07-04T19:30:00.929+0000][8][gc,age      ] GC(216) - age   1:    1495864 bytes,    1495864 total
[2022-07-04T19:30:00.929+0000][8][gc,age      ] GC(216) - age   2:       2544 bytes,    1498408 total
[2022-07-04T19:30:00.930+0000][8][gc,age      ] GC(216) - age   3:        504 bytes,    1498912 total
[2022-07-04T19:30:00.931+0000][8][gc,age      ] GC(216) - age   4:        664 bytes,    1499576 total
[2022-07-04T19:30:00.932+0000][8][gc,age      ] GC(216) - age   5:     220464 bytes,    1720040 total
[2022-07-04T19:30:00.932+0000][8][gc,age      ] GC(216) - age   6:      21120 bytes,    1741160 total
[2022-07-04T19:30:00.933+0000][8][gc,age      ] GC(216) - age   7:        184 bytes,    1741344 total
[2022-07-04T19:30:00.934+0000][8][gc,age      ] GC(216) - age   8:       8048 bytes,    1749392 total
[2022-07-04T19:30:00.935+0000][8][gc,age      ] GC(216) - age   9:       1104 bytes,    1750496 total
[2022-07-04T19:30:00.936+0000][8][gc,age      ] GC(216) - age  10:     972064 bytes,    2722560 total
[2022-07-04T19:30:00.937+0000][8][gc,age      ] GC(216) - age  12:        384 bytes,    2722944 total
[2022-07-04T19:30:00.937+0000][8][gc,age      ] GC(216) - age  13:        184 bytes,    2723128 total
[2022-07-04T19:30:00.939+0000][8][gc,age      ] GC(216) - age  15:        920 bytes,    2724048 total
[2022-07-04T19:30:00.939+0000][8][gc,heap     ] GC(216) Eden regions: 75->0(75)
[2022-07-04T19:30:00.940+0000][8][gc,heap     ] GC(216) Survivor regions: 1->1(10)
[2022-07-04T19:30:00.941+0000][8][gc,heap     ] GC(216) Old regions: 22->22
[2022-07-04T19:30:00.941+0000][8][gc,heap     ] GC(216) Archive regions: 2->2
[2022-07-04T19:30:00.942+0000][8][gc,heap     ] GC(216) Humongous regions: 0->0
[2022-07-04T19:30:00.943+0000][8][gc,metaspace] GC(216) Metaspace: 128176K(131456K)->128176K(131456K) NonClass: 111373K(113024K)->111373K(113024K) Class: 16803K(18432K)->16803K(18432K)
[2022-07-04T19:30:00.943+0000][8][gc          ] GC(216) Pause Young (Normal) (G1 Evacuation Pause) 393M->93M(512M) 30.666ms
[2022-07-04T19:30:00.944+0000][8][gc,cpu      ] GC(216) User=0.01s Sys=0.00s Real=0.03s
[2022-07-04T19:30:00.944+0000][8][safepoint   ] Safepoint "G1CollectForAllocation", Time since last: 86871535784 ns, Reaching safepoint: 85962 ns, At safepoint: 31980581 ns, Total: 32066543 ns
[2022-07-04T19:31:48.867+0000][8][gc,start    ] GC(217) Pause Young (Normal) (G1 Evacuation Pause)
[2022-07-04T19:31:48.868+0000][8][gc,task     ] GC(217) Using 4 workers of 4 for evacuation
[2022-07-04T19:31:48.869+0000][8][gc,age      ] GC(217) Desired survivor size 20971520 bytes, new threshold 15 (max threshold 15)
[2022-07-04T19:31:48.876+0000][8][gc,phases   ] GC(217)   Pre Evacuate Collection Set: 0.1ms
[2022-07-04T19:31:48.877+0000][8][gc,phases   ] GC(217)   Merge Heap Roots: 0.1ms
[2022-07-04T19:31:48.877+0000][8][gc,phases   ] GC(217)   Evacuate Collection Set: 3.9ms
[2022-07-04T19:31:48.878+0000][8][gc,phases   ] GC(217)   Post Evacuate Collection Set: 1.5ms
[2022-07-04T19:31:48.879+0000][8][gc,phases   ] GC(217)   Other: 1.7ms
[2022-07-04T19:31:48.879+0000][8][gc,age      ] GC(217) Age table with threshold 15 (max threshold 15)
[2022-07-04T19:31:48.880+0000][8][gc,age      ] GC(217) - age   1:     519904 bytes,     519904 total
[2022-07-04T19:31:48.880+0000][8][gc,age      ] GC(217) - age   2:     140848 bytes,     660752 total
[2022-07-04T19:31:48.881+0000][8][gc,age      ] GC(217) - age   3:        184 bytes,     660936 total
[2022-07-04T19:31:48.882+0000][8][gc,age      ] GC(217) - age   4:        184 bytes,     661120 total
[2022-07-04T19:31:48.882+0000][8][gc,age      ] GC(217) - age   5:        600 bytes,     661720 total
[2022-07-04T19:31:48.883+0000][8][gc,age      ] GC(217) - age   6:     220304 bytes,     882024 total
[2022-07-04T19:31:48.883+0000][8][gc,age      ] GC(217) - age   7:      21120 bytes,     903144 total
[2022-07-04T19:31:48.884+0000][8][gc,age      ] GC(217) - age   8:        184 bytes,     903328 total
[2022-07-04T19:31:48.885+0000][8][gc,age      ] GC(217) - age   9:       8048 bytes,     911376 total
[2022-07-04T19:31:48.885+0000][8][gc,age      ] GC(217) - age  10:       1104 bytes,     912480 total
[2022-07-04T19:31:48.886+0000][8][gc,age      ] GC(217) - age  11:     972064 bytes,    1884544 total
[2022-07-04T19:31:48.886+0000][8][gc,age      ] GC(217) - age  13:        384 bytes,    1884928 total
[2022-07-04T19:31:48.887+0000][8][gc,age      ] GC(217) - age  14:        184 bytes,    1885112 total
[2022-07-04T19:31:48.888+0000][8][gc,heap     ] GC(217) Eden regions: 75->0(75)
[2022-07-04T19:31:48.888+0000][8][gc,heap     ] GC(217) Survivor regions: 1->1(10)
[2022-07-04T19:31:48.889+0000][8][gc,heap     ] GC(217) Old regions: 22->22
[2022-07-04T19:31:48.890+0000][8][gc,heap     ] GC(217) Archive regions: 2->2
[2022-07-04T19:31:48.891+0000][8][gc,heap     ] GC(217) Humongous regions: 0->0
[2022-07-04T19:31:48.892+0000][8][gc,metaspace] GC(217) Metaspace: 128176K(131456K)->128176K(131456K) NonClass: 111373K(113024K)->111373K(113024K) Class: 16803K(18432K)->16803K(18432K)
[2022-07-04T19:31:48.893+0000][8][gc          ] GC(217) Pause Young (Normal) (G1 Evacuation Pause) 393M->92M(512M) 25.277ms
[2022-07-04T19:31:48.894+0000][8][gc,cpu      ] GC(217) User=0.01s Sys=0.01s Real=0.03s
[2022-07-04T19:31:48.897+0000][8][safepoint   ] Safepoint "G1CollectForAllocation", Time since last: 108009067306 ns, Reaching safepoint: 82457 ns, At safepoint: 29541798 ns, Total: 29624255 ns
[2022-07-04T19:33:07.935+0000][8][safepoint   ] Safepoint "Cleanup", Time since last: 79081052200 ns, Reaching safepoint: 290292 ns, At safepoint: 93675 ns, Total: 383967 ns
[2022-07-04T19:33:15.830+0000][8][gc,start    ] GC(218) Pause Young (Normal) (G1 Evacuation Pause)
[2022-07-04T19:33:15.831+0000][8][gc,task     ] GC(218) Using 4 workers of 4 for evacuation
[2022-07-04T19:33:15.832+0000][8][gc,age      ] GC(218) Desired survivor size 20971520 bytes, new threshold 15 (max threshold 15)
[2022-07-04T19:33:15.839+0000][8][gc,phases   ] GC(218)   Pre Evacuate Collection Set: 0.2ms
[2022-07-04T19:33:15.840+0000][8][gc,phases   ] GC(218)   Merge Heap Roots: 0.1ms
[2022-07-04T19:33:15.841+0000][8][gc,phases   ] GC(218)   Evacuate Collection Set: 2.7ms
[2022-07-04T19:33:15.841+0000][8][gc,phases   ] GC(218)   Post Evacuate Collection Set: 1.8ms
[2022-07-04T19:33:15.842+0000][8][gc,phases   ] GC(218)   Other: 2.5ms
[2022-07-04T19:33:15.843+0000][8][gc,age      ] GC(218) Age table with threshold 15 (max threshold 15)
[2022-07-04T19:33:15.843+0000][8][gc,age      ] GC(218) - age   1:     372992 bytes,     372992 total
[2022-07-04T19:33:15.844+0000][8][gc,age      ] GC(218) - age   2:      18432 bytes,     391424 total
[2022-07-04T19:33:15.845+0000][8][gc,age      ] GC(218) - age   3:     139144 bytes,     530568 total
[2022-07-04T19:33:15.845+0000][8][gc,age      ] GC(218) - age   5:        184 bytes,     530752 total
[2022-07-04T19:33:15.846+0000][8][gc,age      ] GC(218) - age   6:        304 bytes,     531056 total
[2022-07-04T19:33:15.847+0000][8][gc,age      ] GC(218) - age   7:     220304 bytes,     751360 total
[2022-07-04T19:33:15.848+0000][8][gc,age      ] GC(218) - age   8:      21120 bytes,     772480 total
[2022-07-04T19:33:15.848+0000][8][gc,age      ] GC(218) - age   9:        184 bytes,     772664 total
[2022-07-04T19:33:15.849+0000][8][gc,age      ] GC(218) - age  10:       8048 bytes,     780712 total
[2022-07-04T19:33:15.850+0000][8][gc,age      ] GC(218) - age  11:       1104 bytes,     781816 total
[2022-07-04T19:33:15.851+0000][8][gc,age      ] GC(218) - age  12:     972064 bytes,    1753880 total
[2022-07-04T19:33:15.851+0000][8][gc,age      ] GC(218) - age  15:        184 bytes,    1754064 total
[2022-07-04T19:33:15.855+0000][8][gc,heap     ] GC(218) Eden regions: 75->0(75)
[2022-07-04T19:33:15.856+0000][8][gc,heap     ] GC(218) Survivor regions: 1->1(10)
[2022-07-04T19:33:15.856+0000][8][gc,heap     ] GC(218) Old regions: 22->22
[2022-07-04T19:33:15.857+0000][8][gc,heap     ] GC(218) Archive regions: 2->2
[2022-07-04T19:33:15.858+0000][8][gc,heap     ] GC(218) Humongous regions: 0->0
[2022-07-04T19:33:15.858+0000][8][gc,metaspace] GC(218) Metaspace: 128176K(131456K)->128176K(131456K) NonClass: 111373K(113024K)->111373K(113024K) Class: 16803K(18432K)->16803K(18432K)
[2022-07-04T19:33:15.859+0000][8][gc          ] GC(218) Pause Young (Normal) (G1 Evacuation Pause) 392M->92M(512M) 29.160ms
[2022-07-04T19:33:15.859+0000][8][gc,cpu      ] GC(218) User=0.01s Sys=0.01s Real=0.03s
[2022-07-04T19:33:15.860+0000][8][safepoint   ] Safepoint "G1CollectForAllocation", Time since last: 7916691208 ns, Reaching safepoint: 122321 ns, At safepoint: 30414814 ns, Total: 30537135 ns
[2022-07-04T19:34:36.840+0000][8][gc,start    ] GC(219) Pause Young (Normal) (G1 Evacuation Pause)
[2022-07-04T19:34:36.842+0000][8][gc,task     ] GC(219) Using 4 workers of 4 for evacuation
[2022-07-04T19:34:36.842+0000][8][gc,age      ] GC(219) Desired survivor size 20971520 bytes, new threshold 15 (max threshold 15)
[2022-07-04T19:34:36.846+0000][8][gc,phases   ] GC(219)   Pre Evacuate Collection Set: 0.2ms
[2022-07-04T19:34:36.847+0000][8][gc,phases   ] GC(219)   Merge Heap Roots: 0.1ms
[2022-07-04T19:34:36.848+0000][8][gc,phases   ] GC(219)   Evacuate Collection Set: 2.0ms
[2022-07-04T19:34:36.849+0000][8][gc,phases   ] GC(219)   Post Evacuate Collection Set: 1.1ms
[2022-07-04T19:34:36.851+0000][8][gc,phases   ] GC(219)   Other: 1.4ms
[2022-07-04T19:34:36.852+0000][8][gc,age      ] GC(219) Age table with threshold 15 (max threshold 15)
[2022-07-04T19:34:36.853+0000][8][gc,age      ] GC(219) - age   1:     797688 bytes,     797688 total
[2022-07-04T19:34:36.854+0000][8][gc,age      ] GC(219) - age   2:       3240 bytes,     800928 total
[2022-07-04T19:34:36.854+0000][8][gc,age      ] GC(219) - age   3:      17688 bytes,     818616 total
[2022-07-04T19:34:36.855+0000][8][gc,age      ] GC(219) - age   4:     139144 bytes,     957760 total
[2022-07-04T19:34:36.856+0000][8][gc,age      ] GC(219) - age   6:        184 bytes,     957944 total
[2022-07-04T19:34:36.856+0000][8][gc,age      ] GC(219) - age   7:        280 bytes,     958224 total
[2022-07-04T19:34:36.857+0000][8][gc,age      ] GC(219) - age   8:     218384 bytes,    1176608 total
[2022-07-04T19:34:36.858+0000][8][gc,age      ] GC(219) - age   9:      21120 bytes,    1197728 total
[2022-07-04T19:34:36.858+0000][8][gc,age      ] GC(219) - age  10:        184 bytes,    1197912 total
[2022-07-04T19:34:36.859+0000][8][gc,age      ] GC(219) - age  11:       8048 bytes,    1205960 total
[2022-07-04T19:34:36.860+0000][8][gc,age      ] GC(219) - age  12:       1104 bytes,    1207064 total
[2022-07-04T19:34:36.860+0000][8][gc,age      ] GC(219) - age  13:     972032 bytes,    2179096 total
[2022-07-04T19:34:36.861+0000][8][gc,heap     ] GC(219) Eden regions: 75->0(75)
[2022-07-04T19:34:36.862+0000][8][gc,heap     ] GC(219) Survivor regions: 1->1(10)
[2022-07-04T19:34:36.862+0000][8][gc,heap     ] GC(219) Old regions: 22->22
[2022-07-04T19:34:36.863+0000][8][gc,heap     ] GC(219) Archive regions: 2->2
[2022-07-04T19:34:36.864+0000][8][gc,heap     ] GC(219) Humongous regions: 0->0
[2022-07-04T19:34:36.864+0000][8][gc,metaspace] GC(219) Metaspace: 128176K(131456K)->128176K(131456K) NonClass: 111373K(113024K)->111373K(113024K) Class: 16803K(18432K)->16803K(18432K)
[2022-07-04T19:34:36.865+0000][8][gc          ] GC(219) Pause Young (Normal) (G1 Evacuation Pause) 392M->92M(512M) 24.157ms
[2022-07-04T19:34:36.865+0000][8][gc,cpu      ] GC(219) User=0.00s Sys=0.00s Real=0.02s
[2022-07-04T19:34:36.866+0000][8][safepoint   ] Safepoint "G1CollectForAllocation", Time since last: 81022359384 ns, Reaching safepoint: 122646 ns, At safepoint: 25594645 ns, Total: 25717291 ns
[2022-07-04T19:35:57.889+0000][8][safepoint   ] Safepoint "Cleanup", Time since last: 81088547225 ns, Reaching safepoint: 124948 ns, At safepoint: 7658 ns, Total: 132606 ns
[2022-07-04T19:36:00.819+0000][8][gc,start    ] GC(220) Pause Young (Normal) (G1 Evacuation Pause)
[2022-07-04T19:36:00.820+0000][8][gc,task     ] GC(220) Using 4 workers of 4 for evacuation
[2022-07-04T19:36:00.821+0000][8][gc,age      ] GC(220) Desired survivor size 20971520 bytes, new threshold 15 (max threshold 15)
[2022-07-04T19:36:00.825+0000][8][gc,phases   ] GC(220)   Pre Evacuate Collection Set: 0.1ms
[2022-07-04T19:36:00.826+0000][8][gc,phases   ] GC(220)   Merge Heap Roots: 0.1ms
[2022-07-04T19:36:00.826+0000][8][gc,phases   ] GC(220)   Evacuate Collection Set: 2.0ms
[2022-07-04T19:36:00.827+0000][8][gc,phases   ] GC(220)   Post Evacuate Collection Set: 0.9ms
[2022-07-04T19:36:00.827+0000][8][gc,phases   ] GC(220)   Other: 1.4ms
[2022-07-04T19:36:00.828+0000][8][gc,age      ] GC(220) Age table with threshold 15 (max threshold 15)
[2022-07-04T19:36:00.829+0000][8][gc,age      ] GC(220) - age   1:     676768 bytes,     676768 total
[2022-07-04T19:36:00.830+0000][8][gc,age      ] GC(220) - age   2:       7392 bytes,     684160 total
[2022-07-04T19:36:00.830+0000][8][gc,age      ] GC(220) - age   3:       1440 bytes,     685600 total
[2022-07-04T19:36:00.831+0000][8][gc,age      ] GC(220) - age   4:      17688 bytes,     703288 total
[2022-07-04T19:36:00.832+0000][8][gc,age      ] GC(220) - age   5:     139048 bytes,     842336 total
[2022-07-04T19:36:00.832+0000][8][gc,age      ] GC(220) - age   7:        184 bytes,     842520 total
[2022-07-04T19:36:00.833+0000][8][gc,age      ] GC(220) - age   8:        280 bytes,     842800 total
[2022-07-04T19:36:00.834+0000][8][gc,age      ] GC(220) - age   9:     218384 bytes,    1061184 total
[2022-07-04T19:36:00.834+0000][8][gc,age      ] GC(220) - age  10:      21120 bytes,    1082304 total
[2022-07-04T19:36:00.835+0000][8][gc,age      ] GC(220) - age  11:        184 bytes,    1082488 total
[2022-07-04T19:36:00.835+0000][8][gc,age      ] GC(220) - age  12:       8048 bytes,    1090536 total
[2022-07-04T19:36:00.836+0000][8][gc,age      ] GC(220) - age  13:       1104 bytes,    1091640 total
[2022-07-04T19:36:00.837+0000][8][gc,age      ] GC(220) - age  14:     972032 bytes,    2063672 total
[2022-07-04T19:36:00.837+0000][8][gc,heap     ] GC(220) Eden regions: 75->0(75)
[2022-07-04T19:36:00.838+0000][8][gc,heap     ] GC(220) Survivor regions: 1->1(10)
[2022-07-04T19:36:00.838+0000][8][gc,heap     ] GC(220) Old regions: 22->22
[2022-07-04T19:36:00.839+0000][8][gc,heap     ] GC(220) Archive regions: 2->2
[2022-07-04T19:36:00.840+0000][8][gc,heap     ] GC(220) Humongous regions: 0->0
[2022-07-04T19:36:00.840+0000][8][gc,metaspace] GC(220) Metaspace: 128176K(131456K)->128176K(131456K) NonClass: 111373K(113024K)->111373K(113024K) Class: 16803K(18432K)->16803K(18432K)
[2022-07-04T19:36:00.841+0000][8][gc          ] GC(220) Pause Young (Normal) (G1 Evacuation Pause) 392M->92M(512M) 21.542ms
[2022-07-04T19:36:00.842+0000][8][gc,cpu      ] GC(220) User=0.00s Sys=0.00s Real=0.02s
[2022-07-04T19:36:00.842+0000][8][safepoint   ] Safepoint "G1CollectForAllocation", Time since last: 2929957486 ns, Reaching safepoint: 72979 ns, At safepoint: 22959278 ns, Total: 23032257 ns
[2022-07-04T20:13:09.620+0000][8][safepoint   ] Safepoint "Cleanup", Time since last: 2228801655009 ns, Reaching safepoint: 19218701 ns, At safepoint: 118606 ns, Total: 19337307 ns
[2022-07-04T20:13:10.075+0000][8][safepoint   ] Safepoint "Cleanup", Time since last: 1023374936 ns, Reaching safepoint: 220769 ns, At safepoint: 90673 ns, Total: 311442 ns
[2022-07-04T20:13:36.260+0000][8][gc,start    ] GC(221) Pause Young (Normal) (G1 Evacuation Pause)
[2022-07-04T20:13:36.261+0000][8][gc,task     ] GC(221) Using 4 workers of 4 for evacuation
[2022-07-04T20:13:36.262+0000][8][gc,age      ] GC(221) Desired survivor size 20971520 bytes, new threshold 15 (max threshold 15)
[2022-07-04T20:13:36.267+0000][8][gc,phases   ] GC(221)   Pre Evacuate Collection Set: 0.2ms
[2022-07-04T20:13:36.268+0000][8][gc,phases   ] GC(221)   Merge Heap Roots: 0.1ms
[2022-07-04T20:13:36.269+0000][8][gc,phases   ] GC(221)   Evacuate Collection Set: 2.4ms
[2022-07-04T20:13:36.270+0000][8][gc,phases   ] GC(221)   Post Evacuate Collection Set: 1.1ms
[2022-07-04T20:13:36.270+0000][8][gc,phases   ] GC(221)   Other: 2.3ms
[2022-07-04T20:13:36.271+0000][8][gc,age      ] GC(221) Age table with threshold 15 (max threshold 15)
[2022-07-04T20:13:36.272+0000][8][gc,age      ] GC(221) - age   1:     677592 bytes,     677592 total
[2022-07-04T20:13:36.272+0000][8][gc,age      ] GC(221) - age   2:       1800 bytes,     679392 total
[2022-07-04T20:13:36.273+0000][8][gc,age      ] GC(221) - age   3:       4944 bytes,     684336 total
[2022-07-04T20:13:36.274+0000][8][gc,age      ] GC(221) - age   4:        896 bytes,     685232 total
[2022-07-04T20:13:36.275+0000][8][gc,age      ] GC(221) - age   5:        184 bytes,     685416 total
[2022-07-04T20:13:36.275+0000][8][gc,age      ] GC(221) - age   6:      31512 bytes,     716928 total
[2022-07-04T20:13:36.276+0000][8][gc,age      ] GC(221) - age   9:        280 bytes,     717208 total
[2022-07-04T20:13:36.277+0000][8][gc,age      ] GC(221) - age  10:     207992 bytes,     925200 total
[2022-07-04T20:13:36.278+0000][8][gc,age      ] GC(221) - age  11:      21088 bytes,     946288 total
[2022-07-04T20:13:36.278+0000][8][gc,age      ] GC(221) - age  12:        184 bytes,     946472 total
[2022-07-04T20:13:36.279+0000][8][gc,age      ] GC(221) - age  14:       1104 bytes,     947576 total
[2022-07-04T20:13:36.280+0000][8][gc,age      ] GC(221) - age  15:     972032 bytes,    1919608 total
[2022-07-04T20:13:36.281+0000][8][gc,heap     ] GC(221) Eden regions: 75->0(75)
[2022-07-04T20:13:36.282+0000][8][gc,heap     ] GC(221) Survivor regions: 1->1(10)
[2022-07-04T20:13:36.283+0000][8][gc,heap     ] GC(221) Old regions: 22->22
[2022-07-04T20:13:36.283+0000][8][gc,heap     ] GC(221) Archive regions: 2->2
[2022-07-04T20:13:36.284+0000][8][gc,heap     ] GC(221) Humongous regions: 0->0
[2022-07-04T20:13:36.285+0000][8][gc,metaspace] GC(221) Metaspace: 128180K(131456K)->128180K(131456K) NonClass: 111377K(113024K)->111377K(113024K) Class: 16803K(18432K)->16803K(18432K)
[2022-07-04T20:13:36.286+0000][8][gc          ] GC(221) Pause Young (Normal) (G1 Evacuation Pause) 392M->92M(512M) 26.021ms
[2022-07-04T20:13:36.286+0000][8][gc,cpu      ] GC(221) User=0.01s Sys=0.00s Real=0.03s
[2022-07-04T20:13:36.287+0000][8][safepoint   ] Safepoint "G1CollectForAllocation", Time since last: 26184901907 ns, Reaching safepoint: 260342 ns, At safepoint: 27185122 ns, Total: 27445464 ns
[2022-07-04T20:30:03.070+0000][8][safepoint   ] Safepoint "Cleanup", Time since last: 987723329961 ns, Reaching safepoint: 885335 ns, At safepoint: 21309 ns, Total: 906644 ns
[2022-07-04T20:30:04.076+0000][8][safepoint   ] Safepoint "Cleanup", Time since last: 1005996001 ns, Reaching safepoint: 329394 ns, At safepoint: 11587 ns, Total: 340981 ns
[2022-07-04T20:31:32.545+0000][8][gc,start    ] GC(222) Pause Young (Normal) (G1 Evacuation Pause)
[2022-07-04T20:31:32.547+0000][8][gc,task     ] GC(222) Using 4 workers of 4 for evacuation
[2022-07-04T20:31:32.551+0000][8][gc,age      ] GC(222) Desired survivor size 20971520 bytes, new threshold 15 (max threshold 15)
[2022-07-04T20:31:32.558+0000][8][gc,phases   ] GC(222)   Pre Evacuate Collection Set: 0.2ms
[2022-07-04T20:31:32.559+0000][8][gc,phases   ] GC(222)   Merge Heap Roots: 0.1ms
[2022-07-04T20:31:32.560+0000][8][gc,phases   ] GC(222)   Evacuate Collection Set: 5.0ms
[2022-07-04T20:31:32.560+0000][8][gc,phases   ] GC(222)   Post Evacuate Collection Set: 0.9ms
[2022-07-04T20:31:32.561+0000][8][gc,phases   ] GC(222)   Other: 4.7ms
[2022-07-04T20:31:32.561+0000][8][gc,age      ] GC(222) Age table with threshold 15 (max threshold 15)
[2022-07-04T20:31:32.562+0000][8][gc,age      ] GC(222) - age   1:    2106136 bytes,    2106136 total
[2022-07-04T20:31:32.563+0000][8][gc,age      ] GC(222) - age   2:     147000 bytes,    2253136 total
[2022-07-04T20:31:32.563+0000][8][gc,age      ] GC(222) - age   3:        584 bytes,    2253720 total
[2022-07-04T20:31:32.564+0000][8][gc,age      ] GC(222) - age   4:       4880 bytes,    2258600 total
[2022-07-04T20:31:32.565+0000][8][gc,age      ] GC(222) - age   5:        832 bytes,    2259432 total
[2022-07-04T20:31:32.566+0000][8][gc,age      ] GC(222) - age   6:        184 bytes,    2259616 total
[2022-07-04T20:31:32.566+0000][8][gc,age      ] GC(222) - age   7:        144 bytes,    2259760 total
[2022-07-04T20:31:32.567+0000][8][gc,age      ] GC(222) - age  10:         80 bytes,    2259840 total
[2022-07-04T20:31:32.568+0000][8][gc,age      ] GC(222) - age  11:     133376 bytes,    2393216 total
[2022-07-04T20:31:32.568+0000][8][gc,age      ] GC(222) - age  12:      21088 bytes,    2414304 total
[2022-07-04T20:31:32.569+0000][8][gc,age      ] GC(222) - age  13:        184 bytes,    2414488 total
[2022-07-04T20:31:32.569+0000][8][gc,age      ] GC(222) - age  15:       1104 bytes,    2415592 total
[2022-07-04T20:31:32.570+0000][8][gc,heap     ] GC(222) Eden regions: 75->0(75)
[2022-07-04T20:31:32.570+0000][8][gc,heap     ] GC(222) Survivor regions: 1->1(10)
[2022-07-04T20:31:32.571+0000][8][gc,heap     ] GC(222) Old regions: 22->22
[2022-07-04T20:31:32.572+0000][8][gc,heap     ] GC(222) Archive regions: 2->2
[2022-07-04T20:31:32.572+0000][8][gc,heap     ] GC(222) Humongous regions: 0->0
[2022-07-04T20:31:32.573+0000][8][gc,metaspace] GC(222) Metaspace: 128190K(131456K)->128190K(131456K) NonClass: 111387K(113024K)->111387K(113024K) Class: 16803K(18432K)->16803K(18432K)
[2022-07-04T20:31:32.573+0000][8][gc          ] GC(222) Pause Young (Normal) (G1 Evacuation Pause) 392M->94M(512M) 27.934ms
[2022-07-04T20:31:32.574+0000][8][gc,cpu      ] GC(222) User=0.01s Sys=0.00s Real=0.02s
[2022-07-04T20:31:32.575+0000][8][safepoint   ] Safepoint "G1CollectForAllocation", Time since last: 88494853978 ns, Reaching safepoint: 70461 ns, At safepoint: 29503056 ns, Total: 29573517 ns
[2022-07-04T20:32:03.576+0000][8][safepoint   ] Safepoint "Cleanup", Time since last: 31023390591 ns, Reaching safepoint: 156873 ns, At safepoint: 9463 ns, Total: 166336 ns
[2022-07-04T20:33:32.282+0000][8][gc,start    ] GC(223) Pause Young (Normal) (G1 Evacuation Pause)
[2022-07-04T20:33:32.283+0000][8][gc,task     ] GC(223) Using 4 workers of 4 for evacuation
[2022-07-04T20:33:32.284+0000][8][gc,age      ] GC(223) Desired survivor size 20971520 bytes, new threshold 15 (max threshold 15)
[2022-07-04T20:33:32.288+0000][8][gc,phases   ] GC(223)   Pre Evacuate Collection Set: 0.1ms
[2022-07-04T20:33:32.289+0000][8][gc,phases   ] GC(223)   Merge Heap Roots: 0.0ms
[2022-07-04T20:33:32.290+0000][8][gc,phases   ] GC(223)   Evacuate Collection Set: 3.0ms
[2022-07-04T20:33:32.291+0000][8][gc,phases   ] GC(223)   Post Evacuate Collection Set: 1.0ms
[2022-07-04T20:33:32.291+0000][8][gc,phases   ] GC(223)   Other: 1.7ms
[2022-07-04T20:33:32.292+0000][8][gc,age      ] GC(223) Age table with threshold 15 (max threshold 15)
[2022-07-04T20:33:32.293+0000][8][gc,age      ] GC(223) - age   1:    1102704 bytes,    1102704 total
[2022-07-04T20:33:32.293+0000][8][gc,age      ] GC(223) - age   2:     624792 bytes,    1727496 total
[2022-07-04T20:33:32.294+0000][8][gc,age      ] GC(223) - age   3:     147000 bytes,    1874496 total
[2022-07-04T20:33:32.295+0000][8][gc,age      ] GC(223) - age   4:        584 bytes,    1875080 total
[2022-07-04T20:33:32.296+0000][8][gc,age      ] GC(223) - age   5:       4880 bytes,    1879960 total
[2022-07-04T20:33:32.297+0000][8][gc,age      ] GC(223) - age   6:        832 bytes,    1880792 total
[2022-07-04T20:33:32.298+0000][8][gc,age      ] GC(223) - age   7:        184 bytes,    1880976 total
[2022-07-04T20:33:32.298+0000][8][gc,age      ] GC(223) - age   8:        144 bytes,    1881120 total
[2022-07-04T20:33:32.299+0000][8][gc,age      ] GC(223) - age  11:         80 bytes,    1881200 total
[2022-07-04T20:33:32.300+0000][8][gc,age      ] GC(223) - age  12:     133376 bytes,    2014576 total
[2022-07-04T20:33:32.300+0000][8][gc,age      ] GC(223) - age  13:      21088 bytes,    2035664 total
[2022-07-04T20:33:32.301+0000][8][gc,age      ] GC(223) - age  14:        184 bytes,    2035848 total
[2022-07-04T20:33:32.302+0000][8][gc,heap     ] GC(223) Eden regions: 75->0(75)
[2022-07-04T20:33:32.302+0000][8][gc,heap     ] GC(223) Survivor regions: 1->1(10)
[2022-07-04T20:33:32.303+0000][8][gc,heap     ] GC(223) Old regions: 22->22
[2022-07-04T20:33:32.304+0000][8][gc,heap     ] GC(223) Archive regions: 2->2
[2022-07-04T20:33:32.304+0000][8][gc,heap     ] GC(223) Humongous regions: 0->0
[2022-07-04T20:33:32.305+0000][8][gc,metaspace] GC(223) Metaspace: 128191K(131456K)->128191K(131456K) NonClass: 111387K(113024K)->111387K(113024K) Class: 16803K(18432K)->16803K(18432K)
[2022-07-04T20:33:32.306+0000][8][gc          ] GC(223) Pause Young (Normal) (G1 Evacuation Pause) 394M->93M(512M) 24.142ms
[2022-07-04T20:33:32.306+0000][8][gc,cpu      ] GC(223) User=0.01s Sys=0.00s Real=0.02s
[2022-07-04T20:33:32.307+0000][8][safepoint   ] Safepoint "G1CollectForAllocation", Time since last: 88769695616 ns, Reaching safepoint: 80694 ns, At safepoint: 25533036 ns, Total: 25613730 ns
[2022-07-04T20:35:02.280+0000][8][safepoint   ] Safepoint "Cleanup", Time since last: 90037733690 ns, Reaching safepoint: 219198 ns, At safepoint: 77541 ns, Total: 296739 ns
[2022-07-04T20:35:03.283+0000][8][safepoint   ] Safepoint "Cleanup", Time since last: 1002783175 ns, Reaching safepoint: 111302 ns, At safepoint: 6467 ns, Total: 117769 ns
[2022-07-04T20:35:18.187+0000][8][gc,start    ] GC(224) Pause Young (Normal) (G1 Evacuation Pause)
[2022-07-04T20:35:18.189+0000][8][gc,task     ] GC(224) Using 4 workers of 4 for evacuation
[2022-07-04T20:35:18.194+0000][8][gc,age      ] GC(224) Desired survivor size 20971520 bytes, new threshold 15 (max threshold 15)
[2022-07-04T20:35:18.201+0000][8][gc,phases   ] GC(224)   Pre Evacuate Collection Set: 0.1ms
[2022-07-04T20:35:18.202+0000][8][gc,phases   ] GC(224)   Merge Heap Roots: 0.0ms
[2022-07-04T20:35:18.203+0000][8][gc,phases   ] GC(224)   Evacuate Collection Set: 3.4ms
[2022-07-04T20:35:18.203+0000][8][gc,phases   ] GC(224)   Post Evacuate Collection Set: 1.0ms
[2022-07-04T20:35:18.204+0000][8][gc,phases   ] GC(224)   Other: 7.9ms
[2022-07-04T20:35:18.204+0000][8][gc,age      ] GC(224) Age table with threshold 15 (max threshold 15)
[2022-07-04T20:35:18.205+0000][8][gc,age      ] GC(224) - age   1:    1749616 bytes,    1749616 total
[2022-07-04T20:35:18.205+0000][8][gc,age      ] GC(224) - age   2:       6576 bytes,    1756192 total
[2022-07-04T20:35:18.206+0000][8][gc,age      ] GC(224) - age   3:     622664 bytes,    2378856 total
[2022-07-04T20:35:18.207+0000][8][gc,age      ] GC(224) - age   4:     146968 bytes,    2525824 total
[2022-07-04T20:35:18.208+0000][8][gc,age      ] GC(224) - age   5:        584 bytes,    2526408 total
[2022-07-04T20:35:18.208+0000][8][gc,age      ] GC(224) - age   6:       4880 bytes,    2531288 total
[2022-07-04T20:35:18.209+0000][8][gc,age      ] GC(224) - age   7:        832 bytes,    2532120 total
[2022-07-04T20:35:18.209+0000][8][gc,age      ] GC(224) - age   8:        184 bytes,    2532304 total
[2022-07-04T20:35:18.210+0000][8][gc,age      ] GC(224) - age   9:        144 bytes,    2532448 total
[2022-07-04T20:35:18.210+0000][8][gc,age      ] GC(224) - age  12:         80 bytes,    2532528 total
[2022-07-04T20:35:18.211+0000][8][gc,age      ] GC(224) - age  13:     133376 bytes,    2665904 total
[2022-07-04T20:35:18.211+0000][8][gc,age      ] GC(224) - age  14:      21088 bytes,    2686992 total
[2022-07-04T20:35:18.212+0000][8][gc,age      ] GC(224) - age  15:        184 bytes,    2687176 total
[2022-07-04T20:35:18.213+0000][8][gc,heap     ] GC(224) Eden regions: 75->0(75)
[2022-07-04T20:35:18.213+0000][8][gc,heap     ] GC(224) Survivor regions: 1->1(10)
[2022-07-04T20:35:18.214+0000][8][gc,heap     ] GC(224) Old regions: 22->22
[2022-07-04T20:35:18.214+0000][8][gc,heap     ] GC(224) Archive regions: 2->2
[2022-07-04T20:35:18.215+0000][8][gc,heap     ] GC(224) Humongous regions: 0->0
[2022-07-04T20:35:18.216+0000][8][gc,metaspace] GC(224) Metaspace: 128191K(131456K)->128191K(131456K) NonClass: 111387K(113024K)->111387K(113024K) Class: 16803K(18432K)->16803K(18432K)
[2022-07-04T20:35:18.216+0000][8][gc          ] GC(224) Pause Young (Normal) (G1 Evacuation Pause) 393M->94M(512M) 29.037ms
[2022-07-04T20:35:18.217+0000][8][gc,cpu      ] GC(224) User=0.01s Sys=0.00s Real=0.03s
[2022-07-04T20:35:18.217+0000][8][safepoint   ] Safepoint "G1CollectForAllocation", Time since last: 14904379843 ns, Reaching safepoint: 84319 ns, At safepoint: 30212444 ns, Total: 30296763 ns
[2022-07-04T20:35:32.206+0000][8][safepoint   ] Safepoint "Cleanup", Time since last: 14009157118 ns, Reaching safepoint: 218373 ns, At safepoint: 26600 ns, Total: 244973 ns
[2022-07-04T20:37:14.225+0000][8][gc,start    ] GC(225) Pause Young (Normal) (G1 Evacuation Pause)
[2022-07-04T20:37:14.226+0000][8][gc,task     ] GC(225) Using 4 workers of 4 for evacuation
[2022-07-04T20:37:14.227+0000][8][gc,age      ] GC(225) Desired survivor size 20971520 bytes, new threshold 15 (max threshold 15)
[2022-07-04T20:37:14.231+0000][8][gc,phases   ] GC(225)   Pre Evacuate Collection Set: 0.2ms
[2022-07-04T20:37:14.231+0000][8][gc,phases   ] GC(225)   Merge Heap Roots: 0.1ms
[2022-07-04T20:37:14.232+0000][8][gc,phases   ] GC(225)   Evacuate Collection Set: 1.5ms
[2022-07-04T20:37:14.233+0000][8][gc,phases   ] GC(225)   Post Evacuate Collection Set: 1.2ms
[2022-07-04T20:37:14.233+0000][8][gc,phases   ] GC(225)   Other: 1.5ms
[2022-07-04T20:37:14.234+0000][8][gc,age      ] GC(225) Age table with threshold 15 (max threshold 15)
[2022-07-04T20:37:14.235+0000][8][gc,age      ] GC(225) - age   1:    1036688 bytes,    1036688 total
[2022-07-04T20:37:14.239+0000][8][gc,age      ] GC(225) - age   2:      15104 bytes,    1051792 total
[2022-07-04T20:37:14.239+0000][8][gc,age      ] GC(225) - age   3:       5320 bytes,    1057112 total
[2022-07-04T20:37:14.240+0000][8][gc,age      ] GC(225) - age   4:     621992 bytes,    1679104 total
[2022-07-04T20:37:14.241+0000][8][gc,age      ] GC(225) - age   5:     146968 bytes,    1826072 total
[2022-07-04T20:37:14.241+0000][8][gc,age      ] GC(225) - age   6:        584 bytes,    1826656 total
[2022-07-04T20:37:14.242+0000][8][gc,age      ] GC(225) - age   7:       4848 bytes,    1831504 total
[2022-07-04T20:37:14.242+0000][8][gc,age      ] GC(225) - age   8:        832 bytes,    1832336 total
[2022-07-04T20:37:14.243+0000][8][gc,age      ] GC(225) - age   9:        184 bytes,    1832520 total
[2022-07-04T20:37:14.244+0000][8][gc,age      ] GC(225) - age  10:        144 bytes,    1832664 total
[2022-07-04T20:37:14.244+0000][8][gc,age      ] GC(225) - age  13:         80 bytes,    1832744 total
[2022-07-04T20:37:14.245+0000][8][gc,age      ] GC(225) - age  14:     133376 bytes,    1966120 total
[2022-07-04T20:37:14.245+0000][8][gc,age      ] GC(225) - age  15:      21088 bytes,    1987208 total
[2022-07-04T20:37:14.246+0000][8][gc,heap     ] GC(225) Eden regions: 75->0(75)
[2022-07-04T20:37:14.247+0000][8][gc,heap     ] GC(225) Survivor regions: 1->1(10)
[2022-07-04T20:37:14.247+0000][8][gc,heap     ] GC(225) Old regions: 22->22
[2022-07-04T20:37:14.248+0000][8][gc,heap     ] GC(225) Archive regions: 2->2
[2022-07-04T20:37:14.248+0000][8][gc,heap     ] GC(225) Humongous regions: 0->0
[2022-07-04T20:37:14.249+0000][8][gc,metaspace] GC(225) Metaspace: 128191K(131456K)->128191K(131456K) NonClass: 111387K(113024K)->111387K(113024K) Class: 16803K(18432K)->16803K(18432K)
[2022-07-04T20:37:14.249+0000][8][gc          ] GC(225) Pause Young (Normal) (G1 Evacuation Pause) 394M->93M(512M) 24.562ms
[2022-07-04T20:37:14.250+0000][8][gc,cpu      ] GC(225) User=0.01s Sys=0.01s Real=0.03s
[2022-07-04T20:37:14.251+0000][8][safepoint   ] Safepoint "G1CollectForAllocation", Time since last: 102083916003 ns, Reaching safepoint: 135291 ns, At safepoint: 25757157 ns, Total: 25892448 ns
[2022-07-04T20:37:56.280+0000][8][safepoint   ] Safepoint "Cleanup", Time since last: 42050981500 ns, Reaching safepoint: 442191 ns, At safepoint: 92470 ns, Total: 534661 ns
[2022-07-04T20:39:02.783+0000][8][gc,start    ] GC(226) Pause Young (Normal) (G1 Evacuation Pause)
[2022-07-04T20:39:02.784+0000][8][gc,task     ] GC(226) Using 4 workers of 4 for evacuation
[2022-07-04T20:39:02.785+0000][8][gc,age      ] GC(226) Desired survivor size 20971520 bytes, new threshold 15 (max threshold 15)
[2022-07-04T20:39:02.790+0000][8][gc,phases   ] GC(226)   Pre Evacuate Collection Set: 0.1ms
[2022-07-04T20:39:02.791+0000][8][gc,phases   ] GC(226)   Merge Heap Roots: 0.1ms
[2022-07-04T20:39:02.792+0000][8][gc,phases   ] GC(226)   Evacuate Collection Set: 2.6ms
[2022-07-04T20:39:02.793+0000][8][gc,phases   ] GC(226)   Post Evacuate Collection Set: 1.1ms
[2022-07-04T20:39:02.794+0000][8][gc,phases   ] GC(226)   Other: 1.8ms
[2022-07-04T20:39:02.794+0000][8][gc,age      ] GC(226) Age table with threshold 15 (max threshold 15)
[2022-07-04T20:39:02.795+0000][8][gc,age      ] GC(226) - age   1:    1559544 bytes,    1559544 total
[2022-07-04T20:39:02.795+0000][8][gc,age      ] GC(226) - age   2:       9920 bytes,    1569464 total
[2022-07-04T20:39:02.796+0000][8][gc,age      ] GC(226) - age   3:      13472 bytes,    1582936 total
[2022-07-04T20:39:02.797+0000][8][gc,age      ] GC(226) - age   4:       5064 bytes,    1588000 total
[2022-07-04T20:39:02.798+0000][8][gc,age      ] GC(226) - age   5:     621840 bytes,    2209840 total
[2022-07-04T20:39:02.799+0000][8][gc,age      ] GC(226) - age   6:     146936 bytes,    2356776 total
[2022-07-04T20:39:02.800+0000][8][gc,age      ] GC(226) - age   7:        584 bytes,    2357360 total
[2022-07-04T20:39:02.801+0000][8][gc,age      ] GC(226) - age   8:       4664 bytes,    2362024 total
[2022-07-04T20:39:02.802+0000][8][gc,age      ] GC(226) - age   9:        832 bytes,    2362856 total
[2022-07-04T20:39:02.805+0000][8][gc,age      ] GC(226) - age  10:        184 bytes,    2363040 total
[2022-07-04T20:39:02.806+0000][8][gc,age      ] GC(226) - age  11:        144 bytes,    2363184 total
[2022-07-04T20:39:02.807+0000][8][gc,age      ] GC(226) - age  14:         80 bytes,    2363264 total
[2022-07-04T20:39:02.808+0000][8][gc,age      ] GC(226) - age  15:     133376 bytes,    2496640 total
[2022-07-04T20:39:02.810+0000][8][gc,heap     ] GC(226) Eden regions: 75->0(75)
[2022-07-04T20:39:02.811+0000][8][gc,heap     ] GC(226) Survivor regions: 1->1(10)
[2022-07-04T20:39:02.811+0000][8][gc,heap     ] GC(226) Old regions: 22->22
[2022-07-04T20:39:02.812+0000][8][gc,heap     ] GC(226) Archive regions: 2->2
[2022-07-04T20:39:02.813+0000][8][gc,heap     ] GC(226) Humongous regions: 0->0
[2022-07-04T20:39:02.813+0000][8][gc,metaspace] GC(226) Metaspace: 128194K(131456K)->128194K(131456K) NonClass: 111390K(113024K)->111390K(113024K) Class: 16803K(18432K)->16803K(18432K)
[2022-07-04T20:39:02.814+0000][8][gc          ] GC(226) Pause Young (Normal) (G1 Evacuation Pause) 393M->94M(512M) 31.369ms
[2022-07-04T20:39:02.815+0000][8][gc,cpu      ] GC(226) User=0.01s Sys=0.01s Real=0.03s
[2022-07-04T20:39:02.816+0000][8][safepoint   ] Safepoint "G1CollectForAllocation", Time since last: 66567224723 ns, Reaching safepoint: 340683 ns, At safepoint: 33211633 ns, Total: 33552316 ns
[2022-07-04T20:40:01.850+0000][8][safepoint   ] Safepoint "Cleanup", Time since last: 59055700617 ns, Reaching safepoint: 88933 ns, At safepoint: 8516 ns, Total: 97449 ns
[2022-07-04T20:40:57.132+0000][8][gc,start    ] GC(227) Pause Young (Normal) (G1 Evacuation Pause)
[2022-07-04T20:40:57.133+0000][8][gc,task     ] GC(227) Using 4 workers of 4 for evacuation
[2022-07-04T20:40:57.134+0000][8][gc,age      ] GC(227) Desired survivor size 20971520 bytes, new threshold 15 (max threshold 15)
[2022-07-04T20:40:57.140+0000][8][gc,phases   ] GC(227)   Pre Evacuate Collection Set: 0.3ms
[2022-07-04T20:40:57.141+0000][8][gc,phases   ] GC(227)   Merge Heap Roots: 0.0ms
[2022-07-04T20:40:57.144+0000][8][gc,phases   ] GC(227)   Evacuate Collection Set: 3.1ms
[2022-07-04T20:40:57.145+0000][8][gc,phases   ] GC(227)   Post Evacuate Collection Set: 1.3ms
[2022-07-04T20:40:57.146+0000][8][gc,phases   ] GC(227)   Other: 1.9ms
[2022-07-04T20:40:57.147+0000][8][gc,age      ] GC(227) Age table with threshold 15 (max threshold 15)
[2022-07-04T20:40:57.147+0000][8][gc,age      ] GC(227) - age   1:     830648 bytes,     830648 total
[2022-07-04T20:40:57.148+0000][8][gc,age      ] GC(227) - age   2:       2792 bytes,     833440 total
[2022-07-04T20:40:57.149+0000][8][gc,age      ] GC(227) - age   3:       8768 bytes,     842208 total
[2022-07-04T20:40:57.149+0000][8][gc,age      ] GC(227) - age   4:      12952 bytes,     855160 total
[2022-07-04T20:40:57.150+0000][8][gc,age      ] GC(227) - age   5:       5064 bytes,     860224 total
[2022-07-04T20:40:57.150+0000][8][gc,age      ] GC(227) - age   6:     619920 bytes,    1480144 total
[2022-07-04T20:40:57.151+0000][8][gc,age      ] GC(227) - age   7:     146936 bytes,    1627080 total
[2022-07-04T20:40:57.152+0000][8][gc,age      ] GC(227) - age   8:        584 bytes,    1627664 total
[2022-07-04T20:40:57.152+0000][8][gc,age      ] GC(227) - age   9:       4664 bytes,    1632328 total
[2022-07-04T20:40:57.153+0000][8][gc,age      ] GC(227) - age  10:        832 bytes,    1633160 total
[2022-07-04T20:40:57.153+0000][8][gc,age      ] GC(227) - age  11:        184 bytes,    1633344 total
[2022-07-04T20:40:57.154+0000][8][gc,age      ] GC(227) - age  12:        144 bytes,    1633488 total
[2022-07-04T20:40:57.154+0000][8][gc,age      ] GC(227) - age  15:         80 bytes,    1633568 total
[2022-07-04T20:40:57.155+0000][8][gc,heap     ] GC(227) Eden regions: 75->0(75)
[2022-07-04T20:40:57.156+0000][8][gc,heap     ] GC(227) Survivor regions: 1->1(10)
[2022-07-04T20:40:57.156+0000][8][gc,heap     ] GC(227) Old regions: 22->22
[2022-07-04T20:40:57.157+0000][8][gc,heap     ] GC(227) Archive regions: 2->2
[2022-07-04T20:40:57.158+0000][8][gc,heap     ] GC(227) Humongous regions: 0->0
[2022-07-04T20:40:57.159+0000][8][gc,metaspace] GC(227) Metaspace: 128194K(131456K)->128194K(131456K) NonClass: 111390K(113024K)->111390K(113024K) Class: 16803K(18432K)->16803K(18432K)
[2022-07-04T20:40:57.160+0000][8][gc          ] GC(227) Pause Young (Normal) (G1 Evacuation Pause) 394M->93M(512M) 27.724ms
[2022-07-04T20:40:57.160+0000][8][gc,cpu      ] GC(227) User=0.00s Sys=0.00s Real=0.03s
[2022-07-04T20:40:57.161+0000][8][safepoint   ] Safepoint "G1CollectForAllocation", Time since last: 55324656224 ns, Reaching safepoint: 64410 ns, At safepoint: 28957885 ns, Total: 29022295 ns
[2022-07-04T20:41:02.154+0000][8][safepoint   ] Safepoint "Cleanup", Time since last: 5014414410 ns, Reaching safepoint: 113582 ns, At safepoint: 7157 ns, Total: 120739 ns
[2022-07-04T20:41:03.192+0000][8][safepoint   ] Safepoint "Cleanup", Time since last: 1037647162 ns, Reaching safepoint: 340926 ns, At safepoint: 22715 ns, Total: 363641 ns
[2022-07-04T20:42:44.461+0000][8][gc,start    ] GC(228) Pause Young (Normal) (G1 Evacuation Pause)
[2022-07-04T20:42:44.462+0000][8][gc,task     ] GC(228) Using 4 workers of 4 for evacuation
[2022-07-04T20:42:44.462+0000][8][gc,age      ] GC(228) Desired survivor size 20971520 bytes, new threshold 15 (max threshold 15)
[2022-07-04T20:42:44.468+0000][8][gc,phases   ] GC(228)   Pre Evacuate Collection Set: 0.1ms
[2022-07-04T20:42:44.469+0000][8][gc,phases   ] GC(228)   Merge Heap Roots: 0.1ms
[2022-07-04T20:42:44.469+0000][8][gc,phases   ] GC(228)   Evacuate Collection Set: 3.6ms
[2022-07-04T20:42:44.470+0000][8][gc,phases   ] GC(228)   Post Evacuate Collection Set: 1.3ms
[2022-07-04T20:42:44.470+0000][8][gc,phases   ] GC(228)   Other: 1.1ms
[2022-07-04T20:42:44.471+0000][8][gc,age      ] GC(228) Age table with threshold 15 (max threshold 15)
[2022-07-04T20:42:44.472+0000][8][gc,age      ] GC(228) - age   1:    1736960 bytes,    1736960 total
[2022-07-04T20:42:44.472+0000][8][gc,age      ] GC(228) - age   2:       8112 bytes,    1745072 total
[2022-07-04T20:42:44.472+0000][8][gc,age      ] GC(228) - age   3:        888 bytes,    1745960 total
[2022-07-04T20:42:44.473+0000][8][gc,age      ] GC(228) - age   4:       8768 bytes,    1754728 total
[2022-07-04T20:42:44.474+0000][8][gc,age      ] GC(228) - age   5:      12952 bytes,    1767680 total
[2022-07-04T20:42:44.474+0000][8][gc,age      ] GC(228) - age   6:       5064 bytes,    1772744 total
[2022-07-04T20:42:44.475+0000][8][gc,age      ] GC(228) - age   7:     619920 bytes,    2392664 total
[2022-07-04T20:42:44.475+0000][8][gc,age      ] GC(228) - age   8:     146936 bytes,    2539600 total
[2022-07-04T20:42:44.476+0000][8][gc,age      ] GC(228) - age   9:        584 bytes,    2540184 total
[2022-07-04T20:42:44.476+0000][8][gc,age      ] GC(228) - age  10:       4664 bytes,    2544848 total
[2022-07-04T20:42:44.477+0000][8][gc,age      ] GC(228) - age  11:        832 bytes,    2545680 total
[2022-07-04T20:42:44.477+0000][8][gc,age      ] GC(228) - age  12:        184 bytes,    2545864 total
[2022-07-04T20:42:44.478+0000][8][gc,age      ] GC(228) - age  13:        144 bytes,    2546008 total
[2022-07-04T20:42:44.478+0000][8][gc,heap     ] GC(228) Eden regions: 75->0(75)
[2022-07-04T20:42:44.479+0000][8][gc,heap     ] GC(228) Survivor regions: 1->1(10)
[2022-07-04T20:42:44.479+0000][8][gc,heap     ] GC(228) Old regions: 22->22
[2022-07-04T20:42:44.480+0000][8][gc,heap     ] GC(228) Archive regions: 2->2
[2022-07-04T20:42:44.480+0000][8][gc,heap     ] GC(228) Humongous regions: 0->0
[2022-07-04T20:42:44.481+0000][8][gc,metaspace] GC(228) Metaspace: 128194K(131456K)->128194K(131456K) NonClass: 111390K(113024K)->111390K(113024K) Class: 16803K(18432K)->16803K(18432K)
[2022-07-04T20:42:44.481+0000][8][gc          ] GC(228) Pause Young (Normal) (G1 Evacuation Pause) 393M->94M(512M) 20.683ms
[2022-07-04T20:42:44.482+0000][8][gc,cpu      ] GC(228) User=0.01s Sys=0.00s Real=0.02s
[2022-07-04T20:42:44.483+0000][8][safepoint   ] Safepoint "G1CollectForAllocation", Time since last: 101333509772 ns, Reaching safepoint: 75934 ns, At safepoint: 22688286 ns, Total: 22764220 ns
[2022-07-04T20:44:38.768+0000][8][gc,start    ] GC(229) Pause Young (Normal) (G1 Evacuation Pause)
[2022-07-04T20:44:38.769+0000][8][gc,task     ] GC(229) Using 4 workers of 4 for evacuation
[2022-07-04T20:44:38.770+0000][8][gc,age      ] GC(229) Desired survivor size 20971520 bytes, new threshold 15 (max threshold 15)
[2022-07-04T20:44:38.774+0000][8][gc,phases   ] GC(229)   Pre Evacuate Collection Set: 0.2ms
[2022-07-04T20:44:38.776+0000][8][gc,phases   ] GC(229)   Merge Heap Roots: 0.2ms
[2022-07-04T20:44:38.778+0000][8][gc,phases   ] GC(229)   Evacuate Collection Set: 2.4ms
[2022-07-04T20:44:38.779+0000][8][gc,phases   ] GC(229)   Post Evacuate Collection Set: 1.1ms
[2022-07-04T20:44:38.779+0000][8][gc,phases   ] GC(229)   Other: 1.7ms
[2022-07-04T20:44:38.780+0000][8][gc,age      ] GC(229) Age table with threshold 15 (max threshold 15)
[2022-07-04T20:44:38.780+0000][8][gc,age      ] GC(229) - age   1:     795888 bytes,     795888 total
[2022-07-04T20:44:38.781+0000][8][gc,age      ] GC(229) - age   2:       1936 bytes,     797824 total
[2022-07-04T20:44:38.782+0000][8][gc,age      ] GC(229) - age   3:       6960 bytes,     804784 total
[2022-07-04T20:44:38.782+0000][8][gc,age      ] GC(229) - age   4:        376 bytes,     805160 total
[2022-07-04T20:44:38.783+0000][8][gc,age      ] GC(229) - age   5:       8744 bytes,     813904 total
[2022-07-04T20:44:38.783+0000][8][gc,age      ] GC(229) - age   6:      12952 bytes,     826856 total
[2022-07-04T20:44:38.784+0000][8][gc,age      ] GC(229) - age   7:       5064 bytes,     831920 total
[2022-07-04T20:44:38.785+0000][8][gc,age      ] GC(229) - age   8:     619920 bytes,    1451840 total
[2022-07-04T20:44:38.785+0000][8][gc,age      ] GC(229) - age   9:     146936 bytes,    1598776 total
[2022-07-04T20:44:38.786+0000][8][gc,age      ] GC(229) - age  10:        584 bytes,    1599360 total
[2022-07-04T20:44:38.786+0000][8][gc,age      ] GC(229) - age  11:       4664 bytes,    1604024 total
[2022-07-04T20:44:38.787+0000][8][gc,age      ] GC(229) - age  12:        448 bytes,    1604472 total
[2022-07-04T20:44:38.787+0000][8][gc,age      ] GC(229) - age  13:        184 bytes,    1604656 total
[2022-07-04T20:44:38.788+0000][8][gc,age      ] GC(229) - age  14:        144 bytes,    1604800 total
[2022-07-04T20:44:38.788+0000][8][gc,heap     ] GC(229) Eden regions: 75->0(75)
[2022-07-04T20:44:38.789+0000][8][gc,heap     ] GC(229) Survivor regions: 1->1(10)
[2022-07-04T20:44:38.790+0000][8][gc,heap     ] GC(229) Old regions: 22->22
[2022-07-04T20:44:38.790+0000][8][gc,heap     ] GC(229) Archive regions: 2->2
[2022-07-04T20:44:38.791+0000][8][gc,heap     ] GC(229) Humongous regions: 0->0
[2022-07-04T20:44:38.792+0000][8][gc,metaspace] GC(229) Metaspace: 128194K(131456K)->128194K(131456K) NonClass: 111391K(113024K)->111391K(113024K) Class: 16803K(18432K)->16803K(18432K)
[2022-07-04T20:44:38.795+0000][8][gc          ] GC(229) Pause Young (Normal) (G1 Evacuation Pause) 394M->93M(512M) 27.195ms
[2022-07-04T20:44:38.796+0000][8][gc,cpu      ] GC(229) User=0.01s Sys=0.00s Real=0.03s
[2022-07-04T20:44:38.798+0000][8][safepoint   ] Safepoint "G1CollectForAllocation", Time since last: 114370951264 ns, Reaching safepoint: 113143 ns, At safepoint: 29954517 ns, Total: 30067660 ns
[2022-07-04T20:45:26.823+0000][8][safepoint   ] Safepoint "Cleanup", Time since last: 48047572421 ns, Reaching safepoint: 186674 ns, At safepoint: 7398 ns, Total: 194072 ns
[2022-07-04T20:46:27.092+0000][8][gc,start    ] GC(230) Pause Young (Normal) (G1 Evacuation Pause)
[2022-07-04T20:46:27.093+0000][8][gc,task     ] GC(230) Using 4 workers of 4 for evacuation
[2022-07-04T20:46:27.095+0000][8][gc,age      ] GC(230) Desired survivor size 20971520 bytes, new threshold 15 (max threshold 15)
[2022-07-04T20:46:27.100+0000][8][gc,phases   ] GC(230)   Pre Evacuate Collection Set: 0.1ms
[2022-07-04T20:46:27.101+0000][8][gc,phases   ] GC(230)   Merge Heap Roots: 0.0ms
[2022-07-04T20:46:27.101+0000][8][gc,phases   ] GC(230)   Evacuate Collection Set: 3.2ms
[2022-07-04T20:46:27.103+0000][8][gc,phases   ] GC(230)   Post Evacuate Collection Set: 1.0ms
[2022-07-04T20:46:27.103+0000][8][gc,phases   ] GC(230)   Other: 1.9ms
[2022-07-04T20:46:27.104+0000][8][gc,age      ] GC(230) Age table with threshold 15 (max threshold 15)
[2022-07-04T20:46:27.107+0000][8][gc,age      ] GC(230) - age   1:    1271480 bytes,    1271480 total
[2022-07-04T20:46:27.108+0000][8][gc,age      ] GC(230) - age   2:       6408 bytes,    1277888 total
[2022-07-04T20:46:27.109+0000][8][gc,age      ] GC(230) - age   3:        824 bytes,    1278712 total
[2022-07-04T20:46:27.110+0000][8][gc,age      ] GC(230) - age   4:       6800 bytes,    1285512 total
[2022-07-04T20:46:27.111+0000][8][gc,age      ] GC(230) - age   5:        376 bytes,    1285888 total
[2022-07-04T20:46:27.111+0000][8][gc,age      ] GC(230) - age   6:       8744 bytes,    1294632 total
[2022-07-04T20:46:27.112+0000][8][gc,age      ] GC(230) - age   7:      12952 bytes,    1307584 total
[2022-07-04T20:46:27.113+0000][8][gc,age      ] GC(230) - age   8:       5064 bytes,    1312648 total
[2022-07-04T20:46:27.113+0000][8][gc,age      ] GC(230) - age   9:     619528 bytes,    1932176 total
[2022-07-04T20:46:27.114+0000][8][gc,age      ] GC(230) - age  10:     146752 bytes,    2078928 total
[2022-07-04T20:46:27.114+0000][8][gc,age      ] GC(230) - age  11:        584 bytes,    2079512 total
[2022-07-04T20:46:27.115+0000][8][gc,age      ] GC(230) - age  12:       4664 bytes,    2084176 total
[2022-07-04T20:46:27.116+0000][8][gc,age      ] GC(230) - age  13:        448 bytes,    2084624 total
[2022-07-04T20:46:27.117+0000][8][gc,age      ] GC(230) - age  14:        184 bytes,    2084808 total
[2022-07-04T20:46:27.117+0000][8][gc,age      ] GC(230) - age  15:        144 bytes,    2084952 total
[2022-07-04T20:46:27.118+0000][8][gc,heap     ] GC(230) Eden regions: 75->0(75)
[2022-07-04T20:46:27.119+0000][8][gc,heap     ] GC(230) Survivor regions: 1->1(10)
[2022-07-04T20:46:27.120+0000][8][gc,heap     ] GC(230) Old regions: 22->22
[2022-07-04T20:46:27.120+0000][8][gc,heap     ] GC(230) Archive regions: 2->2
[2022-07-04T20:46:27.121+0000][8][gc,heap     ] GC(230) Humongous regions: 0->0
[2022-07-04T20:46:27.122+0000][8][gc,metaspace] GC(230) Metaspace: 128194K(131456K)->128194K(131456K) NonClass: 111391K(113024K)->111391K(113024K) Class: 16803K(18432K)->16803K(18432K)
[2022-07-04T20:46:27.123+0000][8][gc          ] GC(230) Pause Young (Normal) (G1 Evacuation Pause) 393M->94M(512M) 31.081ms
[2022-07-04T20:46:27.124+0000][8][gc,cpu      ] GC(230) User=0.01s Sys=0.00s Real=0.03s
[2022-07-04T20:46:27.124+0000][8][safepoint   ] Safepoint "G1CollectForAllocation", Time since last: 60309488370 ns, Reaching safepoint: 126756 ns, At safepoint: 32575077 ns, Total: 32701833 ns
[2022-07-04T20:47:27.142+0000][8][safepoint   ] Safepoint "Cleanup", Time since last: 60061115702 ns, Reaching safepoint: 321088 ns, At safepoint: 18926 ns, Total: 340014 ns
[2022-07-04T20:48:14.437+0000][8][gc,start    ] GC(231) Pause Young (Normal) (G1 Evacuation Pause)
[2022-07-04T20:48:14.439+0000][8][gc,task     ] GC(231) Using 4 workers of 4 for evacuation
[2022-07-04T20:48:14.442+0000][8][gc,age      ] GC(231) Desired survivor size 20971520 bytes, new threshold 15 (max threshold 15)
[2022-07-04T20:48:14.447+0000][8][gc,phases   ] GC(231)   Pre Evacuate Collection Set: 0.3ms
[2022-07-04T20:48:14.448+0000][8][gc,phases   ] GC(231)   Merge Heap Roots: 0.2ms
[2022-07-04T20:48:14.449+0000][8][gc,phases   ] GC(231)   Evacuate Collection Set: 2.1ms
[2022-07-04T20:48:14.449+0000][8][gc,phases   ] GC(231)   Post Evacuate Collection Set: 1.0ms
[2022-07-04T20:48:14.450+0000][8][gc,phases   ] GC(231)   Other: 5.0ms
[2022-07-04T20:48:14.451+0000][8][gc,age      ] GC(231) Age table with threshold 15 (max threshold 15)
[2022-07-04T20:48:14.451+0000][8][gc,age      ] GC(231) - age   1:     894432 bytes,     894432 total
[2022-07-04T20:48:14.452+0000][8][gc,age      ] GC(231) - age   2:       2960 bytes,     897392 total
[2022-07-04T20:48:14.452+0000][8][gc,age      ] GC(231) - age   3:       5296 bytes,     902688 total
[2022-07-04T20:48:14.454+0000][8][gc,age      ] GC(231) - age   4:        360 bytes,     903048 total
[2022-07-04T20:48:14.454+0000][8][gc,age      ] GC(231) - age   5:       6800 bytes,     909848 total
[2022-07-04T20:48:14.455+0000][8][gc,age      ] GC(231) - age   6:        376 bytes,     910224 total
[2022-07-04T20:48:14.455+0000][8][gc,age      ] GC(231) - age   7:       8744 bytes,     918968 total
[2022-07-04T20:48:14.456+0000][8][gc,age      ] GC(231) - age   8:      12952 bytes,     931920 total
[2022-07-04T20:48:14.456+0000][8][gc,age      ] GC(231) - age   9:       5064 bytes,     936984 total
[2022-07-04T20:48:14.457+0000][8][gc,age      ] GC(231) - age  10:     619528 bytes,    1556512 total
[2022-07-04T20:48:14.458+0000][8][gc,age      ] GC(231) - age  11:     146752 bytes,    1703264 total
[2022-07-04T20:48:14.458+0000][8][gc,age      ] GC(231) - age  12:        584 bytes,    1703848 total
[2022-07-04T20:48:14.459+0000][8][gc,age      ] GC(231) - age  13:       4664 bytes,    1708512 total
[2022-07-04T20:48:14.462+0000][8][gc,age      ] GC(231) - age  14:        448 bytes,    1708960 total
[2022-07-04T20:48:14.463+0000][8][gc,age      ] GC(231) - age  15:        184 bytes,    1709144 total
[2022-07-04T20:48:14.464+0000][8][gc,heap     ] GC(231) Eden regions: 75->0(75)
[2022-07-04T20:48:14.467+0000][8][gc,heap     ] GC(231) Survivor regions: 1->1(10)
[2022-07-04T20:48:14.468+0000][8][gc,heap     ] GC(231) Old regions: 22->22
[2022-07-04T20:48:14.469+0000][8][gc,heap     ] GC(231) Archive regions: 2->2
[2022-07-04T20:48:14.469+0000][8][gc,heap     ] GC(231) Humongous regions: 0->0
[2022-07-04T20:48:14.470+0000][8][gc,metaspace] GC(231) Metaspace: 128195K(131456K)->128195K(131456K) NonClass: 111392K(113024K)->111392K(113024K) Class: 16803K(18432K)->16803K(18432K)
[2022-07-04T20:48:14.471+0000][8][gc          ] GC(231) Pause Young (Normal) (G1 Evacuation Pause) 394M->93M(512M) 33.088ms
[2022-07-04T20:48:14.471+0000][8][gc,cpu      ] GC(231) User=0.01s Sys=0.00s Real=0.03s
[2022-07-04T20:48:14.472+0000][8][safepoint   ] Safepoint "G1CollectForAllocation", Time since last: 47339501777 ns, Reaching safepoint: 103492 ns, At safepoint: 34336968 ns, Total: 34440460 ns
[2022-07-04T20:48:44.502+0000][8][safepoint   ] Safepoint "Cleanup", Time since last: 30050976072 ns, Reaching safepoint: 496375 ns, At safepoint: 27903 ns, Total: 524278 ns
[2022-07-04T20:50:08.061+0000][8][gc,start    ] GC(232) Pause Young (Normal) (G1 Evacuation Pause)
[2022-07-04T20:50:08.062+0000][8][gc,task     ] GC(232) Using 4 workers of 4 for evacuation
[2022-07-04T20:50:08.063+0000][8][gc,age      ] GC(232) Desired survivor size 20971520 bytes, new threshold 15 (max threshold 15)
[2022-07-04T20:50:08.066+0000][8][gc,phases   ] GC(232)   Pre Evacuate Collection Set: 0.2ms
[2022-07-04T20:50:08.067+0000][8][gc,phases   ] GC(232)   Merge Heap Roots: 0.1ms
[2022-07-04T20:50:08.068+0000][8][gc,phases   ] GC(232)   Evacuate Collection Set: 1.5ms
[2022-07-04T20:50:08.068+0000][8][gc,phases   ] GC(232)   Post Evacuate Collection Set: 1.0ms
[2022-07-04T20:50:08.069+0000][8][gc,phases   ] GC(232)   Other: 1.6ms
[2022-07-04T20:50:08.070+0000][8][gc,age      ] GC(232) Age table with threshold 15 (max threshold 15)
[2022-07-04T20:50:08.070+0000][8][gc,age      ] GC(232) - age   1:    1352096 bytes,    1352096 total
[2022-07-04T20:50:08.071+0000][8][gc,age      ] GC(232) - age   2:       1304 bytes,    1353400 total
[2022-07-04T20:50:08.072+0000][8][gc,age      ] GC(232) - age   3:       1000 bytes,    1354400 total
[2022-07-04T20:50:08.073+0000][8][gc,age      ] GC(232) - age   4:       5232 bytes,    1359632 total
[2022-07-04T20:50:08.074+0000][8][gc,age      ] GC(232) - age   5:        296 bytes,    1359928 total
[2022-07-04T20:50:08.074+0000][8][gc,age      ] GC(232) - age   6:       4880 bytes,    1364808 total
[2022-07-04T20:50:08.075+0000][8][gc,age      ] GC(232) - age   7:        168 bytes,    1364976 total
[2022-07-04T20:50:08.075+0000][8][gc,age      ] GC(232) - age   8:       8744 bytes,    1373720 total
[2022-07-04T20:50:08.077+0000][8][gc,age      ] GC(232) - age   9:      12952 bytes,    1386672 total
[2022-07-04T20:50:08.077+0000][8][gc,age      ] GC(232) - age  10:       5064 bytes,    1391736 total
[2022-07-04T20:50:08.078+0000][8][gc,age      ] GC(232) - age  11:     611064 bytes,    2002800 total
[2022-07-04T20:50:08.079+0000][8][gc,age      ] GC(232) - age  12:     146752 bytes,    2149552 total
[2022-07-04T20:50:08.079+0000][8][gc,age      ] GC(232) - age  13:        584 bytes,    2150136 total
[2022-07-04T20:50:08.080+0000][8][gc,age      ] GC(232) - age  14:       4664 bytes,    2154800 total
[2022-07-04T20:50:08.081+0000][8][gc,age      ] GC(232) - age  15:        448 bytes,    2155248 total
[2022-07-04T20:50:08.081+0000][8][gc,heap     ] GC(232) Eden regions: 75->0(75)
[2022-07-04T20:50:08.082+0000][8][gc,heap     ] GC(232) Survivor regions: 1->1(10)
[2022-07-04T20:50:08.082+0000][8][gc,heap     ] GC(232) Old regions: 22->22
[2022-07-04T20:50:08.083+0000][8][gc,heap     ] GC(232) Archive regions: 2->2
[2022-07-04T20:50:08.084+0000][8][gc,heap     ] GC(232) Humongous regions: 0->0
[2022-07-04T20:50:08.084+0000][8][gc,metaspace] GC(232) Metaspace: 128196K(131456K)->128196K(131456K) NonClass: 111393K(113024K)->111393K(113024K) Class: 16803K(18432K)->16803K(18432K)
[2022-07-04T20:50:08.085+0000][8][gc          ] GC(232) Pause Young (Normal) (G1 Evacuation Pause) 393M->94M(512M) 23.960ms
[2022-07-04T20:50:08.086+0000][8][gc,cpu      ] GC(232) User=0.01s Sys=0.01s Real=0.02s
[2022-07-04T20:50:08.086+0000][8][safepoint   ] Safepoint "G1CollectForAllocation", Time since last: 83622923196 ns, Reaching safepoint: 176822 ns, At safepoint: 25342293 ns, Total: 25519115 ns
[2022-07-04T20:50:15.098+0000][8][safepoint   ] Safepoint "Cleanup", Time since last: 7010955526 ns, Reaching safepoint: 212430 ns, At safepoint: 6463 ns, Total: 218893 ns
[2022-07-04T20:50:32.101+0000][8][safepoint   ] Safepoint "Cleanup", Time since last: 17025869603 ns, Reaching safepoint: 143910 ns, At safepoint: 6438 ns, Total: 150348 ns
[2022-07-04T20:52:02.032+0000][8][gc,start    ] GC(233) Pause Young (Normal) (G1 Evacuation Pause)
[2022-07-04T20:52:02.033+0000][8][gc,task     ] GC(233) Using 4 workers of 4 for evacuation
[2022-07-04T20:52:02.034+0000][8][gc,age      ] GC(233) Desired survivor size 20971520 bytes, new threshold 15 (max threshold 15)
[2022-07-04T20:52:02.042+0000][8][gc,phases   ] GC(233)   Pre Evacuate Collection Set: 0.3ms
[2022-07-04T20:52:02.042+0000][8][gc,phases   ] GC(233)   Merge Heap Roots: 0.1ms
[2022-07-04T20:52:02.043+0000][8][gc,phases   ] GC(233)   Evacuate Collection Set: 4.1ms
[2022-07-04T20:52:02.044+0000][8][gc,phases   ] GC(233)   Post Evacuate Collection Set: 1.4ms
[2022-07-04T20:52:02.045+0000][8][gc,phases   ] GC(233)   Other: 2.6ms
[2022-07-04T20:52:02.046+0000][8][gc,age      ] GC(233) Age table with threshold 15 (max threshold 15)
[2022-07-04T20:52:02.046+0000][8][gc,age      ] GC(233) - age   1:     498072 bytes,     498072 total
[2022-07-04T20:52:02.047+0000][8][gc,age      ] GC(233) - age   2:       4088 bytes,     502160 total
[2022-07-04T20:52:02.048+0000][8][gc,age      ] GC(233) - age   3:        544 bytes,     502704 total
[2022-07-04T20:52:02.048+0000][8][gc,age      ] GC(233) - age   4:        904 bytes,     503608 total
[2022-07-04T20:52:02.049+0000][8][gc,age      ] GC(233) - age   5:       5232 bytes,     508840 total
[2022-07-04T20:52:02.049+0000][8][gc,age      ] GC(233) - age   7:       4880 bytes,     513720 total
[2022-07-04T20:52:02.050+0000][8][gc,age      ] GC(233) - age   8:        168 bytes,     513888 total
[2022-07-04T20:52:02.052+0000][8][gc,age      ] GC(233) - age   9:       8712 bytes,     522600 total
[2022-07-04T20:52:02.054+0000][8][gc,age      ] GC(233) - age  10:       4936 bytes,     527536 total
[2022-07-04T20:52:02.055+0000][8][gc,age      ] GC(233) - age  11:       5064 bytes,     532600 total
[2022-07-04T20:52:02.055+0000][8][gc,age      ] GC(233) - age  12:     610984 bytes,    1143584 total
[2022-07-04T20:52:02.056+0000][8][gc,age      ] GC(233) - age  13:     146752 bytes,    1290336 total
[2022-07-04T20:52:02.057+0000][8][gc,age      ] GC(233) - age  14:        584 bytes,    1290920 total
[2022-07-04T20:52:02.058+0000][8][gc,age      ] GC(233) - age  15:       4664 bytes,    1295584 total
[2022-07-04T20:52:02.058+0000][8][gc,heap     ] GC(233) Eden regions: 75->0(75)
[2022-07-04T20:52:02.059+0000][8][gc,heap     ] GC(233) Survivor regions: 1->1(10)
[2022-07-04T20:52:02.060+0000][8][gc,heap     ] GC(233) Old regions: 22->22
[2022-07-04T20:52:02.060+0000][8][gc,heap     ] GC(233) Archive regions: 2->2
[2022-07-04T20:52:02.061+0000][8][gc,heap     ] GC(233) Humongous regions: 0->0
[2022-07-04T20:52:02.062+0000][8][gc,metaspace] GC(233) Metaspace: 128197K(131456K)->128197K(131456K) NonClass: 111394K(113024K)->111394K(113024K) Class: 16803K(18432K)->16803K(18432K)
[2022-07-04T20:52:02.062+0000][8][gc          ] GC(233) Pause Young (Normal) (G1 Evacuation Pause) 394M->93M(512M) 30.342ms
[2022-07-04T20:52:02.063+0000][8][gc,cpu      ] GC(233) User=0.01s Sys=0.00s Real=0.03s
[2022-07-04T20:52:02.064+0000][8][safepoint   ] Safepoint "G1CollectForAllocation", Time since last: 89993029498 ns, Reaching safepoint: 78805 ns, At safepoint: 32130759 ns, Total: 32209564 ns
[2022-07-04T20:53:56.040+0000][8][gc,start    ] GC(234) Pause Young (Normal) (G1 Evacuation Pause)
[2022-07-04T20:53:56.042+0000][8][gc,task     ] GC(234) Using 4 workers of 4 for evacuation
[2022-07-04T20:53:56.043+0000][8][gc,age      ] GC(234) Desired survivor size 20971520 bytes, new threshold 15 (max threshold 15)
[2022-07-04T20:53:56.049+0000][8][gc,phases   ] GC(234)   Pre Evacuate Collection Set: 0.2ms
[2022-07-04T20:53:56.050+0000][8][gc,phases   ] GC(234)   Merge Heap Roots: 0.1ms
[2022-07-04T20:53:56.050+0000][8][gc,phases   ] GC(234)   Evacuate Collection Set: 2.7ms
[2022-07-04T20:53:56.051+0000][8][gc,phases   ] GC(234)   Post Evacuate Collection Set: 2.0ms
[2022-07-04T20:53:56.052+0000][8][gc,phases   ] GC(234)   Other: 1.4ms
[2022-07-04T20:53:56.053+0000][8][gc,age      ] GC(234) Age table with threshold 15 (max threshold 15)
[2022-07-04T20:53:56.053+0000][8][gc,age      ] GC(234) - age   1:    1004336 bytes,    1004336 total
[2022-07-04T20:53:56.054+0000][8][gc,age      ] GC(234) - age   2:      14536 bytes,    1018872 total
[2022-07-04T20:53:56.055+0000][8][gc,age      ] GC(234) - age   3:       2384 bytes,    1021256 total
[2022-07-04T20:53:56.055+0000][8][gc,age      ] GC(234) - age   4:        544 bytes,    1021800 total
[2022-07-04T20:53:56.056+0000][8][gc,age      ] GC(234) - age   5:        904 bytes,    1022704 total
[2022-07-04T20:53:56.057+0000][8][gc,age      ] GC(234) - age   6:       5232 bytes,    1027936 total
[2022-07-04T20:53:56.057+0000][8][gc,age      ] GC(234) - age   8:       4880 bytes,    1032816 total
[2022-07-04T20:53:56.058+0000][8][gc,age      ] GC(234) - age   9:        168 bytes,    1032984 total
[2022-07-04T20:53:56.059+0000][8][gc,age      ] GC(234) - age  10:       8712 bytes,    1041696 total
[2022-07-04T20:53:56.059+0000][8][gc,age      ] GC(234) - age  11:       4936 bytes,    1046632 total
[2022-07-04T20:53:56.060+0000][8][gc,age      ] GC(234) - age  12:       5064 bytes,    1051696 total
[2022-07-04T20:53:56.060+0000][8][gc,age      ] GC(234) - age  13:     610984 bytes,    1662680 total
[2022-07-04T20:53:56.061+0000][8][gc,age      ] GC(234) - age  14:     146752 bytes,    1809432 total
[2022-07-04T20:53:56.062+0000][8][gc,age      ] GC(234) - age  15:        584 bytes,    1810016 total
[2022-07-04T20:53:56.062+0000][8][gc,heap     ] GC(234) Eden regions: 75->0(75)
[2022-07-04T20:53:56.063+0000][8][gc,heap     ] GC(234) Survivor regions: 1->1(10)
[2022-07-04T20:53:56.066+0000][8][gc,heap     ] GC(234) Old regions: 22->22
[2022-07-04T20:53:56.067+0000][8][gc,heap     ] GC(234) Archive regions: 2->2
[2022-07-04T20:53:56.068+0000][8][gc,heap     ] GC(234) Humongous regions: 0->0
[2022-07-04T20:53:56.068+0000][8][gc,metaspace] GC(234) Metaspace: 128198K(131456K)->128198K(131456K) NonClass: 111394K(113024K)->111394K(113024K) Class: 16803K(18432K)->16803K(18432K)
[2022-07-04T20:53:56.070+0000][8][gc          ] GC(234) Pause Young (Normal) (G1 Evacuation Pause) 393M->93M(512M) 29.627ms
[2022-07-04T20:53:56.071+0000][8][gc,cpu      ] GC(234) User=0.01s Sys=0.00s Real=0.03s
[2022-07-04T20:53:56.071+0000][8][safepoint   ] Safepoint "G1CollectForAllocation", Time since last: 114043392159 ns, Reaching safepoint: 75375 ns, At safepoint: 31308755 ns, Total: 31384130 ns
[2022-07-04T20:54:53.082+0000][8][safepoint   ] Safepoint "Cleanup", Time since last: 57052675197 ns, Reaching safepoint: 194629 ns, At safepoint: 6412 ns, Total: 201041 ns
[2022-07-04T20:55:38.776+0000][8][gc,start    ] GC(235) Pause Young (Normal) (G1 Evacuation Pause)
[2022-07-04T20:55:38.777+0000][8][gc,task     ] GC(235) Using 4 workers of 4 for evacuation
[2022-07-04T20:55:38.778+0000][8][gc,age      ] GC(235) Desired survivor size 20971520 bytes, new threshold 15 (max threshold 15)
[2022-07-04T20:55:38.787+0000][8][gc,phases   ] GC(235)   Pre Evacuate Collection Set: 0.1ms
[2022-07-04T20:55:38.787+0000][8][gc,phases   ] GC(235)   Merge Heap Roots: 0.0ms
[2022-07-04T20:55:38.788+0000][8][gc,phases   ] GC(235)   Evacuate Collection Set: 6.3ms
[2022-07-04T20:55:38.788+0000][8][gc,phases   ] GC(235)   Post Evacuate Collection Set: 1.3ms
[2022-07-04T20:55:38.789+0000][8][gc,phases   ] GC(235)   Other: 2.1ms
[2022-07-04T20:55:38.790+0000][8][gc,age      ] GC(235) Age table with threshold 15 (max threshold 15)
[2022-07-04T20:55:38.791+0000][8][gc,age      ] GC(235) - age   1:    1617240 bytes,    1617240 total
[2022-07-04T20:55:38.791+0000][8][gc,age      ] GC(235) - age   2:       9144 bytes,    1626384 total
[2022-07-04T20:55:38.792+0000][8][gc,age      ] GC(235) - age   3:      13776 bytes,    1640160 total
[2022-07-04T20:55:38.794+0000][8][gc,age      ] GC(235) - age   4:       2320 bytes,    1642480 total
[2022-07-04T20:55:38.796+0000][8][gc,age      ] GC(235) - age   5:        184 bytes,    1642664 total
[2022-07-04T20:55:38.797+0000][8][gc,age      ] GC(235) - age   6:        904 bytes,    1643568 total
[2022-07-04T20:55:38.799+0000][8][gc,age      ] GC(235) - age   7:       5232 bytes,    1648800 total
[2022-07-04T20:55:38.802+0000][8][gc,age      ] GC(235) - age   9:       4880 bytes,    1653680 total
[2022-07-04T20:55:38.804+0000][8][gc,age      ] GC(235) - age  10:        168 bytes,    1653848 total
[2022-07-04T20:55:38.805+0000][8][gc,age      ] GC(235) - age  11:       8712 bytes,    1662560 total
[2022-07-04T20:55:38.805+0000][8][gc,age      ] GC(235) - age  12:       4936 bytes,    1667496 total
[2022-07-04T20:55:38.806+0000][8][gc,age      ] GC(235) - age  13:       4880 bytes,    1672376 total
[2022-07-04T20:55:38.806+0000][8][gc,age      ] GC(235) - age  14:     610984 bytes,    2283360 total
[2022-07-04T20:55:38.807+0000][8][gc,age      ] GC(235) - age  15:     146752 bytes,    2430112 total
[2022-07-04T20:55:38.808+0000][8][gc,heap     ] GC(235) Eden regions: 75->0(75)
[2022-07-04T20:55:38.808+0000][8][gc,heap     ] GC(235) Survivor regions: 1->1(10)
[2022-07-04T20:55:38.809+0000][8][gc,heap     ] GC(235) Old regions: 22->22
[2022-07-04T20:55:38.809+0000][8][gc,heap     ] GC(235) Archive regions: 2->2
[2022-07-04T20:55:38.810+0000][8][gc,heap     ] GC(235) Humongous regions: 0->0
[2022-07-04T20:55:38.811+0000][8][gc,metaspace] GC(235) Metaspace: 128198K(131456K)->128198K(131456K) NonClass: 111395K(113024K)->111395K(113024K) Class: 16803K(18432K)->16803K(18432K)
[2022-07-04T20:55:38.811+0000][8][gc          ] GC(235) Pause Young (Normal) (G1 Evacuation Pause) 393M->94M(512M) 35.661ms
[2022-07-04T20:55:38.812+0000][8][gc,cpu      ] GC(235) User=0.01s Sys=0.00s Real=0.04s
[2022-07-04T20:55:38.813+0000][8][safepoint   ] Safepoint "G1CollectForAllocation", Time since last: 45738963811 ns, Reaching safepoint: 56066 ns, At safepoint: 37036916 ns, Total: 37092982 ns
[2022-07-04T20:56:31.819+0000][8][safepoint   ] Safepoint "Cleanup", Time since last: 53048241073 ns, Reaching safepoint: 275555 ns, At safepoint: 10628 ns, Total: 286183 ns
[2022-07-04T20:57:01.845+0000][8][safepoint   ] Safepoint "Cleanup", Time since last: 30045834588 ns, Reaching safepoint: 366663 ns, At safepoint: 27226 ns, Total: 393889 ns
[2022-07-04T20:57:31.955+0000][8][gc,start    ] GC(236) Pause Young (Normal) (G1 Evacuation Pause)
[2022-07-04T20:57:31.956+0000][8][gc,task     ] GC(236) Using 4 workers of 4 for evacuation
[2022-07-04T20:57:31.957+0000][8][gc,age      ] GC(236) Desired survivor size 20971520 bytes, new threshold 15 (max threshold 15)
[2022-07-04T20:57:31.962+0000][8][gc,phases   ] GC(236)   Pre Evacuate Collection Set: 0.2ms
[2022-07-04T20:57:31.964+0000][8][gc,phases   ] GC(236)   Merge Heap Roots: 0.1ms
[2022-07-04T20:57:31.965+0000][8][gc,phases   ] GC(236)   Evacuate Collection Set: 2.3ms
[2022-07-04T20:57:31.966+0000][8][gc,phases   ] GC(236)   Post Evacuate Collection Set: 1.5ms
[2022-07-04T20:57:31.966+0000][8][gc,phases   ] GC(236)   Other: 1.6ms
[2022-07-04T20:57:31.967+0000][8][gc,age      ] GC(236) Age table with threshold 15 (max threshold 15)
[2022-07-04T20:57:31.968+0000][8][gc,age      ] GC(236) - age   1:     734232 bytes,     734232 total
[2022-07-04T20:57:31.968+0000][8][gc,age      ] GC(236) - age   2:       2080 bytes,     736312 total
[2022-07-04T20:57:31.969+0000][8][gc,age      ] GC(236) - age   3:       8272 bytes,     744584 total
[2022-07-04T20:57:31.970+0000][8][gc,age      ] GC(236) - age   4:      13712 bytes,     758296 total
[2022-07-04T20:57:31.970+0000][8][gc,age      ] GC(236) - age   5:       2320 bytes,     760616 total
[2022-07-04T20:57:31.971+0000][8][gc,age      ] GC(236) - age   6:        184 bytes,     760800 total
[2022-07-04T20:57:31.971+0000][8][gc,age      ] GC(236) - age   7:        904 bytes,     761704 total
[2022-07-04T20:57:31.972+0000][8][gc,age      ] GC(236) - age   8:       5232 bytes,     766936 total
[2022-07-04T20:57:31.972+0000][8][gc,age      ] GC(236) - age  10:       4880 bytes,     771816 total
[2022-07-04T20:57:31.973+0000][8][gc,age      ] GC(236) - age  11:        168 bytes,     771984 total
[2022-07-04T20:57:31.974+0000][8][gc,age      ] GC(236) - age  12:       8528 bytes,     780512 total
[2022-07-04T20:57:31.974+0000][8][gc,age      ] GC(236) - age  13:       4936 bytes,     785448 total
[2022-07-04T20:57:31.975+0000][8][gc,age      ] GC(236) - age  14:       4880 bytes,     790328 total
[2022-07-04T20:57:31.976+0000][8][gc,age      ] GC(236) - age  15:     610984 bytes,    1401312 total
[2022-07-04T20:57:31.976+0000][8][gc,heap     ] GC(236) Eden regions: 75->0(75)
[2022-07-04T20:57:31.977+0000][8][gc,heap     ] GC(236) Survivor regions: 1->1(10)
[2022-07-04T20:57:31.978+0000][8][gc,heap     ] GC(236) Old regions: 22->23
[2022-07-04T20:57:31.979+0000][8][gc,heap     ] GC(236) Archive regions: 2->2
[2022-07-04T20:57:31.979+0000][8][gc,heap     ] GC(236) Humongous regions: 0->0
[2022-07-04T20:57:31.980+0000][8][gc,metaspace] GC(236) Metaspace: 128200K(131456K)->128200K(131456K) NonClass: 111397K(113024K)->111397K(113024K) Class: 16803K(18432K)->16803K(18432K)
[2022-07-04T20:57:31.981+0000][8][gc          ] GC(236) Pause Young (Normal) (G1 Evacuation Pause) 394M->93M(512M) 25.311ms
[2022-07-04T20:57:31.981+0000][8][gc,cpu      ] GC(236) User=0.01s Sys=0.00s Real=0.03s
[2022-07-04T20:57:31.982+0000][8][safepoint   ] Safepoint "G1CollectForAllocation", Time since last: 30133215024 ns, Reaching safepoint: 91352 ns, At safepoint: 26734833 ns, Total: 26826185 ns
[2022-07-04T20:58:01.988+0000][8][safepoint   ] Safepoint "Cleanup", Time since last: 30025822516 ns, Reaching safepoint: 850414 ns, At safepoint: 28228 ns, Total: 878642 ns
[2022-07-04T20:59:20.411+0000][8][gc,start    ] GC(237) Pause Young (Normal) (G1 Evacuation Pause)
[2022-07-04T20:59:20.412+0000][8][gc,task     ] GC(237) Using 4 workers of 4 for evacuation
[2022-07-04T20:59:20.413+0000][8][gc,age      ] GC(237) Desired survivor size 20971520 bytes, new threshold 15 (max threshold 15)
[2022-07-04T20:59:20.419+0000][8][gc,phases   ] GC(237)   Pre Evacuate Collection Set: 0.3ms
[2022-07-04T20:59:20.420+0000][8][gc,phases   ] GC(237)   Merge Heap Roots: 0.1ms
[2022-07-04T20:59:20.420+0000][8][gc,phases   ] GC(237)   Evacuate Collection Set: 3.6ms
[2022-07-04T20:59:20.422+0000][8][gc,phases   ] GC(237)   Post Evacuate Collection Set: 1.2ms
[2022-07-04T20:59:20.423+0000][8][gc,phases   ] GC(237)   Other: 2.0ms
[2022-07-04T20:59:20.424+0000][8][gc,age      ] GC(237) Age table with threshold 15 (max threshold 15)
[2022-07-04T20:59:20.424+0000][8][gc,age      ] GC(237) - age   1:    1486672 bytes,    1486672 total
[2022-07-04T20:59:20.425+0000][8][gc,age      ] GC(237) - age   2:        912 bytes,    1487584 total
[2022-07-04T20:59:20.426+0000][8][gc,age      ] GC(237) - age   3:        800 bytes,    1488384 total
[2022-07-04T20:59:20.426+0000][8][gc,age      ] GC(237) - age   4:       8144 bytes,    1496528 total
[2022-07-04T20:59:20.427+0000][8][gc,age      ] GC(237) - age   5:      13416 bytes,    1509944 total
[2022-07-04T20:59:20.427+0000][8][gc,age      ] GC(237) - age   6:       2136 bytes,    1512080 total
[2022-07-04T20:59:20.428+0000][8][gc,age      ] GC(237) - age   8:        904 bytes,    1512984 total
[2022-07-04T20:59:20.428+0000][8][gc,age      ] GC(237) - age   9:       5232 bytes,    1518216 total
[2022-07-04T20:59:20.429+0000][8][gc,age      ] GC(237) - age  11:       4880 bytes,    1523096 total
[2022-07-04T20:59:20.429+0000][8][gc,age      ] GC(237) - age  12:        168 bytes,    1523264 total
[2022-07-04T20:59:20.430+0000][8][gc,age      ] GC(237) - age  13:       8528 bytes,    1531792 total
[2022-07-04T20:59:20.430+0000][8][gc,age      ] GC(237) - age  14:       4936 bytes,    1536728 total
[2022-07-04T20:59:20.431+0000][8][gc,age      ] GC(237) - age  15:       4880 bytes,    1541608 total
[2022-07-04T20:59:20.432+0000][8][gc,heap     ] GC(237) Eden regions: 75->0(75)
[2022-07-04T20:59:20.432+0000][8][gc,heap     ] GC(237) Survivor regions: 1->1(10)
[2022-07-04T20:59:20.433+0000][8][gc,heap     ] GC(237) Old regions: 23->23
[2022-07-04T20:59:20.433+0000][8][gc,heap     ] GC(237) Archive regions: 2->2
[2022-07-04T20:59:20.434+0000][8][gc,heap     ] GC(237) Humongous regions: 0->0
[2022-07-04T20:59:20.435+0000][8][gc,metaspace] GC(237) Metaspace: 128201K(131456K)->128201K(131456K) NonClass: 111398K(113024K)->111398K(113024K) Class: 16803K(18432K)->16803K(18432K)
[2022-07-04T20:59:20.435+0000][8][gc          ] GC(237) Pause Young (Normal) (G1 Evacuation Pause) 393M->94M(512M) 24.655ms
[2022-07-04T20:59:20.436+0000][8][gc,cpu      ] GC(237) User=0.01s Sys=0.00s Real=0.02s
[2022-07-04T20:59:20.436+0000][8][safepoint   ] Safepoint "G1CollectForAllocation", Time since last: 78466443087 ns, Reaching safepoint: 92034 ns, At safepoint: 25883123 ns, Total: 25975157 ns
[2022-07-04T21:01:10.906+0000][8][gc,start    ] GC(238) Pause Young (Normal) (G1 Evacuation Pause)
[2022-07-04T21:01:10.908+0000][8][gc,task     ] GC(238) Using 4 workers of 4 for evacuation
[2022-07-04T21:01:10.909+0000][8][gc,age      ] GC(238) Desired survivor size 20971520 bytes, new threshold 15 (max threshold 15)
[2022-07-04T21:01:10.913+0000][8][gc,phases   ] GC(238)   Pre Evacuate Collection Set: 0.3ms
[2022-07-04T21:01:10.913+0000][8][gc,phases   ] GC(238)   Merge Heap Roots: 0.1ms
[2022-07-04T21:01:10.914+0000][8][gc,phases   ] GC(238)   Evacuate Collection Set: 1.3ms
[2022-07-04T21:01:10.917+0000][8][gc,phases   ] GC(238)   Post Evacuate Collection Set: 1.0ms
[2022-07-04T21:01:10.918+0000][8][gc,phases   ] GC(238)   Other: 1.4ms
[2022-07-04T21:01:10.919+0000][8][gc,age      ] GC(238) Age table with threshold 15 (max threshold 15)
[2022-07-04T21:01:10.920+0000][8][gc,age      ] GC(238) - age   1:     645464 bytes,     645464 total
[2022-07-04T21:01:10.920+0000][8][gc,age      ] GC(238) - age   2:       2160 bytes,     647624 total
[2022-07-04T21:01:10.921+0000][8][gc,age      ] GC(238) - age   3:        184 bytes,     647808 total
[2022-07-04T21:01:10.922+0000][8][gc,age      ] GC(238) - age   4:        480 bytes,     648288 total
[2022-07-04T21:01:10.923+0000][8][gc,age      ] GC(238) - age   5:        128 bytes,     648416 total
[2022-07-04T21:01:10.923+0000][8][gc,age      ] GC(238) - age   6:      13416 bytes,     661832 total
[2022-07-04T21:01:10.924+0000][8][gc,age      ] GC(238) - age   7:        216 bytes,     662048 total
[2022-07-04T21:01:10.925+0000][8][gc,age      ] GC(238) - age   9:        512 bytes,     662560 total
[2022-07-04T21:01:10.926+0000][8][gc,age      ] GC(238) - age  10:       5232 bytes,     667792 total
[2022-07-04T21:01:10.926+0000][8][gc,age      ] GC(238) - age  12:       4696 bytes,     672488 total
[2022-07-04T21:01:10.927+0000][8][gc,age      ] GC(238) - age  13:        168 bytes,     672656 total
[2022-07-04T21:01:10.928+0000][8][gc,age      ] GC(238) - age  14:       8528 bytes,     681184 total
[2022-07-04T21:01:10.928+0000][8][gc,age      ] GC(238) - age  15:       4936 bytes,     686120 total
[2022-07-04T21:01:10.929+0000][8][gc,heap     ] GC(238) Eden regions: 75->0(75)
[2022-07-04T21:01:10.930+0000][8][gc,heap     ] GC(238) Survivor regions: 1->1(10)
[2022-07-04T21:01:10.931+0000][8][gc,heap     ] GC(238) Old regions: 23->23
[2022-07-04T21:01:10.932+0000][8][gc,heap     ] GC(238) Archive regions: 2->2
[2022-07-04T21:01:10.932+0000][8][gc,heap     ] GC(238) Humongous regions: 0->0
[2022-07-04T21:01:10.933+0000][8][gc,metaspace] GC(238) Metaspace: 128210K(131520K)->128210K(131520K) NonClass: 111406K(113088K)->111406K(113088K) Class: 16803K(18432K)->16803K(18432K)
[2022-07-04T21:01:10.934+0000][8][gc          ] GC(238) Pause Young (Normal) (G1 Evacuation Pause) 394M->93M(512M) 28.027ms
[2022-07-04T21:01:10.934+0000][8][gc,cpu      ] GC(238) User=0.01s Sys=0.01s Real=0.03s
[2022-07-04T21:01:10.935+0000][8][safepoint   ] Safepoint "G1CollectForAllocation", Time since last: 110555564064 ns, Reaching safepoint: 294337 ns, At safepoint: 29495505 ns, Total: 29789842 ns
[2022-07-04T21:02:58.880+0000][8][gc,start    ] GC(239) Pause Young (Normal) (G1 Evacuation Pause)
[2022-07-04T21:02:58.886+0000][8][gc,task     ] GC(239) Using 4 workers of 4 for evacuation
[2022-07-04T21:02:58.890+0000][8][gc,age      ] GC(239) Desired survivor size 20971520 bytes, new threshold 15 (max threshold 15)
[2022-07-04T21:02:58.895+0000][8][gc,phases   ] GC(239)   Pre Evacuate Collection Set: 0.2ms
[2022-07-04T21:02:58.897+0000][8][gc,phases   ] GC(239)   Merge Heap Roots: 0.2ms
[2022-07-04T21:02:58.898+0000][8][gc,phases   ] GC(239)   Evacuate Collection Set: 2.1ms
[2022-07-04T21:02:58.899+0000][8][gc,phases   ] GC(239)   Post Evacuate Collection Set: 1.8ms
[2022-07-04T21:02:58.899+0000][8][gc,phases   ] GC(239)   Other: 4.3ms
[2022-07-04T21:02:58.900+0000][8][gc,age      ] GC(239) Age table with threshold 15 (max threshold 15)
[2022-07-04T21:02:58.901+0000][8][gc,age      ] GC(239) - age   1:    1557880 bytes,    1557880 total
[2022-07-04T21:02:58.901+0000][8][gc,age      ] GC(239) - age   2:       3184 bytes,    1561064 total
[2022-07-04T21:02:58.902+0000][8][gc,age      ] GC(239) - age   3:        584 bytes,    1561648 total
[2022-07-04T21:02:58.903+0000][8][gc,age      ] GC(239) - age   4:        184 bytes,    1561832 total
[2022-07-04T21:02:58.903+0000][8][gc,age      ] GC(239) - age   5:        184 bytes,    1562016 total
[2022-07-04T21:02:58.904+0000][8][gc,age      ] GC(239) - age   6:        128 bytes,    1562144 total
[2022-07-04T21:02:58.905+0000][8][gc,age      ] GC(239) - age   7:      13392 bytes,    1575536 total
[2022-07-04T21:02:58.905+0000][8][gc,age      ] GC(239) - age   8:        216 bytes,    1575752 total
[2022-07-04T21:02:58.906+0000][8][gc,age      ] GC(239) - age  10:        512 bytes,    1576264 total
[2022-07-04T21:02:58.906+0000][8][gc,age      ] GC(239) - age  11:       4848 bytes,    1581112 total
[2022-07-04T21:02:58.907+0000][8][gc,age      ] GC(239) - age  13:       4696 bytes,    1585808 total
[2022-07-04T21:02:58.907+0000][8][gc,age      ] GC(239) - age  14:        168 bytes,    1585976 total
[2022-07-04T21:02:58.908+0000][8][gc,age      ] GC(239) - age  15:       8528 bytes,    1594504 total
[2022-07-04T21:02:58.909+0000][8][gc,heap     ] GC(239) Eden regions: 75->0(75)
[2022-07-04T21:02:58.910+0000][8][gc,heap     ] GC(239) Survivor regions: 1->1(10)
[2022-07-04T21:02:58.911+0000][8][gc,heap     ] GC(239) Old regions: 23->23
[2022-07-04T21:02:58.912+0000][8][gc,heap     ] GC(239) Archive regions: 2->2
[2022-07-04T21:02:58.913+0000][8][gc,heap     ] GC(239) Humongous regions: 0->0
[2022-07-04T21:02:58.914+0000][8][gc,metaspace] GC(239) Metaspace: 128210K(131520K)->128210K(131520K) NonClass: 111406K(113088K)->111406K(113088K) Class: 16803K(18432K)->16803K(18432K)
[2022-07-04T21:02:58.914+0000][8][gc          ] GC(239) Pause Young (Normal) (G1 Evacuation Pause) 393M->94M(512M) 34.631ms
[2022-07-04T21:02:58.915+0000][8][gc,cpu      ] GC(239) User=0.01s Sys=0.01s Real=0.03s
[2022-07-04T21:02:58.916+0000][8][safepoint   ] Safepoint "G1CollectForAllocation", Time since last: 108009107486 ns, Reaching safepoint: 87186 ns, At safepoint: 35934743 ns, Total: 36021929 ns
[2022-07-04T21:04:25.865+0000][8][gc,start    ] GC(240) Pause Young (Normal) (G1 Evacuation Pause)
[2022-07-04T21:04:25.866+0000][8][gc,task     ] GC(240) Using 4 workers of 4 for evacuation
[2022-07-04T21:04:25.867+0000][8][gc,age      ] GC(240) Desired survivor size 20971520 bytes, new threshold 15 (max threshold 15)
[2022-07-04T21:04:25.871+0000][8][gc,phases   ] GC(240)   Pre Evacuate Collection Set: 0.2ms
[2022-07-04T21:04:25.874+0000][8][gc,phases   ] GC(240)   Merge Heap Roots: 0.1ms
[2022-07-04T21:04:25.875+0000][8][gc,phases   ] GC(240)   Evacuate Collection Set: 2.2ms
[2022-07-04T21:04:25.875+0000][8][gc,phases   ] GC(240)   Post Evacuate Collection Set: 1.0ms
[2022-07-04T21:04:25.876+0000][8][gc,phases   ] GC(240)   Other: 1.6ms
[2022-07-04T21:04:25.876+0000][8][gc,age      ] GC(240) Age table with threshold 15 (max threshold 15)
[2022-07-04T21:04:25.877+0000][8][gc,age      ] GC(240) - age   1:    1773136 bytes,    1773136 total
[2022-07-04T21:04:25.878+0000][8][gc,age      ] GC(240) - age   2:       1952 bytes,    1775088 total
[2022-07-04T21:04:25.879+0000][8][gc,age      ] GC(240) - age   3:       2504 bytes,    1777592 total
[2022-07-04T21:04:25.879+0000][8][gc,age      ] GC(240) - age   4:        456 bytes,    1778048 total
[2022-07-04T21:04:25.880+0000][8][gc,age      ] GC(240) - age   6:        184 bytes,    1778232 total
[2022-07-04T21:04:25.880+0000][8][gc,age      ] GC(240) - age   7:        128 bytes,    1778360 total
[2022-07-04T21:04:25.881+0000][8][gc,age      ] GC(240) - age   8:      13392 bytes,    1791752 total
[2022-07-04T21:04:25.881+0000][8][gc,age      ] GC(240) - age   9:        216 bytes,    1791968 total
[2022-07-04T21:04:25.882+0000][8][gc,age      ] GC(240) - age  11:        512 bytes,    1792480 total
[2022-07-04T21:04:25.883+0000][8][gc,age      ] GC(240) - age  12:       4848 bytes,    1797328 total
[2022-07-04T21:04:25.883+0000][8][gc,age      ] GC(240) - age  14:       4696 bytes,    1802024 total
[2022-07-04T21:04:25.884+0000][8][gc,age      ] GC(240) - age  15:        168 bytes,    1802192 total
[2022-07-04T21:04:25.884+0000][8][gc,heap     ] GC(240) Eden regions: 75->0(75)
[2022-07-04T21:04:25.885+0000][8][gc,heap     ] GC(240) Survivor regions: 1->1(10)
[2022-07-04T21:04:25.885+0000][8][gc,heap     ] GC(240) Old regions: 23->23
[2022-07-04T21:04:25.887+0000][8][gc,heap     ] GC(240) Archive regions: 2->2
[2022-07-04T21:04:25.887+0000][8][gc,heap     ] GC(240) Humongous regions: 0->0
[2022-07-04T21:04:25.888+0000][8][gc,metaspace] GC(240) Metaspace: 128210K(131520K)->128210K(131520K) NonClass: 111406K(113088K)->111406K(113088K) Class: 16803K(18432K)->16803K(18432K)
[2022-07-04T21:04:25.889+0000][8][gc          ] GC(240) Pause Young (Normal) (G1 Evacuation Pause) 394M->94M(512M) 24.694ms
[2022-07-04T21:04:25.890+0000][8][gc,cpu      ] GC(240) User=0.01s Sys=0.00s Real=0.03s
[2022-07-04T21:04:25.891+0000][8][safepoint   ] Safepoint "G1CollectForAllocation", Time since last: 87013801398 ns, Reaching safepoint: 83420 ns, At safepoint: 26400998 ns, Total: 26484418 ns
[2022-07-04T21:05:49.838+0000][8][gc,start    ] GC(241) Pause Young (Normal) (G1 Evacuation Pause)
[2022-07-04T21:05:49.839+0000][8][gc,task     ] GC(241) Using 4 workers of 4 for evacuation
[2022-07-04T21:05:49.840+0000][8][gc,age      ] GC(241) Desired survivor size 20971520 bytes, new threshold 15 (max threshold 15)
[2022-07-04T21:05:49.845+0000][8][gc,phases   ] GC(241)   Pre Evacuate Collection Set: 0.2ms
[2022-07-04T21:05:49.845+0000][8][gc,phases   ] GC(241)   Merge Heap Roots: 0.1ms
[2022-07-04T21:05:49.846+0000][8][gc,phases   ] GC(241)   Evacuate Collection Set: 2.3ms
[2022-07-04T21:05:49.847+0000][8][gc,phases   ] GC(241)   Post Evacuate Collection Set: 0.9ms
[2022-07-04T21:05:49.847+0000][8][gc,phases   ] GC(241)   Other: 2.0ms
[2022-07-04T21:05:49.848+0000][8][gc,age      ] GC(241) Age table with threshold 15 (max threshold 15)
[2022-07-04T21:05:49.848+0000][8][gc,age      ] GC(241) - age   1:    1539488 bytes,    1539488 total
[2022-07-04T21:05:49.849+0000][8][gc,age      ] GC(241) - age   2:       2072 bytes,    1541560 total
[2022-07-04T21:05:49.849+0000][8][gc,age      ] GC(241) - age   3:        696 bytes,    1542256 total
[2022-07-04T21:05:49.850+0000][8][gc,age      ] GC(241) - age   4:       2408 bytes,    1544664 total
[2022-07-04T21:05:49.851+0000][8][gc,age      ] GC(241) - age   5:        392 bytes,    1545056 total
[2022-07-04T21:05:49.852+0000][8][gc,age      ] GC(241) - age   7:        184 bytes,    1545240 total
[2022-07-04T21:05:49.852+0000][8][gc,age      ] GC(241) - age   8:        128 bytes,    1545368 total
[2022-07-04T21:05:49.853+0000][8][gc,age      ] GC(241) - age   9:      13392 bytes,    1558760 total
[2022-07-04T21:05:49.853+0000][8][gc,age      ] GC(241) - age  10:        216 bytes,    1558976 total
[2022-07-04T21:05:49.854+0000][8][gc,age      ] GC(241) - age  12:        512 bytes,    1559488 total
[2022-07-04T21:05:49.855+0000][8][gc,age      ] GC(241) - age  13:       4848 bytes,    1564336 total
[2022-07-04T21:05:49.855+0000][8][gc,age      ] GC(241) - age  15:       4696 bytes,    1569032 total
[2022-07-04T21:05:49.856+0000][8][gc,heap     ] GC(241) Eden regions: 75->0(75)
[2022-07-04T21:05:49.856+0000][8][gc,heap     ] GC(241) Survivor regions: 1->1(10)
[2022-07-04T21:05:49.857+0000][8][gc,heap     ] GC(241) Old regions: 23->23
[2022-07-04T21:05:49.857+0000][8][gc,heap     ] GC(241) Archive regions: 2->2
[2022-07-04T21:05:49.858+0000][8][gc,heap     ] GC(241) Humongous regions: 0->0
[2022-07-04T21:05:49.859+0000][8][gc,metaspace] GC(241) Metaspace: 128210K(131520K)->128210K(131520K) NonClass: 111406K(113088K)->111406K(113088K) Class: 16803K(18432K)->16803K(18432K)
[2022-07-04T21:05:49.859+0000][8][gc          ] GC(241) Pause Young (Normal) (G1 Evacuation Pause) 394M->94M(512M) 21.533ms
[2022-07-04T21:05:49.860+0000][8][gc,cpu      ] GC(241) User=0.01s Sys=0.00s Real=0.02s
[2022-07-04T21:05:49.861+0000][8][safepoint   ] Safepoint "G1CollectForAllocation", Time since last: 84011626713 ns, Reaching safepoint: 85703 ns, At safepoint: 23107505 ns, Total: 23193208 ns
[2022-07-04T21:07:16.806+0000][8][gc,start    ] GC(242) Pause Young (Normal) (G1 Evacuation Pause)
[2022-07-04T21:07:16.807+0000][8][gc,task     ] GC(242) Using 4 workers of 4 for evacuation
[2022-07-04T21:07:16.808+0000][8][gc,age      ] GC(242) Desired survivor size 20971520 bytes, new threshold 15 (max threshold 15)
[2022-07-04T21:07:16.812+0000][8][gc,phases   ] GC(242)   Pre Evacuate Collection Set: 0.2ms
[2022-07-04T21:07:16.813+0000][8][gc,phases   ] GC(242)   Merge Heap Roots: 0.1ms
[2022-07-04T21:07:16.813+0000][8][gc,phases   ] GC(242)   Evacuate Collection Set: 1.9ms
[2022-07-04T21:07:16.818+0000][8][gc,phases   ] GC(242)   Post Evacuate Collection Set: 1.0ms
[2022-07-04T21:07:16.820+0000][8][gc,phases   ] GC(242)   Other: 1.6ms
[2022-07-04T21:07:16.820+0000][8][gc,age      ] GC(242) Age table with threshold 15 (max threshold 15)
[2022-07-04T21:07:16.821+0000][8][gc,age      ] GC(242) - age   1:    1333248 bytes,    1333248 total
[2022-07-04T21:07:16.822+0000][8][gc,age      ] GC(242) - age   2:       1632 bytes,    1334880 total
[2022-07-04T21:07:16.822+0000][8][gc,age      ] GC(242) - age   3:        384 bytes,    1335264 total
[2022-07-04T21:07:16.823+0000][8][gc,age      ] GC(242) - age   4:        568 bytes,    1335832 total
[2022-07-04T21:07:16.824+0000][8][gc,age      ] GC(242) - age   5:       2408 bytes,    1338240 total
[2022-07-04T21:07:16.825+0000][8][gc,age      ] GC(242) - age   6:        392 bytes,    1338632 total
[2022-07-04T21:07:16.825+0000][8][gc,age      ] GC(242) - age   8:        184 bytes,    1338816 total
[2022-07-04T21:07:16.826+0000][8][gc,age      ] GC(242) - age   9:        128 bytes,    1338944 total
[2022-07-04T21:07:16.826+0000][8][gc,age      ] GC(242) - age  10:      13392 bytes,    1352336 total
[2022-07-04T21:07:16.827+0000][8][gc,age      ] GC(242) - age  11:        216 bytes,    1352552 total
[2022-07-04T21:07:16.827+0000][8][gc,age      ] GC(242) - age  13:        512 bytes,    1353064 total
[2022-07-04T21:07:16.828+0000][8][gc,age      ] GC(242) - age  14:       4848 bytes,    1357912 total
[2022-07-04T21:07:16.829+0000][8][gc,heap     ] GC(242) Eden regions: 75->0(75)
[2022-07-04T21:07:16.829+0000][8][gc,heap     ] GC(242) Survivor regions: 1->1(10)
[2022-07-04T21:07:16.830+0000][8][gc,heap     ] GC(242) Old regions: 23->23
[2022-07-04T21:07:16.831+0000][8][gc,heap     ] GC(242) Archive regions: 2->2
[2022-07-04T21:07:16.832+0000][8][gc,heap     ] GC(242) Humongous regions: 0->0
[2022-07-04T21:07:16.832+0000][8][gc,metaspace] GC(242) Metaspace: 128211K(131520K)->128211K(131520K) NonClass: 111407K(113088K)->111407K(113088K) Class: 16803K(18432K)->16803K(18432K)
[2022-07-04T21:07:16.833+0000][8][gc          ] GC(242) Pause Young (Normal) (G1 Evacuation Pause) 394M->94M(512M) 26.933ms
[2022-07-04T21:07:16.834+0000][8][gc,cpu      ] GC(242) User=0.00s Sys=0.01s Real=0.03s
[2022-07-04T21:07:16.834+0000][8][safepoint   ] Safepoint "G1CollectForAllocation", Time since last: 87009056114 ns, Reaching safepoint: 268158 ns, At safepoint: 28262439 ns, Total: 28530597 ns
[2022-07-04T21:08:00.853+0000][8][safepoint   ] Safepoint "Cleanup", Time since last: 44040968973 ns, Reaching safepoint: 227528 ns, At safepoint: 12949 ns, Total: 240477 ns
[2022-07-04T21:08:46.757+0000][8][gc,start    ] GC(243) Pause Young (Normal) (G1 Evacuation Pause)
[2022-07-04T21:08:46.758+0000][8][gc,task     ] GC(243) Using 4 workers of 4 for evacuation
[2022-07-04T21:08:46.759+0000][8][gc,age      ] GC(243) Desired survivor size 20971520 bytes, new threshold 15 (max threshold 15)
[2022-07-04T21:08:46.765+0000][8][gc,phases   ] GC(243)   Pre Evacuate Collection Set: 0.1ms
[2022-07-04T21:08:46.766+0000][8][gc,phases   ] GC(243)   Merge Heap Roots: 0.1ms
[2022-07-04T21:08:46.767+0000][8][gc,phases   ] GC(243)   Evacuate Collection Set: 2.3ms
[2022-07-04T21:08:46.768+0000][8][gc,phases   ] GC(243)   Post Evacuate Collection Set: 2.0ms
[2022-07-04T21:08:46.769+0000][8][gc,phases   ] GC(243)   Other: 1.7ms
[2022-07-04T21:08:46.770+0000][8][gc,age      ] GC(243) Age table with threshold 15 (max threshold 15)
[2022-07-04T21:08:46.771+0000][8][gc,age      ] GC(243) - age   1:    1331264 bytes,    1331264 total
[2022-07-04T21:08:46.771+0000][8][gc,age      ] GC(243) - age   2:       9304 bytes,    1340568 total
[2022-07-04T21:08:46.772+0000][8][gc,age      ] GC(243) - age   3:        544 bytes,    1341112 total
[2022-07-04T21:08:46.773+0000][8][gc,age      ] GC(243) - age   5:        568 bytes,    1341680 total
[2022-07-04T21:08:46.773+0000][8][gc,age      ] GC(243) - age   6:       2408 bytes,    1344088 total
[2022-07-04T21:08:46.774+0000][8][gc,age      ] GC(243) - age   7:        216 bytes,    1344304 total
[2022-07-04T21:08:46.774+0000][8][gc,age      ] GC(243) - age   9:        184 bytes,    1344488 total
[2022-07-04T21:08:46.775+0000][8][gc,age      ] GC(243) - age  10:        128 bytes,    1344616 total
[2022-07-04T21:08:46.775+0000][8][gc,age      ] GC(243) - age  11:      13392 bytes,    1358008 total
[2022-07-04T21:08:46.776+0000][8][gc,age      ] GC(243) - age  12:        184 bytes,    1358192 total
[2022-07-04T21:08:46.776+0000][8][gc,age      ] GC(243) - age  14:        512 bytes,    1358704 total
[2022-07-04T21:08:46.777+0000][8][gc,age      ] GC(243) - age  15:       4848 bytes,    1363552 total
[2022-07-04T21:08:46.778+0000][8][gc,heap     ] GC(243) Eden regions: 75->0(75)
[2022-07-04T21:08:46.779+0000][8][gc,heap     ] GC(243) Survivor regions: 1->1(10)
[2022-07-04T21:08:46.780+0000][8][gc,heap     ] GC(243) Old regions: 23->23
[2022-07-04T21:08:46.781+0000][8][gc,heap     ] GC(243) Archive regions: 2->2
[2022-07-04T21:08:46.782+0000][8][gc,heap     ] GC(243) Humongous regions: 0->0
[2022-07-04T21:08:46.783+0000][8][gc,metaspace] GC(243) Metaspace: 128212K(131520K)->128212K(131520K) NonClass: 111409K(113088K)->111409K(113088K) Class: 16803K(18432K)->16803K(18432K)
[2022-07-04T21:08:46.783+0000][8][gc          ] GC(243) Pause Young (Normal) (G1 Evacuation Pause) 394M->94M(512M) 26.445ms
[2022-07-04T21:08:46.784+0000][8][gc,cpu      ] GC(243) User=0.01s Sys=0.00s Real=0.02s
[2022-07-04T21:08:46.785+0000][8][safepoint   ] Safepoint "G1CollectForAllocation", Time since last: 45945953796 ns, Reaching safepoint: 148352 ns, At safepoint: 27609522 ns, Total: 27757874 ns
[2022-07-04T21:09:56.789+0000][8][safepoint   ] Safepoint "Cleanup", Time since last: 70048084429 ns, Reaching safepoint: 155673 ns, At safepoint: 7412 ns, Total: 163085 ns
[2022-07-04T21:10:00.795+0000][8][safepoint   ] Safepoint "Cleanup", Time since last: 4005717856 ns, Reaching safepoint: 92885 ns, At safepoint: 5409 ns, Total: 98294 ns
[2022-07-04T21:10:10.731+0000][8][gc,start    ] GC(244) Pause Young (Normal) (G1 Evacuation Pause)
[2022-07-04T21:10:10.732+0000][8][gc,task     ] GC(244) Using 4 workers of 4 for evacuation
[2022-07-04T21:10:10.733+0000][8][gc,age      ] GC(244) Desired survivor size 20971520 bytes, new threshold 15 (max threshold 15)
[2022-07-04T21:10:10.737+0000][8][gc,phases   ] GC(244)   Pre Evacuate Collection Set: 0.1ms
[2022-07-04T21:10:10.738+0000][8][gc,phases   ] GC(244)   Merge Heap Roots: 0.1ms
[2022-07-04T21:10:10.738+0000][8][gc,phases   ] GC(244)   Evacuate Collection Set: 2.1ms
[2022-07-04T21:10:10.739+0000][8][gc,phases   ] GC(244)   Post Evacuate Collection Set: 0.9ms
[2022-07-04T21:10:10.740+0000][8][gc,phases   ] GC(244)   Other: 1.6ms
[2022-07-04T21:10:10.740+0000][8][gc,age      ] GC(244) Age table with threshold 15 (max threshold 15)
[2022-07-04T21:10:10.744+0000][8][gc,age      ] GC(244) - age   1:    1285424 bytes,    1285424 total
[2022-07-04T21:10:10.746+0000][8][gc,age      ] GC(244) - age   2:       1984 bytes,    1287408 total
[2022-07-04T21:10:10.746+0000][8][gc,age      ] GC(244) - age   3:       8016 bytes,    1295424 total
[2022-07-04T21:10:10.747+0000][8][gc,age      ] GC(244) - age   4:        120 bytes,    1295544 total
[2022-07-04T21:10:10.748+0000][8][gc,age      ] GC(244) - age   6:        568 bytes,    1296112 total
[2022-07-04T21:10:10.748+0000][8][gc,age      ] GC(244) - age   7:        488 bytes,    1296600 total
[2022-07-04T21:10:10.749+0000][8][gc,age      ] GC(244) - age   8:        216 bytes,    1296816 total
[2022-07-04T21:10:10.749+0000][8][gc,age      ] GC(244) - age  10:        184 bytes,    1297000 total
[2022-07-04T21:10:10.750+0000][8][gc,age      ] GC(244) - age  11:        128 bytes,    1297128 total
[2022-07-04T21:10:10.751+0000][8][gc,age      ] GC(244) - age  12:      13392 bytes,    1310520 total
[2022-07-04T21:10:10.751+0000][8][gc,age      ] GC(244) - age  13:        184 bytes,    1310704 total
[2022-07-04T21:10:10.752+0000][8][gc,age      ] GC(244) - age  15:        512 bytes,    1311216 total
[2022-07-04T21:10:10.752+0000][8][gc,heap     ] GC(244) Eden regions: 75->0(75)
[2022-07-04T21:10:10.753+0000][8][gc,heap     ] GC(244) Survivor regions: 1->1(10)
[2022-07-04T21:10:10.754+0000][8][gc,heap     ] GC(244) Old regions: 23->23
[2022-07-04T21:10:10.754+0000][8][gc,heap     ] GC(244) Archive regions: 2->2
[2022-07-04T21:10:10.755+0000][8][gc,heap     ] GC(244) Humongous regions: 0->0
[2022-07-04T21:10:10.755+0000][8][gc,metaspace] GC(244) Metaspace: 128212K(131520K)->128212K(131520K) NonClass: 111409K(113088K)->111409K(113088K) Class: 16803K(18432K)->16803K(18432K)
[2022-07-04T21:10:10.756+0000][8][gc          ] GC(244) Pause Young (Normal) (G1 Evacuation Pause) 394M->94M(512M) 25.497ms
[2022-07-04T21:10:10.757+0000][8][gc,cpu      ] GC(244) User=0.00s Sys=0.00s Real=0.03s
[2022-07-04T21:10:10.759+0000][8][safepoint   ] Safepoint "G1CollectForAllocation", Time since last: 9957402375 ns, Reaching safepoint: 56997 ns, At safepoint: 28059928 ns, Total: 28116925 ns
[2022-07-04T21:10:28.768+0000][8][safepoint   ] Safepoint "Cleanup", Time since last: 18009116209 ns, Reaching safepoint: 169508 ns, At safepoint: 8114 ns, Total: 177622 ns
[2022-07-04T21:11:00.775+0000][8][safepoint   ] Safepoint "Cleanup", Time since last: 32027820273 ns, Reaching safepoint: 210238 ns, At safepoint: 66047 ns, Total: 276285 ns
[2022-07-04T21:11:37.710+0000][8][gc,start    ] GC(245) Pause Young (Normal) (G1 Evacuation Pause)
[2022-07-04T21:11:37.711+0000][8][gc,task     ] GC(245) Using 4 workers of 4 for evacuation
[2022-07-04T21:11:37.712+0000][8][gc,age      ] GC(245) Desired survivor size 20971520 bytes, new threshold 15 (max threshold 15)
[2022-07-04T21:11:37.716+0000][8][gc,phases   ] GC(245)   Pre Evacuate Collection Set: 0.2ms
[2022-07-04T21:11:37.717+0000][8][gc,phases   ] GC(245)   Merge Heap Roots: 0.1ms
[2022-07-04T21:11:37.718+0000][8][gc,phases   ] GC(245)   Evacuate Collection Set: 2.2ms
[2022-07-04T21:11:37.718+0000][8][gc,phases   ] GC(245)   Post Evacuate Collection Set: 0.8ms
[2022-07-04T21:11:37.719+0000][8][gc,phases   ] GC(245)   Other: 1.5ms
[2022-07-04T21:11:37.725+0000][8][gc,age      ] GC(245) Age table with threshold 15 (max threshold 15)
[2022-07-04T21:11:37.726+0000][8][gc,age      ] GC(245) - age   1:    1119728 bytes,    1119728 total
[2022-07-04T21:11:37.727+0000][8][gc,age      ] GC(245) - age   2:       3544 bytes,    1123272 total
[2022-07-04T21:11:37.727+0000][8][gc,age      ] GC(245) - age   3:        304 bytes,    1123576 total
[2022-07-04T21:11:37.730+0000][8][gc,age      ] GC(245) - age   4:       8016 bytes,    1131592 total
[2022-07-04T21:11:37.731+0000][8][gc,age      ] GC(245) - age   5:         24 bytes,    1131616 total
[2022-07-04T21:11:37.731+0000][8][gc,age      ] GC(245) - age   7:        568 bytes,    1132184 total
[2022-07-04T21:11:37.732+0000][8][gc,age      ] GC(245) - age   8:        488 bytes,    1132672 total
[2022-07-04T21:11:37.732+0000][8][gc,age      ] GC(245) - age   9:        216 bytes,    1132888 total
[2022-07-04T21:11:37.733+0000][8][gc,age      ] GC(245) - age  11:        184 bytes,    1133072 total
[2022-07-04T21:11:37.734+0000][8][gc,age      ] GC(245) - age  12:        128 bytes,    1133200 total
[2022-07-04T21:11:37.734+0000][8][gc,age      ] GC(245) - age  13:      13392 bytes,    1146592 total
[2022-07-04T21:11:37.735+0000][8][gc,age      ] GC(245) - age  14:        184 bytes,    1146776 total
[2022-07-04T21:11:37.735+0000][8][gc,heap     ] GC(245) Eden regions: 75->0(75)
[2022-07-04T21:11:37.736+0000][8][gc,heap     ] GC(245) Survivor regions: 1->1(10)
[2022-07-04T21:11:37.737+0000][8][gc,heap     ] GC(245) Old regions: 23->23
[2022-07-04T21:11:37.738+0000][8][gc,heap     ] GC(245) Archive regions: 2->2
[2022-07-04T21:11:37.739+0000][8][gc,heap     ] GC(245) Humongous regions: 0->0
[2022-07-04T21:11:37.739+0000][8][gc,metaspace] GC(245) Metaspace: 128213K(131520K)->128213K(131520K) NonClass: 111409K(113088K)->111409K(113088K) Class: 16803K(18432K)->16803K(18432K)
[2022-07-04T21:11:37.740+0000][8][gc          ] GC(245) Pause Young (Normal) (G1 Evacuation Pause) 394M->93M(512M) 29.610ms
[2022-07-04T21:11:37.741+0000][8][gc,cpu      ] GC(245) User=0.01s Sys=0.00s Real=0.03s
[2022-07-04T21:11:37.741+0000][8][safepoint   ] Safepoint "G1CollectForAllocation", Time since last: 36979209378 ns, Reaching safepoint: 81199 ns, At safepoint: 31112384 ns, Total: 31193583 ns
[2022-07-04T21:12:00.759+0000][8][safepoint   ] Safepoint "Cleanup", Time since last: 23016858386 ns, Reaching safepoint: 663576 ns, At safepoint: 85664 ns, Total: 749240 ns
[2022-07-04T21:13:01.715+0000][8][gc,start    ] GC(246) Pause Young (Normal) (G1 Evacuation Pause)
[2022-07-04T21:13:01.719+0000][8][gc,task     ] GC(246) Using 4 workers of 4 for evacuation
[2022-07-04T21:13:01.720+0000][8][gc,age      ] GC(246) Desired survivor size 20971520 bytes, new threshold 15 (max threshold 15)
[2022-07-04T21:13:01.724+0000][8][gc,phases   ] GC(246)   Pre Evacuate Collection Set: 0.2ms
[2022-07-04T21:13:01.725+0000][8][gc,phases   ] GC(246)   Merge Heap Roots: 0.1ms
[2022-07-04T21:13:01.725+0000][8][gc,phases   ] GC(246)   Evacuate Collection Set: 1.5ms
[2022-07-04T21:13:01.726+0000][8][gc,phases   ] GC(246)   Post Evacuate Collection Set: 1.2ms
[2022-07-04T21:13:01.727+0000][8][gc,phases   ] GC(246)   Other: 2.7ms
[2022-07-04T21:13:01.727+0000][8][gc,age      ] GC(246) Age table with threshold 15 (max threshold 15)
[2022-07-04T21:13:01.728+0000][8][gc,age      ] GC(246) - age   1:    1318688 bytes,    1318688 total
[2022-07-04T21:13:01.728+0000][8][gc,age      ] GC(246) - age   2:       1224 bytes,    1319912 total
[2022-07-04T21:13:01.729+0000][8][gc,age      ] GC(246) - age   3:       2104 bytes,    1322016 total
[2022-07-04T21:13:01.730+0000][8][gc,age      ] GC(246) - age   4:        304 bytes,    1322320 total
[2022-07-04T21:13:01.730+0000][8][gc,age      ] GC(246) - age   5:       8016 bytes,    1330336 total
[2022-07-04T21:13:01.731+0000][8][gc,age      ] GC(246) - age   8:        384 bytes,    1330720 total
[2022-07-04T21:13:01.731+0000][8][gc,age      ] GC(246) - age   9:        488 bytes,    1331208 total
[2022-07-04T21:13:01.732+0000][8][gc,age      ] GC(246) - age  10:        216 bytes,    1331424 total
[2022-07-04T21:13:01.733+0000][8][gc,age      ] GC(246) - age  12:        184 bytes,    1331608 total
[2022-07-04T21:13:01.734+0000][8][gc,age      ] GC(246) - age  13:        128 bytes,    1331736 total
[2022-07-04T21:13:01.735+0000][8][gc,age      ] GC(246) - age  14:      13392 bytes,    1345128 total
[2022-07-04T21:13:01.736+0000][8][gc,age      ] GC(246) - age  15:        184 bytes,    1345312 total
[2022-07-04T21:13:01.736+0000][8][gc,heap     ] GC(246) Eden regions: 75->0(75)
[2022-07-04T21:13:01.737+0000][8][gc,heap     ] GC(246) Survivor regions: 1->1(10)
[2022-07-04T21:13:01.738+0000][8][gc,heap     ] GC(246) Old regions: 23->23
[2022-07-04T21:13:01.738+0000][8][gc,heap     ] GC(246) Archive regions: 2->2
[2022-07-04T21:13:01.739+0000][8][gc,heap     ] GC(246) Humongous regions: 0->0
[2022-07-04T21:13:01.739+0000][8][gc,metaspace] GC(246) Metaspace: 128225K(131520K)->128225K(131520K) NonClass: 111422K(113088K)->111422K(113088K) Class: 16803K(18432K)->16803K(18432K)
[2022-07-04T21:13:01.740+0000][8][gc          ] GC(246) Pause Young (Normal) (G1 Evacuation Pause) 393M->94M(512M) 25.202ms
[2022-07-04T21:13:01.741+0000][8][gc,cpu      ] GC(246) User=0.01s Sys=0.01s Real=0.02s
[2022-07-04T21:13:01.742+0000][8][safepoint   ] Safepoint "G1CollectForAllocation", Time since last: 61019858742 ns, Reaching safepoint: 121886 ns, At safepoint: 26447071 ns, Total: 26568957 ns
[2022-07-04T21:14:00.748+0000][8][safepoint   ] Safepoint "Cleanup", Time since last: 59048507867 ns, Reaching safepoint: 681617 ns, At safepoint: 129352 ns, Total: 810969 ns
[2022-07-04T21:14:26.542+0000][8][gc,start    ] GC(247) Pause Young (Normal) (G1 Evacuation Pause)
[2022-07-04T21:14:26.543+0000][8][gc,task     ] GC(247) Using 4 workers of 4 for evacuation
[2022-07-04T21:14:26.544+0000][8][gc,age      ] GC(247) Desired survivor size 20971520 bytes, new threshold 15 (max threshold 15)
[2022-07-04T21:14:26.548+0000][8][gc,phases   ] GC(247)   Pre Evacuate Collection Set: 0.2ms
[2022-07-04T21:14:26.548+0000][8][gc,phases   ] GC(247)   Merge Heap Roots: 0.2ms
[2022-07-04T21:14:26.549+0000][8][gc,phases   ] GC(247)   Evacuate Collection Set: 1.6ms
[2022-07-04T21:14:26.550+0000][8][gc,phases   ] GC(247)   Post Evacuate Collection Set: 0.9ms
[2022-07-04T21:14:26.551+0000][8][gc,phases   ] GC(247)   Other: 1.5ms
[2022-07-04T21:14:26.551+0000][8][gc,age      ] GC(247) Age table with threshold 15 (max threshold 15)
[2022-07-04T21:14:26.552+0000][8][gc,age      ] GC(247) - age   1:    1298928 bytes,    1298928 total
[2022-07-04T21:14:26.553+0000][8][gc,age      ] GC(247) - age   2:       1592 bytes,    1300520 total
[2022-07-04T21:14:26.553+0000][8][gc,age      ] GC(247) - age   3:        392 bytes,    1300912 total
[2022-07-04T21:14:26.554+0000][8][gc,age      ] GC(247) - age   4:       2104 bytes,    1303016 total
[2022-07-04T21:14:26.555+0000][8][gc,age      ] GC(247) - age   5:        304 bytes,    1303320 total
[2022-07-04T21:14:26.556+0000][8][gc,age      ] GC(247) - age   6:       8016 bytes,    1311336 total
[2022-07-04T21:14:26.556+0000][8][gc,age      ] GC(247) - age   9:        384 bytes,    1311720 total
[2022-07-04T21:14:26.557+0000][8][gc,age      ] GC(247) - age  10:        488 bytes,    1312208 total
[2022-07-04T21:14:26.557+0000][8][gc,age      ] GC(247) - age  11:        216 bytes,    1312424 total
[2022-07-04T21:14:26.558+0000][8][gc,age      ] GC(247) - age  13:        184 bytes,    1312608 total
[2022-07-04T21:14:26.559+0000][8][gc,age      ] GC(247) - age  14:        128 bytes,    1312736 total
[2022-07-04T21:14:26.559+0000][8][gc,age      ] GC(247) - age  15:      13392 bytes,    1326128 total
[2022-07-04T21:14:26.560+0000][8][gc,heap     ] GC(247) Eden regions: 75->0(75)
[2022-07-04T21:14:26.560+0000][8][gc,heap     ] GC(247) Survivor regions: 1->1(10)
[2022-07-04T21:14:26.561+0000][8][gc,heap     ] GC(247) Old regions: 23->23
[2022-07-04T21:14:26.561+0000][8][gc,heap     ] GC(247) Archive regions: 2->2
[2022-07-04T21:14:26.562+0000][8][gc,heap     ] GC(247) Humongous regions: 0->0
[2022-07-04T21:14:26.562+0000][8][gc,metaspace] GC(247) Metaspace: 128228K(131520K)->128228K(131520K) NonClass: 111424K(113088K)->111424K(113088K) Class: 16803K(18432K)->16803K(18432K)
[2022-07-04T21:14:26.563+0000][8][gc          ] GC(247) Pause Young (Normal) (G1 Evacuation Pause) 394M->94M(512M) 20.878ms
[2022-07-04T21:14:26.564+0000][8][gc,cpu      ] GC(247) User=0.01s Sys=0.01s Real=0.02s
[2022-07-04T21:14:26.564+0000][8][safepoint   ] Safepoint "G1CollectForAllocation", Time since last: 25794250953 ns, Reaching safepoint: 136773 ns, At safepoint: 22072807 ns, Total: 22209580 ns
[2022-07-04T21:15:52.688+0000][8][gc,start    ] GC(248) Pause Young (Normal) (G1 Evacuation Pause)
[2022-07-04T21:15:52.689+0000][8][gc,task     ] GC(248) Using 4 workers of 4 for evacuation
[2022-07-04T21:15:52.689+0000][8][gc,age      ] GC(248) Desired survivor size 20971520 bytes, new threshold 15 (max threshold 15)
[2022-07-04T21:15:52.694+0000][8][gc,phases   ] GC(248)   Pre Evacuate Collection Set: 0.3ms
[2022-07-04T21:15:52.695+0000][8][gc,phases   ] GC(248)   Merge Heap Roots: 0.2ms
[2022-07-04T21:15:52.696+0000][8][gc,phases   ] GC(248)   Evacuate Collection Set: 2.4ms
[2022-07-04T21:15:52.699+0000][8][gc,phases   ] GC(248)   Post Evacuate Collection Set: 0.9ms
[2022-07-04T21:15:52.700+0000][8][gc,phases   ] GC(248)   Other: 1.5ms
[2022-07-04T21:15:52.701+0000][8][gc,age      ] GC(248) Age table with threshold 15 (max threshold 15)
[2022-07-04T21:15:52.701+0000][8][gc,age      ] GC(248) - age   1:    1620024 bytes,    1620024 total
[2022-07-04T21:15:52.702+0000][8][gc,age      ] GC(248) - age   2:       2224 bytes,    1622248 total
[2022-07-04T21:15:52.702+0000][8][gc,age      ] GC(248) - age   3:        760 bytes,    1623008 total
[2022-07-04T21:15:52.703+0000][8][gc,age      ] GC(248) - age   5:       2104 bytes,    1625112 total
[2022-07-04T21:15:52.704+0000][8][gc,age      ] GC(248) - age   6:        304 bytes,    1625416 total
[2022-07-04T21:15:52.704+0000][8][gc,age      ] GC(248) - age  10:        384 bytes,    1625800 total
[2022-07-04T21:15:52.705+0000][8][gc,age      ] GC(248) - age  11:         96 bytes,    1625896 total
[2022-07-04T21:15:52.706+0000][8][gc,age      ] GC(248) - age  12:        216 bytes,    1626112 total
[2022-07-04T21:15:52.706+0000][8][gc,age      ] GC(248) - age  14:        184 bytes,    1626296 total
[2022-07-04T21:15:52.707+0000][8][gc,age      ] GC(248) - age  15:        128 bytes,    1626424 total
[2022-07-04T21:15:52.707+0000][8][gc,heap     ] GC(248) Eden regions: 75->0(75)
[2022-07-04T21:15:52.708+0000][8][gc,heap     ] GC(248) Survivor regions: 1->1(10)
[2022-07-04T21:15:52.709+0000][8][gc,heap     ] GC(248) Old regions: 23->23
[2022-07-04T21:15:52.709+0000][8][gc,heap     ] GC(248) Archive regions: 2->2
[2022-07-04T21:15:52.710+0000][8][gc,heap     ] GC(248) Humongous regions: 0->0
[2022-07-04T21:15:52.711+0000][8][gc,metaspace] GC(248) Metaspace: 128236K(131520K)->128236K(131520K) NonClass: 111433K(113088K)->111433K(113088K) Class: 16803K(18432K)->16803K(18432K)
[2022-07-04T21:15:52.711+0000][8][gc          ] GC(248) Pause Young (Normal) (G1 Evacuation Pause) 394M->94M(512M) 23.794ms
[2022-07-04T21:15:52.712+0000][8][gc,cpu      ] GC(248) User=0.01s Sys=0.00s Real=0.02s
[2022-07-04T21:15:52.714+0000][8][safepoint   ] Safepoint "G1CollectForAllocation", Time since last: 86187793034 ns, Reaching safepoint: 212133 ns, At safepoint: 25892290 ns, Total: 26104423 ns
[2022-07-04T21:16:00.702+0000][8][safepoint   ] Safepoint "Cleanup", Time since last: 8011558069 ns, Reaching safepoint: 374176 ns, At safepoint: 11933 ns, Total: 386109 ns
[2022-07-04T21:17:00.720+0000][8][safepoint   ] Safepoint "Cleanup", Time since last: 60060280162 ns, Reaching safepoint: 159006 ns, At safepoint: 5094 ns, Total: 164100 ns
[2022-07-04T21:17:22.652+0000][8][gc,start    ] GC(249) Pause Young (Normal) (G1 Evacuation Pause)
[2022-07-04T21:17:22.654+0000][8][gc,task     ] GC(249) Using 4 workers of 4 for evacuation
[2022-07-04T21:17:22.654+0000][8][gc,age      ] GC(249) Desired survivor size 20971520 bytes, new threshold 15 (max threshold 15)
[2022-07-04T21:17:22.660+0000][8][gc,phases   ] GC(249)   Pre Evacuate Collection Set: 0.2ms
[2022-07-04T21:17:22.662+0000][8][gc,phases   ] GC(249)   Merge Heap Roots: 0.1ms
[2022-07-04T21:17:22.663+0000][8][gc,phases   ] GC(249)   Evacuate Collection Set: 3.0ms
[2022-07-04T21:17:22.663+0000][8][gc,phases   ] GC(249)   Post Evacuate Collection Set: 1.0ms
[2022-07-04T21:17:22.664+0000][8][gc,phases   ] GC(249)   Other: 1.6ms
[2022-07-04T21:17:22.665+0000][8][gc,age      ] GC(249) Age table with threshold 15 (max threshold 15)
[2022-07-04T21:17:22.665+0000][8][gc,age      ] GC(249) - age   1:    1656240 bytes,    1656240 total
[2022-07-04T21:17:22.666+0000][8][gc,age      ] GC(249) - age   2:      10008 bytes,    1666248 total
[2022-07-04T21:17:22.666+0000][8][gc,age      ] GC(249) - age   3:        248 bytes,    1666496 total
[2022-07-04T21:17:22.667+0000][8][gc,age      ] GC(249) - age   4:        568 bytes,    1667064 total
[2022-07-04T21:17:22.667+0000][8][gc,age      ] GC(249) - age   6:       2104 bytes,    1669168 total
[2022-07-04T21:17:22.668+0000][8][gc,age      ] GC(249) - age   7:        304 bytes,    1669472 total
[2022-07-04T21:17:22.668+0000][8][gc,age      ] GC(249) - age  11:        384 bytes,    1669856 total
[2022-07-04T21:17:22.669+0000][8][gc,age      ] GC(249) - age  12:         96 bytes,    1669952 total
[2022-07-04T21:17:22.669+0000][8][gc,age      ] GC(249) - age  13:        216 bytes,    1670168 total
[2022-07-04T21:17:22.670+0000][8][gc,age      ] GC(249) - age  15:        184 bytes,    1670352 total
[2022-07-04T21:17:22.671+0000][8][gc,heap     ] GC(249) Eden regions: 75->0(75)
[2022-07-04T21:17:22.671+0000][8][gc,heap     ] GC(249) Survivor regions: 1->1(10)
[2022-07-04T21:17:22.672+0000][8][gc,heap     ] GC(249) Old regions: 23->23
[2022-07-04T21:17:22.672+0000][8][gc,heap     ] GC(249) Archive regions: 2->2
[2022-07-04T21:17:22.673+0000][8][gc,heap     ] GC(249) Humongous regions: 0->0
[2022-07-04T21:17:22.673+0000][8][gc,metaspace] GC(249) Metaspace: 128240K(131520K)->128240K(131520K) NonClass: 111437K(113088K)->111437K(113088K) Class: 16803K(18432K)->16803K(18432K)
[2022-07-04T21:17:22.674+0000][8][gc          ] GC(249) Pause Young (Normal) (G1 Evacuation Pause) 394M->94M(512M) 22.017ms
[2022-07-04T21:17:22.675+0000][8][gc,cpu      ] GC(249) User=0.01s Sys=0.00s Real=0.02s
[2022-07-04T21:17:22.676+0000][8][safepoint   ] Safepoint "G1CollectForAllocation", Time since last: 21931898219 ns, Reaching safepoint: 64332 ns, At safepoint: 23556278 ns, Total: 23620610 ns
[2022-07-04T21:18:00.659+0000][8][safepoint   ] Safepoint "Cleanup", Time since last: 38027986917 ns, Reaching safepoint: 651852 ns, At safepoint: 39646 ns, Total: 691498 ns
[2022-07-04T21:18:16.669+0000][8][safepoint   ] Safepoint "Cleanup", Time since last: 16009440580 ns, Reaching safepoint: 107068 ns, At safepoint: 6752 ns, Total: 113820 ns
[2022-07-04T21:18:29.680+0000][8][safepoint   ] Safepoint "Cleanup", Time since last: 13011052972 ns, Reaching safepoint: 218369 ns, At safepoint: 67052 ns, Total: 285421 ns
[2022-07-04T21:18:46.752+0000][8][gc,start    ] GC(250) Pause Young (Normal) (G1 Evacuation Pause)
[2022-07-04T21:18:46.754+0000][8][gc,task     ] GC(250) Using 4 workers of 4 for evacuation
[2022-07-04T21:18:46.755+0000][8][gc,age      ] GC(250) Desired survivor size 20971520 bytes, new threshold 15 (max threshold 15)
[2022-07-04T21:18:46.760+0000][8][gc,phases   ] GC(250)   Pre Evacuate Collection Set: 0.1ms
[2022-07-04T21:18:46.761+0000][8][gc,phases   ] GC(250)   Merge Heap Roots: 0.1ms
[2022-07-04T21:18:46.762+0000][8][gc,phases   ] GC(250)   Evacuate Collection Set: 3.2ms
[2022-07-04T21:18:46.763+0000][8][gc,phases   ] GC(250)   Post Evacuate Collection Set: 1.0ms
[2022-07-04T21:18:46.763+0000][8][gc,phases   ] GC(250)   Other: 2.5ms
[2022-07-04T21:18:46.764+0000][8][gc,age      ] GC(250) Age table with threshold 15 (max threshold 15)
[2022-07-04T21:18:46.764+0000][8][gc,age      ] GC(250) - age   1:    1522056 bytes,    1522056 total
[2022-07-04T21:18:46.765+0000][8][gc,age      ] GC(250) - age   2:       6680 bytes,    1528736 total
[2022-07-04T21:18:46.765+0000][8][gc,age      ] GC(250) - age   3:       8536 bytes,    1537272 total
[2022-07-04T21:18:46.766+0000][8][gc,age      ] GC(250) - age   4:        184 bytes,    1537456 total
[2022-07-04T21:18:46.766+0000][8][gc,age      ] GC(250) - age   5:        272 bytes,    1537728 total
[2022-07-04T21:18:46.767+0000][8][gc,age      ] GC(250) - age   7:       1920 bytes,    1539648 total
[2022-07-04T21:18:46.767+0000][8][gc,age      ] GC(250) - age   8:        120 bytes,    1539768 total
[2022-07-04T21:18:46.768+0000][8][gc,age      ] GC(250) - age  12:        384 bytes,    1540152 total
[2022-07-04T21:18:46.769+0000][8][gc,age      ] GC(250) - age  13:         96 bytes,    1540248 total
[2022-07-04T21:18:46.769+0000][8][gc,age      ] GC(250) - age  14:        184 bytes,    1540432 total
[2022-07-04T21:18:46.769+0000][8][gc,heap     ] GC(250) Eden regions: 75->0(75)
[2022-07-04T21:18:46.770+0000][8][gc,heap     ] GC(250) Survivor regions: 1->1(10)
[2022-07-04T21:18:46.772+0000][8][gc,heap     ] GC(250) Old regions: 23->23
[2022-07-04T21:18:46.772+0000][8][gc,heap     ] GC(250) Archive regions: 2->2
[2022-07-04T21:18:46.773+0000][8][gc,heap     ] GC(250) Humongous regions: 0->0
[2022-07-04T21:18:46.774+0000][8][gc,metaspace] GC(250) Metaspace: 128240K(131520K)->128240K(131520K) NonClass: 111437K(113088K)->111437K(113088K) Class: 16803K(18432K)->16803K(18432K)
[2022-07-04T21:18:46.775+0000][8][gc          ] GC(250) Pause Young (Normal) (G1 Evacuation Pause) 394M->94M(512M) 22.483ms
[2022-07-04T21:18:46.775+0000][8][gc,cpu      ] GC(250) User=0.01s Sys=0.00s Real=0.03s
[2022-07-04T21:18:46.776+0000][8][safepoint   ] Safepoint "G1CollectForAllocation", Time since last: 17092207553 ns, Reaching safepoint: 56805 ns, At safepoint: 23657744 ns, Total: 23714549 ns
[2022-07-04T21:19:00.763+0000][8][safepoint   ] Safepoint "Cleanup", Time since last: 14008495038 ns, Reaching safepoint: 208069 ns, At safepoint: 24758 ns, Total: 232827 ns
[2022-07-04T21:20:13.610+0000][8][gc,start    ] GC(251) Pause Young (Normal) (G1 Evacuation Pause)
[2022-07-04T21:20:13.611+0000][8][gc,task     ] GC(251) Using 4 workers of 4 for evacuation
[2022-07-04T21:20:13.612+0000][8][gc,age      ] GC(251) Desired survivor size 20971520 bytes, new threshold 15 (max threshold 15)
[2022-07-04T21:20:13.615+0000][8][gc,phases   ] GC(251)   Pre Evacuate Collection Set: 0.2ms
[2022-07-04T21:20:13.616+0000][8][gc,phases   ] GC(251)   Merge Heap Roots: 0.1ms
[2022-07-04T21:20:13.617+0000][8][gc,phases   ] GC(251)   Evacuate Collection Set: 2.1ms
[2022-07-04T21:20:13.617+0000][8][gc,phases   ] GC(251)   Post Evacuate Collection Set: 0.9ms
[2022-07-04T21:20:13.618+0000][8][gc,phases   ] GC(251)   Other: 1.3ms
[2022-07-04T21:20:13.619+0000][8][gc,age      ] GC(251) Age table with threshold 15 (max threshold 15)
[2022-07-04T21:20:13.620+0000][8][gc,age      ] GC(251) - age   1:    1483656 bytes,    1483656 total
[2022-07-04T21:20:13.621+0000][8][gc,age      ] GC(251) - age   2:       2648 bytes,    1486304 total
[2022-07-04T21:20:13.621+0000][8][gc,age      ] GC(251) - age   3:       4752 bytes,    1491056 total
[2022-07-04T21:20:13.622+0000][8][gc,age      ] GC(251) - age   4:        520 bytes,    1491576 total
[2022-07-04T21:20:13.622+0000][8][gc,age      ] GC(251) - age   5:        184 bytes,    1491760 total
[2022-07-04T21:20:13.623+0000][8][gc,age      ] GC(251) - age   6:        272 bytes,    1492032 total
[2022-07-04T21:20:13.623+0000][8][gc,age      ] GC(251) - age   9:        120 bytes,    1492152 total
[2022-07-04T21:20:13.624+0000][8][gc,age      ] GC(251) - age  13:        384 bytes,    1492536 total
[2022-07-04T21:20:13.624+0000][8][gc,age      ] GC(251) - age  14:         96 bytes,    1492632 total
[2022-07-04T21:20:13.625+0000][8][gc,age      ] GC(251) - age  15:        184 bytes,    1492816 total
[2022-07-04T21:20:13.625+0000][8][gc,heap     ] GC(251) Eden regions: 75->0(75)
[2022-07-04T21:20:13.626+0000][8][gc,heap     ] GC(251) Survivor regions: 1->1(10)
[2022-07-04T21:20:13.627+0000][8][gc,heap     ] GC(251) Old regions: 23->23
[2022-07-04T21:20:13.627+0000][8][gc,heap     ] GC(251) Archive regions: 2->2
[2022-07-04T21:20:13.628+0000][8][gc,heap     ] GC(251) Humongous regions: 0->0
[2022-07-04T21:20:13.628+0000][8][gc,metaspace] GC(251) Metaspace: 128240K(131520K)->128240K(131520K) NonClass: 111437K(113088K)->111437K(113088K) Class: 16803K(18432K)->16803K(18432K)
[2022-07-04T21:20:13.629+0000][8][gc          ] GC(251) Pause Young (Normal) (G1 Evacuation Pause) 394M->94M(512M) 19.046ms
[2022-07-04T21:20:13.630+0000][8][gc,cpu      ] GC(251) User=0.01s Sys=0.00s Real=0.02s
[2022-07-04T21:20:13.630+0000][8][safepoint   ] Safepoint "G1CollectForAllocation", Time since last: 72889301520 ns, Reaching safepoint: 73713 ns, At safepoint: 20436653 ns, Total: 20510366 ns
[2022-07-04T21:21:37.591+0000][8][gc,start    ] GC(252) Pause Young (Normal) (G1 Evacuation Pause)
[2022-07-04T21:21:37.597+0000][8][gc,task     ] GC(252) Using 4 workers of 4 for evacuation
[2022-07-04T21:21:37.598+0000][8][gc,age      ] GC(252) Desired survivor size 20971520 bytes, new threshold 15 (max threshold 15)
[2022-07-04T21:21:37.603+0000][8][gc,phases   ] GC(252)   Pre Evacuate Collection Set: 0.2ms
[2022-07-04T21:21:37.603+0000][8][gc,phases   ] GC(252)   Merge Heap Roots: 0.0ms
[2022-07-04T21:21:37.604+0000][8][gc,phases   ] GC(252)   Evacuate Collection Set: 1.9ms
[2022-07-04T21:21:37.605+0000][8][gc,phases   ] GC(252)   Post Evacuate Collection Set: 1.0ms
[2022-07-04T21:21:37.606+0000][8][gc,phases   ] GC(252)   Other: 2.6ms
[2022-07-04T21:21:37.606+0000][8][gc,age      ] GC(252) Age table with threshold 15 (max threshold 15)
[2022-07-04T21:21:37.607+0000][8][gc,age      ] GC(252) - age   1:    1623728 bytes,    1623728 total
[2022-07-04T21:21:37.608+0000][8][gc,age      ] GC(252) - age   2:       3800 bytes,    1627528 total
[2022-07-04T21:21:37.608+0000][8][gc,age      ] GC(252) - age   3:       1752 bytes,    1629280 total
[2022-07-04T21:21:37.609+0000][8][gc,age      ] GC(252) - age   4:       4664 bytes,    1633944 total
[2022-07-04T21:21:37.609+0000][8][gc,age      ] GC(252) - age   5:        424 bytes,    1634368 total
[2022-07-04T21:21:37.610+0000][8][gc,age      ] GC(252) - age   6:        184 bytes,    1634552 total
[2022-07-04T21:21:37.611+0000][8][gc,age      ] GC(252) - age   7:        272 bytes,    1634824 total
[2022-07-04T21:21:37.611+0000][8][gc,age      ] GC(252) - age  10:        120 bytes,    1634944 total
[2022-07-04T21:21:37.612+0000][8][gc,age      ] GC(252) - age  14:        384 bytes,    1635328 total
[2022-07-04T21:21:37.613+0000][8][gc,age      ] GC(252) - age  15:         96 bytes,    1635424 total
[2022-07-04T21:21:37.614+0000][8][gc,heap     ] GC(252) Eden regions: 75->0(75)
[2022-07-04T21:21:37.615+0000][8][gc,heap     ] GC(252) Survivor regions: 1->1(10)
[2022-07-04T21:21:37.616+0000][8][gc,heap     ] GC(252) Old regions: 23->23
[2022-07-04T21:21:37.616+0000][8][gc,heap     ] GC(252) Archive regions: 2->2
[2022-07-04T21:21:37.617+0000][8][gc,heap     ] GC(252) Humongous regions: 0->0
[2022-07-04T21:21:37.618+0000][8][gc,metaspace] GC(252) Metaspace: 128240K(131520K)->128240K(131520K) NonClass: 111437K(113088K)->111437K(113088K) Class: 16803K(18432K)->16803K(18432K)
[2022-07-04T21:21:37.618+0000][8][gc          ] GC(252) Pause Young (Normal) (G1 Evacuation Pause) 394M->94M(512M) 27.261ms
[2022-07-04T21:21:37.619+0000][8][gc,cpu      ] GC(252) User=0.01s Sys=0.00s Real=0.03s
[2022-07-04T21:21:37.619+0000][8][safepoint   ] Safepoint "G1CollectForAllocation", Time since last: 84026568463 ns, Reaching safepoint: 351326 ns, At safepoint: 28587362 ns, Total: 28938688 ns
[2022-07-04T21:23:01.654+0000][8][gc,start    ] GC(253) Pause Young (Normal) (G1 Evacuation Pause)
[2022-07-04T21:23:01.656+0000][8][gc,task     ] GC(253) Using 4 workers of 4 for evacuation
[2022-07-04T21:23:01.657+0000][8][gc,age      ] GC(253) Desired survivor size 20971520 bytes, new threshold 15 (max threshold 15)
[2022-07-04T21:23:01.664+0000][8][gc,phases   ] GC(253)   Pre Evacuate Collection Set: 0.4ms
[2022-07-04T21:23:01.665+0000][8][gc,phases   ] GC(253)   Merge Heap Roots: 0.1ms
[2022-07-04T21:23:01.665+0000][8][gc,phases   ] GC(253)   Evacuate Collection Set: 2.1ms
[2022-07-04T21:23:01.666+0000][8][gc,phases   ] GC(253)   Post Evacuate Collection Set: 0.9ms
[2022-07-04T21:23:01.666+0000][8][gc,phases   ] GC(253)   Other: 4.5ms
[2022-07-04T21:23:01.667+0000][8][gc,age      ] GC(253) Age table with threshold 15 (max threshold 15)
[2022-07-04T21:23:01.668+0000][8][gc,age      ] GC(253) - age   1:    1462248 bytes,    1462248 total
[2022-07-04T21:23:01.668+0000][8][gc,age      ] GC(253) - age   2:      10544 bytes,    1472792 total
[2022-07-04T21:23:01.669+0000][8][gc,age      ] GC(253) - age   3:       2232 bytes,    1475024 total
[2022-07-04T21:23:01.670+0000][8][gc,age      ] GC(253) - age   4:       1624 bytes,    1476648 total
[2022-07-04T21:23:01.670+0000][8][gc,age      ] GC(253) - age   5:       4664 bytes,    1481312 total
[2022-07-04T21:23:01.671+0000][8][gc,age      ] GC(253) - age   6:        424 bytes,    1481736 total
[2022-07-04T21:23:01.671+0000][8][gc,age      ] GC(253) - age   7:        184 bytes,    1481920 total
[2022-07-04T21:23:01.672+0000][8][gc,age      ] GC(253) - age   8:        272 bytes,    1482192 total
[2022-07-04T21:23:01.673+0000][8][gc,age      ] GC(253) - age  11:        120 bytes,    1482312 total
[2022-07-04T21:23:01.673+0000][8][gc,heap     ] GC(253) Eden regions: 75->0(75)
[2022-07-04T21:23:01.674+0000][8][gc,heap     ] GC(253) Survivor regions: 1->1(10)
[2022-07-04T21:23:01.675+0000][8][gc,heap     ] GC(253) Old regions: 23->23
[2022-07-04T21:23:01.677+0000][8][gc,heap     ] GC(253) Archive regions: 2->2
[2022-07-04T21:23:01.678+0000][8][gc,heap     ] GC(253) Humongous regions: 0->0
[2022-07-04T21:23:01.679+0000][8][gc,metaspace] GC(253) Metaspace: 128240K(131520K)->128240K(131520K) NonClass: 111437K(113088K)->111437K(113088K) Class: 16803K(18432K)->16803K(18432K)
[2022-07-04T21:23:01.679+0000][8][gc          ] GC(253) Pause Young (Normal) (G1 Evacuation Pause) 394M->94M(512M) 25.135ms
[2022-07-04T21:23:01.680+0000][8][gc,cpu      ] GC(253) User=0.00s Sys=0.01s Real=0.03s
[2022-07-04T21:23:01.681+0000][8][safepoint   ] Safepoint "G1CollectForAllocation", Time since last: 84097992848 ns, Reaching safepoint: 136022 ns, At safepoint: 26706984 ns, Total: 26843006 ns
[2022-07-04T21:24:28.609+0000][8][gc,start    ] GC(254) Pause Young (Normal) (G1 Evacuation Pause)
[2022-07-04T21:24:28.610+0000][8][gc,task     ] GC(254) Using 4 workers of 4 for evacuation
[2022-07-04T21:24:28.611+0000][8][gc,age      ] GC(254) Desired survivor size 20971520 bytes, new threshold 15 (max threshold 15)
[2022-07-04T21:24:28.615+0000][8][gc,phases   ] GC(254)   Pre Evacuate Collection Set: 0.2ms
[2022-07-04T21:24:28.616+0000][8][gc,phases   ] GC(254)   Merge Heap Roots: 0.1ms
[2022-07-04T21:24:28.617+0000][8][gc,phases   ] GC(254)   Evacuate Collection Set: 2.1ms
[2022-07-04T21:24:28.618+0000][8][gc,phases   ] GC(254)   Post Evacuate Collection Set: 0.9ms
[2022-07-04T21:24:28.618+0000][8][gc,phases   ] GC(254)   Other: 1.8ms
[2022-07-04T21:24:28.619+0000][8][gc,age      ] GC(254) Age table with threshold 15 (max threshold 15)
[2022-07-04T21:24:28.620+0000][8][gc,age      ] GC(254) - age   1:    1233600 bytes,    1233600 total
[2022-07-04T21:24:28.620+0000][8][gc,age      ] GC(254) - age   2:       2144 bytes,    1235744 total
[2022-07-04T21:24:28.621+0000][8][gc,age      ] GC(254) - age   3:       8784 bytes,    1244528 total
[2022-07-04T21:24:28.621+0000][8][gc,age      ] GC(254) - age   4:       2104 bytes,    1246632 total
[2022-07-04T21:24:28.622+0000][8][gc,age      ] GC(254) - age   5:       1560 bytes,    1248192 total
[2022-07-04T21:24:28.622+0000][8][gc,age      ] GC(254) - age   6:       4664 bytes,    1252856 total
[2022-07-04T21:24:28.623+0000][8][gc,age      ] GC(254) - age   7:        424 bytes,    1253280 total
[2022-07-04T21:24:28.624+0000][8][gc,age      ] GC(254) - age   8:        184 bytes,    1253464 total
[2022-07-04T21:24:28.625+0000][8][gc,age      ] GC(254) - age   9:        272 bytes,    1253736 total
[2022-07-04T21:24:28.625+0000][8][gc,age      ] GC(254) - age  12:        120 bytes,    1253856 total
[2022-07-04T21:24:28.626+0000][8][gc,heap     ] GC(254) Eden regions: 75->0(75)
[2022-07-04T21:24:28.627+0000][8][gc,heap     ] GC(254) Survivor regions: 1->1(10)
[2022-07-04T21:24:28.627+0000][8][gc,heap     ] GC(254) Old regions: 23->23
[2022-07-04T21:24:28.628+0000][8][gc,heap     ] GC(254) Archive regions: 2->2
[2022-07-04T21:24:28.628+0000][8][gc,heap     ] GC(254) Humongous regions: 0->0
[2022-07-04T21:24:28.629+0000][8][gc,metaspace] GC(254) Metaspace: 128240K(131520K)->128240K(131520K) NonClass: 111437K(113088K)->111437K(113088K) Class: 16803K(18432K)->16803K(18432K)
[2022-07-04T21:24:28.629+0000][8][gc          ] GC(254) Pause Young (Normal) (G1 Evacuation Pause) 394M->94M(512M) 20.594ms
[2022-07-04T21:24:28.630+0000][8][gc,cpu      ] GC(254) User=0.00s Sys=0.01s Real=0.02s
[2022-07-04T21:24:28.630+0000][8][safepoint   ] Safepoint "G1CollectForAllocation", Time since last: 86972646992 ns, Reaching safepoint: 165723 ns, At safepoint: 21856654 ns, Total: 22022377 ns
[2022-07-04T21:25:55.685+0000][8][gc,start    ] GC(255) Pause Young (Normal) (G1 Evacuation Pause)
[2022-07-04T21:25:55.686+0000][8][gc,task     ] GC(255) Using 4 workers of 4 for evacuation
[2022-07-04T21:25:55.687+0000][8][gc,age      ] GC(255) Desired survivor size 20971520 bytes, new threshold 15 (max threshold 15)
[2022-07-04T21:25:55.694+0000][8][gc,phases   ] GC(255)   Pre Evacuate Collection Set: 0.2ms
[2022-07-04T21:25:55.695+0000][8][gc,phases   ] GC(255)   Merge Heap Roots: 0.1ms
[2022-07-04T21:25:55.696+0000][8][gc,phases   ] GC(255)   Evacuate Collection Set: 3.9ms
[2022-07-04T21:25:55.696+0000][8][gc,phases   ] GC(255)   Post Evacuate Collection Set: 2.1ms
[2022-07-04T21:25:55.697+0000][8][gc,phases   ] GC(255)   Other: 1.9ms
[2022-07-04T21:25:55.698+0000][8][gc,age      ] GC(255) Age table with threshold 15 (max threshold 15)
[2022-07-04T21:25:55.698+0000][8][gc,age      ] GC(255) - age   1:    1317880 bytes,    1317880 total
[2022-07-04T21:25:55.699+0000][8][gc,age      ] GC(255) - age   2:       1264 bytes,    1319144 total
[2022-07-04T21:25:55.699+0000][8][gc,age      ] GC(255) - age   3:        864 bytes,    1320008 total
[2022-07-04T21:25:55.700+0000][8][gc,age      ] GC(255) - age   4:        608 bytes,    1320616 total
[2022-07-04T21:25:55.700+0000][8][gc,age      ] GC(255) - age   5:       2104 bytes,    1322720 total
[2022-07-04T21:25:55.701+0000][8][gc,age      ] GC(255) - age   6:       1264 bytes,    1323984 total
[2022-07-04T21:25:55.701+0000][8][gc,age      ] GC(255) - age   7:       4664 bytes,    1328648 total
[2022-07-04T21:25:55.702+0000][8][gc,age      ] GC(255) - age   8:        424 bytes,    1329072 total
[2022-07-04T21:25:55.703+0000][8][gc,age      ] GC(255) - age   9:        184 bytes,    1329256 total
[2022-07-04T21:25:55.703+0000][8][gc,age      ] GC(255) - age  10:        272 bytes,    1329528 total
[2022-07-04T21:25:55.704+0000][8][gc,age      ] GC(255) - age  13:        120 bytes,    1329648 total
[2022-07-04T21:25:55.704+0000][8][gc,heap     ] GC(255) Eden regions: 75->0(75)
[2022-07-04T21:25:55.705+0000][8][gc,heap     ] GC(255) Survivor regions: 1->1(10)
[2022-07-04T21:25:55.706+0000][8][gc,heap     ] GC(255) Old regions: 23->23
[2022-07-04T21:25:55.707+0000][8][gc,heap     ] GC(255) Archive regions: 2->2
[2022-07-04T21:25:55.707+0000][8][gc,heap     ] GC(255) Humongous regions: 0->0
[2022-07-04T21:25:55.708+0000][8][gc,metaspace] GC(255) Metaspace: 128240K(131520K)->128240K(131520K) NonClass: 111437K(113088K)->111437K(113088K) Class: 16803K(18432K)->16803K(18432K)
[2022-07-04T21:25:55.709+0000][8][gc          ] GC(255) Pause Young (Normal) (G1 Evacuation Pause) 394M->94M(512M) 23.937ms
[2022-07-04T21:25:55.709+0000][8][gc,cpu      ] GC(255) User=0.01s Sys=0.00s Real=0.02s
[2022-07-04T21:25:55.710+0000][8][safepoint   ] Safepoint "G1CollectForAllocation", Time since last: 87117721947 ns, Reaching safepoint: 158861 ns, At safepoint: 25071579 ns, Total: 25230440 ns
[2022-07-04T21:27:17.223+0000][8][gc,start    ] GC(256) Pause Young (Normal) (G1 Evacuation Pause)
[2022-07-04T21:27:17.225+0000][8][gc,task     ] GC(256) Using 4 workers of 4 for evacuation
[2022-07-04T21:27:17.226+0000][8][gc,age      ] GC(256) Desired survivor size 20971520 bytes, new threshold 15 (max threshold 15)
[2022-07-04T21:27:17.231+0000][8][gc,phases   ] GC(256)   Pre Evacuate Collection Set: 0.1ms
[2022-07-04T21:27:17.232+0000][8][gc,phases   ] GC(256)   Merge Heap Roots: 0.2ms
[2022-07-04T21:27:17.232+0000][8][gc,phases   ] GC(256)   Evacuate Collection Set: 2.5ms
[2022-07-04T21:27:17.233+0000][8][gc,phases   ] GC(256)   Post Evacuate Collection Set: 1.4ms
[2022-07-04T21:27:17.234+0000][8][gc,phases   ] GC(256)   Other: 1.9ms
[2022-07-04T21:27:17.234+0000][8][gc,age      ] GC(256) Age table with threshold 15 (max threshold 15)
[2022-07-04T21:27:17.235+0000][8][gc,age      ] GC(256) - age   1:    1152792 bytes,    1152792 total
[2022-07-04T21:27:17.236+0000][8][gc,age      ] GC(256) - age   2:       1632 bytes,    1154424 total
[2022-07-04T21:27:17.236+0000][8][gc,age      ] GC(256) - age   3:        312 bytes,    1154736 total
[2022-07-04T21:27:17.237+0000][8][gc,age      ] GC(256) - age   4:        864 bytes,    1155600 total
[2022-07-04T21:27:17.238+0000][8][gc,age      ] GC(256) - age   5:        608 bytes,    1156208 total
[2022-07-04T21:27:17.239+0000][8][gc,age      ] GC(256) - age   6:       2104 bytes,    1158312 total
[2022-07-04T21:27:17.239+0000][8][gc,age      ] GC(256) - age   7:       1264 bytes,    1159576 total
[2022-07-04T21:27:17.240+0000][8][gc,age      ] GC(256) - age   8:       4664 bytes,    1164240 total
[2022-07-04T21:27:17.240+0000][8][gc,age      ] GC(256) - age   9:        424 bytes,    1164664 total
[2022-07-04T21:27:17.241+0000][8][gc,age      ] GC(256) - age  10:        184 bytes,    1164848 total
[2022-07-04T21:27:17.241+0000][8][gc,age      ] GC(256) - age  11:        272 bytes,    1165120 total
[2022-07-04T21:27:17.242+0000][8][gc,age      ] GC(256) - age  14:        120 bytes,    1165240 total
[2022-07-04T21:27:17.243+0000][8][gc,heap     ] GC(256) Eden regions: 75->0(75)
[2022-07-04T21:27:17.243+0000][8][gc,heap     ] GC(256) Survivor regions: 1->1(10)
[2022-07-04T21:27:17.244+0000][8][gc,heap     ] GC(256) Old regions: 23->23
[2022-07-04T21:27:17.244+0000][8][gc,heap     ] GC(256) Archive regions: 2->2
[2022-07-04T21:27:17.245+0000][8][gc,heap     ] GC(256) Humongous regions: 0->0
[2022-07-04T21:27:17.246+0000][8][gc,metaspace] GC(256) Metaspace: 128240K(131520K)->128240K(131520K) NonClass: 111437K(113088K)->111437K(113088K) Class: 16803K(18432K)->16803K(18432K)
[2022-07-04T21:27:17.246+0000][8][gc          ] GC(256) Pause Young (Normal) (G1 Evacuation Pause) 394M->93M(512M) 23.198ms
[2022-07-04T21:27:17.247+0000][8][gc,cpu      ] GC(256) User=0.01s Sys=0.00s Real=0.03s
[2022-07-04T21:27:17.248+0000][8][safepoint   ] Safepoint "G1CollectForAllocation", Time since last: 81578451720 ns, Reaching safepoint: 128430 ns, At safepoint: 24832043 ns, Total: 24960473 ns
[2022-07-04T21:28:00.257+0000][8][safepoint   ] Safepoint "Cleanup", Time since last: 43050582669 ns, Reaching safepoint: 1165186 ns, At safepoint: 59659 ns, Total: 1224845 ns
[2022-07-04T21:28:43.621+0000][8][gc,start    ] GC(257) Pause Young (Normal) (G1 Evacuation Pause)
[2022-07-04T21:28:43.622+0000][8][gc,task     ] GC(257) Using 4 workers of 4 for evacuation
[2022-07-04T21:28:43.623+0000][8][gc,age      ] GC(257) Desired survivor size 20971520 bytes, new threshold 15 (max threshold 15)
[2022-07-04T21:28:43.628+0000][8][gc,phases   ] GC(257)   Pre Evacuate Collection Set: 0.2ms
[2022-07-04T21:28:43.629+0000][8][gc,phases   ] GC(257)   Merge Heap Roots: 0.1ms
[2022-07-04T21:28:43.630+0000][8][gc,phases   ] GC(257)   Evacuate Collection Set: 2.4ms
[2022-07-04T21:28:43.630+0000][8][gc,phases   ] GC(257)   Post Evacuate Collection Set: 1.5ms
[2022-07-04T21:28:43.634+0000][8][gc,phases   ] GC(257)   Other: 1.9ms
[2022-07-04T21:28:43.635+0000][8][gc,age      ] GC(257) Age table with threshold 15 (max threshold 15)
[2022-07-04T21:28:43.635+0000][8][gc,age      ] GC(257) - age   1:    1218248 bytes,    1218248 total
[2022-07-04T21:28:43.636+0000][8][gc,age      ] GC(257) - age   2:       1664 bytes,    1219912 total
[2022-07-04T21:28:43.636+0000][8][gc,age      ] GC(257) - age   3:        248 bytes,    1220160 total
[2022-07-04T21:28:43.637+0000][8][gc,age      ] GC(257) - age   4:        184 bytes,    1220344 total
[2022-07-04T21:28:43.637+0000][8][gc,age      ] GC(257) - age   5:        568 bytes,    1220912 total
[2022-07-04T21:28:43.638+0000][8][gc,age      ] GC(257) - age   6:        608 bytes,    1221520 total
[2022-07-04T21:28:43.639+0000][8][gc,age      ] GC(257) - age   7:       2104 bytes,    1223624 total
[2022-07-04T21:28:43.639+0000][8][gc,age      ] GC(257) - age   8:       1264 bytes,    1224888 total
[2022-07-04T21:28:43.640+0000][8][gc,age      ] GC(257) - age   9:       4664 bytes,    1229552 total
[2022-07-04T21:28:43.640+0000][8][gc,age      ] GC(257) - age  10:        392 bytes,    1229944 total
[2022-07-04T21:28:43.641+0000][8][gc,age      ] GC(257) - age  11:        184 bytes,    1230128 total
[2022-07-04T21:28:43.641+0000][8][gc,age      ] GC(257) - age  12:         88 bytes,    1230216 total
[2022-07-04T21:28:43.642+0000][8][gc,age      ] GC(257) - age  15:        120 bytes,    1230336 total
[2022-07-04T21:28:43.643+0000][8][gc,heap     ] GC(257) Eden regions: 75->0(75)
[2022-07-04T21:28:43.643+0000][8][gc,heap     ] GC(257) Survivor regions: 1->1(10)
[2022-07-04T21:28:43.644+0000][8][gc,heap     ] GC(257) Old regions: 23->23
[2022-07-04T21:28:43.644+0000][8][gc,heap     ] GC(257) Archive regions: 2->2
[2022-07-04T21:28:43.645+0000][8][gc,heap     ] GC(257) Humongous regions: 0->0
[2022-07-04T21:28:43.645+0000][8][gc,metaspace] GC(257) Metaspace: 128242K(131520K)->128242K(131520K) NonClass: 111438K(113088K)->111438K(113088K) Class: 16803K(18432K)->16803K(18432K)
[2022-07-04T21:28:43.646+0000][8][gc          ] GC(257) Pause Young (Normal) (G1 Evacuation Pause) 393M->94M(512M) 25.452ms
[2022-07-04T21:28:43.646+0000][8][gc,cpu      ] GC(257) User=0.01s Sys=0.01s Real=0.03s
[2022-07-04T21:28:43.647+0000][8][safepoint   ] Safepoint "G1CollectForAllocation", Time since last: 43385025276 ns, Reaching safepoint: 155865 ns, At safepoint: 26556166 ns, Total: 26712031 ns
[2022-07-04T21:30:04.673+0000][8][gc,start    ] GC(258) Pause Young (Normal) (G1 Evacuation Pause)
[2022-07-04T21:30:04.677+0000][8][gc,task     ] GC(258) Using 4 workers of 4 for evacuation
[2022-07-04T21:30:04.678+0000][8][gc,age      ] GC(258) Desired survivor size 20971520 bytes, new threshold 15 (max threshold 15)
[2022-07-04T21:30:04.683+0000][8][gc,phases   ] GC(258)   Pre Evacuate Collection Set: 0.2ms
[2022-07-04T21:30:04.684+0000][8][gc,phases   ] GC(258)   Merge Heap Roots: 0.2ms
[2022-07-04T21:30:04.685+0000][8][gc,phases   ] GC(258)   Evacuate Collection Set: 2.9ms
[2022-07-04T21:30:04.686+0000][8][gc,phases   ] GC(258)   Post Evacuate Collection Set: 1.0ms
[2022-07-04T21:30:04.686+0000][8][gc,phases   ] GC(258)   Other: 2.1ms
[2022-07-04T21:30:04.687+0000][8][gc,age      ] GC(258) Age table with threshold 15 (max threshold 15)
[2022-07-04T21:30:04.687+0000][8][gc,age      ] GC(258) - age   1:    2905480 bytes,    2905480 total
[2022-07-04T21:30:04.688+0000][8][gc,age      ] GC(258) - age   2:       1600 bytes,    2907080 total
[2022-07-04T21:30:04.688+0000][8][gc,age      ] GC(258) - age   3:        512 bytes,    2907592 total
[2022-07-04T21:30:04.689+0000][8][gc,age      ] GC(258) - age   4:         96 bytes,    2907688 total
[2022-07-04T21:30:04.689+0000][8][gc,age      ] GC(258) - age   5:        184 bytes,    2907872 total
[2022-07-04T21:30:04.690+0000][8][gc,age      ] GC(258) - age   6:        568 bytes,    2908440 total
[2022-07-04T21:30:04.691+0000][8][gc,age      ] GC(258) - age   7:        584 bytes,    2909024 total
[2022-07-04T21:30:04.692+0000][8][gc,age      ] GC(258) - age   8:        184 bytes,    2909208 total
[2022-07-04T21:30:04.692+0000][8][gc,age      ] GC(258) - age   9:        872 bytes,    2910080 total
[2022-07-04T21:30:04.693+0000][8][gc,age      ] GC(258) - age  10:       4664 bytes,    2914744 total
[2022-07-04T21:30:04.693+0000][8][gc,age      ] GC(258) - age  12:        184 bytes,    2914928 total
[2022-07-04T21:30:04.694+0000][8][gc,age      ] GC(258) - age  13:         88 bytes,    2915016 total
[2022-07-04T21:30:04.694+0000][8][gc,heap     ] GC(258) Eden regions: 75->0(75)
[2022-07-04T21:30:04.695+0000][8][gc,heap     ] GC(258) Survivor regions: 1->1(10)
[2022-07-04T21:30:04.695+0000][8][gc,heap     ] GC(258) Old regions: 23->23
[2022-07-04T21:30:04.696+0000][8][gc,heap     ] GC(258) Archive regions: 2->2
[2022-07-04T21:30:04.696+0000][8][gc,heap     ] GC(258) Humongous regions: 0->0
[2022-07-04T21:30:04.697+0000][8][gc,metaspace] GC(258) Metaspace: 128245K(131520K)->128245K(131520K) NonClass: 111442K(113088K)->111442K(113088K) Class: 16803K(18432K)->16803K(18432K)
[2022-07-04T21:30:04.698+0000][8][gc          ] GC(258) Pause Young (Normal) (G1 Evacuation Pause) 393M->95M(512M) 24.205ms
[2022-07-04T21:30:04.698+0000][8][gc,cpu      ] GC(258) User=0.01s Sys=0.00s Real=0.03s
[2022-07-04T21:30:04.698+0000][8][safepoint   ] Safepoint "G1CollectForAllocation", Time since last: 81091398595 ns, Reaching safepoint: 116955 ns, At safepoint: 25102990 ns, Total: 25219945 ns
[2022-07-04T21:30:05.700+0000][8][safepoint   ] Safepoint "Cleanup", Time since last: 1001802951 ns, Reaching safepoint: 207414 ns, At safepoint: 7458 ns, Total: 214872 ns
[2022-07-04T21:31:25.595+0000][8][gc,start    ] GC(259) Pause Young (Normal) (G1 Evacuation Pause)
[2022-07-04T21:31:25.596+0000][8][gc,task     ] GC(259) Using 4 workers of 4 for evacuation
[2022-07-04T21:31:25.597+0000][8][gc,age      ] GC(259) Desired survivor size 20971520 bytes, new threshold 15 (max threshold 15)
[2022-07-04T21:31:25.601+0000][8][gc,phases   ] GC(259)   Pre Evacuate Collection Set: 0.3ms
[2022-07-04T21:31:25.602+0000][8][gc,phases   ] GC(259)   Merge Heap Roots: 0.1ms
[2022-07-04T21:31:25.602+0000][8][gc,phases   ] GC(259)   Evacuate Collection Set: 1.7ms
[2022-07-04T21:31:25.603+0000][8][gc,phases   ] GC(259)   Post Evacuate Collection Set: 1.3ms
[2022-07-04T21:31:25.606+0000][8][gc,phases   ] GC(259)   Other: 1.5ms
[2022-07-04T21:31:25.607+0000][8][gc,age      ] GC(259) Age table with threshold 15 (max threshold 15)
[2022-07-04T21:31:25.608+0000][8][gc,age      ] GC(259) - age   1:     765256 bytes,     765256 total
[2022-07-04T21:31:25.608+0000][8][gc,age      ] GC(259) - age   2:     316320 bytes,    1081576 total
[2022-07-04T21:31:25.609+0000][8][gc,age      ] GC(259) - age   3:        216 bytes,    1081792 total
[2022-07-04T21:31:25.609+0000][8][gc,age      ] GC(259) - age   4:        480 bytes,    1082272 total
[2022-07-04T21:31:25.610+0000][8][gc,age      ] GC(259) - age   6:        184 bytes,    1082456 total
[2022-07-04T21:31:25.611+0000][8][gc,age      ] GC(259) - age   7:        568 bytes,    1083024 total
[2022-07-04T21:31:25.612+0000][8][gc,age      ] GC(259) - age   8:        584 bytes,    1083608 total
[2022-07-04T21:31:25.612+0000][8][gc,age      ] GC(259) - age   9:        184 bytes,    1083792 total
[2022-07-04T21:31:25.613+0000][8][gc,age      ] GC(259) - age  10:        872 bytes,    1084664 total
[2022-07-04T21:31:25.613+0000][8][gc,age      ] GC(259) - age  11:       4664 bytes,    1089328 total
[2022-07-04T21:31:25.614+0000][8][gc,age      ] GC(259) - age  13:        184 bytes,    1089512 total
[2022-07-04T21:31:25.614+0000][8][gc,age      ] GC(259) - age  14:         88 bytes,    1089600 total
[2022-07-04T21:31:25.615+0000][8][gc,heap     ] GC(259) Eden regions: 75->0(75)
[2022-07-04T21:31:25.615+0000][8][gc,heap     ] GC(259) Survivor regions: 1->1(10)
[2022-07-04T21:31:25.616+0000][8][gc,heap     ] GC(259) Old regions: 23->23
[2022-07-04T21:31:25.617+0000][8][gc,heap     ] GC(259) Archive regions: 2->2
[2022-07-04T21:31:25.617+0000][8][gc,heap     ] GC(259) Humongous regions: 0->0
[2022-07-04T21:31:25.618+0000][8][gc,metaspace] GC(259) Metaspace: 128245K(131520K)->128245K(131520K) NonClass: 111442K(113088K)->111442K(113088K) Class: 16803K(18432K)->16803K(18432K)
[2022-07-04T21:31:25.618+0000][8][gc          ] GC(259) Pause Young (Normal) (G1 Evacuation Pause) 395M->93M(512M) 23.239ms
[2022-07-04T21:31:25.619+0000][8][gc,cpu      ] GC(259) User=0.01s Sys=0.00s Real=0.02s
[2022-07-04T21:31:25.620+0000][8][safepoint   ] Safepoint "G1CollectForAllocation", Time since last: 79937665978 ns, Reaching safepoint: 81728 ns, At safepoint: 24590872 ns, Total: 24672600 ns
[2022-07-04T21:32:00.602+0000][8][safepoint   ] Safepoint "Cleanup", Time since last: 35025928679 ns, Reaching safepoint: 620912 ns, At safepoint: 91479 ns, Total: 712391 ns
[2022-07-04T21:32:49.571+0000][8][gc,start    ] GC(260) Pause Young (Normal) (G1 Evacuation Pause)
[2022-07-04T21:32:49.572+0000][8][gc,task     ] GC(260) Using 4 workers of 4 for evacuation
[2022-07-04T21:32:49.573+0000][8][gc,age      ] GC(260) Desired survivor size 20971520 bytes, new threshold 15 (max threshold 15)
[2022-07-04T21:32:49.577+0000][8][gc,phases   ] GC(260)   Pre Evacuate Collection Set: 0.2ms
[2022-07-04T21:32:49.577+0000][8][gc,phases   ] GC(260)   Merge Heap Roots: 0.1ms
[2022-07-04T21:32:49.578+0000][8][gc,phases   ] GC(260)   Evacuate Collection Set: 1.5ms
[2022-07-04T21:32:49.579+0000][8][gc,phases   ] GC(260)   Post Evacuate Collection Set: 1.1ms
[2022-07-04T21:32:49.579+0000][8][gc,phases   ] GC(260)   Other: 1.5ms
[2022-07-04T21:32:49.580+0000][8][gc,age      ] GC(260) Age table with threshold 15 (max threshold 15)
[2022-07-04T21:32:49.581+0000][8][gc,age      ] GC(260) - age   1:     701032 bytes,     701032 total
[2022-07-04T21:32:49.581+0000][8][gc,age      ] GC(260) - age   2:      68208 bytes,     769240 total
[2022-07-04T21:32:49.582+0000][8][gc,age      ] GC(260) - age   3:     315560 bytes,    1084800 total
[2022-07-04T21:32:49.583+0000][8][gc,age      ] GC(260) - age   4:        184 bytes,    1084984 total
[2022-07-04T21:32:49.584+0000][8][gc,age      ] GC(260) - age   5:        480 bytes,    1085464 total
[2022-07-04T21:32:49.584+0000][8][gc,age      ] GC(260) - age   7:        184 bytes,    1085648 total
[2022-07-04T21:32:49.585+0000][8][gc,age      ] GC(260) - age   8:        384 bytes,    1086032 total
[2022-07-04T21:32:49.586+0000][8][gc,age      ] GC(260) - age   9:        584 bytes,    1086616 total
[2022-07-04T21:32:49.587+0000][8][gc,age      ] GC(260) - age  10:        184 bytes,    1086800 total
[2022-07-04T21:32:49.587+0000][8][gc,age      ] GC(260) - age  11:        872 bytes,    1087672 total
[2022-07-04T21:32:49.588+0000][8][gc,age      ] GC(260) - age  12:       4664 bytes,    1092336 total
[2022-07-04T21:32:49.588+0000][8][gc,age      ] GC(260) - age  14:        184 bytes,    1092520 total
[2022-07-04T21:32:49.589+0000][8][gc,age      ] GC(260) - age  15:         88 bytes,    1092608 total
[2022-07-04T21:32:49.590+0000][8][gc,heap     ] GC(260) Eden regions: 75->0(75)
[2022-07-04T21:32:49.591+0000][8][gc,heap     ] GC(260) Survivor regions: 1->1(10)
[2022-07-04T21:32:49.591+0000][8][gc,heap     ] GC(260) Old regions: 23->23
[2022-07-04T21:32:49.592+0000][8][gc,heap     ] GC(260) Archive regions: 2->2
[2022-07-04T21:32:49.593+0000][8][gc,heap     ] GC(260) Humongous regions: 0->0
[2022-07-04T21:32:49.593+0000][8][gc,metaspace] GC(260) Metaspace: 128245K(131520K)->128245K(131520K) NonClass: 111442K(113088K)->111442K(113088K) Class: 16803K(18432K)->16803K(18432K)
[2022-07-04T21:32:49.594+0000][8][gc          ] GC(260) Pause Young (Normal) (G1 Evacuation Pause) 393M->93M(512M) 22.685ms
[2022-07-04T21:32:49.595+0000][8][gc,cpu      ] GC(260) User=0.00s Sys=0.01s Real=0.02s
[2022-07-04T21:32:49.595+0000][8][safepoint   ] Safepoint "G1CollectForAllocation", Time since last: 48989734269 ns, Reaching safepoint: 81745 ns, At safepoint: 23908156 ns, Total: 23989901 ns
[2022-07-04T21:34:31.528+0000][8][gc,start    ] GC(261) Pause Young (Normal) (G1 Evacuation Pause)
[2022-07-04T21:34:31.529+0000][8][gc,task     ] GC(261) Using 4 workers of 4 for evacuation
[2022-07-04T21:34:31.530+0000][8][gc,age      ] GC(261) Desired survivor size 20971520 bytes, new threshold 15 (max threshold 15)
[2022-07-04T21:34:31.536+0000][8][gc,phases   ] GC(261)   Pre Evacuate Collection Set: 0.2ms
[2022-07-04T21:34:31.537+0000][8][gc,phases   ] GC(261)   Merge Heap Roots: 0.1ms
[2022-07-04T21:34:31.538+0000][8][gc,phases   ] GC(261)   Evacuate Collection Set: 3.3ms
[2022-07-04T21:34:31.539+0000][8][gc,phases   ] GC(261)   Post Evacuate Collection Set: 2.5ms
[2022-07-04T21:34:31.540+0000][8][gc,phases   ] GC(261)   Other: 1.3ms
[2022-07-04T21:34:31.540+0000][8][gc,age      ] GC(261) Age table with threshold 15 (max threshold 15)
[2022-07-04T21:34:31.541+0000][8][gc,age      ] GC(261) - age   1:    1591792 bytes,    1591792 total
[2022-07-04T21:34:31.541+0000][8][gc,age      ] GC(261) - age   2:       9680 bytes,    1601472 total
[2022-07-04T21:34:31.542+0000][8][gc,age      ] GC(261) - age   3:      66976 bytes,    1668448 total
[2022-07-04T21:34:31.543+0000][8][gc,age      ] GC(261) - age   4:     315560 bytes,    1984008 total
[2022-07-04T21:34:31.543+0000][8][gc,age      ] GC(261) - age   5:        184 bytes,    1984192 total
[2022-07-04T21:34:31.544+0000][8][gc,age      ] GC(261) - age   6:        184 bytes,    1984376 total
[2022-07-04T21:34:31.544+0000][8][gc,age      ] GC(261) - age   8:        184 bytes,    1984560 total
[2022-07-04T21:34:31.545+0000][8][gc,age      ] GC(261) - age   9:        384 bytes,    1984944 total
[2022-07-04T21:34:31.545+0000][8][gc,age      ] GC(261) - age  10:        584 bytes,    1985528 total
[2022-07-04T21:34:31.546+0000][8][gc,age      ] GC(261) - age  11:        184 bytes,    1985712 total
[2022-07-04T21:34:31.546+0000][8][gc,age      ] GC(261) - age  12:        872 bytes,    1986584 total
[2022-07-04T21:34:31.547+0000][8][gc,age      ] GC(261) - age  13:       4664 bytes,    1991248 total
[2022-07-04T21:34:31.548+0000][8][gc,age      ] GC(261) - age  15:        184 bytes,    1991432 total
[2022-07-04T21:34:31.548+0000][8][gc,heap     ] GC(261) Eden regions: 75->0(75)
[2022-07-04T21:34:31.549+0000][8][gc,heap     ] GC(261) Survivor regions: 1->1(10)
[2022-07-04T21:34:31.550+0000][8][gc,heap     ] GC(261) Old regions: 23->23
[2022-07-04T21:34:31.551+0000][8][gc,heap     ] GC(261) Archive regions: 2->2
[2022-07-04T21:34:31.552+0000][8][gc,heap     ] GC(261) Humongous regions: 0->0
[2022-07-04T21:34:31.552+0000][8][gc,metaspace] GC(261) Metaspace: 128245K(131520K)->128245K(131520K) NonClass: 111442K(113088K)->111442K(113088K) Class: 16803K(18432K)->16803K(18432K)
[2022-07-04T21:34:31.553+0000][8][gc          ] GC(261) Pause Young (Normal) (G1 Evacuation Pause) 393M->94M(512M) 25.252ms
[2022-07-04T21:34:31.554+0000][8][gc,cpu      ] GC(261) User=0.01s Sys=0.00s Real=0.03s
[2022-07-04T21:34:31.554+0000][8][safepoint   ] Safepoint "G1CollectForAllocation", Time since last: 102019092727 ns, Reaching safepoint: 98573 ns, At safepoint: 26798784 ns, Total: 26897357 ns
[2022-07-04T21:35:00.563+0000][8][safepoint   ] Safepoint "Cleanup", Time since last: 29029082630 ns, Reaching safepoint: 140642 ns, At safepoint: 70034 ns, Total: 210676 ns
[2022-07-04T21:36:13.497+0000][8][gc,start    ] GC(262) Pause Young (Normal) (G1 Evacuation Pause)
[2022-07-04T21:36:13.498+0000][8][gc,task     ] GC(262) Using 4 workers of 4 for evacuation
[2022-07-04T21:36:13.499+0000][8][gc,age      ] GC(262) Desired survivor size 20971520 bytes, new threshold 15 (max threshold 15)
[2022-07-04T21:36:13.502+0000][8][gc,phases   ] GC(262)   Pre Evacuate Collection Set: 0.2ms
[2022-07-04T21:36:13.503+0000][8][gc,phases   ] GC(262)   Merge Heap Roots: 0.2ms
[2022-07-04T21:36:13.504+0000][8][gc,phases   ] GC(262)   Evacuate Collection Set: 1.8ms
[2022-07-04T21:36:13.504+0000][8][gc,phases   ] GC(262)   Post Evacuate Collection Set: 1.0ms
[2022-07-04T21:36:13.505+0000][8][gc,phases   ] GC(262)   Other: 1.2ms
[2022-07-04T21:36:13.505+0000][8][gc,age      ] GC(262) Age table with threshold 15 (max threshold 15)
[2022-07-04T21:36:13.506+0000][8][gc,age      ] GC(262) - age   1:    1035176 bytes,    1035176 total
[2022-07-04T21:36:13.506+0000][8][gc,age      ] GC(262) - age   2:       9904 bytes,    1045080 total
[2022-07-04T21:36:13.507+0000][8][gc,age      ] GC(262) - age   3:        496 bytes,    1045576 total
[2022-07-04T21:36:13.507+0000][8][gc,age      ] GC(262) - age   4:        984 bytes,    1046560 total
[2022-07-04T21:36:13.510+0000][8][gc,age      ] GC(262) - age   5:     258952 bytes,    1305512 total
[2022-07-04T21:36:13.512+0000][8][gc,age      ] GC(262) - age   6:        184 bytes,    1305696 total
[2022-07-04T21:36:13.512+0000][8][gc,age      ] GC(262) - age   7:        184 bytes,    1305880 total
[2022-07-04T21:36:13.513+0000][8][gc,age      ] GC(262) - age   9:        184 bytes,    1306064 total
[2022-07-04T21:36:13.514+0000][8][gc,age      ] GC(262) - age  10:        384 bytes,    1306448 total
[2022-07-04T21:36:13.514+0000][8][gc,age      ] GC(262) - age  11:        584 bytes,    1307032 total
[2022-07-04T21:36:13.515+0000][8][gc,age      ] GC(262) - age  12:        184 bytes,    1307216 total
[2022-07-04T21:36:13.515+0000][8][gc,age      ] GC(262) - age  13:        872 bytes,    1308088 total
[2022-07-04T21:36:13.516+0000][8][gc,age      ] GC(262) - age  14:       4664 bytes,    1312752 total
[2022-07-04T21:36:13.516+0000][8][gc,heap     ] GC(262) Eden regions: 75->0(75)
[2022-07-04T21:36:13.517+0000][8][gc,heap     ] GC(262) Survivor regions: 1->1(10)
[2022-07-04T21:36:13.518+0000][8][gc,heap     ] GC(262) Old regions: 23->23
[2022-07-04T21:36:13.519+0000][8][gc,heap     ] GC(262) Archive regions: 2->2
[2022-07-04T21:36:13.519+0000][8][gc,heap     ] GC(262) Humongous regions: 0->0
[2022-07-04T21:36:13.520+0000][8][gc,metaspace] GC(262) Metaspace: 128245K(131520K)->128245K(131520K) NonClass: 111442K(113088K)->111442K(113088K) Class: 16803K(18432K)->16803K(18432K)
[2022-07-04T21:36:13.521+0000][8][gc          ] GC(262) Pause Young (Normal) (G1 Evacuation Pause) 394M->94M(512M) 23.735ms
[2022-07-04T21:36:13.521+0000][8][gc,cpu      ] GC(262) User=0.00s Sys=0.00s Real=0.02s
[2022-07-04T21:36:13.522+0000][8][safepoint   ] Safepoint "G1CollectForAllocation", Time since last: 72977404212 ns, Reaching safepoint: 184513 ns, At safepoint: 24989603 ns, Total: 25174116 ns
[2022-07-04T21:37:37.475+0000][8][gc,start    ] GC(263) Pause Young (Normal) (G1 Evacuation Pause)
[2022-07-04T21:37:37.476+0000][8][gc,task     ] GC(263) Using 4 workers of 4 for evacuation
[2022-07-04T21:37:37.476+0000][8][gc,age      ] GC(263) Desired survivor size 20971520 bytes, new threshold 15 (max threshold 15)
[2022-07-04T21:37:37.480+0000][8][gc,phases   ] GC(263)   Pre Evacuate Collection Set: 0.2ms
[2022-07-04T21:37:37.481+0000][8][gc,phases   ] GC(263)   Merge Heap Roots: 0.1ms
[2022-07-04T21:37:37.481+0000][8][gc,phases   ] GC(263)   Evacuate Collection Set: 1.6ms
[2022-07-04T21:37:37.482+0000][8][gc,phases   ] GC(263)   Post Evacuate Collection Set: 0.9ms
[2022-07-04T21:37:37.483+0000][8][gc,phases   ] GC(263)   Other: 1.5ms
[2022-07-04T21:37:37.484+0000][8][gc,age      ] GC(263) Age table with threshold 15 (max threshold 15)
[2022-07-04T21:37:37.484+0000][8][gc,age      ] GC(263) - age   1:     780928 bytes,     780928 total
[2022-07-04T21:37:37.485+0000][8][gc,age      ] GC(263) - age   2:     164880 bytes,     945808 total
[2022-07-04T21:37:37.486+0000][8][gc,age      ] GC(263) - age   3:       8200 bytes,     954008 total
[2022-07-04T21:37:37.486+0000][8][gc,age      ] GC(263) - age   4:        240 bytes,     954248 total
[2022-07-04T21:37:37.487+0000][8][gc,age      ] GC(263) - age   5:        728 bytes,     954976 total
[2022-07-04T21:37:37.488+0000][8][gc,age      ] GC(263) - age   6:     258952 bytes,    1213928 total
[2022-07-04T21:37:37.489+0000][8][gc,age      ] GC(263) - age   7:        184 bytes,    1214112 total
[2022-07-04T21:37:37.489+0000][8][gc,age      ] GC(263) - age   8:        184 bytes,    1214296 total
[2022-07-04T21:37:37.490+0000][8][gc,age      ] GC(263) - age  10:        184 bytes,    1214480 total
[2022-07-04T21:37:37.491+0000][8][gc,age      ] GC(263) - age  11:        384 bytes,    1214864 total
[2022-07-04T21:37:37.491+0000][8][gc,age      ] GC(263) - age  12:        584 bytes,    1215448 total
[2022-07-04T21:37:37.492+0000][8][gc,age      ] GC(263) - age  13:        184 bytes,    1215632 total
[2022-07-04T21:37:37.493+0000][8][gc,age      ] GC(263) - age  14:        872 bytes,    1216504 total
[2022-07-04T21:37:37.493+0000][8][gc,age      ] GC(263) - age  15:       4664 bytes,    1221168 total
[2022-07-04T21:37:37.494+0000][8][gc,heap     ] GC(263) Eden regions: 75->0(75)
[2022-07-04T21:37:37.494+0000][8][gc,heap     ] GC(263) Survivor regions: 1->1(10)
[2022-07-04T21:37:37.495+0000][8][gc,heap     ] GC(263) Old regions: 23->23
[2022-07-04T21:37:37.496+0000][8][gc,heap     ] GC(263) Archive regions: 2->2
[2022-07-04T21:37:37.497+0000][8][gc,heap     ] GC(263) Humongous regions: 0->0
[2022-07-04T21:37:37.497+0000][8][gc,metaspace] GC(263) Metaspace: 128245K(131520K)->128245K(131520K) NonClass: 111442K(113088K)->111442K(113088K) Class: 16803K(18432K)->16803K(18432K)
[2022-07-04T21:37:37.498+0000][8][gc          ] GC(263) Pause Young (Normal) (G1 Evacuation Pause) 394M->93M(512M) 23.311ms
[2022-07-04T21:37:37.499+0000][8][gc,cpu      ] GC(263) User=0.01s Sys=0.00s Real=0.02s
[2022-07-04T21:37:37.499+0000][8][safepoint   ] Safepoint "G1CollectForAllocation", Time since last: 84017093869 ns, Reaching safepoint: 83632 ns, At safepoint: 24758264 ns, Total: 24841896 ns
[2022-07-04T21:38:44.510+0000][8][safepoint   ] Safepoint "Cleanup", Time since last: 67054449608 ns, Reaching safepoint: 215651 ns, At safepoint: 6857 ns, Total: 222508 ns
[2022-07-04T21:38:59.521+0000][8][safepoint   ] Safepoint "Cleanup", Time since last: 15010623150 ns, Reaching safepoint: 153873 ns, At safepoint: 7615 ns, Total: 161488 ns
[2022-07-04T21:39:01.604+0000][8][gc,start    ] GC(264) Pause Young (Normal) (G1 Evacuation Pause)
[2022-07-04T21:39:01.605+0000][8][gc,task     ] GC(264) Using 4 workers of 4 for evacuation
[2022-07-04T21:39:01.606+0000][8][gc,age      ] GC(264) Desired survivor size 20971520 bytes, new threshold 15 (max threshold 15)
[2022-07-04T21:39:01.611+0000][8][gc,phases   ] GC(264)   Pre Evacuate Collection Set: 0.2ms
[2022-07-04T21:39:01.612+0000][8][gc,phases   ] GC(264)   Merge Heap Roots: 0.1ms
[2022-07-04T21:39:01.612+0000][8][gc,phases   ] GC(264)   Evacuate Collection Set: 2.6ms
[2022-07-04T21:39:01.613+0000][8][gc,phases   ] GC(264)   Post Evacuate Collection Set: 0.8ms
[2022-07-04T21:39:01.614+0000][8][gc,phases   ] GC(264)   Other: 1.9ms
[2022-07-04T21:39:01.615+0000][8][gc,age      ] GC(264) Age table with threshold 15 (max threshold 15)
[2022-07-04T21:39:01.618+0000][8][gc,age      ] GC(264) - age   1:     748032 bytes,     748032 total
[2022-07-04T21:39:01.619+0000][8][gc,age      ] GC(264) - age   2:        936 bytes,     748968 total
[2022-07-04T21:39:01.620+0000][8][gc,age      ] GC(264) - age   3:     164120 bytes,     913088 total
[2022-07-04T21:39:01.621+0000][8][gc,age      ] GC(264) - age   4:       8200 bytes,     921288 total
[2022-07-04T21:39:01.622+0000][8][gc,age      ] GC(264) - age   5:         32 bytes,     921320 total
[2022-07-04T21:39:01.623+0000][8][gc,age      ] GC(264) - age   6:        728 bytes,     922048 total
[2022-07-04T21:39:01.623+0000][8][gc,age      ] GC(264) - age   7:     258768 bytes,    1180816 total
[2022-07-04T21:39:01.624+0000][8][gc,age      ] GC(264) - age   8:        184 bytes,    1181000 total
[2022-07-04T21:39:01.625+0000][8][gc,age      ] GC(264) - age   9:        184 bytes,    1181184 total
[2022-07-04T21:39:01.625+0000][8][gc,age      ] GC(264) - age  11:        184 bytes,    1181368 total
[2022-07-04T21:39:01.626+0000][8][gc,age      ] GC(264) - age  12:        384 bytes,    1181752 total
[2022-07-04T21:39:01.626+0000][8][gc,age      ] GC(264) - age  13:        584 bytes,    1182336 total
[2022-07-04T21:39:01.627+0000][8][gc,age      ] GC(264) - age  14:        184 bytes,    1182520 total
[2022-07-04T21:39:01.627+0000][8][gc,age      ] GC(264) - age  15:        840 bytes,    1183360 total
[2022-07-04T21:39:01.628+0000][8][gc,heap     ] GC(264) Eden regions: 75->0(75)
[2022-07-04T21:39:01.629+0000][8][gc,heap     ] GC(264) Survivor regions: 1->1(10)
[2022-07-04T21:39:01.629+0000][8][gc,heap     ] GC(264) Old regions: 23->23
[2022-07-04T21:39:01.630+0000][8][gc,heap     ] GC(264) Archive regions: 2->2
[2022-07-04T21:39:01.630+0000][8][gc,heap     ] GC(264) Humongous regions: 0->0
[2022-07-04T21:39:01.631+0000][8][gc,metaspace] GC(264) Metaspace: 128245K(131520K)->128245K(131520K) NonClass: 111442K(113088K)->111442K(113088K) Class: 16803K(18432K)->16803K(18432K)
[2022-07-04T21:39:01.632+0000][8][gc          ] GC(264) Pause Young (Normal) (G1 Evacuation Pause) 393M->93M(512M) 27.801ms
[2022-07-04T21:39:01.633+0000][8][gc,cpu      ] GC(264) User=0.01s Sys=0.01s Real=0.03s
[2022-07-04T21:39:01.634+0000][8][safepoint   ] Safepoint "G1CollectForAllocation", Time since last: 2103025418 ns, Reaching safepoint: 95269 ns, At safepoint: 29802225 ns, Total: 29897494 ns
[2022-07-04T21:40:25.945+0000][8][gc,start    ] GC(265) Pause Young (Normal) (G1 Evacuation Pause)
[2022-07-04T21:40:25.947+0000][8][gc,task     ] GC(265) Using 4 workers of 4 for evacuation
[2022-07-04T21:40:25.948+0000][8][gc,age      ] GC(265) Desired survivor size 20971520 bytes, new threshold 15 (max threshold 15)
[2022-07-04T21:40:25.955+0000][8][gc,phases   ] GC(265)   Pre Evacuate Collection Set: 0.2ms
[2022-07-04T21:40:25.956+0000][8][gc,phases   ] GC(265)   Merge Heap Roots: 0.1ms
[2022-07-04T21:40:25.957+0000][8][gc,phases   ] GC(265)   Evacuate Collection Set: 1.8ms
[2022-07-04T21:40:25.957+0000][8][gc,phases   ] GC(265)   Post Evacuate Collection Set: 1.2ms
[2022-07-04T21:40:25.958+0000][8][gc,phases   ] GC(265)   Other: 4.9ms
[2022-07-04T21:40:25.959+0000][8][gc,age      ] GC(265) Age table with threshold 15 (max threshold 15)
[2022-07-04T21:40:25.959+0000][8][gc,age      ] GC(265) - age   1:     786200 bytes,     786200 total
[2022-07-04T21:40:25.960+0000][8][gc,age      ] GC(265) - age   2:       1552 bytes,     787752 total
[2022-07-04T21:40:25.960+0000][8][gc,age      ] GC(265) - age   4:     163824 bytes,     951576 total
[2022-07-04T21:40:25.961+0000][8][gc,age      ] GC(265) - age   5:       8200 bytes,     959776 total
[2022-07-04T21:40:25.962+0000][8][gc,age      ] GC(265) - age   6:         32 bytes,     959808 total
[2022-07-04T21:40:25.962+0000][8][gc,age      ] GC(265) - age   7:        728 bytes,     960536 total
[2022-07-04T21:40:25.963+0000][8][gc,age      ] GC(265) - age   8:     256848 bytes,    1217384 total
[2022-07-04T21:40:25.963+0000][8][gc,age      ] GC(265) - age  10:        184 bytes,    1217568 total
[2022-07-04T21:40:25.964+0000][8][gc,age      ] GC(265) - age  12:        184 bytes,    1217752 total
[2022-07-04T21:40:25.965+0000][8][gc,age      ] GC(265) - age  13:        384 bytes,    1218136 total
[2022-07-04T21:40:25.966+0000][8][gc,age      ] GC(265) - age  14:        584 bytes,    1218720 total
[2022-07-04T21:40:25.966+0000][8][gc,age      ] GC(265) - age  15:        184 bytes,    1218904 total
[2022-07-04T21:40:25.967+0000][8][gc,heap     ] GC(265) Eden regions: 75->0(75)
[2022-07-04T21:40:25.968+0000][8][gc,heap     ] GC(265) Survivor regions: 1->1(10)
[2022-07-04T21:40:25.969+0000][8][gc,heap     ] GC(265) Old regions: 23->23
[2022-07-04T21:40:25.969+0000][8][gc,heap     ] GC(265) Archive regions: 2->2
[2022-07-04T21:40:25.970+0000][8][gc,heap     ] GC(265) Humongous regions: 0->0
[2022-07-04T21:40:25.970+0000][8][gc,metaspace] GC(265) Metaspace: 128245K(131520K)->128245K(131520K) NonClass: 111442K(113088K)->111442K(113088K) Class: 16803K(18432K)->16803K(18432K)
[2022-07-04T21:40:25.971+0000][8][gc          ] GC(265) Pause Young (Normal) (G1 Evacuation Pause) 393M->93M(512M) 25.525ms
[2022-07-04T21:40:25.971+0000][8][gc,cpu      ] GC(265) User=0.01s Sys=0.00s Real=0.02s
[2022-07-04T21:40:25.972+0000][8][safepoint   ] Safepoint "G1CollectForAllocation", Time since last: 84355246653 ns, Reaching safepoint: 276915 ns, At safepoint: 26775609 ns, Total: 27052524 ns
[2022-07-04T21:41:49.416+0000][8][gc,start    ] GC(266) Pause Young (Normal) (G1 Evacuation Pause)
[2022-07-04T21:41:49.418+0000][8][gc,task     ] GC(266) Using 4 workers of 4 for evacuation
[2022-07-04T21:41:49.419+0000][8][gc,age      ] GC(266) Desired survivor size 20971520 bytes, new threshold 15 (max threshold 15)
[2022-07-04T21:41:49.422+0000][8][gc,phases   ] GC(266)   Pre Evacuate Collection Set: 0.1ms
[2022-07-04T21:41:49.423+0000][8][gc,phases   ] GC(266)   Merge Heap Roots: 0.0ms
[2022-07-04T21:41:49.424+0000][8][gc,phases   ] GC(266)   Evacuate Collection Set: 1.7ms
[2022-07-04T21:41:49.424+0000][8][gc,phases   ] GC(266)   Post Evacuate Collection Set: 1.1ms
[2022-07-04T21:41:49.425+0000][8][gc,phases   ] GC(266)   Other: 1.6ms
[2022-07-04T21:41:49.426+0000][8][gc,age      ] GC(266) Age table with threshold 15 (max threshold 15)
[2022-07-04T21:41:49.426+0000][8][gc,age      ] GC(266) - age   1:     628160 bytes,     628160 total
[2022-07-04T21:41:49.427+0000][8][gc,age      ] GC(266) - age   2:       3712 bytes,     631872 total
[2022-07-04T21:41:49.428+0000][8][gc,age      ] GC(266) - age   3:        808 bytes,     632680 total
[2022-07-04T21:41:49.428+0000][8][gc,age      ] GC(266) - age   5:     163728 bytes,     796408 total
[2022-07-04T21:41:49.429+0000][8][gc,age      ] GC(266) - age   6:       8200 bytes,     804608 total
[2022-07-04T21:41:49.429+0000][8][gc,age      ] GC(266) - age   7:         32 bytes,     804640 total
[2022-07-04T21:41:49.430+0000][8][gc,age      ] GC(266) - age   8:        728 bytes,     805368 total
[2022-07-04T21:41:49.430+0000][8][gc,age      ] GC(266) - age   9:     256848 bytes,    1062216 total
[2022-07-04T21:41:49.431+0000][8][gc,age      ] GC(266) - age  11:        184 bytes,    1062400 total
[2022-07-04T21:41:49.431+0000][8][gc,age      ] GC(266) - age  13:        184 bytes,    1062584 total
[2022-07-04T21:41:49.432+0000][8][gc,age      ] GC(266) - age  14:        384 bytes,    1062968 total
[2022-07-04T21:41:49.432+0000][8][gc,age      ] GC(266) - age  15:        584 bytes,    1063552 total
[2022-07-04T21:41:49.433+0000][8][gc,heap     ] GC(266) Eden regions: 75->0(75)
[2022-07-04T21:41:49.434+0000][8][gc,heap     ] GC(266) Survivor regions: 1->1(10)
[2022-07-04T21:41:49.434+0000][8][gc,heap     ] GC(266) Old regions: 23->23
[2022-07-04T21:41:49.435+0000][8][gc,heap     ] GC(266) Archive regions: 2->2
[2022-07-04T21:41:49.436+0000][8][gc,heap     ] GC(266) Humongous regions: 0->0
[2022-07-04T21:41:49.436+0000][8][gc,metaspace] GC(266) Metaspace: 128245K(131520K)->128245K(131520K) NonClass: 111442K(113088K)->111442K(113088K) Class: 16803K(18432K)->16803K(18432K)
[2022-07-04T21:41:49.437+0000][8][gc          ] GC(266) Pause Young (Normal) (G1 Evacuation Pause) 393M->93M(512M) 20.301ms
[2022-07-04T21:41:49.438+0000][8][gc,cpu      ] GC(266) User=0.01s Sys=0.00s Real=0.02s
[2022-07-04T21:41:49.438+0000][8][safepoint   ] Safepoint "G1CollectForAllocation", Time since last: 83509637697 ns, Reaching safepoint: 99660 ns, At safepoint: 21778980 ns, Total: 21878640 ns
[2022-07-04T21:43:13.385+0000][8][gc,start    ] GC(267) Pause Young (Normal) (G1 Evacuation Pause)
[2022-07-04T21:43:13.387+0000][8][gc,task     ] GC(267) Using 4 workers of 4 for evacuation
[2022-07-04T21:43:13.388+0000][8][gc,age      ] GC(267) Desired survivor size 20971520 bytes, new threshold 15 (max threshold 15)
[2022-07-04T21:43:13.392+0000][8][gc,phases   ] GC(267)   Pre Evacuate Collection Set: 0.2ms
[2022-07-04T21:43:13.393+0000][8][gc,phases   ] GC(267)   Merge Heap Roots: 0.1ms
[2022-07-04T21:43:13.393+0000][8][gc,phases   ] GC(267)   Evacuate Collection Set: 1.9ms
[2022-07-04T21:43:13.394+0000][8][gc,phases   ] GC(267)   Post Evacuate Collection Set: 1.1ms
[2022-07-04T21:43:13.394+0000][8][gc,phases   ] GC(267)   Other: 1.6ms
[2022-07-04T21:43:13.395+0000][8][gc,age      ] GC(267) Age table with threshold 15 (max threshold 15)
[2022-07-04T21:43:13.396+0000][8][gc,age      ] GC(267) - age   1:     599568 bytes,     599568 total
[2022-07-04T21:43:13.396+0000][8][gc,age      ] GC(267) - age   2:        624 bytes,     600192 total
[2022-07-04T21:43:13.397+0000][8][gc,age      ] GC(267) - age   3:       2400 bytes,     602592 total
[2022-07-04T21:43:13.397+0000][8][gc,age      ] GC(267) - age   4:        488 bytes,     603080 total
[2022-07-04T21:43:13.398+0000][8][gc,age      ] GC(267) - age   6:     163728 bytes,     766808 total
[2022-07-04T21:43:13.398+0000][8][gc,age      ] GC(267) - age   7:       8200 bytes,     775008 total
[2022-07-04T21:43:13.401+0000][8][gc,age      ] GC(267) - age   8:         32 bytes,     775040 total
[2022-07-04T21:43:13.402+0000][8][gc,age      ] GC(267) - age   9:        728 bytes,     775768 total
[2022-07-04T21:43:13.403+0000][8][gc,age      ] GC(267) - age  10:     256664 bytes,    1032432 total
[2022-07-04T21:43:13.404+0000][8][gc,age      ] GC(267) - age  12:        184 bytes,    1032616 total
[2022-07-04T21:43:13.405+0000][8][gc,age      ] GC(267) - age  14:        184 bytes,    1032800 total
[2022-07-04T21:43:13.405+0000][8][gc,heap     ] GC(267) Eden regions: 75->0(75)
[2022-07-04T21:43:13.406+0000][8][gc,heap     ] GC(267) Survivor regions: 1->1(10)
[2022-07-04T21:43:13.406+0000][8][gc,heap     ] GC(267) Old regions: 23->23
[2022-07-04T21:43:13.407+0000][8][gc,heap     ] GC(267) Archive regions: 2->2
[2022-07-04T21:43:13.407+0000][8][gc,heap     ] GC(267) Humongous regions: 0->0
[2022-07-04T21:43:13.408+0000][8][gc,metaspace] GC(267) Metaspace: 128245K(131520K)->128245K(131520K) NonClass: 111442K(113088K)->111442K(113088K) Class: 16803K(18432K)->16803K(18432K)
[2022-07-04T21:43:13.409+0000][8][gc          ] GC(267) Pause Young (Normal) (G1 Evacuation Pause) 393M->93M(512M) 23.588ms
[2022-07-04T21:43:13.409+0000][8][gc,cpu      ] GC(267) User=0.00s Sys=0.01s Real=0.02s
[2022-07-04T21:43:13.410+0000][8][safepoint   ] Safepoint "G1CollectForAllocation", Time since last: 84011695710 ns, Reaching safepoint: 53311 ns, At safepoint: 24942719 ns, Total: 24996030 ns
[2022-07-04T21:44:37.330+0000][8][gc,start    ] GC(268) Pause Young (Normal) (G1 Evacuation Pause)
[2022-07-04T21:44:37.332+0000][8][gc,task     ] GC(268) Using 4 workers of 4 for evacuation
[2022-07-04T21:44:37.333+0000][8][gc,age      ] GC(268) Desired survivor size 20971520 bytes, new threshold 15 (max threshold 15)
[2022-07-04T21:44:37.337+0000][8][gc,phases   ] GC(268)   Pre Evacuate Collection Set: 0.2ms
[2022-07-04T21:44:37.338+0000][8][gc,phases   ] GC(268)   Merge Heap Roots: 0.1ms
[2022-07-04T21:44:37.338+0000][8][gc,phases   ] GC(268)   Evacuate Collection Set: 1.7ms
[2022-07-04T21:44:37.339+0000][8][gc,phases   ] GC(268)   Post Evacuate Collection Set: 1.2ms
[2022-07-04T21:44:37.340+0000][8][gc,phases   ] GC(268)   Other: 2.1ms
[2022-07-04T21:44:37.340+0000][8][gc,age      ] GC(268) Age table with threshold 15 (max threshold 15)
[2022-07-04T21:44:37.341+0000][8][gc,age      ] GC(268) - age   1:     373760 bytes,     373760 total
[2022-07-04T21:44:37.341+0000][8][gc,age      ] GC(268) - age   2:       2080 bytes,     375840 total
[2022-07-04T21:44:37.342+0000][8][gc,age      ] GC(268) - age   3:        176 bytes,     376016 total
[2022-07-04T21:44:37.343+0000][8][gc,age      ] GC(268) - age   4:       2104 bytes,     378120 total
[2022-07-04T21:44:37.344+0000][8][gc,age      ] GC(268) - age   5:        424 bytes,     378544 total
[2022-07-04T21:44:37.345+0000][8][gc,age      ] GC(268) - age   7:     163544 bytes,     542088 total
[2022-07-04T21:44:37.346+0000][8][gc,age      ] GC(268) - age   8:       8200 bytes,     550288 total
[2022-07-04T21:44:37.347+0000][8][gc,age      ] GC(268) - age   9:         32 bytes,     550320 total
[2022-07-04T21:44:37.347+0000][8][gc,age      ] GC(268) - age  10:        728 bytes,     551048 total
[2022-07-04T21:44:37.348+0000][8][gc,age      ] GC(268) - age  11:     256664 bytes,     807712 total
[2022-07-04T21:44:37.349+0000][8][gc,age      ] GC(268) - age  13:        184 bytes,     807896 total
[2022-07-04T21:44:37.349+0000][8][gc,age      ] GC(268) - age  15:        184 bytes,     808080 total
[2022-07-04T21:44:37.350+0000][8][gc,heap     ] GC(268) Eden regions: 75->0(75)
[2022-07-04T21:44:37.351+0000][8][gc,heap     ] GC(268) Survivor regions: 1->1(10)
[2022-07-04T21:44:37.351+0000][8][gc,heap     ] GC(268) Old regions: 23->23
[2022-07-04T21:44:37.352+0000][8][gc,heap     ] GC(268) Archive regions: 2->2
[2022-07-04T21:44:37.352+0000][8][gc,heap     ] GC(268) Humongous regions: 0->0
[2022-07-04T21:44:37.353+0000][8][gc,metaspace] GC(268) Metaspace: 128245K(131520K)->128245K(131520K) NonClass: 111442K(113088K)->111442K(113088K) Class: 16803K(18432K)->16803K(18432K)
[2022-07-04T21:44:37.354+0000][8][gc          ] GC(268) Pause Young (Normal) (G1 Evacuation Pause) 393M->93M(512M) 23.819ms
[2022-07-04T21:44:37.355+0000][8][gc,cpu      ] GC(268) User=0.01s Sys=0.00s Real=0.02s
[2022-07-04T21:44:37.355+0000][8][safepoint   ] Safepoint "G1CollectForAllocation", Time since last: 83983802069 ns, Reaching safepoint: 230201 ns, At safepoint: 25324475 ns, Total: 25554676 ns
[2022-07-04T21:46:01.315+0000][8][gc,start    ] GC(269) Pause Young (Normal) (G1 Evacuation Pause)
[2022-07-04T21:46:01.316+0000][8][gc,task     ] GC(269) Using 4 workers of 4 for evacuation
[2022-07-04T21:46:01.317+0000][8][gc,age      ] GC(269) Desired survivor size 20971520 bytes, new threshold 15 (max threshold 15)
[2022-07-04T21:46:01.321+0000][8][gc,phases   ] GC(269)   Pre Evacuate Collection Set: 0.1ms
[2022-07-04T21:46:01.324+0000][8][gc,phases   ] GC(269)   Merge Heap Roots: 0.2ms
[2022-07-04T21:46:01.325+0000][8][gc,phases   ] GC(269)   Evacuate Collection Set: 2.4ms
[2022-07-04T21:46:01.326+0000][8][gc,phases   ] GC(269)   Post Evacuate Collection Set: 1.1ms
[2022-07-04T21:46:01.326+0000][8][gc,phases   ] GC(269)   Other: 1.3ms
[2022-07-04T21:46:01.327+0000][8][gc,age      ] GC(269) Age table with threshold 15 (max threshold 15)
[2022-07-04T21:46:01.327+0000][8][gc,age      ] GC(269) - age   1:    1730528 bytes,    1730528 total
[2022-07-04T21:46:01.328+0000][8][gc,age      ] GC(269) - age   2:       1232 bytes,    1731760 total
[2022-07-04T21:46:01.329+0000][8][gc,age      ] GC(269) - age   3:        928 bytes,    1732688 total
[2022-07-04T21:46:01.329+0000][8][gc,age      ] GC(269) - age   4:         16 bytes,    1732704 total
[2022-07-04T21:46:01.330+0000][8][gc,age      ] GC(269) - age   5:       2104 bytes,    1734808 total
[2022-07-04T21:46:01.331+0000][8][gc,age      ] GC(269) - age   6:        424 bytes,    1735232 total
[2022-07-04T21:46:01.331+0000][8][gc,age      ] GC(269) - age   8:     163544 bytes,    1898776 total
[2022-07-04T21:46:01.332+0000][8][gc,age      ] GC(269) - age   9:       8016 bytes,    1906792 total
[2022-07-04T21:46:01.332+0000][8][gc,age      ] GC(269) - age  10:         32 bytes,    1906824 total
[2022-07-04T21:46:01.333+0000][8][gc,age      ] GC(269) - age  11:        728 bytes,    1907552 total
[2022-07-04T21:46:01.333+0000][8][gc,age      ] GC(269) - age  12:     256272 bytes,    2163824 total
[2022-07-04T21:46:01.334+0000][8][gc,age      ] GC(269) - age  14:        184 bytes,    2164008 total
[2022-07-04T21:46:01.335+0000][8][gc,heap     ] GC(269) Eden regions: 75->0(75)
[2022-07-04T21:46:01.335+0000][8][gc,heap     ] GC(269) Survivor regions: 1->1(10)
[2022-07-04T21:46:01.337+0000][8][gc,heap     ] GC(269) Old regions: 23->23
[2022-07-04T21:46:01.337+0000][8][gc,heap     ] GC(269) Archive regions: 2->2
[2022-07-04T21:46:01.338+0000][8][gc,heap     ] GC(269) Humongous regions: 0->0
[2022-07-04T21:46:01.339+0000][8][gc,metaspace] GC(269) Metaspace: 128245K(131520K)->128245K(131520K) NonClass: 111442K(113088K)->111442K(113088K) Class: 16803K(18432K)->16803K(18432K)
[2022-07-04T21:46:01.340+0000][8][gc          ] GC(269) Pause Young (Normal) (G1 Evacuation Pause) 393M->94M(512M) 25.567ms
[2022-07-04T21:46:01.341+0000][8][gc,cpu      ] GC(269) User=0.01s Sys=0.00s Real=0.03s
[2022-07-04T21:46:01.342+0000][8][safepoint   ] Safepoint "G1CollectForAllocation", Time since last: 84023936177 ns, Reaching safepoint: 79609 ns, At safepoint: 27142746 ns, Total: 27222355 ns
[2022-07-04T21:46:59.359+0000][8][safepoint   ] Safepoint "Cleanup", Time since last: 58039694060 ns, Reaching safepoint: 162914 ns, At safepoint: 77349 ns, Total: 240263 ns
[2022-07-04T21:47:25.511+0000][8][gc,start    ] GC(270) Pause Young (Normal) (G1 Evacuation Pause)
[2022-07-04T21:47:25.512+0000][8][gc,task     ] GC(270) Using 4 workers of 4 for evacuation
[2022-07-04T21:47:25.513+0000][8][gc,age      ] GC(270) Desired survivor size 20971520 bytes, new threshold 15 (max threshold 15)
[2022-07-04T21:47:25.517+0000][8][gc,phases   ] GC(270)   Pre Evacuate Collection Set: 0.2ms
[2022-07-04T21:47:25.518+0000][8][gc,phases   ] GC(270)   Merge Heap Roots: 0.2ms
[2022-07-04T21:47:25.519+0000][8][gc,phases   ] GC(270)   Evacuate Collection Set: 2.2ms
[2022-07-04T21:47:25.519+0000][8][gc,phases   ] GC(270)   Post Evacuate Collection Set: 1.1ms
[2022-07-04T21:47:25.520+0000][8][gc,phases   ] GC(270)   Other: 1.4ms
[2022-07-04T21:47:25.520+0000][8][gc,age      ] GC(270) Age table with threshold 15 (max threshold 15)
[2022-07-04T21:47:25.521+0000][8][gc,age      ] GC(270) - age   1:    1594688 bytes,    1594688 total
[2022-07-04T21:47:25.522+0000][8][gc,age      ] GC(270) - age   2:       2432 bytes,    1597120 total
[2022-07-04T21:47:25.523+0000][8][gc,age      ] GC(270) - age   3:        248 bytes,    1597368 total
[2022-07-04T21:47:25.524+0000][8][gc,age      ] GC(270) - age   4:        864 bytes,    1598232 total
[2022-07-04T21:47:25.524+0000][8][gc,age      ] GC(270) - age   5:         16 bytes,    1598248 total
[2022-07-04T21:47:25.525+0000][8][gc,age      ] GC(270) - age   6:       2104 bytes,    1600352 total
[2022-07-04T21:47:25.525+0000][8][gc,age      ] GC(270) - age   7:        424 bytes,    1600776 total
[2022-07-04T21:47:25.526+0000][8][gc,age      ] GC(270) - age   9:     163544 bytes,    1764320 total
[2022-07-04T21:47:25.526+0000][8][gc,age      ] GC(270) - age  10:       8016 bytes,    1772336 total
[2022-07-04T21:47:25.527+0000][8][gc,age      ] GC(270) - age  11:         32 bytes,    1772368 total
[2022-07-04T21:47:25.528+0000][8][gc,age      ] GC(270) - age  12:        728 bytes,    1773096 total
[2022-07-04T21:47:25.528+0000][8][gc,age      ] GC(270) - age  13:     256272 bytes,    2029368 total
[2022-07-04T21:47:25.529+0000][8][gc,age      ] GC(270) - age  15:        184 bytes,    2029552 total
[2022-07-04T21:47:25.529+0000][8][gc,heap     ] GC(270) Eden regions: 75->0(75)
[2022-07-04T21:47:25.530+0000][8][gc,heap     ] GC(270) Survivor regions: 1->1(10)
[2022-07-04T21:47:25.531+0000][8][gc,heap     ] GC(270) Old regions: 23->23
[2022-07-04T21:47:25.531+0000][8][gc,heap     ] GC(270) Archive regions: 2->2
[2022-07-04T21:47:25.532+0000][8][gc,heap     ] GC(270) Humongous regions: 0->0
[2022-07-04T21:47:25.533+0000][8][gc,metaspace] GC(270) Metaspace: 128245K(131520K)->128245K(131520K) NonClass: 111442K(113088K)->111442K(113088K) Class: 16803K(18432K)->16803K(18432K)
[2022-07-04T21:47:25.533+0000][8][gc          ] GC(270) Pause Young (Normal) (G1 Evacuation Pause) 394M->94M(512M) 22.349ms
[2022-07-04T21:47:25.534+0000][8][gc,cpu      ] GC(270) User=0.01s Sys=0.01s Real=0.02s
[2022-07-04T21:47:25.534+0000][8][safepoint   ] Safepoint "G1CollectForAllocation", Time since last: 26173214046 ns, Reaching safepoint: 99880 ns, At safepoint: 23774698 ns, Total: 23874578 ns
[2022-07-04T21:48:52.292+0000][8][gc,start    ] GC(271) Pause Young (Normal) (G1 Evacuation Pause)
[2022-07-04T21:48:52.293+0000][8][gc,task     ] GC(271) Using 4 workers of 4 for evacuation
[2022-07-04T21:48:52.293+0000][8][gc,age      ] GC(271) Desired survivor size 20971520 bytes, new threshold 15 (max threshold 15)
[2022-07-04T21:48:52.298+0000][8][gc,phases   ] GC(271)   Pre Evacuate Collection Set: 0.2ms
[2022-07-04T21:48:52.299+0000][8][gc,phases   ] GC(271)   Merge Heap Roots: 0.1ms
[2022-07-04T21:48:52.300+0000][8][gc,phases   ] GC(271)   Evacuate Collection Set: 2.4ms
[2022-07-04T21:48:52.300+0000][8][gc,phases   ] GC(271)   Post Evacuate Collection Set: 1.2ms
[2022-07-04T21:48:52.301+0000][8][gc,phases   ] GC(271)   Other: 1.5ms
[2022-07-04T21:48:52.302+0000][8][gc,age      ] GC(271) Age table with threshold 15 (max threshold 15)
[2022-07-04T21:48:52.303+0000][8][gc,age      ] GC(271) - age   1:    1981816 bytes,    1981816 total
[2022-07-04T21:48:52.303+0000][8][gc,age      ] GC(271) - age   2:       1944 bytes,    1983760 total
[2022-07-04T21:48:52.304+0000][8][gc,age      ] GC(271) - age   3:        736 bytes,    1984496 total
[2022-07-04T21:48:52.305+0000][8][gc,age      ] GC(271) - age   4:        184 bytes,    1984680 total
[2022-07-04T21:48:52.305+0000][8][gc,age      ] GC(271) - age   5:        864 bytes,    1985544 total
[2022-07-04T21:48:52.306+0000][8][gc,age      ] GC(271) - age   6:         16 bytes,    1985560 total
[2022-07-04T21:48:52.306+0000][8][gc,age      ] GC(271) - age   7:       2104 bytes,    1987664 total
[2022-07-04T21:48:52.307+0000][8][gc,age      ] GC(271) - age   8:        216 bytes,    1987880 total
[2022-07-04T21:48:52.308+0000][8][gc,age      ] GC(271) - age  10:     163544 bytes,    2151424 total
[2022-07-04T21:48:52.308+0000][8][gc,age      ] GC(271) - age  11:       8016 bytes,    2159440 total
[2022-07-04T21:48:52.309+0000][8][gc,age      ] GC(271) - age  12:         32 bytes,    2159472 total
[2022-07-04T21:48:52.309+0000][8][gc,age      ] GC(271) - age  13:        728 bytes,    2160200 total
[2022-07-04T21:48:52.310+0000][8][gc,age      ] GC(271) - age  14:     256272 bytes,    2416472 total
[2022-07-04T21:48:52.311+0000][8][gc,heap     ] GC(271) Eden regions: 75->0(75)
[2022-07-04T21:48:52.311+0000][8][gc,heap     ] GC(271) Survivor regions: 1->1(10)
[2022-07-04T21:48:52.312+0000][8][gc,heap     ] GC(271) Old regions: 23->23
[2022-07-04T21:48:52.313+0000][8][gc,heap     ] GC(271) Archive regions: 2->2
[2022-07-04T21:48:52.313+0000][8][gc,heap     ] GC(271) Humongous regions: 0->0
[2022-07-04T21:48:52.314+0000][8][gc,metaspace] GC(271) Metaspace: 128247K(131520K)->128247K(131520K) NonClass: 111443K(113088K)->111443K(113088K) Class: 16803K(18432K)->16803K(18432K)
[2022-07-04T21:48:52.315+0000][8][gc          ] GC(271) Pause Young (Normal) (G1 Evacuation Pause) 394M->95M(512M) 22.979ms
[2022-07-04T21:48:52.315+0000][8][gc,cpu      ] GC(271) User=0.01s Sys=0.01s Real=0.02s
[2022-07-04T21:48:52.316+0000][8][safepoint   ] Safepoint "G1CollectForAllocation", Time since last: 86821759280 ns, Reaching safepoint: 87960 ns, At safepoint: 24113390 ns, Total: 24201350 ns
[2022-07-04T21:50:16.305+0000][8][gc,start    ] GC(272) Pause Young (Normal) (G1 Evacuation Pause)
[2022-07-04T21:50:16.306+0000][8][gc,task     ] GC(272) Using 4 workers of 4 for evacuation
[2022-07-04T21:50:16.306+0000][8][gc,age      ] GC(272) Desired survivor size 20971520 bytes, new threshold 15 (max threshold 15)
[2022-07-04T21:50:16.310+0000][8][gc,phases   ] GC(272)   Pre Evacuate Collection Set: 0.1ms
[2022-07-04T21:50:16.311+0000][8][gc,phases   ] GC(272)   Merge Heap Roots: 0.1ms
[2022-07-04T21:50:16.312+0000][8][gc,phases   ] GC(272)   Evacuate Collection Set: 2.0ms
[2022-07-04T21:50:16.313+0000][8][gc,phases   ] GC(272)   Post Evacuate Collection Set: 0.8ms
[2022-07-04T21:50:16.314+0000][8][gc,phases   ] GC(272)   Other: 1.4ms
[2022-07-04T21:50:16.315+0000][8][gc,age      ] GC(272) Age table with threshold 15 (max threshold 15)
[2022-07-04T21:50:16.316+0000][8][gc,age      ] GC(272) - age   1:    1488456 bytes,    1488456 total
[2022-07-04T21:50:16.317+0000][8][gc,age      ] GC(272) - age   2:       2272 bytes,    1490728 total
[2022-07-04T21:50:16.317+0000][8][gc,age      ] GC(272) - age   3:        216 bytes,    1490944 total
[2022-07-04T21:50:16.318+0000][8][gc,age      ] GC(272) - age   4:        672 bytes,    1491616 total
[2022-07-04T21:50:16.319+0000][8][gc,age      ] GC(272) - age   5:        184 bytes,    1491800 total
[2022-07-04T21:50:16.319+0000][8][gc,age      ] GC(272) - age   6:        568 bytes,    1492368 total
[2022-07-04T21:50:16.320+0000][8][gc,age      ] GC(272) - age   7:         16 bytes,    1492384 total
[2022-07-04T21:50:16.321+0000][8][gc,age      ] GC(272) - age   8:        184 bytes,    1492568 total
[2022-07-04T21:50:16.321+0000][8][gc,age      ] GC(272) - age   9:        216 bytes,    1492784 total
[2022-07-04T21:50:16.322+0000][8][gc,age      ] GC(272) - age  11:     163544 bytes,    1656328 total
[2022-07-04T21:50:16.322+0000][8][gc,age      ] GC(272) - age  12:       8016 bytes,    1664344 total
[2022-07-04T21:50:16.323+0000][8][gc,age      ] GC(272) - age  13:         32 bytes,    1664376 total
[2022-07-04T21:50:16.324+0000][8][gc,age      ] GC(272) - age  14:        728 bytes,    1665104 total
[2022-07-04T21:50:16.324+0000][8][gc,age      ] GC(272) - age  15:     256272 bytes,    1921376 total
[2022-07-04T21:50:16.325+0000][8][gc,heap     ] GC(272) Eden regions: 75->0(75)
[2022-07-04T21:50:16.325+0000][8][gc,heap     ] GC(272) Survivor regions: 1->1(10)
[2022-07-04T21:50:16.326+0000][8][gc,heap     ] GC(272) Old regions: 23->23
[2022-07-04T21:50:16.326+0000][8][gc,heap     ] GC(272) Archive regions: 2->2
[2022-07-04T21:50:16.327+0000][8][gc,heap     ] GC(272) Humongous regions: 0->0
[2022-07-04T21:50:16.327+0000][8][gc,metaspace] GC(272) Metaspace: 128247K(131520K)->128247K(131520K) NonClass: 111443K(113088K)->111443K(113088K) Class: 16803K(18432K)->16803K(18432K)
[2022-07-04T21:50:16.328+0000][8][gc          ] GC(272) Pause Young (Normal) (G1 Evacuation Pause) 395M->94M(512M) 23.357ms
[2022-07-04T21:50:16.329+0000][8][gc,cpu      ] GC(272) User=0.01s Sys=0.00s Real=0.02s
[2022-07-04T21:50:16.330+0000][8][safepoint   ] Safepoint "G1CollectForAllocation", Time since last: 84052992204 ns, Reaching safepoint: 168280 ns, At safepoint: 25856147 ns, Total: 26024427 ns
[2022-07-04T23:51:32.371+0000][8][safepoint   ] Safepoint "Cleanup", Time since last: 7276068603844 ns, Reaching safepoint: 15752150 ns, At safepoint: 105528 ns, Total: 15857678 ns
[2022-07-04T23:51:28.107+0000][8][safepoint   ] Safepoint "Cleanup", Time since last: 1013837995 ns, Reaching safepoint: 217366 ns, At safepoint: 61170 ns, Total: 278536 ns
[2022-07-04T23:51:30.275+0000][8][gc,start    ] GC(273) Pause Young (Normal) (G1 Evacuation Pause)
[2022-07-04T23:51:30.277+0000][8][gc,task     ] GC(273) Using 4 workers of 4 for evacuation
[2022-07-04T23:51:30.278+0000][8][gc,age      ] GC(273) Desired survivor size 20971520 bytes, new threshold 15 (max threshold 15)
[2022-07-04T23:51:30.283+0000][8][gc,phases   ] GC(273)   Pre Evacuate Collection Set: 0.2ms
[2022-07-04T23:51:30.285+0000][8][gc,phases   ] GC(273)   Merge Heap Roots: 0.1ms
[2022-07-04T23:51:30.285+0000][8][gc,phases   ] GC(273)   Evacuate Collection Set: 3.3ms
[2022-07-04T23:51:30.286+0000][8][gc,phases   ] GC(273)   Post Evacuate Collection Set: 1.0ms
[2022-07-04T23:51:30.287+0000][8][gc,phases   ] GC(273)   Other: 1.8ms
[2022-07-04T23:51:30.287+0000][8][gc,age      ] GC(273) Age table with threshold 15 (max threshold 15)
[2022-07-04T23:51:30.288+0000][8][gc,age      ] GC(273) - age   1:    1120936 bytes,    1120936 total
[2022-07-04T23:51:30.289+0000][8][gc,age      ] GC(273) - age   2:       1656 bytes,    1122592 total
[2022-07-04T23:51:30.289+0000][8][gc,age      ] GC(273) - age   3:        640 bytes,    1123232 total
[2022-07-04T23:51:30.290+0000][8][gc,age      ] GC(273) - age   5:        184 bytes,    1123416 total
[2022-07-04T23:51:30.290+0000][8][gc,age      ] GC(273) - age   6:        184 bytes,    1123600 total
[2022-07-04T23:51:30.291+0000][8][gc,age      ] GC(273) - age   7:        568 bytes,    1124168 total
[2022-07-04T23:51:30.291+0000][8][gc,age      ] GC(273) - age   9:        184 bytes,    1124352 total
[2022-07-04T23:51:30.292+0000][8][gc,age      ] GC(273) - age  12:      31296 bytes,    1155648 total
[2022-07-04T23:51:30.292+0000][8][gc,age      ] GC(273) - age  14:         32 bytes,    1155680 total
[2022-07-04T23:51:30.293+0000][8][gc,age      ] GC(273) - age  15:        728 bytes,    1156408 total
[2022-07-04T23:51:30.293+0000][8][gc,heap     ] GC(273) Eden regions: 75->0(75)
[2022-07-04T23:51:30.294+0000][8][gc,heap     ] GC(273) Survivor regions: 1->1(10)
[2022-07-04T23:51:30.294+0000][8][gc,heap     ] GC(273) Old regions: 23->23
[2022-07-04T23:51:30.295+0000][8][gc,heap     ] GC(273) Archive regions: 2->2
[2022-07-04T23:51:30.295+0000][8][gc,heap     ] GC(273) Humongous regions: 0->0
[2022-07-04T23:51:30.296+0000][8][gc,metaspace] GC(273) Metaspace: 128259K(131520K)->128259K(131520K) NonClass: 111456K(113088K)->111456K(113088K) Class: 16803K(18432K)->16803K(18432K)
[2022-07-04T23:51:30.296+0000][8][gc          ] GC(273) Pause Young (Normal) (G1 Evacuation Pause) 394M->94M(512M) 20.898ms
[2022-07-04T23:51:30.297+0000][8][gc,cpu      ] GC(273) User=0.01s Sys=0.00s Real=0.02s
[2022-07-04T23:51:30.297+0000][8][safepoint   ] Safepoint "G1CollectForAllocation", Time since last: 2168710125 ns, Reaching safepoint: 88322 ns, At safepoint: 21995947 ns, Total: 22084269 ns
[2022-07-04T23:51:37.904+0000][8][safepoint   ] Safepoint "Cleanup", Time since last: 7566488788 ns, Reaching safepoint: 40107603 ns, At safepoint: 103227 ns, Total: 40210830 ns
[2022-07-04T23:51:38.997+0000][8][safepoint   ] Safepoint "Cleanup", Time since last: 1092540639 ns, Reaching safepoint: 239925 ns, At safepoint: 20970 ns, Total: 260895 ns
[2022-07-05T07:57:33.420+0000][8][safepoint   ] Safepoint "Cleanup", Time since last: 16060718297990 ns, Reaching safepoint: 2624489 ns, At safepoint: 8726707 ns, Total: 11351196 ns
[2022-07-05T07:57:34.691+0000][8][safepoint   ] Safepoint "Cleanup", Time since last: 1270766576 ns, Reaching safepoint: 328330 ns, At safepoint: 12298 ns, Total: 340628 ns
[2022-07-05T07:57:47.743+0000][8][safepoint   ] Safepoint "Cleanup", Time since last: 13051653594 ns, Reaching safepoint: 347511 ns, At safepoint: 35412 ns, Total: 382923 ns
[2022-07-05T07:57:50.750+0000][8][safepoint   ] Safepoint "Cleanup", Time since last: 3006721002 ns, Reaching safepoint: 251381 ns, At safepoint: 33149 ns, Total: 284530 ns
[2022-07-05T07:57:51.752+0000][8][safepoint   ] Safepoint "Cleanup", Time since last: 1001929887 ns, Reaching safepoint: 76395 ns, At safepoint: 4259 ns, Total: 80654 ns
[2022-07-05T07:58:32.701+0000][8][safepoint   ] Safepoint "Cleanup", Time since last: 41045818859 ns, Reaching safepoint: 94580 ns, At safepoint: 5524 ns, Total: 100104 ns
[2022-07-05T07:59:02.625+0000][8][gc,start    ] GC(274) Pause Young (Normal) (G1 Evacuation Pause)
[2022-07-05T07:59:02.626+0000][8][gc,task     ] GC(274) Using 4 workers of 4 for evacuation
[2022-07-05T07:59:02.627+0000][8][gc,age      ] GC(274) Desired survivor size 20971520 bytes, new threshold 15 (max threshold 15)
[2022-07-05T07:59:02.645+0000][8][gc,phases   ] GC(274)   Pre Evacuate Collection Set: 0.3ms
[2022-07-05T07:59:02.646+0000][8][gc,phases   ] GC(274)   Merge Heap Roots: 0.2ms
[2022-07-05T07:59:02.648+0000][8][gc,phases   ] GC(274)   Evacuate Collection Set: 13.6ms
[2022-07-05T07:59:02.649+0000][8][gc,phases   ] GC(274)   Post Evacuate Collection Set: 2.5ms
[2022-07-05T07:59:02.650+0000][8][gc,phases   ] GC(274)   Other: 2.1ms
[2022-07-05T07:59:02.651+0000][8][gc,age      ] GC(274) Age table with threshold 15 (max threshold 15)
[2022-07-05T07:59:02.652+0000][8][gc,age      ] GC(274) - age   1:    2375056 bytes,    2375056 total
[2022-07-05T07:59:02.653+0000][8][gc,age      ] GC(274) - age   2:     265696 bytes,    2640752 total
[2022-07-05T07:59:02.654+0000][8][gc,age      ] GC(274) - age   3:        248 bytes,    2641000 total
[2022-07-05T07:59:02.656+0000][8][gc,age      ] GC(274) - age   4:        480 bytes,    2641480 total
[2022-07-05T07:59:02.657+0000][8][gc,age      ] GC(274) - age   6:        184 bytes,    2641664 total
[2022-07-05T07:59:02.658+0000][8][gc,age      ] GC(274) - age   7:        184 bytes,    2641848 total
[2022-07-05T07:59:02.658+0000][8][gc,age      ] GC(274) - age   8:        568 bytes,    2642416 total
[2022-07-05T07:59:02.659+0000][8][gc,age      ] GC(274) - age  10:        184 bytes,    2642600 total
[2022-07-05T07:59:02.659+0000][8][gc,age      ] GC(274) - age  13:         16 bytes,    2642616 total
[2022-07-05T07:59:02.660+0000][8][gc,heap     ] GC(274) Eden regions: 75->0(75)
[2022-07-05T07:59:02.661+0000][8][gc,heap     ] GC(274) Survivor regions: 1->1(10)
[2022-07-05T07:59:02.661+0000][8][gc,heap     ] GC(274) Old regions: 23->23
[2022-07-05T07:59:02.662+0000][8][gc,heap     ] GC(274) Archive regions: 2->2
[2022-07-05T07:59:02.663+0000][8][gc,heap     ] GC(274) Humongous regions: 0->0
[2022-07-05T07:59:02.663+0000][8][gc,metaspace] GC(274) Metaspace: 128593K(132032K)->128593K(132032K) NonClass: 111729K(113472K)->111729K(113472K) Class: 16864K(18560K)->16864K(18560K)
[2022-07-05T07:59:02.664+0000][8][gc          ] GC(274) Pause Young (Normal) (G1 Evacuation Pause) 394M->95M(512M) 39.045ms
[2022-07-05T07:59:02.665+0000][8][gc,cpu      ] GC(274) User=0.06s Sys=0.00s Real=0.04s
[2022-07-05T07:59:02.667+0000][8][safepoint   ] Safepoint "G1CollectForAllocation", Time since last: 29945361720 ns, Reaching safepoint: 59781 ns, At safepoint: 41486222 ns, Total: 41546003 ns
[2022-07-05T07:59:23.692+0000][8][safepoint   ] Safepoint "Cleanup", Time since last: 21024824251 ns, Reaching safepoint: 272506 ns, At safepoint: 20038 ns, Total: 292544 ns
[2022-07-05T08:00:14.688+0000][8][safepoint   ] Safepoint "Cleanup", Time since last: 51038767516 ns, Reaching safepoint: 181452 ns, At safepoint: 8844 ns, Total: 190296 ns
[2022-07-05T08:00:50.692+0000][8][safepoint   ] Safepoint "Cleanup", Time since last: 36026126175 ns, Reaching safepoint: 471068 ns, At safepoint: 92144 ns, Total: 563212 ns
[2022-07-05T08:00:56.586+0000][8][gc,start    ] GC(275) Pause Young (Normal) (G1 Evacuation Pause)
[2022-07-05T08:00:56.587+0000][8][gc,task     ] GC(275) Using 4 workers of 4 for evacuation
[2022-07-05T08:00:56.588+0000][8][gc,age      ] GC(275) Desired survivor size 20971520 bytes, new threshold 15 (max threshold 15)
[2022-07-05T08:00:56.595+0000][8][gc,phases   ] GC(275)   Pre Evacuate Collection Set: 0.2ms
[2022-07-05T08:00:56.596+0000][8][gc,phases   ] GC(275)   Merge Heap Roots: 0.1ms
[2022-07-05T08:00:56.599+0000][8][gc,phases   ] GC(275)   Evacuate Collection Set: 5.0ms
[2022-07-05T08:00:56.600+0000][8][gc,phases   ] GC(275)   Post Evacuate Collection Set: 0.9ms
[2022-07-05T08:00:56.601+0000][8][gc,phases   ] GC(275)   Other: 1.7ms
[2022-07-05T08:00:56.601+0000][8][gc,age      ] GC(275) Age table with threshold 15 (max threshold 15)
[2022-07-05T08:00:56.602+0000][8][gc,age      ] GC(275) - age   1:    1058392 bytes,    1058392 total
[2022-07-05T08:00:56.603+0000][8][gc,age      ] GC(275) - age   2:    1129504 bytes,    2187896 total
[2022-07-05T08:00:56.603+0000][8][gc,age      ] GC(275) - age   3:     264992 bytes,    2452888 total
[2022-07-05T08:00:56.604+0000][8][gc,age      ] GC(275) - age   4:        184 bytes,    2453072 total
[2022-07-05T08:00:56.604+0000][8][gc,age      ] GC(275) - age   5:        480 bytes,    2453552 total
[2022-07-05T08:00:56.605+0000][8][gc,age      ] GC(275) - age   7:        184 bytes,    2453736 total
[2022-07-05T08:00:56.605+0000][8][gc,age      ] GC(275) - age   8:        184 bytes,    2453920 total
[2022-07-05T08:00:56.606+0000][8][gc,age      ] GC(275) - age   9:        568 bytes,    2454488 total
[2022-07-05T08:00:56.606+0000][8][gc,age      ] GC(275) - age  11:        184 bytes,    2454672 total
[2022-07-05T08:00:56.607+0000][8][gc,age      ] GC(275) - age  14:         16 bytes,    2454688 total
[2022-07-05T08:00:56.607+0000][8][gc,heap     ] GC(275) Eden regions: 75->0(75)
[2022-07-05T08:00:56.609+0000][8][gc,heap     ] GC(275) Survivor regions: 1->1(10)
[2022-07-05T08:00:56.609+0000][8][gc,heap     ] GC(275) Old regions: 23->23
[2022-07-05T08:00:56.610+0000][8][gc,heap     ] GC(275) Archive regions: 2->2
[2022-07-05T08:00:56.610+0000][8][gc,heap     ] GC(275) Humongous regions: 0->0
[2022-07-05T08:00:56.611+0000][8][gc,metaspace] GC(275) Metaspace: 128593K(132032K)->128593K(132032K) NonClass: 111729K(113472K)->111729K(113472K) Class: 16864K(18560K)->16864K(18560K)
[2022-07-05T08:00:56.612+0000][8][gc          ] GC(275) Pause Young (Normal) (G1 Evacuation Pause) 395M->95M(512M) 25.709ms
[2022-07-05T08:00:56.612+0000][8][gc,cpu      ] GC(275) User=0.02s Sys=0.00s Real=0.03s
[2022-07-05T08:00:56.613+0000][8][safepoint   ] Safepoint "G1CollectForAllocation", Time since last: 5893415555 ns, Reaching safepoint: 107607 ns, At safepoint: 27023545 ns, Total: 27131152 ns
[2022-07-05T08:02:47.545+0000][8][gc,start    ] GC(276) Pause Young (Normal) (G1 Evacuation Pause)
[2022-07-05T08:02:47.546+0000][8][gc,task     ] GC(276) Using 4 workers of 4 for evacuation
[2022-07-05T08:02:47.547+0000][8][gc,age      ] GC(276) Desired survivor size 20971520 bytes, new threshold 15 (max threshold 15)
[2022-07-05T08:02:47.551+0000][8][gc,phases   ] GC(276)   Pre Evacuate Collection Set: 0.1ms
[2022-07-05T08:02:47.552+0000][8][gc,phases   ] GC(276)   Merge Heap Roots: 0.1ms
[2022-07-05T08:02:47.553+0000][8][gc,phases   ] GC(276)   Evacuate Collection Set: 2.4ms
[2022-07-05T08:02:47.553+0000][8][gc,phases   ] GC(276)   Post Evacuate Collection Set: 0.9ms
[2022-07-05T08:02:47.554+0000][8][gc,phases   ] GC(276)   Other: 1.7ms
[2022-07-05T08:02:47.554+0000][8][gc,age      ] GC(276) Age table with threshold 15 (max threshold 15)
[2022-07-05T08:02:47.555+0000][8][gc,age      ] GC(276) - age   1:     491032 bytes,     491032 total
[2022-07-05T08:02:47.556+0000][8][gc,age      ] GC(276) - age   2:      26272 bytes,     517304 total
[2022-07-05T08:02:47.557+0000][8][gc,age      ] GC(276) - age   3:     842152 bytes,    1359456 total
[2022-07-05T08:02:47.557+0000][8][gc,age      ] GC(276) - age   4:     264560 bytes,    1624016 total
[2022-07-05T08:02:47.558+0000][8][gc,age      ] GC(276) - age   5:        184 bytes,    1624200 total
[2022-07-05T08:02:47.559+0000][8][gc,age      ] GC(276) - age   6:        480 bytes,    1624680 total
[2022-07-05T08:02:47.559+0000][8][gc,age      ] GC(276) - age   8:        184 bytes,    1624864 total
[2022-07-05T08:02:47.560+0000][8][gc,age      ] GC(276) - age   9:        184 bytes,    1625048 total
[2022-07-05T08:02:47.561+0000][8][gc,age      ] GC(276) - age  10:        568 bytes,    1625616 total
[2022-07-05T08:02:47.561+0000][8][gc,age      ] GC(276) - age  12:        184 bytes,    1625800 total
[2022-07-05T08:02:47.562+0000][8][gc,age      ] GC(276) - age  15:         16 bytes,    1625816 total
[2022-07-05T08:02:47.563+0000][8][gc,heap     ] GC(276) Eden regions: 75->0(75)
[2022-07-05T08:02:47.563+0000][8][gc,heap     ] GC(276) Survivor regions: 1->1(10)
[2022-07-05T08:02:47.564+0000][8][gc,heap     ] GC(276) Old regions: 23->23
[2022-07-05T08:02:47.565+0000][8][gc,heap     ] GC(276) Archive regions: 2->2
[2022-07-05T08:02:47.565+0000][8][gc,heap     ] GC(276) Humongous regions: 0->0
[2022-07-05T08:02:47.566+0000][8][gc,metaspace] GC(276) Metaspace: 128593K(132032K)->128593K(132032K) NonClass: 111729K(113472K)->111729K(113472K) Class: 16864K(18560K)->16864K(18560K)
[2022-07-05T08:02:47.567+0000][8][gc          ] GC(276) Pause Young (Normal) (G1 Evacuation Pause) 395M->94M(512M) 21.490ms
[2022-07-05T08:02:47.567+0000][8][gc,cpu      ] GC(276) User=0.01s Sys=0.00s Real=0.02s
[2022-07-05T08:02:47.568+0000][8][safepoint   ] Safepoint "G1CollectForAllocation", Time since last: 111016886801 ns, Reaching safepoint: 86171 ns, At safepoint: 22908813 ns, Total: 22994984 ns
[2022-07-05T08:02:56.574+0000][8][safepoint   ] Safepoint "Cleanup", Time since last: 9005514418 ns, Reaching safepoint: 353906 ns, At safepoint: 23393 ns, Total: 377299 ns
[2022-07-05T08:03:32.565+0000][8][safepoint   ] Safepoint "Cleanup", Time since last: 36035490153 ns, Reaching safepoint: 102350 ns, At safepoint: 53014 ns, Total: 155364 ns
[2022-07-05T08:04:44.530+0000][8][gc,start    ] GC(277) Pause Young (Normal) (G1 Evacuation Pause)
[2022-07-05T08:04:44.531+0000][8][gc,task     ] GC(277) Using 4 workers of 4 for evacuation
[2022-07-05T08:04:44.532+0000][8][gc,age      ] GC(277) Desired survivor size 20971520 bytes, new threshold 15 (max threshold 15)
[2022-07-05T08:04:44.538+0000][8][gc,phases   ] GC(277)   Pre Evacuate Collection Set: 0.1ms
[2022-07-05T08:04:44.539+0000][8][gc,phases   ] GC(277)   Merge Heap Roots: 0.1ms
[2022-07-05T08:04:44.539+0000][8][gc,phases   ] GC(277)   Evacuate Collection Set: 3.6ms
[2022-07-05T08:04:44.540+0000][8][gc,phases   ] GC(277)   Post Evacuate Collection Set: 1.1ms
[2022-07-05T08:04:44.540+0000][8][gc,phases   ] GC(277)   Other: 1.6ms
[2022-07-05T08:04:44.541+0000][8][gc,age      ] GC(277) Age table with threshold 15 (max threshold 15)
[2022-07-05T08:04:44.541+0000][8][gc,age      ] GC(277) - age   1:    1154784 bytes,    1154784 total
[2022-07-05T08:04:44.542+0000][8][gc,age      ] GC(277) - age   2:      97720 bytes,    1252504 total
[2022-07-05T08:04:44.542+0000][8][gc,age      ] GC(277) - age   3:      25632 bytes,    1278136 total
[2022-07-05T08:04:44.543+0000][8][gc,age      ] GC(277) - age   4:     841712 bytes,    2119848 total
[2022-07-05T08:04:44.543+0000][8][gc,age      ] GC(277) - age   5:     264560 bytes,    2384408 total
[2022-07-05T08:04:44.544+0000][8][gc,age      ] GC(277) - age   6:        184 bytes,    2384592 total
[2022-07-05T08:04:44.545+0000][8][gc,age      ] GC(277) - age   7:        480 bytes,    2385072 total
[2022-07-05T08:04:44.545+0000][8][gc,age      ] GC(277) - age   9:        184 bytes,    2385256 total
[2022-07-05T08:04:44.546+0000][8][gc,age      ] GC(277) - age  10:        184 bytes,    2385440 total
[2022-07-05T08:04:44.546+0000][8][gc,age      ] GC(277) - age  11:        568 bytes,    2386008 total
[2022-07-05T08:04:44.547+0000][8][gc,age      ] GC(277) - age  13:        184 bytes,    2386192 total
[2022-07-05T08:04:44.547+0000][8][gc,heap     ] GC(277) Eden regions: 75->0(75)
[2022-07-05T08:04:44.548+0000][8][gc,heap     ] GC(277) Survivor regions: 1->1(10)
[2022-07-05T08:04:44.549+0000][8][gc,heap     ] GC(277) Old regions: 23->23
[2022-07-05T08:04:44.549+0000][8][gc,heap     ] GC(277) Archive regions: 2->2
[2022-07-05T08:04:44.550+0000][8][gc,heap     ] GC(277) Humongous regions: 0->0
[2022-07-05T08:04:44.550+0000][8][gc,metaspace] GC(277) Metaspace: 128593K(132032K)->128593K(132032K) NonClass: 111729K(113472K)->111729K(113472K) Class: 16864K(18560K)->16864K(18560K)
[2022-07-05T08:04:44.551+0000][8][gc          ] GC(277) Pause Young (Normal) (G1 Evacuation Pause) 394M->95M(512M) 21.941ms
[2022-07-05T08:04:44.552+0000][8][gc,cpu      ] GC(277) User=0.01s Sys=0.01s Real=0.02s
[2022-07-05T08:04:44.553+0000][8][safepoint   ] Safepoint "G1CollectForAllocation", Time since last: 72008234852 ns, Reaching safepoint: 54871 ns, At safepoint: 23505848 ns, Total: 23560719 ns
[2022-07-05T08:06:32.574+0000][8][safepoint   ] Safepoint "Cleanup", Time since last: 108106788072 ns, Reaching safepoint: 189080 ns, At safepoint: 45917 ns, Total: 234997 ns
[2022-07-05T08:06:33.588+0000][8][gc,start    ] GC(278) Pause Young (Normal) (G1 Evacuation Pause)
[2022-07-05T08:06:33.589+0000][8][gc,task     ] GC(278) Using 4 workers of 4 for evacuation
[2022-07-05T08:06:33.590+0000][8][gc,age      ] GC(278) Desired survivor size 20971520 bytes, new threshold 15 (max threshold 15)
[2022-07-05T08:06:33.596+0000][8][gc,phases   ] GC(278)   Pre Evacuate Collection Set: 0.1ms
[2022-07-05T08:06:33.596+0000][8][gc,phases   ] GC(278)   Merge Heap Roots: 0.2ms
[2022-07-05T08:06:33.597+0000][8][gc,phases   ] GC(278)   Evacuate Collection Set: 3.4ms
[2022-07-05T08:06:33.598+0000][8][gc,phases   ] GC(278)   Post Evacuate Collection Set: 1.3ms
[2022-07-05T08:06:33.598+0000][8][gc,phases   ] GC(278)   Other: 1.4ms
[2022-07-05T08:06:33.599+0000][8][gc,age      ] GC(278) Age table with threshold 15 (max threshold 15)
[2022-07-05T08:06:33.600+0000][8][gc,age      ] GC(278) - age   1:    1487392 bytes,    1487392 total
[2022-07-05T08:06:33.601+0000][8][gc,age      ] GC(278) - age   2:      76072 bytes,    1563464 total
[2022-07-05T08:06:33.601+0000][8][gc,age      ] GC(278) - age   3:      97032 bytes,    1660496 total
[2022-07-05T08:06:33.602+0000][8][gc,age      ] GC(278) - age   4:      25632 bytes,    1686128 total
[2022-07-05T08:06:33.602+0000][8][gc,age      ] GC(278) - age   5:     841136 bytes,    2527264 total
[2022-07-05T08:06:33.603+0000][8][gc,age      ] GC(278) - age   6:     264560 bytes,    2791824 total
[2022-07-05T08:06:33.603+0000][8][gc,age      ] GC(278) - age   7:        184 bytes,    2792008 total
[2022-07-05T08:06:33.604+0000][8][gc,age      ] GC(278) - age   8:        480 bytes,    2792488 total
[2022-07-05T08:06:33.604+0000][8][gc,age      ] GC(278) - age  10:        184 bytes,    2792672 total
[2022-07-05T08:06:33.605+0000][8][gc,age      ] GC(278) - age  11:        184 bytes,    2792856 total
[2022-07-05T08:06:33.605+0000][8][gc,age      ] GC(278) - age  12:        184 bytes,    2793040 total
[2022-07-05T08:06:33.606+0000][8][gc,age      ] GC(278) - age  14:        184 bytes,    2793224 total
[2022-07-05T08:06:33.606+0000][8][gc,heap     ] GC(278) Eden regions: 75->0(75)
[2022-07-05T08:06:33.607+0000][8][gc,heap     ] GC(278) Survivor regions: 1->1(10)
[2022-07-05T08:06:33.607+0000][8][gc,heap     ] GC(278) Old regions: 23->23
[2022-07-05T08:06:33.608+0000][8][gc,heap     ] GC(278) Archive regions: 2->2
[2022-07-05T08:06:33.608+0000][8][gc,heap     ] GC(278) Humongous regions: 0->0
[2022-07-05T08:06:33.610+0000][8][gc,metaspace] GC(278) Metaspace: 128593K(132032K)->128593K(132032K) NonClass: 111729K(113472K)->111729K(113472K) Class: 16864K(18560K)->16864K(18560K)
[2022-07-05T08:06:33.611+0000][8][gc          ] GC(278) Pause Young (Normal) (G1 Evacuation Pause) 395M->95M(512M) 22.459ms
[2022-07-05T08:06:33.611+0000][8][gc,cpu      ] GC(278) User=0.00s Sys=0.01s Real=0.03s
[2022-07-05T08:06:33.612+0000][8][safepoint   ] Safepoint "G1CollectForAllocation", Time since last: 1014412862 ns, Reaching safepoint: 94422 ns, At safepoint: 23495501 ns, Total: 23589923 ns
[2022-07-05T08:07:32.643+0000][8][safepoint   ] Safepoint "Cleanup", Time since last: 59070660750 ns, Reaching safepoint: 256502 ns, At safepoint: 120094 ns, Total: 376596 ns
[2022-07-05T08:08:05.463+0000][8][gc,start    ] GC(279) Pause Young (Normal) (G1 Evacuation Pause)
[2022-07-05T08:08:05.464+0000][8][gc,task     ] GC(279) Using 4 workers of 4 for evacuation
[2022-07-05T08:08:05.465+0000][8][gc,age      ] GC(279) Desired survivor size 20971520 bytes, new threshold 15 (max threshold 15)
[2022-07-05T08:08:05.470+0000][8][gc,phases   ] GC(279)   Pre Evacuate Collection Set: 0.1ms
[2022-07-05T08:08:05.471+0000][8][gc,phases   ] GC(279)   Merge Heap Roots: 0.1ms
[2022-07-05T08:08:05.471+0000][8][gc,phases   ] GC(279)   Evacuate Collection Set: 3.0ms
[2022-07-05T08:08:05.472+0000][8][gc,phases   ] GC(279)   Post Evacuate Collection Set: 0.9ms
[2022-07-05T08:08:05.473+0000][8][gc,phases   ] GC(279)   Other: 1.8ms
[2022-07-05T08:08:05.473+0000][8][gc,age      ] GC(279) Age table with threshold 15 (max threshold 15)
[2022-07-05T08:08:05.474+0000][8][gc,age      ] GC(279) - age   1:     822656 bytes,     822656 total
[2022-07-05T08:08:05.475+0000][8][gc,age      ] GC(279) - age   2:      19696 bytes,     842352 total
[2022-07-05T08:08:05.475+0000][8][gc,age      ] GC(279) - age   3:      75240 bytes,     917592 total
[2022-07-05T08:08:05.476+0000][8][gc,age      ] GC(279) - age   4:      96808 bytes,    1014400 total
[2022-07-05T08:08:05.477+0000][8][gc,age      ] GC(279) - age   5:      25632 bytes,    1040032 total
[2022-07-05T08:08:05.477+0000][8][gc,age      ] GC(279) - age   6:     839216 bytes,    1879248 total
[2022-07-05T08:08:05.478+0000][8][gc,age      ] GC(279) - age   7:     264560 bytes,    2143808 total
[2022-07-05T08:08:05.478+0000][8][gc,age      ] GC(279) - age   8:        184 bytes,    2143992 total
[2022-07-05T08:08:05.479+0000][8][gc,age      ] GC(279) - age   9:        480 bytes,    2144472 total
[2022-07-05T08:08:05.480+0000][8][gc,age      ] GC(279) - age  11:        184 bytes,    2144656 total
[2022-07-05T08:08:05.481+0000][8][gc,age      ] GC(279) - age  12:        184 bytes,    2144840 total
[2022-07-05T08:08:05.481+0000][8][gc,age      ] GC(279) - age  13:        184 bytes,    2145024 total
[2022-07-05T08:08:05.481+0000][8][gc,age      ] GC(279) - age  15:        184 bytes,    2145208 total
[2022-07-05T08:08:05.482+0000][8][gc,heap     ] GC(279) Eden regions: 75->0(75)
[2022-07-05T08:08:05.483+0000][8][gc,heap     ] GC(279) Survivor regions: 1->1(10)
[2022-07-05T08:08:05.483+0000][8][gc,heap     ] GC(279) Old regions: 23->23
[2022-07-05T08:08:05.484+0000][8][gc,heap     ] GC(279) Archive regions: 2->2
[2022-07-05T08:08:05.485+0000][8][gc,heap     ] GC(279) Humongous regions: 0->0
[2022-07-05T08:08:05.485+0000][8][gc,metaspace] GC(279) Metaspace: 128593K(132032K)->128593K(132032K) NonClass: 111729K(113472K)->111729K(113472K) Class: 16864K(18560K)->16864K(18560K)
[2022-07-05T08:08:05.486+0000][8][gc          ] GC(279) Pause Young (Normal) (G1 Evacuation Pause) 395M->95M(512M) 22.686ms
[2022-07-05T08:08:05.486+0000][8][gc,cpu      ] GC(279) User=0.01s Sys=0.00s Real=0.03s
[2022-07-05T08:08:05.487+0000][8][safepoint   ] Safepoint "G1CollectForAllocation", Time since last: 32844687576 ns, Reaching safepoint: 84563 ns, At safepoint: 23952233 ns, Total: 24036796 ns
[2022-07-05T08:08:32.488+0000][8][safepoint   ] Safepoint "Cleanup", Time since last: 27023184695 ns, Reaching safepoint: 172401 ns, At safepoint: 7347 ns, Total: 179748 ns
[2022-07-05T08:09:23.501+0000][8][safepoint   ] Safepoint "Cleanup", Time since last: 51033472358 ns, Reaching safepoint: 330219 ns, At safepoint: 10049 ns, Total: 340268 ns
[2022-07-05T08:09:29.506+0000][8][safepoint   ] Safepoint "Cleanup", Time since last: 6005292992 ns, Reaching safepoint: 148235 ns, At safepoint: 6800 ns, Total: 155035 ns
[2022-07-05T08:09:36.214+0000][8][gc,start    ] GC(280) Pause Young (Normal) (G1 Evacuation Pause)
[2022-07-05T08:09:36.217+0000][8][gc,task     ] GC(280) Using 4 workers of 4 for evacuation
[2022-07-05T08:09:36.218+0000][8][gc,age      ] GC(280) Desired survivor size 20971520 bytes, new threshold 15 (max threshold 15)
[2022-07-05T08:09:36.225+0000][8][gc,phases   ] GC(280)   Pre Evacuate Collection Set: 0.2ms
[2022-07-05T08:09:36.226+0000][8][gc,phases   ] GC(280)   Merge Heap Roots: 0.3ms
[2022-07-05T08:09:36.227+0000][8][gc,phases   ] GC(280)   Evacuate Collection Set: 4.6ms
[2022-07-05T08:09:36.227+0000][8][gc,phases   ] GC(280)   Post Evacuate Collection Set: 1.2ms
[2022-07-05T08:09:36.228+0000][8][gc,phases   ] GC(280)   Other: 2.1ms
[2022-07-05T08:09:36.228+0000][8][gc,age      ] GC(280) Age table with threshold 15 (max threshold 15)
[2022-07-05T08:09:36.229+0000][8][gc,age      ] GC(280) - age   1:    1001848 bytes,    1001848 total
[2022-07-05T08:09:36.230+0000][8][gc,age      ] GC(280) - age   2:       8376 bytes,    1010224 total
[2022-07-05T08:09:36.231+0000][8][gc,age      ] GC(280) - age   3:      17968 bytes,    1028192 total
[2022-07-05T08:09:36.231+0000][8][gc,age      ] GC(280) - age   4:      74880 bytes,    1103072 total
[2022-07-05T08:09:36.232+0000][8][gc,age      ] GC(280) - age   5:      96808 bytes,    1199880 total
[2022-07-05T08:09:36.233+0000][8][gc,age      ] GC(280) - age   6:      25448 bytes,    1225328 total
[2022-07-05T08:09:36.233+0000][8][gc,age      ] GC(280) - age   7:     839032 bytes,    2064360 total
[2022-07-05T08:09:36.234+0000][8][gc,age      ] GC(280) - age   8:     264560 bytes,    2328920 total
[2022-07-05T08:09:36.234+0000][8][gc,age      ] GC(280) - age   9:        184 bytes,    2329104 total
[2022-07-05T08:09:36.235+0000][8][gc,age      ] GC(280) - age  10:        480 bytes,    2329584 total
[2022-07-05T08:09:36.236+0000][8][gc,age      ] GC(280) - age  12:        184 bytes,    2329768 total
[2022-07-05T08:09:36.236+0000][8][gc,age      ] GC(280) - age  13:        184 bytes,    2329952 total
[2022-07-05T08:09:36.238+0000][8][gc,age      ] GC(280) - age  14:        184 bytes,    2330136 total
[2022-07-05T08:09:36.238+0000][8][gc,heap     ] GC(280) Eden regions: 75->0(75)
[2022-07-05T08:09:36.239+0000][8][gc,heap     ] GC(280) Survivor regions: 1->1(10)
[2022-07-05T08:09:36.240+0000][8][gc,heap     ] GC(280) Old regions: 23->23
[2022-07-05T08:09:36.240+0000][8][gc,heap     ] GC(280) Archive regions: 2->2
[2022-07-05T08:09:36.241+0000][8][gc,heap     ] GC(280) Humongous regions: 0->0
[2022-07-05T08:09:36.242+0000][8][gc,metaspace] GC(280) Metaspace: 128593K(132032K)->128593K(132032K) NonClass: 111729K(113472K)->111729K(113472K) Class: 16864K(18560K)->16864K(18560K)
[2022-07-05T08:09:36.242+0000][8][gc          ] GC(280) Pause Young (Normal) (G1 Evacuation Pause) 395M->95M(512M) 28.481ms
[2022-07-05T08:09:36.243+0000][8][gc,cpu      ] GC(280) User=0.02s Sys=0.00s Real=0.03s
[2022-07-05T08:09:36.244+0000][8][safepoint   ] Safepoint "G1CollectForAllocation", Time since last: 6729511782 ns, Reaching safepoint: 89129 ns, At safepoint: 29896406 ns, Total: 29985535 ns
[2022-07-05T08:09:48.254+0000][8][safepoint   ] Safepoint "Cleanup", Time since last: 12009745506 ns, Reaching safepoint: 308219 ns, At safepoint: 20932 ns, Total: 329151 ns
[2022-07-05T08:10:32.251+0000][8][safepoint   ] Safepoint "Cleanup", Time since last: 44040156496 ns, Reaching safepoint: 504273 ns, At safepoint: 57618 ns, Total: 561891 ns
[2022-07-05T08:11:03.268+0000][8][safepoint   ] Safepoint "Cleanup", Time since last: 31037013279 ns, Reaching safepoint: 634380 ns, At safepoint: 21724 ns, Total: 656104 ns
[2022-07-05T08:11:08.421+0000][8][gc,start    ] GC(281) Pause Young (Normal) (G1 Evacuation Pause)
[2022-07-05T08:11:08.422+0000][8][gc,task     ] GC(281) Using 4 workers of 4 for evacuation
[2022-07-05T08:11:08.423+0000][8][gc,age      ] GC(281) Desired survivor size 20971520 bytes, new threshold 15 (max threshold 15)
[2022-07-05T08:11:08.428+0000][8][gc,phases   ] GC(281)   Pre Evacuate Collection Set: 0.2ms
[2022-07-05T08:11:08.429+0000][8][gc,phases   ] GC(281)   Merge Heap Roots: 0.0ms
[2022-07-05T08:11:08.430+0000][8][gc,phases   ] GC(281)   Evacuate Collection Set: 3.1ms
[2022-07-05T08:11:08.430+0000][8][gc,phases   ] GC(281)   Post Evacuate Collection Set: 1.2ms
[2022-07-05T08:11:08.431+0000][8][gc,phases   ] GC(281)   Other: 1.6ms
[2022-07-05T08:11:08.432+0000][8][gc,age      ] GC(281) Age table with threshold 15 (max threshold 15)
[2022-07-05T08:11:08.432+0000][8][gc,age      ] GC(281) - age   1:    1089848 bytes,    1089848 total
[2022-07-05T08:11:08.433+0000][8][gc,age      ] GC(281) - age   2:      22552 bytes,    1112400 total
[2022-07-05T08:11:08.433+0000][8][gc,age      ] GC(281) - age   3:       7568 bytes,    1119968 total
[2022-07-05T08:11:08.434+0000][8][gc,age      ] GC(281) - age   4:      17904 bytes,    1137872 total
[2022-07-05T08:11:08.434+0000][8][gc,age      ] GC(281) - age   5:      74880 bytes,    1212752 total
[2022-07-05T08:11:08.435+0000][8][gc,age      ] GC(281) - age   6:      96808 bytes,    1309560 total
[2022-07-05T08:11:08.436+0000][8][gc,age      ] GC(281) - age   7:      25448 bytes,    1335008 total
[2022-07-05T08:11:08.436+0000][8][gc,age      ] GC(281) - age   8:     839000 bytes,    2174008 total
[2022-07-05T08:11:08.437+0000][8][gc,age      ] GC(281) - age   9:     264560 bytes,    2438568 total
[2022-07-05T08:11:08.438+0000][8][gc,age      ] GC(281) - age  10:        184 bytes,    2438752 total
[2022-07-05T08:11:08.438+0000][8][gc,age      ] GC(281) - age  11:        480 bytes,    2439232 total
[2022-07-05T08:11:08.439+0000][8][gc,age      ] GC(281) - age  13:        184 bytes,    2439416 total
[2022-07-05T08:11:08.439+0000][8][gc,age      ] GC(281) - age  14:        184 bytes,    2439600 total
[2022-07-05T08:11:08.440+0000][8][gc,age      ] GC(281) - age  15:        184 bytes,    2439784 total
[2022-07-05T08:11:08.441+0000][8][gc,heap     ] GC(281) Eden regions: 75->0(75)
[2022-07-05T08:11:08.441+0000][8][gc,heap     ] GC(281) Survivor regions: 1->1(10)
[2022-07-05T08:11:08.442+0000][8][gc,heap     ] GC(281) Old regions: 23->23
[2022-07-05T08:11:08.444+0000][8][gc,heap     ] GC(281) Archive regions: 2->2
[2022-07-05T08:11:08.445+0000][8][gc,heap     ] GC(281) Humongous regions: 0->0
[2022-07-05T08:11:08.446+0000][8][gc,metaspace] GC(281) Metaspace: 128593K(132032K)->128593K(132032K) NonClass: 111729K(113472K)->111729K(113472K) Class: 16864K(18560K)->16864K(18560K)
[2022-07-05T08:11:08.446+0000][8][gc          ] GC(281) Pause Young (Normal) (G1 Evacuation Pause) 395M->95M(512M) 25.655ms
[2022-07-05T08:11:08.447+0000][8][gc,cpu      ] GC(281) User=0.01s Sys=0.00s Real=0.03s
[2022-07-05T08:11:08.448+0000][8][safepoint   ] Safepoint "G1CollectForAllocation", Time since last: 5152828321 ns, Reaching safepoint: 157175 ns, At safepoint: 26907901 ns, Total: 27065076 ns
[2022-07-05T08:11:32.448+0000][8][safepoint   ] Safepoint "Cleanup", Time since last: 24021765536 ns, Reaching safepoint: 302409 ns, At safepoint: 23507 ns, Total: 325916 ns
[2022-07-05T08:12:35.393+0000][8][gc,start    ] GC(282) Pause Young (Normal) (G1 Evacuation Pause)
[2022-07-05T08:12:35.394+0000][8][gc,task     ] GC(282) Using 4 workers of 4 for evacuation
[2022-07-05T08:12:35.395+0000][8][gc,age      ] GC(282) Desired survivor size 20971520 bytes, new threshold 15 (max threshold 15)
[2022-07-05T08:12:35.405+0000][8][gc,phases   ] GC(282)   Pre Evacuate Collection Set: 0.3ms
[2022-07-05T08:12:35.405+0000][8][gc,phases   ] GC(282)   Merge Heap Roots: 0.2ms
[2022-07-05T08:12:35.406+0000][8][gc,phases   ] GC(282)   Evacuate Collection Set: 7.6ms
[2022-07-05T08:12:35.406+0000][8][gc,phases   ] GC(282)   Post Evacuate Collection Set: 1.0ms
[2022-07-05T08:12:35.407+0000][8][gc,phases   ] GC(282)   Other: 1.7ms
[2022-07-05T08:12:35.408+0000][8][gc,age      ] GC(282) Age table with threshold 15 (max threshold 15)
[2022-07-05T08:12:35.408+0000][8][gc,age      ] GC(282) - age   1:    1196448 bytes,    1196448 total
[2022-07-05T08:12:35.409+0000][8][gc,age      ] GC(282) - age   2:        824 bytes,    1197272 total
[2022-07-05T08:12:35.409+0000][8][gc,age      ] GC(282) - age   3:      21304 bytes,    1218576 total
[2022-07-05T08:12:35.410+0000][8][gc,age      ] GC(282) - age   4:       7504 bytes,    1226080 total
[2022-07-05T08:12:35.410+0000][8][gc,age      ] GC(282) - age   5:      17840 bytes,    1243920 total
[2022-07-05T08:12:35.411+0000][8][gc,age      ] GC(282) - age   6:      74880 bytes,    1318800 total
[2022-07-05T08:12:35.411+0000][8][gc,age      ] GC(282) - age   7:      96808 bytes,    1415608 total
[2022-07-05T08:12:35.412+0000][8][gc,age      ] GC(282) - age   8:      25448 bytes,    1441056 total
[2022-07-05T08:12:35.412+0000][8][gc,age      ] GC(282) - age   9:     838608 bytes,    2279664 total
[2022-07-05T08:12:35.413+0000][8][gc,age      ] GC(282) - age  10:     264560 bytes,    2544224 total
[2022-07-05T08:12:35.414+0000][8][gc,age      ] GC(282) - age  11:        184 bytes,    2544408 total
[2022-07-05T08:12:35.415+0000][8][gc,age      ] GC(282) - age  12:        480 bytes,    2544888 total
[2022-07-05T08:12:35.415+0000][8][gc,age      ] GC(282) - age  14:        184 bytes,    2545072 total
[2022-07-05T08:12:35.416+0000][8][gc,age      ] GC(282) - age  15:        184 bytes,    2545256 total
[2022-07-05T08:12:35.416+0000][8][gc,heap     ] GC(282) Eden regions: 75->0(75)
[2022-07-05T08:12:35.417+0000][8][gc,heap     ] GC(282) Survivor regions: 1->1(10)
[2022-07-05T08:12:35.417+0000][8][gc,heap     ] GC(282) Old regions: 23->23
[2022-07-05T08:12:35.418+0000][8][gc,heap     ] GC(282) Archive regions: 2->2
[2022-07-05T08:12:35.418+0000][8][gc,heap     ] GC(282) Humongous regions: 0->0
[2022-07-05T08:12:35.419+0000][8][gc,metaspace] GC(282) Metaspace: 128593K(132032K)->128593K(132032K) NonClass: 111729K(113472K)->111729K(113472K) Class: 16864K(18560K)->16864K(18560K)
[2022-07-05T08:12:35.419+0000][8][gc          ] GC(282) Pause Young (Normal) (G1 Evacuation Pause) 395M->95M(512M) 26.734ms
[2022-07-05T08:12:35.420+0000][8][gc,cpu      ] GC(282) User=0.01s Sys=0.00s Real=0.02s
[2022-07-05T08:12:35.421+0000][8][safepoint   ] Safepoint "G1CollectForAllocation", Time since last: 62987903575 ns, Reaching safepoint: 63438 ns, At safepoint: 28019961 ns, Total: 28083399 ns
[2022-07-05T08:14:05.375+0000][8][gc,start    ] GC(283) Pause Young (Normal) (G1 Evacuation Pause)
[2022-07-05T08:14:05.380+0000][8][gc,task     ] GC(283) Using 4 workers of 4 for evacuation
[2022-07-05T08:14:05.381+0000][8][gc,age      ] GC(283) Desired survivor size 20971520 bytes, new threshold 15 (max threshold 15)
[2022-07-05T08:14:05.387+0000][8][gc,phases   ] GC(283)   Pre Evacuate Collection Set: 0.2ms
[2022-07-05T08:14:05.388+0000][8][gc,phases   ] GC(283)   Merge Heap Roots: 0.1ms
[2022-07-05T08:14:05.389+0000][8][gc,phases   ] GC(283)   Evacuate Collection Set: 3.4ms
[2022-07-05T08:14:05.389+0000][8][gc,phases   ] GC(283)   Post Evacuate Collection Set: 1.4ms
[2022-07-05T08:14:05.390+0000][8][gc,phases   ] GC(283)   Other: 1.6ms
[2022-07-05T08:14:05.390+0000][8][gc,age      ] GC(283) Age table with threshold 15 (max threshold 15)
[2022-07-05T08:14:05.391+0000][8][gc,age      ] GC(283) - age   1:    1116592 bytes,    1116592 total
[2022-07-05T08:14:05.392+0000][8][gc,age      ] GC(283) - age   2:       7008 bytes,    1123600 total
[2022-07-05T08:14:05.392+0000][8][gc,age      ] GC(283) - age   3:        184 bytes,    1123784 total
[2022-07-05T08:14:05.393+0000][8][gc,age      ] GC(283) - age   4:      21304 bytes,    1145088 total
[2022-07-05T08:14:05.394+0000][8][gc,age      ] GC(283) - age   5:       6928 bytes,    1152016 total
[2022-07-05T08:14:05.394+0000][8][gc,age      ] GC(283) - age   6:      17840 bytes,    1169856 total
[2022-07-05T08:14:05.395+0000][8][gc,age      ] GC(283) - age   7:      74880 bytes,    1244736 total
[2022-07-05T08:14:05.396+0000][8][gc,age      ] GC(283) - age   8:      96808 bytes,    1341544 total
[2022-07-05T08:14:05.396+0000][8][gc,age      ] GC(283) - age   9:      25448 bytes,    1366992 total
[2022-07-05T08:14:05.397+0000][8][gc,age      ] GC(283) - age  10:     838608 bytes,    2205600 total
[2022-07-05T08:14:05.398+0000][8][gc,age      ] GC(283) - age  11:     264560 bytes,    2470160 total
[2022-07-05T08:14:05.398+0000][8][gc,age      ] GC(283) - age  12:        184 bytes,    2470344 total
[2022-07-05T08:14:05.399+0000][8][gc,age      ] GC(283) - age  13:        480 bytes,    2470824 total
[2022-07-05T08:14:05.400+0000][8][gc,age      ] GC(283) - age  15:        184 bytes,    2471008 total
[2022-07-05T08:14:05.400+0000][8][gc,heap     ] GC(283) Eden regions: 75->0(75)
[2022-07-05T08:14:05.401+0000][8][gc,heap     ] GC(283) Survivor regions: 1->1(10)
[2022-07-05T08:14:05.401+0000][8][gc,heap     ] GC(283) Old regions: 23->23
[2022-07-05T08:14:05.402+0000][8][gc,heap     ] GC(283) Archive regions: 2->2
[2022-07-05T08:14:05.402+0000][8][gc,heap     ] GC(283) Humongous regions: 0->0
[2022-07-05T08:14:05.403+0000][8][gc,metaspace] GC(283) Metaspace: 128593K(132032K)->128593K(132032K) NonClass: 111729K(113472K)->111729K(113472K) Class: 16864K(18560K)->16864K(18560K)
[2022-07-05T08:14:05.406+0000][8][gc          ] GC(283) Pause Young (Normal) (G1 Evacuation Pause) 395M->95M(512M) 31.673ms
[2022-07-05T08:14:05.407+0000][8][gc,cpu      ] GC(283) User=0.01s Sys=0.00s Real=0.04s
[2022-07-05T08:14:05.408+0000][8][safepoint   ] Safepoint "G1CollectForAllocation", Time since last: 90019056097 ns, Reaching safepoint: 81494 ns, At safepoint: 33345586 ns, Total: 33427080 ns
[2022-07-05T08:14:32.409+0000][8][safepoint   ] Safepoint "Cleanup", Time since last: 27022309626 ns, Reaching safepoint: 499374 ns, At safepoint: 55551 ns, Total: 554925 ns
[2022-07-05T08:15:32.445+0000][8][gc,start    ] GC(284) Pause Young (Normal) (G1 Evacuation Pause)
[2022-07-05T08:15:32.447+0000][8][gc,task     ] GC(284) Using 4 workers of 4 for evacuation
[2022-07-05T08:15:32.448+0000][8][gc,age      ] GC(284) Desired survivor size 20971520 bytes, new threshold 15 (max threshold 15)
[2022-07-05T08:15:32.456+0000][8][gc,phases   ] GC(284)   Pre Evacuate Collection Set: 0.3ms
[2022-07-05T08:15:32.456+0000][8][gc,phases   ] GC(284)   Merge Heap Roots: 0.2ms
[2022-07-05T08:15:32.457+0000][8][gc,phases   ] GC(284)   Evacuate Collection Set: 2.9ms
[2022-07-05T08:15:32.458+0000][8][gc,phases   ] GC(284)   Post Evacuate Collection Set: 3.2ms
[2022-07-05T08:15:32.458+0000][8][gc,phases   ] GC(284)   Other: 2.0ms
[2022-07-05T08:15:32.459+0000][8][gc,age      ] GC(284) Age table with threshold 15 (max threshold 15)
[2022-07-05T08:15:32.460+0000][8][gc,age      ] GC(284) - age   1:    1202456 bytes,    1202456 total
[2022-07-05T08:15:32.460+0000][8][gc,age      ] GC(284) - age   2:       2448 bytes,    1204904 total
[2022-07-05T08:15:32.461+0000][8][gc,age      ] GC(284) - age   3:       5368 bytes,    1210272 total
[2022-07-05T08:15:32.461+0000][8][gc,age      ] GC(284) - age   4:        152 bytes,    1210424 total
[2022-07-05T08:15:32.462+0000][8][gc,age      ] GC(284) - age   5:      21304 bytes,    1231728 total
[2022-07-05T08:15:32.462+0000][8][gc,age      ] GC(284) - age   6:       6928 bytes,    1238656 total
[2022-07-05T08:15:32.463+0000][8][gc,age      ] GC(284) - age   7:      17840 bytes,    1256496 total
[2022-07-05T08:15:32.464+0000][8][gc,age      ] GC(284) - age   8:      74696 bytes,    1331192 total
[2022-07-05T08:15:32.464+0000][8][gc,age      ] GC(284) - age   9:      96808 bytes,    1428000 total
[2022-07-05T08:15:32.465+0000][8][gc,age      ] GC(284) - age  10:      25448 bytes,    1453448 total
[2022-07-05T08:15:32.466+0000][8][gc,age      ] GC(284) - age  11:     838608 bytes,    2292056 total
[2022-07-05T08:15:32.466+0000][8][gc,age      ] GC(284) - age  12:     264560 bytes,    2556616 total
[2022-07-05T08:15:32.467+0000][8][gc,age      ] GC(284) - age  13:        184 bytes,    2556800 total
[2022-07-05T08:15:32.468+0000][8][gc,age      ] GC(284) - age  14:        480 bytes,    2557280 total
[2022-07-05T08:15:32.469+0000][8][gc,heap     ] GC(284) Eden regions: 75->0(75)
[2022-07-05T08:15:32.470+0000][8][gc,heap     ] GC(284) Survivor regions: 1->1(10)
[2022-07-05T08:15:32.470+0000][8][gc,heap     ] GC(284) Old regions: 23->23
[2022-07-05T08:15:32.471+0000][8][gc,heap     ] GC(284) Archive regions: 2->2
[2022-07-05T08:15:32.472+0000][8][gc,heap     ] GC(284) Humongous regions: 0->0
[2022-07-05T08:15:32.472+0000][8][gc,metaspace] GC(284) Metaspace: 128593K(132032K)->128593K(132032K) NonClass: 111729K(113472K)->111729K(113472K) Class: 16864K(18560K)->16864K(18560K)
[2022-07-05T08:15:32.473+0000][8][gc          ] GC(284) Pause Young (Normal) (G1 Evacuation Pause) 395M->95M(512M) 27.679ms
[2022-07-05T08:15:32.474+0000][8][gc,cpu      ] GC(284) User=0.01s Sys=0.00s Real=0.03s
[2022-07-05T08:15:32.474+0000][8][safepoint   ] Safepoint "G1CollectForAllocation", Time since last: 60079136115 ns, Reaching safepoint: 113857 ns, At safepoint: 29009609 ns, Total: 29123466 ns
[2022-07-05T08:16:32.498+0000][8][safepoint   ] Safepoint "Cleanup", Time since last: 60065932914 ns, Reaching safepoint: 561463 ns, At safepoint: 92406 ns, Total: 653869 ns
[2022-07-05T08:16:59.809+0000][8][gc,start    ] GC(285) Pause Young (Normal) (G1 Evacuation Pause)
[2022-07-05T08:16:59.811+0000][8][gc,task     ] GC(285) Using 4 workers of 4 for evacuation
[2022-07-05T08:16:59.811+0000][8][gc,age      ] GC(285) Desired survivor size 20971520 bytes, new threshold 15 (max threshold 15)
[2022-07-05T08:16:59.819+0000][8][gc,phases   ] GC(285)   Pre Evacuate Collection Set: 0.2ms
[2022-07-05T08:16:59.820+0000][8][gc,phases   ] GC(285)   Merge Heap Roots: 0.2ms
[2022-07-05T08:16:59.821+0000][8][gc,phases   ] GC(285)   Evacuate Collection Set: 3.3ms
[2022-07-05T08:16:59.821+0000][8][gc,phases   ] GC(285)   Post Evacuate Collection Set: 1.0ms
[2022-07-05T08:16:59.822+0000][8][gc,phases   ] GC(285)   Other: 3.5ms
[2022-07-05T08:16:59.823+0000][8][gc,age      ] GC(285) Age table with threshold 15 (max threshold 15)
[2022-07-05T08:16:59.824+0000][8][gc,age      ] GC(285) - age   1:    1408056 bytes,    1408056 total
[2022-07-05T08:16:59.824+0000][8][gc,age      ] GC(285) - age   2:       2232 bytes,    1410288 total
[2022-07-05T08:16:59.825+0000][8][gc,age      ] GC(285) - age   3:        704 bytes,    1410992 total
[2022-07-05T08:16:59.825+0000][8][gc,age      ] GC(285) - age   4:       5240 bytes,    1416232 total
[2022-07-05T08:16:59.827+0000][8][gc,age      ] GC(285) - age   5:        152 bytes,    1416384 total
[2022-07-05T08:16:59.827+0000][8][gc,age      ] GC(285) - age   6:      21304 bytes,    1437688 total
[2022-07-05T08:16:59.828+0000][8][gc,age      ] GC(285) - age   7:       6928 bytes,    1444616 total
[2022-07-05T08:16:59.828+0000][8][gc,age      ] GC(285) - age   8:      17816 bytes,    1462432 total
[2022-07-05T08:16:59.829+0000][8][gc,age      ] GC(285) - age   9:      74696 bytes,    1537128 total
[2022-07-05T08:16:59.829+0000][8][gc,age      ] GC(285) - age  10:      96808 bytes,    1633936 total
[2022-07-05T08:16:59.830+0000][8][gc,age      ] GC(285) - age  11:      25448 bytes,    1659384 total
[2022-07-05T08:16:59.830+0000][8][gc,age      ] GC(285) - age  12:     838608 bytes,    2497992 total
[2022-07-05T08:16:59.831+0000][8][gc,age      ] GC(285) - age  13:     264560 bytes,    2762552 total
[2022-07-05T08:16:59.832+0000][8][gc,age      ] GC(285) - age  14:        184 bytes,    2762736 total
[2022-07-05T08:16:59.832+0000][8][gc,age      ] GC(285) - age  15:        480 bytes,    2763216 total
[2022-07-05T08:16:59.833+0000][8][gc,heap     ] GC(285) Eden regions: 75->0(75)
[2022-07-05T08:16:59.833+0000][8][gc,heap     ] GC(285) Survivor regions: 1->1(10)
[2022-07-05T08:16:59.834+0000][8][gc,heap     ] GC(285) Old regions: 23->23
[2022-07-05T08:16:59.834+0000][8][gc,heap     ] GC(285) Archive regions: 2->2
[2022-07-05T08:16:59.835+0000][8][gc,heap     ] GC(285) Humongous regions: 0->0
[2022-07-05T08:16:59.836+0000][8][gc,metaspace] GC(285) Metaspace: 128593K(132032K)->128593K(132032K) NonClass: 111729K(113472K)->111729K(113472K) Class: 16864K(18560K)->16864K(18560K)
[2022-07-05T08:16:59.836+0000][8][gc          ] GC(285) Pause Young (Normal) (G1 Evacuation Pause) 395M->95M(512M) 27.066ms
[2022-07-05T08:16:59.838+0000][8][gc,cpu      ] GC(285) User=0.01s Sys=0.00s Real=0.03s
[2022-07-05T08:16:59.839+0000][8][safepoint   ] Safepoint "G1CollectForAllocation", Time since last: 27311298571 ns, Reaching safepoint: 104343 ns, At safepoint: 29557282 ns, Total: 29661625 ns
[2022-07-05T08:17:53.856+0000][8][safepoint   ] Safepoint "Cleanup", Time since last: 54059004564 ns, Reaching safepoint: 193360 ns, At safepoint: 6788 ns, Total: 200148 ns
[2022-07-05T08:18:08.855+0000][8][safepoint   ] Safepoint "Cleanup", Time since last: 15021889940 ns, Reaching safepoint: 201098 ns, At safepoint: 7316 ns, Total: 208414 ns
[2022-07-05T08:18:11.870+0000][8][safepoint   ] Safepoint "Cleanup", Time since last: 3014514734 ns, Reaching safepoint: 272462 ns, At safepoint: 19778 ns, Total: 292240 ns
[2022-07-05T08:18:17.882+0000][8][safepoint   ] Safepoint "Cleanup", Time since last: 6011844143 ns, Reaching safepoint: 140747 ns, At safepoint: 61236 ns, Total: 201983 ns
[2022-07-05T08:18:30.432+0000][8][gc,start    ] GC(286) Pause Young (Normal) (G1 Evacuation Pause)
[2022-07-05T08:18:30.433+0000][8][gc,task     ] GC(286) Using 4 workers of 4 for evacuation
[2022-07-05T08:18:30.433+0000][8][gc,age      ] GC(286) Desired survivor size 20971520 bytes, new threshold 15 (max threshold 15)
[2022-07-05T08:18:30.442+0000][8][gc,phases   ] GC(286)   Pre Evacuate Collection Set: 0.1ms
[2022-07-05T08:18:30.443+0000][8][gc,phases   ] GC(286)   Merge Heap Roots: 0.1ms
[2022-07-05T08:18:30.444+0000][8][gc,phases   ] GC(286)   Evacuate Collection Set: 6.5ms
[2022-07-05T08:18:30.444+0000][8][gc,phases   ] GC(286)   Post Evacuate Collection Set: 1.1ms
[2022-07-05T08:18:30.444+0000][8][gc,phases   ] GC(286)   Other: 1.5ms
[2022-07-05T08:18:30.445+0000][8][gc,age      ] GC(286) Age table with threshold 15 (max threshold 15)
[2022-07-05T08:18:30.446+0000][8][gc,age      ] GC(286) - age   1:    1651328 bytes,    1651328 total
[2022-07-05T08:18:30.446+0000][8][gc,age      ] GC(286) - age   2:       1856 bytes,    1653184 total
[2022-07-05T08:18:30.447+0000][8][gc,age      ] GC(286) - age   3:        344 bytes,    1653528 total
[2022-07-05T08:18:30.447+0000][8][gc,age      ] GC(286) - age   4:        608 bytes,    1654136 total
[2022-07-05T08:18:30.448+0000][8][gc,age      ] GC(286) - age   5:       5240 bytes,    1659376 total
[2022-07-05T08:18:30.448+0000][8][gc,age      ] GC(286) - age   6:        152 bytes,    1659528 total
[2022-07-05T08:18:30.449+0000][8][gc,age      ] GC(286) - age   7:      21304 bytes,    1680832 total
[2022-07-05T08:18:30.449+0000][8][gc,age      ] GC(286) - age   8:       5008 bytes,    1685840 total
[2022-07-05T08:18:30.450+0000][8][gc,age      ] GC(286) - age   9:      17816 bytes,    1703656 total
[2022-07-05T08:18:30.450+0000][8][gc,age      ] GC(286) - age  10:      74696 bytes,    1778352 total
[2022-07-05T08:18:30.451+0000][8][gc,age      ] GC(286) - age  11:      96808 bytes,    1875160 total
[2022-07-05T08:18:30.451+0000][8][gc,age      ] GC(286) - age  12:      25448 bytes,    1900608 total
[2022-07-05T08:18:30.452+0000][8][gc,age      ] GC(286) - age  13:     838608 bytes,    2739216 total
[2022-07-05T08:18:30.453+0000][8][gc,age      ] GC(286) - age  14:     264560 bytes,    3003776 total
[2022-07-05T08:18:30.454+0000][8][gc,age      ] GC(286) - age  15:        184 bytes,    3003960 total
[2022-07-05T08:18:30.454+0000][8][gc,heap     ] GC(286) Eden regions: 75->0(75)
[2022-07-05T08:18:30.455+0000][8][gc,heap     ] GC(286) Survivor regions: 1->1(10)
[2022-07-05T08:18:30.455+0000][8][gc,heap     ] GC(286) Old regions: 23->23
[2022-07-05T08:18:30.456+0000][8][gc,heap     ] GC(286) Archive regions: 2->2
[2022-07-05T08:18:30.456+0000][8][gc,heap     ] GC(286) Humongous regions: 0->0
[2022-07-05T08:18:30.457+0000][8][gc,metaspace] GC(286) Metaspace: 128593K(132032K)->128593K(132032K) NonClass: 111729K(113472K)->111729K(113472K) Class: 16864K(18560K)->16864K(18560K)
[2022-07-05T08:18:30.457+0000][8][gc          ] GC(286) Pause Young (Normal) (G1 Evacuation Pause) 395M->95M(512M) 25.615ms
[2022-07-05T08:18:30.458+0000][8][gc,cpu      ] GC(286) User=0.01s Sys=0.00s Real=0.03s
[2022-07-05T08:18:30.459+0000][8][safepoint   ] Safepoint "G1CollectForAllocation", Time since last: 12549497684 ns, Reaching safepoint: 121058 ns, At safepoint: 26822239 ns, Total: 26943297 ns
[2022-07-05T08:19:59.287+0000][8][gc,start    ] GC(287) Pause Young (Normal) (G1 Evacuation Pause)
[2022-07-05T08:19:59.288+0000][8][gc,task     ] GC(287) Using 4 workers of 4 for evacuation
[2022-07-05T08:19:59.289+0000][8][gc,age      ] GC(287) Desired survivor size 20971520 bytes, new threshold 15 (max threshold 15)
[2022-07-05T08:19:59.295+0000][8][gc,phases   ] GC(287)   Pre Evacuate Collection Set: 0.2ms
[2022-07-05T08:19:59.296+0000][8][gc,phases   ] GC(287)   Merge Heap Roots: 0.1ms
[2022-07-05T08:19:59.296+0000][8][gc,phases   ] GC(287)   Evacuate Collection Set: 2.6ms
[2022-07-05T08:19:59.297+0000][8][gc,phases   ] GC(287)   Post Evacuate Collection Set: 1.0ms
[2022-07-05T08:19:59.298+0000][8][gc,phases   ] GC(287)   Other: 2.2ms
[2022-07-05T08:19:59.298+0000][8][gc,age      ] GC(287) Age table with threshold 15 (max threshold 15)
[2022-07-05T08:19:59.299+0000][8][gc,age      ] GC(287) - age   1:     393888 bytes,     393888 total
[2022-07-05T08:19:59.299+0000][8][gc,age      ] GC(287) - age   2:       8424 bytes,     402312 total
[2022-07-05T08:19:59.300+0000][8][gc,age      ] GC(287) - age   3:         88 bytes,     402400 total
[2022-07-05T08:19:59.301+0000][8][gc,age      ] GC(287) - age   4:        216 bytes,     402616 total
[2022-07-05T08:19:59.302+0000][8][gc,age      ] GC(287) - age   5:        608 bytes,     403224 total
[2022-07-05T08:19:59.302+0000][8][gc,age      ] GC(287) - age   6:       5240 bytes,     408464 total
[2022-07-05T08:19:59.303+0000][8][gc,age      ] GC(287) - age   7:        152 bytes,     408616 total
[2022-07-05T08:19:59.304+0000][8][gc,age      ] GC(287) - age   8:      21128 bytes,     429744 total
[2022-07-05T08:19:59.304+0000][8][gc,age      ] GC(287) - age   9:       5008 bytes,     434752 total
[2022-07-05T08:19:59.305+0000][8][gc,age      ] GC(287) - age  10:      17816 bytes,     452568 total
[2022-07-05T08:19:59.305+0000][8][gc,age      ] GC(287) - age  11:      74696 bytes,     527264 total
[2022-07-05T08:19:59.306+0000][8][gc,age      ] GC(287) - age  12:      96808 bytes,     624072 total
[2022-07-05T08:19:59.307+0000][8][gc,age      ] GC(287) - age  13:      25448 bytes,     649520 total
[2022-07-05T08:19:59.307+0000][8][gc,age      ] GC(287) - age  14:     838576 bytes,    1488096 total
[2022-07-05T08:19:59.308+0000][8][gc,age      ] GC(287) - age  15:     264560 bytes,    1752656 total
[2022-07-05T08:19:59.308+0000][8][gc,heap     ] GC(287) Eden regions: 75->0(75)
[2022-07-05T08:19:59.309+0000][8][gc,heap     ] GC(287) Survivor regions: 1->1(10)
[2022-07-05T08:19:59.309+0000][8][gc,heap     ] GC(287) Old regions: 23->23
[2022-07-05T08:19:59.310+0000][8][gc,heap     ] GC(287) Archive regions: 2->2
[2022-07-05T08:19:59.311+0000][8][gc,heap     ] GC(287) Humongous regions: 0->0
[2022-07-05T08:19:59.313+0000][8][gc,metaspace] GC(287) Metaspace: 128593K(132032K)->128593K(132032K) NonClass: 111729K(113472K)->111729K(113472K) Class: 16864K(18560K)->16864K(18560K)
[2022-07-05T08:19:59.314+0000][8][gc          ] GC(287) Pause Young (Normal) (G1 Evacuation Pause) 395M->94M(512M) 26.854ms
[2022-07-05T08:19:59.315+0000][8][gc,cpu      ] GC(287) User=0.01s Sys=0.00s Real=0.03s
[2022-07-05T08:19:59.315+0000][8][safepoint   ] Safepoint "G1CollectForAllocation", Time since last: 88893438584 ns, Reaching safepoint: 86348 ns, At safepoint: 28010749 ns, Total: 28097097 ns
[2022-07-05T08:20:09.308+0000][8][safepoint   ] Safepoint "Cleanup", Time since last: 10013644143 ns, Reaching safepoint: 106167 ns, At safepoint: 5412 ns, Total: 111579 ns
[2022-07-05T08:21:24.081+0000][8][gc,start    ] GC(288) Pause Young (Normal) (G1 Evacuation Pause)
[2022-07-05T08:21:24.083+0000][8][gc,task     ] GC(288) Using 4 workers of 4 for evacuation
[2022-07-05T08:21:24.084+0000][8][gc,age      ] GC(288) Desired survivor size 20971520 bytes, new threshold 15 (max threshold 15)
[2022-07-05T08:21:24.091+0000][8][gc,phases   ] GC(288)   Pre Evacuate Collection Set: 0.2ms
[2022-07-05T08:21:24.092+0000][8][gc,phases   ] GC(288)   Merge Heap Roots: 0.1ms
[2022-07-05T08:21:24.092+0000][8][gc,phases   ] GC(288)   Evacuate Collection Set: 4.7ms
[2022-07-05T08:21:24.093+0000][8][gc,phases   ] GC(288)   Post Evacuate Collection Set: 1.1ms
[2022-07-05T08:21:24.094+0000][8][gc,phases   ] GC(288)   Other: 1.9ms
[2022-07-05T08:21:24.095+0000][8][gc,age      ] GC(288) Age table with threshold 15 (max threshold 15)
[2022-07-05T08:21:24.096+0000][8][gc,age      ] GC(288) - age   1:    1698968 bytes,    1698968 total
[2022-07-05T08:21:24.096+0000][8][gc,age      ] GC(288) - age   2:       1320 bytes,    1700288 total
[2022-07-05T08:21:24.097+0000][8][gc,age      ] GC(288) - age   3:       6808 bytes,    1707096 total
[2022-07-05T08:21:24.098+0000][8][gc,age      ] GC(288) - age   4:         24 bytes,    1707120 total
[2022-07-05T08:21:24.098+0000][8][gc,age      ] GC(288) - age   5:        216 bytes,    1707336 total
[2022-07-05T08:21:24.099+0000][8][gc,age      ] GC(288) - age   6:        608 bytes,    1707944 total
[2022-07-05T08:21:24.100+0000][8][gc,age      ] GC(288) - age   7:       5240 bytes,    1713184 total
[2022-07-05T08:21:24.100+0000][8][gc,age      ] GC(288) - age   8:        152 bytes,    1713336 total
[2022-07-05T08:21:24.101+0000][8][gc,age      ] GC(288) - age   9:      21128 bytes,    1734464 total
[2022-07-05T08:21:24.102+0000][8][gc,age      ] GC(288) - age  10:       5008 bytes,    1739472 total
[2022-07-05T08:21:24.103+0000][8][gc,age      ] GC(288) - age  11:      17816 bytes,    1757288 total
[2022-07-05T08:21:24.104+0000][8][gc,age      ] GC(288) - age  12:      74696 bytes,    1831984 total
[2022-07-05T08:21:24.104+0000][8][gc,age      ] GC(288) - age  13:      96808 bytes,    1928792 total
[2022-07-05T08:21:24.105+0000][8][gc,age      ] GC(288) - age  14:      25448 bytes,    1954240 total
[2022-07-05T08:21:24.106+0000][8][gc,age      ] GC(288) - age  15:     838576 bytes,    2792816 total
[2022-07-05T08:21:24.106+0000][8][gc,heap     ] GC(288) Eden regions: 75->0(75)
[2022-07-05T08:21:24.107+0000][8][gc,heap     ] GC(288) Survivor regions: 1->1(10)
[2022-07-05T08:21:24.109+0000][8][gc,heap     ] GC(288) Old regions: 23->23
[2022-07-05T08:21:24.110+0000][8][gc,heap     ] GC(288) Archive regions: 2->2
[2022-07-05T08:21:24.111+0000][8][gc,heap     ] GC(288) Humongous regions: 0->0
[2022-07-05T08:21:24.112+0000][8][gc,metaspace] GC(288) Metaspace: 128593K(132032K)->128593K(132032K) NonClass: 111729K(113472K)->111729K(113472K) Class: 16864K(18560K)->16864K(18560K)
[2022-07-05T08:21:24.112+0000][8][gc          ] GC(288) Pause Young (Normal) (G1 Evacuation Pause) 394M->96M(512M) 31.154ms
[2022-07-05T08:21:24.113+0000][8][gc,cpu      ] GC(288) User=0.02s Sys=0.00s Real=0.03s
[2022-07-05T08:21:24.114+0000][8][safepoint   ] Safepoint "G1CollectForAllocation", Time since last: 74816610593 ns, Reaching safepoint: 83320 ns, At safepoint: 33001380 ns, Total: 33084700 ns
[2022-07-05T08:22:53.314+0000][8][gc,start    ] GC(289) Pause Young (Normal) (G1 Evacuation Pause)
[2022-07-05T08:22:53.315+0000][8][gc,task     ] GC(289) Using 4 workers of 4 for evacuation
[2022-07-05T08:22:53.316+0000][8][gc,age      ] GC(289) Desired survivor size 20971520 bytes, new threshold 15 (max threshold 15)
[2022-07-05T08:22:53.324+0000][8][gc,phases   ] GC(289)   Pre Evacuate Collection Set: 0.3ms
[2022-07-05T08:22:53.325+0000][8][gc,phases   ] GC(289)   Merge Heap Roots: 0.1ms
[2022-07-05T08:22:53.326+0000][8][gc,phases   ] GC(289)   Evacuate Collection Set: 4.6ms
[2022-07-05T08:22:53.326+0000][8][gc,phases   ] GC(289)   Post Evacuate Collection Set: 1.1ms
[2022-07-05T08:22:53.327+0000][8][gc,phases   ] GC(289)   Other: 2.7ms
[2022-07-05T08:22:53.328+0000][8][gc,age      ] GC(289) Age table with threshold 15 (max threshold 15)
[2022-07-05T08:22:53.328+0000][8][gc,age      ] GC(289) - age   1:     896168 bytes,     896168 total
[2022-07-05T08:22:53.329+0000][8][gc,age      ] GC(289) - age   2:       1408 bytes,     897576 total
[2022-07-05T08:22:53.329+0000][8][gc,age      ] GC(289) - age   3:        664 bytes,     898240 total
[2022-07-05T08:22:53.330+0000][8][gc,age      ] GC(289) - age   4:       6584 bytes,     904824 total
[2022-07-05T08:22:53.330+0000][8][gc,age      ] GC(289) - age   6:        216 bytes,     905040 total
[2022-07-05T08:22:53.331+0000][8][gc,age      ] GC(289) - age   7:        424 bytes,     905464 total
[2022-07-05T08:22:53.332+0000][8][gc,age      ] GC(289) - age   8:       5240 bytes,     910704 total
[2022-07-05T08:22:53.332+0000][8][gc,age      ] GC(289) - age   9:        152 bytes,     910856 total
[2022-07-05T08:22:53.333+0000][8][gc,age      ] GC(289) - age  10:      21128 bytes,     931984 total
[2022-07-05T08:22:53.333+0000][8][gc,age      ] GC(289) - age  11:       5008 bytes,     936992 total
[2022-07-05T08:22:53.334+0000][8][gc,age      ] GC(289) - age  12:      17816 bytes,     954808 total
[2022-07-05T08:22:53.334+0000][8][gc,age      ] GC(289) - age  13:      74696 bytes,    1029504 total
[2022-07-05T08:22:53.335+0000][8][gc,age      ] GC(289) - age  14:      96808 bytes,    1126312 total
[2022-07-05T08:22:53.335+0000][8][gc,age      ] GC(289) - age  15:      25448 bytes,    1151760 total
[2022-07-05T08:22:53.336+0000][8][gc,heap     ] GC(289) Eden regions: 75->0(75)
[2022-07-05T08:22:53.337+0000][8][gc,heap     ] GC(289) Survivor regions: 1->1(10)
[2022-07-05T08:22:53.337+0000][8][gc,heap     ] GC(289) Old regions: 23->23
[2022-07-05T08:22:53.337+0000][8][gc,heap     ] GC(289) Archive regions: 2->2
[2022-07-05T08:22:53.338+0000][8][gc,heap     ] GC(289) Humongous regions: 0->0
[2022-07-05T08:22:53.339+0000][8][gc,metaspace] GC(289) Metaspace: 128593K(132032K)->128593K(132032K) NonClass: 111729K(113472K)->111729K(113472K) Class: 16864K(18560K)->16864K(18560K)
[2022-07-05T08:22:53.340+0000][8][gc          ] GC(289) Pause Young (Normal) (G1 Evacuation Pause) 396M->95M(512M) 26.245ms
[2022-07-05T08:22:53.341+0000][8][gc,cpu      ] GC(289) User=0.02s Sys=0.00s Real=0.03s
[2022-07-05T08:22:53.342+0000][8][safepoint   ] Safepoint "G1CollectForAllocation", Time since last: 89264316150 ns, Reaching safepoint: 130798 ns, At safepoint: 28128596 ns, Total: 28259394 ns
[2022-07-05T08:23:12.348+0000][8][safepoint   ] Safepoint "Cleanup", Time since last: 19027543524 ns, Reaching safepoint: 543107 ns, At safepoint: 21787 ns, Total: 564894 ns
[2022-07-05T08:23:32.340+0000][8][safepoint   ] Safepoint "Cleanup", Time since last: 20013572530 ns, Reaching safepoint: 188534 ns, At safepoint: 10114 ns, Total: 198648 ns
[2022-07-05T08:24:32.194+0000][8][gc,start    ] GC(290) Pause Young (Normal) (G1 Evacuation Pause)
[2022-07-05T08:24:32.195+0000][8][gc,task     ] GC(290) Using 4 workers of 4 for evacuation
[2022-07-05T08:24:32.196+0000][8][gc,age      ] GC(290) Desired survivor size 20971520 bytes, new threshold 15 (max threshold 15)
[2022-07-05T08:24:32.199+0000][8][gc,phases   ] GC(290)   Pre Evacuate Collection Set: 0.2ms
[2022-07-05T08:24:32.200+0000][8][gc,phases   ] GC(290)   Merge Heap Roots: 0.1ms
[2022-07-05T08:24:32.201+0000][8][gc,phases   ] GC(290)   Evacuate Collection Set: 1.3ms
[2022-07-05T08:24:32.202+0000][8][gc,phases   ] GC(290)   Post Evacuate Collection Set: 0.9ms
[2022-07-05T08:24:32.203+0000][8][gc,phases   ] GC(290)   Other: 2.2ms
[2022-07-05T08:24:32.203+0000][8][gc,age      ] GC(290) Age table with threshold 15 (max threshold 15)
[2022-07-05T08:24:32.204+0000][8][gc,age      ] GC(290) - age   1:     382088 bytes,     382088 total
[2022-07-05T08:24:32.204+0000][8][gc,age      ] GC(290) - age   2:       1024 bytes,     383112 total
[2022-07-05T08:24:32.205+0000][8][gc,age      ] GC(290) - age   4:        664 bytes,     383776 total
[2022-07-05T08:24:32.206+0000][8][gc,age      ] GC(290) - age   5:       6584 bytes,     390360 total
[2022-07-05T08:24:32.206+0000][8][gc,age      ] GC(290) - age   7:        216 bytes,     390576 total
[2022-07-05T08:24:32.207+0000][8][gc,age      ] GC(290) - age   8:        424 bytes,     391000 total
[2022-07-05T08:24:32.208+0000][8][gc,age      ] GC(290) - age   9:       5240 bytes,     396240 total
[2022-07-05T08:24:32.208+0000][8][gc,age      ] GC(290) - age  10:        152 bytes,     396392 total
[2022-07-05T08:24:32.209+0000][8][gc,age      ] GC(290) - age  11:      21128 bytes,     417520 total
[2022-07-05T08:24:32.210+0000][8][gc,age      ] GC(290) - age  12:       5008 bytes,     422528 total
[2022-07-05T08:24:32.210+0000][8][gc,age      ] GC(290) - age  13:      17816 bytes,     440344 total
[2022-07-05T08:24:32.211+0000][8][gc,age      ] GC(290) - age  14:      74696 bytes,     515040 total
[2022-07-05T08:24:32.211+0000][8][gc,age      ] GC(290) - age  15:      96808 bytes,     611848 total
[2022-07-05T08:24:32.212+0000][8][gc,heap     ] GC(290) Eden regions: 75->0(75)
[2022-07-05T08:24:32.213+0000][8][gc,heap     ] GC(290) Survivor regions: 1->1(10)
[2022-07-05T08:24:32.213+0000][8][gc,heap     ] GC(290) Old regions: 23->23
[2022-07-05T08:24:32.214+0000][8][gc,heap     ] GC(290) Archive regions: 2->2
[2022-07-05T08:24:32.214+0000][8][gc,heap     ] GC(290) Humongous regions: 0->0
[2022-07-05T08:24:32.215+0000][8][gc,metaspace] GC(290) Metaspace: 128593K(132032K)->128593K(132032K) NonClass: 111729K(113472K)->111729K(113472K) Class: 16864K(18560K)->16864K(18560K)
[2022-07-05T08:24:32.216+0000][8][gc          ] GC(290) Pause Young (Normal) (G1 Evacuation Pause) 395M->94M(512M) 22.267ms
[2022-07-05T08:24:32.217+0000][8][gc,cpu      ] GC(290) User=0.01s Sys=0.01s Real=0.02s
[2022-07-05T08:24:32.217+0000][8][safepoint   ] Safepoint "G1CollectForAllocation", Time since last: 59896560159 ns, Reaching safepoint: 85744 ns, At safepoint: 23869558 ns, Total: 23955302 ns
[2022-07-05T08:24:56.242+0000][8][safepoint   ] Safepoint "Cleanup", Time since last: 24024427199 ns, Reaching safepoint: 223380 ns, At safepoint: 38131 ns, Total: 261511 ns
[2022-07-05T08:26:26.331+0000][8][gc,start    ] GC(291) Pause Young (Normal) (G1 Evacuation Pause)
[2022-07-05T08:26:26.332+0000][8][gc,task     ] GC(291) Using 4 workers of 4 for evacuation
[2022-07-05T08:26:26.333+0000][8][gc,age      ] GC(291) Desired survivor size 20971520 bytes, new threshold 15 (max threshold 15)
[2022-07-05T08:26:26.340+0000][8][gc,phases   ] GC(291)   Pre Evacuate Collection Set: 0.3ms
[2022-07-05T08:26:26.342+0000][8][gc,phases   ] GC(291)   Merge Heap Roots: 0.2ms
[2022-07-05T08:26:26.342+0000][8][gc,phases   ] GC(291)   Evacuate Collection Set: 3.1ms
[2022-07-05T08:26:26.343+0000][8][gc,phases   ] GC(291)   Post Evacuate Collection Set: 1.4ms
[2022-07-05T08:26:26.343+0000][8][gc,phases   ] GC(291)   Other: 2.6ms
[2022-07-05T08:26:26.344+0000][8][gc,age      ] GC(291) Age table with threshold 15 (max threshold 15)
[2022-07-05T08:26:26.345+0000][8][gc,age      ] GC(291) - age   1:    1310808 bytes,    1310808 total
[2022-07-05T08:26:26.346+0000][8][gc,age      ] GC(291) - age   2:       1104 bytes,    1311912 total
[2022-07-05T08:26:26.346+0000][8][gc,age      ] GC(291) - age   3:        576 bytes,    1312488 total
[2022-07-05T08:26:26.347+0000][8][gc,age      ] GC(291) - age   5:        368 bytes,    1312856 total
[2022-07-05T08:26:26.347+0000][8][gc,age      ] GC(291) - age   6:       6584 bytes,    1319440 total
[2022-07-05T08:26:26.348+0000][8][gc,age      ] GC(291) - age   8:        216 bytes,    1319656 total
[2022-07-05T08:26:26.348+0000][8][gc,age      ] GC(291) - age   9:        424 bytes,    1320080 total
[2022-07-05T08:26:26.349+0000][8][gc,age      ] GC(291) - age  10:       5240 bytes,    1325320 total
[2022-07-05T08:26:26.350+0000][8][gc,age      ] GC(291) - age  11:        152 bytes,    1325472 total
[2022-07-05T08:26:26.350+0000][8][gc,age      ] GC(291) - age  12:      21128 bytes,    1346600 total
[2022-07-05T08:26:26.351+0000][8][gc,age      ] GC(291) - age  13:       5008 bytes,    1351608 total
[2022-07-05T08:26:26.351+0000][8][gc,age      ] GC(291) - age  14:      17432 bytes,    1369040 total
[2022-07-05T08:26:26.352+0000][8][gc,age      ] GC(291) - age  15:      74696 bytes,    1443736 total
[2022-07-05T08:26:26.352+0000][8][gc,heap     ] GC(291) Eden regions: 75->0(75)
[2022-07-05T08:26:26.353+0000][8][gc,heap     ] GC(291) Survivor regions: 1->1(10)
[2022-07-05T08:26:26.354+0000][8][gc,heap     ] GC(291) Old regions: 23->23
[2022-07-05T08:26:26.354+0000][8][gc,heap     ] GC(291) Archive regions: 2->2
[2022-07-05T08:26:26.355+0000][8][gc,heap     ] GC(291) Humongous regions: 0->0
[2022-07-05T08:26:26.356+0000][8][gc,metaspace] GC(291) Metaspace: 128593K(132032K)->128593K(132032K) NonClass: 111729K(113472K)->111729K(113472K) Class: 16864K(18560K)->16864K(18560K)
[2022-07-05T08:26:26.356+0000][8][gc          ] GC(291) Pause Young (Normal) (G1 Evacuation Pause) 394M->95M(512M) 25.764ms
[2022-07-05T08:26:26.357+0000][8][gc,cpu      ] GC(291) User=0.01s Sys=0.01s Real=0.03s
[2022-07-05T08:26:26.358+0000][8][safepoint   ] Safepoint "G1CollectForAllocation", Time since last: 90153382604 ns, Reaching safepoint: 209802 ns, At safepoint: 27056019 ns, Total: 27265821 ns
[2022-07-05T08:27:50.388+0000][8][safepoint   ] Safepoint "Cleanup", Time since last: 84094587837 ns, Reaching safepoint: 333974 ns, At safepoint: 26573 ns, Total: 360547 ns
[2022-07-05T08:28:02.378+0000][8][safepoint   ] Safepoint "Cleanup", Time since last: 12011158561 ns, Reaching safepoint: 490809 ns, At safepoint: 33997 ns, Total: 524806 ns
[2022-07-05T08:28:05.384+0000][8][safepoint   ] Safepoint "Cleanup", Time since last: 3005641943 ns, Reaching safepoint: 282250 ns, At safepoint: 24036 ns, Total: 306286 ns
[2022-07-05T08:28:08.388+0000][8][safepoint   ] Safepoint "Cleanup", Time since last: 3004121354 ns, Reaching safepoint: 109671 ns, At safepoint: 6234 ns, Total: 115905 ns
[2022-07-05T08:28:14.169+0000][8][gc,start    ] GC(292) Pause Young (Normal) (G1 Evacuation Pause)
[2022-07-05T08:28:14.170+0000][8][gc,task     ] GC(292) Using 4 workers of 4 for evacuation
[2022-07-05T08:28:14.171+0000][8][gc,age      ] GC(292) Desired survivor size 20971520 bytes, new threshold 15 (max threshold 15)
[2022-07-05T08:28:14.175+0000][8][gc,phases   ] GC(292)   Pre Evacuate Collection Set: 0.1ms
[2022-07-05T08:28:14.177+0000][8][gc,phases   ] GC(292)   Merge Heap Roots: 0.1ms
[2022-07-05T08:28:14.177+0000][8][gc,phases   ] GC(292)   Evacuate Collection Set: 1.7ms
[2022-07-05T08:28:14.178+0000][8][gc,phases   ] GC(292)   Post Evacuate Collection Set: 1.0ms
[2022-07-05T08:28:14.179+0000][8][gc,phases   ] GC(292)   Other: 1.2ms
[2022-07-05T08:28:14.180+0000][8][gc,age      ] GC(292) Age table with threshold 15 (max threshold 15)
[2022-07-05T08:28:14.180+0000][8][gc,age      ] GC(292) - age   1:     668440 bytes,     668440 total
[2022-07-05T08:28:14.181+0000][8][gc,age      ] GC(292) - age   2:       6704 bytes,     675144 total
[2022-07-05T08:28:14.181+0000][8][gc,age      ] GC(292) - age   3:        656 bytes,     675800 total
[2022-07-05T08:28:14.182+0000][8][gc,age      ] GC(292) - age   4:        184 bytes,     675984 total
[2022-07-05T08:28:14.182+0000][8][gc,age      ] GC(292) - age   6:        184 bytes,     676168 total
[2022-07-05T08:28:14.183+0000][8][gc,age      ] GC(292) - age   7:       4664 bytes,     680832 total
[2022-07-05T08:28:14.183+0000][8][gc,age      ] GC(292) - age   9:        216 bytes,     681048 total
[2022-07-05T08:28:14.184+0000][8][gc,age      ] GC(292) - age  10:        424 bytes,     681472 total
[2022-07-05T08:28:14.184+0000][8][gc,age      ] GC(292) - age  11:       4848 bytes,     686320 total
[2022-07-05T08:28:14.185+0000][8][gc,age      ] GC(292) - age  12:        152 bytes,     686472 total
[2022-07-05T08:28:14.185+0000][8][gc,age      ] GC(292) - age  13:      21128 bytes,     707600 total
[2022-07-05T08:28:14.186+0000][8][gc,age      ] GC(292) - age  14:       5008 bytes,     712608 total
[2022-07-05T08:28:14.187+0000][8][gc,age      ] GC(292) - age  15:      17336 bytes,     729944 total
[2022-07-05T08:28:14.187+0000][8][gc,heap     ] GC(292) Eden regions: 75->0(75)
[2022-07-05T08:28:14.187+0000][8][gc,heap     ] GC(292) Survivor regions: 1->1(10)
[2022-07-05T08:28:14.188+0000][8][gc,heap     ] GC(292) Old regions: 23->23
[2022-07-05T08:28:14.189+0000][8][gc,heap     ] GC(292) Archive regions: 2->2
[2022-07-05T08:28:14.189+0000][8][gc,heap     ] GC(292) Humongous regions: 0->0
[2022-07-05T08:28:14.190+0000][8][gc,metaspace] GC(292) Metaspace: 128593K(132032K)->128593K(132032K) NonClass: 111729K(113472K)->111729K(113472K) Class: 16864K(18560K)->16864K(18560K)
[2022-07-05T08:28:14.190+0000][8][gc          ] GC(292) Pause Young (Normal) (G1 Evacuation Pause) 395M->94M(512M) 20.837ms
[2022-07-05T08:28:14.191+0000][8][gc,cpu      ] GC(292) User=0.01s Sys=0.00s Real=0.03s
[2022-07-05T08:28:14.192+0000][8][safepoint   ] Safepoint "G1CollectForAllocation", Time since last: 5781131711 ns, Reaching safepoint: 79856 ns, At safepoint: 22835663 ns, Total: 22915519 ns
[2022-07-05T08:30:08.139+0000][8][gc,start    ] GC(293) Pause Young (Normal) (G1 Evacuation Pause)
[2022-07-05T08:30:08.140+0000][8][gc,task     ] GC(293) Using 4 workers of 4 for evacuation
[2022-07-05T08:30:08.141+0000][8][gc,age      ] GC(293) Desired survivor size 20971520 bytes, new threshold 15 (max threshold 15)
[2022-07-05T08:30:08.144+0000][8][gc,phases   ] GC(293)   Pre Evacuate Collection Set: 0.1ms
[2022-07-05T08:30:08.145+0000][8][gc,phases   ] GC(293)   Merge Heap Roots: 0.1ms
[2022-07-05T08:30:08.145+0000][8][gc,phases   ] GC(293)   Evacuate Collection Set: 1.8ms
[2022-07-05T08:30:08.146+0000][8][gc,phases   ] GC(293)   Post Evacuate Collection Set: 0.9ms
[2022-07-05T08:30:08.147+0000][8][gc,phases   ] GC(293)   Other: 1.3ms
[2022-07-05T08:30:08.147+0000][8][gc,age      ] GC(293) Age table with threshold 15 (max threshold 15)
[2022-07-05T08:30:08.148+0000][8][gc,age      ] GC(293) - age   1:    1313408 bytes,    1313408 total
[2022-07-05T08:30:08.148+0000][8][gc,age      ] GC(293) - age   2:       8720 bytes,    1322128 total
[2022-07-05T08:30:08.149+0000][8][gc,age      ] GC(293) - age   3:       5368 bytes,    1327496 total
[2022-07-05T08:30:08.149+0000][8][gc,age      ] GC(293) - age   4:        592 bytes,    1328088 total
[2022-07-05T08:30:08.150+0000][8][gc,age      ] GC(293) - age   5:        184 bytes,    1328272 total
[2022-07-05T08:30:08.150+0000][8][gc,age      ] GC(293) - age   8:       4664 bytes,    1332936 total
[2022-07-05T08:30:08.151+0000][8][gc,age      ] GC(293) - age  10:        216 bytes,    1333152 total
[2022-07-05T08:30:08.152+0000][8][gc,age      ] GC(293) - age  11:        424 bytes,    1333576 total
[2022-07-05T08:30:08.155+0000][8][gc,age      ] GC(293) - age  12:       4848 bytes,    1338424 total
[2022-07-05T08:30:08.156+0000][8][gc,age      ] GC(293) - age  13:        152 bytes,    1338576 total
[2022-07-05T08:30:08.157+0000][8][gc,age      ] GC(293) - age  14:      21096 bytes,    1359672 total
[2022-07-05T08:30:08.157+0000][8][gc,age      ] GC(293) - age  15:       5008 bytes,    1364680 total
[2022-07-05T08:30:08.158+0000][8][gc,heap     ] GC(293) Eden regions: 75->0(75)
[2022-07-05T08:30:08.159+0000][8][gc,heap     ] GC(293) Survivor regions: 1->1(10)
[2022-07-05T08:30:08.159+0000][8][gc,heap     ] GC(293) Old regions: 23->23
[2022-07-05T08:30:08.160+0000][8][gc,heap     ] GC(293) Archive regions: 2->2
[2022-07-05T08:30:08.161+0000][8][gc,heap     ] GC(293) Humongous regions: 0->0
[2022-07-05T08:30:08.161+0000][8][gc,metaspace] GC(293) Metaspace: 128593K(132032K)->128593K(132032K) NonClass: 111729K(113472K)->111729K(113472K) Class: 16864K(18560K)->16864K(18560K)
[2022-07-05T08:30:08.162+0000][8][gc          ] GC(293) Pause Young (Normal) (G1 Evacuation Pause) 394M->95M(512M) 22.956ms
[2022-07-05T08:30:08.163+0000][8][gc,cpu      ] GC(293) User=0.01s Sys=0.00s Real=0.02s
[2022-07-05T08:30:08.163+0000][8][safepoint   ] Safepoint "G1CollectForAllocation", Time since last: 114032401363 ns, Reaching safepoint: 59845 ns, At safepoint: 24436834 ns, Total: 24496679 ns
[2022-07-05T08:31:31.207+0000][8][safepoint   ] Safepoint "Cleanup", Time since last: 83087351656 ns, Reaching safepoint: 69766 ns, At safepoint: 5609 ns, Total: 75375 ns
[2022-07-05T08:31:44.117+0000][8][gc,start    ] GC(294) Pause Young (Normal) (G1 Evacuation Pause)
[2022-07-05T08:31:44.118+0000][8][gc,task     ] GC(294) Using 4 workers of 4 for evacuation
[2022-07-05T08:31:44.119+0000][8][gc,age      ] GC(294) Desired survivor size 20971520 bytes, new threshold 15 (max threshold 15)
[2022-07-05T08:31:44.125+0000][8][gc,phases   ] GC(294)   Pre Evacuate Collection Set: 0.2ms
[2022-07-05T08:31:44.125+0000][8][gc,phases   ] GC(294)   Merge Heap Roots: 0.2ms
[2022-07-05T08:31:44.126+0000][8][gc,phases   ] GC(294)   Evacuate Collection Set: 3.6ms
[2022-07-05T08:31:44.127+0000][8][gc,phases   ] GC(294)   Post Evacuate Collection Set: 1.0ms
[2022-07-05T08:31:44.128+0000][8][gc,phases   ] GC(294)   Other: 1.6ms
[2022-07-05T08:31:44.128+0000][8][gc,age      ] GC(294) Age table with threshold 15 (max threshold 15)
[2022-07-05T08:31:44.129+0000][8][gc,age      ] GC(294) - age   1:    1141624 bytes,    1141624 total
[2022-07-05T08:31:44.129+0000][8][gc,age      ] GC(294) - age   2:       1720 bytes,    1143344 total
[2022-07-05T08:31:44.130+0000][8][gc,age      ] GC(294) - age   3:       8464 bytes,    1151808 total
[2022-07-05T08:31:44.131+0000][8][gc,age      ] GC(294) - age   4:       5344 bytes,    1157152 total
[2022-07-05T08:31:44.131+0000][8][gc,age      ] GC(294) - age   5:        592 bytes,    1157744 total
[2022-07-05T08:31:44.132+0000][8][gc,age      ] GC(294) - age   6:        184 bytes,    1157928 total
[2022-07-05T08:31:44.132+0000][8][gc,age      ] GC(294) - age   9:       4664 bytes,    1162592 total
[2022-07-05T08:31:44.133+0000][8][gc,age      ] GC(294) - age  11:        216 bytes,    1162808 total
[2022-07-05T08:31:44.134+0000][8][gc,age      ] GC(294) - age  12:        424 bytes,    1163232 total
[2022-07-05T08:31:44.134+0000][8][gc,age      ] GC(294) - age  13:       4848 bytes,    1168080 total
[2022-07-05T08:31:44.135+0000][8][gc,age      ] GC(294) - age  14:        152 bytes,    1168232 total
[2022-07-05T08:31:44.136+0000][8][gc,age      ] GC(294) - age  15:      21096 bytes,    1189328 total
[2022-07-05T08:31:44.136+0000][8][gc,heap     ] GC(294) Eden regions: 75->0(75)
[2022-07-05T08:31:44.137+0000][8][gc,heap     ] GC(294) Survivor regions: 1->1(10)
[2022-07-05T08:31:44.137+0000][8][gc,heap     ] GC(294) Old regions: 23->23
[2022-07-05T08:31:44.142+0000][8][gc,heap     ] GC(294) Archive regions: 2->2
[2022-07-05T08:31:44.143+0000][8][gc,heap     ] GC(294) Humongous regions: 0->0
[2022-07-05T08:31:44.144+0000][8][gc,metaspace] GC(294) Metaspace: 128593K(132032K)->128593K(132032K) NonClass: 111729K(113472K)->111729K(113472K) Class: 16864K(18560K)->16864K(18560K)
[2022-07-05T08:31:44.144+0000][8][gc          ] GC(294) Pause Young (Normal) (G1 Evacuation Pause) 395M->95M(512M) 27.118ms
[2022-07-05T08:31:44.145+0000][8][gc,cpu      ] GC(294) User=0.00s Sys=0.01s Real=0.03s
[2022-07-05T08:31:44.146+0000][8][safepoint   ] Safepoint "G1CollectForAllocation", Time since last: 12931432278 ns, Reaching safepoint: 154489 ns, At safepoint: 28572626 ns, Total: 28727115 ns
[2022-07-05T08:33:26.067+0000][8][gc,start    ] GC(295) Pause Young (Normal) (G1 Evacuation Pause)
[2022-07-05T08:33:26.068+0000][8][gc,task     ] GC(295) Using 4 workers of 4 for evacuation
[2022-07-05T08:33:26.069+0000][8][gc,age      ] GC(295) Desired survivor size 20971520 bytes, new threshold 15 (max threshold 15)
[2022-07-05T08:33:26.073+0000][8][gc,phases   ] GC(295)   Pre Evacuate Collection Set: 0.2ms
[2022-07-05T08:33:26.073+0000][8][gc,phases   ] GC(295)   Merge Heap Roots: 0.1ms
[2022-07-05T08:33:26.074+0000][8][gc,phases   ] GC(295)   Evacuate Collection Set: 1.5ms
[2022-07-05T08:33:26.075+0000][8][gc,phases   ] GC(295)   Post Evacuate Collection Set: 1.0ms
[2022-07-05T08:33:26.076+0000][8][gc,phases   ] GC(295)   Other: 2.0ms
[2022-07-05T08:33:26.076+0000][8][gc,age      ] GC(295) Age table with threshold 15 (max threshold 15)
[2022-07-05T08:33:26.077+0000][8][gc,age      ] GC(295) - age   1:     613232 bytes,     613232 total
[2022-07-05T08:33:26.078+0000][8][gc,age      ] GC(295) - age   2:       1688 bytes,     614920 total
[2022-07-05T08:33:26.078+0000][8][gc,age      ] GC(295) - age   3:        824 bytes,     615744 total
[2022-07-05T08:33:26.081+0000][8][gc,age      ] GC(295) - age   4:       8304 bytes,     624048 total
[2022-07-05T08:33:26.082+0000][8][gc,age      ] GC(295) - age   5:       5048 bytes,     629096 total
[2022-07-05T08:33:26.083+0000][8][gc,age      ] GC(295) - age   6:        592 bytes,     629688 total
[2022-07-05T08:33:26.083+0000][8][gc,age      ] GC(295) - age   7:        184 bytes,     629872 total
[2022-07-05T08:33:26.084+0000][8][gc,age      ] GC(295) - age  10:       4664 bytes,     634536 total
[2022-07-05T08:33:26.085+0000][8][gc,age      ] GC(295) - age  12:        216 bytes,     634752 total
[2022-07-05T08:33:26.085+0000][8][gc,age      ] GC(295) - age  13:        424 bytes,     635176 total
[2022-07-05T08:33:26.086+0000][8][gc,age      ] GC(295) - age  14:       4848 bytes,     640024 total
[2022-07-05T08:33:26.086+0000][8][gc,age      ] GC(295) - age  15:        152 bytes,     640176 total
[2022-07-05T08:33:26.087+0000][8][gc,heap     ] GC(295) Eden regions: 75->0(75)
[2022-07-05T08:33:26.087+0000][8][gc,heap     ] GC(295) Survivor regions: 1->1(10)
[2022-07-05T08:33:26.088+0000][8][gc,heap     ] GC(295) Old regions: 23->23
[2022-07-05T08:33:26.089+0000][8][gc,heap     ] GC(295) Archive regions: 2->2
[2022-07-05T08:33:26.089+0000][8][gc,heap     ] GC(295) Humongous regions: 0->0
[2022-07-05T08:33:26.090+0000][8][gc,metaspace] GC(295) Metaspace: 128593K(132032K)->128593K(132032K) NonClass: 111729K(113472K)->111729K(113472K) Class: 16864K(18560K)->16864K(18560K)
[2022-07-05T08:33:26.091+0000][8][gc          ] GC(295) Pause Young (Normal) (G1 Evacuation Pause) 395M->94M(512M) 24.082ms
[2022-07-05T08:33:26.091+0000][8][gc,cpu      ] GC(295) User=0.01s Sys=0.00s Real=0.02s
[2022-07-05T08:33:26.092+0000][8][safepoint   ] Safepoint "G1CollectForAllocation", Time since last: 101985738016 ns, Reaching safepoint: 98084 ns, At safepoint: 25509944 ns, Total: 25608028 ns
[2022-07-05T08:35:14.261+0000][8][gc,start    ] GC(296) Pause Young (Normal) (G1 Evacuation Pause)
[2022-07-05T08:35:14.262+0000][8][gc,task     ] GC(296) Using 4 workers of 4 for evacuation
[2022-07-05T08:35:14.263+0000][8][gc,age      ] GC(296) Desired survivor size 20971520 bytes, new threshold 15 (max threshold 15)
[2022-07-05T08:35:14.267+0000][8][gc,phases   ] GC(296)   Pre Evacuate Collection Set: 0.2ms
[2022-07-05T08:35:14.268+0000][8][gc,phases   ] GC(296)   Merge Heap Roots: 0.1ms
[2022-07-05T08:35:14.269+0000][8][gc,phases   ] GC(296)   Evacuate Collection Set: 2.2ms
[2022-07-05T08:35:14.270+0000][8][gc,phases   ] GC(296)   Post Evacuate Collection Set: 0.9ms
[2022-07-05T08:35:14.271+0000][8][gc,phases   ] GC(296)   Other: 1.7ms
[2022-07-05T08:35:14.271+0000][8][gc,age      ] GC(296) Age table with threshold 15 (max threshold 15)
[2022-07-05T08:35:14.272+0000][8][gc,age      ] GC(296) - age   1:    1759464 bytes,    1759464 total
[2022-07-05T08:35:14.273+0000][8][gc,age      ] GC(296) - age   2:        864 bytes,    1760328 total
[2022-07-05T08:35:14.274+0000][8][gc,age      ] GC(296) - age   4:        824 bytes,    1761152 total
[2022-07-05T08:35:14.275+0000][8][gc,age      ] GC(296) - age   5:       8304 bytes,    1769456 total
[2022-07-05T08:35:14.276+0000][8][gc,age      ] GC(296) - age   6:       5048 bytes,    1774504 total
[2022-07-05T08:35:14.277+0000][8][gc,age      ] GC(296) - age   7:        592 bytes,    1775096 total
[2022-07-05T08:35:14.277+0000][8][gc,age      ] GC(296) - age   8:        184 bytes,    1775280 total
[2022-07-05T08:35:14.278+0000][8][gc,age      ] GC(296) - age  11:       4664 bytes,    1779944 total
[2022-07-05T08:35:14.278+0000][8][gc,age      ] GC(296) - age  13:        184 bytes,    1780128 total
[2022-07-05T08:35:14.279+0000][8][gc,age      ] GC(296) - age  14:        424 bytes,    1780552 total
[2022-07-05T08:35:14.280+0000][8][gc,age      ] GC(296) - age  15:       4848 bytes,    1785400 total
[2022-07-05T08:35:14.281+0000][8][gc,heap     ] GC(296) Eden regions: 75->0(75)
[2022-07-05T08:35:14.281+0000][8][gc,heap     ] GC(296) Survivor regions: 1->1(10)
[2022-07-05T08:35:14.282+0000][8][gc,heap     ] GC(296) Old regions: 23->23
[2022-07-05T08:35:14.283+0000][8][gc,heap     ] GC(296) Archive regions: 2->2
[2022-07-05T08:35:14.283+0000][8][gc,heap     ] GC(296) Humongous regions: 0->0
[2022-07-05T08:35:14.284+0000][8][gc,metaspace] GC(296) Metaspace: 128593K(132032K)->128593K(132032K) NonClass: 111729K(113472K)->111729K(113472K) Class: 16864K(18560K)->16864K(18560K)
[2022-07-05T08:35:14.285+0000][8][gc          ] GC(296) Pause Young (Normal) (G1 Evacuation Pause) 394M->96M(512M) 24.237ms
[2022-07-05T08:35:14.286+0000][8][gc,cpu      ] GC(296) User=0.00s Sys=0.00s Real=0.02s
[2022-07-05T08:35:14.287+0000][8][safepoint   ] Safepoint "G1CollectForAllocation", Time since last: 108254702433 ns, Reaching safepoint: 128417 ns, At safepoint: 26189206 ns, Total: 26317623 ns
[2022-07-05T08:37:05.099+0000][8][gc,start    ] GC(297) Pause Young (Normal) (G1 Evacuation Pause)
[2022-07-05T08:37:05.100+0000][8][gc,task     ] GC(297) Using 4 workers of 4 for evacuation
[2022-07-05T08:37:05.101+0000][8][gc,age      ] GC(297) Desired survivor size 20971520 bytes, new threshold 15 (max threshold 15)
[2022-07-05T08:37:05.106+0000][8][gc,phases   ] GC(297)   Pre Evacuate Collection Set: 0.2ms
[2022-07-05T08:37:05.107+0000][8][gc,phases   ] GC(297)   Merge Heap Roots: 0.2ms
[2022-07-05T08:37:05.107+0000][8][gc,phases   ] GC(297)   Evacuate Collection Set: 2.3ms
[2022-07-05T08:37:05.108+0000][8][gc,phases   ] GC(297)   Post Evacuate Collection Set: 1.2ms
[2022-07-05T08:37:05.108+0000][8][gc,phases   ] GC(297)   Other: 1.9ms
[2022-07-05T08:37:05.109+0000][8][gc,age      ] GC(297) Age table with threshold 15 (max threshold 15)
[2022-07-05T08:37:05.109+0000][8][gc,age      ] GC(297) - age   1:    1194256 bytes,    1194256 total
[2022-07-05T08:37:05.110+0000][8][gc,age      ] GC(297) - age   2:       1880 bytes,    1196136 total
[2022-07-05T08:37:05.112+0000][8][gc,age      ] GC(297) - age   3:         96 bytes,    1196232 total
[2022-07-05T08:37:05.113+0000][8][gc,age      ] GC(297) - age   5:        528 bytes,    1196760 total
[2022-07-05T08:37:05.114+0000][8][gc,age      ] GC(297) - age   6:       8304 bytes,    1205064 total
[2022-07-05T08:37:05.115+0000][8][gc,age      ] GC(297) - age   7:       5048 bytes,    1210112 total
[2022-07-05T08:37:05.115+0000][8][gc,age      ] GC(297) - age   8:        592 bytes,    1210704 total
[2022-07-05T08:37:05.117+0000][8][gc,age      ] GC(297) - age  12:       4664 bytes,    1215368 total
[2022-07-05T08:37:05.118+0000][8][gc,age      ] GC(297) - age  14:        184 bytes,    1215552 total
[2022-07-05T08:37:05.118+0000][8][gc,age      ] GC(297) - age  15:        424 bytes,    1215976 total
[2022-07-05T08:37:05.119+0000][8][gc,heap     ] GC(297) Eden regions: 75->0(75)
[2022-07-05T08:37:05.119+0000][8][gc,heap     ] GC(297) Survivor regions: 1->1(10)
[2022-07-05T08:37:05.120+0000][8][gc,heap     ] GC(297) Old regions: 23->23
[2022-07-05T08:37:05.121+0000][8][gc,heap     ] GC(297) Archive regions: 2->2
[2022-07-05T08:37:05.121+0000][8][gc,heap     ] GC(297) Humongous regions: 0->0
[2022-07-05T08:37:05.122+0000][8][gc,metaspace] GC(297) Metaspace: 128593K(132032K)->128593K(132032K) NonClass: 111729K(113472K)->111729K(113472K) Class: 16864K(18560K)->16864K(18560K)
[2022-07-05T08:37:05.123+0000][8][gc          ] GC(297) Pause Young (Normal) (G1 Evacuation Pause) 396M->95M(512M) 23.928ms
[2022-07-05T08:37:05.123+0000][8][gc,cpu      ] GC(297) User=0.00s Sys=0.00s Real=0.03s
[2022-07-05T08:37:05.124+0000][8][safepoint   ] Safepoint "G1CollectForAllocation", Time since last: 110898783360 ns, Reaching safepoint: 141752 ns, At safepoint: 25258212 ns, Total: 25399964 ns
[2022-07-05T08:37:44.133+0000][8][safepoint   ] Safepoint "Cleanup", Time since last: 39029830313 ns, Reaching safepoint: 211958 ns, At safepoint: 6267 ns, Total: 218225 ns
[2022-07-05T08:38:44.894+0000][8][gc,start    ] GC(298) Pause Young (Normal) (G1 Evacuation Pause)
[2022-07-05T08:38:44.902+0000][8][gc,task     ] GC(298) Using 4 workers of 4 for evacuation
[2022-07-05T08:38:44.903+0000][8][gc,age      ] GC(298) Desired survivor size 20971520 bytes, new threshold 15 (max threshold 15)
[2022-07-05T08:38:44.907+0000][8][gc,phases   ] GC(298)   Pre Evacuate Collection Set: 0.1ms
[2022-07-05T08:38:44.908+0000][8][gc,phases   ] GC(298)   Merge Heap Roots: 0.1ms
[2022-07-05T08:38:44.909+0000][8][gc,phases   ] GC(298)   Evacuate Collection Set: 1.3ms
[2022-07-05T08:38:44.909+0000][8][gc,phases   ] GC(298)   Post Evacuate Collection Set: 1.1ms
[2022-07-05T08:38:44.910+0000][8][gc,phases   ] GC(298)   Other: 2.3ms
[2022-07-05T08:38:44.911+0000][8][gc,age      ] GC(298) Age table with threshold 15 (max threshold 15)
[2022-07-05T08:38:44.911+0000][8][gc,age      ] GC(298) - age   1:     488632 bytes,     488632 total
[2022-07-05T08:38:44.912+0000][8][gc,age      ] GC(298) - age   2:       1592 bytes,     490224 total
[2022-07-05T08:38:44.913+0000][8][gc,age      ] GC(298) - age   3:        184 bytes,     490408 total
[2022-07-05T08:38:44.913+0000][8][gc,age      ] GC(298) - age   6:        288 bytes,     490696 total
[2022-07-05T08:38:44.914+0000][8][gc,age      ] GC(298) - age   7:       6384 bytes,     497080 total
[2022-07-05T08:38:44.915+0000][8][gc,age      ] GC(298) - age   8:       5048 bytes,     502128 total
[2022-07-05T08:38:44.915+0000][8][gc,age      ] GC(298) - age   9:        592 bytes,     502720 total
[2022-07-05T08:38:44.917+0000][8][gc,age      ] GC(298) - age  13:       4664 bytes,     507384 total
[2022-07-05T08:38:44.918+0000][8][gc,age      ] GC(298) - age  15:        184 bytes,     507568 total
[2022-07-05T08:38:44.919+0000][8][gc,heap     ] GC(298) Eden regions: 75->0(75)
[2022-07-05T08:38:44.920+0000][8][gc,heap     ] GC(298) Survivor regions: 1->1(10)
[2022-07-05T08:38:44.921+0000][8][gc,heap     ] GC(298) Old regions: 23->23
[2022-07-05T08:38:44.922+0000][8][gc,heap     ] GC(298) Archive regions: 2->2
[2022-07-05T08:38:44.922+0000][8][gc,heap     ] GC(298) Humongous regions: 0->0
[2022-07-05T08:38:44.923+0000][8][gc,metaspace] GC(298) Metaspace: 128593K(132032K)->128593K(132032K) NonClass: 111729K(113472K)->111729K(113472K) Class: 16864K(18560K)->16864K(18560K)
[2022-07-05T08:38:44.924+0000][8][gc          ] GC(298) Pause Young (Normal) (G1 Evacuation Pause) 395M->94M(512M) 29.368ms
[2022-07-05T08:38:44.924+0000][8][gc,cpu      ] GC(298) User=0.01s Sys=0.00s Real=0.03s
[2022-07-05T08:38:44.925+0000][8][safepoint   ] Safepoint "G1CollectForAllocation", Time since last: 60804353533 ns, Reaching safepoint: 179953 ns, At safepoint: 31049291 ns, Total: 31229244 ns
[2022-07-05T08:39:14.942+0000][8][safepoint   ] Safepoint "Cleanup", Time since last: 30038068815 ns, Reaching safepoint: 241750 ns, At safepoint: 20559 ns, Total: 262309 ns
[2022-07-05T08:39:30.956+0000][8][safepoint   ] Safepoint "Cleanup", Time since last: 16013964490 ns, Reaching safepoint: 314591 ns, At safepoint: 29853 ns, Total: 344444 ns
[2022-07-05T08:40:38.074+0000][8][gc,start    ] GC(299) Pause Young (Normal) (G1 Evacuation Pause)
[2022-07-05T08:40:38.076+0000][8][gc,task     ] GC(299) Using 4 workers of 4 for evacuation
[2022-07-05T08:40:38.076+0000][8][gc,age      ] GC(299) Desired survivor size 20971520 bytes, new threshold 15 (max threshold 15)
[2022-07-05T08:40:38.082+0000][8][gc,phases   ] GC(299)   Pre Evacuate Collection Set: 0.2ms
[2022-07-05T08:40:38.083+0000][8][gc,phases   ] GC(299)   Merge Heap Roots: 0.1ms
[2022-07-05T08:40:38.084+0000][8][gc,phases   ] GC(299)   Evacuate Collection Set: 2.4ms
[2022-07-05T08:40:38.085+0000][8][gc,phases   ] GC(299)   Post Evacuate Collection Set: 1.2ms
[2022-07-05T08:40:38.086+0000][8][gc,phases   ] GC(299)   Other: 2.8ms
[2022-07-05T08:40:38.087+0000][8][gc,age      ] GC(299) Age table with threshold 15 (max threshold 15)
[2022-07-05T08:40:38.089+0000][8][gc,age      ] GC(299) - age   1:    1133616 bytes,    1133616 total
[2022-07-05T08:40:38.090+0000][8][gc,age      ] GC(299) - age   2:       3424 bytes,    1137040 total
[2022-07-05T08:40:38.091+0000][8][gc,age      ] GC(299) - age   3:        248 bytes,    1137288 total
[2022-07-05T08:40:38.092+0000][8][gc,age      ] GC(299) - age   4:         64 bytes,    1137352 total
[2022-07-05T08:40:38.094+0000][8][gc,age      ] GC(299) - age   7:        288 bytes,    1137640 total
[2022-07-05T08:40:38.096+0000][8][gc,age      ] GC(299) - age   8:       6384 bytes,    1144024 total
[2022-07-05T08:40:38.097+0000][8][gc,age      ] GC(299) - age   9:       5048 bytes,    1149072 total
[2022-07-05T08:40:38.098+0000][8][gc,age      ] GC(299) - age  10:        592 bytes,    1149664 total
[2022-07-05T08:40:38.100+0000][8][gc,age      ] GC(299) - age  14:       4664 bytes,    1154328 total
[2022-07-05T08:40:38.101+0000][8][gc,heap     ] GC(299) Eden regions: 75->0(75)
[2022-07-05T08:40:38.103+0000][8][gc,heap     ] GC(299) Survivor regions: 1->1(10)
[2022-07-05T08:40:38.105+0000][8][gc,heap     ] GC(299) Old regions: 23->23
[2022-07-05T08:40:38.106+0000][8][gc,heap     ] GC(299) Archive regions: 2->2
[2022-07-05T08:40:38.107+0000][8][gc,heap     ] GC(299) Humongous regions: 0->0
[2022-07-05T08:40:38.108+0000][8][gc,metaspace] GC(299) Metaspace: 128593K(132032K)->128593K(132032K) NonClass: 111729K(113472K)->111729K(113472K) Class: 16864K(18560K)->16864K(18560K)
[2022-07-05T08:40:38.110+0000][8][gc          ] GC(299) Pause Young (Normal) (G1 Evacuation Pause) 394M->95M(512M) 35.468ms
[2022-07-05T08:40:38.114+0000][8][gc,cpu      ] GC(299) User=0.00s Sys=0.00s Real=0.04s
[2022-07-05T08:40:38.116+0000][8][safepoint   ] Safepoint "G1CollectForAllocation", Time since last: 67182990497 ns, Reaching safepoint: 85196 ns, At safepoint: 41461829 ns, Total: 41547025 ns
[2022-07-05T08:42:26.066+0000][8][gc,start    ] GC(300) Pause Young (Normal) (G1 Evacuation Pause)
[2022-07-05T08:42:26.068+0000][8][gc,task     ] GC(300) Using 4 workers of 4 for evacuation
[2022-07-05T08:42:26.068+0000][8][gc,age      ] GC(300) Desired survivor size 20971520 bytes, new threshold 15 (max threshold 15)
[2022-07-05T08:42:26.073+0000][8][gc,phases   ] GC(300)   Pre Evacuate Collection Set: 0.2ms
[2022-07-05T08:42:26.073+0000][8][gc,phases   ] GC(300)   Merge Heap Roots: 0.1ms
[2022-07-05T08:42:26.074+0000][8][gc,phases   ] GC(300)   Evacuate Collection Set: 1.4ms
[2022-07-05T08:42:26.075+0000][8][gc,phases   ] GC(300)   Post Evacuate Collection Set: 1.4ms
[2022-07-05T08:42:26.075+0000][8][gc,phases   ] GC(300)   Other: 1.8ms
[2022-07-05T08:42:26.076+0000][8][gc,age      ] GC(300) Age table with threshold 15 (max threshold 15)
[2022-07-05T08:42:26.077+0000][8][gc,age      ] GC(300) - age   1:     591712 bytes,     591712 total
[2022-07-05T08:42:26.078+0000][8][gc,age      ] GC(300) - age   2:       1880 bytes,     593592 total
[2022-07-05T08:42:26.079+0000][8][gc,age      ] GC(300) - age   3:       2840 bytes,     596432 total
[2022-07-05T08:42:26.079+0000][8][gc,age      ] GC(300) - age   4:        184 bytes,     596616 total
[2022-07-05T08:42:26.080+0000][8][gc,age      ] GC(300) - age   8:        288 bytes,     596904 total
[2022-07-05T08:42:26.081+0000][8][gc,age      ] GC(300) - age   9:       6384 bytes,     603288 total
[2022-07-05T08:42:26.082+0000][8][gc,age      ] GC(300) - age  10:       5048 bytes,     608336 total
[2022-07-05T08:42:26.082+0000][8][gc,age      ] GC(300) - age  11:        592 bytes,     608928 total
[2022-07-05T08:42:26.083+0000][8][gc,age      ] GC(300) - age  15:       4664 bytes,     613592 total
[2022-07-05T08:42:26.084+0000][8][gc,heap     ] GC(300) Eden regions: 75->0(75)
[2022-07-05T08:42:26.084+0000][8][gc,heap     ] GC(300) Survivor regions: 1->1(10)
[2022-07-05T08:42:26.085+0000][8][gc,heap     ] GC(300) Old regions: 23->23
[2022-07-05T08:42:26.086+0000][8][gc,heap     ] GC(300) Archive regions: 2->2
[2022-07-05T08:42:26.086+0000][8][gc,heap     ] GC(300) Humongous regions: 0->0
[2022-07-05T08:42:26.087+0000][8][gc,metaspace] GC(300) Metaspace: 128595K(132032K)->128595K(132032K) NonClass: 111730K(113472K)->111730K(113472K) Class: 16864K(18560K)->16864K(18560K)
[2022-07-05T08:42:26.088+0000][8][gc          ] GC(300) Pause Young (Normal) (G1 Evacuation Pause) 395M->94M(512M) 21.176ms
[2022-07-05T08:42:26.089+0000][8][gc,cpu      ] GC(300) User=0.00s Sys=0.01s Real=0.02s
[2022-07-05T08:42:26.091+0000][8][safepoint   ] Safepoint "G1CollectForAllocation", Time since last: 108014922465 ns, Reaching safepoint: 141974 ns, At safepoint: 24466991 ns, Total: 24608965 ns
[2022-07-05T08:42:56.118+0000][8][safepoint   ] Safepoint "Cleanup", Time since last: 30049004049 ns, Reaching safepoint: 245410 ns, At safepoint: 6597 ns, Total: 252007 ns
[2022-07-05T08:44:14.040+0000][8][gc,start    ] GC(301) Pause Young (Normal) (G1 Evacuation Pause)
[2022-07-05T08:44:14.041+0000][8][gc,task     ] GC(301) Using 4 workers of 4 for evacuation
[2022-07-05T08:44:14.042+0000][8][gc,age      ] GC(301) Desired survivor size 20971520 bytes, new threshold 15 (max threshold 15)
[2022-07-05T08:44:14.046+0000][8][gc,phases   ] GC(301)   Pre Evacuate Collection Set: 0.1ms
[2022-07-05T08:44:14.046+0000][8][gc,phases   ] GC(301)   Merge Heap Roots: 0.1ms
[2022-07-05T08:44:14.047+0000][8][gc,phases   ] GC(301)   Evacuate Collection Set: 1.8ms
[2022-07-05T08:44:14.048+0000][8][gc,phases   ] GC(301)   Post Evacuate Collection Set: 1.0ms
[2022-07-05T08:44:14.048+0000][8][gc,phases   ] GC(301)   Other: 1.3ms
[2022-07-05T08:44:14.049+0000][8][gc,age      ] GC(301) Age table with threshold 15 (max threshold 15)
[2022-07-05T08:44:14.050+0000][8][gc,age      ] GC(301) - age   1:    1056536 bytes,    1056536 total
[2022-07-05T08:44:14.050+0000][8][gc,age      ] GC(301) - age   2:       1352 bytes,    1057888 total
[2022-07-05T08:44:14.051+0000][8][gc,age      ] GC(301) - age   3:        600 bytes,    1058488 total
[2022-07-05T08:44:14.052+0000][8][gc,age      ] GC(301) - age   4:       2320 bytes,    1060808 total
[2022-07-05T08:44:14.052+0000][8][gc,age      ] GC(301) - age   5:        184 bytes,    1060992 total
[2022-07-05T08:44:14.053+0000][8][gc,age      ] GC(301) - age   9:        104 bytes,    1061096 total
[2022-07-05T08:44:14.053+0000][8][gc,age      ] GC(301) - age  10:       5992 bytes,    1067088 total
[2022-07-05T08:44:14.054+0000][8][gc,age      ] GC(301) - age  11:       5048 bytes,    1072136 total
[2022-07-05T08:44:14.055+0000][8][gc,age      ] GC(301) - age  12:        592 bytes,    1072728 total
[2022-07-05T08:44:14.055+0000][8][gc,heap     ] GC(301) Eden regions: 75->0(75)
[2022-07-05T08:44:14.056+0000][8][gc,heap     ] GC(301) Survivor regions: 1->1(10)
[2022-07-05T08:44:14.057+0000][8][gc,heap     ] GC(301) Old regions: 23->23
[2022-07-05T08:44:14.058+0000][8][gc,heap     ] GC(301) Archive regions: 2->2
[2022-07-05T08:44:14.059+0000][8][gc,heap     ] GC(301) Humongous regions: 0->0
[2022-07-05T08:44:14.059+0000][8][gc,metaspace] GC(301) Metaspace: 128595K(132032K)->128595K(132032K) NonClass: 111730K(113472K)->111730K(113472K) Class: 16864K(18560K)->16864K(18560K)
[2022-07-05T08:44:14.060+0000][8][gc          ] GC(301) Pause Young (Normal) (G1 Evacuation Pause) 394M->95M(512M) 19.499ms
[2022-07-05T08:44:14.061+0000][8][gc,cpu      ] GC(301) User=0.01s Sys=0.00s Real=0.02s
[2022-07-05T08:44:14.061+0000][8][safepoint   ] Safepoint "G1CollectForAllocation", Time since last: 77986135662 ns, Reaching safepoint: 140204 ns, At safepoint: 21169715 ns, Total: 21309919 ns
[2022-07-05T08:44:31.051+0000][8][safepoint   ] Safepoint "Cleanup", Time since last: 17012046541 ns, Reaching safepoint: 392693 ns, At safepoint: 26221 ns, Total: 418914 ns
[2022-07-05T08:46:01.979+0000][8][gc,start    ] GC(302) Pause Young (Normal) (G1 Evacuation Pause)
[2022-07-05T08:46:01.980+0000][8][gc,task     ] GC(302) Using 4 workers of 4 for evacuation
[2022-07-05T08:46:01.981+0000][8][gc,age      ] GC(302) Desired survivor size 20971520 bytes, new threshold 15 (max threshold 15)
[2022-07-05T08:46:01.986+0000][8][gc,phases   ] GC(302)   Pre Evacuate Collection Set: 0.4ms
[2022-07-05T08:46:01.987+0000][8][gc,phases   ] GC(302)   Merge Heap Roots: 0.2ms
[2022-07-05T08:46:01.987+0000][8][gc,phases   ] GC(302)   Evacuate Collection Set: 1.8ms
[2022-07-05T08:46:01.988+0000][8][gc,phases   ] GC(302)   Post Evacuate Collection Set: 1.3ms
[2022-07-05T08:46:01.989+0000][8][gc,phases   ] GC(302)   Other: 1.9ms
[2022-07-05T08:46:01.989+0000][8][gc,age      ] GC(302) Age table with threshold 15 (max threshold 15)
[2022-07-05T08:46:01.990+0000][8][gc,age      ] GC(302) - age   1:     762360 bytes,     762360 total
[2022-07-05T08:46:01.990+0000][8][gc,age      ] GC(302) - age   2:       1720 bytes,     764080 total
[2022-07-05T08:46:01.991+0000][8][gc,age      ] GC(302) - age   3:        360 bytes,     764440 total
[2022-07-05T08:46:01.992+0000][8][gc,age      ] GC(302) - age   4:        280 bytes,     764720 total
[2022-07-05T08:46:01.992+0000][8][gc,age      ] GC(302) - age   5:       2320 bytes,     767040 total
[2022-07-05T08:46:01.993+0000][8][gc,age      ] GC(302) - age   6:        184 bytes,     767224 total
[2022-07-05T08:46:01.993+0000][8][gc,age      ] GC(302) - age  10:        104 bytes,     767328 total
[2022-07-05T08:46:01.994+0000][8][gc,age      ] GC(302) - age  11:       5992 bytes,     773320 total
[2022-07-05T08:46:01.995+0000][8][gc,age      ] GC(302) - age  12:       4664 bytes,     777984 total
[2022-07-05T08:46:01.995+0000][8][gc,age      ] GC(302) - age  13:        592 bytes,     778576 total
[2022-07-05T08:46:01.996+0000][8][gc,heap     ] GC(302) Eden regions: 75->0(75)
[2022-07-05T08:46:01.996+0000][8][gc,heap     ] GC(302) Survivor regions: 1->1(10)
[2022-07-05T08:46:01.997+0000][8][gc,heap     ] GC(302) Old regions: 23->23
[2022-07-05T08:46:01.998+0000][8][gc,heap     ] GC(302) Archive regions: 2->2
[2022-07-05T08:46:01.999+0000][8][gc,heap     ] GC(302) Humongous regions: 0->0
[2022-07-05T08:46:01.999+0000][8][gc,metaspace] GC(302) Metaspace: 128595K(132032K)->128595K(132032K) NonClass: 111730K(113472K)->111730K(113472K) Class: 16864K(18560K)->16864K(18560K)
[2022-07-05T08:46:02.000+0000][8][gc          ] GC(302) Pause Young (Normal) (G1 Evacuation Pause) 395M->95M(512M) 20.920ms
[2022-07-05T08:46:02.001+0000][8][gc,cpu      ] GC(302) User=0.01s Sys=0.00s Real=0.02s
[2022-07-05T08:46:02.001+0000][8][safepoint   ] Safepoint "G1CollectForAllocation", Time since last: 90979441687 ns, Reaching safepoint: 94308 ns, At safepoint: 22237239 ns, Total: 22331547 ns
[2022-07-05T08:47:30.996+0000][8][safepoint   ] Safepoint "Cleanup", Time since last: 89071063677 ns, Reaching safepoint: 808964 ns, At safepoint: 80098 ns, Total: 889062 ns
[2022-07-05T08:47:52.957+0000][8][gc,start    ] GC(303) Pause Young (Normal) (G1 Evacuation Pause)
[2022-07-05T08:47:52.960+0000][8][gc,task     ] GC(303) Using 4 workers of 4 for evacuation
[2022-07-05T08:47:52.961+0000][8][gc,age      ] GC(303) Desired survivor size 20971520 bytes, new threshold 15 (max threshold 15)
[2022-07-05T08:47:52.966+0000][8][gc,phases   ] GC(303)   Pre Evacuate Collection Set: 0.2ms
[2022-07-05T08:47:52.966+0000][8][gc,phases   ] GC(303)   Merge Heap Roots: 0.2ms
[2022-07-05T08:47:52.967+0000][8][gc,phases   ] GC(303)   Evacuate Collection Set: 2.4ms
[2022-07-05T08:47:52.968+0000][8][gc,phases   ] GC(303)   Post Evacuate Collection Set: 1.0ms
[2022-07-05T08:47:52.968+0000][8][gc,phases   ] GC(303)   Other: 2.1ms
[2022-07-05T08:47:52.969+0000][8][gc,age      ] GC(303) Age table with threshold 15 (max threshold 15)
[2022-07-05T08:47:52.970+0000][8][gc,age      ] GC(303) - age   1:    1479896 bytes,    1479896 total
[2022-07-05T08:47:52.970+0000][8][gc,age      ] GC(303) - age   2:       1360 bytes,    1481256 total
[2022-07-05T08:47:52.970+0000][8][gc,age      ] GC(303) - age   3:        760 bytes,    1482016 total
[2022-07-05T08:47:52.971+0000][8][gc,age      ] GC(303) - age   4:        296 bytes,    1482312 total
[2022-07-05T08:47:52.972+0000][8][gc,age      ] GC(303) - age   5:        216 bytes,    1482528 total
[2022-07-05T08:47:52.972+0000][8][gc,age      ] GC(303) - age   6:        400 bytes,    1482928 total
[2022-07-05T08:47:52.973+0000][8][gc,age      ] GC(303) - age   7:        184 bytes,    1483112 total
[2022-07-05T08:47:52.973+0000][8][gc,age      ] GC(303) - age  11:        104 bytes,    1483216 total
[2022-07-05T08:47:52.974+0000][8][gc,age      ] GC(303) - age  12:       5992 bytes,    1489208 total
[2022-07-05T08:47:52.975+0000][8][gc,age      ] GC(303) - age  13:       4664 bytes,    1493872 total
[2022-07-05T08:47:52.976+0000][8][gc,age      ] GC(303) - age  14:        592 bytes,    1494464 total
[2022-07-05T08:47:52.977+0000][8][gc,heap     ] GC(303) Eden regions: 75->0(75)
[2022-07-05T08:47:52.977+0000][8][gc,heap     ] GC(303) Survivor regions: 1->1(10)
[2022-07-05T08:47:52.978+0000][8][gc,heap     ] GC(303) Old regions: 23->23
[2022-07-05T08:47:52.978+0000][8][gc,heap     ] GC(303) Archive regions: 2->2
[2022-07-05T08:47:52.979+0000][8][gc,heap     ] GC(303) Humongous regions: 0->0
[2022-07-05T08:47:52.980+0000][8][gc,metaspace] GC(303) Metaspace: 128595K(132032K)->128595K(132032K) NonClass: 111730K(113472K)->111730K(113472K) Class: 16864K(18560K)->16864K(18560K)
[2022-07-05T08:47:52.981+0000][8][gc          ] GC(303) Pause Young (Normal) (G1 Evacuation Pause) 395M->95M(512M) 23.208ms
[2022-07-05T08:47:52.981+0000][8][gc,cpu      ] GC(303) User=0.01s Sys=0.00s Real=0.03s
[2022-07-05T08:47:52.982+0000][8][safepoint   ] Safepoint "G1CollectForAllocation", Time since last: 21961413649 ns, Reaching safepoint: 122538 ns, At safepoint: 24630765 ns, Total: 24753303 ns
[2022-07-05T08:49:37.943+0000][8][gc,start    ] GC(304) Pause Young (Normal) (G1 Evacuation Pause)
[2022-07-05T08:49:37.944+0000][8][gc,task     ] GC(304) Using 4 workers of 4 for evacuation
[2022-07-05T08:49:37.944+0000][8][gc,age      ] GC(304) Desired survivor size 20971520 bytes, new threshold 15 (max threshold 15)
[2022-07-05T08:49:37.948+0000][8][gc,phases   ] GC(304)   Pre Evacuate Collection Set: 0.2ms
[2022-07-05T08:49:37.949+0000][8][gc,phases   ] GC(304)   Merge Heap Roots: 0.1ms
[2022-07-05T08:49:37.950+0000][8][gc,phases   ] GC(304)   Evacuate Collection Set: 1.6ms
[2022-07-05T08:49:37.950+0000][8][gc,phases   ] GC(304)   Post Evacuate Collection Set: 1.0ms
[2022-07-05T08:49:37.983+0000][8][gc,phases   ] GC(304)   Other: 1.8ms
[2022-07-05T08:49:37.984+0000][8][gc,age      ] GC(304) Age table with threshold 15 (max threshold 15)
[2022-07-05T08:49:37.985+0000][8][gc,age      ] GC(304) - age   1:     967512 bytes,     967512 total
[2022-07-05T08:49:37.986+0000][8][gc,age      ] GC(304) - age   2:       4296 bytes,     971808 total
[2022-07-05T08:49:37.987+0000][8][gc,age      ] GC(304) - age   3:        632 bytes,     972440 total
[2022-07-05T08:49:37.988+0000][8][gc,age      ] GC(304) - age   4:        600 bytes,     973040 total
[2022-07-05T08:49:37.989+0000][8][gc,age      ] GC(304) - age   6:        216 bytes,     973256 total
[2022-07-05T08:49:37.990+0000][8][gc,age      ] GC(304) - age   7:        216 bytes,     973472 total
[2022-07-05T08:49:37.991+0000][8][gc,age      ] GC(304) - age   8:        184 bytes,     973656 total
[2022-07-05T08:49:37.992+0000][8][gc,age      ] GC(304) - age  12:        104 bytes,     973760 total
[2022-07-05T08:49:37.992+0000][8][gc,age      ] GC(304) - age  13:       5992 bytes,     979752 total
[2022-07-05T08:49:37.993+0000][8][gc,age      ] GC(304) - age  14:       4664 bytes,     984416 total
[2022-07-05T08:49:37.994+0000][8][gc,age      ] GC(304) - age  15:        408 bytes,     984824 total
[2022-07-05T08:49:37.995+0000][8][gc,heap     ] GC(304) Eden regions: 75->0(75)
[2022-07-05T08:49:37.995+0000][8][gc,heap     ] GC(304) Survivor regions: 1->1(10)
[2022-07-05T08:49:37.996+0000][8][gc,heap     ] GC(304) Old regions: 23->23
[2022-07-05T08:49:37.997+0000][8][gc,heap     ] GC(304) Archive regions: 2->2
[2022-07-05T08:49:37.997+0000][8][gc,heap     ] GC(304) Humongous regions: 0->0
[2022-07-05T08:49:37.998+0000][8][gc,metaspace] GC(304) Metaspace: 128596K(132032K)->128596K(132032K) NonClass: 111732K(113472K)->111732K(113472K) Class: 16864K(18560K)->16864K(18560K)
[2022-07-05T08:49:37.999+0000][8][gc          ] GC(304) Pause Young (Normal) (G1 Evacuation Pause) 395M->95M(512M) 55.795ms
[2022-07-05T08:49:37.999+0000][8][gc,cpu      ] GC(304) User=0.01s Sys=0.00s Real=0.05s
[2022-07-05T08:49:38.000+0000][8][safepoint   ] Safepoint "G1CollectForAllocation", Time since last: 105046471820 ns, Reaching safepoint: 137830 ns, At safepoint: 57137850 ns, Total: 57275680 ns
[2022-07-05T08:51:25.936+0000][8][gc,start    ] GC(305) Pause Young (Normal) (G1 Evacuation Pause)
[2022-07-05T08:51:25.937+0000][8][gc,task     ] GC(305) Using 4 workers of 4 for evacuation
[2022-07-05T08:51:25.938+0000][8][gc,age      ] GC(305) Desired survivor size 20971520 bytes, new threshold 15 (max threshold 15)
[2022-07-05T08:51:25.942+0000][8][gc,phases   ] GC(305)   Pre Evacuate Collection Set: 0.1ms
[2022-07-05T08:51:25.942+0000][8][gc,phases   ] GC(305)   Merge Heap Roots: 0.1ms
[2022-07-05T08:51:25.943+0000][8][gc,phases   ] GC(305)   Evacuate Collection Set: 1.9ms
[2022-07-05T08:51:25.944+0000][8][gc,phases   ] GC(305)   Post Evacuate Collection Set: 0.9ms
[2022-07-05T08:51:25.945+0000][8][gc,phases   ] GC(305)   Other: 1.8ms
[2022-07-05T08:51:25.946+0000][8][gc,age      ] GC(305) Age table with threshold 15 (max threshold 15)
[2022-07-05T08:51:25.950+0000][8][gc,age      ] GC(305) - age   1:    1453728 bytes,    1453728 total
[2022-07-05T08:51:25.951+0000][8][gc,age      ] GC(305) - age   2:       1752 bytes,    1455480 total
[2022-07-05T08:51:25.953+0000][8][gc,age      ] GC(305) - age   3:       2168 bytes,    1457648 total
[2022-07-05T08:51:25.954+0000][8][gc,age      ] GC(305) - age   4:        568 bytes,    1458216 total
[2022-07-05T08:51:25.955+0000][8][gc,age      ] GC(305) - age   5:        600 bytes,    1458816 total
[2022-07-05T08:51:25.956+0000][8][gc,age      ] GC(305) - age   7:        216 bytes,    1459032 total
[2022-07-05T08:51:25.956+0000][8][gc,age      ] GC(305) - age   8:        216 bytes,    1459248 total
[2022-07-05T08:51:25.957+0000][8][gc,age      ] GC(305) - age   9:        184 bytes,    1459432 total
[2022-07-05T08:51:25.957+0000][8][gc,age      ] GC(305) - age  13:        104 bytes,    1459536 total
[2022-07-05T08:51:25.958+0000][8][gc,age      ] GC(305) - age  14:       5992 bytes,    1465528 total
[2022-07-05T08:51:25.958+0000][8][gc,age      ] GC(305) - age  15:       4664 bytes,    1470192 total
[2022-07-05T08:51:25.959+0000][8][gc,heap     ] GC(305) Eden regions: 75->0(75)
[2022-07-05T08:51:25.960+0000][8][gc,heap     ] GC(305) Survivor regions: 1->1(10)
[2022-07-05T08:51:25.961+0000][8][gc,heap     ] GC(305) Old regions: 23->23
[2022-07-05T08:51:25.962+0000][8][gc,heap     ] GC(305) Archive regions: 2->2
[2022-07-05T08:51:25.964+0000][8][gc,heap     ] GC(305) Humongous regions: 0->0
[2022-07-05T08:51:25.968+0000][8][gc,metaspace] GC(305) Metaspace: 128596K(132032K)->128596K(132032K) NonClass: 111732K(113472K)->111732K(113472K) Class: 16864K(18560K)->16864K(18560K)
[2022-07-05T08:51:25.970+0000][8][gc          ] GC(305) Pause Young (Normal) (G1 Evacuation Pause) 395M->95M(512M) 34.401ms
[2022-07-05T08:51:25.971+0000][8][gc,cpu      ] GC(305) User=0.01s Sys=0.00s Real=0.04s
[2022-07-05T08:51:25.971+0000][8][safepoint   ] Safepoint "G1CollectForAllocation", Time since last: 108001380320 ns, Reaching safepoint: 75781 ns, At safepoint: 35694311 ns, Total: 35770092 ns
[2022-07-05T08:52:00.961+0000][8][safepoint   ] Safepoint "Cleanup", Time since last: 35033408321 ns, Reaching safepoint: 343825 ns, At safepoint: 98041 ns, Total: 441866 ns
[2022-07-05T08:52:30.962+0000][8][safepoint   ] Safepoint "Cleanup", Time since last: 30021166146 ns, Reaching safepoint: 176715 ns, At safepoint: 64904 ns, Total: 241619 ns
[2022-07-05T08:53:13.867+0000][8][gc,start    ] GC(306) Pause Young (Normal) (G1 Evacuation Pause)
[2022-07-05T08:53:13.873+0000][8][gc,task     ] GC(306) Using 4 workers of 4 for evacuation
[2022-07-05T08:53:13.875+0000][8][gc,age      ] GC(306) Desired survivor size 20971520 bytes, new threshold 15 (max threshold 15)
[2022-07-05T08:53:13.878+0000][8][gc,phases   ] GC(306)   Pre Evacuate Collection Set: 0.2ms
[2022-07-05T08:53:13.878+0000][8][gc,phases   ] GC(306)   Merge Heap Roots: 0.1ms
[2022-07-05T08:53:13.879+0000][8][gc,phases   ] GC(306)   Evacuate Collection Set: 1.1ms
[2022-07-05T08:53:13.879+0000][8][gc,phases   ] GC(306)   Post Evacuate Collection Set: 1.0ms
[2022-07-05T08:53:13.880+0000][8][gc,phases   ] GC(306)   Other: 2.3ms
[2022-07-05T08:53:13.880+0000][8][gc,age      ] GC(306) Age table with threshold 15 (max threshold 15)
[2022-07-05T08:53:13.881+0000][8][gc,age      ] GC(306) - age   1:     771784 bytes,     771784 total
[2022-07-05T08:53:13.881+0000][8][gc,age      ] GC(306) - age   2:       1768 bytes,     773552 total
[2022-07-05T08:53:13.882+0000][8][gc,age      ] GC(306) - age   3:        504 bytes,     774056 total
[2022-07-05T08:53:13.883+0000][8][gc,age      ] GC(306) - age   4:       2104 bytes,     776160 total
[2022-07-05T08:53:13.883+0000][8][gc,age      ] GC(306) - age   5:        568 bytes,     776728 total
[2022-07-05T08:53:13.884+0000][8][gc,age      ] GC(306) - age   6:        576 bytes,     777304 total
[2022-07-05T08:53:13.885+0000][8][gc,age      ] GC(306) - age   8:        216 bytes,     777520 total
[2022-07-05T08:53:13.886+0000][8][gc,age      ] GC(306) - age   9:        216 bytes,     777736 total
[2022-07-05T08:53:13.886+0000][8][gc,age      ] GC(306) - age  10:        184 bytes,     777920 total
[2022-07-05T08:53:13.887+0000][8][gc,age      ] GC(306) - age  14:        104 bytes,     778024 total
[2022-07-05T08:53:13.887+0000][8][gc,age      ] GC(306) - age  15:       5808 bytes,     783832 total
[2022-07-05T08:53:13.888+0000][8][gc,heap     ] GC(306) Eden regions: 75->0(75)
[2022-07-05T08:53:13.888+0000][8][gc,heap     ] GC(306) Survivor regions: 1->1(10)
[2022-07-05T08:53:13.889+0000][8][gc,heap     ] GC(306) Old regions: 23->23
[2022-07-05T08:53:13.890+0000][8][gc,heap     ] GC(306) Archive regions: 2->2
[2022-07-05T08:53:13.890+0000][8][gc,heap     ] GC(306) Humongous regions: 0->0
[2022-07-05T08:53:13.891+0000][8][gc,metaspace] GC(306) Metaspace: 128596K(132032K)->128596K(132032K) NonClass: 111732K(113472K)->111732K(113472K) Class: 16864K(18560K)->16864K(18560K)
[2022-07-05T08:53:13.891+0000][8][gc          ] GC(306) Pause Young (Normal) (G1 Evacuation Pause) 395M->95M(512M) 24.242ms
[2022-07-05T08:53:13.892+0000][8][gc,cpu      ] GC(306) User=0.00s Sys=0.00s Real=0.03s
[2022-07-05T08:53:13.892+0000][8][safepoint   ] Safepoint "G1CollectForAllocation", Time since last: 42926334443 ns, Reaching safepoint: 225221 ns, At safepoint: 25372916 ns, Total: 25598137 ns
[2022-07-05T08:55:07.844+0000][8][gc,start    ] GC(307) Pause Young (Normal) (G1 Evacuation Pause)
[2022-07-05T08:55:07.846+0000][8][gc,task     ] GC(307) Using 4 workers of 4 for evacuation
[2022-07-05T08:55:07.849+0000][8][gc,age      ] GC(307) Desired survivor size 20971520 bytes, new threshold 15 (max threshold 15)
[2022-07-05T08:55:07.856+0000][8][gc,phases   ] GC(307)   Pre Evacuate Collection Set: 0.3ms
[2022-07-05T08:55:07.857+0000][8][gc,phases   ] GC(307)   Merge Heap Roots: 0.2ms
[2022-07-05T08:55:07.858+0000][8][gc,phases   ] GC(307)   Evacuate Collection Set: 1.6ms
[2022-07-05T08:55:07.858+0000][8][gc,phases   ] GC(307)   Post Evacuate Collection Set: 0.9ms
[2022-07-05T08:55:07.859+0000][8][gc,phases   ] GC(307)   Other: 7.3ms
[2022-07-05T08:55:07.859+0000][8][gc,age      ] GC(307) Age table with threshold 15 (max threshold 15)
[2022-07-05T08:55:07.860+0000][8][gc,age      ] GC(307) - age   1:    1229544 bytes,    1229544 total
[2022-07-05T08:55:07.861+0000][8][gc,age      ] GC(307) - age   2:       1112 bytes,    1230656 total
[2022-07-05T08:55:07.861+0000][8][gc,age      ] GC(307) - age   3:         64 bytes,    1230720 total
[2022-07-05T08:55:07.862+0000][8][gc,age      ] GC(307) - age   4:        504 bytes,    1231224 total
[2022-07-05T08:55:07.863+0000][8][gc,age      ] GC(307) - age   5:       1920 bytes,    1233144 total
[2022-07-05T08:55:07.865+0000][8][gc,age      ] GC(307) - age   6:        568 bytes,    1233712 total
[2022-07-05T08:55:07.866+0000][8][gc,age      ] GC(307) - age   7:        576 bytes,    1234288 total
[2022-07-05T08:55:07.866+0000][8][gc,age      ] GC(307) - age   9:        216 bytes,    1234504 total
[2022-07-05T08:55:07.867+0000][8][gc,age      ] GC(307) - age  10:        216 bytes,    1234720 total
[2022-07-05T08:55:07.868+0000][8][gc,age      ] GC(307) - age  11:        184 bytes,    1234904 total
[2022-07-05T08:55:07.868+0000][8][gc,age      ] GC(307) - age  15:        104 bytes,    1235008 total
[2022-07-05T08:55:07.868+0000][8][gc,heap     ] GC(307) Eden regions: 75->0(75)
[2022-07-05T08:55:07.869+0000][8][gc,heap     ] GC(307) Survivor regions: 1->1(10)
[2022-07-05T08:55:07.870+0000][8][gc,heap     ] GC(307) Old regions: 23->23
[2022-07-05T08:55:07.870+0000][8][gc,heap     ] GC(307) Archive regions: 2->2
[2022-07-05T08:55:07.871+0000][8][gc,heap     ] GC(307) Humongous regions: 0->0
[2022-07-05T08:55:07.871+0000][8][gc,metaspace] GC(307) Metaspace: 128598K(132032K)->128598K(132032K) NonClass: 111734K(113472K)->111734K(113472K) Class: 16864K(18560K)->16864K(18560K)
[2022-07-05T08:55:07.872+0000][8][gc          ] GC(307) Pause Young (Normal) (G1 Evacuation Pause) 395M->95M(512M) 27.726ms
[2022-07-05T08:55:07.872+0000][8][gc,cpu      ] GC(307) User=0.01s Sys=0.00s Real=0.02s
[2022-07-05T08:55:07.873+0000][8][safepoint   ] Safepoint "G1CollectForAllocation", Time since last: 114037703899 ns, Reaching safepoint: 159835 ns, At safepoint: 28877667 ns, Total: 29037502 ns
[2022-07-05T08:56:52.858+0000][8][gc,start    ] GC(308) Pause Young (Normal) (G1 Evacuation Pause)
[2022-07-05T08:56:52.860+0000][8][gc,task     ] GC(308) Using 4 workers of 4 for evacuation
[2022-07-05T08:56:52.862+0000][8][gc,age      ] GC(308) Desired survivor size 20971520 bytes, new threshold 15 (max threshold 15)
[2022-07-05T08:56:52.866+0000][8][gc,phases   ] GC(308)   Pre Evacuate Collection Set: 0.2ms
[2022-07-05T08:56:52.868+0000][8][gc,phases   ] GC(308)   Merge Heap Roots: 0.1ms
[2022-07-05T08:56:52.869+0000][8][gc,phases   ] GC(308)   Evacuate Collection Set: 1.3ms
[2022-07-05T08:56:52.869+0000][8][gc,phases   ] GC(308)   Post Evacuate Collection Set: 1.1ms
[2022-07-05T08:56:52.870+0000][8][gc,phases   ] GC(308)   Other: 3.5ms
[2022-07-05T08:56:52.870+0000][8][gc,age      ] GC(308) Age table with threshold 15 (max threshold 15)
[2022-07-05T08:56:52.871+0000][8][gc,age      ] GC(308) - age   1:     673912 bytes,     673912 total
[2022-07-05T08:56:52.872+0000][8][gc,age      ] GC(308) - age   2:       1760 bytes,     675672 total
[2022-07-05T08:56:52.872+0000][8][gc,age      ] GC(308) - age   3:        664 bytes,     676336 total
[2022-07-05T08:56:52.873+0000][8][gc,age      ] GC(308) - age   5:        504 bytes,     676840 total
[2022-07-05T08:56:52.873+0000][8][gc,age      ] GC(308) - age   6:       1920 bytes,     678760 total
[2022-07-05T08:56:52.874+0000][8][gc,age      ] GC(308) - age   7:        568 bytes,     679328 total
[2022-07-05T08:56:52.875+0000][8][gc,age      ] GC(308) - age   8:        576 bytes,     679904 total
[2022-07-05T08:56:52.877+0000][8][gc,age      ] GC(308) - age  10:         32 bytes,     679936 total
[2022-07-05T08:56:52.878+0000][8][gc,age      ] GC(308) - age  11:        216 bytes,     680152 total
[2022-07-05T08:56:52.878+0000][8][gc,age      ] GC(308) - age  12:        184 bytes,     680336 total
[2022-07-05T08:56:52.879+0000][8][gc,heap     ] GC(308) Eden regions: 75->0(75)
[2022-07-05T08:56:52.880+0000][8][gc,heap     ] GC(308) Survivor regions: 1->1(10)
[2022-07-05T08:56:52.880+0000][8][gc,heap     ] GC(308) Old regions: 23->23
[2022-07-05T08:56:52.881+0000][8][gc,heap     ] GC(308) Archive regions: 2->2
[2022-07-05T08:56:52.881+0000][8][gc,heap     ] GC(308) Humongous regions: 0->0
[2022-07-05T08:56:52.882+0000][8][gc,metaspace] GC(308) Metaspace: 128598K(132032K)->128598K(132032K) NonClass: 111734K(113472K)->111734K(113472K) Class: 16864K(18560K)->16864K(18560K)
[2022-07-05T08:56:52.883+0000][8][gc          ] GC(308) Pause Young (Normal) (G1 Evacuation Pause) 395M->95M(512M) 24.404ms
[2022-07-05T08:56:52.883+0000][8][gc,cpu      ] GC(308) User=0.00s Sys=0.00s Real=0.03s
[2022-07-05T08:56:52.884+0000][8][safepoint   ] Safepoint "G1CollectForAllocation", Time since last: 105049100445 ns, Reaching safepoint: 205912 ns, At safepoint: 25613844 ns, Total: 25819756 ns
[2022-07-05T08:57:34.900+0000][8][safepoint   ] Safepoint "Cleanup", Time since last: 42059713584 ns, Reaching safepoint: 211113 ns, At safepoint: 85335 ns, Total: 296448 ns
[2022-07-05T08:57:35.903+0000][8][safepoint   ] Safepoint "Cleanup", Time since last: 1002541656 ns, Reaching safepoint: 152786 ns, At safepoint: 7647 ns, Total: 160433 ns
[2022-07-05T08:58:16.864+0000][8][gc,start    ] GC(309) Pause Young (Normal) (G1 Evacuation Pause)
[2022-07-05T08:58:16.865+0000][8][gc,task     ] GC(309) Using 4 workers of 4 for evacuation
[2022-07-05T08:58:16.866+0000][8][gc,age      ] GC(309) Desired survivor size 20971520 bytes, new threshold 15 (max threshold 15)
[2022-07-05T08:58:16.871+0000][8][gc,phases   ] GC(309)   Pre Evacuate Collection Set: 0.2ms
[2022-07-05T08:58:16.872+0000][8][gc,phases   ] GC(309)   Merge Heap Roots: 0.1ms
[2022-07-05T08:58:16.873+0000][8][gc,phases   ] GC(309)   Evacuate Collection Set: 2.8ms
[2022-07-05T08:58:16.873+0000][8][gc,phases   ] GC(309)   Post Evacuate Collection Set: 1.4ms
[2022-07-05T08:58:16.873+0000][8][gc,phases   ] GC(309)   Other: 1.5ms
[2022-07-05T08:58:16.874+0000][8][gc,age      ] GC(309) Age table with threshold 15 (max threshold 15)
[2022-07-05T08:58:16.875+0000][8][gc,age      ] GC(309) - age   1:     967728 bytes,     967728 total
[2022-07-05T08:58:16.875+0000][8][gc,age      ] GC(309) - age   2:       1568 bytes,     969296 total
[2022-07-05T08:58:16.876+0000][8][gc,age      ] GC(309) - age   3:        632 bytes,     969928 total
[2022-07-05T08:58:16.877+0000][8][gc,age      ] GC(309) - age   4:        248 bytes,     970176 total
[2022-07-05T08:58:16.877+0000][8][gc,age      ] GC(309) - age   6:        504 bytes,     970680 total
[2022-07-05T08:58:16.878+0000][8][gc,age      ] GC(309) - age   8:        568 bytes,     971248 total
[2022-07-05T08:58:16.878+0000][8][gc,age      ] GC(309) - age   9:        184 bytes,     971432 total
[2022-07-05T08:58:16.879+0000][8][gc,age      ] GC(309) - age  12:         32 bytes,     971464 total
[2022-07-05T08:58:16.880+0000][8][gc,age      ] GC(309) - age  13:        184 bytes,     971648 total
[2022-07-05T08:58:16.881+0000][8][gc,heap     ] GC(309) Eden regions: 75->0(75)
[2022-07-05T08:58:16.882+0000][8][gc,heap     ] GC(309) Survivor regions: 1->1(10)
[2022-07-05T08:58:16.882+0000][8][gc,heap     ] GC(309) Old regions: 23->23
[2022-07-05T08:58:16.883+0000][8][gc,heap     ] GC(309) Archive regions: 2->2
[2022-07-05T08:58:16.884+0000][8][gc,heap     ] GC(309) Humongous regions: 0->0
[2022-07-05T08:58:16.886+0000][8][gc,metaspace] GC(309) Metaspace: 128598K(132032K)->128598K(132032K) NonClass: 111734K(113472K)->111734K(113472K) Class: 16864K(18560K)->16864K(18560K)
[2022-07-05T08:58:16.887+0000][8][gc          ] GC(309) Pause Young (Normal) (G1 Evacuation Pause) 395M->95M(512M) 22.725ms
[2022-07-05T08:58:16.888+0000][8][gc,cpu      ] GC(309) User=0.01s Sys=0.00s Real=0.02s
[2022-07-05T08:58:16.888+0000][8][safepoint   ] Safepoint "G1CollectForAllocation", Time since last: 40983069738 ns, Reaching safepoint: 57227 ns, At safepoint: 24386345 ns, Total: 24443572 ns
[2022-07-05T08:59:43.837+0000][8][gc,start    ] GC(310) Pause Young (Normal) (G1 Evacuation Pause)
[2022-07-05T08:59:43.839+0000][8][gc,task     ] GC(310) Using 4 workers of 4 for evacuation
[2022-07-05T08:59:43.839+0000][8][gc,age      ] GC(310) Desired survivor size 20971520 bytes, new threshold 15 (max threshold 15)
[2022-07-05T08:59:43.843+0000][8][gc,phases   ] GC(310)   Pre Evacuate Collection Set: 0.2ms
[2022-07-05T08:59:43.844+0000][8][gc,phases   ] GC(310)   Merge Heap Roots: 0.2ms
[2022-07-05T08:59:43.845+0000][8][gc,phases   ] GC(310)   Evacuate Collection Set: 1.6ms
[2022-07-05T08:59:43.845+0000][8][gc,phases   ] GC(310)   Post Evacuate Collection Set: 1.1ms
[2022-07-05T08:59:43.846+0000][8][gc,phases   ] GC(310)   Other: 1.3ms
[2022-07-05T08:59:43.847+0000][8][gc,age      ] GC(310) Age table with threshold 15 (max threshold 15)
[2022-07-05T08:59:43.848+0000][8][gc,age      ] GC(310) - age   1:     830512 bytes,     830512 total
[2022-07-05T08:59:43.848+0000][8][gc,age      ] GC(310) - age   2:     350168 bytes,    1180680 total
[2022-07-05T08:59:43.849+0000][8][gc,age      ] GC(310) - age   4:        184 bytes,    1180864 total
[2022-07-05T08:59:43.849+0000][8][gc,age      ] GC(310) - age   5:        184 bytes,    1181048 total
[2022-07-05T08:59:43.850+0000][8][gc,age      ] GC(310) - age   7:        296 bytes,    1181344 total
[2022-07-05T08:59:43.851+0000][8][gc,age      ] GC(310) - age   9:        568 bytes,    1181912 total
[2022-07-05T08:59:43.851+0000][8][gc,age      ] GC(310) - age  10:        184 bytes,    1182096 total
[2022-07-05T08:59:43.852+0000][8][gc,age      ] GC(310) - age  14:        184 bytes,    1182280 total
[2022-07-05T08:59:43.852+0000][8][gc,heap     ] GC(310) Eden regions: 75->0(75)
[2022-07-05T08:59:43.853+0000][8][gc,heap     ] GC(310) Survivor regions: 1->1(10)
[2022-07-05T08:59:43.854+0000][8][gc,heap     ] GC(310) Old regions: 23->23
[2022-07-05T08:59:43.854+0000][8][gc,heap     ] GC(310) Archive regions: 2->2
[2022-07-05T08:59:43.855+0000][8][gc,heap     ] GC(310) Humongous regions: 0->0
[2022-07-05T08:59:43.856+0000][8][gc,metaspace] GC(310) Metaspace: 128598K(132032K)->128598K(132032K) NonClass: 111734K(113472K)->111734K(113472K) Class: 16864K(18560K)->16864K(18560K)
[2022-07-05T08:59:43.857+0000][8][gc          ] GC(310) Pause Young (Normal) (G1 Evacuation Pause) 395M->95M(512M) 19.095ms
[2022-07-05T08:59:43.857+0000][8][gc,cpu      ] GC(310) User=0.01s Sys=0.00s Real=0.02s
[2022-07-05T08:59:43.858+0000][8][safepoint   ] Safepoint "G1CollectForAllocation", Time since last: 87014011354 ns, Reaching safepoint: 291862 ns, At safepoint: 20511161 ns, Total: 20803023 ns
[2022-07-05T09:01:07.965+0000][8][gc,start    ] GC(311) Pause Young (Normal) (G1 Evacuation Pause)
[2022-07-05T09:01:07.966+0000][8][gc,task     ] GC(311) Using 4 workers of 4 for evacuation
[2022-07-05T09:01:07.967+0000][8][gc,age      ] GC(311) Desired survivor size 20971520 bytes, new threshold 15 (max threshold 15)
[2022-07-05T09:01:07.972+0000][8][gc,phases   ] GC(311)   Pre Evacuate Collection Set: 0.2ms
[2022-07-05T09:01:07.972+0000][8][gc,phases   ] GC(311)   Merge Heap Roots: 0.1ms
[2022-07-05T09:01:07.973+0000][8][gc,phases   ] GC(311)   Evacuate Collection Set: 2.3ms
[2022-07-05T09:01:07.974+0000][8][gc,phases   ] GC(311)   Post Evacuate Collection Set: 1.0ms
[2022-07-05T09:01:07.975+0000][8][gc,phases   ] GC(311)   Other: 2.2ms
[2022-07-05T09:01:07.976+0000][8][gc,age      ] GC(311) Age table with threshold 15 (max threshold 15)
[2022-07-05T09:01:07.980+0000][8][gc,age      ] GC(311) - age   1:    1292144 bytes,    1292144 total
[2022-07-05T09:01:07.981+0000][8][gc,age      ] GC(311) - age   2:      18768 bytes,    1310912 total
[2022-07-05T09:01:07.982+0000][8][gc,age      ] GC(311) - age   3:     349152 bytes,    1660064 total
[2022-07-05T09:01:07.983+0000][8][gc,age      ] GC(311) - age   5:        184 bytes,    1660248 total
[2022-07-05T09:01:07.983+0000][8][gc,age      ] GC(311) - age   6:        184 bytes,    1660432 total
[2022-07-05T09:01:07.984+0000][8][gc,age      ] GC(311) - age   8:        296 bytes,    1660728 total
[2022-07-05T09:01:07.984+0000][8][gc,age      ] GC(311) - age  10:        568 bytes,    1661296 total
[2022-07-05T09:01:07.985+0000][8][gc,age      ] GC(311) - age  11:        184 bytes,    1661480 total
[2022-07-05T09:01:07.985+0000][8][gc,age      ] GC(311) - age  15:        184 bytes,    1661664 total
[2022-07-05T09:01:07.986+0000][8][gc,heap     ] GC(311) Eden regions: 75->0(75)
[2022-07-05T09:01:07.986+0000][8][gc,heap     ] GC(311) Survivor regions: 1->1(10)
[2022-07-05T09:01:07.987+0000][8][gc,heap     ] GC(311) Old regions: 23->23
[2022-07-05T09:01:07.988+0000][8][gc,heap     ] GC(311) Archive regions: 2->2
[2022-07-05T09:01:07.988+0000][8][gc,heap     ] GC(311) Humongous regions: 0->0
[2022-07-05T09:01:07.989+0000][8][gc,metaspace] GC(311) Metaspace: 128598K(132032K)->128598K(132032K) NonClass: 111734K(113472K)->111734K(113472K) Class: 16864K(18560K)->16864K(18560K)
[2022-07-05T09:01:07.990+0000][8][gc          ] GC(311) Pause Young (Normal) (G1 Evacuation Pause) 395M->96M(512M) 25.137ms
[2022-07-05T09:01:07.990+0000][8][gc,cpu      ] GC(311) User=0.01s Sys=0.00s Real=0.02s
[2022-07-05T09:01:07.991+0000][8][safepoint   ] Safepoint "G1CollectForAllocation", Time since last: 84171598706 ns, Reaching safepoint: 125614 ns, At safepoint: 26921059 ns, Total: 27046673 ns
[2022-07-05T09:02:37.814+0000][8][gc,start    ] GC(312) Pause Young (Normal) (G1 Evacuation Pause)
[2022-07-05T09:02:37.815+0000][8][gc,task     ] GC(312) Using 4 workers of 4 for evacuation
[2022-07-05T09:02:37.816+0000][8][gc,age      ] GC(312) Desired survivor size 20971520 bytes, new threshold 15 (max threshold 15)
[2022-07-05T09:02:37.820+0000][8][gc,phases   ] GC(312)   Pre Evacuate Collection Set: 0.1ms
[2022-07-05T09:02:37.821+0000][8][gc,phases   ] GC(312)   Merge Heap Roots: 0.1ms
[2022-07-05T09:02:37.821+0000][8][gc,phases   ] GC(312)   Evacuate Collection Set: 1.9ms
[2022-07-05T09:02:37.822+0000][8][gc,phases   ] GC(312)   Post Evacuate Collection Set: 1.0ms
[2022-07-05T09:02:37.822+0000][8][gc,phases   ] GC(312)   Other: 1.4ms
[2022-07-05T09:02:37.823+0000][8][gc,age      ] GC(312) Age table with threshold 15 (max threshold 15)
[2022-07-05T09:02:37.825+0000][8][gc,age      ] GC(312) - age   1:    1547280 bytes,    1547280 total
[2022-07-05T09:02:37.826+0000][8][gc,age      ] GC(312) - age   2:       1096 bytes,    1548376 total
[2022-07-05T09:02:37.826+0000][8][gc,age      ] GC(312) - age   3:        264 bytes,    1548640 total
[2022-07-05T09:02:37.827+0000][8][gc,age      ] GC(312) - age   4:     238768 bytes,    1787408 total
[2022-07-05T09:02:37.827+0000][8][gc,age      ] GC(312) - age   6:        184 bytes,    1787592 total
[2022-07-05T09:02:37.828+0000][8][gc,age      ] GC(312) - age   7:        184 bytes,    1787776 total
[2022-07-05T09:02:37.829+0000][8][gc,age      ] GC(312) - age   9:        296 bytes,    1788072 total
[2022-07-05T09:02:37.829+0000][8][gc,age      ] GC(312) - age  11:        568 bytes,    1788640 total
[2022-07-05T09:02:37.830+0000][8][gc,age      ] GC(312) - age  12:        184 bytes,    1788824 total
[2022-07-05T09:02:37.831+0000][8][gc,heap     ] GC(312) Eden regions: 75->0(75)
[2022-07-05T09:02:37.831+0000][8][gc,heap     ] GC(312) Survivor regions: 1->1(10)
[2022-07-05T09:02:37.832+0000][8][gc,heap     ] GC(312) Old regions: 23->23
[2022-07-05T09:02:37.833+0000][8][gc,heap     ] GC(312) Archive regions: 2->2
[2022-07-05T09:02:37.833+0000][8][gc,heap     ] GC(312) Humongous regions: 0->0
[2022-07-05T09:02:37.834+0000][8][gc,metaspace] GC(312) Metaspace: 128601K(132032K)->128601K(132032K) NonClass: 111736K(113472K)->111736K(113472K) Class: 16864K(18560K)->16864K(18560K)
[2022-07-05T09:02:37.835+0000][8][gc          ] GC(312) Pause Young (Normal) (G1 Evacuation Pause) 396M->96M(512M) 20.616ms
[2022-07-05T09:02:37.836+0000][8][gc,cpu      ] GC(312) User=0.01s Sys=0.00s Real=0.02s
[2022-07-05T09:02:37.838+0000][8][safepoint   ] Safepoint "G1CollectForAllocation", Time since last: 89886990389 ns, Reaching safepoint: 98976 ns, At safepoint: 23240910 ns, Total: 23339886 ns
[2022-07-05T09:03:29.889+0000][8][safepoint   ] Safepoint "Cleanup", Time since last: 52073427889 ns, Reaching safepoint: 251660 ns, At safepoint: 26648 ns, Total: 278308 ns
[2022-07-05T09:04:04.815+0000][8][gc,start    ] GC(313) Pause Young (Normal) (G1 Evacuation Pause)
[2022-07-05T09:04:04.816+0000][8][gc,task     ] GC(313) Using 4 workers of 4 for evacuation
[2022-07-05T09:04:04.816+0000][8][gc,age      ] GC(313) Desired survivor size 20971520 bytes, new threshold 15 (max threshold 15)
[2022-07-05T09:04:04.821+0000][8][gc,phases   ] GC(313)   Pre Evacuate Collection Set: 0.1ms
[2022-07-05T09:04:04.822+0000][8][gc,phases   ] GC(313)   Merge Heap Roots: 0.1ms
[2022-07-05T09:04:04.822+0000][8][gc,phases   ] GC(313)   Evacuate Collection Set: 2.2ms
[2022-07-05T09:04:04.823+0000][8][gc,phases   ] GC(313)   Post Evacuate Collection Set: 1.3ms
[2022-07-05T09:04:04.823+0000][8][gc,phases   ] GC(313)   Other: 1.4ms
[2022-07-05T09:04:04.824+0000][8][gc,age      ] GC(313) Age table with threshold 15 (max threshold 15)
[2022-07-05T09:04:04.824+0000][8][gc,age      ] GC(313) - age   1:    1210144 bytes,    1210144 total
[2022-07-05T09:04:04.825+0000][8][gc,age      ] GC(313) - age   2:      84232 bytes,    1294376 total
[2022-07-05T09:04:04.825+0000][8][gc,age      ] GC(313) - age   3:        328 bytes,    1294704 total
[2022-07-05T09:04:04.826+0000][8][gc,age      ] GC(313) - age   4:        264 bytes,    1294968 total
[2022-07-05T09:04:04.826+0000][8][gc,age      ] GC(313) - age   5:     238512 bytes,    1533480 total
[2022-07-05T09:04:04.827+0000][8][gc,age      ] GC(313) - age   7:        184 bytes,    1533664 total
[2022-07-05T09:04:04.827+0000][8][gc,age      ] GC(313) - age   8:        184 bytes,    1533848 total
[2022-07-05T09:04:04.828+0000][8][gc,age      ] GC(313) - age  10:        296 bytes,    1534144 total
[2022-07-05T09:04:04.828+0000][8][gc,age      ] GC(313) - age  12:        384 bytes,    1534528 total
[2022-07-05T09:04:04.829+0000][8][gc,age      ] GC(313) - age  13:        184 bytes,    1534712 total
[2022-07-05T09:04:04.829+0000][8][gc,heap     ] GC(313) Eden regions: 75->0(75)
[2022-07-05T09:04:04.830+0000][8][gc,heap     ] GC(313) Survivor regions: 1->1(10)
[2022-07-05T09:04:04.831+0000][8][gc,heap     ] GC(313) Old regions: 23->23
[2022-07-05T09:04:04.831+0000][8][gc,heap     ] GC(313) Archive regions: 2->2
[2022-07-05T09:04:04.832+0000][8][gc,heap     ] GC(313) Humongous regions: 0->0
[2022-07-05T09:04:04.832+0000][8][gc,metaspace] GC(313) Metaspace: 128601K(132032K)->128601K(132032K) NonClass: 111736K(113472K)->111736K(113472K) Class: 16864K(18560K)->16864K(18560K)
[2022-07-05T09:04:04.833+0000][8][gc          ] GC(313) Pause Young (Normal) (G1 Evacuation Pause) 396M->95M(512M) 18.192ms
[2022-07-05T09:04:04.833+0000][8][gc,cpu      ] GC(313) User=0.00s Sys=0.01s Real=0.01s
[2022-07-05T09:04:04.834+0000][8][safepoint   ] Safepoint "G1CollectForAllocation", Time since last: 34968844815 ns, Reaching safepoint: 74192 ns, At safepoint: 19365955 ns, Total: 19440147 ns
[2022-07-05T09:05:28.817+0000][8][gc,start    ] GC(314) Pause Young (Normal) (G1 Evacuation Pause)
[2022-07-05T09:05:28.818+0000][8][gc,task     ] GC(314) Using 4 workers of 4 for evacuation
[2022-07-05T09:05:28.819+0000][8][gc,age      ] GC(314) Desired survivor size 20971520 bytes, new threshold 15 (max threshold 15)
[2022-07-05T09:05:28.827+0000][8][gc,phases   ] GC(314)   Pre Evacuate Collection Set: 0.3ms
[2022-07-05T09:05:28.828+0000][8][gc,phases   ] GC(314)   Merge Heap Roots: 0.2ms
[2022-07-05T09:05:28.829+0000][8][gc,phases   ] GC(314)   Evacuate Collection Set: 2.5ms
[2022-07-05T09:05:28.830+0000][8][gc,phases   ] GC(314)   Post Evacuate Collection Set: 1.4ms
[2022-07-05T09:05:28.830+0000][8][gc,phases   ] GC(314)   Other: 4.4ms
[2022-07-05T09:05:28.831+0000][8][gc,age      ] GC(314) Age table with threshold 15 (max threshold 15)
[2022-07-05T09:05:28.832+0000][8][gc,age      ] GC(314) - age   1:    1960872 bytes,    1960872 total
[2022-07-05T09:05:28.832+0000][8][gc,age      ] GC(314) - age   2:      80240 bytes,    2041112 total
[2022-07-05T09:05:28.833+0000][8][gc,age      ] GC(314) - age   3:      83464 bytes,    2124576 total
[2022-07-05T09:05:28.834+0000][8][gc,age      ] GC(314) - age   4:        328 bytes,    2124904 total
[2022-07-05T09:05:28.834+0000][8][gc,age      ] GC(314) - age   5:        264 bytes,    2125168 total
[2022-07-05T09:05:28.835+0000][8][gc,age      ] GC(314) - age   6:     238512 bytes,    2363680 total
[2022-07-05T09:05:28.836+0000][8][gc,age      ] GC(314) - age   8:        184 bytes,    2363864 total
[2022-07-05T09:05:28.837+0000][8][gc,age      ] GC(314) - age   9:        184 bytes,    2364048 total
[2022-07-05T09:05:28.838+0000][8][gc,age      ] GC(314) - age  11:        296 bytes,    2364344 total
[2022-07-05T09:05:28.838+0000][8][gc,age      ] GC(314) - age  14:        184 bytes,    2364528 total
[2022-07-05T09:05:28.839+0000][8][gc,heap     ] GC(314) Eden regions: 75->0(75)
[2022-07-05T09:05:28.840+0000][8][gc,heap     ] GC(314) Survivor regions: 1->1(10)
[2022-07-05T09:05:28.840+0000][8][gc,heap     ] GC(314) Old regions: 23->23
[2022-07-05T09:05:28.841+0000][8][gc,heap     ] GC(314) Archive regions: 2->2
[2022-07-05T09:05:28.842+0000][8][gc,heap     ] GC(314) Humongous regions: 0->0
[2022-07-05T09:05:28.842+0000][8][gc,metaspace] GC(314) Metaspace: 128601K(132032K)->128601K(132032K) NonClass: 111736K(113472K)->111736K(113472K) Class: 16864K(18560K)->16864K(18560K)
[2022-07-05T09:05:28.843+0000][8][gc          ] GC(314) Pause Young (Normal) (G1 Evacuation Pause) 395M->96M(512M) 25.694ms
[2022-07-05T09:05:28.844+0000][8][gc,cpu      ] GC(314) User=0.00s Sys=0.01s Real=0.03s
[2022-07-05T09:05:28.844+0000][8][safepoint   ] Safepoint "G1CollectForAllocation", Time since last: 84026323027 ns, Reaching safepoint: 114231 ns, At safepoint: 27018629 ns, Total: 27132860 ns
[2022-07-05T09:06:53.308+0000][8][gc,start    ] GC(315) Pause Young (Normal) (G1 Evacuation Pause)
[2022-07-05T09:06:53.309+0000][8][gc,task     ] GC(315) Using 4 workers of 4 for evacuation
[2022-07-05T09:06:53.310+0000][8][gc,age      ] GC(315) Desired survivor size 20971520 bytes, new threshold 15 (max threshold 15)
[2022-07-05T09:06:53.315+0000][8][gc,phases   ] GC(315)   Pre Evacuate Collection Set: 0.2ms
[2022-07-05T09:06:53.316+0000][8][gc,phases   ] GC(315)   Merge Heap Roots: 0.2ms
[2022-07-05T09:06:53.317+0000][8][gc,phases   ] GC(315)   Evacuate Collection Set: 3.0ms
[2022-07-05T09:06:53.317+0000][8][gc,phases   ] GC(315)   Post Evacuate Collection Set: 1.5ms
[2022-07-05T09:06:53.318+0000][8][gc,phases   ] GC(315)   Other: 1.6ms
[2022-07-05T09:06:53.319+0000][8][gc,age      ] GC(315) Age table with threshold 15 (max threshold 15)
[2022-07-05T09:06:53.319+0000][8][gc,age      ] GC(315) - age   1:    1592728 bytes,    1592728 total
[2022-07-05T09:06:53.320+0000][8][gc,age      ] GC(315) - age   2:       1432 bytes,    1594160 total
[2022-07-05T09:06:53.320+0000][8][gc,age      ] GC(315) - age   3:      79160 bytes,    1673320 total
[2022-07-05T09:06:53.321+0000][8][gc,age      ] GC(315) - age   4:      83280 bytes,    1756600 total
[2022-07-05T09:06:53.321+0000][8][gc,age      ] GC(315) - age   5:         32 bytes,    1756632 total
[2022-07-05T09:06:53.322+0000][8][gc,age      ] GC(315) - age   6:        264 bytes,    1756896 total
[2022-07-05T09:06:53.322+0000][8][gc,age      ] GC(315) - age   7:     238512 bytes,    1995408 total
[2022-07-05T09:06:53.323+0000][8][gc,age      ] GC(315) - age   9:        184 bytes,    1995592 total
[2022-07-05T09:06:53.323+0000][8][gc,age      ] GC(315) - age  10:        184 bytes,    1995776 total
[2022-07-05T09:06:53.324+0000][8][gc,age      ] GC(315) - age  12:        296 bytes,    1996072 total
[2022-07-05T09:06:53.325+0000][8][gc,age      ] GC(315) - age  15:        184 bytes,    1996256 total
[2022-07-05T09:06:53.325+0000][8][gc,heap     ] GC(315) Eden regions: 75->0(75)
[2022-07-05T09:06:53.326+0000][8][gc,heap     ] GC(315) Survivor regions: 1->1(10)
[2022-07-05T09:06:53.326+0000][8][gc,heap     ] GC(315) Old regions: 23->23
[2022-07-05T09:06:53.327+0000][8][gc,heap     ] GC(315) Archive regions: 2->2
[2022-07-05T09:06:53.327+0000][8][gc,heap     ] GC(315) Humongous regions: 0->0
[2022-07-05T09:06:53.328+0000][8][gc,metaspace] GC(315) Metaspace: 128601K(132032K)->128601K(132032K) NonClass: 111736K(113472K)->111736K(113472K) Class: 16864K(18560K)->16864K(18560K)
[2022-07-05T09:06:53.329+0000][8][gc          ] GC(315) Pause Young (Normal) (G1 Evacuation Pause) 396M->96M(512M) 20.782ms
[2022-07-05T09:06:53.329+0000][8][gc,cpu      ] GC(315) User=0.01s Sys=0.00s Real=0.02s
[2022-07-05T09:06:53.330+0000][8][safepoint   ] Safepoint "G1CollectForAllocation", Time since last: 84527730096 ns, Reaching safepoint: 327907 ns, At safepoint: 22515088 ns, Total: 22842995 ns
[2022-07-05T09:08:22.767+0000][8][gc,start    ] GC(316) Pause Young (Normal) (G1 Evacuation Pause)
[2022-07-05T09:08:22.768+0000][8][gc,task     ] GC(316) Using 4 workers of 4 for evacuation
[2022-07-05T09:08:22.769+0000][8][gc,age      ] GC(316) Desired survivor size 20971520 bytes, new threshold 15 (max threshold 15)
[2022-07-05T09:08:22.774+0000][8][gc,phases   ] GC(316)   Pre Evacuate Collection Set: 0.3ms
[2022-07-05T09:08:22.774+0000][8][gc,phases   ] GC(316)   Merge Heap Roots: 0.1ms
[2022-07-05T09:08:22.775+0000][8][gc,phases   ] GC(316)   Evacuate Collection Set: 2.2ms
[2022-07-05T09:08:22.809+0000][8][gc,phases   ] GC(316)   Post Evacuate Collection Set: 1.3ms
[2022-07-05T09:08:22.809+0000][8][gc,phases   ] GC(316)   Other: 1.5ms
[2022-07-05T09:08:22.810+0000][8][gc,age      ] GC(316) Age table with threshold 15 (max threshold 15)
[2022-07-05T09:08:22.811+0000][8][gc,age      ] GC(316) - age   1:    1718248 bytes,    1718248 total
[2022-07-05T09:08:22.811+0000][8][gc,age      ] GC(316) - age   2:       1952 bytes,    1720200 total
[2022-07-05T09:08:22.812+0000][8][gc,age      ] GC(316) - age   3:        536 bytes,    1720736 total
[2022-07-05T09:08:22.813+0000][8][gc,age      ] GC(316) - age   4:      79064 bytes,    1799800 total
[2022-07-05T09:08:22.814+0000][8][gc,age      ] GC(316) - age   5:      82984 bytes,    1882784 total
[2022-07-05T09:08:22.815+0000][8][gc,age      ] GC(316) - age   6:         32 bytes,    1882816 total
[2022-07-05T09:08:22.816+0000][8][gc,age      ] GC(316) - age   7:        264 bytes,    1883080 total
[2022-07-05T09:08:22.816+0000][8][gc,age      ] GC(316) - age   8:     236592 bytes,    2119672 total
[2022-07-05T09:08:22.817+0000][8][gc,age      ] GC(316) - age  10:        184 bytes,    2119856 total
[2022-07-05T09:08:22.818+0000][8][gc,age      ] GC(316) - age  11:        184 bytes,    2120040 total
[2022-07-05T09:08:22.818+0000][8][gc,age      ] GC(316) - age  13:        296 bytes,    2120336 total
[2022-07-05T09:08:22.819+0000][8][gc,heap     ] GC(316) Eden regions: 75->0(75)
[2022-07-05T09:08:22.820+0000][8][gc,heap     ] GC(316) Survivor regions: 1->1(10)
[2022-07-05T09:08:22.820+0000][8][gc,heap     ] GC(316) Old regions: 23->23
[2022-07-05T09:08:22.821+0000][8][gc,heap     ] GC(316) Archive regions: 2->2
[2022-07-05T09:08:22.822+0000][8][gc,heap     ] GC(316) Humongous regions: 0->0
[2022-07-05T09:08:22.823+0000][8][gc,metaspace] GC(316) Metaspace: 128602K(132032K)->128602K(132032K) NonClass: 111737K(113472K)->111737K(113472K) Class: 16864K(18560K)->16864K(18560K)
[2022-07-05T09:08:22.823+0000][8][gc          ] GC(316) Pause Young (Normal) (G1 Evacuation Pause) 396M->96M(512M) 56.140ms
[2022-07-05T09:08:22.824+0000][8][gc,cpu      ] GC(316) User=0.00s Sys=0.01s Real=0.06s
[2022-07-05T09:08:22.825+0000][8][safepoint   ] Safepoint "G1CollectForAllocation", Time since last: 89501633557 ns, Reaching safepoint: 218227 ns, At safepoint: 57548986 ns, Total: 57767213 ns
[2022-07-05T09:09:43.932+0000][8][gc,start    ] GC(317) Pause Young (Normal) (G1 Evacuation Pause)
[2022-07-05T09:09:43.933+0000][8][gc,task     ] GC(317) Using 4 workers of 4 for evacuation
[2022-07-05T09:09:43.934+0000][8][gc,age      ] GC(317) Desired survivor size 20971520 bytes, new threshold 15 (max threshold 15)
[2022-07-05T09:09:43.938+0000][8][gc,phases   ] GC(317)   Pre Evacuate Collection Set: 0.2ms
[2022-07-05T09:09:43.939+0000][8][gc,phases   ] GC(317)   Merge Heap Roots: 0.1ms
[2022-07-05T09:09:43.939+0000][8][gc,phases   ] GC(317)   Evacuate Collection Set: 2.0ms
[2022-07-05T09:09:43.940+0000][8][gc,phases   ] GC(317)   Post Evacuate Collection Set: 1.1ms
[2022-07-05T09:09:43.940+0000][8][gc,phases   ] GC(317)   Other: 1.2ms
[2022-07-05T09:09:43.941+0000][8][gc,age      ] GC(317) Age table with threshold 15 (max threshold 15)
[2022-07-05T09:09:43.941+0000][8][gc,age      ] GC(317) - age   1:    1368128 bytes,    1368128 total
[2022-07-05T09:09:43.942+0000][8][gc,age      ] GC(317) - age   2:       3608 bytes,    1371736 total
[2022-07-05T09:09:43.942+0000][8][gc,age      ] GC(317) - age   3:        608 bytes,    1372344 total
[2022-07-05T09:09:43.943+0000][8][gc,age      ] GC(317) - age   4:        512 bytes,    1372856 total
[2022-07-05T09:09:43.943+0000][8][gc,age      ] GC(317) - age   5:      79064 bytes,    1451920 total
[2022-07-05T09:09:43.944+0000][8][gc,age      ] GC(317) - age   6:      82984 bytes,    1534904 total
[2022-07-05T09:09:43.945+0000][8][gc,age      ] GC(317) - age   8:         80 bytes,    1534984 total
[2022-07-05T09:09:43.945+0000][8][gc,age      ] GC(317) - age   9:     236592 bytes,    1771576 total
[2022-07-05T09:09:43.946+0000][8][gc,age      ] GC(317) - age  11:        184 bytes,    1771760 total
[2022-07-05T09:09:43.946+0000][8][gc,age      ] GC(317) - age  14:        296 bytes,    1772056 total
[2022-07-05T09:09:43.947+0000][8][gc,heap     ] GC(317) Eden regions: 75->0(75)
[2022-07-05T09:09:43.948+0000][8][gc,heap     ] GC(317) Survivor regions: 1->1(10)
[2022-07-05T09:09:43.948+0000][8][gc,heap     ] GC(317) Old regions: 23->23
[2022-07-05T09:09:43.949+0000][8][gc,heap     ] GC(317) Archive regions: 2->2
[2022-07-05T09:09:43.949+0000][8][gc,heap     ] GC(317) Humongous regions: 0->0
[2022-07-05T09:09:43.949+0000][8][gc,metaspace] GC(317) Metaspace: 128602K(132032K)->128602K(132032K) NonClass: 111737K(113472K)->111737K(113472K) Class: 16864K(18560K)->16864K(18560K)
[2022-07-05T09:09:43.950+0000][8][gc          ] GC(317) Pause Young (Normal) (G1 Evacuation Pause) 396M->96M(512M) 17.581ms
[2022-07-05T09:09:43.951+0000][8][gc,cpu      ] GC(317) User=0.01s Sys=0.00s Real=0.02s
[2022-07-05T09:09:43.951+0000][8][safepoint   ] Safepoint "G1CollectForAllocation", Time since last: 81172932281 ns, Reaching safepoint: 102629 ns, At safepoint: 18881995 ns, Total: 18984624 ns
[2022-07-05T09:11:11.758+0000][8][gc,start    ] GC(318) Pause Young (Normal) (G1 Evacuation Pause)
[2022-07-05T09:11:11.759+0000][8][gc,task     ] GC(318) Using 4 workers of 4 for evacuation
[2022-07-05T09:11:11.760+0000][8][gc,age      ] GC(318) Desired survivor size 20971520 bytes, new threshold 15 (max threshold 15)
[2022-07-05T09:11:11.765+0000][8][gc,phases   ] GC(318)   Pre Evacuate Collection Set: 0.3ms
[2022-07-05T09:11:11.766+0000][8][gc,phases   ] GC(318)   Merge Heap Roots: 0.2ms
[2022-07-05T09:11:11.767+0000][8][gc,phases   ] GC(318)   Evacuate Collection Set: 2.0ms
[2022-07-05T09:11:11.768+0000][8][gc,phases   ] GC(318)   Post Evacuate Collection Set: 1.3ms
[2022-07-05T09:11:11.768+0000][8][gc,phases   ] GC(318)   Other: 2.5ms
[2022-07-05T09:11:11.769+0000][8][gc,age      ] GC(318) Age table with threshold 15 (max threshold 15)
[2022-07-05T09:11:11.770+0000][8][gc,age      ] GC(318) - age   1:     791720 bytes,     791720 total
[2022-07-05T09:11:11.770+0000][8][gc,age      ] GC(318) - age   2:       2888 bytes,     794608 total
[2022-07-05T09:11:11.771+0000][8][gc,age      ] GC(318) - age   3:       2264 bytes,     796872 total
[2022-07-05T09:11:11.772+0000][8][gc,age      ] GC(318) - age   4:        184 bytes,     797056 total
[2022-07-05T09:11:11.773+0000][8][gc,age      ] GC(318) - age   5:        512 bytes,     797568 total
[2022-07-05T09:11:11.774+0000][8][gc,age      ] GC(318) - age   6:      79064 bytes,     876632 total
[2022-07-05T09:11:11.775+0000][8][gc,age      ] GC(318) - age   7:      82984 bytes,     959616 total
[2022-07-05T09:11:11.776+0000][8][gc,age      ] GC(318) - age   9:         80 bytes,     959696 total
[2022-07-05T09:11:11.776+0000][8][gc,age      ] GC(318) - age  10:     236592 bytes,    1196288 total
[2022-07-05T09:11:11.777+0000][8][gc,age      ] GC(318) - age  12:        184 bytes,    1196472 total
[2022-07-05T09:11:11.778+0000][8][gc,age      ] GC(318) - age  15:        296 bytes,    1196768 total
[2022-07-05T09:11:11.778+0000][8][gc,heap     ] GC(318) Eden regions: 75->0(75)
[2022-07-05T09:11:11.779+0000][8][gc,heap     ] GC(318) Survivor regions: 1->1(10)
[2022-07-05T09:11:11.779+0000][8][gc,heap     ] GC(318) Old regions: 23->23
[2022-07-05T09:11:11.780+0000][8][gc,heap     ] GC(318) Archive regions: 2->2
[2022-07-05T09:11:11.780+0000][8][gc,heap     ] GC(318) Humongous regions: 0->0
[2022-07-05T09:11:11.781+0000][8][gc,metaspace] GC(318) Metaspace: 128602K(132032K)->128602K(132032K) NonClass: 111737K(113472K)->111737K(113472K) Class: 16864K(18560K)->16864K(18560K)
[2022-07-05T09:11:11.782+0000][8][gc          ] GC(318) Pause Young (Normal) (G1 Evacuation Pause) 396M->95M(512M) 23.839ms
[2022-07-05T09:11:11.782+0000][8][gc,cpu      ] GC(318) User=0.01s Sys=0.00s Real=0.03s
[2022-07-05T09:11:11.783+0000][8][safepoint   ] Safepoint "G1CollectForAllocation", Time since last: 87870802202 ns, Reaching safepoint: 153785 ns, At safepoint: 25148589 ns, Total: 25302374 ns
[2022-07-05T09:12:40.697+0000][8][gc,start    ] GC(319) Pause Young (Normal) (G1 Evacuation Pause)
[2022-07-05T09:12:40.698+0000][8][gc,task     ] GC(319) Using 4 workers of 4 for evacuation
[2022-07-05T09:12:40.698+0000][8][gc,age      ] GC(319) Desired survivor size 20971520 bytes, new threshold 15 (max threshold 15)
[2022-07-05T09:12:40.702+0000][8][gc,phases   ] GC(319)   Pre Evacuate Collection Set: 0.2ms
[2022-07-05T09:12:40.703+0000][8][gc,phases   ] GC(319)   Merge Heap Roots: 0.2ms
[2022-07-05T09:12:40.704+0000][8][gc,phases   ] GC(319)   Evacuate Collection Set: 1.6ms
[2022-07-05T09:12:40.704+0000][8][gc,phases   ] GC(319)   Post Evacuate Collection Set: 1.0ms
[2022-07-05T09:12:40.705+0000][8][gc,phases   ] GC(319)   Other: 1.4ms
[2022-07-05T09:12:40.705+0000][8][gc,age      ] GC(319) Age table with threshold 15 (max threshold 15)
[2022-07-05T09:12:40.706+0000][8][gc,age      ] GC(319) - age   1:     800792 bytes,     800792 total
[2022-07-05T09:12:40.706+0000][8][gc,age      ] GC(319) - age   2:        904 bytes,     801696 total
[2022-07-05T09:12:40.707+0000][8][gc,age      ] GC(319) - age   3:        288 bytes,     801984 total
[2022-07-05T09:12:40.708+0000][8][gc,age      ] GC(319) - age   4:       2200 bytes,     804184 total
[2022-07-05T09:12:40.708+0000][8][gc,age      ] GC(319) - age   5:        184 bytes,     804368 total
[2022-07-05T09:12:40.709+0000][8][gc,age      ] GC(319) - age   6:        512 bytes,     804880 total
[2022-07-05T09:12:40.709+0000][8][gc,age      ] GC(319) - age   7:      79064 bytes,     883944 total
[2022-07-05T09:12:40.710+0000][8][gc,age      ] GC(319) - age   8:      82984 bytes,     966928 total
[2022-07-05T09:12:40.711+0000][8][gc,age      ] GC(319) - age  10:         80 bytes,     967008 total
[2022-07-05T09:12:40.711+0000][8][gc,age      ] GC(319) - age  11:     236200 bytes,    1203208 total
[2022-07-05T09:12:40.712+0000][8][gc,age      ] GC(319) - age  13:        184 bytes,    1203392 total
[2022-07-05T09:12:40.712+0000][8][gc,heap     ] GC(319) Eden regions: 75->0(75)
[2022-07-05T09:12:40.713+0000][8][gc,heap     ] GC(319) Survivor regions: 1->1(10)
[2022-07-05T09:12:40.714+0000][8][gc,heap     ] GC(319) Old regions: 23->23
[2022-07-05T09:12:40.714+0000][8][gc,heap     ] GC(319) Archive regions: 2->2
[2022-07-05T09:12:40.715+0000][8][gc,heap     ] GC(319) Humongous regions: 0->0
[2022-07-05T09:12:40.716+0000][8][gc,metaspace] GC(319) Metaspace: 128602K(132032K)->128602K(132032K) NonClass: 111738K(113472K)->111738K(113472K) Class: 16864K(18560K)->16864K(18560K)
[2022-07-05T09:12:40.717+0000][8][gc          ] GC(319) Pause Young (Normal) (G1 Evacuation Pause) 395M->95M(512M) 19.870ms
[2022-07-05T09:12:40.717+0000][8][gc,cpu      ] GC(319) User=0.01s Sys=0.00s Real=0.02s
[2022-07-05T09:12:40.718+0000][8][safepoint   ] Safepoint "G1CollectForAllocation", Time since last: 88978452546 ns, Reaching safepoint: 107638 ns, At safepoint: 21162517 ns, Total: 21270155 ns
[2022-07-05T09:13:56.789+0000][8][safepoint   ] Safepoint "Cleanup", Time since last: 76114359932 ns, Reaching safepoint: 190354 ns, At safepoint: 25323 ns, Total: 215677 ns
[2022-07-05T09:14:04.690+0000][8][gc,start    ] GC(320) Pause Young (Normal) (G1 Evacuation Pause)
[2022-07-05T09:14:04.691+0000][8][gc,task     ] GC(320) Using 4 workers of 4 for evacuation
[2022-07-05T09:14:04.692+0000][8][gc,age      ] GC(320) Desired survivor size 20971520 bytes, new threshold 15 (max threshold 15)
[2022-07-05T09:14:04.696+0000][8][gc,phases   ] GC(320)   Pre Evacuate Collection Set: 0.3ms
[2022-07-05T09:14:04.697+0000][8][gc,phases   ] GC(320)   Merge Heap Roots: 0.2ms
[2022-07-05T09:14:04.697+0000][8][gc,phases   ] GC(320)   Evacuate Collection Set: 1.7ms
[2022-07-05T09:14:04.698+0000][8][gc,phases   ] GC(320)   Post Evacuate Collection Set: 1.0ms
[2022-07-05T09:14:04.698+0000][8][gc,phases   ] GC(320)   Other: 1.4ms
[2022-07-05T09:14:04.699+0000][8][gc,age      ] GC(320) Age table with threshold 15 (max threshold 15)
[2022-07-05T09:14:04.699+0000][8][gc,age      ] GC(320) - age   1:     778840 bytes,     778840 total
[2022-07-05T09:14:04.700+0000][8][gc,age      ] GC(320) - age   2:       1448 bytes,     780288 total
[2022-07-05T09:14:04.700+0000][8][gc,age      ] GC(320) - age   3:         32 bytes,     780320 total
[2022-07-05T09:14:04.701+0000][8][gc,age      ] GC(320) - age   4:        224 bytes,     780544 total
[2022-07-05T09:14:04.701+0000][8][gc,age      ] GC(320) - age   5:       2104 bytes,     782648 total
[2022-07-05T09:14:04.702+0000][8][gc,age      ] GC(320) - age   6:        184 bytes,     782832 total
[2022-07-05T09:14:04.702+0000][8][gc,age      ] GC(320) - age   7:        512 bytes,     783344 total
[2022-07-05T09:14:04.703+0000][8][gc,age      ] GC(320) - age   8:      79064 bytes,     862408 total
[2022-07-05T09:14:04.703+0000][8][gc,age      ] GC(320) - age   9:      82984 bytes,     945392 total
[2022-07-05T09:14:04.704+0000][8][gc,age      ] GC(320) - age  11:         80 bytes,     945472 total
[2022-07-05T09:14:04.704+0000][8][gc,age      ] GC(320) - age  12:     236200 bytes,    1181672 total
[2022-07-05T09:14:04.705+0000][8][gc,heap     ] GC(320) Eden regions: 75->0(75)
[2022-07-05T09:14:04.705+0000][8][gc,heap     ] GC(320) Survivor regions: 1->1(10)
[2022-07-05T09:14:04.706+0000][8][gc,heap     ] GC(320) Old regions: 23->23
[2022-07-05T09:14:04.706+0000][8][gc,heap     ] GC(320) Archive regions: 2->2
[2022-07-05T09:14:04.707+0000][8][gc,heap     ] GC(320) Humongous regions: 0->0
[2022-07-05T09:14:04.707+0000][8][gc,metaspace] GC(320) Metaspace: 128602K(132032K)->128602K(132032K) NonClass: 111738K(113472K)->111738K(113472K) Class: 16864K(18560K)->16864K(18560K)
[2022-07-05T09:14:04.708+0000][8][gc          ] GC(320) Pause Young (Normal) (G1 Evacuation Pause) 395M->95M(512M) 17.790ms
[2022-07-05T09:14:04.708+0000][8][gc,cpu      ] GC(320) User=0.01s Sys=0.01s Real=0.02s
[2022-07-05T09:14:04.709+0000][8][safepoint   ] Safepoint "G1CollectForAllocation", Time since last: 7921826230 ns, Reaching safepoint: 154957 ns, At safepoint: 18970978 ns, Total: 19125935 ns
[2022-07-05T09:15:17.737+0000][8][safepoint   ] Safepoint "Cleanup", Time since last: 73070723857 ns, Reaching safepoint: 470675 ns, At safepoint: 57522 ns, Total: 528197 ns
[2022-07-05T09:15:29.279+0000][8][gc,start    ] GC(321) Pause Young (Normal) (G1 Evacuation Pause)
[2022-07-05T09:15:29.282+0000][8][gc,task     ] GC(321) Using 4 workers of 4 for evacuation
[2022-07-05T09:15:29.283+0000][8][gc,age      ] GC(321) Desired survivor size 20971520 bytes, new threshold 15 (max threshold 15)
[2022-07-05T09:15:29.288+0000][8][gc,phases   ] GC(321)   Pre Evacuate Collection Set: 0.3ms
[2022-07-05T09:15:29.289+0000][8][gc,phases   ] GC(321)   Merge Heap Roots: 0.3ms
[2022-07-05T09:15:29.290+0000][8][gc,phases   ] GC(321)   Evacuate Collection Set: 2.3ms
[2022-07-05T09:15:29.290+0000][8][gc,phases   ] GC(321)   Post Evacuate Collection Set: 1.5ms
[2022-07-05T09:15:29.291+0000][8][gc,phases   ] GC(321)   Other: 1.8ms
[2022-07-05T09:15:29.292+0000][8][gc,age      ] GC(321) Age table with threshold 15 (max threshold 15)
[2022-07-05T09:15:29.292+0000][8][gc,age      ] GC(321) - age   1:     995344 bytes,     995344 total
[2022-07-05T09:15:29.293+0000][8][gc,age      ] GC(321) - age   2:       2520 bytes,     997864 total
[2022-07-05T09:15:29.294+0000][8][gc,age      ] GC(321) - age   3:        960 bytes,     998824 total
[2022-07-05T09:15:29.295+0000][8][gc,age      ] GC(321) - age   4:         32 bytes,     998856 total
[2022-07-05T09:15:29.295+0000][8][gc,age      ] GC(321) - age   5:        224 bytes,     999080 total
[2022-07-05T09:15:29.295+0000][8][gc,age      ] GC(321) - age   6:       2104 bytes,    1001184 total
[2022-07-05T09:15:29.296+0000][8][gc,age      ] GC(321) - age   7:        184 bytes,    1001368 total
[2022-07-05T09:15:29.297+0000][8][gc,age      ] GC(321) - age   8:        512 bytes,    1001880 total
[2022-07-05T09:15:29.297+0000][8][gc,age      ] GC(321) - age   9:      79064 bytes,    1080944 total
[2022-07-05T09:15:29.298+0000][8][gc,age      ] GC(321) - age  10:      82984 bytes,    1163928 total
[2022-07-05T09:15:29.298+0000][8][gc,age      ] GC(321) - age  12:         80 bytes,    1164008 total
[2022-07-05T09:15:29.299+0000][8][gc,age      ] GC(321) - age  13:     236200 bytes,    1400208 total
[2022-07-05T09:15:29.300+0000][8][gc,heap     ] GC(321) Eden regions: 75->0(75)
[2022-07-05T09:15:29.300+0000][8][gc,heap     ] GC(321) Survivor regions: 1->1(10)
[2022-07-05T09:15:29.301+0000][8][gc,heap     ] GC(321) Old regions: 23->23
[2022-07-05T09:15:29.302+0000][8][gc,heap     ] GC(321) Archive regions: 2->2
[2022-07-05T09:15:29.306+0000][8][gc,heap     ] GC(321) Humongous regions: 0->0
[2022-07-05T09:15:29.307+0000][8][gc,metaspace] GC(321) Metaspace: 128602K(132032K)->128602K(132032K) NonClass: 111738K(113472K)->111738K(113472K) Class: 16864K(18560K)->16864K(18560K)
[2022-07-05T09:15:29.307+0000][8][gc          ] GC(321) Pause Young (Normal) (G1 Evacuation Pause) 395M->95M(512M) 28.390ms
[2022-07-05T09:15:29.308+0000][8][gc,cpu      ] GC(321) User=0.00s Sys=0.01s Real=0.02s
[2022-07-05T09:15:29.309+0000][8][safepoint   ] Safepoint "G1CollectForAllocation", Time since last: 11542197639 ns, Reaching safepoint: 69872 ns, At safepoint: 30013759 ns, Total: 30083631 ns
[2022-07-05T09:16:56.127+0000][8][gc,start    ] GC(322) Pause Young (Normal) (G1 Evacuation Pause)
[2022-07-05T09:16:56.128+0000][8][gc,task     ] GC(322) Using 4 workers of 4 for evacuation
[2022-07-05T09:16:56.129+0000][8][gc,age      ] GC(322) Desired survivor size 20971520 bytes, new threshold 15 (max threshold 15)
[2022-07-05T09:16:56.134+0000][8][gc,phases   ] GC(322)   Pre Evacuate Collection Set: 0.2ms
[2022-07-05T09:16:56.135+0000][8][gc,phases   ] GC(322)   Merge Heap Roots: 0.0ms
[2022-07-05T09:16:56.135+0000][8][gc,phases   ] GC(322)   Evacuate Collection Set: 2.4ms
[2022-07-05T09:16:56.136+0000][8][gc,phases   ] GC(322)   Post Evacuate Collection Set: 1.0ms
[2022-07-05T09:16:56.137+0000][8][gc,phases   ] GC(322)   Other: 2.2ms
[2022-07-05T09:16:56.137+0000][8][gc,age      ] GC(322) Age table with threshold 15 (max threshold 15)
[2022-07-05T09:16:56.138+0000][8][gc,age      ] GC(322) - age   1:     918488 bytes,     918488 total
[2022-07-05T09:16:56.138+0000][8][gc,age      ] GC(322) - age   2:        744 bytes,     919232 total
[2022-07-05T09:16:56.139+0000][8][gc,age      ] GC(322) - age   3:        576 bytes,     919808 total
[2022-07-05T09:16:56.141+0000][8][gc,age      ] GC(322) - age   4:        600 bytes,     920408 total
[2022-07-05T09:16:56.141+0000][8][gc,age      ] GC(322) - age   5:         32 bytes,     920440 total
[2022-07-05T09:16:56.142+0000][8][gc,age      ] GC(322) - age   6:        224 bytes,     920664 total
[2022-07-05T09:16:56.143+0000][8][gc,age      ] GC(322) - age   7:       2104 bytes,     922768 total
[2022-07-05T09:16:56.143+0000][8][gc,age      ] GC(322) - age   8:        184 bytes,     922952 total
[2022-07-05T09:16:56.144+0000][8][gc,age      ] GC(322) - age   9:        512 bytes,     923464 total
[2022-07-05T09:16:56.144+0000][8][gc,age      ] GC(322) - age  10:      79064 bytes,    1002528 total
[2022-07-05T09:16:56.145+0000][8][gc,age      ] GC(322) - age  11:      82984 bytes,    1085512 total
[2022-07-05T09:16:56.145+0000][8][gc,age      ] GC(322) - age  13:         80 bytes,    1085592 total
[2022-07-05T09:16:56.146+0000][8][gc,age      ] GC(322) - age  14:     236200 bytes,    1321792 total
[2022-07-05T09:16:56.146+0000][8][gc,heap     ] GC(322) Eden regions: 75->0(75)
[2022-07-05T09:16:56.148+0000][8][gc,heap     ] GC(322) Survivor regions: 1->1(10)
[2022-07-05T09:16:56.149+0000][8][gc,heap     ] GC(322) Old regions: 23->23
[2022-07-05T09:16:56.149+0000][8][gc,heap     ] GC(322) Archive regions: 2->2
[2022-07-05T09:16:56.150+0000][8][gc,heap     ] GC(322) Humongous regions: 0->0
[2022-07-05T09:16:56.151+0000][8][gc,metaspace] GC(322) Metaspace: 128602K(132032K)->128602K(132032K) NonClass: 111738K(113472K)->111738K(113472K) Class: 16864K(18560K)->16864K(18560K)
[2022-07-05T09:16:56.152+0000][8][gc          ] GC(322) Pause Young (Normal) (G1 Evacuation Pause) 395M->95M(512M) 24.856ms
[2022-07-05T09:16:56.152+0000][8][gc,cpu      ] GC(322) User=0.01s Sys=0.00s Real=0.02s
[2022-07-05T09:16:56.153+0000][8][safepoint   ] Safepoint "G1CollectForAllocation", Time since last: 86882602582 ns, Reaching safepoint: 110440 ns, At safepoint: 26197228 ns, Total: 26307668 ns
[2022-07-05T09:18:22.658+0000][8][gc,start    ] GC(323) Pause Young (Normal) (G1 Evacuation Pause)
[2022-07-05T09:18:22.659+0000][8][gc,task     ] GC(323) Using 4 workers of 4 for evacuation
[2022-07-05T09:18:22.659+0000][8][gc,age      ] GC(323) Desired survivor size 20971520 bytes, new threshold 15 (max threshold 15)
[2022-07-05T09:18:22.664+0000][8][gc,phases   ] GC(323)   Pre Evacuate Collection Set: 0.2ms
[2022-07-05T09:18:22.665+0000][8][gc,phases   ] GC(323)   Merge Heap Roots: 0.1ms
[2022-07-05T09:18:22.665+0000][8][gc,phases   ] GC(323)   Evacuate Collection Set: 2.3ms
[2022-07-05T09:18:22.666+0000][8][gc,phases   ] GC(323)   Post Evacuate Collection Set: 1.1ms
[2022-07-05T09:18:22.667+0000][8][gc,phases   ] GC(323)   Other: 1.6ms
[2022-07-05T09:18:22.667+0000][8][gc,age      ] GC(323) Age table with threshold 15 (max threshold 15)
[2022-07-05T09:18:22.668+0000][8][gc,age      ] GC(323) - age   1:    1022936 bytes,    1022936 total
[2022-07-05T09:18:22.669+0000][8][gc,age      ] GC(323) - age   2:       2216 bytes,    1025152 total
[2022-07-05T09:18:22.669+0000][8][gc,age      ] GC(323) - age   3:        128 bytes,    1025280 total
[2022-07-05T09:18:22.670+0000][8][gc,age      ] GC(323) - age   4:        184 bytes,    1025464 total
[2022-07-05T09:18:22.670+0000][8][gc,age      ] GC(323) - age   5:        600 bytes,    1026064 total
[2022-07-05T09:18:22.671+0000][8][gc,age      ] GC(323) - age   6:         32 bytes,    1026096 total
[2022-07-05T09:18:22.671+0000][8][gc,age      ] GC(323) - age   7:        224 bytes,    1026320 total
[2022-07-05T09:18:22.672+0000][8][gc,age      ] GC(323) - age   8:        184 bytes,    1026504 total
[2022-07-05T09:18:22.673+0000][8][gc,age      ] GC(323) - age   9:        184 bytes,    1026688 total
[2022-07-05T09:18:22.673+0000][8][gc,age      ] GC(323) - age  10:        512 bytes,    1027200 total
[2022-07-05T09:18:22.674+0000][8][gc,age      ] GC(323) - age  11:      79064 bytes,    1106264 total
[2022-07-05T09:18:22.675+0000][8][gc,age      ] GC(323) - age  12:      82984 bytes,    1189248 total
[2022-07-05T09:18:22.676+0000][8][gc,age      ] GC(323) - age  14:         80 bytes,    1189328 total
[2022-07-05T09:18:22.676+0000][8][gc,age      ] GC(323) - age  15:     236016 bytes,    1425344 total
[2022-07-05T09:18:22.677+0000][8][gc,heap     ] GC(323) Eden regions: 75->0(75)
[2022-07-05T09:18:22.678+0000][8][gc,heap     ] GC(323) Survivor regions: 1->1(10)
[2022-07-05T09:18:22.680+0000][8][gc,heap     ] GC(323) Old regions: 23->23
[2022-07-05T09:18:22.681+0000][8][gc,heap     ] GC(323) Archive regions: 2->2
[2022-07-05T09:18:22.681+0000][8][gc,heap     ] GC(323) Humongous regions: 0->0
[2022-07-05T09:18:22.682+0000][8][gc,metaspace] GC(323) Metaspace: 128602K(132032K)->128602K(132032K) NonClass: 111738K(113472K)->111738K(113472K) Class: 16864K(18560K)->16864K(18560K)
[2022-07-05T09:18:22.683+0000][8][gc          ] GC(323) Pause Young (Normal) (G1 Evacuation Pause) 395M->95M(512M) 24.851ms
[2022-07-05T09:18:22.683+0000][8][gc,cpu      ] GC(323) User=0.01s Sys=0.00s Real=0.03s
[2022-07-05T09:18:22.684+0000][8][safepoint   ] Safepoint "G1CollectForAllocation", Time since last: 86568925441 ns, Reaching safepoint: 100608 ns, At safepoint: 26091034 ns, Total: 26191642 ns
[2022-07-05T09:19:46.615+0000][8][gc,start    ] GC(324) Pause Young (Normal) (G1 Evacuation Pause)
[2022-07-05T09:19:46.616+0000][8][gc,task     ] GC(324) Using 4 workers of 4 for evacuation
[2022-07-05T09:19:46.617+0000][8][gc,age      ] GC(324) Desired survivor size 20971520 bytes, new threshold 15 (max threshold 15)
[2022-07-05T09:19:46.622+0000][8][gc,phases   ] GC(324)   Pre Evacuate Collection Set: 0.1ms
[2022-07-05T09:19:46.623+0000][8][gc,phases   ] GC(324)   Merge Heap Roots: 0.2ms
[2022-07-05T09:19:46.623+0000][8][gc,phases   ] GC(324)   Evacuate Collection Set: 2.3ms
[2022-07-05T09:19:46.623+0000][8][gc,phases   ] GC(324)   Post Evacuate Collection Set: 1.2ms
[2022-07-05T09:19:46.624+0000][8][gc,phases   ] GC(324)   Other: 1.5ms
[2022-07-05T09:19:46.625+0000][8][gc,age      ] GC(324) Age table with threshold 15 (max threshold 15)
[2022-07-05T09:19:46.625+0000][8][gc,age      ] GC(324) - age   1:    1041792 bytes,    1041792 total
[2022-07-05T09:19:46.626+0000][8][gc,age      ] GC(324) - age   2:       3656 bytes,    1045448 total
[2022-07-05T09:19:46.626+0000][8][gc,age      ] GC(324) - age   3:        832 bytes,    1046280 total
[2022-07-05T09:19:46.627+0000][8][gc,age      ] GC(324) - age   4:         64 bytes,    1046344 total
[2022-07-05T09:19:46.628+0000][8][gc,age      ] GC(324) - age   5:        184 bytes,    1046528 total
[2022-07-05T09:19:46.628+0000][8][gc,age      ] GC(324) - age   6:        600 bytes,    1047128 total
[2022-07-05T09:19:46.629+0000][8][gc,age      ] GC(324) - age   7:         32 bytes,    1047160 total
[2022-07-05T09:19:46.630+0000][8][gc,age      ] GC(324) - age   8:         48 bytes,    1047208 total
[2022-07-05T09:19:46.630+0000][8][gc,age      ] GC(324) - age   9:        184 bytes,    1047392 total
[2022-07-05T09:19:46.631+0000][8][gc,age      ] GC(324) - age  10:        184 bytes,    1047576 total
[2022-07-05T09:19:46.631+0000][8][gc,age      ] GC(324) - age  11:        512 bytes,    1048088 total
[2022-07-05T09:19:46.632+0000][8][gc,age      ] GC(324) - age  12:      79064 bytes,    1127152 total
[2022-07-05T09:19:46.633+0000][8][gc,age      ] GC(324) - age  13:      82984 bytes,    1210136 total
[2022-07-05T09:19:46.633+0000][8][gc,age      ] GC(324) - age  15:         48 bytes,    1210184 total
[2022-07-05T09:19:46.634+0000][8][gc,heap     ] GC(324) Eden regions: 75->0(75)
[2022-07-05T09:19:46.635+0000][8][gc,heap     ] GC(324) Survivor regions: 1->1(10)
[2022-07-05T09:19:46.635+0000][8][gc,heap     ] GC(324) Old regions: 23->23
[2022-07-05T09:19:46.636+0000][8][gc,heap     ] GC(324) Archive regions: 2->2
[2022-07-05T09:19:46.636+0000][8][gc,heap     ] GC(324) Humongous regions: 0->0
[2022-07-05T09:19:46.637+0000][8][gc,metaspace] GC(324) Metaspace: 128603K(132032K)->128603K(132032K) NonClass: 111738K(113472K)->111738K(113472K) Class: 16864K(18560K)->16864K(18560K)
[2022-07-05T09:19:46.641+0000][8][gc          ] GC(324) Pause Young (Normal) (G1 Evacuation Pause) 395M->95M(512M) 26.082ms
[2022-07-05T09:19:46.643+0000][8][gc,cpu      ] GC(324) User=0.00s Sys=0.01s Real=0.02s
[2022-07-05T09:19:46.644+0000][8][safepoint   ] Safepoint "G1CollectForAllocation", Time since last: 83997069198 ns, Reaching safepoint: 101095 ns, At safepoint: 28292052 ns, Total: 28393147 ns
[2022-07-05T09:21:16.585+0000][8][gc,start    ] GC(325) Pause Young (Normal) (G1 Evacuation Pause)
[2022-07-05T09:21:16.586+0000][8][gc,task     ] GC(325) Using 4 workers of 4 for evacuation
[2022-07-05T09:21:16.587+0000][8][gc,age      ] GC(325) Desired survivor size 20971520 bytes, new threshold 15 (max threshold 15)
[2022-07-05T09:21:16.592+0000][8][gc,phases   ] GC(325)   Pre Evacuate Collection Set: 0.2ms
[2022-07-05T09:21:16.593+0000][8][gc,phases   ] GC(325)   Merge Heap Roots: 0.3ms
[2022-07-05T09:21:16.594+0000][8][gc,phases   ] GC(325)   Evacuate Collection Set: 1.9ms
[2022-07-05T09:21:16.595+0000][8][gc,phases   ] GC(325)   Post Evacuate Collection Set: 1.4ms
[2022-07-05T09:21:16.595+0000][8][gc,phases   ] GC(325)   Other: 2.2ms
[2022-07-05T09:21:16.596+0000][8][gc,age      ] GC(325) Age table with threshold 15 (max threshold 15)
[2022-07-05T09:21:16.597+0000][8][gc,age      ] GC(325) - age   1:     967544 bytes,     967544 total
[2022-07-05T09:21:16.597+0000][8][gc,age      ] GC(325) - age   2:       1808 bytes,     969352 total
[2022-07-05T09:21:16.598+0000][8][gc,age      ] GC(325) - age   3:       2080 bytes,     971432 total
[2022-07-05T09:21:16.598+0000][8][gc,age      ] GC(325) - age   4:        768 bytes,     972200 total
[2022-07-05T09:21:16.599+0000][8][gc,age      ] GC(325) - age   6:        184 bytes,     972384 total
[2022-07-05T09:21:16.600+0000][8][gc,age      ] GC(325) - age   7:        600 bytes,     972984 total
[2022-07-05T09:21:16.601+0000][8][gc,age      ] GC(325) - age   8:         32 bytes,     973016 total
[2022-07-05T09:21:16.602+0000][8][gc,age      ] GC(325) - age   9:         48 bytes,     973064 total
[2022-07-05T09:21:16.604+0000][8][gc,age      ] GC(325) - age  10:        184 bytes,     973248 total
[2022-07-05T09:21:16.605+0000][8][gc,age      ] GC(325) - age  11:        184 bytes,     973432 total
[2022-07-05T09:21:16.605+0000][8][gc,age      ] GC(325) - age  12:        512 bytes,     973944 total
[2022-07-05T09:21:16.606+0000][8][gc,age      ] GC(325) - age  13:      79064 bytes,    1053008 total
[2022-07-05T09:21:16.607+0000][8][gc,age      ] GC(325) - age  14:      82984 bytes,    1135992 total
[2022-07-05T09:21:16.607+0000][8][gc,heap     ] GC(325) Eden regions: 75->0(75)
[2022-07-05T09:21:16.608+0000][8][gc,heap     ] GC(325) Survivor regions: 1->1(10)
[2022-07-05T09:21:16.609+0000][8][gc,heap     ] GC(325) Old regions: 23->23
[2022-07-05T09:21:16.609+0000][8][gc,heap     ] GC(325) Archive regions: 2->2
[2022-07-05T09:21:16.610+0000][8][gc,heap     ] GC(325) Humongous regions: 0->0
[2022-07-05T09:21:16.611+0000][8][gc,metaspace] GC(325) Metaspace: 128603K(132032K)->128603K(132032K) NonClass: 111738K(113472K)->111738K(113472K) Class: 16864K(18560K)->16864K(18560K)
[2022-07-05T09:21:16.612+0000][8][gc          ] GC(325) Pause Young (Normal) (G1 Evacuation Pause) 395M->95M(512M) 26.773ms
[2022-07-05T09:21:16.612+0000][8][gc,cpu      ] GC(325) User=0.01s Sys=0.00s Real=0.03s
[2022-07-05T09:21:16.613+0000][8][safepoint   ] Safepoint "G1CollectForAllocation", Time since last: 90007571460 ns, Reaching safepoint: 231324 ns, At safepoint: 27940143 ns, Total: 28171467 ns
[2022-07-05T09:22:40.548+0000][8][gc,start    ] GC(326) Pause Young (Normal) (G1 Evacuation Pause)
[2022-07-05T09:22:40.552+0000][8][gc,task     ] GC(326) Using 4 workers of 4 for evacuation
[2022-07-05T09:22:40.553+0000][8][gc,age      ] GC(326) Desired survivor size 20971520 bytes, new threshold 15 (max threshold 15)
[2022-07-05T09:22:40.556+0000][8][gc,phases   ] GC(326)   Pre Evacuate Collection Set: 0.1ms
[2022-07-05T09:22:40.557+0000][8][gc,phases   ] GC(326)   Merge Heap Roots: 0.0ms
[2022-07-05T09:22:40.558+0000][8][gc,phases   ] GC(326)   Evacuate Collection Set: 1.8ms
[2022-07-05T09:22:40.559+0000][8][gc,phases   ] GC(326)   Post Evacuate Collection Set: 0.8ms
[2022-07-05T09:22:40.559+0000][8][gc,phases   ] GC(326)   Other: 1.3ms
[2022-07-05T09:22:40.560+0000][8][gc,age      ] GC(326) Age table with threshold 15 (max threshold 15)
[2022-07-05T09:22:40.560+0000][8][gc,age      ] GC(326) - age   1:     877408 bytes,     877408 total
[2022-07-05T09:22:40.561+0000][8][gc,age      ] GC(326) - age   2:       1192 bytes,     878600 total
[2022-07-05T09:22:40.561+0000][8][gc,age      ] GC(326) - age   3:        664 bytes,     879264 total
[2022-07-05T09:22:40.562+0000][8][gc,age      ] GC(326) - age   4:       2016 bytes,     881280 total
[2022-07-05T09:22:40.563+0000][8][gc,age      ] GC(326) - age   5:        584 bytes,     881864 total
[2022-07-05T09:22:40.563+0000][8][gc,age      ] GC(326) - age   7:        184 bytes,     882048 total
[2022-07-05T09:22:40.564+0000][8][gc,age      ] GC(326) - age   8:        576 bytes,     882624 total
[2022-07-05T09:22:40.564+0000][8][gc,age      ] GC(326) - age   9:         32 bytes,     882656 total
[2022-07-05T09:22:40.565+0000][8][gc,age      ] GC(326) - age  10:         48 bytes,     882704 total
[2022-07-05T09:22:40.566+0000][8][gc,age      ] GC(326) - age  11:        184 bytes,     882888 total
[2022-07-05T09:22:40.566+0000][8][gc,age      ] GC(326) - age  12:        184 bytes,     883072 total
[2022-07-05T09:22:40.567+0000][8][gc,age      ] GC(326) - age  13:        512 bytes,     883584 total
[2022-07-05T09:22:40.568+0000][8][gc,age      ] GC(326) - age  14:      79064 bytes,     962648 total
[2022-07-05T09:22:40.568+0000][8][gc,age      ] GC(326) - age  15:      82984 bytes,    1045632 total
[2022-07-05T09:22:40.569+0000][8][gc,heap     ] GC(326) Eden regions: 75->0(75)
[2022-07-05T09:22:40.569+0000][8][gc,heap     ] GC(326) Survivor regions: 1->1(10)
[2022-07-05T09:22:40.570+0000][8][gc,heap     ] GC(326) Old regions: 23->23
[2022-07-05T09:22:40.570+0000][8][gc,heap     ] GC(326) Archive regions: 2->2
[2022-07-05T09:22:40.571+0000][8][gc,heap     ] GC(326) Humongous regions: 0->0
[2022-07-05T09:22:40.571+0000][8][gc,metaspace] GC(326) Metaspace: 128603K(132032K)->128603K(132032K) NonClass: 111738K(113472K)->111738K(113472K) Class: 16864K(18560K)->16864K(18560K)
[2022-07-05T09:22:40.571+0000][8][gc          ] GC(326) Pause Young (Normal) (G1 Evacuation Pause) 395M->95M(512M) 23.002ms
[2022-07-05T09:22:40.572+0000][8][gc,cpu      ] GC(326) User=0.01s Sys=0.00s Real=0.02s
[2022-07-05T09:22:40.572+0000][8][safepoint   ] Safepoint "G1CollectForAllocation", Time since last: 83998451591 ns, Reaching safepoint: 170745 ns, At safepoint: 24049789 ns, Total: 24220534 ns
[2022-07-05T09:24:04.729+0000][8][gc,start    ] GC(327) Pause Young (Normal) (G1 Evacuation Pause)
[2022-07-05T09:24:04.730+0000][8][gc,task     ] GC(327) Using 4 workers of 4 for evacuation
[2022-07-05T09:24:04.731+0000][8][gc,age      ] GC(327) Desired survivor size 20971520 bytes, new threshold 15 (max threshold 15)
[2022-07-05T09:24:04.737+0000][8][gc,phases   ] GC(327)   Pre Evacuate Collection Set: 0.5ms
[2022-07-05T09:24:04.738+0000][8][gc,phases   ] GC(327)   Merge Heap Roots: 0.3ms
[2022-07-05T09:24:04.739+0000][8][gc,phases   ] GC(327)   Evacuate Collection Set: 2.8ms
[2022-07-05T09:24:04.739+0000][8][gc,phases   ] GC(327)   Post Evacuate Collection Set: 1.2ms
[2022-07-05T09:24:04.740+0000][8][gc,phases   ] GC(327)   Other: 2.0ms
[2022-07-05T09:24:04.741+0000][8][gc,age      ] GC(327) Age table with threshold 15 (max threshold 15)
[2022-07-05T09:24:04.741+0000][8][gc,age      ] GC(327) - age   1:    1371728 bytes,    1371728 total
[2022-07-05T09:24:04.742+0000][8][gc,age      ] GC(327) - age   2:        760 bytes,    1372488 total
[2022-07-05T09:24:04.743+0000][8][gc,age      ] GC(327) - age   3:         64 bytes,    1372552 total
[2022-07-05T09:24:04.746+0000][8][gc,age      ] GC(327) - age   4:        664 bytes,    1373216 total
[2022-07-05T09:24:04.747+0000][8][gc,age      ] GC(327) - age   5:       1920 bytes,    1375136 total
[2022-07-05T09:24:04.748+0000][8][gc,age      ] GC(327) - age   6:        584 bytes,    1375720 total
[2022-07-05T09:24:04.749+0000][8][gc,age      ] GC(327) - age   8:        184 bytes,    1375904 total
[2022-07-05T09:24:04.750+0000][8][gc,age      ] GC(327) - age   9:        576 bytes,    1376480 total
[2022-07-05T09:24:04.750+0000][8][gc,age      ] GC(327) - age  11:         48 bytes,    1376528 total
[2022-07-05T09:24:04.751+0000][8][gc,age      ] GC(327) - age  13:        184 bytes,    1376712 total
[2022-07-05T09:24:04.751+0000][8][gc,age      ] GC(327) - age  14:        512 bytes,    1377224 total
[2022-07-05T09:24:04.752+0000][8][gc,age      ] GC(327) - age  15:      79064 bytes,    1456288 total
[2022-07-05T09:24:04.752+0000][8][gc,heap     ] GC(327) Eden regions: 75->0(75)
[2022-07-05T09:24:04.753+0000][8][gc,heap     ] GC(327) Survivor regions: 1->1(10)
[2022-07-05T09:24:04.753+0000][8][gc,heap     ] GC(327) Old regions: 23->23
[2022-07-05T09:24:04.754+0000][8][gc,heap     ] GC(327) Archive regions: 2->2
[2022-07-05T09:24:04.755+0000][8][gc,heap     ] GC(327) Humongous regions: 0->0
[2022-07-05T09:24:04.755+0000][8][gc,metaspace] GC(327) Metaspace: 128606K(132032K)->128606K(132032K) NonClass: 111741K(113472K)->111741K(113472K) Class: 16864K(18560K)->16864K(18560K)
[2022-07-05T09:24:04.756+0000][8][gc          ] GC(327) Pause Young (Normal) (G1 Evacuation Pause) 395M->96M(512M) 26.785ms
[2022-07-05T09:24:04.756+0000][8][gc,cpu      ] GC(327) User=0.01s Sys=0.00s Real=0.03s
[2022-07-05T09:24:04.757+0000][8][safepoint   ] Safepoint "G1CollectForAllocation", Time since last: 84221157392 ns, Reaching safepoint: 76088 ns, At safepoint: 28063523 ns, Total: 28139611 ns
[2022-07-05T09:25:34.500+0000][8][gc,start    ] GC(328) Pause Young (Normal) (G1 Evacuation Pause)
[2022-07-05T09:25:34.501+0000][8][gc,task     ] GC(328) Using 4 workers of 4 for evacuation
[2022-07-05T09:25:34.502+0000][8][gc,age      ] GC(328) Desired survivor size 20971520 bytes, new threshold 15 (max threshold 15)
[2022-07-05T09:25:34.506+0000][8][gc,phases   ] GC(328)   Pre Evacuate Collection Set: 0.2ms
[2022-07-05T09:25:34.506+0000][8][gc,phases   ] GC(328)   Merge Heap Roots: 0.3ms
[2022-07-05T09:25:34.507+0000][8][gc,phases   ] GC(328)   Evacuate Collection Set: 1.7ms
[2022-07-05T09:25:34.508+0000][8][gc,phases   ] GC(328)   Post Evacuate Collection Set: 1.0ms
[2022-07-05T09:25:34.511+0000][8][gc,phases   ] GC(328)   Other: 1.6ms
[2022-07-05T09:25:34.512+0000][8][gc,age      ] GC(328) Age table with threshold 15 (max threshold 15)
[2022-07-05T09:25:34.512+0000][8][gc,age      ] GC(328) - age   1:    1134920 bytes,    1134920 total
[2022-07-05T09:25:34.513+0000][8][gc,age      ] GC(328) - age   2:       2200 bytes,    1137120 total
[2022-07-05T09:25:34.513+0000][8][gc,age      ] GC(328) - age   3:        184 bytes,    1137304 total
[2022-07-05T09:25:34.514+0000][8][gc,age      ] GC(328) - age   5:        368 bytes,    1137672 total
[2022-07-05T09:25:34.514+0000][8][gc,age      ] GC(328) - age   6:       1920 bytes,    1139592 total
[2022-07-05T09:25:34.515+0000][8][gc,age      ] GC(328) - age   7:        584 bytes,    1140176 total
[2022-07-05T09:25:34.515+0000][8][gc,age      ] GC(328) - age   9:        184 bytes,    1140360 total
[2022-07-05T09:25:34.516+0000][8][gc,age      ] GC(328) - age  10:        392 bytes,    1140752 total
[2022-07-05T09:25:34.516+0000][8][gc,age      ] GC(328) - age  12:         48 bytes,    1140800 total
[2022-07-05T09:25:34.517+0000][8][gc,age      ] GC(328) - age  14:        184 bytes,    1140984 total
[2022-07-05T09:25:34.517+0000][8][gc,age      ] GC(328) - age  15:        128 bytes,    1141112 total
[2022-07-05T09:25:34.518+0000][8][gc,heap     ] GC(328) Eden regions: 75->0(75)
[2022-07-05T09:25:34.518+0000][8][gc,heap     ] GC(328) Survivor regions: 1->1(10)
[2022-07-05T09:25:34.519+0000][8][gc,heap     ] GC(328) Old regions: 23->23
[2022-07-05T09:25:34.519+0000][8][gc,heap     ] GC(328) Archive regions: 2->2
[2022-07-05T09:25:34.520+0000][8][gc,heap     ] GC(328) Humongous regions: 0->0
[2022-07-05T09:25:34.521+0000][8][gc,metaspace] GC(328) Metaspace: 128613K(132032K)->128613K(132032K) NonClass: 111748K(113472K)->111748K(113472K) Class: 16864K(18560K)->16864K(18560K)
[2022-07-05T09:25:34.522+0000][8][gc          ] GC(328) Pause Young (Normal) (G1 Evacuation Pause) 396M->95M(512M) 22.285ms
[2022-07-05T09:25:34.523+0000][8][gc,cpu      ] GC(328) User=0.00s Sys=0.00s Real=0.02s
[2022-07-05T09:25:34.523+0000][8][safepoint   ] Safepoint "G1CollectForAllocation", Time since last: 89807434906 ns, Reaching safepoint: 113309 ns, At safepoint: 23533070 ns, Total: 23646379 ns
[2022-07-05T09:26:58.533+0000][8][gc,start    ] GC(329) Pause Young (Normal) (G1 Evacuation Pause)
[2022-07-05T09:26:58.534+0000][8][gc,task     ] GC(329) Using 4 workers of 4 for evacuation
[2022-07-05T09:26:58.535+0000][8][gc,age      ] GC(329) Desired survivor size 20971520 bytes, new threshold 15 (max threshold 15)
[2022-07-05T09:26:58.538+0000][8][gc,phases   ] GC(329)   Pre Evacuate Collection Set: 0.2ms
[2022-07-05T09:26:58.539+0000][8][gc,phases   ] GC(329)   Merge Heap Roots: 0.1ms
[2022-07-05T09:26:58.539+0000][8][gc,phases   ] GC(329)   Evacuate Collection Set: 1.2ms
[2022-07-05T09:26:58.540+0000][8][gc,phases   ] GC(329)   Post Evacuate Collection Set: 1.0ms
[2022-07-05T09:26:58.541+0000][8][gc,phases   ] GC(329)   Other: 1.5ms
[2022-07-05T09:26:58.542+0000][8][gc,age      ] GC(329) Age table with threshold 15 (max threshold 15)
[2022-07-05T09:26:58.543+0000][8][gc,age      ] GC(329) - age   1:    1310944 bytes,    1310944 total
[2022-07-05T09:26:58.543+0000][8][gc,age      ] GC(329) - age   2:       2304 bytes,    1313248 total
[2022-07-05T09:26:58.544+0000][8][gc,age      ] GC(329) - age   3:        824 bytes,    1314072 total
[2022-07-05T09:26:58.545+0000][8][gc,age      ] GC(329) - age   4:        184 bytes,    1314256 total
[2022-07-05T09:26:58.545+0000][8][gc,age      ] GC(329) - age   6:        368 bytes,    1314624 total
[2022-07-05T09:26:58.546+0000][8][gc,age      ] GC(329) - age   7:       1920 bytes,    1316544 total
[2022-07-05T09:26:58.546+0000][8][gc,age      ] GC(329) - age   8:        584 bytes,    1317128 total
[2022-07-05T09:26:58.547+0000][8][gc,age      ] GC(329) - age  10:        184 bytes,    1317312 total
[2022-07-05T09:26:58.548+0000][8][gc,age      ] GC(329) - age  11:        392 bytes,    1317704 total
[2022-07-05T09:26:58.548+0000][8][gc,age      ] GC(329) - age  13:         48 bytes,    1317752 total
[2022-07-05T09:26:58.549+0000][8][gc,age      ] GC(329) - age  15:        184 bytes,    1317936 total
[2022-07-05T09:26:58.549+0000][8][gc,heap     ] GC(329) Eden regions: 75->0(75)
[2022-07-05T09:26:58.550+0000][8][gc,heap     ] GC(329) Survivor regions: 1->1(10)
[2022-07-05T09:26:58.550+0000][8][gc,heap     ] GC(329) Old regions: 23->23
[2022-07-05T09:26:58.551+0000][8][gc,heap     ] GC(329) Archive regions: 2->2
[2022-07-05T09:26:58.552+0000][8][gc,heap     ] GC(329) Humongous regions: 0->0
[2022-07-05T09:26:58.552+0000][8][gc,metaspace] GC(329) Metaspace: 128613K(132032K)->128613K(132032K) NonClass: 111748K(113472K)->111748K(113472K) Class: 16864K(18560K)->16864K(18560K)
[2022-07-05T09:26:58.553+0000][8][gc          ] GC(329) Pause Young (Normal) (G1 Evacuation Pause) 395M->96M(512M) 19.957ms
[2022-07-05T09:26:58.554+0000][8][gc,cpu      ] GC(329) User=0.01s Sys=0.00s Real=0.02s
[2022-07-05T09:26:58.554+0000][8][safepoint   ] Safepoint "G1CollectForAllocation", Time since last: 84053017806 ns, Reaching safepoint: 106058 ns, At safepoint: 21340253 ns, Total: 21446311 ns
[2022-07-05T09:28:22.510+0000][8][gc,start    ] GC(330) Pause Young (Normal) (G1 Evacuation Pause)
[2022-07-05T09:28:22.511+0000][8][gc,task     ] GC(330) Using 4 workers of 4 for evacuation
[2022-07-05T09:28:22.511+0000][8][gc,age      ] GC(330) Desired survivor size 20971520 bytes, new threshold 15 (max threshold 15)
[2022-07-05T09:28:22.516+0000][8][gc,phases   ] GC(330)   Pre Evacuate Collection Set: 0.2ms
[2022-07-05T09:28:22.517+0000][8][gc,phases   ] GC(330)   Merge Heap Roots: 0.1ms
[2022-07-05T09:28:22.518+0000][8][gc,phases   ] GC(330)   Evacuate Collection Set: 2.5ms
[2022-07-05T09:28:22.518+0000][8][gc,phases   ] GC(330)   Post Evacuate Collection Set: 0.9ms
[2022-07-05T09:28:22.523+0000][8][gc,phases   ] GC(330)   Other: 1.5ms
[2022-07-05T09:28:22.523+0000][8][gc,age      ] GC(330) Age table with threshold 15 (max threshold 15)
[2022-07-05T09:28:22.524+0000][8][gc,age      ] GC(330) - age   1:    1364104 bytes,    1364104 total
[2022-07-05T09:28:22.524+0000][8][gc,age      ] GC(330) - age   2:       1120 bytes,    1365224 total
[2022-07-05T09:28:22.525+0000][8][gc,age      ] GC(330) - age   3:        568 bytes,    1365792 total
[2022-07-05T09:28:22.526+0000][8][gc,age      ] GC(330) - age   4:        536 bytes,    1366328 total
[2022-07-05T09:28:22.526+0000][8][gc,age      ] GC(330) - age   5:        184 bytes,    1366512 total
[2022-07-05T09:28:22.527+0000][8][gc,age      ] GC(330) - age   7:        368 bytes,    1366880 total
[2022-07-05T09:28:22.527+0000][8][gc,age      ] GC(330) - age   9:        584 bytes,    1367464 total
[2022-07-05T09:28:22.528+0000][8][gc,age      ] GC(330) - age  11:        184 bytes,    1367648 total
[2022-07-05T09:28:22.529+0000][8][gc,age      ] GC(330) - age  14:         48 bytes,    1367696 total
[2022-07-05T09:28:22.529+0000][8][gc,heap     ] GC(330) Eden regions: 75->0(75)
[2022-07-05T09:28:22.530+0000][8][gc,heap     ] GC(330) Survivor regions: 1->1(10)
[2022-07-05T09:28:22.531+0000][8][gc,heap     ] GC(330) Old regions: 23->23
[2022-07-05T09:28:22.531+0000][8][gc,heap     ] GC(330) Archive regions: 2->2
[2022-07-05T09:28:22.532+0000][8][gc,heap     ] GC(330) Humongous regions: 0->0
[2022-07-05T09:28:22.533+0000][8][gc,metaspace] GC(330) Metaspace: 128620K(132032K)->128620K(132032K) NonClass: 111755K(113472K)->111755K(113472K) Class: 16864K(18560K)->16864K(18560K)
[2022-07-05T09:28:22.533+0000][8][gc          ] GC(330) Pause Young (Normal) (G1 Evacuation Pause) 396M->96M(512M) 23.730ms
[2022-07-05T09:28:22.534+0000][8][gc,cpu      ] GC(330) User=0.01s Sys=0.00s Real=0.02s
[2022-07-05T09:28:22.535+0000][8][safepoint   ] Safepoint "G1CollectForAllocation", Time since last: 84019952182 ns, Reaching safepoint: 131292 ns, At safepoint: 25137532 ns, Total: 25268824 ns
[2022-07-05T09:29:52.497+0000][8][gc,start    ] GC(331) Pause Young (Normal) (G1 Evacuation Pause)
[2022-07-05T09:29:52.498+0000][8][gc,task     ] GC(331) Using 4 workers of 4 for evacuation
[2022-07-05T09:29:52.498+0000][8][gc,age      ] GC(331) Desired survivor size 20971520 bytes, new threshold 15 (max threshold 15)
[2022-07-05T09:29:52.503+0000][8][gc,phases   ] GC(331)   Pre Evacuate Collection Set: 0.2ms
[2022-07-05T09:29:52.504+0000][8][gc,phases   ] GC(331)   Merge Heap Roots: 0.1ms
[2022-07-05T09:29:52.505+0000][8][gc,phases   ] GC(331)   Evacuate Collection Set: 2.7ms
[2022-07-05T09:29:52.505+0000][8][gc,phases   ] GC(331)   Post Evacuate Collection Set: 1.2ms
[2022-07-05T09:29:52.506+0000][8][gc,phases   ] GC(331)   Other: 1.2ms
[2022-07-05T09:29:52.506+0000][8][gc,age      ] GC(331) Age table with threshold 15 (max threshold 15)
[2022-07-05T09:29:52.507+0000][8][gc,age      ] GC(331) - age   1:    1349536 bytes,    1349536 total
[2022-07-05T09:29:52.508+0000][8][gc,age      ] GC(331) - age   2:       4336 bytes,    1353872 total
[2022-07-05T09:29:52.508+0000][8][gc,age      ] GC(331) - age   3:         24 bytes,    1353896 total
[2022-07-05T09:29:52.509+0000][8][gc,age      ] GC(331) - age   4:        568 bytes,    1354464 total
[2022-07-05T09:29:52.509+0000][8][gc,age      ] GC(331) - age   5:        256 bytes,    1354720 total
[2022-07-05T09:29:52.510+0000][8][gc,age      ] GC(331) - age   6:        184 bytes,    1354904 total
[2022-07-05T09:29:52.510+0000][8][gc,age      ] GC(331) - age   8:        216 bytes,    1355120 total
[2022-07-05T09:29:52.511+0000][8][gc,age      ] GC(331) - age  10:        584 bytes,    1355704 total
[2022-07-05T09:29:52.512+0000][8][gc,age      ] GC(331) - age  12:        184 bytes,    1355888 total
[2022-07-05T09:29:52.513+0000][8][gc,age      ] GC(331) - age  15:         16 bytes,    1355904 total
[2022-07-05T09:29:52.513+0000][8][gc,heap     ] GC(331) Eden regions: 75->0(75)
[2022-07-05T09:29:52.514+0000][8][gc,heap     ] GC(331) Survivor regions: 1->1(10)
[2022-07-05T09:29:52.515+0000][8][gc,heap     ] GC(331) Old regions: 23->23
[2022-07-05T09:29:52.515+0000][8][gc,heap     ] GC(331) Archive regions: 2->2
[2022-07-05T09:29:52.516+0000][8][gc,heap     ] GC(331) Humongous regions: 0->0
[2022-07-05T09:29:52.517+0000][8][gc,metaspace] GC(331) Metaspace: 128620K(132032K)->128620K(132032K) NonClass: 111756K(113472K)->111756K(113472K) Class: 16864K(18560K)->16864K(18560K)
[2022-07-05T09:29:52.518+0000][8][gc          ] GC(331) Pause Young (Normal) (G1 Evacuation Pause) 396M->96M(512M) 21.702ms
[2022-07-05T09:29:52.519+0000][8][gc,cpu      ] GC(331) User=0.01s Sys=0.01s Real=0.02s
[2022-07-05T09:29:52.520+0000][8][safepoint   ] Safepoint "G1CollectForAllocation", Time since last: 90026938019 ns, Reaching safepoint: 86844 ns, At safepoint: 23688266 ns, Total: 23775110 ns
[2022-07-05T09:31:16.505+0000][8][gc,start    ] GC(332) Pause Young (Normal) (G1 Evacuation Pause)
[2022-07-05T09:31:16.507+0000][8][gc,task     ] GC(332) Using 4 workers of 4 for evacuation
[2022-07-05T09:31:16.508+0000][8][gc,age      ] GC(332) Desired survivor size 20971520 bytes, new threshold 15 (max threshold 15)
[2022-07-05T09:31:16.512+0000][8][gc,phases   ] GC(332)   Pre Evacuate Collection Set: 0.1ms
[2022-07-05T09:31:16.513+0000][8][gc,phases   ] GC(332)   Merge Heap Roots: 0.1ms
[2022-07-05T09:31:16.514+0000][8][gc,phases   ] GC(332)   Evacuate Collection Set: 1.9ms
[2022-07-05T09:31:16.514+0000][8][gc,phases   ] GC(332)   Post Evacuate Collection Set: 1.0ms
[2022-07-05T09:31:16.515+0000][8][gc,phases   ] GC(332)   Other: 1.6ms
[2022-07-05T09:31:16.516+0000][8][gc,age      ] GC(332) Age table with threshold 15 (max threshold 15)
[2022-07-05T09:31:16.516+0000][8][gc,age      ] GC(332) - age   1:    1271944 bytes,    1271944 total
[2022-07-05T09:31:16.517+0000][8][gc,age      ] GC(332) - age   2:       2896 bytes,    1274840 total
[2022-07-05T09:31:16.518+0000][8][gc,age      ] GC(332) - age   3:       2592 bytes,    1277432 total
[2022-07-05T09:31:16.518+0000][8][gc,age      ] GC(332) - age   4:         24 bytes,    1277456 total
[2022-07-05T09:31:16.519+0000][8][gc,age      ] GC(332) - age   5:        568 bytes,    1278024 total
[2022-07-05T09:31:16.519+0000][8][gc,age      ] GC(332) - age   6:        256 bytes,    1278280 total
[2022-07-05T09:31:16.520+0000][8][gc,age      ] GC(332) - age   7:        184 bytes,    1278464 total
[2022-07-05T09:31:16.521+0000][8][gc,age      ] GC(332) - age   9:        216 bytes,    1278680 total
[2022-07-05T09:31:16.521+0000][8][gc,age      ] GC(332) - age  11:        584 bytes,    1279264 total
[2022-07-05T09:31:16.522+0000][8][gc,age      ] GC(332) - age  13:        184 bytes,    1279448 total
[2022-07-05T09:31:16.522+0000][8][gc,heap     ] GC(332) Eden regions: 75->0(75)
[2022-07-05T09:31:16.523+0000][8][gc,heap     ] GC(332) Survivor regions: 1->1(10)
[2022-07-05T09:31:16.523+0000][8][gc,heap     ] GC(332) Old regions: 23->23
[2022-07-05T09:31:16.524+0000][8][gc,heap     ] GC(332) Archive regions: 2->2
[2022-07-05T09:31:16.525+0000][8][gc,heap     ] GC(332) Humongous regions: 0->0
[2022-07-05T09:31:16.525+0000][8][gc,metaspace] GC(332) Metaspace: 128620K(132032K)->128620K(132032K) NonClass: 111756K(113472K)->111756K(113472K) Class: 16864K(18560K)->16864K(18560K)
[2022-07-05T09:31:16.526+0000][8][gc          ] GC(332) Pause Young (Normal) (G1 Evacuation Pause) 396M->96M(512M) 20.195ms
[2022-07-05T09:31:16.526+0000][8][gc,cpu      ] GC(332) User=0.01s Sys=0.00s Real=0.02s
[2022-07-05T09:31:16.527+0000][8][safepoint   ] Safepoint "G1CollectForAllocation", Time since last: 84049727324 ns, Reaching safepoint: 117450 ns, At safepoint: 21512300 ns, Total: 21629750 ns
[2022-07-05T09:32:40.877+0000][8][gc,start    ] GC(333) Pause Young (Normal) (G1 Evacuation Pause)
[2022-07-05T09:32:40.878+0000][8][gc,task     ] GC(333) Using 4 workers of 4 for evacuation
[2022-07-05T09:32:40.879+0000][8][gc,age      ] GC(333) Desired survivor size 20971520 bytes, new threshold 15 (max threshold 15)
[2022-07-05T09:32:40.884+0000][8][gc,phases   ] GC(333)   Pre Evacuate Collection Set: 0.2ms
[2022-07-05T09:32:40.885+0000][8][gc,phases   ] GC(333)   Merge Heap Roots: 0.2ms
[2022-07-05T09:32:40.886+0000][8][gc,phases   ] GC(333)   Evacuate Collection Set: 2.1ms
[2022-07-05T09:32:40.886+0000][8][gc,phases   ] GC(333)   Post Evacuate Collection Set: 1.1ms
[2022-07-05T09:32:40.887+0000][8][gc,phases   ] GC(333)   Other: 2.4ms
[2022-07-05T09:32:40.887+0000][8][gc,age      ] GC(333) Age table with threshold 15 (max threshold 15)
[2022-07-05T09:32:40.888+0000][8][gc,age      ] GC(333) - age   1:    1339352 bytes,    1339352 total
[2022-07-05T09:32:40.889+0000][8][gc,age      ] GC(333) - age   2:       1192 bytes,    1340544 total
[2022-07-05T09:32:40.889+0000][8][gc,age      ] GC(333) - age   3:       1264 bytes,    1341808 total
[2022-07-05T09:32:40.889+0000][8][gc,age      ] GC(333) - age   4:       2528 bytes,    1344336 total
[2022-07-05T09:32:40.892+0000][8][gc,age      ] GC(333) - age   5:         24 bytes,    1344360 total
[2022-07-05T09:32:40.893+0000][8][gc,age      ] GC(333) - age   6:        568 bytes,    1344928 total
[2022-07-05T09:32:40.894+0000][8][gc,age      ] GC(333) - age   7:        256 bytes,    1345184 total
[2022-07-05T09:32:40.894+0000][8][gc,age      ] GC(333) - age   8:        184 bytes,    1345368 total
[2022-07-05T09:32:40.895+0000][8][gc,age      ] GC(333) - age  10:        216 bytes,    1345584 total
[2022-07-05T09:32:40.895+0000][8][gc,age      ] GC(333) - age  12:        584 bytes,    1346168 total
[2022-07-05T09:32:40.896+0000][8][gc,age      ] GC(333) - age  14:        184 bytes,    1346352 total
[2022-07-05T09:32:40.897+0000][8][gc,heap     ] GC(333) Eden regions: 75->0(75)
[2022-07-05T09:32:40.897+0000][8][gc,heap     ] GC(333) Survivor regions: 1->1(10)
[2022-07-05T09:32:40.898+0000][8][gc,heap     ] GC(333) Old regions: 23->23
[2022-07-05T09:32:40.898+0000][8][gc,heap     ] GC(333) Archive regions: 2->2
[2022-07-05T09:32:40.899+0000][8][gc,heap     ] GC(333) Humongous regions: 0->0
[2022-07-05T09:32:40.900+0000][8][gc,metaspace] GC(333) Metaspace: 128620K(132032K)->128620K(132032K) NonClass: 111756K(113472K)->111756K(113472K) Class: 16864K(18560K)->16864K(18560K)
[2022-07-05T09:32:40.901+0000][8][gc          ] GC(333) Pause Young (Normal) (G1 Evacuation Pause) 396M->96M(512M) 23.709ms
[2022-07-05T09:32:40.901+0000][8][gc,cpu      ] GC(333) User=0.00s Sys=0.01s Real=0.02s
[2022-07-05T09:32:40.902+0000][8][safepoint   ] Safepoint "G1CollectForAllocation", Time since last: 84414401026 ns, Reaching safepoint: 123136 ns, At safepoint: 25229360 ns, Total: 25352496 ns
[2022-07-05T09:33:28.974+0000][8][safepoint   ] Safepoint "Cleanup", Time since last: 48093564641 ns, Reaching safepoint: 251731 ns, At safepoint: 12118 ns, Total: 263849 ns
[2022-07-05T09:34:07.462+0000][8][gc,start    ] GC(334) Pause Young (Normal) (G1 Evacuation Pause)
[2022-07-05T09:34:07.463+0000][8][gc,task     ] GC(334) Using 4 workers of 4 for evacuation
[2022-07-05T09:34:07.464+0000][8][gc,age      ] GC(334) Desired survivor size 20971520 bytes, new threshold 15 (max threshold 15)
[2022-07-05T09:34:07.469+0000][8][gc,phases   ] GC(334)   Pre Evacuate Collection Set: 0.2ms
[2022-07-05T09:34:07.470+0000][8][gc,phases   ] GC(334)   Merge Heap Roots: 0.2ms
[2022-07-05T09:34:07.470+0000][8][gc,phases   ] GC(334)   Evacuate Collection Set: 2.3ms
[2022-07-05T09:34:07.471+0000][8][gc,phases   ] GC(334)   Post Evacuate Collection Set: 1.2ms
[2022-07-05T09:34:07.472+0000][8][gc,phases   ] GC(334)   Other: 2.1ms
[2022-07-05T09:34:07.473+0000][8][gc,age      ] GC(334) Age table with threshold 15 (max threshold 15)
[2022-07-05T09:34:07.474+0000][8][gc,age      ] GC(334) - age   1:    1263416 bytes,    1263416 total
[2022-07-05T09:34:07.475+0000][8][gc,age      ] GC(334) - age   2:      14496 bytes,    1277912 total
[2022-07-05T09:34:07.475+0000][8][gc,age      ] GC(334) - age   3:        552 bytes,    1278464 total
[2022-07-05T09:34:07.476+0000][8][gc,age      ] GC(334) - age   4:        872 bytes,    1279336 total
[2022-07-05T09:34:07.477+0000][8][gc,age      ] GC(334) - age   5:       2528 bytes,    1281864 total
[2022-07-05T09:34:07.478+0000][8][gc,age      ] GC(334) - age   7:        568 bytes,    1282432 total
[2022-07-05T09:34:07.478+0000][8][gc,age      ] GC(334) - age   8:        256 bytes,    1282688 total
[2022-07-05T09:34:07.479+0000][8][gc,age      ] GC(334) - age   9:        184 bytes,    1282872 total
[2022-07-05T09:34:07.479+0000][8][gc,age      ] GC(334) - age  11:        216 bytes,    1283088 total
[2022-07-05T09:34:07.480+0000][8][gc,age      ] GC(334) - age  13:        584 bytes,    1283672 total
[2022-07-05T09:34:07.481+0000][8][gc,age      ] GC(334) - age  15:        184 bytes,    1283856 total
[2022-07-05T09:34:07.481+0000][8][gc,heap     ] GC(334) Eden regions: 75->0(75)
[2022-07-05T09:34:07.482+0000][8][gc,heap     ] GC(334) Survivor regions: 1->1(10)
[2022-07-05T09:34:07.482+0000][8][gc,heap     ] GC(334) Old regions: 23->23
[2022-07-05T09:34:07.483+0000][8][gc,heap     ] GC(334) Archive regions: 2->2
[2022-07-05T09:34:07.484+0000][8][gc,heap     ] GC(334) Humongous regions: 0->0
[2022-07-05T09:34:07.484+0000][8][gc,metaspace] GC(334) Metaspace: 128620K(132032K)->128620K(132032K) NonClass: 111756K(113472K)->111756K(113472K) Class: 16864K(18560K)->16864K(18560K)
[2022-07-05T09:34:07.485+0000][8][gc          ] GC(334) Pause Young (Normal) (G1 Evacuation Pause) 396M->96M(512M) 23.170ms
[2022-07-05T09:34:07.485+0000][8][gc,cpu      ] GC(334) User=0.01s Sys=0.00s Real=0.02s
[2022-07-05T09:34:07.486+0000][8][safepoint   ] Safepoint "G1CollectForAllocation", Time since last: 38529682756 ns, Reaching safepoint: 139561 ns, At safepoint: 24471302 ns, Total: 24610863 ns
[2022-07-05T09:35:55.477+0000][8][gc,start    ] GC(335) Pause Young (Normal) (G1 Evacuation Pause)
[2022-07-05T09:35:55.478+0000][8][gc,task     ] GC(335) Using 4 workers of 4 for evacuation
[2022-07-05T09:35:55.479+0000][8][gc,age      ] GC(335) Desired survivor size 20971520 bytes, new threshold 15 (max threshold 15)
[2022-07-05T09:35:55.482+0000][8][gc,phases   ] GC(335)   Pre Evacuate Collection Set: 0.2ms
[2022-07-05T09:35:55.484+0000][8][gc,phases   ] GC(335)   Merge Heap Roots: 0.1ms
[2022-07-05T09:35:55.484+0000][8][gc,phases   ] GC(335)   Evacuate Collection Set: 1.2ms
[2022-07-05T09:35:55.485+0000][8][gc,phases   ] GC(335)   Post Evacuate Collection Set: 0.9ms
[2022-07-05T09:35:55.486+0000][8][gc,phases   ] GC(335)   Other: 1.2ms
[2022-07-05T09:35:55.486+0000][8][gc,age      ] GC(335) Age table with threshold 15 (max threshold 15)
[2022-07-05T09:35:55.487+0000][8][gc,age      ] GC(335) - age   1:     481896 bytes,     481896 total
[2022-07-05T09:35:55.487+0000][8][gc,age      ] GC(335) - age   2:       2264 bytes,     484160 total
[2022-07-05T09:35:55.488+0000][8][gc,age      ] GC(335) - age   3:       4880 bytes,     489040 total
[2022-07-05T09:35:55.489+0000][8][gc,age      ] GC(335) - age   4:        296 bytes,     489336 total
[2022-07-05T09:35:55.489+0000][8][gc,age      ] GC(335) - age   5:        872 bytes,     490208 total
[2022-07-05T09:35:55.490+0000][8][gc,age      ] GC(335) - age   6:       2528 bytes,     492736 total
[2022-07-05T09:35:55.490+0000][8][gc,age      ] GC(335) - age   8:        568 bytes,     493304 total
[2022-07-05T09:35:55.491+0000][8][gc,age      ] GC(335) - age   9:        256 bytes,     493560 total
[2022-07-05T09:35:55.492+0000][8][gc,age      ] GC(335) - age  12:        216 bytes,     493776 total
[2022-07-05T09:35:55.492+0000][8][gc,age      ] GC(335) - age  14:        584 bytes,     494360 total
[2022-07-05T09:35:55.493+0000][8][gc,heap     ] GC(335) Eden regions: 75->0(75)
[2022-07-05T09:35:55.493+0000][8][gc,heap     ] GC(335) Survivor regions: 1->1(10)
[2022-07-05T09:35:55.494+0000][8][gc,heap     ] GC(335) Old regions: 23->23
[2022-07-05T09:35:55.494+0000][8][gc,heap     ] GC(335) Archive regions: 2->2
[2022-07-05T09:35:55.495+0000][8][gc,heap     ] GC(335) Humongous regions: 0->0
[2022-07-05T09:35:55.495+0000][8][gc,metaspace] GC(335) Metaspace: 128620K(132032K)->128620K(132032K) NonClass: 111756K(113472K)->111756K(113472K) Class: 16864K(18560K)->16864K(18560K)
[2022-07-05T09:35:55.496+0000][8][gc          ] GC(335) Pause Young (Normal) (G1 Evacuation Pause) 396M->95M(512M) 19.054ms
[2022-07-05T09:35:55.497+0000][8][gc,cpu      ] GC(335) User=0.01s Sys=0.00s Real=0.02s
[2022-07-05T09:35:55.498+0000][8][safepoint   ] Safepoint "G1CollectForAllocation", Time since last: 108056892995 ns, Reaching safepoint: 95977 ns, At safepoint: 20392743 ns, Total: 20488720 ns
[2022-07-05T09:37:43.413+0000][8][gc,start    ] GC(336) Pause Young (Normal) (G1 Evacuation Pause)
[2022-07-05T09:37:43.415+0000][8][gc,task     ] GC(336) Using 4 workers of 4 for evacuation
[2022-07-05T09:37:43.416+0000][8][gc,age      ] GC(336) Desired survivor size 20971520 bytes, new threshold 15 (max threshold 15)
[2022-07-05T09:37:43.420+0000][8][gc,phases   ] GC(336)   Pre Evacuate Collection Set: 0.3ms
[2022-07-05T09:37:43.421+0000][8][gc,phases   ] GC(336)   Merge Heap Roots: 0.1ms
[2022-07-05T09:37:43.422+0000][8][gc,phases   ] GC(336)   Evacuate Collection Set: 2.3ms
[2022-07-05T09:37:43.423+0000][8][gc,phases   ] GC(336)   Post Evacuate Collection Set: 1.1ms
[2022-07-05T09:37:43.424+0000][8][gc,phases   ] GC(336)   Other: 1.7ms
[2022-07-05T09:37:43.424+0000][8][gc,age      ] GC(336) Age table with threshold 15 (max threshold 15)
[2022-07-05T09:37:43.425+0000][8][gc,age      ] GC(336) - age   1:    1404000 bytes,    1404000 total
[2022-07-05T09:37:43.426+0000][8][gc,age      ] GC(336) - age   2:       9072 bytes,    1413072 total
[2022-07-05T09:37:43.426+0000][8][gc,age      ] GC(336) - age   3:       1008 bytes,    1414080 total
[2022-07-05T09:37:43.427+0000][8][gc,age      ] GC(336) - age   4:       4848 bytes,    1418928 total
[2022-07-05T09:37:43.427+0000][8][gc,age      ] GC(336) - age   6:        872 bytes,    1419800 total
[2022-07-05T09:37:43.428+0000][8][gc,age      ] GC(336) - age   7:        608 bytes,    1420408 total
[2022-07-05T09:37:43.429+0000][8][gc,age      ] GC(336) - age   9:        568 bytes,    1420976 total
[2022-07-05T09:37:43.430+0000][8][gc,age      ] GC(336) - age  10:        256 bytes,    1421232 total
[2022-07-05T09:37:43.430+0000][8][gc,age      ] GC(336) - age  13:        216 bytes,    1421448 total
[2022-07-05T09:37:43.431+0000][8][gc,age      ] GC(336) - age  15:        584 bytes,    1422032 total
[2022-07-05T09:37:43.432+0000][8][gc,heap     ] GC(336) Eden regions: 75->0(75)
[2022-07-05T09:37:43.432+0000][8][gc,heap     ] GC(336) Survivor regions: 1->1(10)
[2022-07-05T09:37:43.433+0000][8][gc,heap     ] GC(336) Old regions: 23->23
[2022-07-05T09:37:43.433+0000][8][gc,heap     ] GC(336) Archive regions: 2->2
[2022-07-05T09:37:43.434+0000][8][gc,heap     ] GC(336) Humongous regions: 0->0
[2022-07-05T09:37:43.435+0000][8][gc,metaspace] GC(336) Metaspace: 128620K(132032K)->128620K(132032K) NonClass: 111756K(113472K)->111756K(113472K) Class: 16864K(18560K)->16864K(18560K)
[2022-07-05T09:37:43.436+0000][8][gc          ] GC(336) Pause Young (Normal) (G1 Evacuation Pause) 395M->96M(512M) 22.369ms
[2022-07-05T09:37:43.436+0000][8][gc,cpu      ] GC(336) User=0.01s Sys=0.00s Real=0.03s
[2022-07-05T09:37:43.437+0000][8][safepoint   ] Safepoint "G1CollectForAllocation", Time since last: 108001677085 ns, Reaching safepoint: 79969 ns, At safepoint: 23957876 ns, Total: 24037845 ns
[2022-07-05T09:39:22.547+0000][8][gc,start    ] GC(337) Pause Young (Normal) (G1 Evacuation Pause)
[2022-07-05T09:39:22.549+0000][8][gc,task     ] GC(337) Using 4 workers of 4 for evacuation
[2022-07-05T09:39:22.550+0000][8][gc,age      ] GC(337) Desired survivor size 20971520 bytes, new threshold 15 (max threshold 15)
[2022-07-05T09:39:22.554+0000][8][gc,phases   ] GC(337)   Pre Evacuate Collection Set: 0.2ms
[2022-07-05T09:39:22.554+0000][8][gc,phases   ] GC(337)   Merge Heap Roots: 0.1ms
[2022-07-05T09:39:22.555+0000][8][gc,phases   ] GC(337)   Evacuate Collection Set: 1.6ms
[2022-07-05T09:39:22.556+0000][8][gc,phases   ] GC(337)   Post Evacuate Collection Set: 1.1ms
[2022-07-05T09:39:22.557+0000][8][gc,phases   ] GC(337)   Other: 2.1ms
[2022-07-05T09:39:22.558+0000][8][gc,age      ] GC(337) Age table with threshold 15 (max threshold 15)
[2022-07-05T09:39:22.559+0000][8][gc,age      ] GC(337) - age   1:     907648 bytes,     907648 total
[2022-07-05T09:39:22.560+0000][8][gc,age      ] GC(337) - age   2:       4288 bytes,     911936 total
[2022-07-05T09:39:22.561+0000][8][gc,age      ] GC(337) - age   3:        184 bytes,     912120 total
[2022-07-05T09:39:22.562+0000][8][gc,age      ] GC(337) - age   4:        784 bytes,     912904 total
[2022-07-05T09:39:22.563+0000][8][gc,age      ] GC(337) - age   5:       4848 bytes,     917752 total
[2022-07-05T09:39:22.564+0000][8][gc,age      ] GC(337) - age   7:        664 bytes,     918416 total
[2022-07-05T09:39:22.564+0000][8][gc,age      ] GC(337) - age   8:        608 bytes,     919024 total
[2022-07-05T09:39:22.565+0000][8][gc,age      ] GC(337) - age  10:        568 bytes,     919592 total
[2022-07-05T09:39:22.565+0000][8][gc,age      ] GC(337) - age  11:        256 bytes,     919848 total
[2022-07-05T09:39:22.566+0000][8][gc,age      ] GC(337) - age  14:        184 bytes,     920032 total
[2022-07-05T09:39:22.566+0000][8][gc,heap     ] GC(337) Eden regions: 75->0(75)
[2022-07-05T09:39:22.567+0000][8][gc,heap     ] GC(337) Survivor regions: 1->1(10)
[2022-07-05T09:39:22.567+0000][8][gc,heap     ] GC(337) Old regions: 23->23
[2022-07-05T09:39:22.568+0000][8][gc,heap     ] GC(337) Archive regions: 2->2
[2022-07-05T09:39:22.569+0000][8][gc,heap     ] GC(337) Humongous regions: 0->0
[2022-07-05T09:39:22.569+0000][8][gc,metaspace] GC(337) Metaspace: 128622K(132032K)->128622K(132032K) NonClass: 111757K(113472K)->111757K(113472K) Class: 16864K(18560K)->16864K(18560K)
[2022-07-05T09:39:22.570+0000][8][gc          ] GC(337) Pause Young (Normal) (G1 Evacuation Pause) 396M->95M(512M) 22.919ms
[2022-07-05T09:39:22.571+0000][8][gc,cpu      ] GC(337) User=0.00s Sys=0.01s Real=0.02s
[2022-07-05T09:39:22.571+0000][8][safepoint   ] Safepoint "G1CollectForAllocation", Time since last: 99174643537 ns, Reaching safepoint: 315882 ns, At safepoint: 24185302 ns, Total: 24501184 ns
[2022-07-05T09:41:13.402+0000][8][gc,start    ] GC(338) Pause Young (Normal) (G1 Evacuation Pause)
[2022-07-05T09:41:13.406+0000][8][gc,task     ] GC(338) Using 4 workers of 4 for evacuation
[2022-07-05T09:41:13.407+0000][8][gc,age      ] GC(338) Desired survivor size 20971520 bytes, new threshold 15 (max threshold 15)
[2022-07-05T09:41:13.411+0000][8][gc,phases   ] GC(338)   Pre Evacuate Collection Set: 0.2ms
[2022-07-05T09:41:13.412+0000][8][gc,phases   ] GC(338)   Merge Heap Roots: 0.1ms
[2022-07-05T09:41:13.412+0000][8][gc,phases   ] GC(338)   Evacuate Collection Set: 2.0ms
[2022-07-05T09:41:13.413+0000][8][gc,phases   ] GC(338)   Post Evacuate Collection Set: 1.1ms
[2022-07-05T09:41:13.413+0000][8][gc,phases   ] GC(338)   Other: 1.4ms
[2022-07-05T09:41:13.414+0000][8][gc,age      ] GC(338) Age table with threshold 15 (max threshold 15)
[2022-07-05T09:41:13.415+0000][8][gc,age      ] GC(338) - age   1:    1084984 bytes,    1084984 total
[2022-07-05T09:41:13.415+0000][8][gc,age      ] GC(338) - age   2:       9416 bytes,    1094400 total
[2022-07-05T09:41:13.416+0000][8][gc,age      ] GC(338) - age   3:       2528 bytes,    1096928 total
[2022-07-05T09:41:13.417+0000][8][gc,age      ] GC(338) - age   4:        184 bytes,    1097112 total
[2022-07-05T09:41:13.417+0000][8][gc,age      ] GC(338) - age   5:        536 bytes,    1097648 total
[2022-07-05T09:41:13.418+0000][8][gc,age      ] GC(338) - age   6:       4848 bytes,    1102496 total
[2022-07-05T09:41:13.418+0000][8][gc,age      ] GC(338) - age   8:        664 bytes,    1103160 total
[2022-07-05T09:41:13.419+0000][8][gc,age      ] GC(338) - age   9:        608 bytes,    1103768 total
[2022-07-05T09:41:13.420+0000][8][gc,age      ] GC(338) - age  11:        568 bytes,    1104336 total
[2022-07-05T09:41:13.421+0000][8][gc,age      ] GC(338) - age  12:        256 bytes,    1104592 total
[2022-07-05T09:41:13.421+0000][8][gc,age      ] GC(338) - age  15:        184 bytes,    1104776 total
[2022-07-05T09:41:13.422+0000][8][gc,heap     ] GC(338) Eden regions: 75->0(75)
[2022-07-05T09:41:13.423+0000][8][gc,heap     ] GC(338) Survivor regions: 1->1(10)
[2022-07-05T09:41:13.423+0000][8][gc,heap     ] GC(338) Old regions: 23->23
[2022-07-05T09:41:13.424+0000][8][gc,heap     ] GC(338) Archive regions: 2->2
[2022-07-05T09:41:13.424+0000][8][gc,heap     ] GC(338) Humongous regions: 0->0
[2022-07-05T09:41:13.425+0000][8][gc,metaspace] GC(338) Metaspace: 128622K(132032K)->128622K(132032K) NonClass: 111757K(113472K)->111757K(113472K) Class: 16864K(18560K)->16864K(18560K)
[2022-07-05T09:41:13.426+0000][8][gc          ] GC(338) Pause Young (Normal) (G1 Evacuation Pause) 395M->95M(512M) 23.836ms
[2022-07-05T09:41:13.426+0000][8][gc,cpu      ] GC(338) User=0.01s Sys=0.01s Real=0.03s
[2022-07-05T09:41:13.427+0000][8][safepoint   ] Safepoint "G1CollectForAllocation", Time since last: 110916736297 ns, Reaching safepoint: 74999 ns, At safepoint: 25503069 ns, Total: 25578068 ns
[2022-07-05T09:42:55.752+0000][8][gc,start    ] GC(339) Pause Young (Normal) (G1 Evacuation Pause)
[2022-07-05T09:42:55.757+0000][8][gc,task     ] GC(339) Using 4 workers of 4 for evacuation
[2022-07-05T09:42:55.758+0000][8][gc,age      ] GC(339) Desired survivor size 20971520 bytes, new threshold 15 (max threshold 15)
[2022-07-05T09:42:55.763+0000][8][gc,phases   ] GC(339)   Pre Evacuate Collection Set: 0.4ms
[2022-07-05T09:42:55.764+0000][8][gc,phases   ] GC(339)   Merge Heap Roots: 0.1ms
[2022-07-05T09:42:55.764+0000][8][gc,phases   ] GC(339)   Evacuate Collection Set: 1.7ms
[2022-07-05T09:42:55.765+0000][8][gc,phases   ] GC(339)   Post Evacuate Collection Set: 1.3ms
[2022-07-05T09:42:55.765+0000][8][gc,phases   ] GC(339)   Other: 2.1ms
[2022-07-05T09:42:55.766+0000][8][gc,age      ] GC(339) Age table with threshold 15 (max threshold 15)
[2022-07-05T09:42:55.767+0000][8][gc,age      ] GC(339) - age   1:     620232 bytes,     620232 total
[2022-07-05T09:42:55.767+0000][8][gc,age      ] GC(339) - age   2:       1568 bytes,     621800 total
[2022-07-05T09:42:55.768+0000][8][gc,age      ] GC(339) - age   3:        608 bytes,     622408 total
[2022-07-05T09:42:55.768+0000][8][gc,age      ] GC(339) - age   4:       2104 bytes,     624512 total
[2022-07-05T09:42:55.769+0000][8][gc,age      ] GC(339) - age   5:        184 bytes,     624696 total
[2022-07-05T09:42:55.769+0000][8][gc,age      ] GC(339) - age   6:        536 bytes,     625232 total
[2022-07-05T09:42:55.770+0000][8][gc,age      ] GC(339) - age   7:       4848 bytes,     630080 total
[2022-07-05T09:42:55.771+0000][8][gc,age      ] GC(339) - age   9:        664 bytes,     630744 total
[2022-07-05T09:42:55.771+0000][8][gc,age      ] GC(339) - age  10:         32 bytes,     630776 total
[2022-07-05T09:42:55.772+0000][8][gc,age      ] GC(339) - age  12:        568 bytes,     631344 total
[2022-07-05T09:42:55.772+0000][8][gc,age      ] GC(339) - age  13:        256 bytes,     631600 total
[2022-07-05T09:42:55.773+0000][8][gc,heap     ] GC(339) Eden regions: 75->0(75)
[2022-07-05T09:42:55.773+0000][8][gc,heap     ] GC(339) Survivor regions: 1->1(10)
[2022-07-05T09:42:55.774+0000][8][gc,heap     ] GC(339) Old regions: 23->23
[2022-07-05T09:42:55.775+0000][8][gc,heap     ] GC(339) Archive regions: 2->2
[2022-07-05T09:42:55.775+0000][8][gc,heap     ] GC(339) Humongous regions: 0->0
[2022-07-05T09:42:55.776+0000][8][gc,metaspace] GC(339) Metaspace: 128622K(132032K)->128622K(132032K) NonClass: 111757K(113472K)->111757K(113472K) Class: 16864K(18560K)->16864K(18560K)
[2022-07-05T09:42:55.779+0000][8][gc          ] GC(339) Pause Young (Normal) (G1 Evacuation Pause) 395M->95M(512M) 26.367ms
[2022-07-05T09:42:55.780+0000][8][gc,cpu      ] GC(339) User=0.00s Sys=0.00s Real=0.03s
[2022-07-05T09:42:55.780+0000][8][safepoint   ] Safepoint "G1CollectForAllocation", Time since last: 102389845939 ns, Reaching safepoint: 277147 ns, At safepoint: 27972857 ns, Total: 28250004 ns
[2022-07-05T09:44:44.072+0000][8][gc,start    ] GC(340) Pause Young (Normal) (G1 Evacuation Pause)
[2022-07-05T09:44:44.073+0000][8][gc,task     ] GC(340) Using 4 workers of 4 for evacuation
[2022-07-05T09:44:44.074+0000][8][gc,age      ] GC(340) Desired survivor size 20971520 bytes, new threshold 15 (max threshold 15)
[2022-07-05T09:44:44.080+0000][8][gc,phases   ] GC(340)   Pre Evacuate Collection Set: 0.3ms
[2022-07-05T09:44:44.080+0000][8][gc,phases   ] GC(340)   Merge Heap Roots: 0.2ms
[2022-07-05T09:44:44.081+0000][8][gc,phases   ] GC(340)   Evacuate Collection Set: 2.7ms
[2022-07-05T09:44:44.082+0000][8][gc,phases   ] GC(340)   Post Evacuate Collection Set: 1.2ms
[2022-07-05T09:44:44.082+0000][8][gc,phases   ] GC(340)   Other: 2.0ms
[2022-07-05T09:44:44.083+0000][8][gc,age      ] GC(340) Age table with threshold 15 (max threshold 15)
[2022-07-05T09:44:44.083+0000][8][gc,age      ] GC(340) - age   1:    1078888 bytes,    1078888 total
[2022-07-05T09:44:44.084+0000][8][gc,age      ] GC(340) - age   2:       9232 bytes,    1088120 total
[2022-07-05T09:44:44.085+0000][8][gc,age      ] GC(340) - age   3:        672 bytes,    1088792 total
[2022-07-05T09:44:44.085+0000][8][gc,age      ] GC(340) - age   4:        216 bytes,    1089008 total
[2022-07-05T09:44:44.086+0000][8][gc,age      ] GC(340) - age   5:       2104 bytes,    1091112 total
[2022-07-05T09:44:44.086+0000][8][gc,age      ] GC(340) - age   6:        184 bytes,    1091296 total
[2022-07-05T09:44:44.087+0000][8][gc,age      ] GC(340) - age   7:        536 bytes,    1091832 total
[2022-07-05T09:44:44.087+0000][8][gc,age      ] GC(340) - age   8:       4848 bytes,    1096680 total
[2022-07-05T09:44:44.088+0000][8][gc,age      ] GC(340) - age  10:        664 bytes,    1097344 total
[2022-07-05T09:44:44.088+0000][8][gc,age      ] GC(340) - age  11:         32 bytes,    1097376 total
[2022-07-05T09:44:44.089+0000][8][gc,age      ] GC(340) - age  13:        184 bytes,    1097560 total
[2022-07-05T09:44:44.090+0000][8][gc,age      ] GC(340) - age  14:        256 bytes,    1097816 total
[2022-07-05T09:44:44.090+0000][8][gc,heap     ] GC(340) Eden regions: 75->0(75)
[2022-07-05T09:44:44.091+0000][8][gc,heap     ] GC(340) Survivor regions: 1->1(10)
[2022-07-05T09:44:44.092+0000][8][gc,heap     ] GC(340) Old regions: 23->23
[2022-07-05T09:44:44.092+0000][8][gc,heap     ] GC(340) Archive regions: 2->2
[2022-07-05T09:44:44.093+0000][8][gc,heap     ] GC(340) Humongous regions: 0->0
[2022-07-05T09:44:44.094+0000][8][gc,metaspace] GC(340) Metaspace: 128622K(132032K)->128622K(132032K) NonClass: 111757K(113472K)->111757K(113472K) Class: 16864K(18560K)->16864K(18560K)
[2022-07-05T09:44:44.097+0000][8][gc          ] GC(340) Pause Young (Normal) (G1 Evacuation Pause) 395M->95M(512M) 24.633ms
[2022-07-05T09:44:44.098+0000][8][gc,cpu      ] GC(340) User=0.01s Sys=0.01s Real=0.03s
[2022-07-05T09:44:44.099+0000][8][safepoint   ] Safepoint "G1CollectForAllocation", Time since last: 108378431340 ns, Reaching safepoint: 81508 ns, At safepoint: 26919300 ns, Total: 27000808 ns
[2022-07-05T09:46:32.404+0000][8][gc,start    ] GC(341) Pause Young (Normal) (G1 Evacuation Pause)
[2022-07-05T09:46:32.405+0000][8][gc,task     ] GC(341) Using 4 workers of 4 for evacuation
[2022-07-05T09:46:32.406+0000][8][gc,age      ] GC(341) Desired survivor size 20971520 bytes, new threshold 15 (max threshold 15)
[2022-07-05T09:46:32.411+0000][8][gc,phases   ] GC(341)   Pre Evacuate Collection Set: 0.2ms
[2022-07-05T09:46:32.412+0000][8][gc,phases   ] GC(341)   Merge Heap Roots: 0.1ms
[2022-07-05T09:46:32.412+0000][8][gc,phases   ] GC(341)   Evacuate Collection Set: 2.1ms
[2022-07-05T09:46:32.413+0000][8][gc,phases   ] GC(341)   Post Evacuate Collection Set: 1.1ms
[2022-07-05T09:46:32.413+0000][8][gc,phases   ] GC(341)   Other: 1.8ms
[2022-07-05T09:46:32.414+0000][8][gc,age      ] GC(341) Age table with threshold 15 (max threshold 15)
[2022-07-05T09:46:32.415+0000][8][gc,age      ] GC(341) - age   1:    1655864 bytes,    1655864 total
[2022-07-05T09:46:32.415+0000][8][gc,age      ] GC(341) - age   2:       7480 bytes,    1663344 total
[2022-07-05T09:46:32.416+0000][8][gc,age      ] GC(341) - age   3:       8560 bytes,    1671904 total
[2022-07-05T09:46:32.416+0000][8][gc,age      ] GC(341) - age   4:        544 bytes,    1672448 total
[2022-07-05T09:46:32.418+0000][8][gc,age      ] GC(341) - age   5:        216 bytes,    1672664 total
[2022-07-05T09:46:32.421+0000][8][gc,age      ] GC(341) - age   6:       2104 bytes,    1674768 total
[2022-07-05T09:46:32.422+0000][8][gc,age      ] GC(341) - age   7:        184 bytes,    1674952 total
[2022-07-05T09:46:32.423+0000][8][gc,age      ] GC(341) - age   8:        512 bytes,    1675464 total
[2022-07-05T09:46:32.423+0000][8][gc,age      ] GC(341) - age   9:       4848 bytes,    1680312 total
[2022-07-05T09:46:32.424+0000][8][gc,age      ] GC(341) - age  11:        480 bytes,    1680792 total
[2022-07-05T09:46:32.424+0000][8][gc,age      ] GC(341) - age  14:        184 bytes,    1680976 total
[2022-07-05T09:46:32.425+0000][8][gc,age      ] GC(341) - age  15:        256 bytes,    1681232 total
[2022-07-05T09:46:32.426+0000][8][gc,heap     ] GC(341) Eden regions: 75->0(75)
[2022-07-05T09:46:32.427+0000][8][gc,heap     ] GC(341) Survivor regions: 1->1(10)
[2022-07-05T09:46:32.427+0000][8][gc,heap     ] GC(341) Old regions: 23->23
[2022-07-05T09:46:32.428+0000][8][gc,heap     ] GC(341) Archive regions: 2->2
[2022-07-05T09:46:32.429+0000][8][gc,heap     ] GC(341) Humongous regions: 0->0
[2022-07-05T09:46:32.429+0000][8][gc,metaspace] GC(341) Metaspace: 128622K(132032K)->128622K(132032K) NonClass: 111757K(113472K)->111757K(113472K) Class: 16864K(18560K)->16864K(18560K)
[2022-07-05T09:46:32.430+0000][8][gc          ] GC(341) Pause Young (Normal) (G1 Evacuation Pause) 395M->96M(512M) 25.462ms
[2022-07-05T09:46:32.431+0000][8][gc,cpu      ] GC(341) User=0.01s Sys=0.00s Real=0.03s
[2022-07-05T09:46:32.431+0000][8][safepoint   ] Safepoint "G1CollectForAllocation", Time since last: 108391263251 ns, Reaching safepoint: 83603 ns, At safepoint: 26923378 ns, Total: 27006981 ns
[2022-07-05T09:48:22.253+0000][8][gc,start    ] GC(342) Pause Young (Normal) (G1 Evacuation Pause)
[2022-07-05T09:48:22.255+0000][8][gc,task     ] GC(342) Using 4 workers of 4 for evacuation
[2022-07-05T09:48:22.256+0000][8][gc,age      ] GC(342) Desired survivor size 20971520 bytes, new threshold 15 (max threshold 15)
[2022-07-05T09:48:22.262+0000][8][gc,phases   ] GC(342)   Pre Evacuate Collection Set: 0.3ms
[2022-07-05T09:48:22.263+0000][8][gc,phases   ] GC(342)   Merge Heap Roots: 0.3ms
[2022-07-05T09:48:22.264+0000][8][gc,phases   ] GC(342)   Evacuate Collection Set: 2.9ms
[2022-07-05T09:48:22.265+0000][8][gc,phases   ] GC(342)   Post Evacuate Collection Set: 1.3ms
[2022-07-05T09:48:22.265+0000][8][gc,phases   ] GC(342)   Other: 2.2ms
[2022-07-05T09:48:22.266+0000][8][gc,age      ] GC(342) Age table with threshold 15 (max threshold 15)
[2022-07-05T09:48:22.267+0000][8][gc,age      ] GC(342) - age   1:    1177336 bytes,    1177336 total
[2022-07-05T09:48:22.267+0000][8][gc,age      ] GC(342) - age   2:       1864 bytes,    1179200 total
[2022-07-05T09:48:22.268+0000][8][gc,age      ] GC(342) - age   3:       5944 bytes,    1185144 total
[2022-07-05T09:48:22.269+0000][8][gc,age      ] GC(342) - age   4:        416 bytes,    1185560 total
[2022-07-05T09:48:22.270+0000][8][gc,age      ] GC(342) - age   5:        480 bytes,    1186040 total
[2022-07-05T09:48:22.271+0000][8][gc,age      ] GC(342) - age   6:        216 bytes,    1186256 total
[2022-07-05T09:48:22.271+0000][8][gc,age      ] GC(342) - age   7:        184 bytes,    1186440 total
[2022-07-05T09:48:22.272+0000][8][gc,age      ] GC(342) - age   8:        184 bytes,    1186624 total
[2022-07-05T09:48:22.273+0000][8][gc,age      ] GC(342) - age   9:        512 bytes,    1187136 total
[2022-07-05T09:48:22.273+0000][8][gc,age      ] GC(342) - age  10:       4848 bytes,    1191984 total
[2022-07-05T09:48:22.274+0000][8][gc,age      ] GC(342) - age  12:        480 bytes,    1192464 total
[2022-07-05T09:48:22.275+0000][8][gc,heap     ] GC(342) Eden regions: 75->0(75)
[2022-07-05T09:48:22.275+0000][8][gc,heap     ] GC(342) Survivor regions: 1->1(10)
[2022-07-05T09:48:22.276+0000][8][gc,heap     ] GC(342) Old regions: 23->23
[2022-07-05T09:48:22.277+0000][8][gc,heap     ] GC(342) Archive regions: 2->2
[2022-07-05T09:48:22.278+0000][8][gc,heap     ] GC(342) Humongous regions: 0->0
[2022-07-05T09:48:22.279+0000][8][gc,metaspace] GC(342) Metaspace: 128622K(132032K)->128622K(132032K) NonClass: 111757K(113472K)->111757K(113472K) Class: 16864K(18560K)->16864K(18560K)
[2022-07-05T09:48:22.279+0000][8][gc          ] GC(342) Pause Young (Normal) (G1 Evacuation Pause) 396M->95M(512M) 26.160ms
[2022-07-05T09:48:22.280+0000][8][gc,cpu      ] GC(342) User=0.01s Sys=0.00s Real=0.02s
[2022-07-05T09:48:22.281+0000][8][safepoint   ] Safepoint "G1CollectForAllocation", Time since last: 109885214508 ns, Reaching safepoint: 273628 ns, At safepoint: 27816152 ns, Total: 28089780 ns
[2022-07-05T09:49:43.980+0000][8][gc,start    ] GC(343) Pause Young (Normal) (G1 Evacuation Pause)
[2022-07-05T09:49:43.981+0000][8][gc,task     ] GC(343) Using 4 workers of 4 for evacuation
[2022-07-05T09:49:43.982+0000][8][gc,age      ] GC(343) Desired survivor size 20971520 bytes, new threshold 15 (max threshold 15)
[2022-07-05T09:49:43.987+0000][8][gc,phases   ] GC(343)   Pre Evacuate Collection Set: 0.2ms
[2022-07-05T09:49:43.988+0000][8][gc,phases   ] GC(343)   Merge Heap Roots: 0.1ms
[2022-07-05T09:49:43.989+0000][8][gc,phases   ] GC(343)   Evacuate Collection Set: 1.4ms
[2022-07-05T09:49:43.990+0000][8][gc,phases   ] GC(343)   Post Evacuate Collection Set: 1.2ms
[2022-07-05T09:49:43.990+0000][8][gc,phases   ] GC(343)   Other: 3.1ms
[2022-07-05T09:49:43.991+0000][8][gc,age      ] GC(343) Age table with threshold 15 (max threshold 15)
[2022-07-05T09:49:43.994+0000][8][gc,age      ] GC(343) - age   1:    1022696 bytes,    1022696 total
[2022-07-05T09:49:43.995+0000][8][gc,age      ] GC(343) - age   2:      11768 bytes,    1034464 total
[2022-07-05T09:49:43.996+0000][8][gc,age      ] GC(343) - age   3:        512 bytes,    1034976 total
[2022-07-05T09:49:43.997+0000][8][gc,age      ] GC(343) - age   4:       5848 bytes,    1040824 total
[2022-07-05T09:49:43.997+0000][8][gc,age      ] GC(343) - age   5:        416 bytes,    1041240 total
[2022-07-05T09:49:43.998+0000][8][gc,age      ] GC(343) - age   6:        184 bytes,    1041424 total
[2022-07-05T09:49:43.999+0000][8][gc,age      ] GC(343) - age   8:        184 bytes,    1041608 total
[2022-07-05T09:49:43.999+0000][8][gc,age      ] GC(343) - age   9:        184 bytes,    1041792 total
[2022-07-05T09:49:44.000+0000][8][gc,age      ] GC(343) - age  10:        512 bytes,    1042304 total
[2022-07-05T09:49:44.000+0000][8][gc,age      ] GC(343) - age  11:       4848 bytes,    1047152 total
[2022-07-05T09:49:44.001+0000][8][gc,age      ] GC(343) - age  13:        480 bytes,    1047632 total
[2022-07-05T09:49:44.002+0000][8][gc,heap     ] GC(343) Eden regions: 75->0(75)
[2022-07-05T09:49:44.003+0000][8][gc,heap     ] GC(343) Survivor regions: 1->1(10)
[2022-07-05T09:49:44.003+0000][8][gc,heap     ] GC(343) Old regions: 23->23
[2022-07-05T09:49:44.004+0000][8][gc,heap     ] GC(343) Archive regions: 2->2
[2022-07-05T09:49:44.005+0000][8][gc,heap     ] GC(343) Humongous regions: 0->0
[2022-07-05T09:49:44.005+0000][8][gc,metaspace] GC(343) Metaspace: 128622K(132032K)->128622K(132032K) NonClass: 111757K(113472K)->111757K(113472K) Class: 16864K(18560K)->16864K(18560K)
[2022-07-05T09:49:44.006+0000][8][gc          ] GC(343) Pause Young (Normal) (G1 Evacuation Pause) 395M->95M(512M) 25.979ms
[2022-07-05T09:49:44.007+0000][8][gc,cpu      ] GC(343) User=0.01s Sys=0.00s Real=0.02s
[2022-07-05T09:49:44.007+0000][8][safepoint   ] Safepoint "G1CollectForAllocation", Time since last: 81763889467 ns, Reaching safepoint: 224045 ns, At safepoint: 27354745 ns, Total: 27578790 ns
[2022-07-05T09:51:10.321+0000][8][gc,start    ] GC(344) Pause Young (Normal) (G1 Evacuation Pause)
[2022-07-05T09:51:10.330+0000][8][gc,task     ] GC(344) Using 4 workers of 4 for evacuation
[2022-07-05T09:51:10.331+0000][8][gc,age      ] GC(344) Desired survivor size 20971520 bytes, new threshold 15 (max threshold 15)
[2022-07-05T09:51:10.335+0000][8][gc,phases   ] GC(344)   Pre Evacuate Collection Set: 0.1ms
[2022-07-05T09:51:10.337+0000][8][gc,phases   ] GC(344)   Merge Heap Roots: 0.1ms
[2022-07-05T09:51:10.338+0000][8][gc,phases   ] GC(344)   Evacuate Collection Set: 2.4ms
[2022-07-05T09:51:10.339+0000][8][gc,phases   ] GC(344)   Post Evacuate Collection Set: 1.1ms
[2022-07-05T09:51:10.340+0000][8][gc,phases   ] GC(344)   Other: 1.4ms
[2022-07-05T09:51:10.341+0000][8][gc,age      ] GC(344) Age table with threshold 15 (max threshold 15)
[2022-07-05T09:51:10.341+0000][8][gc,age      ] GC(344) - age   1:    1128104 bytes,    1128104 total
[2022-07-05T09:51:10.342+0000][8][gc,age      ] GC(344) - age   2:       1768 bytes,    1129872 total
[2022-07-05T09:51:10.342+0000][8][gc,age      ] GC(344) - age   3:      10560 bytes,    1140432 total
[2022-07-05T09:51:10.343+0000][8][gc,age      ] GC(344) - age   4:        184 bytes,    1140616 total
[2022-07-05T09:51:10.344+0000][8][gc,age      ] GC(344) - age   5:       5848 bytes,    1146464 total
[2022-07-05T09:51:10.344+0000][8][gc,age      ] GC(344) - age   6:        416 bytes,    1146880 total
[2022-07-05T09:51:10.345+0000][8][gc,age      ] GC(344) - age   7:        184 bytes,    1147064 total
[2022-07-05T09:51:10.346+0000][8][gc,age      ] GC(344) - age   9:        184 bytes,    1147248 total
[2022-07-05T09:51:10.346+0000][8][gc,age      ] GC(344) - age  10:        184 bytes,    1147432 total
[2022-07-05T09:51:10.347+0000][8][gc,age      ] GC(344) - age  11:        512 bytes,    1147944 total
[2022-07-05T09:51:10.347+0000][8][gc,age      ] GC(344) - age  12:       4848 bytes,    1152792 total
[2022-07-05T09:51:10.348+0000][8][gc,age      ] GC(344) - age  14:        480 bytes,    1153272 total
[2022-07-05T09:51:10.348+0000][8][gc,heap     ] GC(344) Eden regions: 75->0(75)
[2022-07-05T09:51:10.349+0000][8][gc,heap     ] GC(344) Survivor regions: 1->1(10)
[2022-07-05T09:51:10.349+0000][8][gc,heap     ] GC(344) Old regions: 23->23
[2022-07-05T09:51:10.350+0000][8][gc,heap     ] GC(344) Archive regions: 2->2
[2022-07-05T09:51:10.350+0000][8][gc,heap     ] GC(344) Humongous regions: 0->0
[2022-07-05T09:51:10.351+0000][8][gc,metaspace] GC(344) Metaspace: 128622K(132032K)->128622K(132032K) NonClass: 111757K(113472K)->111757K(113472K) Class: 16864K(18560K)->16864K(18560K)
[2022-07-05T09:51:10.351+0000][8][gc          ] GC(344) Pause Young (Normal) (G1 Evacuation Pause) 395M->95M(512M) 29.845ms
[2022-07-05T09:51:10.352+0000][8][gc,cpu      ] GC(344) User=0.00s Sys=0.00s Real=0.04s
[2022-07-05T09:51:10.352+0000][8][safepoint   ] Safepoint "G1CollectForAllocation", Time since last: 86380011597 ns, Reaching safepoint: 114823 ns, At safepoint: 31061584 ns, Total: 31176407 ns
[2022-07-05T09:52:34.696+0000][8][gc,start    ] GC(345) Pause Young (Normal) (G1 Evacuation Pause)
[2022-07-05T09:52:34.699+0000][8][gc,task     ] GC(345) Using 4 workers of 4 for evacuation
[2022-07-05T09:52:34.700+0000][8][gc,age      ] GC(345) Desired survivor size 20971520 bytes, new threshold 15 (max threshold 15)
[2022-07-05T09:52:34.706+0000][8][gc,phases   ] GC(345)   Pre Evacuate Collection Set: 0.2ms
[2022-07-05T09:52:34.707+0000][8][gc,phases   ] GC(345)   Merge Heap Roots: 0.1ms
[2022-07-05T09:52:34.707+0000][8][gc,phases   ] GC(345)   Evacuate Collection Set: 2.8ms
[2022-07-05T09:52:34.708+0000][8][gc,phases   ] GC(345)   Post Evacuate Collection Set: 1.1ms
[2022-07-05T09:52:34.708+0000][8][gc,phases   ] GC(345)   Other: 3.0ms
[2022-07-05T09:52:34.709+0000][8][gc,age      ] GC(345) Age table with threshold 15 (max threshold 15)
[2022-07-05T09:52:34.710+0000][8][gc,age      ] GC(345) - age   1:    1091944 bytes,    1091944 total
[2022-07-05T09:52:34.710+0000][8][gc,age      ] GC(345) - age   2:       1584 bytes,    1093528 total
[2022-07-05T09:52:34.711+0000][8][gc,age      ] GC(345) - age   3:        648 bytes,    1094176 total
[2022-07-05T09:52:34.711+0000][8][gc,age      ] GC(345) - age   4:      10240 bytes,    1104416 total
[2022-07-05T09:52:34.712+0000][8][gc,age      ] GC(345) - age   5:        184 bytes,    1104600 total
[2022-07-05T09:52:34.712+0000][8][gc,age      ] GC(345) - age   6:       5848 bytes,    1110448 total
[2022-07-05T09:52:34.713+0000][8][gc,age      ] GC(345) - age   7:        416 bytes,    1110864 total
[2022-07-05T09:52:34.714+0000][8][gc,age      ] GC(345) - age   8:        184 bytes,    1111048 total
[2022-07-05T09:52:34.714+0000][8][gc,age      ] GC(345) - age  10:        184 bytes,    1111232 total
[2022-07-05T09:52:34.716+0000][8][gc,age      ] GC(345) - age  11:        184 bytes,    1111416 total
[2022-07-05T09:52:34.718+0000][8][gc,age      ] GC(345) - age  12:        512 bytes,    1111928 total
[2022-07-05T09:52:34.719+0000][8][gc,age      ] GC(345) - age  13:       4848 bytes,    1116776 total
[2022-07-05T09:52:34.720+0000][8][gc,age      ] GC(345) - age  15:        480 bytes,    1117256 total
[2022-07-05T09:52:34.720+0000][8][gc,heap     ] GC(345) Eden regions: 75->0(75)
[2022-07-05T09:52:34.721+0000][8][gc,heap     ] GC(345) Survivor regions: 1->1(10)
[2022-07-05T09:52:34.722+0000][8][gc,heap     ] GC(345) Old regions: 23->23
[2022-07-05T09:52:34.723+0000][8][gc,heap     ] GC(345) Archive regions: 2->2
[2022-07-05T09:52:34.723+0000][8][gc,heap     ] GC(345) Humongous regions: 0->0
[2022-07-05T09:52:34.724+0000][8][gc,metaspace] GC(345) Metaspace: 128622K(132032K)->128622K(132032K) NonClass: 111757K(113472K)->111757K(113472K) Class: 16864K(18560K)->16864K(18560K)
[2022-07-05T09:52:34.724+0000][8][gc          ] GC(345) Pause Young (Normal) (G1 Evacuation Pause) 395M->95M(512M) 27.985ms
[2022-07-05T09:52:34.725+0000][8][gc,cpu      ] GC(345) User=0.01s Sys=0.00s Real=0.03s
[2022-07-05T09:52:34.726+0000][8][safepoint   ] Safepoint "G1CollectForAllocation", Time since last: 84408580792 ns, Reaching safepoint: 190938 ns, At safepoint: 29586406 ns, Total: 29777344 ns
[2022-07-05T09:53:58.228+0000][8][gc,start    ] GC(346) Pause Young (Normal) (G1 Evacuation Pause)
[2022-07-05T09:53:58.229+0000][8][gc,task     ] GC(346) Using 4 workers of 4 for evacuation
[2022-07-05T09:53:58.229+0000][8][gc,age      ] GC(346) Desired survivor size 20971520 bytes, new threshold 15 (max threshold 15)
[2022-07-05T09:53:58.234+0000][8][gc,phases   ] GC(346)   Pre Evacuate Collection Set: 0.2ms
[2022-07-05T09:53:58.235+0000][8][gc,phases   ] GC(346)   Merge Heap Roots: 0.1ms
[2022-07-05T09:53:58.235+0000][8][gc,phases   ] GC(346)   Evacuate Collection Set: 1.6ms
[2022-07-05T09:53:58.236+0000][8][gc,phases   ] GC(346)   Post Evacuate Collection Set: 1.5ms
[2022-07-05T09:53:58.237+0000][8][gc,phases   ] GC(346)   Other: 1.6ms
[2022-07-05T09:53:58.237+0000][8][gc,age      ] GC(346) Age table with threshold 15 (max threshold 15)
[2022-07-05T09:53:58.238+0000][8][gc,age      ] GC(346) - age   1:    1213272 bytes,    1213272 total
[2022-07-05T09:53:58.238+0000][8][gc,age      ] GC(346) - age   2:       1808 bytes,    1215080 total
[2022-07-05T09:53:58.239+0000][8][gc,age      ] GC(346) - age   3:        328 bytes,    1215408 total
[2022-07-05T09:53:58.240+0000][8][gc,age      ] GC(346) - age   4:        424 bytes,    1215832 total
[2022-07-05T09:53:58.240+0000][8][gc,age      ] GC(346) - age   5:      10240 bytes,    1226072 total
[2022-07-05T09:53:58.241+0000][8][gc,age      ] GC(346) - age   6:        184 bytes,    1226256 total
[2022-07-05T09:53:58.242+0000][8][gc,age      ] GC(346) - age   7:       5848 bytes,    1232104 total
[2022-07-05T09:53:58.242+0000][8][gc,age      ] GC(346) - age   8:        416 bytes,    1232520 total
[2022-07-05T09:53:58.243+0000][8][gc,age      ] GC(346) - age   9:        184 bytes,    1232704 total
[2022-07-05T09:53:58.244+0000][8][gc,age      ] GC(346) - age  11:        184 bytes,    1232888 total
[2022-07-05T09:53:58.244+0000][8][gc,age      ] GC(346) - age  13:        512 bytes,    1233400 total
[2022-07-05T09:53:58.245+0000][8][gc,age      ] GC(346) - age  14:       4848 bytes,    1238248 total
[2022-07-05T09:53:58.246+0000][8][gc,heap     ] GC(346) Eden regions: 75->0(75)
[2022-07-05T09:53:58.246+0000][8][gc,heap     ] GC(346) Survivor regions: 1->1(10)
[2022-07-05T09:53:58.247+0000][8][gc,heap     ] GC(346) Old regions: 23->23
[2022-07-05T09:53:58.248+0000][8][gc,heap     ] GC(346) Archive regions: 2->2
[2022-07-05T09:53:58.251+0000][8][gc,heap     ] GC(346) Humongous regions: 0->0
[2022-07-05T09:53:58.252+0000][8][gc,metaspace] GC(346) Metaspace: 128622K(132032K)->128622K(132032K) NonClass: 111757K(113472K)->111757K(113472K) Class: 16864K(18560K)->16864K(18560K)
[2022-07-05T09:53:58.253+0000][8][gc          ] GC(346) Pause Young (Normal) (G1 Evacuation Pause) 395M->96M(512M) 25.637ms
[2022-07-05T09:53:58.254+0000][8][gc,cpu      ] GC(346) User=0.01s Sys=0.00s Real=0.02s
[2022-07-05T09:53:58.255+0000][8][safepoint   ] Safepoint "G1CollectForAllocation", Time since last: 83544299635 ns, Reaching safepoint: 84683 ns, At safepoint: 27100627 ns, Total: 27185310 ns
[2022-07-05T09:55:25.188+0000][8][gc,start    ] GC(347) Pause Young (Normal) (G1 Evacuation Pause)
[2022-07-05T09:55:25.189+0000][8][gc,task     ] GC(347) Using 4 workers of 4 for evacuation
[2022-07-05T09:55:25.190+0000][8][gc,age      ] GC(347) Desired survivor size 20971520 bytes, new threshold 15 (max threshold 15)
[2022-07-05T09:55:25.195+0000][8][gc,phases   ] GC(347)   Pre Evacuate Collection Set: 0.3ms
[2022-07-05T09:55:25.196+0000][8][gc,phases   ] GC(347)   Merge Heap Roots: 0.1ms
[2022-07-05T09:55:25.197+0000][8][gc,phases   ] GC(347)   Evacuate Collection Set: 1.8ms
[2022-07-05T09:55:25.197+0000][8][gc,phases   ] GC(347)   Post Evacuate Collection Set: 1.5ms
[2022-07-05T09:55:25.198+0000][8][gc,phases   ] GC(347)   Other: 1.6ms
[2022-07-05T09:55:25.198+0000][8][gc,age      ] GC(347) Age table with threshold 15 (max threshold 15)
[2022-07-05T09:55:25.199+0000][8][gc,age      ] GC(347) - age   1:    1108640 bytes,    1108640 total
[2022-07-05T09:55:25.200+0000][8][gc,age      ] GC(347) - age   2:       2032 bytes,    1110672 total
[2022-07-05T09:55:25.200+0000][8][gc,age      ] GC(347) - age   3:        800 bytes,    1111472 total
[2022-07-05T09:55:25.201+0000][8][gc,age      ] GC(347) - age   4:        296 bytes,    1111768 total
[2022-07-05T09:55:25.202+0000][8][gc,age      ] GC(347) - age   5:        424 bytes,    1112192 total
[2022-07-05T09:55:25.202+0000][8][gc,age      ] GC(347) - age   6:      10240 bytes,    1122432 total
[2022-07-05T09:55:25.203+0000][8][gc,age      ] GC(347) - age   7:        184 bytes,    1122616 total
[2022-07-05T09:55:25.204+0000][8][gc,age      ] GC(347) - age   8:       5848 bytes,    1128464 total
[2022-07-05T09:55:25.204+0000][8][gc,age      ] GC(347) - age   9:        416 bytes,    1128880 total
[2022-07-05T09:55:25.205+0000][8][gc,age      ] GC(347) - age  10:        184 bytes,    1129064 total
[2022-07-05T09:55:25.205+0000][8][gc,age      ] GC(347) - age  12:        184 bytes,    1129248 total
[2022-07-05T09:55:25.206+0000][8][gc,age      ] GC(347) - age  14:        512 bytes,    1129760 total
[2022-07-05T09:55:25.207+0000][8][gc,age      ] GC(347) - age  15:       4848 bytes,    1134608 total
[2022-07-05T09:55:25.207+0000][8][gc,heap     ] GC(347) Eden regions: 75->0(75)
[2022-07-05T09:55:25.208+0000][8][gc,heap     ] GC(347) Survivor regions: 1->1(10)
[2022-07-05T09:55:25.208+0000][8][gc,heap     ] GC(347) Old regions: 23->23
[2022-07-05T09:55:25.209+0000][8][gc,heap     ] GC(347) Archive regions: 2->2
[2022-07-05T09:55:25.210+0000][8][gc,heap     ] GC(347) Humongous regions: 0->0
[2022-07-05T09:55:25.210+0000][8][gc,metaspace] GC(347) Metaspace: 128622K(132032K)->128622K(132032K) NonClass: 111757K(113472K)->111757K(113472K) Class: 16864K(18560K)->16864K(18560K)
[2022-07-05T09:55:25.213+0000][8][gc          ] GC(347) Pause Young (Normal) (G1 Evacuation Pause) 396M->95M(512M) 25.266ms
[2022-07-05T09:55:25.214+0000][8][gc,cpu      ] GC(347) User=0.00s Sys=0.01s Real=0.03s
[2022-07-05T09:55:25.216+0000][8][safepoint   ] Safepoint "G1CollectForAllocation", Time since last: 86998564709 ns, Reaching safepoint: 99163 ns, At safepoint: 27567348 ns, Total: 27666511 ns
[2022-07-05T09:56:32.229+0000][8][safepoint   ] Safepoint "Cleanup", Time since last: 67077465669 ns, Reaching safepoint: 466848 ns, At safepoint: 95492 ns, Total: 562340 ns
[2022-07-05T12:57:03.020+0000][8][safepoint   ] Safepoint "Cleanup", Time since last: 10837922465319 ns, Reaching safepoint: 193031 ns, At safepoint: 17797 ns, Total: 210828 ns
[2022-07-05T12:57:04.431+0000][8][safepoint   ] Safepoint "Cleanup", Time since last: 1410164507 ns, Reaching safepoint: 540255 ns, At safepoint: 13374 ns, Total: 553629 ns
[2022-07-05T12:57:14.574+0000][8][safepoint   ] Safepoint "Cleanup", Time since last: 10137914222 ns, Reaching safepoint: 4795288 ns, At safepoint: 170740 ns, Total: 4966028 ns
[2022-07-05T12:57:14.963+0000][8][gc,start    ] GC(348) Pause Young (Normal) (G1 Evacuation Pause)
[2022-07-05T12:57:14.970+0000][8][gc,task     ] GC(348) Using 4 workers of 4 for evacuation
[2022-07-05T12:57:14.975+0000][8][gc,age      ] GC(348) Desired survivor size 20971520 bytes, new threshold 15 (max threshold 15)
[2022-07-05T12:57:15.057+0000][8][gc,phases   ] GC(348)   Pre Evacuate Collection Set: 2.5ms
[2022-07-05T12:57:15.060+0000][8][gc,phases   ] GC(348)   Merge Heap Roots: 1.9ms
[2022-07-05T12:57:15.062+0000][8][gc,phases   ] GC(348)   Evacuate Collection Set: 54.9ms
[2022-07-05T12:57:15.064+0000][8][gc,phases   ] GC(348)   Post Evacuate Collection Set: 10.7ms
[2022-07-05T12:57:15.092+0000][8][gc,phases   ] GC(348)   Other: 16.8ms
[2022-07-05T12:57:15.099+0000][8][gc,age      ] GC(348) Age table with threshold 15 (max threshold 15)
[2022-07-05T12:57:15.105+0000][8][gc,age      ] GC(348) - age   1:    1293688 bytes,    1293688 total
[2022-07-05T12:57:15.108+0000][8][gc,age      ] GC(348) - age   2:        968 bytes,    1294656 total
[2022-07-05T12:57:15.110+0000][8][gc,age      ] GC(348) - age   3:        408 bytes,    1295064 total
[2022-07-05T12:57:15.112+0000][8][gc,age      ] GC(348) - age   4:        248 bytes,    1295312 total
[2022-07-05T12:57:15.113+0000][8][gc,age      ] GC(348) - age   5:        296 bytes,    1295608 total
[2022-07-05T12:57:15.115+0000][8][gc,age      ] GC(348) - age   7:       8016 bytes,    1303624 total
[2022-07-05T12:57:15.116+0000][8][gc,age      ] GC(348) - age   8:        184 bytes,    1303808 total
[2022-07-05T12:57:15.118+0000][8][gc,age      ] GC(348) - age   9:       5848 bytes,    1309656 total
[2022-07-05T12:57:15.119+0000][8][gc,age      ] GC(348) - age  10:         24 bytes,    1309680 total
[2022-07-05T12:57:15.120+0000][8][gc,age      ] GC(348) - age  11:        184 bytes,    1309864 total
[2022-07-05T12:57:15.128+0000][8][gc,age      ] GC(348) - age  13:        184 bytes,    1310048 total
[2022-07-05T12:57:15.129+0000][8][gc,age      ] GC(348) - age  15:        512 bytes,    1310560 total
[2022-07-05T12:57:15.135+0000][8][gc,heap     ] GC(348) Eden regions: 75->0(75)
[2022-07-05T12:57:15.139+0000][8][gc,heap     ] GC(348) Survivor regions: 1->1(10)
[2022-07-05T12:57:15.140+0000][8][gc,heap     ] GC(348) Old regions: 23->23
[2022-07-05T12:57:15.142+0000][8][gc,heap     ] GC(348) Archive regions: 2->2
[2022-07-05T12:57:15.146+0000][8][gc,heap     ] GC(348) Humongous regions: 0->0
[2022-07-05T12:57:15.156+0000][8][gc,metaspace] GC(348) Metaspace: 128650K(132096K)->128650K(132096K) NonClass: 111785K(113536K)->111785K(113536K) Class: 16864K(18560K)->16864K(18560K)
[2022-07-05T12:57:15.158+0000][8][gc          ] GC(348) Pause Young (Normal) (G1 Evacuation Pause) 395M->96M(512M) 194.525ms
[2022-07-05T12:57:15.160+0000][8][gc,cpu      ] GC(348) User=0.21s Sys=0.00s Real=0.19s
[2022-07-05T12:57:15.162+0000][8][safepoint   ] Safepoint "G1CollectForAllocation", Time since last: 389249643 ns, Reaching safepoint: 230802 ns, At safepoint: 198761106 ns, Total: 198991908 ns
[2022-07-05T12:57:16.192+0000][8][safepoint   ] Safepoint "Cleanup", Time since last: 1030405210 ns, Reaching safepoint: 161855 ns, At safepoint: 12191 ns, Total: 174046 ns
[2022-07-05T18:13:04.269+0000][8][gc,start    ] GC(349) Pause Young (Normal) (G1 Evacuation Pause)
[2022-07-05T18:13:04.272+0000][8][gc,task     ] GC(349) Using 4 workers of 4 for evacuation
[2022-07-05T18:13:04.274+0000][8][gc,age      ] GC(349) Desired survivor size 20971520 bytes, new threshold 15 (max threshold 15)
[2022-07-05T18:13:04.296+0000][8][gc,phases   ] GC(349)   Pre Evacuate Collection Set: 0.8ms
[2022-07-05T18:13:04.300+0000][8][gc,phases   ] GC(349)   Merge Heap Roots: 0.4ms
[2022-07-05T18:13:04.301+0000][8][gc,phases   ] GC(349)   Evacuate Collection Set: 17.4ms
[2022-07-05T18:13:04.303+0000][8][gc,phases   ] GC(349)   Post Evacuate Collection Set: 2.4ms
[2022-07-05T18:13:04.305+0000][8][gc,phases   ] GC(349)   Other: 3.2ms
[2022-07-05T18:13:04.306+0000][8][gc,age      ] GC(349) Age table with threshold 15 (max threshold 15)
[2022-07-05T18:13:04.308+0000][8][gc,age      ] GC(349) - age   1:    2024544 bytes,    2024544 total
[2022-07-05T18:13:04.310+0000][8][gc,age      ] GC(349) - age   2:     477576 bytes,    2502120 total
[2022-07-05T18:13:04.312+0000][8][gc,age      ] GC(349) - age   3:         64 bytes,    2502184 total
[2022-07-05T18:13:04.314+0000][8][gc,age      ] GC(349) - age   4:        184 bytes,    2502368 total
[2022-07-05T18:13:04.316+0000][8][gc,age      ] GC(349) - age   5:        248 bytes,    2502616 total
[2022-07-05T18:13:04.318+0000][8][gc,age      ] GC(349) - age   6:        296 bytes,    2502912 total
[2022-07-05T18:13:04.320+0000][8][gc,age      ] GC(349) - age   9:        184 bytes,    2503096 total
[2022-07-05T18:13:04.322+0000][8][gc,age      ] GC(349) - age  10:       5848 bytes,    2508944 total
[2022-07-05T18:13:04.325+0000][8][gc,age      ] GC(349) - age  11:         24 bytes,    2508968 total
[2022-07-05T18:13:04.326+0000][8][gc,age      ] GC(349) - age  12:        184 bytes,    2509152 total
[2022-07-05T18:13:04.328+0000][8][gc,age      ] GC(349) - age  14:        184 bytes,    2509336 total
[2022-07-05T18:13:04.329+0000][8][gc,heap     ] GC(349) Eden regions: 75->0(75)
[2022-07-05T18:13:04.330+0000][8][gc,heap     ] GC(349) Survivor regions: 1->1(10)
[2022-07-05T18:13:04.332+0000][8][gc,heap     ] GC(349) Old regions: 23->23
[2022-07-05T18:13:04.334+0000][8][gc,heap     ] GC(349) Archive regions: 2->2
[2022-07-05T18:13:04.335+0000][8][gc,heap     ] GC(349) Humongous regions: 0->0
[2022-07-05T18:13:04.336+0000][8][gc,metaspace] GC(349) Metaspace: 128671K(132096K)->128671K(132096K) NonClass: 111806K(113536K)->111806K(113536K) Class: 16864K(18560K)->16864K(18560K)
[2022-07-05T18:13:04.339+0000][8][gc          ] GC(349) Pause Young (Normal) (G1 Evacuation Pause) 396M->97M(512M) 69.583ms
[2022-07-05T18:13:04.340+0000][8][gc,cpu      ] GC(349) User=0.06s Sys=0.00s Real=0.07s
[2022-07-05T18:13:04.342+0000][8][safepoint   ] Safepoint "G1CollectForAllocation", Time since last: 75863423448 ns, Reaching safepoint: 258426 ns, At safepoint: 72314177 ns, Total: 72572603 ns
[2022-07-05T18:14:27.329+0000][8][gc,start    ] GC(350) Pause Young (Normal) (G1 Evacuation Pause)
[2022-07-05T18:14:27.331+0000][8][gc,task     ] GC(350) Using 4 workers of 4 for evacuation
[2022-07-05T18:14:27.331+0000][8][gc,age      ] GC(350) Desired survivor size 20971520 bytes, new threshold 15 (max threshold 15)
[2022-07-05T18:14:27.339+0000][8][gc,phases   ] GC(350)   Pre Evacuate Collection Set: 0.3ms
[2022-07-05T18:14:27.340+0000][8][gc,phases   ] GC(350)   Merge Heap Roots: 0.2ms
[2022-07-05T18:14:27.341+0000][8][gc,phases   ] GC(350)   Evacuate Collection Set: 5.3ms
[2022-07-05T18:14:27.341+0000][8][gc,phases   ] GC(350)   Post Evacuate Collection Set: 1.1ms
[2022-07-05T18:14:27.342+0000][8][gc,phases   ] GC(350)   Other: 1.9ms
[2022-07-05T18:14:27.342+0000][8][gc,age      ] GC(350) Age table with threshold 15 (max threshold 15)
[2022-07-05T18:14:27.343+0000][8][gc,age      ] GC(350) - age   1:    1677056 bytes,    1677056 total
[2022-07-05T18:14:27.344+0000][8][gc,age      ] GC(350) - age   2:     695384 bytes,    2372440 total
[2022-07-05T18:14:27.344+0000][8][gc,age      ] GC(350) - age   3:     476504 bytes,    2848944 total
[2022-07-05T18:14:27.344+0000][8][gc,age      ] GC(350) - age   5:        184 bytes,    2849128 total
[2022-07-05T18:14:27.345+0000][8][gc,age      ] GC(350) - age   6:        184 bytes,    2849312 total
[2022-07-05T18:14:27.346+0000][8][gc,age      ] GC(350) - age   7:        296 bytes,    2849608 total
[2022-07-05T18:14:27.346+0000][8][gc,age      ] GC(350) - age  10:        184 bytes,    2849792 total
[2022-07-05T18:14:27.348+0000][8][gc,age      ] GC(350) - age  11:       5848 bytes,    2855640 total
[2022-07-05T18:14:27.348+0000][8][gc,age      ] GC(350) - age  12:         24 bytes,    2855664 total
[2022-07-05T18:14:27.348+0000][8][gc,age      ] GC(350) - age  13:        184 bytes,    2855848 total
[2022-07-05T18:14:27.349+0000][8][gc,age      ] GC(350) - age  15:        184 bytes,    2856032 total
[2022-07-05T18:14:27.350+0000][8][gc,heap     ] GC(350) Eden regions: 75->0(75)
[2022-07-05T18:14:27.350+0000][8][gc,heap     ] GC(350) Survivor regions: 1->1(10)
[2022-07-05T18:14:27.351+0000][8][gc,heap     ] GC(350) Old regions: 23->23
[2022-07-05T18:14:27.352+0000][8][gc,heap     ] GC(350) Archive regions: 2->2
[2022-07-05T18:14:27.352+0000][8][gc,heap     ] GC(350) Humongous regions: 0->0
[2022-07-05T18:14:27.353+0000][8][gc,metaspace] GC(350) Metaspace: 128672K(132096K)->128672K(132096K) NonClass: 111807K(113536K)->111807K(113536K) Class: 16864K(18560K)->16864K(18560K)
[2022-07-05T18:14:27.353+0000][8][gc          ] GC(350) Pause Young (Normal) (G1 Evacuation Pause) 397M->97M(512M) 23.756ms
[2022-07-05T18:14:27.354+0000][8][gc,cpu      ] GC(350) User=0.03s Sys=0.00s Real=0.03s
[2022-07-05T18:14:27.354+0000][8][safepoint   ] Safepoint "G1CollectForAllocation", Time since last: 83052520751 ns, Reaching safepoint: 109139 ns, At safepoint: 25010694 ns, Total: 25119833 ns
[2022-07-05T18:15:56.791+0000][8][gc,start    ] GC(351) Pause Young (Normal) (G1 Evacuation Pause)
[2022-07-05T18:15:56.792+0000][8][gc,task     ] GC(351) Using 4 workers of 4 for evacuation
[2022-07-05T18:15:56.793+0000][8][gc,age      ] GC(351) Desired survivor size 20971520 bytes, new threshold 15 (max threshold 15)
[2022-07-05T18:15:56.799+0000][8][gc,phases   ] GC(351)   Pre Evacuate Collection Set: 0.2ms
[2022-07-05T18:15:56.799+0000][8][gc,phases   ] GC(351)   Merge Heap Roots: 0.1ms
[2022-07-05T18:15:56.800+0000][8][gc,phases   ] GC(351)   Evacuate Collection Set: 3.4ms
[2022-07-05T18:15:56.800+0000][8][gc,phases   ] GC(351)   Post Evacuate Collection Set: 1.0ms
[2022-07-05T18:15:56.801+0000][8][gc,phases   ] GC(351)   Other: 1.5ms
[2022-07-05T18:15:56.801+0000][8][gc,age      ] GC(351) Age table with threshold 15 (max threshold 15)
[2022-07-05T18:15:56.802+0000][8][gc,age      ] GC(351) - age   1:    1726296 bytes,    1726296 total
[2022-07-05T18:15:56.802+0000][8][gc,age      ] GC(351) - age   2:      14784 bytes,    1741080 total
[2022-07-05T18:15:56.803+0000][8][gc,age      ] GC(351) - age   3:     694424 bytes,    2435504 total
[2022-07-05T18:15:56.803+0000][8][gc,age      ] GC(351) - age   4:     476376 bytes,    2911880 total
[2022-07-05T18:15:56.804+0000][8][gc,age      ] GC(351) - age   6:        184 bytes,    2912064 total
[2022-07-05T18:15:56.804+0000][8][gc,age      ] GC(351) - age   8:        296 bytes,    2912360 total
[2022-07-05T18:15:56.805+0000][8][gc,age      ] GC(351) - age  11:        184 bytes,    2912544 total
[2022-07-05T18:15:56.805+0000][8][gc,age      ] GC(351) - age  12:       5848 bytes,    2918392 total
[2022-07-05T18:15:56.806+0000][8][gc,age      ] GC(351) - age  13:         24 bytes,    2918416 total
[2022-07-05T18:15:56.807+0000][8][gc,age      ] GC(351) - age  14:        184 bytes,    2918600 total
[2022-07-05T18:15:56.807+0000][8][gc,heap     ] GC(351) Eden regions: 75->0(75)
[2022-07-05T18:15:56.808+0000][8][gc,heap     ] GC(351) Survivor regions: 1->1(10)
[2022-07-05T18:15:56.808+0000][8][gc,heap     ] GC(351) Old regions: 23->23
[2022-07-05T18:15:56.809+0000][8][gc,heap     ] GC(351) Archive regions: 2->2
[2022-07-05T18:15:56.809+0000][8][gc,heap     ] GC(351) Humongous regions: 0->0
[2022-07-05T18:15:56.810+0000][8][gc,metaspace] GC(351) Metaspace: 128672K(132096K)->128672K(132096K) NonClass: 111807K(113536K)->111807K(113536K) Class: 16864K(18560K)->16864K(18560K)
[2022-07-05T18:15:56.811+0000][8][gc          ] GC(351) Pause Young (Normal) (G1 Evacuation Pause) 397M->97M(512M) 19.492ms
[2022-07-05T18:15:56.811+0000][8][gc,cpu      ] GC(351) User=0.01s Sys=0.00s Real=0.02s
[2022-07-05T18:15:56.813+0000][8][safepoint   ] Safepoint "G1CollectForAllocation", Time since last: 89500952815 ns, Reaching safepoint: 120505 ns, At safepoint: 21509989 ns, Total: 21630494 ns
[2022-07-05T18:17:23.736+0000][8][gc,start    ] GC(352) Pause Young (Normal) (G1 Evacuation Pause)
[2022-07-05T18:17:23.738+0000][8][gc,task     ] GC(352) Using 4 workers of 4 for evacuation
[2022-07-05T18:17:23.738+0000][8][gc,age      ] GC(352) Desired survivor size 20971520 bytes, new threshold 15 (max threshold 15)
[2022-07-05T18:17:23.743+0000][8][gc,phases   ] GC(352)   Pre Evacuate Collection Set: 0.3ms
[2022-07-05T18:17:23.747+0000][8][gc,phases   ] GC(352)   Merge Heap Roots: 0.1ms
[2022-07-05T18:17:23.747+0000][8][gc,phases   ] GC(352)   Evacuate Collection Set: 2.2ms
[2022-07-05T18:17:23.748+0000][8][gc,phases   ] GC(352)   Post Evacuate Collection Set: 1.2ms
[2022-07-05T18:17:23.749+0000][8][gc,phases   ] GC(352)   Other: 1.8ms
[2022-07-05T18:17:23.750+0000][8][gc,age      ] GC(352) Age table with threshold 15 (max threshold 15)
[2022-07-05T18:17:23.751+0000][8][gc,age      ] GC(352) - age   1:     666832 bytes,     666832 total
[2022-07-05T18:17:23.751+0000][8][gc,age      ] GC(352) - age   2:       2264 bytes,     669096 total
[2022-07-05T18:17:23.752+0000][8][gc,age      ] GC(352) - age   3:       5192 bytes,     674288 total
[2022-07-05T18:17:23.753+0000][8][gc,age      ] GC(352) - age   4:     547208 bytes,    1221496 total
[2022-07-05T18:17:23.753+0000][8][gc,age      ] GC(352) - age   5:     475384 bytes,    1696880 total
[2022-07-05T18:17:23.754+0000][8][gc,age      ] GC(352) - age   7:        184 bytes,    1697064 total
[2022-07-05T18:17:23.755+0000][8][gc,age      ] GC(352) - age   9:        296 bytes,    1697360 total
[2022-07-05T18:17:23.755+0000][8][gc,age      ] GC(352) - age  12:        184 bytes,    1697544 total
[2022-07-05T18:17:23.756+0000][8][gc,age      ] GC(352) - age  13:       5464 bytes,    1703008 total
[2022-07-05T18:17:23.756+0000][8][gc,age      ] GC(352) - age  14:         24 bytes,    1703032 total
[2022-07-05T18:17:23.757+0000][8][gc,age      ] GC(352) - age  15:        184 bytes,    1703216 total
[2022-07-05T18:17:23.758+0000][8][gc,heap     ] GC(352) Eden regions: 75->0(75)
[2022-07-05T18:17:23.758+0000][8][gc,heap     ] GC(352) Survivor regions: 1->1(10)
[2022-07-05T18:17:23.759+0000][8][gc,heap     ] GC(352) Old regions: 23->23
[2022-07-05T18:17:23.760+0000][8][gc,heap     ] GC(352) Archive regions: 2->2
[2022-07-05T18:17:23.760+0000][8][gc,heap     ] GC(352) Humongous regions: 0->0
[2022-07-05T18:17:23.761+0000][8][gc,metaspace] GC(352) Metaspace: 128672K(132096K)->128672K(132096K) NonClass: 111807K(113536K)->111807K(113536K) Class: 16864K(18560K)->16864K(18560K)
[2022-07-05T18:17:23.761+0000][8][gc          ] GC(352) Pause Young (Normal) (G1 Evacuation Pause) 397M->96M(512M) 25.008ms
[2022-07-05T18:17:23.762+0000][8][gc,cpu      ] GC(352) User=0.01s Sys=0.01s Real=0.03s
[2022-07-05T18:17:23.763+0000][8][safepoint   ] Safepoint "G1CollectForAllocation", Time since last: 86988861395 ns, Reaching safepoint: 153039 ns, At safepoint: 26508214 ns, Total: 26661253 ns
[2022-07-05T18:18:15.773+0000][8][safepoint   ] Safepoint "Cleanup", Time since last: 52052644829 ns, Reaching safepoint: 160109 ns, At safepoint: 76475 ns, Total: 236584 ns
[2022-07-05T18:18:34.768+0000][8][safepoint   ] Safepoint "Cleanup", Time since last: 19015848257 ns, Reaching safepoint: 173863 ns, At safepoint: 11821 ns, Total: 185684 ns
[2022-07-05T18:18:51.255+0000][8][gc,start    ] GC(353) Pause Young (Normal) (G1 Evacuation Pause)
[2022-07-05T18:18:51.256+0000][8][gc,task     ] GC(353) Using 4 workers of 4 for evacuation
[2022-07-05T18:18:51.257+0000][8][gc,age      ] GC(353) Desired survivor size 20971520 bytes, new threshold 15 (max threshold 15)
[2022-07-05T18:18:51.263+0000][8][gc,phases   ] GC(353)   Pre Evacuate Collection Set: 0.3ms
[2022-07-05T18:18:51.264+0000][8][gc,phases   ] GC(353)   Merge Heap Roots: 0.1ms
[2022-07-05T18:18:51.265+0000][8][gc,phases   ] GC(353)   Evacuate Collection Set: 3.2ms
[2022-07-05T18:18:51.266+0000][8][gc,phases   ] GC(353)   Post Evacuate Collection Set: 1.4ms
[2022-07-05T18:18:51.267+0000][8][gc,phases   ] GC(353)   Other: 1.8ms
[2022-07-05T18:18:51.267+0000][8][gc,age      ] GC(353) Age table with threshold 15 (max threshold 15)
[2022-07-05T18:18:51.268+0000][8][gc,age      ] GC(353) - age   1:     638144 bytes,     638144 total
[2022-07-05T18:18:51.268+0000][8][gc,age      ] GC(353) - age   2:     167888 bytes,     806032 total
[2022-07-05T18:18:51.269+0000][8][gc,age      ] GC(353) - age   3:        480 bytes,     806512 total
[2022-07-05T18:18:51.270+0000][8][gc,age      ] GC(353) - age   4:       5016 bytes,     811528 total
[2022-07-05T18:18:51.270+0000][8][gc,age      ] GC(353) - age   5:     547080 bytes,    1358608 total
[2022-07-05T18:18:51.271+0000][8][gc,age      ] GC(353) - age   6:     475352 bytes,    1833960 total
[2022-07-05T18:18:51.271+0000][8][gc,age      ] GC(353) - age   8:        184 bytes,    1834144 total
[2022-07-05T18:18:51.272+0000][8][gc,age      ] GC(353) - age  10:        296 bytes,    1834440 total
[2022-07-05T18:18:51.272+0000][8][gc,age      ] GC(353) - age  13:        184 bytes,    1834624 total
[2022-07-05T18:18:51.273+0000][8][gc,age      ] GC(353) - age  14:       5464 bytes,    1840088 total
[2022-07-05T18:18:51.273+0000][8][gc,age      ] GC(353) - age  15:         24 bytes,    1840112 total
[2022-07-05T18:18:51.274+0000][8][gc,heap     ] GC(353) Eden regions: 75->0(75)
[2022-07-05T18:18:51.274+0000][8][gc,heap     ] GC(353) Survivor regions: 1->1(10)
[2022-07-05T18:18:51.275+0000][8][gc,heap     ] GC(353) Old regions: 23->23
[2022-07-05T18:18:51.275+0000][8][gc,heap     ] GC(353) Archive regions: 2->2
[2022-07-05T18:18:51.276+0000][8][gc,heap     ] GC(353) Humongous regions: 0->0
[2022-07-05T18:18:51.276+0000][8][gc,metaspace] GC(353) Metaspace: 128676K(132096K)->128676K(132096K) NonClass: 111811K(113536K)->111811K(113536K) Class: 16864K(18560K)->16864K(18560K)
[2022-07-05T18:18:51.277+0000][8][gc          ] GC(353) Pause Young (Normal) (G1 Evacuation Pause) 396M->96M(512M) 22.444ms
[2022-07-05T18:18:51.278+0000][8][gc,cpu      ] GC(353) User=0.01s Sys=0.00s Real=0.03s
[2022-07-05T18:18:51.278+0000][8][safepoint   ] Safepoint "G1CollectForAllocation", Time since last: 16486943310 ns, Reaching safepoint: 156054 ns, At safepoint: 23622009 ns, Total: 23778063 ns
[2022-07-05T18:20:20.697+0000][8][gc,start    ] GC(354) Pause Young (Normal) (G1 Evacuation Pause)
[2022-07-05T18:20:20.699+0000][8][gc,task     ] GC(354) Using 4 workers of 4 for evacuation
[2022-07-05T18:20:20.699+0000][8][gc,age      ] GC(354) Desired survivor size 20971520 bytes, new threshold 15 (max threshold 15)
[2022-07-05T18:20:20.704+0000][8][gc,phases   ] GC(354)   Pre Evacuate Collection Set: 0.1ms
[2022-07-05T18:20:20.705+0000][8][gc,phases   ] GC(354)   Merge Heap Roots: 0.1ms
[2022-07-05T18:20:20.705+0000][8][gc,phases   ] GC(354)   Evacuate Collection Set: 2.5ms
[2022-07-05T18:20:20.706+0000][8][gc,phases   ] GC(354)   Post Evacuate Collection Set: 1.0ms
[2022-07-05T18:20:20.706+0000][8][gc,phases   ] GC(354)   Other: 1.4ms
[2022-07-05T18:20:20.707+0000][8][gc,age      ] GC(354) Age table with threshold 15 (max threshold 15)
[2022-07-05T18:20:20.707+0000][8][gc,age      ] GC(354) - age   1:    1028216 bytes,    1028216 total
[2022-07-05T18:20:20.708+0000][8][gc,age      ] GC(354) - age   2:       8688 bytes,    1036904 total
[2022-07-05T18:20:20.709+0000][8][gc,age      ] GC(354) - age   3:     159152 bytes,    1196056 total
[2022-07-05T18:20:20.709+0000][8][gc,age      ] GC(354) - age   4:        480 bytes,    1196536 total
[2022-07-05T18:20:20.710+0000][8][gc,age      ] GC(354) - age   5:       5016 bytes,    1201552 total
[2022-07-05T18:20:20.710+0000][8][gc,age      ] GC(354) - age   6:     498456 bytes,    1700008 total
[2022-07-05T18:20:20.711+0000][8][gc,age      ] GC(354) - age   7:     475352 bytes,    2175360 total
[2022-07-05T18:20:20.711+0000][8][gc,age      ] GC(354) - age   9:        184 bytes,    2175544 total
[2022-07-05T18:20:20.712+0000][8][gc,age      ] GC(354) - age  11:        296 bytes,    2175840 total
[2022-07-05T18:20:20.713+0000][8][gc,age      ] GC(354) - age  14:        184 bytes,    2176024 total
[2022-07-05T18:20:20.713+0000][8][gc,age      ] GC(354) - age  15:       5464 bytes,    2181488 total
[2022-07-05T18:20:20.714+0000][8][gc,heap     ] GC(354) Eden regions: 75->0(75)
[2022-07-05T18:20:20.714+0000][8][gc,heap     ] GC(354) Survivor regions: 1->1(10)
[2022-07-05T18:20:20.715+0000][8][gc,heap     ] GC(354) Old regions: 23->23
[2022-07-05T18:20:20.716+0000][8][gc,heap     ] GC(354) Archive regions: 2->2
[2022-07-05T18:20:20.716+0000][8][gc,heap     ] GC(354) Humongous regions: 0->0
[2022-07-05T18:20:20.717+0000][8][gc,metaspace] GC(354) Metaspace: 128676K(132096K)->128676K(132096K) NonClass: 111811K(113536K)->111811K(113536K) Class: 16864K(18560K)->16864K(18560K)
[2022-07-05T18:20:20.718+0000][8][gc          ] GC(354) Pause Young (Normal) (G1 Evacuation Pause) 396M->96M(512M) 20.218ms
[2022-07-05T18:20:20.718+0000][8][gc,cpu      ] GC(354) User=0.01s Sys=0.00s Real=0.02s
[2022-07-05T18:20:20.719+0000][8][safepoint   ] Safepoint "G1CollectForAllocation", Time since last: 89484435245 ns, Reaching safepoint: 87934 ns, At safepoint: 21788487 ns, Total: 21876421 ns
[2022-07-05T18:21:50.671+0000][8][gc,start    ] GC(355) Pause Young (Normal) (G1 Evacuation Pause)
[2022-07-05T18:21:50.672+0000][8][gc,task     ] GC(355) Using 4 workers of 4 for evacuation
[2022-07-05T18:21:50.673+0000][8][gc,age      ] GC(355) Desired survivor size 20971520 bytes, new threshold 15 (max threshold 15)
[2022-07-05T18:21:50.679+0000][8][gc,phases   ] GC(355)   Pre Evacuate Collection Set: 0.4ms
[2022-07-05T18:21:50.679+0000][8][gc,phases   ] GC(355)   Merge Heap Roots: 0.1ms
[2022-07-05T18:21:50.680+0000][8][gc,phases   ] GC(355)   Evacuate Collection Set: 2.9ms
[2022-07-05T18:21:50.680+0000][8][gc,phases   ] GC(355)   Post Evacuate Collection Set: 1.3ms
[2022-07-05T18:21:50.681+0000][8][gc,phases   ] GC(355)   Other: 1.5ms
[2022-07-05T18:21:50.681+0000][8][gc,age      ] GC(355) Age table with threshold 15 (max threshold 15)
[2022-07-05T18:21:50.682+0000][8][gc,age      ] GC(355) - age   1:    1164920 bytes,    1164920 total
[2022-07-05T18:21:50.683+0000][8][gc,age      ] GC(355) - age   2:      14320 bytes,    1179240 total
[2022-07-05T18:21:50.683+0000][8][gc,age      ] GC(355) - age   3:       8048 bytes,    1187288 total
[2022-07-05T18:21:50.684+0000][8][gc,age      ] GC(355) - age   4:     159152 bytes,    1346440 total
[2022-07-05T18:21:50.684+0000][8][gc,age      ] GC(355) - age   5:        184 bytes,    1346624 total
[2022-07-05T18:21:50.685+0000][8][gc,age      ] GC(355) - age   6:       5016 bytes,    1351640 total
[2022-07-05T18:21:50.685+0000][8][gc,age      ] GC(355) - age   7:     498456 bytes,    1850096 total
[2022-07-05T18:21:50.686+0000][8][gc,age      ] GC(355) - age   8:     473432 bytes,    2323528 total
[2022-07-05T18:21:50.687+0000][8][gc,age      ] GC(355) - age  10:        184 bytes,    2323712 total
[2022-07-05T18:21:50.688+0000][8][gc,age      ] GC(355) - age  12:        296 bytes,    2324008 total
[2022-07-05T18:21:50.688+0000][8][gc,age      ] GC(355) - age  15:        184 bytes,    2324192 total
[2022-07-05T18:21:50.689+0000][8][gc,heap     ] GC(355) Eden regions: 75->0(75)
[2022-07-05T18:21:50.689+0000][8][gc,heap     ] GC(355) Survivor regions: 1->1(10)
[2022-07-05T18:21:50.690+0000][8][gc,heap     ] GC(355) Old regions: 23->23
[2022-07-05T18:21:50.691+0000][8][gc,heap     ] GC(355) Archive regions: 2->2
[2022-07-05T18:21:50.691+0000][8][gc,heap     ] GC(355) Humongous regions: 0->0
[2022-07-05T18:21:50.692+0000][8][gc,metaspace] GC(355) Metaspace: 128676K(132096K)->128676K(132096K) NonClass: 111811K(113536K)->111811K(113536K) Class: 16864K(18560K)->16864K(18560K)
[2022-07-05T18:21:50.693+0000][8][gc          ] GC(355) Pause Young (Normal) (G1 Evacuation Pause) 396M->97M(512M) 21.487ms
[2022-07-05T18:21:50.693+0000][8][gc,cpu      ] GC(355) User=0.01s Sys=0.00s Real=0.02s
[2022-07-05T18:21:50.694+0000][8][safepoint   ] Safepoint "G1CollectForAllocation", Time since last: 90016289216 ns, Reaching safepoint: 102802 ns, At safepoint: 22889775 ns, Total: 22992577 ns
[2022-07-05T18:23:14.618+0000][8][gc,start    ] GC(356) Pause Young (Normal) (G1 Evacuation Pause)
[2022-07-05T18:23:14.621+0000][8][gc,task     ] GC(356) Using 4 workers of 4 for evacuation
[2022-07-05T18:23:14.622+0000][8][gc,age      ] GC(356) Desired survivor size 20971520 bytes, new threshold 15 (max threshold 15)
[2022-07-05T18:23:14.627+0000][8][gc,phases   ] GC(356)   Pre Evacuate Collection Set: 0.2ms
[2022-07-05T18:23:14.628+0000][8][gc,phases   ] GC(356)   Merge Heap Roots: 0.1ms
[2022-07-05T18:23:14.628+0000][8][gc,phases   ] GC(356)   Evacuate Collection Set: 3.0ms
[2022-07-05T18:23:14.629+0000][8][gc,phases   ] GC(356)   Post Evacuate Collection Set: 1.2ms
[2022-07-05T18:23:14.630+0000][8][gc,phases   ] GC(356)   Other: 1.7ms
[2022-07-05T18:23:14.630+0000][8][gc,age      ] GC(356) Age table with threshold 15 (max threshold 15)
[2022-07-05T18:23:14.631+0000][8][gc,age      ] GC(356) - age   1:    1089904 bytes,    1089904 total
[2022-07-05T18:23:14.632+0000][8][gc,age      ] GC(356) - age   2:      16184 bytes,    1106088 total
[2022-07-05T18:23:14.632+0000][8][gc,age      ] GC(356) - age   3:      13648 bytes,    1119736 total
[2022-07-05T18:23:14.633+0000][8][gc,age      ] GC(356) - age   4:       7752 bytes,    1127488 total
[2022-07-05T18:23:14.633+0000][8][gc,age      ] GC(356) - age   5:     159056 bytes,    1286544 total
[2022-07-05T18:23:14.634+0000][8][gc,age      ] GC(356) - age   6:        184 bytes,    1286728 total
[2022-07-05T18:23:14.635+0000][8][gc,age      ] GC(356) - age   7:       5016 bytes,    1291744 total
[2022-07-05T18:23:14.635+0000][8][gc,age      ] GC(356) - age   8:     498432 bytes,    1790176 total
[2022-07-05T18:23:14.635+0000][8][gc,age      ] GC(356) - age   9:     473432 bytes,    2263608 total
[2022-07-05T18:23:14.636+0000][8][gc,age      ] GC(356) - age  11:        184 bytes,    2263792 total
[2022-07-05T18:23:14.637+0000][8][gc,age      ] GC(356) - age  13:        296 bytes,    2264088 total
[2022-07-05T18:23:14.637+0000][8][gc,heap     ] GC(356) Eden regions: 75->0(75)
[2022-07-05T18:23:14.637+0000][8][gc,heap     ] GC(356) Survivor regions: 1->1(10)
[2022-07-05T18:23:14.638+0000][8][gc,heap     ] GC(356) Old regions: 23->23
[2022-07-05T18:23:14.638+0000][8][gc,heap     ] GC(356) Archive regions: 2->2
[2022-07-05T18:23:14.639+0000][8][gc,heap     ] GC(356) Humongous regions: 0->0
[2022-07-05T18:23:14.639+0000][8][gc,metaspace] GC(356) Metaspace: 128676K(132096K)->128676K(132096K) NonClass: 111811K(113536K)->111811K(113536K) Class: 16864K(18560K)->16864K(18560K)
[2022-07-05T18:23:14.640+0000][8][gc          ] GC(356) Pause Young (Normal) (G1 Evacuation Pause) 397M->97M(512M) 22.123ms
[2022-07-05T18:23:14.641+0000][8][gc,cpu      ] GC(356) User=0.01s Sys=0.01s Real=0.02s
[2022-07-05T18:23:14.641+0000][8][safepoint   ] Safepoint "G1CollectForAllocation", Time since last: 83988996572 ns, Reaching safepoint: 74530 ns, At safepoint: 23242746 ns, Total: 23317276 ns
[2022-07-05T18:24:41.619+0000][8][gc,start    ] GC(357) Pause Young (Normal) (G1 Evacuation Pause)
[2022-07-05T18:24:41.620+0000][8][gc,task     ] GC(357) Using 4 workers of 4 for evacuation
[2022-07-05T18:24:41.620+0000][8][gc,age      ] GC(357) Desired survivor size 20971520 bytes, new threshold 15 (max threshold 15)
[2022-07-05T18:24:41.625+0000][8][gc,phases   ] GC(357)   Pre Evacuate Collection Set: 0.2ms
[2022-07-05T18:24:41.625+0000][8][gc,phases   ] GC(357)   Merge Heap Roots: 0.1ms
[2022-07-05T18:24:41.626+0000][8][gc,phases   ] GC(357)   Evacuate Collection Set: 2.7ms
[2022-07-05T18:24:41.627+0000][8][gc,phases   ] GC(357)   Post Evacuate Collection Set: 0.9ms
[2022-07-05T18:24:41.627+0000][8][gc,phases   ] GC(357)   Other: 1.2ms
[2022-07-05T18:24:41.628+0000][8][gc,age      ] GC(357) Age table with threshold 15 (max threshold 15)
[2022-07-05T18:24:41.628+0000][8][gc,age      ] GC(357) - age   1:    1407680 bytes,    1407680 total
[2022-07-05T18:24:41.629+0000][8][gc,age      ] GC(357) - age   2:       1616 bytes,    1409296 total
[2022-07-05T18:24:41.630+0000][8][gc,age      ] GC(357) - age   3:      15144 bytes,    1424440 total
[2022-07-05T18:24:41.630+0000][8][gc,age      ] GC(357) - age   4:      13352 bytes,    1437792 total
[2022-07-05T18:24:41.631+0000][8][gc,age      ] GC(357) - age   5:       7752 bytes,    1445544 total
[2022-07-05T18:24:41.632+0000][8][gc,age      ] GC(357) - age   6:     159056 bytes,    1604600 total
[2022-07-05T18:24:41.632+0000][8][gc,age      ] GC(357) - age   8:       5016 bytes,    1609616 total
[2022-07-05T18:24:41.633+0000][8][gc,age      ] GC(357) - age   9:     498432 bytes,    2108048 total
[2022-07-05T18:24:41.633+0000][8][gc,age      ] GC(357) - age  10:     473432 bytes,    2581480 total
[2022-07-05T18:24:41.634+0000][8][gc,age      ] GC(357) - age  12:        184 bytes,    2581664 total
[2022-07-05T18:24:41.635+0000][8][gc,age      ] GC(357) - age  14:        296 bytes,    2581960 total
[2022-07-05T18:24:41.635+0000][8][gc,heap     ] GC(357) Eden regions: 75->0(75)
[2022-07-05T18:24:41.636+0000][8][gc,heap     ] GC(357) Survivor regions: 1->1(10)
[2022-07-05T18:24:41.637+0000][8][gc,heap     ] GC(357) Old regions: 23->23
[2022-07-05T18:24:41.638+0000][8][gc,heap     ] GC(357) Archive regions: 2->2
[2022-07-05T18:24:41.639+0000][8][gc,heap     ] GC(357) Humongous regions: 0->0
[2022-07-05T18:24:41.639+0000][8][gc,metaspace] GC(357) Metaspace: 128676K(132096K)->128676K(132096K) NonClass: 111811K(113536K)->111811K(113536K) Class: 16864K(18560K)->16864K(18560K)
[2022-07-05T18:24:41.640+0000][8][gc          ] GC(357) Pause Young (Normal) (G1 Evacuation Pause) 397M->97M(512M) 20.956ms
[2022-07-05T18:24:41.640+0000][8][gc,cpu      ] GC(357) User=0.01s Sys=0.00s Real=0.02s
[2022-07-05T18:24:41.641+0000][8][safepoint   ] Safepoint "G1CollectForAllocation", Time since last: 87042316614 ns, Reaching safepoint: 103231 ns, At safepoint: 22354035 ns, Total: 22457266 ns
[2022-07-05T18:26:09.366+0000][8][gc,start    ] GC(358) Pause Young (Normal) (G1 Evacuation Pause)
[2022-07-05T18:26:09.369+0000][8][gc,task     ] GC(358) Using 4 workers of 4 for evacuation
[2022-07-05T18:26:09.370+0000][8][gc,age      ] GC(358) Desired survivor size 20971520 bytes, new threshold 15 (max threshold 15)
[2022-07-05T18:26:09.376+0000][8][gc,phases   ] GC(358)   Pre Evacuate Collection Set: 0.2ms
[2022-07-05T18:26:09.377+0000][8][gc,phases   ] GC(358)   Merge Heap Roots: 0.1ms
[2022-07-05T18:26:09.377+0000][8][gc,phases   ] GC(358)   Evacuate Collection Set: 3.4ms
[2022-07-05T18:26:09.378+0000][8][gc,phases   ] GC(358)   Post Evacuate Collection Set: 1.2ms
[2022-07-05T18:26:09.378+0000][8][gc,phases   ] GC(358)   Other: 2.0ms
[2022-07-05T18:26:09.379+0000][8][gc,age      ] GC(358) Age table with threshold 15 (max threshold 15)
[2022-07-05T18:26:09.380+0000][8][gc,age      ] GC(358) - age   1:    1316096 bytes,    1316096 total
[2022-07-05T18:26:09.380+0000][8][gc,age      ] GC(358) - age   2:       1632 bytes,    1317728 total
[2022-07-05T18:26:09.381+0000][8][gc,age      ] GC(358) - age   3:        568 bytes,    1318296 total
[2022-07-05T18:26:09.382+0000][8][gc,age      ] GC(358) - age   4:       6768 bytes,    1325064 total
[2022-07-05T18:26:09.382+0000][8][gc,age      ] GC(358) - age   5:      13352 bytes,    1338416 total
[2022-07-05T18:26:09.383+0000][8][gc,age      ] GC(358) - age   6:       7752 bytes,    1346168 total
[2022-07-05T18:26:09.383+0000][8][gc,age      ] GC(358) - age   7:     159056 bytes,    1505224 total
[2022-07-05T18:26:09.384+0000][8][gc,age      ] GC(358) - age   9:       5016 bytes,    1510240 total
[2022-07-05T18:26:09.384+0000][8][gc,age      ] GC(358) - age  10:     498432 bytes,    2008672 total
[2022-07-05T18:26:09.385+0000][8][gc,age      ] GC(358) - age  11:     473432 bytes,    2482104 total
[2022-07-05T18:26:09.385+0000][8][gc,age      ] GC(358) - age  13:        184 bytes,    2482288 total
[2022-07-05T18:26:09.386+0000][8][gc,age      ] GC(358) - age  15:        296 bytes,    2482584 total
[2022-07-05T18:26:09.386+0000][8][gc,heap     ] GC(358) Eden regions: 75->0(75)
[2022-07-05T18:26:09.388+0000][8][gc,heap     ] GC(358) Survivor regions: 1->1(10)
[2022-07-05T18:26:09.389+0000][8][gc,heap     ] GC(358) Old regions: 23->23
[2022-07-05T18:26:09.390+0000][8][gc,heap     ] GC(358) Archive regions: 2->2
[2022-07-05T18:26:09.390+0000][8][gc,heap     ] GC(358) Humongous regions: 0->0
[2022-07-05T18:26:09.391+0000][8][gc,metaspace] GC(358) Metaspace: 128676K(132096K)->128676K(132096K) NonClass: 111811K(113536K)->111811K(113536K) Class: 16864K(18560K)->16864K(18560K)
[2022-07-05T18:26:09.391+0000][8][gc          ] GC(358) Pause Young (Normal) (G1 Evacuation Pause) 397M->97M(512M) 25.407ms
[2022-07-05T18:26:09.392+0000][8][gc,cpu      ] GC(358) User=0.02s Sys=0.00s Real=0.03s
[2022-07-05T18:26:09.393+0000][8][safepoint   ] Safepoint "G1CollectForAllocation", Time since last: 87790119882 ns, Reaching safepoint: 182040 ns, At safepoint: 26619661 ns, Total: 26801701 ns
[2022-07-05T18:27:33.716+0000][8][gc,start    ] GC(359) Pause Young (Normal) (G1 Evacuation Pause)
[2022-07-05T18:27:33.718+0000][8][gc,task     ] GC(359) Using 4 workers of 4 for evacuation
[2022-07-05T18:27:33.719+0000][8][gc,age      ] GC(359) Desired survivor size 20971520 bytes, new threshold 15 (max threshold 15)
[2022-07-05T18:27:33.724+0000][8][gc,phases   ] GC(359)   Pre Evacuate Collection Set: 0.2ms
[2022-07-05T18:27:33.725+0000][8][gc,phases   ] GC(359)   Merge Heap Roots: 0.1ms
[2022-07-05T18:27:33.725+0000][8][gc,phases   ] GC(359)   Evacuate Collection Set: 3.0ms
[2022-07-05T18:27:33.726+0000][8][gc,phases   ] GC(359)   Post Evacuate Collection Set: 1.0ms
[2022-07-05T18:27:33.726+0000][8][gc,phases   ] GC(359)   Other: 1.4ms
[2022-07-05T18:27:33.727+0000][8][gc,age      ] GC(359) Age table with threshold 15 (max threshold 15)
[2022-07-05T18:27:33.727+0000][8][gc,age      ] GC(359) - age   1:    1742776 bytes,    1742776 total
[2022-07-05T18:27:33.728+0000][8][gc,age      ] GC(359) - age   2:      14488 bytes,    1757264 total
[2022-07-05T18:27:33.728+0000][8][gc,age      ] GC(359) - age   3:        544 bytes,    1757808 total
[2022-07-05T18:27:33.729+0000][8][gc,age      ] GC(359) - age   4:        112 bytes,    1757920 total
[2022-07-05T18:27:33.729+0000][8][gc,age      ] GC(359) - age   5:       6768 bytes,    1764688 total
[2022-07-05T18:27:33.730+0000][8][gc,age      ] GC(359) - age   6:      13352 bytes,    1778040 total
[2022-07-05T18:27:33.730+0000][8][gc,age      ] GC(359) - age   7:       7752 bytes,    1785792 total
[2022-07-05T18:27:33.731+0000][8][gc,age      ] GC(359) - age   8:     159056 bytes,    1944848 total
[2022-07-05T18:27:33.731+0000][8][gc,age      ] GC(359) - age  10:       5016 bytes,    1949864 total
[2022-07-05T18:27:33.732+0000][8][gc,age      ] GC(359) - age  11:     498432 bytes,    2448296 total
[2022-07-05T18:27:33.732+0000][8][gc,age      ] GC(359) - age  12:     473040 bytes,    2921336 total
[2022-07-05T18:27:33.733+0000][8][gc,age      ] GC(359) - age  14:        184 bytes,    2921520 total
[2022-07-05T18:27:33.733+0000][8][gc,heap     ] GC(359) Eden regions: 75->0(75)
[2022-07-05T18:27:33.734+0000][8][gc,heap     ] GC(359) Survivor regions: 1->1(10)
[2022-07-05T18:27:33.734+0000][8][gc,heap     ] GC(359) Old regions: 23->23
[2022-07-05T18:27:33.735+0000][8][gc,heap     ] GC(359) Archive regions: 2->2
[2022-07-05T18:27:33.735+0000][8][gc,heap     ] GC(359) Humongous regions: 0->0
[2022-07-05T18:27:33.736+0000][8][gc,metaspace] GC(359) Metaspace: 128676K(132096K)->128676K(132096K) NonClass: 111811K(113536K)->111811K(113536K) Class: 16864K(18560K)->16864K(18560K)
[2022-07-05T18:27:33.737+0000][8][gc          ] GC(359) Pause Young (Normal) (G1 Evacuation Pause) 397M->97M(512M) 20.753ms
[2022-07-05T18:27:33.737+0000][8][gc,cpu      ] GC(359) User=0.01s Sys=0.00s Real=0.02s
[2022-07-05T18:27:33.738+0000][8][safepoint   ] Safepoint "G1CollectForAllocation", Time since last: 84366054176 ns, Reaching safepoint: 165423 ns, At safepoint: 22377784 ns, Total: 22543207 ns
[2022-07-05T18:28:44.735+0000][8][safepoint   ] Safepoint "Cleanup", Time since last: 71061189287 ns, Reaching safepoint: 258025 ns, At safepoint: 13712 ns, Total: 271737 ns
[2022-07-05T18:29:05.522+0000][8][gc,start    ] GC(360) Pause Young (Normal) (G1 Evacuation Pause)
[2022-07-05T18:29:05.523+0000][8][gc,task     ] GC(360) Using 4 workers of 4 for evacuation
[2022-07-05T18:29:05.524+0000][8][gc,age      ] GC(360) Desired survivor size 20971520 bytes, new threshold 15 (max threshold 15)
[2022-07-05T18:29:05.529+0000][8][gc,phases   ] GC(360)   Pre Evacuate Collection Set: 0.2ms
[2022-07-05T18:29:05.530+0000][8][gc,phases   ] GC(360)   Merge Heap Roots: 0.1ms
[2022-07-05T18:29:05.530+0000][8][gc,phases   ] GC(360)   Evacuate Collection Set: 3.2ms
[2022-07-05T18:29:05.531+0000][8][gc,phases   ] GC(360)   Post Evacuate Collection Set: 1.2ms
[2022-07-05T18:29:05.532+0000][8][gc,phases   ] GC(360)   Other: 1.3ms
[2022-07-05T18:29:05.532+0000][8][gc,age      ] GC(360) Age table with threshold 15 (max threshold 15)
[2022-07-05T18:29:05.533+0000][8][gc,age      ] GC(360) - age   1:    1649128 bytes,    1649128 total
[2022-07-05T18:29:05.533+0000][8][gc,age      ] GC(360) - age   2:       2256 bytes,    1651384 total
[2022-07-05T18:29:05.534+0000][8][gc,age      ] GC(360) - age   3:       5064 bytes,    1656448 total
[2022-07-05T18:29:05.535+0000][8][gc,age      ] GC(360) - age   4:        184 bytes,    1656632 total
[2022-07-05T18:29:05.536+0000][8][gc,age      ] GC(360) - age   5:         48 bytes,    1656680 total
[2022-07-05T18:29:05.536+0000][8][gc,age      ] GC(360) - age   6:       6768 bytes,    1663448 total
[2022-07-05T18:29:05.537+0000][8][gc,age      ] GC(360) - age   7:      13352 bytes,    1676800 total
[2022-07-05T18:29:05.537+0000][8][gc,age      ] GC(360) - age   8:       7600 bytes,    1684400 total
[2022-07-05T18:29:05.538+0000][8][gc,age      ] GC(360) - age   9:     159056 bytes,    1843456 total
[2022-07-05T18:29:05.538+0000][8][gc,age      ] GC(360) - age  11:       4984 bytes,    1848440 total
[2022-07-05T18:29:05.539+0000][8][gc,age      ] GC(360) - age  12:     498432 bytes,    2346872 total
[2022-07-05T18:29:05.540+0000][8][gc,age      ] GC(360) - age  13:     473040 bytes,    2819912 total
[2022-07-05T18:29:05.540+0000][8][gc,age      ] GC(360) - age  15:        184 bytes,    2820096 total
[2022-07-05T18:29:05.541+0000][8][gc,heap     ] GC(360) Eden regions: 75->0(75)
[2022-07-05T18:29:05.541+0000][8][gc,heap     ] GC(360) Survivor regions: 1->1(10)
[2022-07-05T18:29:05.542+0000][8][gc,heap     ] GC(360) Old regions: 23->23
[2022-07-05T18:29:05.542+0000][8][gc,heap     ] GC(360) Archive regions: 2->2
[2022-07-05T18:29:05.543+0000][8][gc,heap     ] GC(360) Humongous regions: 0->0
[2022-07-05T18:29:05.543+0000][8][gc,metaspace] GC(360) Metaspace: 128676K(132096K)->128676K(132096K) NonClass: 111811K(113536K)->111811K(113536K) Class: 16864K(18560K)->16864K(18560K)
[2022-07-05T18:29:05.544+0000][8][gc          ] GC(360) Pause Young (Normal) (G1 Evacuation Pause) 397M->97M(512M) 21.960ms
[2022-07-05T18:29:05.544+0000][8][gc,cpu      ] GC(360) User=0.01s Sys=0.00s Real=0.03s
[2022-07-05T18:29:05.545+0000][8][safepoint   ] Safepoint "G1CollectForAllocation", Time since last: 20808113573 ns, Reaching safepoint: 279408 ns, At safepoint: 23277209 ns, Total: 23556617 ns
[2022-07-05T18:30:33.324+0000][8][gc,start    ] GC(361) Pause Young (Normal) (G1 Evacuation Pause)
[2022-07-05T18:30:33.326+0000][8][gc,task     ] GC(361) Using 4 workers of 4 for evacuation
[2022-07-05T18:30:33.327+0000][8][gc,age      ] GC(361) Desired survivor size 20971520 bytes, new threshold 15 (max threshold 15)
[2022-07-05T18:30:33.337+0000][8][gc,phases   ] GC(361)   Pre Evacuate Collection Set: 0.3ms
[2022-07-05T18:30:33.338+0000][8][gc,phases   ] GC(361)   Merge Heap Roots: 0.1ms
[2022-07-05T18:30:33.338+0000][8][gc,phases   ] GC(361)   Evacuate Collection Set: 3.0ms
[2022-07-05T18:30:33.339+0000][8][gc,phases   ] GC(361)   Post Evacuate Collection Set: 1.3ms
[2022-07-05T18:30:33.340+0000][8][gc,phases   ] GC(361)   Other: 6.3ms
[2022-07-05T18:30:33.340+0000][8][gc,age      ] GC(361) Age table with threshold 15 (max threshold 15)
[2022-07-05T18:30:33.342+0000][8][gc,age      ] GC(361) - age   1:    1395712 bytes,    1395712 total
[2022-07-05T18:30:33.343+0000][8][gc,age      ] GC(361) - age   2:      15304 bytes,    1411016 total
[2022-07-05T18:30:33.344+0000][8][gc,age      ] GC(361) - age   3:        744 bytes,    1411760 total
[2022-07-05T18:30:33.345+0000][8][gc,age      ] GC(361) - age   4:       4872 bytes,    1416632 total
[2022-07-05T18:30:33.345+0000][8][gc,age      ] GC(361) - age   5:        184 bytes,    1416816 total
[2022-07-05T18:30:33.346+0000][8][gc,age      ] GC(361) - age   6:         48 bytes,    1416864 total
[2022-07-05T18:30:33.347+0000][8][gc,age      ] GC(361) - age   7:       6584 bytes,    1423448 total
[2022-07-05T18:30:33.347+0000][8][gc,age      ] GC(361) - age   8:      13352 bytes,    1436800 total
[2022-07-05T18:30:33.348+0000][8][gc,age      ] GC(361) - age   9:       7600 bytes,    1444400 total
[2022-07-05T18:30:33.349+0000][8][gc,age      ] GC(361) - age  10:     159056 bytes,    1603456 total
[2022-07-05T18:30:33.349+0000][8][gc,age      ] GC(361) - age  12:       4984 bytes,    1608440 total
[2022-07-05T18:30:33.350+0000][8][gc,age      ] GC(361) - age  13:     498432 bytes,    2106872 total
[2022-07-05T18:30:33.351+0000][8][gc,age      ] GC(361) - age  14:     473040 bytes,    2579912 total
[2022-07-05T18:30:33.352+0000][8][gc,heap     ] GC(361) Eden regions: 75->0(75)
[2022-07-05T18:30:33.352+0000][8][gc,heap     ] GC(361) Survivor regions: 1->1(10)
[2022-07-05T18:30:33.353+0000][8][gc,heap     ] GC(361) Old regions: 23->23
[2022-07-05T18:30:33.354+0000][8][gc,heap     ] GC(361) Archive regions: 2->2
[2022-07-05T18:30:33.354+0000][8][gc,heap     ] GC(361) Humongous regions: 0->0
[2022-07-05T18:30:33.355+0000][8][gc,metaspace] GC(361) Metaspace: 128676K(132096K)->128676K(132096K) NonClass: 111811K(113536K)->111811K(113536K) Class: 16864K(18560K)->16864K(18560K)
[2022-07-05T18:30:33.355+0000][8][gc          ] GC(361) Pause Young (Normal) (G1 Evacuation Pause) 397M->97M(512M) 31.420ms
[2022-07-05T18:30:33.356+0000][8][gc,cpu      ] GC(361) User=0.01s Sys=0.01s Real=0.03s
[2022-07-05T18:30:33.357+0000][8][safepoint   ] Safepoint "G1CollectForAllocation", Time since last: 87821834569 ns, Reaching safepoint: 173297 ns, At safepoint: 33477075 ns, Total: 33650372 ns
[2022-07-05T18:31:56.472+0000][8][gc,start    ] GC(362) Pause Young (Normal) (G1 Evacuation Pause)
[2022-07-05T18:31:56.474+0000][8][gc,task     ] GC(362) Using 4 workers of 4 for evacuation
[2022-07-05T18:31:56.475+0000][8][gc,age      ] GC(362) Desired survivor size 20971520 bytes, new threshold 15 (max threshold 15)
[2022-07-05T18:31:56.482+0000][8][gc,phases   ] GC(362)   Pre Evacuate Collection Set: 0.3ms
[2022-07-05T18:31:56.483+0000][8][gc,phases   ] GC(362)   Merge Heap Roots: 0.2ms
[2022-07-05T18:31:56.484+0000][8][gc,phases   ] GC(362)   Evacuate Collection Set: 2.8ms
[2022-07-05T18:31:56.485+0000][8][gc,phases   ] GC(362)   Post Evacuate Collection Set: 1.3ms
[2022-07-05T18:31:56.486+0000][8][gc,phases   ] GC(362)   Other: 3.3ms
[2022-07-05T18:31:56.487+0000][8][gc,age      ] GC(362) Age table with threshold 15 (max threshold 15)
[2022-07-05T18:31:56.487+0000][8][gc,age      ] GC(362) - age   1:     632784 bytes,     632784 total
[2022-07-05T18:31:56.488+0000][8][gc,age      ] GC(362) - age   2:       9896 bytes,     642680 total
[2022-07-05T18:31:56.489+0000][8][gc,age      ] GC(362) - age   3:       5480 bytes,     648160 total
[2022-07-05T18:31:56.490+0000][8][gc,age      ] GC(362) - age   4:        552 bytes,     648712 total
[2022-07-05T18:31:56.491+0000][8][gc,age      ] GC(362) - age   5:       4664 bytes,     653376 total
[2022-07-05T18:31:56.492+0000][8][gc,age      ] GC(362) - age   6:        184 bytes,     653560 total
[2022-07-05T18:31:56.493+0000][8][gc,age      ] GC(362) - age   7:         48 bytes,     653608 total
[2022-07-05T18:31:56.494+0000][8][gc,age      ] GC(362) - age   8:       4664 bytes,     658272 total
[2022-07-05T18:31:56.495+0000][8][gc,age      ] GC(362) - age   9:      13352 bytes,     671624 total
[2022-07-05T18:31:56.497+0000][8][gc,age      ] GC(362) - age  10:       7600 bytes,     679224 total
[2022-07-05T18:31:56.498+0000][8][gc,age      ] GC(362) - age  11:     159056 bytes,     838280 total
[2022-07-05T18:31:56.499+0000][8][gc,age      ] GC(362) - age  13:       4984 bytes,     843264 total
[2022-07-05T18:31:56.500+0000][8][gc,age      ] GC(362) - age  14:     498432 bytes,    1341696 total
[2022-07-05T18:31:56.502+0000][8][gc,age      ] GC(362) - age  15:     473040 bytes,    1814736 total
[2022-07-05T18:31:56.503+0000][8][gc,heap     ] GC(362) Eden regions: 75->0(75)
[2022-07-05T18:31:56.504+0000][8][gc,heap     ] GC(362) Survivor regions: 1->1(10)
[2022-07-05T18:31:56.505+0000][8][gc,heap     ] GC(362) Old regions: 23->23
[2022-07-05T18:31:56.506+0000][8][gc,heap     ] GC(362) Archive regions: 2->2
[2022-07-05T18:31:56.507+0000][8][gc,heap     ] GC(362) Humongous regions: 0->0
[2022-07-05T18:31:56.509+0000][8][gc,metaspace] GC(362) Metaspace: 128676K(132096K)->128676K(132096K) NonClass: 111811K(113536K)->111811K(113536K) Class: 16864K(18560K)->16864K(18560K)
[2022-07-05T18:31:56.510+0000][8][gc          ] GC(362) Pause Young (Normal) (G1 Evacuation Pause) 397M->96M(512M) 38.536ms
[2022-07-05T18:31:56.511+0000][8][gc,cpu      ] GC(362) User=0.01s Sys=0.00s Real=0.04s
[2022-07-05T18:31:56.513+0000][8][safepoint   ] Safepoint "G1CollectForAllocation", Time since last: 83179627738 ns, Reaching safepoint: 85999 ns, At safepoint: 40762248 ns, Total: 40848247 ns
[2022-07-05T18:33:26.446+0000][8][gc,start    ] GC(363) Pause Young (Normal) (G1 Evacuation Pause)
[2022-07-05T18:33:26.448+0000][8][gc,task     ] GC(363) Using 4 workers of 4 for evacuation
[2022-07-05T18:33:26.448+0000][8][gc,age      ] GC(363) Desired survivor size 20971520 bytes, new threshold 15 (max threshold 15)
[2022-07-05T18:33:26.455+0000][8][gc,phases   ] GC(363)   Pre Evacuate Collection Set: 0.2ms
[2022-07-05T18:33:26.455+0000][8][gc,phases   ] GC(363)   Merge Heap Roots: 0.1ms
[2022-07-05T18:33:26.456+0000][8][gc,phases   ] GC(363)   Evacuate Collection Set: 3.9ms
[2022-07-05T18:33:26.456+0000][8][gc,phases   ] GC(363)   Post Evacuate Collection Set: 1.2ms
[2022-07-05T18:33:26.457+0000][8][gc,phases   ] GC(363)   Other: 1.6ms
[2022-07-05T18:33:26.457+0000][8][gc,age      ] GC(363) Age table with threshold 15 (max threshold 15)
[2022-07-05T18:33:26.458+0000][8][gc,age      ] GC(363) - age   1:    2042880 bytes,    2042880 total
[2022-07-05T18:33:26.459+0000][8][gc,age      ] GC(363) - age   2:       2904 bytes,    2045784 total
[2022-07-05T18:33:26.459+0000][8][gc,age      ] GC(363) - age   3:        480 bytes,    2046264 total
[2022-07-05T18:33:26.460+0000][8][gc,age      ] GC(363) - age   4:       5056 bytes,    2051320 total
[2022-07-05T18:33:26.460+0000][8][gc,age      ] GC(363) - age   5:        392 bytes,    2051712 total
[2022-07-05T18:33:26.461+0000][8][gc,age      ] GC(363) - age   6:       4664 bytes,    2056376 total
[2022-07-05T18:33:26.461+0000][8][gc,age      ] GC(363) - age   7:        184 bytes,    2056560 total
[2022-07-05T18:33:26.462+0000][8][gc,age      ] GC(363) - age   8:         48 bytes,    2056608 total
[2022-07-05T18:33:26.462+0000][8][gc,age      ] GC(363) - age   9:       4664 bytes,    2061272 total
[2022-07-05T18:33:26.463+0000][8][gc,age      ] GC(363) - age  10:      13352 bytes,    2074624 total
[2022-07-05T18:33:26.463+0000][8][gc,age      ] GC(363) - age  11:       7600 bytes,    2082224 total
[2022-07-05T18:33:26.464+0000][8][gc,age      ] GC(363) - age  12:     159056 bytes,    2241280 total
[2022-07-05T18:33:26.464+0000][8][gc,age      ] GC(363) - age  14:       4984 bytes,    2246264 total
[2022-07-05T18:33:26.465+0000][8][gc,age      ] GC(363) - age  15:     498432 bytes,    2744696 total
[2022-07-05T18:33:26.465+0000][8][gc,heap     ] GC(363) Eden regions: 75->0(75)
[2022-07-05T18:33:26.466+0000][8][gc,heap     ] GC(363) Survivor regions: 1->1(10)
[2022-07-05T18:33:26.466+0000][8][gc,heap     ] GC(363) Old regions: 23->23
[2022-07-05T18:33:26.467+0000][8][gc,heap     ] GC(363) Archive regions: 2->2
[2022-07-05T18:33:26.468+0000][8][gc,heap     ] GC(363) Humongous regions: 0->0
[2022-07-05T18:33:26.468+0000][8][gc,metaspace] GC(363) Metaspace: 128676K(132096K)->128676K(132096K) NonClass: 111811K(113536K)->111811K(113536K) Class: 16864K(18560K)->16864K(18560K)
[2022-07-05T18:33:26.469+0000][8][gc          ] GC(363) Pause Young (Normal) (G1 Evacuation Pause) 396M->98M(512M) 22.287ms
[2022-07-05T18:33:26.469+0000][8][gc,cpu      ] GC(363) User=0.02s Sys=0.00s Real=0.02s
[2022-07-05T18:33:26.470+0000][8][safepoint   ] Safepoint "G1CollectForAllocation", Time since last: 89998132811 ns, Reaching safepoint: 107951 ns, At safepoint: 23481661 ns, Total: 23589612 ns
[2022-07-05T18:34:53.431+0000][8][gc,start    ] GC(364) Pause Young (Normal) (G1 Evacuation Pause)
[2022-07-05T18:34:53.433+0000][8][gc,task     ] GC(364) Using 4 workers of 4 for evacuation
[2022-07-05T18:34:53.435+0000][8][gc,age      ] GC(364) Desired survivor size 20971520 bytes, new threshold 15 (max threshold 15)
[2022-07-05T18:34:53.442+0000][8][gc,phases   ] GC(364)   Pre Evacuate Collection Set: 0.6ms
[2022-07-05T18:34:53.444+0000][8][gc,phases   ] GC(364)   Merge Heap Roots: 0.5ms
[2022-07-05T18:34:53.445+0000][8][gc,phases   ] GC(364)   Evacuate Collection Set: 3.6ms
[2022-07-05T18:34:53.445+0000][8][gc,phases   ] GC(364)   Post Evacuate Collection Set: 1.2ms
[2022-07-05T18:34:53.446+0000][8][gc,phases   ] GC(364)   Other: 3.7ms
[2022-07-05T18:34:53.447+0000][8][gc,age      ] GC(364) Age table with threshold 15 (max threshold 15)
[2022-07-05T18:34:53.448+0000][8][gc,age      ] GC(364) - age   1:    1510952 bytes,    1510952 total
[2022-07-05T18:34:53.448+0000][8][gc,age      ] GC(364) - age   2:       9480 bytes,    1520432 total
[2022-07-05T18:34:53.450+0000][8][gc,age      ] GC(364) - age   3:       2464 bytes,    1522896 total
[2022-07-05T18:34:53.453+0000][8][gc,age      ] GC(364) - age   4:        480 bytes,    1523376 total
[2022-07-05T18:34:53.454+0000][8][gc,age      ] GC(364) - age   5:       5056 bytes,    1528432 total
[2022-07-05T18:34:53.455+0000][8][gc,age      ] GC(364) - age   6:        392 bytes,    1528824 total
[2022-07-05T18:34:53.455+0000][8][gc,age      ] GC(364) - age   7:       4664 bytes,    1533488 total
[2022-07-05T18:34:53.456+0000][8][gc,age      ] GC(364) - age   8:        184 bytes,    1533672 total
[2022-07-05T18:34:53.457+0000][8][gc,age      ] GC(364) - age   9:         48 bytes,    1533720 total
[2022-07-05T18:34:53.457+0000][8][gc,age      ] GC(364) - age  10:       4664 bytes,    1538384 total
[2022-07-05T18:34:53.458+0000][8][gc,age      ] GC(364) - age  11:      13352 bytes,    1551736 total
[2022-07-05T18:34:53.458+0000][8][gc,age      ] GC(364) - age  12:       7600 bytes,    1559336 total
[2022-07-05T18:34:53.460+0000][8][gc,age      ] GC(364) - age  13:     159056 bytes,    1718392 total
[2022-07-05T18:34:53.461+0000][8][gc,age      ] GC(364) - age  15:       4984 bytes,    1723376 total
[2022-07-05T18:34:53.461+0000][8][gc,heap     ] GC(364) Eden regions: 75->0(75)
[2022-07-05T18:34:53.462+0000][8][gc,heap     ] GC(364) Survivor regions: 1->1(10)
[2022-07-05T18:34:53.463+0000][8][gc,heap     ] GC(364) Old regions: 23->23
[2022-07-05T18:34:53.464+0000][8][gc,heap     ] GC(364) Archive regions: 2->2
[2022-07-05T18:34:53.464+0000][8][gc,heap     ] GC(364) Humongous regions: 0->0
[2022-07-05T18:34:53.465+0000][8][gc,metaspace] GC(364) Metaspace: 128676K(132096K)->128676K(132096K) NonClass: 111811K(113536K)->111811K(113536K) Class: 16864K(18560K)->16864K(18560K)
[2022-07-05T18:34:53.468+0000][8][gc          ] GC(364) Pause Young (Normal) (G1 Evacuation Pause) 398M->97M(512M) 36.990ms
[2022-07-05T18:34:53.469+0000][8][gc,cpu      ] GC(364) User=0.02s Sys=0.00s Real=0.04s
[2022-07-05T18:34:53.471+0000][8][safepoint   ] Safepoint "G1CollectForAllocation", Time since last: 87025609068 ns, Reaching safepoint: 81024 ns, At safepoint: 40617560 ns, Total: 40698584 ns
[2022-07-05T18:36:17.386+0000][8][gc,start    ] GC(365) Pause Young (Normal) (G1 Evacuation Pause)
[2022-07-05T18:36:17.387+0000][8][gc,task     ] GC(365) Using 4 workers of 4 for evacuation
[2022-07-05T18:36:17.389+0000][8][gc,age      ] GC(365) Desired survivor size 20971520 bytes, new threshold 15 (max threshold 15)
[2022-07-05T18:36:17.393+0000][8][gc,phases   ] GC(365)   Pre Evacuate Collection Set: 0.2ms
[2022-07-05T18:36:17.395+0000][8][gc,phases   ] GC(365)   Merge Heap Roots: 0.2ms
[2022-07-05T18:36:17.395+0000][8][gc,phases   ] GC(365)   Evacuate Collection Set: 2.5ms
[2022-07-05T18:36:17.396+0000][8][gc,phases   ] GC(365)   Post Evacuate Collection Set: 0.9ms
[2022-07-05T18:36:17.397+0000][8][gc,phases   ] GC(365)   Other: 2.2ms
[2022-07-05T18:36:17.397+0000][8][gc,age      ] GC(365) Age table with threshold 15 (max threshold 15)
[2022-07-05T18:36:17.398+0000][8][gc,age      ] GC(365) - age   1:    1887672 bytes,    1887672 total
[2022-07-05T18:36:17.398+0000][8][gc,age      ] GC(365) - age   2:       2560 bytes,    1890232 total
[2022-07-05T18:36:17.399+0000][8][gc,age      ] GC(365) - age   3:       8264 bytes,    1898496 total
[2022-07-05T18:36:17.399+0000][8][gc,age      ] GC(365) - age   4:       2104 bytes,    1900600 total
[2022-07-05T18:36:17.400+0000][8][gc,age      ] GC(365) - age   5:        480 bytes,    1901080 total
[2022-07-05T18:36:17.400+0000][8][gc,age      ] GC(365) - age   6:       5056 bytes,    1906136 total
[2022-07-05T18:36:17.401+0000][8][gc,age      ] GC(365) - age   7:        392 bytes,    1906528 total
[2022-07-05T18:36:17.401+0000][8][gc,age      ] GC(365) - age   8:       4664 bytes,    1911192 total
[2022-07-05T18:36:17.402+0000][8][gc,age      ] GC(365) - age   9:        184 bytes,    1911376 total
[2022-07-05T18:36:17.402+0000][8][gc,age      ] GC(365) - age  10:         48 bytes,    1911424 total
[2022-07-05T18:36:17.403+0000][8][gc,age      ] GC(365) - age  11:       4664 bytes,    1916088 total
[2022-07-05T18:36:17.403+0000][8][gc,age      ] GC(365) - age  12:      13352 bytes,    1929440 total
[2022-07-05T18:36:17.404+0000][8][gc,age      ] GC(365) - age  13:       7600 bytes,    1937040 total
[2022-07-05T18:36:17.404+0000][8][gc,age      ] GC(365) - age  14:     159056 bytes,    2096096 total
[2022-07-05T18:36:17.405+0000][8][gc,heap     ] GC(365) Eden regions: 75->0(75)
[2022-07-05T18:36:17.405+0000][8][gc,heap     ] GC(365) Survivor regions: 1->1(10)
[2022-07-05T18:36:17.406+0000][8][gc,heap     ] GC(365) Old regions: 23->23
[2022-07-05T18:36:17.406+0000][8][gc,heap     ] GC(365) Archive regions: 2->2
[2022-07-05T18:36:17.407+0000][8][gc,heap     ] GC(365) Humongous regions: 0->0
[2022-07-05T18:36:17.407+0000][8][gc,metaspace] GC(365) Metaspace: 128676K(132096K)->128676K(132096K) NonClass: 111811K(113536K)->111811K(113536K) Class: 16864K(18560K)->16864K(18560K)
[2022-07-05T18:36:17.408+0000][8][gc          ] GC(365) Pause Young (Normal) (G1 Evacuation Pause) 397M->97M(512M) 22.322ms
[2022-07-05T18:36:17.409+0000][8][gc,cpu      ] GC(365) User=0.01s Sys=0.00s Real=0.02s
[2022-07-05T18:36:17.410+0000][8][safepoint   ] Safepoint "G1CollectForAllocation", Time since last: 83979661946 ns, Reaching safepoint: 105323 ns, At safepoint: 23624871 ns, Total: 23730194 ns
[2022-07-05T18:37:44.370+0000][8][gc,start    ] GC(366) Pause Young (Normal) (G1 Evacuation Pause)
[2022-07-05T18:37:44.371+0000][8][gc,task     ] GC(366) Using 4 workers of 4 for evacuation
[2022-07-05T18:37:44.372+0000][8][gc,age      ] GC(366) Desired survivor size 20971520 bytes, new threshold 15 (max threshold 15)
[2022-07-05T18:37:44.376+0000][8][gc,phases   ] GC(366)   Pre Evacuate Collection Set: 0.2ms
[2022-07-05T18:37:44.377+0000][8][gc,phases   ] GC(366)   Merge Heap Roots: 0.1ms
[2022-07-05T18:37:44.377+0000][8][gc,phases   ] GC(366)   Evacuate Collection Set: 2.0ms
[2022-07-05T18:37:44.378+0000][8][gc,phases   ] GC(366)   Post Evacuate Collection Set: 1.1ms
[2022-07-05T18:37:44.378+0000][8][gc,phases   ] GC(366)   Other: 1.5ms
[2022-07-05T18:37:44.379+0000][8][gc,age      ] GC(366) Age table with threshold 15 (max threshold 15)
[2022-07-05T18:37:44.380+0000][8][gc,age      ] GC(366) - age   1:    1324808 bytes,    1324808 total
[2022-07-05T18:37:44.380+0000][8][gc,age      ] GC(366) - age   2:       1888 bytes,    1326696 total
[2022-07-05T18:37:44.381+0000][8][gc,age      ] GC(366) - age   3:       1536 bytes,    1328232 total
[2022-07-05T18:37:44.382+0000][8][gc,age      ] GC(366) - age   4:         24 bytes,    1328256 total
[2022-07-05T18:37:44.382+0000][8][gc,age      ] GC(366) - age   5:       2104 bytes,    1330360 total
[2022-07-05T18:37:44.383+0000][8][gc,age      ] GC(366) - age   6:        480 bytes,    1330840 total
[2022-07-05T18:37:44.384+0000][8][gc,age      ] GC(366) - age   7:       5056 bytes,    1335896 total
[2022-07-05T18:37:44.385+0000][8][gc,age      ] GC(366) - age   8:        392 bytes,    1336288 total
[2022-07-05T18:37:44.385+0000][8][gc,age      ] GC(366) - age   9:       4664 bytes,    1340952 total
[2022-07-05T18:37:44.386+0000][8][gc,age      ] GC(366) - age  10:        184 bytes,    1341136 total
[2022-07-05T18:37:44.387+0000][8][gc,age      ] GC(366) - age  11:         48 bytes,    1341184 total
[2022-07-05T18:37:44.387+0000][8][gc,age      ] GC(366) - age  12:       4664 bytes,    1345848 total
[2022-07-05T18:37:44.388+0000][8][gc,age      ] GC(366) - age  13:      13352 bytes,    1359200 total
[2022-07-05T18:37:44.388+0000][8][gc,age      ] GC(366) - age  14:       7600 bytes,    1366800 total
[2022-07-05T18:37:44.389+0000][8][gc,age      ] GC(366) - age  15:     158672 bytes,    1525472 total
[2022-07-05T18:37:44.390+0000][8][gc,heap     ] GC(366) Eden regions: 75->0(75)
[2022-07-05T18:37:44.390+0000][8][gc,heap     ] GC(366) Survivor regions: 1->1(10)
[2022-07-05T18:37:44.391+0000][8][gc,heap     ] GC(366) Old regions: 23->23
[2022-07-05T18:37:44.391+0000][8][gc,heap     ] GC(366) Archive regions: 2->2
[2022-07-05T18:37:44.392+0000][8][gc,heap     ] GC(366) Humongous regions: 0->0
[2022-07-05T18:37:44.392+0000][8][gc,metaspace] GC(366) Metaspace: 128676K(132096K)->128676K(132096K) NonClass: 111811K(113536K)->111811K(113536K) Class: 16864K(18560K)->16864K(18560K)
[2022-07-05T18:37:44.393+0000][8][gc          ] GC(366) Pause Young (Normal) (G1 Evacuation Pause) 397M->97M(512M) 22.962ms
[2022-07-05T18:37:44.394+0000][8][gc,cpu      ] GC(366) User=0.00s Sys=0.00s Real=0.02s
[2022-07-05T18:37:44.394+0000][8][safepoint   ] Safepoint "G1CollectForAllocation", Time since last: 87025492828 ns, Reaching safepoint: 104459 ns, At safepoint: 24336816 ns, Total: 24441275 ns
[2022-07-05T18:39:17.312+0000][8][gc,start    ] GC(367) Pause Young (Normal) (G1 Evacuation Pause)
[2022-07-05T18:39:17.314+0000][8][gc,task     ] GC(367) Using 4 workers of 4 for evacuation
[2022-07-05T18:39:17.315+0000][8][gc,age      ] GC(367) Desired survivor size 20971520 bytes, new threshold 15 (max threshold 15)
[2022-07-05T18:39:17.321+0000][8][gc,phases   ] GC(367)   Pre Evacuate Collection Set: 0.4ms
[2022-07-05T18:39:17.322+0000][8][gc,phases   ] GC(367)   Merge Heap Roots: 0.2ms
[2022-07-05T18:39:17.323+0000][8][gc,phases   ] GC(367)   Evacuate Collection Set: 2.7ms
[2022-07-05T18:39:17.323+0000][8][gc,phases   ] GC(367)   Post Evacuate Collection Set: 1.5ms
[2022-07-05T18:39:17.324+0000][8][gc,phases   ] GC(367)   Other: 2.1ms
[2022-07-05T18:39:17.325+0000][8][gc,age      ] GC(367) Age table with threshold 15 (max threshold 15)
[2022-07-05T18:39:17.325+0000][8][gc,age      ] GC(367) - age   1:    1740456 bytes,    1740456 total
[2022-07-05T18:39:17.327+0000][8][gc,age      ] GC(367) - age   2:       1936 bytes,    1742392 total
[2022-07-05T18:39:17.327+0000][8][gc,age      ] GC(367) - age   3:        312 bytes,    1742704 total
[2022-07-05T18:39:17.328+0000][8][gc,age      ] GC(367) - age   4:       1472 bytes,    1744176 total
[2022-07-05T18:39:17.329+0000][8][gc,age      ] GC(367) - age   6:       2104 bytes,    1746280 total
[2022-07-05T18:39:17.329+0000][8][gc,age      ] GC(367) - age   7:        480 bytes,    1746760 total
[2022-07-05T18:39:17.330+0000][8][gc,age      ] GC(367) - age   8:       4880 bytes,    1751640 total
[2022-07-05T18:39:17.331+0000][8][gc,age      ] GC(367) - age   9:        392 bytes,    1752032 total
[2022-07-05T18:39:17.331+0000][8][gc,age      ] GC(367) - age  10:       4664 bytes,    1756696 total
[2022-07-05T18:39:17.333+0000][8][gc,age      ] GC(367) - age  11:        184 bytes,    1756880 total
[2022-07-05T18:39:17.334+0000][8][gc,age      ] GC(367) - age  12:         48 bytes,    1756928 total
[2022-07-05T18:39:17.334+0000][8][gc,age      ] GC(367) - age  13:       4664 bytes,    1761592 total
[2022-07-05T18:39:17.335+0000][8][gc,age      ] GC(367) - age  14:      13352 bytes,    1774944 total
[2022-07-05T18:39:17.335+0000][8][gc,age      ] GC(367) - age  15:       7568 bytes,    1782512 total
[2022-07-05T18:39:17.336+0000][8][gc,heap     ] GC(367) Eden regions: 75->0(75)
[2022-07-05T18:39:17.337+0000][8][gc,heap     ] GC(367) Survivor regions: 1->1(10)
[2022-07-05T18:39:17.337+0000][8][gc,heap     ] GC(367) Old regions: 23->24
[2022-07-05T18:39:17.338+0000][8][gc,heap     ] GC(367) Archive regions: 2->2
[2022-07-05T18:39:17.339+0000][8][gc,heap     ] GC(367) Humongous regions: 0->0
[2022-07-05T18:39:17.339+0000][8][gc,metaspace] GC(367) Metaspace: 128679K(132096K)->128679K(132096K) NonClass: 111815K(113536K)->111815K(113536K) Class: 16864K(18560K)->16864K(18560K)
[2022-07-05T18:39:17.340+0000][8][gc          ] GC(367) Pause Young (Normal) (G1 Evacuation Pause) 397M->97M(512M) 28.028ms
[2022-07-05T18:39:17.341+0000][8][gc,cpu      ] GC(367) User=0.01s Sys=0.01s Real=0.03s
[2022-07-05T18:39:17.342+0000][8][safepoint   ] Safepoint "G1CollectForAllocation", Time since last: 92981851119 ns, Reaching safepoint: 238258 ns, At safepoint: 29443624 ns, Total: 29681882 ns
[2022-07-05T18:40:38.305+0000][8][gc,start    ] GC(368) Pause Young (Normal) (G1 Evacuation Pause)
[2022-07-05T18:40:38.311+0000][8][gc,task     ] GC(368) Using 4 workers of 4 for evacuation
[2022-07-05T18:40:38.312+0000][8][gc,age      ] GC(368) Desired survivor size 20971520 bytes, new threshold 15 (max threshold 15)
[2022-07-05T18:40:38.325+0000][8][gc,phases   ] GC(368)   Pre Evacuate Collection Set: 0.1ms
[2022-07-05T18:40:38.326+0000][8][gc,phases   ] GC(368)   Merge Heap Roots: 0.1ms
[2022-07-05T18:40:38.327+0000][8][gc,phases   ] GC(368)   Evacuate Collection Set: 2.4ms
[2022-07-05T18:40:38.327+0000][8][gc,phases   ] GC(368)   Post Evacuate Collection Set: 0.9ms
[2022-07-05T18:40:38.328+0000][8][gc,phases   ] GC(368)   Other: 10.1ms
[2022-07-05T18:40:38.329+0000][8][gc,age      ] GC(368) Age table with threshold 15 (max threshold 15)
[2022-07-05T18:40:38.329+0000][8][gc,age      ] GC(368) - age   1:    1801624 bytes,    1801624 total
[2022-07-05T18:40:38.330+0000][8][gc,age      ] GC(368) - age   2:       9776 bytes,    1811400 total
[2022-07-05T18:40:38.330+0000][8][gc,age      ] GC(368) - age   3:        792 bytes,    1812192 total
[2022-07-05T18:40:38.331+0000][8][gc,age      ] GC(368) - age   4:        184 bytes,    1812376 total
[2022-07-05T18:40:38.331+0000][8][gc,age      ] GC(368) - age   5:       1472 bytes,    1813848 total
[2022-07-05T18:40:38.332+0000][8][gc,age      ] GC(368) - age   7:       1920 bytes,    1815768 total
[2022-07-05T18:40:38.333+0000][8][gc,age      ] GC(368) - age   8:        480 bytes,    1816248 total
[2022-07-05T18:40:38.333+0000][8][gc,age      ] GC(368) - age   9:       4880 bytes,    1821128 total
[2022-07-05T18:40:38.334+0000][8][gc,age      ] GC(368) - age  10:        392 bytes,    1821520 total
[2022-07-05T18:40:38.334+0000][8][gc,age      ] GC(368) - age  11:       4664 bytes,    1826184 total
[2022-07-05T18:40:38.335+0000][8][gc,age      ] GC(368) - age  12:        184 bytes,    1826368 total
[2022-07-05T18:40:38.335+0000][8][gc,age      ] GC(368) - age  13:         48 bytes,    1826416 total
[2022-07-05T18:40:38.336+0000][8][gc,age      ] GC(368) - age  14:       4664 bytes,    1831080 total
[2022-07-05T18:40:38.337+0000][8][gc,age      ] GC(368) - age  15:      13352 bytes,    1844432 total
[2022-07-05T18:40:38.338+0000][8][gc,heap     ] GC(368) Eden regions: 75->0(75)
[2022-07-05T18:40:38.338+0000][8][gc,heap     ] GC(368) Survivor regions: 1->1(10)
[2022-07-05T18:40:38.339+0000][8][gc,heap     ] GC(368) Old regions: 24->24
[2022-07-05T18:40:38.339+0000][8][gc,heap     ] GC(368) Archive regions: 2->2
[2022-07-05T18:40:38.341+0000][8][gc,heap     ] GC(368) Humongous regions: 0->0
[2022-07-05T18:40:38.341+0000][8][gc,metaspace] GC(368) Metaspace: 128679K(132096K)->128679K(132096K) NonClass: 111815K(113536K)->111815K(113536K) Class: 16864K(18560K)->16864K(18560K)
[2022-07-05T18:40:38.342+0000][8][gc          ] GC(368) Pause Young (Normal) (G1 Evacuation Pause) 397M->97M(512M) 37.746ms
[2022-07-05T18:40:38.343+0000][8][gc,cpu      ] GC(368) User=0.01s Sys=0.01s Real=0.04s
[2022-07-05T18:40:38.344+0000][8][safepoint   ] Safepoint "G1CollectForAllocation", Time since last: 81027911762 ns, Reaching safepoint: 109577 ns, At safepoint: 39322925 ns, Total: 39432502 ns
[2022-07-05T18:42:05.349+0000][8][gc,start    ] GC(369) Pause Young (Normal) (G1 Evacuation Pause)
[2022-07-05T18:42:05.350+0000][8][gc,task     ] GC(369) Using 4 workers of 4 for evacuation
[2022-07-05T18:42:05.351+0000][8][gc,age      ] GC(369) Desired survivor size 20971520 bytes, new threshold 15 (max threshold 15)
[2022-07-05T18:42:05.357+0000][8][gc,phases   ] GC(369)   Pre Evacuate Collection Set: 0.4ms
[2022-07-05T18:42:05.358+0000][8][gc,phases   ] GC(369)   Merge Heap Roots: 0.2ms
[2022-07-05T18:42:05.359+0000][8][gc,phases   ] GC(369)   Evacuate Collection Set: 2.9ms
[2022-07-05T18:42:05.360+0000][8][gc,phases   ] GC(369)   Post Evacuate Collection Set: 1.5ms
[2022-07-05T18:42:05.361+0000][8][gc,phases   ] GC(369)   Other: 1.9ms
[2022-07-05T18:42:05.362+0000][8][gc,age      ] GC(369) Age table with threshold 15 (max threshold 15)
[2022-07-05T18:42:05.363+0000][8][gc,age      ] GC(369) - age   1:    1651376 bytes,    1651376 total
[2022-07-05T18:42:05.363+0000][8][gc,age      ] GC(369) - age   2:       1888 bytes,    1653264 total
[2022-07-05T18:42:05.364+0000][8][gc,age      ] GC(369) - age   3:       8264 bytes,    1661528 total
[2022-07-05T18:42:05.364+0000][8][gc,age      ] GC(369) - age   4:        480 bytes,    1662008 total
[2022-07-05T18:42:05.365+0000][8][gc,age      ] GC(369) - age   5:        184 bytes,    1662192 total
[2022-07-05T18:42:05.366+0000][8][gc,age      ] GC(369) - age   6:       1472 bytes,    1663664 total
[2022-07-05T18:42:05.366+0000][8][gc,age      ] GC(369) - age   9:        480 bytes,    1664144 total
[2022-07-05T18:42:05.367+0000][8][gc,age      ] GC(369) - age  10:       4880 bytes,    1669024 total
[2022-07-05T18:42:05.367+0000][8][gc,age      ] GC(369) - age  12:       4664 bytes,    1673688 total
[2022-07-05T18:42:05.368+0000][8][gc,age      ] GC(369) - age  13:        184 bytes,    1673872 total
[2022-07-05T18:42:05.369+0000][8][gc,age      ] GC(369) - age  14:         48 bytes,    1673920 total
[2022-07-05T18:42:05.369+0000][8][gc,age      ] GC(369) - age  15:       4664 bytes,    1678584 total
[2022-07-05T18:42:05.370+0000][8][gc,heap     ] GC(369) Eden regions: 75->0(75)
[2022-07-05T18:42:05.370+0000][8][gc,heap     ] GC(369) Survivor regions: 1->1(10)
[2022-07-05T18:42:05.371+0000][8][gc,heap     ] GC(369) Old regions: 24->24
[2022-07-05T18:42:05.372+0000][8][gc,heap     ] GC(369) Archive regions: 2->2
[2022-07-05T18:42:05.372+0000][8][gc,heap     ] GC(369) Humongous regions: 0->0
[2022-07-05T18:42:05.373+0000][8][gc,metaspace] GC(369) Metaspace: 128682K(132096K)->128682K(132096K) NonClass: 111817K(113536K)->111817K(113536K) Class: 16864K(18560K)->16864K(18560K)
[2022-07-05T18:42:05.374+0000][8][gc          ] GC(369) Pause Young (Normal) (G1 Evacuation Pause) 397M->97M(512M) 24.965ms
[2022-07-05T18:42:05.375+0000][8][gc,cpu      ] GC(369) User=0.01s Sys=0.01s Real=0.03s
[2022-07-05T18:42:05.376+0000][8][safepoint   ] Safepoint "G1CollectForAllocation", Time since last: 87069405243 ns, Reaching safepoint: 153528 ns, At safepoint: 27454815 ns, Total: 27608343 ns
[2022-07-05T18:43:32.255+0000][8][gc,start    ] GC(370) Pause Young (Normal) (G1 Evacuation Pause)
[2022-07-05T18:43:32.257+0000][8][gc,task     ] GC(370) Using 4 workers of 4 for evacuation
[2022-07-05T18:43:32.258+0000][8][gc,age      ] GC(370) Desired survivor size 20971520 bytes, new threshold 15 (max threshold 15)
[2022-07-05T18:43:32.264+0000][8][gc,phases   ] GC(370)   Pre Evacuate Collection Set: 0.3ms
[2022-07-05T18:43:32.264+0000][8][gc,phases   ] GC(370)   Merge Heap Roots: 0.1ms
[2022-07-05T18:43:32.265+0000][8][gc,phases   ] GC(370)   Evacuate Collection Set: 2.0ms
[2022-07-05T18:43:32.265+0000][8][gc,phases   ] GC(370)   Post Evacuate Collection Set: 1.2ms
[2022-07-05T18:43:32.266+0000][8][gc,phases   ] GC(370)   Other: 2.7ms
[2022-07-05T18:43:32.267+0000][8][gc,age      ] GC(370) Age table with threshold 15 (max threshold 15)
[2022-07-05T18:43:32.267+0000][8][gc,age      ] GC(370) - age   1:    1410792 bytes,    1410792 total
[2022-07-05T18:43:32.268+0000][8][gc,age      ] GC(370) - age   2:      12208 bytes,    1423000 total
[2022-07-05T18:43:32.268+0000][8][gc,age      ] GC(370) - age   3:        544 bytes,    1423544 total
[2022-07-05T18:43:32.269+0000][8][gc,age      ] GC(370) - age   4:       8264 bytes,    1431808 total
[2022-07-05T18:43:32.269+0000][8][gc,age      ] GC(370) - age   5:        384 bytes,    1432192 total
[2022-07-05T18:43:32.270+0000][8][gc,age      ] GC(370) - age   6:        184 bytes,    1432376 total
[2022-07-05T18:43:32.270+0000][8][gc,age      ] GC(370) - age   7:       1472 bytes,    1433848 total
[2022-07-05T18:43:32.271+0000][8][gc,age      ] GC(370) - age  10:        184 bytes,    1434032 total
[2022-07-05T18:43:32.271+0000][8][gc,age      ] GC(370) - age  11:       4880 bytes,    1438912 total
[2022-07-05T18:43:32.272+0000][8][gc,age      ] GC(370) - age  13:       4664 bytes,    1443576 total
[2022-07-05T18:43:32.273+0000][8][gc,age      ] GC(370) - age  14:        184 bytes,    1443760 total
[2022-07-05T18:43:32.273+0000][8][gc,age      ] GC(370) - age  15:         48 bytes,    1443808 total
[2022-07-05T18:43:32.274+0000][8][gc,heap     ] GC(370) Eden regions: 75->0(75)
[2022-07-05T18:43:32.275+0000][8][gc,heap     ] GC(370) Survivor regions: 1->1(10)
[2022-07-05T18:43:32.275+0000][8][gc,heap     ] GC(370) Old regions: 24->24
[2022-07-05T18:43:32.276+0000][8][gc,heap     ] GC(370) Archive regions: 2->2
[2022-07-05T18:43:32.276+0000][8][gc,heap     ] GC(370) Humongous regions: 0->0
[2022-07-05T18:43:32.277+0000][8][gc,metaspace] GC(370) Metaspace: 128682K(132096K)->128682K(132096K) NonClass: 111817K(113536K)->111817K(113536K) Class: 16864K(18560K)->16864K(18560K)
[2022-07-05T18:43:32.277+0000][8][gc          ] GC(370) Pause Young (Normal) (G1 Evacuation Pause) 397M->97M(512M) 22.638ms
[2022-07-05T18:43:32.278+0000][8][gc,cpu      ] GC(370) User=0.00s Sys=0.01s Real=0.03s
[2022-07-05T18:43:32.279+0000][8][safepoint   ] Safepoint "G1CollectForAllocation", Time since last: 86921501059 ns, Reaching safepoint: 256827 ns, At safepoint: 24007479 ns, Total: 24264306 ns
[2022-07-05T18:44:33.295+0000][8][safepoint   ] Safepoint "Cleanup", Time since last: 61058601746 ns, Reaching safepoint: 616057 ns, At safepoint: 150140 ns, Total: 766197 ns
[2022-07-05T18:44:53.248+0000][8][gc,start    ] GC(371) Pause Young (Normal) (G1 Evacuation Pause)
[2022-07-05T18:44:53.250+0000][8][gc,task     ] GC(371) Using 4 workers of 4 for evacuation
[2022-07-05T18:44:53.250+0000][8][gc,age      ] GC(371) Desired survivor size 20971520 bytes, new threshold 15 (max threshold 15)
[2022-07-05T18:44:53.256+0000][8][gc,phases   ] GC(371)   Pre Evacuate Collection Set: 0.2ms
[2022-07-05T18:44:53.257+0000][8][gc,phases   ] GC(371)   Merge Heap Roots: 0.2ms
[2022-07-05T18:44:53.257+0000][8][gc,phases   ] GC(371)   Evacuate Collection Set: 3.3ms
[2022-07-05T18:44:53.258+0000][8][gc,phases   ] GC(371)   Post Evacuate Collection Set: 1.3ms
[2022-07-05T18:44:53.258+0000][8][gc,phases   ] GC(371)   Other: 1.3ms
[2022-07-05T18:44:53.259+0000][8][gc,age      ] GC(371) Age table with threshold 15 (max threshold 15)
[2022-07-05T18:44:53.259+0000][8][gc,age      ] GC(371) - age   1:    1615064 bytes,    1615064 total
[2022-07-05T18:44:53.260+0000][8][gc,age      ] GC(371) - age   2:       1824 bytes,    1616888 total
[2022-07-05T18:44:53.261+0000][8][gc,age      ] GC(371) - age   3:      10624 bytes,    1627512 total
[2022-07-05T18:44:53.262+0000][8][gc,age      ] GC(371) - age   4:        248 bytes,    1627760 total
[2022-07-05T18:44:53.262+0000][8][gc,age      ] GC(371) - age   5:        184 bytes,    1627944 total
[2022-07-05T18:44:53.262+0000][8][gc,age      ] GC(371) - age   6:        384 bytes,    1628328 total
[2022-07-05T18:44:53.263+0000][8][gc,age      ] GC(371) - age   7:        184 bytes,    1628512 total
[2022-07-05T18:44:53.263+0000][8][gc,age      ] GC(371) - age   8:       1472 bytes,    1629984 total
[2022-07-05T18:44:53.264+0000][8][gc,age      ] GC(371) - age  11:        184 bytes,    1630168 total
[2022-07-05T18:44:53.264+0000][8][gc,age      ] GC(371) - age  12:       4880 bytes,    1635048 total
[2022-07-05T18:44:53.265+0000][8][gc,age      ] GC(371) - age  14:       4664 bytes,    1639712 total
[2022-07-05T18:44:53.265+0000][8][gc,age      ] GC(371) - age  15:        184 bytes,    1639896 total
[2022-07-05T18:44:53.266+0000][8][gc,heap     ] GC(371) Eden regions: 75->0(75)
[2022-07-05T18:44:53.266+0000][8][gc,heap     ] GC(371) Survivor regions: 1->1(10)
[2022-07-05T18:44:53.267+0000][8][gc,heap     ] GC(371) Old regions: 24->24
[2022-07-05T18:44:53.267+0000][8][gc,heap     ] GC(371) Archive regions: 2->2
[2022-07-05T18:44:53.268+0000][8][gc,heap     ] GC(371) Humongous regions: 0->0
[2022-07-05T18:44:53.268+0000][8][gc,metaspace] GC(371) Metaspace: 128682K(132096K)->128682K(132096K) NonClass: 111817K(113536K)->111817K(113536K) Class: 16864K(18560K)->16864K(18560K)
[2022-07-05T18:44:53.269+0000][8][gc          ] GC(371) Pause Young (Normal) (G1 Evacuation Pause) 397M->97M(512M) 20.706ms
[2022-07-05T18:44:53.269+0000][8][gc,cpu      ] GC(371) User=0.00s Sys=0.00s Real=0.02s
[2022-07-05T18:44:53.270+0000][8][safepoint   ] Safepoint "G1CollectForAllocation", Time since last: 19974976893 ns, Reaching safepoint: 115562 ns, At safepoint: 21820872 ns, Total: 21936434 ns
[2022-07-05T18:45:33.289+0000][8][safepoint   ] Safepoint "Cleanup", Time since last: 40040270191 ns, Reaching safepoint: 139184 ns, At safepoint: 53456 ns, Total: 192640 ns
[2022-07-05T18:46:21.945+0000][8][gc,start    ] GC(372) Pause Young (Normal) (G1 Evacuation Pause)
[2022-07-05T18:46:21.947+0000][8][gc,task     ] GC(372) Using 4 workers of 4 for evacuation
[2022-07-05T18:46:21.948+0000][8][gc,age      ] GC(372) Desired survivor size 20971520 bytes, new threshold 15 (max threshold 15)
[2022-07-05T18:46:21.952+0000][8][gc,phases   ] GC(372)   Pre Evacuate Collection Set: 0.2ms
[2022-07-05T18:46:21.952+0000][8][gc,phases   ] GC(372)   Merge Heap Roots: 0.0ms
[2022-07-05T18:46:21.953+0000][8][gc,phases   ] GC(372)   Evacuate Collection Set: 1.2ms
[2022-07-05T18:46:21.954+0000][8][gc,phases   ] GC(372)   Post Evacuate Collection Set: 1.1ms
[2022-07-05T18:46:21.954+0000][8][gc,phases   ] GC(372)   Other: 2.0ms
[2022-07-05T18:46:21.955+0000][8][gc,age      ] GC(372) Age table with threshold 15 (max threshold 15)
[2022-07-05T18:46:21.956+0000][8][gc,age      ] GC(372) - age   1:     312928 bytes,     312928 total
[2022-07-05T18:46:21.956+0000][8][gc,age      ] GC(372) - age   2:       1664 bytes,     314592 total
[2022-07-05T18:46:21.957+0000][8][gc,age      ] GC(372) - age   3:        416 bytes,     315008 total
[2022-07-05T18:46:21.958+0000][8][gc,age      ] GC(372) - age   4:       2312 bytes,     317320 total
[2022-07-05T18:46:21.959+0000][8][gc,age      ] GC(372) - age   5:        184 bytes,     317504 total
[2022-07-05T18:46:21.960+0000][8][gc,age      ] GC(372) - age   6:        184 bytes,     317688 total
[2022-07-05T18:46:21.961+0000][8][gc,age      ] GC(372) - age   7:        384 bytes,     318072 total
[2022-07-05T18:46:21.961+0000][8][gc,age      ] GC(372) - age   8:        184 bytes,     318256 total
[2022-07-05T18:46:21.962+0000][8][gc,age      ] GC(372) - age   9:       1472 bytes,     319728 total
[2022-07-05T18:46:21.963+0000][8][gc,age      ] GC(372) - age  12:        184 bytes,     319912 total
[2022-07-05T18:46:21.963+0000][8][gc,age      ] GC(372) - age  13:       4696 bytes,     324608 total
[2022-07-05T18:46:21.964+0000][8][gc,age      ] GC(372) - age  15:       4664 bytes,     329272 total
[2022-07-05T18:46:21.966+0000][8][gc,heap     ] GC(372) Eden regions: 75->0(75)
[2022-07-05T18:46:21.967+0000][8][gc,heap     ] GC(372) Survivor regions: 1->1(10)
[2022-07-05T18:46:21.968+0000][8][gc,heap     ] GC(372) Old regions: 24->24
[2022-07-05T18:46:21.968+0000][8][gc,heap     ] GC(372) Archive regions: 2->2
[2022-07-05T18:46:21.969+0000][8][gc,heap     ] GC(372) Humongous regions: 0->0
[2022-07-05T18:46:21.969+0000][8][gc,metaspace] GC(372) Metaspace: 128682K(132096K)->128682K(132096K) NonClass: 111817K(113536K)->111817K(113536K) Class: 16864K(18560K)->16864K(18560K)
[2022-07-05T18:46:21.970+0000][8][gc          ] GC(372) Pause Young (Normal) (G1 Evacuation Pause) 397M->96M(512M) 24.786ms
[2022-07-05T18:46:21.971+0000][8][gc,cpu      ] GC(372) User=0.00s Sys=0.00s Real=0.03s
[2022-07-05T18:46:21.972+0000][8][safepoint   ] Safepoint "G1CollectForAllocation", Time since last: 48700419356 ns, Reaching safepoint: 86876 ns, At safepoint: 26596290 ns, Total: 26683166 ns
[2022-07-05T18:47:33.007+0000][8][safepoint   ] Safepoint "Cleanup", Time since last: 71077045739 ns, Reaching safepoint: 196292 ns, At safepoint: 44757 ns, Total: 241049 ns
[2022-07-05T18:47:50.176+0000][8][gc,start    ] GC(373) Pause Young (Normal) (G1 Evacuation Pause)
[2022-07-05T18:47:50.178+0000][8][gc,task     ] GC(373) Using 4 workers of 4 for evacuation
[2022-07-05T18:47:50.179+0000][8][gc,age      ] GC(373) Desired survivor size 20971520 bytes, new threshold 15 (max threshold 15)
[2022-07-05T18:47:50.185+0000][8][gc,phases   ] GC(373)   Pre Evacuate Collection Set: 0.2ms
[2022-07-05T18:47:50.185+0000][8][gc,phases   ] GC(373)   Merge Heap Roots: 0.2ms
[2022-07-05T18:47:50.186+0000][8][gc,phases   ] GC(373)   Evacuate Collection Set: 2.1ms
[2022-07-05T18:47:50.187+0000][8][gc,phases   ] GC(373)   Post Evacuate Collection Set: 1.9ms
[2022-07-05T18:47:50.188+0000][8][gc,phases   ] GC(373)   Other: 2.2ms
[2022-07-05T18:47:50.188+0000][8][gc,age      ] GC(373) Age table with threshold 15 (max threshold 15)
[2022-07-05T18:47:50.189+0000][8][gc,age      ] GC(373) - age   1:    1753120 bytes,    1753120 total
[2022-07-05T18:47:50.189+0000][8][gc,age      ] GC(373) - age   2:       8624 bytes,    1761744 total
[2022-07-05T18:47:50.189+0000][8][gc,age      ] GC(373) - age   3:        312 bytes,    1762056 total
[2022-07-05T18:47:50.190+0000][8][gc,age      ] GC(373) - age   4:        320 bytes,    1762376 total
[2022-07-05T18:47:50.191+0000][8][gc,age      ] GC(373) - age   5:       2312 bytes,    1764688 total
[2022-07-05T18:47:50.191+0000][8][gc,age      ] GC(373) - age   6:        184 bytes,    1764872 total
[2022-07-05T18:47:50.192+0000][8][gc,age      ] GC(373) - age   7:        184 bytes,    1765056 total
[2022-07-05T18:47:50.193+0000][8][gc,age      ] GC(373) - age   8:        384 bytes,    1765440 total
[2022-07-05T18:47:50.193+0000][8][gc,age      ] GC(373) - age  10:       1472 bytes,    1766912 total
[2022-07-05T18:47:50.194+0000][8][gc,age      ] GC(373) - age  13:        184 bytes,    1767096 total
[2022-07-05T18:47:50.194+0000][8][gc,age      ] GC(373) - age  14:       4696 bytes,    1771792 total
[2022-07-05T18:47:50.195+0000][8][gc,heap     ] GC(373) Eden regions: 75->0(75)
[2022-07-05T18:47:50.196+0000][8][gc,heap     ] GC(373) Survivor regions: 1->1(10)
[2022-07-05T18:47:50.197+0000][8][gc,heap     ] GC(373) Old regions: 24->24
[2022-07-05T18:47:50.197+0000][8][gc,heap     ] GC(373) Archive regions: 2->2
[2022-07-05T18:47:50.198+0000][8][gc,heap     ] GC(373) Humongous regions: 0->0
[2022-07-05T18:47:50.199+0000][8][gc,metaspace] GC(373) Metaspace: 128682K(132096K)->128682K(132096K) NonClass: 111817K(113536K)->111817K(113536K) Class: 16864K(18560K)->16864K(18560K)
[2022-07-05T18:47:50.199+0000][8][gc          ] GC(373) Pause Young (Normal) (G1 Evacuation Pause) 396M->97M(512M) 23.070ms
[2022-07-05T18:47:50.200+0000][8][gc,cpu      ] GC(373) User=0.01s Sys=0.00s Real=0.02s
[2022-07-05T18:47:50.201+0000][8][safepoint   ] Safepoint "G1CollectForAllocation", Time since last: 17190435920 ns, Reaching safepoint: 123418 ns, At safepoint: 24468413 ns, Total: 24591831 ns
[2022-07-05T18:48:44.207+0000][8][safepoint   ] Safepoint "Cleanup", Time since last: 54049660635 ns, Reaching safepoint: 315455 ns, At safepoint: 48301 ns, Total: 363756 ns
[2022-07-05T18:49:14.164+0000][8][gc,start    ] GC(374) Pause Young (Normal) (G1 Evacuation Pause)
[2022-07-05T18:49:14.167+0000][8][gc,task     ] GC(374) Using 4 workers of 4 for evacuation
[2022-07-05T18:49:14.168+0000][8][gc,age      ] GC(374) Desired survivor size 20971520 bytes, new threshold 15 (max threshold 15)
[2022-07-05T18:49:14.173+0000][8][gc,phases   ] GC(374)   Pre Evacuate Collection Set: 0.2ms
[2022-07-05T18:49:14.174+0000][8][gc,phases   ] GC(374)   Merge Heap Roots: 0.1ms
[2022-07-05T18:49:14.175+0000][8][gc,phases   ] GC(374)   Evacuate Collection Set: 2.8ms
[2022-07-05T18:49:14.176+0000][8][gc,phases   ] GC(374)   Post Evacuate Collection Set: 1.3ms
[2022-07-05T18:49:14.176+0000][8][gc,phases   ] GC(374)   Other: 2.1ms
[2022-07-05T18:49:14.177+0000][8][gc,age      ] GC(374) Age table with threshold 15 (max threshold 15)
[2022-07-05T18:49:14.177+0000][8][gc,age      ] GC(374) - age   1:    1659840 bytes,    1659840 total
[2022-07-05T18:49:14.178+0000][8][gc,age      ] GC(374) - age   2:       2464 bytes,    1662304 total
[2022-07-05T18:49:14.179+0000][8][gc,age      ] GC(374) - age   3:       8200 bytes,    1670504 total
[2022-07-05T18:49:14.180+0000][8][gc,age      ] GC(374) - age   4:        312 bytes,    1670816 total
[2022-07-05T18:49:14.181+0000][8][gc,age      ] GC(374) - age   5:         24 bytes,    1670840 total
[2022-07-05T18:49:14.183+0000][8][gc,age      ] GC(374) - age   6:       2312 bytes,    1673152 total
[2022-07-05T18:49:14.184+0000][8][gc,age      ] GC(374) - age   7:        184 bytes,    1673336 total
[2022-07-05T18:49:14.184+0000][8][gc,age      ] GC(374) - age   8:         32 bytes,    1673368 total
[2022-07-05T18:49:14.185+0000][8][gc,age      ] GC(374) - age   9:        384 bytes,    1673752 total
[2022-07-05T18:49:14.185+0000][8][gc,age      ] GC(374) - age  11:       1472 bytes,    1675224 total
[2022-07-05T18:49:14.186+0000][8][gc,age      ] GC(374) - age  14:        184 bytes,    1675408 total
[2022-07-05T18:49:14.187+0000][8][gc,age      ] GC(374) - age  15:       4664 bytes,    1680072 total
[2022-07-05T18:49:14.187+0000][8][gc,heap     ] GC(374) Eden regions: 75->0(75)
[2022-07-05T18:49:14.188+0000][8][gc,heap     ] GC(374) Survivor regions: 1->1(10)
[2022-07-05T18:49:14.188+0000][8][gc,heap     ] GC(374) Old regions: 24->24
[2022-07-05T18:49:14.189+0000][8][gc,heap     ] GC(374) Archive regions: 2->2
[2022-07-05T18:49:14.190+0000][8][gc,heap     ] GC(374) Humongous regions: 0->0
[2022-07-05T18:49:14.190+0000][8][gc,metaspace] GC(374) Metaspace: 128684K(132096K)->128684K(132096K) NonClass: 111819K(113536K)->111819K(113536K) Class: 16864K(18560K)->16864K(18560K)
[2022-07-05T18:49:14.191+0000][8][gc          ] GC(374) Pause Young (Normal) (G1 Evacuation Pause) 397M->97M(512M) 26.798ms
[2022-07-05T18:49:14.192+0000][8][gc,cpu      ] GC(374) User=0.01s Sys=0.00s Real=0.03s
[2022-07-05T18:49:14.193+0000][8][safepoint   ] Safepoint "G1CollectForAllocation", Time since last: 29978588341 ns, Reaching safepoint: 169965 ns, At safepoint: 28311524 ns, Total: 28481489 ns
[2022-07-05T18:50:41.677+0000][8][gc,start    ] GC(375) Pause Young (Normal) (G1 Evacuation Pause)
[2022-07-05T18:50:41.682+0000][8][gc,task     ] GC(375) Using 4 workers of 4 for evacuation
[2022-07-05T18:50:41.683+0000][8][gc,age      ] GC(375) Desired survivor size 20971520 bytes, new threshold 15 (max threshold 15)
[2022-07-05T18:50:41.689+0000][8][gc,phases   ] GC(375)   Pre Evacuate Collection Set: 0.4ms
[2022-07-05T18:50:41.690+0000][8][gc,phases   ] GC(375)   Merge Heap Roots: 0.2ms
[2022-07-05T18:50:41.691+0000][8][gc,phases   ] GC(375)   Evacuate Collection Set: 3.4ms
[2022-07-05T18:50:41.691+0000][8][gc,phases   ] GC(375)   Post Evacuate Collection Set: 1.7ms
[2022-07-05T18:50:41.692+0000][8][gc,phases   ] GC(375)   Other: 2.0ms
[2022-07-05T18:50:41.693+0000][8][gc,age      ] GC(375) Age table with threshold 15 (max threshold 15)
[2022-07-05T18:50:41.696+0000][8][gc,age      ] GC(375) - age   1:    1638136 bytes,    1638136 total
[2022-07-05T18:50:41.696+0000][8][gc,age      ] GC(375) - age   2:       2336 bytes,    1640472 total
[2022-07-05T18:50:41.697+0000][8][gc,age      ] GC(375) - age   3:        872 bytes,    1641344 total
[2022-07-05T18:50:41.698+0000][8][gc,age      ] GC(375) - age   4:        184 bytes,    1641528 total
[2022-07-05T18:50:41.699+0000][8][gc,age      ] GC(375) - age   5:        184 bytes,    1641712 total
[2022-07-05T18:50:41.699+0000][8][gc,age      ] GC(375) - age   6:         24 bytes,    1641736 total
[2022-07-05T18:50:41.700+0000][8][gc,age      ] GC(375) - age   7:       2312 bytes,    1644048 total
[2022-07-05T18:50:41.701+0000][8][gc,age      ] GC(375) - age   8:        184 bytes,    1644232 total
[2022-07-05T18:50:41.702+0000][8][gc,age      ] GC(375) - age   9:         32 bytes,    1644264 total
[2022-07-05T18:50:41.702+0000][8][gc,age      ] GC(375) - age  10:        384 bytes,    1644648 total
[2022-07-05T18:50:41.703+0000][8][gc,age      ] GC(375) - age  12:       1472 bytes,    1646120 total
[2022-07-05T18:50:41.704+0000][8][gc,age      ] GC(375) - age  15:        184 bytes,    1646304 total
[2022-07-05T18:50:41.705+0000][8][gc,heap     ] GC(375) Eden regions: 75->0(75)
[2022-07-05T18:50:41.706+0000][8][gc,heap     ] GC(375) Survivor regions: 1->1(10)
[2022-07-05T18:50:41.707+0000][8][gc,heap     ] GC(375) Old regions: 24->24
[2022-07-05T18:50:41.707+0000][8][gc,heap     ] GC(375) Archive regions: 2->2
[2022-07-05T18:50:41.708+0000][8][gc,heap     ] GC(375) Humongous regions: 0->0
[2022-07-05T18:50:41.709+0000][8][gc,metaspace] GC(375) Metaspace: 128684K(132096K)->128684K(132096K) NonClass: 111819K(113536K)->111819K(113536K) Class: 16864K(18560K)->16864K(18560K)
[2022-07-05T18:50:41.709+0000][8][gc          ] GC(375) Pause Young (Normal) (G1 Evacuation Pause) 397M->97M(512M) 32.599ms
[2022-07-05T18:50:41.710+0000][8][gc,cpu      ] GC(375) User=0.01s Sys=0.00s Real=0.03s
[2022-07-05T18:50:41.711+0000][8][safepoint   ] Safepoint "G1CollectForAllocation", Time since last: 87548992241 ns, Reaching safepoint: 130170 ns, At safepoint: 34488734 ns, Total: 34618904 ns
[2022-07-05T18:52:08.080+0000][8][gc,start    ] GC(376) Pause Young (Normal) (G1 Evacuation Pause)
[2022-07-05T18:52:08.082+0000][8][gc,task     ] GC(376) Using 4 workers of 4 for evacuation
[2022-07-05T18:52:08.083+0000][8][gc,age      ] GC(376) Desired survivor size 20971520 bytes, new threshold 15 (max threshold 15)
[2022-07-05T18:52:08.088+0000][8][gc,phases   ] GC(376)   Pre Evacuate Collection Set: 0.2ms
[2022-07-05T18:52:08.091+0000][8][gc,phases   ] GC(376)   Merge Heap Roots: 0.1ms
[2022-07-05T18:52:08.092+0000][8][gc,phases   ] GC(376)   Evacuate Collection Set: 2.8ms
[2022-07-05T18:52:08.093+0000][8][gc,phases   ] GC(376)   Post Evacuate Collection Set: 1.1ms
[2022-07-05T18:52:08.093+0000][8][gc,phases   ] GC(376)   Other: 2.0ms
[2022-07-05T18:52:08.094+0000][8][gc,age      ] GC(376) Age table with threshold 15 (max threshold 15)
[2022-07-05T18:52:08.095+0000][8][gc,age      ] GC(376) - age   1:    1728536 bytes,    1728536 total
[2022-07-05T18:52:08.095+0000][8][gc,age      ] GC(376) - age   2:      10160 bytes,    1738696 total
[2022-07-05T18:52:08.095+0000][8][gc,age      ] GC(376) - age   3:        968 bytes,    1739664 total
[2022-07-05T18:52:08.096+0000][8][gc,age      ] GC(376) - age   4:        280 bytes,    1739944 total
[2022-07-05T18:52:08.096+0000][8][gc,age      ] GC(376) - age   6:        184 bytes,    1740128 total
[2022-07-05T18:52:08.097+0000][8][gc,age      ] GC(376) - age   8:        392 bytes,    1740520 total
[2022-07-05T18:52:08.097+0000][8][gc,age      ] GC(376) - age   9:        184 bytes,    1740704 total
[2022-07-05T18:52:08.098+0000][8][gc,age      ] GC(376) - age  10:         32 bytes,    1740736 total
[2022-07-05T18:52:08.098+0000][8][gc,age      ] GC(376) - age  11:        384 bytes,    1741120 total
[2022-07-05T18:52:08.099+0000][8][gc,age      ] GC(376) - age  13:       1472 bytes,    1742592 total
[2022-07-05T18:52:08.100+0000][8][gc,heap     ] GC(376) Eden regions: 75->0(75)
[2022-07-05T18:52:08.100+0000][8][gc,heap     ] GC(376) Survivor regions: 1->1(10)
[2022-07-05T18:52:08.101+0000][8][gc,heap     ] GC(376) Old regions: 24->24
[2022-07-05T18:52:08.102+0000][8][gc,heap     ] GC(376) Archive regions: 2->2
[2022-07-05T18:52:08.102+0000][8][gc,heap     ] GC(376) Humongous regions: 0->0
[2022-07-05T18:52:08.103+0000][8][gc,metaspace] GC(376) Metaspace: 128684K(132096K)->128684K(132096K) NonClass: 111819K(113536K)->111819K(113536K) Class: 16864K(18560K)->16864K(18560K)
[2022-07-05T18:52:08.104+0000][8][gc          ] GC(376) Pause Young (Normal) (G1 Evacuation Pause) 397M->97M(512M) 23.366ms
[2022-07-05T18:52:08.104+0000][8][gc,cpu      ] GC(376) User=0.01s Sys=0.00s Real=0.02s
[2022-07-05T18:52:08.105+0000][8][safepoint   ] Safepoint "G1CollectForAllocation", Time since last: 86434074549 ns, Reaching safepoint: 59524 ns, At safepoint: 24783022 ns, Total: 24842546 ns
[2022-07-05T18:53:32.284+0000][8][gc,start    ] GC(377) Pause Young (Normal) (G1 Evacuation Pause)
[2022-07-05T18:53:32.285+0000][8][gc,task     ] GC(377) Using 4 workers of 4 for evacuation
[2022-07-05T18:53:32.286+0000][8][gc,age      ] GC(377) Desired survivor size 20971520 bytes, new threshold 15 (max threshold 15)
[2022-07-05T18:53:32.292+0000][8][gc,phases   ] GC(377)   Pre Evacuate Collection Set: 0.2ms
[2022-07-05T18:53:32.293+0000][8][gc,phases   ] GC(377)   Merge Heap Roots: 0.1ms
[2022-07-05T18:53:32.294+0000][8][gc,phases   ] GC(377)   Evacuate Collection Set: 3.5ms
[2022-07-05T18:53:32.295+0000][8][gc,phases   ] GC(377)   Post Evacuate Collection Set: 1.0ms
[2022-07-05T18:53:32.295+0000][8][gc,phases   ] GC(377)   Other: 1.5ms
[2022-07-05T18:53:32.296+0000][8][gc,age      ] GC(377) Age table with threshold 15 (max threshold 15)
[2022-07-05T18:53:32.297+0000][8][gc,age      ] GC(377) - age   1:    1660424 bytes,    1660424 total
[2022-07-05T18:53:32.297+0000][8][gc,age      ] GC(377) - age   2:      11848 bytes,    1672272 total
[2022-07-05T18:53:32.298+0000][8][gc,age      ] GC(377) - age   3:       8200 bytes,    1680472 total
[2022-07-05T18:53:32.299+0000][8][gc,age      ] GC(377) - age   4:        936 bytes,    1681408 total
[2022-07-05T18:53:32.299+0000][8][gc,age      ] GC(377) - age   5:        184 bytes,    1681592 total
[2022-07-05T18:53:32.300+0000][8][gc,age      ] GC(377) - age   7:        184 bytes,    1681776 total
[2022-07-05T18:53:32.301+0000][8][gc,age      ] GC(377) - age   9:        392 bytes,    1682168 total
[2022-07-05T18:53:32.301+0000][8][gc,age      ] GC(377) - age  10:        184 bytes,    1682352 total
[2022-07-05T18:53:32.302+0000][8][gc,age      ] GC(377) - age  11:         32 bytes,    1682384 total
[2022-07-05T18:53:32.303+0000][8][gc,age      ] GC(377) - age  12:        384 bytes,    1682768 total
[2022-07-05T18:53:32.303+0000][8][gc,age      ] GC(377) - age  14:       1472 bytes,    1684240 total
[2022-07-05T18:53:32.304+0000][8][gc,heap     ] GC(377) Eden regions: 75->0(75)
[2022-07-05T18:53:32.305+0000][8][gc,heap     ] GC(377) Survivor regions: 1->1(10)
[2022-07-05T18:53:32.305+0000][8][gc,heap     ] GC(377) Old regions: 24->24
[2022-07-05T18:53:32.306+0000][8][gc,heap     ] GC(377) Archive regions: 2->2
[2022-07-05T18:53:32.307+0000][8][gc,heap     ] GC(377) Humongous regions: 0->0
[2022-07-05T18:53:32.308+0000][8][gc,metaspace] GC(377) Metaspace: 128684K(132096K)->128684K(132096K) NonClass: 111819K(113536K)->111819K(113536K) Class: 16864K(18560K)->16864K(18560K)
[2022-07-05T18:53:32.308+0000][8][gc          ] GC(377) Pause Young (Normal) (G1 Evacuation Pause) 397M->97M(512M) 24.466ms
[2022-07-05T18:53:32.309+0000][8][gc,cpu      ] GC(377) User=0.01s Sys=0.01s Real=0.03s
[2022-07-05T18:53:32.310+0000][8][safepoint   ] Safepoint "G1CollectForAllocation", Time since last: 84221299406 ns, Reaching safepoint: 238133 ns, At safepoint: 25926044 ns, Total: 26164177 ns
[2022-07-05T18:54:33.311+0000][8][safepoint   ] Safepoint "Cleanup", Time since last: 61065821419 ns, Reaching safepoint: 128203 ns, At safepoint: 55411 ns, Total: 183614 ns
[2022-07-05T18:54:58.286+0000][8][gc,start    ] GC(378) Pause Young (Normal) (G1 Evacuation Pause)
[2022-07-05T18:54:58.289+0000][8][gc,task     ] GC(378) Using 4 workers of 4 for evacuation
[2022-07-05T18:54:58.290+0000][8][gc,age      ] GC(378) Desired survivor size 20971520 bytes, new threshold 15 (max threshold 15)
[2022-07-05T18:54:58.295+0000][8][gc,phases   ] GC(378)   Pre Evacuate Collection Set: 0.3ms
[2022-07-05T18:54:58.296+0000][8][gc,phases   ] GC(378)   Merge Heap Roots: 0.1ms
[2022-07-05T18:54:58.297+0000][8][gc,phases   ] GC(378)   Evacuate Collection Set: 2.3ms
[2022-07-05T18:54:58.298+0000][8][gc,phases   ] GC(378)   Post Evacuate Collection Set: 1.1ms
[2022-07-05T18:54:58.299+0000][8][gc,phases   ] GC(378)   Other: 2.9ms
[2022-07-05T18:54:58.300+0000][8][gc,age      ] GC(378) Age table with threshold 15 (max threshold 15)
[2022-07-05T18:54:58.301+0000][8][gc,age      ] GC(378) - age   1:     479200 bytes,     479200 total
[2022-07-05T18:54:58.302+0000][8][gc,age      ] GC(378) - age   2:       1920 bytes,     481120 total
[2022-07-05T18:54:58.303+0000][8][gc,age      ] GC(378) - age   3:       2496 bytes,     483616 total
[2022-07-05T18:54:58.303+0000][8][gc,age      ] GC(378) - age   4:       8200 bytes,     491816 total
[2022-07-05T18:54:58.304+0000][8][gc,age      ] GC(378) - age   5:        640 bytes,     492456 total
[2022-07-05T18:54:58.305+0000][8][gc,age      ] GC(378) - age   6:        184 bytes,     492640 total
[2022-07-05T18:54:58.305+0000][8][gc,age      ] GC(378) - age   8:        184 bytes,     492824 total
[2022-07-05T18:54:58.306+0000][8][gc,age      ] GC(378) - age  10:        392 bytes,     493216 total
[2022-07-05T18:54:58.307+0000][8][gc,age      ] GC(378) - age  11:        184 bytes,     493400 total
[2022-07-05T18:54:58.308+0000][8][gc,age      ] GC(378) - age  12:         32 bytes,     493432 total
[2022-07-05T18:54:58.308+0000][8][gc,age      ] GC(378) - age  13:        384 bytes,     493816 total
[2022-07-05T18:54:58.309+0000][8][gc,age      ] GC(378) - age  15:       1472 bytes,     495288 total
[2022-07-05T18:54:58.309+0000][8][gc,heap     ] GC(378) Eden regions: 75->0(75)
[2022-07-05T18:54:58.310+0000][8][gc,heap     ] GC(378) Survivor regions: 1->1(10)
[2022-07-05T18:54:58.311+0000][8][gc,heap     ] GC(378) Old regions: 24->24
[2022-07-05T18:54:58.311+0000][8][gc,heap     ] GC(378) Archive regions: 2->2
[2022-07-05T18:54:58.312+0000][8][gc,heap     ] GC(378) Humongous regions: 0->0
[2022-07-05T18:54:58.313+0000][8][gc,metaspace] GC(378) Metaspace: 128684K(132096K)->128684K(132096K) NonClass: 111819K(113536K)->111819K(113536K) Class: 16864K(18560K)->16864K(18560K)
[2022-07-05T18:54:58.313+0000][8][gc          ] GC(378) Pause Young (Normal) (G1 Evacuation Pause) 397M->96M(512M) 27.444ms
[2022-07-05T18:54:58.314+0000][8][gc,cpu      ] GC(378) User=0.00s Sys=0.01s Real=0.03s
[2022-07-05T18:54:58.315+0000][8][safepoint   ] Safepoint "G1CollectForAllocation", Time since last: 24975027879 ns, Reaching safepoint: 85121 ns, At safepoint: 28947218 ns, Total: 29032339 ns
[2022-07-05T18:56:26.927+0000][8][gc,start    ] GC(379) Pause Young (Normal) (G1 Evacuation Pause)
[2022-07-05T18:56:26.928+0000][8][gc,task     ] GC(379) Using 4 workers of 4 for evacuation
[2022-07-05T18:56:26.929+0000][8][gc,age      ] GC(379) Desired survivor size 20971520 bytes, new threshold 15 (max threshold 15)
[2022-07-05T18:56:26.934+0000][8][gc,phases   ] GC(379)   Pre Evacuate Collection Set: 0.2ms
[2022-07-05T18:56:26.935+0000][8][gc,phases   ] GC(379)   Merge Heap Roots: 0.1ms
[2022-07-05T18:56:26.935+0000][8][gc,phases   ] GC(379)   Evacuate Collection Set: 2.7ms
[2022-07-05T18:56:26.936+0000][8][gc,phases   ] GC(379)   Post Evacuate Collection Set: 1.0ms
[2022-07-05T18:56:26.936+0000][8][gc,phases   ] GC(379)   Other: 1.7ms
[2022-07-05T18:56:26.937+0000][8][gc,age      ] GC(379) Age table with threshold 15 (max threshold 15)
[2022-07-05T18:56:26.937+0000][8][gc,age      ] GC(379) - age   1:    1783856 bytes,    1783856 total
[2022-07-05T18:56:26.939+0000][8][gc,age      ] GC(379) - age   2:        736 bytes,    1784592 total
[2022-07-05T18:56:26.940+0000][8][gc,age      ] GC(379) - age   3:        152 bytes,    1784744 total
[2022-07-05T18:56:26.940+0000][8][gc,age      ] GC(379) - age   4:       2496 bytes,    1787240 total
[2022-07-05T18:56:26.941+0000][8][gc,age      ] GC(379) - age   5:       8200 bytes,    1795440 total
[2022-07-05T18:56:26.942+0000][8][gc,age      ] GC(379) - age   6:        640 bytes,    1796080 total
[2022-07-05T18:56:26.942+0000][8][gc,age      ] GC(379) - age   7:        184 bytes,    1796264 total
[2022-07-05T18:56:26.943+0000][8][gc,age      ] GC(379) - age   9:        184 bytes,    1796448 total
[2022-07-05T18:56:26.943+0000][8][gc,age      ] GC(379) - age  11:        392 bytes,    1796840 total
[2022-07-05T18:56:26.944+0000][8][gc,age      ] GC(379) - age  13:         32 bytes,    1796872 total
[2022-07-05T18:56:26.945+0000][8][gc,age      ] GC(379) - age  14:        384 bytes,    1797256 total
[2022-07-05T18:56:26.946+0000][8][gc,heap     ] GC(379) Eden regions: 75->0(75)
[2022-07-05T18:56:26.946+0000][8][gc,heap     ] GC(379) Survivor regions: 1->1(10)
[2022-07-05T18:56:26.947+0000][8][gc,heap     ] GC(379) Old regions: 24->24
[2022-07-05T18:56:26.948+0000][8][gc,heap     ] GC(379) Archive regions: 2->2
[2022-07-05T18:56:26.948+0000][8][gc,heap     ] GC(379) Humongous regions: 0->0
[2022-07-05T18:56:26.949+0000][8][gc,metaspace] GC(379) Metaspace: 128684K(132096K)->128684K(132096K) NonClass: 111819K(113536K)->111819K(113536K) Class: 16864K(18560K)->16864K(18560K)
[2022-07-05T18:56:26.949+0000][8][gc          ] GC(379) Pause Young (Normal) (G1 Evacuation Pause) 396M->97M(512M) 22.184ms
[2022-07-05T18:56:26.950+0000][8][gc,cpu      ] GC(379) User=0.01s Sys=0.00s Real=0.02s
[2022-07-05T18:56:26.951+0000][8][safepoint   ] Safepoint "G1CollectForAllocation", Time since last: 88677511987 ns, Reaching safepoint: 87094 ns, At safepoint: 23692473 ns, Total: 23779567 ns
[2022-07-05T18:57:53.176+0000][8][gc,start    ] GC(380) Pause Young (Normal) (G1 Evacuation Pause)
[2022-07-05T18:57:53.178+0000][8][gc,task     ] GC(380) Using 4 workers of 4 for evacuation
[2022-07-05T18:57:53.179+0000][8][gc,age      ] GC(380) Desired survivor size 20971520 bytes, new threshold 15 (max threshold 15)
[2022-07-05T18:57:53.185+0000][8][gc,phases   ] GC(380)   Pre Evacuate Collection Set: 0.3ms
[2022-07-05T18:57:53.186+0000][8][gc,phases   ] GC(380)   Merge Heap Roots: 0.1ms
[2022-07-05T18:57:53.187+0000][8][gc,phases   ] GC(380)   Evacuate Collection Set: 2.6ms
[2022-07-05T18:57:53.187+0000][8][gc,phases   ] GC(380)   Post Evacuate Collection Set: 1.8ms
[2022-07-05T18:57:53.188+0000][8][gc,phases   ] GC(380)   Other: 1.7ms
[2022-07-05T18:57:53.189+0000][8][gc,age      ] GC(380) Age table with threshold 15 (max threshold 15)
[2022-07-05T18:57:53.189+0000][8][gc,age      ] GC(380) - age   1:    1619504 bytes,    1619504 total
[2022-07-05T18:57:53.190+0000][8][gc,age      ] GC(380) - age   2:       2232 bytes,    1621736 total
[2022-07-05T18:57:53.191+0000][8][gc,age      ] GC(380) - age   3:        480 bytes,    1622216 total
[2022-07-05T18:57:53.191+0000][8][gc,age      ] GC(380) - age   4:         56 bytes,    1622272 total
[2022-07-05T18:57:53.192+0000][8][gc,age      ] GC(380) - age   5:       2200 bytes,    1624472 total
[2022-07-05T18:57:53.193+0000][8][gc,age      ] GC(380) - age   6:       8016 bytes,    1632488 total
[2022-07-05T18:57:53.194+0000][8][gc,age      ] GC(380) - age   7:        640 bytes,    1633128 total
[2022-07-05T18:57:53.195+0000][8][gc,age      ] GC(380) - age   8:        184 bytes,    1633312 total
[2022-07-05T18:57:53.195+0000][8][gc,age      ] GC(380) - age  10:        184 bytes,    1633496 total
[2022-07-05T18:57:53.196+0000][8][gc,age      ] GC(380) - age  14:         32 bytes,    1633528 total
[2022-07-05T18:57:53.197+0000][8][gc,heap     ] GC(380) Eden regions: 75->0(75)
[2022-07-05T18:57:53.197+0000][8][gc,heap     ] GC(380) Survivor regions: 1->1(10)
[2022-07-05T18:57:53.198+0000][8][gc,heap     ] GC(380) Old regions: 24->24
[2022-07-05T18:57:53.199+0000][8][gc,heap     ] GC(380) Archive regions: 2->2
[2022-07-05T18:57:53.201+0000][8][gc,heap     ] GC(380) Humongous regions: 0->0
[2022-07-05T18:57:53.202+0000][8][gc,metaspace] GC(380) Metaspace: 128684K(132096K)->128684K(132096K) NonClass: 111819K(113536K)->111819K(113536K) Class: 16864K(18560K)->16864K(18560K)
[2022-07-05T18:57:53.203+0000][8][gc          ] GC(380) Pause Young (Normal) (G1 Evacuation Pause) 397M->97M(512M) 26.906ms
[2022-07-05T18:57:53.204+0000][8][gc,cpu      ] GC(380) User=0.01s Sys=0.00s Real=0.03s
[2022-07-05T18:57:53.205+0000][8][safepoint   ] Safepoint "G1CollectForAllocation", Time since last: 86288729864 ns, Reaching safepoint: 467687 ns, At safepoint: 29007157 ns, Total: 29474844 ns
[2022-07-05T18:58:44.210+0000][8][safepoint   ] Safepoint "Cleanup", Time since last: 51047876566 ns, Reaching safepoint: 152411 ns, At safepoint: 10032 ns, Total: 162443 ns
[2022-07-05T18:59:17.532+0000][8][gc,start    ] GC(381) Pause Young (Normal) (G1 Evacuation Pause)
[2022-07-05T18:59:17.537+0000][8][gc,task     ] GC(381) Using 4 workers of 4 for evacuation
[2022-07-05T18:59:17.538+0000][8][gc,age      ] GC(381) Desired survivor size 20971520 bytes, new threshold 15 (max threshold 15)
[2022-07-05T18:59:17.543+0000][8][gc,phases   ] GC(381)   Pre Evacuate Collection Set: 0.2ms
[2022-07-05T18:59:17.544+0000][8][gc,phases   ] GC(381)   Merge Heap Roots: 0.1ms
[2022-07-05T18:59:17.545+0000][8][gc,phases   ] GC(381)   Evacuate Collection Set: 2.8ms
[2022-07-05T18:59:17.545+0000][8][gc,phases   ] GC(381)   Post Evacuate Collection Set: 1.2ms
[2022-07-05T18:59:17.546+0000][8][gc,phases   ] GC(381)   Other: 2.1ms
[2022-07-05T18:59:17.546+0000][8][gc,age      ] GC(381) Age table with threshold 15 (max threshold 15)
[2022-07-05T18:59:17.547+0000][8][gc,age      ] GC(381) - age   1:    1394624 bytes,    1394624 total
[2022-07-05T18:59:17.548+0000][8][gc,age      ] GC(381) - age   2:      10704 bytes,    1405328 total
[2022-07-05T18:59:17.548+0000][8][gc,age      ] GC(381) - age   3:        504 bytes,    1405832 total
[2022-07-05T18:59:17.549+0000][8][gc,age      ] GC(381) - age   4:        184 bytes,    1406016 total
[2022-07-05T18:59:17.549+0000][8][gc,age      ] GC(381) - age   5:         32 bytes,    1406048 total
[2022-07-05T18:59:17.550+0000][8][gc,age      ] GC(381) - age   6:       2200 bytes,    1408248 total
[2022-07-05T18:59:17.551+0000][8][gc,age      ] GC(381) - age   8:        464 bytes,    1408712 total
[2022-07-05T18:59:17.551+0000][8][gc,age      ] GC(381) - age   9:        184 bytes,    1408896 total
[2022-07-05T18:59:17.552+0000][8][gc,age      ] GC(381) - age  11:        184 bytes,    1409080 total
[2022-07-05T18:59:17.552+0000][8][gc,heap     ] GC(381) Eden regions: 75->0(75)
[2022-07-05T18:59:17.553+0000][8][gc,heap     ] GC(381) Survivor regions: 1->1(10)
[2022-07-05T18:59:17.554+0000][8][gc,heap     ] GC(381) Old regions: 24->24
[2022-07-05T18:59:17.554+0000][8][gc,heap     ] GC(381) Archive regions: 2->2
[2022-07-05T18:59:17.555+0000][8][gc,heap     ] GC(381) Humongous regions: 0->0
[2022-07-05T18:59:17.556+0000][8][gc,metaspace] GC(381) Metaspace: 128687K(132096K)->128687K(132096K) NonClass: 111822K(113536K)->111822K(113536K) Class: 16864K(18560K)->16864K(18560K)
[2022-07-05T18:59:17.556+0000][8][gc          ] GC(381) Pause Young (Normal) (G1 Evacuation Pause) 397M->97M(512M) 23.959ms
[2022-07-05T18:59:17.557+0000][8][gc,cpu      ] GC(381) User=0.01s Sys=0.00s Real=0.03s
[2022-07-05T18:59:17.557+0000][8][safepoint   ] Safepoint "G1CollectForAllocation", Time since last: 33344355971 ns, Reaching safepoint: 124198 ns, At safepoint: 25141247 ns, Total: 25265445 ns
[2022-07-05T19:00:47.103+0000][8][gc,start    ] GC(382) Pause Young (Normal) (G1 Evacuation Pause)
[2022-07-05T19:00:47.105+0000][8][gc,task     ] GC(382) Using 4 workers of 4 for evacuation
[2022-07-05T19:00:47.109+0000][8][gc,age      ] GC(382) Desired survivor size 20971520 bytes, new threshold 15 (max threshold 15)
[2022-07-05T19:00:47.115+0000][8][gc,phases   ] GC(382)   Pre Evacuate Collection Set: 0.3ms
[2022-07-05T19:00:47.116+0000][8][gc,phases   ] GC(382)   Merge Heap Roots: 0.2ms
[2022-07-05T19:00:47.117+0000][8][gc,phases   ] GC(382)   Evacuate Collection Set: 2.6ms
[2022-07-05T19:00:47.118+0000][8][gc,phases   ] GC(382)   Post Evacuate Collection Set: 1.3ms
[2022-07-05T19:00:47.119+0000][8][gc,phases   ] GC(382)   Other: 5.5ms
[2022-07-05T19:00:47.119+0000][8][gc,age      ] GC(382) Age table with threshold 15 (max threshold 15)
[2022-07-05T19:00:47.120+0000][8][gc,age      ] GC(382) - age   1:    1392368 bytes,    1392368 total
[2022-07-05T19:00:47.120+0000][8][gc,age      ] GC(382) - age   2:       9568 bytes,    1401936 total
[2022-07-05T19:00:47.121+0000][8][gc,age      ] GC(382) - age   3:       1352 bytes,    1403288 total
[2022-07-05T19:00:47.122+0000][8][gc,age      ] GC(382) - age   4:        184 bytes,    1403472 total
[2022-07-05T19:00:47.122+0000][8][gc,age      ] GC(382) - age   5:        184 bytes,    1403656 total
[2022-07-05T19:00:47.123+0000][8][gc,age      ] GC(382) - age   6:         32 bytes,    1403688 total
[2022-07-05T19:00:47.123+0000][8][gc,age      ] GC(382) - age   7:       2200 bytes,    1405888 total
[2022-07-05T19:00:47.124+0000][8][gc,age      ] GC(382) - age   9:        464 bytes,    1406352 total
[2022-07-05T19:00:47.125+0000][8][gc,age      ] GC(382) - age  10:        184 bytes,    1406536 total
[2022-07-05T19:00:47.125+0000][8][gc,age      ] GC(382) - age  12:        184 bytes,    1406720 total
[2022-07-05T19:00:47.126+0000][8][gc,heap     ] GC(382) Eden regions: 75->0(75)
[2022-07-05T19:00:47.127+0000][8][gc,heap     ] GC(382) Survivor regions: 1->1(10)
[2022-07-05T19:00:47.127+0000][8][gc,heap     ] GC(382) Old regions: 24->24
[2022-07-05T19:00:47.128+0000][8][gc,heap     ] GC(382) Archive regions: 2->2
[2022-07-05T19:00:47.128+0000][8][gc,heap     ] GC(382) Humongous regions: 0->0
[2022-07-05T19:00:47.129+0000][8][gc,metaspace] GC(382) Metaspace: 128687K(132096K)->128687K(132096K) NonClass: 111822K(113536K)->111822K(113536K) Class: 16864K(18560K)->16864K(18560K)
[2022-07-05T19:00:47.130+0000][8][gc          ] GC(382) Pause Young (Normal) (G1 Evacuation Pause) 397M->97M(512M) 26.603ms
[2022-07-05T19:00:47.130+0000][8][gc,cpu      ] GC(382) User=0.00s Sys=0.00s Real=0.02s
[2022-07-05T19:00:47.131+0000][8][safepoint   ] Safepoint "G1CollectForAllocation", Time since last: 89610425589 ns, Reaching safepoint: 157152 ns, At safepoint: 28015233 ns, Total: 28172385 ns
[2022-07-05T19:02:32.103+0000][8][gc,start    ] GC(383) Pause Young (Normal) (G1 Evacuation Pause)
[2022-07-05T19:02:32.104+0000][8][gc,task     ] GC(383) Using 4 workers of 4 for evacuation
[2022-07-05T19:02:32.105+0000][8][gc,age      ] GC(383) Desired survivor size 20971520 bytes, new threshold 15 (max threshold 15)
[2022-07-05T19:02:32.108+0000][8][gc,phases   ] GC(383)   Pre Evacuate Collection Set: 0.2ms
[2022-07-05T19:02:32.109+0000][8][gc,phases   ] GC(383)   Merge Heap Roots: 0.1ms
[2022-07-05T19:02:32.110+0000][8][gc,phases   ] GC(383)   Evacuate Collection Set: 1.4ms
[2022-07-05T19:02:32.110+0000][8][gc,phases   ] GC(383)   Post Evacuate Collection Set: 1.2ms
[2022-07-05T19:02:32.111+0000][8][gc,phases   ] GC(383)   Other: 1.5ms
[2022-07-05T19:02:32.112+0000][8][gc,age      ] GC(383) Age table with threshold 15 (max threshold 15)
[2022-07-05T19:02:32.112+0000][8][gc,age      ] GC(383) - age   1:     668832 bytes,     668832 total
[2022-07-05T19:02:32.113+0000][8][gc,age      ] GC(383) - age   2:       9232 bytes,     678064 total
[2022-07-05T19:02:32.114+0000][8][gc,age      ] GC(383) - age   3:       8456 bytes,     686520 total
[2022-07-05T19:02:32.114+0000][8][gc,age      ] GC(383) - age   4:       1352 bytes,     687872 total
[2022-07-05T19:02:32.115+0000][8][gc,age      ] GC(383) - age   5:        184 bytes,     688056 total
[2022-07-05T19:02:32.116+0000][8][gc,age      ] GC(383) - age   6:        184 bytes,     688240 total
[2022-07-05T19:02:32.116+0000][8][gc,age      ] GC(383) - age   7:         32 bytes,     688272 total
[2022-07-05T19:02:32.117+0000][8][gc,age      ] GC(383) - age   8:        280 bytes,     688552 total
[2022-07-05T19:02:32.118+0000][8][gc,age      ] GC(383) - age  10:        464 bytes,     689016 total
[2022-07-05T19:02:32.119+0000][8][gc,age      ] GC(383) - age  11:        184 bytes,     689200 total
[2022-07-05T19:02:32.119+0000][8][gc,age      ] GC(383) - age  13:        184 bytes,     689384 total
[2022-07-05T19:02:32.120+0000][8][gc,heap     ] GC(383) Eden regions: 75->0(75)
[2022-07-05T19:02:32.121+0000][8][gc,heap     ] GC(383) Survivor regions: 1->1(10)
[2022-07-05T19:02:32.121+0000][8][gc,heap     ] GC(383) Old regions: 24->24
[2022-07-05T19:02:32.122+0000][8][gc,heap     ] GC(383) Archive regions: 2->2
[2022-07-05T19:02:32.123+0000][8][gc,heap     ] GC(383) Humongous regions: 0->0
[2022-07-05T19:02:32.123+0000][8][gc,metaspace] GC(383) Metaspace: 128687K(132096K)->128687K(132096K) NonClass: 111822K(113536K)->111822K(113536K) Class: 16864K(18560K)->16864K(18560K)
[2022-07-05T19:02:32.124+0000][8][gc          ] GC(383) Pause Young (Normal) (G1 Evacuation Pause) 397M->96M(512M) 21.339ms
[2022-07-05T19:02:32.125+0000][8][gc,cpu      ] GC(383) User=0.01s Sys=0.00s Real=0.02s
[2022-07-05T19:02:32.126+0000][8][safepoint   ] Safepoint "G1CollectForAllocation", Time since last: 105036488103 ns, Reaching safepoint: 101758 ns, At safepoint: 22895809 ns, Total: 22997567 ns
[2022-07-05T19:04:23.130+0000][8][gc,start    ] GC(384) Pause Young (Normal) (G1 Evacuation Pause)
[2022-07-05T19:04:23.131+0000][8][gc,task     ] GC(384) Using 4 workers of 4 for evacuation
[2022-07-05T19:04:23.132+0000][8][gc,age      ] GC(384) Desired survivor size 20971520 bytes, new threshold 15 (max threshold 15)
[2022-07-05T19:04:23.139+0000][8][gc,phases   ] GC(384)   Pre Evacuate Collection Set: 0.3ms
[2022-07-05T19:04:23.140+0000][8][gc,phases   ] GC(384)   Merge Heap Roots: 0.2ms
[2022-07-05T19:04:23.141+0000][8][gc,phases   ] GC(384)   Evacuate Collection Set: 3.4ms
[2022-07-05T19:04:23.142+0000][8][gc,phases   ] GC(384)   Post Evacuate Collection Set: 1.6ms
[2022-07-05T19:04:23.142+0000][8][gc,phases   ] GC(384)   Other: 2.6ms
[2022-07-05T19:04:23.143+0000][8][gc,age      ] GC(384) Age table with threshold 15 (max threshold 15)
[2022-07-05T19:04:23.143+0000][8][gc,age      ] GC(384) - age   1:    1048144 bytes,    1048144 total
[2022-07-05T19:04:23.144+0000][8][gc,age      ] GC(384) - age   2:       3336 bytes,    1051480 total
[2022-07-05T19:04:23.145+0000][8][gc,age      ] GC(384) - age   3:       8080 bytes,    1059560 total
[2022-07-05T19:04:23.145+0000][8][gc,age      ] GC(384) - age   4:        376 bytes,    1059936 total
[2022-07-05T19:04:23.146+0000][8][gc,age      ] GC(384) - age   5:        960 bytes,    1060896 total
[2022-07-05T19:04:23.146+0000][8][gc,age      ] GC(384) - age   6:        184 bytes,    1061080 total
[2022-07-05T19:04:23.147+0000][8][gc,age      ] GC(384) - age   7:        184 bytes,    1061264 total
[2022-07-05T19:04:23.147+0000][8][gc,age      ] GC(384) - age   8:         32 bytes,    1061296 total
[2022-07-05T19:04:23.148+0000][8][gc,age      ] GC(384) - age   9:        280 bytes,    1061576 total
[2022-07-05T19:04:23.149+0000][8][gc,age      ] GC(384) - age  11:        464 bytes,    1062040 total
[2022-07-05T19:04:23.149+0000][8][gc,age      ] GC(384) - age  12:        184 bytes,    1062224 total
[2022-07-05T19:04:23.150+0000][8][gc,heap     ] GC(384) Eden regions: 75->0(75)
[2022-07-05T19:04:23.150+0000][8][gc,heap     ] GC(384) Survivor regions: 1->1(10)
[2022-07-05T19:04:23.151+0000][8][gc,heap     ] GC(384) Old regions: 24->24
[2022-07-05T19:04:23.152+0000][8][gc,heap     ] GC(384) Archive regions: 2->2
[2022-07-05T19:04:23.152+0000][8][gc,heap     ] GC(384) Humongous regions: 0->0
[2022-07-05T19:04:23.153+0000][8][gc,metaspace] GC(384) Metaspace: 128687K(132096K)->128687K(132096K) NonClass: 111822K(113536K)->111822K(113536K) Class: 16864K(18560K)->16864K(18560K)
[2022-07-05T19:04:23.153+0000][8][gc          ] GC(384) Pause Young (Normal) (G1 Evacuation Pause) 396M->97M(512M) 23.441ms
[2022-07-05T19:04:23.154+0000][8][gc,cpu      ] GC(384) User=0.01s Sys=0.00s Real=0.02s
[2022-07-05T19:04:23.155+0000][8][safepoint   ] Safepoint "G1CollectForAllocation", Time since last: 111090208433 ns, Reaching safepoint: 203864 ns, At safepoint: 25605118 ns, Total: 25808982 ns
[2022-07-05T19:06:11.717+0000][8][gc,start    ] GC(385) Pause Young (Normal) (G1 Evacuation Pause)
[2022-07-05T19:06:11.719+0000][8][gc,task     ] GC(385) Using 4 workers of 4 for evacuation
[2022-07-05T19:06:11.719+0000][8][gc,age      ] GC(385) Desired survivor size 20971520 bytes, new threshold 15 (max threshold 15)
[2022-07-05T19:06:11.724+0000][8][gc,phases   ] GC(385)   Pre Evacuate Collection Set: 0.2ms
[2022-07-05T19:06:11.725+0000][8][gc,phases   ] GC(385)   Merge Heap Roots: 0.2ms
[2022-07-05T19:06:11.725+0000][8][gc,phases   ] GC(385)   Evacuate Collection Set: 2.1ms
[2022-07-05T19:06:11.726+0000][8][gc,phases   ] GC(385)   Post Evacuate Collection Set: 1.1ms
[2022-07-05T19:06:11.726+0000][8][gc,phases   ] GC(385)   Other: 1.7ms
[2022-07-05T19:06:11.727+0000][8][gc,age      ] GC(385) Age table with threshold 15 (max threshold 15)
[2022-07-05T19:06:11.727+0000][8][gc,age      ] GC(385) - age   1:    1659256 bytes,    1659256 total
[2022-07-05T19:06:11.728+0000][8][gc,age      ] GC(385) - age   2:       9672 bytes,    1668928 total
[2022-07-05T19:06:11.729+0000][8][gc,age      ] GC(385) - age   3:       2168 bytes,    1671096 total
[2022-07-05T19:06:11.729+0000][8][gc,age      ] GC(385) - age   4:         64 bytes,    1671160 total
[2022-07-05T19:06:11.730+0000][8][gc,age      ] GC(385) - age   5:        376 bytes,    1671536 total
[2022-07-05T19:06:11.730+0000][8][gc,age      ] GC(385) - age   6:        960 bytes,    1672496 total
[2022-07-05T19:06:11.731+0000][8][gc,age      ] GC(385) - age   7:        184 bytes,    1672680 total
[2022-07-05T19:06:11.732+0000][8][gc,age      ] GC(385) - age   8:        184 bytes,    1672864 total
[2022-07-05T19:06:11.732+0000][8][gc,age      ] GC(385) - age   9:         32 bytes,    1672896 total
[2022-07-05T19:06:11.733+0000][8][gc,age      ] GC(385) - age  10:        280 bytes,    1673176 total
[2022-07-05T19:06:11.733+0000][8][gc,age      ] GC(385) - age  12:        464 bytes,    1673640 total
[2022-07-05T19:06:11.734+0000][8][gc,age      ] GC(385) - age  13:        184 bytes,    1673824 total
[2022-07-05T19:06:11.734+0000][8][gc,heap     ] GC(385) Eden regions: 75->0(75)
[2022-07-05T19:06:11.735+0000][8][gc,heap     ] GC(385) Survivor regions: 1->1(10)
[2022-07-05T19:06:11.736+0000][8][gc,heap     ] GC(385) Old regions: 24->24
[2022-07-05T19:06:11.736+0000][8][gc,heap     ] GC(385) Archive regions: 2->2
[2022-07-05T19:06:11.737+0000][8][gc,heap     ] GC(385) Humongous regions: 0->0
[2022-07-05T19:06:11.737+0000][8][gc,metaspace] GC(385) Metaspace: 128687K(132096K)->128687K(132096K) NonClass: 111822K(113536K)->111822K(113536K) Class: 16864K(18560K)->16864K(18560K)
[2022-07-05T19:06:11.738+0000][8][gc          ] GC(385) Pause Young (Normal) (G1 Evacuation Pause) 397M->97M(512M) 20.682ms
[2022-07-05T19:06:11.739+0000][8][gc,cpu      ] GC(385) User=0.01s Sys=0.01s Real=0.02s
[2022-07-05T19:06:11.740+0000][8][safepoint   ] Safepoint "G1CollectForAllocation", Time since last: 108648788841 ns, Reaching safepoint: 112896 ns, At safepoint: 22090348 ns, Total: 22203244 ns
[2022-07-05T19:10:27.003+0000][8][safepoint   ] Safepoint "Cleanup", Time since last: 255847944271 ns, Reaching safepoint: 294723 ns, At safepoint: 31862 ns, Total: 326585 ns
[2022-07-05T19:11:14.288+0000][8][gc,start    ] GC(386) Pause Young (Normal) (G1 Evacuation Pause)
[2022-07-05T19:11:14.290+0000][8][gc,task     ] GC(386) Using 4 workers of 4 for evacuation
[2022-07-05T19:11:14.291+0000][8][gc,age      ] GC(386) Desired survivor size 20971520 bytes, new threshold 15 (max threshold 15)
[2022-07-05T19:11:14.295+0000][8][gc,phases   ] GC(386)   Pre Evacuate Collection Set: 0.3ms
[2022-07-05T19:11:14.296+0000][8][gc,phases   ] GC(386)   Merge Heap Roots: 0.2ms
[2022-07-05T19:11:14.299+0000][8][gc,phases   ] GC(386)   Evacuate Collection Set: 1.6ms
[2022-07-05T19:11:14.300+0000][8][gc,phases   ] GC(386)   Post Evacuate Collection Set: 1.2ms
[2022-07-05T19:11:14.303+0000][8][gc,phases   ] GC(386)   Other: 1.8ms
[2022-07-05T19:11:14.303+0000][8][gc,age      ] GC(386) Age table with threshold 15 (max threshold 15)
[2022-07-05T19:11:14.304+0000][8][gc,age      ] GC(386) - age   1:     716752 bytes,     716752 total
[2022-07-05T19:11:14.305+0000][8][gc,age      ] GC(386) - age   2:       9632 bytes,     726384 total
[2022-07-05T19:11:14.305+0000][8][gc,age      ] GC(386) - age   3:        632 bytes,     727016 total
[2022-07-05T19:11:14.306+0000][8][gc,age      ] GC(386) - age   4:       2104 bytes,     729120 total
[2022-07-05T19:11:14.306+0000][8][gc,age      ] GC(386) - age   5:         64 bytes,     729184 total
[2022-07-05T19:11:14.307+0000][8][gc,age      ] GC(386) - age   6:        224 bytes,     729408 total
[2022-07-05T19:11:14.307+0000][8][gc,age      ] GC(386) - age   7:        960 bytes,     730368 total
[2022-07-05T19:11:14.308+0000][8][gc,age      ] GC(386) - age   9:        184 bytes,     730552 total
[2022-07-05T19:11:14.308+0000][8][gc,age      ] GC(386) - age  10:         32 bytes,     730584 total
[2022-07-05T19:11:14.309+0000][8][gc,age      ] GC(386) - age  11:        280 bytes,     730864 total
[2022-07-05T19:11:14.309+0000][8][gc,age      ] GC(386) - age  13:        432 bytes,     731296 total
[2022-07-05T19:11:14.310+0000][8][gc,age      ] GC(386) - age  14:        184 bytes,     731480 total
[2022-07-05T19:11:14.311+0000][8][gc,heap     ] GC(386) Eden regions: 75->0(75)
[2022-07-05T19:11:14.311+0000][8][gc,heap     ] GC(386) Survivor regions: 1->1(10)
[2022-07-05T19:11:14.312+0000][8][gc,heap     ] GC(386) Old regions: 24->24
[2022-07-05T19:11:14.313+0000][8][gc,heap     ] GC(386) Archive regions: 2->2
[2022-07-05T19:11:14.313+0000][8][gc,heap     ] GC(386) Humongous regions: 0->0
[2022-07-05T19:11:14.316+0000][8][gc,metaspace] GC(386) Metaspace: 128694K(132096K)->128694K(132096K) NonClass: 111830K(113536K)->111830K(113536K) Class: 16864K(18560K)->16864K(18560K)
[2022-07-05T19:11:14.319+0000][8][gc          ] GC(386) Pause Young (Normal) (G1 Evacuation Pause) 397M->96M(512M) 31.268ms
[2022-07-05T19:11:14.320+0000][8][gc,cpu      ] GC(386) User=0.00s Sys=0.01s Real=0.04s
[2022-07-05T19:11:14.321+0000][8][safepoint   ] Safepoint "G1CollectForAllocation", Time since last: 47262264288 ns, Reaching safepoint: 103270 ns, At safepoint: 32827639 ns, Total: 32930909 ns
[2022-07-05T19:12:50.507+0000][8][gc,start    ] GC(387) Pause Young (Normal) (G1 Evacuation Pause)
[2022-07-05T19:12:50.508+0000][8][gc,task     ] GC(387) Using 4 workers of 4 for evacuation
[2022-07-05T19:12:50.509+0000][8][gc,age      ] GC(387) Desired survivor size 20971520 bytes, new threshold 15 (max threshold 15)
[2022-07-05T19:12:50.513+0000][8][gc,phases   ] GC(387)   Pre Evacuate Collection Set: 0.1ms
[2022-07-05T19:12:50.514+0000][8][gc,phases   ] GC(387)   Merge Heap Roots: 0.1ms
[2022-07-05T19:12:50.514+0000][8][gc,phases   ] GC(387)   Evacuate Collection Set: 2.6ms
[2022-07-05T19:12:50.515+0000][8][gc,phases   ] GC(387)   Post Evacuate Collection Set: 0.8ms
[2022-07-05T19:12:50.515+0000][8][gc,phases   ] GC(387)   Other: 1.5ms
[2022-07-05T19:12:50.516+0000][8][gc,age      ] GC(387) Age table with threshold 15 (max threshold 15)
[2022-07-05T19:12:50.517+0000][8][gc,age      ] GC(387) - age   1:    1684440 bytes,    1684440 total
[2022-07-05T19:12:50.520+0000][8][gc,age      ] GC(387) - age   2:      64824 bytes,    1749264 total
[2022-07-05T19:12:50.521+0000][8][gc,age      ] GC(387) - age   3:       8224 bytes,    1757488 total
[2022-07-05T19:12:50.522+0000][8][gc,age      ] GC(387) - age   5:        184 bytes,    1757672 total
[2022-07-05T19:12:50.523+0000][8][gc,age      ] GC(387) - age   7:        224 bytes,    1757896 total
[2022-07-05T19:12:50.524+0000][8][gc,age      ] GC(387) - age   8:        568 bytes,    1758464 total
[2022-07-05T19:12:50.524+0000][8][gc,age      ] GC(387) - age  10:        184 bytes,    1758648 total
[2022-07-05T19:12:50.525+0000][8][gc,age      ] GC(387) - age  11:         32 bytes,    1758680 total
[2022-07-05T19:12:50.526+0000][8][gc,age      ] GC(387) - age  12:        280 bytes,    1758960 total
[2022-07-05T19:12:50.526+0000][8][gc,age      ] GC(387) - age  14:        432 bytes,    1759392 total
[2022-07-05T19:12:50.527+0000][8][gc,age      ] GC(387) - age  15:        184 bytes,    1759576 total
[2022-07-05T19:12:50.527+0000][8][gc,heap     ] GC(387) Eden regions: 75->0(75)
[2022-07-05T19:12:50.527+0000][8][gc,heap     ] GC(387) Survivor regions: 1->1(10)
[2022-07-05T19:12:50.528+0000][8][gc,heap     ] GC(387) Old regions: 24->24
[2022-07-05T19:12:50.529+0000][8][gc,heap     ] GC(387) Archive regions: 2->2
[2022-07-05T19:12:50.529+0000][8][gc,heap     ] GC(387) Humongous regions: 0->0
[2022-07-05T19:12:50.530+0000][8][gc,metaspace] GC(387) Metaspace: 128697K(132096K)->128697K(132096K) NonClass: 111832K(113536K)->111832K(113536K) Class: 16864K(18560K)->16864K(18560K)
[2022-07-05T19:12:50.530+0000][8][gc          ] GC(387) Pause Young (Normal) (G1 Evacuation Pause) 396M->97M(512M) 23.391ms
[2022-07-05T19:12:50.531+0000][8][gc,cpu      ] GC(387) User=0.01s Sys=0.00s Real=0.02s
[2022-07-05T19:12:50.532+0000][8][safepoint   ] Safepoint "G1CollectForAllocation", Time since last: 96250569317 ns, Reaching safepoint: 105299 ns, At safepoint: 24875525 ns, Total: 24980824 ns
[2022-07-05T19:14:38.866+0000][8][gc,start    ] GC(388) Pause Young (Normal) (G1 Evacuation Pause)
[2022-07-05T19:14:38.867+0000][8][gc,task     ] GC(388) Using 4 workers of 4 for evacuation
[2022-07-05T19:14:38.868+0000][8][gc,age      ] GC(388) Desired survivor size 20971520 bytes, new threshold 15 (max threshold 15)
[2022-07-05T19:14:38.876+0000][8][gc,phases   ] GC(388)   Pre Evacuate Collection Set: 0.2ms
[2022-07-05T19:14:38.877+0000][8][gc,phases   ] GC(388)   Merge Heap Roots: 0.2ms
[2022-07-05T19:14:38.878+0000][8][gc,phases   ] GC(388)   Evacuate Collection Set: 4.6ms
[2022-07-05T19:14:38.879+0000][8][gc,phases   ] GC(388)   Post Evacuate Collection Set: 1.5ms
[2022-07-05T19:14:38.879+0000][8][gc,phases   ] GC(388)   Other: 2.0ms
[2022-07-05T19:14:38.880+0000][8][gc,age      ] GC(388) Age table with threshold 15 (max threshold 15)
[2022-07-05T19:14:38.881+0000][8][gc,age      ] GC(388) - age   1:    1848232 bytes,    1848232 total
[2022-07-05T19:14:38.881+0000][8][gc,age      ] GC(388) - age   2:     404792 bytes,    2253024 total
[2022-07-05T19:14:38.882+0000][8][gc,age      ] GC(388) - age   3:      64016 bytes,    2317040 total
[2022-07-05T19:14:38.883+0000][8][gc,age      ] GC(388) - age   4:       8224 bytes,    2325264 total
[2022-07-05T19:14:38.883+0000][8][gc,age      ] GC(388) - age   6:        184 bytes,    2325448 total
[2022-07-05T19:14:38.884+0000][8][gc,age      ] GC(388) - age   8:        224 bytes,    2325672 total
[2022-07-05T19:14:38.884+0000][8][gc,age      ] GC(388) - age   9:        568 bytes,    2326240 total
[2022-07-05T19:14:38.885+0000][8][gc,age      ] GC(388) - age  11:        184 bytes,    2326424 total
[2022-07-05T19:14:38.885+0000][8][gc,age      ] GC(388) - age  12:         32 bytes,    2326456 total
[2022-07-05T19:14:38.886+0000][8][gc,age      ] GC(388) - age  13:        280 bytes,    2326736 total
[2022-07-05T19:14:38.886+0000][8][gc,age      ] GC(388) - age  15:        432 bytes,    2327168 total
[2022-07-05T19:14:38.887+0000][8][gc,heap     ] GC(388) Eden regions: 75->0(75)
[2022-07-05T19:14:38.887+0000][8][gc,heap     ] GC(388) Survivor regions: 1->1(10)
[2022-07-05T19:14:38.888+0000][8][gc,heap     ] GC(388) Old regions: 24->24
[2022-07-05T19:14:38.888+0000][8][gc,heap     ] GC(388) Archive regions: 2->2
[2022-07-05T19:14:38.889+0000][8][gc,heap     ] GC(388) Humongous regions: 0->0
[2022-07-05T19:14:38.889+0000][8][gc,metaspace] GC(388) Metaspace: 128697K(132096K)->128697K(132096K) NonClass: 111832K(113536K)->111832K(113536K) Class: 16864K(18560K)->16864K(18560K)
[2022-07-05T19:14:38.892+0000][8][gc          ] GC(388) Pause Young (Normal) (G1 Evacuation Pause) 397M->98M(512M) 25.248ms
[2022-07-05T19:14:38.893+0000][8][gc,cpu      ] GC(388) User=0.02s Sys=0.00s Real=0.03s
[2022-07-05T19:14:38.895+0000][8][safepoint   ] Safepoint "G1CollectForAllocation", Time since last: 108422482658 ns, Reaching safepoint: 87663 ns, At safepoint: 28901900 ns, Total: 28989563 ns
[2022-07-05T19:16:26.916+0000][8][safepoint   ] Safepoint "Cleanup", Time since last: 108107365104 ns, Reaching safepoint: 277821 ns, At safepoint: 15838 ns, Total: 293659 ns
[2022-07-05T19:16:27.189+0000][8][gc,start    ] GC(389) Pause Young (Normal) (G1 Evacuation Pause)
[2022-07-05T19:16:27.190+0000][8][gc,task     ] GC(389) Using 4 workers of 4 for evacuation
[2022-07-05T19:16:27.191+0000][8][gc,age      ] GC(389) Desired survivor size 20971520 bytes, new threshold 15 (max threshold 15)
[2022-07-05T19:16:27.195+0000][8][gc,phases   ] GC(389)   Pre Evacuate Collection Set: 0.1ms
[2022-07-05T19:16:27.197+0000][8][gc,phases   ] GC(389)   Merge Heap Roots: 0.1ms
[2022-07-05T19:16:27.200+0000][8][gc,phases   ] GC(389)   Evacuate Collection Set: 2.1ms
[2022-07-05T19:16:27.201+0000][8][gc,phases   ] GC(389)   Post Evacuate Collection Set: 1.0ms
[2022-07-05T19:16:27.202+0000][8][gc,phases   ] GC(389)   Other: 1.6ms
[2022-07-05T19:16:27.203+0000][8][gc,age      ] GC(389) Age table with threshold 15 (max threshold 15)
[2022-07-05T19:16:27.204+0000][8][gc,age      ] GC(389) - age   1:     767568 bytes,     767568 total
[2022-07-05T19:16:27.204+0000][8][gc,age      ] GC(389) - age   2:       7016 bytes,     774584 total
[2022-07-05T19:16:27.205+0000][8][gc,age      ] GC(389) - age   3:     403552 bytes,    1178136 total
[2022-07-05T19:16:27.206+0000][8][gc,age      ] GC(389) - age   4:      63856 bytes,    1241992 total
[2022-07-05T19:16:27.206+0000][8][gc,age      ] GC(389) - age   5:       8224 bytes,    1250216 total
[2022-07-05T19:16:27.207+0000][8][gc,age      ] GC(389) - age   7:        184 bytes,    1250400 total
[2022-07-05T19:16:27.207+0000][8][gc,age      ] GC(389) - age   9:        224 bytes,    1250624 total
[2022-07-05T19:16:27.208+0000][8][gc,age      ] GC(389) - age  10:        568 bytes,    1251192 total
[2022-07-05T19:16:27.208+0000][8][gc,age      ] GC(389) - age  12:        184 bytes,    1251376 total
[2022-07-05T19:16:27.209+0000][8][gc,age      ] GC(389) - age  13:         32 bytes,    1251408 total
[2022-07-05T19:16:27.209+0000][8][gc,age      ] GC(389) - age  14:        280 bytes,    1251688 total
[2022-07-05T19:16:27.210+0000][8][gc,heap     ] GC(389) Eden regions: 75->0(75)
[2022-07-05T19:16:27.210+0000][8][gc,heap     ] GC(389) Survivor regions: 1->1(10)
[2022-07-05T19:16:27.211+0000][8][gc,heap     ] GC(389) Old regions: 24->24
[2022-07-05T19:16:27.211+0000][8][gc,heap     ] GC(389) Archive regions: 2->2
[2022-07-05T19:16:27.212+0000][8][gc,heap     ] GC(389) Humongous regions: 0->0
[2022-07-05T19:16:27.213+0000][8][gc,metaspace] GC(389) Metaspace: 128697K(132096K)->128697K(132096K) NonClass: 111832K(113536K)->111832K(113536K) Class: 16864K(18560K)->16864K(18560K)
[2022-07-05T19:16:27.215+0000][8][gc          ] GC(389) Pause Young (Normal) (G1 Evacuation Pause) 398M->97M(512M) 25.853ms
[2022-07-05T19:16:27.216+0000][8][gc,cpu      ] GC(389) User=0.01s Sys=0.00s Real=0.03s
[2022-07-05T19:16:27.217+0000][8][safepoint   ] Safepoint "G1CollectForAllocation", Time since last: 272280645 ns, Reaching safepoint: 92983 ns, At safepoint: 28477257 ns, Total: 28570240 ns
[2022-07-05T19:18:14.637+0000][8][gc,start    ] GC(390) Pause Young (Normal) (G1 Evacuation Pause)
[2022-07-05T19:18:14.638+0000][8][gc,task     ] GC(390) Using 4 workers of 4 for evacuation
[2022-07-05T19:18:14.639+0000][8][gc,age      ] GC(390) Desired survivor size 20971520 bytes, new threshold 15 (max threshold 15)
[2022-07-05T19:18:14.645+0000][8][gc,phases   ] GC(390)   Pre Evacuate Collection Set: 0.2ms
[2022-07-05T19:18:14.648+0000][8][gc,phases   ] GC(390)   Merge Heap Roots: 0.2ms
[2022-07-05T19:18:14.648+0000][8][gc,phases   ] GC(390)   Evacuate Collection Set: 3.0ms
[2022-07-05T19:18:14.649+0000][8][gc,phases   ] GC(390)   Post Evacuate Collection Set: 2.8ms
[2022-07-05T19:18:14.650+0000][8][gc,phases   ] GC(390)   Other: 1.4ms
[2022-07-05T19:18:14.650+0000][8][gc,age      ] GC(390) Age table with threshold 15 (max threshold 15)
[2022-07-05T19:18:14.652+0000][8][gc,age      ] GC(390) - age   1:    1765032 bytes,    1765032 total
[2022-07-05T19:18:14.653+0000][8][gc,age      ] GC(390) - age   2:       1808 bytes,    1766840 total
[2022-07-05T19:18:14.654+0000][8][gc,age      ] GC(390) - age   3:       5296 bytes,    1772136 total
[2022-07-05T19:18:14.655+0000][8][gc,age      ] GC(390) - age   4:     265576 bytes,    2037712 total
[2022-07-05T19:18:14.656+0000][8][gc,age      ] GC(390) - age   5:      63856 bytes,    2101568 total
[2022-07-05T19:18:14.657+0000][8][gc,age      ] GC(390) - age   6:       8224 bytes,    2109792 total
[2022-07-05T19:18:14.657+0000][8][gc,age      ] GC(390) - age   8:        184 bytes,    2109976 total
[2022-07-05T19:18:14.661+0000][8][gc,age      ] GC(390) - age  10:        224 bytes,    2110200 total
[2022-07-05T19:18:14.664+0000][8][gc,age      ] GC(390) - age  11:        568 bytes,    2110768 total
[2022-07-05T19:18:14.665+0000][8][gc,age      ] GC(390) - age  13:        184 bytes,    2110952 total
[2022-07-05T19:18:14.665+0000][8][gc,age      ] GC(390) - age  14:         32 bytes,    2110984 total
[2022-07-05T19:18:14.666+0000][8][gc,age      ] GC(390) - age  15:        280 bytes,    2111264 total
[2022-07-05T19:18:14.667+0000][8][gc,heap     ] GC(390) Eden regions: 75->0(75)
[2022-07-05T19:18:14.667+0000][8][gc,heap     ] GC(390) Survivor regions: 1->1(10)
[2022-07-05T19:18:14.668+0000][8][gc,heap     ] GC(390) Old regions: 24->24
[2022-07-05T19:18:14.669+0000][8][gc,heap     ] GC(390) Archive regions: 2->2
[2022-07-05T19:18:14.669+0000][8][gc,heap     ] GC(390) Humongous regions: 0->0
[2022-07-05T19:18:14.670+0000][8][gc,metaspace] GC(390) Metaspace: 128698K(132096K)->128698K(132096K) NonClass: 111833K(113536K)->111833K(113536K) Class: 16864K(18560K)->16864K(18560K)
[2022-07-05T19:18:14.671+0000][8][gc          ] GC(390) Pause Young (Normal) (G1 Evacuation Pause) 397M->98M(512M) 33.859ms
[2022-07-05T19:18:14.671+0000][8][gc,cpu      ] GC(390) User=0.00s Sys=0.00s Real=0.03s
[2022-07-05T19:18:14.672+0000][8][safepoint   ] Safepoint "G1CollectForAllocation", Time since last: 107483737514 ns, Reaching safepoint: 70345 ns, At safepoint: 35295145 ns, Total: 35365490 ns
[2022-07-05T19:20:08.160+0000][8][gc,start    ] GC(391) Pause Young (Normal) (G1 Evacuation Pause)
[2022-07-05T19:20:08.162+0000][8][gc,task     ] GC(391) Using 4 workers of 4 for evacuation
[2022-07-05T19:20:08.163+0000][8][gc,age      ] GC(391) Desired survivor size 20971520 bytes, new threshold 15 (max threshold 15)
[2022-07-05T19:20:08.169+0000][8][gc,phases   ] GC(391)   Pre Evacuate Collection Set: 0.3ms
[2022-07-05T19:20:08.170+0000][8][gc,phases   ] GC(391)   Merge Heap Roots: 0.2ms
[2022-07-05T19:20:08.171+0000][8][gc,phases   ] GC(391)   Evacuate Collection Set: 2.9ms
[2022-07-05T19:20:08.172+0000][8][gc,phases   ] GC(391)   Post Evacuate Collection Set: 1.5ms
[2022-07-05T19:20:08.173+0000][8][gc,phases   ] GC(391)   Other: 2.0ms
[2022-07-05T19:20:08.174+0000][8][gc,age      ] GC(391) Age table with threshold 15 (max threshold 15)
[2022-07-05T19:20:08.175+0000][8][gc,age      ] GC(391) - age   1:     804224 bytes,     804224 total
[2022-07-05T19:20:08.176+0000][8][gc,age      ] GC(391) - age   2:     170880 bytes,     975104 total
[2022-07-05T19:20:08.177+0000][8][gc,age      ] GC(391) - age   3:        432 bytes,     975536 total
[2022-07-05T19:20:08.178+0000][8][gc,age      ] GC(391) - age   4:       4848 bytes,     980384 total
[2022-07-05T19:20:08.178+0000][8][gc,age      ] GC(391) - age   5:     265448 bytes,    1245832 total
[2022-07-05T19:20:08.179+0000][8][gc,age      ] GC(391) - age   6:      63496 bytes,    1309328 total
[2022-07-05T19:20:08.180+0000][8][gc,age      ] GC(391) - age   7:       8224 bytes,    1317552 total
[2022-07-05T19:20:08.180+0000][8][gc,age      ] GC(391) - age   9:        184 bytes,    1317736 total
[2022-07-05T19:20:08.181+0000][8][gc,age      ] GC(391) - age  11:        192 bytes,    1317928 total
[2022-07-05T19:20:08.182+0000][8][gc,age      ] GC(391) - age  12:        184 bytes,    1318112 total
[2022-07-05T19:20:08.183+0000][8][gc,age      ] GC(391) - age  14:        184 bytes,    1318296 total
[2022-07-05T19:20:08.184+0000][8][gc,age      ] GC(391) - age  15:         32 bytes,    1318328 total
[2022-07-05T19:20:08.185+0000][8][gc,heap     ] GC(391) Eden regions: 75->0(75)
[2022-07-05T19:20:08.186+0000][8][gc,heap     ] GC(391) Survivor regions: 1->1(10)
[2022-07-05T19:20:08.187+0000][8][gc,heap     ] GC(391) Old regions: 24->24
[2022-07-05T19:20:08.188+0000][8][gc,heap     ] GC(391) Archive regions: 2->2
[2022-07-05T19:20:08.189+0000][8][gc,heap     ] GC(391) Humongous regions: 0->0
[2022-07-05T19:20:08.190+0000][8][gc,metaspace] GC(391) Metaspace: 128705K(132096K)->128705K(132096K) NonClass: 111840K(113536K)->111840K(113536K) Class: 16864K(18560K)->16864K(18560K)
[2022-07-05T19:20:08.191+0000][8][gc          ] GC(391) Pause Young (Normal) (G1 Evacuation Pause) 398M->97M(512M) 30.808ms
[2022-07-05T19:20:08.193+0000][8][gc,cpu      ] GC(391) User=0.00s Sys=0.01s Real=0.04s
[2022-07-05T19:20:08.193+0000][8][safepoint   ] Safepoint "G1CollectForAllocation", Time since last: 113574416645 ns, Reaching safepoint: 110430 ns, At safepoint: 32937682 ns, Total: 33048112 ns
[2022-07-05T19:21:59.141+0000][8][gc,start    ] GC(392) Pause Young (Normal) (G1 Evacuation Pause)
[2022-07-05T19:21:59.142+0000][8][gc,task     ] GC(392) Using 4 workers of 4 for evacuation
[2022-07-05T19:21:59.143+0000][8][gc,age      ] GC(392) Desired survivor size 20971520 bytes, new threshold 15 (max threshold 15)
[2022-07-05T19:21:59.157+0000][8][gc,phases   ] GC(392)   Pre Evacuate Collection Set: 0.2ms
[2022-07-05T19:21:59.160+0000][8][gc,phases   ] GC(392)   Merge Heap Roots: 0.1ms
[2022-07-05T19:21:59.164+0000][8][gc,phases   ] GC(392)   Evacuate Collection Set: 10.7ms
[2022-07-05T19:21:59.166+0000][8][gc,phases   ] GC(392)   Post Evacuate Collection Set: 2.0ms
[2022-07-05T19:21:59.167+0000][8][gc,phases   ] GC(392)   Other: 2.2ms
[2022-07-05T19:21:59.167+0000][8][gc,age      ] GC(392) Age table with threshold 15 (max threshold 15)
[2022-07-05T19:21:59.168+0000][8][gc,age      ] GC(392) - age   1:    1170808 bytes,    1170808 total
[2022-07-05T19:21:59.169+0000][8][gc,age      ] GC(392) - age   2:       1848 bytes,    1172656 total
[2022-07-05T19:21:59.169+0000][8][gc,age      ] GC(392) - age   3:     169536 bytes,    1342192 total
[2022-07-05T19:21:59.170+0000][8][gc,age      ] GC(392) - age   4:        336 bytes,    1342528 total
[2022-07-05T19:21:59.170+0000][8][gc,age      ] GC(392) - age   5:       4848 bytes,    1347376 total
[2022-07-05T19:21:59.171+0000][8][gc,age      ] GC(392) - age   6:     263528 bytes,    1610904 total
[2022-07-05T19:21:59.172+0000][8][gc,age      ] GC(392) - age   7:      63496 bytes,    1674400 total
[2022-07-05T19:21:59.172+0000][8][gc,age      ] GC(392) - age   8:       8224 bytes,    1682624 total
[2022-07-05T19:21:59.173+0000][8][gc,age      ] GC(392) - age  10:        184 bytes,    1682808 total
[2022-07-05T19:21:59.173+0000][8][gc,age      ] GC(392) - age  12:        192 bytes,    1683000 total
[2022-07-05T19:21:59.174+0000][8][gc,age      ] GC(392) - age  13:        184 bytes,    1683184 total
[2022-07-05T19:21:59.175+0000][8][gc,age      ] GC(392) - age  15:        184 bytes,    1683368 total
[2022-07-05T19:21:59.175+0000][8][gc,heap     ] GC(392) Eden regions: 75->0(75)
[2022-07-05T19:21:59.176+0000][8][gc,heap     ] GC(392) Survivor regions: 1->1(10)
[2022-07-05T19:21:59.177+0000][8][gc,heap     ] GC(392) Old regions: 24->24
[2022-07-05T19:21:59.181+0000][8][gc,heap     ] GC(392) Archive regions: 2->2
[2022-07-05T19:21:59.182+0000][8][gc,heap     ] GC(392) Humongous regions: 0->0
[2022-07-05T19:21:59.183+0000][8][gc,metaspace] GC(392) Metaspace: 128705K(132096K)->128705K(132096K) NonClass: 111840K(113536K)->111840K(113536K) Class: 16864K(18560K)->16864K(18560K)
[2022-07-05T19:21:59.184+0000][8][gc          ] GC(392) Pause Young (Normal) (G1 Evacuation Pause) 397M->97M(512M) 42.809ms
[2022-07-05T19:21:59.185+0000][8][gc,cpu      ] GC(392) User=0.01s Sys=0.01s Real=0.05s
[2022-07-05T19:21:59.186+0000][8][safepoint   ] Safepoint "G1CollectForAllocation", Time since last: 111033941717 ns, Reaching safepoint: 60154 ns, At safepoint: 45173298 ns, Total: 45233452 ns
[2022-07-05T19:23:23.736+0000][8][gc,start    ] GC(393) Pause Young (Normal) (G1 Evacuation Pause)
[2022-07-05T19:23:23.737+0000][8][gc,task     ] GC(393) Using 4 workers of 4 for evacuation
[2022-07-05T19:23:23.738+0000][8][gc,age      ] GC(393) Desired survivor size 20971520 bytes, new threshold 15 (max threshold 15)
[2022-07-05T19:23:23.743+0000][8][gc,phases   ] GC(393)   Pre Evacuate Collection Set: 0.2ms
[2022-07-05T19:23:23.744+0000][8][gc,phases   ] GC(393)   Merge Heap Roots: 0.1ms
[2022-07-05T19:23:23.744+0000][8][gc,phases   ] GC(393)   Evacuate Collection Set: 2.4ms
[2022-07-05T19:23:23.749+0000][8][gc,phases   ] GC(393)   Post Evacuate Collection Set: 1.0ms
[2022-07-05T19:23:23.751+0000][8][gc,phases   ] GC(393)   Other: 1.7ms
[2022-07-05T19:23:23.751+0000][8][gc,age      ] GC(393) Age table with threshold 15 (max threshold 15)
[2022-07-05T19:23:23.753+0000][8][gc,age      ] GC(393) - age   1:     904496 bytes,     904496 total
[2022-07-05T19:23:23.755+0000][8][gc,age      ] GC(393) - age   2:       4248 bytes,     908744 total
[2022-07-05T19:23:23.755+0000][8][gc,age      ] GC(393) - age   3:        912 bytes,     909656 total
[2022-07-05T19:23:23.756+0000][8][gc,age      ] GC(393) - age   4:     161456 bytes,    1071112 total
[2022-07-05T19:23:23.757+0000][8][gc,age      ] GC(393) - age   5:        336 bytes,    1071448 total
[2022-07-05T19:23:23.757+0000][8][gc,age      ] GC(393) - age   6:       4848 bytes,    1076296 total
[2022-07-05T19:23:23.758+0000][8][gc,age      ] GC(393) - age   7:     263528 bytes,    1339824 total
[2022-07-05T19:23:23.759+0000][8][gc,age      ] GC(393) - age   8:      63496 bytes,    1403320 total
[2022-07-05T19:23:23.759+0000][8][gc,age      ] GC(393) - age   9:       8224 bytes,    1411544 total
[2022-07-05T19:23:23.760+0000][8][gc,age      ] GC(393) - age  11:        184 bytes,    1411728 total
[2022-07-05T19:23:23.763+0000][8][gc,age      ] GC(393) - age  13:        192 bytes,    1411920 total
[2022-07-05T19:23:23.764+0000][8][gc,age      ] GC(393) - age  14:        184 bytes,    1412104 total
[2022-07-05T19:23:23.765+0000][8][gc,heap     ] GC(393) Eden regions: 75->0(75)
[2022-07-05T19:23:23.766+0000][8][gc,heap     ] GC(393) Survivor regions: 1->1(10)
[2022-07-05T19:23:23.767+0000][8][gc,heap     ] GC(393) Old regions: 24->24
[2022-07-05T19:23:23.767+0000][8][gc,heap     ] GC(393) Archive regions: 2->2
[2022-07-05T19:23:23.768+0000][8][gc,heap     ] GC(393) Humongous regions: 0->0
[2022-07-05T19:23:23.768+0000][8][gc,metaspace] GC(393) Metaspace: 128705K(132096K)->128705K(132096K) NonClass: 111840K(113536K)->111840K(113536K) Class: 16864K(18560K)->16864K(18560K)
[2022-07-05T19:23:23.769+0000][8][gc          ] GC(393) Pause Young (Normal) (G1 Evacuation Pause) 397M->97M(512M) 33.073ms
[2022-07-05T19:23:23.770+0000][8][gc,cpu      ] GC(393) User=0.01s Sys=0.00s Real=0.03s
[2022-07-05T19:23:23.771+0000][8][safepoint   ] Safepoint "G1CollectForAllocation", Time since last: 84592880038 ns, Reaching safepoint: 233469 ns, At safepoint: 34642430 ns, Total: 34875899 ns
[2022-07-05T19:24:58.054+0000][8][gc,start    ] GC(394) Pause Young (Normal) (G1 Evacuation Pause)
[2022-07-05T19:24:58.056+0000][8][gc,task     ] GC(394) Using 4 workers of 4 for evacuation
[2022-07-05T19:24:58.057+0000][8][gc,age      ] GC(394) Desired survivor size 20971520 bytes, new threshold 15 (max threshold 15)
[2022-07-05T19:24:58.068+0000][8][gc,phases   ] GC(394)   Pre Evacuate Collection Set: 0.3ms
[2022-07-05T19:24:58.068+0000][8][gc,phases   ] GC(394)   Merge Heap Roots: 0.2ms
[2022-07-05T19:24:58.069+0000][8][gc,phases   ] GC(394)   Evacuate Collection Set: 2.9ms
[2022-07-05T19:24:58.070+0000][8][gc,phases   ] GC(394)   Post Evacuate Collection Set: 1.2ms
[2022-07-05T19:24:58.071+0000][8][gc,phases   ] GC(394)   Other: 7.4ms
[2022-07-05T19:24:58.071+0000][8][gc,age      ] GC(394) Age table with threshold 15 (max threshold 15)
[2022-07-05T19:24:58.072+0000][8][gc,age      ] GC(394) - age   1:    1401496 bytes,    1401496 total
[2022-07-05T19:24:58.073+0000][8][gc,age      ] GC(394) - age   2:       5872 bytes,    1407368 total
[2022-07-05T19:24:58.076+0000][8][gc,age      ] GC(394) - age   3:       2424 bytes,    1409792 total
[2022-07-05T19:24:58.077+0000][8][gc,age      ] GC(394) - age   4:        848 bytes,    1410640 total
[2022-07-05T19:24:58.078+0000][8][gc,age      ] GC(394) - age   5:     161376 bytes,    1572016 total
[2022-07-05T19:24:58.079+0000][8][gc,age      ] GC(394) - age   6:        336 bytes,    1572352 total
[2022-07-05T19:24:58.080+0000][8][gc,age      ] GC(394) - age   7:       4848 bytes,    1577200 total
[2022-07-05T19:24:58.081+0000][8][gc,age      ] GC(394) - age   8:     263528 bytes,    1840728 total
[2022-07-05T19:24:58.081+0000][8][gc,age      ] GC(394) - age   9:      63496 bytes,    1904224 total
[2022-07-05T19:24:58.082+0000][8][gc,age      ] GC(394) - age  10:       8224 bytes,    1912448 total
[2022-07-05T19:24:58.082+0000][8][gc,age      ] GC(394) - age  12:        184 bytes,    1912632 total
[2022-07-05T19:24:58.083+0000][8][gc,age      ] GC(394) - age  14:        192 bytes,    1912824 total
[2022-07-05T19:24:58.084+0000][8][gc,age      ] GC(394) - age  15:        184 bytes,    1913008 total
[2022-07-05T19:24:58.084+0000][8][gc,heap     ] GC(394) Eden regions: 75->0(75)
[2022-07-05T19:24:58.085+0000][8][gc,heap     ] GC(394) Survivor regions: 1->1(10)
[2022-07-05T19:24:58.086+0000][8][gc,heap     ] GC(394) Old regions: 24->24
[2022-07-05T19:24:58.086+0000][8][gc,heap     ] GC(394) Archive regions: 2->2
[2022-07-05T19:24:58.087+0000][8][gc,heap     ] GC(394) Humongous regions: 0->0
[2022-07-05T19:24:58.088+0000][8][gc,metaspace] GC(394) Metaspace: 128705K(132096K)->128705K(132096K) NonClass: 111840K(113536K)->111840K(113536K) Class: 16864K(18560K)->16864K(18560K)
[2022-07-05T19:24:58.088+0000][8][gc          ] GC(394) Pause Young (Normal) (G1 Evacuation Pause) 397M->97M(512M) 34.372ms
[2022-07-05T19:24:58.089+0000][8][gc,cpu      ] GC(394) User=0.01s Sys=0.00s Real=0.04s
[2022-07-05T19:24:58.090+0000][8][safepoint   ] Safepoint "G1CollectForAllocation", Time since last: 94369545168 ns, Reaching safepoint: 143384 ns, At safepoint: 35739830 ns, Total: 35883214 ns
[2022-07-05T19:26:44.124+0000][8][gc,start    ] GC(395) Pause Young (Normal) (G1 Evacuation Pause)
[2022-07-05T19:26:44.126+0000][8][gc,task     ] GC(395) Using 4 workers of 4 for evacuation
[2022-07-05T19:26:44.126+0000][8][gc,age      ] GC(395) Desired survivor size 20971520 bytes, new threshold 15 (max threshold 15)
[2022-07-05T19:26:44.131+0000][8][gc,phases   ] GC(395)   Pre Evacuate Collection Set: 0.1ms
[2022-07-05T19:26:44.131+0000][8][gc,phases   ] GC(395)   Merge Heap Roots: 0.0ms
[2022-07-05T19:26:44.132+0000][8][gc,phases   ] GC(395)   Evacuate Collection Set: 2.2ms
[2022-07-05T19:26:44.133+0000][8][gc,phases   ] GC(395)   Post Evacuate Collection Set: 1.0ms
[2022-07-05T19:26:44.133+0000][8][gc,phases   ] GC(395)   Other: 1.3ms
[2022-07-05T19:26:44.134+0000][8][gc,age      ] GC(395) Age table with threshold 15 (max threshold 15)
[2022-07-05T19:26:44.134+0000][8][gc,age      ] GC(395) - age   1:    1066440 bytes,    1066440 total
[2022-07-05T19:26:44.135+0000][8][gc,age      ] GC(395) - age   2:      10432 bytes,    1076872 total
[2022-07-05T19:26:44.139+0000][8][gc,age      ] GC(395) - age   3:       4872 bytes,    1081744 total
[2022-07-05T19:26:44.140+0000][8][gc,age      ] GC(395) - age   4:       2104 bytes,    1083848 total
[2022-07-05T19:26:44.142+0000][8][gc,age      ] GC(395) - age   5:        664 bytes,    1084512 total
[2022-07-05T19:26:44.142+0000][8][gc,age      ] GC(395) - age   6:     161376 bytes,    1245888 total
[2022-07-05T19:26:44.143+0000][8][gc,age      ] GC(395) - age   7:        336 bytes,    1246224 total
[2022-07-05T19:26:44.143+0000][8][gc,age      ] GC(395) - age   8:       4848 bytes,    1251072 total
[2022-07-05T19:26:44.144+0000][8][gc,age      ] GC(395) - age   9:     263136 bytes,    1514208 total
[2022-07-05T19:26:44.145+0000][8][gc,age      ] GC(395) - age  10:      63496 bytes,    1577704 total
[2022-07-05T19:26:44.146+0000][8][gc,age      ] GC(395) - age  11:       8224 bytes,    1585928 total
[2022-07-05T19:26:44.147+0000][8][gc,age      ] GC(395) - age  13:        184 bytes,    1586112 total
[2022-07-05T19:26:44.147+0000][8][gc,age      ] GC(395) - age  15:        192 bytes,    1586304 total
[2022-07-05T19:26:44.148+0000][8][gc,heap     ] GC(395) Eden regions: 75->0(75)
[2022-07-05T19:26:44.148+0000][8][gc,heap     ] GC(395) Survivor regions: 1->1(10)
[2022-07-05T19:26:44.149+0000][8][gc,heap     ] GC(395) Old regions: 24->24
[2022-07-05T19:26:44.150+0000][8][gc,heap     ] GC(395) Archive regions: 2->2
[2022-07-05T19:26:44.150+0000][8][gc,heap     ] GC(395) Humongous regions: 0->0
[2022-07-05T19:26:44.151+0000][8][gc,metaspace] GC(395) Metaspace: 128705K(132096K)->128705K(132096K) NonClass: 111840K(113536K)->111840K(113536K) Class: 16864K(18560K)->16864K(18560K)
[2022-07-05T19:26:44.154+0000][8][gc          ] GC(395) Pause Young (Normal) (G1 Evacuation Pause) 397M->97M(512M) 30.207ms
[2022-07-05T19:26:44.155+0000][8][gc,cpu      ] GC(395) User=0.01s Sys=0.01s Real=0.03s
[2022-07-05T19:26:44.156+0000][8][safepoint   ] Safepoint "G1CollectForAllocation", Time since last: 106099017356 ns, Reaching safepoint: 81215 ns, At safepoint: 32552179 ns, Total: 32633394 ns
[2022-07-05T19:28:32.182+0000][8][gc,start    ] GC(396) Pause Young (Normal) (G1 Evacuation Pause)
[2022-07-05T19:28:32.184+0000][8][gc,task     ] GC(396) Using 4 workers of 4 for evacuation
[2022-07-05T19:28:32.185+0000][8][gc,age      ] GC(396) Desired survivor size 20971520 bytes, new threshold 15 (max threshold 15)
[2022-07-05T19:28:32.191+0000][8][gc,phases   ] GC(396)   Pre Evacuate Collection Set: 0.3ms
[2022-07-05T19:28:32.194+0000][8][gc,phases   ] GC(396)   Merge Heap Roots: 0.2ms
[2022-07-05T19:28:32.195+0000][8][gc,phases   ] GC(396)   Evacuate Collection Set: 2.6ms
[2022-07-05T19:28:32.196+0000][8][gc,phases   ] GC(396)   Post Evacuate Collection Set: 1.2ms
[2022-07-05T19:28:32.197+0000][8][gc,phases   ] GC(396)   Other: 1.8ms
[2022-07-05T19:28:32.198+0000][8][gc,age      ] GC(396) Age table with threshold 15 (max threshold 15)
[2022-07-05T19:28:32.199+0000][8][gc,age      ] GC(396) - age   1:    1435696 bytes,    1435696 total
[2022-07-05T19:28:32.199+0000][8][gc,age      ] GC(396) - age   2:       1600 bytes,    1437296 total
[2022-07-05T19:28:32.200+0000][8][gc,age      ] GC(396) - age   3:       9048 bytes,    1446344 total
[2022-07-05T19:28:32.201+0000][8][gc,age      ] GC(396) - age   4:       4680 bytes,    1451024 total
[2022-07-05T19:28:32.201+0000][8][gc,age      ] GC(396) - age   5:       2104 bytes,    1453128 total
[2022-07-05T19:28:32.202+0000][8][gc,age      ] GC(396) - age   6:        568 bytes,    1453696 total
[2022-07-05T19:28:32.203+0000][8][gc,age      ] GC(396) - age   7:     161376 bytes,    1615072 total
[2022-07-05T19:28:32.203+0000][8][gc,age      ] GC(396) - age   8:        336 bytes,    1615408 total
[2022-07-05T19:28:32.204+0000][8][gc,age      ] GC(396) - age   9:       4848 bytes,    1620256 total
[2022-07-05T19:28:32.204+0000][8][gc,age      ] GC(396) - age  10:     263136 bytes,    1883392 total
[2022-07-05T19:28:32.205+0000][8][gc,age      ] GC(396) - age  11:      63496 bytes,    1946888 total
[2022-07-05T19:28:32.206+0000][8][gc,age      ] GC(396) - age  12:       8224 bytes,    1955112 total
[2022-07-05T19:28:32.206+0000][8][gc,age      ] GC(396) - age  14:        184 bytes,    1955296 total
[2022-07-05T19:28:32.207+0000][8][gc,heap     ] GC(396) Eden regions: 75->0(75)
[2022-07-05T19:28:32.208+0000][8][gc,heap     ] GC(396) Survivor regions: 1->1(10)
[2022-07-05T19:28:32.211+0000][8][gc,heap     ] GC(396) Old regions: 24->24
[2022-07-05T19:28:32.212+0000][8][gc,heap     ] GC(396) Archive regions: 2->2
[2022-07-05T19:28:32.213+0000][8][gc,heap     ] GC(396) Humongous regions: 0->0
[2022-07-05T19:28:32.214+0000][8][gc,metaspace] GC(396) Metaspace: 128705K(132096K)->128705K(132096K) NonClass: 111840K(113536K)->111840K(113536K) Class: 16864K(18560K)->16864K(18560K)
[2022-07-05T19:28:32.216+0000][8][gc          ] GC(396) Pause Young (Normal) (G1 Evacuation Pause) 397M->97M(512M) 34.390ms
[2022-07-05T19:28:32.217+0000][8][gc,cpu      ] GC(396) User=0.00s Sys=0.00s Real=0.04s
[2022-07-05T19:28:32.217+0000][8][safepoint   ] Safepoint "G1CollectForAllocation", Time since last: 108110898059 ns, Reaching safepoint: 231890 ns, At safepoint: 35825442 ns, Total: 36057332 ns
[2022-07-05T19:30:23.197+0000][8][gc,start    ] GC(397) Pause Young (Normal) (G1 Evacuation Pause)
[2022-07-05T19:30:23.199+0000][8][gc,task     ] GC(397) Using 4 workers of 4 for evacuation
[2022-07-05T19:30:23.200+0000][8][gc,age      ] GC(397) Desired survivor size 20971520 bytes, new threshold 15 (max threshold 15)
[2022-07-05T19:30:23.206+0000][8][gc,phases   ] GC(397)   Pre Evacuate Collection Set: 0.3ms
[2022-07-05T19:30:23.207+0000][8][gc,phases   ] GC(397)   Merge Heap Roots: 0.2ms
[2022-07-05T19:30:23.208+0000][8][gc,phases   ] GC(397)   Evacuate Collection Set: 2.3ms
[2022-07-05T19:30:23.209+0000][8][gc,phases   ] GC(397)   Post Evacuate Collection Set: 1.8ms
[2022-07-05T19:30:23.210+0000][8][gc,phases   ] GC(397)   Other: 1.8ms
[2022-07-05T19:30:23.210+0000][8][gc,age      ] GC(397) Age table with threshold 15 (max threshold 15)
[2022-07-05T19:30:23.211+0000][8][gc,age      ] GC(397) - age   1:     730328 bytes,     730328 total
[2022-07-05T19:30:23.212+0000][8][gc,age      ] GC(397) - age   2:      14648 bytes,     744976 total
[2022-07-05T19:30:23.212+0000][8][gc,age      ] GC(397) - age   3:        672 bytes,     745648 total
[2022-07-05T19:30:23.213+0000][8][gc,age      ] GC(397) - age   4:       8984 bytes,     754632 total
[2022-07-05T19:30:23.214+0000][8][gc,age      ] GC(397) - age   5:       4680 bytes,     759312 total
[2022-07-05T19:30:23.215+0000][8][gc,age      ] GC(397) - age   6:       2104 bytes,     761416 total
[2022-07-05T19:30:23.216+0000][8][gc,age      ] GC(397) - age   7:        416 bytes,     761832 total
[2022-07-05T19:30:23.217+0000][8][gc,age      ] GC(397) - age   8:     161376 bytes,     923208 total
[2022-07-05T19:30:23.218+0000][8][gc,age      ] GC(397) - age   9:        336 bytes,     923544 total
[2022-07-05T19:30:23.219+0000][8][gc,age      ] GC(397) - age  10:       4848 bytes,     928392 total
[2022-07-05T19:30:23.219+0000][8][gc,age      ] GC(397) - age  11:     263136 bytes,    1191528 total
[2022-07-05T19:30:23.220+0000][8][gc,age      ] GC(397) - age  12:      63464 bytes,    1254992 total
[2022-07-05T19:30:23.221+0000][8][gc,age      ] GC(397) - age  13:       8224 bytes,    1263216 total
[2022-07-05T19:30:23.222+0000][8][gc,age      ] GC(397) - age  15:        184 bytes,    1263400 total
[2022-07-05T19:30:23.223+0000][8][gc,heap     ] GC(397) Eden regions: 75->0(75)
[2022-07-05T19:30:23.225+0000][8][gc,heap     ] GC(397) Survivor regions: 1->1(10)
[2022-07-05T19:30:23.226+0000][8][gc,heap     ] GC(397) Old regions: 24->24
[2022-07-05T19:30:23.226+0000][8][gc,heap     ] GC(397) Archive regions: 2->2
[2022-07-05T19:30:23.227+0000][8][gc,heap     ] GC(397) Humongous regions: 0->0
[2022-07-05T19:30:23.228+0000][8][gc,metaspace] GC(397) Metaspace: 128708K(132096K)->128708K(132096K) NonClass: 111843K(113536K)->111843K(113536K) Class: 16864K(18560K)->16864K(18560K)
[2022-07-05T19:30:23.229+0000][8][gc          ] GC(397) Pause Young (Normal) (G1 Evacuation Pause) 397M->97M(512M) 31.986ms
[2022-07-05T19:30:23.229+0000][8][gc,cpu      ] GC(397) User=0.01s Sys=0.01s Real=0.04s
[2022-07-05T19:30:23.230+0000][8][safepoint   ] Safepoint "G1CollectForAllocation", Time since last: 111044124263 ns, Reaching safepoint: 330114 ns, At safepoint: 33655074 ns, Total: 33985188 ns
[2022-07-05T19:31:53.564+0000][8][gc,start    ] GC(398) Pause Young (Normal) (G1 Evacuation Pause)
[2022-07-05T19:31:53.565+0000][8][gc,task     ] GC(398) Using 4 workers of 4 for evacuation
[2022-07-05T19:31:53.566+0000][8][gc,age      ] GC(398) Desired survivor size 20971520 bytes, new threshold 15 (max threshold 15)
[2022-07-05T19:31:53.574+0000][8][gc,phases   ] GC(398)   Pre Evacuate Collection Set: 0.3ms
[2022-07-05T19:31:53.575+0000][8][gc,phases   ] GC(398)   Merge Heap Roots: 0.2ms
[2022-07-05T19:31:53.576+0000][8][gc,phases   ] GC(398)   Evacuate Collection Set: 5.0ms
[2022-07-05T19:31:53.576+0000][8][gc,phases   ] GC(398)   Post Evacuate Collection Set: 1.3ms
[2022-07-05T19:31:53.577+0000][8][gc,phases   ] GC(398)   Other: 2.5ms
[2022-07-05T19:31:53.578+0000][8][gc,age      ] GC(398) Age table with threshold 15 (max threshold 15)
[2022-07-05T19:31:53.578+0000][8][gc,age      ] GC(398) - age   1:    1715328 bytes,    1715328 total
[2022-07-05T19:31:53.579+0000][8][gc,age      ] GC(398) - age   2:       1400 bytes,    1716728 total
[2022-07-05T19:31:53.580+0000][8][gc,age      ] GC(398) - age   3:      13504 bytes,    1730232 total
[2022-07-05T19:31:53.580+0000][8][gc,age      ] GC(398) - age   4:        576 bytes,    1730808 total
[2022-07-05T19:31:53.581+0000][8][gc,age      ] GC(398) - age   5:       8688 bytes,    1739496 total
[2022-07-05T19:31:53.581+0000][8][gc,age      ] GC(398) - age   6:       4680 bytes,    1744176 total
[2022-07-05T19:31:53.582+0000][8][gc,age      ] GC(398) - age   8:        416 bytes,    1744592 total
[2022-07-05T19:31:53.583+0000][8][gc,age      ] GC(398) - age   9:     161376 bytes,    1905968 total
[2022-07-05T19:31:53.584+0000][8][gc,age      ] GC(398) - age  10:        336 bytes,    1906304 total
[2022-07-05T19:31:53.584+0000][8][gc,age      ] GC(398) - age  11:       4848 bytes,    1911152 total
[2022-07-05T19:31:53.585+0000][8][gc,age      ] GC(398) - age  12:     263136 bytes,    2174288 total
[2022-07-05T19:31:53.585+0000][8][gc,age      ] GC(398) - age  13:      63464 bytes,    2237752 total
[2022-07-05T19:31:53.586+0000][8][gc,age      ] GC(398) - age  14:       8224 bytes,    2245976 total
[2022-07-05T19:31:53.587+0000][8][gc,heap     ] GC(398) Eden regions: 75->0(75)
[2022-07-05T19:31:53.592+0000][8][gc,heap     ] GC(398) Survivor regions: 1->1(10)
[2022-07-05T19:31:53.594+0000][8][gc,heap     ] GC(398) Old regions: 24->24
[2022-07-05T19:31:53.594+0000][8][gc,heap     ] GC(398) Archive regions: 2->2
[2022-07-05T19:31:53.595+0000][8][gc,heap     ] GC(398) Humongous regions: 0->0
[2022-07-05T19:31:53.596+0000][8][gc,metaspace] GC(398) Metaspace: 128708K(132096K)->128708K(132096K) NonClass: 111843K(113536K)->111843K(113536K) Class: 16864K(18560K)->16864K(18560K)
[2022-07-05T19:31:53.597+0000][8][gc          ] GC(398) Pause Young (Normal) (G1 Evacuation Pause) 397M->98M(512M) 33.004ms
[2022-07-05T19:31:53.597+0000][8][gc,cpu      ] GC(398) User=0.01s Sys=0.00s Real=0.03s
[2022-07-05T19:31:53.598+0000][8][safepoint   ] Safepoint "G1CollectForAllocation", Time since last: 90398489133 ns, Reaching safepoint: 94721 ns, At safepoint: 34466750 ns, Total: 34561471 ns
[2022-07-05T19:33:44.116+0000][8][gc,start    ] GC(399) Pause Young (Normal) (G1 Evacuation Pause)
[2022-07-05T19:33:44.118+0000][8][gc,task     ] GC(399) Using 4 workers of 4 for evacuation
[2022-07-05T19:33:44.119+0000][8][gc,age      ] GC(399) Desired survivor size 20971520 bytes, new threshold 15 (max threshold 15)
[2022-07-05T19:33:44.123+0000][8][gc,phases   ] GC(399)   Pre Evacuate Collection Set: 0.1ms
[2022-07-05T19:33:44.124+0000][8][gc,phases   ] GC(399)   Merge Heap Roots: 0.2ms
[2022-07-05T19:33:44.124+0000][8][gc,phases   ] GC(399)   Evacuate Collection Set: 2.3ms
[2022-07-05T19:33:44.125+0000][8][gc,phases   ] GC(399)   Post Evacuate Collection Set: 0.9ms
[2022-07-05T19:33:44.126+0000][8][gc,phases   ] GC(399)   Other: 1.9ms
[2022-07-05T19:33:44.127+0000][8][gc,age      ] GC(399) Age table with threshold 15 (max threshold 15)
[2022-07-05T19:33:44.127+0000][8][gc,age      ] GC(399) - age   1:     923248 bytes,     923248 total
[2022-07-05T19:33:44.128+0000][8][gc,age      ] GC(399) - age   2:       3376 bytes,     926624 total
[2022-07-05T19:33:44.129+0000][8][gc,age      ] GC(399) - age   3:        336 bytes,     926960 total
[2022-07-05T19:33:44.132+0000][8][gc,age      ] GC(399) - age   4:       4936 bytes,     931896 total
[2022-07-05T19:33:44.134+0000][8][gc,age      ] GC(399) - age   5:        576 bytes,     932472 total
[2022-07-05T19:33:44.134+0000][8][gc,age      ] GC(399) - age   6:       8504 bytes,     940976 total
[2022-07-05T19:33:44.135+0000][8][gc,age      ] GC(399) - age   7:       4680 bytes,     945656 total
[2022-07-05T19:33:44.136+0000][8][gc,age      ] GC(399) - age   9:        416 bytes,     946072 total
[2022-07-05T19:33:44.136+0000][8][gc,age      ] GC(399) - age  10:     161376 bytes,    1107448 total
[2022-07-05T19:33:44.137+0000][8][gc,age      ] GC(399) - age  11:        336 bytes,    1107784 total
[2022-07-05T19:33:44.138+0000][8][gc,age      ] GC(399) - age  12:       4848 bytes,    1112632 total
[2022-07-05T19:33:44.138+0000][8][gc,age      ] GC(399) - age  13:     263136 bytes,    1375768 total
[2022-07-05T19:33:44.139+0000][8][gc,age      ] GC(399) - age  14:      63464 bytes,    1439232 total
[2022-07-05T19:33:44.140+0000][8][gc,age      ] GC(399) - age  15:       8224 bytes,    1447456 total
[2022-07-05T19:33:44.140+0000][8][gc,heap     ] GC(399) Eden regions: 75->0(75)
[2022-07-05T19:33:44.141+0000][8][gc,heap     ] GC(399) Survivor regions: 1->1(10)
[2022-07-05T19:33:44.142+0000][8][gc,heap     ] GC(399) Old regions: 24->24
[2022-07-05T19:33:44.142+0000][8][gc,heap     ] GC(399) Archive regions: 2->2
[2022-07-05T19:33:44.143+0000][8][gc,heap     ] GC(399) Humongous regions: 0->0
[2022-07-05T19:33:44.144+0000][8][gc,metaspace] GC(399) Metaspace: 128708K(132096K)->128708K(132096K) NonClass: 111843K(113536K)->111843K(113536K) Class: 16864K(18560K)->16864K(18560K)
[2022-07-05T19:33:44.145+0000][8][gc          ] GC(399) Pause Young (Normal) (G1 Evacuation Pause) 398M->97M(512M) 28.799ms
[2022-07-05T19:33:44.145+0000][8][gc,cpu      ] GC(399) User=0.00s Sys=0.00s Real=0.03s
[2022-07-05T19:33:44.149+0000][8][safepoint   ] Safepoint "G1CollectForAllocation", Time since last: 110603683471 ns, Reaching safepoint: 251374 ns, At safepoint: 33217596 ns, Total: 33468970 ns
[2022-07-05T19:35:32.095+0000][8][gc,start    ] GC(400) Pause Young (Normal) (G1 Evacuation Pause)
[2022-07-05T19:35:32.097+0000][8][gc,task     ] GC(400) Using 4 workers of 4 for evacuation
[2022-07-05T19:35:32.097+0000][8][gc,age      ] GC(400) Desired survivor size 20971520 bytes, new threshold 15 (max threshold 15)
[2022-07-05T19:35:32.101+0000][8][gc,phases   ] GC(400)   Pre Evacuate Collection Set: 0.1ms
[2022-07-05T19:35:32.105+0000][8][gc,phases   ] GC(400)   Merge Heap Roots: 0.0ms
[2022-07-05T19:35:32.106+0000][8][gc,phases   ] GC(400)   Evacuate Collection Set: 2.3ms
[2022-07-05T19:35:32.107+0000][8][gc,phases   ] GC(400)   Post Evacuate Collection Set: 1.0ms
[2022-07-05T19:35:32.108+0000][8][gc,phases   ] GC(400)   Other: 1.3ms
[2022-07-05T19:35:32.108+0000][8][gc,age      ] GC(400) Age table with threshold 15 (max threshold 15)
[2022-07-05T19:35:32.109+0000][8][gc,age      ] GC(400) - age   1:    1585568 bytes,    1585568 total
[2022-07-05T19:35:32.110+0000][8][gc,age      ] GC(400) - age   2:       9448 bytes,    1595016 total
[2022-07-05T19:35:32.110+0000][8][gc,age      ] GC(400) - age   3:       2392 bytes,    1597408 total
[2022-07-05T19:35:32.111+0000][8][gc,age      ] GC(400) - age   4:        336 bytes,    1597744 total
[2022-07-05T19:35:32.111+0000][8][gc,age      ] GC(400) - age   5:       4936 bytes,    1602680 total
[2022-07-05T19:35:32.112+0000][8][gc,age      ] GC(400) - age   6:        576 bytes,    1603256 total
[2022-07-05T19:35:32.112+0000][8][gc,age      ] GC(400) - age   7:       8504 bytes,    1611760 total
[2022-07-05T19:35:32.113+0000][8][gc,age      ] GC(400) - age   8:       4680 bytes,    1616440 total
[2022-07-05T19:35:32.114+0000][8][gc,age      ] GC(400) - age  10:        416 bytes,    1616856 total
[2022-07-05T19:35:32.114+0000][8][gc,age      ] GC(400) - age  11:     161376 bytes,    1778232 total
[2022-07-05T19:35:32.115+0000][8][gc,age      ] GC(400) - age  12:        336 bytes,    1778568 total
[2022-07-05T19:35:32.115+0000][8][gc,age      ] GC(400) - age  13:       4848 bytes,    1783416 total
[2022-07-05T19:35:32.116+0000][8][gc,age      ] GC(400) - age  14:     262952 bytes,    2046368 total
[2022-07-05T19:35:32.117+0000][8][gc,age      ] GC(400) - age  15:      63464 bytes,    2109832 total
[2022-07-05T19:35:32.117+0000][8][gc,heap     ] GC(400) Eden regions: 75->0(75)
[2022-07-05T19:35:32.118+0000][8][gc,heap     ] GC(400) Survivor regions: 1->1(10)
[2022-07-05T19:35:32.122+0000][8][gc,heap     ] GC(400) Old regions: 24->24
[2022-07-05T19:35:32.123+0000][8][gc,heap     ] GC(400) Archive regions: 2->2
[2022-07-05T19:35:32.124+0000][8][gc,heap     ] GC(400) Humongous regions: 0->0
[2022-07-05T19:35:32.124+0000][8][gc,metaspace] GC(400) Metaspace: 128708K(132096K)->128708K(132096K) NonClass: 111843K(113536K)->111843K(113536K) Class: 16864K(18560K)->16864K(18560K)
[2022-07-05T19:35:32.125+0000][8][gc          ] GC(400) Pause Young (Normal) (G1 Evacuation Pause) 397M->98M(512M) 29.705ms
[2022-07-05T19:35:32.125+0000][8][gc,cpu      ] GC(400) User=0.01s Sys=0.00s Real=0.03s
[2022-07-05T19:35:32.126+0000][8][safepoint   ] Safepoint "G1CollectForAllocation", Time since last: 108032668579 ns, Reaching safepoint: 50632 ns, At safepoint: 30913275 ns, Total: 30963907 ns
[2022-07-05T19:37:14.121+0000][8][gc,start    ] GC(401) Pause Young (Normal) (G1 Evacuation Pause)
[2022-07-05T19:37:14.122+0000][8][gc,task     ] GC(401) Using 4 workers of 4 for evacuation
[2022-07-05T19:37:14.123+0000][8][gc,age      ] GC(401) Desired survivor size 20971520 bytes, new threshold 15 (max threshold 15)
[2022-07-05T19:37:14.132+0000][8][gc,phases   ] GC(401)   Pre Evacuate Collection Set: 0.3ms
[2022-07-05T19:37:14.133+0000][8][gc,phases   ] GC(401)   Merge Heap Roots: 0.2ms
[2022-07-05T19:37:14.134+0000][8][gc,phases   ] GC(401)   Evacuate Collection Set: 2.3ms
[2022-07-05T19:37:14.135+0000][8][gc,phases   ] GC(401)   Post Evacuate Collection Set: 4.1ms
[2022-07-05T19:37:14.136+0000][8][gc,phases   ] GC(401)   Other: 2.2ms
[2022-07-05T19:37:14.137+0000][8][gc,age      ] GC(401) Age table with threshold 15 (max threshold 15)
[2022-07-05T19:37:14.138+0000][8][gc,age      ] GC(401) - age   1:     622696 bytes,     622696 total
[2022-07-05T19:37:14.138+0000][8][gc,age      ] GC(401) - age   2:       1512 bytes,     624208 total
[2022-07-05T19:37:14.139+0000][8][gc,age      ] GC(401) - age   3:       8496 bytes,     632704 total
[2022-07-05T19:37:14.140+0000][8][gc,age      ] GC(401) - age   4:       2168 bytes,     634872 total
[2022-07-05T19:37:14.141+0000][8][gc,age      ] GC(401) - age   5:        336 bytes,     635208 total
[2022-07-05T19:37:14.142+0000][8][gc,age      ] GC(401) - age   6:       4848 bytes,     640056 total
[2022-07-05T19:37:14.143+0000][8][gc,age      ] GC(401) - age   7:        576 bytes,     640632 total
[2022-07-05T19:37:14.147+0000][8][gc,age      ] GC(401) - age   8:       8504 bytes,     649136 total
[2022-07-05T19:37:14.149+0000][8][gc,age      ] GC(401) - age   9:       4680 bytes,     653816 total
[2022-07-05T19:37:14.150+0000][8][gc,age      ] GC(401) - age  11:        416 bytes,     654232 total
[2022-07-05T19:37:14.151+0000][8][gc,age      ] GC(401) - age  12:     161376 bytes,     815608 total
[2022-07-05T19:37:14.153+0000][8][gc,age      ] GC(401) - age  13:        152 bytes,     815760 total
[2022-07-05T19:37:14.154+0000][8][gc,age      ] GC(401) - age  14:       4848 bytes,     820608 total
[2022-07-05T19:37:14.155+0000][8][gc,age      ] GC(401) - age  15:     262952 bytes,    1083560 total
[2022-07-05T19:37:14.156+0000][8][gc,heap     ] GC(401) Eden regions: 75->0(75)
[2022-07-05T19:37:14.157+0000][8][gc,heap     ] GC(401) Survivor regions: 1->1(10)
[2022-07-05T19:37:14.158+0000][8][gc,heap     ] GC(401) Old regions: 24->24
[2022-07-05T19:37:14.159+0000][8][gc,heap     ] GC(401) Archive regions: 2->2
[2022-07-05T19:37:14.163+0000][8][gc,heap     ] GC(401) Humongous regions: 0->0
[2022-07-05T19:37:14.164+0000][8][gc,metaspace] GC(401) Metaspace: 128708K(132096K)->128708K(132096K) NonClass: 111843K(113536K)->111843K(113536K) Class: 16864K(18560K)->16864K(18560K)
[2022-07-05T19:37:14.166+0000][8][gc          ] GC(401) Pause Young (Normal) (G1 Evacuation Pause) 398M->97M(512M) 45.048ms
[2022-07-05T19:37:14.168+0000][8][gc,cpu      ] GC(401) User=0.01s Sys=0.00s Real=0.05s
[2022-07-05T19:37:14.169+0000][8][safepoint   ] Safepoint "G1CollectForAllocation", Time since last: 102059097264 ns, Reaching safepoint: 128937 ns, At safepoint: 48045608 ns, Total: 48174545 ns
[2022-07-05T19:38:44.215+0000][8][safepoint   ] Safepoint "Cleanup", Time since last: 90110775122 ns, Reaching safepoint: 194644 ns, At safepoint: 18838 ns, Total: 213482 ns
[2022-07-05T19:39:05.049+0000][8][gc,start    ] GC(402) Pause Young (Normal) (G1 Evacuation Pause)
[2022-07-05T19:39:05.051+0000][8][gc,task     ] GC(402) Using 4 workers of 4 for evacuation
[2022-07-05T19:39:05.053+0000][8][gc,age      ] GC(402) Desired survivor size 20971520 bytes, new threshold 15 (max threshold 15)
[2022-07-05T19:39:05.058+0000][8][gc,phases   ] GC(402)   Pre Evacuate Collection Set: 0.2ms
[2022-07-05T19:39:05.059+0000][8][gc,phases   ] GC(402)   Merge Heap Roots: 0.1ms
[2022-07-05T19:39:05.059+0000][8][gc,phases   ] GC(402)   Evacuate Collection Set: 2.1ms
[2022-07-05T19:39:05.060+0000][8][gc,phases   ] GC(402)   Post Evacuate Collection Set: 1.0ms
[2022-07-05T19:39:05.060+0000][8][gc,phases   ] GC(402)   Other: 3.9ms
[2022-07-05T19:39:05.061+0000][8][gc,age      ] GC(402) Age table with threshold 15 (max threshold 15)
[2022-07-05T19:39:05.061+0000][8][gc,age      ] GC(402) - age   1:     989728 bytes,     989728 total
[2022-07-05T19:39:05.062+0000][8][gc,age      ] GC(402) - age   2:        904 bytes,     990632 total
[2022-07-05T19:39:05.063+0000][8][gc,age      ] GC(402) - age   3:        136 bytes,     990768 total
[2022-07-05T19:39:05.063+0000][8][gc,age      ] GC(402) - age   4:        184 bytes,     990952 total
[2022-07-05T19:39:05.064+0000][8][gc,age      ] GC(402) - age   5:       2168 bytes,     993120 total
[2022-07-05T19:39:05.064+0000][8][gc,age      ] GC(402) - age   6:        160 bytes,     993280 total
[2022-07-05T19:39:05.065+0000][8][gc,age      ] GC(402) - age   7:       4848 bytes,     998128 total
[2022-07-05T19:39:05.065+0000][8][gc,age      ] GC(402) - age   8:        576 bytes,     998704 total
[2022-07-05T19:39:05.066+0000][8][gc,age      ] GC(402) - age   9:       8504 bytes,    1007208 total
[2022-07-05T19:39:05.072+0000][8][gc,age      ] GC(402) - age  10:       4680 bytes,    1011888 total
[2022-07-05T19:39:05.075+0000][8][gc,age      ] GC(402) - age  13:     161376 bytes,    1173264 total
[2022-07-05T19:39:05.076+0000][8][gc,age      ] GC(402) - age  14:        152 bytes,    1173416 total
[2022-07-05T19:39:05.077+0000][8][gc,age      ] GC(402) - age  15:       4848 bytes,    1178264 total
[2022-07-05T19:39:05.078+0000][8][gc,heap     ] GC(402) Eden regions: 75->0(75)
[2022-07-05T19:39:05.079+0000][8][gc,heap     ] GC(402) Survivor regions: 1->1(10)
[2022-07-05T19:39:05.079+0000][8][gc,heap     ] GC(402) Old regions: 24->24
[2022-07-05T19:39:05.080+0000][8][gc,heap     ] GC(402) Archive regions: 2->2
[2022-07-05T19:39:05.081+0000][8][gc,heap     ] GC(402) Humongous regions: 0->0
[2022-07-05T19:39:05.081+0000][8][gc,metaspace] GC(402) Metaspace: 128711K(132096K)->128711K(132096K) NonClass: 111846K(113536K)->111846K(113536K) Class: 16864K(18560K)->16864K(18560K)
[2022-07-05T19:39:05.082+0000][8][gc          ] GC(402) Pause Young (Normal) (G1 Evacuation Pause) 397M->97M(512M) 32.687ms
[2022-07-05T19:39:05.083+0000][8][gc,cpu      ] GC(402) User=0.01s Sys=0.00s Real=0.03s
[2022-07-05T19:39:05.087+0000][8][safepoint   ] Safepoint "G1CollectForAllocation", Time since last: 20857161779 ns, Reaching safepoint: 96700 ns, At safepoint: 37784400 ns, Total: 37881100 ns
[2022-07-05T19:40:29.173+0000][8][gc,start    ] GC(403) Pause Young (Normal) (G1 Evacuation Pause)
[2022-07-05T19:40:29.174+0000][8][gc,task     ] GC(403) Using 4 workers of 4 for evacuation
[2022-07-05T19:40:29.175+0000][8][gc,age      ] GC(403) Desired survivor size 20971520 bytes, new threshold 15 (max threshold 15)
[2022-07-05T19:40:29.180+0000][8][gc,phases   ] GC(403)   Pre Evacuate Collection Set: 0.3ms
[2022-07-05T19:40:29.183+0000][8][gc,phases   ] GC(403)   Merge Heap Roots: 0.1ms
[2022-07-05T19:40:29.184+0000][8][gc,phases   ] GC(403)   Evacuate Collection Set: 2.6ms
[2022-07-05T19:40:29.184+0000][8][gc,phases   ] GC(403)   Post Evacuate Collection Set: 1.2ms
[2022-07-05T19:40:29.185+0000][8][gc,phases   ] GC(403)   Other: 1.4ms
[2022-07-05T19:40:29.186+0000][8][gc,age      ] GC(403) Age table with threshold 15 (max threshold 15)
[2022-07-05T19:40:29.186+0000][8][gc,age      ] GC(403) - age   1:    1264432 bytes,    1264432 total
[2022-07-05T19:40:29.187+0000][8][gc,age      ] GC(403) - age   2:       9768 bytes,    1274200 total
[2022-07-05T19:40:29.188+0000][8][gc,age      ] GC(403) - age   3:        392 bytes,    1274592 total
[2022-07-05T19:40:29.189+0000][8][gc,age      ] GC(403) - age   4:         72 bytes,    1274664 total
[2022-07-05T19:40:29.189+0000][8][gc,age      ] GC(403) - age   5:        184 bytes,    1274848 total
[2022-07-05T19:40:29.190+0000][8][gc,age      ] GC(403) - age   6:       2168 bytes,    1277016 total
[2022-07-05T19:40:29.191+0000][8][gc,age      ] GC(403) - age   7:        128 bytes,    1277144 total
[2022-07-05T19:40:29.191+0000][8][gc,age      ] GC(403) - age   8:       4664 bytes,    1281808 total
[2022-07-05T19:40:29.192+0000][8][gc,age      ] GC(403) - age   9:        576 bytes,    1282384 total
[2022-07-05T19:40:29.193+0000][8][gc,age      ] GC(403) - age  10:       8504 bytes,    1290888 total
[2022-07-05T19:40:29.193+0000][8][gc,age      ] GC(403) - age  11:       4680 bytes,    1295568 total
[2022-07-05T19:40:29.194+0000][8][gc,age      ] GC(403) - age  14:     161376 bytes,    1456944 total
[2022-07-05T19:40:29.195+0000][8][gc,age      ] GC(403) - age  15:        152 bytes,    1457096 total
[2022-07-05T19:40:29.195+0000][8][gc,heap     ] GC(403) Eden regions: 75->0(75)
[2022-07-05T19:40:29.196+0000][8][gc,heap     ] GC(403) Survivor regions: 1->1(10)
[2022-07-05T19:40:29.198+0000][8][gc,heap     ] GC(403) Old regions: 24->24
[2022-07-05T19:40:29.199+0000][8][gc,heap     ] GC(403) Archive regions: 2->2
[2022-07-05T19:40:29.200+0000][8][gc,heap     ] GC(403) Humongous regions: 0->0
[2022-07-05T19:40:29.200+0000][8][gc,metaspace] GC(403) Metaspace: 128711K(132096K)->128711K(132096K) NonClass: 111847K(113536K)->111847K(113536K) Class: 16864K(18560K)->16864K(18560K)
[2022-07-05T19:40:29.201+0000][8][gc          ] GC(403) Pause Young (Normal) (G1 Evacuation Pause) 397M->97M(512M) 28.237ms
[2022-07-05T19:40:29.202+0000][8][gc,cpu      ] GC(403) User=0.01s Sys=0.00s Real=0.03s
[2022-07-05T19:40:29.203+0000][8][safepoint   ] Safepoint "G1CollectForAllocation", Time since last: 84149118516 ns, Reaching safepoint: 118418 ns, At safepoint: 30062074 ns, Total: 30180492 ns
[2022-07-05T19:41:53.041+0000][8][gc,start    ] GC(404) Pause Young (Normal) (G1 Evacuation Pause)
[2022-07-05T19:41:53.043+0000][8][gc,task     ] GC(404) Using 4 workers of 4 for evacuation
[2022-07-05T19:41:53.043+0000][8][gc,age      ] GC(404) Desired survivor size 20971520 bytes, new threshold 15 (max threshold 15)
[2022-07-05T19:41:53.049+0000][8][gc,phases   ] GC(404)   Pre Evacuate Collection Set: 0.3ms
[2022-07-05T19:41:53.051+0000][8][gc,phases   ] GC(404)   Merge Heap Roots: 0.3ms
[2022-07-05T19:41:53.051+0000][8][gc,phases   ] GC(404)   Evacuate Collection Set: 2.6ms
[2022-07-05T19:41:53.052+0000][8][gc,phases   ] GC(404)   Post Evacuate Collection Set: 1.9ms
[2022-07-05T19:41:53.052+0000][8][gc,phases   ] GC(404)   Other: 1.6ms
[2022-07-05T19:41:53.053+0000][8][gc,age      ] GC(404) Age table with threshold 15 (max threshold 15)
[2022-07-05T19:41:53.053+0000][8][gc,age      ] GC(404) - age   1:     967248 bytes,     967248 total
[2022-07-05T19:41:53.054+0000][8][gc,age      ] GC(404) - age   2:       1952 bytes,     969200 total
[2022-07-05T19:41:53.054+0000][8][gc,age      ] GC(404) - age   3:       9256 bytes,     978456 total
[2022-07-05T19:41:53.055+0000][8][gc,age      ] GC(404) - age   4:        296 bytes,     978752 total
[2022-07-05T19:41:53.056+0000][8][gc,age      ] GC(404) - age   5:         72 bytes,     978824 total
[2022-07-05T19:41:53.057+0000][8][gc,age      ] GC(404) - age   6:        184 bytes,     979008 total
[2022-07-05T19:41:53.057+0000][8][gc,age      ] GC(404) - age   7:        248 bytes,     979256 total
[2022-07-05T19:41:53.058+0000][8][gc,age      ] GC(404) - age   8:        128 bytes,     979384 total
[2022-07-05T19:41:53.059+0000][8][gc,age      ] GC(404) - age   9:       4664 bytes,     984048 total
[2022-07-05T19:41:53.060+0000][8][gc,age      ] GC(404) - age  10:        184 bytes,     984232 total
[2022-07-05T19:41:53.060+0000][8][gc,age      ] GC(404) - age  11:       8504 bytes,     992736 total
[2022-07-05T19:41:53.061+0000][8][gc,age      ] GC(404) - age  12:       4680 bytes,     997416 total
[2022-07-05T19:41:53.061+0000][8][gc,age      ] GC(404) - age  15:     161376 bytes,    1158792 total
[2022-07-05T19:41:53.062+0000][8][gc,heap     ] GC(404) Eden regions: 75->0(75)
[2022-07-05T19:41:53.063+0000][8][gc,heap     ] GC(404) Survivor regions: 1->1(10)
[2022-07-05T19:41:53.063+0000][8][gc,heap     ] GC(404) Old regions: 24->24
[2022-07-05T19:41:53.064+0000][8][gc,heap     ] GC(404) Archive regions: 2->2
[2022-07-05T19:41:53.065+0000][8][gc,heap     ] GC(404) Humongous regions: 0->0
[2022-07-05T19:41:53.066+0000][8][gc,metaspace] GC(404) Metaspace: 128715K(132096K)->128715K(132096K) NonClass: 111851K(113536K)->111851K(113536K) Class: 16864K(18560K)->16864K(18560K)
[2022-07-05T19:41:53.067+0000][8][gc          ] GC(404) Pause Young (Normal) (G1 Evacuation Pause) 397M->97M(512M) 25.258ms
[2022-07-05T19:41:53.067+0000][8][gc,cpu      ] GC(404) User=0.01s Sys=0.00s Real=0.03s
[2022-07-05T19:41:53.068+0000][8][safepoint   ] Safepoint "G1CollectForAllocation", Time since last: 83880670158 ns, Reaching safepoint: 207030 ns, At safepoint: 27017344 ns, Total: 27224374 ns
[2022-07-05T19:43:17.015+0000][8][gc,start    ] GC(405) Pause Young (Normal) (G1 Evacuation Pause)
[2022-07-05T19:43:17.017+0000][8][gc,task     ] GC(405) Using 4 workers of 4 for evacuation
[2022-07-05T19:43:17.018+0000][8][gc,age      ] GC(405) Desired survivor size 20971520 bytes, new threshold 15 (max threshold 15)
[2022-07-05T19:43:17.022+0000][8][gc,phases   ] GC(405)   Pre Evacuate Collection Set: 0.1ms
[2022-07-05T19:43:17.023+0000][8][gc,phases   ] GC(405)   Merge Heap Roots: 0.0ms
[2022-07-05T19:43:17.026+0000][8][gc,phases   ] GC(405)   Evacuate Collection Set: 1.9ms
[2022-07-05T19:43:17.027+0000][8][gc,phases   ] GC(405)   Post Evacuate Collection Set: 1.1ms
[2022-07-05T19:43:17.028+0000][8][gc,phases   ] GC(405)   Other: 1.4ms
[2022-07-05T19:43:17.029+0000][8][gc,age      ] GC(405) Age table with threshold 15 (max threshold 15)
[2022-07-05T19:43:17.030+0000][8][gc,age      ] GC(405) - age   1:     799496 bytes,     799496 total
[2022-07-05T19:43:17.030+0000][8][gc,age      ] GC(405) - age   2:       3728 bytes,     803224 total
[2022-07-05T19:43:17.031+0000][8][gc,age      ] GC(405) - age   3:        280 bytes,     803504 total
[2022-07-05T19:43:17.031+0000][8][gc,age      ] GC(405) - age   4:       8832 bytes,     812336 total
[2022-07-05T19:43:17.032+0000][8][gc,age      ] GC(405) - age   5:        296 bytes,     812632 total
[2022-07-05T19:43:17.032+0000][8][gc,age      ] GC(405) - age   6:         72 bytes,     812704 total
[2022-07-05T19:43:17.033+0000][8][gc,age      ] GC(405) - age   7:        184 bytes,     812888 total
[2022-07-05T19:43:17.034+0000][8][gc,age      ] GC(405) - age   8:         64 bytes,     812952 total
[2022-07-05T19:43:17.034+0000][8][gc,age      ] GC(405) - age   9:        128 bytes,     813080 total
[2022-07-05T19:43:17.035+0000][8][gc,age      ] GC(405) - age  10:       4664 bytes,     817744 total
[2022-07-05T19:43:17.035+0000][8][gc,age      ] GC(405) - age  11:        184 bytes,     817928 total
[2022-07-05T19:43:17.036+0000][8][gc,age      ] GC(405) - age  12:       8504 bytes,     826432 total
[2022-07-05T19:43:17.037+0000][8][gc,age      ] GC(405) - age  13:       4680 bytes,     831112 total
[2022-07-05T19:43:17.037+0000][8][gc,heap     ] GC(405) Eden regions: 75->0(75)
[2022-07-05T19:43:17.039+0000][8][gc,heap     ] GC(405) Survivor regions: 1->1(10)
[2022-07-05T19:43:17.039+0000][8][gc,heap     ] GC(405) Old regions: 24->24
[2022-07-05T19:43:17.040+0000][8][gc,heap     ] GC(405) Archive regions: 2->2
[2022-07-05T19:43:17.043+0000][8][gc,heap     ] GC(405) Humongous regions: 0->0
[2022-07-05T19:43:17.044+0000][8][gc,metaspace] GC(405) Metaspace: 128716K(132096K)->128716K(132096K) NonClass: 111851K(113536K)->111851K(113536K) Class: 16864K(18560K)->16864K(18560K)
[2022-07-05T19:43:17.045+0000][8][gc          ] GC(405) Pause Young (Normal) (G1 Evacuation Pause) 397M->97M(512M) 30.059ms
[2022-07-05T19:43:17.046+0000][8][gc,cpu      ] GC(405) User=0.01s Sys=0.01s Real=0.03s
[2022-07-05T19:43:17.046+0000][8][safepoint   ] Safepoint "G1CollectForAllocation", Time since last: 84012167390 ns, Reaching safepoint: 53002 ns, At safepoint: 31611460 ns, Total: 31664462 ns
[2022-07-05T19:43:25.061+0000][8][safepoint   ] Safepoint "Cleanup", Time since last: 8014488242 ns, Reaching safepoint: 201893 ns, At safepoint: 7685 ns, Total: 209578 ns
[2022-07-05T19:44:41.027+0000][8][gc,start    ] GC(406) Pause Young (Normal) (G1 Evacuation Pause)
[2022-07-05T19:44:41.028+0000][8][gc,task     ] GC(406) Using 4 workers of 4 for evacuation
[2022-07-05T19:44:41.029+0000][8][gc,age      ] GC(406) Desired survivor size 20971520 bytes, new threshold 15 (max threshold 15)
[2022-07-05T19:44:41.033+0000][8][gc,phases   ] GC(406)   Pre Evacuate Collection Set: 0.2ms
[2022-07-05T19:44:41.033+0000][8][gc,phases   ] GC(406)   Merge Heap Roots: 0.1ms
[2022-07-05T19:44:41.034+0000][8][gc,phases   ] GC(406)   Evacuate Collection Set: 1.3ms
[2022-07-05T19:44:41.035+0000][8][gc,phases   ] GC(406)   Post Evacuate Collection Set: 1.1ms
[2022-07-05T19:44:41.037+0000][8][gc,phases   ] GC(406)   Other: 1.6ms
[2022-07-05T19:44:41.039+0000][8][gc,age      ] GC(406) Age table with threshold 15 (max threshold 15)
[2022-07-05T19:44:41.040+0000][8][gc,age      ] GC(406) - age   1:     779536 bytes,     779536 total
[2022-07-05T19:44:41.041+0000][8][gc,age      ] GC(406) - age   2:        888 bytes,     780424 total
[2022-07-05T19:44:41.042+0000][8][gc,age      ] GC(406) - age   3:       2704 bytes,     783128 total
[2022-07-05T19:44:41.042+0000][8][gc,age      ] GC(406) - age   4:         32 bytes,     783160 total
[2022-07-05T19:44:41.043+0000][8][gc,age      ] GC(406) - age   5:       8768 bytes,     791928 total
[2022-07-05T19:44:41.043+0000][8][gc,age      ] GC(406) - age   6:        272 bytes,     792200 total
[2022-07-05T19:44:41.044+0000][8][gc,age      ] GC(406) - age   7:         72 bytes,     792272 total
[2022-07-05T19:44:41.044+0000][8][gc,age      ] GC(406) - age   8:        184 bytes,     792456 total
[2022-07-05T19:44:41.045+0000][8][gc,age      ] GC(406) - age   9:         64 bytes,     792520 total
[2022-07-05T19:44:41.045+0000][8][gc,age      ] GC(406) - age  10:        128 bytes,     792648 total
[2022-07-05T19:44:41.046+0000][8][gc,age      ] GC(406) - age  11:       4664 bytes,     797312 total
[2022-07-05T19:44:41.047+0000][8][gc,age      ] GC(406) - age  12:        184 bytes,     797496 total
[2022-07-05T19:44:41.047+0000][8][gc,age      ] GC(406) - age  13:       8504 bytes,     806000 total
[2022-07-05T19:44:41.048+0000][8][gc,age      ] GC(406) - age  14:       4680 bytes,     810680 total
[2022-07-05T19:44:41.048+0000][8][gc,heap     ] GC(406) Eden regions: 75->0(75)
[2022-07-05T19:44:41.049+0000][8][gc,heap     ] GC(406) Survivor regions: 1->1(10)
[2022-07-05T19:44:41.050+0000][8][gc,heap     ] GC(406) Old regions: 24->24
[2022-07-05T19:44:41.050+0000][8][gc,heap     ] GC(406) Archive regions: 2->2
[2022-07-05T19:44:41.051+0000][8][gc,heap     ] GC(406) Humongous regions: 0->0
[2022-07-05T19:44:41.058+0000][8][gc,metaspace] GC(406) Metaspace: 128716K(132096K)->128716K(132096K) NonClass: 111851K(113536K)->111851K(113536K) Class: 16864K(18560K)->16864K(18560K)
[2022-07-05T19:44:41.060+0000][8][gc          ] GC(406) Pause Young (Normal) (G1 Evacuation Pause) 397M->97M(512M) 32.692ms
[2022-07-05T19:44:41.061+0000][8][gc,cpu      ] GC(406) User=0.01s Sys=0.00s Real=0.03s
[2022-07-05T19:44:41.064+0000][8][safepoint   ] Safepoint "G1CollectForAllocation", Time since last: 76030364452 ns, Reaching safepoint: 72652 ns, At safepoint: 37015349 ns, Total: 37088001 ns
[2022-07-05T19:46:05.728+0000][8][gc,start    ] GC(407) Pause Young (Normal) (G1 Evacuation Pause)
[2022-07-05T19:46:05.732+0000][8][gc,task     ] GC(407) Using 4 workers of 4 for evacuation
[2022-07-05T19:46:05.734+0000][8][gc,age      ] GC(407) Desired survivor size 20971520 bytes, new threshold 15 (max threshold 15)
[2022-07-05T19:46:05.739+0000][8][gc,phases   ] GC(407)   Pre Evacuate Collection Set: 0.2ms
[2022-07-05T19:46:05.740+0000][8][gc,phases   ] GC(407)   Merge Heap Roots: 0.1ms
[2022-07-05T19:46:05.741+0000][8][gc,phases   ] GC(407)   Evacuate Collection Set: 2.8ms
[2022-07-05T19:46:05.742+0000][8][gc,phases   ] GC(407)   Post Evacuate Collection Set: 1.2ms
[2022-07-05T19:46:05.742+0000][8][gc,phases   ] GC(407)   Other: 2.3ms
[2022-07-05T19:46:05.743+0000][8][gc,age      ] GC(407) Age table with threshold 15 (max threshold 15)
[2022-07-05T19:46:05.744+0000][8][gc,age      ] GC(407) - age   1:    1684800 bytes,    1684800 total
[2022-07-05T19:46:05.745+0000][8][gc,age      ] GC(407) - age   2:        816 bytes,    1685616 total
[2022-07-05T19:46:05.746+0000][8][gc,age      ] GC(407) - age   3:        184 bytes,    1685800 total
[2022-07-05T19:46:05.747+0000][8][gc,age      ] GC(407) - age   4:       2608 bytes,    1688408 total
[2022-07-05T19:46:05.748+0000][8][gc,age      ] GC(407) - age   5:         32 bytes,    1688440 total
[2022-07-05T19:46:05.749+0000][8][gc,age      ] GC(407) - age   6:       8768 bytes,    1697208 total
[2022-07-05T19:46:05.750+0000][8][gc,age      ] GC(407) - age   7:        272 bytes,    1697480 total
[2022-07-05T19:46:05.751+0000][8][gc,age      ] GC(407) - age   8:         72 bytes,    1697552 total
[2022-07-05T19:46:05.752+0000][8][gc,age      ] GC(407) - age   9:        184 bytes,    1697736 total
[2022-07-05T19:46:05.752+0000][8][gc,age      ] GC(407) - age  10:         64 bytes,    1697800 total
[2022-07-05T19:46:05.753+0000][8][gc,age      ] GC(407) - age  11:        128 bytes,    1697928 total
[2022-07-05T19:46:05.754+0000][8][gc,age      ] GC(407) - age  12:       4664 bytes,    1702592 total
[2022-07-05T19:46:05.754+0000][8][gc,age      ] GC(407) - age  13:        184 bytes,    1702776 total
[2022-07-05T19:46:05.755+0000][8][gc,age      ] GC(407) - age  14:       8504 bytes,    1711280 total
[2022-07-05T19:46:05.756+0000][8][gc,age      ] GC(407) - age  15:       4680 bytes,    1715960 total
[2022-07-05T19:46:05.756+0000][8][gc,heap     ] GC(407) Eden regions: 75->0(75)
[2022-07-05T19:46:05.757+0000][8][gc,heap     ] GC(407) Survivor regions: 1->1(10)
[2022-07-05T19:46:05.758+0000][8][gc,heap     ] GC(407) Old regions: 24->24
[2022-07-05T19:46:05.758+0000][8][gc,heap     ] GC(407) Archive regions: 2->2
[2022-07-05T19:46:05.759+0000][8][gc,heap     ] GC(407) Humongous regions: 0->0
[2022-07-05T19:46:05.760+0000][8][gc,metaspace] GC(407) Metaspace: 128716K(132096K)->128716K(132096K) NonClass: 111851K(113536K)->111851K(113536K) Class: 16864K(18560K)->16864K(18560K)
[2022-07-05T19:46:05.760+0000][8][gc          ] GC(407) Pause Young (Normal) (G1 Evacuation Pause) 397M->98M(512M) 31.875ms
[2022-07-05T19:46:05.761+0000][8][gc,cpu      ] GC(407) User=0.00s Sys=0.00s Real=0.03s
[2022-07-05T19:46:05.762+0000][8][safepoint   ] Safepoint "G1CollectForAllocation", Time since last: 84729207553 ns, Reaching safepoint: 557600 ns, At safepoint: 33296148 ns, Total: 33853748 ns
[2022-07-05T19:47:28.984+0000][8][gc,start    ] GC(408) Pause Young (Normal) (G1 Evacuation Pause)
[2022-07-05T19:47:28.987+0000][8][gc,task     ] GC(408) Using 4 workers of 4 for evacuation
[2022-07-05T19:47:28.988+0000][8][gc,age      ] GC(408) Desired survivor size 20971520 bytes, new threshold 15 (max threshold 15)
[2022-07-05T19:47:28.992+0000][8][gc,phases   ] GC(408)   Pre Evacuate Collection Set: 0.2ms
[2022-07-05T19:47:28.994+0000][8][gc,phases   ] GC(408)   Merge Heap Roots: 0.2ms
[2022-07-05T19:47:28.996+0000][8][gc,phases   ] GC(408)   Evacuate Collection Set: 1.1ms
[2022-07-05T19:47:28.996+0000][8][gc,phases   ] GC(408)   Post Evacuate Collection Set: 2.0ms
[2022-07-05T19:47:28.997+0000][8][gc,phases   ] GC(408)   Other: 1.5ms
[2022-07-05T19:47:28.998+0000][8][gc,age      ] GC(408) Age table with threshold 15 (max threshold 15)
[2022-07-05T19:47:28.998+0000][8][gc,age      ] GC(408) - age   1:     356040 bytes,     356040 total
[2022-07-05T19:47:28.999+0000][8][gc,age      ] GC(408) - age   2:       2344 bytes,     358384 total
[2022-07-05T19:47:29.000+0000][8][gc,age      ] GC(408) - age   3:        184 bytes,     358568 total
[2022-07-05T19:47:29.000+0000][8][gc,age      ] GC(408) - age   4:        184 bytes,     358752 total
[2022-07-05T19:47:29.001+0000][8][gc,age      ] GC(408) - age   5:       2608 bytes,     361360 total
[2022-07-05T19:47:29.001+0000][8][gc,age      ] GC(408) - age   6:         32 bytes,     361392 total
[2022-07-05T19:47:29.002+0000][8][gc,age      ] GC(408) - age   7:       8768 bytes,     370160 total
[2022-07-05T19:47:29.002+0000][8][gc,age      ] GC(408) - age   8:         88 bytes,     370248 total
[2022-07-05T19:47:29.003+0000][8][gc,age      ] GC(408) - age   9:         72 bytes,     370320 total
[2022-07-05T19:47:29.003+0000][8][gc,age      ] GC(408) - age  10:        184 bytes,     370504 total
[2022-07-05T19:47:29.004+0000][8][gc,age      ] GC(408) - age  11:         64 bytes,     370568 total
[2022-07-05T19:47:29.004+0000][8][gc,age      ] GC(408) - age  12:        128 bytes,     370696 total
[2022-07-05T19:47:29.005+0000][8][gc,age      ] GC(408) - age  13:       4664 bytes,     375360 total
[2022-07-05T19:47:29.006+0000][8][gc,age      ] GC(408) - age  14:        184 bytes,     375544 total
[2022-07-05T19:47:29.006+0000][8][gc,age      ] GC(408) - age  15:       8504 bytes,     384048 total
[2022-07-05T19:47:29.007+0000][8][gc,heap     ] GC(408) Eden regions: 75->0(75)
[2022-07-05T19:47:29.010+0000][8][gc,heap     ] GC(408) Survivor regions: 1->1(10)
[2022-07-05T19:47:29.012+0000][8][gc,heap     ] GC(408) Old regions: 24->24
[2022-07-05T19:47:29.013+0000][8][gc,heap     ] GC(408) Archive regions: 2->2
[2022-07-05T19:47:29.013+0000][8][gc,heap     ] GC(408) Humongous regions: 0->0
[2022-07-05T19:47:29.014+0000][8][gc,metaspace] GC(408) Metaspace: 128716K(132096K)->128716K(132096K) NonClass: 111851K(113536K)->111851K(113536K) Class: 16864K(18560K)->16864K(18560K)
[2022-07-05T19:47:29.015+0000][8][gc          ] GC(408) Pause Young (Normal) (G1 Evacuation Pause) 398M->97M(512M) 30.515ms
[2022-07-05T19:47:29.015+0000][8][gc,cpu      ] GC(408) User=0.00s Sys=0.00s Real=0.03s
[2022-07-05T19:47:29.016+0000][8][safepoint   ] Safepoint "G1CollectForAllocation", Time since last: 83287200796 ns, Reaching safepoint: 146020 ns, At safepoint: 31537754 ns, Total: 31683774 ns
[2022-07-05T19:48:58.983+0000][8][gc,start    ] GC(409) Pause Young (Normal) (G1 Evacuation Pause)
[2022-07-05T19:48:58.986+0000][8][gc,task     ] GC(409) Using 4 workers of 4 for evacuation
[2022-07-05T19:48:58.986+0000][8][gc,age      ] GC(409) Desired survivor size 20971520 bytes, new threshold 15 (max threshold 15)
[2022-07-05T19:48:58.990+0000][8][gc,phases   ] GC(409)   Pre Evacuate Collection Set: 0.2ms
[2022-07-05T19:48:58.993+0000][8][gc,phases   ] GC(409)   Merge Heap Roots: 0.1ms
[2022-07-05T19:48:58.994+0000][8][gc,phases   ] GC(409)   Evacuate Collection Set: 1.6ms
[2022-07-05T19:48:58.995+0000][8][gc,phases   ] GC(409)   Post Evacuate Collection Set: 1.3ms
[2022-07-05T19:48:58.995+0000][8][gc,phases   ] GC(409)   Other: 1.3ms
[2022-07-05T19:48:58.996+0000][8][gc,age      ] GC(409) Age table with threshold 15 (max threshold 15)
[2022-07-05T19:48:58.997+0000][8][gc,age      ] GC(409) - age   1:    1408792 bytes,    1408792 total
[2022-07-05T19:48:58.997+0000][8][gc,age      ] GC(409) - age   2:        736 bytes,    1409528 total
[2022-07-05T19:48:58.998+0000][8][gc,age      ] GC(409) - age   3:         96 bytes,    1409624 total
[2022-07-05T19:48:58.998+0000][8][gc,age      ] GC(409) - age   4:        184 bytes,    1409808 total
[2022-07-05T19:48:58.999+0000][8][gc,age      ] GC(409) - age   5:        184 bytes,    1409992 total
[2022-07-05T19:48:59.000+0000][8][gc,age      ] GC(409) - age   6:       2312 bytes,    1412304 total
[2022-07-05T19:48:59.000+0000][8][gc,age      ] GC(409) - age   7:         32 bytes,    1412336 total
[2022-07-05T19:48:59.001+0000][8][gc,age      ] GC(409) - age   8:       8616 bytes,    1420952 total
[2022-07-05T19:48:59.001+0000][8][gc,age      ] GC(409) - age   9:         88 bytes,    1421040 total
[2022-07-05T19:48:59.002+0000][8][gc,age      ] GC(409) - age  10:         72 bytes,    1421112 total
[2022-07-05T19:48:59.002+0000][8][gc,age      ] GC(409) - age  11:        184 bytes,    1421296 total
[2022-07-05T19:48:59.003+0000][8][gc,age      ] GC(409) - age  12:         64 bytes,    1421360 total
[2022-07-05T19:48:59.003+0000][8][gc,age      ] GC(409) - age  13:         96 bytes,    1421456 total
[2022-07-05T19:48:59.004+0000][8][gc,age      ] GC(409) - age  14:       4664 bytes,    1426120 total
[2022-07-05T19:48:59.004+0000][8][gc,age      ] GC(409) - age  15:        184 bytes,    1426304 total
[2022-07-05T19:48:59.005+0000][8][gc,heap     ] GC(409) Eden regions: 75->0(75)
[2022-07-05T19:48:59.008+0000][8][gc,heap     ] GC(409) Survivor regions: 1->1(10)
[2022-07-05T19:48:59.010+0000][8][gc,heap     ] GC(409) Old regions: 24->24
[2022-07-05T19:48:59.011+0000][8][gc,heap     ] GC(409) Archive regions: 2->2
[2022-07-05T19:48:59.011+0000][8][gc,heap     ] GC(409) Humongous regions: 0->0
[2022-07-05T19:48:59.012+0000][8][gc,metaspace] GC(409) Metaspace: 128716K(132096K)->128716K(132096K) NonClass: 111851K(113536K)->111851K(113536K) Class: 16864K(18560K)->16864K(18560K)
[2022-07-05T19:48:59.013+0000][8][gc          ] GC(409) Pause Young (Normal) (G1 Evacuation Pause) 397M->97M(512M) 29.495ms
[2022-07-05T19:48:59.013+0000][8][gc,cpu      ] GC(409) User=0.01s Sys=0.00s Real=0.03s
[2022-07-05T19:48:59.014+0000][8][safepoint   ] Safepoint "G1CollectForAllocation", Time since last: 90032414428 ns, Reaching safepoint: 100980 ns, At safepoint: 30640372 ns, Total: 30741352 ns
[2022-07-05T19:49:00.042+0000][8][safepoint   ] Safepoint "Cleanup", Time since last: 1028387970 ns, Reaching safepoint: 162169 ns, At safepoint: 6335 ns, Total: 168504 ns
[2022-07-05T19:50:22.965+0000][8][gc,start    ] GC(410) Pause Young (Normal) (G1 Evacuation Pause)
[2022-07-05T19:50:22.968+0000][8][gc,task     ] GC(410) Using 4 workers of 4 for evacuation
[2022-07-05T19:50:22.968+0000][8][gc,age      ] GC(410) Desired survivor size 20971520 bytes, new threshold 15 (max threshold 15)
[2022-07-05T19:50:22.975+0000][8][gc,phases   ] GC(410)   Pre Evacuate Collection Set: 0.2ms
[2022-07-05T19:50:22.976+0000][8][gc,phases   ] GC(410)   Merge Heap Roots: 0.1ms
[2022-07-05T19:50:22.977+0000][8][gc,phases   ] GC(410)   Evacuate Collection Set: 2.6ms
[2022-07-05T19:50:22.978+0000][8][gc,phases   ] GC(410)   Post Evacuate Collection Set: 2.8ms
[2022-07-05T19:50:22.979+0000][8][gc,phases   ] GC(410)   Other: 1.5ms
[2022-07-05T19:50:22.979+0000][8][gc,age      ] GC(410) Age table with threshold 15 (max threshold 15)
[2022-07-05T19:50:22.980+0000][8][gc,age      ] GC(410) - age   1:    1252928 bytes,    1252928 total
[2022-07-05T19:50:22.980+0000][8][gc,age      ] GC(410) - age   2:       2552 bytes,    1255480 total
[2022-07-05T19:50:22.981+0000][8][gc,age      ] GC(410) - age   3:        480 bytes,    1255960 total
[2022-07-05T19:50:22.981+0000][8][gc,age      ] GC(410) - age   4:         96 bytes,    1256056 total
[2022-07-05T19:50:22.982+0000][8][gc,age      ] GC(410) - age   5:        184 bytes,    1256240 total
[2022-07-05T19:50:22.983+0000][8][gc,age      ] GC(410) - age   6:        184 bytes,    1256424 total
[2022-07-05T19:50:22.983+0000][8][gc,age      ] GC(410) - age   7:       2312 bytes,    1258736 total
[2022-07-05T19:50:22.984+0000][8][gc,age      ] GC(410) - age   8:         32 bytes,    1258768 total
[2022-07-05T19:50:22.984+0000][8][gc,age      ] GC(410) - age   9:       8616 bytes,    1267384 total
[2022-07-05T19:50:22.985+0000][8][gc,age      ] GC(410) - age  10:         88 bytes,    1267472 total
[2022-07-05T19:50:22.986+0000][8][gc,age      ] GC(410) - age  11:         72 bytes,    1267544 total
[2022-07-05T19:50:22.987+0000][8][gc,age      ] GC(410) - age  12:        184 bytes,    1267728 total
[2022-07-05T19:50:22.987+0000][8][gc,age      ] GC(410) - age  13:         64 bytes,    1267792 total
[2022-07-05T19:50:22.988+0000][8][gc,age      ] GC(410) - age  14:         96 bytes,    1267888 total
[2022-07-05T19:50:22.991+0000][8][gc,age      ] GC(410) - age  15:       4664 bytes,    1272552 total
[2022-07-05T19:50:22.992+0000][8][gc,heap     ] GC(410) Eden regions: 75->0(75)
[2022-07-05T19:50:22.993+0000][8][gc,heap     ] GC(410) Survivor regions: 1->1(10)
[2022-07-05T19:50:22.994+0000][8][gc,heap     ] GC(410) Old regions: 24->24
[2022-07-05T19:50:22.994+0000][8][gc,heap     ] GC(410) Archive regions: 2->2
[2022-07-05T19:50:22.995+0000][8][gc,heap     ] GC(410) Humongous regions: 0->0
[2022-07-05T19:50:22.996+0000][8][gc,metaspace] GC(410) Metaspace: 128718K(132096K)->128718K(132096K) NonClass: 111854K(113536K)->111854K(113536K) Class: 16864K(18560K)->16864K(18560K)
[2022-07-05T19:50:22.996+0000][8][gc          ] GC(410) Pause Young (Normal) (G1 Evacuation Pause) 397M->97M(512M) 31.274ms
[2022-07-05T19:50:22.997+0000][8][gc,cpu      ] GC(410) User=0.01s Sys=0.01s Real=0.03s
[2022-07-05T19:50:22.998+0000][8][safepoint   ] Safepoint "G1CollectForAllocation", Time since last: 82965364174 ns, Reaching safepoint: 125949 ns, At safepoint: 32531892 ns, Total: 32657841 ns
[2022-07-05T19:51:25.020+0000][8][safepoint   ] Safepoint "Cleanup", Time since last: 62088397068 ns, Reaching safepoint: 327343 ns, At safepoint: 91242 ns, Total: 418585 ns
[2022-07-05T19:51:43.944+0000][8][gc,start    ] GC(411) Pause Young (Normal) (G1 Evacuation Pause)
[2022-07-05T19:51:43.945+0000][8][gc,task     ] GC(411) Using 4 workers of 4 for evacuation
[2022-07-05T19:51:43.946+0000][8][gc,age      ] GC(411) Desired survivor size 20971520 bytes, new threshold 15 (max threshold 15)
[2022-07-05T19:51:43.952+0000][8][gc,phases   ] GC(411)   Pre Evacuate Collection Set: 0.2ms
[2022-07-05T19:51:43.952+0000][8][gc,phases   ] GC(411)   Merge Heap Roots: 0.1ms
[2022-07-05T19:51:43.953+0000][8][gc,phases   ] GC(411)   Evacuate Collection Set: 2.6ms
[2022-07-05T19:51:43.954+0000][8][gc,phases   ] GC(411)   Post Evacuate Collection Set: 2.3ms
[2022-07-05T19:51:43.955+0000][8][gc,phases   ] GC(411)   Other: 1.5ms
[2022-07-05T19:51:43.955+0000][8][gc,age      ] GC(411) Age table with threshold 15 (max threshold 15)
[2022-07-05T19:51:43.956+0000][8][gc,age      ] GC(411) - age   1:    1265104 bytes,    1265104 total
[2022-07-05T19:51:43.957+0000][8][gc,age      ] GC(411) - age   2:       1616 bytes,    1266720 total
[2022-07-05T19:51:43.957+0000][8][gc,age      ] GC(411) - age   3:        456 bytes,    1267176 total
[2022-07-05T19:51:43.958+0000][8][gc,age      ] GC(411) - age   4:        296 bytes,    1267472 total
[2022-07-05T19:51:43.958+0000][8][gc,age      ] GC(411) - age   6:        184 bytes,    1267656 total
[2022-07-05T19:51:43.959+0000][8][gc,age      ] GC(411) - age   7:        184 bytes,    1267840 total
[2022-07-05T19:51:43.959+0000][8][gc,age      ] GC(411) - age   8:        392 bytes,    1268232 total
[2022-07-05T19:51:43.960+0000][8][gc,age      ] GC(411) - age  10:        600 bytes,    1268832 total
[2022-07-05T19:51:43.961+0000][8][gc,age      ] GC(411) - age  11:         88 bytes,    1268920 total
[2022-07-05T19:51:43.961+0000][8][gc,age      ] GC(411) - age  12:         72 bytes,    1268992 total
[2022-07-05T19:51:43.962+0000][8][gc,age      ] GC(411) - age  13:        184 bytes,    1269176 total
[2022-07-05T19:51:43.962+0000][8][gc,age      ] GC(411) - age  14:         64 bytes,    1269240 total
[2022-07-05T19:51:43.963+0000][8][gc,age      ] GC(411) - age  15:         96 bytes,    1269336 total
[2022-07-05T19:51:43.964+0000][8][gc,heap     ] GC(411) Eden regions: 75->0(75)
[2022-07-05T19:51:43.964+0000][8][gc,heap     ] GC(411) Survivor regions: 1->1(10)
[2022-07-05T19:51:43.971+0000][8][gc,heap     ] GC(411) Old regions: 24->24
[2022-07-05T19:51:43.973+0000][8][gc,heap     ] GC(411) Archive regions: 2->2
[2022-07-05T19:51:43.974+0000][8][gc,heap     ] GC(411) Humongous regions: 0->0
[2022-07-05T19:51:43.975+0000][8][gc,metaspace] GC(411) Metaspace: 128718K(132096K)->128718K(132096K) NonClass: 111854K(113536K)->111854K(113536K) Class: 16864K(18560K)->16864K(18560K)
[2022-07-05T19:51:43.976+0000][8][gc          ] GC(411) Pause Young (Normal) (G1 Evacuation Pause) 397M->97M(512M) 32.020ms
[2022-07-05T19:51:43.976+0000][8][gc,cpu      ] GC(411) User=0.01s Sys=0.01s Real=0.03s
[2022-07-05T19:51:43.977+0000][8][safepoint   ] Safepoint "G1CollectForAllocation", Time since last: 18923213833 ns, Reaching safepoint: 167437 ns, At safepoint: 33227271 ns, Total: 33394708 ns
[2022-07-05T19:53:11.130+0000][8][gc,start    ] GC(412) Pause Young (Normal) (G1 Evacuation Pause)
[2022-07-05T19:53:11.173+0000][8][gc,task     ] GC(412) Using 4 workers of 4 for evacuation
[2022-07-05T19:53:11.193+0000][8][gc,age      ] GC(412) Desired survivor size 20971520 bytes, new threshold 15 (max threshold 15)
[2022-07-05T19:53:11.215+0000][8][gc,phases   ] GC(412)   Pre Evacuate Collection Set: 0.5ms
[2022-07-05T19:53:11.218+0000][8][gc,phases   ] GC(412)   Merge Heap Roots: 0.1ms
[2022-07-05T19:53:11.219+0000][8][gc,phases   ] GC(412)   Evacuate Collection Set: 9.5ms
[2022-07-05T19:53:11.221+0000][8][gc,phases   ] GC(412)   Post Evacuate Collection Set: 2.6ms
[2022-07-05T19:53:11.223+0000][8][gc,phases   ] GC(412)   Other: 29.6ms
[2022-07-05T19:53:11.229+0000][8][gc,age      ] GC(412) Age table with threshold 15 (max threshold 15)
[2022-07-05T19:53:11.232+0000][8][gc,age      ] GC(412) - age   1:    1266376 bytes,    1266376 total
[2022-07-05T19:53:11.234+0000][8][gc,age      ] GC(412) - age   2:       3512 bytes,    1269888 total
[2022-07-05T19:53:11.236+0000][8][gc,age      ] GC(412) - age   4:        392 bytes,    1270280 total
[2022-07-05T19:53:11.237+0000][8][gc,age      ] GC(412) - age   7:        184 bytes,    1270464 total
[2022-07-05T19:53:11.238+0000][8][gc,age      ] GC(412) - age   8:        184 bytes,    1270648 total
[2022-07-05T19:53:11.240+0000][8][gc,age      ] GC(412) - age   9:        392 bytes,    1271040 total
[2022-07-05T19:53:11.242+0000][8][gc,age      ] GC(412) - age  11:        416 bytes,    1271456 total
[2022-07-05T19:53:11.242+0000][8][gc,age      ] GC(412) - age  12:         88 bytes,    1271544 total
[2022-07-05T19:53:11.243+0000][8][gc,age      ] GC(412) - age  13:         72 bytes,    1271616 total
[2022-07-05T19:53:11.244+0000][8][gc,age      ] GC(412) - age  14:        184 bytes,    1271800 total
[2022-07-05T19:53:11.246+0000][8][gc,age      ] GC(412) - age  15:         64 bytes,    1271864 total
[2022-07-05T19:53:11.248+0000][8][gc,heap     ] GC(412) Eden regions: 75->0(75)
[2022-07-05T19:53:11.249+0000][8][gc,heap     ] GC(412) Survivor regions: 1->1(10)
[2022-07-05T19:53:11.250+0000][8][gc,heap     ] GC(412) Old regions: 24->24
[2022-07-05T19:53:11.250+0000][8][gc,heap     ] GC(412) Archive regions: 2->2
[2022-07-05T19:53:11.251+0000][8][gc,heap     ] GC(412) Humongous regions: 0->0
[2022-07-05T19:53:11.252+0000][8][gc,metaspace] GC(412) Metaspace: 128720K(132096K)->128720K(132096K) NonClass: 111855K(113536K)->111855K(113536K) Class: 16864K(18560K)->16864K(18560K)
[2022-07-05T19:53:11.252+0000][8][gc          ] GC(412) Pause Young (Normal) (G1 Evacuation Pause) 397M->97M(512M) 122.797ms
[2022-07-05T19:53:11.253+0000][8][gc,cpu      ] GC(412) User=0.03s Sys=0.01s Real=0.12s
[2022-07-05T19:53:11.254+0000][8][safepoint   ] Safepoint "G1CollectForAllocation", Time since last: 87215988178 ns, Reaching safepoint: 604998 ns, At safepoint: 124265324 ns, Total: 124870322 ns
[2022-07-05T19:54:33.380+0000][8][gc,start    ] GC(413) Pause Young (Normal) (G1 Evacuation Pause)
[2022-07-05T19:54:33.383+0000][8][gc,task     ] GC(413) Using 4 workers of 4 for evacuation
[2022-07-05T19:54:33.384+0000][8][gc,age      ] GC(413) Desired survivor size 20971520 bytes, new threshold 15 (max threshold 15)
[2022-07-05T19:54:33.396+0000][8][gc,phases   ] GC(413)   Pre Evacuate Collection Set: 0.3ms
[2022-07-05T19:54:33.398+0000][8][gc,phases   ] GC(413)   Merge Heap Roots: 0.1ms
[2022-07-05T19:54:33.400+0000][8][gc,phases   ] GC(413)   Evacuate Collection Set: 3.3ms
[2022-07-05T19:54:33.401+0000][8][gc,phases   ] GC(413)   Post Evacuate Collection Set: 1.7ms
[2022-07-05T19:54:33.402+0000][8][gc,phases   ] GC(413)   Other: 7.3ms
[2022-07-05T19:54:33.402+0000][8][gc,age      ] GC(413) Age table with threshold 15 (max threshold 15)
[2022-07-05T19:54:33.403+0000][8][gc,age      ] GC(413) - age   1:     975040 bytes,     975040 total
[2022-07-05T19:54:33.404+0000][8][gc,age      ] GC(413) - age   2:       9544 bytes,     984584 total
[2022-07-05T19:54:33.404+0000][8][gc,age      ] GC(413) - age   3:       2624 bytes,     987208 total
[2022-07-05T19:54:33.409+0000][8][gc,age      ] GC(413) - age   5:        392 bytes,     987600 total
[2022-07-05T19:54:33.411+0000][8][gc,age      ] GC(413) - age   8:        184 bytes,     987784 total
[2022-07-05T19:54:33.413+0000][8][gc,age      ] GC(413) - age   9:        184 bytes,     987968 total
[2022-07-05T19:54:33.416+0000][8][gc,age      ] GC(413) - age  10:        392 bytes,     988360 total
[2022-07-05T19:54:33.418+0000][8][gc,age      ] GC(413) - age  12:        416 bytes,     988776 total
[2022-07-05T19:54:33.419+0000][8][gc,age      ] GC(413) - age  13:         88 bytes,     988864 total
[2022-07-05T19:54:33.419+0000][8][gc,age      ] GC(413) - age  14:         72 bytes,     988936 total
[2022-07-05T19:54:33.420+0000][8][gc,age      ] GC(413) - age  15:        184 bytes,     989120 total
[2022-07-05T19:54:33.420+0000][8][gc,heap     ] GC(413) Eden regions: 75->0(75)
[2022-07-05T19:54:33.421+0000][8][gc,heap     ] GC(413) Survivor regions: 1->1(10)
[2022-07-05T19:54:33.422+0000][8][gc,heap     ] GC(413) Old regions: 24->24
[2022-07-05T19:54:33.424+0000][8][gc,heap     ] GC(413) Archive regions: 2->2
[2022-07-05T19:54:33.428+0000][8][gc,heap     ] GC(413) Humongous regions: 0->0
[2022-07-05T19:54:33.430+0000][8][gc,metaspace] GC(413) Metaspace: 128722K(132096K)->128722K(132096K) NonClass: 111857K(113536K)->111857K(113536K) Class: 16864K(18560K)->16864K(18560K)
[2022-07-05T19:54:33.432+0000][8][gc          ] GC(413) Pause Young (Normal) (G1 Evacuation Pause) 397M->97M(512M) 51.805ms
[2022-07-05T19:54:33.434+0000][8][gc,cpu      ] GC(413) User=0.00s Sys=0.00s Real=0.05s
[2022-07-05T19:54:33.439+0000][8][safepoint   ] Safepoint "G1CollectForAllocation", Time since last: 82190719202 ns, Reaching safepoint: 97374 ns, At safepoint: 58609030 ns, Total: 58706404 ns
[2022-07-05T19:54:44.453+0000][8][safepoint   ] Safepoint "Cleanup", Time since last: 11013432606 ns, Reaching safepoint: 457887 ns, At safepoint: 62037 ns, Total: 519924 ns
[2022-07-05T19:56:26.525+0000][8][gc,start    ] GC(414) Pause Young (Normal) (G1 Evacuation Pause)
[2022-07-05T19:56:26.527+0000][8][gc,task     ] GC(414) Using 4 workers of 4 for evacuation
[2022-07-05T19:56:26.528+0000][8][gc,age      ] GC(414) Desired survivor size 20971520 bytes, new threshold 15 (max threshold 15)
[2022-07-05T19:56:26.533+0000][8][gc,phases   ] GC(414)   Pre Evacuate Collection Set: 0.3ms
[2022-07-05T19:56:26.535+0000][8][gc,phases   ] GC(414)   Merge Heap Roots: 0.1ms
[2022-07-05T19:56:26.536+0000][8][gc,phases   ] GC(414)   Evacuate Collection Set: 2.1ms
[2022-07-05T19:56:26.537+0000][8][gc,phases   ] GC(414)   Post Evacuate Collection Set: 1.7ms
[2022-07-05T19:56:26.537+0000][8][gc,phases   ] GC(414)   Other: 1.7ms
[2022-07-05T19:56:26.538+0000][8][gc,age      ] GC(414) Age table with threshold 15 (max threshold 15)
[2022-07-05T19:56:26.539+0000][8][gc,age      ] GC(414) - age   1:    1170288 bytes,    1170288 total
[2022-07-05T19:56:26.539+0000][8][gc,age      ] GC(414) - age   2:       1024 bytes,    1171312 total
[2022-07-05T19:56:26.540+0000][8][gc,age      ] GC(414) - age   3:        184 bytes,    1171496 total
[2022-07-05T19:56:26.540+0000][8][gc,age      ] GC(414) - age   4:       2400 bytes,    1173896 total
[2022-07-05T19:56:26.542+0000][8][gc,age      ] GC(414) - age   6:        392 bytes,    1174288 total
[2022-07-05T19:56:26.542+0000][8][gc,age      ] GC(414) - age  10:        184 bytes,    1174472 total
[2022-07-05T19:56:26.543+0000][8][gc,age      ] GC(414) - age  11:        392 bytes,    1174864 total
[2022-07-05T19:56:26.543+0000][8][gc,age      ] GC(414) - age  13:        416 bytes,    1175280 total
[2022-07-05T19:56:26.544+0000][8][gc,age      ] GC(414) - age  14:         88 bytes,    1175368 total
[2022-07-05T19:56:26.545+0000][8][gc,age      ] GC(414) - age  15:         72 bytes,    1175440 total
[2022-07-05T19:56:26.545+0000][8][gc,heap     ] GC(414) Eden regions: 75->0(75)
[2022-07-05T19:56:26.546+0000][8][gc,heap     ] GC(414) Survivor regions: 1->1(10)
[2022-07-05T19:56:26.547+0000][8][gc,heap     ] GC(414) Old regions: 24->24
[2022-07-05T19:56:26.548+0000][8][gc,heap     ] GC(414) Archive regions: 2->2
[2022-07-05T19:56:26.549+0000][8][gc,heap     ] GC(414) Humongous regions: 0->0
[2022-07-05T19:56:26.551+0000][8][gc,metaspace] GC(414) Metaspace: 128722K(132096K)->128722K(132096K) NonClass: 111857K(113536K)->111857K(113536K) Class: 16864K(18560K)->16864K(18560K)
[2022-07-05T19:56:26.553+0000][8][gc          ] GC(414) Pause Young (Normal) (G1 Evacuation Pause) 397M->97M(512M) 27.253ms
[2022-07-05T19:56:26.553+0000][8][gc,cpu      ] GC(414) User=0.01s Sys=0.00s Real=0.03s
[2022-07-05T19:56:26.554+0000][8][safepoint   ] Safepoint "G1CollectForAllocation", Time since last: 102158781111 ns, Reaching safepoint: 160333 ns, At safepoint: 28706521 ns, Total: 28866854 ns
[2022-07-05T19:58:05.079+0000][8][gc,start    ] GC(415) Pause Young (Normal) (G1 Evacuation Pause)
[2022-07-05T19:58:05.080+0000][8][gc,task     ] GC(415) Using 4 workers of 4 for evacuation
[2022-07-05T19:58:05.081+0000][8][gc,age      ] GC(415) Desired survivor size 20971520 bytes, new threshold 15 (max threshold 15)
[2022-07-05T19:58:05.085+0000][8][gc,phases   ] GC(415)   Pre Evacuate Collection Set: 0.2ms
[2022-07-05T19:58:05.086+0000][8][gc,phases   ] GC(415)   Merge Heap Roots: 0.1ms
[2022-07-05T19:58:05.086+0000][8][gc,phases   ] GC(415)   Evacuate Collection Set: 1.3ms
[2022-07-05T19:58:05.087+0000][8][gc,phases   ] GC(415)   Post Evacuate Collection Set: 1.1ms
[2022-07-05T19:58:05.088+0000][8][gc,phases   ] GC(415)   Other: 2.0ms
[2022-07-05T19:58:05.089+0000][8][gc,age      ] GC(415) Age table with threshold 15 (max threshold 15)
[2022-07-05T19:58:05.090+0000][8][gc,age      ] GC(415) - age   1:     735592 bytes,     735592 total
[2022-07-05T19:58:05.093+0000][8][gc,age      ] GC(415) - age   2:       1832 bytes,     737424 total
[2022-07-05T19:58:05.094+0000][8][gc,age      ] GC(415) - age   3:        216 bytes,     737640 total
[2022-07-05T19:58:05.095+0000][8][gc,age      ] GC(415) - age   4:        184 bytes,     737824 total
[2022-07-05T19:58:05.096+0000][8][gc,age      ] GC(415) - age   5:       2400 bytes,     740224 total
[2022-07-05T19:58:05.096+0000][8][gc,age      ] GC(415) - age   7:        392 bytes,     740616 total
[2022-07-05T19:58:05.097+0000][8][gc,age      ] GC(415) - age  11:        184 bytes,     740800 total
[2022-07-05T19:58:05.098+0000][8][gc,age      ] GC(415) - age  14:        416 bytes,     741216 total
[2022-07-05T19:58:05.098+0000][8][gc,heap     ] GC(415) Eden regions: 75->0(75)
[2022-07-05T19:58:05.099+0000][8][gc,heap     ] GC(415) Survivor regions: 1->1(10)
[2022-07-05T19:58:05.099+0000][8][gc,heap     ] GC(415) Old regions: 24->24
[2022-07-05T19:58:05.100+0000][8][gc,heap     ] GC(415) Archive regions: 2->2
[2022-07-05T19:58:05.100+0000][8][gc,heap     ] GC(415) Humongous regions: 0->0
[2022-07-05T19:58:05.101+0000][8][gc,metaspace] GC(415) Metaspace: 128722K(132096K)->128722K(132096K) NonClass: 111857K(113536K)->111857K(113536K) Class: 16864K(18560K)->16864K(18560K)
[2022-07-05T19:58:05.101+0000][8][gc          ] GC(415) Pause Young (Normal) (G1 Evacuation Pause) 397M->97M(512M) 22.675ms
[2022-07-05T19:58:05.102+0000][8][gc,cpu      ] GC(415) User=0.01s Sys=0.00s Real=0.03s
[2022-07-05T19:58:05.104+0000][8][safepoint   ] Safepoint "G1CollectForAllocation", Time since last: 98586571576 ns, Reaching safepoint: 199537 ns, At safepoint: 25361673 ns, Total: 25561210 ns
[2022-07-05T19:59:29.027+0000][8][gc,start    ] GC(416) Pause Young (Normal) (G1 Evacuation Pause)
[2022-07-05T19:59:29.029+0000][8][gc,task     ] GC(416) Using 4 workers of 4 for evacuation
[2022-07-05T19:59:29.030+0000][8][gc,age      ] GC(416) Desired survivor size 20971520 bytes, new threshold 15 (max threshold 15)
[2022-07-05T19:59:29.036+0000][8][gc,phases   ] GC(416)   Pre Evacuate Collection Set: 0.1ms
[2022-07-05T19:59:29.037+0000][8][gc,phases   ] GC(416)   Merge Heap Roots: 0.1ms
[2022-07-05T19:59:29.038+0000][8][gc,phases   ] GC(416)   Evacuate Collection Set: 2.7ms
[2022-07-05T19:59:29.038+0000][8][gc,phases   ] GC(416)   Post Evacuate Collection Set: 2.3ms
[2022-07-05T19:59:29.039+0000][8][gc,phases   ] GC(416)   Other: 1.3ms
[2022-07-05T19:59:29.039+0000][8][gc,age      ] GC(416) Age table with threshold 15 (max threshold 15)
[2022-07-05T19:59:29.040+0000][8][gc,age      ] GC(416) - age   1:    1455424 bytes,    1455424 total
[2022-07-05T19:59:29.041+0000][8][gc,age      ] GC(416) - age   2:       9528 bytes,    1464952 total
[2022-07-05T19:59:29.041+0000][8][gc,age      ] GC(416) - age   3:        560 bytes,    1465512 total
[2022-07-05T19:59:29.042+0000][8][gc,age      ] GC(416) - age   4:        216 bytes,    1465728 total
[2022-07-05T19:59:29.042+0000][8][gc,age      ] GC(416) - age   5:        184 bytes,    1465912 total
[2022-07-05T19:59:29.043+0000][8][gc,age      ] GC(416) - age   6:       2104 bytes,    1468016 total
[2022-07-05T19:59:29.043+0000][8][gc,age      ] GC(416) - age   8:        184 bytes,    1468200 total
[2022-07-05T19:59:29.044+0000][8][gc,heap     ] GC(416) Eden regions: 75->0(75)
[2022-07-05T19:59:29.045+0000][8][gc,heap     ] GC(416) Survivor regions: 1->1(10)
[2022-07-05T19:59:29.045+0000][8][gc,heap     ] GC(416) Old regions: 24->24
[2022-07-05T19:59:29.046+0000][8][gc,heap     ] GC(416) Archive regions: 2->2
[2022-07-05T19:59:29.046+0000][8][gc,heap     ] GC(416) Humongous regions: 0->0
[2022-07-05T19:59:29.047+0000][8][gc,metaspace] GC(416) Metaspace: 128722K(132096K)->128722K(132096K) NonClass: 111858K(113536K)->111858K(113536K) Class: 16864K(18560K)->16864K(18560K)
[2022-07-05T19:59:29.048+0000][8][gc          ] GC(416) Pause Young (Normal) (G1 Evacuation Pause) 397M->98M(512M) 20.682ms
[2022-07-05T19:59:29.050+0000][8][gc,cpu      ] GC(416) User=0.00s Sys=0.01s Real=0.02s
[2022-07-05T19:59:29.052+0000][8][safepoint   ] Safepoint "G1CollectForAllocation", Time since last: 83991313161 ns, Reaching safepoint: 140046 ns, At safepoint: 24147149 ns, Total: 24287195 ns
[2022-07-05T20:00:24.302+0000][8][safepoint   ] Safepoint "Cleanup", Time since last: 55272047572 ns, Reaching safepoint: 146079 ns, At safepoint: 71290 ns, Total: 217369 ns
[2022-07-05T20:01:20.262+0000][8][gc,start    ] GC(417) Pause Young (Normal) (G1 Evacuation Pause)
[2022-07-05T20:01:20.265+0000][8][gc,task     ] GC(417) Using 4 workers of 4 for evacuation
[2022-07-05T20:01:20.266+0000][8][gc,age      ] GC(417) Desired survivor size 20971520 bytes, new threshold 15 (max threshold 15)
[2022-07-05T20:01:20.271+0000][8][gc,phases   ] GC(417)   Pre Evacuate Collection Set: 0.3ms
[2022-07-05T20:01:20.272+0000][8][gc,phases   ] GC(417)   Merge Heap Roots: 0.2ms
[2022-07-05T20:01:20.273+0000][8][gc,phases   ] GC(417)   Evacuate Collection Set: 2.1ms
[2022-07-05T20:01:20.273+0000][8][gc,phases   ] GC(417)   Post Evacuate Collection Set: 1.2ms
[2022-07-05T20:01:20.274+0000][8][gc,phases   ] GC(417)   Other: 2.3ms
[2022-07-05T20:01:20.274+0000][8][gc,age      ] GC(417) Age table with threshold 15 (max threshold 15)
[2022-07-05T20:01:20.275+0000][8][gc,age      ] GC(417) - age   1:     998208 bytes,     998208 total
[2022-07-05T20:01:20.275+0000][8][gc,age      ] GC(417) - age   2:       2720 bytes,    1000928 total
[2022-07-05T20:01:20.276+0000][8][gc,age      ] GC(417) - age   3:        776 bytes,    1001704 total
[2022-07-05T20:01:20.277+0000][8][gc,age      ] GC(417) - age   4:        184 bytes,    1001888 total
[2022-07-05T20:01:20.278+0000][8][gc,age      ] GC(417) - age   5:        184 bytes,    1002072 total
[2022-07-05T20:01:20.278+0000][8][gc,age      ] GC(417) - age   7:       2104 bytes,    1004176 total
[2022-07-05T20:01:20.279+0000][8][gc,age      ] GC(417) - age   9:        184 bytes,    1004360 total
[2022-07-05T20:01:20.280+0000][8][gc,heap     ] GC(417) Eden regions: 75->0(75)
[2022-07-05T20:01:20.281+0000][8][gc,heap     ] GC(417) Survivor regions: 1->1(10)
[2022-07-05T20:01:20.281+0000][8][gc,heap     ] GC(417) Old regions: 24->24
[2022-07-05T20:01:20.282+0000][8][gc,heap     ] GC(417) Archive regions: 2->2
[2022-07-05T20:01:20.283+0000][8][gc,heap     ] GC(417) Humongous regions: 0->0
[2022-07-05T20:01:20.283+0000][8][gc,metaspace] GC(417) Metaspace: 128722K(132096K)->128722K(132096K) NonClass: 111858K(113536K)->111858K(113536K) Class: 16864K(18560K)->16864K(18560K)
[2022-07-05T20:01:20.284+0000][8][gc          ] GC(417) Pause Young (Normal) (G1 Evacuation Pause) 398M->97M(512M) 21.915ms
[2022-07-05T20:01:20.285+0000][8][gc,cpu      ] GC(417) User=0.01s Sys=0.01s Real=0.02s
[2022-07-05T20:01:20.285+0000][8][safepoint   ] Safepoint "G1CollectForAllocation", Time since last: 56002613019 ns, Reaching safepoint: 131968 ns, At safepoint: 23377045 ns, Total: 23509013 ns
[2022-07-05T20:03:08.242+0000][8][gc,start    ] GC(418) Pause Young (Normal) (G1 Evacuation Pause)
[2022-07-05T20:03:08.243+0000][8][gc,task     ] GC(418) Using 4 workers of 4 for evacuation
[2022-07-05T20:03:08.244+0000][8][gc,age      ] GC(418) Desired survivor size 20971520 bytes, new threshold 15 (max threshold 15)
[2022-07-05T20:03:08.248+0000][8][gc,phases   ] GC(418)   Pre Evacuate Collection Set: 0.2ms
[2022-07-05T20:03:08.249+0000][8][gc,phases   ] GC(418)   Merge Heap Roots: 0.1ms
[2022-07-05T20:03:08.250+0000][8][gc,phases   ] GC(418)   Evacuate Collection Set: 2.0ms
[2022-07-05T20:03:08.250+0000][8][gc,phases   ] GC(418)   Post Evacuate Collection Set: 1.1ms
[2022-07-05T20:03:08.252+0000][8][gc,phases   ] GC(418)   Other: 1.5ms
[2022-07-05T20:03:08.254+0000][8][gc,age      ] GC(418) Age table with threshold 15 (max threshold 15)
[2022-07-05T20:03:08.255+0000][8][gc,age      ] GC(418) - age   1:    1609128 bytes,    1609128 total
[2022-07-05T20:03:08.256+0000][8][gc,age      ] GC(418) - age   2:       1104 bytes,    1610232 total
[2022-07-05T20:03:08.256+0000][8][gc,age      ] GC(418) - age   3:       1208 bytes,    1611440 total
[2022-07-05T20:03:08.257+0000][8][gc,age      ] GC(418) - age   4:        392 bytes,    1611832 total
[2022-07-05T20:03:08.258+0000][8][gc,age      ] GC(418) - age   5:        184 bytes,    1612016 total
[2022-07-05T20:03:08.258+0000][8][gc,age      ] GC(418) - age   6:        184 bytes,    1612200 total
[2022-07-05T20:03:08.259+0000][8][gc,age      ] GC(418) - age  10:        184 bytes,    1612384 total
[2022-07-05T20:03:08.260+0000][8][gc,heap     ] GC(418) Eden regions: 75->0(75)
[2022-07-05T20:03:08.260+0000][8][gc,heap     ] GC(418) Survivor regions: 1->1(10)
[2022-07-05T20:03:08.261+0000][8][gc,heap     ] GC(418) Old regions: 24->24
[2022-07-05T20:03:08.261+0000][8][gc,heap     ] GC(418) Archive regions: 2->2
[2022-07-05T20:03:08.262+0000][8][gc,heap     ] GC(418) Humongous regions: 0->0
[2022-07-05T20:03:08.262+0000][8][gc,metaspace] GC(418) Metaspace: 128722K(132096K)->128722K(132096K) NonClass: 111858K(113536K)->111858K(113536K) Class: 16864K(18560K)->16864K(18560K)
[2022-07-05T20:03:08.263+0000][8][gc          ] GC(418) Pause Young (Normal) (G1 Evacuation Pause) 397M->98M(512M) 20.945ms
[2022-07-05T20:03:08.264+0000][8][gc,cpu      ] GC(418) User=0.01s Sys=0.00s Real=0.02s
[2022-07-05T20:03:08.264+0000][8][safepoint   ] Safepoint "G1CollectForAllocation", Time since last: 108043111078 ns, Reaching safepoint: 110575 ns, At safepoint: 22298684 ns, Total: 22409259 ns
[2022-07-05T20:04:53.205+0000][8][gc,start    ] GC(419) Pause Young (Normal) (G1 Evacuation Pause)
[2022-07-05T20:04:53.208+0000][8][gc,task     ] GC(419) Using 4 workers of 4 for evacuation
[2022-07-05T20:04:53.210+0000][8][gc,age      ] GC(419) Desired survivor size 20971520 bytes, new threshold 15 (max threshold 15)
[2022-07-05T20:04:53.217+0000][8][gc,phases   ] GC(419)   Pre Evacuate Collection Set: 0.3ms
[2022-07-05T20:04:53.218+0000][8][gc,phases   ] GC(419)   Merge Heap Roots: 0.4ms
[2022-07-05T20:04:53.219+0000][8][gc,phases   ] GC(419)   Evacuate Collection Set: 3.0ms
[2022-07-05T20:04:53.219+0000][8][gc,phases   ] GC(419)   Post Evacuate Collection Set: 2.1ms
[2022-07-05T20:04:53.220+0000][8][gc,phases   ] GC(419)   Other: 2.7ms
[2022-07-05T20:04:53.220+0000][8][gc,age      ] GC(419) Age table with threshold 15 (max threshold 15)
[2022-07-05T20:04:53.221+0000][8][gc,age      ] GC(419) - age   1:     326376 bytes,     326376 total
[2022-07-05T20:04:53.222+0000][8][gc,age      ] GC(419) - age   2:      11840 bytes,     338216 total
[2022-07-05T20:04:53.222+0000][8][gc,age      ] GC(419) - age   3:        400 bytes,     338616 total
[2022-07-05T20:04:53.223+0000][8][gc,age      ] GC(419) - age   4:       1080 bytes,     339696 total
[2022-07-05T20:04:53.224+0000][8][gc,age      ] GC(419) - age   5:        392 bytes,     340088 total
[2022-07-05T20:04:53.224+0000][8][gc,age      ] GC(419) - age   6:        184 bytes,     340272 total
[2022-07-05T20:04:53.224+0000][8][gc,age      ] GC(419) - age   7:        184 bytes,     340456 total
[2022-07-05T20:04:53.225+0000][8][gc,heap     ] GC(419) Eden regions: 75->0(75)
[2022-07-05T20:04:53.226+0000][8][gc,heap     ] GC(419) Survivor regions: 1->1(10)
[2022-07-05T20:04:53.226+0000][8][gc,heap     ] GC(419) Old regions: 24->24
[2022-07-05T20:04:53.227+0000][8][gc,heap     ] GC(419) Archive regions: 2->2
[2022-07-05T20:04:53.228+0000][8][gc,heap     ] GC(419) Humongous regions: 0->0
[2022-07-05T20:04:53.228+0000][8][gc,metaspace] GC(419) Metaspace: 128722K(132096K)->128722K(132096K) NonClass: 111858K(113536K)->111858K(113536K) Class: 16864K(18560K)->16864K(18560K)
[2022-07-05T20:04:53.229+0000][8][gc          ] GC(419) Pause Young (Normal) (G1 Evacuation Pause) 398M->96M(512M) 23.603ms
[2022-07-05T20:04:53.234+0000][8][gc,cpu      ] GC(419) User=0.00s Sys=0.00s Real=0.03s
[2022-07-05T20:04:53.235+0000][8][safepoint   ] Safepoint "G1CollectForAllocation", Time since last: 105004720373 ns, Reaching safepoint: 111874 ns, At safepoint: 29612357 ns, Total: 29724231 ns
[2022-07-05T20:05:39.250+0000][8][safepoint   ] Safepoint "Cleanup", Time since last: 46059159883 ns, Reaching safepoint: 469845 ns, At safepoint: 17325 ns, Total: 487170 ns
[2022-07-05T20:05:54.278+0000][8][safepoint   ] Safepoint "Cleanup", Time since last: 15026800798 ns, Reaching safepoint: 611899 ns, At safepoint: 106800 ns, Total: 718699 ns
[2022-07-05T20:06:14.227+0000][8][gc,start    ] GC(420) Pause Young (Normal) (G1 Evacuation Pause)
[2022-07-05T20:06:14.229+0000][8][gc,task     ] GC(420) Using 4 workers of 4 for evacuation
[2022-07-05T20:06:14.229+0000][8][gc,age      ] GC(420) Desired survivor size 20971520 bytes, new threshold 15 (max threshold 15)
[2022-07-05T20:06:14.234+0000][8][gc,phases   ] GC(420)   Pre Evacuate Collection Set: 0.3ms
[2022-07-05T20:06:14.235+0000][8][gc,phases   ] GC(420)   Merge Heap Roots: 0.1ms
[2022-07-05T20:06:14.236+0000][8][gc,phases   ] GC(420)   Evacuate Collection Set: 2.9ms
[2022-07-05T20:06:14.237+0000][8][gc,phases   ] GC(420)   Post Evacuate Collection Set: 1.0ms
[2022-07-05T20:06:14.237+0000][8][gc,phases   ] GC(420)   Other: 1.5ms
[2022-07-05T20:06:14.238+0000][8][gc,age      ] GC(420) Age table with threshold 15 (max threshold 15)
[2022-07-05T20:06:14.239+0000][8][gc,age      ] GC(420) - age   1:    1800440 bytes,    1800440 total
[2022-07-05T20:06:14.240+0000][8][gc,age      ] GC(420) - age   2:        984 bytes,    1801424 total
[2022-07-05T20:06:14.241+0000][8][gc,age      ] GC(420) - age   3:      10600 bytes,    1812024 total
[2022-07-05T20:06:14.242+0000][8][gc,age      ] GC(420) - age   4:        184 bytes,    1812208 total
[2022-07-05T20:06:14.242+0000][8][gc,age      ] GC(420) - age   5:        784 bytes,    1812992 total
[2022-07-05T20:06:14.244+0000][8][gc,age      ] GC(420) - age   6:        392 bytes,    1813384 total
[2022-07-05T20:06:14.244+0000][8][gc,age      ] GC(420) - age   7:        184 bytes,    1813568 total
[2022-07-05T20:06:14.245+0000][8][gc,age      ] GC(420) - age   8:        184 bytes,    1813752 total
[2022-07-05T20:06:14.246+0000][8][gc,heap     ] GC(420) Eden regions: 75->0(75)
[2022-07-05T20:06:14.247+0000][8][gc,heap     ] GC(420) Survivor regions: 1->1(10)
[2022-07-05T20:06:14.247+0000][8][gc,heap     ] GC(420) Old regions: 24->24
[2022-07-05T20:06:14.248+0000][8][gc,heap     ] GC(420) Archive regions: 2->2
[2022-07-05T20:06:14.248+0000][8][gc,heap     ] GC(420) Humongous regions: 0->0
[2022-07-05T20:06:14.249+0000][8][gc,metaspace] GC(420) Metaspace: 128722K(132096K)->128722K(132096K) NonClass: 111858K(113536K)->111858K(113536K) Class: 16864K(18560K)->16864K(18560K)
[2022-07-05T20:06:14.250+0000][8][gc          ] GC(420) Pause Young (Normal) (G1 Evacuation Pause) 396M->98M(512M) 22.404ms
[2022-07-05T20:06:14.250+0000][8][gc,cpu      ] GC(420) User=0.01s Sys=0.01s Real=0.02s
[2022-07-05T20:06:14.251+0000][8][safepoint   ] Safepoint "G1CollectForAllocation", Time since last: 19971015585 ns, Reaching safepoint: 95653 ns, At safepoint: 23890283 ns, Total: 23985936 ns
[2022-07-05T20:07:41.192+0000][8][gc,start    ] GC(421) Pause Young (Normal) (G1 Evacuation Pause)
[2022-07-05T20:07:41.193+0000][8][gc,task     ] GC(421) Using 4 workers of 4 for evacuation
[2022-07-05T20:07:41.194+0000][8][gc,age      ] GC(421) Desired survivor size 20971520 bytes, new threshold 15 (max threshold 15)
[2022-07-05T20:07:41.198+0000][8][gc,phases   ] GC(421)   Pre Evacuate Collection Set: 0.2ms
[2022-07-05T20:07:41.199+0000][8][gc,phases   ] GC(421)   Merge Heap Roots: 0.2ms
[2022-07-05T20:07:41.203+0000][8][gc,phases   ] GC(421)   Evacuate Collection Set: 1.9ms
[2022-07-05T20:07:41.205+0000][8][gc,phases   ] GC(421)   Post Evacuate Collection Set: 1.2ms
[2022-07-05T20:07:41.206+0000][8][gc,phases   ] GC(421)   Other: 1.3ms
[2022-07-05T20:07:41.207+0000][8][gc,age      ] GC(421) Age table with threshold 15 (max threshold 15)
[2022-07-05T20:07:41.208+0000][8][gc,age      ] GC(421) - age   1:    1347624 bytes,    1347624 total
[2022-07-05T20:07:41.208+0000][8][gc,age      ] GC(421) - age   2:       1560 bytes,    1349184 total
[2022-07-05T20:07:41.209+0000][8][gc,age      ] GC(421) - age   3:         64 bytes,    1349248 total
[2022-07-05T20:07:41.210+0000][8][gc,age      ] GC(421) - age   4:      10536 bytes,    1359784 total
[2022-07-05T20:07:41.210+0000][8][gc,age      ] GC(421) - age   5:        184 bytes,    1359968 total
[2022-07-05T20:07:41.211+0000][8][gc,age      ] GC(421) - age   6:        784 bytes,    1360752 total
[2022-07-05T20:07:41.212+0000][8][gc,age      ] GC(421) - age   7:        392 bytes,    1361144 total
[2022-07-05T20:07:41.212+0000][8][gc,age      ] GC(421) - age   8:        184 bytes,    1361328 total
[2022-07-05T20:07:41.213+0000][8][gc,age      ] GC(421) - age   9:        184 bytes,    1361512 total
[2022-07-05T20:07:41.214+0000][8][gc,heap     ] GC(421) Eden regions: 75->0(75)
[2022-07-05T20:07:41.214+0000][8][gc,heap     ] GC(421) Survivor regions: 1->1(10)
[2022-07-05T20:07:41.215+0000][8][gc,heap     ] GC(421) Old regions: 24->24
[2022-07-05T20:07:41.216+0000][8][gc,heap     ] GC(421) Archive regions: 2->2
[2022-07-05T20:07:41.216+0000][8][gc,heap     ] GC(421) Humongous regions: 0->0
[2022-07-05T20:07:41.221+0000][8][gc,metaspace] GC(421) Metaspace: 128722K(132096K)->128722K(132096K) NonClass: 111858K(113536K)->111858K(113536K) Class: 16864K(18560K)->16864K(18560K)
[2022-07-05T20:07:41.222+0000][8][gc          ] GC(421) Pause Young (Normal) (G1 Evacuation Pause) 398M->97M(512M) 30.232ms
[2022-07-05T20:07:41.223+0000][8][gc,cpu      ] GC(421) User=0.01s Sys=0.00s Real=0.03s
[2022-07-05T20:07:41.224+0000][8][safepoint   ] Safepoint "G1CollectForAllocation", Time since last: 87005218422 ns, Reaching safepoint: 138650 ns, At safepoint: 32019743 ns, Total: 32158393 ns
[2022-07-05T20:09:08.163+0000][8][gc,start    ] GC(422) Pause Young (Normal) (G1 Evacuation Pause)
[2022-07-05T20:09:08.166+0000][8][gc,task     ] GC(422) Using 4 workers of 4 for evacuation
[2022-07-05T20:09:08.167+0000][8][gc,age      ] GC(422) Desired survivor size 20971520 bytes, new threshold 15 (max threshold 15)
[2022-07-05T20:09:08.172+0000][8][gc,phases   ] GC(422)   Pre Evacuate Collection Set: 0.2ms
[2022-07-05T20:09:08.173+0000][8][gc,phases   ] GC(422)   Merge Heap Roots: 0.1ms
[2022-07-05T20:09:08.174+0000][8][gc,phases   ] GC(422)   Evacuate Collection Set: 2.7ms
[2022-07-05T20:09:08.174+0000][8][gc,phases   ] GC(422)   Post Evacuate Collection Set: 1.1ms
[2022-07-05T20:09:08.175+0000][8][gc,phases   ] GC(422)   Other: 2.2ms
[2022-07-05T20:09:08.175+0000][8][gc,age      ] GC(422) Age table with threshold 15 (max threshold 15)
[2022-07-05T20:09:08.176+0000][8][gc,age      ] GC(422) - age   1:    1455760 bytes,    1455760 total
[2022-07-05T20:09:08.177+0000][8][gc,age      ] GC(422) - age   2:       1448 bytes,    1457208 total
[2022-07-05T20:09:08.178+0000][8][gc,age      ] GC(422) - age   3:        216 bytes,    1457424 total
[2022-07-05T20:09:08.178+0000][8][gc,age      ] GC(422) - age   5:      10240 bytes,    1467664 total
[2022-07-05T20:09:08.179+0000][8][gc,age      ] GC(422) - age   6:        184 bytes,    1467848 total
[2022-07-05T20:09:08.179+0000][8][gc,age      ] GC(422) - age   7:        600 bytes,    1468448 total
[2022-07-05T20:09:08.180+0000][8][gc,age      ] GC(422) - age   8:        392 bytes,    1468840 total
[2022-07-05T20:09:08.181+0000][8][gc,age      ] GC(422) - age   9:        184 bytes,    1469024 total
[2022-07-05T20:09:08.182+0000][8][gc,age      ] GC(422) - age  10:        184 bytes,    1469208 total
[2022-07-05T20:09:08.182+0000][8][gc,heap     ] GC(422) Eden regions: 75->0(75)
[2022-07-05T20:09:08.183+0000][8][gc,heap     ] GC(422) Survivor regions: 1->1(10)
[2022-07-05T20:09:08.184+0000][8][gc,heap     ] GC(422) Old regions: 24->24
[2022-07-05T20:09:08.184+0000][8][gc,heap     ] GC(422) Archive regions: 2->2
[2022-07-05T20:09:08.185+0000][8][gc,heap     ] GC(422) Humongous regions: 0->0
[2022-07-05T20:09:08.186+0000][8][gc,metaspace] GC(422) Metaspace: 128725K(132096K)->128725K(132096K) NonClass: 111860K(113536K)->111860K(113536K) Class: 16864K(18560K)->16864K(18560K)
[2022-07-05T20:09:08.186+0000][8][gc          ] GC(422) Pause Young (Normal) (G1 Evacuation Pause) 397M->98M(512M) 23.632ms
[2022-07-05T20:09:08.187+0000][8][gc,cpu      ] GC(422) User=0.01s Sys=0.00s Real=0.02s
[2022-07-05T20:09:08.188+0000][8][safepoint   ] Safepoint "G1CollectForAllocation", Time since last: 87003726399 ns, Reaching safepoint: 106351 ns, At safepoint: 25295906 ns, Total: 25402257 ns
[2022-07-05T20:10:29.131+0000][8][gc,start    ] GC(423) Pause Young (Normal) (G1 Evacuation Pause)
[2022-07-05T20:10:29.135+0000][8][gc,task     ] GC(423) Using 4 workers of 4 for evacuation
[2022-07-05T20:10:29.136+0000][8][gc,age      ] GC(423) Desired survivor size 20971520 bytes, new threshold 15 (max threshold 15)
[2022-07-05T20:10:29.140+0000][8][gc,phases   ] GC(423)   Pre Evacuate Collection Set: 0.2ms
[2022-07-05T20:10:29.141+0000][8][gc,phases   ] GC(423)   Merge Heap Roots: 0.1ms
[2022-07-05T20:10:29.141+0000][8][gc,phases   ] GC(423)   Evacuate Collection Set: 2.0ms
[2022-07-05T20:10:29.142+0000][8][gc,phases   ] GC(423)   Post Evacuate Collection Set: 1.0ms
[2022-07-05T20:10:29.143+0000][8][gc,phases   ] GC(423)   Other: 1.7ms
[2022-07-05T20:10:29.143+0000][8][gc,age      ] GC(423) Age table with threshold 15 (max threshold 15)
[2022-07-05T20:10:29.144+0000][8][gc,age      ] GC(423) - age   1:    1576064 bytes,    1576064 total
[2022-07-05T20:10:29.145+0000][8][gc,age      ] GC(423) - age   2:       2064 bytes,    1578128 total
[2022-07-05T20:10:29.145+0000][8][gc,age      ] GC(423) - age   4:        152 bytes,    1578280 total
[2022-07-05T20:10:29.146+0000][8][gc,age      ] GC(423) - age   6:      10056 bytes,    1588336 total
[2022-07-05T20:10:29.146+0000][8][gc,age      ] GC(423) - age   7:        184 bytes,    1588520 total
[2022-07-05T20:10:29.147+0000][8][gc,age      ] GC(423) - age   8:        600 bytes,    1589120 total
[2022-07-05T20:10:29.148+0000][8][gc,age      ] GC(423) - age   9:        392 bytes,    1589512 total
[2022-07-05T20:10:29.148+0000][8][gc,age      ] GC(423) - age  10:        184 bytes,    1589696 total
[2022-07-05T20:10:29.149+0000][8][gc,age      ] GC(423) - age  11:        184 bytes,    1589880 total
[2022-07-05T20:10:29.149+0000][8][gc,heap     ] GC(423) Eden regions: 75->0(75)
[2022-07-05T20:10:29.150+0000][8][gc,heap     ] GC(423) Survivor regions: 1->1(10)
[2022-07-05T20:10:29.151+0000][8][gc,heap     ] GC(423) Old regions: 24->24
[2022-07-05T20:10:29.151+0000][8][gc,heap     ] GC(423) Archive regions: 2->2
[2022-07-05T20:10:29.152+0000][8][gc,heap     ] GC(423) Humongous regions: 0->0
[2022-07-05T20:10:29.152+0000][8][gc,metaspace] GC(423) Metaspace: 128725K(132096K)->128725K(132096K) NonClass: 111860K(113536K)->111860K(113536K) Class: 16864K(18560K)->16864K(18560K)
[2022-07-05T20:10:29.153+0000][8][gc          ] GC(423) Pause Young (Normal) (G1 Evacuation Pause) 398M->98M(512M) 22.350ms
[2022-07-05T20:10:29.154+0000][8][gc,cpu      ] GC(423) User=0.00s Sys=0.01s Real=0.02s
[2022-07-05T20:10:29.154+0000][8][safepoint   ] Safepoint "G1CollectForAllocation", Time since last: 81007354895 ns, Reaching safepoint: 152455 ns, At safepoint: 23675531 ns, Total: 23827986 ns
[2022-07-05T20:11:53.095+0000][8][gc,start    ] GC(424) Pause Young (Normal) (G1 Evacuation Pause)
[2022-07-05T20:11:53.096+0000][8][gc,task     ] GC(424) Using 4 workers of 4 for evacuation
[2022-07-05T20:11:53.097+0000][8][gc,age      ] GC(424) Desired survivor size 20971520 bytes, new threshold 15 (max threshold 15)
[2022-07-05T20:11:53.101+0000][8][gc,phases   ] GC(424)   Pre Evacuate Collection Set: 0.2ms
[2022-07-05T20:11:53.102+0000][8][gc,phases   ] GC(424)   Merge Heap Roots: 0.1ms
[2022-07-05T20:11:53.103+0000][8][gc,phases   ] GC(424)   Evacuate Collection Set: 2.0ms
[2022-07-05T20:11:53.105+0000][8][gc,phases   ] GC(424)   Post Evacuate Collection Set: 0.9ms
[2022-07-05T20:11:53.105+0000][8][gc,phases   ] GC(424)   Other: 1.8ms
[2022-07-05T20:11:53.106+0000][8][gc,age      ] GC(424) Age table with threshold 15 (max threshold 15)
[2022-07-05T20:11:53.108+0000][8][gc,age      ] GC(424) - age   1:    1591768 bytes,    1591768 total
[2022-07-05T20:11:53.109+0000][8][gc,age      ] GC(424) - age   2:       1688 bytes,    1593456 total
[2022-07-05T20:11:53.110+0000][8][gc,age      ] GC(424) - age   3:        752 bytes,    1594208 total
[2022-07-05T20:11:53.111+0000][8][gc,age      ] GC(424) - age   5:         56 bytes,    1594264 total
[2022-07-05T20:11:53.112+0000][8][gc,age      ] GC(424) - age   7:       8136 bytes,    1602400 total
[2022-07-05T20:11:53.112+0000][8][gc,age      ] GC(424) - age   8:        184 bytes,    1602584 total
[2022-07-05T20:11:53.113+0000][8][gc,age      ] GC(424) - age   9:        600 bytes,    1603184 total
[2022-07-05T20:11:53.113+0000][8][gc,age      ] GC(424) - age  11:        184 bytes,    1603368 total
[2022-07-05T20:11:53.114+0000][8][gc,age      ] GC(424) - age  12:        184 bytes,    1603552 total
[2022-07-05T20:11:53.115+0000][8][gc,heap     ] GC(424) Eden regions: 75->0(75)
[2022-07-05T20:11:53.116+0000][8][gc,heap     ] GC(424) Survivor regions: 1->1(10)
[2022-07-05T20:11:53.117+0000][8][gc,heap     ] GC(424) Old regions: 24->24
[2022-07-05T20:11:53.117+0000][8][gc,heap     ] GC(424) Archive regions: 2->2
[2022-07-05T20:11:53.118+0000][8][gc,heap     ] GC(424) Humongous regions: 0->0
[2022-07-05T20:11:53.118+0000][8][gc,metaspace] GC(424) Metaspace: 128725K(132096K)->128725K(132096K) NonClass: 111860K(113536K)->111860K(113536K) Class: 16864K(18560K)->16864K(18560K)
[2022-07-05T20:11:53.119+0000][8][gc          ] GC(424) Pause Young (Normal) (G1 Evacuation Pause) 398M->98M(512M) 23.761ms
[2022-07-05T20:11:53.119+0000][8][gc,cpu      ] GC(424) User=0.01s Sys=0.00s Real=0.03s
[2022-07-05T20:11:53.120+0000][8][safepoint   ] Safepoint "G1CollectForAllocation", Time since last: 83982539839 ns, Reaching safepoint: 132201 ns, At safepoint: 25094588 ns, Total: 25226789 ns
[2022-07-05T20:12:12.115+0000][8][safepoint   ] Safepoint "Cleanup", Time since last: 19017334363 ns, Reaching safepoint: 661664 ns, At safepoint: 41463 ns, Total: 703127 ns
[2022-07-05T20:12:24.123+0000][8][safepoint   ] Safepoint "Cleanup", Time since last: 12007525053 ns, Reaching safepoint: 147882 ns, At safepoint: 8720 ns, Total: 156602 ns
[2022-07-05T20:13:14.085+0000][8][gc,start    ] GC(425) Pause Young (Normal) (G1 Evacuation Pause)
[2022-07-05T20:13:14.086+0000][8][gc,task     ] GC(425) Using 4 workers of 4 for evacuation
[2022-07-05T20:13:14.087+0000][8][gc,age      ] GC(425) Desired survivor size 20971520 bytes, new threshold 15 (max threshold 15)
[2022-07-05T20:13:14.092+0000][8][gc,phases   ] GC(425)   Pre Evacuate Collection Set: 0.4ms
[2022-07-05T20:13:14.092+0000][8][gc,phases   ] GC(425)   Merge Heap Roots: 0.2ms
[2022-07-05T20:13:14.093+0000][8][gc,phases   ] GC(425)   Evacuate Collection Set: 2.1ms
[2022-07-05T20:13:14.094+0000][8][gc,phases   ] GC(425)   Post Evacuate Collection Set: 1.0ms
[2022-07-05T20:13:14.095+0000][8][gc,phases   ] GC(425)   Other: 1.9ms
[2022-07-05T20:13:14.096+0000][8][gc,age      ] GC(425) Age table with threshold 15 (max threshold 15)
[2022-07-05T20:13:14.096+0000][8][gc,age      ] GC(425) - age   1:    1141680 bytes,    1141680 total
[2022-07-05T20:13:14.098+0000][8][gc,age      ] GC(425) - age   2:     161592 bytes,    1303272 total
[2022-07-05T20:13:14.101+0000][8][gc,age      ] GC(425) - age   3:        424 bytes,    1303696 total
[2022-07-05T20:13:14.102+0000][8][gc,age      ] GC(425) - age   4:        392 bytes,    1304088 total
[2022-07-05T20:13:14.103+0000][8][gc,age      ] GC(425) - age   6:         32 bytes,    1304120 total
[2022-07-05T20:13:14.104+0000][8][gc,age      ] GC(425) - age   8:       8016 bytes,    1312136 total
[2022-07-05T20:13:14.105+0000][8][gc,age      ] GC(425) - age   9:        184 bytes,    1312320 total
[2022-07-05T20:13:14.105+0000][8][gc,age      ] GC(425) - age  10:        600 bytes,    1312920 total
[2022-07-05T20:13:14.106+0000][8][gc,age      ] GC(425) - age  12:        184 bytes,    1313104 total
[2022-07-05T20:13:14.107+0000][8][gc,age      ] GC(425) - age  13:        184 bytes,    1313288 total
[2022-07-05T20:13:14.107+0000][8][gc,heap     ] GC(425) Eden regions: 75->0(75)
[2022-07-05T20:13:14.108+0000][8][gc,heap     ] GC(425) Survivor regions: 1->1(10)
[2022-07-05T20:13:14.109+0000][8][gc,heap     ] GC(425) Old regions: 24->24
[2022-07-05T20:13:14.110+0000][8][gc,heap     ] GC(425) Archive regions: 2->2
[2022-07-05T20:13:14.110+0000][8][gc,heap     ] GC(425) Humongous regions: 0->0
[2022-07-05T20:13:14.111+0000][8][gc,metaspace] GC(425) Metaspace: 128725K(132096K)->128725K(132096K) NonClass: 111860K(113536K)->111860K(113536K) Class: 16864K(18560K)->16864K(18560K)
[2022-07-05T20:13:14.112+0000][8][gc          ] GC(425) Pause Young (Normal) (G1 Evacuation Pause) 398M->97M(512M) 27.343ms
[2022-07-05T20:13:14.114+0000][8][gc,cpu      ] GC(425) User=0.01s Sys=0.00s Real=0.03s
[2022-07-05T20:13:14.116+0000][8][safepoint   ] Safepoint "G1CollectForAllocation", Time since last: 50005107551 ns, Reaching safepoint: 89491 ns, At safepoint: 30887198 ns, Total: 30976689 ns
[2022-07-05T20:13:24.122+0000][8][safepoint   ] Safepoint "Cleanup", Time since last: 10006612477 ns, Reaching safepoint: 207470 ns, At safepoint: 12283 ns, Total: 219753 ns
[2022-07-05T20:14:35.048+0000][8][gc,start    ] GC(426) Pause Young (Normal) (G1 Evacuation Pause)
[2022-07-05T20:14:35.049+0000][8][gc,task     ] GC(426) Using 4 workers of 4 for evacuation
[2022-07-05T20:14:35.049+0000][8][gc,age      ] GC(426) Desired survivor size 20971520 bytes, new threshold 15 (max threshold 15)
[2022-07-05T20:14:35.053+0000][8][gc,phases   ] GC(426)   Pre Evacuate Collection Set: 0.2ms
[2022-07-05T20:14:35.054+0000][8][gc,phases   ] GC(426)   Merge Heap Roots: 0.1ms
[2022-07-05T20:14:35.055+0000][8][gc,phases   ] GC(426)   Evacuate Collection Set: 2.1ms
[2022-07-05T20:14:35.055+0000][8][gc,phases   ] GC(426)   Post Evacuate Collection Set: 0.9ms
[2022-07-05T20:14:35.057+0000][8][gc,phases   ] GC(426)   Other: 1.6ms
[2022-07-05T20:14:35.058+0000][8][gc,age      ] GC(426) Age table with threshold 15 (max threshold 15)
[2022-07-05T20:14:35.058+0000][8][gc,age      ] GC(426) - age   1:     822560 bytes,     822560 total
[2022-07-05T20:14:35.059+0000][8][gc,age      ] GC(426) - age   2:     230568 bytes,    1053128 total
[2022-07-05T20:14:35.060+0000][8][gc,age      ] GC(426) - age   3:     160400 bytes,    1213528 total
[2022-07-05T20:14:35.060+0000][8][gc,age      ] GC(426) - age   5:        208 bytes,    1213736 total
[2022-07-05T20:14:35.061+0000][8][gc,age      ] GC(426) - age   9:       8016 bytes,    1221752 total
[2022-07-05T20:14:35.061+0000][8][gc,age      ] GC(426) - age  10:        184 bytes,    1221936 total
[2022-07-05T20:14:35.062+0000][8][gc,age      ] GC(426) - age  11:        600 bytes,    1222536 total
[2022-07-05T20:14:35.062+0000][8][gc,age      ] GC(426) - age  13:        184 bytes,    1222720 total
[2022-07-05T20:14:35.063+0000][8][gc,age      ] GC(426) - age  14:        184 bytes,    1222904 total
[2022-07-05T20:14:35.064+0000][8][gc,heap     ] GC(426) Eden regions: 75->0(75)
[2022-07-05T20:14:35.064+0000][8][gc,heap     ] GC(426) Survivor regions: 1->1(10)
[2022-07-05T20:14:35.065+0000][8][gc,heap     ] GC(426) Old regions: 24->24
[2022-07-05T20:14:35.065+0000][8][gc,heap     ] GC(426) Archive regions: 2->2
[2022-07-05T20:14:35.066+0000][8][gc,heap     ] GC(426) Humongous regions: 0->0
[2022-07-05T20:14:35.067+0000][8][gc,metaspace] GC(426) Metaspace: 128725K(132096K)->128725K(132096K) NonClass: 111860K(113536K)->111860K(113536K) Class: 16864K(18560K)->16864K(18560K)
[2022-07-05T20:14:35.067+0000][8][gc          ] GC(426) Pause Young (Normal) (G1 Evacuation Pause) 397M->97M(512M) 19.575ms
[2022-07-05T20:14:35.068+0000][8][gc,cpu      ] GC(426) User=0.00s Sys=0.00s Real=0.02s
[2022-07-05T20:14:35.068+0000][8][safepoint   ] Safepoint "G1CollectForAllocation", Time since last: 70988714378 ns, Reaching safepoint: 73842 ns, At safepoint: 20760887 ns, Total: 20834729 ns
[2022-07-05T20:15:59.055+0000][8][gc,start    ] GC(427) Pause Young (Normal) (G1 Evacuation Pause)
[2022-07-05T20:15:59.056+0000][8][gc,task     ] GC(427) Using 4 workers of 4 for evacuation
[2022-07-05T20:15:59.057+0000][8][gc,age      ] GC(427) Desired survivor size 20971520 bytes, new threshold 15 (max threshold 15)
[2022-07-05T20:15:59.062+0000][8][gc,phases   ] GC(427)   Pre Evacuate Collection Set: 0.4ms
[2022-07-05T20:15:59.063+0000][8][gc,phases   ] GC(427)   Merge Heap Roots: 0.3ms
[2022-07-05T20:15:59.063+0000][8][gc,phases   ] GC(427)   Evacuate Collection Set: 2.4ms
[2022-07-05T20:15:59.064+0000][8][gc,phases   ] GC(427)   Post Evacuate Collection Set: 1.1ms
[2022-07-05T20:15:59.064+0000][8][gc,phases   ] GC(427)   Other: 1.5ms
[2022-07-05T20:15:59.065+0000][8][gc,age      ] GC(427) Age table with threshold 15 (max threshold 15)
[2022-07-05T20:15:59.066+0000][8][gc,age      ] GC(427) - age   1:    1678688 bytes,    1678688 total
[2022-07-05T20:15:59.066+0000][8][gc,age      ] GC(427) - age   2:       1648 bytes,    1680336 total
[2022-07-05T20:15:59.067+0000][8][gc,age      ] GC(427) - age   3:     229480 bytes,    1909816 total
[2022-07-05T20:15:59.068+0000][8][gc,age      ] GC(427) - age   4:     160208 bytes,    2070024 total
[2022-07-05T20:15:59.069+0000][8][gc,age      ] GC(427) - age   6:        208 bytes,    2070232 total
[2022-07-05T20:15:59.070+0000][8][gc,age      ] GC(427) - age  10:       8016 bytes,    2078248 total
[2022-07-05T20:15:59.071+0000][8][gc,age      ] GC(427) - age  11:        184 bytes,    2078432 total
[2022-07-05T20:15:59.071+0000][8][gc,age      ] GC(427) - age  12:        600 bytes,    2079032 total
[2022-07-05T20:15:59.072+0000][8][gc,age      ] GC(427) - age  14:        184 bytes,    2079216 total
[2022-07-05T20:15:59.073+0000][8][gc,age      ] GC(427) - age  15:        184 bytes,    2079400 total
[2022-07-05T20:15:59.073+0000][8][gc,heap     ] GC(427) Eden regions: 75->0(75)
[2022-07-05T20:15:59.074+0000][8][gc,heap     ] GC(427) Survivor regions: 1->1(10)
[2022-07-05T20:15:59.076+0000][8][gc,heap     ] GC(427) Old regions: 24->24
[2022-07-05T20:15:59.076+0000][8][gc,heap     ] GC(427) Archive regions: 2->2
[2022-07-05T20:15:59.077+0000][8][gc,heap     ] GC(427) Humongous regions: 0->0
[2022-07-05T20:15:59.077+0000][8][gc,metaspace] GC(427) Metaspace: 128725K(132096K)->128725K(132096K) NonClass: 111860K(113536K)->111860K(113536K) Class: 16864K(18560K)->16864K(18560K)
[2022-07-05T20:15:59.078+0000][8][gc          ] GC(427) Pause Young (Normal) (G1 Evacuation Pause) 397M->98M(512M) 22.828ms
[2022-07-05T20:15:59.079+0000][8][gc,cpu      ] GC(427) User=0.01s Sys=0.00s Real=0.02s
[2022-07-05T20:15:59.079+0000][8][safepoint   ] Safepoint "G1CollectForAllocation", Time since last: 84052953954 ns, Reaching safepoint: 79559 ns, At safepoint: 24251388 ns, Total: 24330947 ns
[2022-07-05T20:17:26.001+0000][8][gc,start    ] GC(428) Pause Young (Normal) (G1 Evacuation Pause)
[2022-07-05T20:17:26.002+0000][8][gc,task     ] GC(428) Using 4 workers of 4 for evacuation
[2022-07-05T20:17:26.003+0000][8][gc,age      ] GC(428) Desired survivor size 20971520 bytes, new threshold 15 (max threshold 15)
[2022-07-05T20:17:26.007+0000][8][gc,phases   ] GC(428)   Pre Evacuate Collection Set: 0.2ms
[2022-07-05T20:17:26.008+0000][8][gc,phases   ] GC(428)   Merge Heap Roots: 0.1ms
[2022-07-05T20:17:26.008+0000][8][gc,phases   ] GC(428)   Evacuate Collection Set: 2.3ms
[2022-07-05T20:17:26.009+0000][8][gc,phases   ] GC(428)   Post Evacuate Collection Set: 0.9ms
[2022-07-05T20:17:26.010+0000][8][gc,phases   ] GC(428)   Other: 1.3ms
[2022-07-05T20:17:26.010+0000][8][gc,age      ] GC(428) Age table with threshold 15 (max threshold 15)
[2022-07-05T20:17:26.011+0000][8][gc,age      ] GC(428) - age   1:    1442312 bytes,    1442312 total
[2022-07-05T20:17:26.012+0000][8][gc,age      ] GC(428) - age   2:       1832 bytes,    1444144 total
[2022-07-05T20:17:26.012+0000][8][gc,age      ] GC(428) - age   3:        224 bytes,    1444368 total
[2022-07-05T20:17:26.013+0000][8][gc,age      ] GC(428) - age   4:     140912 bytes,    1585280 total
[2022-07-05T20:17:26.013+0000][8][gc,age      ] GC(428) - age   5:     110240 bytes,    1695520 total
[2022-07-05T20:17:26.014+0000][8][gc,age      ] GC(428) - age   7:        208 bytes,    1695728 total
[2022-07-05T20:17:26.015+0000][8][gc,age      ] GC(428) - age  11:       8016 bytes,    1703744 total
[2022-07-05T20:17:26.016+0000][8][gc,age      ] GC(428) - age  12:        184 bytes,    1703928 total
[2022-07-05T20:17:26.016+0000][8][gc,age      ] GC(428) - age  13:        600 bytes,    1704528 total
[2022-07-05T20:17:26.017+0000][8][gc,age      ] GC(428) - age  15:        184 bytes,    1704712 total
[2022-07-05T20:17:26.018+0000][8][gc,heap     ] GC(428) Eden regions: 75->0(75)
[2022-07-05T20:17:26.018+0000][8][gc,heap     ] GC(428) Survivor regions: 1->1(10)
[2022-07-05T20:17:26.019+0000][8][gc,heap     ] GC(428) Old regions: 24->24
[2022-07-05T20:17:26.020+0000][8][gc,heap     ] GC(428) Archive regions: 2->2
[2022-07-05T20:17:26.020+0000][8][gc,heap     ] GC(428) Humongous regions: 0->0
[2022-07-05T20:17:26.021+0000][8][gc,metaspace] GC(428) Metaspace: 128725K(132096K)->128725K(132096K) NonClass: 111860K(113536K)->111860K(113536K) Class: 16864K(18560K)->16864K(18560K)
[2022-07-05T20:17:26.022+0000][8][gc          ] GC(428) Pause Young (Normal) (G1 Evacuation Pause) 398M->98M(512M) 20.731ms
[2022-07-05T20:17:26.022+0000][8][gc,cpu      ] GC(428) User=0.00s Sys=0.01s Real=0.02s
[2022-07-05T20:17:26.023+0000][8][safepoint   ] Safepoint "G1CollectForAllocation", Time since last: 86985621647 ns, Reaching safepoint: 332641 ns, At safepoint: 22010387 ns, Total: 22343028 ns
[2022-07-05T20:18:49.968+0000][8][gc,start    ] GC(429) Pause Young (Normal) (G1 Evacuation Pause)
[2022-07-05T20:18:49.971+0000][8][gc,task     ] GC(429) Using 4 workers of 4 for evacuation
[2022-07-05T20:18:49.972+0000][8][gc,age      ] GC(429) Desired survivor size 20971520 bytes, new threshold 15 (max threshold 15)
[2022-07-05T20:18:49.978+0000][8][gc,phases   ] GC(429)   Pre Evacuate Collection Set: 0.2ms
[2022-07-05T20:18:49.979+0000][8][gc,phases   ] GC(429)   Merge Heap Roots: 0.1ms
[2022-07-05T20:18:49.980+0000][8][gc,phases   ] GC(429)   Evacuate Collection Set: 3.2ms
[2022-07-05T20:18:49.980+0000][8][gc,phases   ] GC(429)   Post Evacuate Collection Set: 1.1ms
[2022-07-05T20:18:49.981+0000][8][gc,phases   ] GC(429)   Other: 1.7ms
[2022-07-05T20:18:49.982+0000][8][gc,age      ] GC(429) Age table with threshold 15 (max threshold 15)
[2022-07-05T20:18:49.983+0000][8][gc,age      ] GC(429) - age   1:    1466976 bytes,    1466976 total
[2022-07-05T20:18:49.984+0000][8][gc,age      ] GC(429) - age   2:     152544 bytes,    1619520 total
[2022-07-05T20:18:49.984+0000][8][gc,age      ] GC(429) - age   3:        296 bytes,    1619816 total
[2022-07-05T20:18:49.985+0000][8][gc,age      ] GC(429) - age   4:         32 bytes,    1619848 total
[2022-07-05T20:18:49.986+0000][8][gc,age      ] GC(429) - age   5:     140784 bytes,    1760632 total
[2022-07-05T20:18:49.986+0000][8][gc,age      ] GC(429) - age   6:     110240 bytes,    1870872 total
[2022-07-05T20:18:49.987+0000][8][gc,age      ] GC(429) - age   8:         32 bytes,    1870904 total
[2022-07-05T20:18:49.988+0000][8][gc,age      ] GC(429) - age  12:       8016 bytes,    1878920 total
[2022-07-05T20:18:49.988+0000][8][gc,age      ] GC(429) - age  13:        184 bytes,    1879104 total
[2022-07-05T20:18:49.989+0000][8][gc,age      ] GC(429) - age  14:        184 bytes,    1879288 total
[2022-07-05T20:18:49.990+0000][8][gc,heap     ] GC(429) Eden regions: 75->0(75)
[2022-07-05T20:18:49.990+0000][8][gc,heap     ] GC(429) Survivor regions: 1->1(10)
[2022-07-05T20:18:49.991+0000][8][gc,heap     ] GC(429) Old regions: 24->24
[2022-07-05T20:18:49.991+0000][8][gc,heap     ] GC(429) Archive regions: 2->2
[2022-07-05T20:18:49.992+0000][8][gc,heap     ] GC(429) Humongous regions: 0->0
[2022-07-05T20:18:49.993+0000][8][gc,metaspace] GC(429) Metaspace: 128728K(132096K)->128728K(132096K) NonClass: 111863K(113536K)->111863K(113536K) Class: 16864K(18560K)->16864K(18560K)
[2022-07-05T20:18:49.993+0000][8][gc          ] GC(429) Pause Young (Normal) (G1 Evacuation Pause) 398M->98M(512M) 24.895ms
[2022-07-05T20:18:49.994+0000][8][gc,cpu      ] GC(429) User=0.01s Sys=0.01s Real=0.03s
[2022-07-05T20:18:49.995+0000][8][safepoint   ] Safepoint "G1CollectForAllocation", Time since last: 83987997165 ns, Reaching safepoint: 132374 ns, At safepoint: 26490871 ns, Total: 26623245 ns
[2022-07-05T20:20:37.967+0000][8][gc,start    ] GC(430) Pause Young (Normal) (G1 Evacuation Pause)
[2022-07-05T20:20:37.968+0000][8][gc,task     ] GC(430) Using 4 workers of 4 for evacuation
[2022-07-05T20:20:37.969+0000][8][gc,age      ] GC(430) Desired survivor size 20971520 bytes, new threshold 15 (max threshold 15)
[2022-07-05T20:20:37.974+0000][8][gc,phases   ] GC(430)   Pre Evacuate Collection Set: 0.2ms
[2022-07-05T20:20:37.974+0000][8][gc,phases   ] GC(430)   Merge Heap Roots: 0.1ms
[2022-07-05T20:20:37.975+0000][8][gc,phases   ] GC(430)   Evacuate Collection Set: 2.5ms
[2022-07-05T20:20:37.976+0000][8][gc,phases   ] GC(430)   Post Evacuate Collection Set: 1.1ms
[2022-07-05T20:20:37.977+0000][8][gc,phases   ] GC(430)   Other: 1.7ms
[2022-07-05T20:20:37.977+0000][8][gc,age      ] GC(430) Age table with threshold 15 (max threshold 15)
[2022-07-05T20:20:37.978+0000][8][gc,age      ] GC(430) - age   1:    1776176 bytes,    1776176 total
[2022-07-05T20:20:37.978+0000][8][gc,age      ] GC(430) - age   2:      21864 bytes,    1798040 total
[2022-07-05T20:20:37.979+0000][8][gc,age      ] GC(430) - age   3:     151560 bytes,    1949600 total
[2022-07-05T20:20:37.979+0000][8][gc,age      ] GC(430) - age   4:        296 bytes,    1949896 total
[2022-07-05T20:20:37.980+0000][8][gc,age      ] GC(430) - age   5:         32 bytes,    1949928 total
[2022-07-05T20:20:37.980+0000][8][gc,age      ] GC(430) - age   6:     140688 bytes,    2090616 total
[2022-07-05T20:20:37.981+0000][8][gc,age      ] GC(430) - age   7:     110240 bytes,    2200856 total
[2022-07-05T20:20:37.981+0000][8][gc,age      ] GC(430) - age   9:         32 bytes,    2200888 total
[2022-07-05T20:20:37.983+0000][8][gc,age      ] GC(430) - age  13:       8016 bytes,    2208904 total
[2022-07-05T20:20:37.983+0000][8][gc,age      ] GC(430) - age  15:        184 bytes,    2209088 total
[2022-07-05T20:20:37.984+0000][8][gc,heap     ] GC(430) Eden regions: 75->0(75)
[2022-07-05T20:20:37.985+0000][8][gc,heap     ] GC(430) Survivor regions: 1->1(10)
[2022-07-05T20:20:37.985+0000][8][gc,heap     ] GC(430) Old regions: 24->24
[2022-07-05T20:20:37.986+0000][8][gc,heap     ] GC(430) Archive regions: 2->2
[2022-07-05T20:20:37.986+0000][8][gc,heap     ] GC(430) Humongous regions: 0->0
[2022-07-05T20:20:37.987+0000][8][gc,metaspace] GC(430) Metaspace: 128728K(132096K)->128728K(132096K) NonClass: 111863K(113536K)->111863K(113536K) Class: 16864K(18560K)->16864K(18560K)
[2022-07-05T20:20:37.988+0000][8][gc          ] GC(430) Pause Young (Normal) (G1 Evacuation Pause) 398M->98M(512M) 20.605ms
[2022-07-05T20:20:37.989+0000][8][gc,cpu      ] GC(430) User=0.00s Sys=0.01s Real=0.02s
[2022-07-05T20:20:37.990+0000][8][safepoint   ] Safepoint "G1CollectForAllocation", Time since last: 108059156438 ns, Reaching safepoint: 213336 ns, At safepoint: 22745641 ns, Total: 22958977 ns
[2022-07-05T20:22:20.016+0000][8][safepoint   ] Safepoint "Cleanup", Time since last: 102089790651 ns, Reaching safepoint: 189245 ns, At safepoint: 74053 ns, Total: 263298 ns
[2022-07-05T20:22:25.448+0000][8][gc,start    ] GC(431) Pause Young (Normal) (G1 Evacuation Pause)
[2022-07-05T20:22:25.449+0000][8][gc,task     ] GC(431) Using 4 workers of 4 for evacuation
[2022-07-05T20:22:25.449+0000][8][gc,age      ] GC(431) Desired survivor size 20971520 bytes, new threshold 15 (max threshold 15)
[2022-07-05T20:22:25.454+0000][8][gc,phases   ] GC(431)   Pre Evacuate Collection Set: 0.1ms
[2022-07-05T20:22:25.454+0000][8][gc,phases   ] GC(431)   Merge Heap Roots: 0.2ms
[2022-07-05T20:22:25.455+0000][8][gc,phases   ] GC(431)   Evacuate Collection Set: 1.8ms
[2022-07-05T20:22:25.456+0000][8][gc,phases   ] GC(431)   Post Evacuate Collection Set: 1.0ms
[2022-07-05T20:22:25.457+0000][8][gc,phases   ] GC(431)   Other: 1.7ms
[2022-07-05T20:22:25.457+0000][8][gc,age      ] GC(431) Age table with threshold 15 (max threshold 15)
[2022-07-05T20:22:25.458+0000][8][gc,age      ] GC(431) - age   1:     487888 bytes,     487888 total
[2022-07-05T20:22:25.458+0000][8][gc,age      ] GC(431) - age   2:       1744 bytes,     489632 total
[2022-07-05T20:22:25.459+0000][8][gc,age      ] GC(431) - age   3:      17576 bytes,     507208 total
[2022-07-05T20:22:25.459+0000][8][gc,age      ] GC(431) - age   4:     151040 bytes,     658248 total
[2022-07-05T20:22:25.460+0000][8][gc,age      ] GC(431) - age   5:        296 bytes,     658544 total
[2022-07-05T20:22:25.461+0000][8][gc,age      ] GC(431) - age   6:         32 bytes,     658576 total
[2022-07-05T20:22:25.462+0000][8][gc,age      ] GC(431) - age   7:     132648 bytes,     791224 total
[2022-07-05T20:22:25.463+0000][8][gc,age      ] GC(431) - age   8:     108320 bytes,     899544 total
[2022-07-05T20:22:25.464+0000][8][gc,age      ] GC(431) - age  10:         32 bytes,     899576 total
[2022-07-05T20:22:25.464+0000][8][gc,age      ] GC(431) - age  14:       8016 bytes,     907592 total
[2022-07-05T20:22:25.465+0000][8][gc,heap     ] GC(431) Eden regions: 75->0(75)
[2022-07-05T20:22:25.465+0000][8][gc,heap     ] GC(431) Survivor regions: 1->1(10)
[2022-07-05T20:22:25.466+0000][8][gc,heap     ] GC(431) Old regions: 24->24
[2022-07-05T20:22:25.467+0000][8][gc,heap     ] GC(431) Archive regions: 2->2
[2022-07-05T20:22:25.468+0000][8][gc,heap     ] GC(431) Humongous regions: 0->0
[2022-07-05T20:22:25.468+0000][8][gc,metaspace] GC(431) Metaspace: 128728K(132096K)->128728K(132096K) NonClass: 111863K(113536K)->111863K(113536K) Class: 16864K(18560K)->16864K(18560K)
[2022-07-05T20:22:25.469+0000][8][gc          ] GC(431) Pause Young (Normal) (G1 Evacuation Pause) 398M->97M(512M) 21.136ms
[2022-07-05T20:22:25.470+0000][8][gc,cpu      ] GC(431) User=0.00s Sys=0.01s Real=0.03s
[2022-07-05T20:22:25.471+0000][8][safepoint   ] Safepoint "G1CollectForAllocation", Time since last: 5453894457 ns, Reaching safepoint: 76860 ns, At safepoint: 23107442 ns, Total: 23184302 ns
[2022-07-05T20:23:59.529+0000][8][gc,start    ] GC(432) Pause Young (Normal) (G1 Evacuation Pause)
[2022-07-05T20:23:59.532+0000][8][gc,task     ] GC(432) Using 4 workers of 4 for evacuation
[2022-07-05T20:23:59.533+0000][8][gc,age      ] GC(432) Desired survivor size 20971520 bytes, new threshold 15 (max threshold 15)
[2022-07-05T20:23:59.538+0000][8][gc,phases   ] GC(432)   Pre Evacuate Collection Set: 0.1ms
[2022-07-05T20:23:59.538+0000][8][gc,phases   ] GC(432)   Merge Heap Roots: 0.1ms
[2022-07-05T20:23:59.539+0000][8][gc,phases   ] GC(432)   Evacuate Collection Set: 2.4ms
[2022-07-05T20:23:59.539+0000][8][gc,phases   ] GC(432)   Post Evacuate Collection Set: 0.9ms
[2022-07-05T20:23:59.540+0000][8][gc,phases   ] GC(432)   Other: 1.8ms
[2022-07-05T20:23:59.541+0000][8][gc,age      ] GC(432) Age table with threshold 15 (max threshold 15)
[2022-07-05T20:23:59.541+0000][8][gc,age      ] GC(432) - age   1:    1336288 bytes,    1336288 total
[2022-07-05T20:23:59.542+0000][8][gc,age      ] GC(432) - age   2:       8888 bytes,    1345176 total
[2022-07-05T20:23:59.543+0000][8][gc,age      ] GC(432) - age   3:        248 bytes,    1345424 total
[2022-07-05T20:23:59.543+0000][8][gc,age      ] GC(432) - age   4:      17576 bytes,    1363000 total
[2022-07-05T20:23:59.544+0000][8][gc,age      ] GC(432) - age   5:     151040 bytes,    1514040 total
[2022-07-05T20:23:59.545+0000][8][gc,age      ] GC(432) - age   8:     132496 bytes,    1646536 total
[2022-07-05T20:23:59.546+0000][8][gc,age      ] GC(432) - age   9:     108320 bytes,    1754856 total
[2022-07-05T20:23:59.547+0000][8][gc,age      ] GC(432) - age  11:         32 bytes,    1754888 total
[2022-07-05T20:23:59.547+0000][8][gc,age      ] GC(432) - age  15:       8016 bytes,    1762904 total
[2022-07-05T20:23:59.548+0000][8][gc,heap     ] GC(432) Eden regions: 75->0(75)
[2022-07-05T20:23:59.548+0000][8][gc,heap     ] GC(432) Survivor regions: 1->1(10)
[2022-07-05T20:23:59.549+0000][8][gc,heap     ] GC(432) Old regions: 24->24
[2022-07-05T20:23:59.550+0000][8][gc,heap     ] GC(432) Archive regions: 2->2
[2022-07-05T20:23:59.550+0000][8][gc,heap     ] GC(432) Humongous regions: 0->0
[2022-07-05T20:23:59.551+0000][8][gc,metaspace] GC(432) Metaspace: 128728K(132096K)->128728K(132096K) NonClass: 111863K(113536K)->111863K(113536K) Class: 16864K(18560K)->16864K(18560K)
[2022-07-05T20:23:59.552+0000][8][gc          ] GC(432) Pause Young (Normal) (G1 Evacuation Pause) 397M->98M(512M) 22.714ms
[2022-07-05T20:23:59.552+0000][8][gc,cpu      ] GC(432) User=0.00s Sys=0.00s Real=0.02s
[2022-07-05T20:23:59.553+0000][8][safepoint   ] Safepoint "G1CollectForAllocation", Time since last: 94123320552 ns, Reaching safepoint: 94061 ns, At safepoint: 24146513 ns, Total: 24240574 ns
[2022-07-05T20:25:23.525+0000][8][gc,start    ] GC(433) Pause Young (Normal) (G1 Evacuation Pause)
[2022-07-05T20:25:23.527+0000][8][gc,task     ] GC(433) Using 4 workers of 4 for evacuation
[2022-07-05T20:25:23.527+0000][8][gc,age      ] GC(433) Desired survivor size 20971520 bytes, new threshold 15 (max threshold 15)
[2022-07-05T20:25:23.531+0000][8][gc,phases   ] GC(433)   Pre Evacuate Collection Set: 0.2ms
[2022-07-05T20:25:23.532+0000][8][gc,phases   ] GC(433)   Merge Heap Roots: 0.1ms
[2022-07-05T20:25:23.533+0000][8][gc,phases   ] GC(433)   Evacuate Collection Set: 1.8ms
[2022-07-05T20:25:23.534+0000][8][gc,phases   ] GC(433)   Post Evacuate Collection Set: 1.1ms
[2022-07-05T20:25:23.534+0000][8][gc,phases   ] GC(433)   Other: 1.2ms
[2022-07-05T20:25:23.535+0000][8][gc,age      ] GC(433) Age table with threshold 15 (max threshold 15)
[2022-07-05T20:25:23.535+0000][8][gc,age      ] GC(433) - age   1:    1107032 bytes,    1107032 total
[2022-07-05T20:25:23.536+0000][8][gc,age      ] GC(433) - age   2:       9856 bytes,    1116888 total
[2022-07-05T20:25:23.536+0000][8][gc,age      ] GC(433) - age   3:       7480 bytes,    1124368 total
[2022-07-05T20:25:23.537+0000][8][gc,age      ] GC(433) - age   4:        184 bytes,    1124552 total
[2022-07-05T20:25:23.538+0000][8][gc,age      ] GC(433) - age   5:      17576 bytes,    1142128 total
[2022-07-05T20:25:23.539+0000][8][gc,age      ] GC(433) - age   6:     150856 bytes,    1292984 total
[2022-07-05T20:25:23.539+0000][8][gc,age      ] GC(433) - age   9:     132496 bytes,    1425480 total
[2022-07-05T20:25:23.540+0000][8][gc,age      ] GC(433) - age  10:     108320 bytes,    1533800 total
[2022-07-05T20:25:23.541+0000][8][gc,age      ] GC(433) - age  12:         32 bytes,    1533832 total
[2022-07-05T20:25:23.541+0000][8][gc,heap     ] GC(433) Eden regions: 75->0(75)
[2022-07-05T20:25:23.542+0000][8][gc,heap     ] GC(433) Survivor regions: 1->1(10)
[2022-07-05T20:25:23.542+0000][8][gc,heap     ] GC(433) Old regions: 24->24
[2022-07-05T20:25:23.543+0000][8][gc,heap     ] GC(433) Archive regions: 2->2
[2022-07-05T20:25:23.544+0000][8][gc,heap     ] GC(433) Humongous regions: 0->0
[2022-07-05T20:25:23.545+0000][8][gc,metaspace] GC(433) Metaspace: 128728K(132096K)->128728K(132096K) NonClass: 111863K(113536K)->111863K(113536K) Class: 16864K(18560K)->16864K(18560K)
[2022-07-05T20:25:23.545+0000][8][gc          ] GC(433) Pause Young (Normal) (G1 Evacuation Pause) 398M->98M(512M) 19.973ms
[2022-07-05T20:25:23.549+0000][8][gc,cpu      ] GC(433) User=0.00s Sys=0.00s Real=0.02s
[2022-07-05T20:25:23.550+0000][8][safepoint   ] Safepoint "G1CollectForAllocation", Time since last: 84015013680 ns, Reaching safepoint: 49329 ns, At safepoint: 24652217 ns, Total: 24701546 ns
[2022-07-05T20:26:48.244+0000][8][gc,start    ] GC(434) Pause Young (Normal) (G1 Evacuation Pause)
[2022-07-05T20:26:48.245+0000][8][gc,task     ] GC(434) Using 4 workers of 4 for evacuation
[2022-07-05T20:26:48.247+0000][8][gc,age      ] GC(434) Desired survivor size 20971520 bytes, new threshold 15 (max threshold 15)
[2022-07-05T20:26:48.251+0000][8][gc,phases   ] GC(434)   Pre Evacuate Collection Set: 0.1ms
[2022-07-05T20:26:48.252+0000][8][gc,phases   ] GC(434)   Merge Heap Roots: 0.1ms
[2022-07-05T20:26:48.252+0000][8][gc,phases   ] GC(434)   Evacuate Collection Set: 2.0ms
[2022-07-05T20:26:48.253+0000][8][gc,phases   ] GC(434)   Post Evacuate Collection Set: 0.9ms
[2022-07-05T20:26:48.253+0000][8][gc,phases   ] GC(434)   Other: 2.4ms
[2022-07-05T20:26:48.254+0000][8][gc,age      ] GC(434) Age table with threshold 15 (max threshold 15)
[2022-07-05T20:26:48.255+0000][8][gc,age      ] GC(434) - age   1:    1050472 bytes,    1050472 total
[2022-07-05T20:26:48.255+0000][8][gc,age      ] GC(434) - age   2:       1760 bytes,    1052232 total
[2022-07-05T20:26:48.256+0000][8][gc,age      ] GC(434) - age   3:       8448 bytes,    1060680 total
[2022-07-05T20:26:48.256+0000][8][gc,age      ] GC(434) - age   4:       7384 bytes,    1068064 total
[2022-07-05T20:26:48.257+0000][8][gc,age      ] GC(434) - age   5:        184 bytes,    1068248 total
[2022-07-05T20:26:48.258+0000][8][gc,age      ] GC(434) - age   6:      17576 bytes,    1085824 total
[2022-07-05T20:26:48.258+0000][8][gc,age      ] GC(434) - age   7:     150856 bytes,    1236680 total
[2022-07-05T20:26:48.261+0000][8][gc,age      ] GC(434) - age  10:     132496 bytes,    1369176 total
[2022-07-05T20:26:48.262+0000][8][gc,age      ] GC(434) - age  11:     107928 bytes,    1477104 total
[2022-07-05T20:26:48.263+0000][8][gc,age      ] GC(434) - age  13:         32 bytes,    1477136 total
[2022-07-05T20:26:48.263+0000][8][gc,heap     ] GC(434) Eden regions: 75->0(75)
[2022-07-05T20:26:48.264+0000][8][gc,heap     ] GC(434) Survivor regions: 1->1(10)
[2022-07-05T20:26:48.264+0000][8][gc,heap     ] GC(434) Old regions: 24->24
[2022-07-05T20:26:48.265+0000][8][gc,heap     ] GC(434) Archive regions: 2->2
[2022-07-05T20:26:48.266+0000][8][gc,heap     ] GC(434) Humongous regions: 0->0
[2022-07-05T20:26:48.266+0000][8][gc,metaspace] GC(434) Metaspace: 128728K(132096K)->128728K(132096K) NonClass: 111863K(113536K)->111863K(113536K) Class: 16864K(18560K)->16864K(18560K)
[2022-07-05T20:26:48.267+0000][8][gc          ] GC(434) Pause Young (Normal) (G1 Evacuation Pause) 398M->98M(512M) 22.826ms
[2022-07-05T20:26:48.268+0000][8][gc,cpu      ] GC(434) User=0.01s Sys=0.00s Real=0.03s
[2022-07-05T20:26:48.269+0000][8][safepoint   ] Safepoint "G1CollectForAllocation", Time since last: 84757586083 ns, Reaching safepoint: 101984 ns, At safepoint: 24830595 ns, Total: 24932579 ns
[2022-07-05T20:28:08.438+0000][8][gc,start    ] GC(435) Pause Young (Normal) (G1 Evacuation Pause)
[2022-07-05T20:28:08.439+0000][8][gc,task     ] GC(435) Using 4 workers of 4 for evacuation
[2022-07-05T20:28:08.440+0000][8][gc,age      ] GC(435) Desired survivor size 20971520 bytes, new threshold 15 (max threshold 15)
[2022-07-05T20:28:08.445+0000][8][gc,phases   ] GC(435)   Pre Evacuate Collection Set: 0.2ms
[2022-07-05T20:28:08.445+0000][8][gc,phases   ] GC(435)   Merge Heap Roots: 0.1ms
[2022-07-05T20:28:08.446+0000][8][gc,phases   ] GC(435)   Evacuate Collection Set: 2.0ms
[2022-07-05T20:28:08.447+0000][8][gc,phases   ] GC(435)   Post Evacuate Collection Set: 1.3ms
[2022-07-05T20:28:08.447+0000][8][gc,phases   ] GC(435)   Other: 2.0ms
[2022-07-05T20:28:08.448+0000][8][gc,age      ] GC(435) Age table with threshold 15 (max threshold 15)
[2022-07-05T20:28:08.449+0000][8][gc,age      ] GC(435) - age   1:     871944 bytes,     871944 total
[2022-07-05T20:28:08.452+0000][8][gc,age      ] GC(435) - age   2:      23216 bytes,     895160 total
[2022-07-05T20:28:08.453+0000][8][gc,age      ] GC(435) - age   3:        608 bytes,     895768 total
[2022-07-05T20:28:08.454+0000][8][gc,age      ] GC(435) - age   4:       8288 bytes,     904056 total
[2022-07-05T20:28:08.455+0000][8][gc,age      ] GC(435) - age   5:       7384 bytes,     911440 total
[2022-07-05T20:28:08.455+0000][8][gc,age      ] GC(435) - age   6:        184 bytes,     911624 total
[2022-07-05T20:28:08.456+0000][8][gc,age      ] GC(435) - age   7:      17576 bytes,     929200 total
[2022-07-05T20:28:08.457+0000][8][gc,age      ] GC(435) - age   8:     150856 bytes,    1080056 total
[2022-07-05T20:28:08.457+0000][8][gc,age      ] GC(435) - age  11:     132496 bytes,    1212552 total
[2022-07-05T20:28:08.458+0000][8][gc,age      ] GC(435) - age  12:     107928 bytes,    1320480 total
[2022-07-05T20:28:08.458+0000][8][gc,age      ] GC(435) - age  14:         32 bytes,    1320512 total
[2022-07-05T20:28:08.459+0000][8][gc,heap     ] GC(435) Eden regions: 75->0(75)
[2022-07-05T20:28:08.459+0000][8][gc,heap     ] GC(435) Survivor regions: 1->1(10)
[2022-07-05T20:28:08.460+0000][8][gc,heap     ] GC(435) Old regions: 24->24
[2022-07-05T20:28:08.460+0000][8][gc,heap     ] GC(435) Archive regions: 2->2
[2022-07-05T20:28:08.461+0000][8][gc,heap     ] GC(435) Humongous regions: 0->0
[2022-07-05T20:28:08.462+0000][8][gc,metaspace] GC(435) Metaspace: 128728K(132096K)->128728K(132096K) NonClass: 111863K(113536K)->111863K(113536K) Class: 16864K(18560K)->16864K(18560K)
[2022-07-05T20:28:08.462+0000][8][gc          ] GC(435) Pause Young (Normal) (G1 Evacuation Pause) 398M->97M(512M) 24.448ms
[2022-07-05T20:28:08.463+0000][8][gc,cpu      ] GC(435) User=0.01s Sys=0.00s Real=0.03s
[2022-07-05T20:28:08.463+0000][8][safepoint   ] Safepoint "G1CollectForAllocation", Time since last: 80235068465 ns, Reaching safepoint: 66965 ns, At safepoint: 25516463 ns, Total: 25583428 ns
[2022-07-05T20:29:50.915+0000][8][gc,start    ] GC(436) Pause Young (Normal) (G1 Evacuation Pause)
[2022-07-05T20:29:50.917+0000][8][gc,task     ] GC(436) Using 4 workers of 4 for evacuation
[2022-07-05T20:29:50.917+0000][8][gc,age      ] GC(436) Desired survivor size 20971520 bytes, new threshold 15 (max threshold 15)
[2022-07-05T20:29:50.923+0000][8][gc,phases   ] GC(436)   Pre Evacuate Collection Set: 0.2ms
[2022-07-05T20:29:50.923+0000][8][gc,phases   ] GC(436)   Merge Heap Roots: 0.1ms
[2022-07-05T20:29:50.924+0000][8][gc,phases   ] GC(436)   Evacuate Collection Set: 2.6ms
[2022-07-05T20:29:50.924+0000][8][gc,phases   ] GC(436)   Post Evacuate Collection Set: 1.2ms
[2022-07-05T20:29:50.926+0000][8][gc,phases   ] GC(436)   Other: 1.6ms
[2022-07-05T20:29:50.927+0000][8][gc,age      ] GC(436) Age table with threshold 15 (max threshold 15)
[2022-07-05T20:29:50.928+0000][8][gc,age      ] GC(436) - age   1:    1422896 bytes,    1422896 total
[2022-07-05T20:29:50.928+0000][8][gc,age      ] GC(436) - age   2:        928 bytes,    1423824 total
[2022-07-05T20:29:50.928+0000][8][gc,age      ] GC(436) - age   3:      21816 bytes,    1445640 total
[2022-07-05T20:29:50.929+0000][8][gc,age      ] GC(436) - age   4:        480 bytes,    1446120 total
[2022-07-05T20:29:50.930+0000][8][gc,age      ] GC(436) - age   5:       8168 bytes,    1454288 total
[2022-07-05T20:29:50.930+0000][8][gc,age      ] GC(436) - age   6:       7384 bytes,    1461672 total
[2022-07-05T20:29:50.931+0000][8][gc,age      ] GC(436) - age   7:        184 bytes,    1461856 total
[2022-07-05T20:29:50.931+0000][8][gc,age      ] GC(436) - age   8:      17424 bytes,    1479280 total
[2022-07-05T20:29:50.932+0000][8][gc,age      ] GC(436) - age   9:     150856 bytes,    1630136 total
[2022-07-05T20:29:50.932+0000][8][gc,age      ] GC(436) - age  12:     132496 bytes,    1762632 total
[2022-07-05T20:29:50.933+0000][8][gc,age      ] GC(436) - age  13:     107928 bytes,    1870560 total
[2022-07-05T20:29:50.933+0000][8][gc,heap     ] GC(436) Eden regions: 75->0(75)
[2022-07-05T20:29:50.934+0000][8][gc,heap     ] GC(436) Survivor regions: 1->1(10)
[2022-07-05T20:29:50.934+0000][8][gc,heap     ] GC(436) Old regions: 24->24
[2022-07-05T20:29:50.935+0000][8][gc,heap     ] GC(436) Archive regions: 2->2
[2022-07-05T20:29:50.935+0000][8][gc,heap     ] GC(436) Humongous regions: 0->0
[2022-07-05T20:29:50.936+0000][8][gc,metaspace] GC(436) Metaspace: 128728K(132096K)->128728K(132096K) NonClass: 111863K(113536K)->111863K(113536K) Class: 16864K(18560K)->16864K(18560K)
[2022-07-05T20:29:50.937+0000][8][gc          ] GC(436) Pause Young (Normal) (G1 Evacuation Pause) 397M->98M(512M) 21.125ms
[2022-07-05T20:29:50.937+0000][8][gc,cpu      ] GC(436) User=0.02s Sys=0.00s Real=0.03s
[2022-07-05T20:29:50.938+0000][8][safepoint   ] Safepoint "G1CollectForAllocation", Time since last: 102516403391 ns, Reaching safepoint: 708477 ns, At safepoint: 22442516 ns, Total: 23150993 ns
[2022-07-05T20:30:23.970+0000][8][safepoint   ] Safepoint "Cleanup", Time since last: 33074632559 ns, Reaching safepoint: 479415 ns, At safepoint: 20877 ns, Total: 500292 ns
[2022-07-05T20:31:14.446+0000][8][gc,start    ] GC(437) Pause Young (Normal) (G1 Evacuation Pause)
[2022-07-05T20:31:14.447+0000][8][gc,task     ] GC(437) Using 4 workers of 4 for evacuation
[2022-07-05T20:31:14.448+0000][8][gc,age      ] GC(437) Desired survivor size 20971520 bytes, new threshold 15 (max threshold 15)
[2022-07-05T20:31:14.452+0000][8][gc,phases   ] GC(437)   Pre Evacuate Collection Set: 0.2ms
[2022-07-05T20:31:14.453+0000][8][gc,phases   ] GC(437)   Merge Heap Roots: 0.2ms
[2022-07-05T20:31:14.454+0000][8][gc,phases   ] GC(437)   Evacuate Collection Set: 2.1ms
[2022-07-05T20:31:14.455+0000][8][gc,phases   ] GC(437)   Post Evacuate Collection Set: 1.4ms
[2022-07-05T20:31:14.456+0000][8][gc,phases   ] GC(437)   Other: 1.1ms
[2022-07-05T20:31:14.457+0000][8][gc,age      ] GC(437) Age table with threshold 15 (max threshold 15)
[2022-07-05T20:31:14.457+0000][8][gc,age      ] GC(437) - age   1:    1101120 bytes,    1101120 total
[2022-07-05T20:31:14.458+0000][8][gc,age      ] GC(437) - age   2:       1952 bytes,    1103072 total
[2022-07-05T20:31:14.459+0000][8][gc,age      ] GC(437) - age   3:         56 bytes,    1103128 total
[2022-07-05T20:31:14.459+0000][8][gc,age      ] GC(437) - age   4:      21720 bytes,    1124848 total
[2022-07-05T20:31:14.460+0000][8][gc,age      ] GC(437) - age   5:        480 bytes,    1125328 total
[2022-07-05T20:31:14.460+0000][8][gc,age      ] GC(437) - age   6:       8168 bytes,    1133496 total
[2022-07-05T20:31:14.461+0000][8][gc,age      ] GC(437) - age   7:       7384 bytes,    1140880 total
[2022-07-05T20:31:14.462+0000][8][gc,age      ] GC(437) - age   8:        184 bytes,    1141064 total
[2022-07-05T20:31:14.462+0000][8][gc,age      ] GC(437) - age   9:      17424 bytes,    1158488 total
[2022-07-05T20:31:14.463+0000][8][gc,age      ] GC(437) - age  10:     150856 bytes,    1309344 total
[2022-07-05T20:31:14.464+0000][8][gc,age      ] GC(437) - age  13:     132496 bytes,    1441840 total
[2022-07-05T20:31:14.464+0000][8][gc,age      ] GC(437) - age  14:     107928 bytes,    1549768 total
[2022-07-05T20:31:14.465+0000][8][gc,heap     ] GC(437) Eden regions: 75->0(75)
[2022-07-05T20:31:14.465+0000][8][gc,heap     ] GC(437) Survivor regions: 1->1(10)
[2022-07-05T20:31:14.466+0000][8][gc,heap     ] GC(437) Old regions: 24->24
[2022-07-05T20:31:14.466+0000][8][gc,heap     ] GC(437) Archive regions: 2->2
[2022-07-05T20:31:14.467+0000][8][gc,heap     ] GC(437) Humongous regions: 0->0
[2022-07-05T20:31:14.468+0000][8][gc,metaspace] GC(437) Metaspace: 128728K(132096K)->128728K(132096K) NonClass: 111863K(113536K)->111863K(113536K) Class: 16864K(18560K)->16864K(18560K)
[2022-07-05T20:31:14.468+0000][8][gc          ] GC(437) Pause Young (Normal) (G1 Evacuation Pause) 398M->98M(512M) 22.164ms
[2022-07-05T20:31:14.469+0000][8][gc,cpu      ] GC(437) User=0.01s Sys=0.00s Real=0.02s
[2022-07-05T20:31:14.470+0000][8][safepoint   ] Safepoint "G1CollectForAllocation", Time since last: 50498027519 ns, Reaching safepoint: 214720 ns, At safepoint: 23660837 ns, Total: 23875557 ns
[2022-07-05T20:32:38.430+0000][8][gc,start    ] GC(438) Pause Young (Normal) (G1 Evacuation Pause)
[2022-07-05T20:32:38.432+0000][8][gc,task     ] GC(438) Using 4 workers of 4 for evacuation
[2022-07-05T20:32:38.433+0000][8][gc,age      ] GC(438) Desired survivor size 20971520 bytes, new threshold 15 (max threshold 15)
[2022-07-05T20:32:38.437+0000][8][gc,phases   ] GC(438)   Pre Evacuate Collection Set: 0.2ms
[2022-07-05T20:32:38.438+0000][8][gc,phases   ] GC(438)   Merge Heap Roots: 0.1ms
[2022-07-05T20:32:38.439+0000][8][gc,phases   ] GC(438)   Evacuate Collection Set: 2.0ms
[2022-07-05T20:32:38.439+0000][8][gc,phases   ] GC(438)   Post Evacuate Collection Set: 0.9ms
[2022-07-05T20:32:38.440+0000][8][gc,phases   ] GC(438)   Other: 1.5ms
[2022-07-05T20:32:38.440+0000][8][gc,age      ] GC(438) Age table with threshold 15 (max threshold 15)
[2022-07-05T20:32:38.441+0000][8][gc,age      ] GC(438) - age   1:    1288912 bytes,    1288912 total
[2022-07-05T20:32:38.442+0000][8][gc,age      ] GC(438) - age   2:       9512 bytes,    1298424 total
[2022-07-05T20:32:38.442+0000][8][gc,age      ] GC(438) - age   3:        424 bytes,    1298848 total
[2022-07-05T20:32:38.443+0000][8][gc,age      ] GC(438) - age   5:      21720 bytes,    1320568 total
[2022-07-05T20:32:38.443+0000][8][gc,age      ] GC(438) - age   6:        296 bytes,    1320864 total
[2022-07-05T20:32:38.444+0000][8][gc,age      ] GC(438) - age   7:       8168 bytes,    1329032 total
[2022-07-05T20:32:38.445+0000][8][gc,age      ] GC(438) - age   8:       5464 bytes,    1334496 total
[2022-07-05T20:32:38.446+0000][8][gc,age      ] GC(438) - age   9:        184 bytes,    1334680 total
[2022-07-05T20:32:38.449+0000][8][gc,age      ] GC(438) - age  10:      17424 bytes,    1352104 total
[2022-07-05T20:32:38.450+0000][8][gc,age      ] GC(438) - age  11:     150856 bytes,    1502960 total
[2022-07-05T20:32:38.451+0000][8][gc,age      ] GC(438) - age  14:     132496 bytes,    1635456 total
[2022-07-05T20:32:38.452+0000][8][gc,age      ] GC(438) - age  15:     107928 bytes,    1743384 total
[2022-07-05T20:32:38.452+0000][8][gc,heap     ] GC(438) Eden regions: 75->0(75)
[2022-07-05T20:32:38.453+0000][8][gc,heap     ] GC(438) Survivor regions: 1->1(10)
[2022-07-05T20:32:38.454+0000][8][gc,heap     ] GC(438) Old regions: 24->24
[2022-07-05T20:32:38.454+0000][8][gc,heap     ] GC(438) Archive regions: 2->2
[2022-07-05T20:32:38.455+0000][8][gc,heap     ] GC(438) Humongous regions: 0->0
[2022-07-05T20:32:38.455+0000][8][gc,metaspace] GC(438) Metaspace: 128728K(132096K)->128728K(132096K) NonClass: 111863K(113536K)->111863K(113536K) Class: 16864K(18560K)->16864K(18560K)
[2022-07-05T20:32:38.456+0000][8][gc          ] GC(438) Pause Young (Normal) (G1 Evacuation Pause) 398M->98M(512M) 26.444ms
[2022-07-05T20:32:38.458+0000][8][gc,cpu      ] GC(438) User=0.01s Sys=0.00s Real=0.03s
[2022-07-05T20:32:38.458+0000][8][safepoint   ] Safepoint "G1CollectForAllocation", Time since last: 84024942934 ns, Reaching safepoint: 78622 ns, At safepoint: 28546240 ns, Total: 28624862 ns
[2022-07-05T20:34:03.433+0000][8][gc,start    ] GC(439) Pause Young (Normal) (G1 Evacuation Pause)
[2022-07-05T20:34:03.434+0000][8][gc,task     ] GC(439) Using 4 workers of 4 for evacuation
[2022-07-05T20:34:03.434+0000][8][gc,age      ] GC(439) Desired survivor size 20971520 bytes, new threshold 15 (max threshold 15)
[2022-07-05T20:34:03.440+0000][8][gc,phases   ] GC(439)   Pre Evacuate Collection Set: 0.2ms
[2022-07-05T20:34:03.442+0000][8][gc,phases   ] GC(439)   Merge Heap Roots: 0.1ms
[2022-07-05T20:34:03.443+0000][8][gc,phases   ] GC(439)   Evacuate Collection Set: 2.1ms
[2022-07-05T20:34:03.444+0000][8][gc,phases   ] GC(439)   Post Evacuate Collection Set: 2.3ms
[2022-07-05T20:34:03.445+0000][8][gc,phases   ] GC(439)   Other: 1.7ms
[2022-07-05T20:34:03.445+0000][8][gc,age      ] GC(439) Age table with threshold 15 (max threshold 15)
[2022-07-05T20:34:03.446+0000][8][gc,age      ] GC(439) - age   1:     837472 bytes,     837472 total
[2022-07-05T20:34:03.447+0000][8][gc,age      ] GC(439) - age   2:       3664 bytes,     841136 total
[2022-07-05T20:34:03.447+0000][8][gc,age      ] GC(439) - age   3:        280 bytes,     841416 total
[2022-07-05T20:34:03.448+0000][8][gc,age      ] GC(439) - age   4:        296 bytes,     841712 total
[2022-07-05T20:34:03.448+0000][8][gc,age      ] GC(439) - age   6:      21720 bytes,     863432 total
[2022-07-05T20:34:03.449+0000][8][gc,age      ] GC(439) - age   8:       8168 bytes,     871600 total
[2022-07-05T20:34:03.450+0000][8][gc,age      ] GC(439) - age   9:       5464 bytes,     877064 total
[2022-07-05T20:34:03.450+0000][8][gc,age      ] GC(439) - age  10:        184 bytes,     877248 total
[2022-07-05T20:34:03.451+0000][8][gc,age      ] GC(439) - age  11:      17424 bytes,     894672 total
[2022-07-05T20:34:03.451+0000][8][gc,age      ] GC(439) - age  12:     150856 bytes,    1045528 total
[2022-07-05T20:34:03.452+0000][8][gc,age      ] GC(439) - age  15:     132496 bytes,    1178024 total
[2022-07-05T20:34:03.453+0000][8][gc,heap     ] GC(439) Eden regions: 75->0(75)
[2022-07-05T20:34:03.454+0000][8][gc,heap     ] GC(439) Survivor regions: 1->1(10)
[2022-07-05T20:34:03.455+0000][8][gc,heap     ] GC(439) Old regions: 24->24
[2022-07-05T20:34:03.455+0000][8][gc,heap     ] GC(439) Archive regions: 2->2
[2022-07-05T20:34:03.456+0000][8][gc,heap     ] GC(439) Humongous regions: 0->0
[2022-07-05T20:34:03.457+0000][8][gc,metaspace] GC(439) Metaspace: 128728K(132096K)->128728K(132096K) NonClass: 111863K(113536K)->111863K(113536K) Class: 16864K(18560K)->16864K(18560K)
[2022-07-05T20:34:03.457+0000][8][gc          ] GC(439) Pause Young (Normal) (G1 Evacuation Pause) 398M->97M(512M) 24.828ms
[2022-07-05T20:34:03.458+0000][8][gc,cpu      ] GC(439) User=0.01s Sys=0.01s Real=0.03s
[2022-07-05T20:34:03.459+0000][8][safepoint   ] Safepoint "G1CollectForAllocation", Time since last: 85041876394 ns, Reaching safepoint: 95005 ns, At safepoint: 26257788 ns, Total: 26352793 ns
[2022-07-05T20:35:26.380+0000][8][gc,start    ] GC(440) Pause Young (Normal) (G1 Evacuation Pause)
[2022-07-05T20:35:26.382+0000][8][gc,task     ] GC(440) Using 4 workers of 4 for evacuation
[2022-07-05T20:35:26.383+0000][8][gc,age      ] GC(440) Desired survivor size 20971520 bytes, new threshold 15 (max threshold 15)
[2022-07-05T20:35:26.387+0000][8][gc,phases   ] GC(440)   Pre Evacuate Collection Set: 0.4ms
[2022-07-05T20:35:26.388+0000][8][gc,phases   ] GC(440)   Merge Heap Roots: 0.3ms
[2022-07-05T20:35:26.389+0000][8][gc,phases   ] GC(440)   Evacuate Collection Set: 1.7ms
[2022-07-05T20:35:26.389+0000][8][gc,phases   ] GC(440)   Post Evacuate Collection Set: 1.3ms
[2022-07-05T20:35:26.390+0000][8][gc,phases   ] GC(440)   Other: 1.8ms
[2022-07-05T20:35:26.390+0000][8][gc,age      ] GC(440) Age table with threshold 15 (max threshold 15)
[2022-07-05T20:35:26.392+0000][8][gc,age      ] GC(440) - age   1:     853816 bytes,     853816 total
[2022-07-05T20:35:26.392+0000][8][gc,age      ] GC(440) - age   2:        872 bytes,     854688 total
[2022-07-05T20:35:26.393+0000][8][gc,age      ] GC(440) - age   3:       2336 bytes,     857024 total
[2022-07-05T20:35:26.394+0000][8][gc,age      ] GC(440) - age   4:        280 bytes,     857304 total
[2022-07-05T20:35:26.394+0000][8][gc,age      ] GC(440) - age   5:        296 bytes,     857600 total
[2022-07-05T20:35:26.395+0000][8][gc,age      ] GC(440) - age   7:      21720 bytes,     879320 total
[2022-07-05T20:35:26.396+0000][8][gc,age      ] GC(440) - age   9:       8168 bytes,     887488 total
[2022-07-05T20:35:26.397+0000][8][gc,age      ] GC(440) - age  10:       5464 bytes,     892952 total
[2022-07-05T20:35:26.397+0000][8][gc,age      ] GC(440) - age  11:        184 bytes,     893136 total
[2022-07-05T20:35:26.398+0000][8][gc,age      ] GC(440) - age  12:      17424 bytes,     910560 total
[2022-07-05T20:35:26.398+0000][8][gc,age      ] GC(440) - age  13:     150856 bytes,    1061416 total
[2022-07-05T20:35:26.399+0000][8][gc,heap     ] GC(440) Eden regions: 75->0(75)
[2022-07-05T20:35:26.400+0000][8][gc,heap     ] GC(440) Survivor regions: 1->1(10)
[2022-07-05T20:35:26.402+0000][8][gc,heap     ] GC(440) Old regions: 24->24
[2022-07-05T20:35:26.403+0000][8][gc,heap     ] GC(440) Archive regions: 2->2
[2022-07-05T20:35:26.404+0000][8][gc,heap     ] GC(440) Humongous regions: 0->0
[2022-07-05T20:35:26.405+0000][8][gc,metaspace] GC(440) Metaspace: 128728K(132096K)->128728K(132096K) NonClass: 111863K(113536K)->111863K(113536K) Class: 16864K(18560K)->16864K(18560K)
[2022-07-05T20:35:26.406+0000][8][gc          ] GC(440) Pause Young (Normal) (G1 Evacuation Pause) 397M->97M(512M) 25.152ms
[2022-07-05T20:35:26.406+0000][8][gc,cpu      ] GC(440) User=0.01s Sys=0.01s Real=0.03s
[2022-07-05T20:35:26.407+0000][8][safepoint   ] Safepoint "G1CollectForAllocation", Time since last: 82983106467 ns, Reaching safepoint: 94018 ns, At safepoint: 26695914 ns, Total: 26789932 ns
[2022-07-05T20:36:47.391+0000][8][gc,start    ] GC(441) Pause Young (Normal) (G1 Evacuation Pause)
[2022-07-05T20:36:47.392+0000][8][gc,task     ] GC(441) Using 4 workers of 4 for evacuation
[2022-07-05T20:36:47.393+0000][8][gc,age      ] GC(441) Desired survivor size 20971520 bytes, new threshold 15 (max threshold 15)
[2022-07-05T20:36:47.396+0000][8][gc,phases   ] GC(441)   Pre Evacuate Collection Set: 0.2ms
[2022-07-05T20:36:47.397+0000][8][gc,phases   ] GC(441)   Merge Heap Roots: 0.1ms
[2022-07-05T20:36:47.398+0000][8][gc,phases   ] GC(441)   Evacuate Collection Set: 1.4ms
[2022-07-05T20:36:47.398+0000][8][gc,phases   ] GC(441)   Post Evacuate Collection Set: 0.8ms
[2022-07-05T20:36:47.399+0000][8][gc,phases   ] GC(441)   Other: 1.2ms
[2022-07-05T20:36:47.400+0000][8][gc,age      ] GC(441) Age table with threshold 15 (max threshold 15)
[2022-07-05T20:36:47.401+0000][8][gc,age      ] GC(441) - age   1:     502728 bytes,     502728 total
[2022-07-05T20:36:47.401+0000][8][gc,age      ] GC(441) - age   2:      21376 bytes,     524104 total
[2022-07-05T20:36:47.402+0000][8][gc,age      ] GC(441) - age   3:        360 bytes,     524464 total
[2022-07-05T20:36:47.403+0000][8][gc,age      ] GC(441) - age   4:       2272 bytes,     526736 total
[2022-07-05T20:36:47.403+0000][8][gc,age      ] GC(441) - age   5:        184 bytes,     526920 total
[2022-07-05T20:36:47.404+0000][8][gc,age      ] GC(441) - age   6:        296 bytes,     527216 total
[2022-07-05T20:36:47.404+0000][8][gc,age      ] GC(441) - age   8:      21720 bytes,     548936 total
[2022-07-05T20:36:47.405+0000][8][gc,age      ] GC(441) - age  10:       8168 bytes,     557104 total
[2022-07-05T20:36:47.405+0000][8][gc,age      ] GC(441) - age  11:       5464 bytes,     562568 total
[2022-07-05T20:36:47.406+0000][8][gc,age      ] GC(441) - age  12:        184 bytes,     562752 total
[2022-07-05T20:36:47.407+0000][8][gc,age      ] GC(441) - age  13:      17424 bytes,     580176 total
[2022-07-05T20:36:47.408+0000][8][gc,age      ] GC(441) - age  14:     150856 bytes,     731032 total
[2022-07-05T20:36:47.408+0000][8][gc,heap     ] GC(441) Eden regions: 75->0(75)
[2022-07-05T20:36:47.409+0000][8][gc,heap     ] GC(441) Survivor regions: 1->1(10)
[2022-07-05T20:36:47.410+0000][8][gc,heap     ] GC(441) Old regions: 24->24
[2022-07-05T20:36:47.410+0000][8][gc,heap     ] GC(441) Archive regions: 2->2
[2022-07-05T20:36:47.411+0000][8][gc,heap     ] GC(441) Humongous regions: 0->0
[2022-07-05T20:36:47.411+0000][8][gc,metaspace] GC(441) Metaspace: 128728K(132096K)->128728K(132096K) NonClass: 111864K(113536K)->111864K(113536K) Class: 16864K(18560K)->16864K(18560K)
[2022-07-05T20:36:47.412+0000][8][gc          ] GC(441) Pause Young (Normal) (G1 Evacuation Pause) 397M->97M(512M) 20.664ms
[2022-07-05T20:36:47.412+0000][8][gc,cpu      ] GC(441) User=0.01s Sys=0.00s Real=0.02s
[2022-07-05T20:36:47.413+0000][8][safepoint   ] Safepoint "G1CollectForAllocation", Time since last: 81027468910 ns, Reaching safepoint: 82584 ns, At safepoint: 21840282 ns, Total: 21922866 ns
[2022-07-05T20:38:14.371+0000][8][gc,start    ] GC(442) Pause Young (Normal) (G1 Evacuation Pause)
[2022-07-05T20:38:14.372+0000][8][gc,task     ] GC(442) Using 4 workers of 4 for evacuation
[2022-07-05T20:38:14.373+0000][8][gc,age      ] GC(442) Desired survivor size 20971520 bytes, new threshold 15 (max threshold 15)
[2022-07-05T20:38:14.377+0000][8][gc,phases   ] GC(442)   Pre Evacuate Collection Set: 0.2ms
[2022-07-05T20:38:14.378+0000][8][gc,phases   ] GC(442)   Merge Heap Roots: 0.1ms
[2022-07-05T20:38:14.378+0000][8][gc,phases   ] GC(442)   Evacuate Collection Set: 2.2ms
[2022-07-05T20:38:14.379+0000][8][gc,phases   ] GC(442)   Post Evacuate Collection Set: 0.9ms
[2022-07-05T20:38:14.380+0000][8][gc,phases   ] GC(442)   Other: 1.3ms
[2022-07-05T20:38:14.380+0000][8][gc,age      ] GC(442) Age table with threshold 15 (max threshold 15)
[2022-07-05T20:38:14.381+0000][8][gc,age      ] GC(442) - age   1:    1620856 bytes,    1620856 total
[2022-07-05T20:38:14.382+0000][8][gc,age      ] GC(442) - age   2:       6256 bytes,    1627112 total
[2022-07-05T20:38:14.382+0000][8][gc,age      ] GC(442) - age   3:      20992 bytes,    1648104 total
[2022-07-05T20:38:14.383+0000][8][gc,age      ] GC(442) - age   4:        296 bytes,    1648400 total
[2022-07-05T20:38:14.383+0000][8][gc,age      ] GC(442) - age   5:       1976 bytes,    1650376 total
[2022-07-05T20:38:14.384+0000][8][gc,age      ] GC(442) - age   6:        184 bytes,    1650560 total
[2022-07-05T20:38:14.385+0000][8][gc,age      ] GC(442) - age   7:        296 bytes,    1650856 total
[2022-07-05T20:38:14.385+0000][8][gc,age      ] GC(442) - age   9:      21720 bytes,    1672576 total
[2022-07-05T20:38:14.386+0000][8][gc,age      ] GC(442) - age  11:       8168 bytes,    1680744 total
[2022-07-05T20:38:14.387+0000][8][gc,age      ] GC(442) - age  12:       5464 bytes,    1686208 total
[2022-07-05T20:38:14.387+0000][8][gc,age      ] GC(442) - age  13:        184 bytes,    1686392 total
[2022-07-05T20:38:14.388+0000][8][gc,age      ] GC(442) - age  14:      17040 bytes,    1703432 total
[2022-07-05T20:38:14.388+0000][8][gc,age      ] GC(442) - age  15:     150856 bytes,    1854288 total
[2022-07-05T20:38:14.389+0000][8][gc,heap     ] GC(442) Eden regions: 75->0(75)
[2022-07-05T20:38:14.390+0000][8][gc,heap     ] GC(442) Survivor regions: 1->1(10)
[2022-07-05T20:38:14.390+0000][8][gc,heap     ] GC(442) Old regions: 24->24
[2022-07-05T20:38:14.391+0000][8][gc,heap     ] GC(442) Archive regions: 2->2
[2022-07-05T20:38:14.391+0000][8][gc,heap     ] GC(442) Humongous regions: 0->0
[2022-07-05T20:38:14.392+0000][8][gc,metaspace] GC(442) Metaspace: 128728K(132096K)->128728K(132096K) NonClass: 111864K(113536K)->111864K(113536K) Class: 16864K(18560K)->16864K(18560K)
[2022-07-05T20:38:14.393+0000][8][gc          ] GC(442) Pause Young (Normal) (G1 Evacuation Pause) 397M->98M(512M) 21.657ms
[2022-07-05T20:38:14.393+0000][8][gc,cpu      ] GC(442) User=0.01s Sys=0.00s Real=0.02s
[2022-07-05T20:38:14.395+0000][8][safepoint   ] Safepoint "G1CollectForAllocation", Time since last: 87022205951 ns, Reaching safepoint: 218781 ns, At safepoint: 23644238 ns, Total: 23863019 ns
[2022-07-05T20:39:35.360+0000][8][gc,start    ] GC(443) Pause Young (Normal) (G1 Evacuation Pause)
[2022-07-05T20:39:35.362+0000][8][gc,task     ] GC(443) Using 4 workers of 4 for evacuation
[2022-07-05T20:39:35.363+0000][8][gc,age      ] GC(443) Desired survivor size 20971520 bytes, new threshold 15 (max threshold 15)
[2022-07-05T20:39:35.367+0000][8][gc,phases   ] GC(443)   Pre Evacuate Collection Set: 0.2ms
[2022-07-05T20:39:35.368+0000][8][gc,phases   ] GC(443)   Merge Heap Roots: 0.0ms
[2022-07-05T20:39:35.368+0000][8][gc,phases   ] GC(443)   Evacuate Collection Set: 2.5ms
[2022-07-05T20:39:35.369+0000][8][gc,phases   ] GC(443)   Post Evacuate Collection Set: 0.9ms
[2022-07-05T20:39:35.370+0000][8][gc,phases   ] GC(443)   Other: 1.4ms
[2022-07-05T20:39:35.370+0000][8][gc,age      ] GC(443) Age table with threshold 15 (max threshold 15)
[2022-07-05T20:39:35.371+0000][8][gc,age      ] GC(443) - age   1:    1491232 bytes,    1491232 total
[2022-07-05T20:39:35.372+0000][8][gc,age      ] GC(443) - age   2:      30400 bytes,    1521632 total
[2022-07-05T20:39:35.373+0000][8][gc,age      ] GC(443) - age   3:       5240 bytes,    1526872 total
[2022-07-05T20:39:35.374+0000][8][gc,age      ] GC(443) - age   4:      20808 bytes,    1547680 total
[2022-07-05T20:39:35.374+0000][8][gc,age      ] GC(443) - age   6:       1976 bytes,    1549656 total
[2022-07-05T20:39:35.375+0000][8][gc,age      ] GC(443) - age   7:        184 bytes,    1549840 total
[2022-07-05T20:39:35.375+0000][8][gc,age      ] GC(443) - age   8:        120 bytes,    1549960 total
[2022-07-05T20:39:35.376+0000][8][gc,age      ] GC(443) - age  10:      21720 bytes,    1571680 total
[2022-07-05T20:39:35.376+0000][8][gc,age      ] GC(443) - age  12:       8168 bytes,    1579848 total
[2022-07-05T20:39:35.377+0000][8][gc,age      ] GC(443) - age  13:       5464 bytes,    1585312 total
[2022-07-05T20:39:35.377+0000][8][gc,age      ] GC(443) - age  14:        184 bytes,    1585496 total
[2022-07-05T20:39:35.378+0000][8][gc,age      ] GC(443) - age  15:      17008 bytes,    1602504 total
[2022-07-05T20:39:35.378+0000][8][gc,heap     ] GC(443) Eden regions: 75->0(75)
[2022-07-05T20:39:35.379+0000][8][gc,heap     ] GC(443) Survivor regions: 1->1(10)
[2022-07-05T20:39:35.380+0000][8][gc,heap     ] GC(443) Old regions: 24->24
[2022-07-05T20:39:35.380+0000][8][gc,heap     ] GC(443) Archive regions: 2->2
[2022-07-05T20:39:35.381+0000][8][gc,heap     ] GC(443) Humongous regions: 0->0
[2022-07-05T20:39:35.381+0000][8][gc,metaspace] GC(443) Metaspace: 128729K(132096K)->128729K(132096K) NonClass: 111865K(113536K)->111865K(113536K) Class: 16864K(18560K)->16864K(18560K)
[2022-07-05T20:39:35.382+0000][8][gc          ] GC(443) Pause Young (Normal) (G1 Evacuation Pause) 398M->98M(512M) 21.472ms
[2022-07-05T20:39:35.383+0000][8][gc,cpu      ] GC(443) User=0.01s Sys=0.01s Real=0.02s
[2022-07-05T20:39:35.384+0000][8][safepoint   ] Safepoint "G1CollectForAllocation", Time since last: 81030685319 ns, Reaching safepoint: 151892 ns, At safepoint: 23089177 ns, Total: 23241069 ns
[2022-07-05T20:40:59.822+0000][8][gc,start    ] GC(444) Pause Young (Normal) (G1 Evacuation Pause)
[2022-07-05T20:40:59.824+0000][8][gc,task     ] GC(444) Using 4 workers of 4 for evacuation
[2022-07-05T20:40:59.825+0000][8][gc,age      ] GC(444) Desired survivor size 20971520 bytes, new threshold 15 (max threshold 15)
[2022-07-05T20:40:59.831+0000][8][gc,phases   ] GC(444)   Pre Evacuate Collection Set: 0.4ms
[2022-07-05T20:40:59.832+0000][8][gc,phases   ] GC(444)   Merge Heap Roots: 0.2ms
[2022-07-05T20:40:59.835+0000][8][gc,phases   ] GC(444)   Evacuate Collection Set: 2.8ms
[2022-07-05T20:40:59.836+0000][8][gc,phases   ] GC(444)   Post Evacuate Collection Set: 1.3ms
[2022-07-05T20:40:59.836+0000][8][gc,phases   ] GC(444)   Other: 2.2ms
[2022-07-05T20:40:59.837+0000][8][gc,age      ] GC(444) Age table with threshold 15 (max threshold 15)
[2022-07-05T20:40:59.839+0000][8][gc,age      ] GC(444) - age   1:    1405712 bytes,    1405712 total
[2022-07-05T20:40:59.840+0000][8][gc,age      ] GC(444) - age   2:       1856 bytes,    1407568 total
[2022-07-05T20:40:59.840+0000][8][gc,age      ] GC(444) - age   3:      29248 bytes,    1436816 total
[2022-07-05T20:40:59.841+0000][8][gc,age      ] GC(444) - age   4:       4944 bytes,    1441760 total
[2022-07-05T20:40:59.842+0000][8][gc,age      ] GC(444) - age   5:      20808 bytes,    1462568 total
[2022-07-05T20:40:59.842+0000][8][gc,age      ] GC(444) - age   7:       1952 bytes,    1464520 total
[2022-07-05T20:40:59.843+0000][8][gc,age      ] GC(444) - age   8:        184 bytes,    1464704 total
[2022-07-05T20:40:59.843+0000][8][gc,age      ] GC(444) - age   9:        120 bytes,    1464824 total
[2022-07-05T20:40:59.844+0000][8][gc,age      ] GC(444) - age  11:      21720 bytes,    1486544 total
[2022-07-05T20:40:59.844+0000][8][gc,age      ] GC(444) - age  13:       8168 bytes,    1494712 total
[2022-07-05T20:40:59.845+0000][8][gc,age      ] GC(444) - age  14:       5464 bytes,    1500176 total
[2022-07-05T20:40:59.846+0000][8][gc,age      ] GC(444) - age  15:        184 bytes,    1500360 total
[2022-07-05T20:40:59.846+0000][8][gc,heap     ] GC(444) Eden regions: 75->0(75)
[2022-07-05T20:40:59.847+0000][8][gc,heap     ] GC(444) Survivor regions: 1->1(10)
[2022-07-05T20:40:59.847+0000][8][gc,heap     ] GC(444) Old regions: 24->24
[2022-07-05T20:40:59.848+0000][8][gc,heap     ] GC(444) Archive regions: 2->2
[2022-07-05T20:40:59.848+0000][8][gc,heap     ] GC(444) Humongous regions: 0->0
[2022-07-05T20:40:59.849+0000][8][gc,metaspace] GC(444) Metaspace: 128729K(132096K)->128729K(132096K) NonClass: 111865K(113536K)->111865K(113536K) Class: 16864K(18560K)->16864K(18560K)
[2022-07-05T20:40:59.850+0000][8][gc          ] GC(444) Pause Young (Normal) (G1 Evacuation Pause) 398M->98M(512M) 28.048ms
[2022-07-05T20:40:59.852+0000][8][gc,cpu      ] GC(444) User=0.02s Sys=0.00s Real=0.03s
[2022-07-05T20:40:59.852+0000][8][safepoint   ] Safepoint "G1CollectForAllocation", Time since last: 84503672583 ns, Reaching safepoint: 160067 ns, At safepoint: 29849477 ns, Total: 30009544 ns
[2022-07-05T20:42:23.331+0000][8][gc,start    ] GC(445) Pause Young (Normal) (G1 Evacuation Pause)
[2022-07-05T20:42:23.332+0000][8][gc,task     ] GC(445) Using 4 workers of 4 for evacuation
[2022-07-05T20:42:23.333+0000][8][gc,age      ] GC(445) Desired survivor size 20971520 bytes, new threshold 15 (max threshold 15)
[2022-07-05T20:42:23.336+0000][8][gc,phases   ] GC(445)   Pre Evacuate Collection Set: 0.2ms
[2022-07-05T20:42:23.337+0000][8][gc,phases   ] GC(445)   Merge Heap Roots: 0.1ms
[2022-07-05T20:42:23.337+0000][8][gc,phases   ] GC(445)   Evacuate Collection Set: 1.5ms
[2022-07-05T20:42:23.338+0000][8][gc,phases   ] GC(445)   Post Evacuate Collection Set: 1.0ms
[2022-07-05T20:42:23.339+0000][8][gc,phases   ] GC(445)   Other: 1.3ms
[2022-07-05T20:42:23.339+0000][8][gc,age      ] GC(445) Age table with threshold 15 (max threshold 15)
[2022-07-05T20:42:23.340+0000][8][gc,age      ] GC(445) - age   1:     932304 bytes,     932304 total
[2022-07-05T20:42:23.341+0000][8][gc,age      ] GC(445) - age   2:       6512 bytes,     938816 total
[2022-07-05T20:42:23.341+0000][8][gc,age      ] GC(445) - age   3:        664 bytes,     939480 total
[2022-07-05T20:42:23.342+0000][8][gc,age      ] GC(445) - age   4:      29184 bytes,     968664 total
[2022-07-05T20:42:23.342+0000][8][gc,age      ] GC(445) - age   5:       4848 bytes,     973512 total
[2022-07-05T20:42:23.344+0000][8][gc,age      ] GC(445) - age   6:      20808 bytes,     994320 total
[2022-07-05T20:42:23.345+0000][8][gc,age      ] GC(445) - age   8:         32 bytes,     994352 total
[2022-07-05T20:42:23.346+0000][8][gc,age      ] GC(445) - age   9:        184 bytes,     994536 total
[2022-07-05T20:42:23.347+0000][8][gc,age      ] GC(445) - age  10:        120 bytes,     994656 total
[2022-07-05T20:42:23.347+0000][8][gc,age      ] GC(445) - age  12:      21328 bytes,    1015984 total
[2022-07-05T20:42:23.348+0000][8][gc,age      ] GC(445) - age  14:       8168 bytes,    1024152 total
[2022-07-05T20:42:23.349+0000][8][gc,age      ] GC(445) - age  15:       5280 bytes,    1029432 total
[2022-07-05T20:42:23.350+0000][8][gc,heap     ] GC(445) Eden regions: 75->0(75)
[2022-07-05T20:42:23.351+0000][8][gc,heap     ] GC(445) Survivor regions: 1->1(10)
[2022-07-05T20:42:23.351+0000][8][gc,heap     ] GC(445) Old regions: 24->24
[2022-07-05T20:42:23.352+0000][8][gc,heap     ] GC(445) Archive regions: 2->2
[2022-07-05T20:42:23.352+0000][8][gc,heap     ] GC(445) Humongous regions: 0->0
[2022-07-05T20:42:23.353+0000][8][gc,metaspace] GC(445) Metaspace: 128729K(132096K)->128729K(132096K) NonClass: 111865K(113536K)->111865K(113536K) Class: 16864K(18560K)->16864K(18560K)
[2022-07-05T20:42:23.354+0000][8][gc          ] GC(445) Pause Young (Normal) (G1 Evacuation Pause) 398M->98M(512M) 22.642ms
[2022-07-05T20:42:23.354+0000][8][gc,cpu      ] GC(445) User=0.00s Sys=0.01s Real=0.03s
[2022-07-05T20:42:23.355+0000][8][safepoint   ] Safepoint "G1CollectForAllocation", Time since last: 83542951569 ns, Reaching safepoint: 106130 ns, At safepoint: 24052850 ns, Total: 24158980 ns
[2022-07-05T20:43:44.395+0000][8][gc,start    ] GC(446) Pause Young (Normal) (G1 Evacuation Pause)
[2022-07-05T20:43:44.396+0000][8][gc,task     ] GC(446) Using 4 workers of 4 for evacuation
[2022-07-05T20:43:44.397+0000][8][gc,age      ] GC(446) Desired survivor size 20971520 bytes, new threshold 15 (max threshold 15)
[2022-07-05T20:43:44.401+0000][8][gc,phases   ] GC(446)   Pre Evacuate Collection Set: 0.2ms
[2022-07-05T20:43:44.402+0000][8][gc,phases   ] GC(446)   Merge Heap Roots: 0.2ms
[2022-07-05T20:43:44.403+0000][8][gc,phases   ] GC(446)   Evacuate Collection Set: 1.6ms
[2022-07-05T20:43:44.403+0000][8][gc,phases   ] GC(446)   Post Evacuate Collection Set: 1.0ms
[2022-07-05T20:43:44.404+0000][8][gc,phases   ] GC(446)   Other: 1.6ms
[2022-07-05T20:43:44.404+0000][8][gc,age      ] GC(446) Age table with threshold 15 (max threshold 15)
[2022-07-05T20:43:44.405+0000][8][gc,age      ] GC(446) - age   1:     736416 bytes,     736416 total
[2022-07-05T20:43:44.405+0000][8][gc,age      ] GC(446) - age   2:       3840 bytes,     740256 total
[2022-07-05T20:43:44.406+0000][8][gc,age      ] GC(446) - age   3:       4848 bytes,     745104 total
[2022-07-05T20:43:44.409+0000][8][gc,age      ] GC(446) - age   4:        664 bytes,     745768 total
[2022-07-05T20:43:44.410+0000][8][gc,age      ] GC(446) - age   5:      21168 bytes,     766936 total
[2022-07-05T20:43:44.411+0000][8][gc,age      ] GC(446) - age   6:       4848 bytes,     771784 total
[2022-07-05T20:43:44.412+0000][8][gc,age      ] GC(446) - age   7:      20808 bytes,     792592 total
[2022-07-05T20:43:44.412+0000][8][gc,age      ] GC(446) - age   9:         32 bytes,     792624 total
[2022-07-05T20:43:44.413+0000][8][gc,age      ] GC(446) - age  10:        184 bytes,     792808 total
[2022-07-05T20:43:44.414+0000][8][gc,age      ] GC(446) - age  11:        120 bytes,     792928 total
[2022-07-05T20:43:44.415+0000][8][gc,age      ] GC(446) - age  13:      21328 bytes,     814256 total
[2022-07-05T20:43:44.415+0000][8][gc,age      ] GC(446) - age  15:       8168 bytes,     822424 total
[2022-07-05T20:43:44.416+0000][8][gc,heap     ] GC(446) Eden regions: 75->0(75)
[2022-07-05T20:43:44.416+0000][8][gc,heap     ] GC(446) Survivor regions: 1->1(10)
[2022-07-05T20:43:44.417+0000][8][gc,heap     ] GC(446) Old regions: 24->24
[2022-07-05T20:43:44.418+0000][8][gc,heap     ] GC(446) Archive regions: 2->2
[2022-07-05T20:43:44.418+0000][8][gc,heap     ] GC(446) Humongous regions: 0->0
[2022-07-05T20:43:44.419+0000][8][gc,metaspace] GC(446) Metaspace: 128729K(132096K)->128729K(132096K) NonClass: 111865K(113536K)->111865K(113536K) Class: 16864K(18560K)->16864K(18560K)
[2022-07-05T20:43:44.420+0000][8][gc          ] GC(446) Pause Young (Normal) (G1 Evacuation Pause) 398M->97M(512M) 24.410ms
[2022-07-05T20:43:44.420+0000][8][gc,cpu      ] GC(446) User=0.00s Sys=0.00s Real=0.03s
[2022-07-05T20:43:44.421+0000][8][safepoint   ] Safepoint "G1CollectForAllocation", Time since last: 81084352457 ns, Reaching safepoint: 113580 ns, At safepoint: 25502752 ns, Total: 25616332 ns
[2022-07-05T20:45:05.356+0000][8][gc,start    ] GC(447) Pause Young (Normal) (G1 Evacuation Pause)
[2022-07-05T20:45:05.357+0000][8][gc,task     ] GC(447) Using 4 workers of 4 for evacuation
[2022-07-05T20:45:05.358+0000][8][gc,age      ] GC(447) Desired survivor size 20971520 bytes, new threshold 15 (max threshold 15)
[2022-07-05T20:45:05.362+0000][8][gc,phases   ] GC(447)   Pre Evacuate Collection Set: 0.2ms
[2022-07-05T20:45:05.363+0000][8][gc,phases   ] GC(447)   Merge Heap Roots: 0.2ms
[2022-07-05T20:45:05.363+0000][8][gc,phases   ] GC(447)   Evacuate Collection Set: 1.5ms
[2022-07-05T20:45:05.364+0000][8][gc,phases   ] GC(447)   Post Evacuate Collection Set: 1.2ms
[2022-07-05T20:45:05.364+0000][8][gc,phases   ] GC(447)   Other: 1.9ms
[2022-07-05T20:45:05.365+0000][8][gc,age      ] GC(447) Age table with threshold 15 (max threshold 15)
[2022-07-05T20:45:05.365+0000][8][gc,age      ] GC(447) - age   1:    1388296 bytes,    1388296 total
[2022-07-05T20:45:05.366+0000][8][gc,age      ] GC(447) - age   2:       1168 bytes,    1389464 total
[2022-07-05T20:45:05.366+0000][8][gc,age      ] GC(447) - age   3:       2592 bytes,    1392056 total
[2022-07-05T20:45:05.369+0000][8][gc,age      ] GC(447) - age   4:       4848 bytes,    1396904 total
[2022-07-05T20:45:05.370+0000][8][gc,age      ] GC(447) - age   5:        368 bytes,    1397272 total
[2022-07-05T20:45:05.371+0000][8][gc,age      ] GC(447) - age   6:      21168 bytes,    1418440 total
[2022-07-05T20:45:05.372+0000][8][gc,age      ] GC(447) - age   7:       4848 bytes,    1423288 total
[2022-07-05T20:45:05.373+0000][8][gc,age      ] GC(447) - age   8:      20808 bytes,    1444096 total
[2022-07-05T20:45:05.373+0000][8][gc,age      ] GC(447) - age  10:         32 bytes,    1444128 total
[2022-07-05T20:45:05.374+0000][8][gc,age      ] GC(447) - age  11:        184 bytes,    1444312 total
[2022-07-05T20:45:05.374+0000][8][gc,age      ] GC(447) - age  12:        120 bytes,    1444432 total
[2022-07-05T20:45:05.375+0000][8][gc,age      ] GC(447) - age  14:      21328 bytes,    1465760 total
[2022-07-05T20:45:05.375+0000][8][gc,heap     ] GC(447) Eden regions: 75->0(75)
[2022-07-05T20:45:05.376+0000][8][gc,heap     ] GC(447) Survivor regions: 1->1(10)
[2022-07-05T20:45:05.377+0000][8][gc,heap     ] GC(447) Old regions: 24->24
[2022-07-05T20:45:05.377+0000][8][gc,heap     ] GC(447) Archive regions: 2->2
[2022-07-05T20:45:05.378+0000][8][gc,heap     ] GC(447) Humongous regions: 0->0
[2022-07-05T20:45:05.378+0000][8][gc,metaspace] GC(447) Metaspace: 128729K(132096K)->128729K(132096K) NonClass: 111865K(113536K)->111865K(113536K) Class: 16864K(18560K)->16864K(18560K)
[2022-07-05T20:45:05.379+0000][8][gc          ] GC(447) Pause Young (Normal) (G1 Evacuation Pause) 397M->98M(512M) 23.370ms
[2022-07-05T20:45:05.380+0000][8][gc,cpu      ] GC(447) User=0.00s Sys=0.00s Real=0.02s
[2022-07-05T20:45:05.380+0000][8][safepoint   ] Safepoint "G1CollectForAllocation", Time since last: 80998957121 ns, Reaching safepoint: 145573 ns, At safepoint: 24767226 ns, Total: 24912799 ns
[2022-07-05T20:46:35.277+0000][8][gc,start    ] GC(448) Pause Young (Normal) (G1 Evacuation Pause)
[2022-07-05T20:46:35.278+0000][8][gc,task     ] GC(448) Using 4 workers of 4 for evacuation
[2022-07-05T20:46:35.279+0000][8][gc,age      ] GC(448) Desired survivor size 20971520 bytes, new threshold 15 (max threshold 15)
[2022-07-05T20:46:35.283+0000][8][gc,phases   ] GC(448)   Pre Evacuate Collection Set: 0.2ms
[2022-07-05T20:46:35.284+0000][8][gc,phases   ] GC(448)   Merge Heap Roots: 0.1ms
[2022-07-05T20:46:35.285+0000][8][gc,phases   ] GC(448)   Evacuate Collection Set: 2.2ms
[2022-07-05T20:46:35.285+0000][8][gc,phases   ] GC(448)   Post Evacuate Collection Set: 1.6ms
[2022-07-05T20:46:35.286+0000][8][gc,phases   ] GC(448)   Other: 1.4ms
[2022-07-05T20:46:35.286+0000][8][gc,age      ] GC(448) Age table with threshold 15 (max threshold 15)
[2022-07-05T20:46:35.287+0000][8][gc,age      ] GC(448) - age   1:    1311288 bytes,    1311288 total
[2022-07-05T20:46:35.288+0000][8][gc,age      ] GC(448) - age   2:       1784 bytes,    1313072 total
[2022-07-05T20:46:35.289+0000][8][gc,age      ] GC(448) - age   3:        296 bytes,    1313368 total
[2022-07-05T20:46:35.290+0000][8][gc,age      ] GC(448) - age   4:       2496 bytes,    1315864 total
[2022-07-05T20:46:35.290+0000][8][gc,age      ] GC(448) - age   5:       4848 bytes,    1320712 total
[2022-07-05T20:46:35.291+0000][8][gc,age      ] GC(448) - age   6:        184 bytes,    1320896 total
[2022-07-05T20:46:35.291+0000][8][gc,age      ] GC(448) - age   7:      21168 bytes,    1342064 total
[2022-07-05T20:46:35.292+0000][8][gc,age      ] GC(448) - age   8:       4848 bytes,    1346912 total
[2022-07-05T20:46:35.292+0000][8][gc,age      ] GC(448) - age   9:      20808 bytes,    1367720 total
[2022-07-05T20:46:35.293+0000][8][gc,age      ] GC(448) - age  11:         32 bytes,    1367752 total
[2022-07-05T20:46:35.293+0000][8][gc,age      ] GC(448) - age  12:        184 bytes,    1367936 total
[2022-07-05T20:46:35.294+0000][8][gc,age      ] GC(448) - age  13:        120 bytes,    1368056 total
[2022-07-05T20:46:35.294+0000][8][gc,age      ] GC(448) - age  15:      21328 bytes,    1389384 total
[2022-07-05T20:46:35.295+0000][8][gc,heap     ] GC(448) Eden regions: 75->0(75)
[2022-07-05T20:46:35.295+0000][8][gc,heap     ] GC(448) Survivor regions: 1->1(10)
[2022-07-05T20:46:35.296+0000][8][gc,heap     ] GC(448) Old regions: 24->24
[2022-07-05T20:46:35.296+0000][8][gc,heap     ] GC(448) Archive regions: 2->2
[2022-07-05T20:46:35.297+0000][8][gc,heap     ] GC(448) Humongous regions: 0->0
[2022-07-05T20:46:35.298+0000][8][gc,metaspace] GC(448) Metaspace: 128729K(132096K)->128729K(132096K) NonClass: 111865K(113536K)->111865K(113536K) Class: 16864K(18560K)->16864K(18560K)
[2022-07-05T20:46:35.301+0000][8][gc          ] GC(448) Pause Young (Normal) (G1 Evacuation Pause) 398M->98M(512M) 23.786ms
[2022-07-05T20:46:35.302+0000][8][gc,cpu      ] GC(448) User=0.00s Sys=0.00s Real=0.03s
[2022-07-05T20:46:35.303+0000][8][safepoint   ] Safepoint "G1CollectForAllocation", Time since last: 89961278608 ns, Reaching safepoint: 144380 ns, At safepoint: 26052656 ns, Total: 26197036 ns
[2022-07-05T20:47:56.268+0000][8][gc,start    ] GC(449) Pause Young (Normal) (G1 Evacuation Pause)
[2022-07-05T20:47:56.273+0000][8][gc,task     ] GC(449) Using 4 workers of 4 for evacuation
[2022-07-05T20:47:56.274+0000][8][gc,age      ] GC(449) Desired survivor size 20971520 bytes, new threshold 15 (max threshold 15)
[2022-07-05T20:47:56.279+0000][8][gc,phases   ] GC(449)   Pre Evacuate Collection Set: 0.2ms
[2022-07-05T20:47:56.280+0000][8][gc,phases   ] GC(449)   Merge Heap Roots: 0.0ms
[2022-07-05T20:47:56.281+0000][8][gc,phases   ] GC(449)   Evacuate Collection Set: 3.3ms
[2022-07-05T20:47:56.281+0000][8][gc,phases   ] GC(449)   Post Evacuate Collection Set: 1.0ms
[2022-07-05T20:47:56.282+0000][8][gc,phases   ] GC(449)   Other: 1.5ms
[2022-07-05T20:47:56.283+0000][8][gc,age      ] GC(449) Age table with threshold 15 (max threshold 15)
[2022-07-05T20:47:56.284+0000][8][gc,age      ] GC(449) - age   1:    1335344 bytes,    1335344 total
[2022-07-05T20:47:56.284+0000][8][gc,age      ] GC(449) - age   2:       2040 bytes,    1337384 total
[2022-07-05T20:47:56.285+0000][8][gc,age      ] GC(449) - age   3:        272 bytes,    1337656 total
[2022-07-05T20:47:56.285+0000][8][gc,age      ] GC(449) - age   4:        296 bytes,    1337952 total
[2022-07-05T20:47:56.286+0000][8][gc,age      ] GC(449) - age   5:       2496 bytes,    1340448 total
[2022-07-05T20:47:56.287+0000][8][gc,age      ] GC(449) - age   6:       4848 bytes,    1345296 total
[2022-07-05T20:47:56.287+0000][8][gc,age      ] GC(449) - age   7:        184 bytes,    1345480 total
[2022-07-05T20:47:56.288+0000][8][gc,age      ] GC(449) - age   8:      21168 bytes,    1366648 total
[2022-07-05T20:47:56.289+0000][8][gc,age      ] GC(449) - age   9:       4848 bytes,    1371496 total
[2022-07-05T20:47:56.289+0000][8][gc,age      ] GC(449) - age  10:      20808 bytes,    1392304 total
[2022-07-05T20:47:56.291+0000][8][gc,age      ] GC(449) - age  12:         32 bytes,    1392336 total
[2022-07-05T20:47:56.291+0000][8][gc,age      ] GC(449) - age  13:        184 bytes,    1392520 total
[2022-07-05T20:47:56.294+0000][8][gc,age      ] GC(449) - age  14:        120 bytes,    1392640 total
[2022-07-05T20:47:56.295+0000][8][gc,heap     ] GC(449) Eden regions: 75->0(75)
[2022-07-05T20:47:56.296+0000][8][gc,heap     ] GC(449) Survivor regions: 1->1(10)
[2022-07-05T20:47:56.296+0000][8][gc,heap     ] GC(449) Old regions: 24->24
[2022-07-05T20:47:56.297+0000][8][gc,heap     ] GC(449) Archive regions: 2->2
[2022-07-05T20:47:56.298+0000][8][gc,heap     ] GC(449) Humongous regions: 0->0
[2022-07-05T20:47:56.298+0000][8][gc,metaspace] GC(449) Metaspace: 128729K(132096K)->128729K(132096K) NonClass: 111865K(113536K)->111865K(113536K) Class: 16864K(18560K)->16864K(18560K)
[2022-07-05T20:47:56.299+0000][8][gc          ] GC(449) Pause Young (Normal) (G1 Evacuation Pause) 398M->98M(512M) 31.048ms
[2022-07-05T20:47:56.300+0000][8][gc,cpu      ] GC(449) User=0.01s Sys=0.01s Real=0.03s
[2022-07-05T20:47:56.300+0000][8][safepoint   ] Safepoint "G1CollectForAllocation", Time since last: 81029397920 ns, Reaching safepoint: 74937 ns, At safepoint: 32495772 ns, Total: 32570709 ns
[2022-07-05T20:49:17.800+0000][8][gc,start    ] GC(450) Pause Young (Normal) (G1 Evacuation Pause)
[2022-07-05T20:49:17.803+0000][8][gc,task     ] GC(450) Using 4 workers of 4 for evacuation
[2022-07-05T20:49:17.804+0000][8][gc,age      ] GC(450) Desired survivor size 20971520 bytes, new threshold 15 (max threshold 15)
[2022-07-05T20:49:17.809+0000][8][gc,phases   ] GC(450)   Pre Evacuate Collection Set: 0.3ms
[2022-07-05T20:49:17.810+0000][8][gc,phases   ] GC(450)   Merge Heap Roots: 0.2ms
[2022-07-05T20:49:17.810+0000][8][gc,phases   ] GC(450)   Evacuate Collection Set: 2.1ms
[2022-07-05T20:49:17.811+0000][8][gc,phases   ] GC(450)   Post Evacuate Collection Set: 1.4ms
[2022-07-05T20:49:17.812+0000][8][gc,phases   ] GC(450)   Other: 2.2ms
[2022-07-05T20:49:17.812+0000][8][gc,age      ] GC(450) Age table with threshold 15 (max threshold 15)
[2022-07-05T20:49:17.813+0000][8][gc,age      ] GC(450) - age   1:    1047104 bytes,    1047104 total
[2022-07-05T20:49:17.813+0000][8][gc,age      ] GC(450) - age   2:       9208 bytes,    1056312 total
[2022-07-05T20:49:17.814+0000][8][gc,age      ] GC(450) - age   3:        640 bytes,    1056952 total
[2022-07-05T20:49:17.814+0000][8][gc,age      ] GC(450) - age   4:        208 bytes,    1057160 total
[2022-07-05T20:49:17.815+0000][8][gc,age      ] GC(450) - age   5:        296 bytes,    1057456 total
[2022-07-05T20:49:17.815+0000][8][gc,age      ] GC(450) - age   6:       2496 bytes,    1059952 total
[2022-07-05T20:49:17.816+0000][8][gc,age      ] GC(450) - age   7:       4848 bytes,    1064800 total
[2022-07-05T20:49:17.817+0000][8][gc,age      ] GC(450) - age   8:         32 bytes,    1064832 total
[2022-07-05T20:49:17.817+0000][8][gc,age      ] GC(450) - age   9:      21168 bytes,    1086000 total
[2022-07-05T20:49:17.818+0000][8][gc,age      ] GC(450) - age  10:       4848 bytes,    1090848 total
[2022-07-05T20:49:17.818+0000][8][gc,age      ] GC(450) - age  11:      20808 bytes,    1111656 total
[2022-07-05T20:49:17.819+0000][8][gc,age      ] GC(450) - age  13:         32 bytes,    1111688 total
[2022-07-05T20:49:17.820+0000][8][gc,age      ] GC(450) - age  15:         88 bytes,    1111776 total
[2022-07-05T20:49:17.820+0000][8][gc,heap     ] GC(450) Eden regions: 75->0(75)
[2022-07-05T20:49:17.821+0000][8][gc,heap     ] GC(450) Survivor regions: 1->1(10)
[2022-07-05T20:49:17.822+0000][8][gc,heap     ] GC(450) Old regions: 24->24
[2022-07-05T20:49:17.823+0000][8][gc,heap     ] GC(450) Archive regions: 2->2
[2022-07-05T20:49:17.824+0000][8][gc,heap     ] GC(450) Humongous regions: 0->0
[2022-07-05T20:49:17.824+0000][8][gc,metaspace] GC(450) Metaspace: 128729K(132096K)->128729K(132096K) NonClass: 111865K(113536K)->111865K(113536K) Class: 16864K(18560K)->16864K(18560K)
[2022-07-05T20:49:17.825+0000][8][gc          ] GC(450) Pause Young (Normal) (G1 Evacuation Pause) 398M->98M(512M) 25.081ms
[2022-07-05T20:49:17.826+0000][8][gc,cpu      ] GC(450) User=0.01s Sys=0.00s Real=0.03s
[2022-07-05T20:49:17.826+0000][8][safepoint   ] Safepoint "G1CollectForAllocation", Time since last: 81542880150 ns, Reaching safepoint: 153220 ns, At safepoint: 26262804 ns, Total: 26416024 ns
[2022-07-05T20:50:41.760+0000][8][gc,start    ] GC(451) Pause Young (Normal) (G1 Evacuation Pause)
[2022-07-05T20:50:41.762+0000][8][gc,task     ] GC(451) Using 4 workers of 4 for evacuation
[2022-07-05T20:50:41.763+0000][8][gc,age      ] GC(451) Desired survivor size 20971520 bytes, new threshold 15 (max threshold 15)
[2022-07-05T20:50:41.767+0000][8][gc,phases   ] GC(451)   Pre Evacuate Collection Set: 0.2ms
[2022-07-05T20:50:41.768+0000][8][gc,phases   ] GC(451)   Merge Heap Roots: 0.2ms
[2022-07-05T20:50:41.769+0000][8][gc,phases   ] GC(451)   Evacuate Collection Set: 1.7ms
[2022-07-05T20:50:41.769+0000][8][gc,phases   ] GC(451)   Post Evacuate Collection Set: 1.1ms
[2022-07-05T20:50:41.770+0000][8][gc,phases   ] GC(451)   Other: 2.4ms
[2022-07-05T20:50:41.771+0000][8][gc,age      ] GC(451) Age table with threshold 15 (max threshold 15)
[2022-07-05T20:50:41.772+0000][8][gc,age      ] GC(451) - age   1:     626160 bytes,     626160 total
[2022-07-05T20:50:41.772+0000][8][gc,age      ] GC(451) - age   2:       1528 bytes,     627688 total
[2022-07-05T20:50:41.773+0000][8][gc,age      ] GC(451) - age   3:       8504 bytes,     636192 total
[2022-07-05T20:50:41.774+0000][8][gc,age      ] GC(451) - age   4:        280 bytes,     636472 total
[2022-07-05T20:50:41.774+0000][8][gc,age      ] GC(451) - age   5:        208 bytes,     636680 total
[2022-07-05T20:50:41.775+0000][8][gc,age      ] GC(451) - age   6:        296 bytes,     636976 total
[2022-07-05T20:50:41.775+0000][8][gc,age      ] GC(451) - age   7:       2496 bytes,     639472 total
[2022-07-05T20:50:41.776+0000][8][gc,age      ] GC(451) - age   8:       4848 bytes,     644320 total
[2022-07-05T20:50:41.776+0000][8][gc,age      ] GC(451) - age   9:         32 bytes,     644352 total
[2022-07-05T20:50:41.777+0000][8][gc,age      ] GC(451) - age  10:      21168 bytes,     665520 total
[2022-07-05T20:50:41.778+0000][8][gc,age      ] GC(451) - age  11:       4848 bytes,     670368 total
[2022-07-05T20:50:41.778+0000][8][gc,age      ] GC(451) - age  12:      20808 bytes,     691176 total
[2022-07-05T20:50:41.779+0000][8][gc,age      ] GC(451) - age  14:         32 bytes,     691208 total
[2022-07-05T20:50:41.779+0000][8][gc,heap     ] GC(451) Eden regions: 75->0(75)
[2022-07-05T20:50:41.780+0000][8][gc,heap     ] GC(451) Survivor regions: 1->1(10)
[2022-07-05T20:50:41.781+0000][8][gc,heap     ] GC(451) Old regions: 24->24
[2022-07-05T20:50:41.782+0000][8][gc,heap     ] GC(451) Archive regions: 2->2
[2022-07-05T20:50:41.782+0000][8][gc,heap     ] GC(451) Humongous regions: 0->0
[2022-07-05T20:50:41.783+0000][8][gc,metaspace] GC(451) Metaspace: 128729K(132096K)->128729K(132096K) NonClass: 111865K(113536K)->111865K(113536K) Class: 16864K(18560K)->16864K(18560K)
[2022-07-05T20:50:41.783+0000][8][gc          ] GC(451) Pause Young (Normal) (G1 Evacuation Pause) 398M->97M(512M) 22.973ms
[2022-07-05T20:50:41.784+0000][8][gc,cpu      ] GC(451) User=0.00s Sys=0.00s Real=0.02s
[2022-07-05T20:50:41.785+0000][8][safepoint   ] Safepoint "G1CollectForAllocation", Time since last: 83998408639 ns, Reaching safepoint: 253374 ns, At safepoint: 24322977 ns, Total: 24576351 ns
[2022-07-05T20:52:07.263+0000][8][gc,start    ] GC(452) Pause Young (Normal) (G1 Evacuation Pause)
[2022-07-05T20:52:07.266+0000][8][gc,task     ] GC(452) Using 4 workers of 4 for evacuation
[2022-07-05T20:52:07.267+0000][8][gc,age      ] GC(452) Desired survivor size 20971520 bytes, new threshold 15 (max threshold 15)
[2022-07-05T20:52:07.272+0000][8][gc,phases   ] GC(452)   Pre Evacuate Collection Set: 0.2ms
[2022-07-05T20:52:07.273+0000][8][gc,phases   ] GC(452)   Merge Heap Roots: 0.1ms
[2022-07-05T20:52:07.275+0000][8][gc,phases   ] GC(452)   Evacuate Collection Set: 2.0ms
[2022-07-05T20:52:07.276+0000][8][gc,phases   ] GC(452)   Post Evacuate Collection Set: 1.1ms
[2022-07-05T20:52:07.277+0000][8][gc,phases   ] GC(452)   Other: 2.3ms
[2022-07-05T20:52:07.277+0000][8][gc,age      ] GC(452) Age table with threshold 15 (max threshold 15)
[2022-07-05T20:52:07.278+0000][8][gc,age      ] GC(452) - age   1:     313472 bytes,     313472 total
[2022-07-05T20:52:07.279+0000][8][gc,age      ] GC(452) - age   2:       1008 bytes,     314480 total
[2022-07-05T20:52:07.280+0000][8][gc,age      ] GC(452) - age   3:        632 bytes,     315112 total
[2022-07-05T20:52:07.280+0000][8][gc,age      ] GC(452) - age   4:       8312 bytes,     323424 total
[2022-07-05T20:52:07.281+0000][8][gc,age      ] GC(452) - age   5:        184 bytes,     323608 total
[2022-07-05T20:52:07.282+0000][8][gc,age      ] GC(452) - age   6:        208 bytes,     323816 total
[2022-07-05T20:52:07.283+0000][8][gc,age      ] GC(452) - age   8:        576 bytes,     324392 total
[2022-07-05T20:52:07.283+0000][8][gc,age      ] GC(452) - age   9:       4848 bytes,     329240 total
[2022-07-05T20:52:07.284+0000][8][gc,age      ] GC(452) - age  10:         32 bytes,     329272 total
[2022-07-05T20:52:07.284+0000][8][gc,age      ] GC(452) - age  11:      21168 bytes,     350440 total
[2022-07-05T20:52:07.285+0000][8][gc,age      ] GC(452) - age  12:       4848 bytes,     355288 total
[2022-07-05T20:52:07.286+0000][8][gc,age      ] GC(452) - age  13:      20808 bytes,     376096 total
[2022-07-05T20:52:07.286+0000][8][gc,age      ] GC(452) - age  15:         32 bytes,     376128 total
[2022-07-05T20:52:07.287+0000][8][gc,heap     ] GC(452) Eden regions: 75->0(75)
[2022-07-05T20:52:07.287+0000][8][gc,heap     ] GC(452) Survivor regions: 1->1(10)
[2022-07-05T20:52:07.288+0000][8][gc,heap     ] GC(452) Old regions: 24->24
[2022-07-05T20:52:07.289+0000][8][gc,heap     ] GC(452) Archive regions: 2->2
[2022-07-05T20:52:07.289+0000][8][gc,heap     ] GC(452) Humongous regions: 0->0
[2022-07-05T20:52:07.290+0000][8][gc,metaspace] GC(452) Metaspace: 128729K(132096K)->128729K(132096K) NonClass: 111865K(113536K)->111865K(113536K) Class: 16864K(18560K)->16864K(18560K)
[2022-07-05T20:52:07.291+0000][8][gc          ] GC(452) Pause Young (Normal) (G1 Evacuation Pause) 397M->97M(512M) 28.585ms
[2022-07-05T20:52:07.292+0000][8][gc,cpu      ] GC(452) User=0.01s Sys=0.00s Real=0.03s
[2022-07-05T20:52:07.293+0000][8][safepoint   ] Safepoint "G1CollectForAllocation", Time since last: 85542758440 ns, Reaching safepoint: 221477 ns, At safepoint: 29936714 ns, Total: 30158191 ns
[2022-07-05T20:53:29.167+0000][8][gc,start    ] GC(453) Pause Young (Normal) (G1 Evacuation Pause)
[2022-07-05T20:53:29.170+0000][8][gc,task     ] GC(453) Using 4 workers of 4 for evacuation
[2022-07-05T20:53:29.171+0000][8][gc,age      ] GC(453) Desired survivor size 20971520 bytes, new threshold 15 (max threshold 15)
[2022-07-05T20:53:29.175+0000][8][gc,phases   ] GC(453)   Pre Evacuate Collection Set: 0.1ms
[2022-07-05T20:53:29.176+0000][8][gc,phases   ] GC(453)   Merge Heap Roots: 0.1ms
[2022-07-05T20:53:29.177+0000][8][gc,phases   ] GC(453)   Evacuate Collection Set: 2.5ms
[2022-07-05T20:53:29.178+0000][8][gc,phases   ] GC(453)   Post Evacuate Collection Set: 1.1ms
[2022-07-05T20:53:29.178+0000][8][gc,phases   ] GC(453)   Other: 1.5ms
[2022-07-05T20:53:29.179+0000][8][gc,age      ] GC(453) Age table with threshold 15 (max threshold 15)
[2022-07-05T20:53:29.179+0000][8][gc,age      ] GC(453) - age   1:    1413464 bytes,    1413464 total
[2022-07-05T20:53:29.180+0000][8][gc,age      ] GC(453) - age   2:       2992 bytes,    1416456 total
[2022-07-05T20:53:29.181+0000][8][gc,age      ] GC(453) - age   3:        248 bytes,    1416704 total
[2022-07-05T20:53:29.181+0000][8][gc,age      ] GC(453) - age   4:        208 bytes,    1416912 total
[2022-07-05T20:53:29.182+0000][8][gc,age      ] GC(453) - age   5:       8016 bytes,    1424928 total
[2022-07-05T20:53:29.182+0000][8][gc,age      ] GC(453) - age   6:        184 bytes,    1425112 total
[2022-07-05T20:53:29.184+0000][8][gc,age      ] GC(453) - age   7:        208 bytes,    1425320 total
[2022-07-05T20:53:29.184+0000][8][gc,age      ] GC(453) - age   9:        576 bytes,    1425896 total
[2022-07-05T20:53:29.185+0000][8][gc,age      ] GC(453) - age  10:       4848 bytes,    1430744 total
[2022-07-05T20:53:29.185+0000][8][gc,age      ] GC(453) - age  11:         32 bytes,    1430776 total
[2022-07-05T20:53:29.186+0000][8][gc,age      ] GC(453) - age  12:      21168 bytes,    1451944 total
[2022-07-05T20:53:29.187+0000][8][gc,age      ] GC(453) - age  13:       4848 bytes,    1456792 total
[2022-07-05T20:53:29.187+0000][8][gc,age      ] GC(453) - age  14:      20808 bytes,    1477600 total
[2022-07-05T20:53:29.188+0000][8][gc,heap     ] GC(453) Eden regions: 75->0(75)
[2022-07-05T20:53:29.188+0000][8][gc,heap     ] GC(453) Survivor regions: 1->1(10)
[2022-07-05T20:53:29.189+0000][8][gc,heap     ] GC(453) Old regions: 24->24
[2022-07-05T20:53:29.190+0000][8][gc,heap     ] GC(453) Archive regions: 2->2
[2022-07-05T20:53:29.191+0000][8][gc,heap     ] GC(453) Humongous regions: 0->0
[2022-07-05T20:53:29.192+0000][8][gc,metaspace] GC(453) Metaspace: 128729K(132096K)->128729K(132096K) NonClass: 111865K(113536K)->111865K(113536K) Class: 16864K(18560K)->16864K(18560K)
[2022-07-05T20:53:29.192+0000][8][gc          ] GC(453) Pause Young (Normal) (G1 Evacuation Pause) 397M->98M(512M) 24.738ms
[2022-07-05T20:53:29.193+0000][8][gc,cpu      ] GC(453) User=0.01s Sys=0.00s Real=0.03s
[2022-07-05T20:53:29.194+0000][8][safepoint   ] Safepoint "G1CollectForAllocation", Time since last: 81939884859 ns, Reaching safepoint: 63570 ns, At safepoint: 26093301 ns, Total: 26156871 ns
[2022-07-05T21:29:38.609+0000][8][safepoint   ] Safepoint "Cleanup", Time since last: 2170369620750 ns, Reaching safepoint: 186493 ns, At safepoint: 9004 ns, Total: 195497 ns
[2022-07-05T21:29:39.611+0000][8][safepoint   ] Safepoint "Cleanup", Time since last: 1001896167 ns, Reaching safepoint: 631885 ns, At safepoint: 50541 ns, Total: 682426 ns
[2022-07-05T22:03:52.047+0000][8][safepoint   ] Safepoint "Cleanup", Time since last: 2053927535621 ns, Reaching safepoint: 159602 ns, At safepoint: 8328 ns, Total: 167930 ns
[2022-07-05T22:04:21.129+0000][8][gc,start    ] GC(454) Pause Young (Normal) (G1 Evacuation Pause)
[2022-07-05T22:04:21.131+0000][8][gc,task     ] GC(454) Using 4 workers of 4 for evacuation
[2022-07-05T22:04:21.131+0000][8][gc,age      ] GC(454) Desired survivor size 20971520 bytes, new threshold 15 (max threshold 15)
[2022-07-05T22:04:21.137+0000][8][gc,phases   ] GC(454)   Pre Evacuate Collection Set: 0.1ms
[2022-07-05T22:04:21.138+0000][8][gc,phases   ] GC(454)   Merge Heap Roots: 0.1ms
[2022-07-05T22:04:21.138+0000][8][gc,phases   ] GC(454)   Evacuate Collection Set: 3.9ms
[2022-07-05T22:04:21.139+0000][8][gc,phases   ] GC(454)   Post Evacuate Collection Set: 1.1ms
[2022-07-05T22:04:21.140+0000][8][gc,phases   ] GC(454)   Other: 1.2ms
[2022-07-05T22:04:21.140+0000][8][gc,age      ] GC(454) Age table with threshold 15 (max threshold 15)
[2022-07-05T22:04:21.141+0000][8][gc,age      ] GC(454) - age   1:    2162336 bytes,    2162336 total
[2022-07-05T22:04:21.141+0000][8][gc,age      ] GC(454) - age   2:       8184 bytes,    2170520 total
[2022-07-05T22:04:21.141+0000][8][gc,age      ] GC(454) - age   3:        592 bytes,    2171112 total
[2022-07-05T22:04:21.142+0000][8][gc,age      ] GC(454) - age   4:        184 bytes,    2171296 total
[2022-07-05T22:04:21.142+0000][8][gc,age      ] GC(454) - age   7:        184 bytes,    2171480 total
[2022-07-05T22:04:21.143+0000][8][gc,age      ] GC(454) - age   8:        184 bytes,    2171664 total
[2022-07-05T22:04:21.143+0000][8][gc,age      ] GC(454) - age  10:        184 bytes,    2171848 total
[2022-07-05T22:04:21.144+0000][8][gc,age      ] GC(454) - age  11:       4424 bytes,    2176272 total
[2022-07-05T22:04:21.144+0000][8][gc,age      ] GC(454) - age  13:      21168 bytes,    2197440 total
[2022-07-05T22:04:21.145+0000][8][gc,age      ] GC(454) - age  14:       4848 bytes,    2202288 total
[2022-07-05T22:04:21.146+0000][8][gc,age      ] GC(454) - age  15:      20808 bytes,    2223096 total
[2022-07-05T22:04:21.146+0000][8][gc,heap     ] GC(454) Eden regions: 75->0(75)
[2022-07-05T22:04:21.147+0000][8][gc,heap     ] GC(454) Survivor regions: 1->1(10)
[2022-07-05T22:04:21.147+0000][8][gc,heap     ] GC(454) Old regions: 24->24
[2022-07-05T22:04:21.148+0000][8][gc,heap     ] GC(454) Archive regions: 2->2
[2022-07-05T22:04:21.149+0000][8][gc,heap     ] GC(454) Humongous regions: 0->0
[2022-07-05T22:04:21.149+0000][8][gc,metaspace] GC(454) Metaspace: 128746K(132160K)->128746K(132160K) NonClass: 111879K(113600K)->111879K(113600K) Class: 16866K(18560K)->16866K(18560K)
[2022-07-05T22:04:21.150+0000][8][gc          ] GC(454) Pause Young (Normal) (G1 Evacuation Pause) 398M->99M(512M) 20.293ms
[2022-07-05T22:04:21.150+0000][8][gc,cpu      ] GC(454) User=0.01s Sys=0.00s Real=0.02s
[2022-07-05T22:04:21.151+0000][8][safepoint   ] Safepoint "G1CollectForAllocation", Time since last: 29096059576 ns, Reaching safepoint: 198037 ns, At safepoint: 21637353 ns, Total: 21835390 ns
[2022-07-06T04:11:02.025+0000][8][safepoint   ] Safepoint "Cleanup", Time since last: 22017281493128 ns, Reaching safepoint: 98939 ns, At safepoint: 4501 ns, Total: 103440 ns
[2022-07-06T04:11:03.029+0000][8][safepoint   ] Safepoint "Cleanup", Time since last: 1004188642 ns, Reaching safepoint: 137510 ns, At safepoint: 8690 ns, Total: 146200 ns
[2022-07-06T04:11:05.032+0000][8][safepoint   ] Safepoint "Cleanup", Time since last: 2002232588 ns, Reaching safepoint: 264360 ns, At safepoint: 5522 ns, Total: 269882 ns
[2022-07-06T04:11:06.034+0000][8][safepoint   ] Safepoint "Cleanup", Time since last: 1001955937 ns, Reaching safepoint: 542310 ns, At safepoint: 61779 ns, Total: 604089 ns
[2022-07-06T04:11:31.090+0000][8][safepoint   ] Safepoint "Cleanup", Time since last: 25053232505 ns, Reaching safepoint: 2807835 ns, At safepoint: 42933 ns, Total: 2850768 ns
[2022-07-06T04:11:32.046+0000][8][safepoint   ] Safepoint "Cleanup", Time since last: 1011890409 ns, Reaching safepoint: 209925 ns, At safepoint: 13554 ns, Total: 223479 ns
[2022-07-06T04:11:36.050+0000][8][safepoint   ] Safepoint "Cleanup", Time since last: 4003413495 ns, Reaching safepoint: 150676 ns, At safepoint: 10735 ns, Total: 161411 ns
[2022-07-06T04:11:37.052+0000][8][safepoint   ] Safepoint "Cleanup", Time since last: 1002014212 ns, Reaching safepoint: 163638 ns, At safepoint: 6571 ns, Total: 170209 ns
[2022-07-06T04:12:00.072+0000][8][safepoint   ] Safepoint "Cleanup", Time since last: 23019409426 ns, Reaching safepoint: 386296 ns, At safepoint: 15175 ns, Total: 401471 ns
[2022-07-06T04:12:01.074+0000][8][safepoint   ] Safepoint "Cleanup", Time since last: 1002249612 ns, Reaching safepoint: 177659 ns, At safepoint: 11640 ns, Total: 189299 ns
[2022-07-06T04:12:05.059+0000][8][safepoint   ] Safepoint "Cleanup", Time since last: 4006403241 ns, Reaching safepoint: 149968 ns, At safepoint: 64660 ns, Total: 214628 ns
[2022-07-06T04:12:17.051+0000][8][gc,start    ] GC(455) Pause Young (Normal) (G1 Evacuation Pause)
[2022-07-06T04:12:17.052+0000][8][gc,task     ] GC(455) Using 4 workers of 4 for evacuation
[2022-07-06T04:12:17.053+0000][8][gc,age      ] GC(455) Desired survivor size 20971520 bytes, new threshold 15 (max threshold 15)
[2022-07-06T04:12:17.059+0000][8][gc,phases   ] GC(455)   Pre Evacuate Collection Set: 0.1ms
[2022-07-06T04:12:17.059+0000][8][gc,phases   ] GC(455)   Merge Heap Roots: 0.1ms
[2022-07-06T04:12:17.060+0000][8][gc,phases   ] GC(455)   Evacuate Collection Set: 3.9ms
[2022-07-06T04:12:17.061+0000][8][gc,phases   ] GC(455)   Post Evacuate Collection Set: 1.0ms
[2022-07-06T04:12:17.061+0000][8][gc,phases   ] GC(455)   Other: 1.4ms
[2022-07-06T04:12:17.062+0000][8][gc,age      ] GC(455) Age table with threshold 15 (max threshold 15)
[2022-07-06T04:12:17.062+0000][8][gc,age      ] GC(455) - age   1:    2267304 bytes,    2267304 total
[2022-07-06T04:12:17.063+0000][8][gc,age      ] GC(455) - age   2:     349024 bytes,    2616328 total
[2022-07-06T04:12:17.064+0000][8][gc,age      ] GC(455) - age   3:       6584 bytes,    2622912 total
[2022-07-06T04:12:17.065+0000][8][gc,age      ] GC(455) - age   4:        592 bytes,    2623504 total
[2022-07-06T04:12:17.067+0000][8][gc,age      ] GC(455) - age   5:        184 bytes,    2623688 total
[2022-07-06T04:12:17.068+0000][8][gc,age      ] GC(455) - age   8:        184 bytes,    2623872 total
[2022-07-06T04:12:17.069+0000][8][gc,age      ] GC(455) - age   9:        184 bytes,    2624056 total
[2022-07-06T04:12:17.069+0000][8][gc,age      ] GC(455) - age  11:        184 bytes,    2624240 total
[2022-07-06T04:12:17.070+0000][8][gc,age      ] GC(455) - age  12:       4424 bytes,    2628664 total
[2022-07-06T04:12:17.070+0000][8][gc,age      ] GC(455) - age  14:      20784 bytes,    2649448 total
[2022-07-06T04:12:17.071+0000][8][gc,age      ] GC(455) - age  15:       4848 bytes,    2654296 total
[2022-07-06T04:12:17.071+0000][8][gc,heap     ] GC(455) Eden regions: 75->0(75)
[2022-07-06T04:12:17.072+0000][8][gc,heap     ] GC(455) Survivor regions: 1->1(10)
[2022-07-06T04:12:17.072+0000][8][gc,heap     ] GC(455) Old regions: 24->24
[2022-07-06T04:12:17.073+0000][8][gc,heap     ] GC(455) Archive regions: 2->2
[2022-07-06T04:12:17.075+0000][8][gc,heap     ] GC(455) Humongous regions: 0->0
[2022-07-06T04:12:17.076+0000][8][gc,metaspace] GC(455) Metaspace: 128775K(132160K)->128775K(132160K) NonClass: 111909K(113600K)->111909K(113600K) Class: 16866K(18560K)->16866K(18560K)
[2022-07-06T04:12:17.077+0000][8][gc          ] GC(455) Pause Young (Normal) (G1 Evacuation Pause) 399M->99M(512M) 25.755ms
[2022-07-06T04:12:17.077+0000][8][gc,cpu      ] GC(455) User=0.01s Sys=0.00s Real=0.03s
[2022-07-06T04:12:17.078+0000][8][safepoint   ] Safepoint "G1CollectForAllocation", Time since last: 11991488182 ns, Reaching safepoint: 53866 ns, At safepoint: 26980555 ns, Total: 27034421 ns
[2022-07-06T04:12:19.081+0000][8][safepoint   ] Safepoint "Cleanup", Time since last: 2002917876 ns, Reaching safepoint: 191588 ns, At safepoint: 10034 ns, Total: 201622 ns
[2022-07-06T04:13:06.076+0000][8][safepoint   ] Safepoint "Cleanup", Time since last: 47038452246 ns, Reaching safepoint: 156841 ns, At safepoint: 63195 ns, Total: 220036 ns
[2022-07-06T04:14:10.984+0000][8][gc,start    ] GC(456) Pause Young (Normal) (G1 Evacuation Pause)
[2022-07-06T04:14:10.986+0000][8][gc,task     ] GC(456) Using 4 workers of 4 for evacuation
[2022-07-06T04:14:10.986+0000][8][gc,age      ] GC(456) Desired survivor size 20971520 bytes, new threshold 15 (max threshold 15)
[2022-07-06T04:14:10.994+0000][8][gc,phases   ] GC(456)   Pre Evacuate Collection Set: 0.2ms
[2022-07-06T04:14:10.995+0000][8][gc,phases   ] GC(456)   Merge Heap Roots: 0.2ms
[2022-07-06T04:14:10.996+0000][8][gc,phases   ] GC(456)   Evacuate Collection Set: 3.1ms
[2022-07-06T04:14:10.997+0000][8][gc,phases   ] GC(456)   Post Evacuate Collection Set: 2.7ms
[2022-07-06T04:14:10.998+0000][8][gc,phases   ] GC(456)   Other: 2.0ms
[2022-07-06T04:14:10.998+0000][8][gc,age      ] GC(456) Age table with threshold 15 (max threshold 15)
[2022-07-06T04:14:10.999+0000][8][gc,age      ] GC(456) - age   1:     967736 bytes,     967736 total
[2022-07-06T04:14:11.000+0000][8][gc,age      ] GC(456) - age   2:     817344 bytes,    1785080 total
[2022-07-06T04:14:11.000+0000][8][gc,age      ] GC(456) - age   3:     339152 bytes,    2124232 total
[2022-07-06T04:14:11.001+0000][8][gc,age      ] GC(456) - age   4:       6584 bytes,    2130816 total
[2022-07-06T04:14:11.001+0000][8][gc,age      ] GC(456) - age   5:        592 bytes,    2131408 total
[2022-07-06T04:14:11.002+0000][8][gc,age      ] GC(456) - age   6:        184 bytes,    2131592 total
[2022-07-06T04:14:11.002+0000][8][gc,age      ] GC(456) - age  10:        184 bytes,    2131776 total
[2022-07-06T04:14:11.003+0000][8][gc,age      ] GC(456) - age  12:        184 bytes,    2131960 total
[2022-07-06T04:14:11.004+0000][8][gc,age      ] GC(456) - age  13:       4424 bytes,    2136384 total
[2022-07-06T04:14:11.004+0000][8][gc,age      ] GC(456) - age  15:      20784 bytes,    2157168 total
[2022-07-06T04:14:11.006+0000][8][gc,heap     ] GC(456) Eden regions: 75->0(75)
[2022-07-06T04:14:11.006+0000][8][gc,heap     ] GC(456) Survivor regions: 1->1(10)
[2022-07-06T04:14:11.007+0000][8][gc,heap     ] GC(456) Old regions: 24->24
[2022-07-06T04:14:11.008+0000][8][gc,heap     ] GC(456) Archive regions: 2->2
[2022-07-06T04:14:11.010+0000][8][gc,heap     ] GC(456) Humongous regions: 0->0
[2022-07-06T04:14:11.012+0000][8][gc,metaspace] GC(456) Metaspace: 128775K(132160K)->128775K(132160K) NonClass: 111909K(113600K)->111909K(113600K) Class: 16866K(18560K)->16866K(18560K)
[2022-07-06T04:14:11.013+0000][8][gc          ] GC(456) Pause Young (Normal) (G1 Evacuation Pause) 399M->99M(512M) 28.306ms
[2022-07-06T04:14:11.013+0000][8][gc,cpu      ] GC(456) User=0.00s Sys=0.00s Real=0.03s
[2022-07-06T04:14:11.014+0000][8][safepoint   ] Safepoint "G1CollectForAllocation", Time since last: 64951200338 ns, Reaching safepoint: 122313 ns, At safepoint: 29791335 ns, Total: 29913648 ns
[2022-07-06T04:16:04.963+0000][8][gc,start    ] GC(457) Pause Young (Normal) (G1 Evacuation Pause)
[2022-07-06T04:16:04.964+0000][8][gc,task     ] GC(457) Using 4 workers of 4 for evacuation
[2022-07-06T04:16:04.964+0000][8][gc,age      ] GC(457) Desired survivor size 20971520 bytes, new threshold 15 (max threshold 15)
[2022-07-06T04:16:04.970+0000][8][gc,phases   ] GC(457)   Pre Evacuate Collection Set: 0.2ms
[2022-07-06T04:16:04.972+0000][8][gc,phases   ] GC(457)   Merge Heap Roots: 0.1ms
[2022-07-06T04:16:04.973+0000][8][gc,phases   ] GC(457)   Evacuate Collection Set: 3.6ms
[2022-07-06T04:16:04.974+0000][8][gc,phases   ] GC(457)   Post Evacuate Collection Set: 1.1ms
[2022-07-06T04:16:04.974+0000][8][gc,phases   ] GC(457)   Other: 1.3ms
[2022-07-06T04:16:04.975+0000][8][gc,age      ] GC(457) Age table with threshold 15 (max threshold 15)
[2022-07-06T04:16:04.975+0000][8][gc,age      ] GC(457) - age   1:    1431904 bytes,    1431904 total
[2022-07-06T04:16:04.976+0000][8][gc,age      ] GC(457) - age   2:      25088 bytes,    1456992 total
[2022-07-06T04:16:04.976+0000][8][gc,age      ] GC(457) - age   3:     808280 bytes,    2265272 total
[2022-07-06T04:16:04.977+0000][8][gc,age      ] GC(457) - age   4:     339072 bytes,    2604344 total
[2022-07-06T04:16:04.978+0000][8][gc,age      ] GC(457) - age   5:       6584 bytes,    2610928 total
[2022-07-06T04:16:04.978+0000][8][gc,age      ] GC(457) - age   6:        592 bytes,    2611520 total
[2022-07-06T04:16:04.979+0000][8][gc,age      ] GC(457) - age   7:        184 bytes,    2611704 total
[2022-07-06T04:16:04.980+0000][8][gc,age      ] GC(457) - age  11:        184 bytes,    2611888 total
[2022-07-06T04:16:04.980+0000][8][gc,age      ] GC(457) - age  13:        184 bytes,    2612072 total
[2022-07-06T04:16:04.981+0000][8][gc,age      ] GC(457) - age  14:       4424 bytes,    2616496 total
[2022-07-06T04:16:04.981+0000][8][gc,heap     ] GC(457) Eden regions: 75->0(75)
[2022-07-06T04:16:04.982+0000][8][gc,heap     ] GC(457) Survivor regions: 1->1(10)
[2022-07-06T04:16:04.982+0000][8][gc,heap     ] GC(457) Old regions: 24->24
[2022-07-06T04:16:04.982+0000][8][gc,heap     ] GC(457) Archive regions: 2->2
[2022-07-06T04:16:04.983+0000][8][gc,heap     ] GC(457) Humongous regions: 0->0
[2022-07-06T04:16:04.984+0000][8][gc,metaspace] GC(457) Metaspace: 128775K(132160K)->128775K(132160K) NonClass: 111909K(113600K)->111909K(113600K) Class: 16866K(18560K)->16866K(18560K)
[2022-07-06T04:16:04.985+0000][8][gc          ] GC(457) Pause Young (Normal) (G1 Evacuation Pause) 399M->99M(512M) 21.901ms
[2022-07-06T04:16:04.985+0000][8][gc,cpu      ] GC(457) User=0.01s Sys=0.00s Real=0.02s
[2022-07-06T04:16:04.986+0000][8][safepoint   ] Safepoint "G1CollectForAllocation", Time since last: 114034805394 ns, Reaching safepoint: 79557 ns, At safepoint: 23261946 ns, Total: 23341503 ns
[2022-07-06T04:16:06.989+0000][8][safepoint   ] Safepoint "Cleanup", Time since last: 2003225546 ns, Reaching safepoint: 133477 ns, At safepoint: 6156 ns, Total: 139633 ns
[2022-07-06T04:16:21.001+0000][8][safepoint   ] Safepoint "Cleanup", Time since last: 14011553146 ns, Reaching safepoint: 572919 ns, At safepoint: 57243 ns, Total: 630162 ns
[2022-07-06T04:16:31.016+0000][8][safepoint   ] Safepoint "Cleanup", Time since last: 10014580906 ns, Reaching safepoint: 165896 ns, At safepoint: 10287 ns, Total: 176183 ns
[2022-07-06T04:16:53.016+0000][8][safepoint   ] Safepoint "Cleanup", Time since last: 22019966591 ns, Reaching safepoint: 300112 ns, At safepoint: 13328 ns, Total: 313440 ns
[2022-07-06T04:17:01.024+0000][8][safepoint   ] Safepoint "Cleanup", Time since last: 8008312141 ns, Reaching safepoint: 299395 ns, At safepoint: 15819 ns, Total: 315214 ns
[2022-07-06T04:17:52.912+0000][8][gc,start    ] GC(458) Pause Young (Normal) (G1 Evacuation Pause)
[2022-07-06T04:17:52.913+0000][8][gc,task     ] GC(458) Using 4 workers of 4 for evacuation
[2022-07-06T04:17:52.914+0000][8][gc,age      ] GC(458) Desired survivor size 20971520 bytes, new threshold 15 (max threshold 15)
[2022-07-06T04:17:52.920+0000][8][gc,phases   ] GC(458)   Pre Evacuate Collection Set: 0.3ms
[2022-07-06T04:17:52.921+0000][8][gc,phases   ] GC(458)   Merge Heap Roots: 0.1ms
[2022-07-06T04:17:52.921+0000][8][gc,phases   ] GC(458)   Evacuate Collection Set: 2.8ms
[2022-07-06T04:17:52.922+0000][8][gc,phases   ] GC(458)   Post Evacuate Collection Set: 1.3ms
[2022-07-06T04:17:52.922+0000][8][gc,phases   ] GC(458)   Other: 1.9ms
[2022-07-06T04:17:52.923+0000][8][gc,age      ] GC(458) Age table with threshold 15 (max threshold 15)
[2022-07-06T04:17:52.923+0000][8][gc,age      ] GC(458) - age   1:    1177904 bytes,    1177904 total
[2022-07-06T04:17:52.924+0000][8][gc,age      ] GC(458) - age   2:      27088 bytes,    1204992 total
[2022-07-06T04:17:52.925+0000][8][gc,age      ] GC(458) - age   3:       5136 bytes,    1210128 total
[2022-07-06T04:17:52.925+0000][8][gc,age      ] GC(458) - age   4:     696760 bytes,    1906888 total
[2022-07-06T04:17:52.926+0000][8][gc,age      ] GC(458) - age   5:     337640 bytes,    2244528 total
[2022-07-06T04:17:52.926+0000][8][gc,age      ] GC(458) - age   6:       6584 bytes,    2251112 total
[2022-07-06T04:17:52.927+0000][8][gc,age      ] GC(458) - age   7:        592 bytes,    2251704 total
[2022-07-06T04:17:52.928+0000][8][gc,age      ] GC(458) - age   8:        184 bytes,    2251888 total
[2022-07-06T04:17:52.928+0000][8][gc,age      ] GC(458) - age  12:        184 bytes,    2252072 total
[2022-07-06T04:17:52.929+0000][8][gc,age      ] GC(458) - age  14:        184 bytes,    2252256 total
[2022-07-06T04:17:52.929+0000][8][gc,age      ] GC(458) - age  15:       4424 bytes,    2256680 total
[2022-07-06T04:17:52.930+0000][8][gc,heap     ] GC(458) Eden regions: 75->0(75)
[2022-07-06T04:17:52.930+0000][8][gc,heap     ] GC(458) Survivor regions: 1->1(10)
[2022-07-06T04:17:52.931+0000][8][gc,heap     ] GC(458) Old regions: 24->24
[2022-07-06T04:17:52.934+0000][8][gc,heap     ] GC(458) Archive regions: 2->2
[2022-07-06T04:17:52.935+0000][8][gc,heap     ] GC(458) Humongous regions: 0->0
[2022-07-06T04:17:52.936+0000][8][gc,metaspace] GC(458) Metaspace: 128776K(132160K)->128776K(132160K) NonClass: 111909K(113600K)->111909K(113600K) Class: 16866K(18560K)->16866K(18560K)
[2022-07-06T04:17:52.937+0000][8][gc          ] GC(458) Pause Young (Normal) (G1 Evacuation Pause) 399M->99M(512M) 24.565ms
[2022-07-06T04:17:52.937+0000][8][gc,cpu      ] GC(458) User=0.01s Sys=0.01s Real=0.03s
[2022-07-06T04:17:52.938+0000][8][safepoint   ] Safepoint "G1CollectForAllocation", Time since last: 51931666094 ns, Reaching safepoint: 54103 ns, At safepoint: 25937780 ns, Total: 25991883 ns
[2022-07-06T04:19:00.972+0000][8][safepoint   ] Safepoint "Cleanup", Time since last: 68076796308 ns, Reaching safepoint: 345662 ns, At safepoint: 146762 ns, Total: 492424 ns
[2022-07-06T04:19:43.898+0000][8][gc,start    ] GC(459) Pause Young (Normal) (G1 Evacuation Pause)
[2022-07-06T04:19:43.900+0000][8][gc,task     ] GC(459) Using 4 workers of 4 for evacuation
[2022-07-06T04:19:43.901+0000][8][gc,age      ] GC(459) Desired survivor size 20971520 bytes, new threshold 15 (max threshold 15)
[2022-07-06T04:19:43.910+0000][8][gc,phases   ] GC(459)   Pre Evacuate Collection Set: 0.2ms
[2022-07-06T04:19:43.911+0000][8][gc,phases   ] GC(459)   Merge Heap Roots: 0.2ms
[2022-07-06T04:19:43.911+0000][8][gc,phases   ] GC(459)   Evacuate Collection Set: 4.8ms
[2022-07-06T04:19:43.912+0000][8][gc,phases   ] GC(459)   Post Evacuate Collection Set: 1.5ms
[2022-07-06T04:19:43.913+0000][8][gc,phases   ] GC(459)   Other: 3.0ms
[2022-07-06T04:19:43.913+0000][8][gc,age      ] GC(459) Age table with threshold 15 (max threshold 15)
[2022-07-06T04:19:43.914+0000][8][gc,age      ] GC(459) - age   1:    1431200 bytes,    1431200 total
[2022-07-06T04:19:43.914+0000][8][gc,age      ] GC(459) - age   2:     116208 bytes,    1547408 total
[2022-07-06T04:19:43.915+0000][8][gc,age      ] GC(459) - age   3:      17056 bytes,    1564464 total
[2022-07-06T04:19:43.916+0000][8][gc,age      ] GC(459) - age   4:       5072 bytes,    1569536 total
[2022-07-06T04:19:43.916+0000][8][gc,age      ] GC(459) - age   5:     696512 bytes,    2266048 total
[2022-07-06T04:19:43.917+0000][8][gc,age      ] GC(459) - age   6:     337640 bytes,    2603688 total
[2022-07-06T04:19:43.918+0000][8][gc,age      ] GC(459) - age   7:       6584 bytes,    2610272 total
[2022-07-06T04:19:43.918+0000][8][gc,age      ] GC(459) - age   8:        592 bytes,    2610864 total
[2022-07-06T04:19:43.919+0000][8][gc,age      ] GC(459) - age   9:        184 bytes,    2611048 total
[2022-07-06T04:19:43.920+0000][8][gc,age      ] GC(459) - age  13:        184 bytes,    2611232 total
[2022-07-06T04:19:43.920+0000][8][gc,age      ] GC(459) - age  15:        184 bytes,    2611416 total
[2022-07-06T04:19:43.921+0000][8][gc,heap     ] GC(459) Eden regions: 75->0(75)
[2022-07-06T04:19:43.921+0000][8][gc,heap     ] GC(459) Survivor regions: 1->1(10)
[2022-07-06T04:19:43.922+0000][8][gc,heap     ] GC(459) Old regions: 24->24
[2022-07-06T04:19:43.922+0000][8][gc,heap     ] GC(459) Archive regions: 2->2
[2022-07-06T04:19:43.923+0000][8][gc,heap     ] GC(459) Humongous regions: 0->0
[2022-07-06T04:19:43.924+0000][8][gc,metaspace] GC(459) Metaspace: 128776K(132160K)->128776K(132160K) NonClass: 111910K(113600K)->111910K(113600K) Class: 16866K(18560K)->16866K(18560K)
[2022-07-06T04:19:43.926+0000][8][gc          ] GC(459) Pause Young (Normal) (G1 Evacuation Pause) 399M->99M(512M) 27.568ms
[2022-07-06T04:19:43.926+0000][8][gc,cpu      ] GC(459) User=0.02s Sys=0.00s Real=0.02s
[2022-07-06T04:19:43.927+0000][8][safepoint   ] Safepoint "G1CollectForAllocation", Time since last: 42969134571 ns, Reaching safepoint: 109176 ns, At safepoint: 29270601 ns, Total: 29379777 ns
[2022-07-06T04:20:40.936+0000][8][safepoint   ] Safepoint "Cleanup", Time since last: 57051976338 ns, Reaching safepoint: 351268 ns, At safepoint: 42758 ns, Total: 394026 ns
[2022-07-06T04:21:34.381+0000][8][gc,start    ] GC(460) Pause Young (Normal) (G1 Evacuation Pause)
[2022-07-06T04:21:34.384+0000][8][gc,task     ] GC(460) Using 4 workers of 4 for evacuation
[2022-07-06T04:21:34.385+0000][8][gc,age      ] GC(460) Desired survivor size 20971520 bytes, new threshold 15 (max threshold 15)
[2022-07-06T04:21:34.390+0000][8][gc,phases   ] GC(460)   Pre Evacuate Collection Set: 0.2ms
[2022-07-06T04:21:34.391+0000][8][gc,phases   ] GC(460)   Merge Heap Roots: 0.1ms
[2022-07-06T04:21:34.391+0000][8][gc,phases   ] GC(460)   Evacuate Collection Set: 2.5ms
[2022-07-06T04:21:34.392+0000][8][gc,phases   ] GC(460)   Post Evacuate Collection Set: 1.0ms
[2022-07-06T04:21:34.393+0000][8][gc,phases   ] GC(460)   Other: 2.2ms
[2022-07-06T04:21:34.393+0000][8][gc,age      ] GC(460) Age table with threshold 15 (max threshold 15)
[2022-07-06T04:21:34.394+0000][8][gc,age      ] GC(460) - age   1:     482872 bytes,     482872 total
[2022-07-06T04:21:34.394+0000][8][gc,age      ] GC(460) - age   2:      10552 bytes,     493424 total
[2022-07-06T04:21:34.395+0000][8][gc,age      ] GC(460) - age   3:     106760 bytes,     600184 total
[2022-07-06T04:21:34.396+0000][8][gc,age      ] GC(460) - age   4:      17056 bytes,     617240 total
[2022-07-06T04:21:34.397+0000][8][gc,age      ] GC(460) - age   5:       5072 bytes,     622312 total
[2022-07-06T04:21:34.397+0000][8][gc,age      ] GC(460) - age   6:     694592 bytes,    1316904 total
[2022-07-06T04:21:34.398+0000][8][gc,age      ] GC(460) - age   7:     337640 bytes,    1654544 total
[2022-07-06T04:21:34.400+0000][8][gc,age      ] GC(460) - age   8:       6584 bytes,    1661128 total
[2022-07-06T04:21:34.401+0000][8][gc,age      ] GC(460) - age   9:        592 bytes,    1661720 total
[2022-07-06T04:21:34.402+0000][8][gc,age      ] GC(460) - age  10:        184 bytes,    1661904 total
[2022-07-06T04:21:34.402+0000][8][gc,age      ] GC(460) - age  14:        184 bytes,    1662088 total
[2022-07-06T04:21:34.403+0000][8][gc,heap     ] GC(460) Eden regions: 75->0(75)
[2022-07-06T04:21:34.404+0000][8][gc,heap     ] GC(460) Survivor regions: 1->1(10)
[2022-07-06T04:21:34.404+0000][8][gc,heap     ] GC(460) Old regions: 24->24
[2022-07-06T04:21:34.405+0000][8][gc,heap     ] GC(460) Archive regions: 2->2
[2022-07-06T04:21:34.406+0000][8][gc,heap     ] GC(460) Humongous regions: 0->0
[2022-07-06T04:21:34.406+0000][8][gc,metaspace] GC(460) Metaspace: 128776K(132160K)->128776K(132160K) NonClass: 111910K(113600K)->111910K(113600K) Class: 16866K(18560K)->16866K(18560K)
[2022-07-06T04:21:34.407+0000][8][gc          ] GC(460) Pause Young (Normal) (G1 Evacuation Pause) 399M->98M(512M) 26.261ms
[2022-07-06T04:21:34.408+0000][8][gc,cpu      ] GC(460) User=0.01s Sys=0.01s Real=0.03s
[2022-07-06T04:21:34.408+0000][8][safepoint   ] Safepoint "G1CollectForAllocation", Time since last: 53487468931 ns, Reaching safepoint: 158919 ns, At safepoint: 27513722 ns, Total: 27672641 ns
[2022-07-06T04:23:01.437+0000][8][safepoint   ] Safepoint "Cleanup", Time since last: 87093745642 ns, Reaching safepoint: 629317 ns, At safepoint: 62163 ns, Total: 691480 ns
[2022-07-06T04:23:23.111+0000][8][gc,start    ] GC(461) Pause Young (Normal) (G1 Evacuation Pause)
[2022-07-06T04:23:23.117+0000][8][gc,task     ] GC(461) Using 4 workers of 4 for evacuation
[2022-07-06T04:23:23.118+0000][8][gc,age      ] GC(461) Desired survivor size 20971520 bytes, new threshold 15 (max threshold 15)
[2022-07-06T04:23:23.123+0000][8][gc,phases   ] GC(461)   Pre Evacuate Collection Set: 0.2ms
[2022-07-06T04:23:23.124+0000][8][gc,phases   ] GC(461)   Merge Heap Roots: 0.1ms
[2022-07-06T04:23:23.124+0000][8][gc,phases   ] GC(461)   Evacuate Collection Set: 2.9ms
[2022-07-06T04:23:23.125+0000][8][gc,phases   ] GC(461)   Post Evacuate Collection Set: 0.9ms
[2022-07-06T04:23:23.125+0000][8][gc,phases   ] GC(461)   Other: 1.8ms
[2022-07-06T04:23:23.126+0000][8][gc,age      ] GC(461) Age table with threshold 15 (max threshold 15)
[2022-07-06T04:23:23.126+0000][8][gc,age      ] GC(461) - age   1:    1167976 bytes,    1167976 total
[2022-07-06T04:23:23.127+0000][8][gc,age      ] GC(461) - age   2:       2768 bytes,    1170744 total
[2022-07-06T04:23:23.127+0000][8][gc,age      ] GC(461) - age   3:       8888 bytes,    1179632 total
[2022-07-06T04:23:23.128+0000][8][gc,age      ] GC(461) - age   4:     106760 bytes,    1286392 total
[2022-07-06T04:23:23.129+0000][8][gc,age      ] GC(461) - age   5:      17056 bytes,    1303448 total
[2022-07-06T04:23:23.129+0000][8][gc,age      ] GC(461) - age   6:       5072 bytes,    1308520 total
[2022-07-06T04:23:23.130+0000][8][gc,age      ] GC(461) - age   7:     686576 bytes,    1995096 total
[2022-07-06T04:23:23.130+0000][8][gc,age      ] GC(461) - age   8:     337640 bytes,    2332736 total
[2022-07-06T04:23:23.131+0000][8][gc,age      ] GC(461) - age   9:       6584 bytes,    2339320 total
[2022-07-06T04:23:23.132+0000][8][gc,age      ] GC(461) - age  10:        592 bytes,    2339912 total
[2022-07-06T04:23:23.132+0000][8][gc,age      ] GC(461) - age  11:        184 bytes,    2340096 total
[2022-07-06T04:23:23.133+0000][8][gc,age      ] GC(461) - age  15:        184 bytes,    2340280 total
[2022-07-06T04:23:23.133+0000][8][gc,heap     ] GC(461) Eden regions: 75->0(75)
[2022-07-06T04:23:23.134+0000][8][gc,heap     ] GC(461) Survivor regions: 1->1(10)
[2022-07-06T04:23:23.135+0000][8][gc,heap     ] GC(461) Old regions: 24->24
[2022-07-06T04:23:23.136+0000][8][gc,heap     ] GC(461) Archive regions: 2->2
[2022-07-06T04:23:23.137+0000][8][gc,heap     ] GC(461) Humongous regions: 0->0
[2022-07-06T04:23:23.137+0000][8][gc,metaspace] GC(461) Metaspace: 128776K(132160K)->128776K(132160K) NonClass: 111910K(113600K)->111910K(113600K) Class: 16866K(18560K)->16866K(18560K)
[2022-07-06T04:23:23.138+0000][8][gc          ] GC(461) Pause Young (Normal) (G1 Evacuation Pause) 398M->99M(512M) 26.971ms
[2022-07-06T04:23:23.138+0000][8][gc,cpu      ] GC(461) User=0.01s Sys=0.00s Real=0.03s
[2022-07-06T04:23:23.139+0000][8][safepoint   ] Safepoint "G1CollectForAllocation", Time since last: 21673452824 ns, Reaching safepoint: 126321 ns, At safepoint: 28237416 ns, Total: 28363737 ns
[2022-07-06T04:25:13.834+0000][8][gc,start    ] GC(462) Pause Young (Normal) (G1 Evacuation Pause)
[2022-07-06T04:25:13.837+0000][8][gc,task     ] GC(462) Using 4 workers of 4 for evacuation
[2022-07-06T04:25:13.838+0000][8][gc,age      ] GC(462) Desired survivor size 20971520 bytes, new threshold 15 (max threshold 15)
[2022-07-06T04:25:13.845+0000][8][gc,phases   ] GC(462)   Pre Evacuate Collection Set: 0.1ms
[2022-07-06T04:25:13.846+0000][8][gc,phases   ] GC(462)   Merge Heap Roots: 0.1ms
[2022-07-06T04:25:13.847+0000][8][gc,phases   ] GC(462)   Evacuate Collection Set: 2.2ms
[2022-07-06T04:25:13.847+0000][8][gc,phases   ] GC(462)   Post Evacuate Collection Set: 3.2ms
[2022-07-06T04:25:13.848+0000][8][gc,phases   ] GC(462)   Other: 1.7ms
[2022-07-06T04:25:13.849+0000][8][gc,age      ] GC(462) Age table with threshold 15 (max threshold 15)
[2022-07-06T04:25:13.849+0000][8][gc,age      ] GC(462) - age   1:     368888 bytes,     368888 total
[2022-07-06T04:25:13.850+0000][8][gc,age      ] GC(462) - age   2:       6120 bytes,     375008 total
[2022-07-06T04:25:13.850+0000][8][gc,age      ] GC(462) - age   3:       2032 bytes,     377040 total
[2022-07-06T04:25:13.851+0000][8][gc,age      ] GC(462) - age   4:       8408 bytes,     385448 total
[2022-07-06T04:25:13.851+0000][8][gc,age      ] GC(462) - age   5:     106760 bytes,     492208 total
[2022-07-06T04:25:13.852+0000][8][gc,age      ] GC(462) - age   6:      17056 bytes,     509264 total
[2022-07-06T04:25:13.853+0000][8][gc,age      ] GC(462) - age   7:       5072 bytes,     514336 total
[2022-07-06T04:25:13.853+0000][8][gc,age      ] GC(462) - age   8:     686576 bytes,    1200912 total
[2022-07-06T04:25:13.855+0000][8][gc,age      ] GC(462) - age   9:     337640 bytes,    1538552 total
[2022-07-06T04:25:13.856+0000][8][gc,age      ] GC(462) - age  10:       6584 bytes,    1545136 total
[2022-07-06T04:25:13.857+0000][8][gc,age      ] GC(462) - age  11:        592 bytes,    1545728 total
[2022-07-06T04:25:13.857+0000][8][gc,age      ] GC(462) - age  12:        184 bytes,    1545912 total
[2022-07-06T04:25:13.858+0000][8][gc,heap     ] GC(462) Eden regions: 75->0(75)
[2022-07-06T04:25:13.859+0000][8][gc,heap     ] GC(462) Survivor regions: 1->1(10)
[2022-07-06T04:25:13.860+0000][8][gc,heap     ] GC(462) Old regions: 24->24
[2022-07-06T04:25:13.860+0000][8][gc,heap     ] GC(462) Archive regions: 2->2
[2022-07-06T04:25:13.861+0000][8][gc,heap     ] GC(462) Humongous regions: 0->0
[2022-07-06T04:25:13.861+0000][8][gc,metaspace] GC(462) Metaspace: 128776K(132160K)->128776K(132160K) NonClass: 111910K(113600K)->111910K(113600K) Class: 16866K(18560K)->16866K(18560K)
[2022-07-06T04:25:13.862+0000][8][gc          ] GC(462) Pause Young (Normal) (G1 Evacuation Pause) 399M->98M(512M) 27.664ms
[2022-07-06T04:25:13.863+0000][8][gc,cpu      ] GC(462) User=0.01s Sys=0.00s Real=0.03s
[2022-07-06T04:25:13.863+0000][8][safepoint   ] Safepoint "G1CollectForAllocation", Time since last: 110780100389 ns, Reaching safepoint: 92578 ns, At safepoint: 28922226 ns, Total: 29014804 ns
[2022-07-06T04:25:40.867+0000][8][safepoint   ] Safepoint "Cleanup", Time since last: 27025834654 ns, Reaching safepoint: 327045 ns, At safepoint: 80486 ns, Total: 407531 ns
[2022-07-06T04:26:55.832+0000][8][gc,start    ] GC(463) Pause Young (Normal) (G1 Evacuation Pause)
[2022-07-06T04:26:55.834+0000][8][gc,task     ] GC(463) Using 4 workers of 4 for evacuation
[2022-07-06T04:26:55.834+0000][8][gc,age      ] GC(463) Desired survivor size 20971520 bytes, new threshold 15 (max threshold 15)
[2022-07-06T04:26:55.839+0000][8][gc,phases   ] GC(463)   Pre Evacuate Collection Set: 0.4ms
[2022-07-06T04:26:55.840+0000][8][gc,phases   ] GC(463)   Merge Heap Roots: 0.1ms
[2022-07-06T04:26:55.840+0000][8][gc,phases   ] GC(463)   Evacuate Collection Set: 2.5ms
[2022-07-06T04:26:55.841+0000][8][gc,phases   ] GC(463)   Post Evacuate Collection Set: 1.1ms
[2022-07-06T04:26:55.841+0000][8][gc,phases   ] GC(463)   Other: 1.4ms
[2022-07-06T04:26:55.842+0000][8][gc,age      ] GC(463) Age table with threshold 15 (max threshold 15)
[2022-07-06T04:26:55.843+0000][8][gc,age      ] GC(463) - age   1:    1215608 bytes,    1215608 total
[2022-07-06T04:26:55.843+0000][8][gc,age      ] GC(463) - age   2:       9504 bytes,    1225112 total
[2022-07-06T04:26:55.844+0000][8][gc,age      ] GC(463) - age   3:       4928 bytes,    1230040 total
[2022-07-06T04:26:55.844+0000][8][gc,age      ] GC(463) - age   4:       1936 bytes,    1231976 total
[2022-07-06T04:26:55.845+0000][8][gc,age      ] GC(463) - age   5:       8408 bytes,    1240384 total
[2022-07-06T04:26:55.846+0000][8][gc,age      ] GC(463) - age   6:     106760 bytes,    1347144 total
[2022-07-06T04:26:55.846+0000][8][gc,age      ] GC(463) - age   7:      17056 bytes,    1364200 total
[2022-07-06T04:26:55.847+0000][8][gc,age      ] GC(463) - age   8:       5072 bytes,    1369272 total
[2022-07-06T04:26:55.849+0000][8][gc,age      ] GC(463) - age   9:     686184 bytes,    2055456 total
[2022-07-06T04:26:55.850+0000][8][gc,age      ] GC(463) - age  10:     337640 bytes,    2393096 total
[2022-07-06T04:26:55.851+0000][8][gc,age      ] GC(463) - age  11:       6584 bytes,    2399680 total
[2022-07-06T04:26:55.852+0000][8][gc,age      ] GC(463) - age  12:        592 bytes,    2400272 total
[2022-07-06T04:26:55.853+0000][8][gc,age      ] GC(463) - age  13:        184 bytes,    2400456 total
[2022-07-06T04:26:55.853+0000][8][gc,heap     ] GC(463) Eden regions: 75->0(75)
[2022-07-06T04:26:55.854+0000][8][gc,heap     ] GC(463) Survivor regions: 1->1(10)
[2022-07-06T04:26:55.855+0000][8][gc,heap     ] GC(463) Old regions: 24->24
[2022-07-06T04:26:55.855+0000][8][gc,heap     ] GC(463) Archive regions: 2->2
[2022-07-06T04:26:55.856+0000][8][gc,heap     ] GC(463) Humongous regions: 0->0
[2022-07-06T04:26:55.856+0000][8][gc,metaspace] GC(463) Metaspace: 128776K(132160K)->128776K(132160K) NonClass: 111910K(113600K)->111910K(113600K) Class: 16866K(18560K)->16866K(18560K)
[2022-07-06T04:26:55.857+0000][8][gc          ] GC(463) Pause Young (Normal) (G1 Evacuation Pause) 398M->99M(512M) 24.993ms
[2022-07-06T04:26:55.858+0000][8][gc,cpu      ] GC(463) User=0.01s Sys=0.00s Real=0.03s
[2022-07-06T04:26:55.858+0000][8][safepoint   ] Safepoint "G1CollectForAllocation", Time since last: 75008282779 ns, Reaching safepoint: 89765 ns, At safepoint: 26131376 ns, Total: 26221141 ns
[2022-07-06T04:27:00.842+0000][8][safepoint   ] Safepoint "Cleanup", Time since last: 5005272683 ns, Reaching safepoint: 262787 ns, At safepoint: 16163 ns, Total: 278950 ns
[2022-07-06T04:28:30.276+0000][8][gc,start    ] GC(464) Pause Young (Normal) (G1 Evacuation Pause)
[2022-07-06T04:28:30.277+0000][8][gc,task     ] GC(464) Using 4 workers of 4 for evacuation
[2022-07-06T04:28:30.281+0000][8][gc,age      ] GC(464) Desired survivor size 20971520 bytes, new threshold 15 (max threshold 15)
[2022-07-06T04:28:30.287+0000][8][gc,phases   ] GC(464)   Pre Evacuate Collection Set: 0.2ms
[2022-07-06T04:28:30.289+0000][8][gc,phases   ] GC(464)   Merge Heap Roots: 0.0ms
[2022-07-06T04:28:30.289+0000][8][gc,phases   ] GC(464)   Evacuate Collection Set: 3.1ms
[2022-07-06T04:28:30.290+0000][8][gc,phases   ] GC(464)   Post Evacuate Collection Set: 1.4ms
[2022-07-06T04:28:30.291+0000][8][gc,phases   ] GC(464)   Other: 4.9ms
[2022-07-06T04:28:30.292+0000][8][gc,age      ] GC(464) Age table with threshold 15 (max threshold 15)
[2022-07-06T04:28:30.293+0000][8][gc,age      ] GC(464) - age   1:    1125744 bytes,    1125744 total
[2022-07-06T04:28:30.293+0000][8][gc,age      ] GC(464) - age   2:       1872 bytes,    1127616 total
[2022-07-06T04:28:30.294+0000][8][gc,age      ] GC(464) - age   3:        184 bytes,    1127800 total
[2022-07-06T04:28:30.295+0000][8][gc,age      ] GC(464) - age   4:       4864 bytes,    1132664 total
[2022-07-06T04:28:30.295+0000][8][gc,age      ] GC(464) - age   5:       1936 bytes,    1134600 total
[2022-07-06T04:28:30.296+0000][8][gc,age      ] GC(464) - age   6:        392 bytes,    1134992 total
[2022-07-06T04:28:30.296+0000][8][gc,age      ] GC(464) - age   7:     106760 bytes,    1241752 total
[2022-07-06T04:28:30.297+0000][8][gc,age      ] GC(464) - age   8:      17056 bytes,    1258808 total
[2022-07-06T04:28:30.297+0000][8][gc,age      ] GC(464) - age   9:       5072 bytes,    1263880 total
[2022-07-06T04:28:30.298+0000][8][gc,age      ] GC(464) - age  10:     686184 bytes,    1950064 total
[2022-07-06T04:28:30.298+0000][8][gc,age      ] GC(464) - age  11:     337640 bytes,    2287704 total
[2022-07-06T04:28:30.299+0000][8][gc,age      ] GC(464) - age  12:       6584 bytes,    2294288 total
[2022-07-06T04:28:30.300+0000][8][gc,age      ] GC(464) - age  13:        592 bytes,    2294880 total
[2022-07-06T04:28:30.301+0000][8][gc,age      ] GC(464) - age  14:        184 bytes,    2295064 total
[2022-07-06T04:28:30.301+0000][8][gc,heap     ] GC(464) Eden regions: 75->0(75)
[2022-07-06T04:28:30.302+0000][8][gc,heap     ] GC(464) Survivor regions: 1->1(10)
[2022-07-06T04:28:30.302+0000][8][gc,heap     ] GC(464) Old regions: 24->24
[2022-07-06T04:28:30.303+0000][8][gc,heap     ] GC(464) Archive regions: 2->2
[2022-07-06T04:28:30.304+0000][8][gc,heap     ] GC(464) Humongous regions: 0->0
[2022-07-06T04:28:30.304+0000][8][gc,metaspace] GC(464) Metaspace: 128776K(132160K)->128776K(132160K) NonClass: 111910K(113600K)->111910K(113600K) Class: 16866K(18560K)->16866K(18560K)
[2022-07-06T04:28:30.305+0000][8][gc          ] GC(464) Pause Young (Normal) (G1 Evacuation Pause) 399M->99M(512M) 28.993ms
[2022-07-06T04:28:30.306+0000][8][gc,cpu      ] GC(464) User=0.01s Sys=0.00s Real=0.03s
[2022-07-06T04:28:30.306+0000][8][safepoint   ] Safepoint "G1CollectForAllocation", Time since last: 89477294395 ns, Reaching safepoint: 235018 ns, At safepoint: 30320127 ns, Total: 30555145 ns
[2022-07-06T04:28:44.300+0000][8][safepoint   ] Safepoint "Cleanup", Time since last: 14014265720 ns, Reaching safepoint: 323588 ns, At safepoint: 32219 ns, Total: 355807 ns
[2022-07-06T04:30:22.768+0000][8][gc,start    ] GC(465) Pause Young (Normal) (G1 Evacuation Pause)
[2022-07-06T04:30:22.769+0000][8][gc,task     ] GC(465) Using 4 workers of 4 for evacuation
[2022-07-06T04:30:22.770+0000][8][gc,age      ] GC(465) Desired survivor size 20971520 bytes, new threshold 15 (max threshold 15)
[2022-07-06T04:30:22.775+0000][8][gc,phases   ] GC(465)   Pre Evacuate Collection Set: 0.2ms
[2022-07-06T04:30:22.775+0000][8][gc,phases   ] GC(465)   Merge Heap Roots: 0.1ms
[2022-07-06T04:30:22.776+0000][8][gc,phases   ] GC(465)   Evacuate Collection Set: 2.9ms
[2022-07-06T04:30:22.778+0000][8][gc,phases   ] GC(465)   Post Evacuate Collection Set: 0.9ms
[2022-07-06T04:30:22.779+0000][8][gc,phases   ] GC(465)   Other: 1.6ms
[2022-07-06T04:30:22.780+0000][8][gc,age      ] GC(465) Age table with threshold 15 (max threshold 15)
[2022-07-06T04:30:22.781+0000][8][gc,age      ] GC(465) - age   1:    1645552 bytes,    1645552 total
[2022-07-06T04:30:22.781+0000][8][gc,age      ] GC(465) - age   2:      14488 bytes,    1660040 total
[2022-07-06T04:30:22.782+0000][8][gc,age      ] GC(465) - age   3:        848 bytes,    1660888 total
[2022-07-06T04:30:22.782+0000][8][gc,age      ] GC(465) - age   4:        184 bytes,    1661072 total
[2022-07-06T04:30:22.783+0000][8][gc,age      ] GC(465) - age   5:       4864 bytes,    1665936 total
[2022-07-06T04:30:22.783+0000][8][gc,age      ] GC(465) - age   6:       1936 bytes,    1667872 total
[2022-07-06T04:30:22.784+0000][8][gc,age      ] GC(465) - age   7:        216 bytes,    1668088 total
[2022-07-06T04:30:22.784+0000][8][gc,age      ] GC(465) - age   8:     106760 bytes,    1774848 total
[2022-07-06T04:30:22.785+0000][8][gc,age      ] GC(465) - age   9:      17056 bytes,    1791904 total
[2022-07-06T04:30:22.786+0000][8][gc,age      ] GC(465) - age  10:       5072 bytes,    1796976 total
[2022-07-06T04:30:22.786+0000][8][gc,age      ] GC(465) - age  11:     685968 bytes,    2482944 total
[2022-07-06T04:30:22.787+0000][8][gc,age      ] GC(465) - age  12:     337640 bytes,    2820584 total
[2022-07-06T04:30:22.787+0000][8][gc,age      ] GC(465) - age  13:       6584 bytes,    2827168 total
[2022-07-06T04:30:22.788+0000][8][gc,age      ] GC(465) - age  14:        592 bytes,    2827760 total
[2022-07-06T04:30:22.788+0000][8][gc,age      ] GC(465) - age  15:        184 bytes,    2827944 total
[2022-07-06T04:30:22.789+0000][8][gc,heap     ] GC(465) Eden regions: 75->0(75)
[2022-07-06T04:30:22.789+0000][8][gc,heap     ] GC(465) Survivor regions: 1->1(10)
[2022-07-06T04:30:22.790+0000][8][gc,heap     ] GC(465) Old regions: 24->24
[2022-07-06T04:30:22.790+0000][8][gc,heap     ] GC(465) Archive regions: 2->2
[2022-07-06T04:30:22.791+0000][8][gc,heap     ] GC(465) Humongous regions: 0->0
[2022-07-06T04:30:22.792+0000][8][gc,metaspace] GC(465) Metaspace: 128776K(132160K)->128776K(132160K) NonClass: 111910K(113600K)->111910K(113600K) Class: 16866K(18560K)->16866K(18560K)
[2022-07-06T04:30:22.792+0000][8][gc          ] GC(465) Pause Young (Normal) (G1 Evacuation Pause) 399M->99M(512M) 24.072ms
[2022-07-06T04:30:22.793+0000][8][gc,cpu      ] GC(465) User=0.01s Sys=0.00s Real=0.02s
[2022-07-06T04:30:22.794+0000][8][safepoint   ] Safepoint "G1CollectForAllocation", Time since last: 98533179847 ns, Reaching safepoint: 166596 ns, At safepoint: 25928187 ns, Total: 26094783 ns
[2022-07-06T04:32:10.744+0000][8][gc,start    ] GC(466) Pause Young (Normal) (G1 Evacuation Pause)
[2022-07-06T04:32:10.745+0000][8][gc,task     ] GC(466) Using 4 workers of 4 for evacuation
[2022-07-06T04:32:10.746+0000][8][gc,age      ] GC(466) Desired survivor size 20971520 bytes, new threshold 15 (max threshold 15)
[2022-07-06T04:32:10.751+0000][8][gc,phases   ] GC(466)   Pre Evacuate Collection Set: 0.1ms
[2022-07-06T04:32:10.753+0000][8][gc,phases   ] GC(466)   Merge Heap Roots: 0.1ms
[2022-07-06T04:32:10.754+0000][8][gc,phases   ] GC(466)   Evacuate Collection Set: 2.2ms
[2022-07-06T04:32:10.754+0000][8][gc,phases   ] GC(466)   Post Evacuate Collection Set: 2.0ms
[2022-07-06T04:32:10.755+0000][8][gc,phases   ] GC(466)   Other: 1.3ms
[2022-07-06T04:32:10.756+0000][8][gc,age      ] GC(466) Age table with threshold 15 (max threshold 15)
[2022-07-06T04:32:10.756+0000][8][gc,age      ] GC(466) - age   1:     619376 bytes,     619376 total
[2022-07-06T04:32:10.757+0000][8][gc,age      ] GC(466) - age   2:       9856 bytes,     629232 total
[2022-07-06T04:32:10.757+0000][8][gc,age      ] GC(466) - age   3:      13040 bytes,     642272 total
[2022-07-06T04:32:10.758+0000][8][gc,age      ] GC(466) - age   4:        392 bytes,     642664 total
[2022-07-06T04:32:10.758+0000][8][gc,age      ] GC(466) - age   6:       4864 bytes,     647528 total
[2022-07-06T04:32:10.759+0000][8][gc,age      ] GC(466) - age   7:         16 bytes,     647544 total
[2022-07-06T04:32:10.759+0000][8][gc,age      ] GC(466) - age   8:        216 bytes,     647760 total
[2022-07-06T04:32:10.760+0000][8][gc,age      ] GC(466) - age   9:     106760 bytes,     754520 total
[2022-07-06T04:32:10.761+0000][8][gc,age      ] GC(466) - age  10:      17056 bytes,     771576 total
[2022-07-06T04:32:10.761+0000][8][gc,age      ] GC(466) - age  11:       5072 bytes,     776648 total
[2022-07-06T04:32:10.762+0000][8][gc,age      ] GC(466) - age  12:     685584 bytes,    1462232 total
[2022-07-06T04:32:10.762+0000][8][gc,age      ] GC(466) - age  13:     337640 bytes,    1799872 total
[2022-07-06T04:32:10.763+0000][8][gc,age      ] GC(466) - age  14:       6584 bytes,    1806456 total
[2022-07-06T04:32:10.764+0000][8][gc,age      ] GC(466) - age  15:        592 bytes,    1807048 total
[2022-07-06T04:32:10.764+0000][8][gc,heap     ] GC(466) Eden regions: 75->0(75)
[2022-07-06T04:32:10.765+0000][8][gc,heap     ] GC(466) Survivor regions: 1->1(10)
[2022-07-06T04:32:10.765+0000][8][gc,heap     ] GC(466) Old regions: 24->24
[2022-07-06T04:32:10.766+0000][8][gc,heap     ] GC(466) Archive regions: 2->2
[2022-07-06T04:32:10.767+0000][8][gc,heap     ] GC(466) Humongous regions: 0->0
[2022-07-06T04:32:10.768+0000][8][gc,metaspace] GC(466) Metaspace: 128776K(132160K)->128776K(132160K) NonClass: 111910K(113600K)->111910K(113600K) Class: 16866K(18560K)->16866K(18560K)
[2022-07-06T04:32:10.769+0000][8][gc          ] GC(466) Pause Young (Normal) (G1 Evacuation Pause) 399M->98M(512M) 24.556ms
[2022-07-06T04:32:10.769+0000][8][gc,cpu      ] GC(466) User=0.01s Sys=0.00s Real=0.03s
[2022-07-06T04:32:10.770+0000][8][safepoint   ] Safepoint "G1CollectForAllocation", Time since last: 108036338081 ns, Reaching safepoint: 92353 ns, At safepoint: 26003809 ns, Total: 26096162 ns
[2022-07-06T04:32:29.791+0000][8][safepoint   ] Safepoint "Cleanup", Time since last: 19020211993 ns, Reaching safepoint: 129176 ns, At safepoint: 7736 ns, Total: 136912 ns
[2022-07-06T04:34:05.593+0000][8][gc,start    ] GC(467) Pause Young (Normal) (G1 Evacuation Pause)
[2022-07-06T04:34:05.595+0000][8][gc,task     ] GC(467) Using 4 workers of 4 for evacuation
[2022-07-06T04:34:05.596+0000][8][gc,age      ] GC(467) Desired survivor size 20971520 bytes, new threshold 15 (max threshold 15)
[2022-07-06T04:34:05.603+0000][8][gc,phases   ] GC(467)   Pre Evacuate Collection Set: 0.5ms
[2022-07-06T04:34:05.604+0000][8][gc,phases   ] GC(467)   Merge Heap Roots: 0.2ms
[2022-07-06T04:34:05.606+0000][8][gc,phases   ] GC(467)   Evacuate Collection Set: 4.0ms
[2022-07-06T04:34:05.606+0000][8][gc,phases   ] GC(467)   Post Evacuate Collection Set: 2.1ms
[2022-07-06T04:34:05.607+0000][8][gc,phases   ] GC(467)   Other: 1.7ms
[2022-07-06T04:34:05.608+0000][8][gc,age      ] GC(467) Age table with threshold 15 (max threshold 15)
[2022-07-06T04:34:05.609+0000][8][gc,age      ] GC(467) - age   1:    1283648 bytes,    1283648 total
[2022-07-06T04:34:05.610+0000][8][gc,age      ] GC(467) - age   2:       3160 bytes,    1286808 total
[2022-07-06T04:34:05.611+0000][8][gc,age      ] GC(467) - age   3:       8576 bytes,    1295384 total
[2022-07-06T04:34:05.613+0000][8][gc,age      ] GC(467) - age   4:       4664 bytes,    1300048 total
[2022-07-06T04:34:05.614+0000][8][gc,age      ] GC(467) - age   5:        392 bytes,    1300440 total
[2022-07-06T04:34:05.614+0000][8][gc,age      ] GC(467) - age   7:       4864 bytes,    1305304 total
[2022-07-06T04:34:05.615+0000][8][gc,age      ] GC(467) - age   8:         16 bytes,    1305320 total
[2022-07-06T04:34:05.616+0000][8][gc,age      ] GC(467) - age   9:        216 bytes,    1305536 total
[2022-07-06T04:34:05.617+0000][8][gc,age      ] GC(467) - age  10:     106760 bytes,    1412296 total
[2022-07-06T04:34:05.618+0000][8][gc,age      ] GC(467) - age  11:      17056 bytes,    1429352 total
[2022-07-06T04:34:05.618+0000][8][gc,age      ] GC(467) - age  12:       5072 bytes,    1434424 total
[2022-07-06T04:34:05.619+0000][8][gc,age      ] GC(467) - age  13:     685584 bytes,    2120008 total
[2022-07-06T04:34:05.619+0000][8][gc,age      ] GC(467) - age  14:     337640 bytes,    2457648 total
[2022-07-06T04:34:05.620+0000][8][gc,age      ] GC(467) - age  15:       6584 bytes,    2464232 total
[2022-07-06T04:34:05.620+0000][8][gc,heap     ] GC(467) Eden regions: 75->0(75)
[2022-07-06T04:34:05.621+0000][8][gc,heap     ] GC(467) Survivor regions: 1->1(10)
[2022-07-06T04:34:05.622+0000][8][gc,heap     ] GC(467) Old regions: 24->24
[2022-07-06T04:34:05.623+0000][8][gc,heap     ] GC(467) Archive regions: 2->2
[2022-07-06T04:34:05.624+0000][8][gc,heap     ] GC(467) Humongous regions: 0->0
[2022-07-06T04:34:05.625+0000][8][gc,metaspace] GC(467) Metaspace: 128776K(132160K)->128776K(132160K) NonClass: 111910K(113600K)->111910K(113600K) Class: 16866K(18560K)->16866K(18560K)
[2022-07-06T04:34:05.626+0000][8][gc          ] GC(467) Pause Young (Normal) (G1 Evacuation Pause) 398M->99M(512M) 33.430ms
[2022-07-06T04:34:05.627+0000][8][gc,cpu      ] GC(467) User=0.01s Sys=0.00s Real=0.03s
[2022-07-06T04:34:05.628+0000][8][safepoint   ] Safepoint "G1CollectForAllocation", Time since last: 95888827007 ns, Reaching safepoint: 371251 ns, At safepoint: 35216836 ns, Total: 35588087 ns
[2022-07-06T04:34:48.653+0000][8][safepoint   ] Safepoint "Cleanup", Time since last: 43046494395 ns, Reaching safepoint: 294724 ns, At safepoint: 31536 ns, Total: 326260 ns
[2022-07-06T04:35:53.663+0000][8][gc,start    ] GC(468) Pause Young (Normal) (G1 Evacuation Pause)
[2022-07-06T04:35:53.664+0000][8][gc,task     ] GC(468) Using 4 workers of 4 for evacuation
[2022-07-06T04:35:53.665+0000][8][gc,age      ] GC(468) Desired survivor size 20971520 bytes, new threshold 15 (max threshold 15)
[2022-07-06T04:35:53.670+0000][8][gc,phases   ] GC(468)   Pre Evacuate Collection Set: 0.3ms
[2022-07-06T04:35:53.671+0000][8][gc,phases   ] GC(468)   Merge Heap Roots: 0.2ms
[2022-07-06T04:35:53.671+0000][8][gc,phases   ] GC(468)   Evacuate Collection Set: 2.7ms
[2022-07-06T04:35:53.672+0000][8][gc,phases   ] GC(468)   Post Evacuate Collection Set: 1.0ms
[2022-07-06T04:35:53.672+0000][8][gc,phases   ] GC(468)   Other: 1.5ms
[2022-07-06T04:35:53.673+0000][8][gc,age      ] GC(468) Age table with threshold 15 (max threshold 15)
[2022-07-06T04:35:53.674+0000][8][gc,age      ] GC(468) - age   1:    1113016 bytes,    1113016 total
[2022-07-06T04:35:53.674+0000][8][gc,age      ] GC(468) - age   2:      10392 bytes,    1123408 total
[2022-07-06T04:35:53.675+0000][8][gc,age      ] GC(468) - age   3:       2464 bytes,    1125872 total
[2022-07-06T04:35:53.675+0000][8][gc,age      ] GC(468) - age   4:        368 bytes,    1126240 total
[2022-07-06T04:35:53.675+0000][8][gc,age      ] GC(468) - age   5:       4664 bytes,    1130904 total
[2022-07-06T04:35:53.676+0000][8][gc,age      ] GC(468) - age   6:        392 bytes,    1131296 total
[2022-07-06T04:35:53.678+0000][8][gc,age      ] GC(468) - age   8:       4864 bytes,    1136160 total
[2022-07-06T04:35:53.679+0000][8][gc,age      ] GC(468) - age   9:         16 bytes,    1136176 total
[2022-07-06T04:35:53.679+0000][8][gc,age      ] GC(468) - age  10:        216 bytes,    1136392 total
[2022-07-06T04:35:53.680+0000][8][gc,age      ] GC(468) - age  11:     106760 bytes,    1243152 total
[2022-07-06T04:35:53.680+0000][8][gc,age      ] GC(468) - age  12:      17056 bytes,    1260208 total
[2022-07-06T04:35:53.681+0000][8][gc,age      ] GC(468) - age  13:       5072 bytes,    1265280 total
[2022-07-06T04:35:53.681+0000][8][gc,age      ] GC(468) - age  14:     685584 bytes,    1950864 total
[2022-07-06T04:35:53.682+0000][8][gc,age      ] GC(468) - age  15:     337640 bytes,    2288504 total
[2022-07-06T04:35:53.683+0000][8][gc,heap     ] GC(468) Eden regions: 75->0(75)
[2022-07-06T04:35:53.683+0000][8][gc,heap     ] GC(468) Survivor regions: 1->1(10)
[2022-07-06T04:35:53.684+0000][8][gc,heap     ] GC(468) Old regions: 24->24
[2022-07-06T04:35:53.685+0000][8][gc,heap     ] GC(468) Archive regions: 2->2
[2022-07-06T04:35:53.685+0000][8][gc,heap     ] GC(468) Humongous regions: 0->0
[2022-07-06T04:35:53.686+0000][8][gc,metaspace] GC(468) Metaspace: 128776K(132160K)->128776K(132160K) NonClass: 111910K(113600K)->111910K(113600K) Class: 16866K(18560K)->16866K(18560K)
[2022-07-06T04:35:53.687+0000][8][gc          ] GC(468) Pause Young (Normal) (G1 Evacuation Pause) 399M->99M(512M) 23.526ms
[2022-07-06T04:35:53.687+0000][8][gc,cpu      ] GC(468) User=0.01s Sys=0.00s Real=0.03s
[2022-07-06T04:35:53.688+0000][8][safepoint   ] Safepoint "G1CollectForAllocation", Time since last: 65052707272 ns, Reaching safepoint: 103053 ns, At safepoint: 25295936 ns, Total: 25398989 ns
[2022-07-06T04:37:41.972+0000][8][gc,start    ] GC(469) Pause Young (Normal) (G1 Evacuation Pause)
[2022-07-06T04:37:41.976+0000][8][gc,task     ] GC(469) Using 4 workers of 4 for evacuation
[2022-07-06T04:37:41.978+0000][8][gc,age      ] GC(469) Desired survivor size 20971520 bytes, new threshold 15 (max threshold 15)
[2022-07-06T04:37:41.993+0000][8][gc,phases   ] GC(469)   Pre Evacuate Collection Set: 0.3ms
[2022-07-06T04:37:41.998+0000][8][gc,phases   ] GC(469)   Merge Heap Roots: 0.2ms
[2022-07-06T04:37:41.999+0000][8][gc,phases   ] GC(469)   Evacuate Collection Set: 10.0ms
[2022-07-06T04:37:42.000+0000][8][gc,phases   ] GC(469)   Post Evacuate Collection Set: 3.0ms
[2022-07-06T04:37:42.001+0000][8][gc,phases   ] GC(469)   Other: 2.6ms
[2022-07-06T04:37:42.002+0000][8][gc,age      ] GC(469) Age table with threshold 15 (max threshold 15)
[2022-07-06T04:37:42.003+0000][8][gc,age      ] GC(469) - age   1:    1570048 bytes,    1570048 total
[2022-07-06T04:37:42.005+0000][8][gc,age      ] GC(469) - age   2:       1088 bytes,    1571136 total
[2022-07-06T04:37:42.007+0000][8][gc,age      ] GC(469) - age   3:       8232 bytes,    1579368 total
[2022-07-06T04:37:42.007+0000][8][gc,age      ] GC(469) - age   4:       2304 bytes,    1581672 total
[2022-07-06T04:37:42.008+0000][8][gc,age      ] GC(469) - age   5:        368 bytes,    1582040 total
[2022-07-06T04:37:42.009+0000][8][gc,age      ] GC(469) - age   6:       4664 bytes,    1586704 total
[2022-07-06T04:37:42.010+0000][8][gc,age      ] GC(469) - age   7:        392 bytes,    1587096 total
[2022-07-06T04:37:42.010+0000][8][gc,age      ] GC(469) - age   9:       4864 bytes,    1591960 total
[2022-07-06T04:37:42.011+0000][8][gc,age      ] GC(469) - age  10:         16 bytes,    1591976 total
[2022-07-06T04:37:42.011+0000][8][gc,age      ] GC(469) - age  11:        216 bytes,    1592192 total
[2022-07-06T04:37:42.013+0000][8][gc,age      ] GC(469) - age  12:     105944 bytes,    1698136 total
[2022-07-06T04:37:42.015+0000][8][gc,age      ] GC(469) - age  13:      17056 bytes,    1715192 total
[2022-07-06T04:37:42.016+0000][8][gc,age      ] GC(469) - age  14:       5072 bytes,    1720264 total
[2022-07-06T04:37:42.017+0000][8][gc,age      ] GC(469) - age  15:     685584 bytes,    2405848 total
[2022-07-06T04:37:42.018+0000][8][gc,heap     ] GC(469) Eden regions: 75->0(75)
[2022-07-06T04:37:42.019+0000][8][gc,heap     ] GC(469) Survivor regions: 1->1(10)
[2022-07-06T04:37:42.020+0000][8][gc,heap     ] GC(469) Old regions: 24->24
[2022-07-06T04:37:42.021+0000][8][gc,heap     ] GC(469) Archive regions: 2->2
[2022-07-06T04:37:42.022+0000][8][gc,heap     ] GC(469) Humongous regions: 0->0
[2022-07-06T04:37:42.023+0000][8][gc,metaspace] GC(469) Metaspace: 128776K(132160K)->128776K(132160K) NonClass: 111910K(113600K)->111910K(113600K) Class: 16866K(18560K)->16866K(18560K)
[2022-07-06T04:37:42.024+0000][8][gc          ] GC(469) Pause Young (Normal) (G1 Evacuation Pause) 399M->99M(512M) 52.388ms
[2022-07-06T04:37:42.025+0000][8][gc,cpu      ] GC(469) User=0.04s Sys=0.00s Real=0.05s
[2022-07-06T04:37:42.025+0000][8][safepoint   ] Safepoint "G1CollectForAllocation", Time since last: 108369231021 ns, Reaching safepoint: 165803 ns, At safepoint: 53772859 ns, Total: 53938662 ns
[2022-07-06T04:38:12.028+0000][8][safepoint   ] Safepoint "Cleanup", Time since last: 30023298528 ns, Reaching safepoint: 644183 ns, At safepoint: 135038 ns, Total: 779221 ns
[2022-07-06T04:39:35.480+0000][8][gc,start    ] GC(470) Pause Young (Normal) (G1 Evacuation Pause)
[2022-07-06T04:39:35.483+0000][8][gc,task     ] GC(470) Using 4 workers of 4 for evacuation
[2022-07-06T04:39:35.483+0000][8][gc,age      ] GC(470) Desired survivor size 20971520 bytes, new threshold 15 (max threshold 15)
[2022-07-06T04:39:35.490+0000][8][gc,phases   ] GC(470)   Pre Evacuate Collection Set: 0.1ms
[2022-07-06T04:39:35.490+0000][8][gc,phases   ] GC(470)   Merge Heap Roots: 0.0ms
[2022-07-06T04:39:35.491+0000][8][gc,phases   ] GC(470)   Evacuate Collection Set: 4.0ms
[2022-07-06T04:39:35.491+0000][8][gc,phases   ] GC(470)   Post Evacuate Collection Set: 1.2ms
[2022-07-06T04:39:35.492+0000][8][gc,phases   ] GC(470)   Other: 1.7ms
[2022-07-06T04:39:35.493+0000][8][gc,age      ] GC(470) Age table with threshold 15 (max threshold 15)
[2022-07-06T04:39:35.494+0000][8][gc,age      ] GC(470) - age   1:     728888 bytes,     728888 total
[2022-07-06T04:39:35.495+0000][8][gc,age      ] GC(470) - age   2:      19784 bytes,     748672 total
[2022-07-06T04:39:35.495+0000][8][gc,age      ] GC(470) - age   3:         24 bytes,     748696 total
[2022-07-06T04:39:35.496+0000][8][gc,age      ] GC(470) - age   4:        216 bytes,     748912 total
[2022-07-06T04:39:35.496+0000][8][gc,age      ] GC(470) - age   5:       2304 bytes,     751216 total
[2022-07-06T04:39:35.497+0000][8][gc,age      ] GC(470) - age   6:        184 bytes,     751400 total
[2022-07-06T04:39:35.498+0000][8][gc,age      ] GC(470) - age   7:       4664 bytes,     756064 total
[2022-07-06T04:39:35.498+0000][8][gc,age      ] GC(470) - age   8:        392 bytes,     756456 total
[2022-07-06T04:39:35.499+0000][8][gc,age      ] GC(470) - age  10:       4864 bytes,     761320 total
[2022-07-06T04:39:35.499+0000][8][gc,age      ] GC(470) - age  11:         16 bytes,     761336 total
[2022-07-06T04:39:35.500+0000][8][gc,age      ] GC(470) - age  12:        184 bytes,     761520 total
[2022-07-06T04:39:35.501+0000][8][gc,age      ] GC(470) - age  13:     105944 bytes,     867464 total
[2022-07-06T04:39:35.501+0000][8][gc,age      ] GC(470) - age  14:      17056 bytes,     884520 total
[2022-07-06T04:39:35.502+0000][8][gc,age      ] GC(470) - age  15:       5072 bytes,     889592 total
[2022-07-06T04:39:35.503+0000][8][gc,heap     ] GC(470) Eden regions: 75->0(75)
[2022-07-06T04:39:35.504+0000][8][gc,heap     ] GC(470) Survivor regions: 1->1(10)
[2022-07-06T04:39:35.505+0000][8][gc,heap     ] GC(470) Old regions: 24->24
[2022-07-06T04:39:35.505+0000][8][gc,heap     ] GC(470) Archive regions: 2->2
[2022-07-06T04:39:35.506+0000][8][gc,heap     ] GC(470) Humongous regions: 0->0
[2022-07-06T04:39:35.507+0000][8][gc,metaspace] GC(470) Metaspace: 128778K(132160K)->128778K(132160K) NonClass: 111911K(113600K)->111911K(113600K) Class: 16866K(18560K)->16866K(18560K)
[2022-07-06T04:39:35.507+0000][8][gc          ] GC(470) Pause Young (Normal) (G1 Evacuation Pause) 399M->99M(512M) 27.164ms
[2022-07-06T04:39:35.508+0000][8][gc,cpu      ] GC(470) User=0.02s Sys=0.01s Real=0.03s
[2022-07-06T04:39:35.508+0000][8][safepoint   ] Safepoint "G1CollectForAllocation", Time since last: 83516932231 ns, Reaching safepoint: 195696 ns, At safepoint: 28339037 ns, Total: 28534733 ns
[2022-07-06T04:41:23.749+0000][8][gc,start    ] GC(471) Pause Young (Normal) (G1 Evacuation Pause)
[2022-07-06T04:41:23.751+0000][8][gc,task     ] GC(471) Using 4 workers of 4 for evacuation
[2022-07-06T04:41:23.753+0000][8][gc,age      ] GC(471) Desired survivor size 20971520 bytes, new threshold 15 (max threshold 15)
[2022-07-06T04:41:23.762+0000][8][gc,phases   ] GC(471)   Pre Evacuate Collection Set: 0.1ms
[2022-07-06T04:41:23.762+0000][8][gc,phases   ] GC(471)   Merge Heap Roots: 0.1ms
[2022-07-06T04:41:23.763+0000][8][gc,phases   ] GC(471)   Evacuate Collection Set: 2.6ms
[2022-07-06T04:41:23.764+0000][8][gc,phases   ] GC(471)   Post Evacuate Collection Set: 0.8ms
[2022-07-06T04:41:23.765+0000][8][gc,phases   ] GC(471)   Other: 6.7ms
[2022-07-06T04:41:23.766+0000][8][gc,age      ] GC(471) Age table with threshold 15 (max threshold 15)
[2022-07-06T04:41:23.766+0000][8][gc,age      ] GC(471) - age   1:    1349528 bytes,    1349528 total
[2022-07-06T04:41:23.767+0000][8][gc,age      ] GC(471) - age   2:       1784 bytes,    1351312 total
[2022-07-06T04:41:23.767+0000][8][gc,age      ] GC(471) - age   3:      18184 bytes,    1369496 total
[2022-07-06T04:41:23.768+0000][8][gc,age      ] GC(471) - age   5:        184 bytes,    1369680 total
[2022-07-06T04:41:23.769+0000][8][gc,age      ] GC(471) - age   6:        384 bytes,    1370064 total
[2022-07-06T04:41:23.771+0000][8][gc,age      ] GC(471) - age   8:       4664 bytes,    1374728 total
[2022-07-06T04:41:23.774+0000][8][gc,age      ] GC(471) - age  11:       4864 bytes,    1379592 total
[2022-07-06T04:41:23.774+0000][8][gc,age      ] GC(471) - age  12:         16 bytes,    1379608 total
[2022-07-06T04:41:23.776+0000][8][gc,age      ] GC(471) - age  13:        184 bytes,    1379792 total
[2022-07-06T04:41:23.777+0000][8][gc,age      ] GC(471) - age  14:     105944 bytes,    1485736 total
[2022-07-06T04:41:23.777+0000][8][gc,age      ] GC(471) - age  15:      17056 bytes,    1502792 total
[2022-07-06T04:41:23.778+0000][8][gc,heap     ] GC(471) Eden regions: 75->0(75)
[2022-07-06T04:41:23.779+0000][8][gc,heap     ] GC(471) Survivor regions: 1->1(10)
[2022-07-06T04:41:23.780+0000][8][gc,heap     ] GC(471) Old regions: 24->24
[2022-07-06T04:41:23.781+0000][8][gc,heap     ] GC(471) Archive regions: 2->2
[2022-07-06T04:41:23.782+0000][8][gc,heap     ] GC(471) Humongous regions: 0->0
[2022-07-06T04:41:23.783+0000][8][gc,metaspace] GC(471) Metaspace: 128778K(132160K)->128778K(132160K) NonClass: 111911K(113600K)->111911K(113600K) Class: 16866K(18560K)->16866K(18560K)
[2022-07-06T04:41:23.784+0000][8][gc          ] GC(471) Pause Young (Normal) (G1 Evacuation Pause) 399M->99M(512M) 35.850ms
[2022-07-06T04:41:23.785+0000][8][gc,cpu      ] GC(471) User=0.02s Sys=0.00s Real=0.03s
[2022-07-06T04:41:23.786+0000][8][safepoint   ] Safepoint "G1CollectForAllocation", Time since last: 108306341106 ns, Reaching safepoint: 117574 ns, At safepoint: 37505544 ns, Total: 37623118 ns
[2022-07-06T04:43:08.382+0000][8][gc,start    ] GC(472) Pause Young (Normal) (G1 Evacuation Pause)
[2022-07-06T04:43:08.385+0000][8][gc,task     ] GC(472) Using 4 workers of 4 for evacuation
[2022-07-06T04:43:08.389+0000][8][gc,age      ] GC(472) Desired survivor size 20971520 bytes, new threshold 15 (max threshold 15)
[2022-07-06T04:43:08.396+0000][8][gc,phases   ] GC(472)   Pre Evacuate Collection Set: 0.3ms
[2022-07-06T04:43:08.397+0000][8][gc,phases   ] GC(472)   Merge Heap Roots: 0.1ms
[2022-07-06T04:43:08.398+0000][8][gc,phases   ] GC(472)   Evacuate Collection Set: 2.8ms
[2022-07-06T04:43:08.398+0000][8][gc,phases   ] GC(472)   Post Evacuate Collection Set: 1.9ms
[2022-07-06T04:43:08.399+0000][8][gc,phases   ] GC(472)   Other: 5.7ms
[2022-07-06T04:43:08.400+0000][8][gc,age      ] GC(472) Age table with threshold 15 (max threshold 15)
[2022-07-06T04:43:08.401+0000][8][gc,age      ] GC(472) - age   1:     527712 bytes,     527712 total
[2022-07-06T04:43:08.402+0000][8][gc,age      ] GC(472) - age   2:      12040 bytes,     539752 total
[2022-07-06T04:43:08.405+0000][8][gc,age      ] GC(472) - age   3:        720 bytes,     540472 total
[2022-07-06T04:43:08.407+0000][8][gc,age      ] GC(472) - age   4:       1768 bytes,     542240 total
[2022-07-06T04:43:08.407+0000][8][gc,age      ] GC(472) - age   6:        184 bytes,     542424 total
[2022-07-06T04:43:08.408+0000][8][gc,age      ] GC(472) - age   7:        384 bytes,     542808 total
[2022-07-06T04:43:08.410+0000][8][gc,age      ] GC(472) - age   9:       4664 bytes,     547472 total
[2022-07-06T04:43:08.411+0000][8][gc,age      ] GC(472) - age  12:       4680 bytes,     552152 total
[2022-07-06T04:43:08.412+0000][8][gc,age      ] GC(472) - age  13:         16 bytes,     552168 total
[2022-07-06T04:43:08.413+0000][8][gc,age      ] GC(472) - age  14:        184 bytes,     552352 total
[2022-07-06T04:43:08.413+0000][8][gc,age      ] GC(472) - age  15:     105944 bytes,     658296 total
[2022-07-06T04:43:08.414+0000][8][gc,heap     ] GC(472) Eden regions: 75->0(75)
[2022-07-06T04:43:08.415+0000][8][gc,heap     ] GC(472) Survivor regions: 1->1(10)
[2022-07-06T04:43:08.416+0000][8][gc,heap     ] GC(472) Old regions: 24->24
[2022-07-06T04:43:08.417+0000][8][gc,heap     ] GC(472) Archive regions: 2->2
[2022-07-06T04:43:08.418+0000][8][gc,heap     ] GC(472) Humongous regions: 0->0
[2022-07-06T04:43:08.419+0000][8][gc,metaspace] GC(472) Metaspace: 128778K(132160K)->128778K(132160K) NonClass: 111911K(113600K)->111911K(113600K) Class: 16866K(18560K)->16866K(18560K)
[2022-07-06T04:43:08.421+0000][8][gc          ] GC(472) Pause Young (Normal) (G1 Evacuation Pause) 399M->98M(512M) 38.781ms
[2022-07-06T04:43:08.422+0000][8][gc,cpu      ] GC(472) User=0.01s Sys=0.00s Real=0.04s
[2022-07-06T04:43:08.423+0000][8][safepoint   ] Safepoint "G1CollectForAllocation", Time since last: 104681000615 ns, Reaching safepoint: 90851 ns, At safepoint: 41324125 ns, Total: 41414976 ns
[2022-07-06T04:44:59.581+0000][8][gc,start    ] GC(473) Pause Young (Normal) (G1 Evacuation Pause)
[2022-07-06T04:44:59.585+0000][8][gc,task     ] GC(473) Using 4 workers of 4 for evacuation
[2022-07-06T04:44:59.586+0000][8][gc,age      ] GC(473) Desired survivor size 20971520 bytes, new threshold 15 (max threshold 15)
[2022-07-06T04:44:59.592+0000][8][gc,phases   ] GC(473)   Pre Evacuate Collection Set: 0.2ms
[2022-07-06T04:44:59.592+0000][8][gc,phases   ] GC(473)   Merge Heap Roots: 0.0ms
[2022-07-06T04:44:59.593+0000][8][gc,phases   ] GC(473)   Evacuate Collection Set: 3.1ms
[2022-07-06T04:44:59.594+0000][8][gc,phases   ] GC(473)   Post Evacuate Collection Set: 1.0ms
[2022-07-06T04:44:59.594+0000][8][gc,phases   ] GC(473)   Other: 2.4ms
[2022-07-06T04:44:59.595+0000][8][gc,age      ] GC(473) Age table with threshold 15 (max threshold 15)
[2022-07-06T04:44:59.596+0000][8][gc,age      ] GC(473) - age   1:    1280416 bytes,    1280416 total
[2022-07-06T04:44:59.596+0000][8][gc,age      ] GC(473) - age   2:       8832 bytes,    1289248 total
[2022-07-06T04:44:59.598+0000][8][gc,age      ] GC(473) - age   3:      11016 bytes,    1300264 total
[2022-07-06T04:44:59.599+0000][8][gc,age      ] GC(473) - age   4:        424 bytes,    1300688 total
[2022-07-06T04:44:59.599+0000][8][gc,age      ] GC(473) - age   5:       1768 bytes,    1302456 total
[2022-07-06T04:44:59.600+0000][8][gc,age      ] GC(473) - age   7:        184 bytes,    1302640 total
[2022-07-06T04:44:59.601+0000][8][gc,age      ] GC(473) - age   8:        384 bytes,    1303024 total
[2022-07-06T04:44:59.601+0000][8][gc,age      ] GC(473) - age  10:       4664 bytes,    1307688 total
[2022-07-06T04:44:59.602+0000][8][gc,age      ] GC(473) - age  13:       4680 bytes,    1312368 total
[2022-07-06T04:44:59.603+0000][8][gc,age      ] GC(473) - age  14:         16 bytes,    1312384 total
[2022-07-06T04:44:59.603+0000][8][gc,age      ] GC(473) - age  15:        184 bytes,    1312568 total
[2022-07-06T04:44:59.604+0000][8][gc,heap     ] GC(473) Eden regions: 75->0(75)
[2022-07-06T04:44:59.605+0000][8][gc,heap     ] GC(473) Survivor regions: 1->1(10)
[2022-07-06T04:44:59.606+0000][8][gc,heap     ] GC(473) Old regions: 24->24
[2022-07-06T04:44:59.606+0000][8][gc,heap     ] GC(473) Archive regions: 2->2
[2022-07-06T04:44:59.607+0000][8][gc,heap     ] GC(473) Humongous regions: 0->0
[2022-07-06T04:44:59.608+0000][8][gc,metaspace] GC(473) Metaspace: 128778K(132160K)->128778K(132160K) NonClass: 111911K(113600K)->111911K(113600K) Class: 16866K(18560K)->16866K(18560K)
[2022-07-06T04:44:59.608+0000][8][gc          ] GC(473) Pause Young (Normal) (G1 Evacuation Pause) 398M->99M(512M) 27.504ms
[2022-07-06T04:44:59.609+0000][8][gc,cpu      ] GC(473) User=0.01s Sys=0.00s Real=0.03s
[2022-07-06T04:44:59.610+0000][8][safepoint   ] Safepoint "G1CollectForAllocation", Time since last: 111222252093 ns, Reaching safepoint: 107999 ns, At safepoint: 29040537 ns, Total: 29148536 ns
[2022-07-06T04:46:32.307+0000][8][gc,start    ] GC(474) Pause Young (Normal) (G1 Evacuation Pause)
[2022-07-06T04:46:32.308+0000][8][gc,task     ] GC(474) Using 4 workers of 4 for evacuation
[2022-07-06T04:46:32.309+0000][8][gc,age      ] GC(474) Desired survivor size 20971520 bytes, new threshold 15 (max threshold 15)
[2022-07-06T04:46:32.313+0000][8][gc,phases   ] GC(474)   Pre Evacuate Collection Set: 0.2ms
[2022-07-06T04:46:32.314+0000][8][gc,phases   ] GC(474)   Merge Heap Roots: 0.1ms
[2022-07-06T04:46:32.315+0000][8][gc,phases   ] GC(474)   Evacuate Collection Set: 2.1ms
[2022-07-06T04:46:32.315+0000][8][gc,phases   ] GC(474)   Post Evacuate Collection Set: 1.0ms
[2022-07-06T04:46:32.316+0000][8][gc,phases   ] GC(474)   Other: 1.5ms
[2022-07-06T04:46:32.317+0000][8][gc,age      ] GC(474) Age table with threshold 15 (max threshold 15)
[2022-07-06T04:46:32.317+0000][8][gc,age      ] GC(474) - age   1:     725408 bytes,     725408 total
[2022-07-06T04:46:32.319+0000][8][gc,age      ] GC(474) - age   2:        768 bytes,     726176 total
[2022-07-06T04:46:32.320+0000][8][gc,age      ] GC(474) - age   3:       8392 bytes,     734568 total
[2022-07-06T04:46:32.321+0000][8][gc,age      ] GC(474) - age   4:       2576 bytes,     737144 total
[2022-07-06T04:46:32.321+0000][8][gc,age      ] GC(474) - age   5:        424 bytes,     737568 total
[2022-07-06T04:46:32.322+0000][8][gc,age      ] GC(474) - age   6:       1768 bytes,     739336 total
[2022-07-06T04:46:32.322+0000][8][gc,age      ] GC(474) - age   8:        184 bytes,     739520 total
[2022-07-06T04:46:32.323+0000][8][gc,age      ] GC(474) - age   9:        384 bytes,     739904 total
[2022-07-06T04:46:32.324+0000][8][gc,age      ] GC(474) - age  11:       4664 bytes,     744568 total
[2022-07-06T04:46:32.324+0000][8][gc,age      ] GC(474) - age  14:       4680 bytes,     749248 total
[2022-07-06T04:46:32.325+0000][8][gc,age      ] GC(474) - age  15:         16 bytes,     749264 total
[2022-07-06T04:46:32.326+0000][8][gc,heap     ] GC(474) Eden regions: 75->0(75)
[2022-07-06T04:46:32.327+0000][8][gc,heap     ] GC(474) Survivor regions: 1->1(10)
[2022-07-06T04:46:32.327+0000][8][gc,heap     ] GC(474) Old regions: 24->24
[2022-07-06T04:46:32.328+0000][8][gc,heap     ] GC(474) Archive regions: 2->2
[2022-07-06T04:46:32.329+0000][8][gc,heap     ] GC(474) Humongous regions: 0->0
[2022-07-06T04:46:32.329+0000][8][gc,metaspace] GC(474) Metaspace: 128778K(132160K)->128778K(132160K) NonClass: 111911K(113600K)->111911K(113600K) Class: 16866K(18560K)->16866K(18560K)
[2022-07-06T04:46:32.330+0000][8][gc          ] GC(474) Pause Young (Normal) (G1 Evacuation Pause) 399M->99M(512M) 23.153ms
[2022-07-06T04:46:32.331+0000][8][gc,cpu      ] GC(474) User=0.01s Sys=0.00s Real=0.03s
[2022-07-06T04:46:32.332+0000][8][safepoint   ] Safepoint "G1CollectForAllocation", Time since last: 92783284235 ns, Reaching safepoint: 252676 ns, At safepoint: 24650432 ns, Total: 24903108 ns
[2022-07-06T04:47:56.297+0000][8][gc,start    ] GC(475) Pause Young (Normal) (G1 Evacuation Pause)
[2022-07-06T04:47:56.299+0000][8][gc,task     ] GC(475) Using 4 workers of 4 for evacuation
[2022-07-06T04:47:56.300+0000][8][gc,age      ] GC(475) Desired survivor size 20971520 bytes, new threshold 15 (max threshold 15)
[2022-07-06T04:47:56.305+0000][8][gc,phases   ] GC(475)   Pre Evacuate Collection Set: 0.3ms
[2022-07-06T04:47:56.306+0000][8][gc,phases   ] GC(475)   Merge Heap Roots: 0.0ms
[2022-07-06T04:47:56.307+0000][8][gc,phases   ] GC(475)   Evacuate Collection Set: 1.9ms
[2022-07-06T04:47:56.308+0000][8][gc,phases   ] GC(475)   Post Evacuate Collection Set: 1.2ms
[2022-07-06T04:47:56.308+0000][8][gc,phases   ] GC(475)   Other: 2.7ms
[2022-07-06T04:47:56.310+0000][8][gc,age      ] GC(475) Age table with threshold 15 (max threshold 15)
[2022-07-06T04:47:56.310+0000][8][gc,age      ] GC(475) - age   1:     992368 bytes,     992368 total
[2022-07-06T04:47:56.311+0000][8][gc,age      ] GC(475) - age   2:       6816 bytes,     999184 total
[2022-07-06T04:47:56.312+0000][8][gc,age      ] GC(475) - age   3:        128 bytes,     999312 total
[2022-07-06T04:47:56.313+0000][8][gc,age      ] GC(475) - age   4:       8296 bytes,    1007608 total
[2022-07-06T04:47:56.313+0000][8][gc,age      ] GC(475) - age   5:       2576 bytes,    1010184 total
[2022-07-06T04:47:56.314+0000][8][gc,age      ] GC(475) - age   6:        424 bytes,    1010608 total
[2022-07-06T04:47:56.315+0000][8][gc,age      ] GC(475) - age   7:       1768 bytes,    1012376 total
[2022-07-06T04:47:56.315+0000][8][gc,age      ] GC(475) - age  10:        384 bytes,    1012760 total
[2022-07-06T04:47:56.316+0000][8][gc,age      ] GC(475) - age  12:       4664 bytes,    1017424 total
[2022-07-06T04:47:56.317+0000][8][gc,age      ] GC(475) - age  15:       4680 bytes,    1022104 total
[2022-07-06T04:47:56.319+0000][8][gc,heap     ] GC(475) Eden regions: 75->0(75)
[2022-07-06T04:47:56.319+0000][8][gc,heap     ] GC(475) Survivor regions: 1->1(10)
[2022-07-06T04:47:56.320+0000][8][gc,heap     ] GC(475) Old regions: 24->24
[2022-07-06T04:47:56.322+0000][8][gc,heap     ] GC(475) Archive regions: 2->2
[2022-07-06T04:47:56.322+0000][8][gc,heap     ] GC(475) Humongous regions: 0->0
[2022-07-06T04:47:56.323+0000][8][gc,metaspace] GC(475) Metaspace: 128778K(132160K)->128778K(132160K) NonClass: 111911K(113600K)->111911K(113600K) Class: 16866K(18560K)->16866K(18560K)
[2022-07-06T04:47:56.324+0000][8][gc          ] GC(475) Pause Young (Normal) (G1 Evacuation Pause) 399M->99M(512M) 26.497ms
[2022-07-06T04:47:56.325+0000][8][gc,cpu      ] GC(475) User=0.00s Sys=0.00s Real=0.02s
[2022-07-06T04:47:56.325+0000][8][safepoint   ] Safepoint "G1CollectForAllocation", Time since last: 84008595208 ns, Reaching safepoint: 203469 ns, At safepoint: 28009773 ns, Total: 28213242 ns
[2022-07-06T04:49:20.267+0000][8][gc,start    ] GC(476) Pause Young (Normal) (G1 Evacuation Pause)
[2022-07-06T04:49:20.268+0000][8][gc,task     ] GC(476) Using 4 workers of 4 for evacuation
[2022-07-06T04:49:20.269+0000][8][gc,age      ] GC(476) Desired survivor size 20971520 bytes, new threshold 15 (max threshold 15)
[2022-07-06T04:49:20.273+0000][8][gc,phases   ] GC(476)   Pre Evacuate Collection Set: 0.3ms
[2022-07-06T04:49:20.274+0000][8][gc,phases   ] GC(476)   Merge Heap Roots: 0.2ms
[2022-07-06T04:49:20.274+0000][8][gc,phases   ] GC(476)   Evacuate Collection Set: 1.4ms
[2022-07-06T04:49:20.275+0000][8][gc,phases   ] GC(476)   Post Evacuate Collection Set: 1.1ms
[2022-07-06T04:49:20.275+0000][8][gc,phases   ] GC(476)   Other: 1.4ms
[2022-07-06T04:49:20.276+0000][8][gc,age      ] GC(476) Age table with threshold 15 (max threshold 15)
[2022-07-06T04:49:20.277+0000][8][gc,age      ] GC(476) - age   1:     897992 bytes,     897992 total
[2022-07-06T04:49:20.277+0000][8][gc,age      ] GC(476) - age   2:      17384 bytes,     915376 total
[2022-07-06T04:49:20.278+0000][8][gc,age      ] GC(476) - age   3:       4848 bytes,     920224 total
[2022-07-06T04:49:20.278+0000][8][gc,age      ] GC(476) - age   5:       8296 bytes,     928520 total
[2022-07-06T04:49:20.279+0000][8][gc,age      ] GC(476) - age   6:       2552 bytes,     931072 total
[2022-07-06T04:49:20.279+0000][8][gc,age      ] GC(476) - age   7:        184 bytes,     931256 total
[2022-07-06T04:49:20.281+0000][8][gc,age      ] GC(476) - age   8:       1768 bytes,     933024 total
[2022-07-06T04:49:20.281+0000][8][gc,age      ] GC(476) - age  11:        384 bytes,     933408 total
[2022-07-06T04:49:20.282+0000][8][gc,age      ] GC(476) - age  13:       4664 bytes,     938072 total
[2022-07-06T04:49:20.283+0000][8][gc,heap     ] GC(476) Eden regions: 75->0(75)
[2022-07-06T04:49:20.284+0000][8][gc,heap     ] GC(476) Survivor regions: 1->1(10)
[2022-07-06T04:49:20.284+0000][8][gc,heap     ] GC(476) Old regions: 24->24
[2022-07-06T04:49:20.285+0000][8][gc,heap     ] GC(476) Archive regions: 2->2
[2022-07-06T04:49:20.286+0000][8][gc,heap     ] GC(476) Humongous regions: 0->0
[2022-07-06T04:49:20.286+0000][8][gc,metaspace] GC(476) Metaspace: 128788K(132160K)->128788K(132160K) NonClass: 111922K(113600K)->111922K(113600K) Class: 16866K(18560K)->16866K(18560K)
[2022-07-06T04:49:20.287+0000][8][gc          ] GC(476) Pause Young (Normal) (G1 Evacuation Pause) 399M->99M(512M) 19.863ms
[2022-07-06T04:49:20.287+0000][8][gc,cpu      ] GC(476) User=0.00s Sys=0.00s Real=0.02s
[2022-07-06T04:49:20.288+0000][8][safepoint   ] Safepoint "G1CollectForAllocation", Time since last: 84006747641 ns, Reaching safepoint: 106659 ns, At safepoint: 21035507 ns, Total: 21142166 ns
[2022-07-06T04:50:00.288+0000][8][safepoint   ] Safepoint "Cleanup", Time since last: 40040349988 ns, Reaching safepoint: 366267 ns, At safepoint: 65784 ns, Total: 432051 ns
[2022-07-06T04:50:05.299+0000][8][safepoint   ] Safepoint "Cleanup", Time since last: 5011429563 ns, Reaching safepoint: 152548 ns, At safepoint: 11149 ns, Total: 163697 ns
[2022-07-06T04:50:53.230+0000][8][gc,start    ] GC(477) Pause Young (Normal) (G1 Evacuation Pause)
[2022-07-06T04:50:53.232+0000][8][gc,task     ] GC(477) Using 4 workers of 4 for evacuation
[2022-07-06T04:50:53.233+0000][8][gc,age      ] GC(477) Desired survivor size 20971520 bytes, new threshold 15 (max threshold 15)
[2022-07-06T04:50:53.239+0000][8][gc,phases   ] GC(477)   Pre Evacuate Collection Set: 0.3ms
[2022-07-06T04:50:53.239+0000][8][gc,phases   ] GC(477)   Merge Heap Roots: 0.1ms
[2022-07-06T04:50:53.240+0000][8][gc,phases   ] GC(477)   Evacuate Collection Set: 3.1ms
[2022-07-06T04:50:53.241+0000][8][gc,phases   ] GC(477)   Post Evacuate Collection Set: 1.0ms
[2022-07-06T04:50:53.241+0000][8][gc,phases   ] GC(477)   Other: 2.3ms
[2022-07-06T04:50:53.242+0000][8][gc,age      ] GC(477) Age table with threshold 15 (max threshold 15)
[2022-07-06T04:50:53.242+0000][8][gc,age      ] GC(477) - age   1:     994736 bytes,     994736 total
[2022-07-06T04:50:53.243+0000][8][gc,age      ] GC(477) - age   2:       2512 bytes,     997248 total
[2022-07-06T04:50:53.244+0000][8][gc,age      ] GC(477) - age   3:       8176 bytes,    1005424 total
[2022-07-06T04:50:53.244+0000][8][gc,age      ] GC(477) - age   4:       4848 bytes,    1010272 total
[2022-07-06T04:50:53.245+0000][8][gc,age      ] GC(477) - age   6:       8296 bytes,    1018568 total
[2022-07-06T04:50:53.246+0000][8][gc,age      ] GC(477) - age   7:       2520 bytes,    1021088 total
[2022-07-06T04:50:53.247+0000][8][gc,age      ] GC(477) - age   8:        184 bytes,    1021272 total
[2022-07-06T04:50:53.247+0000][8][gc,age      ] GC(477) - age   9:       1768 bytes,    1023040 total
[2022-07-06T04:50:53.248+0000][8][gc,age      ] GC(477) - age  14:       4664 bytes,    1027704 total
[2022-07-06T04:50:53.248+0000][8][gc,heap     ] GC(477) Eden regions: 75->0(75)
[2022-07-06T04:50:53.249+0000][8][gc,heap     ] GC(477) Survivor regions: 1->1(10)
[2022-07-06T04:50:53.249+0000][8][gc,heap     ] GC(477) Old regions: 24->24
[2022-07-06T04:50:53.250+0000][8][gc,heap     ] GC(477) Archive regions: 2->2
[2022-07-06T04:50:53.251+0000][8][gc,heap     ] GC(477) Humongous regions: 0->0
[2022-07-06T04:50:53.251+0000][8][gc,metaspace] GC(477) Metaspace: 128788K(132160K)->128788K(132160K) NonClass: 111922K(113600K)->111922K(113600K) Class: 16866K(18560K)->16866K(18560K)
[2022-07-06T04:50:53.252+0000][8][gc          ] GC(477) Pause Young (Normal) (G1 Evacuation Pause) 399M->99M(512M) 21.884ms
[2022-07-06T04:50:53.253+0000][8][gc,cpu      ] GC(477) User=0.01s Sys=0.00s Real=0.02s
[2022-07-06T04:50:53.254+0000][8][safepoint   ] Safepoint "G1CollectForAllocation", Time since last: 47953982441 ns, Reaching safepoint: 123854 ns, At safepoint: 24059523 ns, Total: 24183377 ns
[2022-07-06T04:52:35.200+0000][8][gc,start    ] GC(478) Pause Young (Normal) (G1 Evacuation Pause)
[2022-07-06T04:52:35.201+0000][8][gc,task     ] GC(478) Using 4 workers of 4 for evacuation
[2022-07-06T04:52:35.202+0000][8][gc,age      ] GC(478) Desired survivor size 20971520 bytes, new threshold 15 (max threshold 15)
[2022-07-06T04:52:35.209+0000][8][gc,phases   ] GC(478)   Pre Evacuate Collection Set: 0.2ms
[2022-07-06T04:52:35.210+0000][8][gc,phases   ] GC(478)   Merge Heap Roots: 0.2ms
[2022-07-06T04:52:35.212+0000][8][gc,phases   ] GC(478)   Evacuate Collection Set: 4.4ms
[2022-07-06T04:52:35.213+0000][8][gc,phases   ] GC(478)   Post Evacuate Collection Set: 1.5ms
[2022-07-06T04:52:35.213+0000][8][gc,phases   ] GC(478)   Other: 1.8ms
[2022-07-06T04:52:35.214+0000][8][gc,age      ] GC(478) Age table with threshold 15 (max threshold 15)
[2022-07-06T04:52:35.215+0000][8][gc,age      ] GC(478) - age   1:    1735032 bytes,    1735032 total
[2022-07-06T04:52:35.215+0000][8][gc,age      ] GC(478) - age   2:       9592 bytes,    1744624 total
[2022-07-06T04:52:35.216+0000][8][gc,age      ] GC(478) - age   3:        904 bytes,    1745528 total
[2022-07-06T04:52:35.216+0000][8][gc,age      ] GC(478) - age   5:       4848 bytes,    1750376 total
[2022-07-06T04:52:35.216+0000][8][gc,age      ] GC(478) - age   7:        184 bytes,    1750560 total
[2022-07-06T04:52:35.217+0000][8][gc,age      ] GC(478) - age   8:        600 bytes,    1751160 total
[2022-07-06T04:52:35.218+0000][8][gc,age      ] GC(478) - age   9:        184 bytes,    1751344 total
[2022-07-06T04:52:35.219+0000][8][gc,age      ] GC(478) - age  10:       1768 bytes,    1753112 total
[2022-07-06T04:52:35.219+0000][8][gc,age      ] GC(478) - age  15:       4664 bytes,    1757776 total
[2022-07-06T04:52:35.220+0000][8][gc,heap     ] GC(478) Eden regions: 75->0(75)
[2022-07-06T04:52:35.221+0000][8][gc,heap     ] GC(478) Survivor regions: 1->1(10)
[2022-07-06T04:52:35.221+0000][8][gc,heap     ] GC(478) Old regions: 24->24
[2022-07-06T04:52:35.222+0000][8][gc,heap     ] GC(478) Archive regions: 2->2
[2022-07-06T04:52:35.222+0000][8][gc,heap     ] GC(478) Humongous regions: 0->0
[2022-07-06T04:52:35.223+0000][8][gc,metaspace] GC(478) Metaspace: 128788K(132160K)->128788K(132160K) NonClass: 111922K(113600K)->111922K(113600K) Class: 16866K(18560K)->16866K(18560K)
[2022-07-06T04:52:35.223+0000][8][gc          ] GC(478) Pause Young (Normal) (G1 Evacuation Pause) 399M->100M(512M) 23.102ms
[2022-07-06T04:52:35.224+0000][8][gc,cpu      ] GC(478) User=0.02s Sys=0.00s Real=0.03s
[2022-07-06T04:52:35.225+0000][8][safepoint   ] Safepoint "G1CollectForAllocation", Time since last: 102032681959 ns, Reaching safepoint: 74759 ns, At safepoint: 24174127 ns, Total: 24248886 ns
[2022-07-06T04:54:17.269+0000][8][safepoint   ] Safepoint "Cleanup", Time since last: 102109364909 ns, Reaching safepoint: 126598 ns, At safepoint: 79442 ns, Total: 206040 ns
[2022-07-06T04:54:26.142+0000][8][gc,start    ] GC(479) Pause Young (Normal) (G1 Evacuation Pause)
[2022-07-06T04:54:26.143+0000][8][gc,task     ] GC(479) Using 4 workers of 4 for evacuation
[2022-07-06T04:54:26.144+0000][8][gc,age      ] GC(479) Desired survivor size 20971520 bytes, new threshold 15 (max threshold 15)
[2022-07-06T04:54:26.150+0000][8][gc,phases   ] GC(479)   Pre Evacuate Collection Set: 0.1ms
[2022-07-06T04:54:26.152+0000][8][gc,phases   ] GC(479)   Merge Heap Roots: 0.1ms
[2022-07-06T04:54:26.152+0000][8][gc,phases   ] GC(479)   Evacuate Collection Set: 4.0ms
[2022-07-06T04:54:26.153+0000][8][gc,phases   ] GC(479)   Post Evacuate Collection Set: 1.1ms
[2022-07-06T04:54:26.154+0000][8][gc,phases   ] GC(479)   Other: 1.3ms
[2022-07-06T04:54:26.154+0000][8][gc,age      ] GC(479) Age table with threshold 15 (max threshold 15)
[2022-07-06T04:54:26.155+0000][8][gc,age      ] GC(479) - age   1:     829808 bytes,     829808 total
[2022-07-06T04:54:26.155+0000][8][gc,age      ] GC(479) - age   2:      19568 bytes,     849376 total
[2022-07-06T04:54:26.156+0000][8][gc,age      ] GC(479) - age   3:        680 bytes,     850056 total
[2022-07-06T04:54:26.157+0000][8][gc,age      ] GC(479) - age   4:        840 bytes,     850896 total
[2022-07-06T04:54:26.157+0000][8][gc,age      ] GC(479) - age   6:       4848 bytes,     855744 total
[2022-07-06T04:54:26.158+0000][8][gc,age      ] GC(479) - age   8:        184 bytes,     855928 total
[2022-07-06T04:54:26.158+0000][8][gc,age      ] GC(479) - age   9:        600 bytes,     856528 total
[2022-07-06T04:54:26.159+0000][8][gc,age      ] GC(479) - age  11:       1768 bytes,     858296 total
[2022-07-06T04:54:26.159+0000][8][gc,heap     ] GC(479) Eden regions: 75->0(75)
[2022-07-06T04:54:26.160+0000][8][gc,heap     ] GC(479) Survivor regions: 1->1(10)
[2022-07-06T04:54:26.161+0000][8][gc,heap     ] GC(479) Old regions: 24->24
[2022-07-06T04:54:26.161+0000][8][gc,heap     ] GC(479) Archive regions: 2->2
[2022-07-06T04:54:26.162+0000][8][gc,heap     ] GC(479) Humongous regions: 0->0
[2022-07-06T04:54:26.163+0000][8][gc,metaspace] GC(479) Metaspace: 128788K(132160K)->128788K(132160K) NonClass: 111922K(113600K)->111922K(113600K) Class: 16866K(18560K)->16866K(18560K)
[2022-07-06T04:54:26.163+0000][8][gc          ] GC(479) Pause Young (Normal) (G1 Evacuation Pause) 400M->99M(512M) 20.904ms
[2022-07-06T04:54:26.164+0000][8][gc,cpu      ] GC(479) User=0.01s Sys=0.01s Real=0.02s
[2022-07-06T04:54:26.164+0000][8][safepoint   ] Safepoint "G1CollectForAllocation", Time since last: 8872870027 ns, Reaching safepoint: 219105 ns, At safepoint: 22218812 ns, Total: 22437917 ns
[2022-07-06T04:56:17.139+0000][8][gc,start    ] GC(480) Pause Young (Normal) (G1 Evacuation Pause)
[2022-07-06T04:56:17.143+0000][8][gc,task     ] GC(480) Using 4 workers of 4 for evacuation
[2022-07-06T04:56:17.144+0000][8][gc,age      ] GC(480) Desired survivor size 20971520 bytes, new threshold 15 (max threshold 15)
[2022-07-06T04:56:17.153+0000][8][gc,phases   ] GC(480)   Pre Evacuate Collection Set: 0.3ms
[2022-07-06T04:56:17.154+0000][8][gc,phases   ] GC(480)   Merge Heap Roots: 0.1ms
[2022-07-06T04:56:17.154+0000][8][gc,phases   ] GC(480)   Evacuate Collection Set: 5.9ms
[2022-07-06T04:56:17.155+0000][8][gc,phases   ] GC(480)   Post Evacuate Collection Set: 1.8ms
[2022-07-06T04:56:17.156+0000][8][gc,phases   ] GC(480)   Other: 2.4ms
[2022-07-06T04:56:17.157+0000][8][gc,age      ] GC(480) Age table with threshold 15 (max threshold 15)
[2022-07-06T04:56:17.157+0000][8][gc,age      ] GC(480) - age   1:    1483152 bytes,    1483152 total
[2022-07-06T04:56:17.159+0000][8][gc,age      ] GC(480) - age   2:       9472 bytes,    1492624 total
[2022-07-06T04:56:17.161+0000][8][gc,age      ] GC(480) - age   3:      10312 bytes,    1502936 total
[2022-07-06T04:56:17.162+0000][8][gc,age      ] GC(480) - age   4:        384 bytes,    1503320 total
[2022-07-06T04:56:17.163+0000][8][gc,age      ] GC(480) - age   5:        840 bytes,    1504160 total
[2022-07-06T04:56:17.165+0000][8][gc,age      ] GC(480) - age   7:       4848 bytes,    1509008 total
[2022-07-06T04:56:17.166+0000][8][gc,age      ] GC(480) - age  10:        208 bytes,    1509216 total
[2022-07-06T04:56:17.167+0000][8][gc,age      ] GC(480) - age  12:       1768 bytes,    1510984 total
[2022-07-06T04:56:17.168+0000][8][gc,heap     ] GC(480) Eden regions: 75->0(75)
[2022-07-06T04:56:17.169+0000][8][gc,heap     ] GC(480) Survivor regions: 1->1(10)
[2022-07-06T04:56:17.170+0000][8][gc,heap     ] GC(480) Old regions: 24->24
[2022-07-06T04:56:17.171+0000][8][gc,heap     ] GC(480) Archive regions: 2->2
[2022-07-06T04:56:17.171+0000][8][gc,heap     ] GC(480) Humongous regions: 0->0
[2022-07-06T04:56:17.172+0000][8][gc,metaspace] GC(480) Metaspace: 128788K(132160K)->128788K(132160K) NonClass: 111922K(113600K)->111922K(113600K) Class: 16866K(18560K)->16866K(18560K)
[2022-07-06T04:56:17.173+0000][8][gc          ] GC(480) Pause Young (Normal) (G1 Evacuation Pause) 399M->99M(512M) 33.452ms
[2022-07-06T04:56:17.174+0000][8][gc,cpu      ] GC(480) User=0.01s Sys=0.01s Real=0.04s
[2022-07-06T04:56:17.175+0000][8][safepoint   ] Safepoint "G1CollectForAllocation", Time since last: 111061387773 ns, Reaching safepoint: 92622 ns, At safepoint: 35884713 ns, Total: 35977335 ns
[2022-07-06T04:58:05.105+0000][8][gc,start    ] GC(481) Pause Young (Normal) (G1 Evacuation Pause)
[2022-07-06T04:58:05.110+0000][8][gc,task     ] GC(481) Using 4 workers of 4 for evacuation
[2022-07-06T04:58:05.113+0000][8][gc,age      ] GC(481) Desired survivor size 20971520 bytes, new threshold 15 (max threshold 15)
[2022-07-06T04:58:05.118+0000][8][gc,phases   ] GC(481)   Pre Evacuate Collection Set: 0.4ms
[2022-07-06T04:58:05.119+0000][8][gc,phases   ] GC(481)   Merge Heap Roots: 0.1ms
[2022-07-06T04:58:05.119+0000][8][gc,phases   ] GC(481)   Evacuate Collection Set: 1.2ms
[2022-07-06T04:58:05.120+0000][8][gc,phases   ] GC(481)   Post Evacuate Collection Set: 1.1ms
[2022-07-06T04:58:05.121+0000][8][gc,phases   ] GC(481)   Other: 4.7ms
[2022-07-06T04:58:05.124+0000][8][gc,age      ] GC(481) Age table with threshold 15 (max threshold 15)
[2022-07-06T04:58:05.128+0000][8][gc,age      ] GC(481) - age   1:     481464 bytes,     481464 total
[2022-07-06T04:58:05.131+0000][8][gc,age      ] GC(481) - age   2:       2680 bytes,     484144 total
[2022-07-06T04:58:05.132+0000][8][gc,age      ] GC(481) - age   3:       8320 bytes,     492464 total
[2022-07-06T04:58:05.133+0000][8][gc,age      ] GC(481) - age   4:       2136 bytes,     494600 total
[2022-07-06T04:58:05.134+0000][8][gc,age      ] GC(481) - age   5:        384 bytes,     494984 total
[2022-07-06T04:58:05.135+0000][8][gc,age      ] GC(481) - age   6:        840 bytes,     495824 total
[2022-07-06T04:58:05.136+0000][8][gc,age      ] GC(481) - age   8:       4848 bytes,     500672 total
[2022-07-06T04:58:05.137+0000][8][gc,age      ] GC(481) - age  11:         24 bytes,     500696 total
[2022-07-06T04:58:05.138+0000][8][gc,age      ] GC(481) - age  13:       1768 bytes,     502464 total
[2022-07-06T04:58:05.143+0000][8][gc,heap     ] GC(481) Eden regions: 75->0(75)
[2022-07-06T04:58:05.145+0000][8][gc,heap     ] GC(481) Survivor regions: 1->1(10)
[2022-07-06T04:58:05.147+0000][8][gc,heap     ] GC(481) Old regions: 24->24
[2022-07-06T04:58:05.148+0000][8][gc,heap     ] GC(481) Archive regions: 2->2
[2022-07-06T04:58:05.149+0000][8][gc,heap     ] GC(481) Humongous regions: 0->0
[2022-07-06T04:58:05.149+0000][8][gc,metaspace] GC(481) Metaspace: 128788K(132160K)->128788K(132160K) NonClass: 111922K(113600K)->111922K(113600K) Class: 16866K(18560K)->16866K(18560K)
[2022-07-06T04:58:05.150+0000][8][gc          ] GC(481) Pause Young (Normal) (G1 Evacuation Pause) 399M->98M(512M) 45.407ms
[2022-07-06T04:58:05.151+0000][8][gc,cpu      ] GC(481) User=0.01s Sys=0.00s Real=0.04s
[2022-07-06T04:58:05.152+0000][8][safepoint   ] Safepoint "G1CollectForAllocation", Time since last: 108015988013 ns, Reaching safepoint: 115632 ns, At safepoint: 46876346 ns, Total: 46991978 ns
[2022-07-06T04:58:44.162+0000][8][safepoint   ] Safepoint "Cleanup", Time since last: 39029167242 ns, Reaching safepoint: 2962204 ns, At safepoint: 26137 ns, Total: 2988341 ns
[2022-07-06T04:59:35.171+0000][8][safepoint   ] Safepoint "Cleanup", Time since last: 51048594441 ns, Reaching safepoint: 439450 ns, At safepoint: 16018 ns, Total: 455468 ns
[2022-07-06T04:59:56.033+0000][8][gc,start    ] GC(482) Pause Young (Normal) (G1 Evacuation Pause)
[2022-07-06T04:59:56.038+0000][8][gc,task     ] GC(482) Using 4 workers of 4 for evacuation
[2022-07-06T04:59:56.040+0000][8][gc,age      ] GC(482) Desired survivor size 20971520 bytes, new threshold 15 (max threshold 15)
[2022-07-06T04:59:56.046+0000][8][gc,phases   ] GC(482)   Pre Evacuate Collection Set: 0.5ms
[2022-07-06T04:59:56.047+0000][8][gc,phases   ] GC(482)   Merge Heap Roots: 0.1ms
[2022-07-06T04:59:56.047+0000][8][gc,phases   ] GC(482)   Evacuate Collection Set: 3.7ms
[2022-07-06T04:59:56.048+0000][8][gc,phases   ] GC(482)   Post Evacuate Collection Set: 1.1ms
[2022-07-06T04:59:56.049+0000][8][gc,phases   ] GC(482)   Other: 2.6ms
[2022-07-06T04:59:56.049+0000][8][gc,age      ] GC(482) Age table with threshold 15 (max threshold 15)
[2022-07-06T04:59:56.050+0000][8][gc,age      ] GC(482) - age   1:    1420648 bytes,    1420648 total
[2022-07-06T04:59:56.053+0000][8][gc,age      ] GC(482) - age   2:       9048 bytes,    1429696 total
[2022-07-06T04:59:56.057+0000][8][gc,age      ] GC(482) - age   3:       1304 bytes,    1431000 total
[2022-07-06T04:59:56.060+0000][8][gc,age      ] GC(482) - age   4:       8200 bytes,    1439200 total
[2022-07-06T04:59:56.061+0000][8][gc,age      ] GC(482) - age   5:       2104 bytes,    1441304 total
[2022-07-06T04:59:56.061+0000][8][gc,age      ] GC(482) - age   6:        384 bytes,    1441688 total
[2022-07-06T04:59:56.062+0000][8][gc,age      ] GC(482) - age   7:        656 bytes,    1442344 total
[2022-07-06T04:59:56.063+0000][8][gc,age      ] GC(482) - age   9:       4848 bytes,    1447192 total
[2022-07-06T04:59:56.064+0000][8][gc,age      ] GC(482) - age  12:         24 bytes,    1447216 total
[2022-07-06T04:59:56.064+0000][8][gc,age      ] GC(482) - age  14:       1768 bytes,    1448984 total
[2022-07-06T04:59:56.065+0000][8][gc,heap     ] GC(482) Eden regions: 75->0(75)
[2022-07-06T04:59:56.066+0000][8][gc,heap     ] GC(482) Survivor regions: 1->1(10)
[2022-07-06T04:59:56.066+0000][8][gc,heap     ] GC(482) Old regions: 24->24
[2022-07-06T04:59:56.069+0000][8][gc,heap     ] GC(482) Archive regions: 2->2
[2022-07-06T04:59:56.073+0000][8][gc,heap     ] GC(482) Humongous regions: 0->0
[2022-07-06T04:59:56.074+0000][8][gc,metaspace] GC(482) Metaspace: 128794K(132160K)->128794K(132160K) NonClass: 111927K(113600K)->111927K(113600K) Class: 16866K(18560K)->16866K(18560K)
[2022-07-06T04:59:56.076+0000][8][gc          ] GC(482) Pause Young (Normal) (G1 Evacuation Pause) 398M->99M(512M) 42.783ms
[2022-07-06T04:59:56.077+0000][8][gc,cpu      ] GC(482) User=0.01s Sys=0.01s Real=0.04s
[2022-07-06T04:59:56.077+0000][8][safepoint   ] Safepoint "G1CollectForAllocation", Time since last: 20861544490 ns, Reaching safepoint: 179842 ns, At safepoint: 44740201 ns, Total: 44920043 ns
[2022-07-06T05:00:59.090+0000][8][safepoint   ] Safepoint "Cleanup", Time since last: 63057967370 ns, Reaching safepoint: 82260 ns, At safepoint: 36188 ns, Total: 118448 ns
[2022-07-06T05:01:41.574+0000][8][gc,start    ] GC(483) Pause Young (Normal) (G1 Evacuation Pause)
[2022-07-06T05:01:41.575+0000][8][gc,task     ] GC(483) Using 4 workers of 4 for evacuation
[2022-07-06T05:01:41.578+0000][8][gc,age      ] GC(483) Desired survivor size 20971520 bytes, new threshold 15 (max threshold 15)
[2022-07-06T05:01:41.585+0000][8][gc,phases   ] GC(483)   Pre Evacuate Collection Set: 0.2ms
[2022-07-06T05:01:41.589+0000][8][gc,phases   ] GC(483)   Merge Heap Roots: 0.1ms
[2022-07-06T05:01:41.590+0000][8][gc,phases   ] GC(483)   Evacuate Collection Set: 3.3ms
[2022-07-06T05:01:41.591+0000][8][gc,phases   ] GC(483)   Post Evacuate Collection Set: 2.9ms
[2022-07-06T05:01:41.592+0000][8][gc,phases   ] GC(483)   Other: 2.9ms
[2022-07-06T05:01:41.593+0000][8][gc,age      ] GC(483) Age table with threshold 15 (max threshold 15)
[2022-07-06T05:01:41.594+0000][8][gc,age      ] GC(483) - age   1:    1542280 bytes,    1542280 total
[2022-07-06T05:01:41.594+0000][8][gc,age      ] GC(483) - age   2:      10320 bytes,    1552600 total
[2022-07-06T05:01:41.595+0000][8][gc,age      ] GC(483) - age   3:       8112 bytes,    1560712 total
[2022-07-06T05:01:41.595+0000][8][gc,age      ] GC(483) - age   4:       1048 bytes,    1561760 total
[2022-07-06T05:01:41.596+0000][8][gc,age      ] GC(483) - age   5:        184 bytes,    1561944 total
[2022-07-06T05:01:41.597+0000][8][gc,age      ] GC(483) - age   6:        184 bytes,    1562128 total
[2022-07-06T05:01:41.602+0000][8][gc,age      ] GC(483) - age   7:        384 bytes,    1562512 total
[2022-07-06T05:01:41.603+0000][8][gc,age      ] GC(483) - age   8:        472 bytes,    1562984 total
[2022-07-06T05:01:41.604+0000][8][gc,age      ] GC(483) - age  10:       4848 bytes,    1567832 total
[2022-07-06T05:01:41.605+0000][8][gc,age      ] GC(483) - age  13:         24 bytes,    1567856 total
[2022-07-06T05:01:41.606+0000][8][gc,age      ] GC(483) - age  15:       1768 bytes,    1569624 total
[2022-07-06T05:01:41.606+0000][8][gc,heap     ] GC(483) Eden regions: 75->0(75)
[2022-07-06T05:01:41.607+0000][8][gc,heap     ] GC(483) Survivor regions: 1->1(10)
[2022-07-06T05:01:41.608+0000][8][gc,heap     ] GC(483) Old regions: 24->24
[2022-07-06T05:01:41.609+0000][8][gc,heap     ] GC(483) Archive regions: 2->2
[2022-07-06T05:01:41.609+0000][8][gc,heap     ] GC(483) Humongous regions: 0->0
[2022-07-06T05:01:41.610+0000][8][gc,metaspace] GC(483) Metaspace: 128794K(132160K)->128794K(132160K) NonClass: 111927K(113600K)->111927K(113600K) Class: 16866K(18560K)->16866K(18560K)
[2022-07-06T05:01:41.610+0000][8][gc          ] GC(483) Pause Young (Normal) (G1 Evacuation Pause) 399M->99M(512M) 36.395ms
[2022-07-06T05:01:41.611+0000][8][gc,cpu      ] GC(483) User=0.01s Sys=0.00s Real=0.03s
[2022-07-06T05:01:41.612+0000][8][safepoint   ] Safepoint "G1CollectForAllocation", Time since last: 42527341573 ns, Reaching safepoint: 71492 ns, At safepoint: 37804118 ns, Total: 37875610 ns
[2022-07-06T05:02:59.635+0000][8][safepoint   ] Safepoint "Cleanup", Time since last: 78087062825 ns, Reaching safepoint: 948152 ns, At safepoint: 115138 ns, Total: 1063290 ns
[2022-07-06T05:03:34.980+0000][8][gc,start    ] GC(484) Pause Young (Normal) (G1 Evacuation Pause)
[2022-07-06T05:03:34.981+0000][8][gc,task     ] GC(484) Using 4 workers of 4 for evacuation
[2022-07-06T05:03:34.982+0000][8][gc,age      ] GC(484) Desired survivor size 20971520 bytes, new threshold 15 (max threshold 15)
[2022-07-06T05:03:34.986+0000][8][gc,phases   ] GC(484)   Pre Evacuate Collection Set: 0.2ms
[2022-07-06T05:03:34.988+0000][8][gc,phases   ] GC(484)   Merge Heap Roots: 0.1ms
[2022-07-06T05:03:34.989+0000][8][gc,phases   ] GC(484)   Evacuate Collection Set: 1.9ms
[2022-07-06T05:03:34.989+0000][8][gc,phases   ] GC(484)   Post Evacuate Collection Set: 1.2ms
[2022-07-06T05:03:34.990+0000][8][gc,phases   ] GC(484)   Other: 1.3ms
[2022-07-06T05:03:34.991+0000][8][gc,age      ] GC(484) Age table with threshold 15 (max threshold 15)
[2022-07-06T05:03:34.991+0000][8][gc,age      ] GC(484) - age   1:     818744 bytes,     818744 total
[2022-07-06T05:03:34.992+0000][8][gc,age      ] GC(484) - age   2:       3576 bytes,     822320 total
[2022-07-06T05:03:34.993+0000][8][gc,age      ] GC(484) - age   3:       9200 bytes,     831520 total
[2022-07-06T05:03:34.993+0000][8][gc,age      ] GC(484) - age   5:        856 bytes,     832376 total
[2022-07-06T05:03:34.994+0000][8][gc,age      ] GC(484) - age   6:        184 bytes,     832560 total
[2022-07-06T05:03:34.995+0000][8][gc,age      ] GC(484) - age   7:        184 bytes,     832744 total
[2022-07-06T05:03:34.996+0000][8][gc,age      ] GC(484) - age   8:        384 bytes,     833128 total
[2022-07-06T05:03:34.997+0000][8][gc,age      ] GC(484) - age   9:        472 bytes,     833600 total
[2022-07-06T05:03:34.997+0000][8][gc,age      ] GC(484) - age  11:       4664 bytes,     838264 total
[2022-07-06T05:03:34.998+0000][8][gc,age      ] GC(484) - age  14:         24 bytes,     838288 total
[2022-07-06T05:03:34.999+0000][8][gc,heap     ] GC(484) Eden regions: 75->0(75)
[2022-07-06T05:03:34.999+0000][8][gc,heap     ] GC(484) Survivor regions: 1->1(10)
[2022-07-06T05:03:35.000+0000][8][gc,heap     ] GC(484) Old regions: 24->24
[2022-07-06T05:03:35.000+0000][8][gc,heap     ] GC(484) Archive regions: 2->2
[2022-07-06T05:03:35.001+0000][8][gc,heap     ] GC(484) Humongous regions: 0->0
[2022-07-06T05:03:35.002+0000][8][gc,metaspace] GC(484) Metaspace: 128794K(132160K)->128794K(132160K) NonClass: 111927K(113600K)->111927K(113600K) Class: 16866K(18560K)->16866K(18560K)
[2022-07-06T05:03:35.003+0000][8][gc          ] GC(484) Pause Young (Normal) (G1 Evacuation Pause) 399M->99M(512M) 23.697ms
[2022-07-06T05:03:35.005+0000][8][gc,cpu      ] GC(484) User=0.01s Sys=0.00s Real=0.02s
[2022-07-06T05:03:35.006+0000][8][safepoint   ] Safepoint "G1CollectForAllocation", Time since last: 35365937010 ns, Reaching safepoint: 677413 ns, At safepoint: 26688962 ns, Total: 27366375 ns
[2022-07-06T05:05:23.005+0000][8][gc,start    ] GC(485) Pause Young (Normal) (G1 Evacuation Pause)
[2022-07-06T05:05:23.006+0000][8][gc,task     ] GC(485) Using 4 workers of 4 for evacuation
[2022-07-06T05:05:23.007+0000][8][gc,age      ] GC(485) Desired survivor size 20971520 bytes, new threshold 15 (max threshold 15)
[2022-07-06T05:05:23.011+0000][8][gc,phases   ] GC(485)   Pre Evacuate Collection Set: 0.1ms
[2022-07-06T05:05:23.012+0000][8][gc,phases   ] GC(485)   Merge Heap Roots: 0.0ms
[2022-07-06T05:05:23.012+0000][8][gc,phases   ] GC(485)   Evacuate Collection Set: 2.0ms
[2022-07-06T05:05:23.013+0000][8][gc,phases   ] GC(485)   Post Evacuate Collection Set: 0.9ms
[2022-07-06T05:05:23.013+0000][8][gc,phases   ] GC(485)   Other: 2.0ms
[2022-07-06T05:05:23.014+0000][8][gc,age      ] GC(485) Age table with threshold 15 (max threshold 15)
[2022-07-06T05:05:23.015+0000][8][gc,age      ] GC(485) - age   1:    1319992 bytes,    1319992 total
[2022-07-06T05:05:23.015+0000][8][gc,age      ] GC(485) - age   2:       9960 bytes,    1329952 total
[2022-07-06T05:05:23.016+0000][8][gc,age      ] GC(485) - age   3:       2048 bytes,    1332000 total
[2022-07-06T05:05:23.017+0000][8][gc,age      ] GC(485) - age   4:       8840 bytes,    1340840 total
[2022-07-06T05:05:23.017+0000][8][gc,age      ] GC(485) - age   6:        856 bytes,    1341696 total
[2022-07-06T05:05:23.018+0000][8][gc,age      ] GC(485) - age   7:        184 bytes,    1341880 total
[2022-07-06T05:05:23.019+0000][8][gc,age      ] GC(485) - age   8:        184 bytes,    1342064 total
[2022-07-06T05:05:23.021+0000][8][gc,age      ] GC(485) - age   9:        384 bytes,    1342448 total
[2022-07-06T05:05:23.024+0000][8][gc,age      ] GC(485) - age  10:        472 bytes,    1342920 total
[2022-07-06T05:05:23.024+0000][8][gc,age      ] GC(485) - age  12:       4664 bytes,    1347584 total
[2022-07-06T05:05:23.025+0000][8][gc,age      ] GC(485) - age  15:         24 bytes,    1347608 total
[2022-07-06T05:05:23.026+0000][8][gc,heap     ] GC(485) Eden regions: 75->0(75)
[2022-07-06T05:05:23.026+0000][8][gc,heap     ] GC(485) Survivor regions: 1->1(10)
[2022-07-06T05:05:23.027+0000][8][gc,heap     ] GC(485) Old regions: 24->24
[2022-07-06T05:05:23.027+0000][8][gc,heap     ] GC(485) Archive regions: 2->2
[2022-07-06T05:05:23.028+0000][8][gc,heap     ] GC(485) Humongous regions: 0->0
[2022-07-06T05:05:23.028+0000][8][gc,metaspace] GC(485) Metaspace: 128796K(132160K)->128796K(132160K) NonClass: 111930K(113600K)->111930K(113600K) Class: 16866K(18560K)->16866K(18560K)
[2022-07-06T05:05:23.029+0000][8][gc          ] GC(485) Pause Young (Normal) (G1 Evacuation Pause) 399M->99M(512M) 24.576ms
[2022-07-06T05:05:23.030+0000][8][gc,cpu      ] GC(485) User=0.01s Sys=0.00s Real=0.02s
[2022-07-06T05:05:23.030+0000][8][safepoint   ] Safepoint "G1CollectForAllocation", Time since last: 108062674795 ns, Reaching safepoint: 77765 ns, At safepoint: 25976050 ns, Total: 26053815 ns
[2022-07-06T05:07:11.003+0000][8][gc,start    ] GC(486) Pause Young (Normal) (G1 Evacuation Pause)
[2022-07-06T05:07:11.005+0000][8][gc,task     ] GC(486) Using 4 workers of 4 for evacuation
[2022-07-06T05:07:11.006+0000][8][gc,age      ] GC(486) Desired survivor size 20971520 bytes, new threshold 15 (max threshold 15)
[2022-07-06T05:07:11.011+0000][8][gc,phases   ] GC(486)   Pre Evacuate Collection Set: 0.3ms
[2022-07-06T05:07:11.012+0000][8][gc,phases   ] GC(486)   Merge Heap Roots: 0.3ms
[2022-07-06T05:07:11.013+0000][8][gc,phases   ] GC(486)   Evacuate Collection Set: 1.9ms
[2022-07-06T05:07:11.013+0000][8][gc,phases   ] GC(486)   Post Evacuate Collection Set: 1.6ms
[2022-07-06T05:07:11.014+0000][8][gc,phases   ] GC(486)   Other: 2.3ms
[2022-07-06T05:07:11.015+0000][8][gc,age      ] GC(486) Age table with threshold 15 (max threshold 15)
[2022-07-06T05:07:11.015+0000][8][gc,age      ] GC(486) - age   1:     764960 bytes,     764960 total
[2022-07-06T05:07:11.016+0000][8][gc,age      ] GC(486) - age   2:       1496 bytes,     766456 total
[2022-07-06T05:07:11.016+0000][8][gc,age      ] GC(486) - age   3:        504 bytes,     766960 total
[2022-07-06T05:07:11.017+0000][8][gc,age      ] GC(486) - age   4:       1984 bytes,     768944 total
[2022-07-06T05:07:11.018+0000][8][gc,age      ] GC(486) - age   5:        824 bytes,     769768 total
[2022-07-06T05:07:11.018+0000][8][gc,age      ] GC(486) - age   7:        672 bytes,     770440 total
[2022-07-06T05:07:11.019+0000][8][gc,age      ] GC(486) - age   8:        184 bytes,     770624 total
[2022-07-06T05:07:11.020+0000][8][gc,age      ] GC(486) - age   9:        184 bytes,     770808 total
[2022-07-06T05:07:11.020+0000][8][gc,age      ] GC(486) - age  10:        384 bytes,     771192 total
[2022-07-06T05:07:11.021+0000][8][gc,age      ] GC(486) - age  11:        472 bytes,     771664 total
[2022-07-06T05:07:11.022+0000][8][gc,age      ] GC(486) - age  13:       4664 bytes,     776328 total
[2022-07-06T05:07:11.023+0000][8][gc,heap     ] GC(486) Eden regions: 75->0(75)
[2022-07-06T05:07:11.024+0000][8][gc,heap     ] GC(486) Survivor regions: 1->1(10)
[2022-07-06T05:07:11.024+0000][8][gc,heap     ] GC(486) Old regions: 24->24
[2022-07-06T05:07:11.025+0000][8][gc,heap     ] GC(486) Archive regions: 2->2
[2022-07-06T05:07:11.025+0000][8][gc,heap     ] GC(486) Humongous regions: 0->0
[2022-07-06T05:07:11.026+0000][8][gc,metaspace] GC(486) Metaspace: 128796K(132160K)->128796K(132160K) NonClass: 111930K(113600K)->111930K(113600K) Class: 16866K(18560K)->16866K(18560K)
[2022-07-06T05:07:11.026+0000][8][gc          ] GC(486) Pause Young (Normal) (G1 Evacuation Pause) 399M->99M(512M) 23.866ms
[2022-07-06T05:07:11.027+0000][8][gc,cpu      ] GC(486) User=0.00s Sys=0.00s Real=0.03s
[2022-07-06T05:07:11.028+0000][8][safepoint   ] Safepoint "G1CollectForAllocation", Time since last: 108059370911 ns, Reaching safepoint: 194631 ns, At safepoint: 25068960 ns, Total: 25263591 ns
[2022-07-06T05:07:57.061+0000][8][safepoint   ] Safepoint "Cleanup", Time since last: 46053518751 ns, Reaching safepoint: 285950 ns, At safepoint: 91639 ns, Total: 377589 ns
[2022-07-06T05:08:45.062+0000][8][safepoint   ] Safepoint "Cleanup", Time since last: 48043964257 ns, Reaching safepoint: 211432 ns, At safepoint: 11807 ns, Total: 223239 ns
[2022-07-06T05:09:04.838+0000][8][gc,start    ] GC(487) Pause Young (Normal) (G1 Evacuation Pause)
[2022-07-06T05:09:04.845+0000][8][gc,task     ] GC(487) Using 4 workers of 4 for evacuation
[2022-07-06T05:09:04.850+0000][8][gc,age      ] GC(487) Desired survivor size 20971520 bytes, new threshold 15 (max threshold 15)
[2022-07-06T05:09:04.855+0000][8][gc,phases   ] GC(487)   Pre Evacuate Collection Set: 0.1ms
[2022-07-06T05:09:04.856+0000][8][gc,phases   ] GC(487)   Merge Heap Roots: 0.1ms
[2022-07-06T05:09:04.856+0000][8][gc,phases   ] GC(487)   Evacuate Collection Set: 2.5ms
[2022-07-06T05:09:04.861+0000][8][gc,phases   ] GC(487)   Post Evacuate Collection Set: 1.0ms
[2022-07-06T05:09:04.862+0000][8][gc,phases   ] GC(487)   Other: 5.8ms
[2022-07-06T05:09:04.862+0000][8][gc,age      ] GC(487) Age table with threshold 15 (max threshold 15)
[2022-07-06T05:09:04.863+0000][8][gc,age      ] GC(487) - age   1:    1094160 bytes,    1094160 total
[2022-07-06T05:09:04.864+0000][8][gc,age      ] GC(487) - age   2:       9624 bytes,    1103784 total
[2022-07-06T05:09:04.864+0000][8][gc,age      ] GC(487) - age   3:        312 bytes,    1104096 total
[2022-07-06T05:09:04.865+0000][8][gc,age      ] GC(487) - age   4:        184 bytes,    1104280 total
[2022-07-06T05:09:04.866+0000][8][gc,age      ] GC(487) - age   5:       1984 bytes,    1106264 total
[2022-07-06T05:09:04.866+0000][8][gc,age      ] GC(487) - age   6:        464 bytes,    1106728 total
[2022-07-06T05:09:04.867+0000][8][gc,age      ] GC(487) - age   8:        672 bytes,    1107400 total
[2022-07-06T05:09:04.868+0000][8][gc,age      ] GC(487) - age   9:        184 bytes,    1107584 total
[2022-07-06T05:09:04.868+0000][8][gc,age      ] GC(487) - age  10:        184 bytes,    1107768 total
[2022-07-06T05:09:04.869+0000][8][gc,age      ] GC(487) - age  11:        384 bytes,    1108152 total
[2022-07-06T05:09:04.869+0000][8][gc,age      ] GC(487) - age  12:        440 bytes,    1108592 total
[2022-07-06T05:09:04.870+0000][8][gc,age      ] GC(487) - age  14:       4664 bytes,    1113256 total
[2022-07-06T05:09:04.871+0000][8][gc,heap     ] GC(487) Eden regions: 75->0(75)
[2022-07-06T05:09:04.872+0000][8][gc,heap     ] GC(487) Survivor regions: 1->1(10)
[2022-07-06T05:09:04.872+0000][8][gc,heap     ] GC(487) Old regions: 24->24
[2022-07-06T05:09:04.874+0000][8][gc,heap     ] GC(487) Archive regions: 2->2
[2022-07-06T05:09:04.875+0000][8][gc,heap     ] GC(487) Humongous regions: 0->0
[2022-07-06T05:09:04.876+0000][8][gc,metaspace] GC(487) Metaspace: 128803K(132160K)->128803K(132160K) NonClass: 111936K(113600K)->111936K(113600K) Class: 16866K(18560K)->16866K(18560K)
[2022-07-06T05:09:04.878+0000][8][gc          ] GC(487) Pause Young (Normal) (G1 Evacuation Pause) 399M->99M(512M) 40.036ms
[2022-07-06T05:09:04.878+0000][8][gc,cpu      ] GC(487) User=0.01s Sys=0.01s Real=0.04s
[2022-07-06T05:09:04.879+0000][8][safepoint   ] Safepoint "G1CollectForAllocation", Time since last: 19794465813 ns, Reaching safepoint: 357846 ns, At safepoint: 41418466 ns, Total: 41776312 ns
[2022-07-06T05:10:52.832+0000][8][gc,start    ] GC(488) Pause Young (Normal) (G1 Evacuation Pause)
[2022-07-06T05:10:52.836+0000][8][gc,task     ] GC(488) Using 4 workers of 4 for evacuation
[2022-07-06T05:10:52.838+0000][8][gc,age      ] GC(488) Desired survivor size 20971520 bytes, new threshold 15 (max threshold 15)
[2022-07-06T05:10:52.845+0000][8][gc,phases   ] GC(488)   Pre Evacuate Collection Set: 0.9ms
[2022-07-06T05:10:52.845+0000][8][gc,phases   ] GC(488)   Merge Heap Roots: 0.2ms
[2022-07-06T05:10:52.847+0000][8][gc,phases   ] GC(488)   Evacuate Collection Set: 2.3ms
[2022-07-06T05:10:52.849+0000][8][gc,phases   ] GC(488)   Post Evacuate Collection Set: 1.6ms
[2022-07-06T05:10:52.849+0000][8][gc,phases   ] GC(488)   Other: 3.3ms
[2022-07-06T05:10:52.850+0000][8][gc,age      ] GC(488) Age table with threshold 15 (max threshold 15)
[2022-07-06T05:10:52.851+0000][8][gc,age      ] GC(488) - age   1:    1952384 bytes,    1952384 total
[2022-07-06T05:10:52.851+0000][8][gc,age      ] GC(488) - age   2:      18816 bytes,    1971200 total
[2022-07-06T05:10:52.852+0000][8][gc,age      ] GC(488) - age   3:       8752 bytes,    1979952 total
[2022-07-06T05:10:52.853+0000][8][gc,age      ] GC(488) - age   4:        184 bytes,    1980136 total
[2022-07-06T05:10:52.854+0000][8][gc,age      ] GC(488) - age   5:        184 bytes,    1980320 total
[2022-07-06T05:10:52.855+0000][8][gc,age      ] GC(488) - age   6:       1984 bytes,    1982304 total
[2022-07-06T05:10:52.856+0000][8][gc,age      ] GC(488) - age   7:        464 bytes,    1982768 total
[2022-07-06T05:10:52.857+0000][8][gc,age      ] GC(488) - age   9:        672 bytes,    1983440 total
[2022-07-06T05:10:52.857+0000][8][gc,age      ] GC(488) - age  10:        184 bytes,    1983624 total
[2022-07-06T05:10:52.858+0000][8][gc,age      ] GC(488) - age  11:        184 bytes,    1983808 total
[2022-07-06T05:10:52.859+0000][8][gc,age      ] GC(488) - age  13:        440 bytes,    1984248 total
[2022-07-06T05:10:52.859+0000][8][gc,age      ] GC(488) - age  15:       4664 bytes,    1988912 total
[2022-07-06T05:10:52.860+0000][8][gc,heap     ] GC(488) Eden regions: 75->0(75)
[2022-07-06T05:10:52.861+0000][8][gc,heap     ] GC(488) Survivor regions: 1->1(10)
[2022-07-06T05:10:52.862+0000][8][gc,heap     ] GC(488) Old regions: 24->24
[2022-07-06T05:10:52.862+0000][8][gc,heap     ] GC(488) Archive regions: 2->2
[2022-07-06T05:10:52.863+0000][8][gc,heap     ] GC(488) Humongous regions: 0->0
[2022-07-06T05:10:52.864+0000][8][gc,metaspace] GC(488) Metaspace: 128803K(132160K)->128803K(132160K) NonClass: 111936K(113600K)->111936K(113600K) Class: 16866K(18560K)->16866K(18560K)
[2022-07-06T05:10:52.865+0000][8][gc          ] GC(488) Pause Young (Normal) (G1 Evacuation Pause) 399M->100M(512M) 32.824ms
[2022-07-06T05:10:52.866+0000][8][gc,cpu      ] GC(488) User=0.02s Sys=0.00s Real=0.03s
[2022-07-06T05:10:52.866+0000][8][safepoint   ] Safepoint "G1CollectForAllocation", Time since last: 108020621705 ns, Reaching safepoint: 693859 ns, At safepoint: 34364972 ns, Total: 35058831 ns
[2022-07-06T05:11:05.859+0000][8][safepoint   ] Safepoint "Cleanup", Time since last: 13011221796 ns, Reaching safepoint: 295032 ns, At safepoint: 10941 ns, Total: 305973 ns
[2022-07-06T05:11:14.863+0000][8][safepoint   ] Safepoint "Cleanup", Time since last: 9004090410 ns, Reaching safepoint: 242418 ns, At safepoint: 10862 ns, Total: 253280 ns
[2022-07-06T05:11:46.878+0000][8][safepoint   ] Safepoint "Cleanup", Time since last: 32038383000 ns, Reaching safepoint: 138708 ns, At safepoint: 6043 ns, Total: 144751 ns
[2022-07-06T05:11:53.888+0000][8][safepoint   ] Safepoint "Cleanup", Time since last: 7009116093 ns, Reaching safepoint: 506316 ns, At safepoint: 18235 ns, Total: 524551 ns
[2022-07-06T05:11:58.896+0000][8][safepoint   ] Safepoint "Cleanup", Time since last: 5008174913 ns, Reaching safepoint: 277592 ns, At safepoint: 16433 ns, Total: 294025 ns
[2022-07-06T05:12:28.790+0000][8][gc,start    ] GC(489) Pause Young (Normal) (G1 Evacuation Pause)
[2022-07-06T05:12:28.793+0000][8][gc,task     ] GC(489) Using 4 workers of 4 for evacuation
[2022-07-06T05:12:28.793+0000][8][gc,age      ] GC(489) Desired survivor size 20971520 bytes, new threshold 15 (max threshold 15)
[2022-07-06T05:12:28.797+0000][8][gc,phases   ] GC(489)   Pre Evacuate Collection Set: 0.2ms
[2022-07-06T05:12:28.798+0000][8][gc,phases   ] GC(489)   Merge Heap Roots: 0.1ms
[2022-07-06T05:12:28.799+0000][8][gc,phases   ] GC(489)   Evacuate Collection Set: 1.8ms
[2022-07-06T05:12:28.799+0000][8][gc,phases   ] GC(489)   Post Evacuate Collection Set: 1.2ms
[2022-07-06T05:12:28.801+0000][8][gc,phases   ] GC(489)   Other: 1.3ms
[2022-07-06T05:12:28.801+0000][8][gc,age      ] GC(489) Age table with threshold 15 (max threshold 15)
[2022-07-06T05:12:28.802+0000][8][gc,age      ] GC(489) - age   1:    1579040 bytes,    1579040 total
[2022-07-06T05:12:28.802+0000][8][gc,age      ] GC(489) - age   2:       2024 bytes,    1581064 total
[2022-07-06T05:12:28.803+0000][8][gc,age      ] GC(489) - age   3:      16776 bytes,    1597840 total
[2022-07-06T05:12:28.803+0000][8][gc,age      ] GC(489) - age   4:        184 bytes,    1598024 total
[2022-07-06T05:12:28.804+0000][8][gc,age      ] GC(489) - age   5:        184 bytes,    1598208 total
[2022-07-06T05:12:28.804+0000][8][gc,age      ] GC(489) - age   6:        184 bytes,    1598392 total
[2022-07-06T05:12:28.805+0000][8][gc,age      ] GC(489) - age   7:         64 bytes,    1598456 total
[2022-07-06T05:12:28.807+0000][8][gc,age      ] GC(489) - age   8:        464 bytes,    1598920 total
[2022-07-06T05:12:28.807+0000][8][gc,age      ] GC(489) - age  10:        280 bytes,    1599200 total
[2022-07-06T05:12:28.808+0000][8][gc,age      ] GC(489) - age  11:        184 bytes,    1599384 total
[2022-07-06T05:12:28.808+0000][8][gc,age      ] GC(489) - age  12:        184 bytes,    1599568 total
[2022-07-06T05:12:28.809+0000][8][gc,age      ] GC(489) - age  14:        440 bytes,    1600008 total
[2022-07-06T05:12:28.810+0000][8][gc,heap     ] GC(489) Eden regions: 75->0(75)
[2022-07-06T05:12:28.810+0000][8][gc,heap     ] GC(489) Survivor regions: 1->1(10)
[2022-07-06T05:12:28.811+0000][8][gc,heap     ] GC(489) Old regions: 24->24
[2022-07-06T05:12:28.811+0000][8][gc,heap     ] GC(489) Archive regions: 2->2
[2022-07-06T05:12:28.812+0000][8][gc,heap     ] GC(489) Humongous regions: 0->0
[2022-07-06T05:12:28.812+0000][8][gc,metaspace] GC(489) Metaspace: 128803K(132224K)->128803K(132224K) NonClass: 111937K(113664K)->111937K(113664K) Class: 16866K(18560K)->16866K(18560K)
[2022-07-06T05:12:28.813+0000][8][gc          ] GC(489) Pause Young (Normal) (G1 Evacuation Pause) 400M->99M(512M) 22.818ms
[2022-07-06T05:12:28.813+0000][8][gc,cpu      ] GC(489) User=0.01s Sys=0.00s Real=0.02s
[2022-07-06T05:12:28.815+0000][8][safepoint   ] Safepoint "G1CollectForAllocation", Time since last: 29914259706 ns, Reaching safepoint: 123724 ns, At safepoint: 24388678 ns, Total: 24512402 ns
[2022-07-06T05:14:16.757+0000][8][gc,start    ] GC(490) Pause Young (Normal) (G1 Evacuation Pause)
[2022-07-06T05:14:16.759+0000][8][gc,task     ] GC(490) Using 4 workers of 4 for evacuation
[2022-07-06T05:14:16.762+0000][8][gc,age      ] GC(490) Desired survivor size 20971520 bytes, new threshold 15 (max threshold 15)
[2022-07-06T05:14:16.767+0000][8][gc,phases   ] GC(490)   Pre Evacuate Collection Set: 0.1ms
[2022-07-06T05:14:16.769+0000][8][gc,phases   ] GC(490)   Merge Heap Roots: 0.0ms
[2022-07-06T05:14:16.770+0000][8][gc,phases   ] GC(490)   Evacuate Collection Set: 2.4ms
[2022-07-06T05:14:16.771+0000][8][gc,phases   ] GC(490)   Post Evacuate Collection Set: 1.4ms
[2022-07-06T05:14:16.772+0000][8][gc,phases   ] GC(490)   Other: 4.0ms
[2022-07-06T05:14:16.773+0000][8][gc,age      ] GC(490) Age table with threshold 15 (max threshold 15)
[2022-07-06T05:14:16.774+0000][8][gc,age      ] GC(490) - age   1:    1371776 bytes,    1371776 total
[2022-07-06T05:14:16.775+0000][8][gc,age      ] GC(490) - age   2:     386168 bytes,    1757944 total
[2022-07-06T05:14:16.776+0000][8][gc,age      ] GC(490) - age   3:        744 bytes,    1758688 total
[2022-07-06T05:14:16.777+0000][8][gc,age      ] GC(490) - age   4:      16648 bytes,    1775336 total
[2022-07-06T05:14:16.778+0000][8][gc,age      ] GC(490) - age   5:        184 bytes,    1775520 total
[2022-07-06T05:14:16.779+0000][8][gc,age      ] GC(490) - age   6:        184 bytes,    1775704 total
[2022-07-06T05:14:16.780+0000][8][gc,age      ] GC(490) - age   7:        184 bytes,    1775888 total
[2022-07-06T05:14:16.781+0000][8][gc,age      ] GC(490) - age   8:         64 bytes,    1775952 total
[2022-07-06T05:14:16.781+0000][8][gc,age      ] GC(490) - age   9:        464 bytes,    1776416 total
[2022-07-06T05:14:16.783+0000][8][gc,age      ] GC(490) - age  11:        280 bytes,    1776696 total
[2022-07-06T05:14:16.784+0000][8][gc,age      ] GC(490) - age  12:        184 bytes,    1776880 total
[2022-07-06T05:14:16.786+0000][8][gc,age      ] GC(490) - age  15:        440 bytes,    1777320 total
[2022-07-06T05:14:16.787+0000][8][gc,heap     ] GC(490) Eden regions: 75->0(75)
[2022-07-06T05:14:16.788+0000][8][gc,heap     ] GC(490) Survivor regions: 1->1(10)
[2022-07-06T05:14:16.789+0000][8][gc,heap     ] GC(490) Old regions: 24->24
[2022-07-06T05:14:16.790+0000][8][gc,heap     ] GC(490) Archive regions: 2->2
[2022-07-06T05:14:16.790+0000][8][gc,heap     ] GC(490) Humongous regions: 0->0
[2022-07-06T05:14:16.791+0000][8][gc,metaspace] GC(490) Metaspace: 128803K(132224K)->128803K(132224K) NonClass: 111937K(113664K)->111937K(113664K) Class: 16866K(18560K)->16866K(18560K)
[2022-07-06T05:14:16.792+0000][8][gc          ] GC(490) Pause Young (Normal) (G1 Evacuation Pause) 399M->100M(512M) 35.569ms
[2022-07-06T05:14:16.794+0000][8][gc,cpu      ] GC(490) User=0.01s Sys=0.01s Real=0.04s
[2022-07-06T05:14:16.795+0000][8][safepoint   ] Safepoint "G1CollectForAllocation", Time since last: 108029551973 ns, Reaching safepoint: 172623 ns, At safepoint: 38465338 ns, Total: 38637961 ns
[2022-07-06T05:16:04.791+0000][8][gc,start    ] GC(491) Pause Young (Normal) (G1 Evacuation Pause)
[2022-07-06T05:16:04.795+0000][8][gc,task     ] GC(491) Using 4 workers of 4 for evacuation
[2022-07-06T05:16:04.797+0000][8][gc,age      ] GC(491) Desired survivor size 20971520 bytes, new threshold 15 (max threshold 15)
[2022-07-06T05:16:04.806+0000][8][gc,phases   ] GC(491)   Pre Evacuate Collection Set: 0.4ms
[2022-07-06T05:16:04.807+0000][8][gc,phases   ] GC(491)   Merge Heap Roots: 0.1ms
[2022-07-06T05:16:04.808+0000][8][gc,phases   ] GC(491)   Evacuate Collection Set: 3.5ms
[2022-07-06T05:16:04.808+0000][8][gc,phases   ] GC(491)   Post Evacuate Collection Set: 1.3ms
[2022-07-06T05:16:04.809+0000][8][gc,phases   ] GC(491)   Other: 5.5ms
[2022-07-06T05:16:04.809+0000][8][gc,age      ] GC(491) Age table with threshold 15 (max threshold 15)
[2022-07-06T05:16:04.810+0000][8][gc,age      ] GC(491) - age   1:    1419344 bytes,    1419344 total
[2022-07-06T05:16:04.812+0000][8][gc,age      ] GC(491) - age   2:       1208 bytes,    1420552 total
[2022-07-06T05:16:04.815+0000][8][gc,age      ] GC(491) - age   3:     290592 bytes,    1711144 total
[2022-07-06T05:16:04.817+0000][8][gc,age      ] GC(491) - age   4:        680 bytes,    1711824 total
[2022-07-06T05:16:04.818+0000][8][gc,age      ] GC(491) - age   5:      16648 bytes,    1728472 total
[2022-07-06T05:16:04.819+0000][8][gc,age      ] GC(491) - age   6:        184 bytes,    1728656 total
[2022-07-06T05:16:04.820+0000][8][gc,age      ] GC(491) - age   8:        184 bytes,    1728840 total
[2022-07-06T05:16:04.821+0000][8][gc,age      ] GC(491) - age   9:         64 bytes,    1728904 total
[2022-07-06T05:16:04.822+0000][8][gc,age      ] GC(491) - age  10:        464 bytes,    1729368 total
[2022-07-06T05:16:04.822+0000][8][gc,age      ] GC(491) - age  12:        280 bytes,    1729648 total
[2022-07-06T05:16:04.824+0000][8][gc,age      ] GC(491) - age  13:        184 bytes,    1729832 total
[2022-07-06T05:16:04.824+0000][8][gc,heap     ] GC(491) Eden regions: 75->0(75)
[2022-07-06T05:16:04.825+0000][8][gc,heap     ] GC(491) Survivor regions: 1->1(10)
[2022-07-06T05:16:04.826+0000][8][gc,heap     ] GC(491) Old regions: 24->24
[2022-07-06T05:16:04.827+0000][8][gc,heap     ] GC(491) Archive regions: 2->2
[2022-07-06T05:16:04.829+0000][8][gc,heap     ] GC(491) Humongous regions: 0->0
[2022-07-06T05:16:04.832+0000][8][gc,metaspace] GC(491) Metaspace: 128803K(132224K)->128803K(132224K) NonClass: 111937K(113664K)->111937K(113664K) Class: 16866K(18560K)->16866K(18560K)
[2022-07-06T05:16:04.834+0000][8][gc          ] GC(491) Pause Young (Normal) (G1 Evacuation Pause) 400M->100M(512M) 43.225ms
[2022-07-06T05:16:04.836+0000][8][gc,cpu      ] GC(491) User=0.01s Sys=0.00s Real=0.05s
[2022-07-06T05:16:04.838+0000][8][safepoint   ] Safepoint "G1CollectForAllocation", Time since last: 108081947404 ns, Reaching safepoint: 334644 ns, At safepoint: 46661066 ns, Total: 46995710 ns
[2022-07-06T05:16:29.836+0000][8][safepoint   ] Safepoint "Cleanup", Time since last: 25020141357 ns, Reaching safepoint: 330506 ns, At safepoint: 56954 ns, Total: 387460 ns
[2022-07-06T05:17:58.661+0000][8][gc,start    ] GC(492) Pause Young (Normal) (G1 Evacuation Pause)
[2022-07-06T05:17:58.664+0000][8][gc,task     ] GC(492) Using 4 workers of 4 for evacuation
[2022-07-06T05:17:58.665+0000][8][gc,age      ] GC(492) Desired survivor size 20971520 bytes, new threshold 15 (max threshold 15)
[2022-07-06T05:17:58.671+0000][8][gc,phases   ] GC(492)   Pre Evacuate Collection Set: 0.2ms
[2022-07-06T05:17:58.673+0000][8][gc,phases   ] GC(492)   Merge Heap Roots: 0.1ms
[2022-07-06T05:17:58.674+0000][8][gc,phases   ] GC(492)   Evacuate Collection Set: 3.0ms
[2022-07-06T05:17:58.674+0000][8][gc,phases   ] GC(492)   Post Evacuate Collection Set: 1.2ms
[2022-07-06T05:17:58.675+0000][8][gc,phases   ] GC(492)   Other: 2.5ms
[2022-07-06T05:17:58.675+0000][8][gc,age      ] GC(492) Age table with threshold 15 (max threshold 15)
[2022-07-06T05:17:58.676+0000][8][gc,age      ] GC(492) - age   1:     844648 bytes,     844648 total
[2022-07-06T05:17:58.676+0000][8][gc,age      ] GC(492) - age   2:      75784 bytes,     920432 total
[2022-07-06T05:17:58.677+0000][8][gc,age      ] GC(492) - age   3:        184 bytes,     920616 total
[2022-07-06T05:17:58.678+0000][8][gc,age      ] GC(492) - age   4:     290040 bytes,    1210656 total
[2022-07-06T05:17:58.678+0000][8][gc,age      ] GC(492) - age   5:        384 bytes,    1211040 total
[2022-07-06T05:17:58.679+0000][8][gc,age      ] GC(492) - age   6:      16464 bytes,    1227504 total
[2022-07-06T05:17:58.679+0000][8][gc,age      ] GC(492) - age   7:        184 bytes,    1227688 total
[2022-07-06T05:17:58.680+0000][8][gc,age      ] GC(492) - age   9:        184 bytes,    1227872 total
[2022-07-06T05:17:58.681+0000][8][gc,age      ] GC(492) - age  10:         64 bytes,    1227936 total
[2022-07-06T05:17:58.681+0000][8][gc,age      ] GC(492) - age  11:        464 bytes,    1228400 total
[2022-07-06T05:17:58.682+0000][8][gc,age      ] GC(492) - age  13:        280 bytes,    1228680 total
[2022-07-06T05:17:58.682+0000][8][gc,age      ] GC(492) - age  14:        184 bytes,    1228864 total
[2022-07-06T05:17:58.683+0000][8][gc,heap     ] GC(492) Eden regions: 75->0(75)
[2022-07-06T05:17:58.683+0000][8][gc,heap     ] GC(492) Survivor regions: 1->1(10)
[2022-07-06T05:17:58.684+0000][8][gc,heap     ] GC(492) Old regions: 24->24
[2022-07-06T05:17:58.684+0000][8][gc,heap     ] GC(492) Archive regions: 2->2
[2022-07-06T05:17:58.685+0000][8][gc,heap     ] GC(492) Humongous regions: 0->0
[2022-07-06T05:17:58.685+0000][8][gc,metaspace] GC(492) Metaspace: 128803K(132224K)->128803K(132224K) NonClass: 111937K(113664K)->111937K(113664K) Class: 16866K(18560K)->16866K(18560K)
[2022-07-06T05:17:58.686+0000][8][gc          ] GC(492) Pause Young (Normal) (G1 Evacuation Pause) 400M->99M(512M) 24.997ms
[2022-07-06T05:17:58.687+0000][8][gc,cpu      ] GC(492) User=0.01s Sys=0.00s Real=0.02s
[2022-07-06T05:17:58.687+0000][8][safepoint   ] Safepoint "G1CollectForAllocation", Time since last: 88867738383 ns, Reaching safepoint: 86023 ns, At safepoint: 26155039 ns, Total: 26241062 ns
[2022-07-06T05:18:44.676+0000][8][safepoint   ] Safepoint "Cleanup", Time since last: 46031887116 ns, Reaching safepoint: 184305 ns, At safepoint: 12059 ns, Total: 196364 ns
[2022-07-06T05:19:46.628+0000][8][gc,start    ] GC(493) Pause Young (Normal) (G1 Evacuation Pause)
[2022-07-06T05:19:46.629+0000][8][gc,task     ] GC(493) Using 4 workers of 4 for evacuation
[2022-07-06T05:19:46.630+0000][8][gc,age      ] GC(493) Desired survivor size 20971520 bytes, new threshold 15 (max threshold 15)
[2022-07-06T05:19:46.634+0000][8][gc,phases   ] GC(493)   Pre Evacuate Collection Set: 0.1ms
[2022-07-06T05:19:46.635+0000][8][gc,phases   ] GC(493)   Merge Heap Roots: 0.1ms
[2022-07-06T05:19:46.636+0000][8][gc,phases   ] GC(493)   Evacuate Collection Set: 2.5ms
[2022-07-06T05:19:46.636+0000][8][gc,phases   ] GC(493)   Post Evacuate Collection Set: 1.0ms
[2022-07-06T05:19:46.637+0000][8][gc,phases   ] GC(493)   Other: 1.3ms
[2022-07-06T05:19:46.637+0000][8][gc,age      ] GC(493) Age table with threshold 15 (max threshold 15)
[2022-07-06T05:19:46.638+0000][8][gc,age      ] GC(493) - age   1:    1714688 bytes,    1714688 total
[2022-07-06T05:19:46.640+0000][8][gc,age      ] GC(493) - age   2:      41736 bytes,    1756424 total
[2022-07-06T05:19:46.640+0000][8][gc,age      ] GC(493) - age   3:      74096 bytes,    1830520 total
[2022-07-06T05:19:46.641+0000][8][gc,age      ] GC(493) - age   4:        184 bytes,    1830704 total
[2022-07-06T05:19:46.641+0000][8][gc,age      ] GC(493) - age   5:     290040 bytes,    2120744 total
[2022-07-06T05:19:46.642+0000][8][gc,age      ] GC(493) - age   6:        384 bytes,    2121128 total
[2022-07-06T05:19:46.643+0000][8][gc,age      ] GC(493) - age   7:      16280 bytes,    2137408 total
[2022-07-06T05:19:46.644+0000][8][gc,age      ] GC(493) - age   8:        184 bytes,    2137592 total
[2022-07-06T05:19:46.644+0000][8][gc,age      ] GC(493) - age  10:        184 bytes,    2137776 total
[2022-07-06T05:19:46.645+0000][8][gc,age      ] GC(493) - age  11:         64 bytes,    2137840 total
[2022-07-06T05:19:46.645+0000][8][gc,age      ] GC(493) - age  12:        400 bytes,    2138240 total
[2022-07-06T05:19:46.646+0000][8][gc,age      ] GC(493) - age  14:        280 bytes,    2138520 total
[2022-07-06T05:19:46.647+0000][8][gc,age      ] GC(493) - age  15:        184 bytes,    2138704 total
[2022-07-06T05:19:46.647+0000][8][gc,heap     ] GC(493) Eden regions: 75->0(75)
[2022-07-06T05:19:46.648+0000][8][gc,heap     ] GC(493) Survivor regions: 1->1(10)
[2022-07-06T05:19:46.649+0000][8][gc,heap     ] GC(493) Old regions: 24->24
[2022-07-06T05:19:46.649+0000][8][gc,heap     ] GC(493) Archive regions: 2->2
[2022-07-06T05:19:46.650+0000][8][gc,heap     ] GC(493) Humongous regions: 0->0
[2022-07-06T05:19:46.651+0000][8][gc,metaspace] GC(493) Metaspace: 128809K(132224K)->128809K(132224K) NonClass: 111942K(113664K)->111942K(113664K) Class: 16866K(18560K)->16866K(18560K)
[2022-07-06T05:19:46.651+0000][8][gc          ] GC(493) Pause Young (Normal) (G1 Evacuation Pause) 399M->100M(512M) 23.626ms
[2022-07-06T05:19:46.652+0000][8][gc,cpu      ] GC(493) User=0.01s Sys=0.00s Real=0.02s
[2022-07-06T05:19:46.653+0000][8][safepoint   ] Safepoint "G1CollectForAllocation", Time since last: 61995869001 ns, Reaching safepoint: 112707 ns, At safepoint: 25041232 ns, Total: 25153939 ns
[2022-07-06T05:20:59.664+0000][8][safepoint   ] Safepoint "Cleanup", Time since last: 73074891601 ns, Reaching safepoint: 244151 ns, At safepoint: 104762 ns, Total: 348913 ns
[2022-07-06T05:21:34.573+0000][8][gc,start    ] GC(494) Pause Young (Normal) (G1 Evacuation Pause)
[2022-07-06T05:21:34.576+0000][8][gc,task     ] GC(494) Using 4 workers of 4 for evacuation
[2022-07-06T05:21:34.577+0000][8][gc,age      ] GC(494) Desired survivor size 20971520 bytes, new threshold 15 (max threshold 15)
[2022-07-06T05:21:34.581+0000][8][gc,phases   ] GC(494)   Pre Evacuate Collection Set: 0.1ms
[2022-07-06T05:21:34.581+0000][8][gc,phases   ] GC(494)   Merge Heap Roots: 0.1ms
[2022-07-06T05:21:34.582+0000][8][gc,phases   ] GC(494)   Evacuate Collection Set: 2.1ms
[2022-07-06T05:21:34.583+0000][8][gc,phases   ] GC(494)   Post Evacuate Collection Set: 1.0ms
[2022-07-06T05:21:34.583+0000][8][gc,phases   ] GC(494)   Other: 1.7ms
[2022-07-06T05:21:34.584+0000][8][gc,age      ] GC(494) Age table with threshold 15 (max threshold 15)
[2022-07-06T05:21:34.585+0000][8][gc,age      ] GC(494) - age   1:     940160 bytes,     940160 total
[2022-07-06T05:21:34.585+0000][8][gc,age      ] GC(494) - age   2:       2464 bytes,     942624 total
[2022-07-06T05:21:34.586+0000][8][gc,age      ] GC(494) - age   3:      40376 bytes,     983000 total
[2022-07-06T05:21:34.586+0000][8][gc,age      ] GC(494) - age   4:      74032 bytes,    1057032 total
[2022-07-06T05:21:34.588+0000][8][gc,age      ] GC(494) - age   5:        184 bytes,    1057216 total
[2022-07-06T05:21:34.588+0000][8][gc,age      ] GC(494) - age   6:     288120 bytes,    1345336 total
[2022-07-06T05:21:34.589+0000][8][gc,age      ] GC(494) - age   7:        384 bytes,    1345720 total
[2022-07-06T05:21:34.590+0000][8][gc,age      ] GC(494) - age   8:      16280 bytes,    1362000 total
[2022-07-06T05:21:34.590+0000][8][gc,age      ] GC(494) - age   9:        184 bytes,    1362184 total
[2022-07-06T05:21:34.592+0000][8][gc,age      ] GC(494) - age  11:        184 bytes,    1362368 total
[2022-07-06T05:21:34.593+0000][8][gc,age      ] GC(494) - age  12:         64 bytes,    1362432 total
[2022-07-06T05:21:34.593+0000][8][gc,age      ] GC(494) - age  13:        400 bytes,    1362832 total
[2022-07-06T05:21:34.594+0000][8][gc,age      ] GC(494) - age  15:        280 bytes,    1363112 total
[2022-07-06T05:21:34.595+0000][8][gc,heap     ] GC(494) Eden regions: 75->0(75)
[2022-07-06T05:21:34.595+0000][8][gc,heap     ] GC(494) Survivor regions: 1->1(10)
[2022-07-06T05:21:34.596+0000][8][gc,heap     ] GC(494) Old regions: 24->24
[2022-07-06T05:21:34.596+0000][8][gc,heap     ] GC(494) Archive regions: 2->2
[2022-07-06T05:21:34.597+0000][8][gc,heap     ] GC(494) Humongous regions: 0->0
[2022-07-06T05:21:34.598+0000][8][gc,metaspace] GC(494) Metaspace: 128809K(132224K)->128809K(132224K) NonClass: 111942K(113664K)->111942K(113664K) Class: 16866K(18560K)->16866K(18560K)
[2022-07-06T05:21:34.598+0000][8][gc          ] GC(494) Pause Young (Normal) (G1 Evacuation Pause) 400M->99M(512M) 25.002ms
[2022-07-06T05:21:34.599+0000][8][gc,cpu      ] GC(494) User=0.01s Sys=0.00s Real=0.03s
[2022-07-06T05:21:34.599+0000][8][safepoint   ] Safepoint "G1CollectForAllocation", Time since last: 34930338868 ns, Reaching safepoint: 202506 ns, At safepoint: 26264554 ns, Total: 26467060 ns
[2022-07-06T05:23:19.556+0000][8][gc,start    ] GC(495) Pause Young (Normal) (G1 Evacuation Pause)
[2022-07-06T05:23:19.557+0000][8][gc,task     ] GC(495) Using 4 workers of 4 for evacuation
[2022-07-06T05:23:19.558+0000][8][gc,age      ] GC(495) Desired survivor size 20971520 bytes, new threshold 15 (max threshold 15)
[2022-07-06T05:23:19.563+0000][8][gc,phases   ] GC(495)   Pre Evacuate Collection Set: 0.3ms
[2022-07-06T05:23:19.564+0000][8][gc,phases   ] GC(495)   Merge Heap Roots: 0.2ms
[2022-07-06T05:23:19.565+0000][8][gc,phases   ] GC(495)   Evacuate Collection Set: 2.7ms
[2022-07-06T05:23:19.566+0000][8][gc,phases   ] GC(495)   Post Evacuate Collection Set: 1.4ms
[2022-07-06T05:23:19.567+0000][8][gc,phases   ] GC(495)   Other: 1.7ms
[2022-07-06T05:23:19.568+0000][8][gc,age      ] GC(495) Age table with threshold 15 (max threshold 15)
[2022-07-06T05:23:19.568+0000][8][gc,age      ] GC(495) - age   1:    1441024 bytes,    1441024 total
[2022-07-06T05:23:19.569+0000][8][gc,age      ] GC(495) - age   2:       3608 bytes,    1444632 total
[2022-07-06T05:23:19.570+0000][8][gc,age      ] GC(495) - age   3:        760 bytes,    1445392 total
[2022-07-06T05:23:19.570+0000][8][gc,age      ] GC(495) - age   4:      40280 bytes,    1485672 total
[2022-07-06T05:23:19.571+0000][8][gc,age      ] GC(495) - age   5:      73848 bytes,    1559520 total
[2022-07-06T05:23:19.571+0000][8][gc,age      ] GC(495) - age   6:        184 bytes,    1559704 total
[2022-07-06T05:23:19.572+0000][8][gc,age      ] GC(495) - age   7:     288120 bytes,    1847824 total
[2022-07-06T05:23:19.572+0000][8][gc,age      ] GC(495) - age   8:        384 bytes,    1848208 total
[2022-07-06T05:23:19.573+0000][8][gc,age      ] GC(495) - age   9:      16280 bytes,    1864488 total
[2022-07-06T05:23:19.574+0000][8][gc,age      ] GC(495) - age  10:        184 bytes,    1864672 total
[2022-07-06T05:23:19.574+0000][8][gc,age      ] GC(495) - age  12:        184 bytes,    1864856 total
[2022-07-06T05:23:19.575+0000][8][gc,age      ] GC(495) - age  13:         64 bytes,    1864920 total
[2022-07-06T05:23:19.576+0000][8][gc,age      ] GC(495) - age  14:        400 bytes,    1865320 total
[2022-07-06T05:23:19.577+0000][8][gc,heap     ] GC(495) Eden regions: 75->0(75)
[2022-07-06T05:23:19.577+0000][8][gc,heap     ] GC(495) Survivor regions: 1->1(10)
[2022-07-06T05:23:19.578+0000][8][gc,heap     ] GC(495) Old regions: 24->24
[2022-07-06T05:23:19.579+0000][8][gc,heap     ] GC(495) Archive regions: 2->2
[2022-07-06T05:23:19.579+0000][8][gc,heap     ] GC(495) Humongous regions: 0->0
[2022-07-06T05:23:19.580+0000][8][gc,metaspace] GC(495) Metaspace: 128809K(132224K)->128809K(132224K) NonClass: 111942K(113664K)->111942K(113664K) Class: 16866K(18560K)->16866K(18560K)
[2022-07-06T05:23:19.581+0000][8][gc          ] GC(495) Pause Young (Normal) (G1 Evacuation Pause) 399M->100M(512M) 25.550ms
[2022-07-06T05:23:19.582+0000][8][gc,cpu      ] GC(495) User=0.01s Sys=0.01s Real=0.03s
[2022-07-06T05:23:19.583+0000][8][safepoint   ] Safepoint "G1CollectForAllocation", Time since last: 105021074640 ns, Reaching safepoint: 111791 ns, At safepoint: 27037132 ns, Total: 27148923 ns
[2022-07-06T05:25:04.552+0000][8][gc,start    ] GC(496) Pause Young (Normal) (G1 Evacuation Pause)
[2022-07-06T05:25:04.553+0000][8][gc,task     ] GC(496) Using 4 workers of 4 for evacuation
[2022-07-06T05:25:04.554+0000][8][gc,age      ] GC(496) Desired survivor size 20971520 bytes, new threshold 15 (max threshold 15)
[2022-07-06T05:25:04.558+0000][8][gc,phases   ] GC(496)   Pre Evacuate Collection Set: 0.2ms
[2022-07-06T05:25:04.559+0000][8][gc,phases   ] GC(496)   Merge Heap Roots: 0.2ms
[2022-07-06T05:25:04.560+0000][8][gc,phases   ] GC(496)   Evacuate Collection Set: 2.5ms
[2022-07-06T05:25:04.560+0000][8][gc,phases   ] GC(496)   Post Evacuate Collection Set: 0.8ms
[2022-07-06T05:25:04.561+0000][8][gc,phases   ] GC(496)   Other: 1.5ms
[2022-07-06T05:25:04.561+0000][8][gc,age      ] GC(496) Age table with threshold 15 (max threshold 15)
[2022-07-06T05:25:04.562+0000][8][gc,age      ] GC(496) - age   1:    1667680 bytes,    1667680 total
[2022-07-06T05:25:04.562+0000][8][gc,age      ] GC(496) - age   2:       2216 bytes,    1669896 total
[2022-07-06T05:25:04.564+0000][8][gc,age      ] GC(496) - age   3:       2400 bytes,    1672296 total
[2022-07-06T05:25:04.564+0000][8][gc,age      ] GC(496) - age   4:        376 bytes,    1672672 total
[2022-07-06T05:25:04.565+0000][8][gc,age      ] GC(496) - age   5:      40280 bytes,    1712952 total
[2022-07-06T05:25:04.565+0000][8][gc,age      ] GC(496) - age   6:      73848 bytes,    1786800 total
[2022-07-06T05:25:04.566+0000][8][gc,age      ] GC(496) - age   7:        184 bytes,    1786984 total
[2022-07-06T05:25:04.567+0000][8][gc,age      ] GC(496) - age   8:     287936 bytes,    2074920 total
[2022-07-06T05:25:04.568+0000][8][gc,age      ] GC(496) - age   9:        384 bytes,    2075304 total
[2022-07-06T05:25:04.569+0000][8][gc,age      ] GC(496) - age  10:      16280 bytes,    2091584 total
[2022-07-06T05:25:04.570+0000][8][gc,age      ] GC(496) - age  11:        184 bytes,    2091768 total
[2022-07-06T05:25:04.570+0000][8][gc,age      ] GC(496) - age  13:        184 bytes,    2091952 total
[2022-07-06T05:25:04.571+0000][8][gc,age      ] GC(496) - age  14:         64 bytes,    2092016 total
[2022-07-06T05:25:04.572+0000][8][gc,age      ] GC(496) - age  15:        400 bytes,    2092416 total
[2022-07-06T05:25:04.572+0000][8][gc,heap     ] GC(496) Eden regions: 75->0(75)
[2022-07-06T05:25:04.573+0000][8][gc,heap     ] GC(496) Survivor regions: 1->1(10)
[2022-07-06T05:25:04.573+0000][8][gc,heap     ] GC(496) Old regions: 24->24
[2022-07-06T05:25:04.574+0000][8][gc,heap     ] GC(496) Archive regions: 2->2
[2022-07-06T05:25:04.574+0000][8][gc,heap     ] GC(496) Humongous regions: 0->0
[2022-07-06T05:25:04.575+0000][8][gc,metaspace] GC(496) Metaspace: 128809K(132224K)->128809K(132224K) NonClass: 111942K(113664K)->111942K(113664K) Class: 16866K(18560K)->16866K(18560K)
[2022-07-06T05:25:04.576+0000][8][gc          ] GC(496) Pause Young (Normal) (G1 Evacuation Pause) 400M->100M(512M) 23.820ms
[2022-07-06T05:25:04.577+0000][8][gc,cpu      ] GC(496) User=0.01s Sys=0.01s Real=0.03s
[2022-07-06T05:25:04.578+0000][8][safepoint   ] Safepoint "G1CollectForAllocation", Time since last: 105055148363 ns, Reaching safepoint: 122780 ns, At safepoint: 26494794 ns, Total: 26617574 ns
[2022-07-06T05:26:16.592+0000][8][safepoint   ] Safepoint "Cleanup", Time since last: 72055797955 ns, Reaching safepoint: 407871 ns, At safepoint: 72858 ns, Total: 480729 ns
[2022-07-06T05:26:52.892+0000][8][gc,start    ] GC(497) Pause Young (Normal) (G1 Evacuation Pause)
[2022-07-06T05:26:52.898+0000][8][gc,task     ] GC(497) Using 4 workers of 4 for evacuation
[2022-07-06T05:26:52.901+0000][8][gc,age      ] GC(497) Desired survivor size 20971520 bytes, new threshold 15 (max threshold 15)
[2022-07-06T05:26:52.909+0000][8][gc,phases   ] GC(497)   Pre Evacuate Collection Set: 0.8ms
[2022-07-06T05:26:52.910+0000][8][gc,phases   ] GC(497)   Merge Heap Roots: 0.2ms
[2022-07-06T05:26:52.911+0000][8][gc,phases   ] GC(497)   Evacuate Collection Set: 2.7ms
[2022-07-06T05:26:52.913+0000][8][gc,phases   ] GC(497)   Post Evacuate Collection Set: 2.7ms
[2022-07-06T05:26:52.913+0000][8][gc,phases   ] GC(497)   Other: 5.3ms
[2022-07-06T05:26:52.915+0000][8][gc,age      ] GC(497) Age table with threshold 15 (max threshold 15)
[2022-07-06T05:26:52.915+0000][8][gc,age      ] GC(497) - age   1:    1143104 bytes,    1143104 total
[2022-07-06T05:26:52.916+0000][8][gc,age      ] GC(497) - age   2:       2648 bytes,    1145752 total
[2022-07-06T05:26:52.917+0000][8][gc,age      ] GC(497) - age   3:        296 bytes,    1146048 total
[2022-07-06T05:26:52.917+0000][8][gc,age      ] GC(497) - age   4:       2104 bytes,    1148152 total
[2022-07-06T05:26:52.918+0000][8][gc,age      ] GC(497) - age   5:        376 bytes,    1148528 total
[2022-07-06T05:26:52.918+0000][8][gc,age      ] GC(497) - age   6:      40256 bytes,    1188784 total
[2022-07-06T05:26:52.919+0000][8][gc,age      ] GC(497) - age   7:      73848 bytes,    1262632 total
[2022-07-06T05:26:52.920+0000][8][gc,age      ] GC(497) - age   8:        184 bytes,    1262816 total
[2022-07-06T05:26:52.921+0000][8][gc,age      ] GC(497) - age   9:     287544 bytes,    1550360 total
[2022-07-06T05:26:52.921+0000][8][gc,age      ] GC(497) - age  10:        384 bytes,    1550744 total
[2022-07-06T05:26:52.922+0000][8][gc,age      ] GC(497) - age  11:      16280 bytes,    1567024 total
[2022-07-06T05:26:52.922+0000][8][gc,age      ] GC(497) - age  12:        184 bytes,    1567208 total
[2022-07-06T05:26:52.923+0000][8][gc,age      ] GC(497) - age  14:        184 bytes,    1567392 total
[2022-07-06T05:26:52.924+0000][8][gc,age      ] GC(497) - age  15:         64 bytes,    1567456 total
[2022-07-06T05:26:52.925+0000][8][gc,heap     ] GC(497) Eden regions: 75->0(75)
[2022-07-06T05:26:52.926+0000][8][gc,heap     ] GC(497) Survivor regions: 1->1(10)
[2022-07-06T05:26:52.926+0000][8][gc,heap     ] GC(497) Old regions: 24->24
[2022-07-06T05:26:52.927+0000][8][gc,heap     ] GC(497) Archive regions: 2->2
[2022-07-06T05:26:52.927+0000][8][gc,heap     ] GC(497) Humongous regions: 0->0
[2022-07-06T05:26:52.928+0000][8][gc,metaspace] GC(497) Metaspace: 128809K(132224K)->128809K(132224K) NonClass: 111942K(113664K)->111942K(113664K) Class: 16866K(18560K)->16866K(18560K)
[2022-07-06T05:26:52.929+0000][8][gc          ] GC(497) Pause Young (Normal) (G1 Evacuation Pause) 400M->99M(512M) 36.832ms
[2022-07-06T05:26:52.929+0000][8][gc,cpu      ] GC(497) User=0.02s Sys=0.00s Real=0.03s
[2022-07-06T05:26:52.930+0000][8][safepoint   ] Safepoint "G1CollectForAllocation", Time since last: 36321201111 ns, Reaching safepoint: 967678 ns, At safepoint: 38259538 ns, Total: 39227216 ns
[2022-07-06T05:28:44.942+0000][8][safepoint   ] Safepoint "Cleanup", Time since last: 112098192815 ns, Reaching safepoint: 367821 ns, At safepoint: 20008 ns, Total: 387829 ns
[2022-07-06T05:28:46.559+0000][8][gc,start    ] GC(498) Pause Young (Normal) (G1 Evacuation Pause)
[2022-07-06T05:28:46.560+0000][8][gc,task     ] GC(498) Using 4 workers of 4 for evacuation
[2022-07-06T05:28:46.561+0000][8][gc,age      ] GC(498) Desired survivor size 20971520 bytes, new threshold 15 (max threshold 15)
[2022-07-06T05:28:46.568+0000][8][gc,phases   ] GC(498)   Pre Evacuate Collection Set: 0.2ms
[2022-07-06T05:28:46.568+0000][8][gc,phases   ] GC(498)   Merge Heap Roots: 0.1ms
[2022-07-06T05:28:46.569+0000][8][gc,phases   ] GC(498)   Evacuate Collection Set: 3.4ms
[2022-07-06T05:28:46.569+0000][8][gc,phases   ] GC(498)   Post Evacuate Collection Set: 1.3ms
[2022-07-06T05:28:46.570+0000][8][gc,phases   ] GC(498)   Other: 2.5ms
[2022-07-06T05:28:46.571+0000][8][gc,age      ] GC(498) Age table with threshold 15 (max threshold 15)
[2022-07-06T05:28:46.571+0000][8][gc,age      ] GC(498) - age   1:    1202088 bytes,    1202088 total
[2022-07-06T05:28:46.572+0000][8][gc,age      ] GC(498) - age   2:       1800 bytes,    1203888 total
[2022-07-06T05:28:46.573+0000][8][gc,age      ] GC(498) - age   3:        480 bytes,    1204368 total
[2022-07-06T05:28:46.574+0000][8][gc,age      ] GC(498) - age   4:         16 bytes,    1204384 total
[2022-07-06T05:28:46.575+0000][8][gc,age      ] GC(498) - age   5:       2104 bytes,    1206488 total
[2022-07-06T05:28:46.576+0000][8][gc,age      ] GC(498) - age   6:        136 bytes,    1206624 total
[2022-07-06T05:28:46.576+0000][8][gc,age      ] GC(498) - age   7:      40256 bytes,    1246880 total
[2022-07-06T05:28:46.576+0000][8][gc,age      ] GC(498) - age   8:      73848 bytes,    1320728 total
[2022-07-06T05:28:46.577+0000][8][gc,age      ] GC(498) - age   9:        184 bytes,    1320912 total
[2022-07-06T05:28:46.578+0000][8][gc,age      ] GC(498) - age  10:     287544 bytes,    1608456 total
[2022-07-06T05:28:46.578+0000][8][gc,age      ] GC(498) - age  11:        384 bytes,    1608840 total
[2022-07-06T05:28:46.579+0000][8][gc,age      ] GC(498) - age  12:      16280 bytes,    1625120 total
[2022-07-06T05:28:46.579+0000][8][gc,age      ] GC(498) - age  13:        184 bytes,    1625304 total
[2022-07-06T05:28:46.580+0000][8][gc,age      ] GC(498) - age  15:        184 bytes,    1625488 total
[2022-07-06T05:28:46.580+0000][8][gc,heap     ] GC(498) Eden regions: 75->0(75)
[2022-07-06T05:28:46.581+0000][8][gc,heap     ] GC(498) Survivor regions: 1->1(10)
[2022-07-06T05:28:46.582+0000][8][gc,heap     ] GC(498) Old regions: 24->24
[2022-07-06T05:28:46.582+0000][8][gc,heap     ] GC(498) Archive regions: 2->2
[2022-07-06T05:28:46.583+0000][8][gc,heap     ] GC(498) Humongous regions: 0->0
[2022-07-06T05:28:46.583+0000][8][gc,metaspace] GC(498) Metaspace: 128810K(132224K)->128810K(132224K) NonClass: 111944K(113664K)->111944K(113664K) Class: 16866K(18560K)->16866K(18560K)
[2022-07-06T05:28:46.584+0000][8][gc          ] GC(498) Pause Young (Normal) (G1 Evacuation Pause) 399M->100M(512M) 25.026ms
[2022-07-06T05:28:46.585+0000][8][gc,cpu      ] GC(498) User=0.01s Sys=0.00s Real=0.03s
[2022-07-06T05:28:46.585+0000][8][safepoint   ] Safepoint "G1CollectForAllocation", Time since last: 1616176695 ns, Reaching safepoint: 578757 ns, At safepoint: 26486742 ns, Total: 27065499 ns
[2022-07-06T05:30:31.437+0000][8][gc,start    ] GC(499) Pause Young (Normal) (G1 Evacuation Pause)
[2022-07-06T05:30:31.440+0000][8][gc,task     ] GC(499) Using 4 workers of 4 for evacuation
[2022-07-06T05:30:31.440+0000][8][gc,age      ] GC(499) Desired survivor size 20971520 bytes, new threshold 15 (max threshold 15)
[2022-07-06T05:30:31.444+0000][8][gc,phases   ] GC(499)   Pre Evacuate Collection Set: 0.2ms
[2022-07-06T05:30:31.446+0000][8][gc,phases   ] GC(499)   Merge Heap Roots: 0.1ms
[2022-07-06T05:30:31.446+0000][8][gc,phases   ] GC(499)   Evacuate Collection Set: 2.2ms
[2022-07-06T05:30:31.447+0000][8][gc,phases   ] GC(499)   Post Evacuate Collection Set: 0.9ms
[2022-07-06T05:30:31.448+0000][8][gc,phases   ] GC(499)   Other: 1.5ms
[2022-07-06T05:30:31.448+0000][8][gc,age      ] GC(499) Age table with threshold 15 (max threshold 15)
[2022-07-06T05:30:31.448+0000][8][gc,age      ] GC(499) - age   1:     465248 bytes,     465248 total
[2022-07-06T05:30:31.449+0000][8][gc,age      ] GC(499) - age   2:       2456 bytes,     467704 total
[2022-07-06T05:30:31.449+0000][8][gc,age      ] GC(499) - age   3:        392 bytes,     468096 total
[2022-07-06T05:30:31.451+0000][8][gc,age      ] GC(499) - age   4:        184 bytes,     468280 total
[2022-07-06T05:30:31.451+0000][8][gc,age      ] GC(499) - age   5:         16 bytes,     468296 total
[2022-07-06T05:30:31.452+0000][8][gc,age      ] GC(499) - age   6:       2104 bytes,     470400 total
[2022-07-06T05:30:31.452+0000][8][gc,age      ] GC(499) - age   7:        104 bytes,     470504 total
[2022-07-06T05:30:31.453+0000][8][gc,age      ] GC(499) - age   8:      40256 bytes,     510760 total
[2022-07-06T05:30:31.453+0000][8][gc,age      ] GC(499) - age   9:      73848 bytes,     584608 total
[2022-07-06T05:30:31.453+0000][8][gc,age      ] GC(499) - age  10:        184 bytes,     584792 total
[2022-07-06T05:30:31.454+0000][8][gc,age      ] GC(499) - age  11:     287544 bytes,     872336 total
[2022-07-06T05:30:31.454+0000][8][gc,age      ] GC(499) - age  13:      16280 bytes,     888616 total
[2022-07-06T05:30:31.455+0000][8][gc,age      ] GC(499) - age  14:        184 bytes,     888800 total
[2022-07-06T05:30:31.455+0000][8][gc,heap     ] GC(499) Eden regions: 75->0(75)
[2022-07-06T05:30:31.456+0000][8][gc,heap     ] GC(499) Survivor regions: 1->1(10)
[2022-07-06T05:30:31.456+0000][8][gc,heap     ] GC(499) Old regions: 24->24
[2022-07-06T05:30:31.457+0000][8][gc,heap     ] GC(499) Archive regions: 2->2
[2022-07-06T05:30:31.457+0000][8][gc,heap     ] GC(499) Humongous regions: 0->0
[2022-07-06T05:30:31.458+0000][8][gc,metaspace] GC(499) Metaspace: 128810K(132224K)->128810K(132224K) NonClass: 111944K(113664K)->111944K(113664K) Class: 16866K(18560K)->16866K(18560K)
[2022-07-06T05:30:31.458+0000][8][gc          ] GC(499) Pause Young (Normal) (G1 Evacuation Pause) 400M->99M(512M) 21.226ms
[2022-07-06T05:30:31.459+0000][8][gc,cpu      ] GC(499) User=0.01s Sys=0.00s Real=0.03s
[2022-07-06T05:30:31.460+0000][8][safepoint   ] Safepoint "G1CollectForAllocation", Time since last: 104938176541 ns, Reaching safepoint: 154876 ns, At safepoint: 22664984 ns, Total: 22819860 ns
[2022-07-06T05:32:16.903+0000][8][gc,start    ] GC(500) Pause Young (Normal) (G1 Evacuation Pause)
[2022-07-06T05:32:16.906+0000][8][gc,task     ] GC(500) Using 4 workers of 4 for evacuation
[2022-07-06T05:32:16.907+0000][8][gc,age      ] GC(500) Desired survivor size 20971520 bytes, new threshold 15 (max threshold 15)
[2022-07-06T05:32:16.912+0000][8][gc,phases   ] GC(500)   Pre Evacuate Collection Set: 0.2ms
[2022-07-06T05:32:16.913+0000][8][gc,phases   ] GC(500)   Merge Heap Roots: 0.1ms
[2022-07-06T05:32:16.913+0000][8][gc,phases   ] GC(500)   Evacuate Collection Set: 2.2ms
[2022-07-06T05:32:16.914+0000][8][gc,phases   ] GC(500)   Post Evacuate Collection Set: 1.1ms
[2022-07-06T05:32:16.915+0000][8][gc,phases   ] GC(500)   Other: 1.8ms
[2022-07-06T05:32:16.916+0000][8][gc,age      ] GC(500) Age table with threshold 15 (max threshold 15)
[2022-07-06T05:32:16.917+0000][8][gc,age      ] GC(500) - age   1:    1003464 bytes,    1003464 total
[2022-07-06T05:32:16.917+0000][8][gc,age      ] GC(500) - age   2:        816 bytes,    1004280 total
[2022-07-06T05:32:16.918+0000][8][gc,age      ] GC(500) - age   3:       1120 bytes,    1005400 total
[2022-07-06T05:32:16.919+0000][8][gc,age      ] GC(500) - age   4:        392 bytes,    1005792 total
[2022-07-06T05:32:16.919+0000][8][gc,age      ] GC(500) - age   5:        184 bytes,    1005976 total
[2022-07-06T05:32:16.920+0000][8][gc,age      ] GC(500) - age   6:         16 bytes,    1005992 total
[2022-07-06T05:32:16.921+0000][8][gc,age      ] GC(500) - age   7:        184 bytes,    1006176 total
[2022-07-06T05:32:16.921+0000][8][gc,age      ] GC(500) - age   8:        104 bytes,    1006280 total
[2022-07-06T05:32:16.922+0000][8][gc,age      ] GC(500) - age   9:      40256 bytes,    1046536 total
[2022-07-06T05:32:16.922+0000][8][gc,age      ] GC(500) - age  10:      73848 bytes,    1120384 total
[2022-07-06T05:32:16.923+0000][8][gc,age      ] GC(500) - age  11:        184 bytes,    1120568 total
[2022-07-06T05:32:16.924+0000][8][gc,age      ] GC(500) - age  12:     287544 bytes,    1408112 total
[2022-07-06T05:32:16.925+0000][8][gc,age      ] GC(500) - age  14:      16280 bytes,    1424392 total
[2022-07-06T05:32:16.925+0000][8][gc,heap     ] GC(500) Eden regions: 75->0(75)
[2022-07-06T05:32:16.926+0000][8][gc,heap     ] GC(500) Survivor regions: 1->1(10)
[2022-07-06T05:32:16.927+0000][8][gc,heap     ] GC(500) Old regions: 24->24
[2022-07-06T05:32:16.927+0000][8][gc,heap     ] GC(500) Archive regions: 2->2
[2022-07-06T05:32:16.928+0000][8][gc,heap     ] GC(500) Humongous regions: 0->0
[2022-07-06T05:32:16.929+0000][8][gc,metaspace] GC(500) Metaspace: 128810K(132224K)->128810K(132224K) NonClass: 111944K(113664K)->111944K(113664K) Class: 16866K(18560K)->16866K(18560K)
[2022-07-06T05:32:16.929+0000][8][gc          ] GC(500) Pause Young (Normal) (G1 Evacuation Pause) 399M->99M(512M) 25.934ms
[2022-07-06T05:32:16.930+0000][8][gc,cpu      ] GC(500) User=0.00s Sys=0.00s Real=0.02s
[2022-07-06T05:32:16.931+0000][8][safepoint   ] Safepoint "G1CollectForAllocation", Time since last: 105508122577 ns, Reaching safepoint: 123369 ns, At safepoint: 27505880 ns, Total: 27629249 ns
[2022-07-06T05:33:57.972+0000][8][safepoint   ] Safepoint "Cleanup", Time since last: 101105615948 ns, Reaching safepoint: 112148 ns, At safepoint: 48916 ns, Total: 161064 ns
[2022-07-06T05:34:07.365+0000][8][gc,start    ] GC(501) Pause Young (Normal) (G1 Evacuation Pause)
[2022-07-06T05:34:07.366+0000][8][gc,task     ] GC(501) Using 4 workers of 4 for evacuation
[2022-07-06T05:34:07.367+0000][8][gc,age      ] GC(501) Desired survivor size 20971520 bytes, new threshold 15 (max threshold 15)
[2022-07-06T05:34:07.372+0000][8][gc,phases   ] GC(501)   Pre Evacuate Collection Set: 0.1ms
[2022-07-06T05:34:07.373+0000][8][gc,phases   ] GC(501)   Merge Heap Roots: 0.1ms
[2022-07-06T05:34:07.374+0000][8][gc,phases   ] GC(501)   Evacuate Collection Set: 3.2ms
[2022-07-06T05:34:07.374+0000][8][gc,phases   ] GC(501)   Post Evacuate Collection Set: 1.0ms
[2022-07-06T05:34:07.375+0000][8][gc,phases   ] GC(501)   Other: 1.6ms
[2022-07-06T05:34:07.375+0000][8][gc,age      ] GC(501) Age table with threshold 15 (max threshold 15)
[2022-07-06T05:34:07.376+0000][8][gc,age      ] GC(501) - age   1:    1261216 bytes,    1261216 total
[2022-07-06T05:34:07.377+0000][8][gc,age      ] GC(501) - age   2:       3752 bytes,    1264968 total
[2022-07-06T05:34:07.377+0000][8][gc,age      ] GC(501) - age   3:        624 bytes,    1265592 total
[2022-07-06T05:34:07.378+0000][8][gc,age      ] GC(501) - age   4:        696 bytes,    1266288 total
[2022-07-06T05:34:07.379+0000][8][gc,age      ] GC(501) - age   5:        392 bytes,    1266680 total
[2022-07-06T05:34:07.380+0000][8][gc,age      ] GC(501) - age   6:        184 bytes,    1266864 total
[2022-07-06T05:34:07.380+0000][8][gc,age      ] GC(501) - age   7:         16 bytes,    1266880 total
[2022-07-06T05:34:07.381+0000][8][gc,age      ] GC(501) - age   8:        184 bytes,    1267064 total
[2022-07-06T05:34:07.382+0000][8][gc,age      ] GC(501) - age   9:        104 bytes,    1267168 total
[2022-07-06T05:34:07.382+0000][8][gc,age      ] GC(501) - age  10:      40256 bytes,    1307424 total
[2022-07-06T05:34:07.383+0000][8][gc,age      ] GC(501) - age  11:      73848 bytes,    1381272 total
[2022-07-06T05:34:07.384+0000][8][gc,age      ] GC(501) - age  12:        184 bytes,    1381456 total
[2022-07-06T05:34:07.384+0000][8][gc,age      ] GC(501) - age  13:     287544 bytes,    1669000 total
[2022-07-06T05:34:07.385+0000][8][gc,age      ] GC(501) - age  15:      16280 bytes,    1685280 total
[2022-07-06T05:34:07.386+0000][8][gc,heap     ] GC(501) Eden regions: 75->0(75)
[2022-07-06T05:34:07.387+0000][8][gc,heap     ] GC(501) Survivor regions: 1->1(10)
[2022-07-06T05:34:07.388+0000][8][gc,heap     ] GC(501) Old regions: 24->24
[2022-07-06T05:34:07.389+0000][8][gc,heap     ] GC(501) Archive regions: 2->2
[2022-07-06T05:34:07.389+0000][8][gc,heap     ] GC(501) Humongous regions: 0->0
[2022-07-06T05:34:07.390+0000][8][gc,metaspace] GC(501) Metaspace: 128810K(132224K)->128810K(132224K) NonClass: 111944K(113664K)->111944K(113664K) Class: 16866K(18560K)->16866K(18560K)
[2022-07-06T05:34:07.391+0000][8][gc          ] GC(501) Pause Young (Normal) (G1 Evacuation Pause) 399M->100M(512M) 26.224ms
[2022-07-06T05:34:07.392+0000][8][gc,cpu      ] GC(501) User=0.00s Sys=0.01s Real=0.03s
[2022-07-06T05:34:07.393+0000][8][safepoint   ] Safepoint "G1CollectForAllocation", Time since last: 9413403164 ns, Reaching safepoint: 92989 ns, At safepoint: 27793361 ns, Total: 27886350 ns
[2022-07-06T05:35:52.406+0000][8][gc,start    ] GC(502) Pause Young (Normal) (G1 Evacuation Pause)
[2022-07-06T05:35:52.409+0000][8][gc,task     ] GC(502) Using 4 workers of 4 for evacuation
[2022-07-06T05:35:52.410+0000][8][gc,age      ] GC(502) Desired survivor size 20971520 bytes, new threshold 15 (max threshold 15)
[2022-07-06T05:35:52.414+0000][8][gc,phases   ] GC(502)   Pre Evacuate Collection Set: 0.2ms
[2022-07-06T05:35:52.415+0000][8][gc,phases   ] GC(502)   Merge Heap Roots: 0.1ms
[2022-07-06T05:35:52.416+0000][8][gc,phases   ] GC(502)   Evacuate Collection Set: 1.6ms
[2022-07-06T05:35:52.417+0000][8][gc,phases   ] GC(502)   Post Evacuate Collection Set: 1.0ms
[2022-07-06T05:35:52.418+0000][8][gc,phases   ] GC(502)   Other: 2.1ms
[2022-07-06T05:35:52.419+0000][8][gc,age      ] GC(502) Age table with threshold 15 (max threshold 15)
[2022-07-06T05:35:52.421+0000][8][gc,age      ] GC(502) - age   1:     573056 bytes,     573056 total
[2022-07-06T05:35:52.422+0000][8][gc,age      ] GC(502) - age   2:       1864 bytes,     574920 total
[2022-07-06T05:35:52.423+0000][8][gc,age      ] GC(502) - age   3:       2320 bytes,     577240 total
[2022-07-06T05:35:52.425+0000][8][gc,age      ] GC(502) - age   4:        624 bytes,     577864 total
[2022-07-06T05:35:52.426+0000][8][gc,age      ] GC(502) - age   5:        400 bytes,     578264 total
[2022-07-06T05:35:52.427+0000][8][gc,age      ] GC(502) - age   6:        392 bytes,     578656 total
[2022-07-06T05:35:52.428+0000][8][gc,age      ] GC(502) - age   7:        184 bytes,     578840 total
[2022-07-06T05:35:52.428+0000][8][gc,age      ] GC(502) - age   8:         16 bytes,     578856 total
[2022-07-06T05:35:52.429+0000][8][gc,age      ] GC(502) - age   9:        184 bytes,     579040 total
[2022-07-06T05:35:52.430+0000][8][gc,age      ] GC(502) - age  10:        104 bytes,     579144 total
[2022-07-06T05:35:52.430+0000][8][gc,age      ] GC(502) - age  11:      40256 bytes,     619400 total
[2022-07-06T05:35:52.431+0000][8][gc,age      ] GC(502) - age  12:      73848 bytes,     693248 total
[2022-07-06T05:35:52.432+0000][8][gc,age      ] GC(502) - age  14:     287544 bytes,     980792 total
[2022-07-06T05:35:52.433+0000][8][gc,heap     ] GC(502) Eden regions: 75->0(75)
[2022-07-06T05:35:52.434+0000][8][gc,heap     ] GC(502) Survivor regions: 1->1(10)
[2022-07-06T05:35:52.435+0000][8][gc,heap     ] GC(502) Old regions: 24->24
[2022-07-06T05:35:52.437+0000][8][gc,heap     ] GC(502) Archive regions: 2->2
[2022-07-06T05:35:52.438+0000][8][gc,heap     ] GC(502) Humongous regions: 0->0
[2022-07-06T05:35:52.439+0000][8][gc,metaspace] GC(502) Metaspace: 128810K(132224K)->128810K(132224K) NonClass: 111944K(113664K)->111944K(113664K) Class: 16866K(18560K)->16866K(18560K)
[2022-07-06T05:35:52.441+0000][8][gc          ] GC(502) Pause Young (Normal) (G1 Evacuation Pause) 400M->99M(512M) 34.198ms
[2022-07-06T05:35:52.441+0000][8][gc,cpu      ] GC(502) User=0.01s Sys=0.00s Real=0.04s
[2022-07-06T05:35:52.442+0000][8][safepoint   ] Safepoint "G1CollectForAllocation", Time since last: 105080894403 ns, Reaching safepoint: 148904 ns, At safepoint: 35928606 ns, Total: 36077510 ns
[2022-07-06T05:37:40.920+0000][8][gc,start    ] GC(503) Pause Young (Normal) (G1 Evacuation Pause)
[2022-07-06T05:37:40.924+0000][8][gc,task     ] GC(503) Using 4 workers of 4 for evacuation
[2022-07-06T05:37:40.925+0000][8][gc,age      ] GC(503) Desired survivor size 20971520 bytes, new threshold 15 (max threshold 15)
[2022-07-06T05:37:40.929+0000][8][gc,phases   ] GC(503)   Pre Evacuate Collection Set: 0.4ms
[2022-07-06T05:37:40.930+0000][8][gc,phases   ] GC(503)   Merge Heap Roots: 0.2ms
[2022-07-06T05:37:40.932+0000][8][gc,phases   ] GC(503)   Evacuate Collection Set: 2.2ms
[2022-07-06T05:37:40.932+0000][8][gc,phases   ] GC(503)   Post Evacuate Collection Set: 1.1ms
[2022-07-06T05:37:40.933+0000][8][gc,phases   ] GC(503)   Other: 1.6ms
[2022-07-06T05:37:40.933+0000][8][gc,age      ] GC(503) Age table with threshold 15 (max threshold 15)
[2022-07-06T05:37:40.934+0000][8][gc,age      ] GC(503) - age   1:     880832 bytes,     880832 total
[2022-07-06T05:37:40.935+0000][8][gc,age      ] GC(503) - age   2:       2504 bytes,     883336 total
[2022-07-06T05:37:40.936+0000][8][gc,age      ] GC(503) - age   3:       1064 bytes,     884400 total
[2022-07-06T05:37:40.937+0000][8][gc,age      ] GC(503) - age   4:       1920 bytes,     886320 total
[2022-07-06T05:37:40.938+0000][8][gc,age      ] GC(503) - age   5:        624 bytes,     886944 total
[2022-07-06T05:37:40.939+0000][8][gc,age      ] GC(503) - age   6:        400 bytes,     887344 total
[2022-07-06T05:37:40.940+0000][8][gc,age      ] GC(503) - age   7:        392 bytes,     887736 total
[2022-07-06T05:37:40.940+0000][8][gc,age      ] GC(503) - age   8:        184 bytes,     887920 total
[2022-07-06T05:37:40.941+0000][8][gc,age      ] GC(503) - age   9:         16 bytes,     887936 total
[2022-07-06T05:37:40.941+0000][8][gc,age      ] GC(503) - age  10:        184 bytes,     888120 total
[2022-07-06T05:37:40.942+0000][8][gc,age      ] GC(503) - age  11:        104 bytes,     888224 total
[2022-07-06T05:37:40.943+0000][8][gc,age      ] GC(503) - age  12:      39168 bytes,     927392 total
[2022-07-06T05:37:40.944+0000][8][gc,age      ] GC(503) - age  13:      73848 bytes,    1001240 total
[2022-07-06T05:37:40.944+0000][8][gc,age      ] GC(503) - age  15:     287544 bytes,    1288784 total
[2022-07-06T05:37:40.945+0000][8][gc,heap     ] GC(503) Eden regions: 75->0(75)
[2022-07-06T05:37:40.945+0000][8][gc,heap     ] GC(503) Survivor regions: 1->1(10)
[2022-07-06T05:37:40.946+0000][8][gc,heap     ] GC(503) Old regions: 24->24
[2022-07-06T05:37:40.947+0000][8][gc,heap     ] GC(503) Archive regions: 2->2
[2022-07-06T05:37:40.947+0000][8][gc,heap     ] GC(503) Humongous regions: 0->0
[2022-07-06T05:37:40.948+0000][8][gc,metaspace] GC(503) Metaspace: 128810K(132224K)->128810K(132224K) NonClass: 111944K(113664K)->111944K(113664K) Class: 16866K(18560K)->16866K(18560K)
[2022-07-06T05:37:40.949+0000][8][gc          ] GC(503) Pause Young (Normal) (G1 Evacuation Pause) 399M->99M(512M) 28.697ms
[2022-07-06T05:37:40.949+0000][8][gc,cpu      ] GC(503) User=0.01s Sys=0.00s Real=0.03s
[2022-07-06T05:37:40.950+0000][8][safepoint   ] Safepoint "G1CollectForAllocation", Time since last: 108562604627 ns, Reaching safepoint: 121389 ns, At safepoint: 30503157 ns, Total: 30624546 ns
[2022-07-06T05:39:34.246+0000][8][gc,start    ] GC(504) Pause Young (Normal) (G1 Evacuation Pause)
[2022-07-06T05:39:34.249+0000][8][gc,task     ] GC(504) Using 4 workers of 4 for evacuation
[2022-07-06T05:39:34.250+0000][8][gc,age      ] GC(504) Desired survivor size 20971520 bytes, new threshold 15 (max threshold 15)
[2022-07-06T05:39:34.256+0000][8][gc,phases   ] GC(504)   Pre Evacuate Collection Set: 0.3ms
[2022-07-06T05:39:34.258+0000][8][gc,phases   ] GC(504)   Merge Heap Roots: 0.2ms
[2022-07-06T05:39:34.259+0000][8][gc,phases   ] GC(504)   Evacuate Collection Set: 2.8ms
[2022-07-06T05:39:34.260+0000][8][gc,phases   ] GC(504)   Post Evacuate Collection Set: 1.6ms
[2022-07-06T05:39:34.260+0000][8][gc,phases   ] GC(504)   Other: 2.4ms
[2022-07-06T05:39:34.261+0000][8][gc,age      ] GC(504) Age table with threshold 15 (max threshold 15)
[2022-07-06T05:39:34.262+0000][8][gc,age      ] GC(504) - age   1:    1244360 bytes,    1244360 total
[2022-07-06T05:39:34.263+0000][8][gc,age      ] GC(504) - age   2:       3928 bytes,    1248288 total
[2022-07-06T05:39:34.263+0000][8][gc,age      ] GC(504) - age   3:       2000 bytes,    1250288 total
[2022-07-06T05:39:34.264+0000][8][gc,age      ] GC(504) - age   4:        440 bytes,    1250728 total
[2022-07-06T05:39:34.265+0000][8][gc,age      ] GC(504) - age   5:       1920 bytes,    1252648 total
[2022-07-06T05:39:34.265+0000][8][gc,age      ] GC(504) - age   6:        600 bytes,    1253248 total
[2022-07-06T05:39:34.266+0000][8][gc,age      ] GC(504) - age   7:        216 bytes,    1253464 total
[2022-07-06T05:39:34.266+0000][8][gc,age      ] GC(504) - age   8:        392 bytes,    1253856 total
[2022-07-06T05:39:34.267+0000][8][gc,age      ] GC(504) - age   9:        184 bytes,    1254040 total
[2022-07-06T05:39:34.268+0000][8][gc,age      ] GC(504) - age  10:         16 bytes,    1254056 total
[2022-07-06T05:39:34.268+0000][8][gc,age      ] GC(504) - age  11:        184 bytes,    1254240 total
[2022-07-06T05:39:34.269+0000][8][gc,age      ] GC(504) - age  12:        104 bytes,    1254344 total
[2022-07-06T05:39:34.269+0000][8][gc,age      ] GC(504) - age  13:      39168 bytes,    1293512 total
[2022-07-06T05:39:34.270+0000][8][gc,age      ] GC(504) - age  14:      73848 bytes,    1367360 total
[2022-07-06T05:39:34.271+0000][8][gc,heap     ] GC(504) Eden regions: 75->0(75)
[2022-07-06T05:39:34.271+0000][8][gc,heap     ] GC(504) Survivor regions: 1->1(10)
[2022-07-06T05:39:34.272+0000][8][gc,heap     ] GC(504) Old regions: 24->24
[2022-07-06T05:39:34.272+0000][8][gc,heap     ] GC(504) Archive regions: 2->2
[2022-07-06T05:39:34.273+0000][8][gc,heap     ] GC(504) Humongous regions: 0->0
[2022-07-06T05:39:34.274+0000][8][gc,metaspace] GC(504) Metaspace: 128814K(132224K)->128814K(132224K) NonClass: 111947K(113664K)->111947K(113664K) Class: 16866K(18560K)->16866K(18560K)
[2022-07-06T05:39:34.275+0000][8][gc          ] GC(504) Pause Young (Normal) (G1 Evacuation Pause) 399M->100M(512M) 29.049ms
[2022-07-06T05:39:34.276+0000][8][gc,cpu      ] GC(504) User=0.02s Sys=0.01s Real=0.03s
[2022-07-06T05:39:34.277+0000][8][safepoint   ] Safepoint "G1CollectForAllocation", Time since last: 113382257390 ns, Reaching safepoint: 251346 ns, At safepoint: 30635132 ns, Total: 30886478 ns
[2022-07-06T05:41:22.581+0000][8][gc,start    ] GC(505) Pause Young (Normal) (G1 Evacuation Pause)
[2022-07-06T05:41:22.584+0000][8][gc,task     ] GC(505) Using 4 workers of 4 for evacuation
[2022-07-06T05:41:22.584+0000][8][gc,age      ] GC(505) Desired survivor size 20971520 bytes, new threshold 15 (max threshold 15)
[2022-07-06T05:41:22.589+0000][8][gc,phases   ] GC(505)   Pre Evacuate Collection Set: 0.3ms
[2022-07-06T05:41:22.590+0000][8][gc,phases   ] GC(505)   Merge Heap Roots: 0.1ms
[2022-07-06T05:41:22.591+0000][8][gc,phases   ] GC(505)   Evacuate Collection Set: 1.7ms
[2022-07-06T05:41:22.591+0000][8][gc,phases   ] GC(505)   Post Evacuate Collection Set: 1.3ms
[2022-07-06T05:41:22.592+0000][8][gc,phases   ] GC(505)   Other: 1.7ms
[2022-07-06T05:41:22.592+0000][8][gc,age      ] GC(505) Age table with threshold 15 (max threshold 15)
[2022-07-06T05:41:22.593+0000][8][gc,age      ] GC(505) - age   1:     510032 bytes,     510032 total
[2022-07-06T05:41:22.594+0000][8][gc,age      ] GC(505) - age   2:       2320 bytes,     512352 total
[2022-07-06T05:41:22.594+0000][8][gc,age      ] GC(505) - age   3:       2880 bytes,     515232 total
[2022-07-06T05:41:22.595+0000][8][gc,age      ] GC(505) - age   4:       1936 bytes,     517168 total
[2022-07-06T05:41:22.596+0000][8][gc,age      ] GC(505) - age   5:        256 bytes,     517424 total
[2022-07-06T05:41:22.596+0000][8][gc,age      ] GC(505) - age   7:        600 bytes,     518024 total
[2022-07-06T05:41:22.597+0000][8][gc,age      ] GC(505) - age   8:        216 bytes,     518240 total
[2022-07-06T05:41:22.597+0000][8][gc,age      ] GC(505) - age  10:        184 bytes,     518424 total
[2022-07-06T05:41:22.598+0000][8][gc,age      ] GC(505) - age  11:         16 bytes,     518440 total
[2022-07-06T05:41:22.598+0000][8][gc,age      ] GC(505) - age  12:        184 bytes,     518624 total
[2022-07-06T05:41:22.599+0000][8][gc,age      ] GC(505) - age  13:        104 bytes,     518728 total
[2022-07-06T05:41:22.599+0000][8][gc,age      ] GC(505) - age  14:      39168 bytes,     557896 total
[2022-07-06T05:41:22.600+0000][8][gc,age      ] GC(505) - age  15:      73848 bytes,     631744 total
[2022-07-06T05:41:22.601+0000][8][gc,heap     ] GC(505) Eden regions: 75->0(75)
[2022-07-06T05:41:22.601+0000][8][gc,heap     ] GC(505) Survivor regions: 1->1(10)
[2022-07-06T05:41:22.602+0000][8][gc,heap     ] GC(505) Old regions: 24->24
[2022-07-06T05:41:22.603+0000][8][gc,heap     ] GC(505) Archive regions: 2->2
[2022-07-06T05:41:22.603+0000][8][gc,heap     ] GC(505) Humongous regions: 0->0
[2022-07-06T05:41:22.604+0000][8][gc,metaspace] GC(505) Metaspace: 128818K(132224K)->128818K(132224K) NonClass: 111951K(113664K)->111951K(113664K) Class: 16866K(18560K)->16866K(18560K)
[2022-07-06T05:41:22.605+0000][8][gc          ] GC(505) Pause Young (Normal) (G1 Evacuation Pause) 400M->99M(512M) 24.447ms
[2022-07-06T05:41:22.606+0000][8][gc,cpu      ] GC(505) User=0.00s Sys=0.00s Real=0.03s
[2022-07-06T05:41:22.606+0000][8][safepoint   ] Safepoint "G1CollectForAllocation", Time since last: 108369195037 ns, Reaching safepoint: 90867 ns, At safepoint: 25846836 ns, Total: 25937703 ns
[2022-07-06T05:43:10.194+0000][8][gc,start    ] GC(506) Pause Young (Normal) (G1 Evacuation Pause)
[2022-07-06T05:43:10.195+0000][8][gc,task     ] GC(506) Using 4 workers of 4 for evacuation
[2022-07-06T05:43:10.196+0000][8][gc,age      ] GC(506) Desired survivor size 20971520 bytes, new threshold 15 (max threshold 15)
[2022-07-06T05:43:10.200+0000][8][gc,phases   ] GC(506)   Pre Evacuate Collection Set: 0.1ms
[2022-07-06T05:43:10.201+0000][8][gc,phases   ] GC(506)   Merge Heap Roots: 0.1ms
[2022-07-06T05:43:10.201+0000][8][gc,phases   ] GC(506)   Evacuate Collection Set: 1.8ms
[2022-07-06T05:43:10.202+0000][8][gc,phases   ] GC(506)   Post Evacuate Collection Set: 1.1ms
[2022-07-06T05:43:10.203+0000][8][gc,phases   ] GC(506)   Other: 1.4ms
[2022-07-06T05:43:10.203+0000][8][gc,age      ] GC(506) Age table with threshold 15 (max threshold 15)
[2022-07-06T05:43:10.204+0000][8][gc,age      ] GC(506) - age   1:    1213432 bytes,    1213432 total
[2022-07-06T05:43:10.204+0000][8][gc,age      ] GC(506) - age   2:       4464 bytes,    1217896 total
[2022-07-06T05:43:10.205+0000][8][gc,age      ] GC(506) - age   3:        752 bytes,    1218648 total
[2022-07-06T05:43:10.206+0000][8][gc,age      ] GC(506) - age   4:       2592 bytes,    1221240 total
[2022-07-06T05:43:10.206+0000][8][gc,age      ] GC(506) - age   5:       1872 bytes,    1223112 total
[2022-07-06T05:43:10.207+0000][8][gc,age      ] GC(506) - age   6:        256 bytes,    1223368 total
[2022-07-06T05:43:10.208+0000][8][gc,age      ] GC(506) - age   8:        600 bytes,    1223968 total
[2022-07-06T05:43:10.209+0000][8][gc,age      ] GC(506) - age   9:         32 bytes,    1224000 total
[2022-07-06T05:43:10.210+0000][8][gc,age      ] GC(506) - age  11:        184 bytes,    1224184 total
[2022-07-06T05:43:10.211+0000][8][gc,age      ] GC(506) - age  12:         16 bytes,    1224200 total
[2022-07-06T05:43:10.211+0000][8][gc,age      ] GC(506) - age  13:        184 bytes,    1224384 total
[2022-07-06T05:43:10.212+0000][8][gc,age      ] GC(506) - age  14:        104 bytes,    1224488 total
[2022-07-06T05:43:10.213+0000][8][gc,age      ] GC(506) - age  15:      39168 bytes,    1263656 total
[2022-07-06T05:43:10.214+0000][8][gc,heap     ] GC(506) Eden regions: 75->0(75)
[2022-07-06T05:43:10.215+0000][8][gc,heap     ] GC(506) Survivor regions: 1->1(10)
[2022-07-06T05:43:10.216+0000][8][gc,heap     ] GC(506) Old regions: 24->24
[2022-07-06T05:43:10.217+0000][8][gc,heap     ] GC(506) Archive regions: 2->2
[2022-07-06T05:43:10.218+0000][8][gc,heap     ] GC(506) Humongous regions: 0->0
[2022-07-06T05:43:10.218+0000][8][gc,metaspace] GC(506) Metaspace: 128818K(132224K)->128818K(132224K) NonClass: 111951K(113664K)->111951K(113664K) Class: 16866K(18560K)->16866K(18560K)
[2022-07-06T05:43:10.219+0000][8][gc          ] GC(506) Pause Young (Normal) (G1 Evacuation Pause) 399M->99M(512M) 24.648ms
[2022-07-06T05:43:10.220+0000][8][gc,cpu      ] GC(506) User=0.01s Sys=0.00s Real=0.03s
[2022-07-06T05:43:10.221+0000][8][safepoint   ] Safepoint "G1CollectForAllocation", Time since last: 107672680334 ns, Reaching safepoint: 71070 ns, At safepoint: 26237497 ns, Total: 26308567 ns
[2022-07-06T05:44:43.231+0000][8][gc,start    ] GC(507) Pause Young (Normal) (G1 Evacuation Pause)
[2022-07-06T05:44:43.233+0000][8][gc,task     ] GC(507) Using 4 workers of 4 for evacuation
[2022-07-06T05:44:43.235+0000][8][gc,age      ] GC(507) Desired survivor size 20971520 bytes, new threshold 15 (max threshold 15)
[2022-07-06T05:44:43.243+0000][8][gc,phases   ] GC(507)   Pre Evacuate Collection Set: 1.0ms
[2022-07-06T05:44:43.245+0000][8][gc,phases   ] GC(507)   Merge Heap Roots: 0.3ms
[2022-07-06T05:44:43.246+0000][8][gc,phases   ] GC(507)   Evacuate Collection Set: 1.8ms
[2022-07-06T05:44:43.247+0000][8][gc,phases   ] GC(507)   Post Evacuate Collection Set: 3.6ms
[2022-07-06T05:44:43.248+0000][8][gc,phases   ] GC(507)   Other: 3.5ms
[2022-07-06T05:44:43.249+0000][8][gc,age      ] GC(507) Age table with threshold 15 (max threshold 15)
[2022-07-06T05:44:43.249+0000][8][gc,age      ] GC(507) - age   1:     767232 bytes,     767232 total
[2022-07-06T05:44:43.250+0000][8][gc,age      ] GC(507) - age   2:       1976 bytes,     769208 total
[2022-07-06T05:44:43.251+0000][8][gc,age      ] GC(507) - age   3:       3208 bytes,     772416 total
[2022-07-06T05:44:43.253+0000][8][gc,age      ] GC(507) - age   4:        496 bytes,     772912 total
[2022-07-06T05:44:43.255+0000][8][gc,age      ] GC(507) - age   5:       2296 bytes,     775208 total
[2022-07-06T05:44:43.256+0000][8][gc,age      ] GC(507) - age   6:       1872 bytes,     777080 total
[2022-07-06T05:44:43.257+0000][8][gc,age      ] GC(507) - age   7:        256 bytes,     777336 total
[2022-07-06T05:44:43.258+0000][8][gc,age      ] GC(507) - age   9:        568 bytes,     777904 total
[2022-07-06T05:44:43.258+0000][8][gc,age      ] GC(507) - age  10:         32 bytes,     777936 total
[2022-07-06T05:44:43.259+0000][8][gc,age      ] GC(507) - age  12:        184 bytes,     778120 total
[2022-07-06T05:44:43.261+0000][8][gc,age      ] GC(507) - age  13:         16 bytes,     778136 total
[2022-07-06T05:44:43.262+0000][8][gc,age      ] GC(507) - age  14:        184 bytes,     778320 total
[2022-07-06T05:44:43.262+0000][8][gc,age      ] GC(507) - age  15:        104 bytes,     778424 total
[2022-07-06T05:44:43.263+0000][8][gc,heap     ] GC(507) Eden regions: 75->0(75)
[2022-07-06T05:44:43.263+0000][8][gc,heap     ] GC(507) Survivor regions: 1->1(10)
[2022-07-06T05:44:43.264+0000][8][gc,heap     ] GC(507) Old regions: 24->24
[2022-07-06T05:44:43.265+0000][8][gc,heap     ] GC(507) Archive regions: 2->2
[2022-07-06T05:44:43.265+0000][8][gc,heap     ] GC(507) Humongous regions: 0->0
[2022-07-06T05:44:43.266+0000][8][gc,metaspace] GC(507) Metaspace: 128818K(132224K)->128818K(132224K) NonClass: 111951K(113664K)->111951K(113664K) Class: 16866K(18560K)->16866K(18560K)
[2022-07-06T05:44:43.267+0000][8][gc          ] GC(507) Pause Young (Normal) (G1 Evacuation Pause) 399M->99M(512M) 35.722ms
[2022-07-06T05:44:43.268+0000][8][gc,cpu      ] GC(507) User=0.01s Sys=0.00s Real=0.04s
[2022-07-06T05:44:43.270+0000][8][safepoint   ] Safepoint "G1CollectForAllocation", Time since last: 93076195666 ns, Reaching safepoint: 239510 ns, At safepoint: 38502315 ns, Total: 38741825 ns
[2022-07-06T05:46:13.142+0000][8][gc,start    ] GC(508) Pause Young (Normal) (G1 Evacuation Pause)
[2022-07-06T05:46:13.147+0000][8][gc,task     ] GC(508) Using 4 workers of 4 for evacuation
[2022-07-06T05:46:13.148+0000][8][gc,age      ] GC(508) Desired survivor size 20971520 bytes, new threshold 15 (max threshold 15)
[2022-07-06T05:46:13.153+0000][8][gc,phases   ] GC(508)   Pre Evacuate Collection Set: 0.2ms
[2022-07-06T05:46:13.153+0000][8][gc,phases   ] GC(508)   Merge Heap Roots: 0.1ms
[2022-07-06T05:46:13.154+0000][8][gc,phases   ] GC(508)   Evacuate Collection Set: 1.6ms
[2022-07-06T05:46:13.155+0000][8][gc,phases   ] GC(508)   Post Evacuate Collection Set: 1.6ms
[2022-07-06T05:46:13.156+0000][8][gc,phases   ] GC(508)   Other: 2.5ms
[2022-07-06T05:46:13.156+0000][8][gc,age      ] GC(508) Age table with threshold 15 (max threshold 15)
[2022-07-06T05:46:13.157+0000][8][gc,age      ] GC(508) - age   1:     522624 bytes,     522624 total
[2022-07-06T05:46:13.158+0000][8][gc,age      ] GC(508) - age   2:       1224 bytes,     523848 total
[2022-07-06T05:46:13.158+0000][8][gc,age      ] GC(508) - age   3:        408 bytes,     524256 total
[2022-07-06T05:46:13.159+0000][8][gc,age      ] GC(508) - age   4:       3080 bytes,     527336 total
[2022-07-06T05:46:13.160+0000][8][gc,age      ] GC(508) - age   5:        496 bytes,     527832 total
[2022-07-06T05:46:13.161+0000][8][gc,age      ] GC(508) - age   6:       2296 bytes,     530128 total
[2022-07-06T05:46:13.163+0000][8][gc,age      ] GC(508) - age   7:       1872 bytes,     532000 total
[2022-07-06T05:46:13.164+0000][8][gc,age      ] GC(508) - age   8:        256 bytes,     532256 total
[2022-07-06T05:46:13.167+0000][8][gc,age      ] GC(508) - age  10:        568 bytes,     532824 total
[2022-07-06T05:46:13.168+0000][8][gc,age      ] GC(508) - age  11:         32 bytes,     532856 total
[2022-07-06T05:46:13.169+0000][8][gc,age      ] GC(508) - age  13:        184 bytes,     533040 total
[2022-07-06T05:46:13.170+0000][8][gc,age      ] GC(508) - age  14:         16 bytes,     533056 total
[2022-07-06T05:46:13.171+0000][8][gc,age      ] GC(508) - age  15:        184 bytes,     533240 total
[2022-07-06T05:46:13.172+0000][8][gc,heap     ] GC(508) Eden regions: 75->0(75)
[2022-07-06T05:46:13.173+0000][8][gc,heap     ] GC(508) Survivor regions: 1->1(10)
[2022-07-06T05:46:13.174+0000][8][gc,heap     ] GC(508) Old regions: 24->24
[2022-07-06T05:46:13.174+0000][8][gc,heap     ] GC(508) Archive regions: 2->2
[2022-07-06T05:46:13.175+0000][8][gc,heap     ] GC(508) Humongous regions: 0->0
[2022-07-06T05:46:13.175+0000][8][gc,metaspace] GC(508) Metaspace: 128818K(132224K)->128818K(132224K) NonClass: 111951K(113664K)->111951K(113664K) Class: 16866K(18560K)->16866K(18560K)
[2022-07-06T05:46:13.176+0000][8][gc          ] GC(508) Pause Young (Normal) (G1 Evacuation Pause) 399M->99M(512M) 33.718ms
[2022-07-06T05:46:13.177+0000][8][gc,cpu      ] GC(508) User=0.01s Sys=0.00s Real=0.03s
[2022-07-06T05:46:13.179+0000][8][safepoint   ] Safepoint "G1CollectForAllocation", Time since last: 89937168461 ns, Reaching safepoint: 105664 ns, At safepoint: 36509686 ns, Total: 36615350 ns
[2022-07-06T05:47:34.105+0000][8][gc,start    ] GC(509) Pause Young (Normal) (G1 Evacuation Pause)
[2022-07-06T05:47:34.107+0000][8][gc,task     ] GC(509) Using 4 workers of 4 for evacuation
[2022-07-06T05:47:34.108+0000][8][gc,age      ] GC(509) Desired survivor size 20971520 bytes, new threshold 15 (max threshold 15)
[2022-07-06T05:47:34.113+0000][8][gc,phases   ] GC(509)   Pre Evacuate Collection Set: 0.2ms
[2022-07-06T05:47:34.114+0000][8][gc,phases   ] GC(509)   Merge Heap Roots: 0.1ms
[2022-07-06T05:47:34.115+0000][8][gc,phases   ] GC(509)   Evacuate Collection Set: 1.1ms
[2022-07-06T05:47:34.116+0000][8][gc,phases   ] GC(509)   Post Evacuate Collection Set: 2.4ms
[2022-07-06T05:47:34.117+0000][8][gc,phases   ] GC(509)   Other: 2.0ms
[2022-07-06T05:47:34.117+0000][8][gc,age      ] GC(509) Age table with threshold 15 (max threshold 15)
[2022-07-06T05:47:34.118+0000][8][gc,age      ] GC(509) - age   1:     385184 bytes,     385184 total
[2022-07-06T05:47:34.119+0000][8][gc,age      ] GC(509) - age   2:       1600 bytes,     386784 total
[2022-07-06T05:47:34.120+0000][8][gc,age      ] GC(509) - age   3:        328 bytes,     387112 total
[2022-07-06T05:47:34.121+0000][8][gc,age      ] GC(509) - age   4:        184 bytes,     387296 total
[2022-07-06T05:47:34.121+0000][8][gc,age      ] GC(509) - age   5:       3080 bytes,     390376 total
[2022-07-06T05:47:34.122+0000][8][gc,age      ] GC(509) - age   6:        312 bytes,     390688 total
[2022-07-06T05:47:34.122+0000][8][gc,age      ] GC(509) - age   7:       2296 bytes,     392984 total
[2022-07-06T05:47:34.123+0000][8][gc,age      ] GC(509) - age   8:       1872 bytes,     394856 total
[2022-07-06T05:47:34.124+0000][8][gc,age      ] GC(509) - age   9:        256 bytes,     395112 total
[2022-07-06T05:47:34.125+0000][8][gc,age      ] GC(509) - age  11:        568 bytes,     395680 total
[2022-07-06T05:47:34.125+0000][8][gc,age      ] GC(509) - age  12:         32 bytes,     395712 total
[2022-07-06T05:47:34.126+0000][8][gc,age      ] GC(509) - age  14:        184 bytes,     395896 total
[2022-07-06T05:47:34.127+0000][8][gc,age      ] GC(509) - age  15:         16 bytes,     395912 total
[2022-07-06T05:47:34.127+0000][8][gc,heap     ] GC(509) Eden regions: 75->0(75)
[2022-07-06T05:47:34.128+0000][8][gc,heap     ] GC(509) Survivor regions: 1->1(10)
[2022-07-06T05:47:34.130+0000][8][gc,heap     ] GC(509) Old regions: 24->24
[2022-07-06T05:47:34.132+0000][8][gc,heap     ] GC(509) Archive regions: 2->2
[2022-07-06T05:47:34.132+0000][8][gc,heap     ] GC(509) Humongous regions: 0->0
[2022-07-06T05:47:34.133+0000][8][gc,metaspace] GC(509) Metaspace: 128818K(132224K)->128818K(132224K) NonClass: 111951K(113664K)->111951K(113664K) Class: 16866K(18560K)->16866K(18560K)
[2022-07-06T05:47:34.134+0000][8][gc          ] GC(509) Pause Young (Normal) (G1 Evacuation Pause) 399M->99M(512M) 29.536ms
[2022-07-06T05:47:34.135+0000][8][gc,cpu      ] GC(509) User=0.01s Sys=0.00s Real=0.03s
[2022-07-06T05:47:34.136+0000][8][safepoint   ] Safepoint "G1CollectForAllocation", Time since last: 80989914728 ns, Reaching safepoint: 151770 ns, At safepoint: 31539363 ns, Total: 31691133 ns
[2022-07-06T05:48:44.152+0000][8][safepoint   ] Safepoint "Cleanup", Time since last: 70060098354 ns, Reaching safepoint: 119317 ns, At safepoint: 9075 ns, Total: 128392 ns
[2022-07-06T05:48:57.171+0000][8][safepoint   ] Safepoint "Cleanup", Time since last: 13017828392 ns, Reaching safepoint: 202922 ns, At safepoint: 276636 ns, Total: 479558 ns
[2022-07-06T05:49:01.088+0000][8][gc,start    ] GC(510) Pause Young (Normal) (G1 Evacuation Pause)
[2022-07-06T05:49:01.089+0000][8][gc,task     ] GC(510) Using 4 workers of 4 for evacuation
[2022-07-06T05:49:01.090+0000][8][gc,age      ] GC(510) Desired survivor size 20971520 bytes, new threshold 15 (max threshold 15)
[2022-07-06T05:49:01.095+0000][8][gc,phases   ] GC(510)   Pre Evacuate Collection Set: 0.1ms
[2022-07-06T05:49:01.096+0000][8][gc,phases   ] GC(510)   Merge Heap Roots: 0.0ms
[2022-07-06T05:49:01.097+0000][8][gc,phases   ] GC(510)   Evacuate Collection Set: 2.8ms
[2022-07-06T05:49:01.097+0000][8][gc,phases   ] GC(510)   Post Evacuate Collection Set: 1.1ms
[2022-07-06T05:49:01.098+0000][8][gc,phases   ] GC(510)   Other: 2.1ms
[2022-07-06T05:49:01.099+0000][8][gc,age      ] GC(510) Age table with threshold 15 (max threshold 15)
[2022-07-06T05:49:01.099+0000][8][gc,age      ] GC(510) - age   1:    1632376 bytes,    1632376 total
[2022-07-06T05:49:01.100+0000][8][gc,age      ] GC(510) - age   2:       2088 bytes,    1634464 total
[2022-07-06T05:49:01.100+0000][8][gc,age      ] GC(510) - age   3:        544 bytes,    1635008 total
[2022-07-06T05:49:01.101+0000][8][gc,age      ] GC(510) - age   4:         32 bytes,    1635040 total
[2022-07-06T05:49:01.102+0000][8][gc,age      ] GC(510) - age   6:       3080 bytes,    1638120 total
[2022-07-06T05:49:01.103+0000][8][gc,age      ] GC(510) - age   7:        112 bytes,    1638232 total
[2022-07-06T05:49:01.103+0000][8][gc,age      ] GC(510) - age   8:       2296 bytes,    1640528 total
[2022-07-06T05:49:01.104+0000][8][gc,age      ] GC(510) - age   9:       1872 bytes,    1642400 total
[2022-07-06T05:49:01.104+0000][8][gc,age      ] GC(510) - age  10:        256 bytes,    1642656 total
[2022-07-06T05:49:01.105+0000][8][gc,age      ] GC(510) - age  12:        568 bytes,    1643224 total
[2022-07-06T05:49:01.106+0000][8][gc,age      ] GC(510) - age  15:        184 bytes,    1643408 total
[2022-07-06T05:49:01.106+0000][8][gc,heap     ] GC(510) Eden regions: 75->0(75)
[2022-07-06T05:49:01.107+0000][8][gc,heap     ] GC(510) Survivor regions: 1->1(10)
[2022-07-06T05:49:01.109+0000][8][gc,heap     ] GC(510) Old regions: 24->24
[2022-07-06T05:49:01.110+0000][8][gc,heap     ] GC(510) Archive regions: 2->2
[2022-07-06T05:49:01.111+0000][8][gc,heap     ] GC(510) Humongous regions: 0->0
[2022-07-06T05:49:01.112+0000][8][gc,metaspace] GC(510) Metaspace: 128820K(132224K)->128820K(132224K) NonClass: 111954K(113664K)->111954K(113664K) Class: 16866K(18560K)->16866K(18560K)
[2022-07-06T05:49:01.113+0000][8][gc          ] GC(510) Pause Young (Normal) (G1 Evacuation Pause) 399M->100M(512M) 24.577ms
[2022-07-06T05:49:01.113+0000][8][gc,cpu      ] GC(510) User=0.01s Sys=0.01s Real=0.02s
[2022-07-06T05:49:01.114+0000][8][safepoint   ] Safepoint "G1CollectForAllocation", Time since last: 3939473034 ns, Reaching safepoint: 51464 ns, At safepoint: 26004551 ns, Total: 26056015 ns
[2022-07-06T05:50:05.137+0000][8][safepoint   ] Safepoint "Cleanup", Time since last: 64065280604 ns, Reaching safepoint: 237150 ns, At safepoint: 7713 ns, Total: 244863 ns
[2022-07-06T05:50:31.150+0000][8][gc,start    ] GC(511) Pause Young (Normal) (G1 Evacuation Pause)
[2022-07-06T05:50:31.165+0000][8][gc,task     ] GC(511) Using 4 workers of 4 for evacuation
[2022-07-06T05:50:31.166+0000][8][gc,age      ] GC(511) Desired survivor size 20971520 bytes, new threshold 15 (max threshold 15)
[2022-07-06T05:50:31.182+0000][8][gc,phases   ] GC(511)   Pre Evacuate Collection Set: 0.4ms
[2022-07-06T05:50:31.183+0000][8][gc,phases   ] GC(511)   Merge Heap Roots: 0.1ms
[2022-07-06T05:50:31.189+0000][8][gc,phases   ] GC(511)   Evacuate Collection Set: 2.5ms
[2022-07-06T05:50:31.196+0000][8][gc,phases   ] GC(511)   Post Evacuate Collection Set: 1.4ms
[2022-07-06T05:50:31.197+0000][8][gc,phases   ] GC(511)   Other: 12.8ms
[2022-07-06T05:50:31.198+0000][8][gc,age      ] GC(511) Age table with threshold 15 (max threshold 15)
[2022-07-06T05:50:31.199+0000][8][gc,age      ] GC(511) - age   1:    1257128 bytes,    1257128 total
[2022-07-06T05:50:31.200+0000][8][gc,age      ] GC(511) - age   2:       2088 bytes,    1259216 total
[2022-07-06T05:50:31.200+0000][8][gc,age      ] GC(511) - age   3:        280 bytes,    1259496 total
[2022-07-06T05:50:31.201+0000][8][gc,age      ] GC(511) - age   4:        480 bytes,    1259976 total
[2022-07-06T05:50:31.202+0000][8][gc,age      ] GC(511) - age   5:         32 bytes,    1260008 total
[2022-07-06T05:50:31.203+0000][8][gc,age      ] GC(511) - age   7:       3080 bytes,    1263088 total
[2022-07-06T05:50:31.207+0000][8][gc,age      ] GC(511) - age   8:        112 bytes,    1263200 total
[2022-07-06T05:50:31.208+0000][8][gc,age      ] GC(511) - age   9:       2296 bytes,    1265496 total
[2022-07-06T05:50:31.209+0000][8][gc,age      ] GC(511) - age  10:       1872 bytes,    1267368 total
[2022-07-06T05:50:31.210+0000][8][gc,age      ] GC(511) - age  11:        256 bytes,    1267624 total
[2022-07-06T05:50:31.211+0000][8][gc,age      ] GC(511) - age  13:        184 bytes,    1267808 total
[2022-07-06T05:50:31.212+0000][8][gc,heap     ] GC(511) Eden regions: 75->0(75)
[2022-07-06T05:50:31.213+0000][8][gc,heap     ] GC(511) Survivor regions: 1->1(10)
[2022-07-06T05:50:31.214+0000][8][gc,heap     ] GC(511) Old regions: 24->24
[2022-07-06T05:50:31.215+0000][8][gc,heap     ] GC(511) Archive regions: 2->2
[2022-07-06T05:50:31.215+0000][8][gc,heap     ] GC(511) Humongous regions: 0->0
[2022-07-06T05:50:31.216+0000][8][gc,metaspace] GC(511) Metaspace: 128820K(132224K)->128820K(132224K) NonClass: 111954K(113664K)->111954K(113664K) Class: 16866K(18560K)->16866K(18560K)
[2022-07-06T05:50:31.219+0000][8][gc          ] GC(511) Pause Young (Normal) (G1 Evacuation Pause) 400M->100M(512M) 68.751ms
[2022-07-06T05:50:31.221+0000][8][gc,cpu      ] GC(511) User=0.01s Sys=0.01s Real=0.07s
[2022-07-06T05:50:31.223+0000][8][safepoint   ] Safepoint "G1CollectForAllocation", Time since last: 26035320682 ns, Reaching safepoint: 128322 ns, At safepoint: 72535922 ns, Total: 72664244 ns
[2022-07-06T05:51:55.032+0000][8][gc,start    ] GC(512) Pause Young (Normal) (G1 Evacuation Pause)
[2022-07-06T05:51:55.034+0000][8][gc,task     ] GC(512) Using 4 workers of 4 for evacuation
[2022-07-06T05:51:55.034+0000][8][gc,age      ] GC(512) Desired survivor size 20971520 bytes, new threshold 15 (max threshold 15)
[2022-07-06T05:51:55.039+0000][8][gc,phases   ] GC(512)   Pre Evacuate Collection Set: 0.2ms
[2022-07-06T05:51:55.040+0000][8][gc,phases   ] GC(512)   Merge Heap Roots: 0.3ms
[2022-07-06T05:51:55.041+0000][8][gc,phases   ] GC(512)   Evacuate Collection Set: 1.8ms
[2022-07-06T05:51:55.042+0000][8][gc,phases   ] GC(512)   Post Evacuate Collection Set: 0.8ms
[2022-07-06T05:51:55.043+0000][8][gc,phases   ] GC(512)   Other: 2.3ms
[2022-07-06T05:51:55.044+0000][8][gc,age      ] GC(512) Age table with threshold 15 (max threshold 15)
[2022-07-06T05:51:55.044+0000][8][gc,age      ] GC(512) - age   1:    1064648 bytes,    1064648 total
[2022-07-06T05:51:55.045+0000][8][gc,age      ] GC(512) - age   2:       2688 bytes,    1067336 total
[2022-07-06T05:51:55.045+0000][8][gc,age      ] GC(512) - age   3:        432 bytes,    1067768 total
[2022-07-06T05:51:55.046+0000][8][gc,age      ] GC(512) - age   4:         96 bytes,    1067864 total
[2022-07-06T05:51:55.046+0000][8][gc,age      ] GC(512) - age   5:        184 bytes,    1068048 total
[2022-07-06T05:51:55.047+0000][8][gc,age      ] GC(512) - age   8:       1160 bytes,    1069208 total
[2022-07-06T05:51:55.048+0000][8][gc,age      ] GC(512) - age   9:        112 bytes,    1069320 total
[2022-07-06T05:51:55.049+0000][8][gc,age      ] GC(512) - age  10:       2296 bytes,    1071616 total
[2022-07-06T05:51:55.049+0000][8][gc,age      ] GC(512) - age  11:       1872 bytes,    1073488 total
[2022-07-06T05:51:55.050+0000][8][gc,age      ] GC(512) - age  12:        256 bytes,    1073744 total
[2022-07-06T05:51:55.051+0000][8][gc,age      ] GC(512) - age  14:        184 bytes,    1073928 total
[2022-07-06T05:51:55.051+0000][8][gc,heap     ] GC(512) Eden regions: 75->0(75)
[2022-07-06T05:51:55.052+0000][8][gc,heap     ] GC(512) Survivor regions: 1->1(10)
[2022-07-06T05:51:55.053+0000][8][gc,heap     ] GC(512) Old regions: 24->24
[2022-07-06T05:51:55.053+0000][8][gc,heap     ] GC(512) Archive regions: 2->2
[2022-07-06T05:51:55.054+0000][8][gc,heap     ] GC(512) Humongous regions: 0->0
[2022-07-06T05:51:55.055+0000][8][gc,metaspace] GC(512) Metaspace: 128820K(132224K)->128820K(132224K) NonClass: 111954K(113664K)->111954K(113664K) Class: 16866K(18560K)->16866K(18560K)
[2022-07-06T05:51:55.056+0000][8][gc          ] GC(512) Pause Young (Normal) (G1 Evacuation Pause) 400M->99M(512M) 23.565ms
[2022-07-06T05:51:55.057+0000][8][gc,cpu      ] GC(512) User=0.01s Sys=0.00s Real=0.02s
[2022-07-06T05:51:55.058+0000][8][safepoint   ] Safepoint "G1CollectForAllocation", Time since last: 83851665994 ns, Reaching safepoint: 99852 ns, At safepoint: 25677943 ns, Total: 25777795 ns
[2022-07-06T05:52:17.066+0000][8][safepoint   ] Safepoint "Cleanup", Time since last: 22029699255 ns, Reaching safepoint: 198659 ns, At safepoint: 61256 ns, Total: 259915 ns
[2022-07-06T05:53:18.988+0000][8][gc,start    ] GC(513) Pause Young (Normal) (G1 Evacuation Pause)
[2022-07-06T05:53:18.990+0000][8][gc,task     ] GC(513) Using 4 workers of 4 for evacuation
[2022-07-06T05:53:18.990+0000][8][gc,age      ] GC(513) Desired survivor size 20971520 bytes, new threshold 15 (max threshold 15)
[2022-07-06T05:53:18.995+0000][8][gc,phases   ] GC(513)   Pre Evacuate Collection Set: 0.2ms
[2022-07-06T05:53:18.995+0000][8][gc,phases   ] GC(513)   Merge Heap Roots: 0.2ms
[2022-07-06T05:53:18.996+0000][8][gc,phases   ] GC(513)   Evacuate Collection Set: 1.7ms
[2022-07-06T05:53:18.997+0000][8][gc,phases   ] GC(513)   Post Evacuate Collection Set: 1.1ms
[2022-07-06T05:53:18.997+0000][8][gc,phases   ] GC(513)   Other: 2.0ms
[2022-07-06T05:53:18.998+0000][8][gc,age      ] GC(513) Age table with threshold 15 (max threshold 15)
[2022-07-06T05:53:18.999+0000][8][gc,age      ] GC(513) - age   1:     904904 bytes,     904904 total
[2022-07-06T05:53:18.999+0000][8][gc,age      ] GC(513) - age   2:       3544 bytes,     908448 total
[2022-07-06T05:53:19.000+0000][8][gc,age      ] GC(513) - age   3:        936 bytes,     909384 total
[2022-07-06T05:53:19.001+0000][8][gc,age      ] GC(513) - age   4:        368 bytes,     909752 total
[2022-07-06T05:53:19.002+0000][8][gc,age      ] GC(513) - age   9:       1160 bytes,     910912 total
[2022-07-06T05:53:19.003+0000][8][gc,age      ] GC(513) - age  10:        112 bytes,     911024 total
[2022-07-06T05:53:19.004+0000][8][gc,age      ] GC(513) - age  11:       2296 bytes,     913320 total
[2022-07-06T05:53:19.004+0000][8][gc,age      ] GC(513) - age  12:       1872 bytes,     915192 total
[2022-07-06T05:53:19.005+0000][8][gc,age      ] GC(513) - age  13:        256 bytes,     915448 total
[2022-07-06T05:53:19.006+0000][8][gc,age      ] GC(513) - age  15:        184 bytes,     915632 total
[2022-07-06T05:53:19.007+0000][8][gc,heap     ] GC(513) Eden regions: 75->0(75)
[2022-07-06T05:53:19.007+0000][8][gc,heap     ] GC(513) Survivor regions: 1->1(10)
[2022-07-06T05:53:19.008+0000][8][gc,heap     ] GC(513) Old regions: 24->24
[2022-07-06T05:53:19.009+0000][8][gc,heap     ] GC(513) Archive regions: 2->2
[2022-07-06T05:53:19.009+0000][8][gc,heap     ] GC(513) Humongous regions: 0->0
[2022-07-06T05:53:19.010+0000][8][gc,metaspace] GC(513) Metaspace: 128820K(132224K)->128820K(132224K) NonClass: 111954K(113664K)->111954K(113664K) Class: 16866K(18560K)->16866K(18560K)
[2022-07-06T05:53:19.011+0000][8][gc          ] GC(513) Pause Young (Normal) (G1 Evacuation Pause) 399M->99M(512M) 22.153ms
[2022-07-06T05:53:19.011+0000][8][gc,cpu      ] GC(513) User=0.01s Sys=0.00s Real=0.02s
[2022-07-06T05:53:19.012+0000][8][safepoint   ] Safepoint "G1CollectForAllocation", Time since last: 61965587897 ns, Reaching safepoint: 83762 ns, At safepoint: 23742016 ns, Total: 23825778 ns
[2022-07-06T05:54:43.010+0000][8][gc,start    ] GC(514) Pause Young (Normal) (G1 Evacuation Pause)
[2022-07-06T05:54:43.014+0000][8][gc,task     ] GC(514) Using 4 workers of 4 for evacuation
[2022-07-06T05:54:43.016+0000][8][gc,age      ] GC(514) Desired survivor size 20971520 bytes, new threshold 15 (max threshold 15)
[2022-07-06T05:54:43.020+0000][8][gc,phases   ] GC(514)   Pre Evacuate Collection Set: 0.4ms
[2022-07-06T05:54:43.021+0000][8][gc,phases   ] GC(514)   Merge Heap Roots: 0.2ms
[2022-07-06T05:54:43.022+0000][8][gc,phases   ] GC(514)   Evacuate Collection Set: 1.8ms
[2022-07-06T05:54:43.022+0000][8][gc,phases   ] GC(514)   Post Evacuate Collection Set: 0.9ms
[2022-07-06T05:54:43.023+0000][8][gc,phases   ] GC(514)   Other: 3.1ms
[2022-07-06T05:54:43.024+0000][8][gc,age      ] GC(514) Age table with threshold 15 (max threshold 15)
[2022-07-06T05:54:43.026+0000][8][gc,age      ] GC(514) - age   1:     633656 bytes,     633656 total
[2022-07-06T05:54:43.027+0000][8][gc,age      ] GC(514) - age   2:       2408 bytes,     636064 total
[2022-07-06T05:54:43.027+0000][8][gc,age      ] GC(514) - age   3:       2200 bytes,     638264 total
[2022-07-06T05:54:43.028+0000][8][gc,age      ] GC(514) - age   4:        680 bytes,     638944 total
[2022-07-06T05:54:43.028+0000][8][gc,age      ] GC(514) - age   5:        368 bytes,     639312 total
[2022-07-06T05:54:43.029+0000][8][gc,age      ] GC(514) - age  10:       1160 bytes,     640472 total
[2022-07-06T05:54:43.030+0000][8][gc,age      ] GC(514) - age  11:        112 bytes,     640584 total
[2022-07-06T05:54:43.030+0000][8][gc,age      ] GC(514) - age  12:       2296 bytes,     642880 total
[2022-07-06T05:54:43.031+0000][8][gc,age      ] GC(514) - age  13:       1872 bytes,     644752 total
[2022-07-06T05:54:43.032+0000][8][gc,age      ] GC(514) - age  14:        256 bytes,     645008 total
[2022-07-06T05:54:43.033+0000][8][gc,heap     ] GC(514) Eden regions: 75->0(75)
[2022-07-06T05:54:43.034+0000][8][gc,heap     ] GC(514) Survivor regions: 1->1(10)
[2022-07-06T05:54:43.035+0000][8][gc,heap     ] GC(514) Old regions: 24->24
[2022-07-06T05:54:43.035+0000][8][gc,heap     ] GC(514) Archive regions: 2->2
[2022-07-06T05:54:43.036+0000][8][gc,heap     ] GC(514) Humongous regions: 0->0
[2022-07-06T05:54:43.037+0000][8][gc,metaspace] GC(514) Metaspace: 128820K(132224K)->128820K(132224K) NonClass: 111954K(113664K)->111954K(113664K) Class: 16866K(18560K)->16866K(18560K)
[2022-07-06T05:54:43.037+0000][8][gc          ] GC(514) Pause Young (Normal) (G1 Evacuation Pause) 399M->99M(512M) 27.279ms
[2022-07-06T05:54:43.039+0000][8][gc,cpu      ] GC(514) User=0.01s Sys=0.00s Real=0.03s
[2022-07-06T05:54:43.041+0000][8][safepoint   ] Safepoint "G1CollectForAllocation", Time since last: 84062740146 ns, Reaching safepoint: 113082 ns, At safepoint: 30705355 ns, Total: 30818437 ns
[2022-07-06T05:55:57.067+0000][8][safepoint   ] Safepoint "Cleanup", Time since last: 74069490235 ns, Reaching safepoint: 294657 ns, At safepoint: 69457 ns, Total: 364114 ns
[2022-07-06T05:56:04.374+0000][8][gc,start    ] GC(515) Pause Young (Normal) (G1 Evacuation Pause)
[2022-07-06T05:56:04.378+0000][8][gc,task     ] GC(515) Using 4 workers of 4 for evacuation
[2022-07-06T05:56:04.382+0000][8][gc,age      ] GC(515) Desired survivor size 20971520 bytes, new threshold 15 (max threshold 15)
[2022-07-06T05:56:04.389+0000][8][gc,phases   ] GC(515)   Pre Evacuate Collection Set: 0.4ms
[2022-07-06T05:56:04.390+0000][8][gc,phases   ] GC(515)   Merge Heap Roots: 0.3ms
[2022-07-06T05:56:04.391+0000][8][gc,phases   ] GC(515)   Evacuate Collection Set: 2.5ms
[2022-07-06T05:56:04.392+0000][8][gc,phases   ] GC(515)   Post Evacuate Collection Set: 1.7ms
[2022-07-06T05:56:04.398+0000][8][gc,phases   ] GC(515)   Other: 6.4ms
[2022-07-06T05:56:04.400+0000][8][gc,age      ] GC(515) Age table with threshold 15 (max threshold 15)
[2022-07-06T05:56:04.401+0000][8][gc,age      ] GC(515) - age   1:     588304 bytes,     588304 total
[2022-07-06T05:56:04.402+0000][8][gc,age      ] GC(515) - age   2:       1360 bytes,     589664 total
[2022-07-06T05:56:04.403+0000][8][gc,age      ] GC(515) - age   3:        368 bytes,     590032 total
[2022-07-06T05:56:04.404+0000][8][gc,age      ] GC(515) - age   4:       2136 bytes,     592168 total
[2022-07-06T05:56:04.406+0000][8][gc,age      ] GC(515) - age   5:        384 bytes,     592552 total
[2022-07-06T05:56:04.406+0000][8][gc,age      ] GC(515) - age   6:        368 bytes,     592920 total
[2022-07-06T05:56:04.407+0000][8][gc,age      ] GC(515) - age  11:        584 bytes,     593504 total
[2022-07-06T05:56:04.407+0000][8][gc,age      ] GC(515) - age  12:        112 bytes,     593616 total
[2022-07-06T05:56:04.409+0000][8][gc,age      ] GC(515) - age  13:       2296 bytes,     595912 total
[2022-07-06T05:56:04.411+0000][8][gc,age      ] GC(515) - age  14:       1872 bytes,     597784 total
[2022-07-06T05:56:04.415+0000][8][gc,age      ] GC(515) - age  15:        256 bytes,     598040 total
[2022-07-06T05:56:04.416+0000][8][gc,heap     ] GC(515) Eden regions: 75->0(75)
[2022-07-06T05:56:04.417+0000][8][gc,heap     ] GC(515) Survivor regions: 1->1(10)
[2022-07-06T05:56:04.417+0000][8][gc,heap     ] GC(515) Old regions: 24->24
[2022-07-06T05:56:04.418+0000][8][gc,heap     ] GC(515) Archive regions: 2->2
[2022-07-06T05:56:04.419+0000][8][gc,heap     ] GC(515) Humongous regions: 0->0
[2022-07-06T05:56:04.419+0000][8][gc,metaspace] GC(515) Metaspace: 128820K(132224K)->128820K(132224K) NonClass: 111954K(113664K)->111954K(113664K) Class: 16866K(18560K)->16866K(18560K)
[2022-07-06T05:56:04.420+0000][8][gc          ] GC(515) Pause Young (Normal) (G1 Evacuation Pause) 399M->99M(512M) 46.132ms
[2022-07-06T05:56:04.421+0000][8][gc,cpu      ] GC(515) User=0.01s Sys=0.01s Real=0.05s
[2022-07-06T05:56:04.422+0000][8][safepoint   ] Safepoint "G1CollectForAllocation", Time since last: 7326519600 ns, Reaching safepoint: 1370200 ns, At safepoint: 47990947 ns, Total: 49361147 ns
[2022-07-06T05:57:30.932+0000][8][gc,start    ] GC(516) Pause Young (Normal) (G1 Evacuation Pause)
[2022-07-06T05:57:30.934+0000][8][gc,task     ] GC(516) Using 4 workers of 4 for evacuation
[2022-07-06T05:57:30.935+0000][8][gc,age      ] GC(516) Desired survivor size 20971520 bytes, new threshold 15 (max threshold 15)
[2022-07-06T05:57:30.940+0000][8][gc,phases   ] GC(516)   Pre Evacuate Collection Set: 0.3ms
[2022-07-06T05:57:30.941+0000][8][gc,phases   ] GC(516)   Merge Heap Roots: 0.4ms
[2022-07-06T05:57:30.942+0000][8][gc,phases   ] GC(516)   Evacuate Collection Set: 2.8ms
[2022-07-06T05:57:30.943+0000][8][gc,phases   ] GC(516)   Post Evacuate Collection Set: 1.0ms
[2022-07-06T05:57:30.944+0000][8][gc,phases   ] GC(516)   Other: 1.6ms
[2022-07-06T05:57:30.945+0000][8][gc,age      ] GC(516) Age table with threshold 15 (max threshold 15)
[2022-07-06T05:57:30.945+0000][8][gc,age      ] GC(516) - age   1:    1945136 bytes,    1945136 total
[2022-07-06T05:57:30.946+0000][8][gc,age      ] GC(516) - age   2:       1160 bytes,    1946296 total
[2022-07-06T05:57:30.947+0000][8][gc,age      ] GC(516) - age   3:        784 bytes,    1947080 total
[2022-07-06T05:57:30.947+0000][8][gc,age      ] GC(516) - age   4:        208 bytes,    1947288 total
[2022-07-06T05:57:30.948+0000][8][gc,age      ] GC(516) - age   5:       2136 bytes,    1949424 total
[2022-07-06T05:57:30.948+0000][8][gc,age      ] GC(516) - age   6:        384 bytes,    1949808 total
[2022-07-06T05:57:30.949+0000][8][gc,age      ] GC(516) - age   7:        368 bytes,    1950176 total
[2022-07-06T05:57:30.950+0000][8][gc,age      ] GC(516) - age  12:        496 bytes,    1950672 total
[2022-07-06T05:57:30.951+0000][8][gc,age      ] GC(516) - age  13:        112 bytes,    1950784 total
[2022-07-06T05:57:30.951+0000][8][gc,age      ] GC(516) - age  14:       2296 bytes,    1953080 total
[2022-07-06T05:57:30.952+0000][8][gc,age      ] GC(516) - age  15:       1872 bytes,    1954952 total
[2022-07-06T05:57:30.952+0000][8][gc,heap     ] GC(516) Eden regions: 75->0(75)
[2022-07-06T05:57:30.953+0000][8][gc,heap     ] GC(516) Survivor regions: 1->1(10)
[2022-07-06T05:57:30.954+0000][8][gc,heap     ] GC(516) Old regions: 24->24
[2022-07-06T05:57:30.955+0000][8][gc,heap     ] GC(516) Archive regions: 2->2
[2022-07-06T05:57:30.956+0000][8][gc,heap     ] GC(516) Humongous regions: 0->0
[2022-07-06T05:57:30.956+0000][8][gc,metaspace] GC(516) Metaspace: 128820K(132224K)->128820K(132224K) NonClass: 111954K(113664K)->111954K(113664K) Class: 16866K(18560K)->16866K(18560K)
[2022-07-06T05:57:30.957+0000][8][gc          ] GC(516) Pause Young (Normal) (G1 Evacuation Pause) 399M->100M(512M) 24.806ms
[2022-07-06T05:57:30.958+0000][8][gc,cpu      ] GC(516) User=0.01s Sys=0.00s Real=0.02s
[2022-07-06T05:57:30.958+0000][8][safepoint   ] Safepoint "G1CollectForAllocation", Time since last: 86575321607 ns, Reaching safepoint: 237946 ns, At safepoint: 26287401 ns, Total: 26525347 ns
[2022-07-06T05:58:44.989+0000][8][safepoint   ] Safepoint "Cleanup", Time since last: 74073412865 ns, Reaching safepoint: 155537 ns, At safepoint: 8233 ns, Total: 163770 ns
[2022-07-06T05:58:55.235+0000][8][gc,start    ] GC(517) Pause Young (Normal) (G1 Evacuation Pause)
[2022-07-06T05:58:55.236+0000][8][gc,task     ] GC(517) Using 4 workers of 4 for evacuation
[2022-07-06T05:58:55.237+0000][8][gc,age      ] GC(517) Desired survivor size 20971520 bytes, new threshold 15 (max threshold 15)
[2022-07-06T05:58:55.247+0000][8][gc,phases   ] GC(517)   Pre Evacuate Collection Set: 0.2ms
[2022-07-06T05:58:55.248+0000][8][gc,phases   ] GC(517)   Merge Heap Roots: 0.2ms
[2022-07-06T05:58:55.249+0000][8][gc,phases   ] GC(517)   Evacuate Collection Set: 4.4ms
[2022-07-06T05:58:55.250+0000][8][gc,phases   ] GC(517)   Post Evacuate Collection Set: 4.0ms
[2022-07-06T05:58:55.251+0000][8][gc,phases   ] GC(517)   Other: 1.5ms
[2022-07-06T05:58:55.251+0000][8][gc,age      ] GC(517) Age table with threshold 15 (max threshold 15)
[2022-07-06T05:58:55.252+0000][8][gc,age      ] GC(517) - age   1:    1731328 bytes,    1731328 total
[2022-07-06T05:58:55.253+0000][8][gc,age      ] GC(517) - age   2:       2840 bytes,    1734168 total
[2022-07-06T05:58:55.254+0000][8][gc,age      ] GC(517) - age   3:        456 bytes,    1734624 total
[2022-07-06T05:58:55.255+0000][8][gc,age      ] GC(517) - age   4:        296 bytes,    1734920 total
[2022-07-06T05:58:55.255+0000][8][gc,age      ] GC(517) - age   5:        184 bytes,    1735104 total
[2022-07-06T05:58:55.259+0000][8][gc,age      ] GC(517) - age   6:       2104 bytes,    1737208 total
[2022-07-06T05:58:55.263+0000][8][gc,age      ] GC(517) - age   7:        384 bytes,    1737592 total
[2022-07-06T05:58:55.266+0000][8][gc,age      ] GC(517) - age   8:        216 bytes,    1737808 total
[2022-07-06T05:58:55.266+0000][8][gc,age      ] GC(517) - age  13:        496 bytes,    1738304 total
[2022-07-06T05:58:55.267+0000][8][gc,age      ] GC(517) - age  14:         80 bytes,    1738384 total
[2022-07-06T05:58:55.268+0000][8][gc,age      ] GC(517) - age  15:       2296 bytes,    1740680 total
[2022-07-06T05:58:55.268+0000][8][gc,heap     ] GC(517) Eden regions: 75->0(75)
[2022-07-06T05:58:55.269+0000][8][gc,heap     ] GC(517) Survivor regions: 1->1(10)
[2022-07-06T05:58:55.270+0000][8][gc,heap     ] GC(517) Old regions: 24->24
[2022-07-06T05:58:55.271+0000][8][gc,heap     ] GC(517) Archive regions: 2->2
[2022-07-06T05:58:55.271+0000][8][gc,heap     ] GC(517) Humongous regions: 0->0
[2022-07-06T05:58:55.272+0000][8][gc,metaspace] GC(517) Metaspace: 128821K(132224K)->128821K(132224K) NonClass: 111954K(113664K)->111954K(113664K) Class: 16866K(18560K)->16866K(18560K)
[2022-07-06T05:58:55.273+0000][8][gc          ] GC(517) Pause Young (Normal) (G1 Evacuation Pause) 400M->100M(512M) 37.835ms
[2022-07-06T05:58:55.274+0000][8][gc,cpu      ] GC(517) User=0.01s Sys=0.00s Real=0.04s
[2022-07-06T05:58:55.274+0000][8][safepoint   ] Safepoint "G1CollectForAllocation", Time since last: 10245661852 ns, Reaching safepoint: 218595 ns, At safepoint: 39397534 ns, Total: 39616129 ns
[2022-07-06T06:00:21.861+0000][8][gc,start    ] GC(518) Pause Young (Normal) (G1 Evacuation Pause)
[2022-07-06T06:00:21.864+0000][8][gc,task     ] GC(518) Using 4 workers of 4 for evacuation
[2022-07-06T06:00:21.865+0000][8][gc,age      ] GC(518) Desired survivor size 20971520 bytes, new threshold 15 (max threshold 15)
[2022-07-06T06:00:21.872+0000][8][gc,phases   ] GC(518)   Pre Evacuate Collection Set: 0.2ms
[2022-07-06T06:00:21.873+0000][8][gc,phases   ] GC(518)   Merge Heap Roots: 0.2ms
[2022-07-06T06:00:21.874+0000][8][gc,phases   ] GC(518)   Evacuate Collection Set: 3.7ms
[2022-07-06T06:00:21.875+0000][8][gc,phases   ] GC(518)   Post Evacuate Collection Set: 1.7ms
[2022-07-06T06:00:21.876+0000][8][gc,phases   ] GC(518)   Other: 1.8ms
[2022-07-06T06:00:21.877+0000][8][gc,age      ] GC(518) Age table with threshold 15 (max threshold 15)
[2022-07-06T06:00:21.877+0000][8][gc,age      ] GC(518) - age   1:    1353688 bytes,    1353688 total
[2022-07-06T06:00:21.878+0000][8][gc,age      ] GC(518) - age   2:       2208 bytes,    1355896 total
[2022-07-06T06:00:21.879+0000][8][gc,age      ] GC(518) - age   3:       1080 bytes,    1356976 total
[2022-07-06T06:00:21.879+0000][8][gc,age      ] GC(518) - age   4:        456 bytes,    1357432 total
[2022-07-06T06:00:21.880+0000][8][gc,age      ] GC(518) - age   6:        184 bytes,    1357616 total
[2022-07-06T06:00:21.881+0000][8][gc,age      ] GC(518) - age   7:       2104 bytes,    1359720 total
[2022-07-06T06:00:21.881+0000][8][gc,age      ] GC(518) - age   8:        384 bytes,    1360104 total
[2022-07-06T06:00:21.882+0000][8][gc,age      ] GC(518) - age   9:        216 bytes,    1360320 total
[2022-07-06T06:00:21.883+0000][8][gc,age      ] GC(518) - age  14:        496 bytes,    1360816 total
[2022-07-06T06:00:21.883+0000][8][gc,age      ] GC(518) - age  15:         80 bytes,    1360896 total
[2022-07-06T06:00:21.884+0000][8][gc,heap     ] GC(518) Eden regions: 75->0(75)
[2022-07-06T06:00:21.885+0000][8][gc,heap     ] GC(518) Survivor regions: 1->1(10)
[2022-07-06T06:00:21.885+0000][8][gc,heap     ] GC(518) Old regions: 24->24
[2022-07-06T06:00:21.886+0000][8][gc,heap     ] GC(518) Archive regions: 2->2
[2022-07-06T06:00:21.887+0000][8][gc,heap     ] GC(518) Humongous regions: 0->0
[2022-07-06T06:00:21.888+0000][8][gc,metaspace] GC(518) Metaspace: 128821K(132224K)->128821K(132224K) NonClass: 111954K(113664K)->111954K(113664K) Class: 16866K(18560K)->16866K(18560K)
[2022-07-06T06:00:21.889+0000][8][gc          ] GC(518) Pause Young (Normal) (G1 Evacuation Pause) 400M->100M(512M) 27.398ms
[2022-07-06T06:00:21.890+0000][8][gc,cpu      ] GC(518) User=0.01s Sys=0.00s Real=0.03s
[2022-07-06T06:00:21.892+0000][8][safepoint   ] Safepoint "G1CollectForAllocation", Time since last: 86651553730 ns, Reaching safepoint: 253594 ns, At safepoint: 30123361 ns, Total: 30376955 ns
[2022-07-06T06:01:45.857+0000][8][gc,start    ] GC(519) Pause Young (Normal) (G1 Evacuation Pause)
[2022-07-06T06:01:45.859+0000][8][gc,task     ] GC(519) Using 4 workers of 4 for evacuation
[2022-07-06T06:01:45.861+0000][8][gc,age      ] GC(519) Desired survivor size 20971520 bytes, new threshold 15 (max threshold 15)
[2022-07-06T06:01:45.871+0000][8][gc,phases   ] GC(519)   Pre Evacuate Collection Set: 0.7ms
[2022-07-06T06:01:45.871+0000][8][gc,phases   ] GC(519)   Merge Heap Roots: 0.1ms
[2022-07-06T06:01:45.872+0000][8][gc,phases   ] GC(519)   Evacuate Collection Set: 3.1ms
[2022-07-06T06:01:45.873+0000][8][gc,phases   ] GC(519)   Post Evacuate Collection Set: 1.2ms
[2022-07-06T06:01:45.874+0000][8][gc,phases   ] GC(519)   Other: 6.3ms
[2022-07-06T06:01:45.874+0000][8][gc,age      ] GC(519) Age table with threshold 15 (max threshold 15)
[2022-07-06T06:01:45.875+0000][8][gc,age      ] GC(519) - age   1:    1065856 bytes,    1065856 total
[2022-07-06T06:01:45.875+0000][8][gc,age      ] GC(519) - age   2:       2064 bytes,    1067920 total
[2022-07-06T06:01:45.876+0000][8][gc,age      ] GC(519) - age   3:        776 bytes,    1068696 total
[2022-07-06T06:01:45.876+0000][8][gc,age      ] GC(519) - age   4:        464 bytes,    1069160 total
[2022-07-06T06:01:45.880+0000][8][gc,age      ] GC(519) - age   5:        456 bytes,    1069616 total
[2022-07-06T06:01:45.884+0000][8][gc,age      ] GC(519) - age   7:        184 bytes,    1069800 total
[2022-07-06T06:01:45.886+0000][8][gc,age      ] GC(519) - age   8:        184 bytes,    1069984 total
[2022-07-06T06:01:45.887+0000][8][gc,age      ] GC(519) - age   9:        384 bytes,    1070368 total
[2022-07-06T06:01:45.888+0000][8][gc,age      ] GC(519) - age  10:        216 bytes,    1070584 total
[2022-07-06T06:01:45.888+0000][8][gc,age      ] GC(519) - age  15:        496 bytes,    1071080 total
[2022-07-06T06:01:45.889+0000][8][gc,heap     ] GC(519) Eden regions: 75->0(75)
[2022-07-06T06:01:45.890+0000][8][gc,heap     ] GC(519) Survivor regions: 1->1(10)
[2022-07-06T06:01:45.890+0000][8][gc,heap     ] GC(519) Old regions: 24->24
[2022-07-06T06:01:45.891+0000][8][gc,heap     ] GC(519) Archive regions: 2->2
[2022-07-06T06:01:45.892+0000][8][gc,heap     ] GC(519) Humongous regions: 0->0
[2022-07-06T06:01:45.892+0000][8][gc,metaspace] GC(519) Metaspace: 128821K(132224K)->128821K(132224K) NonClass: 111954K(113664K)->111954K(113664K) Class: 16866K(18560K)->16866K(18560K)
[2022-07-06T06:01:45.893+0000][8][gc          ] GC(519) Pause Young (Normal) (G1 Evacuation Pause) 400M->99M(512M) 36.610ms
[2022-07-06T06:01:45.896+0000][8][gc,cpu      ] GC(519) User=0.01s Sys=0.01s Real=0.04s
[2022-07-06T06:01:45.901+0000][8][safepoint   ] Safepoint "G1CollectForAllocation", Time since last: 84029409282 ns, Reaching safepoint: 91865 ns, At safepoint: 44098433 ns, Total: 44190298 ns
[2022-07-06T06:03:06.892+0000][8][gc,start    ] GC(520) Pause Young (Normal) (G1 Evacuation Pause)
[2022-07-06T06:03:06.895+0000][8][gc,task     ] GC(520) Using 4 workers of 4 for evacuation
[2022-07-06T06:03:06.896+0000][8][gc,age      ] GC(520) Desired survivor size 20971520 bytes, new threshold 15 (max threshold 15)
[2022-07-06T06:03:06.901+0000][8][gc,phases   ] GC(520)   Pre Evacuate Collection Set: 0.4ms
[2022-07-06T06:03:06.902+0000][8][gc,phases   ] GC(520)   Merge Heap Roots: 0.1ms
[2022-07-06T06:03:06.903+0000][8][gc,phases   ] GC(520)   Evacuate Collection Set: 1.9ms
[2022-07-06T06:03:06.904+0000][8][gc,phases   ] GC(520)   Post Evacuate Collection Set: 1.3ms
[2022-07-06T06:03:06.905+0000][8][gc,phases   ] GC(520)   Other: 2.4ms
[2022-07-06T06:03:06.906+0000][8][gc,age      ] GC(520) Age table with threshold 15 (max threshold 15)
[2022-07-06T06:03:06.906+0000][8][gc,age      ] GC(520) - age   1:     824736 bytes,     824736 total
[2022-07-06T06:03:06.907+0000][8][gc,age      ] GC(520) - age   2:       3384 bytes,     828120 total
[2022-07-06T06:03:06.908+0000][8][gc,age      ] GC(520) - age   3:        360 bytes,     828480 total
[2022-07-06T06:03:06.909+0000][8][gc,age      ] GC(520) - age   4:        264 bytes,     828744 total
[2022-07-06T06:03:06.909+0000][8][gc,age      ] GC(520) - age   5:        304 bytes,     829048 total
[2022-07-06T06:03:06.910+0000][8][gc,age      ] GC(520) - age   6:        392 bytes,     829440 total
[2022-07-06T06:03:06.911+0000][8][gc,age      ] GC(520) - age   8:        184 bytes,     829624 total
[2022-07-06T06:03:06.911+0000][8][gc,age      ] GC(520) - age  10:        384 bytes,     830008 total
[2022-07-06T06:03:06.912+0000][8][gc,age      ] GC(520) - age  11:        216 bytes,     830224 total
[2022-07-06T06:03:06.913+0000][8][gc,heap     ] GC(520) Eden regions: 75->0(75)
[2022-07-06T06:03:06.914+0000][8][gc,heap     ] GC(520) Survivor regions: 1->1(10)
[2022-07-06T06:03:06.914+0000][8][gc,heap     ] GC(520) Old regions: 24->24
[2022-07-06T06:03:06.915+0000][8][gc,heap     ] GC(520) Archive regions: 2->2
[2022-07-06T06:03:06.915+0000][8][gc,heap     ] GC(520) Humongous regions: 0->0
[2022-07-06T06:03:06.916+0000][8][gc,metaspace] GC(520) Metaspace: 128821K(132224K)->128821K(132224K) NonClass: 111954K(113664K)->111954K(113664K) Class: 16866K(18560K)->16866K(18560K)
[2022-07-06T06:03:06.917+0000][8][gc          ] GC(520) Pause Young (Normal) (G1 Evacuation Pause) 399M->99M(512M) 24.765ms
[2022-07-06T06:03:06.917+0000][8][gc,cpu      ] GC(520) User=0.01s Sys=0.00s Real=0.03s
[2022-07-06T06:03:06.919+0000][8][safepoint   ] Safepoint "G1CollectForAllocation", Time since last: 81054085023 ns, Reaching safepoint: 339900 ns, At safepoint: 26636751 ns, Total: 26976651 ns
[2022-07-06T06:04:30.797+0000][8][gc,start    ] GC(521) Pause Young (Normal) (G1 Evacuation Pause)
[2022-07-06T06:04:30.798+0000][8][gc,task     ] GC(521) Using 4 workers of 4 for evacuation
[2022-07-06T06:04:30.799+0000][8][gc,age      ] GC(521) Desired survivor size 20971520 bytes, new threshold 15 (max threshold 15)
[2022-07-06T06:04:30.802+0000][8][gc,phases   ] GC(521)   Pre Evacuate Collection Set: 0.2ms
[2022-07-06T06:04:30.804+0000][8][gc,phases   ] GC(521)   Merge Heap Roots: 0.2ms
[2022-07-06T06:04:30.806+0000][8][gc,phases   ] GC(521)   Evacuate Collection Set: 1.3ms
[2022-07-06T06:04:30.806+0000][8][gc,phases   ] GC(521)   Post Evacuate Collection Set: 1.1ms
[2022-07-06T06:04:30.807+0000][8][gc,phases   ] GC(521)   Other: 1.4ms
[2022-07-06T06:04:30.808+0000][8][gc,age      ] GC(521) Age table with threshold 15 (max threshold 15)
[2022-07-06T06:04:30.809+0000][8][gc,age      ] GC(521) - age   1:     784976 bytes,     784976 total
[2022-07-06T06:04:30.809+0000][8][gc,age      ] GC(521) - age   2:       2424 bytes,     787400 total
[2022-07-06T06:04:30.811+0000][8][gc,age      ] GC(521) - age   3:       2808 bytes,     790208 total
[2022-07-06T06:04:30.811+0000][8][gc,age      ] GC(521) - age   5:        264 bytes,     790472 total
[2022-07-06T06:04:30.812+0000][8][gc,age      ] GC(521) - age   6:        304 bytes,     790776 total
[2022-07-06T06:04:30.812+0000][8][gc,age      ] GC(521) - age   7:        392 bytes,     791168 total
[2022-07-06T06:04:30.813+0000][8][gc,age      ] GC(521) - age   9:        184 bytes,     791352 total
[2022-07-06T06:04:30.814+0000][8][gc,age      ] GC(521) - age  11:        384 bytes,     791736 total
[2022-07-06T06:04:30.815+0000][8][gc,age      ] GC(521) - age  12:        216 bytes,     791952 total
[2022-07-06T06:04:30.815+0000][8][gc,heap     ] GC(521) Eden regions: 75->0(75)
[2022-07-06T06:04:30.816+0000][8][gc,heap     ] GC(521) Survivor regions: 1->1(10)
[2022-07-06T06:04:30.816+0000][8][gc,heap     ] GC(521) Old regions: 24->24
[2022-07-06T06:04:30.817+0000][8][gc,heap     ] GC(521) Archive regions: 2->2
[2022-07-06T06:04:30.818+0000][8][gc,heap     ] GC(521) Humongous regions: 0->0
[2022-07-06T06:04:30.819+0000][8][gc,metaspace] GC(521) Metaspace: 128821K(132224K)->128821K(132224K) NonClass: 111954K(113664K)->111954K(113664K) Class: 16866K(18560K)->16866K(18560K)
[2022-07-06T06:04:30.821+0000][8][gc          ] GC(521) Pause Young (Normal) (G1 Evacuation Pause) 399M->99M(512M) 24.039ms
[2022-07-06T06:04:30.823+0000][8][gc,cpu      ] GC(521) User=0.00s Sys=0.01s Real=0.03s
[2022-07-06T06:04:30.824+0000][8][safepoint   ] Safepoint "G1CollectForAllocation", Time since last: 83944404511 ns, Reaching safepoint: 134653 ns, At safepoint: 26872362 ns, Total: 27007015 ns
[2022-07-06T06:05:54.840+0000][8][gc,start    ] GC(522) Pause Young (Normal) (G1 Evacuation Pause)
[2022-07-06T06:05:54.850+0000][8][gc,task     ] GC(522) Using 4 workers of 4 for evacuation
[2022-07-06T06:05:54.854+0000][8][gc,age      ] GC(522) Desired survivor size 20971520 bytes, new threshold 15 (max threshold 15)
[2022-07-06T06:05:54.869+0000][8][gc,phases   ] GC(522)   Pre Evacuate Collection Set: 0.2ms
[2022-07-06T06:05:54.878+0000][8][gc,phases   ] GC(522)   Merge Heap Roots: 0.1ms
[2022-07-06T06:05:54.890+0000][8][gc,phases   ] GC(522)   Evacuate Collection Set: 7.3ms
[2022-07-06T06:05:54.895+0000][8][gc,phases   ] GC(522)   Post Evacuate Collection Set: 5.1ms
[2022-07-06T06:05:54.896+0000][8][gc,phases   ] GC(522)   Other: 6.4ms
[2022-07-06T06:05:54.897+0000][8][gc,age      ] GC(522) Age table with threshold 15 (max threshold 15)
[2022-07-06T06:05:54.897+0000][8][gc,age      ] GC(522) - age   1:     899816 bytes,     899816 total
[2022-07-06T06:05:54.899+0000][8][gc,age      ] GC(522) - age   2:       1128 bytes,     900944 total
[2022-07-06T06:05:54.903+0000][8][gc,age      ] GC(522) - age   3:        640 bytes,     901584 total
[2022-07-06T06:05:54.905+0000][8][gc,age      ] GC(522) - age   4:       2104 bytes,     903688 total
[2022-07-06T06:05:54.906+0000][8][gc,age      ] GC(522) - age   6:        208 bytes,     903896 total
[2022-07-06T06:05:54.906+0000][8][gc,age      ] GC(522) - age   7:        304 bytes,     904200 total
[2022-07-06T06:05:54.907+0000][8][gc,age      ] GC(522) - age   8:        392 bytes,     904592 total
[2022-07-06T06:05:54.908+0000][8][gc,age      ] GC(522) - age  10:        184 bytes,     904776 total
[2022-07-06T06:05:54.910+0000][8][gc,age      ] GC(522) - age  12:        384 bytes,     905160 total
[2022-07-06T06:05:54.911+0000][8][gc,age      ] GC(522) - age  13:        216 bytes,     905376 total
[2022-07-06T06:05:54.912+0000][8][gc,heap     ] GC(522) Eden regions: 75->0(75)
[2022-07-06T06:05:54.913+0000][8][gc,heap     ] GC(522) Survivor regions: 1->1(10)
[2022-07-06T06:05:54.918+0000][8][gc,heap     ] GC(522) Old regions: 24->24
[2022-07-06T06:05:54.928+0000][8][gc,heap     ] GC(522) Archive regions: 2->2
[2022-07-06T06:05:54.928+0000][8][gc,heap     ] GC(522) Humongous regions: 0->0
[2022-07-06T06:05:54.929+0000][8][gc,metaspace] GC(522) Metaspace: 128821K(132224K)->128821K(132224K) NonClass: 111954K(113664K)->111954K(113664K) Class: 16866K(18560K)->16866K(18560K)
[2022-07-06T06:05:54.938+0000][8][gc          ] GC(522) Pause Young (Normal) (G1 Evacuation Pause) 399M->99M(512M) 99.188ms
[2022-07-06T06:05:54.943+0000][8][gc,cpu      ] GC(522) User=0.01s Sys=0.01s Real=0.11s
[2022-07-06T06:05:54.944+0000][8][safepoint   ] Safepoint "G1CollectForAllocation", Time since last: 84056131850 ns, Reaching safepoint: 5384870 ns, At safepoint: 105061680 ns, Total: 110446550 ns
[2022-07-06T06:07:18.830+0000][8][gc,start    ] GC(523) Pause Young (Normal) (G1 Evacuation Pause)
[2022-07-06T06:07:18.834+0000][8][gc,task     ] GC(523) Using 4 workers of 4 for evacuation
[2022-07-06T06:07:18.835+0000][8][gc,age      ] GC(523) Desired survivor size 20971520 bytes, new threshold 15 (max threshold 15)
[2022-07-06T06:07:18.845+0000][8][gc,phases   ] GC(523)   Pre Evacuate Collection Set: 0.8ms
[2022-07-06T06:07:18.846+0000][8][gc,phases   ] GC(523)   Merge Heap Roots: 0.4ms
[2022-07-06T06:07:18.848+0000][8][gc,phases   ] GC(523)   Evacuate Collection Set: 5.6ms
[2022-07-06T06:07:18.849+0000][8][gc,phases   ] GC(523)   Post Evacuate Collection Set: 1.3ms
[2022-07-06T06:07:18.850+0000][8][gc,phases   ] GC(523)   Other: 3.6ms
[2022-07-06T06:07:18.851+0000][8][gc,age      ] GC(523) Age table with threshold 15 (max threshold 15)
[2022-07-06T06:07:18.853+0000][8][gc,age      ] GC(523) - age   1:    1669864 bytes,    1669864 total
[2022-07-06T06:07:18.858+0000][8][gc,age      ] GC(523) - age   2:       1280 bytes,    1671144 total
[2022-07-06T06:07:18.860+0000][8][gc,age      ] GC(523) - age   3:        360 bytes,    1671504 total
[2022-07-06T06:07:18.862+0000][8][gc,age      ] GC(523) - age   4:        280 bytes,    1671784 total
[2022-07-06T06:07:18.864+0000][8][gc,age      ] GC(523) - age   5:       2104 bytes,    1673888 total
[2022-07-06T06:07:18.865+0000][8][gc,age      ] GC(523) - age   7:        208 bytes,    1674096 total
[2022-07-06T06:07:18.866+0000][8][gc,age      ] GC(523) - age   8:        304 bytes,    1674400 total
[2022-07-06T06:07:18.867+0000][8][gc,age      ] GC(523) - age   9:        392 bytes,    1674792 total
[2022-07-06T06:07:18.868+0000][8][gc,age      ] GC(523) - age  11:        184 bytes,    1674976 total
[2022-07-06T06:07:18.869+0000][8][gc,age      ] GC(523) - age  13:        384 bytes,    1675360 total
[2022-07-06T06:07:18.871+0000][8][gc,age      ] GC(523) - age  14:        216 bytes,    1675576 total
[2022-07-06T06:07:18.874+0000][8][gc,heap     ] GC(523) Eden regions: 75->0(75)
[2022-07-06T06:07:18.875+0000][8][gc,heap     ] GC(523) Survivor regions: 1->1(10)
[2022-07-06T06:07:18.876+0000][8][gc,heap     ] GC(523) Old regions: 24->24
[2022-07-06T06:07:18.877+0000][8][gc,heap     ] GC(523) Archive regions: 2->2
[2022-07-06T06:07:18.878+0000][8][gc,heap     ] GC(523) Humongous regions: 0->0
[2022-07-06T06:07:18.879+0000][8][gc,metaspace] GC(523) Metaspace: 128821K(132224K)->128821K(132224K) NonClass: 111954K(113664K)->111954K(113664K) Class: 16866K(18560K)->16866K(18560K)
[2022-07-06T06:07:18.880+0000][8][gc          ] GC(523) Pause Young (Normal) (G1 Evacuation Pause) 399M->100M(512M) 49.193ms
[2022-07-06T06:07:18.883+0000][8][gc,cpu      ] GC(523) User=0.02s Sys=0.01s Real=0.05s
[2022-07-06T06:07:18.884+0000][8][safepoint   ] Safepoint "G1CollectForAllocation", Time since last: 83948802538 ns, Reaching safepoint: 388937 ns, At safepoint: 53374911 ns, Total: 53763848 ns
[2022-07-06T06:08:40.770+0000][8][gc,start    ] GC(524) Pause Young (Normal) (G1 Evacuation Pause)
[2022-07-06T06:08:40.771+0000][8][gc,task     ] GC(524) Using 4 workers of 4 for evacuation
[2022-07-06T06:08:40.772+0000][8][gc,age      ] GC(524) Desired survivor size 20971520 bytes, new threshold 15 (max threshold 15)
[2022-07-06T06:08:40.779+0000][8][gc,phases   ] GC(524)   Pre Evacuate Collection Set: 0.1ms
[2022-07-06T06:08:40.781+0000][8][gc,phases   ] GC(524)   Merge Heap Roots: 0.1ms
[2022-07-06T06:08:40.782+0000][8][gc,phases   ] GC(524)   Evacuate Collection Set: 4.0ms
[2022-07-06T06:08:40.782+0000][8][gc,phases   ] GC(524)   Post Evacuate Collection Set: 1.3ms
[2022-07-06T06:08:40.784+0000][8][gc,phases   ] GC(524)   Other: 2.0ms
[2022-07-06T06:08:40.785+0000][8][gc,age      ] GC(524) Age table with threshold 15 (max threshold 15)
[2022-07-06T06:08:40.787+0000][8][gc,age      ] GC(524) - age   1:    1769808 bytes,    1769808 total
[2022-07-06T06:08:40.787+0000][8][gc,age      ] GC(524) - age   2:       2672 bytes,    1772480 total
[2022-07-06T06:08:40.788+0000][8][gc,age      ] GC(524) - age   3:        704 bytes,    1773184 total
[2022-07-06T06:08:40.788+0000][8][gc,age      ] GC(524) - age   5:        184 bytes,    1773368 total
[2022-07-06T06:08:40.789+0000][8][gc,age      ] GC(524) - age   6:       2104 bytes,    1775472 total
[2022-07-06T06:08:40.789+0000][8][gc,age      ] GC(524) - age   8:        208 bytes,    1775680 total
[2022-07-06T06:08:40.790+0000][8][gc,age      ] GC(524) - age   9:        304 bytes,    1775984 total
[2022-07-06T06:08:40.791+0000][8][gc,age      ] GC(524) - age  10:        392 bytes,    1776376 total
[2022-07-06T06:08:40.792+0000][8][gc,age      ] GC(524) - age  12:        184 bytes,    1776560 total
[2022-07-06T06:08:40.793+0000][8][gc,age      ] GC(524) - age  14:        384 bytes,    1776944 total
[2022-07-06T06:08:40.797+0000][8][gc,age      ] GC(524) - age  15:        216 bytes,    1777160 total
[2022-07-06T06:08:40.800+0000][8][gc,heap     ] GC(524) Eden regions: 75->0(75)
[2022-07-06T06:08:40.803+0000][8][gc,heap     ] GC(524) Survivor regions: 1->1(10)
[2022-07-06T06:08:40.804+0000][8][gc,heap     ] GC(524) Old regions: 24->24
[2022-07-06T06:08:40.805+0000][8][gc,heap     ] GC(524) Archive regions: 2->2
[2022-07-06T06:08:40.806+0000][8][gc,heap     ] GC(524) Humongous regions: 0->0
[2022-07-06T06:08:40.808+0000][8][gc,metaspace] GC(524) Metaspace: 128821K(132224K)->128821K(132224K) NonClass: 111954K(113664K)->111954K(113664K) Class: 16866K(18560K)->16866K(18560K)
[2022-07-06T06:08:40.809+0000][8][gc          ] GC(524) Pause Young (Normal) (G1 Evacuation Pause) 400M->100M(512M) 38.547ms
[2022-07-06T06:08:40.810+0000][8][gc,cpu      ] GC(524) User=0.01s Sys=0.00s Real=0.04s
[2022-07-06T06:08:40.813+0000][8][safepoint   ] Safepoint "G1CollectForAllocation", Time since last: 81951299390 ns, Reaching safepoint: 90718 ns, At safepoint: 43311865 ns, Total: 43402583 ns
[2022-07-06T06:09:26.840+0000][8][safepoint   ] Safepoint "Cleanup", Time since last: 46046926586 ns, Reaching safepoint: 642730 ns, At safepoint: 104985 ns, Total: 747715 ns
[2022-07-06T06:10:04.118+0000][8][gc,start    ] GC(525) Pause Young (Normal) (G1 Evacuation Pause)
[2022-07-06T06:10:04.120+0000][8][gc,task     ] GC(525) Using 4 workers of 4 for evacuation
[2022-07-06T06:10:04.120+0000][8][gc,age      ] GC(525) Desired survivor size 20971520 bytes, new threshold 15 (max threshold 15)
[2022-07-06T06:10:04.126+0000][8][gc,phases   ] GC(525)   Pre Evacuate Collection Set: 0.2ms
[2022-07-06T06:10:04.127+0000][8][gc,phases   ] GC(525)   Merge Heap Roots: 0.3ms
[2022-07-06T06:10:04.127+0000][8][gc,phases   ] GC(525)   Evacuate Collection Set: 2.9ms
[2022-07-06T06:10:04.128+0000][8][gc,phases   ] GC(525)   Post Evacuate Collection Set: 1.1ms
[2022-07-06T06:10:04.129+0000][8][gc,phases   ] GC(525)   Other: 1.9ms
[2022-07-06T06:10:04.129+0000][8][gc,age      ] GC(525) Age table with threshold 15 (max threshold 15)
[2022-07-06T06:10:04.130+0000][8][gc,age      ] GC(525) - age   1:    1571800 bytes,    1571800 total
[2022-07-06T06:10:04.131+0000][8][gc,age      ] GC(525) - age   2:       1480 bytes,    1573280 total
[2022-07-06T06:10:04.131+0000][8][gc,age      ] GC(525) - age   3:        608 bytes,    1573888 total
[2022-07-06T06:10:04.132+0000][8][gc,age      ] GC(525) - age   4:         32 bytes,    1573920 total
[2022-07-06T06:10:04.133+0000][8][gc,age      ] GC(525) - age   6:        184 bytes,    1574104 total
[2022-07-06T06:10:04.134+0000][8][gc,age      ] GC(525) - age   7:       2104 bytes,    1576208 total
[2022-07-06T06:10:04.135+0000][8][gc,age      ] GC(525) - age   9:         32 bytes,    1576240 total
[2022-07-06T06:10:04.135+0000][8][gc,age      ] GC(525) - age  10:        304 bytes,    1576544 total
[2022-07-06T06:10:04.136+0000][8][gc,age      ] GC(525) - age  11:        392 bytes,    1576936 total
[2022-07-06T06:10:04.136+0000][8][gc,age      ] GC(525) - age  13:        184 bytes,    1577120 total
[2022-07-06T06:10:04.137+0000][8][gc,heap     ] GC(525) Eden regions: 75->0(75)
[2022-07-06T06:10:04.138+0000][8][gc,heap     ] GC(525) Survivor regions: 1->1(10)
[2022-07-06T06:10:04.138+0000][8][gc,heap     ] GC(525) Old regions: 24->24
[2022-07-06T06:10:04.139+0000][8][gc,heap     ] GC(525) Archive regions: 2->2
[2022-07-06T06:10:04.139+0000][8][gc,heap     ] GC(525) Humongous regions: 0->0
[2022-07-06T06:10:04.140+0000][8][gc,metaspace] GC(525) Metaspace: 128821K(132224K)->128821K(132224K) NonClass: 111954K(113664K)->111954K(113664K) Class: 16866K(18560K)->16866K(18560K)
[2022-07-06T06:10:04.141+0000][8][gc          ] GC(525) Pause Young (Normal) (G1 Evacuation Pause) 400M->100M(512M) 22.676ms
[2022-07-06T06:10:04.141+0000][8][gc,cpu      ] GC(525) User=0.01s Sys=0.00s Real=0.03s
[2022-07-06T06:10:04.142+0000][8][safepoint   ] Safepoint "G1CollectForAllocation", Time since last: 37320763264 ns, Reaching safepoint: 373453 ns, At safepoint: 23879029 ns, Total: 24252482 ns
[2022-07-06T06:10:56.190+0000][8][safepoint   ] Safepoint "Cleanup", Time since last: 52069541720 ns, Reaching safepoint: 367233 ns, At safepoint: 59538 ns, Total: 426771 ns
[2022-07-06T06:11:03.179+0000][8][safepoint   ] Safepoint "Cleanup", Time since last: 7009667485 ns, Reaching safepoint: 97998 ns, At safepoint: 4685 ns, Total: 102683 ns
[2022-07-06T06:11:04.180+0000][8][safepoint   ] Safepoint "Cleanup", Time since last: 1001283461 ns, Reaching safepoint: 367344 ns, At safepoint: 18634 ns, Total: 385978 ns
[2022-07-06T06:11:15.729+0000][8][gc,start    ] GC(526) Pause Young (Normal) (G1 Evacuation Pause)
[2022-07-06T06:11:15.730+0000][8][gc,task     ] GC(526) Using 4 workers of 4 for evacuation
[2022-07-06T06:11:15.733+0000][8][gc,age      ] GC(526) Desired survivor size 20971520 bytes, new threshold 15 (max threshold 15)
[2022-07-06T06:11:15.740+0000][8][gc,phases   ] GC(526)   Pre Evacuate Collection Set: 0.4ms
[2022-07-06T06:11:15.741+0000][8][gc,phases   ] GC(526)   Merge Heap Roots: 0.2ms
[2022-07-06T06:11:15.742+0000][8][gc,phases   ] GC(526)   Evacuate Collection Set: 3.5ms
[2022-07-06T06:11:15.742+0000][8][gc,phases   ] GC(526)   Post Evacuate Collection Set: 0.9ms
[2022-07-06T06:11:15.743+0000][8][gc,phases   ] GC(526)   Other: 4.6ms
[2022-07-06T06:11:15.743+0000][8][gc,age      ] GC(526) Age table with threshold 15 (max threshold 15)
[2022-07-06T06:11:15.744+0000][8][gc,age      ] GC(526) - age   1:    2528704 bytes,    2528704 total
[2022-07-06T06:11:15.745+0000][8][gc,age      ] GC(526) - age   2:       2648 bytes,    2531352 total
[2022-07-06T06:11:15.745+0000][8][gc,age      ] GC(526) - age   3:        456 bytes,    2531808 total
[2022-07-06T06:11:15.746+0000][8][gc,age      ] GC(526) - age   4:        184 bytes,    2531992 total
[2022-07-06T06:11:15.747+0000][8][gc,age      ] GC(526) - age   5:         32 bytes,    2532024 total
[2022-07-06T06:11:15.748+0000][8][gc,age      ] GC(526) - age   7:        184 bytes,    2532208 total
[2022-07-06T06:11:15.748+0000][8][gc,age      ] GC(526) - age   8:        184 bytes,    2532392 total
[2022-07-06T06:11:15.749+0000][8][gc,age      ] GC(526) - age  10:         32 bytes,    2532424 total
[2022-07-06T06:11:15.750+0000][8][gc,age      ] GC(526) - age  14:        184 bytes,    2532608 total
[2022-07-06T06:11:15.751+0000][8][gc,heap     ] GC(526) Eden regions: 75->0(75)
[2022-07-06T06:11:15.751+0000][8][gc,heap     ] GC(526) Survivor regions: 1->1(10)
[2022-07-06T06:11:15.752+0000][8][gc,heap     ] GC(526) Old regions: 24->24
[2022-07-06T06:11:15.754+0000][8][gc,heap     ] GC(526) Archive regions: 2->2
[2022-07-06T06:11:15.755+0000][8][gc,heap     ] GC(526) Humongous regions: 0->0
[2022-07-06T06:11:15.757+0000][8][gc,metaspace] GC(526) Metaspace: 128853K(132224K)->128853K(132224K) NonClass: 111986K(113664K)->111986K(113664K) Class: 16866K(18560K)->16866K(18560K)
[2022-07-06T06:11:15.758+0000][8][gc          ] GC(526) Pause Young (Normal) (G1 Evacuation Pause) 400M->101M(512M) 28.732ms
[2022-07-06T06:11:15.759+0000][8][gc,cpu      ] GC(526) User=0.01s Sys=0.00s Real=0.03s
[2022-07-06T06:11:15.760+0000][8][safepoint   ] Safepoint "G1CollectForAllocation", Time since last: 11548668415 ns, Reaching safepoint: 98799 ns, At safepoint: 31064036 ns, Total: 31162835 ns
[2022-07-06T06:11:56.682+0000][8][safepoint   ] Safepoint "Cleanup", Time since last: 40943571598 ns, Reaching safepoint: 194440 ns, At safepoint: 8604 ns, Total: 203044 ns
[2022-07-06T06:12:30.899+0000][8][gc,start    ] GC(527) Pause Young (Normal) (G1 Evacuation Pause)
[2022-07-06T06:12:30.900+0000][8][gc,task     ] GC(527) Using 4 workers of 4 for evacuation
[2022-07-06T06:12:30.901+0000][8][gc,age      ] GC(527) Desired survivor size 20971520 bytes, new threshold 15 (max threshold 15)
[2022-07-06T06:12:30.906+0000][8][gc,phases   ] GC(527)   Pre Evacuate Collection Set: 0.2ms
[2022-07-06T06:12:30.907+0000][8][gc,phases   ] GC(527)   Merge Heap Roots: 0.1ms
[2022-07-06T06:12:30.908+0000][8][gc,phases   ] GC(527)   Evacuate Collection Set: 2.6ms
[2022-07-06T06:12:30.909+0000][8][gc,phases   ] GC(527)   Post Evacuate Collection Set: 1.3ms
[2022-07-06T06:12:30.910+0000][8][gc,phases   ] GC(527)   Other: 1.6ms
[2022-07-06T06:12:30.911+0000][8][gc,age      ] GC(527) Age table with threshold 15 (max threshold 15)
[2022-07-06T06:12:30.912+0000][8][gc,age      ] GC(527) - age   1:    1777552 bytes,    1777552 total
[2022-07-06T06:12:30.913+0000][8][gc,age      ] GC(527) - age   2:     828352 bytes,    2605904 total
[2022-07-06T06:12:30.914+0000][8][gc,age      ] GC(527) - age   3:        944 bytes,    2606848 total
[2022-07-06T06:12:30.914+0000][8][gc,age      ] GC(527) - age   5:        184 bytes,    2607032 total
[2022-07-06T06:12:30.915+0000][8][gc,age      ] GC(527) - age   8:        184 bytes,    2607216 total
[2022-07-06T06:12:30.915+0000][8][gc,age      ] GC(527) - age   9:        184 bytes,    2607400 total
[2022-07-06T06:12:30.916+0000][8][gc,age      ] GC(527) - age  11:         32 bytes,    2607432 total
[2022-07-06T06:12:30.917+0000][8][gc,age      ] GC(527) - age  15:        184 bytes,    2607616 total
[2022-07-06T06:12:30.918+0000][8][gc,heap     ] GC(527) Eden regions: 75->0(75)
[2022-07-06T06:12:30.919+0000][8][gc,heap     ] GC(527) Survivor regions: 1->1(10)
[2022-07-06T06:12:30.920+0000][8][gc,heap     ] GC(527) Old regions: 24->24
[2022-07-06T06:12:30.921+0000][8][gc,heap     ] GC(527) Archive regions: 2->2
[2022-07-06T06:12:30.922+0000][8][gc,heap     ] GC(527) Humongous regions: 0->0
[2022-07-06T06:12:30.922+0000][8][gc,metaspace] GC(527) Metaspace: 128854K(132224K)->128854K(132224K) NonClass: 111988K(113664K)->111988K(113664K) Class: 16866K(18560K)->16866K(18560K)
[2022-07-06T06:12:30.923+0000][8][gc          ] GC(527) Pause Young (Normal) (G1 Evacuation Pause) 401M->101M(512M) 24.552ms
[2022-07-06T06:12:30.925+0000][8][gc,cpu      ] GC(527) User=0.00s Sys=0.00s Real=0.03s
[2022-07-06T06:12:30.926+0000][8][safepoint   ] Safepoint "G1CollectForAllocation", Time since last: 34260086302 ns, Reaching safepoint: 92344 ns, At safepoint: 27048375 ns, Total: 27140719 ns
[2022-07-06T06:13:22.943+0000][8][safepoint   ] Safepoint "Cleanup", Time since last: 52038546713 ns, Reaching safepoint: 384222 ns, At safepoint: 8768 ns, Total: 392990 ns
[2022-07-06T06:14:01.249+0000][8][gc,start    ] GC(528) Pause Young (Normal) (G1 Evacuation Pause)
[2022-07-06T06:14:01.253+0000][8][gc,task     ] GC(528) Using 4 workers of 4 for evacuation
[2022-07-06T06:14:01.254+0000][8][gc,age      ] GC(528) Desired survivor size 20971520 bytes, new threshold 15 (max threshold 15)
[2022-07-06T06:14:01.265+0000][8][gc,phases   ] GC(528)   Pre Evacuate Collection Set: 0.6ms
[2022-07-06T06:14:01.267+0000][8][gc,phases   ] GC(528)   Merge Heap Roots: 0.2ms
[2022-07-06T06:14:01.268+0000][8][gc,phases   ] GC(528)   Evacuate Collection Set: 4.9ms
[2022-07-06T06:14:01.269+0000][8][gc,phases   ] GC(528)   Post Evacuate Collection Set: 1.7ms
[2022-07-06T06:14:01.269+0000][8][gc,phases   ] GC(528)   Other: 4.4ms
[2022-07-06T06:14:01.270+0000][8][gc,age      ] GC(528) Age table with threshold 15 (max threshold 15)
[2022-07-06T06:14:01.277+0000][8][gc,age      ] GC(528) - age   1:    1422392 bytes,    1422392 total
[2022-07-06T06:14:01.284+0000][8][gc,age      ] GC(528) - age   2:      60024 bytes,    1482416 total
[2022-07-06T06:14:01.286+0000][8][gc,age      ] GC(528) - age   3:     827056 bytes,    2309472 total
[2022-07-06T06:14:01.291+0000][8][gc,age      ] GC(528) - age   4:        752 bytes,    2310224 total
[2022-07-06T06:14:01.296+0000][8][gc,age      ] GC(528) - age   6:        184 bytes,    2310408 total
[2022-07-06T06:14:01.297+0000][8][gc,age      ] GC(528) - age   9:        184 bytes,    2310592 total
[2022-07-06T06:14:01.298+0000][8][gc,age      ] GC(528) - age  10:        184 bytes,    2310776 total
[2022-07-06T06:14:01.298+0000][8][gc,age      ] GC(528) - age  12:         32 bytes,    2310808 total
[2022-07-06T06:14:01.299+0000][8][gc,heap     ] GC(528) Eden regions: 75->0(75)
[2022-07-06T06:14:01.300+0000][8][gc,heap     ] GC(528) Survivor regions: 1->1(10)
[2022-07-06T06:14:01.301+0000][8][gc,heap     ] GC(528) Old regions: 24->24
[2022-07-06T06:14:01.301+0000][8][gc,heap     ] GC(528) Archive regions: 2->2
[2022-07-06T06:14:01.303+0000][8][gc,heap     ] GC(528) Humongous regions: 0->0
[2022-07-06T06:14:01.304+0000][8][gc,metaspace] GC(528) Metaspace: 128854K(132224K)->128854K(132224K) NonClass: 111988K(113664K)->111988K(113664K) Class: 16866K(18560K)->16866K(18560K)
[2022-07-06T06:14:01.310+0000][8][gc          ] GC(528) Pause Young (Normal) (G1 Evacuation Pause) 401M->101M(512M) 60.516ms
[2022-07-06T06:14:01.313+0000][8][gc,cpu      ] GC(528) User=0.01s Sys=0.01s Real=0.06s
[2022-07-06T06:14:01.314+0000][8][safepoint   ] Safepoint "G1CollectForAllocation", Time since last: 38349308980 ns, Reaching safepoint: 159926 ns, At safepoint: 64411262 ns, Total: 64571188 ns
[2022-07-06T06:15:36.577+0000][8][gc,start    ] GC(529) Pause Young (Normal) (G1 Evacuation Pause)
[2022-07-06T06:15:36.580+0000][8][gc,task     ] GC(529) Using 4 workers of 4 for evacuation
[2022-07-06T06:15:36.581+0000][8][gc,age      ] GC(529) Desired survivor size 20971520 bytes, new threshold 15 (max threshold 15)
[2022-07-06T06:15:36.586+0000][8][gc,phases   ] GC(529)   Pre Evacuate Collection Set: 0.2ms
[2022-07-06T06:15:36.587+0000][8][gc,phases   ] GC(529)   Merge Heap Roots: 0.1ms
[2022-07-06T06:15:36.587+0000][8][gc,phases   ] GC(529)   Evacuate Collection Set: 3.3ms
[2022-07-06T06:15:36.588+0000][8][gc,phases   ] GC(529)   Post Evacuate Collection Set: 1.0ms
[2022-07-06T06:15:36.588+0000][8][gc,phases   ] GC(529)   Other: 1.7ms
[2022-07-06T06:15:36.589+0000][8][gc,age      ] GC(529) Age table with threshold 15 (max threshold 15)
[2022-07-06T06:15:36.590+0000][8][gc,age      ] GC(529) - age   1:     806144 bytes,     806144 total
[2022-07-06T06:15:36.590+0000][8][gc,age      ] GC(529) - age   2:       2256 bytes,     808400 total
[2022-07-06T06:15:36.591+0000][8][gc,age      ] GC(529) - age   3:      58000 bytes,     866400 total
[2022-07-06T06:15:36.591+0000][8][gc,age      ] GC(529) - age   4:     826568 bytes,    1692968 total
[2022-07-06T06:15:36.592+0000][8][gc,age      ] GC(529) - age   5:        568 bytes,    1693536 total
[2022-07-06T06:15:36.593+0000][8][gc,age      ] GC(529) - age   7:        184 bytes,    1693720 total
[2022-07-06T06:15:36.593+0000][8][gc,age      ] GC(529) - age  10:        184 bytes,    1693904 total
[2022-07-06T06:15:36.594+0000][8][gc,age      ] GC(529) - age  11:        184 bytes,    1694088 total
[2022-07-06T06:15:36.594+0000][8][gc,age      ] GC(529) - age  13:         32 bytes,    1694120 total
[2022-07-06T06:15:36.595+0000][8][gc,heap     ] GC(529) Eden regions: 75->0(75)
[2022-07-06T06:15:36.596+0000][8][gc,heap     ] GC(529) Survivor regions: 1->1(10)
[2022-07-06T06:15:36.597+0000][8][gc,heap     ] GC(529) Old regions: 24->24
[2022-07-06T06:15:36.598+0000][8][gc,heap     ] GC(529) Archive regions: 2->2
[2022-07-06T06:15:36.598+0000][8][gc,heap     ] GC(529) Humongous regions: 0->0
[2022-07-06T06:15:36.599+0000][8][gc,metaspace] GC(529) Metaspace: 128854K(132224K)->128854K(132224K) NonClass: 111988K(113664K)->111988K(113664K) Class: 16866K(18560K)->16866K(18560K)
[2022-07-06T06:15:36.600+0000][8][gc          ] GC(529) Pause Young (Normal) (G1 Evacuation Pause) 401M->100M(512M) 22.867ms
[2022-07-06T06:15:36.600+0000][8][gc,cpu      ] GC(529) User=0.01s Sys=0.00s Real=0.02s
[2022-07-06T06:15:36.601+0000][8][safepoint   ] Safepoint "G1CollectForAllocation", Time since last: 95327661617 ns, Reaching safepoint: 120841 ns, At safepoint: 24308665 ns, Total: 24429506 ns
[2022-07-06T06:17:21.597+0000][8][gc,start    ] GC(530) Pause Young (Normal) (G1 Evacuation Pause)
[2022-07-06T06:17:21.602+0000][8][gc,task     ] GC(530) Using 4 workers of 4 for evacuation
[2022-07-06T06:17:21.603+0000][8][gc,age      ] GC(530) Desired survivor size 20971520 bytes, new threshold 15 (max threshold 15)
[2022-07-06T06:17:21.608+0000][8][gc,phases   ] GC(530)   Pre Evacuate Collection Set: 0.3ms
[2022-07-06T06:17:21.609+0000][8][gc,phases   ] GC(530)   Merge Heap Roots: 0.1ms
[2022-07-06T06:17:21.610+0000][8][gc,phases   ] GC(530)   Evacuate Collection Set: 2.5ms
[2022-07-06T06:17:21.610+0000][8][gc,phases   ] GC(530)   Post Evacuate Collection Set: 1.0ms
[2022-07-06T06:17:21.612+0000][8][gc,phases   ] GC(530)   Other: 2.1ms
[2022-07-06T06:17:21.612+0000][8][gc,age      ] GC(530) Age table with threshold 15 (max threshold 15)
[2022-07-06T06:17:21.613+0000][8][gc,age      ] GC(530) - age   1:    1514152 bytes,    1514152 total
[2022-07-06T06:17:21.614+0000][8][gc,age      ] GC(530) - age   2:       1576 bytes,    1515728 total
[2022-07-06T06:17:21.614+0000][8][gc,age      ] GC(530) - age   3:        536 bytes,    1516264 total
[2022-07-06T06:17:21.615+0000][8][gc,age      ] GC(530) - age   4:       2504 bytes,    1518768 total
[2022-07-06T06:17:21.616+0000][8][gc,age      ] GC(530) - age   5:     771664 bytes,    2290432 total
[2022-07-06T06:17:21.617+0000][8][gc,age      ] GC(530) - age   6:        568 bytes,    2291000 total
[2022-07-06T06:17:21.617+0000][8][gc,age      ] GC(530) - age  11:        184 bytes,    2291184 total
[2022-07-06T06:17:21.618+0000][8][gc,age      ] GC(530) - age  12:        184 bytes,    2291368 total
[2022-07-06T06:17:21.619+0000][8][gc,age      ] GC(530) - age  14:         32 bytes,    2291400 total
[2022-07-06T06:17:21.619+0000][8][gc,heap     ] GC(530) Eden regions: 75->0(75)
[2022-07-06T06:17:21.620+0000][8][gc,heap     ] GC(530) Survivor regions: 1->1(10)
[2022-07-06T06:17:21.620+0000][8][gc,heap     ] GC(530) Old regions: 24->24
[2022-07-06T06:17:21.621+0000][8][gc,heap     ] GC(530) Archive regions: 2->2
[2022-07-06T06:17:21.621+0000][8][gc,heap     ] GC(530) Humongous regions: 0->0
[2022-07-06T06:17:21.622+0000][8][gc,metaspace] GC(530) Metaspace: 128854K(132224K)->128854K(132224K) NonClass: 111988K(113664K)->111988K(113664K) Class: 16866K(18560K)->16866K(18560K)
[2022-07-06T06:17:21.623+0000][8][gc          ] GC(530) Pause Young (Normal) (G1 Evacuation Pause) 400M->101M(512M) 25.111ms
[2022-07-06T06:17:21.623+0000][8][gc,cpu      ] GC(530) User=0.01s Sys=0.00s Real=0.02s
[2022-07-06T06:17:21.624+0000][8][safepoint   ] Safepoint "G1CollectForAllocation", Time since last: 105061217558 ns, Reaching safepoint: 223392 ns, At safepoint: 26403798 ns, Total: 26627190 ns
[2022-07-06T06:19:10.383+0000][8][gc,start    ] GC(531) Pause Young (Normal) (G1 Evacuation Pause)
[2022-07-06T06:19:10.387+0000][8][gc,task     ] GC(531) Using 4 workers of 4 for evacuation
[2022-07-06T06:19:10.389+0000][8][gc,age      ] GC(531) Desired survivor size 20971520 bytes, new threshold 15 (max threshold 15)
[2022-07-06T06:19:10.400+0000][8][gc,phases   ] GC(531)   Pre Evacuate Collection Set: 0.7ms
[2022-07-06T06:19:10.403+0000][8][gc,phases   ] GC(531)   Merge Heap Roots: 0.8ms
[2022-07-06T06:19:10.405+0000][8][gc,phases   ] GC(531)   Evacuate Collection Set: 4.3ms
[2022-07-06T06:19:10.406+0000][8][gc,phases   ] GC(531)   Post Evacuate Collection Set: 2.3ms
[2022-07-06T06:19:10.406+0000][8][gc,phases   ] GC(531)   Other: 4.3ms
[2022-07-06T06:19:10.408+0000][8][gc,age      ] GC(531) Age table with threshold 15 (max threshold 15)
[2022-07-06T06:19:10.410+0000][8][gc,age      ] GC(531) - age   1:    1833984 bytes,    1833984 total
[2022-07-06T06:19:10.411+0000][8][gc,age      ] GC(531) - age   2:     124696 bytes,    1958680 total
[2022-07-06T06:19:10.412+0000][8][gc,age      ] GC(531) - age   3:        736 bytes,    1959416 total
[2022-07-06T06:19:10.413+0000][8][gc,age      ] GC(531) - age   4:        408 bytes,    1959824 total
[2022-07-06T06:19:10.414+0000][8][gc,age      ] GC(531) - age   5:       2344 bytes,    1962168 total
[2022-07-06T06:19:10.414+0000][8][gc,age      ] GC(531) - age   6:     771048 bytes,    2733216 total
[2022-07-06T06:19:10.415+0000][8][gc,age      ] GC(531) - age   7:        416 bytes,    2733632 total
[2022-07-06T06:19:10.416+0000][8][gc,age      ] GC(531) - age  12:        184 bytes,    2733816 total
[2022-07-06T06:19:10.419+0000][8][gc,age      ] GC(531) - age  13:        184 bytes,    2734000 total
[2022-07-06T06:19:10.420+0000][8][gc,heap     ] GC(531) Eden regions: 75->0(75)
[2022-07-06T06:19:10.421+0000][8][gc,heap     ] GC(531) Survivor regions: 1->1(10)
[2022-07-06T06:19:10.421+0000][8][gc,heap     ] GC(531) Old regions: 24->24
[2022-07-06T06:19:10.423+0000][8][gc,heap     ] GC(531) Archive regions: 2->2
[2022-07-06T06:19:10.424+0000][8][gc,heap     ] GC(531) Humongous regions: 0->0
[2022-07-06T06:19:10.426+0000][8][gc,metaspace] GC(531) Metaspace: 128854K(132224K)->128854K(132224K) NonClass: 111988K(113664K)->111988K(113664K) Class: 16866K(18560K)->16866K(18560K)
[2022-07-06T06:19:10.428+0000][8][gc          ] GC(531) Pause Young (Normal) (G1 Evacuation Pause) 401M->101M(512M) 44.730ms
[2022-07-06T06:19:10.429+0000][8][gc,cpu      ] GC(531) User=0.02s Sys=0.00s Real=0.04s
[2022-07-06T06:19:10.430+0000][8][safepoint   ] Safepoint "G1CollectForAllocation", Time since last: 108846366529 ns, Reaching safepoint: 229215 ns, At safepoint: 46476121 ns, Total: 46705336 ns
[2022-07-06T06:20:42.532+0000][8][gc,start    ] GC(532) Pause Young (Normal) (G1 Evacuation Pause)
[2022-07-06T06:20:42.535+0000][8][gc,task     ] GC(532) Using 4 workers of 4 for evacuation
[2022-07-06T06:20:42.543+0000][8][gc,age      ] GC(532) Desired survivor size 20971520 bytes, new threshold 15 (max threshold 15)
[2022-07-06T06:20:42.549+0000][8][gc,phases   ] GC(532)   Pre Evacuate Collection Set: 0.9ms
[2022-07-06T06:20:42.551+0000][8][gc,phases   ] GC(532)   Merge Heap Roots: 0.4ms
[2022-07-06T06:20:42.559+0000][8][gc,phases   ] GC(532)   Evacuate Collection Set: 2.4ms
[2022-07-06T06:20:42.560+0000][8][gc,phases   ] GC(532)   Post Evacuate Collection Set: 0.9ms
[2022-07-06T06:20:42.561+0000][8][gc,phases   ] GC(532)   Other: 9.3ms
[2022-07-06T06:20:42.563+0000][8][gc,age      ] GC(532) Age table with threshold 15 (max threshold 15)
[2022-07-06T06:20:42.564+0000][8][gc,age      ] GC(532) - age   1:    1173712 bytes,    1173712 total
[2022-07-06T06:20:42.564+0000][8][gc,age      ] GC(532) - age   2:      18088 bytes,    1191800 total
[2022-07-06T06:20:42.565+0000][8][gc,age      ] GC(532) - age   3:     123664 bytes,    1315464 total
[2022-07-06T06:20:42.565+0000][8][gc,age      ] GC(532) - age   4:        608 bytes,    1316072 total
[2022-07-06T06:20:42.570+0000][8][gc,age      ] GC(532) - age   5:        408 bytes,    1316480 total
[2022-07-06T06:20:42.574+0000][8][gc,age      ] GC(532) - age   6:       2312 bytes,    1318792 total
[2022-07-06T06:20:42.574+0000][8][gc,age      ] GC(532) - age   7:     771048 bytes,    2089840 total
[2022-07-06T06:20:42.576+0000][8][gc,age      ] GC(532) - age   8:        416 bytes,    2090256 total
[2022-07-06T06:20:42.578+0000][8][gc,age      ] GC(532) - age  13:        184 bytes,    2090440 total
[2022-07-06T06:20:42.579+0000][8][gc,age      ] GC(532) - age  14:        184 bytes,    2090624 total
[2022-07-06T06:20:42.579+0000][8][gc,heap     ] GC(532) Eden regions: 75->0(75)
[2022-07-06T06:20:42.580+0000][8][gc,heap     ] GC(532) Survivor regions: 1->1(10)
[2022-07-06T06:20:42.581+0000][8][gc,heap     ] GC(532) Old regions: 24->24
[2022-07-06T06:20:42.581+0000][8][gc,heap     ] GC(532) Archive regions: 2->2
[2022-07-06T06:20:42.582+0000][8][gc,heap     ] GC(532) Humongous regions: 0->0
[2022-07-06T06:20:42.583+0000][8][gc,metaspace] GC(532) Metaspace: 128855K(132224K)->128855K(132224K) NonClass: 111988K(113664K)->111988K(113664K) Class: 16866K(18560K)->16866K(18560K)
[2022-07-06T06:20:42.590+0000][8][gc          ] GC(532) Pause Young (Normal) (G1 Evacuation Pause) 401M->100M(512M) 57.944ms
[2022-07-06T06:20:42.617+0000][8][gc,cpu      ] GC(532) User=0.01s Sys=0.01s Real=0.09s
[2022-07-06T06:20:42.620+0000][8][safepoint   ] Safepoint "G1CollectForAllocation", Time since last: 92166250623 ns, Reaching safepoint: 114680 ns, At safepoint: 88262296 ns, Total: 88376976 ns
[2022-07-06T06:20:55.645+0000][8][safepoint   ] Safepoint "Cleanup", Time since last: 13024490173 ns, Reaching safepoint: 214297 ns, At safepoint: 12786 ns, Total: 227083 ns
[2022-07-06T06:21:56.132+0000][8][safepoint   ] Safepoint "Cleanup", Time since last: 60529826087 ns, Reaching safepoint: 376148 ns, At safepoint: 58996 ns, Total: 435144 ns
[2022-07-06T06:22:07.260+0000][8][gc,start    ] GC(533) Pause Young (Normal) (G1 Evacuation Pause)
[2022-07-06T06:22:07.265+0000][8][gc,task     ] GC(533) Using 4 workers of 4 for evacuation
[2022-07-06T06:22:07.267+0000][8][gc,age      ] GC(533) Desired survivor size 20971520 bytes, new threshold 15 (max threshold 15)
[2022-07-06T06:22:07.275+0000][8][gc,phases   ] GC(533)   Pre Evacuate Collection Set: 0.3ms
[2022-07-06T06:22:07.276+0000][8][gc,phases   ] GC(533)   Merge Heap Roots: 0.4ms
[2022-07-06T06:22:07.279+0000][8][gc,phases   ] GC(533)   Evacuate Collection Set: 4.4ms
[2022-07-06T06:22:07.281+0000][8][gc,phases   ] GC(533)   Post Evacuate Collection Set: 1.0ms
[2022-07-06T06:22:07.282+0000][8][gc,phases   ] GC(533)   Other: 4.0ms
[2022-07-06T06:22:07.283+0000][8][gc,age      ] GC(533) Age table with threshold 15 (max threshold 15)
[2022-07-06T06:22:07.283+0000][8][gc,age      ] GC(533) - age   1:    1043680 bytes,    1043680 total
[2022-07-06T06:22:07.284+0000][8][gc,age      ] GC(533) - age   2:       1696 bytes,    1045376 total
[2022-07-06T06:22:07.285+0000][8][gc,age      ] GC(533) - age   3:      15824 bytes,    1061200 total
[2022-07-06T06:22:07.287+0000][8][gc,age      ] GC(533) - age   4:     123184 bytes,    1184384 total
[2022-07-06T06:22:07.288+0000][8][gc,age      ] GC(533) - age   5:        248 bytes,    1184632 total
[2022-07-06T06:22:07.290+0000][8][gc,age      ] GC(533) - age   6:        408 bytes,    1185040 total
[2022-07-06T06:22:07.290+0000][8][gc,age      ] GC(533) - age   7:       2312 bytes,    1187352 total
[2022-07-06T06:22:07.291+0000][8][gc,age      ] GC(533) - age   8:     769128 bytes,    1956480 total
[2022-07-06T06:22:07.291+0000][8][gc,age      ] GC(533) - age   9:        416 bytes,    1956896 total
[2022-07-06T06:22:07.292+0000][8][gc,age      ] GC(533) - age  15:        184 bytes,    1957080 total
[2022-07-06T06:22:07.293+0000][8][gc,heap     ] GC(533) Eden regions: 75->0(75)
[2022-07-06T06:22:07.297+0000][8][gc,heap     ] GC(533) Survivor regions: 1->1(10)
[2022-07-06T06:22:07.298+0000][8][gc,heap     ] GC(533) Old regions: 24->24
[2022-07-06T06:22:07.299+0000][8][gc,heap     ] GC(533) Archive regions: 2->2
[2022-07-06T06:22:07.300+0000][8][gc,heap     ] GC(533) Humongous regions: 0->0
[2022-07-06T06:22:07.301+0000][8][gc,metaspace] GC(533) Metaspace: 128855K(132224K)->128855K(132224K) NonClass: 111988K(113664K)->111988K(113664K) Class: 16866K(18560K)->16866K(18560K)
[2022-07-06T06:22:07.303+0000][8][gc          ] GC(533) Pause Young (Normal) (G1 Evacuation Pause) 400M->100M(512M) 42.466ms
[2022-07-06T06:22:07.304+0000][8][gc,cpu      ] GC(533) User=0.01s Sys=0.00s Real=0.05s
[2022-07-06T06:22:07.305+0000][8][safepoint   ] Safepoint "G1CollectForAllocation", Time since last: 11149662646 ns, Reaching safepoint: 200724 ns, At safepoint: 45074005 ns, Total: 45274729 ns
[2022-07-06T06:23:31.102+0000][8][gc,start    ] GC(534) Pause Young (Normal) (G1 Evacuation Pause)
[2022-07-06T06:23:31.107+0000][8][gc,task     ] GC(534) Using 4 workers of 4 for evacuation
[2022-07-06T06:23:31.108+0000][8][gc,age      ] GC(534) Desired survivor size 20971520 bytes, new threshold 15 (max threshold 15)
[2022-07-06T06:23:31.113+0000][8][gc,phases   ] GC(534)   Pre Evacuate Collection Set: 0.2ms
[2022-07-06T06:23:31.114+0000][8][gc,phases   ] GC(534)   Merge Heap Roots: 0.2ms
[2022-07-06T06:23:31.114+0000][8][gc,phases   ] GC(534)   Evacuate Collection Set: 2.6ms
[2022-07-06T06:23:31.115+0000][8][gc,phases   ] GC(534)   Post Evacuate Collection Set: 1.4ms
[2022-07-06T06:23:31.116+0000][8][gc,phases   ] GC(534)   Other: 3.9ms
[2022-07-06T06:23:31.117+0000][8][gc,age      ] GC(534) Age table with threshold 15 (max threshold 15)
[2022-07-06T06:23:31.118+0000][8][gc,age      ] GC(534) - age   1:     956440 bytes,     956440 total
[2022-07-06T06:23:31.118+0000][8][gc,age      ] GC(534) - age   2:       3744 bytes,     960184 total
[2022-07-06T06:23:31.119+0000][8][gc,age      ] GC(534) - age   3:        696 bytes,     960880 total
[2022-07-06T06:23:31.120+0000][8][gc,age      ] GC(534) - age   4:      15704 bytes,     976584 total
[2022-07-06T06:23:31.121+0000][8][gc,age      ] GC(534) - age   5:     122928 bytes,    1099512 total
[2022-07-06T06:23:31.122+0000][8][gc,age      ] GC(534) - age   6:        248 bytes,    1099760 total
[2022-07-06T06:23:31.122+0000][8][gc,age      ] GC(534) - age   7:        408 bytes,    1100168 total
[2022-07-06T06:23:31.123+0000][8][gc,age      ] GC(534) - age   8:       2312 bytes,    1102480 total
[2022-07-06T06:23:31.124+0000][8][gc,age      ] GC(534) - age   9:     769128 bytes,    1871608 total
[2022-07-06T06:23:31.124+0000][8][gc,age      ] GC(534) - age  10:        416 bytes,    1872024 total
[2022-07-06T06:23:31.125+0000][8][gc,heap     ] GC(534) Eden regions: 75->0(75)
[2022-07-06T06:23:31.126+0000][8][gc,heap     ] GC(534) Survivor regions: 1->1(10)
[2022-07-06T06:23:31.126+0000][8][gc,heap     ] GC(534) Old regions: 24->24
[2022-07-06T06:23:31.127+0000][8][gc,heap     ] GC(534) Archive regions: 2->2
[2022-07-06T06:23:31.128+0000][8][gc,heap     ] GC(534) Humongous regions: 0->0
[2022-07-06T06:23:31.128+0000][8][gc,metaspace] GC(534) Metaspace: 128855K(132224K)->128855K(132224K) NonClass: 111988K(113664K)->111988K(113664K) Class: 16866K(18560K)->16866K(18560K)
[2022-07-06T06:23:31.129+0000][8][gc          ] GC(534) Pause Young (Normal) (G1 Evacuation Pause) 400M->100M(512M) 27.280ms
[2022-07-06T06:23:31.130+0000][8][gc,cpu      ] GC(534) User=0.01s Sys=0.00s Real=0.03s
[2022-07-06T06:23:31.131+0000][8][safepoint   ] Safepoint "G1CollectForAllocation", Time since last: 83861374091 ns, Reaching safepoint: 62255 ns, At safepoint: 28862310 ns, Total: 28924565 ns
[2022-07-06T06:24:55.105+0000][8][gc,start    ] GC(535) Pause Young (Normal) (G1 Evacuation Pause)
[2022-07-06T06:24:55.108+0000][8][gc,task     ] GC(535) Using 4 workers of 4 for evacuation
[2022-07-06T06:24:55.108+0000][8][gc,age      ] GC(535) Desired survivor size 20971520 bytes, new threshold 15 (max threshold 15)
[2022-07-06T06:24:55.113+0000][8][gc,phases   ] GC(535)   Pre Evacuate Collection Set: 0.2ms
[2022-07-06T06:24:55.114+0000][8][gc,phases   ] GC(535)   Merge Heap Roots: 0.1ms
[2022-07-06T06:24:55.114+0000][8][gc,phases   ] GC(535)   Evacuate Collection Set: 2.4ms
[2022-07-06T06:24:55.115+0000][8][gc,phases   ] GC(535)   Post Evacuate Collection Set: 1.0ms
[2022-07-06T06:24:55.116+0000][8][gc,phases   ] GC(535)   Other: 1.4ms
[2022-07-06T06:24:55.117+0000][8][gc,age      ] GC(535) Age table with threshold 15 (max threshold 15)
[2022-07-06T06:24:55.117+0000][8][gc,age      ] GC(535) - age   1:    1626360 bytes,    1626360 total
[2022-07-06T06:24:55.118+0000][8][gc,age      ] GC(535) - age   2:       1592 bytes,    1627952 total
[2022-07-06T06:24:55.119+0000][8][gc,age      ] GC(535) - age   3:       2528 bytes,    1630480 total
[2022-07-06T06:24:55.119+0000][8][gc,age      ] GC(535) - age   4:        312 bytes,    1630792 total
[2022-07-06T06:24:55.120+0000][8][gc,age      ] GC(535) - age   5:      15704 bytes,    1646496 total
[2022-07-06T06:24:55.120+0000][8][gc,age      ] GC(535) - age   6:     122928 bytes,    1769424 total
[2022-07-06T06:24:55.121+0000][8][gc,age      ] GC(535) - age   7:        248 bytes,    1769672 total
[2022-07-06T06:24:55.122+0000][8][gc,age      ] GC(535) - age   8:        408 bytes,    1770080 total
[2022-07-06T06:24:55.122+0000][8][gc,age      ] GC(535) - age   9:       2312 bytes,    1772392 total
[2022-07-06T06:24:55.123+0000][8][gc,age      ] GC(535) - age  10:     769128 bytes,    2541520 total
[2022-07-06T06:24:55.123+0000][8][gc,age      ] GC(535) - age  11:        416 bytes,    2541936 total
[2022-07-06T06:24:55.124+0000][8][gc,heap     ] GC(535) Eden regions: 75->0(75)
[2022-07-06T06:24:55.125+0000][8][gc,heap     ] GC(535) Survivor regions: 1->1(10)
[2022-07-06T06:24:55.125+0000][8][gc,heap     ] GC(535) Old regions: 24->24
[2022-07-06T06:24:55.126+0000][8][gc,heap     ] GC(535) Archive regions: 2->2
[2022-07-06T06:24:55.126+0000][8][gc,heap     ] GC(535) Humongous regions: 0->0
[2022-07-06T06:24:55.127+0000][8][gc,metaspace] GC(535) Metaspace: 128855K(132224K)->128855K(132224K) NonClass: 111988K(113664K)->111988K(113664K) Class: 16866K(18560K)->16866K(18560K)
[2022-07-06T06:24:55.127+0000][8][gc          ] GC(535) Pause Young (Normal) (G1 Evacuation Pause) 400M->101M(512M) 21.958ms
[2022-07-06T06:24:55.128+0000][8][gc,cpu      ] GC(535) User=0.01s Sys=0.00s Real=0.02s
[2022-07-06T06:24:55.129+0000][8][safepoint   ] Safepoint "G1CollectForAllocation", Time since last: 84017546903 ns, Reaching safepoint: 61333 ns, At safepoint: 23750034 ns, Total: 23811367 ns
[2022-07-06T06:26:04.123+0000][8][safepoint   ] Safepoint "Cleanup", Time since last: 69058527405 ns, Reaching safepoint: 357029 ns, At safepoint: 45676 ns, Total: 402705 ns
[2022-07-06T06:26:17.165+0000][8][gc,start    ] GC(536) Pause Young (Normal) (G1 Evacuation Pause)
[2022-07-06T06:26:17.166+0000][8][gc,task     ] GC(536) Using 4 workers of 4 for evacuation
[2022-07-06T06:26:17.167+0000][8][gc,age      ] GC(536) Desired survivor size 20971520 bytes, new threshold 15 (max threshold 15)
[2022-07-06T06:26:17.172+0000][8][gc,phases   ] GC(536)   Pre Evacuate Collection Set: 0.3ms
[2022-07-06T06:26:17.173+0000][8][gc,phases   ] GC(536)   Merge Heap Roots: 0.1ms
[2022-07-06T06:26:17.174+0000][8][gc,phases   ] GC(536)   Evacuate Collection Set: 2.6ms
[2022-07-06T06:26:17.174+0000][8][gc,phases   ] GC(536)   Post Evacuate Collection Set: 1.0ms
[2022-07-06T06:26:17.175+0000][8][gc,phases   ] GC(536)   Other: 1.2ms
[2022-07-06T06:26:17.176+0000][8][gc,age      ] GC(536) Age table with threshold 15 (max threshold 15)
[2022-07-06T06:26:17.176+0000][8][gc,age      ] GC(536) - age   1:    1768200 bytes,    1768200 total
[2022-07-06T06:26:17.177+0000][8][gc,age      ] GC(536) - age   2:       2616 bytes,    1770816 total
[2022-07-06T06:26:17.178+0000][8][gc,age      ] GC(536) - age   3:        704 bytes,    1771520 total
[2022-07-06T06:26:17.178+0000][8][gc,age      ] GC(536) - age   4:       2400 bytes,    1773920 total
[2022-07-06T06:26:17.179+0000][8][gc,age      ] GC(536) - age   5:         16 bytes,    1773936 total
[2022-07-06T06:26:17.179+0000][8][gc,age      ] GC(536) - age   6:      15704 bytes,    1789640 total
[2022-07-06T06:26:17.180+0000][8][gc,age      ] GC(536) - age   7:     122744 bytes,    1912384 total
[2022-07-06T06:26:17.180+0000][8][gc,age      ] GC(536) - age   8:        248 bytes,    1912632 total
[2022-07-06T06:26:17.181+0000][8][gc,age      ] GC(536) - age   9:        408 bytes,    1913040 total
[2022-07-06T06:26:17.181+0000][8][gc,age      ] GC(536) - age  10:       2280 bytes,    1915320 total
[2022-07-06T06:26:17.182+0000][8][gc,age      ] GC(536) - age  11:     768736 bytes,    2684056 total
[2022-07-06T06:26:17.182+0000][8][gc,age      ] GC(536) - age  12:        416 bytes,    2684472 total
[2022-07-06T06:26:17.183+0000][8][gc,heap     ] GC(536) Eden regions: 75->0(75)
[2022-07-06T06:26:17.183+0000][8][gc,heap     ] GC(536) Survivor regions: 1->1(10)
[2022-07-06T06:26:17.184+0000][8][gc,heap     ] GC(536) Old regions: 24->24
[2022-07-06T06:26:17.185+0000][8][gc,heap     ] GC(536) Archive regions: 2->2
[2022-07-06T06:26:17.185+0000][8][gc,heap     ] GC(536) Humongous regions: 0->0
[2022-07-06T06:26:17.186+0000][8][gc,metaspace] GC(536) Metaspace: 128855K(132224K)->128855K(132224K) NonClass: 111988K(113664K)->111988K(113664K) Class: 16866K(18560K)->16866K(18560K)
[2022-07-06T06:26:17.187+0000][8][gc          ] GC(536) Pause Young (Normal) (G1 Evacuation Pause) 401M->101M(512M) 21.293ms
[2022-07-06T06:26:17.187+0000][8][gc,cpu      ] GC(536) User=0.01s Sys=0.00s Real=0.02s
[2022-07-06T06:26:17.188+0000][8][safepoint   ] Safepoint "G1CollectForAllocation", Time since last: 13041935468 ns, Reaching safepoint: 184861 ns, At safepoint: 22520208 ns, Total: 22705069 ns
[2022-07-06T06:27:37.941+0000][8][gc,start    ] GC(537) Pause Young (Normal) (G1 Evacuation Pause)
[2022-07-06T06:27:37.947+0000][8][gc,task     ] GC(537) Using 4 workers of 4 for evacuation
[2022-07-06T06:27:37.949+0000][8][gc,age      ] GC(537) Desired survivor size 20971520 bytes, new threshold 15 (max threshold 15)
[2022-07-06T06:27:37.954+0000][8][gc,phases   ] GC(537)   Pre Evacuate Collection Set: 0.2ms
[2022-07-06T06:27:37.955+0000][8][gc,phases   ] GC(537)   Merge Heap Roots: 0.2ms
[2022-07-06T06:27:37.956+0000][8][gc,phases   ] GC(537)   Evacuate Collection Set: 2.8ms
[2022-07-06T06:27:37.957+0000][8][gc,phases   ] GC(537)   Post Evacuate Collection Set: 1.4ms
[2022-07-06T06:27:37.958+0000][8][gc,phases   ] GC(537)   Other: 2.6ms
[2022-07-06T06:27:37.958+0000][8][gc,age      ] GC(537) Age table with threshold 15 (max threshold 15)
[2022-07-06T06:27:37.959+0000][8][gc,age      ] GC(537) - age   1:    1770616 bytes,    1770616 total
[2022-07-06T06:27:37.959+0000][8][gc,age      ] GC(537) - age   2:       2720 bytes,    1773336 total
[2022-07-06T06:27:37.960+0000][8][gc,age      ] GC(537) - age   3:        256 bytes,    1773592 total
[2022-07-06T06:27:37.960+0000][8][gc,age      ] GC(537) - age   4:        224 bytes,    1773816 total
[2022-07-06T06:27:37.961+0000][8][gc,age      ] GC(537) - age   5:       2104 bytes,    1775920 total
[2022-07-06T06:27:37.961+0000][8][gc,age      ] GC(537) - age   6:         16 bytes,    1775936 total
[2022-07-06T06:27:37.962+0000][8][gc,age      ] GC(537) - age   7:      15704 bytes,    1791640 total
[2022-07-06T06:27:37.963+0000][8][gc,age      ] GC(537) - age   8:     122744 bytes,    1914384 total
[2022-07-06T06:27:37.963+0000][8][gc,age      ] GC(537) - age   9:         64 bytes,    1914448 total
[2022-07-06T06:27:37.964+0000][8][gc,age      ] GC(537) - age  10:        408 bytes,    1914856 total
[2022-07-06T06:27:37.965+0000][8][gc,age      ] GC(537) - age  11:       2280 bytes,    1917136 total
[2022-07-06T06:27:37.965+0000][8][gc,age      ] GC(537) - age  12:     768736 bytes,    2685872 total
[2022-07-06T06:27:37.966+0000][8][gc,age      ] GC(537) - age  13:        416 bytes,    2686288 total
[2022-07-06T06:27:37.967+0000][8][gc,heap     ] GC(537) Eden regions: 75->0(75)
[2022-07-06T06:27:37.967+0000][8][gc,heap     ] GC(537) Survivor regions: 1->1(10)
[2022-07-06T06:27:37.968+0000][8][gc,heap     ] GC(537) Old regions: 24->24
[2022-07-06T06:27:37.969+0000][8][gc,heap     ] GC(537) Archive regions: 2->2
[2022-07-06T06:27:37.969+0000][8][gc,heap     ] GC(537) Humongous regions: 0->0
[2022-07-06T06:27:37.970+0000][8][gc,metaspace] GC(537) Metaspace: 128855K(132224K)->128855K(132224K) NonClass: 111988K(113664K)->111988K(113664K) Class: 16866K(18560K)->16866K(18560K)
[2022-07-06T06:27:37.970+0000][8][gc          ] GC(537) Pause Young (Normal) (G1 Evacuation Pause) 401M->101M(512M) 28.785ms
[2022-07-06T06:27:37.971+0000][8][gc,cpu      ] GC(537) User=0.01s Sys=0.01s Real=0.03s
[2022-07-06T06:27:37.972+0000][8][safepoint   ] Safepoint "G1CollectForAllocation", Time since last: 80818678873 ns, Reaching safepoint: 163291 ns, At safepoint: 30160531 ns, Total: 30323822 ns
[2022-07-06T06:27:55.987+0000][8][safepoint   ] Safepoint "Cleanup", Time since last: 18015047195 ns, Reaching safepoint: 557263 ns, At safepoint: 167379 ns, Total: 724642 ns
[2022-07-06T06:29:04.606+0000][8][gc,start    ] GC(538) Pause Young (Normal) (G1 Evacuation Pause)
[2022-07-06T06:29:04.608+0000][8][gc,task     ] GC(538) Using 4 workers of 4 for evacuation
[2022-07-06T06:29:04.609+0000][8][gc,age      ] GC(538) Desired survivor size 20971520 bytes, new threshold 15 (max threshold 15)
[2022-07-06T06:29:04.614+0000][8][gc,phases   ] GC(538)   Pre Evacuate Collection Set: 0.2ms
[2022-07-06T06:29:04.615+0000][8][gc,phases   ] GC(538)   Merge Heap Roots: 0.2ms
[2022-07-06T06:29:04.615+0000][8][gc,phases   ] GC(538)   Evacuate Collection Set: 2.5ms
[2022-07-06T06:29:04.616+0000][8][gc,phases   ] GC(538)   Post Evacuate Collection Set: 1.0ms
[2022-07-06T06:29:04.617+0000][8][gc,phases   ] GC(538)   Other: 1.6ms
[2022-07-06T06:29:04.617+0000][8][gc,age      ] GC(538) Age table with threshold 15 (max threshold 15)
[2022-07-06T06:29:04.618+0000][8][gc,age      ] GC(538) - age   1:    1299464 bytes,    1299464 total
[2022-07-06T06:29:04.619+0000][8][gc,age      ] GC(538) - age   2:       2488 bytes,    1301952 total
[2022-07-06T06:29:04.619+0000][8][gc,age      ] GC(538) - age   3:        864 bytes,    1302816 total
[2022-07-06T06:29:04.620+0000][8][gc,age      ] GC(538) - age   5:        224 bytes,    1303040 total
[2022-07-06T06:29:04.621+0000][8][gc,age      ] GC(538) - age   6:       2104 bytes,    1305144 total
[2022-07-06T06:29:04.622+0000][8][gc,age      ] GC(538) - age   7:         16 bytes,    1305160 total
[2022-07-06T06:29:04.622+0000][8][gc,age      ] GC(538) - age   8:      15344 bytes,    1320504 total
[2022-07-06T06:29:04.623+0000][8][gc,age      ] GC(538) - age   9:     122744 bytes,    1443248 total
[2022-07-06T06:29:04.624+0000][8][gc,age      ] GC(538) - age  10:         64 bytes,    1443312 total
[2022-07-06T06:29:04.625+0000][8][gc,age      ] GC(538) - age  11:        408 bytes,    1443720 total
[2022-07-06T06:29:04.626+0000][8][gc,age      ] GC(538) - age  12:       2280 bytes,    1446000 total
[2022-07-06T06:29:04.627+0000][8][gc,age      ] GC(538) - age  13:     768736 bytes,    2214736 total
[2022-07-06T06:29:04.627+0000][8][gc,heap     ] GC(538) Eden regions: 75->0(75)
[2022-07-06T06:29:04.628+0000][8][gc,heap     ] GC(538) Survivor regions: 1->1(10)
[2022-07-06T06:29:04.628+0000][8][gc,heap     ] GC(538) Old regions: 24->24
[2022-07-06T06:29:04.629+0000][8][gc,heap     ] GC(538) Archive regions: 2->2
[2022-07-06T06:29:04.630+0000][8][gc,heap     ] GC(538) Humongous regions: 0->0
[2022-07-06T06:29:04.630+0000][8][gc,metaspace] GC(538) Metaspace: 128855K(132224K)->128855K(132224K) NonClass: 111989K(113664K)->111989K(113664K) Class: 16866K(18560K)->16866K(18560K)
[2022-07-06T06:29:04.631+0000][8][gc          ] GC(538) Pause Young (Normal) (G1 Evacuation Pause) 401M->101M(512M) 25.282ms
[2022-07-06T06:29:04.631+0000][8][gc,cpu      ] GC(538) User=0.01s Sys=0.00s Real=0.03s
[2022-07-06T06:29:04.632+0000][8][safepoint   ] Safepoint "G1CollectForAllocation", Time since last: 68683142315 ns, Reaching safepoint: 88980 ns, At safepoint: 26620187 ns, Total: 26709167 ns
[2022-07-06T06:30:28.596+0000][8][gc,start    ] GC(539) Pause Young (Normal) (G1 Evacuation Pause)
[2022-07-06T06:30:28.598+0000][8][gc,task     ] GC(539) Using 4 workers of 4 for evacuation
[2022-07-06T06:30:28.599+0000][8][gc,age      ] GC(539) Desired survivor size 20971520 bytes, new threshold 15 (max threshold 15)
[2022-07-06T06:30:28.604+0000][8][gc,phases   ] GC(539)   Pre Evacuate Collection Set: 0.2ms
[2022-07-06T06:30:28.606+0000][8][gc,phases   ] GC(539)   Merge Heap Roots: 0.1ms
[2022-07-06T06:30:28.609+0000][8][gc,phases   ] GC(539)   Evacuate Collection Set: 1.8ms
[2022-07-06T06:30:28.610+0000][8][gc,phases   ] GC(539)   Post Evacuate Collection Set: 1.2ms
[2022-07-06T06:30:28.611+0000][8][gc,phases   ] GC(539)   Other: 2.8ms
[2022-07-06T06:30:28.612+0000][8][gc,age      ] GC(539) Age table with threshold 15 (max threshold 15)
[2022-07-06T06:30:28.613+0000][8][gc,age      ] GC(539) - age   1:    1073960 bytes,    1073960 total
[2022-07-06T06:30:28.614+0000][8][gc,age      ] GC(539) - age   2:       2344 bytes,    1076304 total
[2022-07-06T06:30:28.615+0000][8][gc,age      ] GC(539) - age   3:        704 bytes,    1077008 total
[2022-07-06T06:30:28.616+0000][8][gc,age      ] GC(539) - age   4:        608 bytes,    1077616 total
[2022-07-06T06:30:28.616+0000][8][gc,age      ] GC(539) - age   6:        224 bytes,    1077840 total
[2022-07-06T06:30:28.617+0000][8][gc,age      ] GC(539) - age   7:       2104 bytes,    1079944 total
[2022-07-06T06:30:28.618+0000][8][gc,age      ] GC(539) - age   8:         16 bytes,    1079960 total
[2022-07-06T06:30:28.619+0000][8][gc,age      ] GC(539) - age   9:      15344 bytes,    1095304 total
[2022-07-06T06:30:28.619+0000][8][gc,age      ] GC(539) - age  10:     122744 bytes,    1218048 total
[2022-07-06T06:30:28.620+0000][8][gc,age      ] GC(539) - age  11:         64 bytes,    1218112 total
[2022-07-06T06:30:28.626+0000][8][gc,age      ] GC(539) - age  12:        408 bytes,    1218520 total
[2022-07-06T06:30:28.628+0000][8][gc,age      ] GC(539) - age  13:       2280 bytes,    1220800 total
[2022-07-06T06:30:28.629+0000][8][gc,age      ] GC(539) - age  14:     768736 bytes,    1989536 total
[2022-07-06T06:30:28.630+0000][8][gc,heap     ] GC(539) Eden regions: 75->0(75)
[2022-07-06T06:30:28.631+0000][8][gc,heap     ] GC(539) Survivor regions: 1->1(10)
[2022-07-06T06:30:28.632+0000][8][gc,heap     ] GC(539) Old regions: 24->24
[2022-07-06T06:30:28.634+0000][8][gc,heap     ] GC(539) Archive regions: 2->2
[2022-07-06T06:30:28.634+0000][8][gc,heap     ] GC(539) Humongous regions: 0->0
[2022-07-06T06:30:28.635+0000][8][gc,metaspace] GC(539) Metaspace: 128855K(132224K)->128855K(132224K) NonClass: 111989K(113664K)->111989K(113664K) Class: 16866K(18560K)->16866K(18560K)
[2022-07-06T06:30:28.636+0000][8][gc          ] GC(539) Pause Young (Normal) (G1 Evacuation Pause) 401M->100M(512M) 40.303ms
[2022-07-06T06:30:28.637+0000][8][gc,cpu      ] GC(539) User=0.01s Sys=0.01s Real=0.04s
[2022-07-06T06:30:28.642+0000][8][safepoint   ] Safepoint "G1CollectForAllocation", Time since last: 84028105276 ns, Reaching safepoint: 250802 ns, At safepoint: 46441200 ns, Total: 46692002 ns
[2022-07-06T06:31:49.582+0000][8][gc,start    ] GC(540) Pause Young (Normal) (G1 Evacuation Pause)
[2022-07-06T06:31:49.588+0000][8][gc,task     ] GC(540) Using 4 workers of 4 for evacuation
[2022-07-06T06:31:49.595+0000][8][gc,age      ] GC(540) Desired survivor size 20971520 bytes, new threshold 15 (max threshold 15)
[2022-07-06T06:31:49.606+0000][8][gc,phases   ] GC(540)   Pre Evacuate Collection Set: 0.2ms
[2022-07-06T06:31:49.617+0000][8][gc,phases   ] GC(540)   Merge Heap Roots: 0.1ms
[2022-07-06T06:31:49.624+0000][8][gc,phases   ] GC(540)   Evacuate Collection Set: 6.7ms
[2022-07-06T06:31:49.630+0000][8][gc,phases   ] GC(540)   Post Evacuate Collection Set: 1.8ms
[2022-07-06T06:31:49.636+0000][8][gc,phases   ] GC(540)   Other: 9.8ms
[2022-07-06T06:31:49.639+0000][8][gc,age      ] GC(540) Age table with threshold 15 (max threshold 15)
[2022-07-06T06:31:49.641+0000][8][gc,age      ] GC(540) - age   1:     754520 bytes,     754520 total
[2022-07-06T06:31:49.642+0000][8][gc,age      ] GC(540) - age   2:       2784 bytes,     757304 total
[2022-07-06T06:31:49.643+0000][8][gc,age      ] GC(540) - age   3:        816 bytes,     758120 total
[2022-07-06T06:31:49.643+0000][8][gc,age      ] GC(540) - age   4:        640 bytes,     758760 total
[2022-07-06T06:31:49.644+0000][8][gc,age      ] GC(540) - age   5:        424 bytes,     759184 total
[2022-07-06T06:31:49.645+0000][8][gc,age      ] GC(540) - age   7:        200 bytes,     759384 total
[2022-07-06T06:31:49.651+0000][8][gc,age      ] GC(540) - age   8:        184 bytes,     759568 total
[2022-07-06T06:31:49.655+0000][8][gc,age      ] GC(540) - age   9:         16 bytes,     759584 total
[2022-07-06T06:31:49.656+0000][8][gc,age      ] GC(540) - age  10:      15344 bytes,     774928 total
[2022-07-06T06:31:49.658+0000][8][gc,age      ] GC(540) - age  11:     122744 bytes,     897672 total
[2022-07-06T06:31:49.659+0000][8][gc,age      ] GC(540) - age  12:         64 bytes,     897736 total
[2022-07-06T06:31:49.660+0000][8][gc,age      ] GC(540) - age  13:        408 bytes,     898144 total
[2022-07-06T06:31:49.661+0000][8][gc,age      ] GC(540) - age  14:       2280 bytes,     900424 total
[2022-07-06T06:31:49.668+0000][8][gc,age      ] GC(540) - age  15:     768736 bytes,    1669160 total
[2022-07-06T06:31:49.671+0000][8][gc,heap     ] GC(540) Eden regions: 75->0(75)
[2022-07-06T06:31:49.671+0000][8][gc,heap     ] GC(540) Survivor regions: 1->1(10)
[2022-07-06T06:31:49.672+0000][8][gc,heap     ] GC(540) Old regions: 24->24
[2022-07-06T06:31:49.673+0000][8][gc,heap     ] GC(540) Archive regions: 2->2
[2022-07-06T06:31:49.674+0000][8][gc,heap     ] GC(540) Humongous regions: 0->0
[2022-07-06T06:31:49.675+0000][8][gc,metaspace] GC(540) Metaspace: 128855K(132224K)->128855K(132224K) NonClass: 111989K(113664K)->111989K(113664K) Class: 16866K(18560K)->16866K(18560K)
[2022-07-06T06:31:49.676+0000][8][gc          ] GC(540) Pause Young (Normal) (G1 Evacuation Pause) 400M->100M(512M) 94.195ms
[2022-07-06T06:31:49.676+0000][8][gc,cpu      ] GC(540) User=0.01s Sys=0.00s Real=0.10s
[2022-07-06T06:31:49.677+0000][8][safepoint   ] Safepoint "G1CollectForAllocation", Time since last: 80980016234 ns, Reaching safepoint: 95103 ns, At safepoint: 95460586 ns, Total: 95555689 ns
[2022-07-06T06:33:13.561+0000][8][gc,start    ] GC(541) Pause Young (Normal) (G1 Evacuation Pause)
[2022-07-06T06:33:13.563+0000][8][gc,task     ] GC(541) Using 4 workers of 4 for evacuation
[2022-07-06T06:33:13.570+0000][8][gc,age      ] GC(541) Desired survivor size 20971520 bytes, new threshold 15 (max threshold 15)
[2022-07-06T06:33:13.586+0000][8][gc,phases   ] GC(541)   Pre Evacuate Collection Set: 0.2ms
[2022-07-06T06:33:13.590+0000][8][gc,phases   ] GC(541)   Merge Heap Roots: 0.0ms
[2022-07-06T06:33:13.591+0000][8][gc,phases   ] GC(541)   Evacuate Collection Set: 8.0ms
[2022-07-06T06:33:13.592+0000][8][gc,phases   ] GC(541)   Post Evacuate Collection Set: 1.8ms
[2022-07-06T06:33:13.595+0000][8][gc,phases   ] GC(541)   Other: 12.9ms
[2022-07-06T06:33:13.596+0000][8][gc,age      ] GC(541) Age table with threshold 15 (max threshold 15)
[2022-07-06T06:33:13.597+0000][8][gc,age      ] GC(541) - age   1:    1802240 bytes,    1802240 total
[2022-07-06T06:33:13.598+0000][8][gc,age      ] GC(541) - age   2:       3408 bytes,    1805648 total
[2022-07-06T06:33:13.600+0000][8][gc,age      ] GC(541) - age   3:        192 bytes,    1805840 total
[2022-07-06T06:33:13.617+0000][8][gc,age      ] GC(541) - age   4:        752 bytes,    1806592 total
[2022-07-06T06:33:13.624+0000][8][gc,age      ] GC(541) - age   5:        544 bytes,    1807136 total
[2022-07-06T06:33:13.628+0000][8][gc,age      ] GC(541) - age   6:        424 bytes,    1807560 total
[2022-07-06T06:33:13.628+0000][8][gc,age      ] GC(541) - age   8:         16 bytes,    1807576 total
[2022-07-06T06:33:13.629+0000][8][gc,age      ] GC(541) - age   9:        184 bytes,    1807760 total
[2022-07-06T06:33:13.630+0000][8][gc,age      ] GC(541) - age  10:         16 bytes,    1807776 total
[2022-07-06T06:33:13.631+0000][8][gc,age      ] GC(541) - age  11:      15344 bytes,    1823120 total
[2022-07-06T06:33:13.637+0000][8][gc,age      ] GC(541) - age  12:     122744 bytes,    1945864 total
[2022-07-06T06:33:13.647+0000][8][gc,age      ] GC(541) - age  13:         64 bytes,    1945928 total
[2022-07-06T06:33:13.654+0000][8][gc,age      ] GC(541) - age  14:        408 bytes,    1946336 total
[2022-07-06T06:33:13.666+0000][8][gc,age      ] GC(541) - age  15:       2280 bytes,    1948616 total
[2022-07-06T06:33:13.671+0000][8][gc,heap     ] GC(541) Eden regions: 75->0(75)
[2022-07-06T06:33:13.676+0000][8][gc,heap     ] GC(541) Survivor regions: 1->1(10)
[2022-07-06T06:33:13.681+0000][8][gc,heap     ] GC(541) Old regions: 24->24
[2022-07-06T06:33:13.682+0000][8][gc,heap     ] GC(541) Archive regions: 2->2
[2022-07-06T06:33:13.684+0000][8][gc,heap     ] GC(541) Humongous regions: 0->0
[2022-07-06T06:33:13.688+0000][8][gc,metaspace] GC(541) Metaspace: 128855K(132224K)->128855K(132224K) NonClass: 111989K(113664K)->111989K(113664K) Class: 16866K(18560K)->16866K(18560K)
[2022-07-06T06:33:13.689+0000][8][gc          ] GC(541) Pause Young (Normal) (G1 Evacuation Pause) 400M->101M(512M) 128.479ms
[2022-07-06T06:33:13.690+0000][8][gc,cpu      ] GC(541) User=0.03s Sys=0.00s Real=0.13s
[2022-07-06T06:33:13.691+0000][8][safepoint   ] Safepoint "G1CollectForAllocation", Time since last: 83950765644 ns, Reaching safepoint: 248062 ns, At safepoint: 130113253 ns, Total: 130361315 ns
[2022-07-06T06:33:14.698+0000][8][safepoint   ] Safepoint "Cleanup", Time since last: 1006966514 ns, Reaching safepoint: 482152 ns, At safepoint: 23003 ns, Total: 505155 ns
[2022-07-06T06:33:55.719+0000][8][safepoint   ] Safepoint "Cleanup", Time since last: 41042297998 ns, Reaching safepoint: 293023 ns, At safepoint: 109479 ns, Total: 402502 ns
[2022-07-06T06:34:37.536+0000][8][gc,start    ] GC(542) Pause Young (Normal) (G1 Evacuation Pause)
[2022-07-06T06:34:37.539+0000][8][gc,task     ] GC(542) Using 4 workers of 4 for evacuation
[2022-07-06T06:34:37.540+0000][8][gc,age      ] GC(542) Desired survivor size 20971520 bytes, new threshold 15 (max threshold 15)
[2022-07-06T06:34:37.545+0000][8][gc,phases   ] GC(542)   Pre Evacuate Collection Set: 0.2ms
[2022-07-06T06:34:37.547+0000][8][gc,phases   ] GC(542)   Merge Heap Roots: 0.2ms
[2022-07-06T06:34:37.549+0000][8][gc,phases   ] GC(542)   Evacuate Collection Set: 2.4ms
[2022-07-06T06:34:37.550+0000][8][gc,phases   ] GC(542)   Post Evacuate Collection Set: 1.1ms
[2022-07-06T06:34:37.551+0000][8][gc,phases   ] GC(542)   Other: 2.3ms
[2022-07-06T06:34:37.552+0000][8][gc,age      ] GC(542) Age table with threshold 15 (max threshold 15)
[2022-07-06T06:34:37.552+0000][8][gc,age      ] GC(542) - age   1:    1570584 bytes,    1570584 total
[2022-07-06T06:34:37.553+0000][8][gc,age      ] GC(542) - age   2:       2032 bytes,    1572616 total
[2022-07-06T06:34:37.554+0000][8][gc,age      ] GC(542) - age   3:       2128 bytes,    1574744 total
[2022-07-06T06:34:37.555+0000][8][gc,age      ] GC(542) - age   5:        752 bytes,    1575496 total
[2022-07-06T06:34:37.556+0000][8][gc,age      ] GC(542) - age   6:        480 bytes,    1575976 total
[2022-07-06T06:34:37.557+0000][8][gc,age      ] GC(542) - age   7:        392 bytes,    1576368 total
[2022-07-06T06:34:37.558+0000][8][gc,age      ] GC(542) - age   9:         16 bytes,    1576384 total
[2022-07-06T06:34:37.559+0000][8][gc,age      ] GC(542) - age  10:        184 bytes,    1576568 total
[2022-07-06T06:34:37.560+0000][8][gc,age      ] GC(542) - age  11:         16 bytes,    1576584 total
[2022-07-06T06:34:37.561+0000][8][gc,age      ] GC(542) - age  12:      15344 bytes,    1591928 total
[2022-07-06T06:34:37.562+0000][8][gc,age      ] GC(542) - age  13:     122744 bytes,    1714672 total
[2022-07-06T06:34:37.563+0000][8][gc,age      ] GC(542) - age  14:         64 bytes,    1714736 total
[2022-07-06T06:34:37.564+0000][8][gc,age      ] GC(542) - age  15:        408 bytes,    1715144 total
[2022-07-06T06:34:37.566+0000][8][gc,heap     ] GC(542) Eden regions: 75->0(75)
[2022-07-06T06:34:37.568+0000][8][gc,heap     ] GC(542) Survivor regions: 1->1(10)
[2022-07-06T06:34:37.569+0000][8][gc,heap     ] GC(542) Old regions: 24->24
[2022-07-06T06:34:37.570+0000][8][gc,heap     ] GC(542) Archive regions: 2->2
[2022-07-06T06:34:37.571+0000][8][gc,heap     ] GC(542) Humongous regions: 0->0
[2022-07-06T06:34:37.572+0000][8][gc,metaspace] GC(542) Metaspace: 128855K(132224K)->128855K(132224K) NonClass: 111989K(113664K)->111989K(113664K) Class: 16866K(18560K)->16866K(18560K)
[2022-07-06T06:34:37.573+0000][8][gc          ] GC(542) Pause Young (Normal) (G1 Evacuation Pause) 401M->101M(512M) 36.282ms
[2022-07-06T06:34:37.574+0000][8][gc,cpu      ] GC(542) User=0.01s Sys=0.00s Real=0.04s
[2022-07-06T06:34:37.574+0000][8][safepoint   ] Safepoint "G1CollectForAllocation", Time since last: 41859835252 ns, Reaching safepoint: 281387 ns, At safepoint: 38002540 ns, Total: 38283927 ns
[2022-07-06T06:36:01.445+0000][8][gc,start    ] GC(543) Pause Young (Normal) (G1 Evacuation Pause)
[2022-07-06T06:36:01.447+0000][8][gc,task     ] GC(543) Using 4 workers of 4 for evacuation
[2022-07-06T06:36:01.448+0000][8][gc,age      ] GC(543) Desired survivor size 20971520 bytes, new threshold 15 (max threshold 15)
[2022-07-06T06:36:01.453+0000][8][gc,phases   ] GC(543)   Pre Evacuate Collection Set: 0.2ms
[2022-07-06T06:36:01.454+0000][8][gc,phases   ] GC(543)   Merge Heap Roots: 0.1ms
[2022-07-06T06:36:01.455+0000][8][gc,phases   ] GC(543)   Evacuate Collection Set: 2.1ms
[2022-07-06T06:36:01.455+0000][8][gc,phases   ] GC(543)   Post Evacuate Collection Set: 1.1ms
[2022-07-06T06:36:01.456+0000][8][gc,phases   ] GC(543)   Other: 2.5ms
[2022-07-06T06:36:01.457+0000][8][gc,age      ] GC(543) Age table with threshold 15 (max threshold 15)
[2022-07-06T06:36:01.458+0000][8][gc,age      ] GC(543) - age   1:    1256568 bytes,    1256568 total
[2022-07-06T06:36:01.458+0000][8][gc,age      ] GC(543) - age   2:       2128 bytes,    1258696 total
[2022-07-06T06:36:01.459+0000][8][gc,age      ] GC(543) - age   3:        536 bytes,    1259232 total
[2022-07-06T06:36:01.459+0000][8][gc,age      ] GC(543) - age   4:       2128 bytes,    1261360 total
[2022-07-06T06:36:01.460+0000][8][gc,age      ] GC(543) - age   6:        568 bytes,    1261928 total
[2022-07-06T06:36:01.461+0000][8][gc,age      ] GC(543) - age   7:        480 bytes,    1262408 total
[2022-07-06T06:36:01.462+0000][8][gc,age      ] GC(543) - age   8:        392 bytes,    1262800 total
[2022-07-06T06:36:01.462+0000][8][gc,age      ] GC(543) - age  10:         16 bytes,    1262816 total
[2022-07-06T06:36:01.463+0000][8][gc,age      ] GC(543) - age  11:        184 bytes,    1263000 total
[2022-07-06T06:36:01.463+0000][8][gc,age      ] GC(543) - age  12:         16 bytes,    1263016 total
[2022-07-06T06:36:01.464+0000][8][gc,age      ] GC(543) - age  13:      15344 bytes,    1278360 total
[2022-07-06T06:36:01.465+0000][8][gc,age      ] GC(543) - age  14:     122744 bytes,    1401104 total
[2022-07-06T06:36:01.465+0000][8][gc,age      ] GC(543) - age  15:         64 bytes,    1401168 total
[2022-07-06T06:36:01.467+0000][8][gc,heap     ] GC(543) Eden regions: 75->0(75)
[2022-07-06T06:36:01.467+0000][8][gc,heap     ] GC(543) Survivor regions: 1->1(10)
[2022-07-06T06:36:01.468+0000][8][gc,heap     ] GC(543) Old regions: 24->24
[2022-07-06T06:36:01.468+0000][8][gc,heap     ] GC(543) Archive regions: 2->2
[2022-07-06T06:36:01.469+0000][8][gc,heap     ] GC(543) Humongous regions: 0->0
[2022-07-06T06:36:01.470+0000][8][gc,metaspace] GC(543) Metaspace: 128855K(132224K)->128855K(132224K) NonClass: 111989K(113664K)->111989K(113664K) Class: 16866K(18560K)->16866K(18560K)
[2022-07-06T06:36:01.470+0000][8][gc          ] GC(543) Pause Young (Normal) (G1 Evacuation Pause) 401M->101M(512M) 25.814ms
[2022-07-06T06:36:01.471+0000][8][gc,cpu      ] GC(543) User=0.00s Sys=0.00s Real=0.03s
[2022-07-06T06:36:01.472+0000][8][safepoint   ] Safepoint "G1CollectForAllocation", Time since last: 83934608109 ns, Reaching safepoint: 159839 ns, At safepoint: 27198516 ns, Total: 27358355 ns
[2022-07-06T06:37:25.447+0000][8][gc,start    ] GC(544) Pause Young (Normal) (G1 Evacuation Pause)
[2022-07-06T06:37:25.448+0000][8][gc,task     ] GC(544) Using 4 workers of 4 for evacuation
[2022-07-06T06:37:25.449+0000][8][gc,age      ] GC(544) Desired survivor size 20971520 bytes, new threshold 15 (max threshold 15)
[2022-07-06T06:37:25.453+0000][8][gc,phases   ] GC(544)   Pre Evacuate Collection Set: 0.3ms
[2022-07-06T06:37:25.454+0000][8][gc,phases   ] GC(544)   Merge Heap Roots: 0.2ms
[2022-07-06T06:37:25.454+0000][8][gc,phases   ] GC(544)   Evacuate Collection Set: 1.9ms
[2022-07-06T06:37:25.455+0000][8][gc,phases   ] GC(544)   Post Evacuate Collection Set: 1.0ms
[2022-07-06T06:37:25.455+0000][8][gc,phases   ] GC(544)   Other: 1.5ms
[2022-07-06T06:37:25.456+0000][8][gc,age      ] GC(544) Age table with threshold 15 (max threshold 15)
[2022-07-06T06:37:25.457+0000][8][gc,age      ] GC(544) - age   1:    1032816 bytes,    1032816 total
[2022-07-06T06:37:25.457+0000][8][gc,age      ] GC(544) - age   2:       2544 bytes,    1035360 total
[2022-07-06T06:37:25.458+0000][8][gc,age      ] GC(544) - age   3:        544 bytes,    1035904 total
[2022-07-06T06:37:25.458+0000][8][gc,age      ] GC(544) - age   4:        280 bytes,    1036184 total
[2022-07-06T06:37:25.459+0000][8][gc,age      ] GC(544) - age   5:       2128 bytes,    1038312 total
[2022-07-06T06:37:25.460+0000][8][gc,age      ] GC(544) - age   7:        568 bytes,    1038880 total
[2022-07-06T06:37:25.460+0000][8][gc,age      ] GC(544) - age   8:        184 bytes,    1039064 total
[2022-07-06T06:37:25.461+0000][8][gc,age      ] GC(544) - age   9:        392 bytes,    1039456 total
[2022-07-06T06:37:25.462+0000][8][gc,age      ] GC(544) - age  11:         16 bytes,    1039472 total
[2022-07-06T06:37:25.462+0000][8][gc,age      ] GC(544) - age  12:        184 bytes,    1039656 total
[2022-07-06T06:37:25.462+0000][8][gc,age      ] GC(544) - age  13:         16 bytes,    1039672 total
[2022-07-06T06:37:25.464+0000][8][gc,age      ] GC(544) - age  14:      15344 bytes,    1055016 total
[2022-07-06T06:37:25.465+0000][8][gc,age      ] GC(544) - age  15:     122744 bytes,    1177760 total
[2022-07-06T06:37:25.466+0000][8][gc,heap     ] GC(544) Eden regions: 75->0(75)
[2022-07-06T06:37:25.467+0000][8][gc,heap     ] GC(544) Survivor regions: 1->1(10)
[2022-07-06T06:37:25.467+0000][8][gc,heap     ] GC(544) Old regions: 24->24
[2022-07-06T06:37:25.468+0000][8][gc,heap     ] GC(544) Archive regions: 2->2
[2022-07-06T06:37:25.469+0000][8][gc,heap     ] GC(544) Humongous regions: 0->0
[2022-07-06T06:37:25.469+0000][8][gc,metaspace] GC(544) Metaspace: 128855K(132224K)->128855K(132224K) NonClass: 111989K(113664K)->111989K(113664K) Class: 16866K(18560K)->16866K(18560K)
[2022-07-06T06:37:25.470+0000][8][gc          ] GC(544) Pause Young (Normal) (G1 Evacuation Pause) 401M->100M(512M) 23.551ms
[2022-07-06T06:37:25.471+0000][8][gc,cpu      ] GC(544) User=0.01s Sys=0.00s Real=0.02s
[2022-07-06T06:37:25.472+0000][8][safepoint   ] Safepoint "G1CollectForAllocation", Time since last: 84017702501 ns, Reaching safepoint: 262797 ns, At safepoint: 25057092 ns, Total: 25319889 ns
[2022-07-06T06:38:43.415+0000][8][gc,start    ] GC(545) Pause Young (Normal) (G1 Evacuation Pause)
[2022-07-06T06:38:43.417+0000][8][gc,task     ] GC(545) Using 4 workers of 4 for evacuation
[2022-07-06T06:38:43.417+0000][8][gc,age      ] GC(545) Desired survivor size 20971520 bytes, new threshold 15 (max threshold 15)
[2022-07-06T06:38:43.422+0000][8][gc,phases   ] GC(545)   Pre Evacuate Collection Set: 0.2ms
[2022-07-06T06:38:43.422+0000][8][gc,phases   ] GC(545)   Merge Heap Roots: 0.3ms
[2022-07-06T06:38:43.423+0000][8][gc,phases   ] GC(545)   Evacuate Collection Set: 1.6ms
[2022-07-06T06:38:43.424+0000][8][gc,phases   ] GC(545)   Post Evacuate Collection Set: 1.0ms
[2022-07-06T06:38:43.424+0000][8][gc,phases   ] GC(545)   Other: 1.8ms
[2022-07-06T06:38:43.425+0000][8][gc,age      ] GC(545) Age table with threshold 15 (max threshold 15)
[2022-07-06T06:38:43.426+0000][8][gc,age      ] GC(545) - age   1:    1132960 bytes,    1132960 total
[2022-07-06T06:38:43.426+0000][8][gc,age      ] GC(545) - age   2:       1776 bytes,    1134736 total
[2022-07-06T06:38:43.427+0000][8][gc,age      ] GC(545) - age   3:        976 bytes,    1135712 total
[2022-07-06T06:38:43.427+0000][8][gc,age      ] GC(545) - age   4:        160 bytes,    1135872 total
[2022-07-06T06:38:43.427+0000][8][gc,age      ] GC(545) - age   5:        184 bytes,    1136056 total
[2022-07-06T06:38:43.428+0000][8][gc,age      ] GC(545) - age   6:       2128 bytes,    1138184 total
[2022-07-06T06:38:43.428+0000][8][gc,age      ] GC(545) - age   8:        568 bytes,    1138752 total
[2022-07-06T06:38:43.429+0000][8][gc,age      ] GC(545) - age   9:        184 bytes,    1138936 total
[2022-07-06T06:38:43.430+0000][8][gc,age      ] GC(545) - age  10:        392 bytes,    1139328 total
[2022-07-06T06:38:43.430+0000][8][gc,age      ] GC(545) - age  12:         16 bytes,    1139344 total
[2022-07-06T06:38:43.431+0000][8][gc,age      ] GC(545) - age  13:        184 bytes,    1139528 total
[2022-07-06T06:38:43.431+0000][8][gc,age      ] GC(545) - age  14:         16 bytes,    1139544 total
[2022-07-06T06:38:43.432+0000][8][gc,age      ] GC(545) - age  15:      15344 bytes,    1154888 total
[2022-07-06T06:38:43.432+0000][8][gc,heap     ] GC(545) Eden regions: 75->0(75)
[2022-07-06T06:38:43.433+0000][8][gc,heap     ] GC(545) Survivor regions: 1->1(10)
[2022-07-06T06:38:43.433+0000][8][gc,heap     ] GC(545) Old regions: 24->24
[2022-07-06T06:38:43.434+0000][8][gc,heap     ] GC(545) Archive regions: 2->2
[2022-07-06T06:38:43.434+0000][8][gc,heap     ] GC(545) Humongous regions: 0->0
[2022-07-06T06:38:43.436+0000][8][gc,metaspace] GC(545) Metaspace: 128855K(132224K)->128855K(132224K) NonClass: 111989K(113664K)->111989K(113664K) Class: 16866K(18560K)->16866K(18560K)
[2022-07-06T06:38:43.437+0000][8][gc          ] GC(545) Pause Young (Normal) (G1 Evacuation Pause) 400M->100M(512M) 21.511ms
[2022-07-06T06:38:43.438+0000][8][gc,cpu      ] GC(545) User=0.00s Sys=0.01s Real=0.02s
[2022-07-06T06:38:43.438+0000][8][safepoint   ] Safepoint "G1CollectForAllocation", Time since last: 78008769355 ns, Reaching safepoint: 133274 ns, At safepoint: 22872449 ns, Total: 23005723 ns
[2022-07-06T06:40:04.375+0000][8][gc,start    ] GC(546) Pause Young (Normal) (G1 Evacuation Pause)
[2022-07-06T06:40:04.381+0000][8][gc,task     ] GC(546) Using 4 workers of 4 for evacuation
[2022-07-06T06:40:04.382+0000][8][gc,age      ] GC(546) Desired survivor size 20971520 bytes, new threshold 15 (max threshold 15)
[2022-07-06T06:40:04.386+0000][8][gc,phases   ] GC(546)   Pre Evacuate Collection Set: 0.2ms
[2022-07-06T06:40:04.386+0000][8][gc,phases   ] GC(546)   Merge Heap Roots: 0.1ms
[2022-07-06T06:40:04.387+0000][8][gc,phases   ] GC(546)   Evacuate Collection Set: 2.0ms
[2022-07-06T06:40:04.387+0000][8][gc,phases   ] GC(546)   Post Evacuate Collection Set: 0.9ms
[2022-07-06T06:40:04.388+0000][8][gc,phases   ] GC(546)   Other: 1.3ms
[2022-07-06T06:40:04.388+0000][8][gc,age      ] GC(546) Age table with threshold 15 (max threshold 15)
[2022-07-06T06:40:04.389+0000][8][gc,age      ] GC(546) - age   1:     600520 bytes,     600520 total
[2022-07-06T06:40:04.389+0000][8][gc,age      ] GC(546) - age   2:       1784 bytes,     602304 total
[2022-07-06T06:40:04.390+0000][8][gc,age      ] GC(546) - age   3:        312 bytes,     602616 total
[2022-07-06T06:40:04.390+0000][8][gc,age      ] GC(546) - age   4:        296 bytes,     602912 total
[2022-07-06T06:40:04.391+0000][8][gc,age      ] GC(546) - age   5:         32 bytes,     602944 total
[2022-07-06T06:40:04.392+0000][8][gc,age      ] GC(546) - age   6:        184 bytes,     603128 total
[2022-07-06T06:40:04.393+0000][8][gc,age      ] GC(546) - age   7:       2128 bytes,     605256 total
[2022-07-06T06:40:04.394+0000][8][gc,age      ] GC(546) - age   9:        384 bytes,     605640 total
[2022-07-06T06:40:04.394+0000][8][gc,age      ] GC(546) - age  10:        184 bytes,     605824 total
[2022-07-06T06:40:04.395+0000][8][gc,age      ] GC(546) - age  11:        392 bytes,     606216 total
[2022-07-06T06:40:04.395+0000][8][gc,age      ] GC(546) - age  13:         16 bytes,     606232 total
[2022-07-06T06:40:04.396+0000][8][gc,age      ] GC(546) - age  14:        184 bytes,     606416 total
[2022-07-06T06:40:04.397+0000][8][gc,age      ] GC(546) - age  15:         16 bytes,     606432 total
[2022-07-06T06:40:04.397+0000][8][gc,heap     ] GC(546) Eden regions: 75->0(75)
[2022-07-06T06:40:04.398+0000][8][gc,heap     ] GC(546) Survivor regions: 1->1(10)
[2022-07-06T06:40:04.398+0000][8][gc,heap     ] GC(546) Old regions: 24->24
[2022-07-06T06:40:04.399+0000][8][gc,heap     ] GC(546) Archive regions: 2->2
[2022-07-06T06:40:04.400+0000][8][gc,heap     ] GC(546) Humongous regions: 0->0
[2022-07-06T06:40:04.400+0000][8][gc,metaspace] GC(546) Metaspace: 128855K(132224K)->128855K(132224K) NonClass: 111989K(113664K)->111989K(113664K) Class: 16866K(18560K)->16866K(18560K)
[2022-07-06T06:40:04.401+0000][8][gc          ] GC(546) Pause Young (Normal) (G1 Evacuation Pause) 400M->100M(512M) 25.469ms
[2022-07-06T06:40:04.402+0000][8][gc,cpu      ] GC(546) User=0.01s Sys=0.00s Real=0.02s
[2022-07-06T06:40:04.402+0000][8][safepoint   ] Safepoint "G1CollectForAllocation", Time since last: 81001625780 ns, Reaching safepoint: 105499 ns, At safepoint: 26859621 ns, Total: 26965120 ns
[2022-07-06T06:41:29.302+0000][8][gc,start    ] GC(547) Pause Young (Normal) (G1 Evacuation Pause)
[2022-07-06T06:41:29.306+0000][8][gc,task     ] GC(547) Using 4 workers of 4 for evacuation
[2022-07-06T06:41:29.307+0000][8][gc,age      ] GC(547) Desired survivor size 20971520 bytes, new threshold 15 (max threshold 15)
[2022-07-06T06:41:29.315+0000][8][gc,phases   ] GC(547)   Pre Evacuate Collection Set: 0.2ms
[2022-07-06T06:41:29.317+0000][8][gc,phases   ] GC(547)   Merge Heap Roots: 0.1ms
[2022-07-06T06:41:29.317+0000][8][gc,phases   ] GC(547)   Evacuate Collection Set: 5.0ms
[2022-07-06T06:41:29.318+0000][8][gc,phases   ] GC(547)   Post Evacuate Collection Set: 2.0ms
[2022-07-06T06:41:29.319+0000][8][gc,phases   ] GC(547)   Other: 2.3ms
[2022-07-06T06:41:29.320+0000][8][gc,age      ] GC(547) Age table with threshold 15 (max threshold 15)
[2022-07-06T06:41:29.321+0000][8][gc,age      ] GC(547) - age   1:    1723232 bytes,    1723232 total
[2022-07-06T06:41:29.322+0000][8][gc,age      ] GC(547) - age   2:       1768 bytes,    1725000 total
[2022-07-06T06:41:29.323+0000][8][gc,age      ] GC(547) - age   3:        584 bytes,    1725584 total
[2022-07-06T06:41:29.323+0000][8][gc,age      ] GC(547) - age   4:        184 bytes,    1725768 total
[2022-07-06T06:41:29.324+0000][8][gc,age      ] GC(547) - age   6:         32 bytes,    1725800 total
[2022-07-06T06:41:29.325+0000][8][gc,age      ] GC(547) - age   7:        184 bytes,    1725984 total
[2022-07-06T06:41:29.325+0000][8][gc,age      ] GC(547) - age   8:         24 bytes,    1726008 total
[2022-07-06T06:41:29.326+0000][8][gc,age      ] GC(547) - age  10:        384 bytes,    1726392 total
[2022-07-06T06:41:29.326+0000][8][gc,age      ] GC(547) - age  11:        184 bytes,    1726576 total
[2022-07-06T06:41:29.327+0000][8][gc,age      ] GC(547) - age  14:         16 bytes,    1726592 total
[2022-07-06T06:41:29.328+0000][8][gc,age      ] GC(547) - age  15:        184 bytes,    1726776 total
[2022-07-06T06:41:29.329+0000][8][gc,heap     ] GC(547) Eden regions: 75->0(75)
[2022-07-06T06:41:29.329+0000][8][gc,heap     ] GC(547) Survivor regions: 1->1(10)
[2022-07-06T06:41:29.330+0000][8][gc,heap     ] GC(547) Old regions: 24->24
[2022-07-06T06:41:29.331+0000][8][gc,heap     ] GC(547) Archive regions: 2->2
[2022-07-06T06:41:29.333+0000][8][gc,heap     ] GC(547) Humongous regions: 0->0
[2022-07-06T06:41:29.334+0000][8][gc,metaspace] GC(547) Metaspace: 128855K(132224K)->128855K(132224K) NonClass: 111989K(113664K)->111989K(113664K) Class: 16866K(18560K)->16866K(18560K)
[2022-07-06T06:41:29.335+0000][8][gc          ] GC(547) Pause Young (Normal) (G1 Evacuation Pause) 400M->101M(512M) 32.930ms
[2022-07-06T06:41:29.335+0000][8][gc,cpu      ] GC(547) User=0.01s Sys=0.00s Real=0.03s
[2022-07-06T06:41:29.337+0000][8][safepoint   ] Safepoint "G1CollectForAllocation", Time since last: 84963047362 ns, Reaching safepoint: 167323 ns, At safepoint: 35692911 ns, Total: 35860234 ns
[2022-07-06T06:42:52.342+0000][8][gc,start    ] GC(548) Pause Young (Normal) (G1 Evacuation Pause)
[2022-07-06T06:42:52.344+0000][8][gc,task     ] GC(548) Using 4 workers of 4 for evacuation
[2022-07-06T06:42:52.344+0000][8][gc,age      ] GC(548) Desired survivor size 20971520 bytes, new threshold 15 (max threshold 15)
[2022-07-06T06:42:52.349+0000][8][gc,phases   ] GC(548)   Pre Evacuate Collection Set: 0.2ms
[2022-07-06T06:42:52.350+0000][8][gc,phases   ] GC(548)   Merge Heap Roots: 0.1ms
[2022-07-06T06:42:52.351+0000][8][gc,phases   ] GC(548)   Evacuate Collection Set: 2.1ms
[2022-07-06T06:42:52.351+0000][8][gc,phases   ] GC(548)   Post Evacuate Collection Set: 1.4ms
[2022-07-06T06:42:52.352+0000][8][gc,phases   ] GC(548)   Other: 1.4ms
[2022-07-06T06:42:52.352+0000][8][gc,age      ] GC(548) Age table with threshold 15 (max threshold 15)
[2022-07-06T06:42:52.353+0000][8][gc,age      ] GC(548) - age   1:    1805304 bytes,    1805304 total
[2022-07-06T06:42:52.354+0000][8][gc,age      ] GC(548) - age   2:       6224 bytes,    1811528 total
[2022-07-06T06:42:52.354+0000][8][gc,age      ] GC(548) - age   3:        872 bytes,    1812400 total
[2022-07-06T06:42:52.355+0000][8][gc,age      ] GC(548) - age   4:        296 bytes,    1812696 total
[2022-07-06T06:42:52.355+0000][8][gc,age      ] GC(548) - age   5:        184 bytes,    1812880 total
[2022-07-06T06:42:52.356+0000][8][gc,age      ] GC(548) - age   8:        184 bytes,    1813064 total
[2022-07-06T06:42:52.356+0000][8][gc,age      ] GC(548) - age   9:         24 bytes,    1813088 total
[2022-07-06T06:42:52.357+0000][8][gc,age      ] GC(548) - age  11:        384 bytes,    1813472 total
[2022-07-06T06:42:52.358+0000][8][gc,age      ] GC(548) - age  12:        184 bytes,    1813656 total
[2022-07-06T06:42:52.358+0000][8][gc,age      ] GC(548) - age  15:         16 bytes,    1813672 total
[2022-07-06T06:42:52.359+0000][8][gc,heap     ] GC(548) Eden regions: 75->0(75)
[2022-07-06T06:42:52.359+0000][8][gc,heap     ] GC(548) Survivor regions: 1->1(10)
[2022-07-06T06:42:52.360+0000][8][gc,heap     ] GC(548) Old regions: 24->24
[2022-07-06T06:42:52.361+0000][8][gc,heap     ] GC(548) Archive regions: 2->2
[2022-07-06T06:42:52.362+0000][8][gc,heap     ] GC(548) Humongous regions: 0->0
[2022-07-06T06:42:52.362+0000][8][gc,metaspace] GC(548) Metaspace: 128855K(132224K)->128855K(132224K) NonClass: 111989K(113664K)->111989K(113664K) Class: 16866K(18560K)->16866K(18560K)
[2022-07-06T06:42:52.363+0000][8][gc          ] GC(548) Pause Young (Normal) (G1 Evacuation Pause) 401M->101M(512M) 20.687ms
[2022-07-06T06:42:52.364+0000][8][gc,cpu      ] GC(548) User=0.01s Sys=0.00s Real=0.02s
[2022-07-06T06:42:52.364+0000][8][safepoint   ] Safepoint "G1CollectForAllocation", Time since last: 83048817891 ns, Reaching safepoint: 191492 ns, At safepoint: 21970301 ns, Total: 22161793 ns
[2022-07-06T06:44:16.285+0000][8][gc,start    ] GC(549) Pause Young (Normal) (G1 Evacuation Pause)
[2022-07-06T06:44:16.287+0000][8][gc,task     ] GC(549) Using 4 workers of 4 for evacuation
[2022-07-06T06:44:16.288+0000][8][gc,age      ] GC(549) Desired survivor size 20971520 bytes, new threshold 15 (max threshold 15)
[2022-07-06T06:44:16.303+0000][8][gc,phases   ] GC(549)   Pre Evacuate Collection Set: 0.3ms
[2022-07-06T06:44:16.303+0000][8][gc,phases   ] GC(549)   Merge Heap Roots: 0.2ms
[2022-07-06T06:44:16.304+0000][8][gc,phases   ] GC(549)   Evacuate Collection Set: 6.4ms
[2022-07-06T06:44:16.305+0000][8][gc,phases   ] GC(549)   Post Evacuate Collection Set: 6.9ms
[2022-07-06T06:44:16.305+0000][8][gc,phases   ] GC(549)   Other: 1.5ms
[2022-07-06T06:44:16.306+0000][8][gc,age      ] GC(549) Age table with threshold 15 (max threshold 15)
[2022-07-06T06:44:16.308+0000][8][gc,age      ] GC(549) - age   1:    1365568 bytes,    1365568 total
[2022-07-06T06:44:16.308+0000][8][gc,age      ] GC(549) - age   2:       2192 bytes,    1367760 total
[2022-07-06T06:44:16.309+0000][8][gc,age      ] GC(549) - age   3:       3416 bytes,    1371176 total
[2022-07-06T06:44:16.309+0000][8][gc,age      ] GC(549) - age   4:        488 bytes,    1371664 total
[2022-07-06T06:44:16.310+0000][8][gc,age      ] GC(549) - age   5:        296 bytes,    1371960 total
[2022-07-06T06:44:16.310+0000][8][gc,age      ] GC(549) - age   6:        184 bytes,    1372144 total
[2022-07-06T06:44:16.311+0000][8][gc,age      ] GC(549) - age   9:        184 bytes,    1372328 total
[2022-07-06T06:44:16.312+0000][8][gc,age      ] GC(549) - age  12:        384 bytes,    1372712 total
[2022-07-06T06:44:16.312+0000][8][gc,heap     ] GC(549) Eden regions: 75->0(75)
[2022-07-06T06:44:16.313+0000][8][gc,heap     ] GC(549) Survivor regions: 1->1(10)
[2022-07-06T06:44:16.313+0000][8][gc,heap     ] GC(549) Old regions: 24->24
[2022-07-06T06:44:16.314+0000][8][gc,heap     ] GC(549) Archive regions: 2->2
[2022-07-06T06:44:16.314+0000][8][gc,heap     ] GC(549) Humongous regions: 0->0
[2022-07-06T06:44:16.315+0000][8][gc,metaspace] GC(549) Metaspace: 128855K(132224K)->128855K(132224K) NonClass: 111989K(113664K)->111989K(113664K) Class: 16866K(18560K)->16866K(18560K)
[2022-07-06T06:44:16.316+0000][8][gc          ] GC(549) Pause Young (Normal) (G1 Evacuation Pause) 401M->101M(512M) 30.382ms
[2022-07-06T06:44:16.316+0000][8][gc,cpu      ] GC(549) User=0.03s Sys=0.00s Real=0.03s
[2022-07-06T06:44:16.317+0000][8][safepoint   ] Safepoint "G1CollectForAllocation", Time since last: 83986267481 ns, Reaching safepoint: 99737 ns, At safepoint: 31611579 ns, Total: 31711316 ns
[2022-07-06T06:45:40.259+0000][8][gc,start    ] GC(550) Pause Young (Normal) (G1 Evacuation Pause)
[2022-07-06T06:45:40.261+0000][8][gc,task     ] GC(550) Using 4 workers of 4 for evacuation
[2022-07-06T06:45:40.263+0000][8][gc,age      ] GC(550) Desired survivor size 20971520 bytes, new threshold 15 (max threshold 15)
[2022-07-06T06:45:40.269+0000][8][gc,phases   ] GC(550)   Pre Evacuate Collection Set: 0.3ms
[2022-07-06T06:45:40.269+0000][8][gc,phases   ] GC(550)   Merge Heap Roots: 0.1ms
[2022-07-06T06:45:40.270+0000][8][gc,phases   ] GC(550)   Evacuate Collection Set: 3.2ms
[2022-07-06T06:45:40.271+0000][8][gc,phases   ] GC(550)   Post Evacuate Collection Set: 1.0ms
[2022-07-06T06:45:40.272+0000][8][gc,phases   ] GC(550)   Other: 2.8ms
[2022-07-06T06:45:40.273+0000][8][gc,age      ] GC(550) Age table with threshold 15 (max threshold 15)
[2022-07-06T06:45:40.275+0000][8][gc,age      ] GC(550) - age   1:     965544 bytes,     965544 total
[2022-07-06T06:45:40.275+0000][8][gc,age      ] GC(550) - age   2:       2768 bytes,     968312 total
[2022-07-06T06:45:40.276+0000][8][gc,age      ] GC(550) - age   3:        256 bytes,     968568 total
[2022-07-06T06:45:40.277+0000][8][gc,age      ] GC(550) - age   4:       2800 bytes,     971368 total
[2022-07-06T06:45:40.278+0000][8][gc,age      ] GC(550) - age   5:        424 bytes,     971792 total
[2022-07-06T06:45:40.279+0000][8][gc,age      ] GC(550) - age   7:        184 bytes,     971976 total
[2022-07-06T06:45:40.279+0000][8][gc,age      ] GC(550) - age  13:        384 bytes,     972360 total
[2022-07-06T06:45:40.280+0000][8][gc,heap     ] GC(550) Eden regions: 75->0(75)
[2022-07-06T06:45:40.280+0000][8][gc,heap     ] GC(550) Survivor regions: 1->1(10)
[2022-07-06T06:45:40.281+0000][8][gc,heap     ] GC(550) Old regions: 24->24
[2022-07-06T06:45:40.282+0000][8][gc,heap     ] GC(550) Archive regions: 2->2
[2022-07-06T06:45:40.282+0000][8][gc,heap     ] GC(550) Humongous regions: 0->0
[2022-07-06T06:45:40.283+0000][8][gc,metaspace] GC(550) Metaspace: 128855K(132224K)->128855K(132224K) NonClass: 111989K(113664K)->111989K(113664K) Class: 16866K(18560K)->16866K(18560K)
[2022-07-06T06:45:40.283+0000][8][gc          ] GC(550) Pause Young (Normal) (G1 Evacuation Pause) 401M->100M(512M) 23.879ms
[2022-07-06T06:45:40.284+0000][8][gc,cpu      ] GC(550) User=0.01s Sys=0.00s Real=0.02s
[2022-07-06T06:45:40.285+0000][8][safepoint   ] Safepoint "G1CollectForAllocation", Time since last: 84006325821 ns, Reaching safepoint: 262164 ns, At safepoint: 25273967 ns, Total: 25536131 ns
[2022-07-06T06:47:01.689+0000][8][gc,start    ] GC(551) Pause Young (Normal) (G1 Evacuation Pause)
[2022-07-06T06:47:01.693+0000][8][gc,task     ] GC(551) Using 4 workers of 4 for evacuation
[2022-07-06T06:47:01.694+0000][8][gc,age      ] GC(551) Desired survivor size 20971520 bytes, new threshold 15 (max threshold 15)
[2022-07-06T06:47:01.699+0000][8][gc,phases   ] GC(551)   Pre Evacuate Collection Set: 0.2ms
[2022-07-06T06:47:01.700+0000][8][gc,phases   ] GC(551)   Merge Heap Roots: 0.1ms
[2022-07-06T06:47:01.701+0000][8][gc,phases   ] GC(551)   Evacuate Collection Set: 2.0ms
[2022-07-06T06:47:01.702+0000][8][gc,phases   ] GC(551)   Post Evacuate Collection Set: 1.0ms
[2022-07-06T06:47:01.702+0000][8][gc,phases   ] GC(551)   Other: 2.1ms
[2022-07-06T06:47:01.703+0000][8][gc,age      ] GC(551) Age table with threshold 15 (max threshold 15)
[2022-07-06T06:47:01.704+0000][8][gc,age      ] GC(551) - age   1:    1050312 bytes,    1050312 total
[2022-07-06T06:47:01.704+0000][8][gc,age      ] GC(551) - age   2:       1888 bytes,    1052200 total
[2022-07-06T06:47:01.705+0000][8][gc,age      ] GC(551) - age   3:       1336 bytes,    1053536 total
[2022-07-06T06:47:01.706+0000][8][gc,age      ] GC(551) - age   4:        128 bytes,    1053664 total
[2022-07-06T06:47:01.708+0000][8][gc,age      ] GC(551) - age   5:       2736 bytes,    1056400 total
[2022-07-06T06:47:01.708+0000][8][gc,age      ] GC(551) - age   6:        424 bytes,    1056824 total
[2022-07-06T06:47:01.710+0000][8][gc,age      ] GC(551) - age   8:        184 bytes,    1057008 total
[2022-07-06T06:47:01.710+0000][8][gc,age      ] GC(551) - age  14:        384 bytes,    1057392 total
[2022-07-06T06:47:01.711+0000][8][gc,heap     ] GC(551) Eden regions: 75->0(75)
[2022-07-06T06:47:01.711+0000][8][gc,heap     ] GC(551) Survivor regions: 1->1(10)
[2022-07-06T06:47:01.712+0000][8][gc,heap     ] GC(551) Old regions: 24->24
[2022-07-06T06:47:01.712+0000][8][gc,heap     ] GC(551) Archive regions: 2->2
[2022-07-06T06:47:01.713+0000][8][gc,heap     ] GC(551) Humongous regions: 0->0
[2022-07-06T06:47:01.714+0000][8][gc,metaspace] GC(551) Metaspace: 128855K(132224K)->128855K(132224K) NonClass: 111989K(113664K)->111989K(113664K) Class: 16866K(18560K)->16866K(18560K)
[2022-07-06T06:47:01.715+0000][8][gc          ] GC(551) Pause Young (Normal) (G1 Evacuation Pause) 400M->100M(512M) 25.859ms
[2022-07-06T06:47:01.716+0000][8][gc,cpu      ] GC(551) User=0.00s Sys=0.00s Real=0.03s
[2022-07-06T06:47:01.716+0000][8][safepoint   ] Safepoint "G1CollectForAllocation", Time since last: 81469568577 ns, Reaching safepoint: 93148 ns, At safepoint: 27026000 ns, Total: 27119148 ns
[2022-07-06T06:48:25.208+0000][8][gc,start    ] GC(552) Pause Young (Normal) (G1 Evacuation Pause)
[2022-07-06T06:48:25.211+0000][8][gc,task     ] GC(552) Using 4 workers of 4 for evacuation
[2022-07-06T06:48:25.211+0000][8][gc,age      ] GC(552) Desired survivor size 20971520 bytes, new threshold 15 (max threshold 15)
[2022-07-06T06:48:25.215+0000][8][gc,phases   ] GC(552)   Pre Evacuate Collection Set: 0.2ms
[2022-07-06T06:48:25.216+0000][8][gc,phases   ] GC(552)   Merge Heap Roots: 0.1ms
[2022-07-06T06:48:25.217+0000][8][gc,phases   ] GC(552)   Evacuate Collection Set: 1.8ms
[2022-07-06T06:48:25.218+0000][8][gc,phases   ] GC(552)   Post Evacuate Collection Set: 1.0ms
[2022-07-06T06:48:25.219+0000][8][gc,phases   ] GC(552)   Other: 1.7ms
[2022-07-06T06:48:25.219+0000][8][gc,age      ] GC(552) Age table with threshold 15 (max threshold 15)
[2022-07-06T06:48:25.220+0000][8][gc,age      ] GC(552) - age   1:     949264 bytes,     949264 total
[2022-07-06T06:48:25.221+0000][8][gc,age      ] GC(552) - age   2:       1848 bytes,     951112 total
[2022-07-06T06:48:25.221+0000][8][gc,age      ] GC(552) - age   3:        672 bytes,     951784 total
[2022-07-06T06:48:25.222+0000][8][gc,age      ] GC(552) - age   4:        400 bytes,     952184 total
[2022-07-06T06:48:25.223+0000][8][gc,age      ] GC(552) - age   5:         32 bytes,     952216 total
[2022-07-06T06:48:25.223+0000][8][gc,age      ] GC(552) - age   6:       2736 bytes,     954952 total
[2022-07-06T06:48:25.224+0000][8][gc,age      ] GC(552) - age   7:        424 bytes,     955376 total
[2022-07-06T06:48:25.224+0000][8][gc,age      ] GC(552) - age   9:        184 bytes,     955560 total
[2022-07-06T06:48:25.225+0000][8][gc,heap     ] GC(552) Eden regions: 75->0(75)
[2022-07-06T06:48:25.226+0000][8][gc,heap     ] GC(552) Survivor regions: 1->1(10)
[2022-07-06T06:48:25.226+0000][8][gc,heap     ] GC(552) Old regions: 24->24
[2022-07-06T06:48:25.227+0000][8][gc,heap     ] GC(552) Archive regions: 2->2
[2022-07-06T06:48:25.227+0000][8][gc,heap     ] GC(552) Humongous regions: 0->0
[2022-07-06T06:48:25.228+0000][8][gc,metaspace] GC(552) Metaspace: 128855K(132224K)->128855K(132224K) NonClass: 111989K(113664K)->111989K(113664K) Class: 16866K(18560K)->16866K(18560K)
[2022-07-06T06:48:25.229+0000][8][gc          ] GC(552) Pause Young (Normal) (G1 Evacuation Pause) 400M->100M(512M) 20.660ms
[2022-07-06T06:48:25.229+0000][8][gc,cpu      ] GC(552) User=0.01s Sys=0.00s Real=0.02s
[2022-07-06T06:48:25.230+0000][8][safepoint   ] Safepoint "G1CollectForAllocation", Time since last: 83535964709 ns, Reaching safepoint: 82559 ns, At safepoint: 22055732 ns, Total: 22138291 ns
[2022-07-06T06:49:46.162+0000][8][gc,start    ] GC(553) Pause Young (Normal) (G1 Evacuation Pause)
[2022-07-06T06:49:46.165+0000][8][gc,task     ] GC(553) Using 4 workers of 4 for evacuation
[2022-07-06T06:49:46.166+0000][8][gc,age      ] GC(553) Desired survivor size 20971520 bytes, new threshold 15 (max threshold 15)
[2022-07-06T06:49:46.171+0000][8][gc,phases   ] GC(553)   Pre Evacuate Collection Set: 0.1ms
[2022-07-06T06:49:46.171+0000][8][gc,phases   ] GC(553)   Merge Heap Roots: 0.1ms
[2022-07-06T06:49:46.172+0000][8][gc,phases   ] GC(553)   Evacuate Collection Set: 2.2ms
[2022-07-06T06:49:46.172+0000][8][gc,phases   ] GC(553)   Post Evacuate Collection Set: 1.4ms
[2022-07-06T06:49:46.173+0000][8][gc,phases   ] GC(553)   Other: 1.5ms
[2022-07-06T06:49:46.174+0000][8][gc,age      ] GC(553) Age table with threshold 15 (max threshold 15)
[2022-07-06T06:49:46.175+0000][8][gc,age      ] GC(553) - age   1:     688352 bytes,     688352 total
[2022-07-06T06:49:46.175+0000][8][gc,age      ] GC(553) - age   2:       2760 bytes,     691112 total
[2022-07-06T06:49:46.177+0000][8][gc,age      ] GC(553) - age   3:        800 bytes,     691912 total
[2022-07-06T06:49:46.178+0000][8][gc,age      ] GC(553) - age   4:        608 bytes,     692520 total
[2022-07-06T06:49:46.178+0000][8][gc,age      ] GC(553) - age   5:        312 bytes,     692832 total
[2022-07-06T06:49:46.179+0000][8][gc,age      ] GC(553) - age   6:         32 bytes,     692864 total
[2022-07-06T06:49:46.179+0000][8][gc,age      ] GC(553) - age   7:       2552 bytes,     695416 total
[2022-07-06T06:49:46.180+0000][8][gc,age      ] GC(553) - age   8:        216 bytes,     695632 total
[2022-07-06T06:49:46.181+0000][8][gc,age      ] GC(553) - age  10:        184 bytes,     695816 total
[2022-07-06T06:49:46.181+0000][8][gc,heap     ] GC(553) Eden regions: 75->0(75)
[2022-07-06T06:49:46.182+0000][8][gc,heap     ] GC(553) Survivor regions: 1->1(10)
[2022-07-06T06:49:46.182+0000][8][gc,heap     ] GC(553) Old regions: 24->24
[2022-07-06T06:49:46.183+0000][8][gc,heap     ] GC(553) Archive regions: 2->2
[2022-07-06T06:49:46.183+0000][8][gc,heap     ] GC(553) Humongous regions: 0->0
[2022-07-06T06:49:46.184+0000][8][gc,metaspace] GC(553) Metaspace: 128855K(132224K)->128855K(132224K) NonClass: 111989K(113664K)->111989K(113664K) Class: 16866K(18560K)->16866K(18560K)
[2022-07-06T06:49:46.185+0000][8][gc          ] GC(553) Pause Young (Normal) (G1 Evacuation Pause) 400M->100M(512M) 22.611ms
[2022-07-06T06:49:46.186+0000][8][gc,cpu      ] GC(553) User=0.00s Sys=0.00s Real=0.02s
[2022-07-06T06:49:46.187+0000][8][safepoint   ] Safepoint "G1CollectForAllocation", Time since last: 80996285158 ns, Reaching safepoint: 153106 ns, At safepoint: 24354671 ns, Total: 24507777 ns
[2022-07-06T06:51:28.113+0000][8][gc,start    ] GC(554) Pause Young (Normal) (G1 Evacuation Pause)
[2022-07-06T06:51:28.115+0000][8][gc,task     ] GC(554) Using 4 workers of 4 for evacuation
[2022-07-06T06:51:28.116+0000][8][gc,age      ] GC(554) Desired survivor size 20971520 bytes, new threshold 15 (max threshold 15)
[2022-07-06T06:51:28.121+0000][8][gc,phases   ] GC(554)   Pre Evacuate Collection Set: 0.3ms
[2022-07-06T06:51:28.122+0000][8][gc,phases   ] GC(554)   Merge Heap Roots: 0.1ms
[2022-07-06T06:51:28.123+0000][8][gc,phases   ] GC(554)   Evacuate Collection Set: 2.4ms
[2022-07-06T06:51:28.123+0000][8][gc,phases   ] GC(554)   Post Evacuate Collection Set: 1.2ms
[2022-07-06T06:51:28.124+0000][8][gc,phases   ] GC(554)   Other: 1.9ms
[2022-07-06T06:51:28.125+0000][8][gc,age      ] GC(554) Age table with threshold 15 (max threshold 15)
[2022-07-06T06:51:28.125+0000][8][gc,age      ] GC(554) - age   1:    1146040 bytes,    1146040 total
[2022-07-06T06:51:28.126+0000][8][gc,age      ] GC(554) - age   2:       1320 bytes,    1147360 total
[2022-07-06T06:51:28.127+0000][8][gc,age      ] GC(554) - age   3:        736 bytes,    1148096 total
[2022-07-06T06:51:28.127+0000][8][gc,age      ] GC(554) - age   4:        312 bytes,    1148408 total
[2022-07-06T06:51:28.128+0000][8][gc,age      ] GC(554) - age   5:        480 bytes,    1148888 total
[2022-07-06T06:51:28.128+0000][8][gc,age      ] GC(554) - age   6:        128 bytes,    1149016 total
[2022-07-06T06:51:28.129+0000][8][gc,age      ] GC(554) - age   7:         32 bytes,    1149048 total
[2022-07-06T06:51:28.130+0000][8][gc,age      ] GC(554) - age   8:        632 bytes,    1149680 total
[2022-07-06T06:51:28.131+0000][8][gc,age      ] GC(554) - age   9:        216 bytes,    1149896 total
[2022-07-06T06:51:28.132+0000][8][gc,age      ] GC(554) - age  11:        184 bytes,    1150080 total
[2022-07-06T06:51:28.132+0000][8][gc,heap     ] GC(554) Eden regions: 75->0(75)
[2022-07-06T06:51:28.133+0000][8][gc,heap     ] GC(554) Survivor regions: 1->1(10)
[2022-07-06T06:51:28.133+0000][8][gc,heap     ] GC(554) Old regions: 24->24
[2022-07-06T06:51:28.134+0000][8][gc,heap     ] GC(554) Archive regions: 2->2
[2022-07-06T06:51:28.134+0000][8][gc,heap     ] GC(554) Humongous regions: 0->0
[2022-07-06T06:51:28.135+0000][8][gc,metaspace] GC(554) Metaspace: 128855K(132224K)->128855K(132224K) NonClass: 111989K(113664K)->111989K(113664K) Class: 16866K(18560K)->16866K(18560K)
[2022-07-06T06:51:28.136+0000][8][gc          ] GC(554) Pause Young (Normal) (G1 Evacuation Pause) 400M->100M(512M) 22.710ms
[2022-07-06T06:51:28.137+0000][8][gc,cpu      ] GC(554) User=0.01s Sys=0.00s Real=0.03s
[2022-07-06T06:51:28.137+0000][8][safepoint   ] Safepoint "G1CollectForAllocation", Time since last: 102013012023 ns, Reaching safepoint: 253377 ns, At safepoint: 24021375 ns, Total: 24274752 ns
[2022-07-06T06:52:46.912+0000][8][gc,start    ] GC(555) Pause Young (Normal) (G1 Evacuation Pause)
[2022-07-06T06:52:46.913+0000][8][gc,task     ] GC(555) Using 4 workers of 4 for evacuation
[2022-07-06T06:52:46.914+0000][8][gc,age      ] GC(555) Desired survivor size 20971520 bytes, new threshold 15 (max threshold 15)
[2022-07-06T06:52:46.918+0000][8][gc,phases   ] GC(555)   Pre Evacuate Collection Set: 0.3ms
[2022-07-06T06:52:46.919+0000][8][gc,phases   ] GC(555)   Merge Heap Roots: 0.2ms
[2022-07-06T06:52:46.919+0000][8][gc,phases   ] GC(555)   Evacuate Collection Set: 1.6ms
[2022-07-06T06:52:46.920+0000][8][gc,phases   ] GC(555)   Post Evacuate Collection Set: 1.0ms
[2022-07-06T06:52:46.920+0000][8][gc,phases   ] GC(555)   Other: 1.6ms
[2022-07-06T06:52:46.921+0000][8][gc,age      ] GC(555) Age table with threshold 15 (max threshold 15)
[2022-07-06T06:52:46.921+0000][8][gc,age      ] GC(555) - age   1:     738664 bytes,     738664 total
[2022-07-06T06:52:46.922+0000][8][gc,age      ] GC(555) - age   2:       4312 bytes,     742976 total
[2022-07-06T06:52:46.922+0000][8][gc,age      ] GC(555) - age   3:        616 bytes,     743592 total
[2022-07-06T06:52:46.923+0000][8][gc,age      ] GC(555) - age   4:        448 bytes,     744040 total
[2022-07-06T06:52:46.923+0000][8][gc,age      ] GC(555) - age   5:        184 bytes,     744224 total
[2022-07-06T06:52:46.924+0000][8][gc,age      ] GC(555) - age   6:        480 bytes,     744704 total
[2022-07-06T06:52:46.924+0000][8][gc,age      ] GC(555) - age   7:        128 bytes,     744832 total
[2022-07-06T06:52:46.924+0000][8][gc,age      ] GC(555) - age   8:         32 bytes,     744864 total
[2022-07-06T06:52:46.925+0000][8][gc,age      ] GC(555) - age   9:        632 bytes,     745496 total
[2022-07-06T06:52:46.925+0000][8][gc,age      ] GC(555) - age  10:        216 bytes,     745712 total
[2022-07-06T06:52:46.926+0000][8][gc,age      ] GC(555) - age  12:        184 bytes,     745896 total
[2022-07-06T06:52:46.926+0000][8][gc,heap     ] GC(555) Eden regions: 75->0(75)
[2022-07-06T06:52:46.927+0000][8][gc,heap     ] GC(555) Survivor regions: 1->1(10)
[2022-07-06T06:52:46.928+0000][8][gc,heap     ] GC(555) Old regions: 24->24
[2022-07-06T06:52:46.928+0000][8][gc,heap     ] GC(555) Archive regions: 2->2
[2022-07-06T06:52:46.929+0000][8][gc,heap     ] GC(555) Humongous regions: 0->0
[2022-07-06T06:52:46.930+0000][8][gc,metaspace] GC(555) Metaspace: 128855K(132224K)->128855K(132224K) NonClass: 111989K(113664K)->111989K(113664K) Class: 16866K(18560K)->16866K(18560K)
[2022-07-06T06:52:46.930+0000][8][gc          ] GC(555) Pause Young (Normal) (G1 Evacuation Pause) 400M->100M(512M) 18.629ms
[2022-07-06T06:52:46.931+0000][8][gc,cpu      ] GC(555) User=0.00s Sys=0.00s Real=0.02s
[2022-07-06T06:52:46.932+0000][8][safepoint   ] Safepoint "G1CollectForAllocation", Time since last: 78816991204 ns, Reaching safepoint: 182183 ns, At safepoint: 20287251 ns, Total: 20469434 ns
[2022-07-06T06:54:08.312+0000][8][gc,start    ] GC(556) Pause Young (Normal) (G1 Evacuation Pause)
[2022-07-06T06:54:08.315+0000][8][gc,task     ] GC(556) Using 4 workers of 4 for evacuation
[2022-07-06T06:54:08.315+0000][8][gc,age      ] GC(556) Desired survivor size 20971520 bytes, new threshold 15 (max threshold 15)
[2022-07-06T06:54:08.319+0000][8][gc,phases   ] GC(556)   Pre Evacuate Collection Set: 0.2ms
[2022-07-06T06:54:08.320+0000][8][gc,phases   ] GC(556)   Merge Heap Roots: 0.2ms
[2022-07-06T06:54:08.320+0000][8][gc,phases   ] GC(556)   Evacuate Collection Set: 1.4ms
[2022-07-06T06:54:08.321+0000][8][gc,phases   ] GC(556)   Post Evacuate Collection Set: 0.9ms
[2022-07-06T06:54:08.323+0000][8][gc,phases   ] GC(556)   Other: 1.5ms
[2022-07-06T06:54:08.324+0000][8][gc,age      ] GC(556) Age table with threshold 15 (max threshold 15)
[2022-07-06T06:54:08.324+0000][8][gc,age      ] GC(556) - age   1:     746200 bytes,     746200 total
[2022-07-06T06:54:08.325+0000][8][gc,age      ] GC(556) - age   2:        968 bytes,     747168 total
[2022-07-06T06:54:08.325+0000][8][gc,age      ] GC(556) - age   3:       2344 bytes,     749512 total
[2022-07-06T06:54:08.326+0000][8][gc,age      ] GC(556) - age   4:        368 bytes,     749880 total
[2022-07-06T06:54:08.326+0000][8][gc,age      ] GC(556) - age   5:        384 bytes,     750264 total
[2022-07-06T06:54:08.327+0000][8][gc,age      ] GC(556) - age   6:        184 bytes,     750448 total
[2022-07-06T06:54:08.327+0000][8][gc,age      ] GC(556) - age   7:        184 bytes,     750632 total
[2022-07-06T06:54:08.328+0000][8][gc,age      ] GC(556) - age   8:        128 bytes,     750760 total
[2022-07-06T06:54:08.328+0000][8][gc,age      ] GC(556) - age   9:         32 bytes,     750792 total
[2022-07-06T06:54:08.329+0000][8][gc,age      ] GC(556) - age  10:        632 bytes,     751424 total
[2022-07-06T06:54:08.329+0000][8][gc,age      ] GC(556) - age  11:        216 bytes,     751640 total
[2022-07-06T06:54:08.330+0000][8][gc,age      ] GC(556) - age  13:        184 bytes,     751824 total
[2022-07-06T06:54:08.331+0000][8][gc,heap     ] GC(556) Eden regions: 75->0(75)
[2022-07-06T06:54:08.331+0000][8][gc,heap     ] GC(556) Survivor regions: 1->1(10)
[2022-07-06T06:54:08.332+0000][8][gc,heap     ] GC(556) Old regions: 24->24
[2022-07-06T06:54:08.332+0000][8][gc,heap     ] GC(556) Archive regions: 2->2
[2022-07-06T06:54:08.333+0000][8][gc,heap     ] GC(556) Humongous regions: 0->0
[2022-07-06T06:54:08.334+0000][8][gc,metaspace] GC(556) Metaspace: 128855K(132224K)->128855K(132224K) NonClass: 111989K(113664K)->111989K(113664K) Class: 16866K(18560K)->16866K(18560K)
[2022-07-06T06:54:08.334+0000][8][gc          ] GC(556) Pause Young (Normal) (G1 Evacuation Pause) 400M->100M(512M) 22.090ms
[2022-07-06T06:54:08.335+0000][8][gc,cpu      ] GC(556) User=0.01s Sys=0.00s Real=0.02s
[2022-07-06T06:54:08.336+0000][8][safepoint   ] Safepoint "G1CollectForAllocation", Time since last: 81445355561 ns, Reaching safepoint: 82244 ns, At safepoint: 23498098 ns, Total: 23580342 ns
[2022-07-06T06:55:52.747+0000][8][gc,start    ] GC(557) Pause Young (Normal) (G1 Evacuation Pause)
[2022-07-06T06:55:52.750+0000][8][gc,task     ] GC(557) Using 4 workers of 4 for evacuation
[2022-07-06T06:55:52.752+0000][8][gc,age      ] GC(557) Desired survivor size 20971520 bytes, new threshold 15 (max threshold 15)
[2022-07-06T06:55:52.762+0000][8][gc,phases   ] GC(557)   Pre Evacuate Collection Set: 0.5ms
[2022-07-06T06:55:52.763+0000][8][gc,phases   ] GC(557)   Merge Heap Roots: 2.2ms
[2022-07-06T06:55:52.763+0000][8][gc,phases   ] GC(557)   Evacuate Collection Set: 4.4ms
[2022-07-06T06:55:52.764+0000][8][gc,phases   ] GC(557)   Post Evacuate Collection Set: 1.5ms
[2022-07-06T06:55:52.765+0000][8][gc,phases   ] GC(557)   Other: 2.8ms
[2022-07-06T06:55:52.766+0000][8][gc,age      ] GC(557) Age table with threshold 15 (max threshold 15)
[2022-07-06T06:55:52.767+0000][8][gc,age      ] GC(557) - age   1:    1258432 bytes,    1258432 total
[2022-07-06T06:55:52.767+0000][8][gc,age      ] GC(557) - age   2:       2080 bytes,    1260512 total
[2022-07-06T06:55:52.768+0000][8][gc,age      ] GC(557) - age   3:         96 bytes,    1260608 total
[2022-07-06T06:55:52.769+0000][8][gc,age      ] GC(557) - age   4:       1920 bytes,    1262528 total
[2022-07-06T06:55:52.769+0000][8][gc,age      ] GC(557) - age   5:        184 bytes,    1262712 total
[2022-07-06T06:55:52.770+0000][8][gc,age      ] GC(557) - age   6:        384 bytes,    1263096 total
[2022-07-06T06:55:52.770+0000][8][gc,age      ] GC(557) - age   7:        184 bytes,    1263280 total
[2022-07-06T06:55:52.771+0000][8][gc,age      ] GC(557) - age   8:        184 bytes,    1263464 total
[2022-07-06T06:55:52.773+0000][8][gc,age      ] GC(557) - age   9:        128 bytes,    1263592 total
[2022-07-06T06:55:52.774+0000][8][gc,age      ] GC(557) - age  10:         32 bytes,    1263624 total
[2022-07-06T06:55:52.775+0000][8][gc,age      ] GC(557) - age  11:        632 bytes,    1264256 total
[2022-07-06T06:55:52.776+0000][8][gc,age      ] GC(557) - age  12:        216 bytes,    1264472 total
[2022-07-06T06:55:52.776+0000][8][gc,age      ] GC(557) - age  14:        184 bytes,    1264656 total
[2022-07-06T06:55:52.777+0000][8][gc,heap     ] GC(557) Eden regions: 75->0(75)
[2022-07-06T06:55:52.778+0000][8][gc,heap     ] GC(557) Survivor regions: 1->1(10)
[2022-07-06T06:55:52.780+0000][8][gc,heap     ] GC(557) Old regions: 24->24
[2022-07-06T06:55:52.781+0000][8][gc,heap     ] GC(557) Archive regions: 2->2
[2022-07-06T06:55:52.782+0000][8][gc,heap     ] GC(557) Humongous regions: 0->0
[2022-07-06T06:55:52.782+0000][8][gc,metaspace] GC(557) Metaspace: 128857K(132224K)->128857K(132224K) NonClass: 111990K(113664K)->111990K(113664K) Class: 16866K(18560K)->16866K(18560K)
[2022-07-06T06:55:52.783+0000][8][gc          ] GC(557) Pause Young (Normal) (G1 Evacuation Pause) 400M->100M(512M) 36.195ms
[2022-07-06T06:55:52.783+0000][8][gc,cpu      ] GC(557) User=0.01s Sys=0.00s Real=0.04s
[2022-07-06T06:55:52.784+0000][8][safepoint   ] Safepoint "G1CollectForAllocation", Time since last: 104475109424 ns, Reaching safepoint: 177920 ns, At safepoint: 37398407 ns, Total: 37576327 ns
[2022-07-06T06:57:29.030+0000][8][gc,start    ] GC(558) Pause Young (Normal) (G1 Evacuation Pause)
[2022-07-06T06:57:29.031+0000][8][gc,task     ] GC(558) Using 4 workers of 4 for evacuation
[2022-07-06T06:57:29.032+0000][8][gc,age      ] GC(558) Desired survivor size 20971520 bytes, new threshold 15 (max threshold 15)
[2022-07-06T06:57:29.038+0000][8][gc,phases   ] GC(558)   Pre Evacuate Collection Set: 0.2ms
[2022-07-06T06:57:29.039+0000][8][gc,phases   ] GC(558)   Merge Heap Roots: 0.2ms
[2022-07-06T06:57:29.040+0000][8][gc,phases   ] GC(558)   Evacuate Collection Set: 2.9ms
[2022-07-06T06:57:29.040+0000][8][gc,phases   ] GC(558)   Post Evacuate Collection Set: 1.3ms
[2022-07-06T06:57:29.041+0000][8][gc,phases   ] GC(558)   Other: 2.0ms
[2022-07-06T06:57:29.042+0000][8][gc,age      ] GC(558) Age table with threshold 15 (max threshold 15)
[2022-07-06T06:57:29.042+0000][8][gc,age      ] GC(558) - age   1:    1424016 bytes,    1424016 total
[2022-07-06T06:57:29.043+0000][8][gc,age      ] GC(558) - age   2:       2688 bytes,    1426704 total
[2022-07-06T06:57:29.043+0000][8][gc,age      ] GC(558) - age   3:        528 bytes,    1427232 total
[2022-07-06T06:57:29.044+0000][8][gc,age      ] GC(558) - age   4:         96 bytes,    1427328 total
[2022-07-06T06:57:29.045+0000][8][gc,age      ] GC(558) - age   5:       1920 bytes,    1429248 total
[2022-07-06T06:57:29.045+0000][8][gc,age      ] GC(558) - age   6:        184 bytes,    1429432 total
[2022-07-06T06:57:29.046+0000][8][gc,age      ] GC(558) - age   7:        384 bytes,    1429816 total
[2022-07-06T06:57:29.046+0000][8][gc,age      ] GC(558) - age   8:        184 bytes,    1430000 total
[2022-07-06T06:57:29.048+0000][8][gc,age      ] GC(558) - age   9:        184 bytes,    1430184 total
[2022-07-06T06:57:29.049+0000][8][gc,age      ] GC(558) - age  10:        128 bytes,    1430312 total
[2022-07-06T06:57:29.050+0000][8][gc,age      ] GC(558) - age  11:         32 bytes,    1430344 total
[2022-07-06T06:57:29.051+0000][8][gc,age      ] GC(558) - age  12:        240 bytes,    1430584 total
[2022-07-06T06:57:29.052+0000][8][gc,age      ] GC(558) - age  13:        216 bytes,    1430800 total
[2022-07-06T06:57:29.053+0000][8][gc,age      ] GC(558) - age  15:        184 bytes,    1430984 total
[2022-07-06T06:57:29.054+0000][8][gc,heap     ] GC(558) Eden regions: 75->0(75)
[2022-07-06T06:57:29.055+0000][8][gc,heap     ] GC(558) Survivor regions: 1->1(10)
[2022-07-06T06:57:29.056+0000][8][gc,heap     ] GC(558) Old regions: 24->24
[2022-07-06T06:57:29.057+0000][8][gc,heap     ] GC(558) Archive regions: 2->2
[2022-07-06T06:57:29.058+0000][8][gc,heap     ] GC(558) Humongous regions: 0->0
[2022-07-06T06:57:29.059+0000][8][gc,metaspace] GC(558) Metaspace: 128857K(132224K)->128857K(132224K) NonClass: 111990K(113664K)->111990K(113664K) Class: 16866K(18560K)->16866K(18560K)
[2022-07-06T06:57:29.060+0000][8][gc          ] GC(558) Pause Young (Normal) (G1 Evacuation Pause) 400M->101M(512M) 30.003ms
[2022-07-06T06:57:29.061+0000][8][gc,cpu      ] GC(558) User=0.01s Sys=0.01s Real=0.03s
[2022-07-06T06:57:29.062+0000][8][safepoint   ] Safepoint "G1CollectForAllocation", Time since last: 96332665804 ns, Reaching safepoint: 101209 ns, At safepoint: 32050793 ns, Total: 32152002 ns
[2022-07-06T06:59:16.662+0000][8][gc,start    ] GC(559) Pause Young (Normal) (G1 Evacuation Pause)
[2022-07-06T06:59:16.664+0000][8][gc,task     ] GC(559) Using 4 workers of 4 for evacuation
[2022-07-06T06:59:16.665+0000][8][gc,age      ] GC(559) Desired survivor size 20971520 bytes, new threshold 15 (max threshold 15)
[2022-07-06T06:59:16.669+0000][8][gc,phases   ] GC(559)   Pre Evacuate Collection Set: 0.2ms
[2022-07-06T06:59:16.670+0000][8][gc,phases   ] GC(559)   Merge Heap Roots: 0.1ms
[2022-07-06T06:59:16.671+0000][8][gc,phases   ] GC(559)   Evacuate Collection Set: 1.7ms
[2022-07-06T06:59:16.672+0000][8][gc,phases   ] GC(559)   Post Evacuate Collection Set: 1.2ms
[2022-07-06T06:59:16.672+0000][8][gc,phases   ] GC(559)   Other: 1.9ms
[2022-07-06T06:59:16.673+0000][8][gc,age      ] GC(559) Age table with threshold 15 (max threshold 15)
[2022-07-06T06:59:16.674+0000][8][gc,age      ] GC(559) - age   1:     746816 bytes,     746816 total
[2022-07-06T06:59:16.675+0000][8][gc,age      ] GC(559) - age   2:       3368 bytes,     750184 total
[2022-07-06T06:59:16.675+0000][8][gc,age      ] GC(559) - age   3:        504 bytes,     750688 total
[2022-07-06T06:59:16.676+0000][8][gc,age      ] GC(559) - age   4:        464 bytes,     751152 total
[2022-07-06T06:59:16.677+0000][8][gc,age      ] GC(559) - age   6:       1920 bytes,     753072 total
[2022-07-06T06:59:16.677+0000][8][gc,age      ] GC(559) - age   8:        384 bytes,     753456 total
[2022-07-06T06:59:16.678+0000][8][gc,age      ] GC(559) - age   9:        184 bytes,     753640 total
[2022-07-06T06:59:16.678+0000][8][gc,age      ] GC(559) - age  10:        184 bytes,     753824 total
[2022-07-06T06:59:16.679+0000][8][gc,age      ] GC(559) - age  11:        128 bytes,     753952 total
[2022-07-06T06:59:16.679+0000][8][gc,age      ] GC(559) - age  12:         32 bytes,     753984 total
[2022-07-06T06:59:16.680+0000][8][gc,age      ] GC(559) - age  13:        240 bytes,     754224 total
[2022-07-06T06:59:16.681+0000][8][gc,age      ] GC(559) - age  14:        184 bytes,     754408 total
[2022-07-06T06:59:16.681+0000][8][gc,heap     ] GC(559) Eden regions: 75->0(75)
[2022-07-06T06:59:16.682+0000][8][gc,heap     ] GC(559) Survivor regions: 1->1(10)
[2022-07-06T06:59:16.682+0000][8][gc,heap     ] GC(559) Old regions: 24->24
[2022-07-06T06:59:16.683+0000][8][gc,heap     ] GC(559) Archive regions: 2->2
[2022-07-06T06:59:16.684+0000][8][gc,heap     ] GC(559) Humongous regions: 0->0
[2022-07-06T06:59:16.686+0000][8][gc,metaspace] GC(559) Metaspace: 128857K(132224K)->128857K(132224K) NonClass: 111990K(113664K)->111990K(113664K) Class: 16866K(18560K)->16866K(18560K)
[2022-07-06T06:59:16.688+0000][8][gc          ] GC(559) Pause Young (Normal) (G1 Evacuation Pause) 401M->100M(512M) 26.391ms
[2022-07-06T06:59:16.690+0000][8][gc,cpu      ] GC(559) User=0.01s Sys=0.00s Real=0.02s
[2022-07-06T06:59:16.696+0000][8][safepoint   ] Safepoint "G1CollectForAllocation", Time since last: 107664445526 ns, Reaching safepoint: 301307 ns, At safepoint: 33976750 ns, Total: 34278057 ns
[2022-07-06T07:00:51.597+0000][8][gc,start    ] GC(560) Pause Young (Normal) (G1 Evacuation Pause)
[2022-07-06T07:00:51.600+0000][8][gc,task     ] GC(560) Using 4 workers of 4 for evacuation
[2022-07-06T07:00:51.601+0000][8][gc,age      ] GC(560) Desired survivor size 20971520 bytes, new threshold 15 (max threshold 15)
[2022-07-06T07:00:51.606+0000][8][gc,phases   ] GC(560)   Pre Evacuate Collection Set: 0.2ms
[2022-07-06T07:00:51.607+0000][8][gc,phases   ] GC(560)   Merge Heap Roots: 0.1ms
[2022-07-06T07:00:51.608+0000][8][gc,phases   ] GC(560)   Evacuate Collection Set: 2.4ms
[2022-07-06T07:00:51.608+0000][8][gc,phases   ] GC(560)   Post Evacuate Collection Set: 1.1ms
[2022-07-06T07:00:51.609+0000][8][gc,phases   ] GC(560)   Other: 2.6ms
[2022-07-06T07:00:51.610+0000][8][gc,age      ] GC(560) Age table with threshold 15 (max threshold 15)
[2022-07-06T07:00:51.610+0000][8][gc,age      ] GC(560) - age   1:    1381696 bytes,    1381696 total
[2022-07-06T07:00:51.611+0000][8][gc,age      ] GC(560) - age   2:       2472 bytes,    1384168 total
[2022-07-06T07:00:51.611+0000][8][gc,age      ] GC(560) - age   3:        832 bytes,    1385000 total
[2022-07-06T07:00:51.611+0000][8][gc,age      ] GC(560) - age   4:        248 bytes,    1385248 total
[2022-07-06T07:00:51.612+0000][8][gc,age      ] GC(560) - age   5:        208 bytes,    1385456 total
[2022-07-06T07:00:51.613+0000][8][gc,age      ] GC(560) - age   7:       1920 bytes,    1387376 total
[2022-07-06T07:00:51.613+0000][8][gc,age      ] GC(560) - age   9:        384 bytes,    1387760 total
[2022-07-06T07:00:51.614+0000][8][gc,age      ] GC(560) - age  10:        184 bytes,    1387944 total
[2022-07-06T07:00:51.614+0000][8][gc,age      ] GC(560) - age  11:        184 bytes,    1388128 total
[2022-07-06T07:00:51.615+0000][8][gc,age      ] GC(560) - age  12:        128 bytes,    1388256 total
[2022-07-06T07:00:51.615+0000][8][gc,age      ] GC(560) - age  13:         32 bytes,    1388288 total
[2022-07-06T07:00:51.616+0000][8][gc,age      ] GC(560) - age  14:        240 bytes,    1388528 total
[2022-07-06T07:00:51.617+0000][8][gc,age      ] GC(560) - age  15:        184 bytes,    1388712 total
[2022-07-06T07:00:51.618+0000][8][gc,heap     ] GC(560) Eden regions: 75->0(75)
[2022-07-06T07:00:51.618+0000][8][gc,heap     ] GC(560) Survivor regions: 1->1(10)
[2022-07-06T07:00:51.619+0000][8][gc,heap     ] GC(560) Old regions: 24->24
[2022-07-06T07:00:51.619+0000][8][gc,heap     ] GC(560) Archive regions: 2->2
[2022-07-06T07:00:51.620+0000][8][gc,heap     ] GC(560) Humongous regions: 0->0
[2022-07-06T07:00:51.620+0000][8][gc,metaspace] GC(560) Metaspace: 128857K(132224K)->128857K(132224K) NonClass: 111990K(113664K)->111990K(113664K) Class: 16866K(18560K)->16866K(18560K)
[2022-07-06T07:00:51.621+0000][8][gc          ] GC(560) Pause Young (Normal) (G1 Evacuation Pause) 400M->101M(512M) 23.844ms
[2022-07-06T07:00:51.621+0000][8][gc,cpu      ] GC(560) User=0.01s Sys=0.00s Real=0.02s
[2022-07-06T07:00:51.622+0000][8][safepoint   ] Safepoint "G1CollectForAllocation", Time since last: 94965736698 ns, Reaching safepoint: 134285 ns, At safepoint: 24991487 ns, Total: 25125772 ns
[2022-07-06T07:02:17.464+0000][8][gc,start    ] GC(561) Pause Young (Normal) (G1 Evacuation Pause)
[2022-07-06T07:02:17.466+0000][8][gc,task     ] GC(561) Using 4 workers of 4 for evacuation
[2022-07-06T07:02:17.466+0000][8][gc,age      ] GC(561) Desired survivor size 20971520 bytes, new threshold 15 (max threshold 15)
[2022-07-06T07:02:17.470+0000][8][gc,phases   ] GC(561)   Pre Evacuate Collection Set: 0.2ms
[2022-07-06T07:02:17.471+0000][8][gc,phases   ] GC(561)   Merge Heap Roots: 0.2ms
[2022-07-06T07:02:17.471+0000][8][gc,phases   ] GC(561)   Evacuate Collection Set: 1.8ms
[2022-07-06T07:02:17.472+0000][8][gc,phases   ] GC(561)   Post Evacuate Collection Set: 0.9ms
[2022-07-06T07:02:17.472+0000][8][gc,phases   ] GC(561)   Other: 1.3ms
[2022-07-06T07:02:17.473+0000][8][gc,age      ] GC(561) Age table with threshold 15 (max threshold 15)
[2022-07-06T07:02:17.473+0000][8][gc,age      ] GC(561) - age   1:    1165768 bytes,    1165768 total
[2022-07-06T07:02:17.474+0000][8][gc,age      ] GC(561) - age   2:       2792 bytes,    1168560 total
[2022-07-06T07:02:17.475+0000][8][gc,age      ] GC(561) - age   3:       1424 bytes,    1169984 total
[2022-07-06T07:02:17.476+0000][8][gc,age      ] GC(561) - age   4:        456 bytes,    1170440 total
[2022-07-06T07:02:17.478+0000][8][gc,age      ] GC(561) - age   5:        184 bytes,    1170624 total
[2022-07-06T07:02:17.478+0000][8][gc,age      ] GC(561) - age   6:        208 bytes,    1170832 total
[2022-07-06T07:02:17.479+0000][8][gc,age      ] GC(561) - age  10:        384 bytes,    1171216 total
[2022-07-06T07:02:17.479+0000][8][gc,age      ] GC(561) - age  11:        184 bytes,    1171400 total
[2022-07-06T07:02:17.480+0000][8][gc,age      ] GC(561) - age  12:        184 bytes,    1171584 total
[2022-07-06T07:02:17.480+0000][8][gc,age      ] GC(561) - age  13:        128 bytes,    1171712 total
[2022-07-06T07:02:17.481+0000][8][gc,age      ] GC(561) - age  14:         32 bytes,    1171744 total
[2022-07-06T07:02:17.481+0000][8][gc,age      ] GC(561) - age  15:        240 bytes,    1171984 total
[2022-07-06T07:02:17.482+0000][8][gc,heap     ] GC(561) Eden regions: 75->0(75)
[2022-07-06T07:02:17.483+0000][8][gc,heap     ] GC(561) Survivor regions: 1->1(10)
[2022-07-06T07:02:17.483+0000][8][gc,heap     ] GC(561) Old regions: 24->24
[2022-07-06T07:02:17.484+0000][8][gc,heap     ] GC(561) Archive regions: 2->2
[2022-07-06T07:02:17.484+0000][8][gc,heap     ] GC(561) Humongous regions: 0->0
[2022-07-06T07:02:17.485+0000][8][gc,metaspace] GC(561) Metaspace: 128857K(132224K)->128857K(132224K) NonClass: 111990K(113664K)->111990K(113664K) Class: 16866K(18560K)->16866K(18560K)
[2022-07-06T07:02:17.486+0000][8][gc          ] GC(561) Pause Young (Normal) (G1 Evacuation Pause) 401M->100M(512M) 21.086ms
[2022-07-06T07:02:17.486+0000][8][gc,cpu      ] GC(561) User=0.01s Sys=0.00s Real=0.02s
[2022-07-06T07:02:17.487+0000][8][safepoint   ] Safepoint "G1CollectForAllocation", Time since last: 85907220382 ns, Reaching safepoint: 202608 ns, At safepoint: 22230878 ns, Total: 22433486 ns
[2022-07-06T07:04:00.225+0000][8][gc,start    ] GC(562) Pause Young (Normal) (G1 Evacuation Pause)
[2022-07-06T07:04:00.230+0000][8][gc,task     ] GC(562) Using 4 workers of 4 for evacuation
[2022-07-06T07:04:00.231+0000][8][gc,age      ] GC(562) Desired survivor size 20971520 bytes, new threshold 15 (max threshold 15)
[2022-07-06T07:04:00.235+0000][8][gc,phases   ] GC(562)   Pre Evacuate Collection Set: 0.2ms
[2022-07-06T07:04:00.241+0000][8][gc,phases   ] GC(562)   Merge Heap Roots: 0.1ms
[2022-07-06T07:04:00.244+0000][8][gc,phases   ] GC(562)   Evacuate Collection Set: 1.6ms
[2022-07-06T07:04:00.245+0000][8][gc,phases   ] GC(562)   Post Evacuate Collection Set: 1.7ms
[2022-07-06T07:04:00.247+0000][8][gc,phases   ] GC(562)   Other: 1.8ms
[2022-07-06T07:04:00.247+0000][8][gc,age      ] GC(562) Age table with threshold 15 (max threshold 15)
[2022-07-06T07:04:00.248+0000][8][gc,age      ] GC(562) - age   1:    1399328 bytes,    1399328 total
[2022-07-06T07:04:00.249+0000][8][gc,age      ] GC(562) - age   2:       3728 bytes,    1403056 total
[2022-07-06T07:04:00.249+0000][8][gc,age      ] GC(562) - age   3:        704 bytes,    1403760 total
[2022-07-06T07:04:00.250+0000][8][gc,age      ] GC(562) - age   4:        520 bytes,    1404280 total
[2022-07-06T07:04:00.250+0000][8][gc,age      ] GC(562) - age   5:        392 bytes,    1404672 total
[2022-07-06T07:04:00.250+0000][8][gc,age      ] GC(562) - age   6:        184 bytes,    1404856 total
[2022-07-06T07:04:00.252+0000][8][gc,age      ] GC(562) - age  11:        384 bytes,    1405240 total
[2022-07-06T07:04:00.253+0000][8][gc,age      ] GC(562) - age  12:        184 bytes,    1405424 total
[2022-07-06T07:04:00.258+0000][8][gc,age      ] GC(562) - age  13:        184 bytes,    1405608 total
[2022-07-06T07:04:00.260+0000][8][gc,age      ] GC(562) - age  14:        128 bytes,    1405736 total
[2022-07-06T07:04:00.260+0000][8][gc,age      ] GC(562) - age  15:         32 bytes,    1405768 total
[2022-07-06T07:04:00.261+0000][8][gc,heap     ] GC(562) Eden regions: 75->0(75)
[2022-07-06T07:04:00.261+0000][8][gc,heap     ] GC(562) Survivor regions: 1->1(10)
[2022-07-06T07:04:00.263+0000][8][gc,heap     ] GC(562) Old regions: 24->24
[2022-07-06T07:04:00.263+0000][8][gc,heap     ] GC(562) Archive regions: 2->2
[2022-07-06T07:04:00.265+0000][8][gc,heap     ] GC(562) Humongous regions: 0->0
[2022-07-06T07:04:00.265+0000][8][gc,metaspace] GC(562) Metaspace: 128857K(132224K)->128857K(132224K) NonClass: 111990K(113664K)->111990K(113664K) Class: 16866K(18560K)->16866K(18560K)
[2022-07-06T07:04:00.266+0000][8][gc          ] GC(562) Pause Young (Normal) (G1 Evacuation Pause) 400M->101M(512M) 40.365ms
[2022-07-06T07:04:00.266+0000][8][gc,cpu      ] GC(562) User=0.00s Sys=0.01s Real=0.04s
[2022-07-06T07:04:00.267+0000][8][safepoint   ] Safepoint "G1CollectForAllocation", Time since last: 102824565899 ns, Reaching safepoint: 353453 ns, At safepoint: 41705638 ns, Total: 42059091 ns
[2022-07-06T07:05:42.888+0000][8][gc,start    ] GC(563) Pause Young (Normal) (G1 Evacuation Pause)
[2022-07-06T07:05:42.891+0000][8][gc,task     ] GC(563) Using 4 workers of 4 for evacuation
[2022-07-06T07:05:42.892+0000][8][gc,age      ] GC(563) Desired survivor size 20971520 bytes, new threshold 15 (max threshold 15)
[2022-07-06T07:05:42.897+0000][8][gc,phases   ] GC(563)   Pre Evacuate Collection Set: 0.2ms
[2022-07-06T07:05:42.898+0000][8][gc,phases   ] GC(563)   Merge Heap Roots: 0.1ms
[2022-07-06T07:05:42.898+0000][8][gc,phases   ] GC(563)   Evacuate Collection Set: 2.0ms
[2022-07-06T07:05:42.899+0000][8][gc,phases   ] GC(563)   Post Evacuate Collection Set: 1.2ms
[2022-07-06T07:05:42.900+0000][8][gc,phases   ] GC(563)   Other: 2.3ms
[2022-07-06T07:05:42.901+0000][8][gc,age      ] GC(563) Age table with threshold 15 (max threshold 15)
[2022-07-06T07:05:42.902+0000][8][gc,age      ] GC(563) - age   1:     622056 bytes,     622056 total
[2022-07-06T07:05:42.902+0000][8][gc,age      ] GC(563) - age   2:       2752 bytes,     624808 total
[2022-07-06T07:05:42.903+0000][8][gc,age      ] GC(563) - age   3:       2488 bytes,     627296 total
[2022-07-06T07:05:42.904+0000][8][gc,age      ] GC(563) - age   4:        384 bytes,     627680 total
[2022-07-06T07:05:42.904+0000][8][gc,age      ] GC(563) - age   5:        240 bytes,     627920 total
[2022-07-06T07:05:42.905+0000][8][gc,age      ] GC(563) - age   6:        392 bytes,     628312 total
[2022-07-06T07:05:42.906+0000][8][gc,age      ] GC(563) - age   7:        184 bytes,     628496 total
[2022-07-06T07:05:42.906+0000][8][gc,age      ] GC(563) - age  12:        384 bytes,     628880 total
[2022-07-06T07:05:42.907+0000][8][gc,age      ] GC(563) - age  13:        184 bytes,     629064 total
[2022-07-06T07:05:42.908+0000][8][gc,age      ] GC(563) - age  14:        184 bytes,     629248 total
[2022-07-06T07:05:42.909+0000][8][gc,age      ] GC(563) - age  15:        128 bytes,     629376 total
[2022-07-06T07:05:42.909+0000][8][gc,heap     ] GC(563) Eden regions: 75->0(75)
[2022-07-06T07:05:42.910+0000][8][gc,heap     ] GC(563) Survivor regions: 1->1(10)
[2022-07-06T07:05:42.910+0000][8][gc,heap     ] GC(563) Old regions: 24->24
[2022-07-06T07:05:42.911+0000][8][gc,heap     ] GC(563) Archive regions: 2->2
[2022-07-06T07:05:42.912+0000][8][gc,heap     ] GC(563) Humongous regions: 0->0
[2022-07-06T07:05:42.912+0000][8][gc,metaspace] GC(563) Metaspace: 128857K(132224K)->128857K(132224K) NonClass: 111990K(113664K)->111990K(113664K) Class: 16866K(18560K)->16866K(18560K)
[2022-07-06T07:05:42.913+0000][8][gc          ] GC(563) Pause Young (Normal) (G1 Evacuation Pause) 401M->100M(512M) 24.749ms
[2022-07-06T07:05:42.914+0000][8][gc,cpu      ] GC(563) User=0.00s Sys=0.00s Real=0.03s
[2022-07-06T07:05:42.914+0000][8][safepoint   ] Safepoint "G1CollectForAllocation", Time since last: 102685674867 ns, Reaching safepoint: 238934 ns, At safepoint: 26145268 ns, Total: 26384202 ns
[2022-07-06T07:07:29.407+0000][8][gc,start    ] GC(564) Pause Young (Normal) (G1 Evacuation Pause)
[2022-07-06T07:07:29.408+0000][8][gc,task     ] GC(564) Using 4 workers of 4 for evacuation
[2022-07-06T07:07:29.409+0000][8][gc,age      ] GC(564) Desired survivor size 20971520 bytes, new threshold 15 (max threshold 15)
[2022-07-06T07:07:29.414+0000][8][gc,phases   ] GC(564)   Pre Evacuate Collection Set: 0.3ms
[2022-07-06T07:07:29.416+0000][8][gc,phases   ] GC(564)   Merge Heap Roots: 0.2ms
[2022-07-06T07:07:29.417+0000][8][gc,phases   ] GC(564)   Evacuate Collection Set: 2.2ms
[2022-07-06T07:07:29.417+0000][8][gc,phases   ] GC(564)   Post Evacuate Collection Set: 1.6ms
[2022-07-06T07:07:29.418+0000][8][gc,phases   ] GC(564)   Other: 2.2ms
[2022-07-06T07:07:29.419+0000][8][gc,age      ] GC(564) Age table with threshold 15 (max threshold 15)
[2022-07-06T07:07:29.419+0000][8][gc,age      ] GC(564) - age   1:    1068608 bytes,    1068608 total
[2022-07-06T07:07:29.420+0000][8][gc,age      ] GC(564) - age   2:        976 bytes,    1069584 total
[2022-07-06T07:07:29.421+0000][8][gc,age      ] GC(564) - age   3:        856 bytes,    1070440 total
[2022-07-06T07:07:29.421+0000][8][gc,age      ] GC(564) - age   4:       2104 bytes,    1072544 total
[2022-07-06T07:07:29.422+0000][8][gc,age      ] GC(564) - age   5:         64 bytes,    1072608 total
[2022-07-06T07:07:29.422+0000][8][gc,age      ] GC(564) - age   6:        240 bytes,    1072848 total
