[2022-06-29T05:18:09.695+0000][9][gc,init] CardTable entry size: 512
[2022-06-29T05:18:09.697+0000][9][gc     ] Using G1
[2022-06-29T05:18:10.439+0000][9][gc,init] Version: 18.0.1.1+2-6 (release)
[2022-06-29T05:18:10.441+0000][9][gc,init] CPUs: 4 total, 4 available
[2022-06-29T05:18:10.442+0000][9][gc,init] Memory: 5944M
[2022-06-29T05:18:10.443+0000][9][gc,init] Large Page Support: Disabled
[2022-06-29T05:18:10.445+0000][9][gc,init] NUMA Support: Disabled
[2022-06-29T05:18:10.445+0000][9][gc,init] Compressed Oops: Enabled (32-bit)
[2022-06-29T05:18:10.446+0000][9][gc,init] Heap Region Size: 4M
[2022-06-29T05:18:10.447+0000][9][gc,init] Heap Min Capacity: 512M
[2022-06-29T05:18:10.448+0000][9][gc,init] Heap Initial Capacity: 512M
[2022-06-29T05:18:10.449+0000][9][gc,init] Heap Max Capacity: 512M
[2022-06-29T05:18:10.450+0000][9][gc,init] Pre-touch: Enabled
[2022-06-29T05:18:10.451+0000][9][gc,init] Parallel Workers: 4
[2022-06-29T05:18:10.452+0000][9][gc,init] Concurrent Workers: 1
[2022-06-29T05:18:10.453+0000][9][gc,init] Concurrent Refinement Workers: 4
[2022-06-29T05:18:10.454+0000][9][gc,init] Periodic GC: Disabled
[2022-06-29T05:18:10.456+0000][9][gc,metaspace] CDS archive(s) mapped at: [0x0000000800000000-0x0000000800baf000-0x0000000800baf000), size 12251136, SharedBaseAddress: 0x0000000800000000, ArchiveRelocationMode: 0.
[2022-06-29T05:18:10.457+0000][9][gc,metaspace] Compressed class space mapped at: 0x0000000800c00000-0x0000000840c00000, reserved size: 1073741824
[2022-06-29T05:18:10.458+0000][9][gc,metaspace] Narrow klass base: 0x0000000800000000, Narrow klass shift: 0, Narrow klass range: 0x100000000
[2022-06-29T05:18:11.473+0000][9][safepoint   ] Safepoint "Cleanup", Time since last: 1006373461 ns, Reaching safepoint: 137736 ns, At safepoint: 27030 ns, Total: 164766 ns
[2022-06-29T05:18:12.530+0000][9][gc,start    ] GC(0) Pause Young (Normal) (G1 Evacuation Pause)
[2022-06-29T05:18:12.538+0000][9][gc,task     ] GC(0) Using 4 workers of 4 for evacuation
[2022-06-29T05:18:12.540+0000][9][gc,age      ] GC(0) Desired survivor size 2097152 bytes, new threshold 15 (max threshold 15)
[2022-06-29T05:18:12.560+0000][9][gc,phases   ] GC(0)   Pre Evacuate Collection Set: 0.1ms
[2022-06-29T05:18:12.564+0000][9][gc,phases   ] GC(0)   Merge Heap Roots: 0.1ms
[2022-06-29T05:18:12.565+0000][9][gc,phases   ] GC(0)   Evacuate Collection Set: 14.4ms
[2022-06-29T05:18:12.566+0000][9][gc,phases   ] GC(0)   Post Evacuate Collection Set: 0.6ms
[2022-06-29T05:18:12.566+0000][9][gc,phases   ] GC(0)   Other: 7.1ms
[2022-06-29T05:18:12.567+0000][9][gc,age      ] GC(0) Age table with threshold 15 (max threshold 15)
[2022-06-29T05:18:12.568+0000][9][gc,age      ] GC(0) - age   1:    4174368 bytes,    4174368 total
[2022-06-29T05:18:12.572+0000][9][gc,heap     ] GC(0) Eden regions: 6->0(5)
[2022-06-29T05:18:12.575+0000][9][gc,heap     ] GC(0) Survivor regions: 0->1(1)
[2022-06-29T05:18:12.576+0000][9][gc,heap     ] GC(0) Old regions: 0->1
[2022-06-29T05:18:12.578+0000][9][gc,heap     ] GC(0) Archive regions: 2->2
[2022-06-29T05:18:12.580+0000][9][gc,heap     ] GC(0) Humongous regions: 0->0
[2022-06-29T05:18:12.581+0000][9][gc,metaspace] GC(0) Metaspace: 8484K(8704K)->8484K(8704K) NonClass: 7544K(7680K)->7544K(7680K) Class: 940K(1024K)->940K(1024K)
[2022-06-29T05:18:12.582+0000][9][gc          ] GC(0) Pause Young (Normal) (G1 Evacuation Pause) 27M->8M(512M) 51.772ms
[2022-06-29T05:18:12.583+0000][9][gc,cpu      ] GC(0) User=0.06s Sys=0.02s Real=0.05s
[2022-06-29T05:18:12.584+0000][9][safepoint   ] Safepoint "G1CollectForAllocation", Time since last: 1056668399 ns, Reaching safepoint: 851514 ns, At safepoint: 53653232 ns, Total: 54504746 ns
[2022-06-29T05:18:13.834+0000][9][safepoint   ] Safepoint "Cleanup", Time since last: 1249621171 ns, Reaching safepoint: 220111 ns, At safepoint: 7928 ns, Total: 228039 ns
[2022-06-29T05:18:13.876+0000][9][gc,start    ] GC(1) Pause Young (Normal) (G1 Evacuation Pause)
[2022-06-29T05:18:13.879+0000][9][gc,task     ] GC(1) Using 4 workers of 4 for evacuation
[2022-06-29T05:18:13.881+0000][9][gc,age      ] GC(1) Desired survivor size 2097152 bytes, new threshold 1 (max threshold 15)
[2022-06-29T05:18:13.896+0000][9][gc,phases   ] GC(1)   Pre Evacuate Collection Set: 0.1ms
[2022-06-29T05:18:13.898+0000][9][gc,phases   ] GC(1)   Merge Heap Roots: 0.2ms
[2022-06-29T05:18:13.899+0000][9][gc,phases   ] GC(1)   Evacuate Collection Set: 11.5ms
[2022-06-29T05:18:13.900+0000][9][gc,phases   ] GC(1)   Post Evacuate Collection Set: 1.2ms
[2022-06-29T05:18:13.901+0000][9][gc,phases   ] GC(1)   Other: 4.1ms
[2022-06-29T05:18:13.902+0000][9][gc,age      ] GC(1) Age table with threshold 1 (max threshold 15)
[2022-06-29T05:18:13.903+0000][9][gc,age      ] GC(1) - age   1:    2125776 bytes,    2125776 total
[2022-06-29T05:18:13.906+0000][9][gc,heap     ] GC(1) Eden regions: 5->0(7)
[2022-06-29T05:18:13.907+0000][9][gc,heap     ] GC(1) Survivor regions: 1->1(1)
[2022-06-29T05:18:13.908+0000][9][gc,heap     ] GC(1) Old regions: 1->2
[2022-06-29T05:18:13.909+0000][9][gc,heap     ] GC(1) Archive regions: 2->2
[2022-06-29T05:18:13.910+0000][9][gc,heap     ] GC(1) Humongous regions: 0->0
[2022-06-29T05:18:13.910+0000][9][gc,metaspace] GC(1) Metaspace: 11779K(12096K)->11779K(12096K) NonClass: 10366K(10560K)->10366K(10560K) Class: 1412K(1536K)->1412K(1536K)
[2022-06-29T05:18:13.911+0000][9][gc          ] GC(1) Pause Young (Normal) (G1 Evacuation Pause) 28M->10M(512M) 35.061ms
[2022-06-29T05:18:13.912+0000][9][gc,cpu      ] GC(1) User=0.05s Sys=0.00s Real=0.04s
[2022-06-29T05:18:13.913+0000][9][safepoint   ] Safepoint "G1CollectForAllocation", Time since last: 41841993 ns, Reaching safepoint: 171617 ns, At safepoint: 36829344 ns, Total: 37000961 ns
[2022-06-29T05:18:15.117+0000][9][safepoint   ] Safepoint "Cleanup", Time since last: 1204186212 ns, Reaching safepoint: 147804 ns, At safepoint: 3195 ns, Total: 150999 ns
[2022-06-29T05:18:16.247+0000][9][safepoint   ] Safepoint "Cleanup", Time since last: 1103677383 ns, Reaching safepoint: 25871436 ns, At safepoint: 37637 ns, Total: 25909073 ns
[2022-06-29T05:18:16.740+0000][9][gc,start    ] GC(2) Pause Young (Normal) (G1 Evacuation Pause)
[2022-06-29T05:18:16.742+0000][9][gc,task     ] GC(2) Using 4 workers of 4 for evacuation
[2022-06-29T05:18:16.744+0000][9][gc,age      ] GC(2) Desired survivor size 2097152 bytes, new threshold 1 (max threshold 15)
[2022-06-29T05:18:16.765+0000][9][gc,phases   ] GC(2)   Pre Evacuate Collection Set: 0.3ms
[2022-06-29T05:18:16.766+0000][9][gc,phases   ] GC(2)   Merge Heap Roots: 1.5ms
[2022-06-29T05:18:16.767+0000][9][gc,phases   ] GC(2)   Evacuate Collection Set: 13.6ms
[2022-06-29T05:18:16.767+0000][9][gc,phases   ] GC(2)   Post Evacuate Collection Set: 4.7ms
[2022-06-29T05:18:16.769+0000][9][gc,phases   ] GC(2)   Other: 2.9ms
[2022-06-29T05:18:16.771+0000][9][gc,age      ] GC(2) Age table with threshold 1 (max threshold 15)
[2022-06-29T05:18:16.772+0000][9][gc,age      ] GC(2) - age   1:     951928 bytes,     951928 total
[2022-06-29T05:18:16.774+0000][9][gc,heap     ] GC(2) Eden regions: 7->0(34)
[2022-06-29T05:18:16.775+0000][9][gc,heap     ] GC(2) Survivor regions: 1->1(1)
[2022-06-29T05:18:16.776+0000][9][gc,heap     ] GC(2) Old regions: 2->2
[2022-06-29T05:18:16.777+0000][9][gc,heap     ] GC(2) Archive regions: 2->2
[2022-06-29T05:18:16.779+0000][9][gc,heap     ] GC(2) Humongous regions: 0->0
[2022-06-29T05:18:16.780+0000][9][gc,metaspace] GC(2) Metaspace: 14900K(15296K)->14900K(15296K) NonClass: 13160K(13376K)->13160K(13376K) Class: 1739K(1920K)->1739K(1920K)
[2022-06-29T05:18:16.782+0000][9][gc          ] GC(2) Pause Young (Normal) (G1 Evacuation Pause) 38M->11M(512M) 41.340ms
[2022-06-29T05:18:16.783+0000][9][gc,cpu      ] GC(2) User=0.02s Sys=0.01s Real=0.04s
[2022-06-29T05:18:16.784+0000][9][safepoint   ] Safepoint "G1CollectForAllocation", Time since last: 493684077 ns, Reaching safepoint: 168469 ns, At safepoint: 43758107 ns, Total: 43926576 ns
[2022-06-29T05:18:17.795+0000][9][safepoint   ] Safepoint "Cleanup", Time since last: 1009382107 ns, Reaching safepoint: 1198344 ns, At safepoint: 12888 ns, Total: 1211232 ns
[2022-06-29T05:18:18.797+0000][9][safepoint   ] Safepoint "Cleanup", Time since last: 1001359984 ns, Reaching safepoint: 460450 ns, At safepoint: 5745 ns, Total: 466195 ns
[2022-06-29T05:18:19.911+0000][9][safepoint   ] Safepoint "Cleanup", Time since last: 1111243637 ns, Reaching safepoint: 923359 ns, At safepoint: 2337875 ns, Total: 3261234 ns
[2022-06-29T05:18:21.161+0000][9][gc,start    ] GC(3) Pause Young (Normal) (G1 Evacuation Pause)
[2022-06-29T05:18:21.164+0000][9][gc,task     ] GC(3) Using 4 workers of 4 for evacuation
[2022-06-29T05:18:21.168+0000][9][gc,age      ] GC(3) Desired survivor size 10485760 bytes, new threshold 15 (max threshold 15)
[2022-06-29T05:18:21.212+0000][9][gc,phases   ] GC(3)   Pre Evacuate Collection Set: 0.1ms
[2022-06-29T05:18:21.217+0000][9][gc,phases   ] GC(3)   Merge Heap Roots: 0.1ms
[2022-06-29T05:18:21.230+0000][9][gc,phases   ] GC(3)   Evacuate Collection Set: 28.5ms
[2022-06-29T05:18:21.232+0000][9][gc,phases   ] GC(3)   Post Evacuate Collection Set: 0.5ms
[2022-06-29T05:18:21.234+0000][9][gc,phases   ] GC(3)   Other: 18.4ms
[2022-06-29T05:18:21.237+0000][9][gc,age      ] GC(3) Age table with threshold 15 (max threshold 15)
[2022-06-29T05:18:21.240+0000][9][gc,age      ] GC(3) - age   1:    3821896 bytes,    3821896 total
[2022-06-29T05:18:21.241+0000][9][gc,age      ] GC(3) - age   2:     887440 bytes,    4709336 total
[2022-06-29T05:18:21.244+0000][9][gc,heap     ] GC(3) Eden regions: 34->0(74)
[2022-06-29T05:18:21.246+0000][9][gc,heap     ] GC(3) Survivor regions: 1->2(5)
[2022-06-29T05:18:21.247+0000][9][gc,heap     ] GC(3) Old regions: 2->2
[2022-06-29T05:18:21.249+0000][9][gc,heap     ] GC(3) Archive regions: 2->2
[2022-06-29T05:18:21.250+0000][9][gc,heap     ] GC(3) Humongous regions: 0->0
[2022-06-29T05:18:21.255+0000][9][gc,metaspace] GC(3) Metaspace: 17000K(17408K)->17000K(17408K) NonClass: 15062K(15296K)->15062K(15296K) Class: 1937K(2112K)->1937K(2112K)
[2022-06-29T05:18:21.264+0000][9][gc          ] GC(3) Pause Young (Normal) (G1 Evacuation Pause) 147M->14M(512M) 102.873ms
[2022-06-29T05:18:21.265+0000][9][gc,cpu      ] GC(3) User=0.07s Sys=0.02s Real=0.11s
[2022-06-29T05:18:21.273+0000][9][safepoint   ] Safepoint "G1CollectForAllocation", Time since last: 1249665998 ns, Reaching safepoint: 82719 ns, At safepoint: 112628575 ns, Total: 112711294 ns
[2022-06-29T05:18:22.278+0000][9][safepoint   ] Safepoint "Cleanup", Time since last: 1003146847 ns, Reaching safepoint: 1053550 ns, At safepoint: 5592 ns, Total: 1059142 ns
[2022-06-29T05:18:23.252+0000][9][gc,start    ] GC(4) Pause Young (Concurrent Start) (Metadata GC Threshold)
[2022-06-29T05:18:23.261+0000][9][gc,task     ] GC(4) Using 4 workers of 4 for evacuation
[2022-06-29T05:18:23.262+0000][9][gc,age      ] GC(4) Desired survivor size 20971520 bytes, new threshold 15 (max threshold 15)
[2022-06-29T05:18:23.313+0000][9][gc,phases   ] GC(4)   Pre Evacuate Collection Set: 0.5ms
[2022-06-29T05:18:23.314+0000][9][gc,phases   ] GC(4)   Merge Heap Roots: 0.0ms
[2022-06-29T05:18:23.315+0000][9][gc,phases   ] GC(4)   Evacuate Collection Set: 46.8ms
[2022-06-29T05:18:23.318+0000][9][gc,phases   ] GC(4)   Post Evacuate Collection Set: 2.4ms
[2022-06-29T05:18:23.319+0000][9][gc,phases   ] GC(4)   Other: 2.6ms
[2022-06-29T05:18:23.320+0000][9][gc,age      ] GC(4) Age table with threshold 15 (max threshold 15)
[2022-06-29T05:18:23.322+0000][9][gc,age      ] GC(4) - age   1:    1384200 bytes,    1384200 total
[2022-06-29T05:18:23.325+0000][9][gc,age      ] GC(4) - age   2:    2025896 bytes,    3410096 total
[2022-06-29T05:18:23.327+0000][9][gc,age      ] GC(4) - age   3:     886712 bytes,    4296808 total
[2022-06-29T05:18:23.328+0000][9][gc,heap     ] GC(4) Eden regions: 9->0(74)
[2022-06-29T05:18:23.329+0000][9][gc,heap     ] GC(4) Survivor regions: 2->2(10)
[2022-06-29T05:18:23.330+0000][9][gc,heap     ] GC(4) Old regions: 2->2
[2022-06-29T05:18:23.331+0000][9][gc,heap     ] GC(4) Archive regions: 2->2
[2022-06-29T05:18:23.333+0000][9][gc,heap     ] GC(4) Humongous regions: 0->0
[2022-06-29T05:18:23.335+0000][9][gc,metaspace] GC(4) Metaspace: 21126K(21504K)->21126K(21504K) NonClass: 18739K(18944K)->18739K(18944K) Class: 2387K(2560K)->2387K(2560K)
[2022-06-29T05:18:23.337+0000][9][gc          ] GC(4) Pause Young (Concurrent Start) (Metadata GC Threshold) 50M->14M(512M) 84.870ms
[2022-06-29T05:18:23.338+0000][9][gc,cpu      ] GC(4) User=0.05s Sys=0.02s Real=0.09s
[2022-06-29T05:18:23.338+0000][9][gc          ] GC(5) Concurrent Mark Cycle
[2022-06-29T05:18:23.340+0000][9][safepoint   ] Safepoint "CollectForMetadataAllocation", Time since last: 971140496 ns, Reaching safepoint: 3190984 ns, At safepoint: 87578755 ns, Total: 90769739 ns
[2022-06-29T05:18:23.352+0000][9][gc,marking  ] GC(5) Concurrent Clear Claimed Marks
[2022-06-29T05:18:23.374+0000][9][gc,marking  ] GC(5) Concurrent Clear Claimed Marks 21.357ms
[2022-06-29T05:18:23.377+0000][9][gc,marking  ] GC(5) Concurrent Scan Root Regions
[2022-06-29T05:18:23.411+0000][9][gc,marking  ] GC(5) Concurrent Scan Root Regions 34.030ms
[2022-06-29T05:18:23.412+0000][9][gc,marking  ] GC(5) Concurrent Mark
[2022-06-29T05:18:23.422+0000][9][gc,marking  ] GC(5) Concurrent Mark From Roots
[2022-06-29T05:18:23.438+0000][9][gc,task     ] GC(5) Using 1 workers of 1 for marking
[2022-06-29T05:18:23.581+0000][9][gc,marking  ] GC(5) Concurrent Mark From Roots 159.655ms
[2022-06-29T05:18:23.632+0000][9][gc,marking  ] GC(5) Concurrent Preclean
[2022-06-29T05:18:23.640+0000][9][gc,marking  ] GC(5) Concurrent Preclean 7.310ms
[2022-06-29T05:18:23.641+0000][9][gc,start    ] GC(5) Pause Remark
[2022-06-29T05:18:23.665+0000][9][gc          ] GC(5) Pause Remark 20M->20M(512M) 24.173ms
[2022-06-29T05:18:23.667+0000][9][gc,cpu      ] GC(5) User=0.03s Sys=0.00s Real=0.03s
[2022-06-29T05:18:23.669+0000][9][safepoint   ] Safepoint "G1Concurrent", Time since last: 301332072 ns, Reaching safepoint: 345817 ns, At safepoint: 27309333 ns, Total: 27655150 ns
[2022-06-29T05:18:23.672+0000][9][gc,marking  ] GC(5) Concurrent Mark 260.811ms
[2022-06-29T05:18:23.676+0000][9][gc,marking  ] GC(5) Concurrent Rebuild Remembered Sets
[2022-06-29T05:18:23.692+0000][9][gc,marking  ] GC(5) Concurrent Rebuild Remembered Sets 16.603ms
[2022-06-29T05:18:23.705+0000][9][gc,start    ] GC(5) Pause Cleanup
[2022-06-29T05:18:23.707+0000][9][gc          ] GC(5) Pause Cleanup 24M->24M(512M) 1.610ms
[2022-06-29T05:18:23.708+0000][9][gc,cpu      ] GC(5) User=0.00s Sys=0.00s Real=0.01s
[2022-06-29T05:18:23.709+0000][9][safepoint   ] Safepoint "G1Concurrent", Time since last: 31791018 ns, Reaching safepoint: 4539051 ns, At safepoint: 4196705 ns, Total: 8735756 ns
[2022-06-29T05:18:23.784+0000][9][gc,marking  ] GC(5) Concurrent Cleanup for Next Mark
[2022-06-29T05:18:23.804+0000][9][gc,marking  ] GC(5) Concurrent Cleanup for Next Mark 19.994ms
[2022-06-29T05:18:23.819+0000][9][gc          ] GC(5) Concurrent Mark Cycle 480.324ms
[2022-06-29T05:18:24.735+0000][9][safepoint   ] Safepoint "Cleanup", Time since last: 1025156700 ns, Reaching safepoint: 288524 ns, At safepoint: 5758 ns, Total: 294282 ns
[2022-06-29T05:18:25.750+0000][9][safepoint   ] Safepoint "Cleanup", Time since last: 1014658327 ns, Reaching safepoint: 363238 ns, At safepoint: 58641 ns, Total: 421879 ns
[2022-06-29T05:18:26.852+0000][9][safepoint   ] Safepoint "Cleanup", Time since last: 1095327518 ns, Reaching safepoint: 7356354 ns, At safepoint: 6543 ns, Total: 7362897 ns
[2022-06-29T05:18:27.455+0000][9][gc,start    ] GC(6) Pause Young (Normal) (G1 Evacuation Pause)
[2022-06-29T05:18:27.458+0000][9][gc,task     ] GC(6) Using 4 workers of 4 for evacuation
[2022-06-29T05:18:27.461+0000][9][gc,age      ] GC(6) Desired survivor size 20971520 bytes, new threshold 15 (max threshold 15)
[2022-06-29T05:18:27.496+0000][9][gc,phases   ] GC(6)   Pre Evacuate Collection Set: 0.1ms
[2022-06-29T05:18:27.501+0000][9][gc,phases   ] GC(6)   Merge Heap Roots: 0.1ms
[2022-06-29T05:18:27.503+0000][9][gc,phases   ] GC(6)   Evacuate Collection Set: 28.1ms
[2022-06-29T05:18:27.504+0000][9][gc,phases   ] GC(6)   Post Evacuate Collection Set: 4.4ms
[2022-06-29T05:18:27.509+0000][9][gc,phases   ] GC(6)   Other: 5.4ms
[2022-06-29T05:18:27.511+0000][9][gc,age      ] GC(6) Age table with threshold 15 (max threshold 15)
[2022-06-29T05:18:27.515+0000][9][gc,age      ] GC(6) - age   1:    6709024 bytes,    6709024 total
[2022-06-29T05:18:27.516+0000][9][gc,age      ] GC(6) - age   2:    1371032 bytes,    8080056 total
[2022-06-29T05:18:27.519+0000][9][gc,age      ] GC(6) - age   3:    2022848 bytes,   10102904 total
[2022-06-29T05:18:27.523+0000][9][gc,age      ] GC(6) - age   4:     883768 bytes,   10986672 total
[2022-06-29T05:18:27.526+0000][9][gc,heap     ] GC(6) Eden regions: 74->0(73)
[2022-06-29T05:18:27.528+0000][9][gc,heap     ] GC(6) Survivor regions: 2->3(10)
[2022-06-29T05:18:27.531+0000][9][gc,heap     ] GC(6) Old regions: 2->2
[2022-06-29T05:18:27.534+0000][9][gc,heap     ] GC(6) Archive regions: 2->2
[2022-06-29T05:18:27.536+0000][9][gc,heap     ] GC(6) Humongous regions: 0->0
[2022-06-29T05:18:27.539+0000][9][gc,metaspace] GC(6) Metaspace: 23500K(24000K)->23500K(24000K) NonClass: 20767K(21056K)->20767K(21056K) Class: 2733K(2944K)->2733K(2944K)
[2022-06-29T05:18:27.546+0000][9][gc          ] GC(6) Pause Young (Normal) (G1 Evacuation Pause) 310M->21M(512M) 91.150ms
[2022-06-29T05:18:27.547+0000][9][gc,cpu      ] GC(6) User=0.05s Sys=0.00s Real=0.10s
[2022-06-29T05:18:27.549+0000][9][safepoint   ] Safepoint "G1CollectForAllocation", Time since last: 602183450 ns, Reaching safepoint: 133707 ns, At safepoint: 94132162 ns, Total: 94265869 ns
[2022-06-29T05:18:28.918+0000][9][safepoint   ] Safepoint "Cleanup", Time since last: 1368970586 ns, Reaching safepoint: 351067 ns, At safepoint: 7724 ns, Total: 358791 ns
[2022-06-29T05:18:30.620+0000][9][safepoint   ] Safepoint "Cleanup", Time since last: 1696787468 ns, Reaching safepoint: 4873333 ns, At safepoint: 21486 ns, Total: 4894819 ns
[2022-06-29T05:18:31.640+0000][9][safepoint   ] Safepoint "Cleanup", Time since last: 1015684015 ns, Reaching safepoint: 4303900 ns, At safepoint: 34990 ns, Total: 4338890 ns
[2022-06-29T05:18:31.981+0000][9][gc,start    ] GC(7) Pause Young (Normal) (G1 Evacuation Pause)
[2022-06-29T05:18:31.984+0000][9][gc,task     ] GC(7) Using 4 workers of 4 for evacuation
[2022-06-29T05:18:31.985+0000][9][gc,age      ] GC(7) Desired survivor size 20971520 bytes, new threshold 15 (max threshold 15)
[2022-06-29T05:18:32.058+0000][9][gc,phases   ] GC(7)   Pre Evacuate Collection Set: 1.9ms
[2022-06-29T05:18:32.060+0000][9][gc,phases   ] GC(7)   Merge Heap Roots: 0.8ms
[2022-06-29T05:18:32.064+0000][9][gc,phases   ] GC(7)   Evacuate Collection Set: 65.0ms
[2022-06-29T05:18:32.065+0000][9][gc,phases   ] GC(7)   Post Evacuate Collection Set: 4.3ms
[2022-06-29T05:18:32.067+0000][9][gc,phases   ] GC(7)   Other: 2.5ms
[2022-06-29T05:18:32.070+0000][9][gc,age      ] GC(7) Age table with threshold 15 (max threshold 15)
[2022-06-29T05:18:32.072+0000][9][gc,age      ] GC(7) - age   1:    4325928 bytes,    4325928 total
[2022-06-29T05:18:32.074+0000][9][gc,age      ] GC(7) - age   2:    4828760 bytes,    9154688 total
[2022-06-29T05:18:32.080+0000][9][gc,age      ] GC(7) - age   3:    1369128 bytes,   10523816 total
[2022-06-29T05:18:32.084+0000][9][gc,age      ] GC(7) - age   4:    2020448 bytes,   12544264 total
[2022-06-29T05:18:32.086+0000][9][gc,age      ] GC(7) - age   5:     863704 bytes,   13407968 total
[2022-06-29T05:18:32.087+0000][9][gc,heap     ] GC(7) Eden regions: 73->0(72)
[2022-06-29T05:18:32.089+0000][9][gc,heap     ] GC(7) Survivor regions: 3->4(10)
[2022-06-29T05:18:32.090+0000][9][gc,heap     ] GC(7) Old regions: 2->2
[2022-06-29T05:18:32.092+0000][9][gc,heap     ] GC(7) Archive regions: 2->2
[2022-06-29T05:18:32.093+0000][9][gc,heap     ] GC(7) Humongous regions: 0->0
[2022-06-29T05:18:32.099+0000][9][gc,metaspace] GC(7) Metaspace: 29389K(29952K)->29389K(29952K) NonClass: 25990K(26304K)->25990K(26304K) Class: 3398K(3648K)->3398K(3648K)
[2022-06-29T05:18:32.103+0000][9][gc          ] GC(7) Pause Young (Normal) (G1 Evacuation Pause) 313M->23M(512M) 122.308ms
[2022-06-29T05:18:32.107+0000][9][gc,cpu      ] GC(7) User=0.09s Sys=0.01s Real=0.13s
[2022-06-29T05:18:32.111+0000][9][safepoint   ] Safepoint "G1CollectForAllocation", Time since last: 340872644 ns, Reaching safepoint: 385781 ns, At safepoint: 129895314 ns, Total: 130281095 ns
[2022-06-29T05:18:33.120+0000][9][safepoint   ] Safepoint "Cleanup", Time since last: 1009012494 ns, Reaching safepoint: 299666 ns, At safepoint: 8747 ns, Total: 308413 ns
[2022-06-29T05:18:34.041+0000][9][gc,start    ] GC(8) Pause Young (Normal) (G1 Evacuation Pause)
[2022-06-29T05:18:34.043+0000][9][gc,task     ] GC(8) Using 4 workers of 4 for evacuation
[2022-06-29T05:18:34.045+0000][9][gc,age      ] GC(8) Desired survivor size 20971520 bytes, new threshold 15 (max threshold 15)
[2022-06-29T05:18:34.113+0000][9][gc,phases   ] GC(8)   Pre Evacuate Collection Set: 0.2ms
[2022-06-29T05:18:34.118+0000][9][gc,phases   ] GC(8)   Merge Heap Roots: 0.0ms
[2022-06-29T05:18:34.120+0000][9][gc,phases   ] GC(8)   Evacuate Collection Set: 28.7ms
[2022-06-29T05:18:34.123+0000][9][gc,phases   ] GC(8)   Post Evacuate Collection Set: 37.6ms
[2022-06-29T05:18:34.124+0000][9][gc,phases   ] GC(8)   Other: 3.6ms
[2022-06-29T05:18:34.126+0000][9][gc,age      ] GC(8) Age table with threshold 15 (max threshold 15)
[2022-06-29T05:18:34.128+0000][9][gc,age      ] GC(8) - age   1:    2649280 bytes,    2649280 total
[2022-06-29T05:18:34.128+0000][9][gc,age      ] GC(8) - age   2:    3826400 bytes,    6475680 total
[2022-06-29T05:18:34.129+0000][9][gc,age      ] GC(8) - age   3:    4827488 bytes,   11303168 total
[2022-06-29T05:18:34.131+0000][9][gc,age      ] GC(8) - age   4:    1369128 bytes,   12672296 total
[2022-06-29T05:18:34.131+0000][9][gc,age      ] GC(8) - age   5:    2020240 bytes,   14692536 total
[2022-06-29T05:18:34.132+0000][9][gc,age      ] GC(8) - age   6:     862952 bytes,   15555488 total
[2022-06-29T05:18:34.134+0000][9][gc,heap     ] GC(8) Eden regions: 72->0(72)
[2022-06-29T05:18:34.135+0000][9][gc,heap     ] GC(8) Survivor regions: 4->4(10)
[2022-06-29T05:18:34.155+0000][9][gc,heap     ] GC(8) Old regions: 2->2
[2022-06-29T05:18:34.158+0000][9][gc,heap     ] GC(8) Archive regions: 2->2
[2022-06-29T05:18:34.159+0000][9][gc,heap     ] GC(8) Humongous regions: 0->0
[2022-06-29T05:18:34.160+0000][9][gc,metaspace] GC(8) Metaspace: 30905K(31616K)->30905K(31616K) NonClass: 27293K(27712K)->27293K(27712K) Class: 3612K(3904K)->3612K(3904K)
[2022-06-29T05:18:34.164+0000][9][gc          ] GC(8) Pause Young (Normal) (G1 Evacuation Pause) 311M->26M(512M) 122.897ms
[2022-06-29T05:18:34.166+0000][9][gc,cpu      ] GC(8) User=0.18s Sys=0.03s Real=0.13s
[2022-06-29T05:18:34.168+0000][9][safepoint   ] Safepoint "G1CollectForAllocation", Time since last: 920564293 ns, Reaching safepoint: 111087 ns, At safepoint: 126560449 ns, Total: 126671536 ns
[2022-06-29T05:18:35.170+0000][9][safepoint   ] Safepoint "Cleanup", Time since last: 1001788677 ns, Reaching safepoint: 281016 ns, At safepoint: 63277 ns, Total: 344293 ns
[2022-06-29T05:18:36.552+0000][9][safepoint   ] Safepoint "Cleanup", Time since last: 1381493826 ns, Reaching safepoint: 861918 ns, At safepoint: 59903 ns, Total: 921821 ns
[2022-06-29T05:18:36.834+0000][9][gc,start    ] GC(9) Pause Young (Concurrent Start) (Metadata GC Threshold)
[2022-06-29T05:18:36.837+0000][9][gc,task     ] GC(9) Using 4 workers of 4 for evacuation
[2022-06-29T05:18:36.837+0000][9][gc,age      ] GC(9) Desired survivor size 20971520 bytes, new threshold 15 (max threshold 15)
[2022-06-29T05:18:36.923+0000][9][gc,phases   ] GC(9)   Pre Evacuate Collection Set: 0.5ms
[2022-06-29T05:18:36.924+0000][9][gc,phases   ] GC(9)   Merge Heap Roots: 0.1ms
[2022-06-29T05:18:36.925+0000][9][gc,phases   ] GC(9)   Evacuate Collection Set: 72.9ms
[2022-06-29T05:18:36.926+0000][9][gc,phases   ] GC(9)   Post Evacuate Collection Set: 10.5ms
[2022-06-29T05:18:36.928+0000][9][gc,phases   ] GC(9)   Other: 2.1ms
[2022-06-29T05:18:36.930+0000][9][gc,age      ] GC(9) Age table with threshold 15 (max threshold 15)
[2022-06-29T05:18:36.931+0000][9][gc,age      ] GC(9) - age   1:    2344448 bytes,    2344448 total
[2022-06-29T05:18:36.933+0000][9][gc,age      ] GC(9) - age   2:    2607152 bytes,    4951600 total
[2022-06-29T05:18:36.935+0000][9][gc,age      ] GC(9) - age   3:    3814480 bytes,    8766080 total
[2022-06-29T05:18:36.935+0000][9][gc,age      ] GC(9) - age   4:    4809776 bytes,   13575856 total
[2022-06-29T05:18:36.920+0000][9][gc,age      ] GC(9) - age   5:    1347312 bytes,   14923168 total
[2022-06-29T05:18:36.924+0000][9][gc,age      ] GC(9) - age   6:    1952176 bytes,   16875344 total
[2022-06-29T05:18:36.925+0000][9][gc,age      ] GC(9) - age   7:     849744 bytes,   17725088 total
[2022-06-29T05:18:36.926+0000][9][gc,heap     ] GC(9) Eden regions: 72->0(71)
[2022-06-29T05:18:36.927+0000][9][gc,heap     ] GC(9) Survivor regions: 4->5(10)
[2022-06-29T05:18:36.928+0000][9][gc,heap     ] GC(9) Old regions: 2->2
[2022-06-29T05:18:36.928+0000][9][gc,heap     ] GC(9) Archive regions: 2->2
[2022-06-29T05:18:36.929+0000][9][gc,heap     ] GC(9) Humongous regions: 0->0
[2022-06-29T05:18:36.930+0000][9][gc,metaspace] GC(9) Metaspace: 35281K(36096K)->35281K(36096K) NonClass: 31076K(31552K)->31076K(31552K) Class: 4205K(4544K)->4205K(4544K)
[2022-06-29T05:18:36.931+0000][9][gc          ] GC(9) Pause Young (Concurrent Start) (Metadata GC Threshold) 312M->28M(512M) 113.976ms
[2022-06-29T05:18:36.933+0000][9][gc,cpu      ] GC(9) User=0.18s Sys=0.02s Real=0.12s
[2022-06-29T05:18:36.934+0000][9][safepoint   ] Safepoint "CollectForMetadataAllocation", Time since last: 281314311 ns, Reaching safepoint: 367484 ns, At safepoint: 117785015 ns, Total: 118152499 ns
[2022-06-29T05:18:36.933+0000][9][gc          ] GC(10) Concurrent Mark Cycle
[2022-06-29T05:18:36.942+0000][9][gc,marking  ] GC(10) Concurrent Clear Claimed Marks
[2022-06-29T05:18:36.943+0000][9][gc,marking  ] GC(10) Concurrent Clear Claimed Marks 1.103ms
[2022-06-29T05:18:36.946+0000][9][gc,marking  ] GC(10) Concurrent Scan Root Regions
[2022-06-29T05:18:36.959+0000][9][gc,marking  ] GC(10) Concurrent Scan Root Regions 12.667ms
[2022-06-29T05:18:36.963+0000][9][gc,marking  ] GC(10) Concurrent Mark
[2022-06-29T05:18:36.974+0000][9][gc,marking  ] GC(10) Concurrent Mark From Roots
[2022-06-29T05:18:36.984+0000][9][gc,task     ] GC(10) Using 1 workers of 1 for marking
[2022-06-29T05:18:37.045+0000][9][gc,marking  ] GC(10) Concurrent Mark From Roots 71.058ms
[2022-06-29T05:18:37.047+0000][9][gc,marking  ] GC(10) Concurrent Preclean
[2022-06-29T05:18:37.049+0000][9][gc,marking  ] GC(10) Concurrent Preclean 2.584ms
[2022-06-29T05:18:37.058+0000][9][gc,start    ] GC(10) Pause Remark
[2022-06-29T05:18:37.071+0000][9][gc          ] GC(10) Pause Remark 30M->30M(512M) 13.491ms
[2022-06-29T05:18:37.072+0000][9][gc,cpu      ] GC(10) User=0.01s Sys=0.00s Real=0.02s
[2022-06-29T05:18:37.073+0000][9][safepoint   ] Safepoint "G1Concurrent", Time since last: 117614814 ns, Reaching safepoint: 5690660 ns, At safepoint: 15654316 ns, Total: 21344976 ns
[2022-06-29T05:18:37.079+0000][9][gc,marking  ] GC(10) Concurrent Mark 116.188ms
[2022-06-29T05:18:37.080+0000][9][gc,marking  ] GC(10) Concurrent Rebuild Remembered Sets
[2022-06-29T05:18:37.091+0000][9][gc,marking  ] GC(10) Concurrent Rebuild Remembered Sets 10.928ms
[2022-06-29T05:18:37.097+0000][9][gc,start    ] GC(10) Pause Cleanup
[2022-06-29T05:18:37.098+0000][9][gc          ] GC(10) Pause Cleanup 30M->30M(512M) 1.002ms
[2022-06-29T05:18:37.099+0000][9][gc,cpu      ] GC(10) User=0.00s Sys=0.00s Real=0.01s
[2022-06-29T05:18:37.100+0000][9][safepoint   ] Safepoint "G1Concurrent", Time since last: 23263618 ns, Reaching safepoint: 196507 ns, At safepoint: 2932373 ns, Total: 3128880 ns
[2022-06-29T05:18:37.101+0000][9][gc,marking  ] GC(10) Concurrent Cleanup for Next Mark
[2022-06-29T05:18:37.106+0000][9][gc,marking  ] GC(10) Concurrent Cleanup for Next Mark 5.801ms
[2022-06-29T05:18:37.108+0000][9][gc          ] GC(10) Concurrent Mark Cycle 174.618ms
[2022-06-29T05:18:38.973+0000][9][safepoint   ] Safepoint "Cleanup", Time since last: 1872259442 ns, Reaching safepoint: 774547 ns, At safepoint: 49917 ns, Total: 824464 ns
[2022-06-29T05:18:39.975+0000][9][safepoint   ] Safepoint "Cleanup", Time since last: 1001429280 ns, Reaching safepoint: 841112 ns, At safepoint: 9109 ns, Total: 850221 ns
[2022-06-29T05:18:40.999+0000][9][safepoint   ] Safepoint "Cleanup", Time since last: 1023610802 ns, Reaching safepoint: 567172 ns, At safepoint: 33043 ns, Total: 600215 ns
[2022-06-29T05:18:42.009+0000][9][safepoint   ] Safepoint "Cleanup", Time since last: 1009025371 ns, Reaching safepoint: 253694 ns, At safepoint: 9173 ns, Total: 262867 ns
[2022-06-29T05:18:42.897+0000][9][gc,start    ] GC(11) Pause Young (Normal) (G1 Evacuation Pause)
[2022-06-29T05:18:42.899+0000][9][gc,task     ] GC(11) Using 4 workers of 4 for evacuation
[2022-06-29T05:18:42.900+0000][9][gc,age      ] GC(11) Desired survivor size 20971520 bytes, new threshold 15 (max threshold 15)
[2022-06-29T05:18:42.948+0000][9][gc,phases   ] GC(11)   Pre Evacuate Collection Set: 0.2ms
[2022-06-29T05:18:42.968+0000][9][gc,phases   ] GC(11)   Merge Heap Roots: 0.1ms
[2022-06-29T05:18:42.969+0000][9][gc,phases   ] GC(11)   Evacuate Collection Set: 41.3ms
[2022-06-29T05:18:42.970+0000][9][gc,phases   ] GC(11)   Post Evacuate Collection Set: 3.4ms
[2022-06-29T05:18:42.971+0000][9][gc,phases   ] GC(11)   Other: 3.7ms
[2022-06-29T05:18:42.972+0000][9][gc,age      ] GC(11) Age table with threshold 15 (max threshold 15)
[2022-06-29T05:18:42.973+0000][9][gc,age      ] GC(11) - age   1:   19712360 bytes,   19712360 total
[2022-06-29T05:18:42.973+0000][9][gc,age      ] GC(11) - age   2:    2223056 bytes,   21935416 total
[2022-06-29T05:18:42.974+0000][9][gc,age      ] GC(11) - age   3:    2594032 bytes,   24529448 total
[2022-06-29T05:18:42.975+0000][9][gc,age      ] GC(11) - age   4:    3804056 bytes,   28333504 total
[2022-06-29T05:18:42.976+0000][9][gc,age      ] GC(11) - age   5:    4799392 bytes,   33132896 total
[2022-06-29T05:18:42.977+0000][9][gc,age      ] GC(11) - age   6:    1345320 bytes,   34478216 total
[2022-06-29T05:18:42.978+0000][9][gc,age      ] GC(11) - age   7:    1949840 bytes,   36428056 total
[2022-06-29T05:18:42.979+0000][9][gc,age      ] GC(11) - age   8:     844080 bytes,   37272136 total
[2022-06-29T05:18:42.980+0000][9][gc,heap     ] GC(11) Eden regions: 71->0(66)
[2022-06-29T05:18:42.981+0000][9][gc,heap     ] GC(11) Survivor regions: 5->10(10)
[2022-06-29T05:18:42.982+0000][9][gc,heap     ] GC(11) Old regions: 2->2
[2022-06-29T05:18:42.982+0000][9][gc,heap     ] GC(11) Archive regions: 2->2
[2022-06-29T05:18:42.984+0000][9][gc,heap     ] GC(11) Humongous regions: 0->0
[2022-06-29T05:18:42.985+0000][9][gc,metaspace] GC(11) Metaspace: 46433K(47616K)->46433K(47616K) NonClass: 40666K(41344K)->40666K(41344K) Class: 5767K(6272K)->5767K(6272K)
[2022-06-29T05:18:42.986+0000][9][gc          ] GC(11) Pause Young (Normal) (G1 Evacuation Pause) 312M->46M(512M) 88.242ms
[2022-06-29T05:18:42.987+0000][9][gc,cpu      ] GC(11) User=0.13s Sys=0.00s Real=0.09s
[2022-06-29T05:18:42.988+0000][9][safepoint   ] Safepoint "G1CollectForAllocation", Time since last: 888560356 ns, Reaching safepoint: 193853 ns, At safepoint: 90406258 ns, Total: 90600111 ns
[2022-06-29T05:18:43.989+0000][9][safepoint   ] Safepoint "Cleanup", Time since last: 1001336988 ns, Reaching safepoint: 158816 ns, At safepoint: 3607 ns, Total: 162423 ns
[2022-06-29T05:18:44.996+0000][9][safepoint   ] Safepoint "Cleanup", Time since last: 1006748940 ns, Reaching safepoint: 111622 ns, At safepoint: 2734 ns, Total: 114356 ns
[2022-06-29T05:18:45.555+0000][9][gc,start    ] GC(12) Pause Young (Concurrent Start) (Metadata GC Threshold)
[2022-06-29T05:18:45.557+0000][9][gc,task     ] GC(12) Using 4 workers of 4 for evacuation
[2022-06-29T05:18:45.558+0000][9][gc,age      ] GC(12) Desired survivor size 20971520 bytes, new threshold 2 (max threshold 15)
[2022-06-29T05:18:45.668+0000][9][gc,phases   ] GC(12)   Pre Evacuate Collection Set: 0.4ms
[2022-06-29T05:18:45.670+0000][9][gc,phases   ] GC(12)   Merge Heap Roots: 0.1ms
[2022-06-29T05:18:45.671+0000][9][gc,phases   ] GC(12)   Evacuate Collection Set: 104.7ms
[2022-06-29T05:18:45.672+0000][9][gc,phases   ] GC(12)   Post Evacuate Collection Set: 4.0ms
[2022-06-29T05:18:45.673+0000][9][gc,phases   ] GC(12)   Other: 2.0ms
[2022-06-29T05:18:45.675+0000][9][gc,age      ] GC(12) Age table with threshold 2 (max threshold 15)
[2022-06-29T05:18:45.676+0000][9][gc,age      ] GC(12) - age   1:    5011920 bytes,    5011920 total
[2022-06-29T05:18:45.678+0000][9][gc,age      ] GC(12) - age   2:   19456496 bytes,   24468416 total
[2022-06-29T05:18:45.679+0000][9][gc,heap     ] GC(12) Eden regions: 30->0(69)
[2022-06-29T05:18:45.680+0000][9][gc,heap     ] GC(12) Survivor regions: 10->7(10)
[2022-06-29T05:18:45.681+0000][9][gc,heap     ] GC(12) Old regions: 2->6
[2022-06-29T05:18:45.682+0000][9][gc,heap     ] GC(12) Archive regions: 2->2
[2022-06-29T05:18:45.683+0000][9][gc,heap     ] GC(12) Humongous regions: 0->0
[2022-06-29T05:18:45.685+0000][9][gc,metaspace] GC(12) Metaspace: 58963K(60416K)->58963K(60416K) NonClass: 51323K(52096K)->51323K(52096K) Class: 7640K(8320K)->7640K(8320K)
[2022-06-29T05:18:45.685+0000][9][gc          ] GC(12) Pause Young (Concurrent Start) (Metadata GC Threshold) 164M->53M(512M) 129.897ms
[2022-06-29T05:18:45.686+0000][9][gc,cpu      ] GC(12) User=0.32s Sys=0.00s Real=0.13s
[2022-06-29T05:18:45.687+0000][9][safepoint   ] Safepoint "CollectForMetadataAllocation", Time since last: 559005880 ns, Reaching safepoint: 199067 ns, At safepoint: 131993953 ns, Total: 132193020 ns
[2022-06-29T05:18:45.687+0000][9][gc          ] GC(13) Concurrent Mark Cycle
[2022-06-29T05:18:45.699+0000][9][gc,marking  ] GC(13) Concurrent Clear Claimed Marks
[2022-06-29T05:18:45.701+0000][9][gc,marking  ] GC(13) Concurrent Clear Claimed Marks 1.704ms
[2022-06-29T05:18:45.702+0000][9][gc,marking  ] GC(13) Concurrent Scan Root Regions
[2022-06-29T05:18:45.771+0000][9][gc,marking  ] GC(13) Concurrent Scan Root Regions 69.377ms
[2022-06-29T05:18:45.772+0000][9][gc,marking  ] GC(13) Concurrent Mark
[2022-06-29T05:18:45.773+0000][9][gc,marking  ] GC(13) Concurrent Mark From Roots
[2022-06-29T05:18:45.774+0000][9][gc,task     ] GC(13) Using 1 workers of 1 for marking
[2022-06-29T05:18:45.790+0000][9][gc,marking  ] GC(13) Concurrent Mark From Roots 17.112ms
[2022-06-29T05:18:45.791+0000][9][gc,marking  ] GC(13) Concurrent Preclean
[2022-06-29T05:18:45.792+0000][9][gc,marking  ] GC(13) Concurrent Preclean 0.930ms
[2022-06-29T05:18:45.793+0000][9][gc,start    ] GC(13) Pause Remark
[2022-06-29T05:18:45.800+0000][9][gc          ] GC(13) Pause Remark 57M->57M(512M) 6.941ms
[2022-06-29T05:18:45.801+0000][9][gc,cpu      ] GC(13) User=0.02s Sys=0.00s Real=0.01s
[2022-06-29T05:18:45.802+0000][9][safepoint   ] Safepoint "G1Concurrent", Time since last: 105345834 ns, Reaching safepoint: 384581 ns, At safepoint: 8842813 ns, Total: 9227394 ns
[2022-06-29T05:18:45.803+0000][9][gc,marking  ] GC(13) Concurrent Mark 30.645ms
[2022-06-29T05:18:45.804+0000][9][gc,marking  ] GC(13) Concurrent Rebuild Remembered Sets
[2022-06-29T05:18:45.820+0000][9][gc,marking  ] GC(13) Concurrent Rebuild Remembered Sets 16.140ms
[2022-06-29T05:18:45.825+0000][9][gc,start    ] GC(13) Pause Cleanup
[2022-06-29T05:18:45.827+0000][9][gc          ] GC(13) Pause Cleanup 57M->57M(512M) 2.046ms
[2022-06-29T05:18:45.830+0000][9][gc,cpu      ] GC(13) User=0.01s Sys=0.00s Real=0.01s
[2022-06-29T05:18:45.832+0000][9][safepoint   ] Safepoint "G1Concurrent", Time since last: 22839206 ns, Reaching safepoint: 251745 ns, At safepoint: 6624493 ns, Total: 6876238 ns
[2022-06-29T05:18:45.833+0000][9][gc,marking  ] GC(13) Concurrent Cleanup for Next Mark
[2022-06-29T05:18:45.837+0000][9][gc,marking  ] GC(13) Concurrent Cleanup for Next Mark 3.259ms
[2022-06-29T05:18:45.838+0000][9][gc          ] GC(13) Concurrent Mark Cycle 151.254ms
[2022-06-29T05:18:46.836+0000][9][safepoint   ] Safepoint "Cleanup", Time since last: 1002027249 ns, Reaching safepoint: 1780041 ns, At safepoint: 29970 ns, Total: 1810011 ns
[2022-06-29T05:18:48.111+0000][9][safepoint   ] Safepoint "Cleanup", Time since last: 1273531362 ns, Reaching safepoint: 2334469 ns, At safepoint: 33183 ns, Total: 2367652 ns
[2022-06-29T05:18:49.368+0000][9][safepoint   ] Safepoint "Cleanup", Time since last: 1256499675 ns, Reaching safepoint: 166962 ns, At safepoint: 3168 ns, Total: 170130 ns
[2022-06-29T05:18:50.439+0000][9][safepoint   ] Safepoint "Cleanup", Time since last: 1070664445 ns, Reaching safepoint: 721399 ns, At safepoint: 8325 ns, Total: 729724 ns
[2022-06-29T05:18:51.295+0000][9][gc,start    ] GC(14) Pause Young (Normal) (G1 Evacuation Pause)
[2022-06-29T05:18:51.297+0000][9][gc,task     ] GC(14) Using 4 workers of 4 for evacuation
[2022-06-29T05:18:51.298+0000][9][gc,age      ] GC(14) Desired survivor size 20971520 bytes, new threshold 2 (max threshold 15)
[2022-06-29T05:18:51.396+0000][9][gc,phases   ] GC(14)   Pre Evacuate Collection Set: 0.2ms
[2022-06-29T05:18:51.397+0000][9][gc,phases   ] GC(14)   Merge Heap Roots: 0.1ms
[2022-06-29T05:18:51.398+0000][9][gc,phases   ] GC(14)   Evacuate Collection Set: 78.2ms
[2022-06-29T05:18:51.399+0000][9][gc,phases   ] GC(14)   Post Evacuate Collection Set: 18.1ms
[2022-06-29T05:18:51.400+0000][9][gc,phases   ] GC(14)   Other: 1.8ms
[2022-06-29T05:18:51.401+0000][9][gc,age      ] GC(14) Age table with threshold 2 (max threshold 15)
[2022-06-29T05:18:51.403+0000][9][gc,age      ] GC(14) - age   1:    6153080 bytes,    6153080 total
[2022-06-29T05:18:51.407+0000][9][gc,age      ] GC(14) - age   2:    4786736 bytes,   10939816 total
[2022-06-29T05:18:51.408+0000][9][gc,heap     ] GC(14) Eden regions: 69->0(73)
[2022-06-29T05:18:51.416+0000][9][gc,heap     ] GC(14) Survivor regions: 7->3(10)
[2022-06-29T05:18:51.419+0000][9][gc,heap     ] GC(14) Old regions: 6->11
[2022-06-29T05:18:51.425+0000][9][gc,heap     ] GC(14) Archive regions: 2->2
[2022-06-29T05:18:51.432+0000][9][gc,heap     ] GC(14) Humongous regions: 0->0
[2022-06-29T05:18:51.434+0000][9][gc,metaspace] GC(14) Metaspace: 71639K(73152K)->71639K(73152K) NonClass: 62282K(63168K)->62282K(63168K) Class: 9357K(9984K)->9357K(9984K)
[2022-06-29T05:18:51.436+0000][9][gc          ] GC(14) Pause Young (Normal) (G1 Evacuation Pause) 329M->57M(512M) 141.099ms
[2022-06-29T05:18:51.438+0000][9][gc,cpu      ] GC(14) User=0.31s Sys=0.01s Real=0.14s
[2022-06-29T05:18:51.440+0000][9][safepoint   ] Safepoint "G1CollectForAllocation", Time since last: 855201457 ns, Reaching safepoint: 344855 ns, At safepoint: 144625304 ns, Total: 144970159 ns
[2022-06-29T05:18:52.450+0000][9][safepoint   ] Safepoint "Cleanup", Time since last: 1008961602 ns, Reaching safepoint: 1516356 ns, At safepoint: 34208 ns, Total: 1550564 ns
[2022-06-29T05:18:53.759+0000][9][safepoint   ] Safepoint "Cleanup", Time since last: 1308156842 ns, Reaching safepoint: 215440 ns, At safepoint: 23438 ns, Total: 238878 ns
[2022-06-29T05:18:54.761+0000][9][safepoint   ] Safepoint "Cleanup", Time since last: 1002230049 ns, Reaching safepoint: 574593 ns, At safepoint: 26717 ns, Total: 601310 ns
[2022-06-29T05:18:55.587+0000][9][gc,start    ] GC(15) Pause Young (Concurrent Start) (Metadata GC Threshold)
[2022-06-29T05:18:55.588+0000][9][gc,task     ] GC(15) Using 4 workers of 4 for evacuation
[2022-06-29T05:18:55.589+0000][9][gc,age      ] GC(15) Desired survivor size 20971520 bytes, new threshold 15 (max threshold 15)
[2022-06-29T05:18:55.620+0000][9][gc,phases   ] GC(15)   Pre Evacuate Collection Set: 0.5ms
[2022-06-29T05:18:55.622+0000][9][gc,phases   ] GC(15)   Merge Heap Roots: 0.3ms
[2022-06-29T05:18:55.623+0000][9][gc,phases   ] GC(15)   Evacuate Collection Set: 25.4ms
[2022-06-29T05:18:55.624+0000][9][gc,phases   ] GC(15)   Post Evacuate Collection Set: 3.5ms
[2022-06-29T05:18:55.625+0000][9][gc,phases   ] GC(15)   Other: 2.8ms
[2022-06-29T05:18:55.627+0000][9][gc,age      ] GC(15) Age table with threshold 15 (max threshold 15)
[2022-06-29T05:18:55.628+0000][9][gc,age      ] GC(15) - age   1:   11749800 bytes,   11749800 total
[2022-06-29T05:18:55.630+0000][9][gc,age      ] GC(15) - age   2:    5935888 bytes,   17685688 total
[2022-06-29T05:18:55.630+0000][9][gc,age      ] GC(15) - age   3:    4677248 bytes,   22362936 total
[2022-06-29T05:18:55.631+0000][9][gc,heap     ] GC(15) Eden regions: 45->0(70)
[2022-06-29T05:18:55.632+0000][9][gc,heap     ] GC(15) Survivor regions: 3->6(10)
[2022-06-29T05:18:55.633+0000][9][gc,heap     ] GC(15) Old regions: 11->11
[2022-06-29T05:18:55.635+0000][9][gc,heap     ] GC(15) Archive regions: 2->2
[2022-06-29T05:18:55.638+0000][9][gc,heap     ] GC(15) Humongous regions: 0->0
[2022-06-29T05:18:55.640+0000][9][gc,metaspace] GC(15) Metaspace: 98494K(101248K)->98494K(101248K) NonClass: 85154K(86528K)->85154K(86528K) Class: 13339K(14720K)->13339K(14720K)
[2022-06-29T05:18:55.640+0000][9][gc          ] GC(15) Pause Young (Concurrent Start) (Metadata GC Threshold) 237M->68M(512M) 53.674ms
[2022-06-29T05:18:55.641+0000][9][gc,cpu      ] GC(15) User=0.10s Sys=0.00s Real=0.06s
[2022-06-29T05:18:55.641+0000][9][gc          ] GC(16) Concurrent Mark Cycle
[2022-06-29T05:18:55.644+0000][9][gc,marking  ] GC(16) Concurrent Clear Claimed Marks
[2022-06-29T05:18:55.644+0000][9][safepoint   ] Safepoint "CollectForMetadataAllocation", Time since last: 824713398 ns, Reaching safepoint: 527017 ns, At safepoint: 57593318 ns, Total: 58120335 ns
[2022-06-29T05:18:55.646+0000][9][gc,marking  ] GC(16) Concurrent Clear Claimed Marks 1.622ms
[2022-06-29T05:18:55.655+0000][9][gc,marking  ] GC(16) Concurrent Scan Root Regions
[2022-06-29T05:18:55.684+0000][9][gc,marking  ] GC(16) Concurrent Scan Root Regions 28.482ms
[2022-06-29T05:18:55.685+0000][9][gc,marking  ] GC(16) Concurrent Mark
[2022-06-29T05:18:55.686+0000][9][gc,marking  ] GC(16) Concurrent Mark From Roots
[2022-06-29T05:18:55.687+0000][9][gc,task     ] GC(16) Using 1 workers of 1 for marking
[2022-06-29T05:18:55.711+0000][9][safepoint   ] Safepoint "CollectForMetadataAllocation", Time since last: 65996202 ns, Reaching safepoint: 147127 ns, At safepoint: 154420 ns, Total: 301547 ns
[2022-06-29T05:18:55.762+0000][9][safepoint   ] Safepoint "CollectForMetadataAllocation", Time since last: 50481544 ns, Reaching safepoint: 309532 ns, At safepoint: 227851 ns, Total: 537383 ns
[2022-06-29T05:18:55.773+0000][9][gc,marking  ] GC(16) Concurrent Mark From Roots 87.498ms
[2022-06-29T05:18:55.774+0000][9][gc,marking  ] GC(16) Concurrent Preclean
[2022-06-29T05:18:55.775+0000][9][gc,marking  ] GC(16) Concurrent Preclean 1.322ms
[2022-06-29T05:18:55.777+0000][9][gc,start    ] GC(16) Pause Remark
[2022-06-29T05:18:55.783+0000][9][gc          ] GC(16) Pause Remark 75M->75M(512M) 6.012ms
[2022-06-29T05:18:55.784+0000][9][gc,cpu      ] GC(16) User=0.01s Sys=0.00s Real=0.01s
[2022-06-29T05:18:55.784+0000][9][safepoint   ] Safepoint "G1Concurrent", Time since last: 14970757 ns, Reaching safepoint: 354127 ns, At safepoint: 7444262 ns, Total: 7798389 ns
[2022-06-29T05:18:55.785+0000][9][gc,marking  ] GC(16) Concurrent Mark 100.192ms
[2022-06-29T05:18:55.786+0000][9][gc,marking  ] GC(16) Concurrent Rebuild Remembered Sets
[2022-06-29T05:18:55.826+0000][9][gc,marking  ] GC(16) Concurrent Rebuild Remembered Sets 40.528ms
[2022-06-29T05:18:55.833+0000][9][gc,start    ] GC(16) Pause Cleanup
[2022-06-29T05:18:55.834+0000][9][gc          ] GC(16) Pause Cleanup 80M->80M(512M) 0.879ms
[2022-06-29T05:18:55.835+0000][9][gc,cpu      ] GC(16) User=0.00s Sys=0.00s Real=0.00s
[2022-06-29T05:18:55.837+0000][9][safepoint   ] Safepoint "G1Concurrent", Time since last: 42751875 ns, Reaching safepoint: 6235028 ns, At safepoint: 4160226 ns, Total: 10395254 ns
[2022-06-29T05:18:55.839+0000][9][gc,marking  ] GC(16) Concurrent Cleanup for Next Mark
[2022-06-29T05:18:55.841+0000][9][gc,marking  ] GC(16) Concurrent Cleanup for Next Mark 1.932ms
[2022-06-29T05:18:55.841+0000][9][gc          ] GC(16) Concurrent Mark Cycle 200.126ms
[2022-06-29T05:18:56.360+0000][9][safepoint   ] Safepoint "ICBufferFull", Time since last: 522706975 ns, Reaching safepoint: 255441 ns, At safepoint: 28990 ns, Total: 284431 ns
[2022-06-29T05:18:56.849+0000][9][safepoint   ] Safepoint "ICBufferFull", Time since last: 488739215 ns, Reaching safepoint: 183846 ns, At safepoint: 28510 ns, Total: 212356 ns
[2022-06-29T05:18:57.169+0000][9][safepoint   ] Safepoint "ICBufferFull", Time since last: 319702401 ns, Reaching safepoint: 320051 ns, At safepoint: 30820 ns, Total: 350871 ns
[2022-06-29T05:18:57.523+0000][9][safepoint   ] Safepoint "ICBufferFull", Time since last: 352814986 ns, Reaching safepoint: 251336 ns, At safepoint: 7015 ns, Total: 258351 ns
[2022-06-29T05:18:58.535+0000][9][safepoint   ] Safepoint "Cleanup", Time since last: 1001891698 ns, Reaching safepoint: 10364270 ns, At safepoint: 104487 ns, Total: 10468757 ns
[2022-06-29T05:18:59.121+0000][9][safepoint   ] Safepoint "ICBufferFull", Time since last: 585571763 ns, Reaching safepoint: 181159 ns, At safepoint: 31317 ns, Total: 212476 ns
[2022-06-29T05:18:59.710+0000][9][safepoint   ] Safepoint "ICBufferFull", Time since last: 588806249 ns, Reaching safepoint: 511172 ns, At safepoint: 34595 ns, Total: 545767 ns
[2022-06-29T05:19:00.757+0000][9][safepoint   ] Safepoint "Cleanup", Time since last: 1046821994 ns, Reaching safepoint: 288947 ns, At safepoint: 31691 ns, Total: 320638 ns
[2022-06-29T05:19:01.559+0000][9][safepoint   ] Safepoint "ICBufferFull", Time since last: 801906229 ns, Reaching safepoint: 210426 ns, At safepoint: 3905 ns, Total: 214331 ns
[2022-06-29T05:19:02.776+0000][9][safepoint   ] Safepoint "Cleanup", Time since last: 1216871798 ns, Reaching safepoint: 158105 ns, At safepoint: 3302 ns, Total: 161407 ns
[2022-06-29T05:19:04.065+0000][9][safepoint   ] Safepoint "Cleanup", Time since last: 1288021771 ns, Reaching safepoint: 977398 ns, At safepoint: 46917 ns, Total: 1024315 ns
[2022-06-29T05:19:05.196+0000][9][safepoint   ] Safepoint "Cleanup", Time since last: 1127839961 ns, Reaching safepoint: 2499278 ns, At safepoint: 51580 ns, Total: 2550858 ns
[2022-06-29T05:19:05.332+0000][9][gc,start    ] GC(17) Pause Young (Normal) (G1 Evacuation Pause)
[2022-06-29T05:19:05.335+0000][9][gc,task     ] GC(17) Using 4 workers of 4 for evacuation
[2022-06-29T05:19:05.335+0000][9][gc,age      ] GC(17) Desired survivor size 20971520 bytes, new threshold 3 (max threshold 15)
[2022-06-29T05:19:05.413+0000][9][gc,phases   ] GC(17)   Pre Evacuate Collection Set: 0.4ms
[2022-06-29T05:19:05.414+0000][9][gc,phases   ] GC(17)   Merge Heap Roots: 0.2ms
[2022-06-29T05:19:05.415+0000][9][gc,phases   ] GC(17)   Evacuate Collection Set: 57.9ms
[2022-06-29T05:19:05.416+0000][9][gc,phases   ] GC(17)   Post Evacuate Collection Set: 17.7ms
[2022-06-29T05:19:05.417+0000][9][gc,phases   ] GC(17)   Other: 2.2ms
[2022-06-29T05:19:05.418+0000][9][gc,age      ] GC(17) Age table with threshold 3 (max threshold 15)
[2022-06-29T05:19:05.420+0000][9][gc,age      ] GC(17) - age   1:   13644864 bytes,   13644864 total
[2022-06-29T05:19:05.420+0000][9][gc,age      ] GC(17) - age   2:   11305560 bytes,   24950424 total
[2022-06-29T05:19:05.421+0000][9][gc,age      ] GC(17) - age   3:    5881840 bytes,   30832264 total
[2022-06-29T05:19:05.425+0000][9][gc,heap     ] GC(17) Eden regions: 70->0(68)
[2022-06-29T05:19:05.426+0000][9][gc,heap     ] GC(17) Survivor regions: 6->8(10)
[2022-06-29T05:19:05.428+0000][9][gc,heap     ] GC(17) Old regions: 11->12
[2022-06-29T05:19:05.429+0000][9][gc,heap     ] GC(17) Archive regions: 2->2
[2022-06-29T05:19:05.429+0000][9][gc,heap     ] GC(17) Humongous regions: 0->0
[2022-06-29T05:19:05.430+0000][9][gc,metaspace] GC(17) Metaspace: 111898K(114816K)->111898K(114816K) NonClass: 96643K(98112K)->96643K(98112K) Class: 15255K(16704K)->15255K(16704K)
[2022-06-29T05:19:05.431+0000][9][gc          ] GC(17) Pause Young (Normal) (G1 Evacuation Pause) 348M->82M(512M) 99.058ms
[2022-06-29T05:19:05.432+0000][9][gc,cpu      ] GC(17) User=0.14s Sys=0.00s Real=0.10s
[2022-06-29T05:19:05.433+0000][9][safepoint   ] Safepoint "G1CollectForAllocation", Time since last: 135819806 ns, Reaching safepoint: 102125 ns, At safepoint: 101245061 ns, Total: 101347186 ns
[2022-06-29T05:19:06.443+0000][9][safepoint   ] Safepoint "Cleanup", Time since last: 1006129818 ns, Reaching safepoint: 4264144 ns, At safepoint: 39411 ns, Total: 4303555 ns
[2022-06-29T05:19:07.417+0000][9][safepoint   ] Safepoint "Cleanup", Time since last: 1012438546 ns, Reaching safepoint: 5272613 ns, At safepoint: 18283 ns, Total: 5290896 ns
[2022-06-29T05:19:08.966+0000][9][safepoint   ] Safepoint "Cleanup", Time since last: 1548517563 ns, Reaching safepoint: 876649 ns, At safepoint: 12953 ns, Total: 889602 ns
[2022-06-29T05:19:10.016+0000][9][safepoint   ] Safepoint "Cleanup", Time since last: 1024582068 ns, Reaching safepoint: 25124279 ns, At safepoint: 88054 ns, Total: 25212333 ns
[2022-06-29T05:19:11.029+0000][9][safepoint   ] Safepoint "Cleanup", Time since last: 1009861595 ns, Reaching safepoint: 3782782 ns, At safepoint: 36100 ns, Total: 3818882 ns
[2022-06-29T05:19:12.035+0000][9][safepoint   ] Safepoint "Cleanup", Time since last: 1004956950 ns, Reaching safepoint: 706318 ns, At safepoint: 67277 ns, Total: 773595 ns
[2022-06-29T05:19:12.057+0000][9][gc,start    ] GC(18) Pause Young (Normal) (G1 Evacuation Pause)
[2022-06-29T05:19:12.059+0000][9][gc,task     ] GC(18) Using 4 workers of 4 for evacuation
[2022-06-29T05:19:12.061+0000][9][gc,age      ] GC(18) Desired survivor size 20971520 bytes, new threshold 2 (max threshold 15)
[2022-06-29T05:19:12.113+0000][9][gc,phases   ] GC(18)   Pre Evacuate Collection Set: 0.2ms
[2022-06-29T05:19:12.119+0000][9][gc,phases   ] GC(18)   Merge Heap Roots: 0.4ms
[2022-06-29T05:19:12.122+0000][9][gc,phases   ] GC(18)   Evacuate Collection Set: 39.9ms
[2022-06-29T05:19:12.127+0000][9][gc,phases   ] GC(18)   Post Evacuate Collection Set: 9.6ms
[2022-06-29T05:19:12.129+0000][9][gc,phases   ] GC(18)   Other: 3.9ms
[2022-06-29T05:19:12.131+0000][9][gc,age      ] GC(18) Age table with threshold 2 (max threshold 15)
[2022-06-29T05:19:12.136+0000][9][gc,age      ] GC(18) - age   1:    1637096 bytes,    1637096 total
[2022-06-29T05:19:12.137+0000][9][gc,age      ] GC(18) - age   2:    9804624 bytes,   11441720 total
[2022-06-29T05:19:12.138+0000][9][gc,heap     ] GC(18) Eden regions: 68->0(72)
[2022-06-29T05:19:12.139+0000][9][gc,heap     ] GC(18) Survivor regions: 8->4(10)
[2022-06-29T05:19:12.144+0000][9][gc,heap     ] GC(18) Old regions: 12->16
[2022-06-29T05:19:12.146+0000][9][gc,heap     ] GC(18) Archive regions: 2->2
[2022-06-29T05:19:12.148+0000][9][gc,heap     ] GC(18) Humongous regions: 0->0
[2022-06-29T05:19:12.151+0000][9][gc,metaspace] GC(18) Metaspace: 112792K(115712K)->112792K(115712K) NonClass: 97439K(98880K)->97439K(98880K) Class: 15352K(16832K)->15352K(16832K)
[2022-06-29T05:19:12.153+0000][9][gc          ] GC(18) Pause Young (Normal) (G1 Evacuation Pause) 354M->82M(512M) 96.713ms
[2022-06-29T05:19:12.156+0000][9][gc,cpu      ] GC(18) User=0.10s Sys=0.02s Real=0.10s
[2022-06-29T05:19:12.159+0000][9][safepoint   ] Safepoint "G1CollectForAllocation", Time since last: 21354884 ns, Reaching safepoint: 102763 ns, At safepoint: 102763472 ns, Total: 102866235 ns
[2022-06-29T05:19:13.171+0000][9][safepoint   ] Safepoint "Cleanup", Time since last: 1002460587 ns, Reaching safepoint: 8949601 ns, At safepoint: 101355 ns, Total: 9050956 ns
[2022-06-29T05:19:14.185+0000][9][safepoint   ] Safepoint "Cleanup", Time since last: 1012997359 ns, Reaching safepoint: 706072 ns, At safepoint: 14251 ns, Total: 720323 ns
[2022-06-29T05:19:15.194+0000][9][safepoint   ] Safepoint "Cleanup", Time since last: 1009000235 ns, Reaching safepoint: 104410 ns, At safepoint: 4570 ns, Total: 108980 ns
[2022-06-29T05:19:16.196+0000][9][safepoint   ] Safepoint "Cleanup", Time since last: 1001658460 ns, Reaching safepoint: 117861 ns, At safepoint: 3665 ns, Total: 121526 ns
[2022-06-29T05:19:17.242+0000][9][safepoint   ] Safepoint "Cleanup", Time since last: 1046688510 ns, Reaching safepoint: 223420 ns, At safepoint: 37319 ns, Total: 260739 ns
[2022-06-29T05:19:20.255+0000][9][safepoint   ] Safepoint "Cleanup", Time since last: 3012548008 ns, Reaching safepoint: 152488 ns, At safepoint: 7058 ns, Total: 159546 ns
[2022-06-29T05:19:21.810+0000][9][safepoint   ] Safepoint "Cleanup", Time since last: 1554187370 ns, Reaching safepoint: 298985 ns, At safepoint: 10684 ns, Total: 309669 ns
[2022-06-29T05:19:23.833+0000][9][safepoint   ] Safepoint "Cleanup", Time since last: 2022935947 ns, Reaching safepoint: 136232 ns, At safepoint: 5519 ns, Total: 141751 ns
[2022-06-29T05:19:26.854+0000][9][safepoint   ] Safepoint "Cleanup", Time since last: 3020928855 ns, Reaching safepoint: 225444 ns, At safepoint: 12598 ns, Total: 238042 ns
[2022-06-29T05:19:28.728+0000][9][safepoint   ] Safepoint "Cleanup", Time since last: 1874009500 ns, Reaching safepoint: 86076 ns, At safepoint: 3139 ns, Total: 89215 ns
[2022-06-29T05:19:29.176+0000][9][safepoint   ] Safepoint "ICBufferFull", Time since last: 447199688 ns, Reaching safepoint: 710319 ns, At safepoint: 38108 ns, Total: 748427 ns
[2022-06-29T05:19:30.335+0000][9][safepoint   ] Safepoint "ICBufferFull", Time since last: 1158739166 ns, Reaching safepoint: 345260 ns, At safepoint: 36278 ns, Total: 381538 ns
[2022-06-29T05:19:31.126+0000][9][safepoint   ] Safepoint "ICBufferFull", Time since last: 790014885 ns, Reaching safepoint: 1260284 ns, At safepoint: 59034 ns, Total: 1319318 ns
[2022-06-29T05:19:32.137+0000][9][safepoint   ] Safepoint "Cleanup", Time since last: 1010042042 ns, Reaching safepoint: 657081 ns, At safepoint: 43069 ns, Total: 700150 ns
[2022-06-29T05:19:32.813+0000][9][gc,start    ] GC(19) Pause Young (Normal) (G1 Evacuation Pause)
[2022-06-29T05:19:32.817+0000][9][gc,task     ] GC(19) Using 4 workers of 4 for evacuation
[2022-06-29T05:19:32.818+0000][9][gc,age      ] GC(19) Desired survivor size 20971520 bytes, new threshold 15 (max threshold 15)
[2022-06-29T05:19:32.920+0000][9][gc,phases   ] GC(19)   Pre Evacuate Collection Set: 6.3ms
[2022-06-29T05:19:32.921+0000][9][gc,phases   ] GC(19)   Merge Heap Roots: 0.3ms
[2022-06-29T05:19:32.922+0000][9][gc,phases   ] GC(19)   Evacuate Collection Set: 67.2ms
[2022-06-29T05:19:32.925+0000][9][gc,phases   ] GC(19)   Post Evacuate Collection Set: 16.8ms
[2022-06-29T05:19:32.926+0000][9][gc,phases   ] GC(19)   Other: 12.8ms
[2022-06-29T05:19:32.927+0000][9][gc,age      ] GC(19) Age table with threshold 15 (max threshold 15)
[2022-06-29T05:19:32.929+0000][9][gc,age      ] GC(19) - age   1:   13565296 bytes,   13565296 total
[2022-06-29T05:19:32.930+0000][9][gc,age      ] GC(19) - age   2:     905624 bytes,   14470920 total
[2022-06-29T05:19:32.931+0000][9][gc,age      ] GC(19) - age   3:    9728504 bytes,   24199424 total
[2022-06-29T05:19:32.932+0000][9][gc,heap     ] GC(19) Eden regions: 72->0(69)
[2022-06-29T05:19:32.933+0000][9][gc,heap     ] GC(19) Survivor regions: 4->7(10)
[2022-06-29T05:19:32.934+0000][9][gc,heap     ] GC(19) Old regions: 16->16
[2022-06-29T05:19:32.938+0000][9][gc,heap     ] GC(19) Archive regions: 2->2
[2022-06-29T05:19:32.940+0000][9][gc,heap     ] GC(19) Humongous regions: 0->0
[2022-06-29T05:19:32.944+0000][9][gc,metaspace] GC(19) Metaspace: 116758K(119744K)->116758K(119744K) NonClass: 100833K(102336K)->100833K(102336K) Class: 15924K(17408K)->15924K(17408K)
[2022-06-29T05:19:32.945+0000][9][gc          ] GC(19) Pause Young (Normal) (G1 Evacuation Pause) 370M->93M(512M) 131.516ms
[2022-06-29T05:19:32.946+0000][9][gc,cpu      ] GC(19) User=0.17s Sys=0.02s Real=0.14s
[2022-06-29T05:19:32.947+0000][9][safepoint   ] Safepoint "G1CollectForAllocation", Time since last: 675994877 ns, Reaching safepoint: 130671 ns, At safepoint: 133555796 ns, Total: 133686467 ns
[2022-06-29T05:19:34.068+0000][9][safepoint   ] Safepoint "Cleanup", Time since last: 1120277621 ns, Reaching safepoint: 627348 ns, At safepoint: 18430 ns, Total: 645778 ns
[2022-06-29T05:19:35.479+0000][9][safepoint   ] Safepoint "Cleanup", Time since last: 1410485265 ns, Reaching safepoint: 694127 ns, At safepoint: 42178 ns, Total: 736305 ns
[2022-06-29T05:19:36.408+0000][9][safepoint   ] Safepoint "ICBufferFull", Time since last: 928104113 ns, Reaching safepoint: 452745 ns, At safepoint: 64268 ns, Total: 517013 ns
[2022-06-29T05:19:36.973+0000][9][safepoint   ] Safepoint "ICBufferFull", Time since last: 569234868 ns, Reaching safepoint: 770593 ns, At safepoint: 17010 ns, Total: 787603 ns
[2022-06-29T05:19:37.969+0000][9][safepoint   ] Safepoint "ICBufferFull", Time since last: 994006451 ns, Reaching safepoint: 2512556 ns, At safepoint: 19505 ns, Total: 2532061 ns
[2022-06-29T05:19:37.972+0000][9][safepoint   ] Safepoint "ICBufferFull", Time since last: 1952754 ns, Reaching safepoint: 855340 ns, At safepoint: 318954 ns, Total: 1174294 ns
[2022-06-29T05:19:39.150+0000][9][safepoint   ] Safepoint "Cleanup", Time since last: 1173750417 ns, Reaching safepoint: 3507225 ns, At safepoint: 74540 ns, Total: 3581765 ns
[2022-06-29T05:19:40.155+0000][9][safepoint   ] Safepoint "Cleanup", Time since last: 1004299368 ns, Reaching safepoint: 520410 ns, At safepoint: 105442 ns, Total: 625852 ns
[2022-06-29T05:19:41.156+0000][9][safepoint   ] Safepoint "Cleanup", Time since last: 1000758528 ns, Reaching safepoint: 785891 ns, At safepoint: 42790 ns, Total: 828681 ns
[2022-06-29T05:19:41.744+0000][9][safepoint   ] Safepoint "ICBufferFull", Time since last: 587093035 ns, Reaching safepoint: 996961 ns, At safepoint: 47887 ns, Total: 1044848 ns
[2022-06-29T05:19:42.753+0000][9][safepoint   ] Safepoint "Cleanup", Time since last: 1007827254 ns, Reaching safepoint: 314260 ns, At safepoint: 37315 ns, Total: 351575 ns
[2022-06-29T05:19:43.816+0000][9][safepoint   ] Safepoint "Cleanup", Time since last: 1012782139 ns, Reaching safepoint: 51077707 ns, At safepoint: 64370 ns, Total: 51142077 ns
[2022-06-29T05:19:44.612+0000][9][gc,start    ] GC(20) Pause Young (Normal) (G1 Evacuation Pause)
[2022-06-29T05:19:44.613+0000][9][gc,task     ] GC(20) Using 4 workers of 4 for evacuation
[2022-06-29T05:19:44.614+0000][9][gc,age      ] GC(20) Desired survivor size 20971520 bytes, new threshold 3 (max threshold 15)
[2022-06-29T05:19:44.723+0000][9][gc,phases   ] GC(20)   Pre Evacuate Collection Set: 0.9ms
[2022-06-29T05:19:44.726+0000][9][gc,phases   ] GC(20)   Merge Heap Roots: 0.4ms
[2022-06-29T05:19:44.728+0000][9][gc,phases   ] GC(20)   Evacuate Collection Set: 87.6ms
[2022-06-29T05:19:44.744+0000][9][gc,phases   ] GC(20)   Post Evacuate Collection Set: 17.8ms
[2022-06-29T05:19:44.746+0000][9][gc,phases   ] GC(20)   Other: 3.4ms
[2022-06-29T05:19:44.748+0000][9][gc,age      ] GC(20) Age table with threshold 3 (max threshold 15)
[2022-06-29T05:19:44.749+0000][9][gc,age      ] GC(20) - age   1:    8344368 bytes,    8344368 total
[2022-06-29T05:19:44.753+0000][9][gc,age      ] GC(20) - age   2:    2121472 bytes,   10465840 total
[2022-06-29T05:19:44.757+0000][9][gc,age      ] GC(20) - age   3:     880992 bytes,   11346832 total
[2022-06-29T05:19:44.760+0000][9][gc,heap     ] GC(20) Eden regions: 69->0(72)
[2022-06-29T05:19:44.763+0000][9][gc,heap     ] GC(20) Survivor regions: 7->4(10)
[2022-06-29T05:19:44.766+0000][9][gc,heap     ] GC(20) Old regions: 16->19
[2022-06-29T05:19:44.769+0000][9][gc,heap     ] GC(20) Archive regions: 2->2
[2022-06-29T05:19:44.771+0000][9][gc,heap     ] GC(20) Humongous regions: 0->0
[2022-06-29T05:19:44.774+0000][9][gc,metaspace] GC(20) Metaspace: 122431K(125632K)->122431K(125632K) NonClass: 105810K(107456K)->105810K(107456K) Class: 16621K(18176K)->16621K(18176K)
[2022-06-29T05:19:44.775+0000][9][gc          ] GC(20) Pause Young (Normal) (G1 Evacuation Pause) 369M->90M(512M) 163.302ms
[2022-06-29T05:19:44.777+0000][9][gc,cpu      ] GC(20) User=0.16s Sys=0.04s Real=0.16s
[2022-06-29T05:19:44.778+0000][9][safepoint   ] Safepoint "G1CollectForAllocation", Time since last: 794981749 ns, Reaching safepoint: 417877 ns, At safepoint: 166582833 ns, Total: 167000710 ns
[2022-06-29T05:19:45.696+0000][9][safepoint   ] Safepoint "ICBufferFull", Time since last: 917106000 ns, Reaching safepoint: 451954 ns, At safepoint: 35053 ns, Total: 487007 ns
[2022-06-29T05:19:46.707+0000][9][safepoint   ] Safepoint "Cleanup", Time since last: 1008979280 ns, Reaching safepoint: 1124840 ns, At safepoint: 48968 ns, Total: 1173808 ns
[2022-06-29T05:19:47.717+0000][9][safepoint   ] Safepoint "Cleanup", Time since last: 1011041122 ns, Reaching safepoint: 210391 ns, At safepoint: 50519 ns, Total: 260910 ns
[2022-06-29T05:19:48.751+0000][9][safepoint   ] Safepoint "Cleanup", Time since last: 1029440503 ns, Reaching safepoint: 3857318 ns, At safepoint: 12218 ns, Total: 3869536 ns
[2022-06-29T05:19:49.754+0000][9][safepoint   ] Safepoint "Cleanup", Time since last: 1002666318 ns, Reaching safepoint: 475836 ns, At safepoint: 71196 ns, Total: 547032 ns
[2022-06-29T05:19:50.756+0000][9][safepoint   ] Safepoint "Cleanup", Time since last: 1002215428 ns, Reaching safepoint: 166091 ns, At safepoint: 4664 ns, Total: 170755 ns
[2022-06-29T05:19:51.757+0000][9][safepoint   ] Safepoint "Cleanup", Time since last: 1000946029 ns, Reaching safepoint: 110849 ns, At safepoint: 3514 ns, Total: 114363 ns
[2022-06-29T05:19:52.759+0000][9][safepoint   ] Safepoint "Cleanup", Time since last: 1001209176 ns, Reaching safepoint: 513756 ns, At safepoint: 16010 ns, Total: 529766 ns
[2022-06-29T05:19:53.808+0000][9][safepoint   ] Safepoint "Cleanup", Time since last: 1024546684 ns, Reaching safepoint: 23742150 ns, At safepoint: 390169 ns, Total: 24132319 ns
[2022-06-29T05:19:54.810+0000][9][safepoint   ] Safepoint "Cleanup", Time since last: 1001748014 ns, Reaching safepoint: 57843 ns, At safepoint: 4015 ns, Total: 61858 ns
[2022-06-29T05:19:55.813+0000][9][safepoint   ] Safepoint "Cleanup", Time since last: 1002363269 ns, Reaching safepoint: 471429 ns, At safepoint: 426850 ns, Total: 898279 ns
[2022-06-29T05:19:56.817+0000][9][safepoint   ] Safepoint "Cleanup", Time since last: 1003552320 ns, Reaching safepoint: 372177 ns, At safepoint: 289685 ns, Total: 661862 ns
[2022-06-29T05:19:57.822+0000][9][safepoint   ] Safepoint "Cleanup", Time since last: 1003910322 ns, Reaching safepoint: 1148415 ns, At safepoint: 54796 ns, Total: 1203211 ns
[2022-06-29T05:19:59.797+0000][9][safepoint   ] Safepoint "Cleanup", Time since last: 1001687698 ns, Reaching safepoint: 972489734 ns, At safepoint: 919843 ns, Total: 973409577 ns
[2022-06-29T05:20:00.799+0000][9][safepoint   ] Safepoint "Cleanup", Time since last: 1001394909 ns, Reaching safepoint: 233205 ns, At safepoint: 13665 ns, Total: 246870 ns
[2022-06-29T05:20:03.465+0000][9][safepoint   ] Safepoint "Cleanup", Time since last: 1963136125 ns, Reaching safepoint: 703066970 ns, At safepoint: 32953 ns, Total: 703099923 ns
[2022-06-29T05:20:04.511+0000][9][safepoint   ] Safepoint "Cleanup", Time since last: 1045278381 ns, Reaching safepoint: 86219 ns, At safepoint: 5337 ns, Total: 91556 ns
[2022-06-29T05:20:05.544+0000][9][safepoint   ] Safepoint "Cleanup", Time since last: 1033159366 ns, Reaching safepoint: 86921 ns, At safepoint: 4151 ns, Total: 91072 ns
[2022-06-29T05:20:07.528+0000][9][safepoint   ] Safepoint "Cleanup", Time since last: 2003248460 ns, Reaching safepoint: 170434 ns, At safepoint: 13713 ns, Total: 184147 ns
[2022-06-29T05:20:08.530+0000][9][safepoint   ] Safepoint "Cleanup", Time since last: 1002237252 ns, Reaching safepoint: 207845 ns, At safepoint: 13937 ns, Total: 221782 ns
[2022-06-29T05:20:09.532+0000][9][safepoint   ] Safepoint "Cleanup", Time since last: 1001404730 ns, Reaching safepoint: 137416 ns, At safepoint: 5421 ns, Total: 142837 ns
[2022-06-29T05:20:10.735+0000][9][safepoint   ] Safepoint "Cleanup", Time since last: 1201845652 ns, Reaching safepoint: 693852 ns, At safepoint: 17507 ns, Total: 711359 ns
[2022-06-29T05:20:11.736+0000][9][safepoint   ] Safepoint "Cleanup", Time since last: 1001786712 ns, Reaching safepoint: 169102 ns, At safepoint: 6900 ns, Total: 176002 ns
[2022-06-29T05:20:13.751+0000][9][safepoint   ] Safepoint "Cleanup", Time since last: 2014431207 ns, Reaching safepoint: 101286 ns, At safepoint: 24961 ns, Total: 126247 ns
[2022-06-29T05:20:14.757+0000][9][safepoint   ] Safepoint "Cleanup", Time since last: 1005810691 ns, Reaching safepoint: 118783 ns, At safepoint: 7141 ns, Total: 125924 ns
[2022-06-29T05:20:15.759+0000][9][safepoint   ] Safepoint "Cleanup", Time since last: 1001718248 ns, Reaching safepoint: 184597 ns, At safepoint: 12109 ns, Total: 196706 ns
[2022-06-29T05:20:16.760+0000][9][safepoint   ] Safepoint "Cleanup", Time since last: 1000987782 ns, Reaching safepoint: 322410 ns, At safepoint: 15445 ns, Total: 337855 ns
[2022-06-29T05:20:17.762+0000][9][safepoint   ] Safepoint "Cleanup", Time since last: 1002176214 ns, Reaching safepoint: 97944 ns, At safepoint: 3952 ns, Total: 101896 ns
[2022-06-29T05:20:19.765+0000][9][safepoint   ] Safepoint "Cleanup", Time since last: 2001251858 ns, Reaching safepoint: 357500 ns, At safepoint: 397973 ns, Total: 755473 ns
[2022-06-29T05:20:20.766+0000][9][safepoint   ] Safepoint "Cleanup", Time since last: 1001831186 ns, Reaching safepoint: 117292 ns, At safepoint: 2631 ns, Total: 119923 ns
[2022-06-29T05:20:21.768+0000][9][safepoint   ] Safepoint "Cleanup", Time since last: 1001448526 ns, Reaching safepoint: 375821 ns, At safepoint: 15402 ns, Total: 391223 ns
[2022-06-29T05:20:22.770+0000][9][safepoint   ] Safepoint "Cleanup", Time since last: 1001145449 ns, Reaching safepoint: 81263 ns, At safepoint: 5111 ns, Total: 86374 ns
[2022-06-29T05:20:23.773+0000][9][safepoint   ] Safepoint "Cleanup", Time since last: 1002877784 ns, Reaching safepoint: 157478 ns, At safepoint: 44206 ns, Total: 201684 ns
[2022-06-29T05:20:24.783+0000][9][safepoint   ] Safepoint "Cleanup", Time since last: 1009453096 ns, Reaching safepoint: 497474 ns, At safepoint: 41898 ns, Total: 539372 ns
[2022-06-29T05:20:25.784+0000][9][safepoint   ] Safepoint "Cleanup", Time since last: 1000970251 ns, Reaching safepoint: 214818 ns, At safepoint: 157399 ns, Total: 372217 ns
[2022-06-29T05:20:26.786+0000][9][safepoint   ] Safepoint "Cleanup", Time since last: 1001594754 ns, Reaching safepoint: 730389 ns, At safepoint: 11744 ns, Total: 742133 ns
[2022-06-29T05:20:28.788+0000][9][safepoint   ] Safepoint "Cleanup", Time since last: 2001514181 ns, Reaching safepoint: 245850 ns, At safepoint: 5658 ns, Total: 251508 ns
[2022-06-29T05:20:29.789+0000][9][safepoint   ] Safepoint "Cleanup", Time since last: 1001078616 ns, Reaching safepoint: 91267 ns, At safepoint: 4103 ns, Total: 95370 ns
[2022-06-29T05:20:30.790+0000][9][safepoint   ] Safepoint "Cleanup", Time since last: 1001121844 ns, Reaching safepoint: 111164 ns, At safepoint: 10483 ns, Total: 121647 ns
[2022-06-29T05:20:31.792+0000][9][safepoint   ] Safepoint "Cleanup", Time since last: 1000822459 ns, Reaching safepoint: 203426 ns, At safepoint: 81728 ns, Total: 285154 ns
[2022-06-29T05:20:32.793+0000][9][safepoint   ] Safepoint "Cleanup", Time since last: 1000955963 ns, Reaching safepoint: 205019 ns, At safepoint: 36417 ns, Total: 241436 ns
[2022-06-29T05:20:33.794+0000][9][safepoint   ] Safepoint "Cleanup", Time since last: 1001564560 ns, Reaching safepoint: 115682 ns, At safepoint: 4901 ns, Total: 120583 ns
[2022-06-29T05:20:34.796+0000][9][safepoint   ] Safepoint "Cleanup", Time since last: 1001038602 ns, Reaching safepoint: 237875 ns, At safepoint: 177949 ns, Total: 415824 ns
[2022-06-29T05:20:35.799+0000][9][safepoint   ] Safepoint "Cleanup", Time since last: 1002925237 ns, Reaching safepoint: 138013 ns, At safepoint: 6735 ns, Total: 144748 ns
[2022-06-29T05:20:36.939+0000][9][safepoint   ] Safepoint "Cleanup", Time since last: 1139862428 ns, Reaching safepoint: 148523 ns, At safepoint: 10362 ns, Total: 158885 ns
[2022-06-29T05:20:37.917+0000][9][safepoint   ] Safepoint "Cleanup", Time since last: 1001185154 ns, Reaching safepoint: 122547 ns, At safepoint: 4242 ns, Total: 126789 ns
[2022-06-29T05:20:39.919+0000][9][safepoint   ] Safepoint "Cleanup", Time since last: 2001989746 ns, Reaching safepoint: 66804 ns, At safepoint: 4691 ns, Total: 71495 ns
[2022-06-29T05:20:40.924+0000][9][safepoint   ] Safepoint "Cleanup", Time since last: 1003403817 ns, Reaching safepoint: 1091895 ns, At safepoint: 79425 ns, Total: 1171320 ns
[2022-06-29T05:20:41.974+0000][9][safepoint   ] Safepoint "Cleanup", Time since last: 1023125596 ns, Reaching safepoint: 26567993 ns, At safepoint: 97753 ns, Total: 26665746 ns
[2022-06-29T05:20:42.993+0000][9][safepoint   ] Safepoint "Cleanup", Time since last: 1016483659 ns, Reaching safepoint: 2608845 ns, At safepoint: 4183 ns, Total: 2613028 ns
[2022-06-29T05:20:45.002+0000][9][safepoint   ] Safepoint "Cleanup", Time since last: 2008861447 ns, Reaching safepoint: 74789 ns, At safepoint: 3474 ns, Total: 78263 ns
[2022-06-29T05:20:46.009+0000][9][safepoint   ] Safepoint "Cleanup", Time since last: 1006793713 ns, Reaching safepoint: 372112 ns, At safepoint: 16596 ns, Total: 388708 ns
[2022-06-29T05:20:47.017+0000][9][safepoint   ] Safepoint "Cleanup", Time since last: 1006561945 ns, Reaching safepoint: 1592158 ns, At safepoint: 239233 ns, Total: 1831391 ns
[2022-06-29T05:20:48.032+0000][9][safepoint   ] Safepoint "Cleanup", Time since last: 1014262913 ns, Reaching safepoint: 240637 ns, At safepoint: 18090 ns, Total: 258727 ns
[2022-06-29T05:20:50.035+0000][9][safepoint   ] Safepoint "Cleanup", Time since last: 2003059895 ns, Reaching safepoint: 109325 ns, At safepoint: 143783 ns, Total: 253108 ns
[2022-06-29T05:20:51.038+0000][9][safepoint   ] Safepoint "Cleanup", Time since last: 1001818022 ns, Reaching safepoint: 459341 ns, At safepoint: 41669 ns, Total: 501010 ns
[2022-06-29T05:20:52.043+0000][9][safepoint   ] Safepoint "Cleanup", Time since last: 1005066647 ns, Reaching safepoint: 208749 ns, At safepoint: 7405 ns, Total: 216154 ns
[2022-06-29T05:20:54.239+0000][9][safepoint   ] Safepoint "Cleanup", Time since last: 2195761266 ns, Reaching safepoint: 200639 ns, At safepoint: 9700 ns, Total: 210339 ns
[2022-06-29T05:20:55.245+0000][9][safepoint   ] Safepoint "Cleanup", Time since last: 1006138270 ns, Reaching safepoint: 113343 ns, At safepoint: 11252 ns, Total: 124595 ns
[2022-06-29T05:20:56.247+0000][9][safepoint   ] Safepoint "Cleanup", Time since last: 1001448936 ns, Reaching safepoint: 182067 ns, At safepoint: 12267 ns, Total: 194334 ns
[2022-06-29T05:20:57.248+0000][9][safepoint   ] Safepoint "Cleanup", Time since last: 1000986157 ns, Reaching safepoint: 464671 ns, At safepoint: 14681 ns, Total: 479352 ns
[2022-06-29T05:20:58.251+0000][9][safepoint   ] Safepoint "Cleanup", Time since last: 1002342548 ns, Reaching safepoint: 88598 ns, At safepoint: 4606 ns, Total: 93204 ns
[2022-06-29T05:20:59.253+0000][9][safepoint   ] Safepoint "Cleanup", Time since last: 1001646292 ns, Reaching safepoint: 182917 ns, At safepoint: 25151 ns, Total: 208068 ns
[2022-06-29T05:21:00.254+0000][9][safepoint   ] Safepoint "Cleanup", Time since last: 1001267955 ns, Reaching safepoint: 127158 ns, At safepoint: 10873 ns, Total: 138031 ns
[2022-06-29T05:21:01.258+0000][9][safepoint   ] Safepoint "Cleanup", Time since last: 1003819972 ns, Reaching safepoint: 117776 ns, At safepoint: 6358 ns, Total: 124134 ns
[2022-06-29T05:21:03.264+0000][9][safepoint   ] Safepoint "Cleanup", Time since last: 2005777448 ns, Reaching safepoint: 502559 ns, At safepoint: 5989 ns, Total: 508548 ns
[2022-06-29T05:21:04.271+0000][9][safepoint   ] Safepoint "Cleanup", Time since last: 1006148188 ns, Reaching safepoint: 554658 ns, At safepoint: 16184 ns, Total: 570842 ns
[2022-06-29T05:21:06.279+0000][9][safepoint   ] Safepoint "Cleanup", Time since last: 2007893828 ns, Reaching safepoint: 116144 ns, At safepoint: 3641 ns, Total: 119785 ns
[2022-06-29T05:21:08.862+0000][9][gc,start    ] GC(21) Pause Young (Normal) (G1 Evacuation Pause)
[2022-06-29T05:21:08.863+0000][9][gc,task     ] GC(21) Using 4 workers of 4 for evacuation
[2022-06-29T05:21:08.865+0000][9][gc,age      ] GC(21) Desired survivor size 20971520 bytes, new threshold 15 (max threshold 15)
[2022-06-29T05:21:08.905+0000][9][gc,phases   ] GC(21)   Pre Evacuate Collection Set: 0.3ms
[2022-06-29T05:21:08.907+0000][9][gc,phases   ] GC(21)   Merge Heap Roots: 0.2ms
[2022-06-29T05:21:08.908+0000][9][gc,phases   ] GC(21)   Evacuate Collection Set: 32.9ms
[2022-06-29T05:21:08.909+0000][9][gc,phases   ] GC(21)   Post Evacuate Collection Set: 3.6ms
[2022-06-29T05:21:08.911+0000][9][gc,phases   ] GC(21)   Other: 4.1ms
[2022-06-29T05:21:08.913+0000][9][gc,age      ] GC(21) Age table with threshold 15 (max threshold 15)
[2022-06-29T05:21:08.914+0000][9][gc,age      ] GC(21) - age   1:    1706568 bytes,    1706568 total
[2022-06-29T05:21:08.916+0000][9][gc,age      ] GC(21) - age   2:    6311880 bytes,    8018448 total
[2022-06-29T05:21:08.919+0000][9][gc,age      ] GC(21) - age   3:    2116040 bytes,   10134488 total
[2022-06-29T05:21:08.921+0000][9][gc,age      ] GC(21) - age   4:     880992 bytes,   11015480 total
[2022-06-29T05:21:08.923+0000][9][gc,heap     ] GC(21) Eden regions: 72->0(73)
[2022-06-29T05:21:08.924+0000][9][gc,heap     ] GC(21) Survivor regions: 4->3(10)
[2022-06-29T05:21:08.927+0000][9][gc,heap     ] GC(21) Old regions: 19->19
[2022-06-29T05:21:08.928+0000][9][gc,heap     ] GC(21) Archive regions: 2->2
[2022-06-29T05:21:08.929+0000][9][gc,heap     ] GC(21) Humongous regions: 0->0
[2022-06-29T05:21:08.931+0000][9][gc,metaspace] GC(21) Metaspace: 124448K(127744K)->124448K(127744K) NonClass: 107766K(109440K)->107766K(109440K) Class: 16682K(18304K)->16682K(18304K)
[2022-06-29T05:21:08.932+0000][9][gc          ] GC(21) Pause Young (Normal) (G1 Evacuation Pause) 378M->89M(512M) 70.476ms
[2022-06-29T05:21:08.934+0000][9][gc,cpu      ] GC(21) User=0.11s Sys=0.00s Real=0.07s
[2022-06-29T05:21:08.936+0000][9][safepoint   ] Safepoint "G1CollectForAllocation", Time since last: 2608625991 ns, Reaching safepoint: 359576 ns, At safepoint: 73753802 ns, Total: 74113378 ns
[2022-06-29T05:21:09.939+0000][9][safepoint   ] Safepoint "Cleanup", Time since last: 1002017680 ns, Reaching safepoint: 1584327 ns, At safepoint: 23866 ns, Total: 1608193 ns
[2022-06-29T05:21:10.943+0000][9][safepoint   ] Safepoint "Cleanup", Time since last: 1003991354 ns, Reaching safepoint: 114177 ns, At safepoint: 6481 ns, Total: 120658 ns
[2022-06-29T05:21:11.945+0000][9][safepoint   ] Safepoint "Cleanup", Time since last: 1001172412 ns, Reaching safepoint: 101484 ns, At safepoint: 5615 ns, Total: 107099 ns
[2022-06-29T05:21:12.946+0000][9][safepoint   ] Safepoint "Cleanup", Time since last: 1001502834 ns, Reaching safepoint: 248754 ns, At safepoint: 11576 ns, Total: 260330 ns
[2022-06-29T05:21:14.949+0000][9][safepoint   ] Safepoint "Cleanup", Time since last: 2001549819 ns, Reaching safepoint: 589781 ns, At safepoint: 20357 ns, Total: 610138 ns
[2022-06-29T05:21:15.951+0000][9][safepoint   ] Safepoint "Cleanup", Time since last: 1002679096 ns, Reaching safepoint: 162738 ns, At safepoint: 5151 ns, Total: 167889 ns
[2022-06-29T05:21:16.956+0000][9][safepoint   ] Safepoint "Cleanup", Time since last: 1004040900 ns, Reaching safepoint: 289693 ns, At safepoint: 17223 ns, Total: 306916 ns
[2022-06-29T05:21:17.958+0000][9][safepoint   ] Safepoint "Cleanup", Time since last: 1001561330 ns, Reaching safepoint: 199136 ns, At safepoint: 10310 ns, Total: 209446 ns
[2022-06-29T05:21:19.960+0000][9][safepoint   ] Safepoint "Cleanup", Time since last: 2001935438 ns, Reaching safepoint: 584275 ns, At safepoint: 14989 ns, Total: 599264 ns
[2022-06-29T05:21:20.963+0000][9][safepoint   ] Safepoint "Cleanup", Time since last: 1003088646 ns, Reaching safepoint: 214045 ns, At safepoint: 16330 ns, Total: 230375 ns
[2022-06-29T05:21:21.966+0000][9][safepoint   ] Safepoint "Cleanup", Time since last: 1002432683 ns, Reaching safepoint: 142280 ns, At safepoint: 7440 ns, Total: 149720 ns
[2022-06-29T05:21:23.969+0000][9][safepoint   ] Safepoint "Cleanup", Time since last: 2003382036 ns, Reaching safepoint: 162181 ns, At safepoint: 6244 ns, Total: 168425 ns
[2022-06-29T05:21:24.972+0000][9][safepoint   ] Safepoint "Cleanup", Time since last: 1002078668 ns, Reaching safepoint: 183555 ns, At safepoint: 11880 ns, Total: 195435 ns
[2022-06-29T05:21:25.975+0000][9][safepoint   ] Safepoint "Cleanup", Time since last: 1002600202 ns, Reaching safepoint: 200297 ns, At safepoint: 11595 ns, Total: 211892 ns
[2022-06-29T05:21:26.977+0000][9][safepoint   ] Safepoint "Cleanup", Time since last: 1002259334 ns, Reaching safepoint: 179026 ns, At safepoint: 15259 ns, Total: 194285 ns
[2022-06-29T05:21:27.980+0000][9][safepoint   ] Safepoint "Cleanup", Time since last: 1002605997 ns, Reaching safepoint: 157175 ns, At safepoint: 10437 ns, Total: 167612 ns
[2022-06-29T05:21:28.983+0000][9][safepoint   ] Safepoint "Cleanup", Time since last: 1002561288 ns, Reaching safepoint: 175091 ns, At safepoint: 22678 ns, Total: 197769 ns
[2022-06-29T05:21:29.985+0000][9][safepoint   ] Safepoint "Cleanup", Time since last: 1002084989 ns, Reaching safepoint: 124610 ns, At safepoint: 3405 ns, Total: 128015 ns
[2022-06-29T05:21:32.987+0000][9][safepoint   ] Safepoint "Cleanup", Time since last: 3002401601 ns, Reaching safepoint: 256945 ns, At safepoint: 41740 ns, Total: 298685 ns
[2022-06-29T05:21:33.990+0000][9][safepoint   ] Safepoint "Cleanup", Time since last: 1002395272 ns, Reaching safepoint: 132533 ns, At safepoint: 7879 ns, Total: 140412 ns
[2022-06-29T05:21:34.992+0000][9][safepoint   ] Safepoint "Cleanup", Time since last: 1001656247 ns, Reaching safepoint: 79542 ns, At safepoint: 4404 ns, Total: 83946 ns
[2022-06-29T05:21:36.910+0000][9][safepoint   ] Safepoint "Cleanup", Time since last: 1934175941 ns, Reaching safepoint: 188107 ns, At safepoint: 7492 ns, Total: 195599 ns
[2022-06-29T05:21:37.912+0000][9][safepoint   ] Safepoint "Cleanup", Time since last: 1002185085 ns, Reaching safepoint: 126002 ns, At safepoint: 7535 ns, Total: 133537 ns
[2022-06-29T05:21:38.914+0000][9][safepoint   ] Safepoint "Cleanup", Time since last: 1001992091 ns, Reaching safepoint: 61774 ns, At safepoint: 4623 ns, Total: 66397 ns
[2022-06-29T05:21:39.918+0000][9][safepoint   ] Safepoint "Cleanup", Time since last: 1004084361 ns, Reaching safepoint: 191648 ns, At safepoint: 31998 ns, Total: 223646 ns
[2022-06-29T05:21:41.921+0000][9][safepoint   ] Safepoint "Cleanup", Time since last: 2002352294 ns, Reaching safepoint: 134967 ns, At safepoint: 6746 ns, Total: 141713 ns
[2022-06-29T05:21:44.927+0000][9][safepoint   ] Safepoint "Cleanup", Time since last: 3005795260 ns, Reaching safepoint: 531118 ns, At safepoint: 38450 ns, Total: 569568 ns
[2022-06-29T05:21:45.979+0000][9][safepoint   ] Safepoint "Cleanup", Time since last: 1051069792 ns, Reaching safepoint: 130127 ns, At safepoint: 574075 ns, Total: 704202 ns
[2022-06-29T05:21:47.988+0000][9][safepoint   ] Safepoint "Cleanup", Time since last: 2008463529 ns, Reaching safepoint: 222421 ns, At safepoint: 38544 ns, Total: 260965 ns
[2022-06-29T05:21:49.000+0000][9][safepoint   ] Safepoint "Cleanup", Time since last: 1012225882 ns, Reaching safepoint: 83156 ns, At safepoint: 5164 ns, Total: 88320 ns
[2022-06-29T05:21:50.003+0000][9][safepoint   ] Safepoint "Cleanup", Time since last: 1002775626 ns, Reaching safepoint: 222527 ns, At safepoint: 9311 ns, Total: 231838 ns
[2022-06-29T05:21:51.006+0000][9][safepoint   ] Safepoint "Cleanup", Time since last: 1001678443 ns, Reaching safepoint: 1363295 ns, At safepoint: 16604 ns, Total: 1379899 ns
[2022-06-29T05:21:52.011+0000][9][safepoint   ] Safepoint "Cleanup", Time since last: 1004336081 ns, Reaching safepoint: 55403 ns, At safepoint: 3247 ns, Total: 58650 ns
[2022-06-29T05:21:53.012+0000][9][safepoint   ] Safepoint "Cleanup", Time since last: 1001789808 ns, Reaching safepoint: 78269 ns, At safepoint: 5526 ns, Total: 83795 ns
[2022-06-29T05:21:54.014+0000][9][safepoint   ] Safepoint "Cleanup", Time since last: 1001541612 ns, Reaching safepoint: 70180 ns, At safepoint: 4350 ns, Total: 74530 ns
[2022-06-29T05:21:55.016+0000][9][safepoint   ] Safepoint "Cleanup", Time since last: 1002098448 ns, Reaching safepoint: 66548 ns, At safepoint: 4794 ns, Total: 71342 ns
[2022-06-29T05:21:56.978+0000][9][safepoint   ] Safepoint "Cleanup", Time since last: 1961636752 ns, Reaching safepoint: 152412 ns, At safepoint: 25052 ns, Total: 177464 ns
[2022-06-29T05:21:57.981+0000][9][safepoint   ] Safepoint "Cleanup", Time since last: 1001899665 ns, Reaching safepoint: 1387041 ns, At safepoint: 14408 ns, Total: 1401449 ns
[2022-06-29T05:21:59.988+0000][9][safepoint   ] Safepoint "Cleanup", Time since last: 2006636656 ns, Reaching safepoint: 177789 ns, At safepoint: 8166 ns, Total: 185955 ns
[2022-06-29T05:22:00.991+0000][9][safepoint   ] Safepoint "Cleanup", Time since last: 1002730480 ns, Reaching safepoint: 169403 ns, At safepoint: 15315 ns, Total: 184718 ns
[2022-06-29T05:22:02.995+0000][9][safepoint   ] Safepoint "Cleanup", Time since last: 2003815511 ns, Reaching safepoint: 99797 ns, At safepoint: 29837 ns, Total: 129634 ns
[2022-06-29T05:22:03.997+0000][9][safepoint   ] Safepoint "Cleanup", Time since last: 1001330784 ns, Reaching safepoint: 288623 ns, At safepoint: 16232 ns, Total: 304855 ns
[2022-06-29T05:22:05.998+0000][9][safepoint   ] Safepoint "Cleanup", Time since last: 2001629797 ns, Reaching safepoint: 109386 ns, At safepoint: 5694 ns, Total: 115080 ns
[2022-06-29T05:22:08.981+0000][9][safepoint   ] Safepoint "Cleanup", Time since last: 3002894765 ns, Reaching safepoint: 83081 ns, At safepoint: 3719 ns, Total: 86800 ns
[2022-06-29T05:22:09.992+0000][9][safepoint   ] Safepoint "Cleanup", Time since last: 1011317866 ns, Reaching safepoint: 400510 ns, At safepoint: 22396 ns, Total: 422906 ns
[2022-06-29T05:22:10.995+0000][9][safepoint   ] Safepoint "Cleanup", Time since last: 1002973195 ns, Reaching safepoint: 78256 ns, At safepoint: 5981 ns, Total: 84237 ns
[2022-06-29T05:22:11.996+0000][9][safepoint   ] Safepoint "Cleanup", Time since last: 1000887574 ns, Reaching safepoint: 92062 ns, At safepoint: 5021 ns, Total: 97083 ns
[2022-06-29T05:22:15.006+0000][9][safepoint   ] Safepoint "Cleanup", Time since last: 3003211935 ns, Reaching safepoint: 6775429 ns, At safepoint: 76548 ns, Total: 6851977 ns
[2022-06-29T05:22:16.022+0000][9][safepoint   ] Safepoint "Cleanup", Time since last: 1015472827 ns, Reaching safepoint: 369564 ns, At safepoint: 128516 ns, Total: 498080 ns
[2022-06-29T05:22:18.076+0000][9][safepoint   ] Safepoint "Cleanup", Time since last: 2053074636 ns, Reaching safepoint: 79477 ns, At safepoint: 6139 ns, Total: 85616 ns
[2022-06-29T05:22:21.081+0000][9][safepoint   ] Safepoint "Cleanup", Time since last: 3005517453 ns, Reaching safepoint: 149249 ns, At safepoint: 8991 ns, Total: 158240 ns
[2022-06-29T05:22:22.085+0000][9][safepoint   ] Safepoint "Cleanup", Time since last: 1003853741 ns, Reaching safepoint: 136988 ns, At safepoint: 13806 ns, Total: 150794 ns
[2022-06-29T05:22:23.087+0000][9][safepoint   ] Safepoint "Cleanup", Time since last: 1001691122 ns, Reaching safepoint: 71128 ns, At safepoint: 5558 ns, Total: 76686 ns
[2022-06-29T05:22:24.107+0000][9][safepoint   ] Safepoint "Cleanup", Time since last: 1019496756 ns, Reaching safepoint: 69863 ns, At safepoint: 4710 ns, Total: 74573 ns
[2022-06-29T05:22:25.111+0000][9][safepoint   ] Safepoint "Cleanup", Time since last: 1004429677 ns, Reaching safepoint: 101006 ns, At safepoint: 5297 ns, Total: 106303 ns
[2022-06-29T05:22:26.115+0000][9][safepoint   ] Safepoint "Cleanup", Time since last: 1003434829 ns, Reaching safepoint: 66491 ns, At safepoint: 4439 ns, Total: 70930 ns
[2022-06-29T05:22:27.116+0000][9][safepoint   ] Safepoint "Cleanup", Time since last: 1001349029 ns, Reaching safepoint: 159518 ns, At safepoint: 13475 ns, Total: 172993 ns
[2022-06-29T05:22:28.133+0000][9][safepoint   ] Safepoint "Cleanup", Time since last: 1016883042 ns, Reaching safepoint: 120261 ns, At safepoint: 5887 ns, Total: 126148 ns
[2022-06-29T05:22:29.135+0000][9][safepoint   ] Safepoint "Cleanup", Time since last: 1002128206 ns, Reaching safepoint: 68947 ns, At safepoint: 3136 ns, Total: 72083 ns
[2022-06-29T05:22:32.139+0000][9][safepoint   ] Safepoint "Cleanup", Time since last: 3003304275 ns, Reaching safepoint: 329336 ns, At safepoint: 40362 ns, Total: 369698 ns
[2022-06-29T05:22:33.145+0000][9][safepoint   ] Safepoint "Cleanup", Time since last: 1005937613 ns, Reaching safepoint: 79646 ns, At safepoint: 3719 ns, Total: 83365 ns
[2022-06-29T05:22:34.148+0000][9][safepoint   ] Safepoint "Cleanup", Time since last: 1002495797 ns, Reaching safepoint: 149532 ns, At safepoint: 30402 ns, Total: 179934 ns
[2022-06-29T05:22:36.200+0000][9][safepoint   ] Safepoint "Cleanup", Time since last: 2022899852 ns, Reaching safepoint: 9121808 ns, At safepoint: 23163 ns, Total: 9144971 ns
[2022-06-29T05:22:39.291+0000][9][safepoint   ] Safepoint "Cleanup", Time since last: 3134922630 ns, Reaching safepoint: 100194 ns, At safepoint: 5392 ns, Total: 105586 ns
[2022-06-29T05:22:40.296+0000][9][safepoint   ] Safepoint "Cleanup", Time since last: 1004170978 ns, Reaching safepoint: 439812 ns, At safepoint: 43327 ns, Total: 483139 ns
[2022-06-29T05:22:42.378+0000][9][safepoint   ] Safepoint "Cleanup", Time since last: 2017939642 ns, Reaching safepoint: 37237339 ns, At safepoint: 20767084 ns, Total: 58004423 ns
[2022-06-29T05:22:44.440+0000][9][safepoint   ] Safepoint "Cleanup", Time since last: 2067249820 ns, Reaching safepoint: 491544 ns, At safepoint: 33269 ns, Total: 524813 ns
[2022-06-29T05:22:45.459+0000][9][safepoint   ] Safepoint "Cleanup", Time since last: 1018887310 ns, Reaching safepoint: 92794 ns, At safepoint: 9353 ns, Total: 102147 ns
[2022-06-29T05:22:46.488+0000][9][safepoint   ] Safepoint "Cleanup", Time since last: 1029611333 ns, Reaching safepoint: 102672 ns, At safepoint: 7014 ns, Total: 109686 ns
[2022-06-29T05:22:48.494+0000][9][safepoint   ] Safepoint "Cleanup", Time since last: 2005555496 ns, Reaching safepoint: 147517 ns, At safepoint: 14378 ns, Total: 161895 ns
[2022-06-29T05:22:50.506+0000][9][safepoint   ] Safepoint "Cleanup", Time since last: 2011351423 ns, Reaching safepoint: 59601 ns, At safepoint: 2628 ns, Total: 62229 ns
[2022-06-29T05:22:51.072+0000][9][gc,start    ] GC(22) Pause Young (Normal) (G1 Evacuation Pause)
[2022-06-29T05:22:51.073+0000][9][gc,task     ] GC(22) Using 4 workers of 4 for evacuation
[2022-06-29T05:22:51.074+0000][9][gc,age      ] GC(22) Desired survivor size 20971520 bytes, new threshold 15 (max threshold 15)
[2022-06-29T05:22:51.152+0000][9][gc,phases   ] GC(22)   Pre Evacuate Collection Set: 0.2ms
[2022-06-29T05:22:51.153+0000][9][gc,phases   ] GC(22)   Merge Heap Roots: 0.7ms
[2022-06-29T05:22:51.155+0000][9][gc,phases   ] GC(22)   Evacuate Collection Set: 63.4ms
[2022-06-29T05:22:51.157+0000][9][gc,phases   ] GC(22)   Post Evacuate Collection Set: 10.0ms
[2022-06-29T05:22:51.158+0000][9][gc,phases   ] GC(22)   Other: 3.9ms
[2022-06-29T05:22:51.161+0000][9][gc,age      ] GC(22) Age table with threshold 15 (max threshold 15)
[2022-06-29T05:22:51.173+0000][9][gc,age      ] GC(22) - age   1:    1823624 bytes,    1823624 total
[2022-06-29T05:22:51.178+0000][9][gc,age      ] GC(22) - age   2:     789376 bytes,    2613000 total
[2022-06-29T05:22:51.182+0000][9][gc,age      ] GC(22) - age   3:    6310664 bytes,    8923664 total
[2022-06-29T05:22:51.183+0000][9][gc,age      ] GC(22) - age   4:    2116040 bytes,   11039704 total
[2022-06-29T05:22:51.186+0000][9][gc,age      ] GC(22) - age   5:     880992 bytes,   11920696 total
[2022-06-29T05:22:51.188+0000][9][gc,heap     ] GC(22) Eden regions: 73->0(73)
[2022-06-29T05:22:51.189+0000][9][gc,heap     ] GC(22) Survivor regions: 3->3(10)
[2022-06-29T05:22:51.193+0000][9][gc,heap     ] GC(22) Old regions: 19->19
[2022-06-29T05:22:51.194+0000][9][gc,heap     ] GC(22) Archive regions: 2->2
[2022-06-29T05:22:51.196+0000][9][gc,heap     ] GC(22) Humongous regions: 0->0
[2022-06-29T05:22:51.197+0000][9][gc,metaspace] GC(22) Metaspace: 125205K(128448K)->125205K(128448K) NonClass: 108522K(110144K)->108522K(110144K) Class: 16683K(18304K)->16683K(18304K)
[2022-06-29T05:22:51.199+0000][9][gc          ] GC(22) Pause Young (Normal) (G1 Evacuation Pause) 381M->89M(512M) 127.075ms
[2022-06-29T05:22:51.200+0000][9][gc,cpu      ] GC(22) User=0.16s Sys=0.01s Real=0.13s
[2022-06-29T05:22:51.202+0000][9][safepoint   ] Safepoint "G1CollectForAllocation", Time since last: 565934713 ns, Reaching safepoint: 196087 ns, At safepoint: 130741879 ns, Total: 130937966 ns
[2022-06-29T05:22:52.209+0000][9][safepoint   ] Safepoint "Cleanup", Time since last: 1006420925 ns, Reaching safepoint: 248106 ns, At safepoint: 15595 ns, Total: 263701 ns
[2022-06-29T05:22:53.211+0000][9][safepoint   ] Safepoint "Cleanup", Time since last: 1001451404 ns, Reaching safepoint: 162855 ns, At safepoint: 7745 ns, Total: 170600 ns
[2022-06-29T05:22:54.218+0000][9][safepoint   ] Safepoint "Cleanup", Time since last: 1007201570 ns, Reaching safepoint: 145979 ns, At safepoint: 9301 ns, Total: 155280 ns
[2022-06-29T05:22:56.223+0000][9][safepoint   ] Safepoint "Cleanup", Time since last: 2004320900 ns, Reaching safepoint: 304210 ns, At safepoint: 24186 ns, Total: 328396 ns
[2022-06-29T05:22:57.225+0000][9][safepoint   ] Safepoint "Cleanup", Time since last: 1001877840 ns, Reaching safepoint: 199697 ns, At safepoint: 12981 ns, Total: 212678 ns
[2022-06-29T05:22:58.254+0000][9][safepoint   ] Safepoint "Cleanup", Time since last: 1023685720 ns, Reaching safepoint: 5591547 ns, At safepoint: 24909 ns, Total: 5616456 ns
[2022-06-29T05:23:00.264+0000][9][safepoint   ] Safepoint "Cleanup", Time since last: 2009544768 ns, Reaching safepoint: 148971 ns, At safepoint: 5083 ns, Total: 154054 ns
[2022-06-29T05:23:03.267+0000][9][safepoint   ] Safepoint "Cleanup", Time since last: 3003175000 ns, Reaching safepoint: 245251 ns, At safepoint: 41228 ns, Total: 286479 ns
[2022-06-29T05:23:04.272+0000][9][safepoint   ] Safepoint "Cleanup", Time since last: 1003952292 ns, Reaching safepoint: 443455 ns, At safepoint: 16253 ns, Total: 459708 ns
[2022-06-29T05:23:05.275+0000][9][safepoint   ] Safepoint "Cleanup", Time since last: 1003362155 ns, Reaching safepoint: 100385 ns, At safepoint: 11068 ns, Total: 111453 ns
[2022-06-29T05:23:06.280+0000][9][safepoint   ] Safepoint "Cleanup", Time since last: 1004219541 ns, Reaching safepoint: 103529 ns, At safepoint: 5918 ns, Total: 109447 ns
[2022-06-29T05:23:09.260+0000][9][safepoint   ] Safepoint "Cleanup", Time since last: 3002297064 ns, Reaching safepoint: 113270 ns, At safepoint: 6197 ns, Total: 119467 ns
[2022-06-29T05:23:11.262+0000][9][safepoint   ] Safepoint "Cleanup", Time since last: 2001994460 ns, Reaching safepoint: 101448 ns, At safepoint: 7622 ns, Total: 109070 ns
[2022-06-29T05:23:15.266+0000][9][safepoint   ] Safepoint "Cleanup", Time since last: 4003583860 ns, Reaching safepoint: 211897 ns, At safepoint: 30304 ns, Total: 242201 ns
[2022-06-29T05:23:16.269+0000][9][safepoint   ] Safepoint "Cleanup", Time since last: 1002303418 ns, Reaching safepoint: 101182 ns, At safepoint: 7853 ns, Total: 109035 ns
[2022-06-29T05:23:18.272+0000][9][safepoint   ] Safepoint "Cleanup", Time since last: 2003593170 ns, Reaching safepoint: 123225 ns, At safepoint: 206048 ns, Total: 329273 ns
[2022-06-29T05:23:21.277+0000][9][safepoint   ] Safepoint "Cleanup", Time since last: 3004670900 ns, Reaching safepoint: 135938 ns, At safepoint: 7518 ns, Total: 143456 ns
[2022-06-29T05:23:23.281+0000][9][safepoint   ] Safepoint "Cleanup", Time since last: 2003243347 ns, Reaching safepoint: 425663 ns, At safepoint: 25644 ns, Total: 451307 ns
[2022-06-29T05:23:24.292+0000][9][safepoint   ] Safepoint "Cleanup", Time since last: 1011142717 ns, Reaching safepoint: 99590 ns, At safepoint: 4153 ns, Total: 103743 ns
[2022-06-29T05:23:27.305+0000][9][safepoint   ] Safepoint "Cleanup", Time since last: 3012263176 ns, Reaching safepoint: 131501 ns, At safepoint: 4900 ns, Total: 136401 ns
[2022-06-29T05:23:29.307+0000][9][safepoint   ] Safepoint "Cleanup", Time since last: 2002448382 ns, Reaching safepoint: 396699 ns, At safepoint: 22237 ns, Total: 418936 ns
[2022-06-29T05:23:30.313+0000][9][safepoint   ] Safepoint "Cleanup", Time since last: 1005331511 ns, Reaching safepoint: 119451 ns, At safepoint: 9753 ns, Total: 129204 ns
[2022-06-29T05:23:31.390+0000][9][safepoint   ] Safepoint "Cleanup", Time since last: 1077372956 ns, Reaching safepoint: 100171 ns, At safepoint: 7914 ns, Total: 108085 ns
[2022-06-29T05:23:33.396+0000][9][safepoint   ] Safepoint "Cleanup", Time since last: 2005524219 ns, Reaching safepoint: 90336 ns, At safepoint: 5902 ns, Total: 96238 ns
[2022-06-29T05:23:34.398+0000][9][safepoint   ] Safepoint "Cleanup", Time since last: 1002229595 ns, Reaching safepoint: 76970 ns, At safepoint: 5580 ns, Total: 82550 ns
[2022-06-29T05:23:36.407+0000][9][safepoint   ] Safepoint "Cleanup", Time since last: 2008584677 ns, Reaching safepoint: 96050 ns, At safepoint: 7361 ns, Total: 103411 ns
[2022-06-29T05:23:38.389+0000][9][safepoint   ] Safepoint "Cleanup", Time since last: 2004604871 ns, Reaching safepoint: 71255 ns, At safepoint: 4374 ns, Total: 75629 ns
[2022-06-29T05:23:39.391+0000][9][safepoint   ] Safepoint "Cleanup", Time since last: 1002242575 ns, Reaching safepoint: 310642 ns, At safepoint: 177148 ns, Total: 487790 ns
[2022-06-29T05:23:40.396+0000][9][safepoint   ] Safepoint "Cleanup", Time since last: 1004111872 ns, Reaching safepoint: 167034 ns, At safepoint: 7881 ns, Total: 174915 ns
[2022-06-29T05:23:41.398+0000][9][safepoint   ] Safepoint "Cleanup", Time since last: 1002480958 ns, Reaching safepoint: 66129 ns, At safepoint: 3780 ns, Total: 69909 ns
[2022-06-29T05:23:42.406+0000][9][safepoint   ] Safepoint "Cleanup", Time since last: 1007163035 ns, Reaching safepoint: 82995 ns, At safepoint: 6192 ns, Total: 89187 ns
[2022-06-29T05:23:43.409+0000][9][safepoint   ] Safepoint "Cleanup", Time since last: 1003185004 ns, Reaching safepoint: 176526 ns, At safepoint: 12443 ns, Total: 188969 ns
[2022-06-29T05:23:44.420+0000][9][safepoint   ] Safepoint "Cleanup", Time since last: 1011086465 ns, Reaching safepoint: 75276 ns, At safepoint: 3694 ns, Total: 78970 ns
[2022-06-29T05:23:45.422+0000][9][safepoint   ] Safepoint "Cleanup", Time since last: 1001472592 ns, Reaching safepoint: 176698 ns, At safepoint: 12971 ns, Total: 189669 ns
[2022-06-29T05:23:46.425+0000][9][safepoint   ] Safepoint "Cleanup", Time since last: 1002791486 ns, Reaching safepoint: 65749 ns, At safepoint: 3187 ns, Total: 68936 ns
[2022-06-29T05:23:48.430+0000][9][safepoint   ] Safepoint "Cleanup", Time since last: 2002354765 ns, Reaching safepoint: 2945876 ns, At safepoint: 42200 ns, Total: 2988076 ns
[2022-06-29T05:23:49.437+0000][9][safepoint   ] Safepoint "Cleanup", Time since last: 1006777503 ns, Reaching safepoint: 91867 ns, At safepoint: 6248 ns, Total: 98115 ns
[2022-06-29T05:23:50.440+0000][9][safepoint   ] Safepoint "Cleanup", Time since last: 1002737429 ns, Reaching safepoint: 84677 ns, At safepoint: 5371 ns, Total: 90048 ns
[2022-06-29T05:23:51.442+0000][9][safepoint   ] Safepoint "Cleanup", Time since last: 1002016759 ns, Reaching safepoint: 353620 ns, At safepoint: 18101 ns, Total: 371721 ns
[2022-06-29T05:23:54.447+0000][9][safepoint   ] Safepoint "Cleanup", Time since last: 3004651407 ns, Reaching safepoint: 152196 ns, At safepoint: 8395 ns, Total: 160591 ns
[2022-06-29T05:23:57.459+0000][9][safepoint   ] Safepoint "Cleanup", Time since last: 3012028647 ns, Reaching safepoint: 183397 ns, At safepoint: 15476 ns, Total: 198873 ns
[2022-06-29T05:23:58.461+0000][9][safepoint   ] Safepoint "Cleanup", Time since last: 1001698933 ns, Reaching safepoint: 183993 ns, At safepoint: 14205 ns, Total: 198198 ns
[2022-06-29T05:23:59.484+0000][9][safepoint   ] Safepoint "Cleanup", Time since last: 1022823274 ns, Reaching safepoint: 603851 ns, At safepoint: 11482 ns, Total: 615333 ns
[2022-06-29T05:24:00.486+0000][9][safepoint   ] Safepoint "Cleanup", Time since last: 1001061093 ns, Reaching safepoint: 75730 ns, At safepoint: 3492 ns, Total: 79222 ns
[2022-06-29T05:24:01.489+0000][9][safepoint   ] Safepoint "Cleanup", Time since last: 1002519389 ns, Reaching safepoint: 1295195 ns, At safepoint: 14457 ns, Total: 1309652 ns
[2022-06-29T05:24:03.492+0000][9][safepoint   ] Safepoint "Cleanup", Time since last: 2002812805 ns, Reaching safepoint: 236565 ns, At safepoint: 14054 ns, Total: 250619 ns
[2022-06-29T05:24:06.496+0000][9][safepoint   ] Safepoint "Cleanup", Time since last: 3003487602 ns, Reaching safepoint: 129414 ns, At safepoint: 5888 ns, Total: 135302 ns
[2022-06-29T05:24:07.478+0000][9][safepoint   ] Safepoint "Cleanup", Time since last: 1001611782 ns, Reaching safepoint: 102487 ns, At safepoint: 6943 ns, Total: 109430 ns
[2022-06-29T05:24:09.480+0000][9][safepoint   ] Safepoint "Cleanup", Time since last: 2001611714 ns, Reaching safepoint: 284244 ns, At safepoint: 38925 ns, Total: 323169 ns
[2022-06-29T05:24:11.950+0000][9][safepoint   ] Safepoint "Cleanup", Time since last: 2468884933 ns, Reaching safepoint: 1144454 ns, At safepoint: 45408 ns, Total: 1189862 ns
[2022-06-29T05:24:12.974+0000][9][safepoint   ] Safepoint "Cleanup", Time since last: 1002102046 ns, Reaching safepoint: 21401168 ns, At safepoint: 52279 ns, Total: 21453447 ns
[2022-06-29T05:24:13.982+0000][9][safepoint   ] Safepoint "Cleanup", Time since last: 1008050583 ns, Reaching safepoint: 199782 ns, At safepoint: 13253 ns, Total: 213035 ns
[2022-06-29T05:24:15.197+0000][9][safepoint   ] Safepoint "ICBufferFull", Time since last: 1207501237 ns, Reaching safepoint: 7144794 ns, At safepoint: 96790 ns, Total: 7241584 ns
[2022-06-29T05:24:15.705+0000][9][gc,start    ] GC(23) Pause Young (Normal) (G1 Evacuation Pause)
[2022-06-29T05:24:15.708+0000][9][gc,task     ] GC(23) Using 4 workers of 4 for evacuation
[2022-06-29T05:24:15.725+0000][9][gc,age      ] GC(23) Desired survivor size 20971520 bytes, new threshold 15 (max threshold 15)
[2022-06-29T05:24:15.896+0000][9][gc,phases   ] GC(23)   Pre Evacuate Collection Set: 0.8ms
[2022-06-29T05:24:15.900+0000][9][gc,phases   ] GC(23)   Merge Heap Roots: 1.1ms
[2022-06-29T05:24:15.915+0000][9][gc,phases   ] GC(23)   Evacuate Collection Set: 146.9ms
[2022-06-29T05:24:15.920+0000][9][gc,phases   ] GC(23)   Post Evacuate Collection Set: 6.8ms
[2022-06-29T05:24:15.925+0000][9][gc,phases   ] GC(23)   Other: 31.7ms
[2022-06-29T05:24:15.926+0000][9][gc,age      ] GC(23) Age table with threshold 15 (max threshold 15)
[2022-06-29T05:24:15.928+0000][9][gc,age      ] GC(23) - age   1:    3476168 bytes,    3476168 total
[2022-06-29T05:24:15.929+0000][9][gc,age      ] GC(23) - age   2:      36544 bytes,    3512712 total
[2022-06-29T05:24:15.930+0000][9][gc,age      ] GC(23) - age   3:     582968 bytes,    4095680 total
[2022-06-29T05:24:15.932+0000][9][gc,age      ] GC(23) - age   4:    6289000 bytes,   10384680 total
[2022-06-29T05:24:15.939+0000][9][gc,age      ] GC(23) - age   5:    2112528 bytes,   12497208 total
[2022-06-29T05:24:15.949+0000][9][gc,age      ] GC(23) - age   6:     880688 bytes,   13377896 total
[2022-06-29T05:24:15.953+0000][9][gc,heap     ] GC(23) Eden regions: 73->0(72)
[2022-06-29T05:24:15.957+0000][9][gc,heap     ] GC(23) Survivor regions: 3->4(10)
[2022-06-29T05:24:15.961+0000][9][gc,heap     ] GC(23) Old regions: 19->19
[2022-06-29T05:24:15.969+0000][9][gc,heap     ] GC(23) Archive regions: 2->2
[2022-06-29T05:24:15.973+0000][9][gc,heap     ] GC(23) Humongous regions: 0->0
[2022-06-29T05:24:15.975+0000][9][gc,metaspace] GC(23) Metaspace: 126863K(130112K)->126863K(130112K) NonClass: 109999K(111680K)->109999K(111680K) Class: 16863K(18432K)->16863K(18432K)
[2022-06-29T05:24:15.977+0000][9][gc          ] GC(23) Pause Young (Normal) (G1 Evacuation Pause) 381M->91M(512M) 272.146ms
[2022-06-29T05:24:15.981+0000][9][gc,cpu      ] GC(23) User=0.32s Sys=0.06s Real=0.28s
[2022-06-29T05:24:15.998+0000][9][safepoint   ] Safepoint "G1CollectForAllocation", Time since last: 505085656 ns, Reaching safepoint: 2859426 ns, At safepoint: 293030681 ns, Total: 295890107 ns
[2022-06-29T05:24:17.023+0000][9][safepoint   ] Safepoint "Cleanup", Time since last: 1015982615 ns, Reaching safepoint: 9109233 ns, At safepoint: 50554 ns, Total: 9159787 ns
[2022-06-29T05:24:18.028+0000][9][safepoint   ] Safepoint "Cleanup", Time since last: 1002877886 ns, Reaching safepoint: 2338281 ns, At safepoint: 21828 ns, Total: 2360109 ns
[2022-06-29T05:24:19.054+0000][9][safepoint   ] Safepoint "Cleanup", Time since last: 1025632429 ns, Reaching safepoint: 259435 ns, At safepoint: 14114 ns, Total: 273549 ns
[2022-06-29T05:24:20.057+0000][9][safepoint   ] Safepoint "Cleanup", Time since last: 1002867980 ns, Reaching safepoint: 117286 ns, At safepoint: 7810 ns, Total: 125096 ns
[2022-06-29T05:24:21.070+0000][9][safepoint   ] Safepoint "Cleanup", Time since last: 1012897313 ns, Reaching safepoint: 469195 ns, At safepoint: 34211 ns, Total: 503406 ns
[2022-06-29T05:24:22.072+0000][9][safepoint   ] Safepoint "Cleanup", Time since last: 1001392370 ns, Reaching safepoint: 150860 ns, At safepoint: 7118 ns, Total: 157978 ns
[2022-06-29T05:24:24.073+0000][9][safepoint   ] Safepoint "Cleanup", Time since last: 2001419982 ns, Reaching safepoint: 157350 ns, At safepoint: 5775 ns, Total: 163125 ns
[2022-06-29T05:24:25.075+0000][9][safepoint   ] Safepoint "Cleanup", Time since last: 1001133910 ns, Reaching safepoint: 99759 ns, At safepoint: 7046 ns, Total: 106805 ns
[2022-06-29T05:24:26.079+0000][9][safepoint   ] Safepoint "Cleanup", Time since last: 1003807381 ns, Reaching safepoint: 185068 ns, At safepoint: 9616 ns, Total: 194684 ns
[2022-06-29T05:24:27.085+0000][9][safepoint   ] Safepoint "Cleanup", Time since last: 1006416318 ns, Reaching safepoint: 151200 ns, At safepoint: 5755 ns, Total: 156955 ns
[2022-06-29T05:24:29.090+0000][9][safepoint   ] Safepoint "Cleanup", Time since last: 2004647555 ns, Reaching safepoint: 117168 ns, At safepoint: 3724 ns, Total: 120892 ns
[2022-06-29T05:24:30.092+0000][9][safepoint   ] Safepoint "Cleanup", Time since last: 1000998426 ns, Reaching safepoint: 1127265 ns, At safepoint: 119226 ns, Total: 1246491 ns
[2022-06-29T05:24:31.093+0000][9][safepoint   ] Safepoint "Cleanup", Time since last: 1001065348 ns, Reaching safepoint: 134090 ns, At safepoint: 4676 ns, Total: 138766 ns
[2022-06-29T05:24:33.095+0000][9][safepoint   ] Safepoint "Cleanup", Time since last: 2001705453 ns, Reaching safepoint: 90338 ns, At safepoint: 5516 ns, Total: 95854 ns
[2022-06-29T05:24:34.097+0000][9][safepoint   ] Safepoint "Cleanup", Time since last: 1001364582 ns, Reaching safepoint: 101568 ns, At safepoint: 3636 ns, Total: 105204 ns
[2022-06-29T05:24:35.098+0000][9][safepoint   ] Safepoint "Cleanup", Time since last: 1001343683 ns, Reaching safepoint: 150457 ns, At safepoint: 8657 ns, Total: 159114 ns
[2022-06-29T05:24:36.452+0000][9][safepoint   ] Safepoint "Cleanup", Time since last: 1351624141 ns, Reaching safepoint: 2223306 ns, At safepoint: 90455 ns, Total: 2313761 ns
[2022-06-29T05:24:39.434+0000][9][safepoint   ] Safepoint "Cleanup", Time since last: 3003053918 ns, Reaching safepoint: 255173 ns, At safepoint: 19483 ns, Total: 274656 ns
[2022-06-29T05:24:40.439+0000][9][safepoint   ] Safepoint "Cleanup", Time since last: 1004389752 ns, Reaching safepoint: 132445 ns, At safepoint: 11087 ns, Total: 143532 ns
[2022-06-29T05:24:42.450+0000][9][safepoint   ] Safepoint "Cleanup", Time since last: 2010707356 ns, Reaching safepoint: 326632 ns, At safepoint: 26493 ns, Total: 353125 ns
[2022-06-29T05:24:43.454+0000][9][safepoint   ] Safepoint "Cleanup", Time since last: 1003814890 ns, Reaching safepoint: 70832 ns, At safepoint: 5971 ns, Total: 76803 ns
[2022-06-29T05:24:45.463+0000][9][safepoint   ] Safepoint "Cleanup", Time since last: 2008852186 ns, Reaching safepoint: 222256 ns, At safepoint: 13987 ns, Total: 236243 ns
[2022-06-29T05:24:47.920+0000][9][safepoint   ] Safepoint "Cleanup", Time since last: 2457122933 ns, Reaching safepoint: 383829 ns, At safepoint: 71043 ns, Total: 454872 ns
[2022-06-29T05:24:49.922+0000][9][safepoint   ] Safepoint "Cleanup", Time since last: 2001570394 ns, Reaching safepoint: 149438 ns, At safepoint: 102896 ns, Total: 252334 ns
[2022-06-29T05:24:52.959+0000][9][safepoint   ] Safepoint "Cleanup", Time since last: 3004225957 ns, Reaching safepoint: 23701661 ns, At safepoint: 59345 ns, Total: 23761006 ns
[2022-06-29T05:24:53.986+0000][9][safepoint   ] Safepoint "Cleanup", Time since last: 1032777927 ns, Reaching safepoint: 2882980 ns, At safepoint: 804826 ns, Total: 3687806 ns
[2022-06-29T05:24:55.030+0000][9][safepoint   ] Safepoint "Cleanup", Time since last: 1043729977 ns, Reaching safepoint: 123486 ns, At safepoint: 5026 ns, Total: 128512 ns
[2022-06-29T05:24:56.065+0000][9][safepoint   ] Safepoint "Cleanup", Time since last: 1035072041 ns, Reaching safepoint: 66668 ns, At safepoint: 3715 ns, Total: 70383 ns
[2022-06-29T05:24:57.233+0000][9][safepoint   ] Safepoint "Cleanup", Time since last: 1167690473 ns, Reaching safepoint: 144991 ns, At safepoint: 9125 ns, Total: 154116 ns
[2022-06-29T05:24:58.246+0000][9][safepoint   ] Safepoint "Cleanup", Time since last: 1012736574 ns, Reaching safepoint: 109956 ns, At safepoint: 4021 ns, Total: 113977 ns
[2022-06-29T05:25:00.378+0000][9][safepoint   ] Safepoint "Cleanup", Time since last: 2126211471 ns, Reaching safepoint: 3149617 ns, At safepoint: 2675566 ns, Total: 5825183 ns
[2022-06-29T05:25:01.403+0000][9][safepoint   ] Safepoint "Cleanup", Time since last: 1024664500 ns, Reaching safepoint: 80903 ns, At safepoint: 6260 ns, Total: 87163 ns
[2022-06-29T05:25:03.531+0000][9][safepoint   ] Safepoint "Cleanup", Time since last: 2127661637 ns, Reaching safepoint: 136613 ns, At safepoint: 6799 ns, Total: 143412 ns
[2022-06-29T05:25:06.893+0000][9][safepoint   ] Safepoint "Cleanup", Time since last: 3379812966 ns, Reaching safepoint: 3239601 ns, At safepoint: 29999 ns, Total: 3269600 ns
[2022-06-29T05:25:09.902+0000][9][safepoint   ] Safepoint "Cleanup", Time since last: 3008796014 ns, Reaching safepoint: 140183 ns, At safepoint: 14361 ns, Total: 154544 ns
[2022-06-29T05:25:10.904+0000][9][safepoint   ] Safepoint "Cleanup", Time since last: 1001563430 ns, Reaching safepoint: 875316 ns, At safepoint: 18457 ns, Total: 893773 ns
[2022-06-29T05:25:11.917+0000][9][safepoint   ] Safepoint "Cleanup", Time since last: 1007070775 ns, Reaching safepoint: 5877043 ns, At safepoint: 21501 ns, Total: 5898544 ns
[2022-06-29T05:25:12.923+0000][9][safepoint   ] Safepoint "Cleanup", Time since last: 1005689207 ns, Reaching safepoint: 76343 ns, At safepoint: 4056 ns, Total: 80399 ns
[2022-06-29T05:25:13.195+0000][9][gc,start    ] GC(24) Pause Young (Normal) (G1 Evacuation Pause)
[2022-06-29T05:25:13.200+0000][9][gc,task     ] GC(24) Using 4 workers of 4 for evacuation
[2022-06-29T05:25:13.202+0000][9][gc,age      ] GC(24) Desired survivor size 20971520 bytes, new threshold 15 (max threshold 15)
[2022-06-29T05:25:13.320+0000][9][gc,phases   ] GC(24)   Pre Evacuate Collection Set: 1.3ms
[2022-06-29T05:25:13.322+0000][9][gc,phases   ] GC(24)   Merge Heap Roots: 1.1ms
[2022-06-29T05:25:13.324+0000][9][gc,phases   ] GC(24)   Evacuate Collection Set: 101.8ms
[2022-06-29T05:25:13.326+0000][9][gc,phases   ] GC(24)   Post Evacuate Collection Set: 11.7ms
[2022-06-29T05:25:13.328+0000][9][gc,phases   ] GC(24)   Other: 4.5ms
[2022-06-29T05:25:13.335+0000][9][gc,age      ] GC(24) Age table with threshold 15 (max threshold 15)
[2022-06-29T05:25:13.337+0000][9][gc,age      ] GC(24) - age   1:    2582608 bytes,    2582608 total
[2022-06-29T05:25:13.343+0000][9][gc,age      ] GC(24) - age   2:     630712 bytes,    3213320 total
[2022-06-29T05:25:13.344+0000][9][gc,age      ] GC(24) - age   3:      26608 bytes,    3239928 total
[2022-06-29T05:25:13.347+0000][9][gc,age      ] GC(24) - age   4:     447736 bytes,    3687664 total
[2022-06-29T05:25:13.349+0000][9][gc,age      ] GC(24) - age   5:    5188456 bytes,    8876120 total
[2022-06-29T05:25:13.351+0000][9][gc,age      ] GC(24) - age   6:    2111384 bytes,   10987504 total
[2022-06-29T05:25:13.353+0000][9][gc,age      ] GC(24) - age   7:     880528 bytes,   11868032 total
[2022-06-29T05:25:13.358+0000][9][gc,heap     ] GC(24) Eden regions: 72->0(72)
[2022-06-29T05:25:13.361+0000][9][gc,heap     ] GC(24) Survivor regions: 4->4(10)
[2022-06-29T05:25:13.363+0000][9][gc,heap     ] GC(24) Old regions: 19->19
[2022-06-29T05:25:13.386+0000][9][gc,heap     ] GC(24) Archive regions: 2->2
[2022-06-29T05:25:13.392+0000][9][gc,heap     ] GC(24) Humongous regions: 0->0
[2022-06-29T05:25:13.397+0000][9][gc,metaspace] GC(24) Metaspace: 127469K(130688K)->127469K(130688K) NonClass: 110538K(112192K)->110538K(112192K) Class: 16931K(18496K)->16931K(18496K)
[2022-06-29T05:25:13.398+0000][9][gc          ] GC(24) Pause Young (Normal) (G1 Evacuation Pause) 379M->90M(512M) 203.419ms
[2022-06-29T05:25:13.399+0000][9][gc,cpu      ] GC(24) User=0.27s Sys=0.00s Real=0.20s
[2022-06-29T05:25:13.400+0000][9][safepoint   ] Safepoint "G1CollectForAllocation", Time since last: 270495815 ns, Reaching safepoint: 455996 ns, At safepoint: 205940091 ns, Total: 206396087 ns
[2022-06-29T05:25:15.412+0000][9][safepoint   ] Safepoint "Cleanup", Time since last: 2010499526 ns, Reaching safepoint: 1126128 ns, At safepoint: 48449 ns, Total: 1174577 ns
[2022-06-29T05:25:18.420+0000][9][safepoint   ] Safepoint "Cleanup", Time since last: 3006147479 ns, Reaching safepoint: 2296552 ns, At safepoint: 50222 ns, Total: 2346774 ns
[2022-06-29T05:25:20.422+0000][9][safepoint   ] Safepoint "Cleanup", Time since last: 2001849431 ns, Reaching safepoint: 297747 ns, At safepoint: 16990 ns, Total: 314737 ns
[2022-06-29T05:25:21.424+0000][9][safepoint   ] Safepoint "Cleanup", Time since last: 1002116795 ns, Reaching safepoint: 101160 ns, At safepoint: 3441 ns, Total: 104601 ns
[2022-06-29T05:25:22.428+0000][9][safepoint   ] Safepoint "Cleanup", Time since last: 1003327105 ns, Reaching safepoint: 260230 ns, At safepoint: 15616 ns, Total: 275846 ns
[2022-06-29T05:25:25.506+0000][9][safepoint   ] Safepoint "Cleanup", Time since last: 3077411741 ns, Reaching safepoint: 133862 ns, At safepoint: 6397 ns, Total: 140259 ns
[2022-06-29T05:25:27.508+0000][9][safepoint   ] Safepoint "Cleanup", Time since last: 2002474354 ns, Reaching safepoint: 105213 ns, At safepoint: 6681 ns, Total: 111894 ns
[2022-06-29T05:25:28.538+0000][9][safepoint   ] Safepoint "Cleanup", Time since last: 1011596820 ns, Reaching safepoint: 17781524 ns, At safepoint: 77217 ns, Total: 17858741 ns
[2022-06-29T05:25:29.541+0000][9][safepoint   ] Safepoint "Cleanup", Time since last: 1002414210 ns, Reaching safepoint: 736848 ns, At safepoint: 57909 ns, Total: 794757 ns
[2022-06-29T05:25:30.544+0000][9][safepoint   ] Safepoint "Cleanup", Time since last: 1002633625 ns, Reaching safepoint: 246801 ns, At safepoint: 13228 ns, Total: 260029 ns
[2022-06-29T05:25:31.720+0000][9][safepoint   ] Safepoint "Cleanup", Time since last: 1176081618 ns, Reaching safepoint: 213946 ns, At safepoint: 32987 ns, Total: 246933 ns
[2022-06-29T05:25:33.722+0000][9][safepoint   ] Safepoint "Cleanup", Time since last: 2001983795 ns, Reaching safepoint: 160662 ns, At safepoint: 14163 ns, Total: 174825 ns
[2022-06-29T05:25:35.927+0000][9][safepoint   ] Safepoint "Cleanup", Time since last: 2204125614 ns, Reaching safepoint: 261837 ns, At safepoint: 25609 ns, Total: 287446 ns
[2022-06-29T05:25:36.906+0000][9][safepoint   ] Safepoint "Cleanup", Time since last: 1001431522 ns, Reaching safepoint: 112220 ns, At safepoint: 5758 ns, Total: 117978 ns
[2022-06-29T05:25:39.910+0000][9][safepoint   ] Safepoint "Cleanup", Time since last: 3003694757 ns, Reaching safepoint: 149367 ns, At safepoint: 4698 ns, Total: 154065 ns
[2022-06-29T05:25:41.912+0000][9][safepoint   ] Safepoint "Cleanup", Time since last: 2001758352 ns, Reaching safepoint: 127762 ns, At safepoint: 5293 ns, Total: 133055 ns
[2022-06-29T05:25:42.915+0000][9][safepoint   ] Safepoint "Cleanup", Time since last: 1002371584 ns, Reaching safepoint: 695259 ns, At safepoint: 97616 ns, Total: 792875 ns
[2022-06-29T05:25:45.921+0000][9][safepoint   ] Safepoint "Cleanup", Time since last: 3002884968 ns, Reaching safepoint: 2326362 ns, At safepoint: 66404 ns, Total: 2392766 ns
[2022-06-29T05:25:48.925+0000][9][safepoint   ] Safepoint "Cleanup", Time since last: 3004334210 ns, Reaching safepoint: 131323 ns, At safepoint: 12429 ns, Total: 143752 ns
[2022-06-29T05:25:54.930+0000][9][safepoint   ] Safepoint "Cleanup", Time since last: 6004888178 ns, Reaching safepoint: 87493 ns, At safepoint: 4047 ns, Total: 91540 ns
[2022-06-29T05:25:55.935+0000][9][safepoint   ] Safepoint "Cleanup", Time since last: 1005323128 ns, Reaching safepoint: 126971 ns, At safepoint: 7151 ns, Total: 134122 ns
[2022-06-29T05:25:57.503+0000][9][safepoint   ] Safepoint "Cleanup", Time since last: 1557199817 ns, Reaching safepoint: 10599688 ns, At safepoint: 51619 ns, Total: 10651307 ns
[2022-06-29T05:25:58.524+0000][9][safepoint   ] Safepoint "Cleanup", Time since last: 1020181003 ns, Reaching safepoint: 188056 ns, At safepoint: 6208 ns, Total: 194264 ns
[2022-06-29T05:26:00.525+0000][9][safepoint   ] Safepoint "Cleanup", Time since last: 2001706598 ns, Reaching safepoint: 104536 ns, At safepoint: 5161 ns, Total: 109697 ns
[2022-06-29T05:26:01.547+0000][9][safepoint   ] Safepoint "Cleanup", Time since last: 1021410704 ns, Reaching safepoint: 376306 ns, At safepoint: 46747 ns, Total: 423053 ns
[2022-06-29T05:26:03.557+0000][9][safepoint   ] Safepoint "Cleanup", Time since last: 2009323874 ns, Reaching safepoint: 104122 ns, At safepoint: 6893 ns, Total: 111015 ns
[2022-06-29T05:26:06.561+0000][9][safepoint   ] Safepoint "Cleanup", Time since last: 3003953711 ns, Reaching safepoint: 151745 ns, At safepoint: 12512 ns, Total: 164257 ns
[2022-06-29T05:26:07.577+0000][9][safepoint   ] Safepoint "Cleanup", Time since last: 1038178028 ns, Reaching safepoint: 487424 ns, At safepoint: 7332 ns, Total: 494756 ns
[2022-06-29T05:26:10.618+0000][9][safepoint   ] Safepoint "Cleanup", Time since last: 3040173470 ns, Reaching safepoint: 407378 ns, At safepoint: 32981 ns, Total: 440359 ns
[2022-06-29T05:26:11.714+0000][9][safepoint   ] Safepoint "Cleanup", Time since last: 1096203090 ns, Reaching safepoint: 118351 ns, At safepoint: 5576 ns, Total: 123927 ns
[2022-06-29T05:26:13.596+0000][9][safepoint   ] Safepoint "Cleanup", Time since last: 1881831656 ns, Reaching safepoint: 117549 ns, At safepoint: 5667 ns, Total: 123216 ns
[2022-06-29T05:26:15.606+0000][9][safepoint   ] Safepoint "Cleanup", Time since last: 2009348178 ns, Reaching safepoint: 292130 ns, At safepoint: 14907 ns, Total: 307037 ns
[2022-06-29T05:26:18.612+0000][9][safepoint   ] Safepoint "Cleanup", Time since last: 3006222802 ns, Reaching safepoint: 197752 ns, At safepoint: 5601 ns, Total: 203353 ns
[2022-06-29T05:26:19.630+0000][9][safepoint   ] Safepoint "Cleanup", Time since last: 1017218048 ns, Reaching safepoint: 219878 ns, At safepoint: 33133 ns, Total: 253011 ns
[2022-06-29T05:26:21.638+0000][9][safepoint   ] Safepoint "Cleanup", Time since last: 2008066102 ns, Reaching safepoint: 98269 ns, At safepoint: 8341 ns, Total: 106610 ns
[2022-06-29T05:26:22.705+0000][9][safepoint   ] Safepoint "Cleanup", Time since last: 1067071484 ns, Reaching safepoint: 70398 ns, At safepoint: 4531 ns, Total: 74929 ns
[2022-06-29T05:26:24.716+0000][9][safepoint   ] Safepoint "Cleanup", Time since last: 2010522740 ns, Reaching safepoint: 109799 ns, At safepoint: 9460 ns, Total: 119259 ns
[2022-06-29T05:26:25.720+0000][9][safepoint   ] Safepoint "Cleanup", Time since last: 1004057830 ns, Reaching safepoint: 187849 ns, At safepoint: 13368 ns, Total: 201217 ns
[2022-06-29T05:26:26.723+0000][9][safepoint   ] Safepoint "Cleanup", Time since last: 1002473734 ns, Reaching safepoint: 96707 ns, At safepoint: 5312 ns, Total: 102019 ns
[2022-06-29T05:26:28.727+0000][9][safepoint   ] Safepoint "Cleanup", Time since last: 2004264429 ns, Reaching safepoint: 287593 ns, At safepoint: 12861 ns, Total: 300454 ns
[2022-06-29T05:26:30.729+0000][9][safepoint   ] Safepoint "Cleanup", Time since last: 2001374895 ns, Reaching safepoint: 107780 ns, At safepoint: 2852 ns, Total: 110632 ns
[2022-06-29T05:26:31.730+0000][9][safepoint   ] Safepoint "Cleanup", Time since last: 1001239391 ns, Reaching safepoint: 504284 ns, At safepoint: 14303 ns, Total: 518587 ns
[2022-06-29T05:26:32.732+0000][9][safepoint   ] Safepoint "Cleanup", Time since last: 1001103189 ns, Reaching safepoint: 195278 ns, At safepoint: 6328 ns, Total: 201606 ns
[2022-06-29T05:26:33.733+0000][9][safepoint   ] Safepoint "Cleanup", Time since last: 1001507062 ns, Reaching safepoint: 117835 ns, At safepoint: 6200 ns, Total: 124035 ns
[2022-06-29T05:26:36.773+0000][9][safepoint   ] Safepoint "Cleanup", Time since last: 3038477361 ns, Reaching safepoint: 792565 ns, At safepoint: 108406 ns, Total: 900971 ns
[2022-06-29T05:26:36.768+0000][9][gc,start    ] GC(25) Pause Young (Normal) (G1 Evacuation Pause)
[2022-06-29T05:26:36.770+0000][9][gc,task     ] GC(25) Using 4 workers of 4 for evacuation
[2022-06-29T05:26:36.771+0000][9][gc,age      ] GC(25) Desired survivor size 20971520 bytes, new threshold 15 (max threshold 15)
[2022-06-29T05:26:36.795+0000][9][gc,phases   ] GC(25)   Pre Evacuate Collection Set: 0.1ms
[2022-06-29T05:26:36.796+0000][9][gc,phases   ] GC(25)   Merge Heap Roots: 0.1ms
[2022-06-29T05:26:36.796+0000][9][gc,phases   ] GC(25)   Evacuate Collection Set: 21.2ms
[2022-06-29T05:26:36.797+0000][9][gc,phases   ] GC(25)   Post Evacuate Collection Set: 1.7ms
[2022-06-29T05:26:36.798+0000][9][gc,phases   ] GC(25)   Other: 1.6ms
[2022-06-29T05:26:36.798+0000][9][gc,age      ] GC(25) Age table with threshold 15 (max threshold 15)
[2022-06-29T05:26:36.799+0000][9][gc,age      ] GC(25) - age   1:     917744 bytes,     917744 total
[2022-06-29T05:26:36.800+0000][9][gc,age      ] GC(25) - age   2:    1548400 bytes,    2466144 total
[2022-06-29T05:26:36.802+0000][9][gc,age      ] GC(25) - age   3:     629216 bytes,    3095360 total
[2022-06-29T05:26:36.803+0000][9][gc,age      ] GC(25) - age   4:      26544 bytes,    3121904 total
[2022-06-29T05:26:36.804+0000][9][gc,age      ] GC(25) - age   5:     447608 bytes,    3569512 total
[2022-06-29T05:26:36.804+0000][9][gc,age      ] GC(25) - age   6:    5188328 bytes,    8757840 total
[2022-06-29T05:26:36.805+0000][9][gc,age      ] GC(25) - age   7:    2111384 bytes,   10869224 total
[2022-06-29T05:26:36.806+0000][9][gc,age      ] GC(25) - age   8:     880528 bytes,   11749752 total
[2022-06-29T05:26:36.807+0000][9][gc,heap     ] GC(25) Eden regions: 72->0(72)
[2022-06-29T05:26:36.807+0000][9][gc,heap     ] GC(25) Survivor regions: 4->4(10)
[2022-06-29T05:26:36.808+0000][9][gc,heap     ] GC(25) Old regions: 19->19
[2022-06-29T05:26:36.809+0000][9][gc,heap     ] GC(25) Archive regions: 2->2
[2022-06-29T05:26:36.809+0000][9][gc,heap     ] GC(25) Humongous regions: 0->0
[2022-06-29T05:26:36.810+0000][9][gc,metaspace] GC(25) Metaspace: 127814K(131072K)->127814K(131072K) NonClass: 110883K(112576K)->110883K(112576K) Class: 16931K(18496K)->16931K(18496K)
[2022-06-29T05:26:36.811+0000][9][gc          ] GC(25) Pause Young (Normal) (G1 Evacuation Pause) 378M->90M(512M) 42.697ms
[2022-06-29T05:26:36.811+0000][9][gc,cpu      ] GC(25) User=0.08s Sys=0.00s Real=0.05s
[2022-06-29T05:26:36.812+0000][9][safepoint   ] Safepoint "G1CollectForAllocation", Time since last: 15328562 ns, Reaching safepoint: 310498 ns, At safepoint: 44234090 ns, Total: 44544588 ns
[2022-06-29T05:26:37.816+0000][9][safepoint   ] Safepoint "Cleanup", Time since last: 1003768746 ns, Reaching safepoint: 258612 ns, At safepoint: 48000 ns, Total: 306612 ns
[2022-06-29T05:26:38.818+0000][9][safepoint   ] Safepoint "Cleanup", Time since last: 1001590477 ns, Reaching safepoint: 141427 ns, At safepoint: 12730 ns, Total: 154157 ns
[2022-06-29T05:26:39.942+0000][9][safepoint   ] Safepoint "Cleanup", Time since last: 1124283991 ns, Reaching safepoint: 159938 ns, At safepoint: 8634 ns, Total: 168572 ns
[2022-06-29T05:26:42.947+0000][9][safepoint   ] Safepoint "Cleanup", Time since last: 3004091067 ns, Reaching safepoint: 249558 ns, At safepoint: 39867 ns, Total: 289425 ns
[2022-06-29T05:26:43.949+0000][9][safepoint   ] Safepoint "Cleanup", Time since last: 1002353736 ns, Reaching safepoint: 279189 ns, At safepoint: 7439 ns, Total: 286628 ns
[2022-06-29T05:26:45.951+0000][9][safepoint   ] Safepoint "Cleanup", Time since last: 2001841897 ns, Reaching safepoint: 116526 ns, At safepoint: 5151 ns, Total: 121677 ns
[2022-06-29T05:26:48.956+0000][9][safepoint   ] Safepoint "Cleanup", Time since last: 3004241575 ns, Reaching safepoint: 315756 ns, At safepoint: 22264 ns, Total: 338020 ns
[2022-06-29T05:26:49.959+0000][9][safepoint   ] Safepoint "Cleanup", Time since last: 1003128081 ns, Reaching safepoint: 339287 ns, At safepoint: 14968 ns, Total: 354255 ns
[2022-06-29T05:26:53.962+0000][9][safepoint   ] Safepoint "Cleanup", Time since last: 4002391011 ns, Reaching safepoint: 147585 ns, At safepoint: 7757 ns, Total: 155342 ns
[2022-06-29T05:26:54.963+0000][9][safepoint   ] Safepoint "Cleanup", Time since last: 1001209629 ns, Reaching safepoint: 224328 ns, At safepoint: 9451 ns, Total: 233779 ns
[2022-06-29T05:26:57.965+0000][9][safepoint   ] Safepoint "Cleanup", Time since last: 3001229246 ns, Reaching safepoint: 109078 ns, At safepoint: 4702 ns, Total: 113780 ns
[2022-06-29T05:27:00.966+0000][9][safepoint   ] Safepoint "Cleanup", Time since last: 3001143556 ns, Reaching safepoint: 111538 ns, At safepoint: 7699 ns, Total: 119237 ns
[2022-06-29T05:27:02.125+0000][9][safepoint   ] Safepoint "Cleanup", Time since last: 1158544388 ns, Reaching safepoint: 228863 ns, At safepoint: 20078 ns, Total: 248941 ns
[2022-06-29T05:27:04.127+0000][9][safepoint   ] Safepoint "Cleanup", Time since last: 2002167314 ns, Reaching safepoint: 192014 ns, At safepoint: 164338 ns, Total: 356352 ns
[2022-06-29T05:27:05.128+0000][9][safepoint   ] Safepoint "Cleanup", Time since last: 1000907913 ns, Reaching safepoint: 65950 ns, At safepoint: 2499 ns, Total: 68449 ns
[2022-06-29T05:27:09.106+0000][9][safepoint   ] Safepoint "Cleanup", Time since last: 4002030690 ns, Reaching safepoint: 195312 ns, At safepoint: 55402 ns, Total: 250714 ns
[2022-06-29T05:27:10.113+0000][9][safepoint   ] Safepoint "Cleanup", Time since last: 1006701568 ns, Reaching safepoint: 156309 ns, At safepoint: 16809 ns, Total: 173118 ns
[2022-06-29T05:27:13.115+0000][9][safepoint   ] Safepoint "Cleanup", Time since last: 3001735347 ns, Reaching safepoint: 133082 ns, At safepoint: 7875 ns, Total: 140957 ns
[2022-06-29T05:27:16.117+0000][9][safepoint   ] Safepoint "Cleanup", Time since last: 3001507518 ns, Reaching safepoint: 163855 ns, At safepoint: 6895 ns, Total: 170750 ns
[2022-06-29T05:27:22.121+0000][9][safepoint   ] Safepoint "Cleanup", Time since last: 6004332746 ns, Reaching safepoint: 174831 ns, At safepoint: 9307 ns, Total: 184138 ns
[2022-06-29T05:27:28.128+0000][9][safepoint   ] Safepoint "Cleanup", Time since last: 6006584174 ns, Reaching safepoint: 191347 ns, At safepoint: 6941 ns, Total: 198288 ns
[2022-06-29T05:27:29.132+0000][9][safepoint   ] Safepoint "Cleanup", Time since last: 1003057930 ns, Reaching safepoint: 351795 ns, At safepoint: 64805 ns, Total: 416600 ns
[2022-06-29T05:27:32.134+0000][9][safepoint   ] Safepoint "Cleanup", Time since last: 3002235847 ns, Reaching safepoint: 291467 ns, At safepoint: 4986 ns, Total: 296453 ns
[2022-06-29T05:27:35.207+0000][9][safepoint   ] Safepoint "Cleanup", Time since last: 3072072653 ns, Reaching safepoint: 366834 ns, At safepoint: 116766 ns, Total: 483600 ns
[2022-06-29T05:27:36.217+0000][9][safepoint   ] Safepoint "Cleanup", Time since last: 1010314587 ns, Reaching safepoint: 117586 ns, At safepoint: 4607 ns, Total: 122193 ns
[2022-06-29T05:27:37.202+0000][9][safepoint   ] Safepoint "Cleanup", Time since last: 1003775181 ns, Reaching safepoint: 661814 ns, At safepoint: 11460 ns, Total: 673274 ns
[2022-06-29T05:27:39.204+0000][9][safepoint   ] Safepoint "Cleanup", Time since last: 2001659229 ns, Reaching safepoint: 91765 ns, At safepoint: 6392 ns, Total: 98157 ns
[2022-06-29T05:27:40.206+0000][9][safepoint   ] Safepoint "Cleanup", Time since last: 1002251311 ns, Reaching safepoint: 141458 ns, At safepoint: 12651 ns, Total: 154109 ns
[2022-06-29T05:27:42.208+0000][9][safepoint   ] Safepoint "Cleanup", Time since last: 2001768465 ns, Reaching safepoint: 101756 ns, At safepoint: 6527 ns, Total: 108283 ns
[2022-06-29T05:27:51.217+0000][9][safepoint   ] Safepoint "Cleanup", Time since last: 9009137864 ns, Reaching safepoint: 118290 ns, At safepoint: 6888 ns, Total: 125178 ns
[2022-06-29T05:27:52.219+0000][9][safepoint   ] Safepoint "Cleanup", Time since last: 1001843685 ns, Reaching safepoint: 91698 ns, At safepoint: 3926 ns, Total: 95624 ns
[2022-06-29T05:27:56.223+0000][9][safepoint   ] Safepoint "Cleanup", Time since last: 4003575500 ns, Reaching safepoint: 111033 ns, At safepoint: 6776 ns, Total: 117809 ns
[2022-06-29T05:27:57.226+0000][9][safepoint   ] Safepoint "Cleanup", Time since last: 1003117700 ns, Reaching safepoint: 148078 ns, At safepoint: 7603 ns, Total: 155681 ns
[2022-06-29T05:27:58.228+0000][9][safepoint   ] Safepoint "Cleanup", Time since last: 1002133201 ns, Reaching safepoint: 212344 ns, At safepoint: 13576 ns, Total: 225920 ns
[2022-06-29T05:27:59.231+0000][9][safepoint   ] Safepoint "Cleanup", Time since last: 1002203495 ns, Reaching safepoint: 203824 ns, At safepoint: 11988 ns, Total: 215812 ns
[2022-06-29T05:28:01.234+0000][9][safepoint   ] Safepoint "Cleanup", Time since last: 2002933847 ns, Reaching safepoint: 261578 ns, At safepoint: 11743 ns, Total: 273321 ns
[2022-06-29T05:28:02.236+0000][9][safepoint   ] Safepoint "Cleanup", Time since last: 1001495698 ns, Reaching safepoint: 274907 ns, At safepoint: 11676 ns, Total: 286583 ns
[2022-06-29T05:28:04.244+0000][9][safepoint   ] Safepoint "Cleanup", Time since last: 2007758052 ns, Reaching safepoint: 102533 ns, At safepoint: 4046 ns, Total: 106579 ns
[2022-06-29T05:28:05.246+0000][9][safepoint   ] Safepoint "Cleanup", Time since last: 1002375362 ns, Reaching safepoint: 239064 ns, At safepoint: 57593 ns, Total: 296657 ns
[2022-06-29T05:28:07.227+0000][9][safepoint   ] Safepoint "Cleanup", Time since last: 2001925692 ns, Reaching safepoint: 190610 ns, At safepoint: 8881 ns, Total: 199491 ns
[2022-06-29T05:28:10.230+0000][9][safepoint   ] Safepoint "Cleanup", Time since last: 3003289233 ns, Reaching safepoint: 120941 ns, At safepoint: 6670 ns, Total: 127611 ns
[2022-06-29T05:28:10.461+0000][9][gc,start    ] GC(26) Pause Young (Normal) (G1 Evacuation Pause)
[2022-06-29T05:28:10.462+0000][9][gc,task     ] GC(26) Using 4 workers of 4 for evacuation
[2022-06-29T05:28:10.463+0000][9][gc,age      ] GC(26) Desired survivor size 20971520 bytes, new threshold 15 (max threshold 15)
[2022-06-29T05:28:10.488+0000][9][gc,phases   ] GC(26)   Pre Evacuate Collection Set: 0.2ms
[2022-06-29T05:28:10.489+0000][9][gc,phases   ] GC(26)   Merge Heap Roots: 0.1ms
[2022-06-29T05:28:10.490+0000][9][gc,phases   ] GC(26)   Evacuate Collection Set: 22.4ms
[2022-06-29T05:28:10.490+0000][9][gc,phases   ] GC(26)   Post Evacuate Collection Set: 1.7ms
[2022-06-29T05:28:10.491+0000][9][gc,phases   ] GC(26)   Other: 1.4ms
[2022-06-29T05:28:10.492+0000][9][gc,age      ] GC(26) Age table with threshold 15 (max threshold 15)
[2022-06-29T05:28:10.492+0000][9][gc,age      ] GC(26) - age   1:    1544704 bytes,    1544704 total
[2022-06-29T05:28:10.494+0000][9][gc,age      ] GC(26) - age   2:      17760 bytes,    1562464 total
[2022-06-29T05:28:10.494+0000][9][gc,age      ] GC(26) - age   3:    1547296 bytes,    3109760 total
[2022-06-29T05:28:10.495+0000][9][gc,age      ] GC(26) - age   4:     629152 bytes,    3738912 total
[2022-06-29T05:28:10.496+0000][9][gc,age      ] GC(26) - age   5:      26544 bytes,    3765456 total
[2022-06-29T05:28:10.496+0000][9][gc,age      ] GC(26) - age   6:     447608 bytes,    4213064 total
[2022-06-29T05:28:10.497+0000][9][gc,age      ] GC(26) - age   7:    4996808 bytes,    9209872 total
[2022-06-29T05:28:10.498+0000][9][gc,age      ] GC(26) - age   8:    2099648 bytes,   11309520 total
[2022-06-29T05:28:10.498+0000][9][gc,age      ] GC(26) - age   9:     877688 bytes,   12187208 total
[2022-06-29T05:28:10.499+0000][9][gc,heap     ] GC(26) Eden regions: 72->0(72)
[2022-06-29T05:28:10.501+0000][9][gc,heap     ] GC(26) Survivor regions: 4->4(10)
[2022-06-29T05:28:10.502+0000][9][gc,heap     ] GC(26) Old regions: 19->19
[2022-06-29T05:28:10.505+0000][9][gc,heap     ] GC(26) Archive regions: 2->2
[2022-06-29T05:28:10.509+0000][9][gc,heap     ] GC(26) Humongous regions: 0->0
[2022-06-29T05:28:10.510+0000][9][gc,metaspace] GC(26) Metaspace: 128067K(131328K)->128067K(131328K) NonClass: 111134K(112832K)->111134K(112832K) Class: 16933K(18496K)->16933K(18496K)
[2022-06-29T05:28:10.511+0000][9][gc          ] GC(26) Pause Young (Normal) (G1 Evacuation Pause) 378M->90M(512M) 49.661ms
[2022-06-29T05:28:10.512+0000][9][gc,cpu      ] GC(26) User=0.06s Sys=0.00s Real=0.05s
[2022-06-29T05:28:10.513+0000][9][safepoint   ] Safepoint "G1CollectForAllocation", Time since last: 230968800 ns, Reaching safepoint: 40855 ns, At safepoint: 51503136 ns, Total: 51543991 ns
[2022-06-29T05:28:13.519+0000][9][safepoint   ] Safepoint "Cleanup", Time since last: 3006095162 ns, Reaching safepoint: 262827 ns, At safepoint: 8243 ns, Total: 271070 ns
[2022-06-29T05:28:16.523+0000][9][safepoint   ] Safepoint "Cleanup", Time since last: 3004122110 ns, Reaching safepoint: 152634 ns, At safepoint: 17777 ns, Total: 170411 ns
[2022-06-29T05:28:22.533+0000][9][safepoint   ] Safepoint "Cleanup", Time since last: 6009446945 ns, Reaching safepoint: 287329 ns, At safepoint: 9451 ns, Total: 296780 ns
[2022-06-29T05:28:24.536+0000][9][safepoint   ] Safepoint "Cleanup", Time since last: 2002512401 ns, Reaching safepoint: 150465 ns, At safepoint: 8210 ns, Total: 158675 ns
[2022-06-29T05:28:26.538+0000][9][safepoint   ] Safepoint "Cleanup", Time since last: 2002431476 ns, Reaching safepoint: 342654 ns, At safepoint: 11882 ns, Total: 354536 ns
[2022-06-29T05:28:28.541+0000][9][safepoint   ] Safepoint "Cleanup", Time since last: 2002683297 ns, Reaching safepoint: 282667 ns, At safepoint: 11876 ns, Total: 294543 ns
[2022-06-29T05:28:34.547+0000][9][safepoint   ] Safepoint "Cleanup", Time since last: 6005526786 ns, Reaching safepoint: 266221 ns, At safepoint: 10857 ns, Total: 277078 ns
[2022-06-29T05:28:41.536+0000][9][safepoint   ] Safepoint "Cleanup", Time since last: 7010515621 ns, Reaching safepoint: 187714 ns, At safepoint: 204660 ns, Total: 392374 ns
[2022-06-29T05:28:42.541+0000][9][safepoint   ] Safepoint "Cleanup", Time since last: 1004782098 ns, Reaching safepoint: 180703 ns, At safepoint: 10879 ns, Total: 191582 ns
[2022-06-29T05:28:46.547+0000][9][safepoint   ] Safepoint "Cleanup", Time since last: 4004465607 ns, Reaching safepoint: 1327088 ns, At safepoint: 69144 ns, Total: 1396232 ns
[2022-06-29T05:28:47.552+0000][9][safepoint   ] Safepoint "Cleanup", Time since last: 1004512648 ns, Reaching safepoint: 235728 ns, At safepoint: 26285 ns, Total: 262013 ns
[2022-06-29T05:28:49.556+0000][9][safepoint   ] Safepoint "Cleanup", Time since last: 2003906850 ns, Reaching safepoint: 267352 ns, At safepoint: 24475 ns, Total: 291827 ns
[2022-06-29T05:28:51.560+0000][9][safepoint   ] Safepoint "Cleanup", Time since last: 2003601949 ns, Reaching safepoint: 103720 ns, At safepoint: 3946 ns, Total: 107666 ns
[2022-06-29T05:28:52.563+0000][9][safepoint   ] Safepoint "Cleanup", Time since last: 1002817304 ns, Reaching safepoint: 203275 ns, At safepoint: 6340 ns, Total: 209615 ns
[2022-06-29T05:28:53.566+0000][9][safepoint   ] Safepoint "Cleanup", Time since last: 1003102830 ns, Reaching safepoint: 117836 ns, At safepoint: 7431 ns, Total: 125267 ns
[2022-06-29T05:28:56.570+0000][9][safepoint   ] Safepoint "Cleanup", Time since last: 3004217674 ns, Reaching safepoint: 181745 ns, At safepoint: 4235 ns, Total: 185980 ns
[2022-06-29T05:28:58.574+0000][9][safepoint   ] Safepoint "Cleanup", Time since last: 2003993008 ns, Reaching safepoint: 167701 ns, At safepoint: 6662 ns, Total: 174363 ns
[2022-06-29T05:29:04.586+0000][9][safepoint   ] Safepoint "Cleanup", Time since last: 6011289017 ns, Reaching safepoint: 160599 ns, At safepoint: 17275 ns, Total: 177874 ns
[2022-06-29T05:29:07.567+0000][9][safepoint   ] Safepoint "Cleanup", Time since last: 3002909967 ns, Reaching safepoint: 172067 ns, At safepoint: 12714 ns, Total: 184781 ns
[2022-06-29T05:29:10.571+0000][9][safepoint   ] Safepoint "Cleanup", Time since last: 3003704607 ns, Reaching safepoint: 177155 ns, At safepoint: 5624 ns, Total: 182779 ns
[2022-06-29T05:29:14.575+0000][9][safepoint   ] Safepoint "Cleanup", Time since last: 4003796918 ns, Reaching safepoint: 391310 ns, At safepoint: 34933 ns, Total: 426243 ns
[2022-06-29T05:29:16.586+0000][9][safepoint   ] Safepoint "Cleanup", Time since last: 2009660931 ns, Reaching safepoint: 393119 ns, At safepoint: 25596 ns, Total: 418715 ns
[2022-06-29T05:29:22.600+0000][9][safepoint   ] Safepoint "Cleanup", Time since last: 6014060666 ns, Reaching safepoint: 407592 ns, At safepoint: 35064 ns, Total: 442656 ns
[2022-06-29T05:29:25.604+0000][9][safepoint   ] Safepoint "Cleanup", Time since last: 3004091814 ns, Reaching safepoint: 128344 ns, At safepoint: 3794 ns, Total: 132138 ns
[2022-06-29T05:29:26.608+0000][9][safepoint   ] Safepoint "Cleanup", Time since last: 1003203143 ns, Reaching safepoint: 167552 ns, At safepoint: 4168 ns, Total: 171720 ns
[2022-06-29T05:29:28.612+0000][9][safepoint   ] Safepoint "Cleanup", Time since last: 2004429209 ns, Reaching safepoint: 235137 ns, At safepoint: 17342 ns, Total: 252479 ns
[2022-06-29T05:29:30.623+0000][9][safepoint   ] Safepoint "Cleanup", Time since last: 2010539811 ns, Reaching safepoint: 141691 ns, At safepoint: 14459 ns, Total: 156150 ns
[2022-06-29T05:29:34.630+0000][9][safepoint   ] Safepoint "Cleanup", Time since last: 4006724060 ns, Reaching safepoint: 140550 ns, At safepoint: 7827 ns, Total: 148377 ns
[2022-06-29T05:29:35.632+0000][9][safepoint   ] Safepoint "Cleanup", Time since last: 1001928031 ns, Reaching safepoint: 109890 ns, At safepoint: 5954 ns, Total: 115844 ns
[2022-06-29T05:29:37.614+0000][9][safepoint   ] Safepoint "Cleanup", Time since last: 2003358405 ns, Reaching safepoint: 77071 ns, At safepoint: 3157 ns, Total: 80228 ns
[2022-06-29T05:29:40.618+0000][9][safepoint   ] Safepoint "Cleanup", Time since last: 3003731258 ns, Reaching safepoint: 94820 ns, At safepoint: 5202 ns, Total: 100022 ns
[2022-06-29T05:29:43.635+0000][9][safepoint   ] Safepoint "Cleanup", Time since last: 3016009659 ns, Reaching safepoint: 416462 ns, At safepoint: 110630 ns, Total: 527092 ns
[2022-06-29T05:29:45.898+0000][9][safepoint   ] Safepoint "Cleanup", Time since last: 2263523138 ns, Reaching safepoint: 67407 ns, At safepoint: 30319 ns, Total: 97726 ns
[2022-06-29T05:29:45.905+0000][9][gc,start    ] GC(27) Pause Young (Normal) (G1 Evacuation Pause)
[2022-06-29T05:29:45.907+0000][9][gc,task     ] GC(27) Using 4 workers of 4 for evacuation
[2022-06-29T05:29:45.909+0000][9][gc,age      ] GC(27) Desired survivor size 20971520 bytes, new threshold 15 (max threshold 15)
[2022-06-29T05:29:45.944+0000][9][gc,phases   ] GC(27)   Pre Evacuate Collection Set: 0.2ms
[2022-06-29T05:29:45.945+0000][9][gc,phases   ] GC(27)   Merge Heap Roots: 0.3ms
[2022-06-29T05:29:45.946+0000][9][gc,phases   ] GC(27)   Evacuate Collection Set: 29.0ms
[2022-06-29T05:29:45.946+0000][9][gc,phases   ] GC(27)   Post Evacuate Collection Set: 3.8ms
[2022-06-29T05:29:45.947+0000][9][gc,phases   ] GC(27)   Other: 3.6ms
[2022-06-29T05:29:45.948+0000][9][gc,age      ] GC(27) Age table with threshold 15 (max threshold 15)
[2022-06-29T05:29:45.949+0000][9][gc,age      ] GC(27) - age   1:    2037896 bytes,    2037896 total
[2022-06-29T05:29:45.950+0000][9][gc,age      ] GC(27) - age   2:      26624 bytes,    2064520 total
[2022-06-29T05:29:45.951+0000][9][gc,age      ] GC(27) - age   3:      12760 bytes,    2077280 total
[2022-06-29T05:29:45.951+0000][9][gc,age      ] GC(27) - age   4:    1486360 bytes,    3563640 total
[2022-06-29T05:29:45.952+0000][9][gc,age      ] GC(27) - age   5:     629152 bytes,    4192792 total
[2022-06-29T05:29:45.953+0000][9][gc,age      ] GC(27) - age   6:      26544 bytes,    4219336 total
[2022-06-29T05:29:45.954+0000][9][gc,age      ] GC(27) - age   7:     375688 bytes,    4595024 total
[2022-06-29T05:29:45.956+0000][9][gc,age      ] GC(27) - age   8:    4957480 bytes,    9552504 total
[2022-06-29T05:29:45.958+0000][9][gc,age      ] GC(27) - age   9:    2099040 bytes,   11651544 total
[2022-06-29T05:29:45.958+0000][9][gc,age      ] GC(27) - age  10:     872880 bytes,   12524424 total
[2022-06-29T05:29:45.960+0000][9][gc,heap     ] GC(27) Eden regions: 72->0(72)
[2022-06-29T05:29:45.962+0000][9][gc,heap     ] GC(27) Survivor regions: 4->4(10)
[2022-06-29T05:29:45.965+0000][9][gc,heap     ] GC(27) Old regions: 19->19
[2022-06-29T05:29:45.966+0000][9][gc,heap     ] GC(27) Archive regions: 2->2
[2022-06-29T05:29:45.970+0000][9][gc,heap     ] GC(27) Humongous regions: 0->0
[2022-06-29T05:29:45.971+0000][9][gc,metaspace] GC(27) Metaspace: 128392K(131712K)->128392K(131712K) NonClass: 111415K(113152K)->111415K(113152K) Class: 16977K(18560K)->16977K(18560K)
[2022-06-29T05:29:45.972+0000][9][gc          ] GC(27) Pause Young (Normal) (G1 Evacuation Pause) 378M->91M(512M) 67.007ms
[2022-06-29T05:29:45.973+0000][9][gc,cpu      ] GC(27) User=0.13s Sys=0.01s Real=0.07s
[2022-06-29T05:29:45.987+0000][9][safepoint   ] Safepoint "G1CollectForAllocation", Time since last: 6231014 ns, Reaching safepoint: 201807 ns, At safepoint: 81709420 ns, Total: 81911227 ns
[2022-06-29T05:29:46.989+0000][9][safepoint   ] Safepoint "Cleanup", Time since last: 1001575995 ns, Reaching safepoint: 432695 ns, At safepoint: 55430 ns, Total: 488125 ns
[2022-06-29T05:29:47.991+0000][9][safepoint   ] Safepoint "Cleanup", Time since last: 1001916248 ns, Reaching safepoint: 147354 ns, At safepoint: 10379 ns, Total: 157733 ns
[2022-06-29T05:29:48.993+0000][9][safepoint   ] Safepoint "Cleanup", Time since last: 1001200820 ns, Reaching safepoint: 1080366 ns, At safepoint: 20586 ns, Total: 1100952 ns
[2022-06-29T05:29:51.998+0000][9][safepoint   ] Safepoint "Cleanup", Time since last: 3004928271 ns, Reaching safepoint: 141946 ns, At safepoint: 19818 ns, Total: 161764 ns
[2022-06-29T05:29:56.001+0000][9][safepoint   ] Safepoint "Cleanup", Time since last: 4002847058 ns, Reaching safepoint: 215461 ns, At safepoint: 7682 ns, Total: 223143 ns
[2022-06-29T05:29:58.006+0000][9][safepoint   ] Safepoint "Cleanup", Time since last: 2003621434 ns, Reaching safepoint: 1216249 ns, At safepoint: 7444 ns, Total: 1223693 ns
[2022-06-29T05:30:01.011+0000][9][safepoint   ] Safepoint "Cleanup", Time since last: 3005037746 ns, Reaching safepoint: 178724 ns, At safepoint: 7232 ns, Total: 185956 ns
[2022-06-29T05:30:04.015+0000][9][safepoint   ] Safepoint "Cleanup", Time since last: 3004009740 ns, Reaching safepoint: 202394 ns, At safepoint: 13998 ns, Total: 216392 ns
[2022-06-29T05:30:07.000+0000][9][safepoint   ] Safepoint "Cleanup", Time since last: 3006266801 ns, Reaching safepoint: 209044 ns, At safepoint: 9875 ns, Total: 218919 ns
[2022-06-29T05:30:08.002+0000][9][safepoint   ] Safepoint "Cleanup", Time since last: 1001789539 ns, Reaching safepoint: 469430 ns, At safepoint: 20031 ns, Total: 489461 ns
[2022-06-29T05:30:10.004+0000][9][safepoint   ] Safepoint "Cleanup", Time since last: 2001371073 ns, Reaching safepoint: 224304 ns, At safepoint: 5435 ns, Total: 229739 ns
[2022-06-29T05:30:13.008+0000][9][safepoint   ] Safepoint "Cleanup", Time since last: 3003886149 ns, Reaching safepoint: 238094 ns, At safepoint: 8502 ns, Total: 246596 ns
[2022-06-29T05:30:16.011+0000][9][safepoint   ] Safepoint "Cleanup", Time since last: 3003237771 ns, Reaching safepoint: 110319 ns, At safepoint: 4282 ns, Total: 114601 ns
[2022-06-29T05:30:17.014+0000][9][safepoint   ] Safepoint "Cleanup", Time since last: 1002822321 ns, Reaching safepoint: 431872 ns, At safepoint: 23512 ns, Total: 455384 ns
[2022-06-29T05:30:19.017+0000][9][safepoint   ] Safepoint "Cleanup", Time since last: 2002625843 ns, Reaching safepoint: 230453 ns, At safepoint: 20867 ns, Total: 251320 ns
[2022-06-29T05:30:22.026+0000][9][safepoint   ] Safepoint "Cleanup", Time since last: 3007129872 ns, Reaching safepoint: 1445450 ns, At safepoint: 70576 ns, Total: 1516026 ns
[2022-06-29T05:30:26.039+0000][9][safepoint   ] Safepoint "Cleanup", Time since last: 4012586873 ns, Reaching safepoint: 312823 ns, At safepoint: 11182 ns, Total: 324005 ns
[2022-06-29T05:30:28.041+0000][9][safepoint   ] Safepoint "Cleanup", Time since last: 2001857339 ns, Reaching safepoint: 379903 ns, At safepoint: 152864 ns, Total: 532767 ns
[2022-06-29T05:30:29.044+0000][9][safepoint   ] Safepoint "Cleanup", Time since last: 1002879042 ns, Reaching safepoint: 128824 ns, At safepoint: 8433 ns, Total: 137257 ns
[2022-06-29T05:30:34.055+0000][9][safepoint   ] Safepoint "Cleanup", Time since last: 5010725514 ns, Reaching safepoint: 101771 ns, At safepoint: 11204 ns, Total: 112975 ns
[2022-06-29T05:30:35.057+0000][9][safepoint   ] Safepoint "Cleanup", Time since last: 1002146012 ns, Reaching safepoint: 97846 ns, At safepoint: 7111 ns, Total: 104957 ns
[2022-06-29T05:30:40.041+0000][9][safepoint   ] Safepoint "Cleanup", Time since last: 5004396991 ns, Reaching safepoint: 158071 ns, At safepoint: 9721 ns, Total: 167792 ns
[2022-06-29T05:30:41.051+0000][9][safepoint   ] Safepoint "Cleanup", Time since last: 1009583269 ns, Reaching safepoint: 68769 ns, At safepoint: 5003 ns, Total: 73772 ns
[2022-06-29T05:30:46.057+0000][9][safepoint   ] Safepoint "Cleanup", Time since last: 5005900768 ns, Reaching safepoint: 328521 ns, At safepoint: 93439 ns, Total: 421960 ns
[2022-06-29T05:30:47.060+0000][9][safepoint   ] Safepoint "Cleanup", Time since last: 1003326646 ns, Reaching safepoint: 109903 ns, At safepoint: 6367 ns, Total: 116270 ns
[2022-06-29T05:30:53.067+0000][9][safepoint   ] Safepoint "Cleanup", Time since last: 6006087161 ns, Reaching safepoint: 153406 ns, At safepoint: 124404 ns, Total: 277810 ns
[2022-06-29T05:30:58.071+0000][9][safepoint   ] Safepoint "Cleanup", Time since last: 5004279231 ns, Reaching safepoint: 76354 ns, At safepoint: 3849 ns, Total: 80203 ns
[2022-06-29T05:31:04.077+0000][9][safepoint   ] Safepoint "Cleanup", Time since last: 6005311719 ns, Reaching safepoint: 672533 ns, At safepoint: 38582 ns, Total: 711115 ns
[2022-06-29T05:31:07.059+0000][9][safepoint   ] Safepoint "Cleanup", Time since last: 3005631123 ns, Reaching safepoint: 87665 ns, At safepoint: 4277 ns, Total: 91942 ns
[2022-06-29T05:31:10.063+0000][9][safepoint   ] Safepoint "Cleanup", Time since last: 3002484478 ns, Reaching safepoint: 949971 ns, At safepoint: 442081 ns, Total: 1392052 ns
[2022-06-29T05:31:11.067+0000][9][safepoint   ] Safepoint "Cleanup", Time since last: 1004152496 ns, Reaching safepoint: 271331 ns, At safepoint: 35925 ns, Total: 307256 ns
[2022-06-29T05:31:16.072+0000][9][safepoint   ] Safepoint "Cleanup", Time since last: 5004194162 ns, Reaching safepoint: 218810 ns, At safepoint: 11334 ns, Total: 230144 ns
[2022-06-29T05:31:22.080+0000][9][safepoint   ] Safepoint "Cleanup", Time since last: 6008420284 ns, Reaching safepoint: 137664 ns, At safepoint: 6833 ns, Total: 144497 ns
[2022-06-29T05:31:27.718+0000][9][gc,start    ] GC(28) Pause Young (Normal) (G1 Evacuation Pause)
[2022-06-29T05:31:27.719+0000][9][gc,task     ] GC(28) Using 4 workers of 4 for evacuation
[2022-06-29T05:31:27.719+0000][9][gc,age      ] GC(28) Desired survivor size 20971520 bytes, new threshold 15 (max threshold 15)
[2022-06-29T05:31:27.739+0000][9][gc,phases   ] GC(28)   Pre Evacuate Collection Set: 0.1ms
[2022-06-29T05:31:27.740+0000][9][gc,phases   ] GC(28)   Merge Heap Roots: 0.1ms
[2022-06-29T05:31:27.741+0000][9][gc,phases   ] GC(28)   Evacuate Collection Set: 17.6ms
[2022-06-29T05:31:27.741+0000][9][gc,phases   ] GC(28)   Post Evacuate Collection Set: 1.5ms
[2022-06-29T05:31:27.742+0000][9][gc,phases   ] GC(28)   Other: 1.2ms
[2022-06-29T05:31:27.742+0000][9][gc,age      ] GC(28) Age table with threshold 15 (max threshold 15)
[2022-06-29T05:31:27.743+0000][9][gc,age      ] GC(28) - age   1:     837488 bytes,     837488 total
[2022-06-29T05:31:27.744+0000][9][gc,age      ] GC(28) - age   2:     153544 bytes,     991032 total
[2022-06-29T05:31:27.744+0000][9][gc,age      ] GC(28) - age   3:      25384 bytes,    1016416 total
[2022-06-29T05:31:27.745+0000][9][gc,age      ] GC(28) - age   4:      12760 bytes,    1029176 total
[2022-06-29T05:31:27.746+0000][9][gc,age      ] GC(28) - age   5:    1486232 bytes,    2515408 total
[2022-06-29T05:31:27.746+0000][9][gc,age      ] GC(28) - age   6:     629152 bytes,    3144560 total
[2022-06-29T05:31:27.747+0000][9][gc,age      ] GC(28) - age   7:      26544 bytes,    3171104 total
[2022-06-29T05:31:27.747+0000][9][gc,age      ] GC(28) - age   8:     375688 bytes,    3546792 total
[2022-06-29T05:31:27.748+0000][9][gc,age      ] GC(28) - age   9:    4957480 bytes,    8504272 total
[2022-06-29T05:31:27.748+0000][9][gc,age      ] GC(28) - age  10:    2099040 bytes,   10603312 total
[2022-06-29T05:31:27.749+0000][9][gc,age      ] GC(28) - age  11:     872880 bytes,   11476192 total
[2022-06-29T05:31:27.749+0000][9][gc,heap     ] GC(28) Eden regions: 72->0(73)
[2022-06-29T05:31:27.750+0000][9][gc,heap     ] GC(28) Survivor regions: 4->3(10)
[2022-06-29T05:31:27.750+0000][9][gc,heap     ] GC(28) Old regions: 19->19
[2022-06-29T05:31:27.751+0000][9][gc,heap     ] GC(28) Archive regions: 2->2
[2022-06-29T05:31:27.751+0000][9][gc,heap     ] GC(28) Humongous regions: 0->0
[2022-06-29T05:31:27.752+0000][9][gc,metaspace] GC(28) Metaspace: 128512K(131776K)->128512K(131776K) NonClass: 111535K(113216K)->111535K(113216K) Class: 16977K(18560K)->16977K(18560K)
[2022-06-29T05:31:27.753+0000][9][gc          ] GC(28) Pause Young (Normal) (G1 Evacuation Pause) 379M->89M(512M) 34.842ms
[2022-06-29T05:31:27.753+0000][9][gc,cpu      ] GC(28) User=0.07s Sys=0.00s Real=0.04s
[2022-06-29T05:31:27.754+0000][9][safepoint   ] Safepoint "G1CollectForAllocation", Time since last: 5637229626 ns, Reaching safepoint: 65822 ns, At safepoint: 36130007 ns, Total: 36195829 ns
[2022-06-29T05:31:28.755+0000][9][safepoint   ] Safepoint "Cleanup", Time since last: 1001527090 ns, Reaching safepoint: 163093 ns, At safepoint: 10602 ns, Total: 173695 ns
[2022-06-29T05:31:39.742+0000][9][safepoint   ] Safepoint "Cleanup", Time since last: 11005711096 ns, Reaching safepoint: 209439 ns, At safepoint: 13631 ns, Total: 223070 ns
[2022-06-29T05:31:41.773+0000][9][safepoint   ] Safepoint "Cleanup", Time since last: 2029599019 ns, Reaching safepoint: 1203904 ns, At safepoint: 29833 ns, Total: 1233737 ns
[2022-06-29T05:31:42.789+0000][9][safepoint   ] Safepoint "Cleanup", Time since last: 1015908080 ns, Reaching safepoint: 171153 ns, At safepoint: 8497 ns, Total: 179650 ns
[2022-06-29T05:31:45.794+0000][9][safepoint   ] Safepoint "Cleanup", Time since last: 3004624798 ns, Reaching safepoint: 196371 ns, At safepoint: 127755 ns, Total: 324126 ns
[2022-06-29T05:31:46.797+0000][9][safepoint   ] Safepoint "Cleanup", Time since last: 1003779032 ns, Reaching safepoint: 143027 ns, At safepoint: 6644 ns, Total: 149671 ns
[2022-06-29T05:31:51.801+0000][9][safepoint   ] Safepoint "Cleanup", Time since last: 5003711453 ns, Reaching safepoint: 88582 ns, At safepoint: 3901 ns, Total: 92483 ns
[2022-06-29T05:31:52.803+0000][9][safepoint   ] Safepoint "Cleanup", Time since last: 1001540747 ns, Reaching safepoint: 127904 ns, At safepoint: 4253 ns, Total: 132157 ns
[2022-06-29T05:31:55.805+0000][9][safepoint   ] Safepoint "Cleanup", Time since last: 3002031130 ns, Reaching safepoint: 309387 ns, At safepoint: 18186 ns, Total: 327573 ns
[2022-06-29T05:31:57.809+0000][9][safepoint   ] Safepoint "Cleanup", Time since last: 2003200498 ns, Reaching safepoint: 183516 ns, At safepoint: 8298 ns, Total: 191814 ns
[2022-06-29T05:32:00.811+0000][9][safepoint   ] Safepoint "Cleanup", Time since last: 3002500734 ns, Reaching safepoint: 122833 ns, At safepoint: 4646 ns, Total: 127479 ns
[2022-06-29T05:32:03.815+0000][9][safepoint   ] Safepoint "Cleanup", Time since last: 3003126343 ns, Reaching safepoint: 85812 ns, At safepoint: 4742 ns, Total: 90554 ns
[2022-06-29T05:32:10.800+0000][9][safepoint   ] Safepoint "Cleanup", Time since last: 7005004892 ns, Reaching safepoint: 185415 ns, At safepoint: 16939 ns, Total: 202354 ns
[2022-06-29T05:32:12.802+0000][9][safepoint   ] Safepoint "Cleanup", Time since last: 2002495726 ns, Reaching safepoint: 303657 ns, At safepoint: 15406 ns, Total: 319063 ns
[2022-06-29T05:32:13.804+0000][9][safepoint   ] Safepoint "Cleanup", Time since last: 1001368949 ns, Reaching safepoint: 204898 ns, At safepoint: 5044 ns, Total: 209942 ns
[2022-06-29T05:32:15.806+0000][9][safepoint   ] Safepoint "Cleanup", Time since last: 2002254050 ns, Reaching safepoint: 110871 ns, At safepoint: 3577 ns, Total: 114448 ns
[2022-06-29T05:32:16.808+0000][9][safepoint   ] Safepoint "Cleanup", Time since last: 1001495709 ns, Reaching safepoint: 183537 ns, At safepoint: 4940 ns, Total: 188477 ns
[2022-06-29T05:32:21.812+0000][9][safepoint   ] Safepoint "Cleanup", Time since last: 5003815089 ns, Reaching safepoint: 342363 ns, At safepoint: 13261 ns, Total: 355624 ns
[2022-06-29T05:32:27.819+0000][9][safepoint   ] Safepoint "Cleanup", Time since last: 6006296688 ns, Reaching safepoint: 224805 ns, At safepoint: 11770 ns, Total: 236575 ns
[2022-06-29T05:32:28.821+0000][9][safepoint   ] Safepoint "Cleanup", Time since last: 1001768906 ns, Reaching safepoint: 133762 ns, At safepoint: 4064 ns, Total: 137826 ns
[2022-06-29T05:32:33.825+0000][9][safepoint   ] Safepoint "Cleanup", Time since last: 5004260526 ns, Reaching safepoint: 101320 ns, At safepoint: 11654 ns, Total: 112974 ns
[2022-06-29T05:32:48.810+0000][9][safepoint   ] Safepoint "Cleanup", Time since last: 15009153774 ns, Reaching safepoint: 279565 ns, At safepoint: 157202 ns, Total: 436767 ns
[2022-06-29T05:32:51.815+0000][9][safepoint   ] Safepoint "Cleanup", Time since last: 3004917971 ns, Reaching safepoint: 212479 ns, At safepoint: 12106 ns, Total: 224585 ns
[2022-06-29T05:32:52.818+0000][9][safepoint   ] Safepoint "Cleanup", Time since last: 1002463822 ns, Reaching safepoint: 451455 ns, At safepoint: 422843 ns, Total: 874298 ns
[2022-06-29T05:32:55.822+0000][9][safepoint   ] Safepoint "Cleanup", Time since last: 3003387782 ns, Reaching safepoint: 450535 ns, At safepoint: 18582 ns, Total: 469117 ns
[2022-06-29T05:33:06.826+0000][9][safepoint   ] Safepoint "Cleanup", Time since last: 11023657135 ns, Reaching safepoint: 218207 ns, At safepoint: 11485 ns, Total: 229692 ns
[2022-06-29T05:33:09.797+0000][9][gc,start    ] GC(29) Pause Young (Normal) (G1 Evacuation Pause)
[2022-06-29T05:33:09.800+0000][9][gc,task     ] GC(29) Using 4 workers of 4 for evacuation
[2022-06-29T05:33:09.800+0000][9][gc,age      ] GC(29) Desired survivor size 20971520 bytes, new threshold 15 (max threshold 15)
[2022-06-29T05:33:09.832+0000][9][gc,phases   ] GC(29)   Pre Evacuate Collection Set: 0.1ms
[2022-06-29T05:33:09.833+0000][9][gc,phases   ] GC(29)   Merge Heap Roots: 0.1ms
[2022-06-29T05:33:09.834+0000][9][gc,phases   ] GC(29)   Evacuate Collection Set: 27.8ms
[2022-06-29T05:33:09.835+0000][9][gc,phases   ] GC(29)   Post Evacuate Collection Set: 2.8ms
[2022-06-29T05:33:09.835+0000][9][gc,phases   ] GC(29)   Other: 1.4ms
[2022-06-29T05:33:09.836+0000][9][gc,age      ] GC(29) Age table with threshold 15 (max threshold 15)
[2022-06-29T05:33:09.837+0000][9][gc,age      ] GC(29) - age   1:    1079928 bytes,    1079928 total
[2022-06-29T05:33:09.837+0000][9][gc,age      ] GC(29) - age   2:      25720 bytes,    1105648 total
[2022-06-29T05:33:09.838+0000][9][gc,age      ] GC(29) - age   3:     152032 bytes,    1257680 total
[2022-06-29T05:33:09.839+0000][9][gc,age      ] GC(29) - age   4:      25384 bytes,    1283064 total
[2022-06-29T05:33:09.840+0000][9][gc,age      ] GC(29) - age   5:      12480 bytes,    1295544 total
[2022-06-29T05:33:09.840+0000][9][gc,age      ] GC(29) - age   6:    1486104 bytes,    2781648 total
[2022-06-29T05:33:09.841+0000][9][gc,age      ] GC(29) - age   7:     628832 bytes,    3410480 total
[2022-06-29T05:33:09.842+0000][9][gc,age      ] GC(29) - age   8:      26544 bytes,    3437024 total
[2022-06-29T05:33:09.842+0000][9][gc,age      ] GC(29) - age   9:     375688 bytes,    3812712 total
[2022-06-29T05:33:09.843+0000][9][gc,age      ] GC(29) - age  10:    4957280 bytes,    8769992 total
[2022-06-29T05:33:09.843+0000][9][gc,age      ] GC(29) - age  11:    2099040 bytes,   10869032 total
[2022-06-29T05:33:09.844+0000][9][gc,age      ] GC(29) - age  12:     872880 bytes,   11741912 total
[2022-06-29T05:33:09.845+0000][9][gc,heap     ] GC(29) Eden regions: 73->0(73)
[2022-06-29T05:33:09.846+0000][9][gc,heap     ] GC(29) Survivor regions: 3->3(10)
[2022-06-29T05:33:09.847+0000][9][gc,heap     ] GC(29) Old regions: 19->19
[2022-06-29T05:33:09.848+0000][9][gc,heap     ] GC(29) Archive regions: 2->2
[2022-06-29T05:33:09.849+0000][9][gc,heap     ] GC(29) Humongous regions: 0->0
[2022-06-29T05:33:09.849+0000][9][gc,metaspace] GC(29) Metaspace: 128620K(131904K)->128620K(131904K) NonClass: 111643K(113344K)->111643K(113344K) Class: 16977K(18560K)->16977K(18560K)
[2022-06-29T05:33:09.850+0000][9][gc          ] GC(29) Pause Young (Normal) (G1 Evacuation Pause) 381M->89M(512M) 53.185ms
[2022-06-29T05:33:09.851+0000][9][gc,cpu      ] GC(29) User=0.11s Sys=0.00s Real=0.05s
[2022-06-29T05:33:09.852+0000][9][safepoint   ] Safepoint "G1CollectForAllocation", Time since last: 2970633488 ns, Reaching safepoint: 202463 ns, At safepoint: 54922524 ns, Total: 55124987 ns
[2022-06-29T05:33:10.854+0000][9][safepoint   ] Safepoint "Cleanup", Time since last: 1001387453 ns, Reaching safepoint: 145060 ns, At safepoint: 5177 ns, Total: 150237 ns
[2022-06-29T05:33:16.862+0000][9][safepoint   ] Safepoint "Cleanup", Time since last: 6008130317 ns, Reaching safepoint: 235735 ns, At safepoint: 36769 ns, Total: 272504 ns
[2022-06-29T05:33:21.866+0000][9][safepoint   ] Safepoint "Cleanup", Time since last: 5003349968 ns, Reaching safepoint: 266580 ns, At safepoint: 36168 ns, Total: 302748 ns
[2022-06-29T05:33:25.870+0000][9][safepoint   ] Safepoint "Cleanup", Time since last: 4003599250 ns, Reaching safepoint: 474352 ns, At safepoint: 23461 ns, Total: 497813 ns
[2022-06-29T05:33:28.872+0000][9][safepoint   ] Safepoint "Cleanup", Time since last: 3002225920 ns, Reaching safepoint: 246577 ns, At safepoint: 9562 ns, Total: 256139 ns
[2022-06-29T05:33:31.877+0000][9][safepoint   ] Safepoint "Cleanup", Time since last: 3005022578 ns, Reaching safepoint: 188351 ns, At safepoint: 6328 ns, Total: 194679 ns
[2022-06-29T05:33:45.867+0000][9][safepoint   ] Safepoint "Cleanup", Time since last: 14011420665 ns, Reaching safepoint: 136571 ns, At safepoint: 5849 ns, Total: 142420 ns
[2022-06-29T05:33:46.871+0000][9][safepoint   ] Safepoint "Cleanup", Time since last: 1003295869 ns, Reaching safepoint: 246707 ns, At safepoint: 16395 ns, Total: 263102 ns
[2022-06-29T05:33:55.879+0000][9][safepoint   ] Safepoint "Cleanup", Time since last: 9007620069 ns, Reaching safepoint: 318291 ns, At safepoint: 139260 ns, Total: 457551 ns
[2022-06-29T05:33:57.882+0000][9][safepoint   ] Safepoint "Cleanup", Time since last: 2002726322 ns, Reaching safepoint: 233416 ns, At safepoint: 31689 ns, Total: 265105 ns
[2022-06-29T05:34:03.889+0000][9][safepoint   ] Safepoint "Cleanup", Time since last: 6006650048 ns, Reaching safepoint: 429929 ns, At safepoint: 19698 ns, Total: 449627 ns
[2022-06-29T05:34:04.892+0000][9][safepoint   ] Safepoint "Cleanup", Time since last: 1002810136 ns, Reaching safepoint: 746873 ns, At safepoint: 26406 ns, Total: 773279 ns
[2022-06-29T05:34:09.876+0000][9][safepoint   ] Safepoint "Cleanup", Time since last: 5003842525 ns, Reaching safepoint: 183029 ns, At safepoint: 7396 ns, Total: 190425 ns
[2022-06-29T05:34:10.878+0000][9][safepoint   ] Safepoint "Cleanup", Time since last: 1002792556 ns, Reaching safepoint: 115238 ns, At safepoint: 5459 ns, Total: 120697 ns
[2022-06-29T05:34:16.886+0000][9][safepoint   ] Safepoint "Cleanup", Time since last: 6006831507 ns, Reaching safepoint: 244848 ns, At safepoint: 16756 ns, Total: 261604 ns
[2022-06-29T05:34:18.890+0000][9][safepoint   ] Safepoint "Cleanup", Time since last: 2003802219 ns, Reaching safepoint: 115628 ns, At safepoint: 6085 ns, Total: 121713 ns
[2022-06-29T05:34:19.893+0000][9][safepoint   ] Safepoint "Cleanup", Time since last: 1003835792 ns, Reaching safepoint: 133701 ns, At safepoint: 8817 ns, Total: 142518 ns
[2022-06-29T05:34:21.896+0000][9][safepoint   ] Safepoint "Cleanup", Time since last: 2002743435 ns, Reaching safepoint: 132051 ns, At safepoint: 7651 ns, Total: 139702 ns
[2022-06-29T05:34:25.901+0000][9][safepoint   ] Safepoint "Cleanup", Time since last: 4004306434 ns, Reaching safepoint: 186317 ns, At safepoint: 12373 ns, Total: 198690 ns
[2022-06-29T05:34:27.903+0000][9][safepoint   ] Safepoint "Cleanup", Time since last: 2002174392 ns, Reaching safepoint: 134724 ns, At safepoint: 18016 ns, Total: 152740 ns
[2022-06-29T05:34:28.906+0000][9][safepoint   ] Safepoint "Cleanup", Time since last: 1002800335 ns, Reaching safepoint: 377404 ns, At safepoint: 26400 ns, Total: 403804 ns
[2022-06-29T05:34:30.910+0000][9][safepoint   ] Safepoint "Cleanup", Time since last: 2003576920 ns, Reaching safepoint: 219177 ns, At safepoint: 26126 ns, Total: 245303 ns
[2022-06-29T05:34:33.913+0000][9][safepoint   ] Safepoint "Cleanup", Time since last: 3002937054 ns, Reaching safepoint: 112819 ns, At safepoint: 3511 ns, Total: 116330 ns
[2022-06-29T05:34:36.895+0000][9][safepoint   ] Safepoint "Cleanup", Time since last: 3003328970 ns, Reaching safepoint: 60163 ns, At safepoint: 3129 ns, Total: 63292 ns
[2022-06-29T05:34:38.897+0000][9][safepoint   ] Safepoint "Cleanup", Time since last: 2002614621 ns, Reaching safepoint: 123143 ns, At safepoint: 31827 ns, Total: 154970 ns
[2022-06-29T05:34:39.899+0000][9][safepoint   ] Safepoint "Cleanup", Time since last: 1001578234 ns, Reaching safepoint: 134518 ns, At safepoint: 3073 ns, Total: 137591 ns
[2022-06-29T05:34:51.650+0000][9][gc,start    ] GC(30) Pause Young (Normal) (G1 Evacuation Pause)
[2022-06-29T05:34:51.651+0000][9][gc,task     ] GC(30) Using 4 workers of 4 for evacuation
[2022-06-29T05:34:51.652+0000][9][gc,age      ] GC(30) Desired survivor size 20971520 bytes, new threshold 15 (max threshold 15)
[2022-06-29T05:34:51.675+0000][9][gc,phases   ] GC(30)   Pre Evacuate Collection Set: 0.1ms
[2022-06-29T05:34:51.675+0000][9][gc,phases   ] GC(30)   Merge Heap Roots: 0.2ms
[2022-06-29T05:34:51.676+0000][9][gc,phases   ] GC(30)   Evacuate Collection Set: 19.7ms
[2022-06-29T05:34:51.678+0000][9][gc,phases   ] GC(30)   Post Evacuate Collection Set: 1.7ms
[2022-06-29T05:34:51.680+0000][9][gc,phases   ] GC(30)   Other: 1.7ms
[2022-06-29T05:34:51.681+0000][9][gc,age      ] GC(30) Age table with threshold 15 (max threshold 15)
[2022-06-29T05:34:51.682+0000][9][gc,age      ] GC(30) - age   1:    1586824 bytes,    1586824 total
[2022-06-29T05:34:51.682+0000][9][gc,age      ] GC(30) - age   2:       5592 bytes,    1592416 total
[2022-06-29T05:34:51.683+0000][9][gc,age      ] GC(30) - age   3:      24552 bytes,    1616968 total
[2022-06-29T05:34:51.683+0000][9][gc,age      ] GC(30) - age   4:     147032 bytes,    1764000 total
[2022-06-29T05:34:51.684+0000][9][gc,age      ] GC(30) - age   5:      25384 bytes,    1789384 total
[2022-06-29T05:34:51.684+0000][9][gc,age      ] GC(30) - age   6:      12480 bytes,    1801864 total
[2022-06-29T05:34:51.685+0000][9][gc,age      ] GC(30) - age   7:    1486040 bytes,    3287904 total
[2022-06-29T05:34:51.686+0000][9][gc,age      ] GC(30) - age   8:     628832 bytes,    3916736 total
[2022-06-29T05:34:51.686+0000][9][gc,age      ] GC(30) - age   9:      26544 bytes,    3943280 total
[2022-06-29T05:34:51.687+0000][9][gc,age      ] GC(30) - age  10:     375688 bytes,    4318968 total
[2022-06-29T05:34:51.687+0000][9][gc,age      ] GC(30) - age  11:    4957152 bytes,    9276120 total
[2022-06-29T05:34:51.687+0000][9][gc,age      ] GC(30) - age  12:    2099040 bytes,   11375160 total
[2022-06-29T05:34:51.688+0000][9][gc,age      ] GC(30) - age  13:     872880 bytes,   12248040 total
[2022-06-29T05:34:51.689+0000][9][gc,heap     ] GC(30) Eden regions: 73->0(72)
[2022-06-29T05:34:51.689+0000][9][gc,heap     ] GC(30) Survivor regions: 3->4(10)
[2022-06-29T05:34:51.690+0000][9][gc,heap     ] GC(30) Old regions: 19->19
[2022-06-29T05:34:51.691+0000][9][gc,heap     ] GC(30) Archive regions: 2->2
[2022-06-29T05:34:51.691+0000][9][gc,heap     ] GC(30) Humongous regions: 0->0
[2022-06-29T05:34:51.692+0000][9][gc,metaspace] GC(30) Metaspace: 128732K(131968K)->128732K(131968K) NonClass: 111753K(113408K)->111753K(113408K) Class: 16979K(18560K)->16979K(18560K)
[2022-06-29T05:34:51.692+0000][9][gc          ] GC(30) Pause Young (Normal) (G1 Evacuation Pause) 381M->90M(512M) 42.112ms
[2022-06-29T05:34:51.693+0000][9][gc,cpu      ] GC(30) User=0.06s Sys=0.00s Real=0.05s
[2022-06-29T05:34:51.694+0000][9][safepoint   ] Safepoint "G1CollectForAllocation", Time since last: 11750975255 ns, Reaching safepoint: 38091 ns, At safepoint: 43587348 ns, Total: 43625439 ns
[2022-06-29T05:34:52.695+0000][9][safepoint   ] Safepoint "Cleanup", Time since last: 1001158326 ns, Reaching safepoint: 90829 ns, At safepoint: 4624 ns, Total: 95453 ns
[2022-06-29T05:34:53.696+0000][9][safepoint   ] Safepoint "Cleanup", Time since last: 1001108925 ns, Reaching safepoint: 291250 ns, At safepoint: 9751 ns, Total: 301001 ns
[2022-06-29T05:34:55.708+0000][9][safepoint   ] Safepoint "Cleanup", Time since last: 2011689637 ns, Reaching safepoint: 158848 ns, At safepoint: 5819 ns, Total: 164667 ns
[2022-06-29T05:34:57.710+0000][9][safepoint   ] Safepoint "Cleanup", Time since last: 2001435854 ns, Reaching safepoint: 105872 ns, At safepoint: 4868 ns, Total: 110740 ns
[2022-06-29T05:34:58.712+0000][9][safepoint   ] Safepoint "Cleanup", Time since last: 1001714932 ns, Reaching safepoint: 183365 ns, At safepoint: 13567 ns, Total: 196932 ns
[2022-06-29T05:35:04.718+0000][9][safepoint   ] Safepoint "Cleanup", Time since last: 6006285811 ns, Reaching safepoint: 336770 ns, At safepoint: 26927 ns, Total: 363697 ns
[2022-06-29T05:35:09.707+0000][9][safepoint   ] Safepoint "Cleanup", Time since last: 5003043386 ns, Reaching safepoint: 6300892 ns, At safepoint: 72951 ns, Total: 6373843 ns
[2022-06-29T05:35:21.836+0000][9][safepoint   ] Safepoint "Cleanup", Time since last: 12129896214 ns, Reaching safepoint: 143288 ns, At safepoint: 6198 ns, Total: 149486 ns
[2022-06-29T05:35:23.841+0000][9][safepoint   ] Safepoint "Cleanup", Time since last: 2005156513 ns, Reaching safepoint: 177869 ns, At safepoint: 8841 ns, Total: 186710 ns
[2022-06-29T05:35:27.850+0000][9][safepoint   ] Safepoint "Cleanup", Time since last: 4007800849 ns, Reaching safepoint: 445406 ns, At safepoint: 67352 ns, Total: 512758 ns
[2022-06-29T05:35:28.853+0000][9][safepoint   ] Safepoint "Cleanup", Time since last: 1002576807 ns, Reaching safepoint: 185096 ns, At safepoint: 12411 ns, Total: 197507 ns
[2022-06-29T05:35:30.859+0000][9][safepoint   ] Safepoint "Cleanup", Time since last: 2006238376 ns, Reaching safepoint: 280523 ns, At safepoint: 12395 ns, Total: 292918 ns
[2022-06-29T05:35:33.867+0000][9][safepoint   ] Safepoint "Cleanup", Time since last: 3008093335 ns, Reaching safepoint: 167495 ns, At safepoint: 6769 ns, Total: 174264 ns
[2022-06-29T05:35:38.850+0000][9][safepoint   ] Safepoint "Cleanup", Time since last: 5003208146 ns, Reaching safepoint: 200834 ns, At safepoint: 14893 ns, Total: 215727 ns
[2022-06-29T05:35:39.852+0000][9][safepoint   ] Safepoint "Cleanup", Time since last: 1002547295 ns, Reaching safepoint: 124569 ns, At safepoint: 3660 ns, Total: 128229 ns
[2022-06-29T05:35:40.855+0000][9][safepoint   ] Safepoint "Cleanup", Time since last: 1002464318 ns, Reaching safepoint: 444212 ns, At safepoint: 22783 ns, Total: 466995 ns
[2022-06-29T05:35:41.860+0000][9][safepoint   ] Safepoint "Cleanup", Time since last: 1004357069 ns, Reaching safepoint: 299044 ns, At safepoint: 26839 ns, Total: 325883 ns
[2022-06-29T05:35:42.862+0000][9][safepoint   ] Safepoint "Cleanup", Time since last: 1002078435 ns, Reaching safepoint: 358689 ns, At safepoint: 18819 ns, Total: 377508 ns
[2022-06-29T05:35:43.873+0000][9][safepoint   ] Safepoint "Cleanup", Time since last: 1010319208 ns, Reaching safepoint: 176134 ns, At safepoint: 8492 ns, Total: 184626 ns
[2022-06-29T05:35:55.886+0000][9][safepoint   ] Safepoint "Cleanup", Time since last: 12012472640 ns, Reaching safepoint: 280265 ns, At safepoint: 12057 ns, Total: 292322 ns
[2022-06-29T05:36:00.891+0000][9][safepoint   ] Safepoint "Cleanup", Time since last: 5004790873 ns, Reaching safepoint: 154025 ns, At safepoint: 7352 ns, Total: 161377 ns
[2022-06-29T05:36:01.893+0000][9][safepoint   ] Safepoint "Cleanup", Time since last: 1002375427 ns, Reaching safepoint: 259244 ns, At safepoint: 35837 ns, Total: 295081 ns
[2022-06-29T05:36:02.895+0000][9][safepoint   ] Safepoint "Cleanup", Time since last: 1001735725 ns, Reaching safepoint: 99689 ns, At safepoint: 5657 ns, Total: 105346 ns
[2022-06-29T05:36:03.897+0000][9][safepoint   ] Safepoint "Cleanup", Time since last: 1001474058 ns, Reaching safepoint: 272960 ns, At safepoint: 35419 ns, Total: 308379 ns
[2022-06-29T05:36:06.880+0000][9][safepoint   ] Safepoint "Cleanup", Time since last: 3004138449 ns, Reaching safepoint: 259705 ns, At safepoint: 46779 ns, Total: 306484 ns
[2022-06-29T05:36:08.755+0000][9][safepoint   ] Safepoint "Cleanup", Time since last: 1874910422 ns, Reaching safepoint: 103116 ns, At safepoint: 76294 ns, Total: 179410 ns
[2022-06-29T05:36:09.760+0000][9][safepoint   ] Safepoint "Cleanup", Time since last: 1005233455 ns, Reaching safepoint: 246090 ns, At safepoint: 16019 ns, Total: 262109 ns
[2022-06-29T05:36:10.763+0000][9][safepoint   ] Safepoint "Cleanup", Time since last: 1002757619 ns, Reaching safepoint: 237970 ns, At safepoint: 27372 ns, Total: 265342 ns
[2022-06-29T05:36:12.767+0000][9][safepoint   ] Safepoint "Cleanup", Time since last: 2003374105 ns, Reaching safepoint: 159554 ns, At safepoint: 9073 ns, Total: 168627 ns
[2022-06-29T05:36:18.774+0000][9][safepoint   ] Safepoint "Cleanup", Time since last: 6006615451 ns, Reaching safepoint: 525690 ns, At safepoint: 92305 ns, Total: 617995 ns
[2022-06-29T05:36:22.067+0000][9][safepoint   ] Safepoint "Cleanup", Time since last: 3293046813 ns, Reaching safepoint: 233089 ns, At safepoint: 54023 ns, Total: 287112 ns
[2022-06-29T05:36:23.114+0000][9][safepoint   ] Safepoint "Cleanup", Time since last: 1045774145 ns, Reaching safepoint: 590807 ns, At safepoint: 22911 ns, Total: 613718 ns
[2022-06-29T05:36:24.117+0000][9][safepoint   ] Safepoint "Cleanup", Time since last: 1003061590 ns, Reaching safepoint: 116407 ns, At safepoint: 5657 ns, Total: 122064 ns
[2022-06-29T05:36:25.581+0000][9][safepoint   ] Safepoint "Cleanup", Time since last: 1463796213 ns, Reaching safepoint: 103158 ns, At safepoint: 5637 ns, Total: 108795 ns
[2022-06-29T05:36:26.582+0000][9][safepoint   ] Safepoint "Cleanup", Time since last: 1001551508 ns, Reaching safepoint: 131646 ns, At safepoint: 7209 ns, Total: 138855 ns
[2022-06-29T05:36:28.003+0000][9][gc,start    ] GC(31) Pause Young (Normal) (G1 Evacuation Pause)
[2022-06-29T05:36:28.004+0000][9][gc,task     ] GC(31) Using 4 workers of 4 for evacuation
[2022-06-29T05:36:28.008+0000][9][gc,age      ] GC(31) Desired survivor size 20971520 bytes, new threshold 15 (max threshold 15)
[2022-06-29T05:36:28.026+0000][9][gc,phases   ] GC(31)   Pre Evacuate Collection Set: 0.1ms
[2022-06-29T05:36:28.027+0000][9][gc,phases   ] GC(31)   Merge Heap Roots: 0.1ms
[2022-06-29T05:36:28.029+0000][9][gc,phases   ] GC(31)   Evacuate Collection Set: 15.1ms
[2022-06-29T05:36:28.030+0000][9][gc,phases   ] GC(31)   Post Evacuate Collection Set: 1.9ms
[2022-06-29T05:36:28.030+0000][9][gc,phases   ] GC(31)   Other: 4.5ms
[2022-06-29T05:36:28.031+0000][9][gc,age      ] GC(31) Age table with threshold 15 (max threshold 15)
[2022-06-29T05:36:28.032+0000][9][gc,age      ] GC(31) - age   1:     879456 bytes,     879456 total
[2022-06-29T05:36:28.033+0000][9][gc,age      ] GC(31) - age   2:      16592 bytes,     896048 total
[2022-06-29T05:36:28.033+0000][9][gc,age      ] GC(31) - age   3:       3632 bytes,     899680 total
[2022-06-29T05:36:28.034+0000][9][gc,age      ] GC(31) - age   4:      16536 bytes,     916216 total
[2022-06-29T05:36:28.038+0000][9][gc,age      ] GC(31) - age   5:     147000 bytes,    1063216 total
[2022-06-29T05:36:28.038+0000][9][gc,age      ] GC(31) - age   6:      25384 bytes,    1088600 total
[2022-06-29T05:36:28.039+0000][9][gc,age      ] GC(31) - age   7:      12480 bytes,    1101080 total
[2022-06-29T05:36:28.041+0000][9][gc,age      ] GC(31) - age   8:    1485928 bytes,    2587008 total
[2022-06-29T05:36:28.042+0000][9][gc,age      ] GC(31) - age   9:     628832 bytes,    3215840 total
[2022-06-29T05:36:28.043+0000][9][gc,age      ] GC(31) - age  10:      26544 bytes,    3242384 total
[2022-06-29T05:36:28.043+0000][9][gc,age      ] GC(31) - age  11:     375688 bytes,    3618072 total
[2022-06-29T05:36:28.044+0000][9][gc,age      ] GC(31) - age  12:    4956856 bytes,    8574928 total
[2022-06-29T05:36:28.045+0000][9][gc,age      ] GC(31) - age  13:    2098960 bytes,   10673888 total
[2022-06-29T05:36:28.046+0000][9][gc,age      ] GC(31) - age  14:     872880 bytes,   11546768 total
[2022-06-29T05:36:28.046+0000][9][gc,heap     ] GC(31) Eden regions: 72->0(73)
[2022-06-29T05:36:28.047+0000][9][gc,heap     ] GC(31) Survivor regions: 4->3(10)
[2022-06-29T05:36:28.048+0000][9][gc,heap     ] GC(31) Old regions: 19->19
[2022-06-29T05:36:28.049+0000][9][gc,heap     ] GC(31) Archive regions: 2->2
[2022-06-29T05:36:28.050+0000][9][gc,heap     ] GC(31) Humongous regions: 0->0
[2022-06-29T05:36:28.051+0000][9][gc,metaspace] GC(31) Metaspace: 128819K(132096K)->128819K(132096K) NonClass: 111838K(113536K)->111838K(113536K) Class: 16981K(18560K)->16981K(18560K)
[2022-06-29T05:36:28.054+0000][9][gc          ] GC(31) Pause Young (Normal) (G1 Evacuation Pause) 378M->89M(512M) 51.112ms
[2022-06-29T05:36:28.056+0000][9][gc,cpu      ] GC(31) User=0.05s Sys=0.01s Real=0.05s
[2022-06-29T05:36:28.058+0000][9][safepoint   ] Safepoint "G1CollectForAllocation", Time since last: 1420690125 ns, Reaching safepoint: 126677 ns, At safepoint: 55186293 ns, Total: 55312970 ns
[2022-06-29T05:36:29.060+0000][9][safepoint   ] Safepoint "Cleanup", Time since last: 1001392131 ns, Reaching safepoint: 236120 ns, At safepoint: 10356 ns, Total: 246476 ns
[2022-06-29T05:36:31.063+0000][9][safepoint   ] Safepoint "Cleanup", Time since last: 2002680401 ns, Reaching safepoint: 244821 ns, At safepoint: 13330 ns, Total: 258151 ns
[2022-06-29T05:36:34.067+0000][9][safepoint   ] Safepoint "Cleanup", Time since last: 3003843382 ns, Reaching safepoint: 192355 ns, At safepoint: 4307 ns, Total: 196662 ns
[2022-06-29T05:36:37.050+0000][9][safepoint   ] Safepoint "Cleanup", Time since last: 3005250119 ns, Reaching safepoint: 352904 ns, At safepoint: 24580 ns, Total: 377484 ns
[2022-06-29T05:36:46.059+0000][9][safepoint   ] Safepoint "Cleanup", Time since last: 9008606236 ns, Reaching safepoint: 139203 ns, At safepoint: 6361 ns, Total: 145564 ns
[2022-06-29T05:36:49.062+0000][9][safepoint   ] Safepoint "Cleanup", Time since last: 3002654851 ns, Reaching safepoint: 181341 ns, At safepoint: 23831 ns, Total: 205172 ns
[2022-06-29T05:36:54.069+0000][9][safepoint   ] Safepoint "Cleanup", Time since last: 5005657922 ns, Reaching safepoint: 1842349 ns, At safepoint: 24015 ns, Total: 1866364 ns
[2022-06-29T05:36:55.071+0000][9][safepoint   ] Safepoint "Cleanup", Time since last: 1001649350 ns, Reaching safepoint: 143375 ns, At safepoint: 8710 ns, Total: 152085 ns
[2022-06-29T05:36:56.073+0000][9][safepoint   ] Safepoint "Cleanup", Time since last: 1001676940 ns, Reaching safepoint: 102612 ns, At safepoint: 5713 ns, Total: 108325 ns
[2022-06-29T05:36:57.075+0000][9][safepoint   ] Safepoint "Cleanup", Time since last: 1002153901 ns, Reaching safepoint: 77105 ns, At safepoint: 4617 ns, Total: 81722 ns
[2022-06-29T05:36:58.077+0000][9][safepoint   ] Safepoint "Cleanup", Time since last: 1001554879 ns, Reaching safepoint: 55616 ns, At safepoint: 2896 ns, Total: 58512 ns
[2022-06-29T05:37:05.083+0000][9][safepoint   ] Safepoint "Cleanup", Time since last: 7005918088 ns, Reaching safepoint: 96677 ns, At safepoint: 5388 ns, Total: 102065 ns
[2022-06-29T05:37:13.070+0000][9][safepoint   ] Safepoint "Cleanup", Time since last: 8009979349 ns, Reaching safepoint: 120161 ns, At safepoint: 12882 ns, Total: 133043 ns
[2022-06-29T05:37:25.086+0000][9][safepoint   ] Safepoint "Cleanup", Time since last: 12015844631 ns, Reaching safepoint: 317278 ns, At safepoint: 8283 ns, Total: 325561 ns
[2022-06-29T05:37:28.091+0000][9][safepoint   ] Safepoint "Cleanup", Time since last: 3004508902 ns, Reaching safepoint: 137698 ns, At safepoint: 6535 ns, Total: 144233 ns
[2022-06-29T05:37:34.095+0000][9][safepoint   ] Safepoint "Cleanup", Time since last: 6003967018 ns, Reaching safepoint: 116409 ns, At safepoint: 5499 ns, Total: 121908 ns
[2022-06-29T05:37:46.085+0000][9][safepoint   ] Safepoint "Cleanup", Time since last: 12008600461 ns, Reaching safepoint: 334627 ns, At safepoint: 10400 ns, Total: 345027 ns
[2022-06-29T05:37:46.385+0000][9][gc,start    ] GC(32) Pause Young (Normal) (G1 Evacuation Pause)
[2022-06-29T05:37:46.387+0000][9][gc,task     ] GC(32) Using 4 workers of 4 for evacuation
[2022-06-29T05:37:46.388+0000][9][gc,age      ] GC(32) Desired survivor size 20971520 bytes, new threshold 15 (max threshold 15)
[2022-06-29T05:37:46.407+0000][9][gc,phases   ] GC(32)   Pre Evacuate Collection Set: 0.2ms
[2022-06-29T05:37:46.408+0000][9][gc,phases   ] GC(32)   Merge Heap Roots: 0.1ms
[2022-06-29T05:37:46.409+0000][9][gc,phases   ] GC(32)   Evacuate Collection Set: 16.6ms
[2022-06-29T05:37:46.410+0000][9][gc,phases   ] GC(32)   Post Evacuate Collection Set: 1.4ms
[2022-06-29T05:37:46.411+0000][9][gc,phases   ] GC(32)   Other: 2.5ms
[2022-06-29T05:37:46.411+0000][9][gc,age      ] GC(32) Age table with threshold 15 (max threshold 15)
[2022-06-29T05:37:46.413+0000][9][gc,age      ] GC(32) - age   1:     680848 bytes,     680848 total
[2022-06-29T05:37:46.413+0000][9][gc,age      ] GC(32) - age   2:       7080 bytes,     687928 total
[2022-06-29T05:37:46.414+0000][9][gc,age      ] GC(32) - age   3:      15352 bytes,     703280 total
[2022-06-29T05:37:46.415+0000][9][gc,age      ] GC(32) - age   4:       3104 bytes,     706384 total
[2022-06-29T05:37:46.415+0000][9][gc,age      ] GC(32) - age   5:      16536 bytes,     722920 total
[2022-06-29T05:37:46.416+0000][9][gc,age      ] GC(32) - age   6:     146936 bytes,     869856 total
[2022-06-29T05:37:46.417+0000][9][gc,age      ] GC(32) - age   7:      25384 bytes,     895240 total
[2022-06-29T05:37:46.417+0000][9][gc,age      ] GC(32) - age   8:      12480 bytes,     907720 total
[2022-06-29T05:37:46.419+0000][9][gc,age      ] GC(32) - age   9:    1485928 bytes,    2393648 total
[2022-06-29T05:37:46.420+0000][9][gc,age      ] GC(32) - age  10:     628832 bytes,    3022480 total
[2022-06-29T05:37:46.421+0000][9][gc,age      ] GC(32) - age  11:      26544 bytes,    3049024 total
[2022-06-29T05:37:46.421+0000][9][gc,age      ] GC(32) - age  12:     375688 bytes,    3424712 total
[2022-06-29T05:37:46.422+0000][9][gc,age      ] GC(32) - age  13:    4956856 bytes,    8381568 total
[2022-06-29T05:37:46.423+0000][9][gc,age      ] GC(32) - age  14:    2098576 bytes,   10480144 total
[2022-06-29T05:37:46.423+0000][9][gc,age      ] GC(32) - age  15:     872880 bytes,   11353024 total
[2022-06-29T05:37:46.424+0000][9][gc,heap     ] GC(32) Eden regions: 73->0(73)
[2022-06-29T05:37:46.424+0000][9][gc,heap     ] GC(32) Survivor regions: 3->3(10)
[2022-06-29T05:37:46.425+0000][9][gc,heap     ] GC(32) Old regions: 19->19
[2022-06-29T05:37:46.426+0000][9][gc,heap     ] GC(32) Archive regions: 2->2
[2022-06-29T05:37:46.426+0000][9][gc,heap     ] GC(32) Humongous regions: 0->0
[2022-06-29T05:37:46.427+0000][9][gc,metaspace] GC(32) Metaspace: 128863K(132096K)->128863K(132096K) NonClass: 111882K(113536K)->111882K(113536K) Class: 16981K(18560K)->16981K(18560K)
[2022-06-29T05:37:46.428+0000][9][gc          ] GC(32) Pause Young (Normal) (G1 Evacuation Pause) 381M->88M(512M) 42.201ms
[2022-06-29T05:37:46.428+0000][9][gc,cpu      ] GC(32) User=0.06s Sys=0.00s Real=0.04s
[2022-06-29T05:37:46.429+0000][9][safepoint   ] Safepoint "G1CollectForAllocation", Time since last: 300604490 ns, Reaching safepoint: 153310 ns, At safepoint: 43624137 ns, Total: 43777447 ns
[2022-06-29T05:38:03.441+0000][9][safepoint   ] Safepoint "Cleanup", Time since last: 17011708751 ns, Reaching safepoint: 198722 ns, At safepoint: 17815 ns, Total: 216537 ns
[2022-06-29T05:38:04.443+0000][9][safepoint   ] Safepoint "Cleanup", Time since last: 1002221511 ns, Reaching safepoint: 148775 ns, At safepoint: 9281 ns, Total: 158056 ns
[2022-06-29T05:38:06.423+0000][9][safepoint   ] Safepoint "Cleanup", Time since last: 2002227581 ns, Reaching safepoint: 73099 ns, At safepoint: 3353 ns, Total: 76452 ns
[2022-06-29T05:38:08.378+0000][9][safepoint   ] Safepoint "Cleanup", Time since last: 1953957708 ns, Reaching safepoint: 332581 ns, At safepoint: 44524 ns, Total: 377105 ns
[2022-06-29T05:38:10.382+0000][9][safepoint   ] Safepoint "Cleanup", Time since last: 2003872874 ns, Reaching safepoint: 189271 ns, At safepoint: 34165 ns, Total: 223436 ns
[2022-06-29T05:38:11.384+0000][9][safepoint   ] Safepoint "Cleanup", Time since last: 1001920975 ns, Reaching safepoint: 179588 ns, At safepoint: 15780 ns, Total: 195368 ns
[2022-06-29T05:38:16.389+0000][9][safepoint   ] Safepoint "Cleanup", Time since last: 5004927675 ns, Reaching safepoint: 437983 ns, At safepoint: 17169 ns, Total: 455152 ns
[2022-06-29T05:38:26.397+0000][9][safepoint   ] Safepoint "Cleanup", Time since last: 10007171428 ns, Reaching safepoint: 209681 ns, At safepoint: 12486 ns, Total: 222167 ns
[2022-06-29T05:38:28.401+0000][9][safepoint   ] Safepoint "Cleanup", Time since last: 2004186335 ns, Reaching safepoint: 291481 ns, At safepoint: 17354 ns, Total: 308835 ns
[2022-06-29T05:38:30.404+0000][9][safepoint   ] Safepoint "Cleanup", Time since last: 2002244456 ns, Reaching safepoint: 128914 ns, At safepoint: 6583 ns, Total: 135497 ns
[2022-06-29T05:38:31.405+0000][9][safepoint   ] Safepoint "Cleanup", Time since last: 1001355746 ns, Reaching safepoint: 236281 ns, At safepoint: 14068 ns, Total: 250349 ns
[2022-06-29T05:38:32.407+0000][9][safepoint   ] Safepoint "Cleanup", Time since last: 1001950650 ns, Reaching safepoint: 160318 ns, At safepoint: 8382 ns, Total: 168700 ns
[2022-06-29T05:38:34.409+0000][9][safepoint   ] Safepoint "Cleanup", Time since last: 2001818105 ns, Reaching safepoint: 74332 ns, At safepoint: 5295 ns, Total: 79627 ns
[2022-06-29T05:38:35.412+0000][9][safepoint   ] Safepoint "Cleanup", Time since last: 1002180310 ns, Reaching safepoint: 175606 ns, At safepoint: 10102 ns, Total: 185708 ns
[2022-06-29T05:38:37.395+0000][9][safepoint   ] Safepoint "Cleanup", Time since last: 2005812035 ns, Reaching safepoint: 202009 ns, At safepoint: 95062 ns, Total: 297071 ns
[2022-06-29T05:38:49.408+0000][9][safepoint   ] Safepoint "Cleanup", Time since last: 12012116795 ns, Reaching safepoint: 554070 ns, At safepoint: 88714 ns, Total: 642784 ns
[2022-06-29T05:38:50.410+0000][9][safepoint   ] Safepoint "Cleanup", Time since last: 1002138645 ns, Reaching safepoint: 99650 ns, At safepoint: 6007 ns, Total: 105657 ns
[2022-06-29T05:38:55.415+0000][9][safepoint   ] Safepoint "Cleanup", Time since last: 5004324865 ns, Reaching safepoint: 267587 ns, At safepoint: 34170 ns, Total: 301757 ns
[2022-06-29T05:38:56.417+0000][9][safepoint   ] Safepoint "Cleanup", Time since last: 1001614483 ns, Reaching safepoint: 117994 ns, At safepoint: 5244 ns, Total: 123238 ns
[2022-06-29T05:38:58.419+0000][9][safepoint   ] Safepoint "Cleanup", Time since last: 2002119509 ns, Reaching safepoint: 179262 ns, At safepoint: 17089 ns, Total: 196351 ns
[2022-06-29T05:39:00.421+0000][9][safepoint   ] Safepoint "Cleanup", Time since last: 2001843296 ns, Reaching safepoint: 116676 ns, At safepoint: 6261 ns, Total: 122937 ns
[2022-06-29T05:39:08.060+0000][9][gc,start    ] GC(33) Pause Young (Normal) (G1 Evacuation Pause)
[2022-06-29T05:39:08.061+0000][9][gc,task     ] GC(33) Using 4 workers of 4 for evacuation
[2022-06-29T05:39:08.062+0000][9][gc,age      ] GC(33) Desired survivor size 20971520 bytes, new threshold 15 (max threshold 15)
[2022-06-29T05:39:08.078+0000][9][gc,phases   ] GC(33)   Pre Evacuate Collection Set: 0.3ms
[2022-06-29T05:39:08.079+0000][9][gc,phases   ] GC(33)   Merge Heap Roots: 0.2ms
[2022-06-29T05:39:08.080+0000][9][gc,phases   ] GC(33)   Evacuate Collection Set: 13.5ms
[2022-06-29T05:39:08.081+0000][9][gc,phases   ] GC(33)   Post Evacuate Collection Set: 1.6ms
[2022-06-29T05:39:08.082+0000][9][gc,phases   ] GC(33)   Other: 1.4ms
[2022-06-29T05:39:08.082+0000][9][gc,age      ] GC(33) Age table with threshold 15 (max threshold 15)
[2022-06-29T05:39:08.083+0000][9][gc,age      ] GC(33) - age   1:    1639848 bytes,    1639848 total
[2022-06-29T05:39:08.084+0000][9][gc,age      ] GC(33) - age   2:      14752 bytes,    1654600 total
[2022-06-29T05:39:08.085+0000][9][gc,age      ] GC(33) - age   3:       6224 bytes,    1660824 total
[2022-06-29T05:39:08.086+0000][9][gc,age      ] GC(33) - age   4:      15288 bytes,    1676112 total
[2022-06-29T05:39:08.086+0000][9][gc,age      ] GC(33) - age   5:       3104 bytes,    1679216 total
[2022-06-29T05:39:08.087+0000][9][gc,age      ] GC(33) - age   6:      16536 bytes,    1695752 total
[2022-06-29T05:39:08.088+0000][9][gc,age      ] GC(33) - age   7:     146536 bytes,    1842288 total
[2022-06-29T05:39:08.088+0000][9][gc,age      ] GC(33) - age   8:      25168 bytes,    1867456 total
[2022-06-29T05:39:08.089+0000][9][gc,age      ] GC(33) - age   9:      12480 bytes,    1879936 total
[2022-06-29T05:39:08.089+0000][9][gc,age      ] GC(33) - age  10:    1485896 bytes,    3365832 total
[2022-06-29T05:39:08.090+0000][9][gc,age      ] GC(33) - age  11:     628832 bytes,    3994664 total
[2022-06-29T05:39:08.090+0000][9][gc,age      ] GC(33) - age  12:      26544 bytes,    4021208 total
[2022-06-29T05:39:08.091+0000][9][gc,age      ] GC(33) - age  13:     375688 bytes,    4396896 total
[2022-06-29T05:39:08.092+0000][9][gc,age      ] GC(33) - age  14:    4950800 bytes,    9347696 total
[2022-06-29T05:39:08.092+0000][9][gc,age      ] GC(33) - age  15:    2098576 bytes,   11446272 total
[2022-06-29T05:39:08.093+0000][9][gc,heap     ] GC(33) Eden regions: 73->0(73)
[2022-06-29T05:39:08.093+0000][9][gc,heap     ] GC(33) Survivor regions: 3->3(10)
[2022-06-29T05:39:08.094+0000][9][gc,heap     ] GC(33) Old regions: 19->19
[2022-06-29T05:39:08.095+0000][9][gc,heap     ] GC(33) Archive regions: 2->2
[2022-06-29T05:39:08.096+0000][9][gc,heap     ] GC(33) Humongous regions: 0->0
[2022-06-29T05:39:08.096+0000][9][gc,metaspace] GC(33) Metaspace: 128914K(132160K)->128914K(132160K) NonClass: 111932K(113600K)->111932K(113600K) Class: 16981K(18560K)->16981K(18560K)
[2022-06-29T05:39:08.098+0000][9][gc          ] GC(33) Pause Young (Normal) (G1 Evacuation Pause) 380M->90M(512M) 37.737ms
[2022-06-29T05:39:08.099+0000][9][gc,cpu      ] GC(33) User=0.05s Sys=0.01s Real=0.04s
[2022-06-29T05:39:08.100+0000][9][safepoint   ] Safepoint "G1CollectForAllocation", Time since last: 7658766538 ns, Reaching safepoint: 145853 ns, At safepoint: 39503538 ns, Total: 39649391 ns
[2022-06-29T05:39:11.103+0000][9][safepoint   ] Safepoint "Cleanup", Time since last: 3002931575 ns, Reaching safepoint: 141703 ns, At safepoint: 9092 ns, Total: 150795 ns
[2022-06-29T05:39:13.105+0000][9][safepoint   ] Safepoint "Cleanup", Time since last: 2002080001 ns, Reaching safepoint: 172493 ns, At safepoint: 69786 ns, Total: 242279 ns
[2022-06-29T05:39:16.107+0000][9][safepoint   ] Safepoint "Cleanup", Time since last: 3001959528 ns, Reaching safepoint: 142657 ns, At safepoint: 12329 ns, Total: 154986 ns
[2022-06-29T05:39:20.111+0000][9][safepoint   ] Safepoint "Cleanup", Time since last: 4003289923 ns, Reaching safepoint: 221345 ns, At safepoint: 30145 ns, Total: 251490 ns
[2022-06-29T05:39:23.115+0000][9][safepoint   ] Safepoint "Cleanup", Time since last: 3004535207 ns, Reaching safepoint: 153176 ns, At safepoint: 42728 ns, Total: 195904 ns
[2022-06-29T05:39:26.118+0000][9][safepoint   ] Safepoint "Cleanup", Time since last: 3002404616 ns, Reaching safepoint: 406594 ns, At safepoint: 26024 ns, Total: 432618 ns
[2022-06-29T05:39:28.330+0000][9][safepoint   ] Safepoint "Cleanup", Time since last: 2211396207 ns, Reaching safepoint: 146132 ns, At safepoint: 7147 ns, Total: 153279 ns
[2022-06-29T05:39:32.333+0000][9][safepoint   ] Safepoint "Cleanup", Time since last: 4002676266 ns, Reaching safepoint: 102270 ns, At safepoint: 5529 ns, Total: 107799 ns
[2022-06-29T05:39:33.335+0000][9][safepoint   ] Safepoint "Cleanup", Time since last: 1002146192 ns, Reaching safepoint: 108420 ns, At safepoint: 6321 ns, Total: 114741 ns
[2022-06-29T05:39:35.338+0000][9][safepoint   ] Safepoint "Cleanup", Time since last: 2002623217 ns, Reaching safepoint: 150872 ns, At safepoint: 13334 ns, Total: 164206 ns
[2022-06-29T05:39:39.318+0000][9][safepoint   ] Safepoint "Cleanup", Time since last: 4003962025 ns, Reaching safepoint: 108792 ns, At safepoint: 5901 ns, Total: 114693 ns
[2022-06-29T05:39:41.322+0000][9][safepoint   ] Safepoint "Cleanup", Time since last: 2004072199 ns, Reaching safepoint: 107952 ns, At safepoint: 9317 ns, Total: 117269 ns
[2022-06-29T05:39:47.332+0000][9][safepoint   ] Safepoint "Cleanup", Time since last: 6009696264 ns, Reaching safepoint: 195680 ns, At safepoint: 16146 ns, Total: 211826 ns
[2022-06-29T05:39:59.338+0000][9][safepoint   ] Safepoint "Cleanup", Time since last: 12005422425 ns, Reaching safepoint: 107875 ns, At safepoint: 7439 ns, Total: 115314 ns
[2022-06-29T05:40:08.323+0000][9][safepoint   ] Safepoint "Cleanup", Time since last: 9006676179 ns, Reaching safepoint: 176706 ns, At safepoint: 5885 ns, Total: 182591 ns
[2022-06-29T05:40:13.326+0000][9][safepoint   ] Safepoint "Cleanup", Time since last: 5002950476 ns, Reaching safepoint: 251094 ns, At safepoint: 15458 ns, Total: 266552 ns
[2022-06-29T05:40:14.328+0000][9][safepoint   ] Safepoint "Cleanup", Time since last: 1001197379 ns, Reaching safepoint: 168999 ns, At safepoint: 37632 ns, Total: 206631 ns
[2022-06-29T05:40:16.340+0000][9][safepoint   ] Safepoint "Cleanup", Time since last: 2012190041 ns, Reaching safepoint: 102232 ns, At safepoint: 3874 ns, Total: 106106 ns
[2022-06-29T05:40:19.343+0000][9][safepoint   ] Safepoint "Cleanup", Time since last: 3002691284 ns, Reaching safepoint: 119014 ns, At safepoint: 263864 ns, Total: 382878 ns
[2022-06-29T05:40:28.350+0000][9][safepoint   ] Safepoint "Cleanup", Time since last: 9007114520 ns, Reaching safepoint: 143361 ns, At safepoint: 4977 ns, Total: 148338 ns
[2022-06-29T05:40:29.838+0000][9][gc,start    ] GC(34) Pause Young (Normal) (G1 Evacuation Pause)
[2022-06-29T05:40:29.840+0000][9][gc,task     ] GC(34) Using 4 workers of 4 for evacuation
[2022-06-29T05:40:29.842+0000][9][gc,age      ] GC(34) Desired survivor size 20971520 bytes, new threshold 15 (max threshold 15)
[2022-06-29T05:40:29.879+0000][9][gc,phases   ] GC(34)   Pre Evacuate Collection Set: 0.4ms
[2022-06-29T05:40:29.880+0000][9][gc,phases   ] GC(34)   Merge Heap Roots: 0.2ms
[2022-06-29T05:40:29.881+0000][9][gc,phases   ] GC(34)   Evacuate Collection Set: 32.5ms
[2022-06-29T05:40:29.882+0000][9][gc,phases   ] GC(34)   Post Evacuate Collection Set: 2.4ms
[2022-06-29T05:40:29.883+0000][9][gc,phases   ] GC(34)   Other: 3.2ms
[2022-06-29T05:40:29.883+0000][9][gc,age      ] GC(34) Age table with threshold 15 (max threshold 15)
[2022-06-29T05:40:29.884+0000][9][gc,age      ] GC(34) - age   1:    1333864 bytes,    1333864 total
[2022-06-29T05:40:29.884+0000][9][gc,age      ] GC(34) - age   2:      21384 bytes,    1355248 total
[2022-06-29T05:40:29.885+0000][9][gc,age      ] GC(34) - age   3:      13984 bytes,    1369232 total
[2022-06-29T05:40:29.886+0000][9][gc,age      ] GC(34) - age   4:       5824 bytes,    1375056 total
[2022-06-29T05:40:29.887+0000][9][gc,age      ] GC(34) - age   5:      15192 bytes,    1390248 total
[2022-06-29T05:40:29.887+0000][9][gc,age      ] GC(34) - age   6:       3104 bytes,    1393352 total
[2022-06-29T05:40:29.888+0000][9][gc,age      ] GC(34) - age   7:      16536 bytes,    1409888 total
[2022-06-29T05:40:29.889+0000][9][gc,age      ] GC(34) - age   8:     145192 bytes,    1555080 total
[2022-06-29T05:40:29.889+0000][9][gc,age      ] GC(34) - age   9:      25168 bytes,    1580248 total
[2022-06-29T05:40:29.890+0000][9][gc,age      ] GC(34) - age  10:      12480 bytes,    1592728 total
[2022-06-29T05:40:29.891+0000][9][gc,age      ] GC(34) - age  11:    1485896 bytes,    3078624 total
[2022-06-29T05:40:29.892+0000][9][gc,age      ] GC(34) - age  12:     628832 bytes,    3707456 total
[2022-06-29T05:40:29.893+0000][9][gc,age      ] GC(34) - age  13:      26544 bytes,    3734000 total
[2022-06-29T05:40:29.893+0000][9][gc,age      ] GC(34) - age  14:     375688 bytes,    4109688 total
[2022-06-29T05:40:29.894+0000][9][gc,age      ] GC(34) - age  15:    4950800 bytes,    9060488 total
[2022-06-29T05:40:29.894+0000][9][gc,heap     ] GC(34) Eden regions: 73->0(73)
[2022-06-29T05:40:29.895+0000][9][gc,heap     ] GC(34) Survivor regions: 3->3(10)
[2022-06-29T05:40:29.896+0000][9][gc,heap     ] GC(34) Old regions: 19->20
[2022-06-29T05:40:29.897+0000][9][gc,heap     ] GC(34) Archive regions: 2->2
[2022-06-29T05:40:29.897+0000][9][gc,heap     ] GC(34) Humongous regions: 0->0
[2022-06-29T05:40:29.898+0000][9][gc,metaspace] GC(34) Metaspace: 128953K(132224K)->128953K(132224K) NonClass: 111971K(113664K)->111971K(113664K) Class: 16981K(18560K)->16981K(18560K)
[2022-06-29T05:40:29.899+0000][9][gc          ] GC(34) Pause Young (Normal) (G1 Evacuation Pause) 382M->89M(512M) 60.974ms
[2022-06-29T05:40:29.900+0000][9][gc,cpu      ] GC(34) User=0.12s Sys=0.00s Real=0.06s
[2022-06-29T05:40:29.901+0000][9][safepoint   ] Safepoint "G1CollectForAllocation", Time since last: 1487462240 ns, Reaching safepoint: 300039 ns, At safepoint: 62938818 ns, Total: 63238857 ns
[2022-06-29T05:40:31.903+0000][9][safepoint   ] Safepoint "Cleanup", Time since last: 2001603488 ns, Reaching safepoint: 307942 ns, At safepoint: 7432 ns, Total: 315374 ns
[2022-06-29T05:40:34.907+0000][9][safepoint   ] Safepoint "Cleanup", Time since last: 3003429515 ns, Reaching safepoint: 113367 ns, At safepoint: 3532 ns, Total: 116899 ns
[2022-06-29T05:40:37.889+0000][9][safepoint   ] Safepoint "Cleanup", Time since last: 3003499366 ns, Reaching safepoint: 174523 ns, At safepoint: 10633 ns, Total: 185156 ns
[2022-06-29T05:40:46.894+0000][9][safepoint   ] Safepoint "Cleanup", Time since last: 9004812940 ns, Reaching safepoint: 84003 ns, At safepoint: 5426 ns, Total: 89429 ns
[2022-06-29T05:40:49.895+0000][9][safepoint   ] Safepoint "Cleanup", Time since last: 3001596317 ns, Reaching safepoint: 270326 ns, At safepoint: 28163 ns, Total: 298489 ns
[2022-06-29T05:40:54.899+0000][9][safepoint   ] Safepoint "Cleanup", Time since last: 5003615756 ns, Reaching safepoint: 109635 ns, At safepoint: 4881 ns, Total: 114516 ns
[2022-06-29T05:40:55.901+0000][9][safepoint   ] Safepoint "Cleanup", Time since last: 1001826376 ns, Reaching safepoint: 160667 ns, At safepoint: 8847 ns, Total: 169514 ns
[2022-06-29T05:41:09.885+0000][9][safepoint   ] Safepoint "Cleanup", Time since last: 14004554524 ns, Reaching safepoint: 178389 ns, At safepoint: 5134 ns, Total: 183523 ns
[2022-06-29T05:41:10.887+0000][9][safepoint   ] Safepoint "Cleanup", Time since last: 1001768784 ns, Reaching safepoint: 214609 ns, At safepoint: 9742 ns, Total: 224351 ns
[2022-06-29T05:41:12.890+0000][9][safepoint   ] Safepoint "Cleanup", Time since last: 2002275924 ns, Reaching safepoint: 93760 ns, At safepoint: 4423 ns, Total: 98183 ns
[2022-06-29T05:41:13.891+0000][9][safepoint   ] Safepoint "Cleanup", Time since last: 1001580002 ns, Reaching safepoint: 121781 ns, At safepoint: 4869 ns, Total: 126650 ns
[2022-06-29T05:41:27.900+0000][9][safepoint   ] Safepoint "Cleanup", Time since last: 14008286623 ns, Reaching safepoint: 207614 ns, At safepoint: 5702 ns, Total: 213316 ns
[2022-06-29T05:41:28.902+0000][9][safepoint   ] Safepoint "Cleanup", Time since last: 1001989579 ns, Reaching safepoint: 164665 ns, At safepoint: 9797 ns, Total: 174462 ns
[2022-06-29T05:41:34.908+0000][9][safepoint   ] Safepoint "Cleanup", Time since last: 6005731751 ns, Reaching safepoint: 281433 ns, At safepoint: 118895 ns, Total: 400328 ns
[2022-06-29T05:41:37.888+0000][9][safepoint   ] Safepoint "Cleanup", Time since last: 3002403038 ns, Reaching safepoint: 186628 ns, At safepoint: 13233 ns, Total: 199861 ns
[2022-06-29T05:41:43.891+0000][9][safepoint   ] Safepoint "Cleanup", Time since last: 6003030728 ns, Reaching safepoint: 177714 ns, At safepoint: 6249 ns, Total: 183963 ns
[2022-06-29T05:41:46.895+0000][9][safepoint   ] Safepoint "Cleanup", Time since last: 3003353191 ns, Reaching safepoint: 199004 ns, At safepoint: 50195 ns, Total: 249199 ns
[2022-06-29T05:41:53.901+0000][9][safepoint   ] Safepoint "Cleanup", Time since last: 7005453114 ns, Reaching safepoint: 113824 ns, At safepoint: 6922 ns, Total: 120746 ns
[2022-06-29T05:41:55.903+0000][9][safepoint   ] Safepoint "Cleanup", Time since last: 2002469731 ns, Reaching safepoint: 363752 ns, At safepoint: 34176 ns, Total: 397928 ns
[2022-06-29T05:42:04.321+0000][9][gc,start    ] GC(35) Pause Young (Normal) (G1 Evacuation Pause)
[2022-06-29T05:42:04.323+0000][9][gc,task     ] GC(35) Using 4 workers of 4 for evacuation
[2022-06-29T05:42:04.325+0000][9][gc,age      ] GC(35) Desired survivor size 20971520 bytes, new threshold 15 (max threshold 15)
[2022-06-29T05:42:04.360+0000][9][gc,phases   ] GC(35)   Pre Evacuate Collection Set: 0.3ms
[2022-06-29T05:42:04.361+0000][9][gc,phases   ] GC(35)   Merge Heap Roots: 0.4ms
[2022-06-29T05:42:04.362+0000][9][gc,phases   ] GC(35)   Evacuate Collection Set: 30.2ms
[2022-06-29T05:42:04.362+0000][9][gc,phases   ] GC(35)   Post Evacuate Collection Set: 3.5ms
[2022-06-29T05:42:04.363+0000][9][gc,phases   ] GC(35)   Other: 2.8ms
[2022-06-29T05:42:04.364+0000][9][gc,age      ] GC(35) Age table with threshold 15 (max threshold 15)
[2022-06-29T05:42:04.364+0000][9][gc,age      ] GC(35) - age   1:     736344 bytes,     736344 total
[2022-06-29T05:42:04.365+0000][9][gc,age      ] GC(35) - age   2:       7304 bytes,     743648 total
[2022-06-29T05:42:04.365+0000][9][gc,age      ] GC(35) - age   3:      11968 bytes,     755616 total
[2022-06-29T05:42:04.366+0000][9][gc,age      ] GC(35) - age   4:      13704 bytes,     769320 total
[2022-06-29T05:42:04.366+0000][9][gc,age      ] GC(35) - age   5:       5640 bytes,     774960 total
[2022-06-29T05:42:04.367+0000][9][gc,age      ] GC(35) - age   6:      15192 bytes,     790152 total
[2022-06-29T05:42:04.368+0000][9][gc,age      ] GC(35) - age   7:       3104 bytes,     793256 total
[2022-06-29T05:42:04.368+0000][9][gc,age      ] GC(35) - age   8:      16536 bytes,     809792 total
[2022-06-29T05:42:04.369+0000][9][gc,age      ] GC(35) - age   9:     145192 bytes,     954984 total
[2022-06-29T05:42:04.370+0000][9][gc,age      ] GC(35) - age  10:      25168 bytes,     980152 total
[2022-06-29T05:42:04.371+0000][9][gc,age      ] GC(35) - age  11:      12480 bytes,     992632 total
[2022-06-29T05:42:04.372+0000][9][gc,age      ] GC(35) - age  12:    1485896 bytes,    2478528 total
[2022-06-29T05:42:04.372+0000][9][gc,age      ] GC(35) - age  13:     628832 bytes,    3107360 total
[2022-06-29T05:42:04.373+0000][9][gc,age      ] GC(35) - age  14:      26544 bytes,    3133904 total
[2022-06-29T05:42:04.374+0000][9][gc,age      ] GC(35) - age  15:     375688 bytes,    3509592 total
[2022-06-29T05:42:04.375+0000][9][gc,heap     ] GC(35) Eden regions: 73->0(75)
[2022-06-29T05:42:04.376+0000][9][gc,heap     ] GC(35) Survivor regions: 3->1(10)
[2022-06-29T05:42:04.377+0000][9][gc,heap     ] GC(35) Old regions: 20->21
[2022-06-29T05:42:04.378+0000][9][gc,heap     ] GC(35) Archive regions: 2->2
[2022-06-29T05:42:04.379+0000][9][gc,heap     ] GC(35) Humongous regions: 0->0
[2022-06-29T05:42:04.380+0000][9][gc,metaspace] GC(35) Metaspace: 128971K(132224K)->128971K(132224K) NonClass: 111989K(113664K)->111989K(113664K) Class: 16981K(18560K)->16981K(18560K)
[2022-06-29T05:42:04.380+0000][9][gc          ] GC(35) Pause Young (Normal) (G1 Evacuation Pause) 381M->89M(512M) 59.322ms
[2022-06-29T05:42:04.382+0000][9][gc,cpu      ] GC(35) User=0.10s Sys=0.01s Real=0.06s
[2022-06-29T05:42:04.382+0000][9][safepoint   ] Safepoint "G1CollectForAllocation", Time since last: 8417195122 ns, Reaching safepoint: 171790 ns, At safepoint: 61217892 ns, Total: 61389682 ns
[2022-06-29T05:42:13.370+0000][9][safepoint   ] Safepoint "Cleanup", Time since last: 9009152407 ns, Reaching safepoint: 268069 ns, At safepoint: 21707 ns, Total: 289776 ns
[2022-06-29T05:42:28.385+0000][9][safepoint   ] Safepoint "Cleanup", Time since last: 15014860964 ns, Reaching safepoint: 270654 ns, At safepoint: 21823 ns, Total: 292477 ns
[2022-06-29T05:42:34.392+0000][9][safepoint   ] Safepoint "Cleanup", Time since last: 6006766087 ns, Reaching safepoint: 134928 ns, At safepoint: 6185 ns, Total: 141113 ns
[2022-06-29T05:42:47.377+0000][9][safepoint   ] Safepoint "Cleanup", Time since last: 13006432788 ns, Reaching safepoint: 153343 ns, At safepoint: 8525 ns, Total: 161868 ns
[2022-06-29T05:42:52.381+0000][9][safepoint   ] Safepoint "Cleanup", Time since last: 5004068785 ns, Reaching safepoint: 317750 ns, At safepoint: 34044 ns, Total: 351794 ns
[2022-06-29T05:42:53.384+0000][9][safepoint   ] Safepoint "Cleanup", Time since last: 1001819419 ns, Reaching safepoint: 483355 ns, At safepoint: 33270 ns, Total: 516625 ns
[2022-06-29T05:42:55.388+0000][9][safepoint   ] Safepoint "Cleanup", Time since last: 2003857310 ns, Reaching safepoint: 158626 ns, At safepoint: 15028 ns, Total: 173654 ns
[2022-06-29T05:43:02.394+0000][9][safepoint   ] Safepoint "Cleanup", Time since last: 7005922546 ns, Reaching safepoint: 271310 ns, At safepoint: 16492 ns, Total: 287802 ns
[2022-06-29T05:43:25.387+0000][9][safepoint   ] Safepoint "Cleanup", Time since last: 23015621679 ns, Reaching safepoint: 266762 ns, At safepoint: 16439 ns, Total: 283201 ns
[2022-06-29T05:43:32.316+0000][9][safepoint   ] Safepoint "Cleanup", Time since last: 6928925675 ns, Reaching safepoint: 144182 ns, At safepoint: 6610 ns, Total: 150792 ns
[2022-06-29T05:43:35.399+0000][9][safepoint   ] Safepoint "Cleanup", Time since last: 3082341297 ns, Reaching safepoint: 110152 ns, At safepoint: 6042 ns, Total: 116194 ns
[2022-06-29T05:43:37.380+0000][9][safepoint   ] Safepoint "Cleanup", Time since last: 2002140708 ns, Reaching safepoint: 125614 ns, At safepoint: 5970 ns, Total: 131584 ns
[2022-06-29T05:43:38.383+0000][9][safepoint   ] Safepoint "Cleanup", Time since last: 1002234364 ns, Reaching safepoint: 244453 ns, At safepoint: 7276 ns, Total: 251729 ns
[2022-06-29T05:43:46.387+0000][9][safepoint   ] Safepoint "Cleanup", Time since last: 8004515907 ns, Reaching safepoint: 134539 ns, At safepoint: 5797 ns, Total: 140336 ns
[2022-06-29T05:43:49.270+0000][9][gc,start    ] GC(36) Pause Young (Normal) (G1 Evacuation Pause)
[2022-06-29T05:43:49.272+0000][9][gc,task     ] GC(36) Using 4 workers of 4 for evacuation
[2022-06-29T05:43:49.272+0000][9][gc,age      ] GC(36) Desired survivor size 20971520 bytes, new threshold 15 (max threshold 15)
[2022-06-29T05:43:49.283+0000][9][gc,phases   ] GC(36)   Pre Evacuate Collection Set: 0.1ms
[2022-06-29T05:43:49.284+0000][9][gc,phases   ] GC(36)   Merge Heap Roots: 0.1ms
[2022-06-29T05:43:49.285+0000][9][gc,phases   ] GC(36)   Evacuate Collection Set: 8.8ms
[2022-06-29T05:43:49.285+0000][9][gc,phases   ] GC(36)   Post Evacuate Collection Set: 1.1ms
[2022-06-29T05:43:49.286+0000][9][gc,phases   ] GC(36)   Other: 1.2ms
[2022-06-29T05:43:49.287+0000][9][gc,age      ] GC(36) Age table with threshold 15 (max threshold 15)
[2022-06-29T05:43:49.287+0000][9][gc,age      ] GC(36) - age   1:    1644008 bytes,    1644008 total
[2022-06-29T05:43:49.288+0000][9][gc,age      ] GC(36) - age   2:       6424 bytes,    1650432 total
[2022-06-29T05:43:49.288+0000][9][gc,age      ] GC(36) - age   3:       5048 bytes,    1655480 total
[2022-06-29T05:43:49.289+0000][9][gc,age      ] GC(36) - age   4:      11528 bytes,    1667008 total
[2022-06-29T05:43:49.289+0000][9][gc,age      ] GC(36) - age   5:      13640 bytes,    1680648 total
[2022-06-29T05:43:49.290+0000][9][gc,age      ] GC(36) - age   6:       5552 bytes,    1686200 total
[2022-06-29T05:43:49.291+0000][9][gc,age      ] GC(36) - age   7:      15192 bytes,    1701392 total
[2022-06-29T05:43:49.291+0000][9][gc,age      ] GC(36) - age   8:       3104 bytes,    1704496 total
[2022-06-29T05:43:49.292+0000][9][gc,age      ] GC(36) - age   9:      16536 bytes,    1721032 total
[2022-06-29T05:43:49.292+0000][9][gc,age      ] GC(36) - age  10:     145192 bytes,    1866224 total
[2022-06-29T05:43:49.293+0000][9][gc,age      ] GC(36) - age  11:      25168 bytes,    1891392 total
[2022-06-29T05:43:49.293+0000][9][gc,age      ] GC(36) - age  12:      12480 bytes,    1903872 total
[2022-06-29T05:43:49.294+0000][9][gc,age      ] GC(36) - age  13:    1485896 bytes,    3389768 total
[2022-06-29T05:43:49.295+0000][9][gc,age      ] GC(36) - age  14:     628832 bytes,    4018600 total
[2022-06-29T05:43:49.295+0000][9][gc,age      ] GC(36) - age  15:      26544 bytes,    4045144 total
[2022-06-29T05:43:49.295+0000][9][gc,heap     ] GC(36) Eden regions: 75->0(74)
[2022-06-29T05:43:49.296+0000][9][gc,heap     ] GC(36) Survivor regions: 1->2(10)
[2022-06-29T05:43:49.297+0000][9][gc,heap     ] GC(36) Old regions: 21->21
[2022-06-29T05:43:49.297+0000][9][gc,heap     ] GC(36) Archive regions: 2->2
[2022-06-29T05:43:49.298+0000][9][gc,heap     ] GC(36) Humongous regions: 0->0
[2022-06-29T05:43:49.299+0000][9][gc,metaspace] GC(36) Metaspace: 129013K(132288K)->129013K(132288K) NonClass: 112031K(113728K)->112031K(113728K) Class: 16981K(18560K)->16981K(18560K)
[2022-06-29T05:43:49.300+0000][9][gc          ] GC(36) Pause Young (Normal) (G1 Evacuation Pause) 389M->90M(512M) 29.297ms
[2022-06-29T05:43:49.300+0000][9][gc,cpu      ] GC(36) User=0.03s Sys=0.00s Real=0.03s
[2022-06-29T05:43:49.302+0000][9][safepoint   ] Safepoint "G1CollectForAllocation", Time since last: 2882759174 ns, Reaching safepoint: 185988 ns, At safepoint: 31276001 ns, Total: 31461989 ns
[2022-06-29T05:43:50.303+0000][9][safepoint   ] Safepoint "Cleanup", Time since last: 1001249948 ns, Reaching safepoint: 171595 ns, At safepoint: 9691 ns, Total: 181286 ns
[2022-06-29T05:44:08.293+0000][9][safepoint   ] Safepoint "Cleanup", Time since last: 18011111308 ns, Reaching safepoint: 426688 ns, At safepoint: 19680 ns, Total: 446368 ns
[2022-06-29T05:44:25.304+0000][9][safepoint   ] Safepoint "Cleanup", Time since last: 17010504067 ns, Reaching safepoint: 210915 ns, At safepoint: 7434 ns, Total: 218349 ns
[2022-06-29T05:44:28.310+0000][9][safepoint   ] Safepoint "Cleanup", Time since last: 3005565181 ns, Reaching safepoint: 127141 ns, At safepoint: 5187 ns, Total: 132328 ns
[2022-06-29T05:44:34.315+0000][9][safepoint   ] Safepoint "Cleanup", Time since last: 6004853179 ns, Reaching safepoint: 122348 ns, At safepoint: 15762 ns, Total: 138110 ns
[2022-06-29T05:44:35.317+0000][9][safepoint   ] Safepoint "Cleanup", Time since last: 1002135499 ns, Reaching safepoint: 103942 ns, At safepoint: 5351 ns, Total: 109293 ns
[2022-06-29T05:44:44.303+0000][9][safepoint   ] Safepoint "Cleanup", Time since last: 9007812607 ns, Reaching safepoint: 262952 ns, At safepoint: 17274 ns, Total: 280226 ns
[2022-06-29T05:44:45.308+0000][9][safepoint   ] Safepoint "Cleanup", Time since last: 1004862318 ns, Reaching safepoint: 325956 ns, At safepoint: 21265 ns, Total: 347221 ns
[2022-06-29T05:44:46.310+0000][9][safepoint   ] Safepoint "Cleanup", Time since last: 1001675874 ns, Reaching safepoint: 176415 ns, At safepoint: 19905 ns, Total: 196320 ns
[2022-06-29T05:44:49.317+0000][9][safepoint   ] Safepoint "Cleanup", Time since last: 3006233974 ns, Reaching safepoint: 94081 ns, At safepoint: 3346 ns, Total: 97427 ns
[2022-06-29T05:44:52.321+0000][9][safepoint   ] Safepoint "Cleanup", Time since last: 3004062817 ns, Reaching safepoint: 116220 ns, At safepoint: 6344 ns, Total: 122564 ns
[2022-06-29T05:44:55.324+0000][9][safepoint   ] Safepoint "Cleanup", Time since last: 3002837731 ns, Reaching safepoint: 83557 ns, At safepoint: 3118 ns, Total: 86675 ns
[2022-06-29T05:44:58.329+0000][9][safepoint   ] Safepoint "Cleanup", Time since last: 3004776436 ns, Reaching safepoint: 70754 ns, At safepoint: 2922 ns, Total: 73676 ns
[2022-06-29T05:45:01.331+0000][9][safepoint   ] Safepoint "Cleanup", Time since last: 3002256820 ns, Reaching safepoint: 83814 ns, At safepoint: 4771 ns, Total: 88585 ns
[2022-06-29T05:45:07.317+0000][9][safepoint   ] Safepoint "Cleanup", Time since last: 6006713226 ns, Reaching safepoint: 322202 ns, At safepoint: 84386 ns, Total: 406588 ns
[2022-06-29T05:45:10.225+0000][9][gc,start    ] GC(37) Pause Young (Normal) (G1 Evacuation Pause)
[2022-06-29T05:45:10.226+0000][9][gc,task     ] GC(37) Using 4 workers of 4 for evacuation
[2022-06-29T05:45:10.227+0000][9][gc,age      ] GC(37) Desired survivor size 20971520 bytes, new threshold 15 (max threshold 15)
[2022-06-29T05:45:10.238+0000][9][gc,phases   ] GC(37)   Pre Evacuate Collection Set: 0.1ms
[2022-06-29T05:45:10.239+0000][9][gc,phases   ] GC(37)   Merge Heap Roots: 0.1ms
[2022-06-29T05:45:10.240+0000][9][gc,phases   ] GC(37)   Evacuate Collection Set: 8.0ms
[2022-06-29T05:45:10.240+0000][9][gc,phases   ] GC(37)   Post Evacuate Collection Set: 1.1ms
[2022-06-29T05:45:10.241+0000][9][gc,phases   ] GC(37)   Other: 2.8ms
[2022-06-29T05:45:10.242+0000][9][gc,age      ] GC(37) Age table with threshold 15 (max threshold 15)
[2022-06-29T05:45:10.243+0000][9][gc,age      ] GC(37) - age   1:    1330192 bytes,    1330192 total
[2022-06-29T05:45:10.243+0000][9][gc,age      ] GC(37) - age   2:       6768 bytes,    1336960 total
[2022-06-29T05:45:10.244+0000][9][gc,age      ] GC(37) - age   3:       5824 bytes,    1342784 total
[2022-06-29T05:45:10.245+0000][9][gc,age      ] GC(37) - age   4:       4952 bytes,    1347736 total
[2022-06-29T05:45:10.245+0000][9][gc,age      ] GC(37) - age   5:      11528 bytes,    1359264 total
[2022-06-29T05:45:10.246+0000][9][gc,age      ] GC(37) - age   6:      13640 bytes,    1372904 total
[2022-06-29T05:45:10.247+0000][9][gc,age      ] GC(37) - age   7:       5552 bytes,    1378456 total
[2022-06-29T05:45:10.247+0000][9][gc,age      ] GC(37) - age   8:      15192 bytes,    1393648 total
[2022-06-29T05:45:10.247+0000][9][gc,age      ] GC(37) - age   9:       3104 bytes,    1396752 total
[2022-06-29T05:45:10.248+0000][9][gc,age      ] GC(37) - age  10:      16352 bytes,    1413104 total
[2022-06-29T05:45:10.250+0000][9][gc,age      ] GC(37) - age  11:     145192 bytes,    1558296 total
[2022-06-29T05:45:10.251+0000][9][gc,age      ] GC(37) - age  12:      25168 bytes,    1583464 total
[2022-06-29T05:45:10.251+0000][9][gc,age      ] GC(37) - age  13:      12480 bytes,    1595944 total
[2022-06-29T05:45:10.252+0000][9][gc,age      ] GC(37) - age  14:    1485896 bytes,    3081840 total
[2022-06-29T05:45:10.253+0000][9][gc,age      ] GC(37) - age  15:     628832 bytes,    3710672 total
[2022-06-29T05:45:10.254+0000][9][gc,heap     ] GC(37) Eden regions: 74->0(75)
[2022-06-29T05:45:10.255+0000][9][gc,heap     ] GC(37) Survivor regions: 2->1(10)
[2022-06-29T05:45:10.256+0000][9][gc,heap     ] GC(37) Old regions: 21->21
[2022-06-29T05:45:10.256+0000][9][gc,heap     ] GC(37) Archive regions: 2->2
[2022-06-29T05:45:10.257+0000][9][gc,heap     ] GC(37) Humongous regions: 0->0
[2022-06-29T05:45:10.258+0000][9][gc,metaspace] GC(37) Metaspace: 129032K(132288K)->129032K(132288K) NonClass: 112050K(113728K)->112050K(113728K) Class: 16981K(18560K)->16981K(18560K)
[2022-06-29T05:45:10.258+0000][9][gc          ] GC(37) Pause Young (Normal) (G1 Evacuation Pause) 386M->89M(512M) 33.276ms
[2022-06-29T05:45:10.259+0000][9][gc,cpu      ] GC(37) User=0.02s Sys=0.00s Real=0.04s
[2022-06-29T05:45:10.260+0000][9][safepoint   ] Safepoint "G1CollectForAllocation", Time since last: 2908048550 ns, Reaching safepoint: 68865 ns, At safepoint: 34720472 ns, Total: 34789337 ns
[2022-06-29T05:45:14.263+0000][9][safepoint   ] Safepoint "Cleanup", Time since last: 4002717332 ns, Reaching safepoint: 171614 ns, At safepoint: 7493 ns, Total: 179107 ns
[2022-06-29T05:45:19.278+0000][9][safepoint   ] Safepoint "Cleanup", Time since last: 5015151279 ns, Reaching safepoint: 174833 ns, At safepoint: 7142 ns, Total: 181975 ns
[2022-06-29T05:45:23.284+0000][9][safepoint   ] Safepoint "Cleanup", Time since last: 4005091349 ns, Reaching safepoint: 406062 ns, At safepoint: 119378 ns, Total: 525440 ns
[2022-06-29T05:45:25.288+0000][9][safepoint   ] Safepoint "Cleanup", Time since last: 2004257649 ns, Reaching safepoint: 139079 ns, At safepoint: 6238 ns, Total: 145317 ns
[2022-06-29T05:45:28.292+0000][9][safepoint   ] Safepoint "Cleanup", Time since last: 3004295608 ns, Reaching safepoint: 160491 ns, At safepoint: 9909 ns, Total: 170400 ns
[2022-06-29T05:45:34.297+0000][9][safepoint   ] Safepoint "Cleanup", Time since last: 6003912064 ns, Reaching safepoint: 118350 ns, At safepoint: 4855 ns, Total: 123205 ns
[2022-06-29T05:45:46.295+0000][9][safepoint   ] Safepoint "Cleanup", Time since last: 12020214492 ns, Reaching safepoint: 200704 ns, At safepoint: 5218 ns, Total: 205922 ns
[2022-06-29T05:45:49.298+0000][9][safepoint   ] Safepoint "Cleanup", Time since last: 3002559679 ns, Reaching safepoint: 120243 ns, At safepoint: 34052 ns, Total: 154295 ns
[2022-06-29T05:45:50.300+0000][9][safepoint   ] Safepoint "Cleanup", Time since last: 1001880559 ns, Reaching safepoint: 168855 ns, At safepoint: 15264 ns, Total: 184119 ns
[2022-06-29T05:45:55.304+0000][9][safepoint   ] Safepoint "Cleanup", Time since last: 5003755513 ns, Reaching safepoint: 280674 ns, At safepoint: 14359 ns, Total: 295033 ns
[2022-06-29T05:46:07.293+0000][9][safepoint   ] Safepoint "Cleanup", Time since last: 12010338144 ns, Reaching safepoint: 404792 ns, At safepoint: 28667 ns, Total: 433459 ns
[2022-06-29T05:46:10.295+0000][9][safepoint   ] Safepoint "Cleanup", Time since last: 3002360744 ns, Reaching safepoint: 58168 ns, At safepoint: 2812 ns, Total: 60980 ns
[2022-06-29T05:46:26.309+0000][9][safepoint   ] Safepoint "Cleanup", Time since last: 16014210409 ns, Reaching safepoint: 128375 ns, At safepoint: 7394 ns, Total: 135769 ns
[2022-06-29T05:46:28.312+0000][9][safepoint   ] Safepoint "Cleanup", Time since last: 2002932116 ns, Reaching safepoint: 86943 ns, At safepoint: 8515 ns, Total: 95458 ns
[2022-06-29T05:46:37.171+0000][9][gc,start    ] GC(38) Pause Young (Normal) (G1 Evacuation Pause)
[2022-06-29T05:46:37.172+0000][9][gc,task     ] GC(38) Using 4 workers of 4 for evacuation
[2022-06-29T05:46:37.173+0000][9][gc,age      ] GC(38) Desired survivor size 20971520 bytes, new threshold 15 (max threshold 15)
[2022-06-29T05:46:37.182+0000][9][gc,phases   ] GC(38)   Pre Evacuate Collection Set: 0.1ms
[2022-06-29T05:46:37.183+0000][9][gc,phases   ] GC(38)   Merge Heap Roots: 0.1ms
[2022-06-29T05:46:37.184+0000][9][gc,phases   ] GC(38)   Evacuate Collection Set: 7.2ms
[2022-06-29T05:46:37.184+0000][9][gc,phases   ] GC(38)   Post Evacuate Collection Set: 1.1ms
[2022-06-29T05:46:37.185+0000][9][gc,phases   ] GC(38)   Other: 1.4ms
[2022-06-29T05:46:37.186+0000][9][gc,age      ] GC(38) Age table with threshold 15 (max threshold 15)
[2022-06-29T05:46:37.186+0000][9][gc,age      ] GC(38) - age   1:    1181496 bytes,    1181496 total
[2022-06-29T05:46:37.188+0000][9][gc,age      ] GC(38) - age   2:       3808 bytes,    1185304 total
[2022-06-29T05:46:37.191+0000][9][gc,age      ] GC(38) - age   3:       5112 bytes,    1190416 total
[2022-06-29T05:46:37.191+0000][9][gc,age      ] GC(38) - age   4:       5760 bytes,    1196176 total
[2022-06-29T05:46:37.192+0000][9][gc,age      ] GC(38) - age   5:       4952 bytes,    1201128 total
[2022-06-29T05:46:37.193+0000][9][gc,age      ] GC(38) - age   6:       3392 bytes,    1204520 total
[2022-06-29T05:46:37.193+0000][9][gc,age      ] GC(38) - age   7:      13640 bytes,    1218160 total
[2022-06-29T05:46:37.194+0000][9][gc,age      ] GC(38) - age   8:       5552 bytes,    1223712 total
[2022-06-29T05:46:37.195+0000][9][gc,age      ] GC(38) - age   9:      15192 bytes,    1238904 total
[2022-06-29T05:46:37.197+0000][9][gc,age      ] GC(38) - age  10:       3104 bytes,    1242008 total
[2022-06-29T05:46:37.198+0000][9][gc,age      ] GC(38) - age  11:      16352 bytes,    1258360 total
[2022-06-29T05:46:37.199+0000][9][gc,age      ] GC(38) - age  12:     145192 bytes,    1403552 total
[2022-06-29T05:46:37.199+0000][9][gc,age      ] GC(38) - age  13:      25168 bytes,    1428720 total
[2022-06-29T05:46:37.200+0000][9][gc,age      ] GC(38) - age  14:      12480 bytes,    1441200 total
[2022-06-29T05:46:37.200+0000][9][gc,age      ] GC(38) - age  15:    1485896 bytes,    2927096 total
[2022-06-29T05:46:37.201+0000][9][gc,heap     ] GC(38) Eden regions: 75->0(75)
[2022-06-29T05:46:37.201+0000][9][gc,heap     ] GC(38) Survivor regions: 1->1(10)
[2022-06-29T05:46:37.202+0000][9][gc,heap     ] GC(38) Old regions: 21->21
[2022-06-29T05:46:37.202+0000][9][gc,heap     ] GC(38) Archive regions: 2->2
[2022-06-29T05:46:37.203+0000][9][gc,heap     ] GC(38) Humongous regions: 0->0
[2022-06-29T05:46:37.204+0000][9][gc,metaspace] GC(38) Metaspace: 129050K(132352K)->129050K(132352K) NonClass: 112068K(113792K)->112068K(113792K) Class: 16981K(18560K)->16981K(18560K)
[2022-06-29T05:46:37.204+0000][9][gc          ] GC(38) Pause Young (Normal) (G1 Evacuation Pause) 389M->89M(512M) 33.584ms
[2022-06-29T05:46:37.205+0000][9][gc,cpu      ] GC(38) User=0.02s Sys=0.00s Real=0.04s
[2022-06-29T05:46:37.205+0000][9][safepoint   ] Safepoint "G1CollectForAllocation", Time since last: 8879789184 ns, Reaching safepoint: 75565 ns, At safepoint: 34722223 ns, Total: 34797788 ns
[2022-06-29T05:46:38.207+0000][9][safepoint   ] Safepoint "Cleanup", Time since last: 1001276164 ns, Reaching safepoint: 189008 ns, At safepoint: 6106 ns, Total: 195114 ns
[2022-06-29T05:46:44.215+0000][9][safepoint   ] Safepoint "Cleanup", Time since last: 6007429073 ns, Reaching safepoint: 124799 ns, At safepoint: 5898 ns, Total: 130697 ns
[2022-06-29T05:46:46.216+0000][9][safepoint   ] Safepoint "Cleanup", Time since last: 2001736227 ns, Reaching safepoint: 162708 ns, At safepoint: 17185 ns, Total: 179893 ns
[2022-06-29T05:46:56.224+0000][9][safepoint   ] Safepoint "Cleanup", Time since last: 10007065046 ns, Reaching safepoint: 333804 ns, At safepoint: 90993 ns, Total: 424797 ns
[2022-06-29T05:47:07.224+0000][9][safepoint   ] Safepoint "Cleanup", Time since last: 11009805242 ns, Reaching safepoint: 225630 ns, At safepoint: 7401 ns, Total: 233031 ns
[2022-06-29T05:47:08.225+0000][9][safepoint   ] Safepoint "Cleanup", Time since last: 1001260805 ns, Reaching safepoint: 129818 ns, At safepoint: 5669 ns, Total: 135487 ns
[2022-06-29T05:47:13.234+0000][9][safepoint   ] Safepoint "Cleanup", Time since last: 5008583455 ns, Reaching safepoint: 148044 ns, At safepoint: 4869 ns, Total: 152913 ns
[2022-06-29T05:47:14.236+0000][9][safepoint   ] Safepoint "Cleanup", Time since last: 1001282658 ns, Reaching safepoint: 80904 ns, At safepoint: 5028 ns, Total: 85932 ns
[2022-06-29T05:47:22.246+0000][9][safepoint   ] Safepoint "Cleanup", Time since last: 8010276760 ns, Reaching safepoint: 188308 ns, At safepoint: 14430 ns, Total: 202738 ns
[2022-06-29T05:47:26.251+0000][9][safepoint   ] Safepoint "Cleanup", Time since last: 4004612737 ns, Reaching safepoint: 193049 ns, At safepoint: 10247 ns, Total: 203296 ns
[2022-06-29T05:47:28.255+0000][9][safepoint   ] Safepoint "Cleanup", Time since last: 2003773515 ns, Reaching safepoint: 109907 ns, At safepoint: 6523 ns, Total: 116430 ns
[2022-06-29T05:47:46.235+0000][9][safepoint   ] Safepoint "Cleanup", Time since last: 18013439513 ns, Reaching safepoint: 75350 ns, At safepoint: 4679 ns, Total: 80029 ns
[2022-06-29T05:47:55.242+0000][9][safepoint   ] Safepoint "Cleanup", Time since last: 9006911707 ns, Reaching safepoint: 108581 ns, At safepoint: 10044 ns, Total: 118625 ns
[2022-06-29T05:47:58.227+0000][9][gc,start    ] GC(39) Pause Young (Normal) (G1 Evacuation Pause)
[2022-06-29T05:47:58.228+0000][9][gc,task     ] GC(39) Using 4 workers of 4 for evacuation
[2022-06-29T05:47:58.229+0000][9][gc,age      ] GC(39) Desired survivor size 20971520 bytes, new threshold 15 (max threshold 15)
[2022-06-29T05:47:58.240+0000][9][gc,phases   ] GC(39)   Pre Evacuate Collection Set: 0.2ms
[2022-06-29T05:47:58.241+0000][9][gc,phases   ] GC(39)   Merge Heap Roots: 0.2ms
[2022-06-29T05:47:58.242+0000][9][gc,phases   ] GC(39)   Evacuate Collection Set: 7.7ms
[2022-06-29T05:47:58.242+0000][9][gc,phases   ] GC(39)   Post Evacuate Collection Set: 2.6ms
[2022-06-29T05:47:58.243+0000][9][gc,phases   ] GC(39)   Other: 1.8ms
[2022-06-29T05:47:58.244+0000][9][gc,age      ] GC(39) Age table with threshold 15 (max threshold 15)
[2022-06-29T05:47:58.244+0000][9][gc,age      ] GC(39) - age   1:    1398336 bytes,    1398336 total
[2022-06-29T05:47:58.245+0000][9][gc,age      ] GC(39) - age   2:       5680 bytes,    1404016 total
[2022-06-29T05:47:58.246+0000][9][gc,age      ] GC(39) - age   3:       2120 bytes,    1406136 total
[2022-06-29T05:47:58.246+0000][9][gc,age      ] GC(39) - age   4:       5048 bytes,    1411184 total
[2022-06-29T05:47:58.247+0000][9][gc,age      ] GC(39) - age   5:       5480 bytes,    1416664 total
[2022-06-29T05:47:58.247+0000][9][gc,age      ] GC(39) - age   6:       4952 bytes,    1421616 total
[2022-06-29T05:47:58.248+0000][9][gc,age      ] GC(39) - age   7:       3208 bytes,    1424824 total
[2022-06-29T05:47:58.248+0000][9][gc,age      ] GC(39) - age   8:      13552 bytes,    1438376 total
[2022-06-29T05:47:58.249+0000][9][gc,age      ] GC(39) - age   9:       5552 bytes,    1443928 total
[2022-06-29T05:47:58.250+0000][9][gc,age      ] GC(39) - age  10:      15192 bytes,    1459120 total
[2022-06-29T05:47:58.250+0000][9][gc,age      ] GC(39) - age  11:       3104 bytes,    1462224 total
[2022-06-29T05:47:58.251+0000][9][gc,age      ] GC(39) - age  12:      16352 bytes,    1478576 total
[2022-06-29T05:47:58.251+0000][9][gc,age      ] GC(39) - age  13:     145192 bytes,    1623768 total
[2022-06-29T05:47:58.252+0000][9][gc,age      ] GC(39) - age  14:      25168 bytes,    1648936 total
[2022-06-29T05:47:58.253+0000][9][gc,age      ] GC(39) - age  15:      12480 bytes,    1661416 total
[2022-06-29T05:47:58.253+0000][9][gc,heap     ] GC(39) Eden regions: 75->0(75)
[2022-06-29T05:47:58.255+0000][9][gc,heap     ] GC(39) Survivor regions: 1->1(10)
[2022-06-29T05:47:58.256+0000][9][gc,heap     ] GC(39) Old regions: 21->22
[2022-06-29T05:47:58.257+0000][9][gc,heap     ] GC(39) Archive regions: 2->2
[2022-06-29T05:47:58.260+0000][9][gc,heap     ] GC(39) Humongous regions: 0->0
[2022-06-29T05:47:58.261+0000][9][gc,metaspace] GC(39) Metaspace: 129066K(132352K)->129066K(132352K) NonClass: 112084K(113792K)->112084K(113792K) Class: 16982K(18560K)->16982K(18560K)
[2022-06-29T05:47:58.262+0000][9][gc          ] GC(39) Pause Young (Normal) (G1 Evacuation Pause) 389M->90M(512M) 34.931ms
[2022-06-29T05:47:58.263+0000][9][gc,cpu      ] GC(39) User=0.02s Sys=0.00s Real=0.04s
[2022-06-29T05:47:58.264+0000][9][safepoint   ] Safepoint "G1CollectForAllocation", Time since last: 2984327875 ns, Reaching safepoint: 195490 ns, At safepoint: 37164597 ns, Total: 37360087 ns
[2022-06-29T05:48:01.271+0000][9][safepoint   ] Safepoint "Cleanup", Time since last: 3007194725 ns, Reaching safepoint: 155243 ns, At safepoint: 7421 ns, Total: 162664 ns
[2022-06-29T05:48:02.274+0000][9][safepoint   ] Safepoint "Cleanup", Time since last: 1002325262 ns, Reaching safepoint: 203970 ns, At safepoint: 30279 ns, Total: 234249 ns
[2022-06-29T05:48:03.276+0000][9][safepoint   ] Safepoint "Cleanup", Time since last: 1001858860 ns, Reaching safepoint: 144773 ns, At safepoint: 14413 ns, Total: 159186 ns
[2022-06-29T05:48:07.258+0000][9][safepoint   ] Safepoint "Cleanup", Time since last: 4004043281 ns, Reaching safepoint: 217556 ns, At safepoint: 14637 ns, Total: 232193 ns
[2022-06-29T05:48:08.260+0000][9][safepoint   ] Safepoint "Cleanup", Time since last: 1001911234 ns, Reaching safepoint: 281517 ns, At safepoint: 11453 ns, Total: 292970 ns
[2022-06-29T05:48:10.263+0000][9][safepoint   ] Safepoint "Cleanup", Time since last: 2002323311 ns, Reaching safepoint: 302260 ns, At safepoint: 14806 ns, Total: 317066 ns
[2022-06-29T05:48:19.272+0000][9][safepoint   ] Safepoint "Cleanup", Time since last: 9008853718 ns, Reaching safepoint: 272117 ns, At safepoint: 7255 ns, Total: 279372 ns
[2022-06-29T05:48:22.276+0000][9][safepoint   ] Safepoint "Cleanup", Time since last: 3004549010 ns, Reaching safepoint: 130809 ns, At safepoint: 6095 ns, Total: 136904 ns
[2022-06-29T05:48:25.281+0000][9][safepoint   ] Safepoint "Cleanup", Time since last: 3004857192 ns, Reaching safepoint: 151458 ns, At safepoint: 9976 ns, Total: 161434 ns
[2022-06-29T05:48:28.286+0000][9][safepoint   ] Safepoint "Cleanup", Time since last: 3003993287 ns, Reaching safepoint: 489378 ns, At safepoint: 65215 ns, Total: 554593 ns
[2022-06-29T05:48:37.272+0000][9][safepoint   ] Safepoint "Cleanup", Time since last: 9006311720 ns, Reaching safepoint: 619754 ns, At safepoint: 5218 ns, Total: 624972 ns
[2022-06-29T05:48:38.274+0000][9][safepoint   ] Safepoint "Cleanup", Time since last: 1001871609 ns, Reaching safepoint: 119163 ns, At safepoint: 25134 ns, Total: 144297 ns
[2022-06-29T05:48:56.291+0000][9][safepoint   ] Safepoint "Cleanup", Time since last: 18017415849 ns, Reaching safepoint: 114705 ns, At safepoint: 3030 ns, Total: 117735 ns
[2022-06-29T05:49:07.281+0000][9][safepoint   ] Safepoint "Cleanup", Time since last: 11010115799 ns, Reaching safepoint: 79951 ns, At safepoint: 4615 ns, Total: 84566 ns
[2022-06-29T05:49:22.140+0000][9][gc,start    ] GC(40) Pause Young (Normal) (G1 Evacuation Pause)
[2022-06-29T05:49:22.142+0000][9][gc,task     ] GC(40) Using 4 workers of 4 for evacuation
[2022-06-29T05:49:22.142+0000][9][gc,age      ] GC(40) Desired survivor size 20971520 bytes, new threshold 15 (max threshold 15)
[2022-06-29T05:49:22.157+0000][9][gc,phases   ] GC(40)   Pre Evacuate Collection Set: 0.3ms
[2022-06-29T05:49:22.158+0000][9][gc,phases   ] GC(40)   Merge Heap Roots: 0.1ms
[2022-06-29T05:49:22.159+0000][9][gc,phases   ] GC(40)   Evacuate Collection Set: 12.5ms
[2022-06-29T05:49:22.160+0000][9][gc,phases   ] GC(40)   Post Evacuate Collection Set: 1.0ms
[2022-06-29T05:49:22.160+0000][9][gc,phases   ] GC(40)   Other: 1.5ms
[2022-06-29T05:49:22.161+0000][9][gc,age      ] GC(40) Age table with threshold 15 (max threshold 15)
[2022-06-29T05:49:22.162+0000][9][gc,age      ] GC(40) - age   1:     973936 bytes,     973936 total
[2022-06-29T05:49:22.163+0000][9][gc,age      ] GC(40) - age   2:       3616 bytes,     977552 total
[2022-06-29T05:49:22.163+0000][9][gc,age      ] GC(40) - age   3:       4888 bytes,     982440 total
[2022-06-29T05:49:22.164+0000][9][gc,age      ] GC(40) - age   4:       1712 bytes,     984152 total
[2022-06-29T05:49:22.164+0000][9][gc,age      ] GC(40) - age   5:       5048 bytes,     989200 total
[2022-06-29T05:49:22.165+0000][9][gc,age      ] GC(40) - age   6:       5480 bytes,     994680 total
[2022-06-29T05:49:22.166+0000][9][gc,age      ] GC(40) - age   7:       4568 bytes,     999248 total
[2022-06-29T05:49:22.166+0000][9][gc,age      ] GC(40) - age   8:       2832 bytes,    1002080 total
[2022-06-29T05:49:22.169+0000][9][gc,age      ] GC(40) - age   9:      13552 bytes,    1015632 total
[2022-06-29T05:49:22.170+0000][9][gc,age      ] GC(40) - age  10:       5552 bytes,    1021184 total
[2022-06-29T05:49:22.170+0000][9][gc,age      ] GC(40) - age  11:      14800 bytes,    1035984 total
[2022-06-29T05:49:22.171+0000][9][gc,age      ] GC(40) - age  12:       3104 bytes,    1039088 total
[2022-06-29T05:49:22.172+0000][9][gc,age      ] GC(40) - age  13:      16352 bytes,    1055440 total
[2022-06-29T05:49:22.172+0000][9][gc,age      ] GC(40) - age  14:     145192 bytes,    1200632 total
[2022-06-29T05:49:22.173+0000][9][gc,age      ] GC(40) - age  15:      25168 bytes,    1225800 total
[2022-06-29T05:49:22.173+0000][9][gc,heap     ] GC(40) Eden regions: 75->0(75)
[2022-06-29T05:49:22.174+0000][9][gc,heap     ] GC(40) Survivor regions: 1->1(10)
[2022-06-29T05:49:22.175+0000][9][gc,heap     ] GC(40) Old regions: 22->22
[2022-06-29T05:49:22.175+0000][9][gc,heap     ] GC(40) Archive regions: 2->2
[2022-06-29T05:49:22.176+0000][9][gc,heap     ] GC(40) Humongous regions: 0->0
[2022-06-29T05:49:22.176+0000][9][gc,metaspace] GC(40) Metaspace: 129083K(132352K)->129083K(132352K) NonClass: 112100K(113792K)->112100K(113792K) Class: 16982K(18560K)->16982K(18560K)
[2022-06-29T05:49:22.177+0000][9][gc          ] GC(40) Pause Young (Normal) (G1 Evacuation Pause) 390M->89M(512M) 36.860ms
[2022-06-29T05:49:22.178+0000][9][gc,cpu      ] GC(40) User=0.02s Sys=0.00s Real=0.04s
[2022-06-29T05:49:22.178+0000][9][safepoint   ] Safepoint "G1CollectForAllocation", Time since last: 14859499500 ns, Reaching safepoint: 35849 ns, At safepoint: 38161146 ns, Total: 38196995 ns
[2022-06-29T05:49:28.184+0000][9][safepoint   ] Safepoint "Cleanup", Time since last: 6005725402 ns, Reaching safepoint: 355586 ns, At safepoint: 30481 ns, Total: 386067 ns
[2022-06-29T05:49:31.188+0000][9][safepoint   ] Safepoint "Cleanup", Time since last: 3003147169 ns, Reaching safepoint: 150000 ns, At safepoint: 16772 ns, Total: 166772 ns
[2022-06-29T05:49:32.190+0000][9][safepoint   ] Safepoint "Cleanup", Time since last: 1002073169 ns, Reaching safepoint: 234609 ns, At safepoint: 20299 ns, Total: 254908 ns
[2022-06-29T05:49:33.192+0000][9][safepoint   ] Safepoint "Cleanup", Time since last: 1001861059 ns, Reaching safepoint: 207055 ns, At safepoint: 9786 ns, Total: 216841 ns
[2022-06-29T05:49:36.196+0000][9][safepoint   ] Safepoint "Cleanup", Time since last: 3003652939 ns, Reaching safepoint: 124079 ns, At safepoint: 13808 ns, Total: 137887 ns
[2022-06-29T05:49:52.184+0000][9][safepoint   ] Safepoint "Cleanup", Time since last: 16009715225 ns, Reaching safepoint: 310114 ns, At safepoint: 12217 ns, Total: 322331 ns
[2022-06-29T05:49:53.186+0000][9][safepoint   ] Safepoint "Cleanup", Time since last: 1001961320 ns, Reaching safepoint: 95568 ns, At safepoint: 4168 ns, Total: 99736 ns
[2022-06-29T05:50:02.194+0000][9][safepoint   ] Safepoint "Cleanup", Time since last: 9007267152 ns, Reaching safepoint: 235902 ns, At safepoint: 4342 ns, Total: 240244 ns
[2022-06-29T05:50:04.201+0000][9][safepoint   ] Safepoint "Cleanup", Time since last: 2006727247 ns, Reaching safepoint: 276062 ns, At safepoint: 9144 ns, Total: 285206 ns
[2022-06-29T05:50:05.204+0000][9][safepoint   ] Safepoint "Cleanup", Time since last: 1003370219 ns, Reaching safepoint: 160438 ns, At safepoint: 13840 ns, Total: 174278 ns
[2022-06-29T05:50:06.207+0000][9][safepoint   ] Safepoint "Cleanup", Time since last: 1002731841 ns, Reaching safepoint: 140903 ns, At safepoint: 8701 ns, Total: 149604 ns
[2022-06-29T05:50:07.188+0000][9][safepoint   ] Safepoint "Cleanup", Time since last: 1001486625 ns, Reaching safepoint: 95107 ns, At safepoint: 3561 ns, Total: 98668 ns
[2022-06-29T05:50:08.191+0000][9][safepoint   ] Safepoint "Cleanup", Time since last: 1002803360 ns, Reaching safepoint: 176014 ns, At safepoint: 9684 ns, Total: 185698 ns
[2022-06-29T05:50:10.193+0000][9][safepoint   ] Safepoint "Cleanup", Time since last: 2001776468 ns, Reaching safepoint: 198927 ns, At safepoint: 11867 ns, Total: 210794 ns
[2022-06-29T05:50:11.198+0000][9][safepoint   ] Safepoint "Cleanup", Time since last: 1004334945 ns, Reaching safepoint: 378074 ns, At safepoint: 18754 ns, Total: 396828 ns
[2022-06-29T05:50:19.204+0000][9][safepoint   ] Safepoint "Cleanup", Time since last: 8005799466 ns, Reaching safepoint: 120358 ns, At safepoint: 6105 ns, Total: 126463 ns
[2022-06-29T05:50:20.206+0000][9][safepoint   ] Safepoint "Cleanup", Time since last: 1002032390 ns, Reaching safepoint: 109764 ns, At safepoint: 5706 ns, Total: 115470 ns
[2022-06-29T05:50:22.208+0000][9][safepoint   ] Safepoint "Cleanup", Time since last: 2002118895 ns, Reaching safepoint: 85771 ns, At safepoint: 8319 ns, Total: 94090 ns
[2022-06-29T05:50:25.212+0000][9][safepoint   ] Safepoint "Cleanup", Time since last: 3002785025 ns, Reaching safepoint: 471660 ns, At safepoint: 26661 ns, Total: 498321 ns
[2022-06-29T05:50:26.214+0000][9][safepoint   ] Safepoint "Cleanup", Time since last: 1001683746 ns, Reaching safepoint: 206641 ns, At safepoint: 3084 ns, Total: 209725 ns
[2022-06-29T05:50:28.216+0000][9][safepoint   ] Safepoint "Cleanup", Time since last: 2002769633 ns, Reaching safepoint: 88098 ns, At safepoint: 7010 ns, Total: 95108 ns
[2022-06-29T05:50:32.220+0000][9][safepoint   ] Safepoint "Cleanup", Time since last: 4003414531 ns, Reaching safepoint: 62445 ns, At safepoint: 32004 ns, Total: 94449 ns
[2022-06-29T05:50:33.225+0000][9][safepoint   ] Safepoint "Cleanup", Time since last: 1002735389 ns, Reaching safepoint: 2376328 ns, At safepoint: 75512 ns, Total: 2451840 ns
[2022-06-29T05:50:40.208+0000][9][safepoint   ] Safepoint "Cleanup", Time since last: 7004542695 ns, Reaching safepoint: 146209 ns, At safepoint: 14246 ns, Total: 160455 ns
[2022-06-29T05:50:43.052+0000][9][gc,start    ] GC(41) Pause Young (Normal) (G1 Evacuation Pause)
[2022-06-29T05:50:43.054+0000][9][gc,task     ] GC(41) Using 4 workers of 4 for evacuation
[2022-06-29T05:50:43.054+0000][9][gc,age      ] GC(41) Desired survivor size 20971520 bytes, new threshold 15 (max threshold 15)
[2022-06-29T05:50:43.061+0000][9][gc,phases   ] GC(41)   Pre Evacuate Collection Set: 0.1ms
[2022-06-29T05:50:43.062+0000][9][gc,phases   ] GC(41)   Merge Heap Roots: 0.1ms
[2022-06-29T05:50:43.063+0000][9][gc,phases   ] GC(41)   Evacuate Collection Set: 4.3ms
[2022-06-29T05:50:43.064+0000][9][gc,phases   ] GC(41)   Post Evacuate Collection Set: 1.2ms
[2022-06-29T05:50:43.064+0000][9][gc,phases   ] GC(41)   Other: 1.6ms
[2022-06-29T05:50:43.065+0000][9][gc,age      ] GC(41) Age table with threshold 15 (max threshold 15)
[2022-06-29T05:50:43.066+0000][9][gc,age      ] GC(41) - age   1:    1018976 bytes,    1018976 total
[2022-06-29T05:50:43.066+0000][9][gc,age      ] GC(41) - age   2:      13488 bytes,    1032464 total
[2022-06-29T05:50:43.067+0000][9][gc,age      ] GC(41) - age   3:       2344 bytes,    1034808 total
[2022-06-29T05:50:43.067+0000][9][gc,age      ] GC(41) - age   4:       4824 bytes,    1039632 total
[2022-06-29T05:50:43.068+0000][9][gc,age      ] GC(41) - age   5:       1616 bytes,    1041248 total
[2022-06-29T05:50:43.069+0000][9][gc,age      ] GC(41) - age   6:       5048 bytes,    1046296 total
[2022-06-29T05:50:43.069+0000][9][gc,age      ] GC(41) - age   7:       5480 bytes,    1051776 total
[2022-06-29T05:50:43.070+0000][9][gc,age      ] GC(41) - age   8:       3608 bytes,    1055384 total
[2022-06-29T05:50:43.071+0000][9][gc,age      ] GC(41) - age   9:       2832 bytes,    1058216 total
[2022-06-29T05:50:43.071+0000][9][gc,age      ] GC(41) - age  10:      13552 bytes,    1071768 total
[2022-06-29T05:50:43.072+0000][9][gc,age      ] GC(41) - age  11:       5552 bytes,    1077320 total
[2022-06-29T05:50:43.072+0000][9][gc,age      ] GC(41) - age  12:      14800 bytes,    1092120 total
[2022-06-29T05:50:43.073+0000][9][gc,age      ] GC(41) - age  13:       3104 bytes,    1095224 total
[2022-06-29T05:50:43.074+0000][9][gc,age      ] GC(41) - age  14:      16352 bytes,    1111576 total
[2022-06-29T05:50:43.074+0000][9][gc,age      ] GC(41) - age  15:     145192 bytes,    1256768 total
[2022-06-29T05:50:43.077+0000][9][gc,heap     ] GC(41) Eden regions: 75->0(75)
[2022-06-29T05:50:43.077+0000][9][gc,heap     ] GC(41) Survivor regions: 1->1(10)
[2022-06-29T05:50:43.078+0000][9][gc,heap     ] GC(41) Old regions: 22->22
[2022-06-29T05:50:43.078+0000][9][gc,heap     ] GC(41) Archive regions: 2->2
[2022-06-29T05:50:43.079+0000][9][gc,heap     ] GC(41) Humongous regions: 0->0
[2022-06-29T05:50:43.080+0000][9][gc,metaspace] GC(41) Metaspace: 129112K(132352K)->129112K(132352K) NonClass: 112128K(113792K)->112128K(113792K) Class: 16984K(18560K)->16984K(18560K)
[2022-06-29T05:50:43.081+0000][9][gc          ] GC(41) Pause Young (Normal) (G1 Evacuation Pause) 389M->89M(512M) 28.361ms
[2022-06-29T05:50:43.081+0000][9][gc,cpu      ] GC(41) User=0.01s Sys=0.01s Real=0.03s
[2022-06-29T05:50:43.083+0000][9][safepoint   ] Safepoint "G1CollectForAllocation", Time since last: 2844098639 ns, Reaching safepoint: 60515 ns, At safepoint: 30096033 ns, Total: 30156548 ns
[2022-06-29T05:50:47.086+0000][9][safepoint   ] Safepoint "Cleanup", Time since last: 4003213932 ns, Reaching safepoint: 441474 ns, At safepoint: 41145 ns, Total: 482619 ns
[2022-06-29T05:51:20.082+0000][9][safepoint   ] Safepoint "Cleanup", Time since last: 33020402324 ns, Reaching safepoint: 162072 ns, At safepoint: 15118 ns, Total: 177190 ns
[2022-06-29T05:51:25.094+0000][9][safepoint   ] Safepoint "Cleanup", Time since last: 5011338221 ns, Reaching safepoint: 124425 ns, At safepoint: 5516 ns, Total: 129941 ns
[2022-06-29T05:51:30.827+0000][9][safepoint   ] Safepoint "Cleanup", Time since last: 5732626830 ns, Reaching safepoint: 159594 ns, At safepoint: 7556 ns, Total: 167150 ns
[2022-06-29T05:51:37.815+0000][9][safepoint   ] Safepoint "Cleanup", Time since last: 7007146276 ns, Reaching safepoint: 132182 ns, At safepoint: 6089 ns, Total: 138271 ns
[2022-06-29T05:51:38.821+0000][9][safepoint   ] Safepoint "Cleanup", Time since last: 1006291931 ns, Reaching safepoint: 276014 ns, At safepoint: 7803 ns, Total: 283817 ns
[2022-06-29T05:51:39.824+0000][9][safepoint   ] Safepoint "Cleanup", Time since last: 1002910628 ns, Reaching safepoint: 133521 ns, At safepoint: 6551 ns, Total: 140072 ns
[2022-06-29T05:51:40.828+0000][9][safepoint   ] Safepoint "Cleanup", Time since last: 1003106717 ns, Reaching safepoint: 190141 ns, At safepoint: 24092 ns, Total: 214233 ns
[2022-06-29T05:51:43.833+0000][9][safepoint   ] Safepoint "Cleanup", Time since last: 3005104626 ns, Reaching safepoint: 444711 ns, At safepoint: 24069 ns, Total: 468780 ns
[2022-06-29T05:51:50.241+0000][9][safepoint   ] Safepoint "Cleanup", Time since last: 6407191076 ns, Reaching safepoint: 136207 ns, At safepoint: 6132 ns, Total: 142339 ns
[2022-06-29T05:51:52.245+0000][9][safepoint   ] Safepoint "Cleanup", Time since last: 2003627826 ns, Reaching safepoint: 380336 ns, At safepoint: 33631 ns, Total: 413967 ns
[2022-06-29T05:51:55.249+0000][9][safepoint   ] Safepoint "Cleanup", Time since last: 3004203831 ns, Reaching safepoint: 145143 ns, At safepoint: 9903 ns, Total: 155046 ns
[2022-06-29T05:51:58.254+0000][9][safepoint   ] Safepoint "Cleanup", Time since last: 3004402033 ns, Reaching safepoint: 171416 ns, At safepoint: 8693 ns, Total: 180109 ns
[2022-06-29T05:52:00.256+0000][9][safepoint   ] Safepoint "Cleanup", Time since last: 2002102866 ns, Reaching safepoint: 153699 ns, At safepoint: 7700 ns, Total: 161399 ns
[2022-06-29T05:52:01.258+0000][9][safepoint   ] Safepoint "Cleanup", Time since last: 1002060240 ns, Reaching safepoint: 424568 ns, At safepoint: 37331 ns, Total: 461899 ns
[2022-06-29T05:52:04.035+0000][9][gc,start    ] GC(42) Pause Young (Normal) (G1 Evacuation Pause)
[2022-06-29T05:52:04.036+0000][9][gc,task     ] GC(42) Using 4 workers of 4 for evacuation
[2022-06-29T05:52:04.037+0000][9][gc,age      ] GC(42) Desired survivor size 20971520 bytes, new threshold 15 (max threshold 15)
[2022-06-29T05:52:04.042+0000][9][gc,phases   ] GC(42)   Pre Evacuate Collection Set: 0.1ms
[2022-06-29T05:52:04.043+0000][9][gc,phases   ] GC(42)   Merge Heap Roots: 0.0ms
[2022-06-29T05:52:04.044+0000][9][gc,phases   ] GC(42)   Evacuate Collection Set: 3.3ms
[2022-06-29T05:52:04.045+0000][9][gc,phases   ] GC(42)   Post Evacuate Collection Set: 1.0ms
[2022-06-29T05:52:04.046+0000][9][gc,phases   ] GC(42)   Other: 1.1ms
[2022-06-29T05:52:04.047+0000][9][gc,age      ] GC(42) Age table with threshold 15 (max threshold 15)
[2022-06-29T05:52:04.047+0000][9][gc,age      ] GC(42) - age   1:     883160 bytes,     883160 total
[2022-06-29T05:52:04.048+0000][9][gc,age      ] GC(42) - age   2:       6552 bytes,     889712 total
[2022-06-29T05:52:04.049+0000][9][gc,age      ] GC(42) - age   3:       4520 bytes,     894232 total
[2022-06-29T05:52:04.050+0000][9][gc,age      ] GC(42) - age   4:       2160 bytes,     896392 total
[2022-06-29T05:52:04.051+0000][9][gc,age      ] GC(42) - age   5:       4824 bytes,     901216 total
[2022-06-29T05:52:04.051+0000][9][gc,age      ] GC(42) - age   6:       1616 bytes,     902832 total
[2022-06-29T05:52:04.052+0000][9][gc,age      ] GC(42) - age   7:       5048 bytes,     907880 total
[2022-06-29T05:52:04.053+0000][9][gc,age      ] GC(42) - age   8:       5480 bytes,     913360 total
[2022-06-29T05:52:04.054+0000][9][gc,age      ] GC(42) - age   9:       3608 bytes,     916968 total
[2022-06-29T05:52:04.054+0000][9][gc,age      ] GC(42) - age  10:       2832 bytes,     919800 total
[2022-06-29T05:52:04.055+0000][9][gc,age      ] GC(42) - age  11:      13552 bytes,     933352 total
[2022-06-29T05:52:04.056+0000][9][gc,age      ] GC(42) - age  12:       5552 bytes,     938904 total
[2022-06-29T05:52:04.057+0000][9][gc,age      ] GC(42) - age  13:      14800 bytes,     953704 total
[2022-06-29T05:52:04.057+0000][9][gc,age      ] GC(42) - age  14:       3104 bytes,     956808 total
[2022-06-29T05:52:04.058+0000][9][gc,age      ] GC(42) - age  15:      16352 bytes,     973160 total
[2022-06-29T05:52:04.058+0000][9][gc,heap     ] GC(42) Eden regions: 75->0(75)
[2022-06-29T05:52:04.059+0000][9][gc,heap     ] GC(42) Survivor regions: 1->1(10)
[2022-06-29T05:52:04.060+0000][9][gc,heap     ] GC(42) Old regions: 22->22
[2022-06-29T05:52:04.061+0000][9][gc,heap     ] GC(42) Archive regions: 2->2
[2022-06-29T05:52:04.062+0000][9][gc,heap     ] GC(42) Humongous regions: 0->0
[2022-06-29T05:52:04.062+0000][9][gc,metaspace] GC(42) Metaspace: 129158K(132416K)->129158K(132416K) NonClass: 112174K(113856K)->112174K(113856K) Class: 16984K(18560K)->16984K(18560K)
[2022-06-29T05:52:04.063+0000][9][gc          ] GC(42) Pause Young (Normal) (G1 Evacuation Pause) 389M->89M(512M) 27.962ms
[2022-06-29T05:52:04.064+0000][9][gc,cpu      ] GC(42) User=0.01s Sys=0.00s Real=0.03s
[2022-06-29T05:52:04.064+0000][9][safepoint   ] Safepoint "G1CollectForAllocation", Time since last: 2776445739 ns, Reaching safepoint: 75136 ns, At safepoint: 29437419 ns, Total: 29512555 ns
[2022-06-29T05:52:05.067+0000][9][safepoint   ] Safepoint "Cleanup", Time since last: 1001918082 ns, Reaching safepoint: 340394 ns, At safepoint: 21449 ns, Total: 361843 ns
[2022-06-29T05:52:10.050+0000][9][safepoint   ] Safepoint "Cleanup", Time since last: 5005601858 ns, Reaching safepoint: 388309 ns, At safepoint: 67713 ns, Total: 456022 ns
[2022-06-29T05:52:11.053+0000][9][safepoint   ] Safepoint "Cleanup", Time since last: 1002666347 ns, Reaching safepoint: 126799 ns, At safepoint: 6166 ns, Total: 132965 ns
[2022-06-29T05:52:23.061+0000][9][safepoint   ] Safepoint "Cleanup", Time since last: 12008124571 ns, Reaching safepoint: 130832 ns, At safepoint: 8595 ns, Total: 139427 ns
[2022-06-29T05:52:27.340+0000][9][safepoint   ] Safepoint "Cleanup", Time since last: 4278693195 ns, Reaching safepoint: 61235 ns, At safepoint: 2511 ns, Total: 63746 ns
[2022-06-29T05:52:28.341+0000][9][safepoint   ] Safepoint "Cleanup", Time since last: 1001526243 ns, Reaching safepoint: 205311 ns, At safepoint: 8988 ns, Total: 214299 ns
[2022-06-29T05:52:34.348+0000][9][safepoint   ] Safepoint "Cleanup", Time since last: 6005988163 ns, Reaching safepoint: 197243 ns, At safepoint: 7736 ns, Total: 204979 ns
[2022-06-29T05:52:36.351+0000][9][safepoint   ] Safepoint "Cleanup", Time since last: 2003304245 ns, Reaching safepoint: 206064 ns, At safepoint: 15220 ns, Total: 221284 ns
[2022-06-29T05:52:38.335+0000][9][safepoint   ] Safepoint "Cleanup", Time since last: 2004476131 ns, Reaching safepoint: 170094 ns, At safepoint: 11684 ns, Total: 181778 ns
[2022-06-29T05:52:46.341+0000][9][safepoint   ] Safepoint "Cleanup", Time since last: 8005775118 ns, Reaching safepoint: 216149 ns, At safepoint: 33189 ns, Total: 249338 ns
[2022-06-29T05:52:49.346+0000][9][safepoint   ] Safepoint "Cleanup", Time since last: 3004582089 ns, Reaching safepoint: 153808 ns, At safepoint: 6235 ns, Total: 160043 ns
[2022-06-29T05:52:52.351+0000][9][safepoint   ] Safepoint "Cleanup", Time since last: 3005422389 ns, Reaching safepoint: 96477 ns, At safepoint: 5016 ns, Total: 101493 ns
[2022-06-29T05:53:08.342+0000][9][safepoint   ] Safepoint "Cleanup", Time since last: 16012228221 ns, Reaching safepoint: 96195 ns, At safepoint: 6247 ns, Total: 102442 ns
[2022-06-29T05:53:10.345+0000][9][safepoint   ] Safepoint "Cleanup", Time since last: 2002867839 ns, Reaching safepoint: 82120 ns, At safepoint: 3430 ns, Total: 85550 ns
[2022-06-29T05:53:25.358+0000][9][safepoint   ] Safepoint "Cleanup", Time since last: 15013477991 ns, Reaching safepoint: 139854 ns, At safepoint: 15601 ns, Total: 155455 ns
[2022-06-29T05:53:27.364+0000][9][safepoint   ] Safepoint "Cleanup", Time since last: 2005432725 ns, Reaching safepoint: 218105 ns, At safepoint: 7304 ns, Total: 225409 ns
[2022-06-29T05:53:34.370+0000][9][safepoint   ] Safepoint "Cleanup", Time since last: 7006089749 ns, Reaching safepoint: 98154 ns, At safepoint: 6505 ns, Total: 104659 ns
[2022-06-29T05:53:37.354+0000][9][safepoint   ] Safepoint "Cleanup", Time since last: 3006546869 ns, Reaching safepoint: 140730 ns, At safepoint: 9912 ns, Total: 150642 ns
[2022-06-29T05:53:41.362+0000][9][safepoint   ] Safepoint "Cleanup", Time since last: 4007974229 ns, Reaching safepoint: 106019 ns, At safepoint: 6295 ns, Total: 112314 ns
[2022-06-29T05:53:43.367+0000][9][safepoint   ] Safepoint "Cleanup", Time since last: 2004738709 ns, Reaching safepoint: 90192 ns, At safepoint: 4041 ns, Total: 94233 ns
[2022-06-29T05:53:46.849+0000][9][gc,start    ] GC(43) Pause Young (Normal) (G1 Evacuation Pause)
[2022-06-29T05:53:46.850+0000][9][gc,task     ] GC(43) Using 4 workers of 4 for evacuation
[2022-06-29T05:53:46.851+0000][9][gc,age      ] GC(43) Desired survivor size 20971520 bytes, new threshold 15 (max threshold 15)
[2022-06-29T05:53:46.858+0000][9][gc,phases   ] GC(43)   Pre Evacuate Collection Set: 0.1ms
[2022-06-29T05:53:46.859+0000][9][gc,phases   ] GC(43)   Merge Heap Roots: 0.1ms
[2022-06-29T05:53:46.860+0000][9][gc,phases   ] GC(43)   Evacuate Collection Set: 4.8ms
[2022-06-29T05:53:46.861+0000][9][gc,phases   ] GC(43)   Post Evacuate Collection Set: 1.1ms
[2022-06-29T05:53:46.862+0000][9][gc,phases   ] GC(43)   Other: 2.3ms
[2022-06-29T05:53:46.862+0000][9][gc,age      ] GC(43) Age table with threshold 15 (max threshold 15)
[2022-06-29T05:53:46.863+0000][9][gc,age      ] GC(43) - age   1:    1278784 bytes,    1278784 total
[2022-06-29T05:53:46.864+0000][9][gc,age      ] GC(43) - age   2:       5904 bytes,    1284688 total
[2022-06-29T05:53:46.865+0000][9][gc,age      ] GC(43) - age   3:       5544 bytes,    1290232 total
[2022-06-29T05:53:46.866+0000][9][gc,age      ] GC(43) - age   4:       4240 bytes,    1294472 total
[2022-06-29T05:53:46.866+0000][9][gc,age      ] GC(43) - age   5:       2160 bytes,    1296632 total
[2022-06-29T05:53:46.867+0000][9][gc,age      ] GC(43) - age   6:       4824 bytes,    1301456 total
[2022-06-29T05:53:46.867+0000][9][gc,age      ] GC(43) - age   7:       1616 bytes,    1303072 total
[2022-06-29T05:53:46.868+0000][9][gc,age      ] GC(43) - age   8:       4960 bytes,    1308032 total
[2022-06-29T05:53:46.869+0000][9][gc,age      ] GC(43) - age   9:       5480 bytes,    1313512 total
[2022-06-29T05:53:46.869+0000][9][gc,age      ] GC(43) - age  10:       3608 bytes,    1317120 total
[2022-06-29T05:53:46.870+0000][9][gc,age      ] GC(43) - age  11:       2832 bytes,    1319952 total
[2022-06-29T05:53:46.871+0000][9][gc,age      ] GC(43) - age  12:      13552 bytes,    1333504 total
[2022-06-29T05:53:46.872+0000][9][gc,age      ] GC(43) - age  13:       5552 bytes,    1339056 total
[2022-06-29T05:53:46.872+0000][9][gc,age      ] GC(43) - age  14:      14800 bytes,    1353856 total
[2022-06-29T05:53:46.873+0000][9][gc,age      ] GC(43) - age  15:       3104 bytes,    1356960 total
[2022-06-29T05:53:46.873+0000][9][gc,heap     ] GC(43) Eden regions: 75->0(75)
[2022-06-29T05:53:46.874+0000][9][gc,heap     ] GC(43) Survivor regions: 1->1(10)
[2022-06-29T05:53:46.875+0000][9][gc,heap     ] GC(43) Old regions: 22->22
[2022-06-29T05:53:46.875+0000][9][gc,heap     ] GC(43) Archive regions: 2->2
[2022-06-29T05:53:46.876+0000][9][gc,heap     ] GC(43) Humongous regions: 0->0
[2022-06-29T05:53:46.876+0000][9][gc,metaspace] GC(43) Metaspace: 129177K(132416K)->129177K(132416K) NonClass: 112193K(113856K)->112193K(113856K) Class: 16984K(18560K)->16984K(18560K)
[2022-06-29T05:53:46.877+0000][9][gc          ] GC(43) Pause Young (Normal) (G1 Evacuation Pause) 389M->89M(512M) 28.097ms
[2022-06-29T05:53:46.878+0000][9][gc,cpu      ] GC(43) User=0.01s Sys=0.00s Real=0.03s
[2022-06-29T05:53:46.878+0000][9][safepoint   ] Safepoint "G1CollectForAllocation", Time since last: 3481440417 ns, Reaching safepoint: 151721 ns, At safepoint: 29616938 ns, Total: 29768659 ns
[2022-06-29T05:54:05.891+0000][9][safepoint   ] Safepoint "Cleanup", Time since last: 19012664546 ns, Reaching safepoint: 169808 ns, At safepoint: 11544 ns, Total: 181352 ns
[2022-06-29T05:54:10.877+0000][9][safepoint   ] Safepoint "Cleanup", Time since last: 5006951590 ns, Reaching safepoint: 294521 ns, At safepoint: 11520 ns, Total: 306041 ns
[2022-06-29T05:54:13.885+0000][9][safepoint   ] Safepoint "Cleanup", Time since last: 3007216711 ns, Reaching safepoint: 179455 ns, At safepoint: 5924 ns, Total: 185379 ns
[2022-06-29T05:54:14.886+0000][9][safepoint   ] Safepoint "Cleanup", Time since last: 1001253443 ns, Reaching safepoint: 100534 ns, At safepoint: 4399 ns, Total: 104933 ns
[2022-06-29T05:54:16.888+0000][9][safepoint   ] Safepoint "Cleanup", Time since last: 2002131338 ns, Reaching safepoint: 156258 ns, At safepoint: 7539 ns, Total: 163797 ns
[2022-06-29T05:54:19.894+0000][9][safepoint   ] Safepoint "Cleanup", Time since last: 3005237245 ns, Reaching safepoint: 215753 ns, At safepoint: 30929 ns, Total: 246682 ns
[2022-06-29T05:54:24.899+0000][9][safepoint   ] Safepoint "Cleanup", Time since last: 5005334250 ns, Reaching safepoint: 347271 ns, At safepoint: 23866 ns, Total: 371137 ns
[2022-06-29T05:54:27.903+0000][9][safepoint   ] Safepoint "Cleanup", Time since last: 3003191709 ns, Reaching safepoint: 275418 ns, At safepoint: 16165 ns, Total: 291583 ns
[2022-06-29T05:54:28.905+0000][9][safepoint   ] Safepoint "Cleanup", Time since last: 1002002913 ns, Reaching safepoint: 176547 ns, At safepoint: 21108 ns, Total: 197655 ns
[2022-06-29T05:54:31.908+0000][9][safepoint   ] Safepoint "Cleanup", Time since last: 3002595240 ns, Reaching safepoint: 108171 ns, At safepoint: 4559 ns, Total: 112730 ns
[2022-06-29T05:54:33.910+0000][9][safepoint   ] Safepoint "Cleanup", Time since last: 2002337495 ns, Reaching safepoint: 191005 ns, At safepoint: 5926 ns, Total: 196931 ns
[2022-06-29T05:54:34.912+0000][9][safepoint   ] Safepoint "Cleanup", Time since last: 1001585395 ns, Reaching safepoint: 155826 ns, At safepoint: 29978 ns, Total: 185804 ns
[2022-06-29T05:54:35.915+0000][9][safepoint   ] Safepoint "Cleanup", Time since last: 1002382044 ns, Reaching safepoint: 134745 ns, At safepoint: 6577 ns, Total: 141322 ns
[2022-06-29T05:54:40.898+0000][9][safepoint   ] Safepoint "Cleanup", Time since last: 5005171735 ns, Reaching safepoint: 150859 ns, At safepoint: 11130 ns, Total: 161989 ns
[2022-06-29T05:54:49.911+0000][9][safepoint   ] Safepoint "Cleanup", Time since last: 9012026775 ns, Reaching safepoint: 141601 ns, At safepoint: 6746 ns, Total: 148347 ns
[2022-06-29T05:54:55.917+0000][9][safepoint   ] Safepoint "Cleanup", Time since last: 6005910042 ns, Reaching safepoint: 183807 ns, At safepoint: 8483 ns, Total: 192290 ns
[2022-06-29T05:55:13.917+0000][9][safepoint   ] Safepoint "Cleanup", Time since last: 18021116210 ns, Reaching safepoint: 292858 ns, At safepoint: 24204 ns, Total: 317062 ns
[2022-06-29T05:55:22.026+0000][9][gc,start    ] GC(44) Pause Young (Normal) (G1 Evacuation Pause)
[2022-06-29T05:55:22.032+0000][9][gc,task     ] GC(44) Using 4 workers of 4 for evacuation
[2022-06-29T05:55:22.037+0000][9][gc,age      ] GC(44) Desired survivor size 20971520 bytes, new threshold 15 (max threshold 15)
[2022-06-29T05:55:22.077+0000][9][gc,phases   ] GC(44)   Pre Evacuate Collection Set: 1.7ms
[2022-06-29T05:55:22.080+0000][9][gc,phases   ] GC(44)   Merge Heap Roots: 0.3ms
[2022-06-29T05:55:22.081+0000][9][gc,phases   ] GC(44)   Evacuate Collection Set: 23.7ms
[2022-06-29T05:55:22.082+0000][9][gc,phases   ] GC(44)   Post Evacuate Collection Set: 11.4ms
[2022-06-29T05:55:22.084+0000][9][gc,phases   ] GC(44)   Other: 7.6ms
[2022-06-29T05:55:22.085+0000][9][gc,age      ] GC(44) Age table with threshold 15 (max threshold 15)
[2022-06-29T05:55:22.088+0000][9][gc,age      ] GC(44) - age   1:    1005152 bytes,    1005152 total
[2022-06-29T05:55:22.089+0000][9][gc,age      ] GC(44) - age   2:       3496 bytes,    1008648 total
[2022-06-29T05:55:22.090+0000][9][gc,age      ] GC(44) - age   3:       4784 bytes,    1013432 total
[2022-06-29T05:55:22.091+0000][9][gc,age      ] GC(44) - age   4:       5104 bytes,    1018536 total
[2022-06-29T05:55:22.092+0000][9][gc,age      ] GC(44) - age   5:       4240 bytes,    1022776 total
[2022-06-29T05:55:22.092+0000][9][gc,age      ] GC(44) - age   6:       2160 bytes,    1024936 total
[2022-06-29T05:55:22.093+0000][9][gc,age      ] GC(44) - age   7:       4824 bytes,    1029760 total
[2022-06-29T05:55:22.094+0000][9][gc,age      ] GC(44) - age   8:       1616 bytes,    1031376 total
[2022-06-29T05:55:22.095+0000][9][gc,age      ] GC(44) - age   9:       4960 bytes,    1036336 total
[2022-06-29T05:55:22.095+0000][9][gc,age      ] GC(44) - age  10:       5480 bytes,    1041816 total
[2022-06-29T05:55:22.096+0000][9][gc,age      ] GC(44) - age  11:       3608 bytes,    1045424 total
[2022-06-29T05:55:22.097+0000][9][gc,age      ] GC(44) - age  12:       2832 bytes,    1048256 total
[2022-06-29T05:55:22.097+0000][9][gc,age      ] GC(44) - age  13:      13552 bytes,    1061808 total
[2022-06-29T05:55:22.098+0000][9][gc,age      ] GC(44) - age  14:       5552 bytes,    1067360 total
[2022-06-29T05:55:22.099+0000][9][gc,age      ] GC(44) - age  15:      14800 bytes,    1082160 total
[2022-06-29T05:55:22.099+0000][9][gc,heap     ] GC(44) Eden regions: 75->0(75)
[2022-06-29T05:55:22.100+0000][9][gc,heap     ] GC(44) Survivor regions: 1->1(10)
[2022-06-29T05:55:22.101+0000][9][gc,heap     ] GC(44) Old regions: 22->22
[2022-06-29T05:55:22.101+0000][9][gc,heap     ] GC(44) Archive regions: 2->2
[2022-06-29T05:55:22.102+0000][9][gc,heap     ] GC(44) Humongous regions: 0->0
[2022-06-29T05:55:22.103+0000][9][gc,metaspace] GC(44) Metaspace: 129199K(132480K)->129199K(132480K) NonClass: 112215K(113920K)->112215K(113920K) Class: 16984K(18560K)->16984K(18560K)
[2022-06-29T05:55:22.105+0000][9][gc          ] GC(44) Pause Young (Normal) (G1 Evacuation Pause) 389M->89M(512M) 78.537ms
[2022-06-29T05:55:22.106+0000][9][gc,cpu      ] GC(44) User=0.10s Sys=0.01s Real=0.08s
[2022-06-29T05:55:22.108+0000][9][safepoint   ] Safepoint "G1CollectForAllocation", Time since last: 8109514310 ns, Reaching safepoint: 116375 ns, At safepoint: 81828588 ns, Total: 81944963 ns
[2022-06-29T05:55:28.117+0000][9][safepoint   ] Safepoint "Cleanup", Time since last: 6008834086 ns, Reaching safepoint: 316346 ns, At safepoint: 24099 ns, Total: 340445 ns
[2022-06-29T05:55:29.120+0000][9][safepoint   ] Safepoint "Cleanup", Time since last: 1002494206 ns, Reaching safepoint: 216500 ns, At safepoint: 12110 ns, Total: 228610 ns
[2022-06-29T05:55:34.124+0000][9][safepoint   ] Safepoint "Cleanup", Time since last: 5003377524 ns, Reaching safepoint: 185426 ns, At safepoint: 12344 ns, Total: 197770 ns
[2022-06-29T05:55:55.121+0000][9][safepoint   ] Safepoint "Cleanup", Time since last: 21018547423 ns, Reaching safepoint: 370449 ns, At safepoint: 26973 ns, Total: 397422 ns
[2022-06-29T05:55:58.128+0000][9][safepoint   ] Safepoint "Cleanup", Time since last: 3005972453 ns, Reaching safepoint: 236893 ns, At safepoint: 12226 ns, Total: 249119 ns
[2022-06-29T05:56:10.116+0000][9][safepoint   ] Safepoint "Cleanup", Time since last: 12011315563 ns, Reaching safepoint: 173267 ns, At safepoint: 8057 ns, Total: 181324 ns
[2022-06-29T05:56:16.125+0000][9][safepoint   ] Safepoint "Cleanup", Time since last: 6008871265 ns, Reaching safepoint: 195870 ns, At safepoint: 6602 ns, Total: 202472 ns
[2022-06-29T05:56:19.129+0000][9][safepoint   ] Safepoint "Cleanup", Time since last: 3003208832 ns, Reaching safepoint: 100946 ns, At safepoint: 5742 ns, Total: 106688 ns
[2022-06-29T05:56:22.134+0000][9][safepoint   ] Safepoint "Cleanup", Time since last: 3004803356 ns, Reaching safepoint: 475828 ns, At safepoint: 14759 ns, Total: 490587 ns
[2022-06-29T05:56:25.139+0000][9][safepoint   ] Safepoint "Cleanup", Time since last: 3004494860 ns, Reaching safepoint: 320074 ns, At safepoint: 14044 ns, Total: 334118 ns
[2022-06-29T05:56:28.143+0000][9][safepoint   ] Safepoint "Cleanup", Time since last: 3004117236 ns, Reaching safepoint: 164568 ns, At safepoint: 8783 ns, Total: 173351 ns
[2022-06-29T05:56:31.147+0000][9][safepoint   ] Safepoint "Cleanup", Time since last: 3004220700 ns, Reaching safepoint: 91621 ns, At safepoint: 4341 ns, Total: 95962 ns
[2022-06-29T05:56:49.142+0000][9][safepoint   ] Safepoint "Cleanup", Time since last: 18015118698 ns, Reaching safepoint: 315740 ns, At safepoint: 30381 ns, Total: 346121 ns
[2022-06-29T05:56:57.923+0000][9][gc,start    ] GC(45) Pause Young (Normal) (G1 Evacuation Pause)
[2022-06-29T05:56:57.926+0000][9][gc,task     ] GC(45) Using 4 workers of 4 for evacuation
[2022-06-29T05:56:57.926+0000][9][gc,age      ] GC(45) Desired survivor size 20971520 bytes, new threshold 15 (max threshold 15)
[2022-06-29T05:56:57.936+0000][9][gc,phases   ] GC(45)   Pre Evacuate Collection Set: 0.2ms
[2022-06-29T05:56:57.936+0000][9][gc,phases   ] GC(45)   Merge Heap Roots: 0.2ms
[2022-06-29T05:56:57.937+0000][9][gc,phases   ] GC(45)   Evacuate Collection Set: 6.9ms
[2022-06-29T05:56:57.938+0000][9][gc,phases   ] GC(45)   Post Evacuate Collection Set: 1.0ms
[2022-06-29T05:56:57.939+0000][9][gc,phases   ] GC(45)   Other: 1.8ms
[2022-06-29T05:56:57.939+0000][9][gc,age      ] GC(45) Age table with threshold 15 (max threshold 15)
[2022-06-29T05:56:57.940+0000][9][gc,age      ] GC(45) - age   1:    1538616 bytes,    1538616 total
[2022-06-29T05:56:57.941+0000][9][gc,age      ] GC(45) - age   2:       2432 bytes,    1541048 total
[2022-06-29T05:56:57.942+0000][9][gc,age      ] GC(45) - age   3:       1976 bytes,    1543024 total
[2022-06-29T05:56:57.942+0000][9][gc,age      ] GC(45) - age   4:       4720 bytes,    1547744 total
[2022-06-29T05:56:57.943+0000][9][gc,age      ] GC(45) - age   5:       5104 bytes,    1552848 total
[2022-06-29T05:56:57.944+0000][9][gc,age      ] GC(45) - age   6:       4240 bytes,    1557088 total
[2022-06-29T05:56:57.944+0000][9][gc,age      ] GC(45) - age   7:       2160 bytes,    1559248 total
[2022-06-29T05:56:57.945+0000][9][gc,age      ] GC(45) - age   8:       4824 bytes,    1564072 total
[2022-06-29T05:56:57.946+0000][9][gc,age      ] GC(45) - age   9:       1616 bytes,    1565688 total
[2022-06-29T05:56:57.946+0000][9][gc,age      ] GC(45) - age  10:       4960 bytes,    1570648 total
[2022-06-29T05:56:57.947+0000][9][gc,age      ] GC(45) - age  11:       5480 bytes,    1576128 total
[2022-06-29T05:56:57.948+0000][9][gc,age      ] GC(45) - age  12:       3608 bytes,    1579736 total
[2022-06-29T05:56:57.948+0000][9][gc,age      ] GC(45) - age  13:       2832 bytes,    1582568 total
[2022-06-29T05:56:57.949+0000][9][gc,age      ] GC(45) - age  14:      13368 bytes,    1595936 total
[2022-06-29T05:56:57.950+0000][9][gc,age      ] GC(45) - age  15:       5552 bytes,    1601488 total
[2022-06-29T05:56:57.951+0000][9][gc,heap     ] GC(45) Eden regions: 75->0(75)
[2022-06-29T05:56:57.952+0000][9][gc,heap     ] GC(45) Survivor regions: 1->1(10)
[2022-06-29T05:56:57.953+0000][9][gc,heap     ] GC(45) Old regions: 22->22
[2022-06-29T05:56:57.954+0000][9][gc,heap     ] GC(45) Archive regions: 2->2
[2022-06-29T05:56:57.954+0000][9][gc,heap     ] GC(45) Humongous regions: 0->0
[2022-06-29T05:56:57.955+0000][9][gc,metaspace] GC(45) Metaspace: 129220K(132480K)->129220K(132480K) NonClass: 112236K(113920K)->112236K(113920K) Class: 16984K(18560K)->16984K(18560K)
[2022-06-29T05:56:57.956+0000][9][gc          ] GC(45) Pause Young (Normal) (G1 Evacuation Pause) 389M->90M(512M) 33.168ms
[2022-06-29T05:56:57.956+0000][9][gc,cpu      ] GC(45) User=0.03s Sys=0.00s Real=0.03s
[2022-06-29T05:56:57.957+0000][9][safepoint   ] Safepoint "G1CollectForAllocation", Time since last: 8780747478 ns, Reaching safepoint: 243389 ns, At safepoint: 34579812 ns, Total: 34823201 ns
[2022-06-29T05:57:12.946+0000][9][safepoint   ] Safepoint "Cleanup", Time since last: 15011804544 ns, Reaching safepoint: 83593 ns, At safepoint: 43468 ns, Total: 127061 ns
[2022-06-29T05:57:24.961+0000][9][safepoint   ] Safepoint "Cleanup", Time since last: 12013408949 ns, Reaching safepoint: 860498 ns, At safepoint: 24880 ns, Total: 885378 ns
[2022-06-29T05:57:27.979+0000][9][safepoint   ] Safepoint "Cleanup", Time since last: 3018101940 ns, Reaching safepoint: 161173 ns, At safepoint: 6689 ns, Total: 167862 ns
[2022-06-29T05:57:28.981+0000][9][safepoint   ] Safepoint "Cleanup", Time since last: 1001693209 ns, Reaching safepoint: 168860 ns, At safepoint: 13506 ns, Total: 182366 ns
[2022-06-29T05:57:37.969+0000][9][safepoint   ] Safepoint "Cleanup", Time since last: 9007463998 ns, Reaching safepoint: 169204 ns, At safepoint: 7191 ns, Total: 176395 ns
[2022-06-29T05:57:38.971+0000][9][safepoint   ] Safepoint "Cleanup", Time since last: 1001736639 ns, Reaching safepoint: 282329 ns, At safepoint: 47483 ns, Total: 329812 ns
[2022-06-29T05:57:42.979+0000][9][safepoint   ] Safepoint "Cleanup", Time since last: 4007649122 ns, Reaching safepoint: 305886 ns, At safepoint: 88126 ns, Total: 394012 ns
[2022-06-29T05:57:57.991+0000][9][safepoint   ] Safepoint "Cleanup", Time since last: 15012123813 ns, Reaching safepoint: 235281 ns, At safepoint: 14767 ns, Total: 250048 ns
[2022-06-29T05:58:00.998+0000][9][safepoint   ] Safepoint "Cleanup", Time since last: 3006839266 ns, Reaching safepoint: 70211 ns, At safepoint: 4771 ns, Total: 74982 ns
[2022-06-29T05:58:02.008+0000][9][safepoint   ] Safepoint "Cleanup", Time since last: 1008889487 ns, Reaching safepoint: 522547 ns, At safepoint: 111081 ns, Total: 633628 ns
[2022-06-29T05:58:03.031+0000][9][safepoint   ] Safepoint "Cleanup", Time since last: 1023660946 ns, Reaching safepoint: 110798 ns, At safepoint: 21179 ns, Total: 131977 ns
[2022-06-29T05:58:13.016+0000][9][safepoint   ] Safepoint "Cleanup", Time since last: 10006603844 ns, Reaching safepoint: 87262 ns, At safepoint: 4841 ns, Total: 92103 ns
[2022-06-29T05:58:14.018+0000][9][safepoint   ] Safepoint "Cleanup", Time since last: 1002276610 ns, Reaching safepoint: 136326 ns, At safepoint: 12736 ns, Total: 149062 ns
[2022-06-29T05:58:16.020+0000][9][safepoint   ] Safepoint "Cleanup", Time since last: 2002052953 ns, Reaching safepoint: 139892 ns, At safepoint: 16332 ns, Total: 156224 ns
[2022-06-29T05:58:18.971+0000][9][gc,start    ] GC(46) Pause Young (Normal) (G1 Evacuation Pause)
[2022-06-29T05:58:18.975+0000][9][gc,task     ] GC(46) Using 4 workers of 4 for evacuation
[2022-06-29T05:58:18.975+0000][9][gc,age      ] GC(46) Desired survivor size 20971520 bytes, new threshold 15 (max threshold 15)
[2022-06-29T05:58:18.982+0000][9][gc,phases   ] GC(46)   Pre Evacuate Collection Set: 0.1ms
[2022-06-29T05:58:18.983+0000][9][gc,phases   ] GC(46)   Merge Heap Roots: 0.1ms
[2022-06-29T05:58:18.984+0000][9][gc,phases   ] GC(46)   Evacuate Collection Set: 4.2ms
[2022-06-29T05:58:18.985+0000][9][gc,phases   ] GC(46)   Post Evacuate Collection Set: 1.4ms
[2022-06-29T05:58:18.986+0000][9][gc,phases   ] GC(46)   Other: 1.7ms
[2022-06-29T05:58:18.988+0000][9][gc,age      ] GC(46) Age table with threshold 15 (max threshold 15)
[2022-06-29T05:58:18.989+0000][9][gc,age      ] GC(46) - age   1:     456208 bytes,     456208 total
[2022-06-29T05:58:18.990+0000][9][gc,age      ] GC(46) - age   2:      14032 bytes,     470240 total
[2022-06-29T05:58:18.991+0000][9][gc,age      ] GC(46) - age   3:       1008 bytes,     471248 total
[2022-06-29T05:58:18.992+0000][9][gc,age      ] GC(46) - age   4:       1976 bytes,     473224 total
[2022-06-29T05:58:18.993+0000][9][gc,age      ] GC(46) - age   5:       4720 bytes,     477944 total
[2022-06-29T05:58:18.994+0000][9][gc,age      ] GC(46) - age   6:       5104 bytes,     483048 total
[2022-06-29T05:58:18.994+0000][9][gc,age      ] GC(46) - age   7:       4240 bytes,     487288 total
[2022-06-29T05:58:18.995+0000][9][gc,age      ] GC(46) - age   8:       2160 bytes,     489448 total
[2022-06-29T05:58:18.996+0000][9][gc,age      ] GC(46) - age   9:       4824 bytes,     494272 total
[2022-06-29T05:58:18.997+0000][9][gc,age      ] GC(46) - age  10:       1616 bytes,     495888 total
[2022-06-29T05:58:18.997+0000][9][gc,age      ] GC(46) - age  11:       4960 bytes,     500848 total
[2022-06-29T05:58:18.998+0000][9][gc,age      ] GC(46) - age  12:       5480 bytes,     506328 total
[2022-06-29T05:58:18.998+0000][9][gc,age      ] GC(46) - age  13:       3608 bytes,     509936 total
[2022-06-29T05:58:18.999+0000][9][gc,age      ] GC(46) - age  14:       2832 bytes,     512768 total
[2022-06-29T05:58:19.000+0000][9][gc,age      ] GC(46) - age  15:      12984 bytes,     525752 total
[2022-06-29T05:58:19.001+0000][9][gc,heap     ] GC(46) Eden regions: 75->0(75)
[2022-06-29T05:58:19.002+0000][9][gc,heap     ] GC(46) Survivor regions: 1->1(10)
[2022-06-29T05:58:19.002+0000][9][gc,heap     ] GC(46) Old regions: 22->22
[2022-06-29T05:58:19.003+0000][9][gc,heap     ] GC(46) Archive regions: 2->2
[2022-06-29T05:58:19.004+0000][9][gc,heap     ] GC(46) Humongous regions: 0->0
[2022-06-29T05:58:19.005+0000][9][gc,metaspace] GC(46) Metaspace: 129247K(132480K)->129247K(132480K) NonClass: 112262K(113920K)->112262K(113920K) Class: 16984K(18560K)->16984K(18560K)
[2022-06-29T05:58:19.006+0000][9][gc          ] GC(46) Pause Young (Normal) (G1 Evacuation Pause) 390M->89M(512M) 35.273ms
[2022-06-29T05:58:19.007+0000][9][gc,cpu      ] GC(46) User=0.01s Sys=0.00s Real=0.04s
[2022-06-29T05:58:19.008+0000][9][safepoint   ] Safepoint "G1CollectForAllocation", Time since last: 2950412303 ns, Reaching safepoint: 234464 ns, At safepoint: 37012844 ns, Total: 37247308 ns
[2022-06-29T05:58:28.015+0000][9][safepoint   ] Safepoint "Cleanup", Time since last: 9006228112 ns, Reaching safepoint: 447718 ns, At safepoint: 28690 ns, Total: 476408 ns
[2022-06-29T05:58:34.022+0000][9][safepoint   ] Safepoint "Cleanup", Time since last: 6007199654 ns, Reaching safepoint: 237864 ns, At safepoint: 32045 ns, Total: 269909 ns
[2022-06-29T05:58:37.005+0000][9][safepoint   ] Safepoint "Cleanup", Time since last: 3004456256 ns, Reaching safepoint: 334222 ns, At safepoint: 60864 ns, Total: 395086 ns
[2022-06-29T05:58:38.008+0000][9][safepoint   ] Safepoint "Cleanup", Time since last: 1002099967 ns, Reaching safepoint: 940592 ns, At safepoint: 157951 ns, Total: 1098543 ns
[2022-06-29T05:58:56.023+0000][9][safepoint   ] Safepoint "Cleanup", Time since last: 18014430474 ns, Reaching safepoint: 189968 ns, At safepoint: 10831 ns, Total: 200799 ns
[2022-06-29T05:59:22.025+0000][9][safepoint   ] Safepoint "Cleanup", Time since last: 26023536763 ns, Reaching safepoint: 126005 ns, At safepoint: 50146 ns, Total: 176151 ns
[2022-06-29T05:59:26.030+0000][9][safepoint   ] Safepoint "Cleanup", Time since last: 4003843065 ns, Reaching safepoint: 493526 ns, At safepoint: 52395 ns, Total: 545921 ns
[2022-06-29T05:59:35.045+0000][9][safepoint   ] Safepoint "Cleanup", Time since last: 9015106118 ns, Reaching safepoint: 199765 ns, At safepoint: 4461 ns, Total: 204226 ns
[2022-06-29T05:59:37.026+0000][9][safepoint   ] Safepoint "Cleanup", Time since last: 2002774098 ns, Reaching safepoint: 108877 ns, At safepoint: 3822 ns, Total: 112699 ns
[2022-06-29T05:59:42.887+0000][9][gc,start    ] GC(47) Pause Young (Normal) (G1 Evacuation Pause)
[2022-06-29T05:59:42.888+0000][9][gc,task     ] GC(47) Using 4 workers of 4 for evacuation
[2022-06-29T05:59:42.889+0000][9][gc,age      ] GC(47) Desired survivor size 20971520 bytes, new threshold 15 (max threshold 15)
[2022-06-29T05:59:42.899+0000][9][gc,phases   ] GC(47)   Pre Evacuate Collection Set: 0.2ms
[2022-06-29T05:59:42.899+0000][9][gc,phases   ] GC(47)   Merge Heap Roots: 0.1ms
[2022-06-29T05:59:42.900+0000][9][gc,phases   ] GC(47)   Evacuate Collection Set: 6.7ms
[2022-06-29T05:59:42.900+0000][9][gc,phases   ] GC(47)   Post Evacuate Collection Set: 2.0ms
[2022-06-29T05:59:42.901+0000][9][gc,phases   ] GC(47)   Other: 1.6ms
[2022-06-29T05:59:42.902+0000][9][gc,age      ] GC(47) Age table with threshold 15 (max threshold 15)
[2022-06-29T05:59:42.902+0000][9][gc,age      ] GC(47) - age   1:    1652176 bytes,    1652176 total
[2022-06-29T05:59:42.903+0000][9][gc,age      ] GC(47) - age   2:       2304 bytes,    1654480 total
[2022-06-29T05:59:42.903+0000][9][gc,age      ] GC(47) - age   3:       4248 bytes,    1658728 total
[2022-06-29T05:59:42.905+0000][9][gc,age      ] GC(47) - age   4:        544 bytes,    1659272 total
[2022-06-29T05:59:42.905+0000][9][gc,age      ] GC(47) - age   5:       1976 bytes,    1661248 total
[2022-06-29T05:59:42.906+0000][9][gc,age      ] GC(47) - age   6:       4720 bytes,    1665968 total
[2022-06-29T05:59:42.906+0000][9][gc,age      ] GC(47) - age   7:       4144 bytes,    1670112 total
[2022-06-29T05:59:42.907+0000][9][gc,age      ] GC(47) - age   8:       3488 bytes,    1673600 total
[2022-06-29T05:59:42.908+0000][9][gc,age      ] GC(47) - age   9:       2160 bytes,    1675760 total
[2022-06-29T05:59:42.908+0000][9][gc,age      ] GC(47) - age  10:       4824 bytes,    1680584 total
[2022-06-29T05:59:42.909+0000][9][gc,age      ] GC(47) - age  11:       1616 bytes,    1682200 total
[2022-06-29T05:59:42.910+0000][9][gc,age      ] GC(47) - age  12:       4960 bytes,    1687160 total
[2022-06-29T05:59:42.910+0000][9][gc,age      ] GC(47) - age  13:       5480 bytes,    1692640 total
[2022-06-29T05:59:42.911+0000][9][gc,age      ] GC(47) - age  14:       3608 bytes,    1696248 total
[2022-06-29T05:59:42.911+0000][9][gc,age      ] GC(47) - age  15:       2800 bytes,    1699048 total
[2022-06-29T05:59:42.912+0000][9][gc,heap     ] GC(47) Eden regions: 75->0(75)
[2022-06-29T05:59:42.912+0000][9][gc,heap     ] GC(47) Survivor regions: 1->1(10)
[2022-06-29T05:59:42.913+0000][9][gc,heap     ] GC(47) Old regions: 22->22
[2022-06-29T05:59:42.914+0000][9][gc,heap     ] GC(47) Archive regions: 2->2
[2022-06-29T05:59:42.914+0000][9][gc,heap     ] GC(47) Humongous regions: 0->0
[2022-06-29T05:59:42.915+0000][9][gc,metaspace] GC(47) Metaspace: 129274K(132480K)->129274K(132480K) NonClass: 112288K(113920K)->112288K(113920K) Class: 16985K(18560K)->16985K(18560K)
[2022-06-29T05:59:42.916+0000][9][gc          ] GC(47) Pause Young (Normal) (G1 Evacuation Pause) 389M->90M(512M) 28.948ms
[2022-06-29T05:59:42.917+0000][9][gc,cpu      ] GC(47) User=0.03s Sys=0.00s Real=0.03s
[2022-06-29T05:59:42.917+0000][9][safepoint   ] Safepoint "G1CollectForAllocation", Time since last: 5860569498 ns, Reaching safepoint: 139481 ns, At safepoint: 30458794 ns, Total: 30598275 ns
[2022-06-29T06:00:03.934+0000][9][safepoint   ] Safepoint "Cleanup", Time since last: 21016025958 ns, Reaching safepoint: 238913 ns, At safepoint: 11119 ns, Total: 250032 ns
[2022-06-29T06:00:23.929+0000][9][safepoint   ] Safepoint "Cleanup", Time since last: 20016780108 ns, Reaching safepoint: 314061 ns, At safepoint: 17720 ns, Total: 331781 ns
[2022-06-29T06:00:24.932+0000][9][safepoint   ] Safepoint "Cleanup", Time since last: 1002977978 ns, Reaching safepoint: 102354 ns, At safepoint: 27035 ns, Total: 129389 ns
[2022-06-29T06:00:27.935+0000][9][safepoint   ] Safepoint "Cleanup", Time since last: 3002446256 ns, Reaching safepoint: 567140 ns, At safepoint: 18735 ns, Total: 585875 ns
[2022-06-29T06:00:30.940+0000][9][safepoint   ] Safepoint "Cleanup", Time since last: 3003972571 ns, Reaching safepoint: 397341 ns, At safepoint: 67390 ns, Total: 464731 ns
[2022-06-29T06:00:31.943+0000][9][safepoint   ] Safepoint "Cleanup", Time since last: 1002855930 ns, Reaching safepoint: 140835 ns, At safepoint: 11769 ns, Total: 152604 ns
[2022-06-29T06:00:33.945+0000][9][safepoint   ] Safepoint "Cleanup", Time since last: 2002150182 ns, Reaching safepoint: 113660 ns, At safepoint: 4356 ns, Total: 118016 ns
[2022-06-29T06:00:56.948+0000][9][safepoint   ] Safepoint "Cleanup", Time since last: 23023560622 ns, Reaching safepoint: 305451 ns, At safepoint: 35374 ns, Total: 340825 ns
[2022-06-29T06:01:01.171+0000][9][gc,start    ] GC(48) Pause Young (Normal) (G1 Evacuation Pause)
[2022-06-29T06:01:01.172+0000][9][gc,task     ] GC(48) Using 4 workers of 4 for evacuation
[2022-06-29T06:01:01.173+0000][9][gc,age      ] GC(48) Desired survivor size 20971520 bytes, new threshold 15 (max threshold 15)
[2022-06-29T06:01:01.181+0000][9][gc,phases   ] GC(48)   Pre Evacuate Collection Set: 0.1ms
[2022-06-29T06:01:01.182+0000][9][gc,phases   ] GC(48)   Merge Heap Roots: 0.1ms
[2022-06-29T06:01:01.183+0000][9][gc,phases   ] GC(48)   Evacuate Collection Set: 5.2ms
[2022-06-29T06:01:01.184+0000][9][gc,phases   ] GC(48)   Post Evacuate Collection Set: 1.5ms
[2022-06-29T06:01:01.185+0000][9][gc,phases   ] GC(48)   Other: 2.0ms
[2022-06-29T06:01:01.186+0000][9][gc,age      ] GC(48) Age table with threshold 15 (max threshold 15)
[2022-06-29T06:01:01.186+0000][9][gc,age      ] GC(48) - age   1:    1617704 bytes,    1617704 total
[2022-06-29T06:01:01.187+0000][9][gc,age      ] GC(48) - age   2:      12584 bytes,    1630288 total
[2022-06-29T06:01:01.188+0000][9][gc,age      ] GC(48) - age   3:       1360 bytes,    1631648 total
[2022-06-29T06:01:01.188+0000][9][gc,age      ] GC(48) - age   4:       4248 bytes,    1635896 total
[2022-06-29T06:01:01.189+0000][9][gc,age      ] GC(48) - age   5:        448 bytes,    1636344 total
[2022-06-29T06:01:01.190+0000][9][gc,age      ] GC(48) - age   6:       1976 bytes,    1638320 total
[2022-06-29T06:01:01.191+0000][9][gc,age      ] GC(48) - age   7:       4720 bytes,    1643040 total
[2022-06-29T06:01:01.191+0000][9][gc,age      ] GC(48) - age   8:       4144 bytes,    1647184 total
[2022-06-29T06:01:01.192+0000][9][gc,age      ] GC(48) - age   9:       3304 bytes,    1650488 total
[2022-06-29T06:01:01.193+0000][9][gc,age      ] GC(48) - age  10:       2056 bytes,    1652544 total
[2022-06-29T06:01:01.194+0000][9][gc,age      ] GC(48) - age  11:       4792 bytes,    1657336 total
[2022-06-29T06:01:01.194+0000][9][gc,age      ] GC(48) - age  12:       1616 bytes,    1658952 total
[2022-06-29T06:01:01.195+0000][9][gc,age      ] GC(48) - age  13:       4960 bytes,    1663912 total
[2022-06-29T06:01:01.196+0000][9][gc,age      ] GC(48) - age  14:       5480 bytes,    1669392 total
[2022-06-29T06:01:01.197+0000][9][gc,age      ] GC(48) - age  15:       3608 bytes,    1673000 total
[2022-06-29T06:01:01.197+0000][9][gc,heap     ] GC(48) Eden regions: 75->0(75)
[2022-06-29T06:01:01.198+0000][9][gc,heap     ] GC(48) Survivor regions: 1->1(10)
[2022-06-29T06:01:01.199+0000][9][gc,heap     ] GC(48) Old regions: 22->22
[2022-06-29T06:01:01.199+0000][9][gc,heap     ] GC(48) Archive regions: 2->2
[2022-06-29T06:01:01.200+0000][9][gc,heap     ] GC(48) Humongous regions: 0->0
[2022-06-29T06:01:01.201+0000][9][gc,metaspace] GC(48) Metaspace: 129281K(132544K)->129281K(132544K) NonClass: 112295K(113984K)->112295K(113984K) Class: 16986K(18560K)->16986K(18560K)
[2022-06-29T06:01:01.202+0000][9][gc          ] GC(48) Pause Young (Normal) (G1 Evacuation Pause) 390M->90M(512M) 31.232ms
[2022-06-29T06:01:01.204+0000][9][gc,cpu      ] GC(48) User=0.00s Sys=0.01s Real=0.03s
[2022-06-29T06:01:01.205+0000][9][safepoint   ] Safepoint "G1CollectForAllocation", Time since last: 4223055047 ns, Reaching safepoint: 71855 ns, At safepoint: 33715700 ns, Total: 33787555 ns
[2022-06-29T06:01:10.193+0000][9][safepoint   ] Safepoint "Cleanup", Time since last: 9010522432 ns, Reaching safepoint: 183242 ns, At safepoint: 15876 ns, Total: 199118 ns
[2022-06-29T06:01:20.207+0000][9][safepoint   ] Safepoint "Cleanup", Time since last: 10012882550 ns, Reaching safepoint: 151018 ns, At safepoint: 8068 ns, Total: 159086 ns
[2022-06-29T06:01:22.211+0000][9][safepoint   ] Safepoint "Cleanup", Time since last: 2003634426 ns, Reaching safepoint: 494169 ns, At safepoint: 85347 ns, Total: 579516 ns
[2022-06-29T06:01:40.208+0000][9][safepoint   ] Safepoint "Cleanup", Time since last: 18017997903 ns, Reaching safepoint: 402981 ns, At safepoint: 50397 ns, Total: 453378 ns
[2022-06-29T06:01:43.213+0000][9][safepoint   ] Safepoint "Cleanup", Time since last: 3004819960 ns, Reaching safepoint: 177870 ns, At safepoint: 13605 ns, Total: 191475 ns
[2022-06-29T06:01:56.224+0000][9][safepoint   ] Safepoint "Cleanup", Time since last: 13011050069 ns, Reaching safepoint: 237646 ns, At safepoint: 73253 ns, Total: 310899 ns
[2022-06-29T06:02:13.219+0000][9][safepoint   ] Safepoint "Cleanup", Time since last: 17015746266 ns, Reaching safepoint: 857358 ns, At safepoint: 18585 ns, Total: 875943 ns
[2022-06-29T06:02:26.897+0000][9][gc,start    ] GC(49) Pause Young (Normal) (G1 Evacuation Pause)
[2022-06-29T06:02:26.900+0000][9][gc,task     ] GC(49) Using 4 workers of 4 for evacuation
[2022-06-29T06:02:26.901+0000][9][gc,age      ] GC(49) Desired survivor size 20971520 bytes, new threshold 15 (max threshold 15)
[2022-06-29T06:02:26.916+0000][9][gc,phases   ] GC(49)   Pre Evacuate Collection Set: 0.3ms
[2022-06-29T06:02:26.918+0000][9][gc,phases   ] GC(49)   Merge Heap Roots: 0.2ms
[2022-06-29T06:02:26.920+0000][9][gc,phases   ] GC(49)   Evacuate Collection Set: 8.0ms
[2022-06-29T06:02:26.921+0000][9][gc,phases   ] GC(49)   Post Evacuate Collection Set: 5.3ms
[2022-06-29T06:02:26.923+0000][9][gc,phases   ] GC(49)   Other: 2.7ms
[2022-06-29T06:02:26.925+0000][9][gc,age      ] GC(49) Age table with threshold 15 (max threshold 15)
[2022-06-29T06:02:26.926+0000][9][gc,age      ] GC(49) - age   1:    1403552 bytes,    1403552 total
[2022-06-29T06:02:26.930+0000][9][gc,age      ] GC(49) - age   2:       2648 bytes,    1406200 total
[2022-06-29T06:02:26.932+0000][9][gc,age      ] GC(49) - age   3:      10800 bytes,    1417000 total
[2022-06-29T06:02:26.933+0000][9][gc,age      ] GC(49) - age   4:       1080 bytes,    1418080 total
[2022-06-29T06:02:26.934+0000][9][gc,age      ] GC(49) - age   5:       4248 bytes,    1422328 total
[2022-06-29T06:02:26.934+0000][9][gc,age      ] GC(49) - age   6:        448 bytes,    1422776 total
[2022-06-29T06:02:26.936+0000][9][gc,age      ] GC(49) - age   7:       1976 bytes,    1424752 total
[2022-06-29T06:02:26.939+0000][9][gc,age      ] GC(49) - age   8:       4720 bytes,    1429472 total
[2022-06-29T06:02:26.941+0000][9][gc,age      ] GC(49) - age   9:       4144 bytes,    1433616 total
[2022-06-29T06:02:26.942+0000][9][gc,age      ] GC(49) - age  10:       3304 bytes,    1436920 total
[2022-06-29T06:02:26.947+0000][9][gc,age      ] GC(49) - age  11:       2056 bytes,    1438976 total
[2022-06-29T06:02:26.949+0000][9][gc,age      ] GC(49) - age  12:       4792 bytes,    1443768 total
[2022-06-29T06:02:26.950+0000][9][gc,age      ] GC(49) - age  13:       1616 bytes,    1445384 total
[2022-06-29T06:02:26.953+0000][9][gc,age      ] GC(49) - age  14:       4960 bytes,    1450344 total
[2022-06-29T06:02:26.954+0000][9][gc,age      ] GC(49) - age  15:       5480 bytes,    1455824 total
[2022-06-29T06:02:26.955+0000][9][gc,heap     ] GC(49) Eden regions: 75->0(75)
[2022-06-29T06:02:26.956+0000][9][gc,heap     ] GC(49) Survivor regions: 1->1(10)
[2022-06-29T06:02:26.958+0000][9][gc,heap     ] GC(49) Old regions: 22->22
[2022-06-29T06:02:26.959+0000][9][gc,heap     ] GC(49) Archive regions: 2->2
[2022-06-29T06:02:26.961+0000][9][gc,heap     ] GC(49) Humongous regions: 0->0
[2022-06-29T06:02:26.965+0000][9][gc,metaspace] GC(49) Metaspace: 129302K(132544K)->129302K(132544K) NonClass: 112316K(113984K)->112316K(113984K) Class: 16986K(18560K)->16986K(18560K)
[2022-06-29T06:02:26.967+0000][9][gc          ] GC(49) Pause Young (Normal) (G1 Evacuation Pause) 390M->90M(512M) 70.313ms
[2022-06-29T06:02:26.968+0000][9][gc,cpu      ] GC(49) User=0.02s Sys=0.01s Real=0.07s
[2022-06-29T06:02:26.969+0000][9][safepoint   ] Safepoint "G1CollectForAllocation", Time since last: 13675412035 ns, Reaching safepoint: 2621659 ns, At safepoint: 72669091 ns, Total: 75290750 ns
[2022-06-29T06:02:27.973+0000][9][safepoint   ] Safepoint "Cleanup", Time since last: 1003525477 ns, Reaching safepoint: 219202 ns, At safepoint: 20598 ns, Total: 239800 ns
[2022-06-29T06:02:42.967+0000][9][safepoint   ] Safepoint "Cleanup", Time since last: 15015067078 ns, Reaching safepoint: 247592 ns, At safepoint: 14437 ns, Total: 262029 ns
[2022-06-29T06:02:45.973+0000][9][safepoint   ] Safepoint "Cleanup", Time since last: 3005635163 ns, Reaching safepoint: 138165 ns, At safepoint: 6917 ns, Total: 145082 ns
[2022-06-29T06:03:15.977+0000][9][safepoint   ] Safepoint "Cleanup", Time since last: 30027386455 ns, Reaching safepoint: 114718 ns, At safepoint: 4073 ns, Total: 118791 ns
[2022-06-29T06:03:21.986+0000][9][safepoint   ] Safepoint "Cleanup", Time since last: 6008345471 ns, Reaching safepoint: 103381 ns, At safepoint: 7238 ns, Total: 110619 ns
[2022-06-29T06:03:26.991+0000][9][safepoint   ] Safepoint "Cleanup", Time since last: 5005116451 ns, Reaching safepoint: 158675 ns, At safepoint: 17234 ns, Total: 175909 ns
[2022-06-29T06:03:35.008+0000][9][safepoint   ] Safepoint "Cleanup", Time since last: 8016598231 ns, Reaching safepoint: 156405 ns, At safepoint: 14703 ns, Total: 171108 ns
[2022-06-29T06:03:37.990+0000][9][safepoint   ] Safepoint "Cleanup", Time since last: 3002717688 ns, Reaching safepoint: 175318 ns, At safepoint: 9162 ns, Total: 184480 ns
[2022-06-29T06:03:44.995+0000][9][safepoint   ] Safepoint "Cleanup", Time since last: 7005382797 ns, Reaching safepoint: 240765 ns, At safepoint: 11972 ns, Total: 252737 ns
[2022-06-29T06:03:46.768+0000][9][safepoint   ] Safepoint "Cleanup", Time since last: 1773040226 ns, Reaching safepoint: 247341 ns, At safepoint: 8584 ns, Total: 255925 ns
[2022-06-29T06:03:54.775+0000][9][safepoint   ] Safepoint "Cleanup", Time since last: 8006742649 ns, Reaching safepoint: 145055 ns, At safepoint: 8305 ns, Total: 153360 ns
[2022-06-29T06:04:04.841+0000][9][gc,start    ] GC(50) Pause Young (Normal) (G1 Evacuation Pause)
[2022-06-29T06:04:04.842+0000][9][gc,task     ] GC(50) Using 4 workers of 4 for evacuation
[2022-06-29T06:04:04.843+0000][9][gc,age      ] GC(50) Desired survivor size 20971520 bytes, new threshold 15 (max threshold 15)
[2022-06-29T06:04:04.847+0000][9][gc,phases   ] GC(50)   Pre Evacuate Collection Set: 0.2ms
[2022-06-29T06:04:04.848+0000][9][gc,phases   ] GC(50)   Merge Heap Roots: 0.2ms
[2022-06-29T06:04:04.848+0000][9][gc,phases   ] GC(50)   Evacuate Collection Set: 1.7ms
[2022-06-29T06:04:04.849+0000][9][gc,phases   ] GC(50)   Post Evacuate Collection Set: 1.0ms
[2022-06-29T06:04:04.849+0000][9][gc,phases   ] GC(50)   Other: 1.7ms
[2022-06-29T06:04:04.850+0000][9][gc,age      ] GC(50) Age table with threshold 15 (max threshold 15)
[2022-06-29T06:04:04.851+0000][9][gc,age      ] GC(50) - age   1:     396728 bytes,     396728 total
[2022-06-29T06:04:04.851+0000][9][gc,age      ] GC(50) - age   2:       4104 bytes,     400832 total
[2022-06-29T06:04:04.852+0000][9][gc,age      ] GC(50) - age   3:        968 bytes,     401800 total
[2022-06-29T06:04:04.853+0000][9][gc,age      ] GC(50) - age   4:      10672 bytes,     412472 total
[2022-06-29T06:04:04.854+0000][9][gc,age      ] GC(50) - age   5:       1080 bytes,     413552 total
[2022-06-29T06:04:04.855+0000][9][gc,age      ] GC(50) - age   6:       4128 bytes,     417680 total
[2022-06-29T06:04:04.856+0000][9][gc,age      ] GC(50) - age   7:        448 bytes,     418128 total
[2022-06-29T06:04:04.856+0000][9][gc,age      ] GC(50) - age   8:       1976 bytes,     420104 total
[2022-06-29T06:04:04.857+0000][9][gc,age      ] GC(50) - age   9:       4720 bytes,     424824 total
[2022-06-29T06:04:04.857+0000][9][gc,age      ] GC(50) - age  10:       4144 bytes,     428968 total
[2022-06-29T06:04:04.858+0000][9][gc,age      ] GC(50) - age  11:       2912 bytes,     431880 total
[2022-06-29T06:04:04.859+0000][9][gc,age      ] GC(50) - age  12:       2056 bytes,     433936 total
[2022-06-29T06:04:04.860+0000][9][gc,age      ] GC(50) - age  13:       4792 bytes,     438728 total
[2022-06-29T06:04:04.860+0000][9][gc,age      ] GC(50) - age  14:       1432 bytes,     440160 total
[2022-06-29T06:04:04.861+0000][9][gc,age      ] GC(50) - age  15:       4960 bytes,     445120 total
[2022-06-29T06:04:04.861+0000][9][gc,heap     ] GC(50) Eden regions: 75->0(75)
[2022-06-29T06:04:04.862+0000][9][gc,heap     ] GC(50) Survivor regions: 1->1(10)
[2022-06-29T06:04:04.862+0000][9][gc,heap     ] GC(50) Old regions: 22->22
[2022-06-29T06:04:04.863+0000][9][gc,heap     ] GC(50) Archive regions: 2->2
[2022-06-29T06:04:04.863+0000][9][gc,heap     ] GC(50) Humongous regions: 0->0
[2022-06-29T06:04:04.864+0000][9][gc,metaspace] GC(50) Metaspace: 129306K(132544K)->129306K(132544K) NonClass: 112320K(113984K)->112320K(113984K) Class: 16986K(18560K)->16986K(18560K)
[2022-06-29T06:04:04.865+0000][9][gc          ] GC(50) Pause Young (Normal) (G1 Evacuation Pause) 390M->89M(512M) 24.086ms
[2022-06-29T06:04:04.866+0000][9][gc,cpu      ] GC(50) User=0.01s Sys=0.00s Real=0.02s
[2022-06-29T06:04:04.866+0000][9][safepoint   ] Safepoint "G1CollectForAllocation", Time since last: 10065280957 ns, Reaching safepoint: 104763 ns, At safepoint: 25425420 ns, Total: 25530183 ns
[2022-06-29T06:04:06.848+0000][9][safepoint   ] Safepoint "Cleanup", Time since last: 2001956617 ns, Reaching safepoint: 175533 ns, At safepoint: 10945 ns, Total: 186478 ns
[2022-06-29T06:04:15.856+0000][9][safepoint   ] Safepoint "Cleanup", Time since last: 9008134483 ns, Reaching safepoint: 238029 ns, At safepoint: 17287 ns, Total: 255316 ns
[2022-06-29T06:04:21.864+0000][9][safepoint   ] Safepoint "Cleanup", Time since last: 6007535524 ns, Reaching safepoint: 179242 ns, At safepoint: 7717 ns, Total: 186959 ns
[2022-06-29T06:04:26.873+0000][9][safepoint   ] Safepoint "Cleanup", Time since last: 5008785963 ns, Reaching safepoint: 169703 ns, At safepoint: 8395 ns, Total: 178098 ns
[2022-06-29T06:04:28.877+0000][9][safepoint   ] Safepoint "Cleanup", Time since last: 2004094646 ns, Reaching safepoint: 168273 ns, At safepoint: 17969 ns, Total: 186242 ns
[2022-06-29T06:04:39.866+0000][9][safepoint   ] Safepoint "Cleanup", Time since last: 11010296423 ns, Reaching safepoint: 99875 ns, At safepoint: 4737 ns, Total: 104612 ns
[2022-06-29T06:04:42.871+0000][9][safepoint   ] Safepoint "Cleanup", Time since last: 3005201402 ns, Reaching safepoint: 290857 ns, At safepoint: 24219 ns, Total: 315076 ns
[2022-06-29T06:04:43.874+0000][9][safepoint   ] Safepoint "Cleanup", Time since last: 1002547347 ns, Reaching safepoint: 171609 ns, At safepoint: 12576 ns, Total: 184185 ns
[2022-06-29T06:04:54.886+0000][9][safepoint   ] Safepoint "Cleanup", Time since last: 11012299436 ns, Reaching safepoint: 97714 ns, At safepoint: 5490 ns, Total: 103204 ns
[2022-06-29T06:05:21.887+0000][9][safepoint   ] Safepoint "Cleanup", Time since last: 27021802251 ns, Reaching safepoint: 92246 ns, At safepoint: 5096 ns, Total: 97342 ns
[2022-06-29T06:05:26.899+0000][9][safepoint   ] Safepoint "Cleanup", Time since last: 5012319839 ns, Reaching safepoint: 121155 ns, At safepoint: 6287 ns, Total: 127442 ns
[2022-06-29T06:05:27.902+0000][9][safepoint   ] Safepoint "Cleanup", Time since last: 1002455136 ns, Reaching safepoint: 66373 ns, At safepoint: 4094 ns, Total: 70467 ns
[2022-06-29T06:05:36.747+0000][9][gc,start    ] GC(51) Pause Young (Normal) (G1 Evacuation Pause)
[2022-06-29T06:05:36.748+0000][9][gc,task     ] GC(51) Using 4 workers of 4 for evacuation
[2022-06-29T06:05:36.749+0000][9][gc,age      ] GC(51) Desired survivor size 20971520 bytes, new threshold 15 (max threshold 15)
[2022-06-29T06:05:36.768+0000][9][gc,phases   ] GC(51)   Pre Evacuate Collection Set: 0.2ms
[2022-06-29T06:05:36.769+0000][9][gc,phases   ] GC(51)   Merge Heap Roots: 0.1ms
[2022-06-29T06:05:36.771+0000][9][gc,phases   ] GC(51)   Evacuate Collection Set: 15.0ms
[2022-06-29T06:05:36.773+0000][9][gc,phases   ] GC(51)   Post Evacuate Collection Set: 1.8ms
[2022-06-29T06:05:36.776+0000][9][gc,phases   ] GC(51)   Other: 2.5ms
[2022-06-29T06:05:36.777+0000][9][gc,age      ] GC(51) Age table with threshold 15 (max threshold 15)
[2022-06-29T06:05:36.778+0000][9][gc,age      ] GC(51) - age   1:    1776312 bytes,    1776312 total
[2022-06-29T06:05:36.779+0000][9][gc,age      ] GC(51) - age   2:       9664 bytes,    1785976 total
[2022-06-29T06:05:36.780+0000][9][gc,age      ] GC(51) - age   3:       1536 bytes,    1787512 total
[2022-06-29T06:05:36.781+0000][9][gc,age      ] GC(51) - age   4:        872 bytes,    1788384 total
[2022-06-29T06:05:36.782+0000][9][gc,age      ] GC(51) - age   5:      10672 bytes,    1799056 total
[2022-06-29T06:05:36.783+0000][9][gc,age      ] GC(51) - age   6:       1080 bytes,    1800136 total
[2022-06-29T06:05:36.784+0000][9][gc,age      ] GC(51) - age   7:       4128 bytes,    1804264 total
[2022-06-29T06:05:36.785+0000][9][gc,age      ] GC(51) - age   8:        448 bytes,    1804712 total
[2022-06-29T06:05:36.786+0000][9][gc,age      ] GC(51) - age   9:       1792 bytes,    1806504 total
[2022-06-29T06:05:36.787+0000][9][gc,age      ] GC(51) - age  10:       4720 bytes,    1811224 total
[2022-06-29T06:05:36.789+0000][9][gc,age      ] GC(51) - age  11:       4056 bytes,    1815280 total
[2022-06-29T06:05:36.792+0000][9][gc,age      ] GC(51) - age  12:       2912 bytes,    1818192 total
[2022-06-29T06:05:36.793+0000][9][gc,age      ] GC(51) - age  13:       2056 bytes,    1820248 total
[2022-06-29T06:05:36.794+0000][9][gc,age      ] GC(51) - age  14:       4792 bytes,    1825040 total
[2022-06-29T06:05:36.795+0000][9][gc,age      ] GC(51) - age  15:       1432 bytes,    1826472 total
[2022-06-29T06:05:36.796+0000][9][gc,heap     ] GC(51) Eden regions: 75->0(75)
[2022-06-29T06:05:36.797+0000][9][gc,heap     ] GC(51) Survivor regions: 1->1(10)
[2022-06-29T06:05:36.798+0000][9][gc,heap     ] GC(51) Old regions: 22->22
[2022-06-29T06:05:36.799+0000][9][gc,heap     ] GC(51) Archive regions: 2->2
[2022-06-29T06:05:36.800+0000][9][gc,heap     ] GC(51) Humongous regions: 0->0
[2022-06-29T06:05:36.801+0000][9][gc,metaspace] GC(51) Metaspace: 129316K(132608K)->129316K(132608K) NonClass: 112329K(114048K)->112329K(114048K) Class: 16986K(18560K)->16986K(18560K)
[2022-06-29T06:05:36.802+0000][9][gc          ] GC(51) Pause Young (Normal) (G1 Evacuation Pause) 389M->90M(512M) 55.174ms
[2022-06-29T06:05:36.803+0000][9][gc,cpu      ] GC(51) User=0.03s Sys=0.01s Real=0.06s
[2022-06-29T06:05:36.811+0000][9][safepoint   ] Safepoint "G1CollectForAllocation", Time since last: 8866823154 ns, Reaching safepoint: 278353 ns, At safepoint: 63868796 ns, Total: 64147149 ns
[2022-06-29T06:05:37.814+0000][9][safepoint   ] Safepoint "Cleanup", Time since last: 1002610655 ns, Reaching safepoint: 109252 ns, At safepoint: 5052 ns, Total: 114304 ns
[2022-06-29T06:05:45.819+0000][9][safepoint   ] Safepoint "Cleanup", Time since last: 8005422195 ns, Reaching safepoint: 110757 ns, At safepoint: 97271 ns, Total: 208028 ns
[2022-06-29T06:06:06.811+0000][9][safepoint   ] Safepoint "Cleanup", Time since last: 21013302701 ns, Reaching safepoint: 209262 ns, At safepoint: 25300 ns, Total: 234562 ns
[2022-06-29T06:06:09.815+0000][9][safepoint   ] Safepoint "Cleanup", Time since last: 3003535819 ns, Reaching safepoint: 214252 ns, At safepoint: 31733 ns, Total: 245985 ns
[2022-06-29T06:06:12.820+0000][9][safepoint   ] Safepoint "Cleanup", Time since last: 3004258661 ns, Reaching safepoint: 110393 ns, At safepoint: 6692 ns, Total: 117085 ns
[2022-06-29T06:06:13.821+0000][9][safepoint   ] Safepoint "Cleanup", Time since last: 1001464315 ns, Reaching safepoint: 98690 ns, At safepoint: 4273 ns, Total: 102963 ns
[2022-06-29T06:06:18.824+0000][9][safepoint   ] Safepoint "Cleanup", Time since last: 5002784038 ns, Reaching safepoint: 97534 ns, At safepoint: 5576 ns, Total: 103110 ns
[2022-06-29T06:06:21.829+0000][9][safepoint   ] Safepoint "Cleanup", Time since last: 3004760616 ns, Reaching safepoint: 127924 ns, At safepoint: 9241 ns, Total: 137165 ns
[2022-06-29T06:06:22.842+0000][9][safepoint   ] Safepoint "Cleanup", Time since last: 1012368977 ns, Reaching safepoint: 277360 ns, At safepoint: 9423 ns, Total: 286783 ns
[2022-06-29T06:07:00.725+0000][9][gc,start    ] GC(52) Pause Young (Normal) (G1 Evacuation Pause)
[2022-06-29T06:07:00.726+0000][9][gc,task     ] GC(52) Using 4 workers of 4 for evacuation
[2022-06-29T06:07:00.727+0000][9][gc,age      ] GC(52) Desired survivor size 20971520 bytes, new threshold 15 (max threshold 15)
[2022-06-29T06:07:00.734+0000][9][gc,phases   ] GC(52)   Pre Evacuate Collection Set: 0.2ms
[2022-06-29T06:07:00.735+0000][9][gc,phases   ] GC(52)   Merge Heap Roots: 0.1ms
[2022-06-29T06:07:00.736+0000][9][gc,phases   ] GC(52)   Evacuate Collection Set: 4.5ms
[2022-06-29T06:07:00.737+0000][9][gc,phases   ] GC(52)   Post Evacuate Collection Set: 1.4ms
[2022-06-29T06:07:00.738+0000][9][gc,phases   ] GC(52)   Other: 1.9ms
[2022-06-29T06:07:00.739+0000][9][gc,age      ] GC(52) Age table with threshold 15 (max threshold 15)
[2022-06-29T06:07:00.740+0000][9][gc,age      ] GC(52) - age   1:    1575552 bytes,    1575552 total
[2022-06-29T06:07:00.741+0000][9][gc,age      ] GC(52) - age   2:       3760 bytes,    1579312 total
[2022-06-29T06:07:00.742+0000][9][gc,age      ] GC(52) - age   3:       8936 bytes,    1588248 total
[2022-06-29T06:07:00.743+0000][9][gc,age      ] GC(52) - age   4:       1536 bytes,    1589784 total
[2022-06-29T06:07:00.744+0000][9][gc,age      ] GC(52) - age   5:        760 bytes,    1590544 total
[2022-06-29T06:07:00.744+0000][9][gc,age      ] GC(52) - age   6:      10672 bytes,    1601216 total
[2022-06-29T06:07:00.745+0000][9][gc,age      ] GC(52) - age   7:       1080 bytes,    1602296 total
[2022-06-29T06:07:00.746+0000][9][gc,age      ] GC(52) - age   8:       4128 bytes,    1606424 total
[2022-06-29T06:07:00.747+0000][9][gc,age      ] GC(52) - age   9:        448 bytes,    1606872 total
[2022-06-29T06:07:00.749+0000][9][gc,age      ] GC(52) - age  10:       1792 bytes,    1608664 total
[2022-06-29T06:07:00.750+0000][9][gc,age      ] GC(52) - age  11:       4720 bytes,    1613384 total
[2022-06-29T06:07:00.751+0000][9][gc,age      ] GC(52) - age  12:       4056 bytes,    1617440 total
[2022-06-29T06:07:00.753+0000][9][gc,age      ] GC(52) - age  13:       2912 bytes,    1620352 total
[2022-06-29T06:07:00.754+0000][9][gc,age      ] GC(52) - age  14:       2056 bytes,    1622408 total
[2022-06-29T06:07:00.755+0000][9][gc,age      ] GC(52) - age  15:       4792 bytes,    1627200 total
[2022-06-29T06:07:00.757+0000][9][gc,heap     ] GC(52) Eden regions: 75->0(75)
[2022-06-29T06:07:00.757+0000][9][gc,heap     ] GC(52) Survivor regions: 1->1(10)
[2022-06-29T06:07:00.759+0000][9][gc,heap     ] GC(52) Old regions: 22->22
[2022-06-29T06:07:00.759+0000][9][gc,heap     ] GC(52) Archive regions: 2->2
[2022-06-29T06:07:00.760+0000][9][gc,heap     ] GC(52) Humongous regions: 0->0
[2022-06-29T06:07:00.762+0000][9][gc,metaspace] GC(52) Metaspace: 129335K(132608K)->129335K(132608K) NonClass: 112347K(114048K)->112347K(114048K) Class: 16988K(18560K)->16988K(18560K)
[2022-06-29T06:07:00.763+0000][9][gc          ] GC(52) Pause Young (Normal) (G1 Evacuation Pause) 390M->90M(512M) 38.488ms
[2022-06-29T06:07:00.764+0000][9][gc,cpu      ] GC(52) User=0.01s Sys=0.00s Real=0.04s
[2022-06-29T06:07:00.765+0000][9][safepoint   ] Safepoint "G1CollectForAllocation", Time since last: 37904438694 ns, Reaching safepoint: 72061 ns, At safepoint: 40052040 ns, Total: 40124101 ns
[2022-06-29T06:07:12.758+0000][9][safepoint   ] Safepoint "Cleanup", Time since last: 12013821621 ns, Reaching safepoint: 354811 ns, At safepoint: 17104 ns, Total: 371915 ns
[2022-06-29T06:07:22.768+0000][9][safepoint   ] Safepoint "Cleanup", Time since last: 10010049014 ns, Reaching safepoint: 166363 ns, At safepoint: 25600 ns, Total: 191963 ns
[2022-06-29T06:07:26.773+0000][9][safepoint   ] Safepoint "Cleanup", Time since last: 4004539599 ns, Reaching safepoint: 212941 ns, At safepoint: 19277 ns, Total: 232218 ns
[2022-06-29T06:07:29.777+0000][9][safepoint   ] Safepoint "Cleanup", Time since last: 3003962364 ns, Reaching safepoint: 139845 ns, At safepoint: 9531 ns, Total: 149376 ns
[2022-06-29T06:07:30.785+0000][9][safepoint   ] Safepoint "Cleanup", Time since last: 1008142492 ns, Reaching safepoint: 163149 ns, At safepoint: 8701 ns, Total: 171850 ns
[2022-06-29T06:07:34.788+0000][9][safepoint   ] Safepoint "Cleanup", Time since last: 4003157869 ns, Reaching safepoint: 151830 ns, At safepoint: 8813 ns, Total: 160643 ns
[2022-06-29T06:07:37.769+0000][9][safepoint   ] Safepoint "Cleanup", Time since last: 3003004540 ns, Reaching safepoint: 133186 ns, At safepoint: 6218 ns, Total: 139404 ns
[2022-06-29T06:07:47.778+0000][9][safepoint   ] Safepoint "Cleanup", Time since last: 10008500313 ns, Reaching safepoint: 336283 ns, At safepoint: 20093 ns, Total: 356376 ns
[2022-06-29T06:07:48.781+0000][9][safepoint   ] Safepoint "Cleanup", Time since last: 1002138626 ns, Reaching safepoint: 756839 ns, At safepoint: 174259 ns, Total: 931098 ns
[2022-06-29T06:07:59.792+0000][9][safepoint   ] Safepoint "Cleanup", Time since last: 11010484338 ns, Reaching safepoint: 226498 ns, At safepoint: 76820 ns, Total: 303318 ns
[2022-06-29T06:08:00.796+0000][9][safepoint   ] Safepoint "Cleanup", Time since last: 1004099692 ns, Reaching safepoint: 258094 ns, At safepoint: 14878 ns, Total: 272972 ns
[2022-06-29T06:08:04.800+0000][9][safepoint   ] Safepoint "Cleanup", Time since last: 4003586854 ns, Reaching safepoint: 178168 ns, At safepoint: 5777 ns, Total: 183945 ns
[2022-06-29T06:08:05.810+0000][9][safepoint   ] Safepoint "Cleanup", Time since last: 1006226002 ns, Reaching safepoint: 3903771 ns, At safepoint: 66805 ns, Total: 3970576 ns
[2022-06-29T06:08:07.805+0000][9][safepoint   ] Safepoint "Cleanup", Time since last: 2016894737 ns, Reaching safepoint: 387733 ns, At safepoint: 27754 ns, Total: 415487 ns
[2022-06-29T06:08:09.809+0000][9][safepoint   ] Safepoint "Cleanup", Time since last: 2003416164 ns, Reaching safepoint: 221853 ns, At safepoint: 14688 ns, Total: 236541 ns
[2022-06-29T06:08:26.824+0000][9][safepoint   ] Safepoint "Cleanup", Time since last: 17014956312 ns, Reaching safepoint: 246114 ns, At safepoint: 34958 ns, Total: 281072 ns
[2022-06-29T06:08:27.827+0000][9][safepoint   ] Safepoint "Cleanup", Time since last: 1002668062 ns, Reaching safepoint: 262296 ns, At safepoint: 9181 ns, Total: 271477 ns
[2022-06-29T06:08:30.662+0000][9][gc,start    ] GC(53) Pause Young (Normal) (G1 Evacuation Pause)
[2022-06-29T06:08:30.663+0000][9][gc,task     ] GC(53) Using 4 workers of 4 for evacuation
[2022-06-29T06:08:30.664+0000][9][gc,age      ] GC(53) Desired survivor size 20971520 bytes, new threshold 15 (max threshold 15)
[2022-06-29T06:08:30.669+0000][9][gc,phases   ] GC(53)   Pre Evacuate Collection Set: 0.2ms
[2022-06-29T06:08:30.670+0000][9][gc,phases   ] GC(53)   Merge Heap Roots: 0.1ms
[2022-06-29T06:08:30.671+0000][9][gc,phases   ] GC(53)   Evacuate Collection Set: 3.5ms
[2022-06-29T06:08:30.672+0000][9][gc,phases   ] GC(53)   Post Evacuate Collection Set: 1.2ms
[2022-06-29T06:08:30.672+0000][9][gc,phases   ] GC(53)   Other: 1.3ms
[2022-06-29T06:08:30.673+0000][9][gc,age      ] GC(53) Age table with threshold 15 (max threshold 15)
[2022-06-29T06:08:30.673+0000][9][gc,age      ] GC(53) - age   1:    1253336 bytes,    1253336 total
[2022-06-29T06:08:30.675+0000][9][gc,age      ] GC(53) - age   2:       6640 bytes,    1259976 total
[2022-06-29T06:08:30.675+0000][9][gc,age      ] GC(53) - age   3:       1792 bytes,    1261768 total
[2022-06-29T06:08:30.676+0000][9][gc,age      ] GC(53) - age   4:       8784 bytes,    1270552 total
[2022-06-29T06:08:30.676+0000][9][gc,age      ] GC(53) - age   5:       1536 bytes,    1272088 total
[2022-06-29T06:08:30.677+0000][9][gc,age      ] GC(53) - age   6:        736 bytes,    1272824 total
[2022-06-29T06:08:30.677+0000][9][gc,age      ] GC(53) - age   7:      10672 bytes,    1283496 total
[2022-06-29T06:08:30.679+0000][9][gc,age      ] GC(53) - age   8:       1080 bytes,    1284576 total
[2022-06-29T06:08:30.680+0000][9][gc,age      ] GC(53) - age   9:       4128 bytes,    1288704 total
[2022-06-29T06:08:30.681+0000][9][gc,age      ] GC(53) - age  10:        448 bytes,    1289152 total
[2022-06-29T06:08:30.682+0000][9][gc,age      ] GC(53) - age  11:       1792 bytes,    1290944 total
[2022-06-29T06:08:30.682+0000][9][gc,age      ] GC(53) - age  12:       4720 bytes,    1295664 total
[2022-06-29T06:08:30.683+0000][9][gc,age      ] GC(53) - age  13:       4056 bytes,    1299720 total
[2022-06-29T06:08:30.684+0000][9][gc,age      ] GC(53) - age  14:       2912 bytes,    1302632 total
[2022-06-29T06:08:30.685+0000][9][gc,age      ] GC(53) - age  15:       2056 bytes,    1304688 total
[2022-06-29T06:08:30.685+0000][9][gc,heap     ] GC(53) Eden regions: 75->0(75)
[2022-06-29T06:08:30.686+0000][9][gc,heap     ] GC(53) Survivor regions: 1->1(10)
[2022-06-29T06:08:30.687+0000][9][gc,heap     ] GC(53) Old regions: 22->22
[2022-06-29T06:08:30.687+0000][9][gc,heap     ] GC(53) Archive regions: 2->2
[2022-06-29T06:08:30.688+0000][9][gc,heap     ] GC(53) Humongous regions: 0->0
[2022-06-29T06:08:30.688+0000][9][gc,metaspace] GC(53) Metaspace: 129336K(132608K)->129336K(132608K) NonClass: 112348K(114048K)->112348K(114048K) Class: 16988K(18560K)->16988K(18560K)
[2022-06-29T06:08:30.689+0000][9][gc          ] GC(53) Pause Young (Normal) (G1 Evacuation Pause) 390M->89M(512M) 26.864ms
[2022-06-29T06:08:30.690+0000][9][gc,cpu      ] GC(53) User=0.01s Sys=0.01s Real=0.02s
[2022-06-29T06:08:30.690+0000][9][safepoint   ] Safepoint "G1CollectForAllocation", Time since last: 2835252733 ns, Reaching safepoint: 103647 ns, At safepoint: 28303566 ns, Total: 28407213 ns
[2022-06-29T06:08:35.694+0000][9][safepoint   ] Safepoint "Cleanup", Time since last: 5003363383 ns, Reaching safepoint: 107994 ns, At safepoint: 6293 ns, Total: 114287 ns
[2022-06-29T06:08:37.678+0000][9][safepoint   ] Safepoint "Cleanup", Time since last: 2003985518 ns, Reaching safepoint: 279326 ns, At safepoint: 29966 ns, Total: 309292 ns
[2022-06-29T06:08:50.690+0000][9][safepoint   ] Safepoint "Cleanup", Time since last: 13011471992 ns, Reaching safepoint: 412333 ns, At safepoint: 134588 ns, Total: 546921 ns
[2022-06-29T06:08:55.695+0000][9][safepoint   ] Safepoint "Cleanup", Time since last: 5004949700 ns, Reaching safepoint: 141638 ns, At safepoint: 6847 ns, Total: 148485 ns
[2022-06-29T06:08:57.698+0000][9][safepoint   ] Safepoint "Cleanup", Time since last: 2002484469 ns, Reaching safepoint: 207056 ns, At safepoint: 28094 ns, Total: 235150 ns
[2022-06-29T06:09:45.688+0000][9][safepoint   ] Safepoint "Cleanup", Time since last: 48033790855 ns, Reaching safepoint: 217184 ns, At safepoint: 8480 ns, Total: 225664 ns
[2022-06-29T06:09:48.691+0000][9][safepoint   ] Safepoint "Cleanup", Time since last: 3002840913 ns, Reaching safepoint: 129823 ns, At safepoint: 3908 ns, Total: 133731 ns
[2022-06-29T06:09:57.700+0000][9][safepoint   ] Safepoint "Cleanup", Time since last: 9008795158 ns, Reaching safepoint: 102295 ns, At safepoint: 5661 ns, Total: 107956 ns
[2022-06-29T06:10:04.708+0000][9][safepoint   ] Safepoint "Cleanup", Time since last: 7007460340 ns, Reaching safepoint: 159074 ns, At safepoint: 26695 ns, Total: 185769 ns
[2022-06-29T06:10:10.387+0000][9][gc,start    ] GC(54) Pause Young (Normal) (G1 Evacuation Pause)
[2022-06-29T06:10:10.389+0000][9][gc,task     ] GC(54) Using 4 workers of 4 for evacuation
[2022-06-29T06:10:10.390+0000][9][gc,age      ] GC(54) Desired survivor size 20971520 bytes, new threshold 15 (max threshold 15)
[2022-06-29T06:10:10.398+0000][9][gc,phases   ] GC(54)   Pre Evacuate Collection Set: 0.3ms
[2022-06-29T06:10:10.400+0000][9][gc,phases   ] GC(54)   Merge Heap Roots: 0.2ms
[2022-06-29T06:10:10.402+0000][9][gc,phases   ] GC(54)   Evacuate Collection Set: 5.4ms
[2022-06-29T06:10:10.403+0000][9][gc,phases   ] GC(54)   Post Evacuate Collection Set: 1.5ms
[2022-06-29T06:10:10.404+0000][9][gc,phases   ] GC(54)   Other: 1.8ms
[2022-06-29T06:10:10.405+0000][9][gc,age      ] GC(54) Age table with threshold 15 (max threshold 15)
[2022-06-29T06:10:10.406+0000][9][gc,age      ] GC(54) - age   1:    1801464 bytes,    1801464 total
[2022-06-29T06:10:10.407+0000][9][gc,age      ] GC(54) - age   2:       2520 bytes,    1803984 total
[2022-06-29T06:10:10.408+0000][9][gc,age      ] GC(54) - age   3:       4960 bytes,    1808944 total
[2022-06-29T06:10:10.409+0000][9][gc,age      ] GC(54) - age   4:       1632 bytes,    1810576 total
[2022-06-29T06:10:10.410+0000][9][gc,age      ] GC(54) - age   5:        584 bytes,    1811160 total
[2022-06-29T06:10:10.411+0000][9][gc,age      ] GC(54) - age   6:       1536 bytes,    1812696 total
[2022-06-29T06:10:10.411+0000][9][gc,age      ] GC(54) - age   7:        736 bytes,    1813432 total
[2022-06-29T06:10:10.413+0000][9][gc,age      ] GC(54) - age   8:       8952 bytes,    1822384 total
[2022-06-29T06:10:10.414+0000][9][gc,age      ] GC(54) - age   9:       1080 bytes,    1823464 total
[2022-06-29T06:10:10.415+0000][9][gc,age      ] GC(54) - age  10:       4128 bytes,    1827592 total
[2022-06-29T06:10:10.417+0000][9][gc,age      ] GC(54) - age  11:        448 bytes,    1828040 total
[2022-06-29T06:10:10.418+0000][9][gc,age      ] GC(54) - age  12:       1792 bytes,    1829832 total
[2022-06-29T06:10:10.419+0000][9][gc,age      ] GC(54) - age  13:       4720 bytes,    1834552 total
[2022-06-29T06:10:10.420+0000][9][gc,age      ] GC(54) - age  14:       4056 bytes,    1838608 total
[2022-06-29T06:10:10.420+0000][9][gc,age      ] GC(54) - age  15:       2880 bytes,    1841488 total
[2022-06-29T06:10:10.421+0000][9][gc,heap     ] GC(54) Eden regions: 75->0(75)
[2022-06-29T06:10:10.422+0000][9][gc,heap     ] GC(54) Survivor regions: 1->1(10)
[2022-06-29T06:10:10.423+0000][9][gc,heap     ] GC(54) Old regions: 22->22
[2022-06-29T06:10:10.424+0000][9][gc,heap     ] GC(54) Archive regions: 2->2
[2022-06-29T06:10:10.425+0000][9][gc,heap     ] GC(54) Humongous regions: 0->0
[2022-06-29T06:10:10.425+0000][9][gc,metaspace] GC(54) Metaspace: 129353K(132608K)->129353K(132608K) NonClass: 112364K(114048K)->112364K(114048K) Class: 16989K(18560K)->16989K(18560K)
[2022-06-29T06:10:10.427+0000][9][gc          ] GC(54) Pause Young (Normal) (G1 Evacuation Pause) 389M->90M(512M) 39.449ms
[2022-06-29T06:10:10.428+0000][9][gc,cpu      ] GC(54) User=0.01s Sys=0.00s Real=0.04s
[2022-06-29T06:10:10.429+0000][9][safepoint   ] Safepoint "G1CollectForAllocation", Time since last: 5700407961 ns, Reaching safepoint: 314509 ns, At safepoint: 41502865 ns, Total: 41817374 ns
[2022-06-29T06:10:16.433+0000][9][safepoint   ] Safepoint "Cleanup", Time since last: 6004681890 ns, Reaching safepoint: 151327 ns, At safepoint: 9406 ns, Total: 160733 ns
[2022-06-29T06:10:28.104+0000][9][safepoint   ] Safepoint "Cleanup", Time since last: 11669880344 ns, Reaching safepoint: 468049 ns, At safepoint: 64142 ns, Total: 532191 ns
[2022-06-29T06:10:34.109+0000][9][safepoint   ] Safepoint "Cleanup", Time since last: 6005106449 ns, Reaching safepoint: 174875 ns, At safepoint: 11146 ns, Total: 186021 ns
[2022-06-29T06:11:02.108+0000][9][safepoint   ] Safepoint "Cleanup", Time since last: 28021139925 ns, Reaching safepoint: 259465 ns, At safepoint: 52451 ns, Total: 311916 ns
[2022-06-29T06:11:10.092+0000][9][safepoint   ] Safepoint "Cleanup", Time since last: 8004758783 ns, Reaching safepoint: 190540 ns, At safepoint: 43226 ns, Total: 233766 ns
[2022-06-29T06:11:27.102+0000][9][safepoint   ] Safepoint "Cleanup", Time since last: 17009749769 ns, Reaching safepoint: 326004 ns, At safepoint: 59223 ns, Total: 385227 ns
[2022-06-29T06:11:34.109+0000][9][safepoint   ] Safepoint "Cleanup", Time since last: 7006861762 ns, Reaching safepoint: 191875 ns, At safepoint: 52090 ns, Total: 243965 ns
[2022-06-29T06:11:47.108+0000][9][safepoint   ] Safepoint "Cleanup", Time since last: 13017526237 ns, Reaching safepoint: 100966 ns, At safepoint: 49286 ns, Total: 150252 ns
[2022-06-29T06:11:57.605+0000][9][gc,start    ] GC(55) Pause Young (Normal) (G1 Evacuation Pause)
[2022-06-29T06:11:57.608+0000][9][gc,task     ] GC(55) Using 4 workers of 4 for evacuation
[2022-06-29T06:11:57.609+0000][9][gc,age      ] GC(55) Desired survivor size 20971520 bytes, new threshold 15 (max threshold 15)
[2022-06-29T06:11:57.613+0000][9][gc,phases   ] GC(55)   Pre Evacuate Collection Set: 0.2ms
[2022-06-29T06:11:57.615+0000][9][gc,phases   ] GC(55)   Merge Heap Roots: 0.0ms
[2022-06-29T06:11:57.615+0000][9][gc,phases   ] GC(55)   Evacuate Collection Set: 1.8ms
[2022-06-29T06:11:57.616+0000][9][gc,phases   ] GC(55)   Post Evacuate Collection Set: 1.1ms
[2022-06-29T06:11:57.617+0000][9][gc,phases   ] GC(55)   Other: 2.6ms
[2022-06-29T06:11:57.618+0000][9][gc,age      ] GC(55) Age table with threshold 15 (max threshold 15)
[2022-06-29T06:11:57.619+0000][9][gc,age      ] GC(55) - age   1:     667864 bytes,     667864 total
[2022-06-29T06:11:57.620+0000][9][gc,age      ] GC(55) - age   2:       8288 bytes,     676152 total
[2022-06-29T06:11:57.621+0000][9][gc,age      ] GC(55) - age   3:       1592 bytes,     677744 total
[2022-06-29T06:11:57.621+0000][9][gc,age      ] GC(55) - age   4:       4680 bytes,     682424 total
[2022-06-29T06:11:57.623+0000][9][gc,age      ] GC(55) - age   5:       1632 bytes,     684056 total
[2022-06-29T06:11:57.624+0000][9][gc,age      ] GC(55) - age   6:        584 bytes,     684640 total
[2022-06-29T06:11:57.624+0000][9][gc,age      ] GC(55) - age   7:       1536 bytes,     686176 total
[2022-06-29T06:11:57.625+0000][9][gc,age      ] GC(55) - age   8:        736 bytes,     686912 total
[2022-06-29T06:11:57.626+0000][9][gc,age      ] GC(55) - age   9:       8952 bytes,     695864 total
[2022-06-29T06:11:57.627+0000][9][gc,age      ] GC(55) - age  10:       1080 bytes,     696944 total
[2022-06-29T06:11:57.628+0000][9][gc,age      ] GC(55) - age  11:       4128 bytes,     701072 total
[2022-06-29T06:11:57.628+0000][9][gc,age      ] GC(55) - age  12:        448 bytes,     701520 total
[2022-06-29T06:11:57.629+0000][9][gc,age      ] GC(55) - age  13:       1792 bytes,     703312 total
[2022-06-29T06:11:57.630+0000][9][gc,age      ] GC(55) - age  14:       4720 bytes,     708032 total
[2022-06-29T06:11:57.631+0000][9][gc,age      ] GC(55) - age  15:       4056 bytes,     712088 total
[2022-06-29T06:11:57.632+0000][9][gc,heap     ] GC(55) Eden regions: 75->0(75)
[2022-06-29T06:11:57.633+0000][9][gc,heap     ] GC(55) Survivor regions: 1->1(10)
[2022-06-29T06:11:57.634+0000][9][gc,heap     ] GC(55) Old regions: 22->22
[2022-06-29T06:11:57.634+0000][9][gc,heap     ] GC(55) Archive regions: 2->2
[2022-06-29T06:11:57.635+0000][9][gc,heap     ] GC(55) Humongous regions: 0->0
[2022-06-29T06:11:57.636+0000][9][gc,metaspace] GC(55) Metaspace: 129357K(132608K)->129357K(132608K) NonClass: 112368K(114048K)->112368K(114048K) Class: 16989K(18560K)->16989K(18560K)
[2022-06-29T06:11:57.637+0000][9][gc          ] GC(55) Pause Young (Normal) (G1 Evacuation Pause) 390M->89M(512M) 31.568ms
[2022-06-29T06:11:57.638+0000][9][gc,cpu      ] GC(55) User=0.01s Sys=0.01s Real=0.03s
[2022-06-29T06:11:57.638+0000][9][safepoint   ] Safepoint "G1CollectForAllocation", Time since last: 10497015970 ns, Reaching safepoint: 100114 ns, At safepoint: 32963435 ns, Total: 33063549 ns
[2022-06-29T06:11:58.640+0000][9][safepoint   ] Safepoint "Cleanup", Time since last: 1001476657 ns, Reaching safepoint: 135004 ns, At safepoint: 4928 ns, Total: 139932 ns
[2022-06-29T06:12:17.634+0000][9][safepoint   ] Safepoint "Cleanup", Time since last: 19017254293 ns, Reaching safepoint: 592202 ns, At safepoint: 32764 ns, Total: 624966 ns
[2022-06-29T06:12:27.645+0000][9][safepoint   ] Safepoint "Cleanup", Time since last: 10011814540 ns, Reaching safepoint: 107778 ns, At safepoint: 4464 ns, Total: 112242 ns
[2022-06-29T06:12:40.639+0000][9][safepoint   ] Safepoint "Cleanup", Time since last: 13016153073 ns, Reaching safepoint: 136339 ns, At safepoint: 9944 ns, Total: 146283 ns
[2022-06-29T06:12:57.652+0000][9][safepoint   ] Safepoint "Cleanup", Time since last: 17012539075 ns, Reaching safepoint: 423757 ns, At safepoint: 36238 ns, Total: 459995 ns
[2022-06-29T06:13:06.645+0000][9][safepoint   ] Safepoint "Cleanup", Time since last: 9013029524 ns, Reaching safepoint: 88302 ns, At safepoint: 3782 ns, Total: 92084 ns
[2022-06-29T06:13:24.660+0000][9][safepoint   ] Safepoint "Cleanup", Time since last: 18014565159 ns, Reaching safepoint: 170339 ns, At safepoint: 5431 ns, Total: 175770 ns
[2022-06-29T06:13:27.666+0000][9][safepoint   ] Safepoint "Cleanup", Time since last: 3005500185 ns, Reaching safepoint: 86912 ns, At safepoint: 5429 ns, Total: 92341 ns
[2022-06-29T06:13:39.771+0000][9][gc,start    ] GC(56) Pause Young (Normal) (G1 Evacuation Pause)
[2022-06-29T06:13:39.772+0000][9][gc,task     ] GC(56) Using 4 workers of 4 for evacuation
[2022-06-29T06:13:39.773+0000][9][gc,age      ] GC(56) Desired survivor size 20971520 bytes, new threshold 15 (max threshold 15)
[2022-06-29T06:13:39.779+0000][9][gc,phases   ] GC(56)   Pre Evacuate Collection Set: 0.3ms
[2022-06-29T06:13:39.780+0000][9][gc,phases   ] GC(56)   Merge Heap Roots: 0.1ms
[2022-06-29T06:13:39.781+0000][9][gc,phases   ] GC(56)   Evacuate Collection Set: 3.6ms
[2022-06-29T06:13:39.782+0000][9][gc,phases   ] GC(56)   Post Evacuate Collection Set: 1.5ms
[2022-06-29T06:13:39.782+0000][9][gc,phases   ] GC(56)   Other: 1.4ms
[2022-06-29T06:13:39.783+0000][9][gc,age      ] GC(56) Age table with threshold 15 (max threshold 15)
[2022-06-29T06:13:39.784+0000][9][gc,age      ] GC(56) - age   1:    1431552 bytes,    1431552 total
[2022-06-29T06:13:39.785+0000][9][gc,age      ] GC(56) - age   2:       2240 bytes,    1433792 total
[2022-06-29T06:13:39.785+0000][9][gc,age      ] GC(56) - age   3:       6128 bytes,    1439920 total
[2022-06-29T06:13:39.786+0000][9][gc,age      ] GC(56) - age   4:       1568 bytes,    1441488 total
[2022-06-29T06:13:39.786+0000][9][gc,age      ] GC(56) - age   5:       4680 bytes,    1446168 total
[2022-06-29T06:13:39.787+0000][9][gc,age      ] GC(56) - age   6:       1448 bytes,    1447616 total
[2022-06-29T06:13:39.787+0000][9][gc,age      ] GC(56) - age   7:        584 bytes,    1448200 total
[2022-06-29T06:13:39.788+0000][9][gc,age      ] GC(56) - age   8:       1536 bytes,    1449736 total
[2022-06-29T06:13:39.789+0000][9][gc,age      ] GC(56) - age   9:        704 bytes,    1450440 total
[2022-06-29T06:13:39.789+0000][9][gc,age      ] GC(56) - age  10:       8952 bytes,    1459392 total
[2022-06-29T06:13:39.790+0000][9][gc,age      ] GC(56) - age  11:       1080 bytes,    1460472 total
[2022-06-29T06:13:39.790+0000][9][gc,age      ] GC(56) - age  12:       4128 bytes,    1464600 total
[2022-06-29T06:13:39.791+0000][9][gc,age      ] GC(56) - age  13:        448 bytes,    1465048 total
[2022-06-29T06:13:39.791+0000][9][gc,age      ] GC(56) - age  14:       1792 bytes,    1466840 total
[2022-06-29T06:13:39.792+0000][9][gc,age      ] GC(56) - age  15:       4720 bytes,    1471560 total
[2022-06-29T06:13:39.793+0000][9][gc,heap     ] GC(56) Eden regions: 75->0(75)
[2022-06-29T06:13:39.793+0000][9][gc,heap     ] GC(56) Survivor regions: 1->1(10)
[2022-06-29T06:13:39.794+0000][9][gc,heap     ] GC(56) Old regions: 22->22
[2022-06-29T06:13:39.795+0000][9][gc,heap     ] GC(56) Archive regions: 2->2
[2022-06-29T06:13:39.796+0000][9][gc,heap     ] GC(56) Humongous regions: 0->0
[2022-06-29T06:13:39.796+0000][9][gc,metaspace] GC(56) Metaspace: 129362K(132608K)->129362K(132608K) NonClass: 112372K(114048K)->112372K(114048K) Class: 16990K(18560K)->16990K(18560K)
[2022-06-29T06:13:39.797+0000][9][gc          ] GC(56) Pause Young (Normal) (G1 Evacuation Pause) 389M->90M(512M) 25.632ms
[2022-06-29T06:13:39.798+0000][9][gc,cpu      ] GC(56) User=0.01s Sys=0.00s Real=0.03s
[2022-06-29T06:13:39.799+0000][9][safepoint   ] Safepoint "G1CollectForAllocation", Time since last: 12125291183 ns, Reaching safepoint: 60713 ns, At safepoint: 27345254 ns, Total: 27405967 ns
[2022-06-29T06:13:45.805+0000][9][safepoint   ] Safepoint "Cleanup", Time since last: 6005153520 ns, Reaching safepoint: 700896 ns, At safepoint: 35026 ns, Total: 735922 ns
[2022-06-29T06:14:27.814+0000][9][safepoint   ] Safepoint "Cleanup", Time since last: 42034018930 ns, Reaching safepoint: 172080 ns, At safepoint: 7387 ns, Total: 179467 ns
[2022-06-29T06:14:39.803+0000][9][safepoint   ] Safepoint "Cleanup", Time since last: 12010013205 ns, Reaching safepoint: 170263 ns, At safepoint: 10422 ns, Total: 180685 ns
[2022-06-29T06:15:12.809+0000][9][safepoint   ] Safepoint "Cleanup", Time since last: 33027951730 ns, Reaching safepoint: 407388 ns, At safepoint: 44900 ns, Total: 452288 ns
[2022-06-29T06:15:16.817+0000][9][safepoint   ] Safepoint "Cleanup", Time since last: 4008057786 ns, Reaching safepoint: 277562 ns, At safepoint: 14088 ns, Total: 291650 ns
[2022-06-29T06:15:18.515+0000][9][gc,start    ] GC(57) Pause Young (Normal) (G1 Evacuation Pause)
[2022-06-29T06:15:18.517+0000][9][gc,task     ] GC(57) Using 4 workers of 4 for evacuation
[2022-06-29T06:15:18.517+0000][9][gc,age      ] GC(57) Desired survivor size 20971520 bytes, new threshold 15 (max threshold 15)
[2022-06-29T06:15:18.522+0000][9][gc,phases   ] GC(57)   Pre Evacuate Collection Set: 0.2ms
[2022-06-29T06:15:18.523+0000][9][gc,phases   ] GC(57)   Merge Heap Roots: 0.1ms
[2022-06-29T06:15:18.523+0000][9][gc,phases   ] GC(57)   Evacuate Collection Set: 2.5ms
[2022-06-29T06:15:18.524+0000][9][gc,phases   ] GC(57)   Post Evacuate Collection Set: 0.8ms
[2022-06-29T06:15:18.525+0000][9][gc,phases   ] GC(57)   Other: 1.5ms
[2022-06-29T06:15:18.525+0000][9][gc,age      ] GC(57) Age table with threshold 15 (max threshold 15)
[2022-06-29T06:15:18.526+0000][9][gc,age      ] GC(57) - age   1:     751816 bytes,     751816 total
[2022-06-29T06:15:18.527+0000][9][gc,age      ] GC(57) - age   2:      10952 bytes,     762768 total
[2022-06-29T06:15:18.528+0000][9][gc,age      ] GC(57) - age   3:       1176 bytes,     763944 total
[2022-06-29T06:15:18.528+0000][9][gc,age      ] GC(57) - age   4:       6032 bytes,     769976 total
[2022-06-29T06:15:18.529+0000][9][gc,age      ] GC(57) - age   5:       1568 bytes,     771544 total
[2022-06-29T06:15:18.529+0000][9][gc,age      ] GC(57) - age   6:       4680 bytes,     776224 total
[2022-06-29T06:15:18.530+0000][9][gc,age      ] GC(57) - age   7:       1448 bytes,     777672 total
[2022-06-29T06:15:18.531+0000][9][gc,age      ] GC(57) - age   8:        584 bytes,     778256 total
[2022-06-29T06:15:18.532+0000][9][gc,age      ] GC(57) - age   9:       1536 bytes,     779792 total
[2022-06-29T06:15:18.533+0000][9][gc,age      ] GC(57) - age  10:        704 bytes,     780496 total
[2022-06-29T06:15:18.533+0000][9][gc,age      ] GC(57) - age  11:       8952 bytes,     789448 total
[2022-06-29T06:15:18.534+0000][9][gc,age      ] GC(57) - age  12:       1080 bytes,     790528 total
[2022-06-29T06:15:18.534+0000][9][gc,age      ] GC(57) - age  13:       4128 bytes,     794656 total
[2022-06-29T06:15:18.535+0000][9][gc,age      ] GC(57) - age  14:        448 bytes,     795104 total
[2022-06-29T06:15:18.536+0000][9][gc,age      ] GC(57) - age  15:       1792 bytes,     796896 total
[2022-06-29T06:15:18.537+0000][9][gc,heap     ] GC(57) Eden regions: 75->0(75)
[2022-06-29T06:15:18.537+0000][9][gc,heap     ] GC(57) Survivor regions: 1->1(10)
[2022-06-29T06:15:18.538+0000][9][gc,heap     ] GC(57) Old regions: 22->22
[2022-06-29T06:15:18.538+0000][9][gc,heap     ] GC(57) Archive regions: 2->2
[2022-06-29T06:15:18.539+0000][9][gc,heap     ] GC(57) Humongous regions: 0->0
[2022-06-29T06:15:18.540+0000][9][gc,metaspace] GC(57) Metaspace: 129364K(132608K)->129364K(132608K) NonClass: 112374K(114048K)->112374K(114048K) Class: 16990K(18560K)->16990K(18560K)
[2022-06-29T06:15:18.540+0000][9][gc          ] GC(57) Pause Young (Normal) (G1 Evacuation Pause) 390M->89M(512M) 24.967ms
[2022-06-29T06:15:18.541+0000][9][gc,cpu      ] GC(57) User=0.01s Sys=0.00s Real=0.03s
[2022-06-29T06:15:18.542+0000][9][safepoint   ] Safepoint "G1CollectForAllocation", Time since last: 1698395179 ns, Reaching safepoint: 84041 ns, At safepoint: 26476270 ns, Total: 26560311 ns
[2022-06-29T06:15:39.538+0000][9][safepoint   ] Safepoint "Cleanup", Time since last: 21016333771 ns, Reaching safepoint: 372373 ns, At safepoint: 14779 ns, Total: 387152 ns
[2022-06-29T06:16:27.558+0000][9][safepoint   ] Safepoint "Cleanup", Time since last: 48040686808 ns, Reaching safepoint: 190408 ns, At safepoint: 7301 ns, Total: 197709 ns
[2022-06-29T06:16:42.550+0000][9][safepoint   ] Safepoint "Cleanup", Time since last: 15014266789 ns, Reaching safepoint: 105926 ns, At safepoint: 6510 ns, Total: 112436 ns
[2022-06-29T06:16:57.563+0000][9][safepoint   ] Safepoint "Cleanup", Time since last: 15012994991 ns, Reaching safepoint: 89599 ns, At safepoint: 8975 ns, Total: 98574 ns
[2022-06-29T06:16:58.665+0000][9][safepoint   ] Safepoint "Cleanup", Time since last: 1101529265 ns, Reaching safepoint: 140048 ns, At safepoint: 7048 ns, Total: 147096 ns
[2022-06-29T06:17:03.672+0000][9][safepoint   ] Safepoint "Cleanup", Time since last: 5006680480 ns, Reaching safepoint: 298717 ns, At safepoint: 8309 ns, Total: 307026 ns
[2022-06-29T06:17:09.462+0000][9][gc,start    ] GC(58) Pause Young (Normal) (G1 Evacuation Pause)
[2022-06-29T06:17:09.463+0000][9][gc,task     ] GC(58) Using 4 workers of 4 for evacuation
[2022-06-29T06:17:09.464+0000][9][gc,age      ] GC(58) Desired survivor size 20971520 bytes, new threshold 15 (max threshold 15)
[2022-06-29T06:17:09.489+0000][9][gc,phases   ] GC(58)   Pre Evacuate Collection Set: 0.4ms
[2022-06-29T06:17:09.491+0000][9][gc,phases   ] GC(58)   Merge Heap Roots: 0.3ms
[2022-06-29T06:17:09.491+0000][9][gc,phases   ] GC(58)   Evacuate Collection Set: 17.6ms
[2022-06-29T06:17:09.492+0000][9][gc,phases   ] GC(58)   Post Evacuate Collection Set: 5.3ms
[2022-06-29T06:17:09.492+0000][9][gc,phases   ] GC(58)   Other: 1.7ms
[2022-06-29T06:17:09.493+0000][9][gc,age      ] GC(58) Age table with threshold 15 (max threshold 15)
[2022-06-29T06:17:09.494+0000][9][gc,age      ] GC(58) - age   1:    1040736 bytes,    1040736 total
[2022-06-29T06:17:09.494+0000][9][gc,age      ] GC(58) - age   2:       4592 bytes,    1045328 total
[2022-06-29T06:17:09.495+0000][9][gc,age      ] GC(58) - age   3:       8728 bytes,    1054056 total
[2022-06-29T06:17:09.495+0000][9][gc,age      ] GC(58) - age   4:       1176 bytes,    1055232 total
[2022-06-29T06:17:09.496+0000][9][gc,age      ] GC(58) - age   5:       6032 bytes,    1061264 total
[2022-06-29T06:17:09.496+0000][9][gc,age      ] GC(58) - age   6:       1568 bytes,    1062832 total
[2022-06-29T06:17:09.497+0000][9][gc,age      ] GC(58) - age   7:       4496 bytes,    1067328 total
[2022-06-29T06:17:09.498+0000][9][gc,age      ] GC(58) - age   8:       1448 bytes,    1068776 total
[2022-06-29T06:17:09.498+0000][9][gc,age      ] GC(58) - age   9:        584 bytes,    1069360 total
[2022-06-29T06:17:09.499+0000][9][gc,age      ] GC(58) - age  10:       1536 bytes,    1070896 total
[2022-06-29T06:17:09.499+0000][9][gc,age      ] GC(58) - age  11:        704 bytes,    1071600 total
[2022-06-29T06:17:09.500+0000][9][gc,age      ] GC(58) - age  12:       8952 bytes,    1080552 total
[2022-06-29T06:17:09.500+0000][9][gc,age      ] GC(58) - age  13:        696 bytes,    1081248 total
[2022-06-29T06:17:09.501+0000][9][gc,age      ] GC(58) - age  14:       4128 bytes,    1085376 total
[2022-06-29T06:17:09.502+0000][9][gc,age      ] GC(58) - age  15:        448 bytes,    1085824 total
[2022-06-29T06:17:09.502+0000][9][gc,heap     ] GC(58) Eden regions: 75->0(75)
[2022-06-29T06:17:09.503+0000][9][gc,heap     ] GC(58) Survivor regions: 1->1(10)
[2022-06-29T06:17:09.504+0000][9][gc,heap     ] GC(58) Old regions: 22->22
[2022-06-29T06:17:09.504+0000][9][gc,heap     ] GC(58) Archive regions: 2->2
[2022-06-29T06:17:09.505+0000][9][gc,heap     ] GC(58) Humongous regions: 0->0
[2022-06-29T06:17:09.506+0000][9][gc,metaspace] GC(58) Metaspace: 129375K(132672K)->129375K(132672K) NonClass: 112385K(114112K)->112385K(114112K) Class: 16990K(18560K)->16990K(18560K)
[2022-06-29T06:17:09.507+0000][9][gc          ] GC(58) Pause Young (Normal) (G1 Evacuation Pause) 389M->89M(512M) 45.214ms
[2022-06-29T06:17:09.507+0000][9][gc,cpu      ] GC(58) User=0.07s Sys=0.00s Real=0.05s
[2022-06-29T06:17:09.508+0000][9][safepoint   ] Safepoint "G1CollectForAllocation", Time since last: 5808445306 ns, Reaching safepoint: 112581 ns, At safepoint: 46814283 ns, Total: 46926864 ns
[2022-06-29T06:17:10.511+0000][9][safepoint   ] Safepoint "Cleanup", Time since last: 1002164322 ns, Reaching safepoint: 156488 ns, At safepoint: 8923 ns, Total: 165411 ns
[2022-06-29T06:17:19.520+0000][9][safepoint   ] Safepoint "Cleanup", Time since last: 9009371767 ns, Reaching safepoint: 287581 ns, At safepoint: 11157 ns, Total: 298738 ns
[2022-06-29T06:17:27.531+0000][9][safepoint   ] Safepoint "Cleanup", Time since last: 8010597717 ns, Reaching safepoint: 179710 ns, At safepoint: 12821 ns, Total: 192531 ns
[2022-06-29T06:17:38.518+0000][9][safepoint   ] Safepoint "Cleanup", Time since last: 11011381279 ns, Reaching safepoint: 336982 ns, At safepoint: 12551 ns, Total: 349533 ns
[2022-06-29T06:17:39.522+0000][9][safepoint   ] Safepoint "Cleanup", Time since last: 1002707616 ns, Reaching safepoint: 519347 ns, At safepoint: 28249 ns, Total: 547596 ns
[2022-06-29T06:18:03.555+0000][9][safepoint   ] Safepoint "Cleanup", Time since last: 24032837379 ns, Reaching safepoint: 200865 ns, At safepoint: 9942 ns, Total: 210807 ns
[2022-06-29T06:18:05.559+0000][9][safepoint   ] Safepoint "Cleanup", Time since last: 2004193547 ns, Reaching safepoint: 142273 ns, At safepoint: 10415 ns, Total: 152688 ns
[2022-06-29T06:18:24.553+0000][9][safepoint   ] Safepoint "Cleanup", Time since last: 19015294673 ns, Reaching safepoint: 70041 ns, At safepoint: 4669 ns, Total: 74710 ns
[2022-06-29T06:18:27.558+0000][9][safepoint   ] Safepoint "Cleanup", Time since last: 3004958817 ns, Reaching safepoint: 60213 ns, At safepoint: 2865 ns, Total: 63078 ns
[2022-06-29T06:18:51.425+0000][9][gc,start    ] GC(59) Pause Young (Normal) (G1 Evacuation Pause)
[2022-06-29T06:18:51.427+0000][9][gc,task     ] GC(59) Using 4 workers of 4 for evacuation
[2022-06-29T06:18:51.428+0000][9][gc,age      ] GC(59) Desired survivor size 20971520 bytes, new threshold 15 (max threshold 15)
[2022-06-29T06:18:51.457+0000][9][gc,phases   ] GC(59)   Pre Evacuate Collection Set: 0.4ms
[2022-06-29T06:18:51.458+0000][9][gc,phases   ] GC(59)   Merge Heap Roots: 0.2ms
[2022-06-29T06:18:51.459+0000][9][gc,phases   ] GC(59)   Evacuate Collection Set: 21.1ms
[2022-06-29T06:18:51.460+0000][9][gc,phases   ] GC(59)   Post Evacuate Collection Set: 6.0ms
[2022-06-29T06:18:51.461+0000][9][gc,phases   ] GC(59)   Other: 2.4ms
[2022-06-29T06:18:51.462+0000][9][gc,age      ] GC(59) Age table with threshold 15 (max threshold 15)
[2022-06-29T06:18:51.463+0000][9][gc,age      ] GC(59) - age   1:    1823192 bytes,    1823192 total
[2022-06-29T06:18:51.463+0000][9][gc,age      ] GC(59) - age   2:       4280 bytes,    1827472 total
[2022-06-29T06:18:51.464+0000][9][gc,age      ] GC(59) - age   3:       3824 bytes,    1831296 total
[2022-06-29T06:18:51.465+0000][9][gc,age      ] GC(59) - age   4:       8544 bytes,    1839840 total
[2022-06-29T06:18:51.465+0000][9][gc,age      ] GC(59) - age   5:       1176 bytes,    1841016 total
[2022-06-29T06:18:51.466+0000][9][gc,age      ] GC(59) - age   6:       6032 bytes,    1847048 total
[2022-06-29T06:18:51.466+0000][9][gc,age      ] GC(59) - age   7:       1568 bytes,    1848616 total
[2022-06-29T06:18:51.468+0000][9][gc,age      ] GC(59) - age   8:       4496 bytes,    1853112 total
[2022-06-29T06:18:51.470+0000][9][gc,age      ] GC(59) - age   9:       1448 bytes,    1854560 total
[2022-06-29T06:18:51.471+0000][9][gc,age      ] GC(59) - age  10:        400 bytes,    1854960 total
[2022-06-29T06:18:51.472+0000][9][gc,age      ] GC(59) - age  11:       1536 bytes,    1856496 total
[2022-06-29T06:18:51.472+0000][9][gc,age      ] GC(59) - age  12:        704 bytes,    1857200 total
[2022-06-29T06:18:51.473+0000][9][gc,age      ] GC(59) - age  13:       8952 bytes,    1866152 total
[2022-06-29T06:18:51.474+0000][9][gc,age      ] GC(59) - age  14:        696 bytes,    1866848 total
[2022-06-29T06:18:51.474+0000][9][gc,age      ] GC(59) - age  15:       4128 bytes,    1870976 total
[2022-06-29T06:18:51.475+0000][9][gc,heap     ] GC(59) Eden regions: 75->0(75)
[2022-06-29T06:18:51.475+0000][9][gc,heap     ] GC(59) Survivor regions: 1->1(10)
[2022-06-29T06:18:51.477+0000][9][gc,heap     ] GC(59) Old regions: 22->22
[2022-06-29T06:18:51.478+0000][9][gc,heap     ] GC(59) Archive regions: 2->2
[2022-06-29T06:18:51.478+0000][9][gc,heap     ] GC(59) Humongous regions: 0->0
[2022-06-29T06:18:51.479+0000][9][gc,metaspace] GC(59) Metaspace: 129410K(132672K)->129410K(132672K) NonClass: 112419K(114112K)->112419K(114112K) Class: 16991K(18560K)->16991K(18560K)
[2022-06-29T06:18:51.480+0000][9][gc          ] GC(59) Pause Young (Normal) (G1 Evacuation Pause) 389M->90M(512M) 54.973ms
[2022-06-29T06:18:51.481+0000][9][gc,cpu      ] GC(59) User=0.07s Sys=0.00s Real=0.06s
[2022-06-29T06:18:51.482+0000][9][safepoint   ] Safepoint "G1CollectForAllocation", Time since last: 23888276270 ns, Reaching safepoint: 185752 ns, At safepoint: 56645737 ns, Total: 56831489 ns
[2022-06-29T06:18:53.484+0000][9][safepoint   ] Safepoint "Cleanup", Time since last: 2002146185 ns, Reaching safepoint: 278921 ns, At safepoint: 11277 ns, Total: 290198 ns
[2022-06-29T06:18:54.487+0000][9][safepoint   ] Safepoint "Cleanup", Time since last: 1002529596 ns, Reaching safepoint: 372726 ns, At safepoint: 21469 ns, Total: 394195 ns
[2022-06-29T06:19:16.486+0000][9][safepoint   ] Safepoint "Cleanup", Time since last: 22018966022 ns, Reaching safepoint: 221245 ns, At safepoint: 33308 ns, Total: 254553 ns
[2022-06-29T06:19:24.409+0000][9][safepoint   ] Safepoint "Cleanup", Time since last: 7922723689 ns, Reaching safepoint: 120290 ns, At safepoint: 28581 ns, Total: 148871 ns
[2022-06-29T06:19:25.412+0000][9][safepoint   ] Safepoint "Cleanup", Time since last: 1003167117 ns, Reaching safepoint: 394958 ns, At safepoint: 23196 ns, Total: 418154 ns
[2022-06-29T06:19:27.419+0000][9][safepoint   ] Safepoint "Cleanup", Time since last: 2002311541 ns, Reaching safepoint: 3952743 ns, At safepoint: 110335 ns, Total: 4063078 ns
[2022-06-29T06:19:34.427+0000][9][safepoint   ] Safepoint "Cleanup", Time since last: 7008148856 ns, Reaching safepoint: 272847 ns, At safepoint: 17595 ns, Total: 290442 ns
[2022-06-29T06:19:37.407+0000][9][safepoint   ] Safepoint "Cleanup", Time since last: 3002071659 ns, Reaching safepoint: 169654 ns, At safepoint: 12196 ns, Total: 181850 ns
[2022-06-29T06:19:38.410+0000][9][safepoint   ] Safepoint "Cleanup", Time since last: 1002791625 ns, Reaching safepoint: 212035 ns, At safepoint: 23637 ns, Total: 235672 ns
[2022-06-29T06:19:39.411+0000][9][safepoint   ] Safepoint "Cleanup", Time since last: 1001393164 ns, Reaching safepoint: 70119 ns, At safepoint: 2782 ns, Total: 72901 ns
[2022-06-29T06:19:40.547+0000][9][safepoint   ] Safepoint "Cleanup", Time since last: 1135495519 ns, Reaching safepoint: 80049 ns, At safepoint: 3959 ns, Total: 84008 ns
[2022-06-29T06:19:48.561+0000][9][safepoint   ] Safepoint "Cleanup", Time since last: 8014107575 ns, Reaching safepoint: 68078 ns, At safepoint: 5963 ns, Total: 74041 ns
[2022-06-29T06:19:51.569+0000][9][safepoint   ] Safepoint "Cleanup", Time since last: 3008321185 ns, Reaching safepoint: 65896 ns, At safepoint: 4053 ns, Total: 69949 ns
[2022-06-29T06:20:09.573+0000][9][safepoint   ] Safepoint "Cleanup", Time since last: 18024689068 ns, Reaching safepoint: 426377 ns, At safepoint: 28683 ns, Total: 455060 ns
[2022-06-29T06:20:12.578+0000][9][safepoint   ] Safepoint "Cleanup", Time since last: 3005031651 ns, Reaching safepoint: 94397 ns, At safepoint: 7729 ns, Total: 102126 ns
[2022-06-29T06:20:15.582+0000][9][safepoint   ] Safepoint "Cleanup", Time since last: 3003884346 ns, Reaching safepoint: 67332 ns, At safepoint: 3405 ns, Total: 70737 ns
[2022-06-29T06:20:18.585+0000][9][safepoint   ] Safepoint "Cleanup", Time since last: 3002767936 ns, Reaching safepoint: 122022 ns, At safepoint: 2912 ns, Total: 124934 ns
[2022-06-29T06:20:27.361+0000][9][gc,start    ] GC(60) Pause Young (Normal) (G1 Evacuation Pause)
[2022-06-29T06:20:27.362+0000][9][gc,task     ] GC(60) Using 4 workers of 4 for evacuation
[2022-06-29T06:20:27.363+0000][9][gc,age      ] GC(60) Desired survivor size 20971520 bytes, new threshold 15 (max threshold 15)
[2022-06-29T06:20:27.374+0000][9][gc,phases   ] GC(60)   Pre Evacuate Collection Set: 0.2ms
[2022-06-29T06:20:27.375+0000][9][gc,phases   ] GC(60)   Merge Heap Roots: 0.2ms
[2022-06-29T06:20:27.375+0000][9][gc,phases   ] GC(60)   Evacuate Collection Set: 7.1ms
[2022-06-29T06:20:27.376+0000][9][gc,phases   ] GC(60)   Post Evacuate Collection Set: 1.4ms
[2022-06-29T06:20:27.377+0000][9][gc,phases   ] GC(60)   Other: 3.1ms
[2022-06-29T06:20:27.378+0000][9][gc,age      ] GC(60) Age table with threshold 15 (max threshold 15)
[2022-06-29T06:20:27.379+0000][9][gc,age      ] GC(60) - age   1:    1010984 bytes,    1010984 total
[2022-06-29T06:20:27.379+0000][9][gc,age      ] GC(60) - age   2:       5464 bytes,    1016448 total
[2022-06-29T06:20:27.380+0000][9][gc,age      ] GC(60) - age   3:       3160 bytes,    1019608 total
[2022-06-29T06:20:27.381+0000][9][gc,age      ] GC(60) - age   4:       3664 bytes,    1023272 total
[2022-06-29T06:20:27.382+0000][9][gc,age      ] GC(60) - age   5:        528 bytes,    1023800 total
[2022-06-29T06:20:27.383+0000][9][gc,age      ] GC(60) - age   6:       1176 bytes,    1024976 total
[2022-06-29T06:20:27.384+0000][9][gc,age      ] GC(60) - age   7:       4192 bytes,    1029168 total
[2022-06-29T06:20:27.385+0000][9][gc,age      ] GC(60) - age   8:       1568 bytes,    1030736 total
[2022-06-29T06:20:27.386+0000][9][gc,age      ] GC(60) - age   9:       4496 bytes,    1035232 total
[2022-06-29T06:20:27.387+0000][9][gc,age      ] GC(60) - age  10:       1448 bytes,    1036680 total
[2022-06-29T06:20:27.389+0000][9][gc,age      ] GC(60) - age  11:        192 bytes,    1036872 total
[2022-06-29T06:20:27.389+0000][9][gc,age      ] GC(60) - age  12:       1536 bytes,    1038408 total
[2022-06-29T06:20:27.390+0000][9][gc,age      ] GC(60) - age  13:        520 bytes,    1038928 total
[2022-06-29T06:20:27.391+0000][9][gc,age      ] GC(60) - age  14:       8952 bytes,    1047880 total
[2022-06-29T06:20:27.391+0000][9][gc,age      ] GC(60) - age  15:        696 bytes,    1048576 total
[2022-06-29T06:20:27.392+0000][9][gc,heap     ] GC(60) Eden regions: 75->0(75)
[2022-06-29T06:20:27.393+0000][9][gc,heap     ] GC(60) Survivor regions: 1->1(10)
[2022-06-29T06:20:27.394+0000][9][gc,heap     ] GC(60) Old regions: 22->22
[2022-06-29T06:20:27.395+0000][9][gc,heap     ] GC(60) Archive regions: 2->2
[2022-06-29T06:20:27.396+0000][9][gc,heap     ] GC(60) Humongous regions: 0->0
[2022-06-29T06:20:27.397+0000][9][gc,metaspace] GC(60) Metaspace: 129424K(132672K)->129424K(132672K) NonClass: 112432K(114112K)->112432K(114112K) Class: 16991K(18560K)->16991K(18560K)
[2022-06-29T06:20:27.397+0000][9][gc          ] GC(60) Pause Young (Normal) (G1 Evacuation Pause) 390M->89M(512M) 36.711ms
[2022-06-29T06:20:27.400+0000][9][gc,cpu      ] GC(60) User=0.02s Sys=0.00s Real=0.04s
[2022-06-29T06:20:27.401+0000][9][safepoint   ] Safepoint "G1CollectForAllocation", Time since last: 8775551036 ns, Reaching safepoint: 224966 ns, At safepoint: 40630067 ns, Total: 40855033 ns
[2022-06-29T06:20:34.408+0000][9][safepoint   ] Safepoint "Cleanup", Time since last: 7006203882 ns, Reaching safepoint: 144056 ns, At safepoint: 10436 ns, Total: 154492 ns
[2022-06-29T06:20:39.395+0000][9][safepoint   ] Safepoint "Cleanup", Time since last: 5007843698 ns, Reaching safepoint: 173771 ns, At safepoint: 13174 ns, Total: 186945 ns
[2022-06-29T06:20:40.398+0000][9][safepoint   ] Safepoint "Cleanup", Time since last: 1002764906 ns, Reaching safepoint: 344098 ns, At safepoint: 25021 ns, Total: 369119 ns
[2022-06-29T06:20:54.415+0000][9][safepoint   ] Safepoint "Cleanup", Time since last: 14016545031 ns, Reaching safepoint: 126701 ns, At safepoint: 12960 ns, Total: 139661 ns
[2022-06-29T06:21:10.406+0000][9][safepoint   ] Safepoint "Cleanup", Time since last: 16013361468 ns, Reaching safepoint: 318454 ns, At safepoint: 28994 ns, Total: 347448 ns
[2022-06-29T06:21:27.427+0000][9][safepoint   ] Safepoint "Cleanup", Time since last: 17021318954 ns, Reaching safepoint: 148118 ns, At safepoint: 6227 ns, Total: 154345 ns
[2022-06-29T06:21:30.436+0000][9][safepoint   ] Safepoint "Cleanup", Time since last: 3008508054 ns, Reaching safepoint: 131825 ns, At safepoint: 10415 ns, Total: 142240 ns
[2022-06-29T06:21:57.432+0000][9][safepoint   ] Safepoint "Cleanup", Time since last: 27018424970 ns, Reaching safepoint: 125767 ns, At safepoint: 7280 ns, Total: 133047 ns
[2022-06-29T06:22:01.358+0000][9][gc,start    ] GC(61) Pause Young (Normal) (G1 Evacuation Pause)
[2022-06-29T06:22:01.359+0000][9][gc,task     ] GC(61) Using 4 workers of 4 for evacuation
[2022-06-29T06:22:01.360+0000][9][gc,age      ] GC(61) Desired survivor size 20971520 bytes, new threshold 15 (max threshold 15)
[2022-06-29T06:22:01.371+0000][9][gc,phases   ] GC(61)   Pre Evacuate Collection Set: 0.3ms
[2022-06-29T06:22:01.372+0000][9][gc,phases   ] GC(61)   Merge Heap Roots: 0.0ms
[2022-06-29T06:22:01.372+0000][9][gc,phases   ] GC(61)   Evacuate Collection Set: 8.3ms
[2022-06-29T06:22:01.373+0000][9][gc,phases   ] GC(61)   Post Evacuate Collection Set: 1.4ms
[2022-06-29T06:22:01.373+0000][9][gc,phases   ] GC(61)   Other: 1.4ms
[2022-06-29T06:22:01.374+0000][9][gc,age      ] GC(61) Age table with threshold 15 (max threshold 15)
[2022-06-29T06:22:01.375+0000][9][gc,age      ] GC(61) - age   1:    1544664 bytes,    1544664 total
[2022-06-29T06:22:01.375+0000][9][gc,age      ] GC(61) - age   2:     335528 bytes,    1880192 total
[2022-06-29T06:22:01.376+0000][9][gc,age      ] GC(61) - age   3:       3864 bytes,    1884056 total
[2022-06-29T06:22:01.377+0000][9][gc,age      ] GC(61) - age   4:       3160 bytes,    1887216 total
[2022-06-29T06:22:01.377+0000][9][gc,age      ] GC(61) - age   5:       3664 bytes,    1890880 total
[2022-06-29T06:22:01.378+0000][9][gc,age      ] GC(61) - age   6:        528 bytes,    1891408 total
[2022-06-29T06:22:01.378+0000][9][gc,age      ] GC(61) - age   7:       1176 bytes,    1892584 total
[2022-06-29T06:22:01.379+0000][9][gc,age      ] GC(61) - age   8:       4192 bytes,    1896776 total
[2022-06-29T06:22:01.380+0000][9][gc,age      ] GC(61) - age   9:       1568 bytes,    1898344 total
[2022-06-29T06:22:01.380+0000][9][gc,age      ] GC(61) - age  10:       4496 bytes,    1902840 total
[2022-06-29T06:22:01.381+0000][9][gc,age      ] GC(61) - age  11:       1448 bytes,    1904288 total
[2022-06-29T06:22:01.382+0000][9][gc,age      ] GC(61) - age  12:        192 bytes,    1904480 total
[2022-06-29T06:22:01.382+0000][9][gc,age      ] GC(61) - age  13:       1536 bytes,    1906016 total
[2022-06-29T06:22:01.383+0000][9][gc,age      ] GC(61) - age  14:        520 bytes,    1906536 total
[2022-06-29T06:22:01.383+0000][9][gc,age      ] GC(61) - age  15:       8952 bytes,    1915488 total
[2022-06-29T06:22:01.384+0000][9][gc,heap     ] GC(61) Eden regions: 75->0(75)
[2022-06-29T06:22:01.384+0000][9][gc,heap     ] GC(61) Survivor regions: 1->1(10)
[2022-06-29T06:22:01.385+0000][9][gc,heap     ] GC(61) Old regions: 22->22
[2022-06-29T06:22:01.386+0000][9][gc,heap     ] GC(61) Archive regions: 2->2
[2022-06-29T06:22:01.387+0000][9][gc,heap     ] GC(61) Humongous regions: 0->0
[2022-06-29T06:22:01.388+0000][9][gc,metaspace] GC(61) Metaspace: 129430K(132736K)->129430K(132736K) NonClass: 112439K(114176K)->112439K(114176K) Class: 16991K(18560K)->16991K(18560K)
[2022-06-29T06:22:01.388+0000][9][gc          ] GC(61) Pause Young (Normal) (G1 Evacuation Pause) 389M->90M(512M) 30.535ms
[2022-06-29T06:22:01.389+0000][9][gc,cpu      ] GC(61) User=0.02s Sys=0.00s Real=0.04s
[2022-06-29T06:22:01.390+0000][9][safepoint   ] Safepoint "G1CollectForAllocation", Time since last: 3925381242 ns, Reaching safepoint: 42005 ns, At safepoint: 31956963 ns, Total: 31998968 ns
[2022-06-29T06:22:12.377+0000][9][safepoint   ] Safepoint "Cleanup", Time since last: 11008699652 ns, Reaching safepoint: 172384 ns, At safepoint: 4647 ns, Total: 177031 ns
[2022-06-29T06:22:19.384+0000][9][safepoint   ] Safepoint "Cleanup", Time since last: 7006961464 ns, Reaching safepoint: 138319 ns, At safepoint: 4830 ns, Total: 143149 ns
[2022-06-29T06:22:27.391+0000][9][safepoint   ] Safepoint "Cleanup", Time since last: 8006236995 ns, Reaching safepoint: 192674 ns, At safepoint: 17055 ns, Total: 209729 ns
[2022-06-29T06:22:36.379+0000][9][safepoint   ] Safepoint "Cleanup", Time since last: 9008302376 ns, Reaching safepoint: 84385 ns, At safepoint: 4499 ns, Total: 88884 ns
[2022-06-29T06:22:54.390+0000][9][safepoint   ] Safepoint "Cleanup", Time since last: 18010812380 ns, Reaching safepoint: 170512 ns, At safepoint: 12025 ns, Total: 182537 ns
[2022-06-29T06:23:24.301+0000][9][gc,start    ] GC(62) Pause Young (Normal) (G1 Evacuation Pause)
[2022-06-29T06:23:24.302+0000][9][gc,task     ] GC(62) Using 4 workers of 4 for evacuation
[2022-06-29T06:23:24.304+0000][9][gc,age      ] GC(62) Desired survivor size 20971520 bytes, new threshold 15 (max threshold 15)
[2022-06-29T06:23:24.310+0000][9][gc,phases   ] GC(62)   Pre Evacuate Collection Set: 0.1ms
[2022-06-29T06:23:24.311+0000][9][gc,phases   ] GC(62)   Merge Heap Roots: 0.2ms
[2022-06-29T06:23:24.312+0000][9][gc,phases   ] GC(62)   Evacuate Collection Set: 4.0ms
[2022-06-29T06:23:24.313+0000][9][gc,phases   ] GC(62)   Post Evacuate Collection Set: 1.1ms
[2022-06-29T06:23:24.314+0000][9][gc,phases   ] GC(62)   Other: 2.3ms
[2022-06-29T06:23:24.315+0000][9][gc,age      ] GC(62) Age table with threshold 15 (max threshold 15)
[2022-06-29T06:23:24.316+0000][9][gc,age      ] GC(62) - age   1:    1274160 bytes,    1274160 total
[2022-06-29T06:23:24.316+0000][9][gc,age      ] GC(62) - age   2:      45640 bytes,    1319800 total
[2022-06-29T06:23:24.317+0000][9][gc,age      ] GC(62) - age   3:     334784 bytes,    1654584 total
[2022-06-29T06:23:24.317+0000][9][gc,age      ] GC(62) - age   4:       3864 bytes,    1658448 total
[2022-06-29T06:23:24.318+0000][9][gc,age      ] GC(62) - age   5:       3160 bytes,    1661608 total
[2022-06-29T06:23:24.319+0000][9][gc,age      ] GC(62) - age   6:       3664 bytes,    1665272 total
[2022-06-29T06:23:24.319+0000][9][gc,age      ] GC(62) - age   7:        528 bytes,    1665800 total
[2022-06-29T06:23:24.320+0000][9][gc,age      ] GC(62) - age   8:        992 bytes,    1666792 total
[2022-06-29T06:23:24.321+0000][9][gc,age      ] GC(62) - age   9:       4192 bytes,    1670984 total
[2022-06-29T06:23:24.322+0000][9][gc,age      ] GC(62) - age  10:       1568 bytes,    1672552 total
[2022-06-29T06:23:24.323+0000][9][gc,age      ] GC(62) - age  11:       4496 bytes,    1677048 total
[2022-06-29T06:23:24.323+0000][9][gc,age      ] GC(62) - age  12:       1448 bytes,    1678496 total
[2022-06-29T06:23:24.324+0000][9][gc,age      ] GC(62) - age  13:        192 bytes,    1678688 total
[2022-06-29T06:23:24.326+0000][9][gc,age      ] GC(62) - age  14:       1536 bytes,    1680224 total
[2022-06-29T06:23:24.327+0000][9][gc,age      ] GC(62) - age  15:        520 bytes,    1680744 total
[2022-06-29T06:23:24.329+0000][9][gc,heap     ] GC(62) Eden regions: 75->0(75)
[2022-06-29T06:23:24.329+0000][9][gc,heap     ] GC(62) Survivor regions: 1->1(10)
[2022-06-29T06:23:24.330+0000][9][gc,heap     ] GC(62) Old regions: 22->22
[2022-06-29T06:23:24.332+0000][9][gc,heap     ] GC(62) Archive regions: 2->2
[2022-06-29T06:23:24.334+0000][9][gc,heap     ] GC(62) Humongous regions: 0->0
[2022-06-29T06:23:24.335+0000][9][gc,metaspace] GC(62) Metaspace: 129457K(132736K)->129457K(132736K) NonClass: 112466K(114176K)->112466K(114176K) Class: 16991K(18560K)->16991K(18560K)
[2022-06-29T06:23:24.336+0000][9][gc          ] GC(62) Pause Young (Normal) (G1 Evacuation Pause) 390M->90M(512M) 35.201ms
[2022-06-29T06:23:24.336+0000][9][gc,cpu      ] GC(62) User=0.01s Sys=0.00s Real=0.04s
[2022-06-29T06:23:24.337+0000][9][safepoint   ] Safepoint "G1CollectForAllocation", Time since last: 29932515224 ns, Reaching safepoint: 312847 ns, At safepoint: 36646576 ns, Total: 36959423 ns
[2022-06-29T06:23:25.340+0000][9][safepoint   ] Safepoint "Cleanup", Time since last: 1002308634 ns, Reaching safepoint: 219652 ns, At safepoint: 15523 ns, Total: 235175 ns
[2022-06-29T06:23:27.344+0000][9][safepoint   ] Safepoint "Cleanup", Time since last: 2003562359 ns, Reaching safepoint: 395701 ns, At safepoint: 16146 ns, Total: 411847 ns
[2022-06-29T06:23:42.334+0000][9][safepoint   ] Safepoint "Cleanup", Time since last: 15013407388 ns, Reaching safepoint: 388176 ns, At safepoint: 53205 ns, Total: 441381 ns
[2022-06-29T06:23:54.368+0000][9][safepoint   ] Safepoint "Cleanup", Time since last: 12033112108 ns, Reaching safepoint: 465264 ns, At safepoint: 50716 ns, Total: 515980 ns
[2022-06-29T06:24:01.377+0000][9][safepoint   ] Safepoint "Cleanup", Time since last: 7008600467 ns, Reaching safepoint: 383813 ns, At safepoint: 25475 ns, Total: 409288 ns
[2022-06-29T06:24:09.362+0000][9][safepoint   ] Safepoint "Cleanup", Time since last: 8007379837 ns, Reaching safepoint: 252615 ns, At safepoint: 35487 ns, Total: 288102 ns
[2022-06-29T06:24:18.369+0000][9][safepoint   ] Safepoint "Cleanup", Time since last: 9006874344 ns, Reaching safepoint: 244163 ns, At safepoint: 20771 ns, Total: 264934 ns
[2022-06-29T06:24:27.401+0000][9][safepoint   ] Safepoint "Cleanup", Time since last: 9031127348 ns, Reaching safepoint: 97511 ns, At safepoint: 4170 ns, Total: 101681 ns
[2022-06-29T06:24:30.406+0000][9][safepoint   ] Safepoint "Cleanup", Time since last: 3005495205 ns, Reaching safepoint: 105116 ns, At safepoint: 6495 ns, Total: 111611 ns
[2022-06-29T06:24:39.394+0000][9][safepoint   ] Safepoint "Cleanup", Time since last: 9007362301 ns, Reaching safepoint: 113366 ns, At safepoint: 7231 ns, Total: 120597 ns
[2022-06-29T06:24:42.398+0000][9][safepoint   ] Safepoint "Cleanup", Time since last: 3003932628 ns, Reaching safepoint: 222193 ns, At safepoint: 35204 ns, Total: 257397 ns
[2022-06-29T06:24:45.320+0000][9][gc,start    ] GC(63) Pause Young (Normal) (G1 Evacuation Pause)
[2022-06-29T06:24:45.324+0000][9][gc,task     ] GC(63) Using 4 workers of 4 for evacuation
[2022-06-29T06:24:45.326+0000][9][gc,age      ] GC(63) Desired survivor size 20971520 bytes, new threshold 15 (max threshold 15)
[2022-06-29T06:24:45.358+0000][9][gc,phases   ] GC(63)   Pre Evacuate Collection Set: 0.7ms
[2022-06-29T06:24:45.359+0000][9][gc,phases   ] GC(63)   Merge Heap Roots: 0.6ms
[2022-06-29T06:24:45.360+0000][9][gc,phases   ] GC(63)   Evacuate Collection Set: 22.2ms
[2022-06-29T06:24:45.361+0000][9][gc,phases   ] GC(63)   Post Evacuate Collection Set: 8.1ms
[2022-06-29T06:24:45.363+0000][9][gc,phases   ] GC(63)   Other: 2.6ms
[2022-06-29T06:24:45.364+0000][9][gc,age      ] GC(63) Age table with threshold 15 (max threshold 15)
[2022-06-29T06:24:45.365+0000][9][gc,age      ] GC(63) - age   1:    1190168 bytes,    1190168 total
[2022-06-29T06:24:45.366+0000][9][gc,age      ] GC(63) - age   2:       2704 bytes,    1192872 total
[2022-06-29T06:24:45.366+0000][9][gc,age      ] GC(63) - age   3:      43576 bytes,    1236448 total
[2022-06-29T06:24:45.367+0000][9][gc,age      ] GC(63) - age   4:     334784 bytes,    1571232 total
[2022-06-29T06:24:45.369+0000][9][gc,age      ] GC(63) - age   5:       3864 bytes,    1575096 total
[2022-06-29T06:24:45.373+0000][9][gc,age      ] GC(63) - age   6:       3160 bytes,    1578256 total
[2022-06-29T06:24:45.374+0000][9][gc,age      ] GC(63) - age   7:       3664 bytes,    1581920 total
[2022-06-29T06:24:45.375+0000][9][gc,age      ] GC(63) - age   8:        528 bytes,    1582448 total
[2022-06-29T06:24:45.377+0000][9][gc,age      ] GC(63) - age   9:        992 bytes,    1583440 total
[2022-06-29T06:24:45.378+0000][9][gc,age      ] GC(63) - age  10:       4192 bytes,    1587632 total
[2022-06-29T06:24:45.381+0000][9][gc,age      ] GC(63) - age  11:       1568 bytes,    1589200 total
[2022-06-29T06:24:45.384+0000][9][gc,age      ] GC(63) - age  12:       4496 bytes,    1593696 total
[2022-06-29T06:24:45.385+0000][9][gc,age      ] GC(63) - age  13:       1448 bytes,    1595144 total
[2022-06-29T06:24:45.387+0000][9][gc,age      ] GC(63) - age  14:        192 bytes,    1595336 total
[2022-06-29T06:24:45.389+0000][9][gc,age      ] GC(63) - age  15:       1536 bytes,    1596872 total
[2022-06-29T06:24:45.391+0000][9][gc,heap     ] GC(63) Eden regions: 75->0(75)
[2022-06-29T06:24:45.393+0000][9][gc,heap     ] GC(63) Survivor regions: 1->1(10)
[2022-06-29T06:24:45.396+0000][9][gc,heap     ] GC(63) Old regions: 22->22
[2022-06-29T06:24:45.397+0000][9][gc,heap     ] GC(63) Archive regions: 2->2
[2022-06-29T06:24:45.397+0000][9][gc,heap     ] GC(63) Humongous regions: 0->0
[2022-06-29T06:24:45.398+0000][9][gc,metaspace] GC(63) Metaspace: 129466K(132736K)->129466K(132736K) NonClass: 112475K(114176K)->112475K(114176K) Class: 16991K(18560K)->16991K(18560K)
[2022-06-29T06:24:45.400+0000][9][gc          ] GC(63) Pause Young (Normal) (G1 Evacuation Pause) 390M->90M(512M) 79.817ms
[2022-06-29T06:24:45.400+0000][9][gc,cpu      ] GC(63) User=0.09s Sys=0.01s Real=0.09s
[2022-06-29T06:24:45.403+0000][9][safepoint   ] Safepoint "G1CollectForAllocation", Time since last: 2920586390 ns, Reaching safepoint: 563816 ns, At safepoint: 83796376 ns, Total: 84360192 ns
[2022-06-29T06:25:00.417+0000][9][safepoint   ] Safepoint "Cleanup", Time since last: 15013608265 ns, Reaching safepoint: 209420 ns, At safepoint: 11157 ns, Total: 220577 ns
[2022-06-29T06:25:06.400+0000][9][safepoint   ] Safepoint "Cleanup", Time since last: 6004362467 ns, Reaching safepoint: 146177 ns, At safepoint: 9573 ns, Total: 155750 ns
[2022-06-29T06:25:12.407+0000][9][safepoint   ] Safepoint "Cleanup", Time since last: 6007184872 ns, Reaching safepoint: 134557 ns, At safepoint: 44820 ns, Total: 179377 ns
[2022-06-29T06:25:13.410+0000][9][safepoint   ] Safepoint "Cleanup", Time since last: 1002466582 ns, Reaching safepoint: 151361 ns, At safepoint: 47555 ns, Total: 198916 ns
[2022-06-29T06:25:27.420+0000][9][safepoint   ] Safepoint "Cleanup", Time since last: 14010046052 ns, Reaching safepoint: 85469 ns, At safepoint: 4146 ns, Total: 89615 ns
[2022-06-29T06:25:45.411+0000][9][safepoint   ] Safepoint "Cleanup", Time since last: 18013502867 ns, Reaching safepoint: 124642 ns, At safepoint: 44143 ns, Total: 168785 ns
[2022-06-29T06:25:48.414+0000][9][safepoint   ] Safepoint "Cleanup", Time since last: 3002628346 ns, Reaching safepoint: 435132 ns, At safepoint: 63866 ns, Total: 498998 ns
[2022-06-29T06:26:15.273+0000][9][gc,start    ] GC(64) Pause Young (Normal) (G1 Evacuation Pause)
[2022-06-29T06:26:15.274+0000][9][gc,task     ] GC(64) Using 4 workers of 4 for evacuation
[2022-06-29T06:26:15.275+0000][9][gc,age      ] GC(64) Desired survivor size 20971520 bytes, new threshold 15 (max threshold 15)
[2022-06-29T06:26:15.281+0000][9][gc,phases   ] GC(64)   Pre Evacuate Collection Set: 0.9ms
[2022-06-29T06:26:15.285+0000][9][gc,phases   ] GC(64)   Merge Heap Roots: 0.1ms
[2022-06-29T06:26:15.287+0000][9][gc,phases   ] GC(64)   Evacuate Collection Set: 2.6ms
[2022-06-29T06:26:15.288+0000][9][gc,phases   ] GC(64)   Post Evacuate Collection Set: 1.2ms
[2022-06-29T06:26:15.289+0000][9][gc,phases   ] GC(64)   Other: 1.8ms
[2022-06-29T06:26:15.289+0000][9][gc,age      ] GC(64) Age table with threshold 15 (max threshold 15)
[2022-06-29T06:26:15.290+0000][9][gc,age      ] GC(64) - age   1:     881424 bytes,     881424 total
[2022-06-29T06:26:15.291+0000][9][gc,age      ] GC(64) - age   2:       3536 bytes,     884960 total
[2022-06-29T06:26:15.291+0000][9][gc,age      ] GC(64) - age   3:       1136 bytes,     886096 total
[2022-06-29T06:26:15.292+0000][9][gc,age      ] GC(64) - age   4:       1032 bytes,     887128 total
[2022-06-29T06:26:15.293+0000][9][gc,age      ] GC(64) - age   5:     292704 bytes,    1179832 total
[2022-06-29T06:26:15.293+0000][9][gc,age      ] GC(64) - age   6:       3864 bytes,    1183696 total
[2022-06-29T06:26:15.295+0000][9][gc,age      ] GC(64) - age   7:       3160 bytes,    1186856 total
[2022-06-29T06:26:15.296+0000][9][gc,age      ] GC(64) - age   8:       3664 bytes,    1190520 total
[2022-06-29T06:26:15.297+0000][9][gc,age      ] GC(64) - age   9:        528 bytes,    1191048 total
[2022-06-29T06:26:15.297+0000][9][gc,age      ] GC(64) - age  10:        992 bytes,    1192040 total
[2022-06-29T06:26:15.298+0000][9][gc,age      ] GC(64) - age  11:       4192 bytes,    1196232 total
[2022-06-29T06:26:15.301+0000][9][gc,age      ] GC(64) - age  12:       1568 bytes,    1197800 total
[2022-06-29T06:26:15.302+0000][9][gc,age      ] GC(64) - age  13:       4496 bytes,    1202296 total
[2022-06-29T06:26:15.303+0000][9][gc,age      ] GC(64) - age  14:       1448 bytes,    1203744 total
[2022-06-29T06:26:15.304+0000][9][gc,age      ] GC(64) - age  15:        192 bytes,    1203936 total
[2022-06-29T06:26:15.305+0000][9][gc,heap     ] GC(64) Eden regions: 75->0(75)
[2022-06-29T06:26:15.306+0000][9][gc,heap     ] GC(64) Survivor regions: 1->1(10)
[2022-06-29T06:26:15.307+0000][9][gc,heap     ] GC(64) Old regions: 22->22
[2022-06-29T06:26:15.308+0000][9][gc,heap     ] GC(64) Archive regions: 2->2
[2022-06-29T06:26:15.309+0000][9][gc,heap     ] GC(64) Humongous regions: 0->0
[2022-06-29T06:26:15.309+0000][9][gc,metaspace] GC(64) Metaspace: 129479K(132736K)->129479K(132736K) NonClass: 112488K(114176K)->112488K(114176K) Class: 16991K(18560K)->16991K(18560K)
[2022-06-29T06:26:15.310+0000][9][gc          ] GC(64) Pause Young (Normal) (G1 Evacuation Pause) 390M->89M(512M) 37.187ms
[2022-06-29T06:26:15.311+0000][9][gc,cpu      ] GC(64) User=0.01s Sys=0.00s Real=0.04s
[2022-06-29T06:26:15.312+0000][9][safepoint   ] Safepoint "G1CollectForAllocation", Time since last: 26878951383 ns, Reaching safepoint: 113667 ns, At safepoint: 39388045 ns, Total: 39501712 ns
[2022-06-29T06:26:27.322+0000][9][safepoint   ] Safepoint "Cleanup", Time since last: 12009327015 ns, Reaching safepoint: 127302 ns, At safepoint: 7100 ns, Total: 134402 ns
[2022-06-29T06:26:39.308+0000][9][safepoint   ] Safepoint "Cleanup", Time since last: 12009888469 ns, Reaching safepoint: 139669 ns, At safepoint: 4750 ns, Total: 144419 ns
[2022-06-29T06:27:03.333+0000][9][safepoint   ] Safepoint "Cleanup", Time since last: 24023959622 ns, Reaching safepoint: 181143 ns, At safepoint: 10379 ns, Total: 191522 ns
[2022-06-29T06:27:21.331+0000][9][safepoint   ] Safepoint "Cleanup", Time since last: 18018323902 ns, Reaching safepoint: 525097 ns, At safepoint: 24211 ns, Total: 549308 ns
[2022-06-29T06:27:24.337+0000][9][safepoint   ] Safepoint "Cleanup", Time since last: 3005519104 ns, Reaching safepoint: 272491 ns, At safepoint: 16228 ns, Total: 288719 ns
[2022-06-29T06:27:27.342+0000][9][safepoint   ] Safepoint "Cleanup", Time since last: 3004781323 ns, Reaching safepoint: 162989 ns, At safepoint: 10664 ns, Total: 173653 ns
[2022-06-29T06:27:28.345+0000][9][safepoint   ] Safepoint "Cleanup", Time since last: 1002418154 ns, Reaching safepoint: 464829 ns, At safepoint: 33401 ns, Total: 498230 ns
[2022-06-29T06:27:29.351+0000][9][safepoint   ] Safepoint "Cleanup", Time since last: 1006038317 ns, Reaching safepoint: 154213 ns, At safepoint: 9335 ns, Total: 163548 ns
[2022-06-29T06:27:57.884+0000][9][gc,start    ] GC(65) Pause Young (Normal) (G1 Evacuation Pause)
[2022-06-29T06:27:57.888+0000][9][gc,task     ] GC(65) Using 4 workers of 4 for evacuation
[2022-06-29T06:27:57.889+0000][9][gc,age      ] GC(65) Desired survivor size 20971520 bytes, new threshold 15 (max threshold 15)
[2022-06-29T06:27:57.894+0000][9][gc,phases   ] GC(65)   Pre Evacuate Collection Set: 0.2ms
[2022-06-29T06:27:57.896+0000][9][gc,phases   ] GC(65)   Merge Heap Roots: 0.2ms
[2022-06-29T06:27:57.896+0000][9][gc,phases   ] GC(65)   Evacuate Collection Set: 1.9ms
[2022-06-29T06:27:57.899+0000][9][gc,phases   ] GC(65)   Post Evacuate Collection Set: 1.3ms
[2022-06-29T06:27:57.901+0000][9][gc,phases   ] GC(65)   Other: 2.7ms
[2022-06-29T06:27:57.904+0000][9][gc,age      ] GC(65) Age table with threshold 15 (max threshold 15)
[2022-06-29T06:27:57.906+0000][9][gc,age      ] GC(65) - age   1:     886464 bytes,     886464 total
[2022-06-29T06:27:57.910+0000][9][gc,age      ] GC(65) - age   2:      96728 bytes,     983192 total
[2022-06-29T06:27:57.911+0000][9][gc,age      ] GC(65) - age   3:       1856 bytes,     985048 total
[2022-06-29T06:27:57.911+0000][9][gc,age      ] GC(65) - age   4:       1072 bytes,     986120 total
[2022-06-29T06:27:57.912+0000][9][gc,age      ] GC(65) - age   5:        816 bytes,     986936 total
[2022-06-29T06:27:57.913+0000][9][gc,age      ] GC(65) - age   6:     292704 bytes,    1279640 total
[2022-06-29T06:27:57.914+0000][9][gc,age      ] GC(65) - age   7:       3864 bytes,    1283504 total
[2022-06-29T06:27:57.915+0000][9][gc,age      ] GC(65) - age   8:       3160 bytes,    1286664 total
[2022-06-29T06:27:57.916+0000][9][gc,age      ] GC(65) - age   9:       3480 bytes,    1290144 total
[2022-06-29T06:27:57.916+0000][9][gc,age      ] GC(65) - age  10:        528 bytes,    1290672 total
[2022-06-29T06:27:57.917+0000][9][gc,age      ] GC(65) - age  11:        992 bytes,    1291664 total
[2022-06-29T06:27:57.918+0000][9][gc,age      ] GC(65) - age  12:       4192 bytes,    1295856 total
[2022-06-29T06:27:57.920+0000][9][gc,age      ] GC(65) - age  13:       1568 bytes,    1297424 total
[2022-06-29T06:27:57.921+0000][9][gc,age      ] GC(65) - age  14:       4496 bytes,    1301920 total
[2022-06-29T06:27:57.922+0000][9][gc,age      ] GC(65) - age  15:       1448 bytes,    1303368 total
[2022-06-29T06:27:57.923+0000][9][gc,heap     ] GC(65) Eden regions: 75->0(75)
[2022-06-29T06:27:57.924+0000][9][gc,heap     ] GC(65) Survivor regions: 1->1(10)
[2022-06-29T06:27:57.925+0000][9][gc,heap     ] GC(65) Old regions: 22->22
[2022-06-29T06:27:57.925+0000][9][gc,heap     ] GC(65) Archive regions: 2->2
[2022-06-29T06:27:57.926+0000][9][gc,heap     ] GC(65) Humongous regions: 0->0
[2022-06-29T06:27:57.926+0000][9][gc,metaspace] GC(65) Metaspace: 129482K(132736K)->129482K(132736K) NonClass: 112491K(114176K)->112491K(114176K) Class: 16991K(18560K)->16991K(18560K)
[2022-06-29T06:27:57.927+0000][9][gc          ] GC(65) Pause Young (Normal) (G1 Evacuation Pause) 389M->89M(512M) 43.143ms
[2022-06-29T06:27:57.928+0000][9][gc,cpu      ] GC(65) User=0.01s Sys=0.00s Real=0.04s
[2022-06-29T06:27:57.929+0000][9][safepoint   ] Safepoint "G1CollectForAllocation", Time since last: 28554591400 ns, Reaching safepoint: 203666 ns, At safepoint: 44572023 ns, Total: 44775689 ns
[2022-06-29T06:28:18.928+0000][9][safepoint   ] Safepoint "Cleanup", Time since last: 21019352536 ns, Reaching safepoint: 1582370 ns, At safepoint: 236230 ns, Total: 1818600 ns
[2022-06-29T06:28:26.942+0000][9][safepoint   ] Safepoint "Cleanup", Time since last: 8013536960 ns, Reaching safepoint: 306615 ns, At safepoint: 18794 ns, Total: 325409 ns
[2022-06-29T06:28:36.931+0000][9][safepoint   ] Safepoint "Cleanup", Time since last: 10010357473 ns, Reaching safepoint: 347761 ns, At safepoint: 22134 ns, Total: 369895 ns
[2022-06-29T06:28:55.948+0000][9][safepoint   ] Safepoint "Cleanup", Time since last: 19016057664 ns, Reaching safepoint: 240240 ns, At safepoint: 23609 ns, Total: 263849 ns
[2022-06-29T06:28:57.951+0000][9][safepoint   ] Safepoint "Cleanup", Time since last: 2003628871 ns, Reaching safepoint: 209813 ns, At safepoint: 8971 ns, Total: 218784 ns
[2022-06-29T06:29:06.937+0000][9][safepoint   ] Safepoint "Cleanup", Time since last: 9006627691 ns, Reaching safepoint: 131495 ns, At safepoint: 4468 ns, Total: 135963 ns
[2022-06-29T06:29:15.946+0000][9][safepoint   ] Safepoint "Cleanup", Time since last: 9008709375 ns, Reaching safepoint: 204279 ns, At safepoint: 30998 ns, Total: 235277 ns
[2022-06-29T06:29:26.959+0000][9][safepoint   ] Safepoint "Cleanup", Time since last: 11012826455 ns, Reaching safepoint: 198105 ns, At safepoint: 8140 ns, Total: 206245 ns
[2022-06-29T06:29:51.182+0000][9][gc,start    ] GC(66) Pause Young (Normal) (G1 Evacuation Pause)
[2022-06-29T06:29:51.189+0000][9][gc,task     ] GC(66) Using 4 workers of 4 for evacuation
[2022-06-29T06:29:51.190+0000][9][gc,age      ] GC(66) Desired survivor size 20971520 bytes, new threshold 15 (max threshold 15)
[2022-06-29T06:29:51.201+0000][9][gc,phases   ] GC(66)   Pre Evacuate Collection Set: 0.1ms
[2022-06-29T06:29:51.202+0000][9][gc,phases   ] GC(66)   Merge Heap Roots: 0.1ms
[2022-06-29T06:29:51.203+0000][9][gc,phases   ] GC(66)   Evacuate Collection Set: 8.3ms
[2022-06-29T06:29:51.204+0000][9][gc,phases   ] GC(66)   Post Evacuate Collection Set: 1.4ms
[2022-06-29T06:29:51.205+0000][9][gc,phases   ] GC(66)   Other: 2.4ms
[2022-06-29T06:29:51.206+0000][9][gc,age      ] GC(66) Age table with threshold 15 (max threshold 15)
[2022-06-29T06:29:51.207+0000][9][gc,age      ] GC(66) - age   1:    1079904 bytes,    1079904 total
[2022-06-29T06:29:51.208+0000][9][gc,age      ] GC(66) - age   2:      13544 bytes,    1093448 total
[2022-06-29T06:29:51.208+0000][9][gc,age      ] GC(66) - age   3:      95664 bytes,    1189112 total
[2022-06-29T06:29:51.209+0000][9][gc,age      ] GC(66) - age   4:       1792 bytes,    1190904 total
[2022-06-29T06:29:51.210+0000][9][gc,age      ] GC(66) - age   5:       1072 bytes,    1191976 total
[2022-06-29T06:29:51.210+0000][9][gc,age      ] GC(66) - age   6:        816 bytes,    1192792 total
[2022-06-29T06:29:51.211+0000][9][gc,age      ] GC(66) - age   7:     291016 bytes,    1483808 total
[2022-06-29T06:29:51.212+0000][9][gc,age      ] GC(66) - age   8:       3864 bytes,    1487672 total
[2022-06-29T06:29:51.213+0000][9][gc,age      ] GC(66) - age   9:       3160 bytes,    1490832 total
[2022-06-29T06:29:51.214+0000][9][gc,age      ] GC(66) - age  10:       3480 bytes,    1494312 total
[2022-06-29T06:29:51.214+0000][9][gc,age      ] GC(66) - age  11:        528 bytes,    1494840 total
[2022-06-29T06:29:51.215+0000][9][gc,age      ] GC(66) - age  12:        992 bytes,    1495832 total
[2022-06-29T06:29:51.216+0000][9][gc,age      ] GC(66) - age  13:       4160 bytes,    1499992 total
[2022-06-29T06:29:51.217+0000][9][gc,age      ] GC(66) - age  14:       1568 bytes,    1501560 total
[2022-06-29T06:29:51.217+0000][9][gc,age      ] GC(66) - age  15:       4496 bytes,    1506056 total
[2022-06-29T06:29:51.218+0000][9][gc,heap     ] GC(66) Eden regions: 75->0(75)
[2022-06-29T06:29:51.219+0000][9][gc,heap     ] GC(66) Survivor regions: 1->1(10)
[2022-06-29T06:29:51.219+0000][9][gc,heap     ] GC(66) Old regions: 22->22
[2022-06-29T06:29:51.220+0000][9][gc,heap     ] GC(66) Archive regions: 2->2
[2022-06-29T06:29:51.221+0000][9][gc,heap     ] GC(66) Humongous regions: 0->0
[2022-06-29T06:29:51.221+0000][9][gc,metaspace] GC(66) Metaspace: 129502K(132736K)->129502K(132736K) NonClass: 112510K(114176K)->112510K(114176K) Class: 16991K(18560K)->16991K(18560K)
[2022-06-29T06:29:51.222+0000][9][gc          ] GC(66) Pause Young (Normal) (G1 Evacuation Pause) 389M->90M(512M) 40.348ms
[2022-06-29T06:29:51.223+0000][9][gc,cpu      ] GC(66) User=0.01s Sys=0.00s Real=0.05s
[2022-06-29T06:29:51.224+0000][9][safepoint   ] Safepoint "G1CollectForAllocation", Time since last: 24244695192 ns, Reaching safepoint: 58705 ns, At safepoint: 41919347 ns, Total: 41978052 ns
[2022-06-29T06:30:15.224+0000][9][safepoint   ] Safepoint "Cleanup", Time since last: 24022336925 ns, Reaching safepoint: 387868 ns, At safepoint: 20647 ns, Total: 408515 ns
[2022-06-29T06:30:27.235+0000][9][safepoint   ] Safepoint "Cleanup", Time since last: 12010195486 ns, Reaching safepoint: 185321 ns, At safepoint: 8099 ns, Total: 193420 ns
[2022-06-29T06:30:55.238+0000][9][safepoint   ] Safepoint "Cleanup", Time since last: 28023713390 ns, Reaching safepoint: 219579 ns, At safepoint: 12062 ns, Total: 231641 ns
[2022-06-29T06:30:57.240+0000][9][safepoint   ] Safepoint "Cleanup", Time since last: 2002281175 ns, Reaching safepoint: 352755 ns, At safepoint: 23384 ns, Total: 376139 ns
[2022-06-29T06:31:09.139+0000][9][gc,start    ] GC(67) Pause Young (Normal) (G1 Evacuation Pause)
[2022-06-29T06:31:09.140+0000][9][gc,task     ] GC(67) Using 4 workers of 4 for evacuation
[2022-06-29T06:31:09.140+0000][9][gc,age      ] GC(67) Desired survivor size 20971520 bytes, new threshold 15 (max threshold 15)
[2022-06-29T06:31:09.147+0000][9][gc,phases   ] GC(67)   Pre Evacuate Collection Set: 0.4ms
[2022-06-29T06:31:09.149+0000][9][gc,phases   ] GC(67)   Merge Heap Roots: 0.1ms
[2022-06-29T06:31:09.149+0000][9][gc,phases   ] GC(67)   Evacuate Collection Set: 3.7ms
[2022-06-29T06:31:09.150+0000][9][gc,phases   ] GC(67)   Post Evacuate Collection Set: 1.4ms
[2022-06-29T06:31:09.152+0000][9][gc,phases   ] GC(67)   Other: 1.7ms
[2022-06-29T06:31:09.153+0000][9][gc,age      ] GC(67) Age table with threshold 15 (max threshold 15)
[2022-06-29T06:31:09.156+0000][9][gc,age      ] GC(67) - age   1:    1173520 bytes,    1173520 total
[2022-06-29T06:31:09.158+0000][9][gc,age      ] GC(67) - age   2:       4024 bytes,    1177544 total
[2022-06-29T06:31:09.159+0000][9][gc,age      ] GC(67) - age   3:      12576 bytes,    1190120 total
[2022-06-29T06:31:09.160+0000][9][gc,age      ] GC(67) - age   4:      95568 bytes,    1285688 total
[2022-06-29T06:31:09.161+0000][9][gc,age      ] GC(67) - age   5:       1792 bytes,    1287480 total
[2022-06-29T06:31:09.162+0000][9][gc,age      ] GC(67) - age   6:       1072 bytes,    1288552 total
[2022-06-29T06:31:09.163+0000][9][gc,age      ] GC(67) - age   7:        816 bytes,    1289368 total
[2022-06-29T06:31:09.165+0000][9][gc,age      ] GC(67) - age   8:     290832 bytes,    1580200 total
[2022-06-29T06:31:09.166+0000][9][gc,age      ] GC(67) - age   9:       3864 bytes,    1584064 total
[2022-06-29T06:31:09.167+0000][9][gc,age      ] GC(67) - age  10:       3160 bytes,    1587224 total
[2022-06-29T06:31:09.168+0000][9][gc,age      ] GC(67) - age  11:       3480 bytes,    1590704 total
[2022-06-29T06:31:09.169+0000][9][gc,age      ] GC(67) - age  12:        528 bytes,    1591232 total
[2022-06-29T06:31:09.170+0000][9][gc,age      ] GC(67) - age  13:        992 bytes,    1592224 total
[2022-06-29T06:31:09.171+0000][9][gc,age      ] GC(67) - age  14:       4160 bytes,    1596384 total
[2022-06-29T06:31:09.172+0000][9][gc,age      ] GC(67) - age  15:       1568 bytes,    1597952 total
[2022-06-29T06:31:09.172+0000][9][gc,heap     ] GC(67) Eden regions: 75->0(75)
[2022-06-29T06:31:09.173+0000][9][gc,heap     ] GC(67) Survivor regions: 1->1(10)
[2022-06-29T06:31:09.174+0000][9][gc,heap     ] GC(67) Old regions: 22->22
[2022-06-29T06:31:09.174+0000][9][gc,heap     ] GC(67) Archive regions: 2->2
[2022-06-29T06:31:09.175+0000][9][gc,heap     ] GC(67) Humongous regions: 0->0
[2022-06-29T06:31:09.175+0000][9][gc,metaspace] GC(67) Metaspace: 129503K(132736K)->129503K(132736K) NonClass: 112512K(114176K)->112512K(114176K) Class: 16991K(18560K)->16991K(18560K)
[2022-06-29T06:31:09.177+0000][9][gc          ] GC(67) Pause Young (Normal) (G1 Evacuation Pause) 390M->90M(512M) 38.504ms
[2022-06-29T06:31:09.178+0000][9][gc,cpu      ] GC(67) User=0.02s Sys=0.00s Real=0.04s
[2022-06-29T06:31:09.179+0000][9][safepoint   ] Safepoint "G1CollectForAllocation", Time since last: 11921467997 ns, Reaching safepoint: 81117 ns, At safepoint: 40797217 ns, Total: 40878334 ns
[2022-06-29T06:31:18.188+0000][9][safepoint   ] Safepoint "Cleanup", Time since last: 9008470600 ns, Reaching safepoint: 100586 ns, At safepoint: 3377 ns, Total: 103963 ns
[2022-06-29T06:31:27.195+0000][9][safepoint   ] Safepoint "Cleanup", Time since last: 9006788115 ns, Reaching safepoint: 110421 ns, At safepoint: 8315 ns, Total: 118736 ns
[2022-06-29T06:31:57.199+0000][9][safepoint   ] Safepoint "Cleanup", Time since last: 30023676713 ns, Reaching safepoint: 84935 ns, At safepoint: 3260 ns, Total: 88195 ns
[2022-06-29T06:32:12.190+0000][9][safepoint   ] Safepoint "Cleanup", Time since last: 15012982361 ns, Reaching safepoint: 65231 ns, At safepoint: 4264 ns, Total: 69495 ns
[2022-06-29T06:32:26.201+0000][9][safepoint   ] Safepoint "Cleanup", Time since last: 14010591962 ns, Reaching safepoint: 61331 ns, At safepoint: 3861 ns, Total: 65192 ns
[2022-06-29T06:32:30.204+0000][9][safepoint   ] Safepoint "Cleanup", Time since last: 4003601293 ns, Reaching safepoint: 181148 ns, At safepoint: 7771 ns, Total: 188919 ns
[2022-06-29T06:32:33.172+0000][9][gc,start    ] GC(68) Pause Young (Normal) (G1 Evacuation Pause)
[2022-06-29T06:32:33.173+0000][9][gc,task     ] GC(68) Using 4 workers of 4 for evacuation
[2022-06-29T06:32:33.174+0000][9][gc,age      ] GC(68) Desired survivor size 20971520 bytes, new threshold 15 (max threshold 15)
[2022-06-29T06:32:33.178+0000][9][gc,phases   ] GC(68)   Pre Evacuate Collection Set: 0.2ms
[2022-06-29T06:32:33.179+0000][9][gc,phases   ] GC(68)   Merge Heap Roots: 0.2ms
[2022-06-29T06:32:33.180+0000][9][gc,phases   ] GC(68)   Evacuate Collection Set: 2.4ms
[2022-06-29T06:32:33.181+0000][9][gc,phases   ] GC(68)   Post Evacuate Collection Set: 0.9ms
[2022-06-29T06:32:33.182+0000][9][gc,phases   ] GC(68)   Other: 1.8ms
[2022-06-29T06:32:33.182+0000][9][gc,age      ] GC(68) Age table with threshold 15 (max threshold 15)
[2022-06-29T06:32:33.183+0000][9][gc,age      ] GC(68) - age   1:     762496 bytes,     762496 total
[2022-06-29T06:32:33.183+0000][9][gc,age      ] GC(68) - age   2:       2632 bytes,     765128 total
[2022-06-29T06:32:33.184+0000][9][gc,age      ] GC(68) - age   3:       2384 bytes,     767512 total
[2022-06-29T06:32:33.185+0000][9][gc,age      ] GC(68) - age   4:      12576 bytes,     780088 total
[2022-06-29T06:32:33.185+0000][9][gc,age      ] GC(68) - age   5:      95568 bytes,     875656 total
[2022-06-29T06:32:33.186+0000][9][gc,age      ] GC(68) - age   6:       1792 bytes,     877448 total
[2022-06-29T06:32:33.186+0000][9][gc,age      ] GC(68) - age   7:       1072 bytes,     878520 total
[2022-06-29T06:32:33.187+0000][9][gc,age      ] GC(68) - age   8:        816 bytes,     879336 total
[2022-06-29T06:32:33.187+0000][9][gc,age      ] GC(68) - age   9:     290832 bytes,    1170168 total
[2022-06-29T06:32:33.188+0000][9][gc,age      ] GC(68) - age  10:       3864 bytes,    1174032 total
[2022-06-29T06:32:33.189+0000][9][gc,age      ] GC(68) - age  11:       3160 bytes,    1177192 total
[2022-06-29T06:32:33.189+0000][9][gc,age      ] GC(68) - age  12:       3480 bytes,    1180672 total
[2022-06-29T06:32:33.190+0000][9][gc,age      ] GC(68) - age  13:        528 bytes,    1181200 total
[2022-06-29T06:32:33.191+0000][9][gc,age      ] GC(68) - age  14:        992 bytes,    1182192 total
[2022-06-29T06:32:33.191+0000][9][gc,age      ] GC(68) - age  15:       4160 bytes,    1186352 total
[2022-06-29T06:32:33.192+0000][9][gc,heap     ] GC(68) Eden regions: 75->0(75)
[2022-06-29T06:32:33.192+0000][9][gc,heap     ] GC(68) Survivor regions: 1->1(10)
[2022-06-29T06:32:33.193+0000][9][gc,heap     ] GC(68) Old regions: 22->22
[2022-06-29T06:32:33.193+0000][9][gc,heap     ] GC(68) Archive regions: 2->2
[2022-06-29T06:32:33.194+0000][9][gc,heap     ] GC(68) Humongous regions: 0->0
[2022-06-29T06:32:33.194+0000][9][gc,metaspace] GC(68) Metaspace: 129503K(132736K)->129503K(132736K) NonClass: 112512K(114176K)->112512K(114176K) Class: 16991K(18560K)->16991K(18560K)
[2022-06-29T06:32:33.195+0000][9][gc          ] GC(68) Pause Young (Normal) (G1 Evacuation Pause) 390M->89M(512M) 23.354ms
[2022-06-29T06:32:33.196+0000][9][gc,cpu      ] GC(68) User=0.01s Sys=0.00s Real=0.03s
[2022-06-29T06:32:33.197+0000][9][safepoint   ] Safepoint "G1CollectForAllocation", Time since last: 2967351774 ns, Reaching safepoint: 63807 ns, At safepoint: 25197942 ns, Total: 25261749 ns
[2022-06-29T06:32:48.187+0000][9][safepoint   ] Safepoint "Cleanup", Time since last: 15011757028 ns, Reaching safepoint: 146611 ns, At safepoint: 7240 ns, Total: 153851 ns
[2022-06-29T06:32:54.194+0000][9][safepoint   ] Safepoint "Cleanup", Time since last: 6006585181 ns, Reaching safepoint: 187729 ns, At safepoint: 13071 ns, Total: 200800 ns
[2022-06-29T06:32:59.200+0000][9][safepoint   ] Safepoint "Cleanup", Time since last: 5005433499 ns, Reaching safepoint: 195614 ns, At safepoint: 8580 ns, Total: 204194 ns
[2022-06-29T06:33:31.202+0000][9][safepoint   ] Safepoint "Cleanup", Time since last: 32023972053 ns, Reaching safepoint: 177602 ns, At safepoint: 8250 ns, Total: 185852 ns
[2022-06-29T06:33:33.208+0000][9][safepoint   ] Safepoint "Cleanup", Time since last: 2005338680 ns, Reaching safepoint: 128095 ns, At safepoint: 10942 ns, Total: 139037 ns
[2022-06-29T06:33:34.211+0000][9][safepoint   ] Safepoint "Cleanup", Time since last: 1002790183 ns, Reaching safepoint: 203201 ns, At safepoint: 19114 ns, Total: 222315 ns
[2022-06-29T06:33:37.171+0000][9][safepoint   ] Safepoint "Cleanup", Time since last: 2981145432 ns, Reaching safepoint: 123002 ns, At safepoint: 6618 ns, Total: 129620 ns
[2022-06-29T06:33:55.581+0000][9][gc,start    ] GC(69) Pause Young (Normal) (G1 Evacuation Pause)
[2022-06-29T06:33:55.587+0000][9][gc,task     ] GC(69) Using 4 workers of 4 for evacuation
[2022-06-29T06:33:55.589+0000][9][gc,age      ] GC(69) Desired survivor size 20971520 bytes, new threshold 15 (max threshold 15)
[2022-06-29T06:33:55.593+0000][9][gc,phases   ] GC(69)   Pre Evacuate Collection Set: 0.1ms
[2022-06-29T06:33:55.594+0000][9][gc,phases   ] GC(69)   Merge Heap Roots: 0.2ms
[2022-06-29T06:33:55.595+0000][9][gc,phases   ] GC(69)   Evacuate Collection Set: 1.8ms
[2022-06-29T06:33:55.596+0000][9][gc,phases   ] GC(69)   Post Evacuate Collection Set: 0.9ms
[2022-06-29T06:33:55.597+0000][9][gc,phases   ] GC(69)   Other: 2.8ms
[2022-06-29T06:33:55.597+0000][9][gc,age      ] GC(69) Age table with threshold 15 (max threshold 15)
[2022-06-29T06:33:55.599+0000][9][gc,age      ] GC(69) - age   1:     760272 bytes,     760272 total
[2022-06-29T06:33:55.599+0000][9][gc,age      ] GC(69) - age   2:       2080 bytes,     762352 total
[2022-06-29T06:33:55.600+0000][9][gc,age      ] GC(69) - age   3:       1000 bytes,     763352 total
[2022-06-29T06:33:55.600+0000][9][gc,age      ] GC(69) - age   4:       2320 bytes,     765672 total
[2022-06-29T06:33:55.601+0000][9][gc,age      ] GC(69) - age   5:      12576 bytes,     778248 total
[2022-06-29T06:33:55.602+0000][9][gc,age      ] GC(69) - age   6:      95544 bytes,     873792 total
[2022-06-29T06:33:55.603+0000][9][gc,age      ] GC(69) - age   7:       1792 bytes,     875584 total
[2022-06-29T06:33:55.605+0000][9][gc,age      ] GC(69) - age   8:       1072 bytes,     876656 total
[2022-06-29T06:33:55.606+0000][9][gc,age      ] GC(69) - age   9:        632 bytes,     877288 total
[2022-06-29T06:33:55.608+0000][9][gc,age      ] GC(69) - age  10:     290624 bytes,    1167912 total
[2022-06-29T06:33:55.614+0000][9][gc,age      ] GC(69) - age  11:       3680 bytes,    1171592 total
[2022-06-29T06:33:55.616+0000][9][gc,age      ] GC(69) - age  12:       3160 bytes,    1174752 total
[2022-06-29T06:33:55.617+0000][9][gc,age      ] GC(69) - age  13:       3480 bytes,    1178232 total
[2022-06-29T06:33:55.617+0000][9][gc,age      ] GC(69) - age  14:        528 bytes,    1178760 total
[2022-06-29T06:33:55.618+0000][9][gc,age      ] GC(69) - age  15:        992 bytes,    1179752 total
[2022-06-29T06:33:55.619+0000][9][gc,heap     ] GC(69) Eden regions: 75->0(75)
[2022-06-29T06:33:55.620+0000][9][gc,heap     ] GC(69) Survivor regions: 1->1(10)
[2022-06-29T06:33:55.623+0000][9][gc,heap     ] GC(69) Old regions: 22->22
[2022-06-29T06:33:55.624+0000][9][gc,heap     ] GC(69) Archive regions: 2->2
[2022-06-29T06:33:55.625+0000][9][gc,heap     ] GC(69) Humongous regions: 0->0
[2022-06-29T06:33:55.626+0000][9][gc,metaspace] GC(69) Metaspace: 129509K(132736K)->129509K(132736K) NonClass: 112518K(114176K)->112518K(114176K) Class: 16991K(18560K)->16991K(18560K)
[2022-06-29T06:33:55.628+0000][9][gc          ] GC(69) Pause Young (Normal) (G1 Evacuation Pause) 389M->89M(512M) 46.221ms
[2022-06-29T06:33:55.628+0000][9][gc,cpu      ] GC(69) User=0.01s Sys=0.00s Real=0.04s
[2022-06-29T06:33:55.629+0000][9][safepoint   ] Safepoint "G1CollectForAllocation", Time since last: 18410533793 ns, Reaching safepoint: 73604 ns, At safepoint: 47464761 ns, Total: 47538365 ns
[2022-06-29T06:33:57.631+0000][9][safepoint   ] Safepoint "Cleanup", Time since last: 2002461267 ns, Reaching safepoint: 158163 ns, At safepoint: 13378 ns, Total: 171541 ns
[2022-06-29T06:34:06.619+0000][9][safepoint   ] Safepoint "Cleanup", Time since last: 9009080751 ns, Reaching safepoint: 116964 ns, At safepoint: 9348 ns, Total: 126312 ns
[2022-06-29T06:34:21.634+0000][9][safepoint   ] Safepoint "Cleanup", Time since last: 15014889112 ns, Reaching safepoint: 191330 ns, At safepoint: 18496 ns, Total: 209826 ns
[2022-06-29T06:34:42.632+0000][9][safepoint   ] Safepoint "Cleanup", Time since last: 21019170278 ns, Reaching safepoint: 158791 ns, At safepoint: 76288 ns, Total: 235079 ns
[2022-06-29T06:34:52.641+0000][9][safepoint   ] Safepoint "Cleanup", Time since last: 10009160418 ns, Reaching safepoint: 125005 ns, At safepoint: 13377 ns, Total: 138382 ns
[2022-06-29T06:35:06.629+0000][9][safepoint   ] Safepoint "Cleanup", Time since last: 14010108067 ns, Reaching safepoint: 166290 ns, At safepoint: 6455 ns, Total: 172745 ns
[2022-06-29T06:35:18.008+0000][9][gc,start    ] GC(70) Pause Young (Normal) (G1 Evacuation Pause)
[2022-06-29T06:35:18.009+0000][9][gc,task     ] GC(70) Using 4 workers of 4 for evacuation
[2022-06-29T06:35:18.010+0000][9][gc,age      ] GC(70) Desired survivor size 20971520 bytes, new threshold 15 (max threshold 15)
[2022-06-29T06:35:18.014+0000][9][gc,phases   ] GC(70)   Pre Evacuate Collection Set: 0.2ms
[2022-06-29T06:35:18.015+0000][9][gc,phases   ] GC(70)   Merge Heap Roots: 0.1ms
[2022-06-29T06:35:18.015+0000][9][gc,phases   ] GC(70)   Evacuate Collection Set: 1.6ms
[2022-06-29T06:35:18.016+0000][9][gc,phases   ] GC(70)   Post Evacuate Collection Set: 1.4ms
[2022-06-29T06:35:18.016+0000][9][gc,phases   ] GC(70)   Other: 1.5ms
[2022-06-29T06:35:18.017+0000][9][gc,age      ] GC(70) Age table with threshold 15 (max threshold 15)
[2022-06-29T06:35:18.018+0000][9][gc,age      ] GC(70) - age   1:     517944 bytes,     517944 total
[2022-06-29T06:35:18.018+0000][9][gc,age      ] GC(70) - age   2:       2976 bytes,     520920 total
[2022-06-29T06:35:18.019+0000][9][gc,age      ] GC(70) - age   3:       1016 bytes,     521936 total
[2022-06-29T06:35:18.019+0000][9][gc,age      ] GC(70) - age   4:        704 bytes,     522640 total
[2022-06-29T06:35:18.020+0000][9][gc,age      ] GC(70) - age   5:       2320 bytes,     524960 total
[2022-06-29T06:35:18.020+0000][9][gc,age      ] GC(70) - age   6:      12576 bytes,     537536 total
[2022-06-29T06:35:18.021+0000][9][gc,age      ] GC(70) - age   7:      95360 bytes,     632896 total
[2022-06-29T06:35:18.022+0000][9][gc,age      ] GC(70) - age   8:       1792 bytes,     634688 total
[2022-06-29T06:35:18.022+0000][9][gc,age      ] GC(70) - age   9:       1072 bytes,     635760 total
[2022-06-29T06:35:18.023+0000][9][gc,age      ] GC(70) - age  10:        632 bytes,     636392 total
[2022-06-29T06:35:18.023+0000][9][gc,age      ] GC(70) - age  11:     290624 bytes,     927016 total
[2022-06-29T06:35:18.024+0000][9][gc,age      ] GC(70) - age  12:       3680 bytes,     930696 total
[2022-06-29T06:35:18.025+0000][9][gc,age      ] GC(70) - age  13:       3160 bytes,     933856 total
[2022-06-29T06:35:18.025+0000][9][gc,age      ] GC(70) - age  14:       3480 bytes,     937336 total
[2022-06-29T06:35:18.025+0000][9][gc,age      ] GC(70) - age  15:        528 bytes,     937864 total
[2022-06-29T06:35:18.026+0000][9][gc,heap     ] GC(70) Eden regions: 75->0(75)
[2022-06-29T06:35:18.027+0000][9][gc,heap     ] GC(70) Survivor regions: 1->1(10)
[2022-06-29T06:35:18.028+0000][9][gc,heap     ] GC(70) Old regions: 22->22
[2022-06-29T06:35:18.029+0000][9][gc,heap     ] GC(70) Archive regions: 2->2
[2022-06-29T06:35:18.031+0000][9][gc,heap     ] GC(70) Humongous regions: 0->0
[2022-06-29T06:35:18.031+0000][9][gc,metaspace] GC(70) Metaspace: 129509K(132736K)->129509K(132736K) NonClass: 112518K(114176K)->112518K(114176K) Class: 16991K(18560K)->16991K(18560K)
[2022-06-29T06:35:18.032+0000][9][gc          ] GC(70) Pause Young (Normal) (G1 Evacuation Pause) 389M->89M(512M) 24.777ms
[2022-06-29T06:35:18.033+0000][9][gc,cpu      ] GC(70) User=0.00s Sys=0.01s Real=0.02s
[2022-06-29T06:35:18.034+0000][9][safepoint   ] Safepoint "G1CollectForAllocation", Time since last: 11378458655 ns, Reaching safepoint: 81253 ns, At safepoint: 26016551 ns, Total: 26097804 ns
[2022-06-29T06:35:21.036+0000][9][safepoint   ] Safepoint "Cleanup", Time since last: 3002087998 ns, Reaching safepoint: 147512 ns, At safepoint: 21937 ns, Total: 169449 ns
[2022-06-29T06:35:45.032+0000][9][safepoint   ] Safepoint "Cleanup", Time since last: 24016977990 ns, Reaching safepoint: 186751 ns, At safepoint: 20116 ns, Total: 206867 ns
[2022-06-29T06:35:46.035+0000][9][safepoint   ] Safepoint "Cleanup", Time since last: 1002817486 ns, Reaching safepoint: 152747 ns, At safepoint: 5564 ns, Total: 158311 ns
[2022-06-29T06:36:15.033+0000][9][safepoint   ] Safepoint "Cleanup", Time since last: 29019476674 ns, Reaching safepoint: 187872 ns, At safepoint: 6143 ns, Total: 194015 ns
[2022-06-29T06:36:18.038+0000][9][safepoint   ] Safepoint "Cleanup", Time since last: 3004806682 ns, Reaching safepoint: 211884 ns, At safepoint: 12289 ns, Total: 224173 ns
[2022-06-29T06:36:24.045+0000][9][safepoint   ] Safepoint "Cleanup", Time since last: 6007204601 ns, Reaching safepoint: 186262 ns, At safepoint: 9194 ns, Total: 195456 ns
[2022-06-29T06:36:26.049+0000][9][safepoint   ] Safepoint "Cleanup", Time since last: 2003550396 ns, Reaching safepoint: 211904 ns, At safepoint: 11681 ns, Total: 223585 ns
[2022-06-29T06:36:31.054+0000][9][safepoint   ] Safepoint "Cleanup", Time since last: 5004387806 ns, Reaching safepoint: 246052 ns, At safepoint: 6903 ns, Total: 252955 ns
[2022-06-29T06:36:33.058+0000][9][safepoint   ] Safepoint "Cleanup", Time since last: 2003602239 ns, Reaching safepoint: 233878 ns, At safepoint: 5895 ns, Total: 239773 ns
[2022-06-29T06:36:36.042+0000][9][safepoint   ] Safepoint "Cleanup", Time since last: 3005535282 ns, Reaching safepoint: 324376 ns, At safepoint: 10016 ns, Total: 334392 ns
[2022-06-29T06:36:37.770+0000][9][gc,start    ] GC(71) Pause Young (Normal) (G1 Evacuation Pause)
[2022-06-29T06:36:37.773+0000][9][gc,task     ] GC(71) Using 4 workers of 4 for evacuation
[2022-06-29T06:36:37.773+0000][9][gc,age      ] GC(71) Desired survivor size 20971520 bytes, new threshold 15 (max threshold 15)
[2022-06-29T06:36:37.778+0000][9][gc,phases   ] GC(71)   Pre Evacuate Collection Set: 0.2ms
[2022-06-29T06:36:37.778+0000][9][gc,phases   ] GC(71)   Merge Heap Roots: 0.2ms
[2022-06-29T06:36:37.779+0000][9][gc,phases   ] GC(71)   Evacuate Collection Set: 2.1ms
[2022-06-29T06:36:37.779+0000][9][gc,phases   ] GC(71)   Post Evacuate Collection Set: 0.9ms
[2022-06-29T06:36:37.780+0000][9][gc,phases   ] GC(71)   Other: 1.7ms
[2022-06-29T06:36:37.780+0000][9][gc,age      ] GC(71) Age table with threshold 15 (max threshold 15)
[2022-06-29T06:36:37.781+0000][9][gc,age      ] GC(71) - age   1:     406592 bytes,     406592 total
[2022-06-29T06:36:37.781+0000][9][gc,age      ] GC(71) - age   2:       1496 bytes,     408088 total
[2022-06-29T06:36:37.782+0000][9][gc,age      ] GC(71) - age   3:       1464 bytes,     409552 total
[2022-06-29T06:36:37.782+0000][9][gc,age      ] GC(71) - age   4:        760 bytes,     410312 total
[2022-06-29T06:36:37.783+0000][9][gc,age      ] GC(71) - age   5:        608 bytes,     410920 total
[2022-06-29T06:36:37.783+0000][9][gc,age      ] GC(71) - age   6:       2320 bytes,     413240 total
[2022-06-29T06:36:37.784+0000][9][gc,age      ] GC(71) - age   7:      12576 bytes,     425816 total
[2022-06-29T06:36:37.785+0000][9][gc,age      ] GC(71) - age   8:      95360 bytes,     521176 total
[2022-06-29T06:36:37.785+0000][9][gc,age      ] GC(71) - age   9:       1792 bytes,     522968 total
[2022-06-29T06:36:37.786+0000][9][gc,age      ] GC(71) - age  10:       1072 bytes,     524040 total
[2022-06-29T06:36:37.787+0000][9][gc,age      ] GC(71) - age  11:        632 bytes,     524672 total
[2022-06-29T06:36:37.788+0000][9][gc,age      ] GC(71) - age  12:     290624 bytes,     815296 total
[2022-06-29T06:36:37.788+0000][9][gc,age      ] GC(71) - age  13:       3680 bytes,     818976 total
[2022-06-29T06:36:37.789+0000][9][gc,age      ] GC(71) - age  14:       2776 bytes,     821752 total
[2022-06-29T06:36:37.789+0000][9][gc,age      ] GC(71) - age  15:       3480 bytes,     825232 total
[2022-06-29T06:36:37.790+0000][9][gc,heap     ] GC(71) Eden regions: 75->0(75)
[2022-06-29T06:36:37.790+0000][9][gc,heap     ] GC(71) Survivor regions: 1->1(10)
[2022-06-29T06:36:37.791+0000][9][gc,heap     ] GC(71) Old regions: 22->22
[2022-06-29T06:36:37.792+0000][9][gc,heap     ] GC(71) Archive regions: 2->2
[2022-06-29T06:36:37.792+0000][9][gc,heap     ] GC(71) Humongous regions: 0->0
[2022-06-29T06:36:37.793+0000][9][gc,metaspace] GC(71) Metaspace: 129513K(132800K)->129513K(132800K) NonClass: 112522K(114240K)->112522K(114240K) Class: 16991K(18560K)->16991K(18560K)
[2022-06-29T06:36:37.793+0000][9][gc          ] GC(71) Pause Young (Normal) (G1 Evacuation Pause) 389M->89M(512M) 23.577ms
[2022-06-29T06:36:37.795+0000][9][gc,cpu      ] GC(71) User=0.01s Sys=0.00s Real=0.03s
[2022-06-29T06:36:37.795+0000][9][safepoint   ] Safepoint "G1CollectForAllocation", Time since last: 1727395943 ns, Reaching safepoint: 437755 ns, At safepoint: 25432049 ns, Total: 25869804 ns
[2022-06-29T06:36:45.804+0000][9][safepoint   ] Safepoint "Cleanup", Time since last: 8008943434 ns, Reaching safepoint: 283709 ns, At safepoint: 18617 ns, Total: 302326 ns
[2022-06-29T06:36:57.824+0000][9][safepoint   ] Safepoint "Cleanup", Time since last: 12019420068 ns, Reaching safepoint: 158381 ns, At safepoint: 9795 ns, Total: 168176 ns
[2022-06-29T06:37:37.823+0000][9][safepoint   ] Safepoint "Cleanup", Time since last: 40041754421 ns, Reaching safepoint: 337173 ns, At safepoint: 14514 ns, Total: 351687 ns
[2022-06-29T06:38:00.536+0000][9][gc,start    ] GC(72) Pause Young (Normal) (G1 Evacuation Pause)
[2022-06-29T06:38:00.547+0000][9][gc,task     ] GC(72) Using 4 workers of 4 for evacuation
[2022-06-29T06:38:00.548+0000][9][gc,age      ] GC(72) Desired survivor size 20971520 bytes, new threshold 15 (max threshold 15)
[2022-06-29T06:38:00.558+0000][9][gc,phases   ] GC(72)   Pre Evacuate Collection Set: 0.2ms
[2022-06-29T06:38:00.559+0000][9][gc,phases   ] GC(72)   Merge Heap Roots: 0.1ms
[2022-06-29T06:38:00.559+0000][9][gc,phases   ] GC(72)   Evacuate Collection Set: 6.6ms
[2022-06-29T06:38:00.560+0000][9][gc,phases   ] GC(72)   Post Evacuate Collection Set: 1.3ms
[2022-06-29T06:38:00.561+0000][9][gc,phases   ] GC(72)   Other: 2.6ms
[2022-06-29T06:38:00.561+0000][9][gc,age      ] GC(72) Age table with threshold 15 (max threshold 15)
[2022-06-29T06:38:00.562+0000][9][gc,age      ] GC(72) - age   1:    1706944 bytes,    1706944 total
[2022-06-29T06:38:00.563+0000][9][gc,age      ] GC(72) - age   2:       2088 bytes,    1709032 total
[2022-06-29T06:38:00.564+0000][9][gc,age      ] GC(72) - age   3:        480 bytes,    1709512 total
[2022-06-29T06:38:00.566+0000][9][gc,age      ] GC(72) - age   4:       1440 bytes,    1710952 total
[2022-06-29T06:38:00.567+0000][9][gc,age      ] GC(72) - age   5:        760 bytes,    1711712 total
[2022-06-29T06:38:00.568+0000][9][gc,age      ] GC(72) - age   6:        608 bytes,    1712320 total
[2022-06-29T06:38:00.569+0000][9][gc,age      ] GC(72) - age   7:       2320 bytes,    1714640 total
[2022-06-29T06:38:00.570+0000][9][gc,age      ] GC(72) - age   8:      12392 bytes,    1727032 total
[2022-06-29T06:38:00.571+0000][9][gc,age      ] GC(72) - age   9:      95360 bytes,    1822392 total
[2022-06-29T06:38:00.572+0000][9][gc,age      ] GC(72) - age  10:       1792 bytes,    1824184 total
[2022-06-29T06:38:00.572+0000][9][gc,age      ] GC(72) - age  11:       1072 bytes,    1825256 total
[2022-06-29T06:38:00.573+0000][9][gc,age      ] GC(72) - age  12:        632 bytes,    1825888 total
[2022-06-29T06:38:00.574+0000][9][gc,age      ] GC(72) - age  13:     290624 bytes,    2116512 total
[2022-06-29T06:38:00.576+0000][9][gc,age      ] GC(72) - age  14:       3680 bytes,    2120192 total
[2022-06-29T06:38:00.576+0000][9][gc,age      ] GC(72) - age  15:       2776 bytes,    2122968 total
[2022-06-29T06:38:00.577+0000][9][gc,heap     ] GC(72) Eden regions: 75->0(75)
[2022-06-29T06:38:00.578+0000][9][gc,heap     ] GC(72) Survivor regions: 1->1(10)
[2022-06-29T06:38:00.579+0000][9][gc,heap     ] GC(72) Old regions: 22->22
[2022-06-29T06:38:00.579+0000][9][gc,heap     ] GC(72) Archive regions: 2->2
[2022-06-29T06:38:00.583+0000][9][gc,heap     ] GC(72) Humongous regions: 0->0
[2022-06-29T06:38:00.584+0000][9][gc,metaspace] GC(72) Metaspace: 129518K(132800K)->129518K(132800K) NonClass: 112527K(114240K)->112527K(114240K) Class: 16991K(18560K)->16991K(18560K)
[2022-06-29T06:38:00.584+0000][9][gc          ] GC(72) Pause Young (Normal) (G1 Evacuation Pause) 389M->90M(512M) 48.896ms
[2022-06-29T06:38:00.585+0000][9][gc,cpu      ] GC(72) User=0.03s Sys=0.01s Real=0.05s
[2022-06-29T06:38:00.587+0000][9][safepoint   ] Safepoint "G1CollectForAllocation", Time since last: 22712796356 ns, Reaching safepoint: 142072 ns, At safepoint: 51222767 ns, Total: 51364839 ns
[2022-06-29T06:38:26.582+0000][9][safepoint   ] Safepoint "Cleanup", Time since last: 26018917083 ns, Reaching safepoint: 268108 ns, At safepoint: 15189 ns, Total: 283297 ns
[2022-06-29T06:38:55.596+0000][9][safepoint   ] Safepoint "Cleanup", Time since last: 29033706430 ns, Reaching safepoint: 105562 ns, At safepoint: 5323 ns, Total: 110885 ns
[2022-06-29T06:39:18.598+0000][9][safepoint   ] Safepoint "Cleanup", Time since last: 23021800270 ns, Reaching safepoint: 598826 ns, At safepoint: 55707 ns, Total: 654533 ns
[2022-06-29T06:39:26.609+0000][9][safepoint   ] Safepoint "Cleanup", Time since last: 8011464682 ns, Reaching safepoint: 151314 ns, At safepoint: 6479 ns, Total: 157793 ns
[2022-06-29T06:39:27.089+0000][9][gc,start    ] GC(73) Pause Young (Normal) (G1 Evacuation Pause)
[2022-06-29T06:39:27.091+0000][9][gc,task     ] GC(73) Using 4 workers of 4 for evacuation
[2022-06-29T06:39:27.092+0000][9][gc,age      ] GC(73) Desired survivor size 20971520 bytes, new threshold 15 (max threshold 15)
[2022-06-29T06:39:27.103+0000][9][gc,phases   ] GC(73)   Pre Evacuate Collection Set: 0.5ms
[2022-06-29T06:39:27.104+0000][9][gc,phases   ] GC(73)   Merge Heap Roots: 0.2ms
[2022-06-29T06:39:27.104+0000][9][gc,phases   ] GC(73)   Evacuate Collection Set: 6.2ms
[2022-06-29T06:39:27.105+0000][9][gc,phases   ] GC(73)   Post Evacuate Collection Set: 1.5ms
[2022-06-29T06:39:27.106+0000][9][gc,phases   ] GC(73)   Other: 2.9ms
[2022-06-29T06:39:27.107+0000][9][gc,age      ] GC(73) Age table with threshold 15 (max threshold 15)
[2022-06-29T06:39:27.109+0000][9][gc,age      ] GC(73) - age   1:    1544480 bytes,    1544480 total
[2022-06-29T06:39:27.110+0000][9][gc,age      ] GC(73) - age   2:       2704 bytes,    1547184 total
[2022-06-29T06:39:27.111+0000][9][gc,age      ] GC(73) - age   3:        616 bytes,    1547800 total
[2022-06-29T06:39:27.112+0000][9][gc,age      ] GC(73) - age   4:        184 bytes,    1547984 total
[2022-06-29T06:39:27.114+0000][9][gc,age      ] GC(73) - age   5:       1440 bytes,    1549424 total
[2022-06-29T06:39:27.117+0000][9][gc,age      ] GC(73) - age   6:        760 bytes,    1550184 total
[2022-06-29T06:39:27.118+0000][9][gc,age      ] GC(73) - age   7:        608 bytes,    1550792 total
[2022-06-29T06:39:27.120+0000][9][gc,age      ] GC(73) - age   8:       1184 bytes,    1551976 total
[2022-06-29T06:39:27.121+0000][9][gc,age      ] GC(73) - age   9:      12392 bytes,    1564368 total
[2022-06-29T06:39:27.122+0000][9][gc,age      ] GC(73) - age  10:      95360 bytes,    1659728 total
[2022-06-29T06:39:27.122+0000][9][gc,age      ] GC(73) - age  11:       1792 bytes,    1661520 total
[2022-06-29T06:39:27.123+0000][9][gc,age      ] GC(73) - age  12:        888 bytes,    1662408 total
[2022-06-29T06:39:27.124+0000][9][gc,age      ] GC(73) - age  13:        632 bytes,    1663040 total
[2022-06-29T06:39:27.124+0000][9][gc,age      ] GC(73) - age  14:     290592 bytes,    1953632 total
[2022-06-29T06:39:27.125+0000][9][gc,age      ] GC(73) - age  15:       3648 bytes,    1957280 total
[2022-06-29T06:39:27.127+0000][9][gc,heap     ] GC(73) Eden regions: 75->0(75)
[2022-06-29T06:39:27.128+0000][9][gc,heap     ] GC(73) Survivor regions: 1->1(10)
[2022-06-29T06:39:27.128+0000][9][gc,heap     ] GC(73) Old regions: 22->22
[2022-06-29T06:39:27.129+0000][9][gc,heap     ] GC(73) Archive regions: 2->2
[2022-06-29T06:39:27.130+0000][9][gc,heap     ] GC(73) Humongous regions: 0->0
[2022-06-29T06:39:27.130+0000][9][gc,metaspace] GC(73) Metaspace: 129524K(132800K)->129524K(132800K) NonClass: 112533K(114240K)->112533K(114240K) Class: 16991K(18560K)->16991K(18560K)
[2022-06-29T06:39:27.133+0000][9][gc          ] GC(73) Pause Young (Normal) (G1 Evacuation Pause) 390M->90M(512M) 43.848ms
[2022-06-29T06:39:27.134+0000][9][gc,cpu      ] GC(73) User=0.02s Sys=0.01s Real=0.05s
[2022-06-29T06:39:27.135+0000][9][safepoint   ] Safepoint "G1CollectForAllocation", Time since last: 479809665 ns, Reaching safepoint: 104815 ns, At safepoint: 45770394 ns, Total: 45875209 ns
[2022-06-29T06:39:36.122+0000][9][safepoint   ] Safepoint "Cleanup", Time since last: 9008686983 ns, Reaching safepoint: 131867 ns, At safepoint: 6255 ns, Total: 138122 ns
[2022-06-29T06:40:15.144+0000][9][safepoint   ] Safepoint "Cleanup", Time since last: 39043596141 ns, Reaching safepoint: 167217 ns, At safepoint: 72018 ns, Total: 239235 ns
[2022-06-29T06:40:26.156+0000][9][safepoint   ] Safepoint "Cleanup", Time since last: 11010809933 ns, Reaching safepoint: 350667 ns, At safepoint: 17569 ns, Total: 368236 ns
[2022-06-29T06:40:27.158+0000][9][safepoint   ] Safepoint "Cleanup", Time since last: 1002224462 ns, Reaching safepoint: 226752 ns, At safepoint: 33731 ns, Total: 260483 ns
[2022-06-29T06:40:42.151+0000][9][safepoint   ] Safepoint "Cleanup", Time since last: 15013889584 ns, Reaching safepoint: 223279 ns, At safepoint: 30316 ns, Total: 253595 ns
[2022-06-29T06:40:45.351+0000][9][gc,start    ] GC(74) Pause Young (Normal) (G1 Evacuation Pause)
[2022-06-29T06:40:45.352+0000][9][gc,task     ] GC(74) Using 4 workers of 4 for evacuation
[2022-06-29T06:40:45.353+0000][9][gc,age      ] GC(74) Desired survivor size 20971520 bytes, new threshold 15 (max threshold 15)
[2022-06-29T06:40:45.361+0000][9][gc,phases   ] GC(74)   Pre Evacuate Collection Set: 0.2ms
[2022-06-29T06:40:45.362+0000][9][gc,phases   ] GC(74)   Merge Heap Roots: 0.2ms
[2022-06-29T06:40:45.363+0000][9][gc,phases   ] GC(74)   Evacuate Collection Set: 4.8ms
[2022-06-29T06:40:45.363+0000][9][gc,phases   ] GC(74)   Post Evacuate Collection Set: 2.0ms
[2022-06-29T06:40:45.364+0000][9][gc,phases   ] GC(74)   Other: 1.7ms
[2022-06-29T06:40:45.365+0000][9][gc,age      ] GC(74) Age table with threshold 15 (max threshold 15)
[2022-06-29T06:40:45.367+0000][9][gc,age      ] GC(74) - age   1:    1515880 bytes,    1515880 total
[2022-06-29T06:40:45.368+0000][9][gc,age      ] GC(74) - age   2:       3696 bytes,    1519576 total
[2022-06-29T06:40:45.369+0000][9][gc,age      ] GC(74) - age   3:       1064 bytes,    1520640 total
[2022-06-29T06:40:45.370+0000][9][gc,age      ] GC(74) - age   4:        520 bytes,    1521160 total
[2022-06-29T06:40:45.370+0000][9][gc,age      ] GC(74) - age   5:        184 bytes,    1521344 total
[2022-06-29T06:40:45.371+0000][9][gc,age      ] GC(74) - age   6:       1440 bytes,    1522784 total
[2022-06-29T06:40:45.372+0000][9][gc,age      ] GC(74) - age   7:        760 bytes,    1523544 total
[2022-06-29T06:40:45.372+0000][9][gc,age      ] GC(74) - age   8:        608 bytes,    1524152 total
[2022-06-29T06:40:45.373+0000][9][gc,age      ] GC(74) - age   9:        608 bytes,    1524760 total
[2022-06-29T06:40:45.374+0000][9][gc,age      ] GC(74) - age  10:      12392 bytes,    1537152 total
[2022-06-29T06:40:45.374+0000][9][gc,age      ] GC(74) - age  11:      95360 bytes,    1632512 total
[2022-06-29T06:40:45.374+0000][9][gc,age      ] GC(74) - age  12:       1792 bytes,    1634304 total
[2022-06-29T06:40:45.376+0000][9][gc,age      ] GC(74) - age  13:        888 bytes,    1635192 total
[2022-06-29T06:40:45.377+0000][9][gc,age      ] GC(74) - age  14:        632 bytes,    1635824 total
[2022-06-29T06:40:45.378+0000][9][gc,age      ] GC(74) - age  15:     290592 bytes,    1926416 total
[2022-06-29T06:40:45.379+0000][9][gc,heap     ] GC(74) Eden regions: 75->0(75)
[2022-06-29T06:40:45.380+0000][9][gc,heap     ] GC(74) Survivor regions: 1->1(10)
[2022-06-29T06:40:45.381+0000][9][gc,heap     ] GC(74) Old regions: 22->22
[2022-06-29T06:40:45.382+0000][9][gc,heap     ] GC(74) Archive regions: 2->2
[2022-06-29T06:40:45.384+0000][9][gc,heap     ] GC(74) Humongous regions: 0->0
[2022-06-29T06:40:45.384+0000][9][gc,metaspace] GC(74) Metaspace: 129529K(132800K)->129529K(132800K) NonClass: 112538K(114240K)->112538K(114240K) Class: 16991K(18560K)->16991K(18560K)
[2022-06-29T06:40:45.385+0000][9][gc          ] GC(74) Pause Young (Normal) (G1 Evacuation Pause) 390M->90M(512M) 33.920ms
[2022-06-29T06:40:45.386+0000][9][gc,cpu      ] GC(74) User=0.01s Sys=0.00s Real=0.03s
[2022-06-29T06:40:45.386+0000][9][safepoint   ] Safepoint "G1CollectForAllocation", Time since last: 3200065483 ns, Reaching safepoint: 67022 ns, At safepoint: 35443786 ns, Total: 35510808 ns
[2022-06-29T06:40:55.395+0000][9][safepoint   ] Safepoint "Cleanup", Time since last: 10008925353 ns, Reaching safepoint: 94896 ns, At safepoint: 4359 ns, Total: 99255 ns
[2022-06-29T06:41:08.386+0000][9][safepoint   ] Safepoint "Cleanup", Time since last: 13011601461 ns, Reaching safepoint: 306110 ns, At safepoint: 25134 ns, Total: 331244 ns
[2022-06-29T06:41:24.401+0000][9][safepoint   ] Safepoint "Cleanup", Time since last: 16014564467 ns, Reaching safepoint: 225807 ns, At safepoint: 11169 ns, Total: 236976 ns
[2022-06-29T06:41:54.400+0000][9][safepoint   ] Safepoint "Cleanup", Time since last: 30021217134 ns, Reaching safepoint: 71225 ns, At safepoint: 38835 ns, Total: 110060 ns
[2022-06-29T06:42:08.883+0000][9][gc,start    ] GC(75) Pause Young (Normal) (G1 Evacuation Pause)
[2022-06-29T06:42:08.885+0000][9][gc,task     ] GC(75) Using 4 workers of 4 for evacuation
[2022-06-29T06:42:08.886+0000][9][gc,age      ] GC(75) Desired survivor size 20971520 bytes, new threshold 15 (max threshold 15)
[2022-06-29T06:42:08.927+0000][9][gc,phases   ] GC(75)   Pre Evacuate Collection Set: 0.4ms
[2022-06-29T06:42:08.929+0000][9][gc,phases   ] GC(75)   Merge Heap Roots: 0.3ms
[2022-06-29T06:42:08.930+0000][9][gc,phases   ] GC(75)   Evacuate Collection Set: 33.5ms
[2022-06-29T06:42:08.930+0000][9][gc,phases   ] GC(75)   Post Evacuate Collection Set: 5.8ms
[2022-06-29T06:42:08.931+0000][9][gc,phases   ] GC(75)   Other: 2.7ms
[2022-06-29T06:42:08.931+0000][9][gc,age      ] GC(75) Age table with threshold 15 (max threshold 15)
[2022-06-29T06:42:08.932+0000][9][gc,age      ] GC(75) - age   1:    1234944 bytes,    1234944 total
[2022-06-29T06:42:08.932+0000][9][gc,age      ] GC(75) - age   2:       2584 bytes,    1237528 total
[2022-06-29T06:42:08.933+0000][9][gc,age      ] GC(75) - age   3:       2144 bytes,    1239672 total
[2022-06-29T06:42:08.934+0000][9][gc,age      ] GC(75) - age   4:       1000 bytes,    1240672 total
[2022-06-29T06:42:08.934+0000][9][gc,age      ] GC(75) - age   5:        520 bytes,    1241192 total
[2022-06-29T06:42:08.935+0000][9][gc,age      ] GC(75) - age   6:        184 bytes,    1241376 total
[2022-06-29T06:42:08.935+0000][9][gc,age      ] GC(75) - age   7:       1440 bytes,    1242816 total
[2022-06-29T06:42:08.936+0000][9][gc,age      ] GC(75) - age   8:        728 bytes,    1243544 total
[2022-06-29T06:42:08.937+0000][9][gc,age      ] GC(75) - age   9:        608 bytes,    1244152 total
[2022-06-29T06:42:08.937+0000][9][gc,age      ] GC(75) - age  10:        424 bytes,    1244576 total
[2022-06-29T06:42:08.938+0000][9][gc,age      ] GC(75) - age  11:      12392 bytes,    1256968 total
[2022-06-29T06:42:08.938+0000][9][gc,age      ] GC(75) - age  12:      95360 bytes,    1352328 total
[2022-06-29T06:42:08.939+0000][9][gc,age      ] GC(75) - age  13:       1792 bytes,    1354120 total
[2022-06-29T06:42:08.940+0000][9][gc,age      ] GC(75) - age  14:        888 bytes,    1355008 total
[2022-06-29T06:42:08.940+0000][9][gc,age      ] GC(75) - age  15:        632 bytes,    1355640 total
[2022-06-29T06:42:08.941+0000][9][gc,heap     ] GC(75) Eden regions: 75->0(75)
[2022-06-29T06:42:08.942+0000][9][gc,heap     ] GC(75) Survivor regions: 1->1(10)
[2022-06-29T06:42:08.942+0000][9][gc,heap     ] GC(75) Old regions: 22->22
[2022-06-29T06:42:08.946+0000][9][gc,heap     ] GC(75) Archive regions: 2->2
[2022-06-29T06:42:08.947+0000][9][gc,heap     ] GC(75) Humongous regions: 0->0
[2022-06-29T06:42:08.948+0000][9][gc,metaspace] GC(75) Metaspace: 129582K(132800K)->129582K(132800K) NonClass: 112590K(114240K)->112590K(114240K) Class: 16991K(18560K)->16991K(18560K)
[2022-06-29T06:42:08.948+0000][9][gc          ] GC(75) Pause Young (Normal) (G1 Evacuation Pause) 390M->90M(512M) 65.880ms
[2022-06-29T06:42:08.949+0000][9][gc,cpu      ] GC(75) User=0.07s Sys=0.00s Real=0.07s
[2022-06-29T06:42:08.950+0000][9][safepoint   ] Safepoint "G1CollectForAllocation", Time since last: 14503097401 ns, Reaching safepoint: 69637 ns, At safepoint: 67541298 ns, Total: 67610935 ns
[2022-06-29T06:42:24.967+0000][9][safepoint   ] Safepoint "Cleanup", Time since last: 16016438209 ns, Reaching safepoint: 255733 ns, At safepoint: 72184 ns, Total: 327917 ns
[2022-06-29T06:42:45.961+0000][9][safepoint   ] Safepoint "Cleanup", Time since last: 21016524155 ns, Reaching safepoint: 118322 ns, At safepoint: 11407 ns, Total: 129729 ns
[2022-06-29T06:42:58.972+0000][9][safepoint   ] Safepoint "Cleanup", Time since last: 13011219804 ns, Reaching safepoint: 173414 ns, At safepoint: 7049 ns, Total: 180463 ns
[2022-06-29T06:43:25.973+0000][9][safepoint   ] Safepoint "Cleanup", Time since last: 27022080799 ns, Reaching safepoint: 341038 ns, At safepoint: 7602 ns, Total: 348640 ns
[2022-06-29T06:43:32.854+0000][9][gc,start    ] GC(76) Pause Young (Normal) (G1 Evacuation Pause)
[2022-06-29T06:43:32.855+0000][9][gc,task     ] GC(76) Using 4 workers of 4 for evacuation
[2022-06-29T06:43:32.856+0000][9][gc,age      ] GC(76) Desired survivor size 20971520 bytes, new threshold 15 (max threshold 15)
[2022-06-29T06:43:32.862+0000][9][gc,phases   ] GC(76)   Pre Evacuate Collection Set: 0.1ms
[2022-06-29T06:43:32.862+0000][9][gc,phases   ] GC(76)   Merge Heap Roots: 0.1ms
[2022-06-29T06:43:32.863+0000][9][gc,phases   ] GC(76)   Evacuate Collection Set: 2.8ms
[2022-06-29T06:43:32.864+0000][9][gc,phases   ] GC(76)   Post Evacuate Collection Set: 1.3ms
[2022-06-29T06:43:32.864+0000][9][gc,phases   ] GC(76)   Other: 1.7ms
[2022-06-29T06:43:32.865+0000][9][gc,age      ] GC(76) Age table with threshold 15 (max threshold 15)
[2022-06-29T06:43:32.866+0000][9][gc,age      ] GC(76) - age   1:     987720 bytes,     987720 total
[2022-06-29T06:43:32.866+0000][9][gc,age      ] GC(76) - age   2:       2528 bytes,     990248 total
[2022-06-29T06:43:32.867+0000][9][gc,age      ] GC(76) - age   3:       1112 bytes,     991360 total
[2022-06-29T06:43:32.868+0000][9][gc,age      ] GC(76) - age   4:       1656 bytes,     993016 total
[2022-06-29T06:43:32.868+0000][9][gc,age      ] GC(76) - age   5:       1000 bytes,     994016 total
[2022-06-29T06:43:32.869+0000][9][gc,age      ] GC(76) - age   6:        520 bytes,     994536 total
[2022-06-29T06:43:32.869+0000][9][gc,age      ] GC(76) - age   7:        184 bytes,     994720 total
[2022-06-29T06:43:32.870+0000][9][gc,age      ] GC(76) - age   8:       1440 bytes,     996160 total
[2022-06-29T06:43:32.871+0000][9][gc,age      ] GC(76) - age   9:        728 bytes,     996888 total
[2022-06-29T06:43:32.872+0000][9][gc,age      ] GC(76) - age  10:        608 bytes,     997496 total
[2022-06-29T06:43:32.872+0000][9][gc,age      ] GC(76) - age  11:        424 bytes,     997920 total
[2022-06-29T06:43:32.873+0000][9][gc,age      ] GC(76) - age  12:      12392 bytes,    1010312 total
[2022-06-29T06:43:32.873+0000][9][gc,age      ] GC(76) - age  13:      95360 bytes,    1105672 total
[2022-06-29T06:43:32.874+0000][9][gc,age      ] GC(76) - age  14:       1792 bytes,    1107464 total
[2022-06-29T06:43:32.874+0000][9][gc,age      ] GC(76) - age  15:        888 bytes,    1108352 total
[2022-06-29T06:43:32.875+0000][9][gc,heap     ] GC(76) Eden regions: 75->0(75)
[2022-06-29T06:43:32.876+0000][9][gc,heap     ] GC(76) Survivor regions: 1->1(10)
[2022-06-29T06:43:32.877+0000][9][gc,heap     ] GC(76) Old regions: 22->22
[2022-06-29T06:43:32.877+0000][9][gc,heap     ] GC(76) Archive regions: 2->2
[2022-06-29T06:43:32.878+0000][9][gc,heap     ] GC(76) Humongous regions: 0->0
[2022-06-29T06:43:32.879+0000][9][gc,metaspace] GC(76) Metaspace: 129588K(132800K)->129588K(132800K) NonClass: 112596K(114240K)->112596K(114240K) Class: 16991K(18560K)->16991K(18560K)
[2022-06-29T06:43:32.879+0000][9][gc          ] GC(76) Pause Young (Normal) (G1 Evacuation Pause) 390M->90M(512M) 25.343ms
[2022-06-29T06:43:32.880+0000][9][gc,cpu      ] GC(76) User=0.01s Sys=0.00s Real=0.03s
[2022-06-29T06:43:32.881+0000][9][safepoint   ] Safepoint "G1CollectForAllocation", Time since last: 6880676949 ns, Reaching safepoint: 84307 ns, At safepoint: 27163368 ns, Total: 27247675 ns
[2022-06-29T06:43:38.864+0000][9][safepoint   ] Safepoint "Cleanup", Time since last: 6003747386 ns, Reaching safepoint: 222913 ns, At safepoint: 25320 ns, Total: 248233 ns
[2022-06-29T06:44:09.869+0000][9][safepoint   ] Safepoint "Cleanup", Time since last: 31026280924 ns, Reaching safepoint: 188830 ns, At safepoint: 14122 ns, Total: 202952 ns
[2022-06-29T06:44:17.876+0000][9][safepoint   ] Safepoint "Cleanup", Time since last: 8007520882 ns, Reaching safepoint: 101345 ns, At safepoint: 6024 ns, Total: 107369 ns
[2022-06-29T06:44:25.883+0000][9][safepoint   ] Safepoint "Cleanup", Time since last: 8006571136 ns, Reaching safepoint: 230366 ns, At safepoint: 18566 ns, Total: 248932 ns
[2022-06-29T06:44:48.878+0000][9][safepoint   ] Safepoint "Cleanup", Time since last: 23016180998 ns, Reaching safepoint: 66289 ns, At safepoint: 3089 ns, Total: 69378 ns
[2022-06-29T06:44:53.821+0000][9][gc,start    ] GC(77) Pause Young (Normal) (G1 Evacuation Pause)
[2022-06-29T06:44:53.822+0000][9][gc,task     ] GC(77) Using 4 workers of 4 for evacuation
[2022-06-29T06:44:53.823+0000][9][gc,age      ] GC(77) Desired survivor size 20971520 bytes, new threshold 15 (max threshold 15)
[2022-06-29T06:44:53.827+0000][9][gc,phases   ] GC(77)   Pre Evacuate Collection Set: 0.1ms
[2022-06-29T06:44:53.828+0000][9][gc,phases   ] GC(77)   Merge Heap Roots: 0.1ms
[2022-06-29T06:44:53.829+0000][9][gc,phases   ] GC(77)   Evacuate Collection Set: 2.4ms
[2022-06-29T06:44:53.830+0000][9][gc,phases   ] GC(77)   Post Evacuate Collection Set: 1.0ms
[2022-06-29T06:44:53.830+0000][9][gc,phases   ] GC(77)   Other: 1.5ms
[2022-06-29T06:44:53.831+0000][9][gc,age      ] GC(77) Age table with threshold 15 (max threshold 15)
[2022-06-29T06:44:53.832+0000][9][gc,age      ] GC(77) - age   1:     898096 bytes,     898096 total
[2022-06-29T06:44:53.832+0000][9][gc,age      ] GC(77) - age   2:       1888 bytes,     899984 total
[2022-06-29T06:44:53.833+0000][9][gc,age      ] GC(77) - age   3:       1408 bytes,     901392 total
[2022-06-29T06:44:53.833+0000][9][gc,age      ] GC(77) - age   4:       1048 bytes,     902440 total
[2022-06-29T06:44:53.834+0000][9][gc,age      ] GC(77) - age   5:       1360 bytes,     903800 total
[2022-06-29T06:44:53.835+0000][9][gc,age      ] GC(77) - age   6:       1000 bytes,     904800 total
[2022-06-29T06:44:53.835+0000][9][gc,age      ] GC(77) - age   7:        520 bytes,     905320 total
[2022-06-29T06:44:53.836+0000][9][gc,age      ] GC(77) - age   8:        184 bytes,     905504 total
[2022-06-29T06:44:53.837+0000][9][gc,age      ] GC(77) - age   9:       1256 bytes,     906760 total
[2022-06-29T06:44:53.837+0000][9][gc,age      ] GC(77) - age  10:        728 bytes,     907488 total
[2022-06-29T06:44:53.838+0000][9][gc,age      ] GC(77) - age  11:        608 bytes,     908096 total
[2022-06-29T06:44:53.838+0000][9][gc,age      ] GC(77) - age  12:        424 bytes,     908520 total
[2022-06-29T06:44:53.839+0000][9][gc,age      ] GC(77) - age  13:      12392 bytes,     920912 total
[2022-06-29T06:44:53.840+0000][9][gc,age      ] GC(77) - age  14:      95360 bytes,    1016272 total
[2022-06-29T06:44:53.840+0000][9][gc,age      ] GC(77) - age  15:       1792 bytes,    1018064 total
[2022-06-29T06:44:53.841+0000][9][gc,heap     ] GC(77) Eden regions: 75->0(75)
[2022-06-29T06:44:53.842+0000][9][gc,heap     ] GC(77) Survivor regions: 1->1(10)
[2022-06-29T06:44:53.842+0000][9][gc,heap     ] GC(77) Old regions: 22->22
[2022-06-29T06:44:53.843+0000][9][gc,heap     ] GC(77) Archive regions: 2->2
[2022-06-29T06:44:53.844+0000][9][gc,heap     ] GC(77) Humongous regions: 0->0
[2022-06-29T06:44:53.844+0000][9][gc,metaspace] GC(77) Metaspace: 129598K(132800K)->129598K(132800K) NonClass: 112607K(114240K)->112607K(114240K) Class: 16991K(18560K)->16991K(18560K)
[2022-06-29T06:44:53.845+0000][9][gc          ] GC(77) Pause Young (Normal) (G1 Evacuation Pause) 390M->90M(512M) 23.920ms
[2022-06-29T06:44:53.846+0000][9][gc,cpu      ] GC(77) User=0.01s Sys=0.00s Real=0.03s
[2022-06-29T06:44:53.847+0000][9][safepoint   ] Safepoint "G1CollectForAllocation", Time since last: 4943618493 ns, Reaching safepoint: 55608 ns, At safepoint: 25326239 ns, Total: 25381847 ns
[2022-06-29T06:45:18.845+0000][9][safepoint   ] Safepoint "Cleanup", Time since last: 25020190970 ns, Reaching safepoint: 141670 ns, At safepoint: 6484 ns, Total: 148154 ns
[2022-06-29T06:46:06.838+0000][9][safepoint   ] Safepoint "Cleanup", Time since last: 48036124490 ns, Reaching safepoint: 180115 ns, At safepoint: 7918 ns, Total: 188033 ns
[2022-06-29T06:46:12.283+0000][9][gc,start    ] GC(78) Pause Young (Normal) (G1 Evacuation Pause)
[2022-06-29T06:46:12.285+0000][9][gc,task     ] GC(78) Using 4 workers of 4 for evacuation
[2022-06-29T06:46:12.286+0000][9][gc,age      ] GC(78) Desired survivor size 20971520 bytes, new threshold 15 (max threshold 15)
[2022-06-29T06:46:12.308+0000][9][gc,phases   ] GC(78)   Pre Evacuate Collection Set: 0.7ms
[2022-06-29T06:46:12.309+0000][9][gc,phases   ] GC(78)   Merge Heap Roots: 0.5ms
[2022-06-29T06:46:12.310+0000][9][gc,phases   ] GC(78)   Evacuate Collection Set: 14.7ms
[2022-06-29T06:46:12.311+0000][9][gc,phases   ] GC(78)   Post Evacuate Collection Set: 4.9ms
[2022-06-29T06:46:12.313+0000][9][gc,phases   ] GC(78)   Other: 2.7ms
[2022-06-29T06:46:12.314+0000][9][gc,age      ] GC(78) Age table with threshold 15 (max threshold 15)
[2022-06-29T06:46:12.315+0000][9][gc,age      ] GC(78) - age   1:     816432 bytes,     816432 total
[2022-06-29T06:46:12.315+0000][9][gc,age      ] GC(78) - age   2:       1512 bytes,     817944 total
[2022-06-29T06:46:12.316+0000][9][gc,age      ] GC(78) - age   3:        504 bytes,     818448 total
[2022-06-29T06:46:12.317+0000][9][gc,age      ] GC(78) - age   4:       1408 bytes,     819856 total
[2022-06-29T06:46:12.318+0000][9][gc,age      ] GC(78) - age   5:        952 bytes,     820808 total
[2022-06-29T06:46:12.318+0000][9][gc,age      ] GC(78) - age   6:       1360 bytes,     822168 total
[2022-06-29T06:46:12.319+0000][9][gc,age      ] GC(78) - age   7:       1000 bytes,     823168 total
[2022-06-29T06:46:12.320+0000][9][gc,age      ] GC(78) - age   8:        520 bytes,     823688 total
[2022-06-29T06:46:12.321+0000][9][gc,age      ] GC(78) - age   9:        184 bytes,     823872 total
[2022-06-29T06:46:12.322+0000][9][gc,age      ] GC(78) - age  10:       1256 bytes,     825128 total
[2022-06-29T06:46:12.322+0000][9][gc,age      ] GC(78) - age  11:        728 bytes,     825856 total
[2022-06-29T06:46:12.323+0000][9][gc,age      ] GC(78) - age  12:        608 bytes,     826464 total
[2022-06-29T06:46:12.324+0000][9][gc,age      ] GC(78) - age  13:        424 bytes,     826888 total
[2022-06-29T06:46:12.324+0000][9][gc,age      ] GC(78) - age  14:      12392 bytes,     839280 total
[2022-06-29T06:46:12.325+0000][9][gc,age      ] GC(78) - age  15:      95360 bytes,     934640 total
[2022-06-29T06:46:12.326+0000][9][gc,heap     ] GC(78) Eden regions: 75->0(75)
[2022-06-29T06:46:12.327+0000][9][gc,heap     ] GC(78) Survivor regions: 1->1(10)
[2022-06-29T06:46:12.328+0000][9][gc,heap     ] GC(78) Old regions: 22->22
[2022-06-29T06:46:12.329+0000][9][gc,heap     ] GC(78) Archive regions: 2->2
[2022-06-29T06:46:12.330+0000][9][gc,heap     ] GC(78) Humongous regions: 0->0
[2022-06-29T06:46:12.330+0000][9][gc,metaspace] GC(78) Metaspace: 129600K(132800K)->129600K(132800K) NonClass: 112609K(114240K)->112609K(114240K) Class: 16991K(18560K)->16991K(18560K)
[2022-06-29T06:46:12.331+0000][9][gc          ] GC(78) Pause Young (Normal) (G1 Evacuation Pause) 390M->89M(512M) 47.975ms
[2022-06-29T06:46:12.332+0000][9][gc,cpu      ] GC(78) User=0.05s Sys=0.00s Real=0.05s
[2022-06-29T06:46:12.333+0000][9][safepoint   ] Safepoint "G1CollectForAllocation", Time since last: 5444752875 ns, Reaching safepoint: 96214 ns, At safepoint: 49815077 ns, Total: 49911291 ns
[2022-06-29T06:46:48.340+0000][9][safepoint   ] Safepoint "Cleanup", Time since last: 36027974428 ns, Reaching safepoint: 182645 ns, At safepoint: 7652 ns, Total: 190297 ns
[2022-06-29T06:47:00.351+0000][9][safepoint   ] Safepoint "Cleanup", Time since last: 12010898367 ns, Reaching safepoint: 281062 ns, At safepoint: 31484 ns, Total: 312546 ns
[2022-06-29T06:47:03.355+0000][9][safepoint   ] Safepoint "Cleanup", Time since last: 3003453668 ns, Reaching safepoint: 181379 ns, At safepoint: 13965 ns, Total: 195344 ns
[2022-06-29T06:47:33.359+0000][9][safepoint   ] Safepoint "Cleanup", Time since last: 30025485513 ns, Reaching safepoint: 312174 ns, At safepoint: 10544 ns, Total: 322718 ns
[2022-06-29T06:47:36.692+0000][9][gc,start    ] GC(79) Pause Young (Normal) (G1 Evacuation Pause)
[2022-06-29T06:47:36.693+0000][9][gc,task     ] GC(79) Using 4 workers of 4 for evacuation
[2022-06-29T06:47:36.694+0000][9][gc,age      ] GC(79) Desired survivor size 20971520 bytes, new threshold 15 (max threshold 15)
[2022-06-29T06:47:36.699+0000][9][gc,phases   ] GC(79)   Pre Evacuate Collection Set: 0.2ms
[2022-06-29T06:47:36.700+0000][9][gc,phases   ] GC(79)   Merge Heap Roots: 0.1ms
[2022-06-29T06:47:36.701+0000][9][gc,phases   ] GC(79)   Evacuate Collection Set: 2.6ms
[2022-06-29T06:47:36.702+0000][9][gc,phases   ] GC(79)   Post Evacuate Collection Set: 1.5ms
[2022-06-29T06:47:36.702+0000][9][gc,phases   ] GC(79)   Other: 2.1ms
[2022-06-29T06:47:36.703+0000][9][gc,age      ] GC(79) Age table with threshold 15 (max threshold 15)
[2022-06-29T06:47:36.704+0000][9][gc,age      ] GC(79) - age   1:    1603312 bytes,    1603312 total
[2022-06-29T06:47:36.705+0000][9][gc,age      ] GC(79) - age   2:       3816 bytes,    1607128 total
[2022-06-29T06:47:36.706+0000][9][gc,age      ] GC(79) - age   3:        880 bytes,    1608008 total
[2022-06-29T06:47:36.706+0000][9][gc,age      ] GC(79) - age   4:        504 bytes,    1608512 total
[2022-06-29T06:47:36.707+0000][9][gc,age      ] GC(79) - age   5:       1112 bytes,    1609624 total
[2022-06-29T06:47:36.708+0000][9][gc,age      ] GC(79) - age   6:        952 bytes,    1610576 total
[2022-06-29T06:47:36.709+0000][9][gc,age      ] GC(79) - age   7:       1360 bytes,    1611936 total
[2022-06-29T06:47:36.709+0000][9][gc,age      ] GC(79) - age   8:       1000 bytes,    1612936 total
[2022-06-29T06:47:36.711+0000][9][gc,age      ] GC(79) - age   9:        520 bytes,    1613456 total
[2022-06-29T06:47:36.711+0000][9][gc,age      ] GC(79) - age  11:       1256 bytes,    1614712 total
[2022-06-29T06:47:36.712+0000][9][gc,age      ] GC(79) - age  12:        728 bytes,    1615440 total
[2022-06-29T06:47:36.714+0000][9][gc,age      ] GC(79) - age  13:        608 bytes,    1616048 total
[2022-06-29T06:47:36.716+0000][9][gc,age      ] GC(79) - age  14:        424 bytes,    1616472 total
[2022-06-29T06:47:36.717+0000][9][gc,age      ] GC(79) - age  15:      12392 bytes,    1628864 total
[2022-06-29T06:47:36.718+0000][9][gc,heap     ] GC(79) Eden regions: 75->0(75)
[2022-06-29T06:47:36.719+0000][9][gc,heap     ] GC(79) Survivor regions: 1->1(10)
[2022-06-29T06:47:36.720+0000][9][gc,heap     ] GC(79) Old regions: 22->22
[2022-06-29T06:47:36.721+0000][9][gc,heap     ] GC(79) Archive regions: 2->2
[2022-06-29T06:47:36.721+0000][9][gc,heap     ] GC(79) Humongous regions: 0->0
[2022-06-29T06:47:36.722+0000][9][gc,metaspace] GC(79) Metaspace: 129604K(132864K)->129604K(132864K) NonClass: 112612K(114304K)->112612K(114304K) Class: 16991K(18560K)->16991K(18560K)
[2022-06-29T06:47:36.724+0000][9][gc          ] GC(79) Pause Young (Normal) (G1 Evacuation Pause) 389M->90M(512M) 31.861ms
[2022-06-29T06:47:36.724+0000][9][gc,cpu      ] GC(79) User=0.02s Sys=0.00s Real=0.04s
[2022-06-29T06:47:36.725+0000][9][safepoint   ] Safepoint "G1CollectForAllocation", Time since last: 3356976023 ns, Reaching safepoint: 160958 ns, At safepoint: 33296925 ns, Total: 33457883 ns
[2022-06-29T06:47:43.729+0000][9][safepoint   ] Safepoint "Cleanup", Time since last: 7003105525 ns, Reaching safepoint: 602117 ns, At safepoint: 82772 ns, Total: 684889 ns
[2022-06-29T06:48:25.740+0000][9][safepoint   ] Safepoint "Cleanup", Time since last: 42030070072 ns, Reaching safepoint: 300819 ns, At safepoint: 13649 ns, Total: 314468 ns
[2022-06-29T06:48:33.747+0000][9][safepoint   ] Safepoint "Cleanup", Time since last: 8007433060 ns, Reaching safepoint: 278638 ns, At safepoint: 11460 ns, Total: 290098 ns
[2022-06-29T06:48:48.740+0000][9][safepoint   ] Safepoint "Cleanup", Time since last: 15013784324 ns, Reaching safepoint: 236038 ns, At safepoint: 23845 ns, Total: 259883 ns
[2022-06-29T06:48:55.752+0000][9][safepoint   ] Safepoint "Cleanup", Time since last: 7011313679 ns, Reaching safepoint: 288461 ns, At safepoint: 22532 ns, Total: 310993 ns
[2022-06-29T06:49:09.089+0000][9][gc,start    ] GC(80) Pause Young (Normal) (G1 Evacuation Pause)
[2022-06-29T06:49:09.091+0000][9][gc,task     ] GC(80) Using 4 workers of 4 for evacuation
[2022-06-29T06:49:09.092+0000][9][gc,age      ] GC(80) Desired survivor size 20971520 bytes, new threshold 15 (max threshold 15)
[2022-06-29T06:49:09.116+0000][9][gc,phases   ] GC(80)   Pre Evacuate Collection Set: 0.4ms
[2022-06-29T06:49:09.117+0000][9][gc,phases   ] GC(80)   Merge Heap Roots: 0.5ms
[2022-06-29T06:49:09.118+0000][9][gc,phases   ] GC(80)   Evacuate Collection Set: 17.0ms
[2022-06-29T06:49:09.119+0000][9][gc,phases   ] GC(80)   Post Evacuate Collection Set: 4.9ms
[2022-06-29T06:49:09.119+0000][9][gc,phases   ] GC(80)   Other: 2.3ms
[2022-06-29T06:49:09.120+0000][9][gc,age      ] GC(80) Age table with threshold 15 (max threshold 15)
[2022-06-29T06:49:09.121+0000][9][gc,age      ] GC(80) - age   1:    1268192 bytes,    1268192 total
[2022-06-29T06:49:09.121+0000][9][gc,age      ] GC(80) - age   2:       3304 bytes,    1271496 total
[2022-06-29T06:49:09.122+0000][9][gc,age      ] GC(80) - age   3:       2304 bytes,    1273800 total
[2022-06-29T06:49:09.123+0000][9][gc,age      ] GC(80) - age   4:        584 bytes,    1274384 total
[2022-06-29T06:49:09.123+0000][9][gc,age      ] GC(80) - age   5:        320 bytes,    1274704 total
[2022-06-29T06:49:09.124+0000][9][gc,age      ] GC(80) - age   6:       1112 bytes,    1275816 total
[2022-06-29T06:49:09.124+0000][9][gc,age      ] GC(80) - age   7:        952 bytes,    1276768 total
[2022-06-29T06:49:09.126+0000][9][gc,age      ] GC(80) - age   8:        600 bytes,    1277368 total
[2022-06-29T06:49:09.127+0000][9][gc,age      ] GC(80) - age   9:        976 bytes,    1278344 total
[2022-06-29T06:49:09.128+0000][9][gc,age      ] GC(80) - age  10:        520 bytes,    1278864 total
[2022-06-29T06:49:09.128+0000][9][gc,age      ] GC(80) - age  12:        864 bytes,    1279728 total
[2022-06-29T06:49:09.129+0000][9][gc,age      ] GC(80) - age  13:        728 bytes,    1280456 total
[2022-06-29T06:49:09.129+0000][9][gc,age      ] GC(80) - age  14:        608 bytes,    1281064 total
[2022-06-29T06:49:09.130+0000][9][gc,age      ] GC(80) - age  15:        392 bytes,    1281456 total
[2022-06-29T06:49:09.131+0000][9][gc,heap     ] GC(80) Eden regions: 75->0(75)
[2022-06-29T06:49:09.132+0000][9][gc,heap     ] GC(80) Survivor regions: 1->1(10)
[2022-06-29T06:49:09.132+0000][9][gc,heap     ] GC(80) Old regions: 22->22
[2022-06-29T06:49:09.133+0000][9][gc,heap     ] GC(80) Archive regions: 2->2
[2022-06-29T06:49:09.134+0000][9][gc,heap     ] GC(80) Humongous regions: 0->0
[2022-06-29T06:49:09.134+0000][9][gc,metaspace] GC(80) Metaspace: 129606K(132864K)->129606K(132864K) NonClass: 112615K(114304K)->112615K(114304K) Class: 16991K(18560K)->16991K(18560K)
[2022-06-29T06:49:09.135+0000][9][gc          ] GC(80) Pause Young (Normal) (G1 Evacuation Pause) 390M->90M(512M) 46.298ms
[2022-06-29T06:49:09.136+0000][9][gc,cpu      ] GC(80) User=0.07s Sys=0.00s Real=0.05s
[2022-06-29T06:49:09.137+0000][9][safepoint   ] Safepoint "G1CollectForAllocation", Time since last: 13358387529 ns, Reaching safepoint: 144674 ns, At safepoint: 48157859 ns, Total: 48302533 ns
[2022-06-29T06:49:21.149+0000][9][safepoint   ] Safepoint "Cleanup", Time since last: 12011908176 ns, Reaching safepoint: 338942 ns, At safepoint: 11710 ns, Total: 350652 ns
[2022-06-29T06:49:23.154+0000][9][safepoint   ] Safepoint "Cleanup", Time since last: 2004722543 ns, Reaching safepoint: 507097 ns, At safepoint: 34224 ns, Total: 541321 ns
[2022-06-29T06:49:26.159+0000][9][safepoint   ] Safepoint "Cleanup", Time since last: 3004263685 ns, Reaching safepoint: 278182 ns, At safepoint: 14379 ns, Total: 292561 ns
[2022-06-29T06:49:30.164+0000][9][safepoint   ] Safepoint "Cleanup", Time since last: 4005591387 ns, Reaching safepoint: 149819 ns, At safepoint: 9142 ns, Total: 158961 ns
[2022-06-29T06:49:39.154+0000][9][safepoint   ] Safepoint "Cleanup", Time since last: 9009881945 ns, Reaching safepoint: 711591 ns, At safepoint: 82796 ns, Total: 794387 ns
[2022-06-29T06:49:51.183+0000][9][safepoint   ] Safepoint "Cleanup", Time since last: 12028331294 ns, Reaching safepoint: 313080 ns, At safepoint: 10484 ns, Total: 323564 ns
[2022-06-29T06:50:09.191+0000][9][safepoint   ] Safepoint "Cleanup", Time since last: 18028879481 ns, Reaching safepoint: 104874 ns, At safepoint: 4371 ns, Total: 109245 ns
[2022-06-29T06:50:23.235+0000][9][safepoint   ] Safepoint "Cleanup", Time since last: 14043913876 ns, Reaching safepoint: 367737 ns, At safepoint: 35139 ns, Total: 402876 ns
[2022-06-29T06:50:26.241+0000][9][safepoint   ] Safepoint "Cleanup", Time since last: 3005673034 ns, Reaching safepoint: 95591 ns, At safepoint: 6901 ns, Total: 102492 ns
[2022-06-29T06:50:39.229+0000][9][safepoint   ] Safepoint "Cleanup", Time since last: 13010844862 ns, Reaching safepoint: 88379 ns, At safepoint: 6933 ns, Total: 95312 ns
[2022-06-29T06:50:49.266+0000][9][safepoint   ] Safepoint "Cleanup", Time since last: 10036197303 ns, Reaching safepoint: 154883 ns, At safepoint: 114528 ns, Total: 269411 ns
[2022-06-29T06:50:56.671+0000][9][gc,start    ] GC(81) Pause Young (Normal) (G1 Evacuation Pause)
[2022-06-29T06:50:56.672+0000][9][gc,task     ] GC(81) Using 4 workers of 4 for evacuation
[2022-06-29T06:50:56.673+0000][9][gc,age      ] GC(81) Desired survivor size 20971520 bytes, new threshold 15 (max threshold 15)
[2022-06-29T06:50:56.682+0000][9][gc,phases   ] GC(81)   Pre Evacuate Collection Set: 0.1ms
[2022-06-29T06:50:56.683+0000][9][gc,phases   ] GC(81)   Merge Heap Roots: 0.1ms
[2022-06-29T06:50:56.684+0000][9][gc,phases   ] GC(81)   Evacuate Collection Set: 5.7ms
[2022-06-29T06:50:56.685+0000][9][gc,phases   ] GC(81)   Post Evacuate Collection Set: 2.1ms
[2022-06-29T06:50:56.685+0000][9][gc,phases   ] GC(81)   Other: 1.7ms
[2022-06-29T06:50:56.686+0000][9][gc,age      ] GC(81) Age table with threshold 15 (max threshold 15)
[2022-06-29T06:50:56.687+0000][9][gc,age      ] GC(81) - age   1:    2034448 bytes,    2034448 total
[2022-06-29T06:50:56.688+0000][9][gc,age      ] GC(81) - age   2:       4824 bytes,    2039272 total
[2022-06-29T06:50:56.689+0000][9][gc,age      ] GC(81) - age   3:       1192 bytes,    2040464 total
[2022-06-29T06:50:56.689+0000][9][gc,age      ] GC(81) - age   4:       1952 bytes,    2042416 total
[2022-06-29T06:50:56.690+0000][9][gc,age      ] GC(81) - age   5:        584 bytes,    2043000 total
[2022-06-29T06:50:56.691+0000][9][gc,age      ] GC(81) - age   6:        320 bytes,    2043320 total
[2022-06-29T06:50:56.691+0000][9][gc,age      ] GC(81) - age   7:       1112 bytes,    2044432 total
[2022-06-29T06:50:56.692+0000][9][gc,age      ] GC(81) - age   8:        376 bytes,    2044808 total
[2022-06-29T06:50:56.693+0000][9][gc,age      ] GC(81) - age   9:        216 bytes,    2045024 total
[2022-06-29T06:50:56.693+0000][9][gc,age      ] GC(81) - age  10:        976 bytes,    2046000 total
[2022-06-29T06:50:56.694+0000][9][gc,age      ] GC(81) - age  11:        520 bytes,    2046520 total
[2022-06-29T06:50:56.694+0000][9][gc,age      ] GC(81) - age  13:        864 bytes,    2047384 total
[2022-06-29T06:50:56.695+0000][9][gc,age      ] GC(81) - age  14:        728 bytes,    2048112 total
[2022-06-29T06:50:56.696+0000][9][gc,age      ] GC(81) - age  15:        512 bytes,    2048624 total
[2022-06-29T06:50:56.697+0000][9][gc,heap     ] GC(81) Eden regions: 75->0(75)
[2022-06-29T06:50:56.699+0000][9][gc,heap     ] GC(81) Survivor regions: 1->1(10)
[2022-06-29T06:50:56.700+0000][9][gc,heap     ] GC(81) Old regions: 22->22
[2022-06-29T06:50:56.701+0000][9][gc,heap     ] GC(81) Archive regions: 2->2
[2022-06-29T06:50:56.702+0000][9][gc,heap     ] GC(81) Humongous regions: 0->0
[2022-06-29T06:50:56.703+0000][9][gc,metaspace] GC(81) Metaspace: 129615K(132864K)->129615K(132864K) NonClass: 112624K(114304K)->112624K(114304K) Class: 16991K(18560K)->16991K(18560K)
[2022-06-29T06:50:56.704+0000][9][gc          ] GC(81) Pause Young (Normal) (G1 Evacuation Pause) 390M->91M(512M) 32.407ms
[2022-06-29T06:50:56.705+0000][9][gc,cpu      ] GC(81) User=0.03s Sys=0.00s Real=0.03s
[2022-06-29T06:50:56.705+0000][9][safepoint   ] Safepoint "G1CollectForAllocation", Time since last: 7405686656 ns, Reaching safepoint: 185808 ns, At safepoint: 34019772 ns, Total: 34205580 ns
[2022-06-29T06:50:57.707+0000][9][safepoint   ] Safepoint "Cleanup", Time since last: 1001670249 ns, Reaching safepoint: 290061 ns, At safepoint: 11409 ns, Total: 301470 ns
[2022-06-29T06:51:25.705+0000][9][safepoint   ] Safepoint "Cleanup", Time since last: 28017324050 ns, Reaching safepoint: 884697 ns, At safepoint: 13670 ns, Total: 898367 ns
[2022-06-29T06:51:32.716+0000][9][safepoint   ] Safepoint "Cleanup", Time since last: 7010867214 ns, Reaching safepoint: 272822 ns, At safepoint: 84828 ns, Total: 357650 ns
[2022-06-29T06:51:33.720+0000][9][safepoint   ] Safepoint "Cleanup", Time since last: 1003528896 ns, Reaching safepoint: 258644 ns, At safepoint: 8900 ns, Total: 267544 ns
[2022-06-29T06:51:47.709+0000][9][safepoint   ] Safepoint "Cleanup", Time since last: 14011364858 ns, Reaching safepoint: 141329 ns, At safepoint: 48121 ns, Total: 189450 ns
[2022-06-29T06:52:17.623+0000][9][gc,start    ] GC(82) Pause Young (Normal) (G1 Evacuation Pause)
[2022-06-29T06:52:17.624+0000][9][gc,task     ] GC(82) Using 4 workers of 4 for evacuation
[2022-06-29T06:52:17.625+0000][9][gc,age      ] GC(82) Desired survivor size 20971520 bytes, new threshold 15 (max threshold 15)
[2022-06-29T06:52:17.631+0000][9][gc,phases   ] GC(82)   Pre Evacuate Collection Set: 0.2ms
[2022-06-29T06:52:17.632+0000][9][gc,phases   ] GC(82)   Merge Heap Roots: 0.1ms
[2022-06-29T06:52:17.633+0000][9][gc,phases   ] GC(82)   Evacuate Collection Set: 3.8ms
[2022-06-29T06:52:17.634+0000][9][gc,phases   ] GC(82)   Post Evacuate Collection Set: 1.2ms
[2022-06-29T06:52:17.634+0000][9][gc,phases   ] GC(82)   Other: 1.9ms
[2022-06-29T06:52:17.635+0000][9][gc,age      ] GC(82) Age table with threshold 15 (max threshold 15)
[2022-06-29T06:52:17.636+0000][9][gc,age      ] GC(82) - age   1:    1400008 bytes,    1400008 total
[2022-06-29T06:52:17.636+0000][9][gc,age      ] GC(82) - age   2:       3848 bytes,    1403856 total
[2022-06-29T06:52:17.637+0000][9][gc,age      ] GC(82) - age   3:       2928 bytes,    1406784 total
[2022-06-29T06:52:17.638+0000][9][gc,age      ] GC(82) - age   4:        872 bytes,    1407656 total
[2022-06-29T06:52:17.638+0000][9][gc,age      ] GC(82) - age   5:       1952 bytes,    1409608 total
[2022-06-29T06:52:17.639+0000][9][gc,age      ] GC(82) - age   6:        552 bytes,    1410160 total
[2022-06-29T06:52:17.640+0000][9][gc,age      ] GC(82) - age   7:        320 bytes,    1410480 total
[2022-06-29T06:52:17.640+0000][9][gc,age      ] GC(82) - age   8:       1112 bytes,    1411592 total
[2022-06-29T06:52:17.641+0000][9][gc,age      ] GC(82) - age   9:        376 bytes,    1411968 total
[2022-06-29T06:52:17.641+0000][9][gc,age      ] GC(82) - age  10:        216 bytes,    1412184 total
[2022-06-29T06:52:17.642+0000][9][gc,age      ] GC(82) - age  11:        976 bytes,    1413160 total
[2022-06-29T06:52:17.642+0000][9][gc,age      ] GC(82) - age  12:        520 bytes,    1413680 total
[2022-06-29T06:52:17.643+0000][9][gc,age      ] GC(82) - age  14:        864 bytes,    1414544 total
[2022-06-29T06:52:17.643+0000][9][gc,age      ] GC(82) - age  15:        728 bytes,    1415272 total
[2022-06-29T06:52:17.644+0000][9][gc,heap     ] GC(82) Eden regions: 75->0(75)
[2022-06-29T06:52:17.644+0000][9][gc,heap     ] GC(82) Survivor regions: 1->1(10)
[2022-06-29T06:52:17.645+0000][9][gc,heap     ] GC(82) Old regions: 22->22
[2022-06-29T06:52:17.646+0000][9][gc,heap     ] GC(82) Archive regions: 2->2
[2022-06-29T06:52:17.646+0000][9][gc,heap     ] GC(82) Humongous regions: 0->0
[2022-06-29T06:52:17.647+0000][9][gc,metaspace] GC(82) Metaspace: 129617K(132864K)->129617K(132864K) NonClass: 112625K(114304K)->112625K(114304K) Class: 16991K(18560K)->16991K(18560K)
[2022-06-29T06:52:17.648+0000][9][gc          ] GC(82) Pause Young (Normal) (G1 Evacuation Pause) 391M->90M(512M) 24.929ms
[2022-06-29T06:52:17.648+0000][9][gc,cpu      ] GC(82) User=0.01s Sys=0.00s Real=0.02s
[2022-06-29T06:52:17.649+0000][9][safepoint   ] Safepoint "G1CollectForAllocation", Time since last: 29935332235 ns, Reaching safepoint: 126719 ns, At safepoint: 26121408 ns, Total: 26248127 ns
[2022-06-29T06:52:25.657+0000][9][safepoint   ] Safepoint "Cleanup", Time since last: 8007908212 ns, Reaching safepoint: 211684 ns, At safepoint: 15338 ns, Total: 227022 ns
[2022-06-29T06:52:29.662+0000][9][safepoint   ] Safepoint "Cleanup", Time since last: 4004738570 ns, Reaching safepoint: 167603 ns, At safepoint: 7570 ns, Total: 175173 ns
[2022-06-29T06:53:11.644+0000][9][safepoint   ] Safepoint "Cleanup", Time since last: 42024727355 ns, Reaching safepoint: 217595 ns, At safepoint: 8471 ns, Total: 226066 ns
[2022-06-29T06:53:36.689+0000][9][safepoint   ] Safepoint "Cleanup", Time since last: 25023745367 ns, Reaching safepoint: 43130438 ns, At safepoint: 30970 ns, Total: 43161408 ns
[2022-06-29T06:53:41.644+0000][9][gc,start    ] GC(83) Pause Young (Normal) (G1 Evacuation Pause)
[2022-06-29T06:53:41.645+0000][9][gc,task     ] GC(83) Using 4 workers of 4 for evacuation
[2022-06-29T06:53:41.646+0000][9][gc,age      ] GC(83) Desired survivor size 20971520 bytes, new threshold 15 (max threshold 15)
[2022-06-29T06:53:41.656+0000][9][gc,phases   ] GC(83)   Pre Evacuate Collection Set: 0.2ms
[2022-06-29T06:53:41.656+0000][9][gc,phases   ] GC(83)   Merge Heap Roots: 0.1ms
[2022-06-29T06:53:41.657+0000][9][gc,phases   ] GC(83)   Evacuate Collection Set: 6.8ms
[2022-06-29T06:53:41.658+0000][9][gc,phases   ] GC(83)   Post Evacuate Collection Set: 1.8ms
[2022-06-29T06:53:41.659+0000][9][gc,phases   ] GC(83)   Other: 2.0ms
[2022-06-29T06:53:41.660+0000][9][gc,age      ] GC(83) Age table with threshold 15 (max threshold 15)
[2022-06-29T06:53:41.660+0000][9][gc,age      ] GC(83) - age   1:    1192360 bytes,    1192360 total
[2022-06-29T06:53:41.661+0000][9][gc,age      ] GC(83) - age   2:       1896 bytes,    1194256 total
[2022-06-29T06:53:41.662+0000][9][gc,age      ] GC(83) - age   3:       2152 bytes,    1196408 total
[2022-06-29T06:53:41.662+0000][9][gc,age      ] GC(83) - age   4:       2928 bytes,    1199336 total
[2022-06-29T06:53:41.663+0000][9][gc,age      ] GC(83) - age   5:        872 bytes,    1200208 total
[2022-06-29T06:53:41.664+0000][9][gc,age      ] GC(83) - age   6:       1952 bytes,    1202160 total
[2022-06-29T06:53:41.666+0000][9][gc,age      ] GC(83) - age   7:        552 bytes,    1202712 total
[2022-06-29T06:53:41.667+0000][9][gc,age      ] GC(83) - age   8:        320 bytes,    1203032 total
[2022-06-29T06:53:41.668+0000][9][gc,age      ] GC(83) - age   9:       1112 bytes,    1204144 total
[2022-06-29T06:53:41.668+0000][9][gc,age      ] GC(83) - age  10:        376 bytes,    1204520 total
[2022-06-29T06:53:41.669+0000][9][gc,age      ] GC(83) - age  11:        216 bytes,    1204736 total
[2022-06-29T06:53:41.670+0000][9][gc,age      ] GC(83) - age  12:        976 bytes,    1205712 total
[2022-06-29T06:53:41.670+0000][9][gc,age      ] GC(83) - age  13:        520 bytes,    1206232 total
[2022-06-29T06:53:41.671+0000][9][gc,age      ] GC(83) - age  15:        864 bytes,    1207096 total
[2022-06-29T06:53:41.672+0000][9][gc,heap     ] GC(83) Eden regions: 75->0(75)
[2022-06-29T06:53:41.673+0000][9][gc,heap     ] GC(83) Survivor regions: 1->1(10)
[2022-06-29T06:53:41.674+0000][9][gc,heap     ] GC(83) Old regions: 22->22
[2022-06-29T06:53:41.674+0000][9][gc,heap     ] GC(83) Archive regions: 2->2
[2022-06-29T06:53:41.675+0000][9][gc,heap     ] GC(83) Humongous regions: 0->0
[2022-06-29T06:53:41.676+0000][9][gc,metaspace] GC(83) Metaspace: 129625K(132864K)->129625K(132864K) NonClass: 112634K(114304K)->112634K(114304K) Class: 16991K(18560K)->16991K(18560K)
[2022-06-29T06:53:41.677+0000][9][gc          ] GC(83) Pause Young (Normal) (G1 Evacuation Pause) 390M->90M(512M) 33.727ms
[2022-06-29T06:53:41.678+0000][9][gc,cpu      ] GC(83) User=0.03s Sys=0.00s Real=0.04s
[2022-06-29T06:53:41.679+0000][9][safepoint   ] Safepoint "G1CollectForAllocation", Time since last: 4953958075 ns, Reaching safepoint: 142087 ns, At safepoint: 35469011 ns, Total: 35611098 ns
[2022-06-29T06:54:25.685+0000][9][safepoint   ] Safepoint "Cleanup", Time since last: 44027254995 ns, Reaching safepoint: 824662 ns, At safepoint: 55117 ns, Total: 879779 ns
[2022-06-29T06:54:35.676+0000][9][safepoint   ] Safepoint "Cleanup", Time since last: 10011301980 ns, Reaching safepoint: 238239 ns, At safepoint: 18372 ns, Total: 256611 ns
[2022-06-29T06:55:05.521+0000][9][gc,start    ] GC(84) Pause Young (Normal) (G1 Evacuation Pause)
[2022-06-29T06:55:05.523+0000][9][gc,task     ] GC(84) Using 4 workers of 4 for evacuation
[2022-06-29T06:55:05.525+0000][9][gc,age      ] GC(84) Desired survivor size 20971520 bytes, new threshold 15 (max threshold 15)
[2022-06-29T06:55:05.530+0000][9][gc,phases   ] GC(84)   Pre Evacuate Collection Set: 0.2ms
[2022-06-29T06:55:05.531+0000][9][gc,phases   ] GC(84)   Merge Heap Roots: 0.1ms
[2022-06-29T06:55:05.531+0000][9][gc,phases   ] GC(84)   Evacuate Collection Set: 2.9ms
[2022-06-29T06:55:05.532+0000][9][gc,phases   ] GC(84)   Post Evacuate Collection Set: 1.0ms
[2022-06-29T06:55:05.533+0000][9][gc,phases   ] GC(84)   Other: 2.5ms
[2022-06-29T06:55:05.534+0000][9][gc,age      ] GC(84) Age table with threshold 15 (max threshold 15)
[2022-06-29T06:55:05.534+0000][9][gc,age      ] GC(84) - age   1:    1065840 bytes,    1065840 total
[2022-06-29T06:55:05.535+0000][9][gc,age      ] GC(84) - age   2:       1984 bytes,    1067824 total
[2022-06-29T06:55:05.536+0000][9][gc,age      ] GC(84) - age   3:        552 bytes,    1068376 total
[2022-06-29T06:55:05.537+0000][9][gc,age      ] GC(84) - age   4:       2088 bytes,    1070464 total
[2022-06-29T06:55:05.537+0000][9][gc,age      ] GC(84) - age   5:       2928 bytes,    1073392 total
[2022-06-29T06:55:05.538+0000][9][gc,age      ] GC(84) - age   6:        872 bytes,    1074264 total
[2022-06-29T06:55:05.538+0000][9][gc,age      ] GC(84) - age   7:       1952 bytes,    1076216 total
[2022-06-29T06:55:05.540+0000][9][gc,age      ] GC(84) - age   8:        552 bytes,    1076768 total
[2022-06-29T06:55:05.541+0000][9][gc,age      ] GC(84) - age   9:        320 bytes,    1077088 total
[2022-06-29T06:55:05.542+0000][9][gc,age      ] GC(84) - age  10:       1112 bytes,    1078200 total
[2022-06-29T06:55:05.543+0000][9][gc,age      ] GC(84) - age  11:        376 bytes,    1078576 total
[2022-06-29T06:55:05.544+0000][9][gc,age      ] GC(84) - age  12:        184 bytes,    1078760 total
[2022-06-29T06:55:05.545+0000][9][gc,age      ] GC(84) - age  13:        976 bytes,    1079736 total
[2022-06-29T06:55:05.545+0000][9][gc,age      ] GC(84) - age  14:        520 bytes,    1080256 total
[2022-06-29T06:55:05.547+0000][9][gc,heap     ] GC(84) Eden regions: 75->0(75)
[2022-06-29T06:55:05.548+0000][9][gc,heap     ] GC(84) Survivor regions: 1->1(10)
[2022-06-29T06:55:05.548+0000][9][gc,heap     ] GC(84) Old regions: 22->22
[2022-06-29T06:55:05.549+0000][9][gc,heap     ] GC(84) Archive regions: 2->2
[2022-06-29T06:55:05.550+0000][9][gc,heap     ] GC(84) Humongous regions: 0->0
[2022-06-29T06:55:05.551+0000][9][gc,metaspace] GC(84) Metaspace: 129631K(132864K)->129631K(132864K) NonClass: 112639K(114304K)->112639K(114304K) Class: 16991K(18560K)->16991K(18560K)
[2022-06-29T06:55:05.552+0000][9][gc          ] GC(84) Pause Young (Normal) (G1 Evacuation Pause) 390M->90M(512M) 30.209ms
[2022-06-29T06:55:05.553+0000][9][gc,cpu      ] GC(84) User=0.01s Sys=0.01s Real=0.03s
[2022-06-29T06:55:05.554+0000][9][safepoint   ] Safepoint "G1CollectForAllocation", Time since last: 29867682686 ns, Reaching safepoint: 198605 ns, At safepoint: 32114776 ns, Total: 32313381 ns
[2022-06-29T06:55:38.923+0000][9][safepoint   ] Safepoint "Cleanup", Time since last: 33390926662 ns, Reaching safepoint: 199701 ns, At safepoint: 9569 ns, Total: 209270 ns
[2022-06-29T06:55:41.927+0000][9][safepoint   ] Safepoint "Cleanup", Time since last: 3003446990 ns, Reaching safepoint: 505391 ns, At safepoint: 23735 ns, Total: 529126 ns
[2022-06-29T06:55:47.931+0000][9][safepoint   ] Safepoint "Cleanup", Time since last: 6004166961 ns, Reaching safepoint: 144430 ns, At safepoint: 9017 ns, Total: 153447 ns
[2022-06-29T06:55:59.940+0000][9][safepoint   ] Safepoint "Cleanup", Time since last: 12007339956 ns, Reaching safepoint: 1197348 ns, At safepoint: 52640 ns, Total: 1249988 ns
[2022-06-29T06:56:21.185+0000][9][gc,start    ] GC(85) Pause Young (Normal) (G1 Evacuation Pause)
[2022-06-29T06:56:21.187+0000][9][gc,task     ] GC(85) Using 4 workers of 4 for evacuation
[2022-06-29T06:56:21.187+0000][9][gc,age      ] GC(85) Desired survivor size 20971520 bytes, new threshold 15 (max threshold 15)
[2022-06-29T06:56:21.191+0000][9][gc,phases   ] GC(85)   Pre Evacuate Collection Set: 0.2ms
[2022-06-29T06:56:21.192+0000][9][gc,phases   ] GC(85)   Merge Heap Roots: 0.1ms
[2022-06-29T06:56:21.193+0000][9][gc,phases   ] GC(85)   Evacuate Collection Set: 1.6ms
[2022-06-29T06:56:21.193+0000][9][gc,phases   ] GC(85)   Post Evacuate Collection Set: 1.0ms
[2022-06-29T06:56:21.194+0000][9][gc,phases   ] GC(85)   Other: 1.7ms
[2022-06-29T06:56:21.194+0000][9][gc,age      ] GC(85) Age table with threshold 15 (max threshold 15)
[2022-06-29T06:56:21.195+0000][9][gc,age      ] GC(85) - age   1:     590056 bytes,     590056 total
[2022-06-29T06:56:21.195+0000][9][gc,age      ] GC(85) - age   2:       1168 bytes,     591224 total
[2022-06-29T06:56:21.196+0000][9][gc,age      ] GC(85) - age   3:        472 bytes,     591696 total
[2022-06-29T06:56:21.196+0000][9][gc,age      ] GC(85) - age   4:        488 bytes,     592184 total
[2022-06-29T06:56:21.197+0000][9][gc,age      ] GC(85) - age   5:       1992 bytes,     594176 total
[2022-06-29T06:56:21.197+0000][9][gc,age      ] GC(85) - age   6:       2928 bytes,     597104 total
[2022-06-29T06:56:21.198+0000][9][gc,age      ] GC(85) - age   7:        872 bytes,     597976 total
[2022-06-29T06:56:21.199+0000][9][gc,age      ] GC(85) - age   8:       1952 bytes,     599928 total
[2022-06-29T06:56:21.199+0000][9][gc,age      ] GC(85) - age   9:        552 bytes,     600480 total
[2022-06-29T06:56:21.200+0000][9][gc,age      ] GC(85) - age  10:        320 bytes,     600800 total
[2022-06-29T06:56:21.200+0000][9][gc,age      ] GC(85) - age  11:       1112 bytes,     601912 total
[2022-06-29T06:56:21.201+0000][9][gc,age      ] GC(85) - age  12:        376 bytes,     602288 total
[2022-06-29T06:56:21.201+0000][9][gc,age      ] GC(85) - age  13:        184 bytes,     602472 total
[2022-06-29T06:56:21.202+0000][9][gc,age      ] GC(85) - age  14:        976 bytes,     603448 total
[2022-06-29T06:56:21.202+0000][9][gc,age      ] GC(85) - age  15:        136 bytes,     603584 total
[2022-06-29T06:56:21.203+0000][9][gc,heap     ] GC(85) Eden regions: 75->0(75)
[2022-06-29T06:56:21.204+0000][9][gc,heap     ] GC(85) Survivor regions: 1->1(10)
[2022-06-29T06:56:21.204+0000][9][gc,heap     ] GC(85) Old regions: 22->22
[2022-06-29T06:56:21.205+0000][9][gc,heap     ] GC(85) Archive regions: 2->2
[2022-06-29T06:56:21.205+0000][9][gc,heap     ] GC(85) Humongous regions: 0->0
[2022-06-29T06:56:21.206+0000][9][gc,metaspace] GC(85) Metaspace: 129637K(132864K)->129637K(132864K) NonClass: 112646K(114304K)->112646K(114304K) Class: 16991K(18560K)->16991K(18560K)
[2022-06-29T06:56:21.206+0000][9][gc          ] GC(85) Pause Young (Normal) (G1 Evacuation Pause) 390M->89M(512M) 21.722ms
[2022-06-29T06:56:21.207+0000][9][gc,cpu      ] GC(85) User=0.00s Sys=0.01s Real=0.02s
[2022-06-29T06:56:21.207+0000][9][safepoint   ] Safepoint "G1CollectForAllocation", Time since last: 21266288365 ns, Reaching safepoint: 79443 ns, At safepoint: 22826654 ns, Total: 22906097 ns
[2022-06-29T06:56:25.214+0000][9][safepoint   ] Safepoint "Cleanup", Time since last: 4006036625 ns, Reaching safepoint: 129263 ns, At safepoint: 7608 ns, Total: 136871 ns
[2022-06-29T06:56:36.203+0000][9][safepoint   ] Safepoint "Cleanup", Time since last: 11011305095 ns, Reaching safepoint: 194110 ns, At safepoint: 8427 ns, Total: 202537 ns
[2022-06-29T06:57:00.223+0000][9][safepoint   ] Safepoint "Cleanup", Time since last: 24019378071 ns, Reaching safepoint: 383717 ns, At safepoint: 36581 ns, Total: 420298 ns
[2022-06-29T06:57:26.223+0000][9][safepoint   ] Safepoint "Cleanup", Time since last: 26021153313 ns, Reaching safepoint: 218834 ns, At safepoint: 9249 ns, Total: 228083 ns
[2022-06-29T06:57:30.228+0000][9][safepoint   ] Safepoint "Cleanup", Time since last: 4005003421 ns, Reaching safepoint: 448208 ns, At safepoint: 54162 ns, Total: 502370 ns
[2022-06-29T06:57:31.232+0000][9][safepoint   ] Safepoint "Cleanup", Time since last: 1003611488 ns, Reaching safepoint: 260344 ns, At safepoint: 24472 ns, Total: 284816 ns
[2022-06-29T06:57:42.220+0000][9][safepoint   ] Safepoint "Cleanup", Time since last: 11010267968 ns, Reaching safepoint: 259352 ns, At safepoint: 37211 ns, Total: 296563 ns
[2022-06-29T06:57:48.285+0000][9][gc,start    ] GC(86) Pause Young (Normal) (G1 Evacuation Pause)
[2022-06-29T06:57:48.286+0000][9][gc,task     ] GC(86) Using 4 workers of 4 for evacuation
[2022-06-29T06:57:48.287+0000][9][gc,age      ] GC(86) Desired survivor size 20971520 bytes, new threshold 15 (max threshold 15)
[2022-06-29T06:57:48.293+0000][9][gc,phases   ] GC(86)   Pre Evacuate Collection Set: 0.3ms
[2022-06-29T06:57:48.293+0000][9][gc,phases   ] GC(86)   Merge Heap Roots: 0.3ms
[2022-06-29T06:57:48.294+0000][9][gc,phases   ] GC(86)   Evacuate Collection Set: 3.4ms
[2022-06-29T06:57:48.295+0000][9][gc,phases   ] GC(86)   Post Evacuate Collection Set: 1.2ms
[2022-06-29T06:57:48.295+0000][9][gc,phases   ] GC(86)   Other: 1.4ms
[2022-06-29T06:57:48.296+0000][9][gc,age      ] GC(86) Age table with threshold 15 (max threshold 15)
[2022-06-29T06:57:48.296+0000][9][gc,age      ] GC(86) - age   1:    1614648 bytes,    1614648 total
[2022-06-29T06:57:48.297+0000][9][gc,age      ] GC(86) - age   2:       2056 bytes,    1616704 total
[2022-06-29T06:57:48.298+0000][9][gc,age      ] GC(86) - age   3:        184 bytes,    1616888 total
[2022-06-29T06:57:48.298+0000][9][gc,age      ] GC(86) - age   4:        440 bytes,    1617328 total
[2022-06-29T06:57:48.299+0000][9][gc,age      ] GC(86) - age   5:        192 bytes,    1617520 total
[2022-06-29T06:57:48.300+0000][9][gc,age      ] GC(86) - age   6:       1992 bytes,    1619512 total
[2022-06-29T06:57:48.300+0000][9][gc,age      ] GC(86) - age   7:       2904 bytes,    1622416 total
[2022-06-29T06:57:48.301+0000][9][gc,age      ] GC(86) - age   8:        872 bytes,    1623288 total
[2022-06-29T06:57:48.301+0000][9][gc,age      ] GC(86) - age   9:       1952 bytes,    1625240 total
[2022-06-29T06:57:48.302+0000][9][gc,age      ] GC(86) - age  10:        552 bytes,    1625792 total
[2022-06-29T06:57:48.303+0000][9][gc,age      ] GC(86) - age  11:        320 bytes,    1626112 total
[2022-06-29T06:57:48.304+0000][9][gc,age      ] GC(86) - age  12:       1112 bytes,    1627224 total
[2022-06-29T06:57:48.304+0000][9][gc,age      ] GC(86) - age  13:        376 bytes,    1627600 total
[2022-06-29T06:57:48.305+0000][9][gc,age      ] GC(86) - age  14:        184 bytes,    1627784 total
[2022-06-29T06:57:48.306+0000][9][gc,age      ] GC(86) - age  15:        976 bytes,    1628760 total
[2022-06-29T06:57:48.307+0000][9][gc,heap     ] GC(86) Eden regions: 75->0(75)
[2022-06-29T06:57:48.307+0000][9][gc,heap     ] GC(86) Survivor regions: 1->1(10)
[2022-06-29T06:57:48.308+0000][9][gc,heap     ] GC(86) Old regions: 22->22
[2022-06-29T06:57:48.309+0000][9][gc,heap     ] GC(86) Archive regions: 2->2
[2022-06-29T06:57:48.310+0000][9][gc,heap     ] GC(86) Humongous regions: 0->0
[2022-06-29T06:57:48.311+0000][9][gc,metaspace] GC(86) Metaspace: 129661K(132928K)->129661K(132928K) NonClass: 112670K(114368K)->112670K(114368K) Class: 16991K(18560K)->16991K(18560K)
[2022-06-29T06:57:48.311+0000][9][gc          ] GC(86) Pause Young (Normal) (G1 Evacuation Pause) 389M->90M(512M) 26.021ms
[2022-06-29T06:57:48.313+0000][9][gc,cpu      ] GC(86) User=0.02s Sys=0.00s Real=0.03s
[2022-06-29T06:57:48.313+0000][9][safepoint   ] Safepoint "G1CollectForAllocation", Time since last: 6064750029 ns, Reaching safepoint: 267459 ns, At safepoint: 28231034 ns, Total: 28498493 ns
[2022-06-29T06:57:49.315+0000][9][safepoint   ] Safepoint "Cleanup", Time since last: 1001854344 ns, Reaching safepoint: 178792 ns, At safepoint: 9678 ns, Total: 188470 ns
[2022-06-29T06:59:08.444+0000][9][gc,start    ] GC(87) Pause Young (Normal) (G1 Evacuation Pause)
[2022-06-29T06:59:08.447+0000][9][gc,task     ] GC(87) Using 4 workers of 4 for evacuation
[2022-06-29T06:59:08.448+0000][9][gc,age      ] GC(87) Desired survivor size 20971520 bytes, new threshold 15 (max threshold 15)
[2022-06-29T06:59:08.455+0000][9][gc,phases   ] GC(87)   Pre Evacuate Collection Set: 0.2ms
[2022-06-29T06:59:08.455+0000][9][gc,phases   ] GC(87)   Merge Heap Roots: 0.1ms
[2022-06-29T06:59:08.456+0000][9][gc,phases   ] GC(87)   Evacuate Collection Set: 4.5ms
[2022-06-29T06:59:08.456+0000][9][gc,phases   ] GC(87)   Post Evacuate Collection Set: 0.9ms
[2022-06-29T06:59:08.457+0000][9][gc,phases   ] GC(87)   Other: 1.9ms
[2022-06-29T06:59:08.458+0000][9][gc,age      ] GC(87) Age table with threshold 15 (max threshold 15)
[2022-06-29T06:59:08.459+0000][9][gc,age      ] GC(87) - age   1:    1457640 bytes,    1457640 total
[2022-06-29T06:59:08.459+0000][9][gc,age      ] GC(87) - age   2:       3896 bytes,    1461536 total
[2022-06-29T06:59:08.460+0000][9][gc,age      ] GC(87) - age   3:        864 bytes,    1462400 total
[2022-06-29T06:59:08.460+0000][9][gc,age      ] GC(87) - age   4:        184 bytes,    1462584 total
[2022-06-29T06:59:08.461+0000][9][gc,age      ] GC(87) - age   5:        440 bytes,    1463024 total
[2022-06-29T06:59:08.461+0000][9][gc,age      ] GC(87) - age   6:        192 bytes,    1463216 total
[2022-06-29T06:59:08.462+0000][9][gc,age      ] GC(87) - age   7:       1992 bytes,    1465208 total
[2022-06-29T06:59:08.462+0000][9][gc,age      ] GC(87) - age   8:       2120 bytes,    1467328 total
[2022-06-29T06:59:08.463+0000][9][gc,age      ] GC(87) - age   9:        872 bytes,    1468200 total
[2022-06-29T06:59:08.464+0000][9][gc,age      ] GC(87) - age  10:       1952 bytes,    1470152 total
[2022-06-29T06:59:08.464+0000][9][gc,age      ] GC(87) - age  11:        552 bytes,    1470704 total
[2022-06-29T06:59:08.465+0000][9][gc,age      ] GC(87) - age  12:        320 bytes,    1471024 total
[2022-06-29T06:59:08.465+0000][9][gc,age      ] GC(87) - age  13:       1112 bytes,    1472136 total
[2022-06-29T06:59:08.466+0000][9][gc,age      ] GC(87) - age  14:        376 bytes,    1472512 total
[2022-06-29T06:59:08.466+0000][9][gc,age      ] GC(87) - age  15:        184 bytes,    1472696 total
[2022-06-29T06:59:08.467+0000][9][gc,heap     ] GC(87) Eden regions: 75->0(75)
[2022-06-29T06:59:08.467+0000][9][gc,heap     ] GC(87) Survivor regions: 1->1(10)
[2022-06-29T06:59:08.468+0000][9][gc,heap     ] GC(87) Old regions: 22->22
[2022-06-29T06:59:08.468+0000][9][gc,heap     ] GC(87) Archive regions: 2->2
[2022-06-29T06:59:08.469+0000][9][gc,heap     ] GC(87) Humongous regions: 0->0
[2022-06-29T06:59:08.469+0000][9][gc,metaspace] GC(87) Metaspace: 129662K(132928K)->129662K(132928K) NonClass: 112670K(114368K)->112670K(114368K) Class: 16991K(18560K)->16991K(18560K)
[2022-06-29T06:59:08.470+0000][9][gc          ] GC(87) Pause Young (Normal) (G1 Evacuation Pause) 390M->90M(512M) 26.203ms
[2022-06-29T06:59:08.471+0000][9][gc,cpu      ] GC(87) User=0.02s Sys=0.00s Real=0.03s
[2022-06-29T06:59:08.471+0000][9][safepoint   ] Safepoint "G1CollectForAllocation", Time since last: 79192840073 ns, Reaching safepoint: 381617 ns, At safepoint: 27349591 ns, Total: 27731208 ns
[2022-06-29T06:59:24.488+0000][9][safepoint   ] Safepoint "Cleanup", Time since last: 16016390835 ns, Reaching safepoint: 687073 ns, At safepoint: 21081 ns, Total: 708154 ns
[2022-06-29T06:59:33.497+0000][9][safepoint   ] Safepoint "Cleanup", Time since last: 9008860791 ns, Reaching safepoint: 183981 ns, At safepoint: 8281 ns, Total: 192262 ns
[2022-06-29T06:59:39.485+0000][9][safepoint   ] Safepoint "Cleanup", Time since last: 6008050348 ns, Reaching safepoint: 160882 ns, At safepoint: 12355 ns, Total: 173237 ns
[2022-06-29T06:59:51.499+0000][9][safepoint   ] Safepoint "Cleanup", Time since last: 12014018842 ns, Reaching safepoint: 143331 ns, At safepoint: 6820 ns, Total: 150151 ns
[2022-06-29T07:00:09.494+0000][9][safepoint   ] Safepoint "Cleanup", Time since last: 18015802916 ns, Reaching safepoint: 132938 ns, At safepoint: 47892 ns, Total: 180830 ns
[2022-06-29T07:00:25.503+0000][9][safepoint   ] Safepoint "Cleanup", Time since last: 16009070424 ns, Reaching safepoint: 122268 ns, At safepoint: 5594 ns, Total: 127862 ns
[2022-06-29T07:00:30.512+0000][9][safepoint   ] Safepoint "Cleanup", Time since last: 5008506839 ns, Reaching safepoint: 467901 ns, At safepoint: 34449 ns, Total: 502350 ns
[2022-06-29T07:00:40.140+0000][9][gc,start    ] GC(88) Pause Young (Normal) (G1 Evacuation Pause)
[2022-06-29T07:00:40.142+0000][9][gc,task     ] GC(88) Using 4 workers of 4 for evacuation
[2022-06-29T07:00:40.143+0000][9][gc,age      ] GC(88) Desired survivor size 20971520 bytes, new threshold 15 (max threshold 15)
[2022-06-29T07:00:40.154+0000][9][gc,phases   ] GC(88)   Pre Evacuate Collection Set: 0.9ms
[2022-06-29T07:00:40.154+0000][9][gc,phases   ] GC(88)   Merge Heap Roots: 0.2ms
[2022-06-29T07:00:40.156+0000][9][gc,phases   ] GC(88)   Evacuate Collection Set: 6.2ms
[2022-06-29T07:00:40.156+0000][9][gc,phases   ] GC(88)   Post Evacuate Collection Set: 1.3ms
[2022-06-29T07:00:40.157+0000][9][gc,phases   ] GC(88)   Other: 2.6ms
[2022-06-29T07:00:40.157+0000][9][gc,age      ] GC(88) Age table with threshold 15 (max threshold 15)
[2022-06-29T07:00:40.158+0000][9][gc,age      ] GC(88) - age   1:    1134448 bytes,    1134448 total
[2022-06-29T07:00:40.159+0000][9][gc,age      ] GC(88) - age   2:       2960 bytes,    1137408 total
[2022-06-29T07:00:40.160+0000][9][gc,age      ] GC(88) - age   3:       2272 bytes,    1139680 total
[2022-06-29T07:00:40.160+0000][9][gc,age      ] GC(88) - age   4:        768 bytes,    1140448 total
[2022-06-29T07:00:40.161+0000][9][gc,age      ] GC(88) - age   5:        184 bytes,    1140632 total
[2022-06-29T07:00:40.164+0000][9][gc,age      ] GC(88) - age   6:        440 bytes,    1141072 total
[2022-06-29T07:00:40.166+0000][9][gc,age      ] GC(88) - age   7:        192 bytes,    1141264 total
[2022-06-29T07:00:40.167+0000][9][gc,age      ] GC(88) - age   8:        944 bytes,    1142208 total
[2022-06-29T07:00:40.167+0000][9][gc,age      ] GC(88) - age   9:       2120 bytes,    1144328 total
[2022-06-29T07:00:40.168+0000][9][gc,age      ] GC(88) - age  10:        872 bytes,    1145200 total
[2022-06-29T07:00:40.168+0000][9][gc,age      ] GC(88) - age  11:       1952 bytes,    1147152 total
[2022-06-29T07:00:40.169+0000][9][gc,age      ] GC(88) - age  12:        552 bytes,    1147704 total
[2022-06-29T07:00:40.170+0000][9][gc,age      ] GC(88) - age  13:        320 bytes,    1148024 total
[2022-06-29T07:00:40.170+0000][9][gc,age      ] GC(88) - age  14:       1112 bytes,    1149136 total
[2022-06-29T07:00:40.171+0000][9][gc,age      ] GC(88) - age  15:        376 bytes,    1149512 total
[2022-06-29T07:00:40.172+0000][9][gc,heap     ] GC(88) Eden regions: 75->0(75)
[2022-06-29T07:00:40.173+0000][9][gc,heap     ] GC(88) Survivor regions: 1->1(10)
[2022-06-29T07:00:40.173+0000][9][gc,heap     ] GC(88) Old regions: 22->22
[2022-06-29T07:00:40.174+0000][9][gc,heap     ] GC(88) Archive regions: 2->2
[2022-06-29T07:00:40.174+0000][9][gc,heap     ] GC(88) Humongous regions: 0->0
[2022-06-29T07:00:40.175+0000][9][gc,metaspace] GC(88) Metaspace: 129662K(132928K)->129662K(132928K) NonClass: 112670K(114368K)->112670K(114368K) Class: 16991K(18560K)->16991K(18560K)
[2022-06-29T07:00:40.176+0000][9][gc          ] GC(88) Pause Young (Normal) (G1 Evacuation Pause) 390M->90M(512M) 35.597ms
[2022-06-29T07:00:40.176+0000][9][gc,cpu      ] GC(88) User=0.01s Sys=0.01s Real=0.04s
[2022-06-29T07:00:40.178+0000][9][safepoint   ] Safepoint "G1CollectForAllocation", Time since last: 9649695776 ns, Reaching safepoint: 209593 ns, At safepoint: 38024497 ns, Total: 38234090 ns
[2022-06-29T07:01:01.195+0000][9][safepoint   ] Safepoint "Cleanup", Time since last: 21016572907 ns, Reaching safepoint: 228892 ns, At safepoint: 26653 ns, Total: 255545 ns
[2022-06-29T07:01:23.191+0000][9][safepoint   ] Safepoint "Cleanup", Time since last: 22017790984 ns, Reaching safepoint: 118803 ns, At safepoint: 53320 ns, Total: 172123 ns
[2022-06-29T07:01:26.201+0000][9][safepoint   ] Safepoint "Cleanup", Time since last: 3009800680 ns, Reaching safepoint: 200047 ns, At safepoint: 9345 ns, Total: 209392 ns
[2022-06-29T07:01:27.206+0000][9][safepoint   ] Safepoint "Cleanup", Time since last: 1003993000 ns, Reaching safepoint: 1467386 ns, At safepoint: 16529 ns, Total: 1483915 ns
[2022-06-29T07:01:59.751+0000][9][gc,start    ] GC(89) Pause Young (Normal) (G1 Evacuation Pause)
[2022-06-29T07:01:59.753+0000][9][gc,task     ] GC(89) Using 4 workers of 4 for evacuation
[2022-06-29T07:01:59.753+0000][9][gc,age      ] GC(89) Desired survivor size 20971520 bytes, new threshold 15 (max threshold 15)
[2022-06-29T07:01:59.757+0000][9][gc,phases   ] GC(89)   Pre Evacuate Collection Set: 0.2ms
[2022-06-29T07:01:59.758+0000][9][gc,phases   ] GC(89)   Merge Heap Roots: 0.1ms
[2022-06-29T07:01:59.758+0000][9][gc,phases   ] GC(89)   Evacuate Collection Set: 1.7ms
[2022-06-29T07:01:59.759+0000][9][gc,phases   ] GC(89)   Post Evacuate Collection Set: 1.0ms
[2022-06-29T07:01:59.760+0000][9][gc,phases   ] GC(89)   Other: 1.4ms
[2022-06-29T07:01:59.760+0000][9][gc,age      ] GC(89) Age table with threshold 15 (max threshold 15)
[2022-06-29T07:01:59.761+0000][9][gc,age      ] GC(89) - age   1:    1024512 bytes,    1024512 total
[2022-06-29T07:01:59.762+0000][9][gc,age      ] GC(89) - age   2:       4536 bytes,    1029048 total
[2022-06-29T07:01:59.762+0000][9][gc,age      ] GC(89) - age   3:       1496 bytes,    1030544 total
[2022-06-29T07:01:59.763+0000][9][gc,age      ] GC(89) - age   4:       1976 bytes,    1032520 total
[2022-06-29T07:01:59.763+0000][9][gc,age      ] GC(89) - age   5:        768 bytes,    1033288 total
[2022-06-29T07:01:59.764+0000][9][gc,age      ] GC(89) - age   6:        184 bytes,    1033472 total
[2022-06-29T07:01:59.765+0000][9][gc,age      ] GC(89) - age   7:        440 bytes,    1033912 total
[2022-06-29T07:01:59.766+0000][9][gc,age      ] GC(89) - age   8:        192 bytes,    1034104 total
[2022-06-29T07:01:59.769+0000][9][gc,age      ] GC(89) - age   9:        944 bytes,    1035048 total
[2022-06-29T07:01:59.772+0000][9][gc,age      ] GC(89) - age  10:       2120 bytes,    1037168 total
[2022-06-29T07:01:59.773+0000][9][gc,age      ] GC(89) - age  11:        872 bytes,    1038040 total
[2022-06-29T07:01:59.774+0000][9][gc,age      ] GC(89) - age  12:       1952 bytes,    1039992 total
[2022-06-29T07:01:59.775+0000][9][gc,age      ] GC(89) - age  13:        552 bytes,    1040544 total
[2022-06-29T07:01:59.776+0000][9][gc,age      ] GC(89) - age  14:        320 bytes,    1040864 total
[2022-06-29T07:01:59.776+0000][9][gc,age      ] GC(89) - age  15:       1112 bytes,    1041976 total
[2022-06-29T07:01:59.777+0000][9][gc,heap     ] GC(89) Eden regions: 75->0(75)
[2022-06-29T07:01:59.777+0000][9][gc,heap     ] GC(89) Survivor regions: 1->1(10)
[2022-06-29T07:01:59.778+0000][9][gc,heap     ] GC(89) Old regions: 22->22
[2022-06-29T07:01:59.779+0000][9][gc,heap     ] GC(89) Archive regions: 2->2
[2022-06-29T07:01:59.779+0000][9][gc,heap     ] GC(89) Humongous regions: 0->0
[2022-06-29T07:01:59.780+0000][9][gc,metaspace] GC(89) Metaspace: 129667K(132928K)->129667K(132928K) NonClass: 112676K(114368K)->112676K(114368K) Class: 16991K(18560K)->16991K(18560K)
[2022-06-29T07:01:59.781+0000][9][gc          ] GC(89) Pause Young (Normal) (G1 Evacuation Pause) 390M->90M(512M) 29.414ms
[2022-06-29T07:01:59.781+0000][9][gc,cpu      ] GC(89) User=0.00s Sys=0.01s Real=0.03s
[2022-06-29T07:01:59.782+0000][9][safepoint   ] Safepoint "G1CollectForAllocation", Time since last: 32565797973 ns, Reaching safepoint: 74506 ns, At safepoint: 30751511 ns, Total: 30826017 ns
[2022-06-29T07:02:25.794+0000][9][safepoint   ] Safepoint "Cleanup", Time since last: 26033254455 ns, Reaching safepoint: 463326 ns, At safepoint: 22133 ns, Total: 485459 ns
[2022-06-29T07:02:46.792+0000][9][safepoint   ] Safepoint "Cleanup", Time since last: 21019646475 ns, Reaching safepoint: 132427 ns, At safepoint: 48220 ns, Total: 180647 ns
[2022-06-29T07:03:20.785+0000][9][gc,start    ] GC(90) Pause Young (Normal) (G1 Evacuation Pause)
[2022-06-29T07:03:20.787+0000][9][gc,task     ] GC(90) Using 4 workers of 4 for evacuation
[2022-06-29T07:03:20.789+0000][9][gc,age      ] GC(90) Desired survivor size 20971520 bytes, new threshold 15 (max threshold 15)
[2022-06-29T07:03:20.793+0000][9][gc,phases   ] GC(90)   Pre Evacuate Collection Set: 0.3ms
[2022-06-29T07:03:20.794+0000][9][gc,phases   ] GC(90)   Merge Heap Roots: 0.1ms
[2022-06-29T07:03:20.794+0000][9][gc,phases   ] GC(90)   Evacuate Collection Set: 1.9ms
[2022-06-29T07:03:20.795+0000][9][gc,phases   ] GC(90)   Post Evacuate Collection Set: 1.1ms
[2022-06-29T07:03:20.795+0000][9][gc,phases   ] GC(90)   Other: 2.2ms
[2022-06-29T07:03:20.796+0000][9][gc,age      ] GC(90) Age table with threshold 15 (max threshold 15)
[2022-06-29T07:03:20.796+0000][9][gc,age      ] GC(90) - age   1:     567576 bytes,     567576 total
[2022-06-29T07:03:20.797+0000][9][gc,age      ] GC(90) - age   2:       3960 bytes,     571536 total
[2022-06-29T07:03:20.798+0000][9][gc,age      ] GC(90) - age   3:       3024 bytes,     574560 total
[2022-06-29T07:03:20.798+0000][9][gc,age      ] GC(90) - age   4:       1304 bytes,     575864 total
[2022-06-29T07:03:20.800+0000][9][gc,age      ] GC(90) - age   5:       1976 bytes,     577840 total
[2022-06-29T07:03:20.800+0000][9][gc,age      ] GC(90) - age   6:        768 bytes,     578608 total
[2022-06-29T07:03:20.801+0000][9][gc,age      ] GC(90) - age   7:        184 bytes,     578792 total
[2022-06-29T07:03:20.802+0000][9][gc,age      ] GC(90) - age   8:        440 bytes,     579232 total
[2022-06-29T07:03:20.803+0000][9][gc,age      ] GC(90) - age   9:        192 bytes,     579424 total
[2022-06-29T07:03:20.804+0000][9][gc,age      ] GC(90) - age  10:        944 bytes,     580368 total
[2022-06-29T07:03:20.804+0000][9][gc,age      ] GC(90) - age  11:       2120 bytes,     582488 total
[2022-06-29T07:03:20.805+0000][9][gc,age      ] GC(90) - age  12:        872 bytes,     583360 total
[2022-06-29T07:03:20.806+0000][9][gc,age      ] GC(90) - age  13:       1952 bytes,     585312 total
[2022-06-29T07:03:20.806+0000][9][gc,age      ] GC(90) - age  14:        368 bytes,     585680 total
[2022-06-29T07:03:20.807+0000][9][gc,age      ] GC(90) - age  15:        320 bytes,     586000 total
[2022-06-29T07:03:20.808+0000][9][gc,heap     ] GC(90) Eden regions: 75->0(75)
[2022-06-29T07:03:20.808+0000][9][gc,heap     ] GC(90) Survivor regions: 1->1(10)
[2022-06-29T07:03:20.809+0000][9][gc,heap     ] GC(90) Old regions: 22->22
[2022-06-29T07:03:20.809+0000][9][gc,heap     ] GC(90) Archive regions: 2->2
[2022-06-29T07:03:20.810+0000][9][gc,heap     ] GC(90) Humongous regions: 0->0
[2022-06-29T07:03:20.811+0000][9][gc,metaspace] GC(90) Metaspace: 129667K(132928K)->129667K(132928K) NonClass: 112676K(114368K)->112676K(114368K) Class: 16991K(18560K)->16991K(18560K)
[2022-06-29T07:03:20.812+0000][9][gc          ] GC(90) Pause Young (Normal) (G1 Evacuation Pause) 390M->89M(512M) 26.507ms
[2022-06-29T07:03:20.813+0000][9][gc,cpu      ] GC(90) User=0.01s Sys=0.01s Real=0.02s
[2022-06-29T07:03:20.814+0000][9][safepoint   ] Safepoint "G1CollectForAllocation", Time since last: 34014473027 ns, Reaching safepoint: 148950 ns, At safepoint: 28362860 ns, Total: 28511810 ns
[2022-06-29T07:03:25.821+0000][9][safepoint   ] Safepoint "Cleanup", Time since last: 5006785633 ns, Reaching safepoint: 331103 ns, At safepoint: 15497 ns, Total: 346600 ns
[2022-06-29T07:03:33.935+0000][9][safepoint   ] Safepoint "Cleanup", Time since last: 8114428539 ns, Reaching safepoint: 186449 ns, At safepoint: 12732 ns, Total: 199181 ns
[2022-06-29T07:04:20.936+0000][9][safepoint   ] Safepoint "Cleanup", Time since last: 47043675599 ns, Reaching safepoint: 131263 ns, At safepoint: 6873 ns, Total: 138136 ns
[2022-06-29T07:04:35.929+0000][9][safepoint   ] Safepoint "Cleanup", Time since last: 15014391892 ns, Reaching safepoint: 250406 ns, At safepoint: 16729 ns, Total: 267135 ns
[2022-06-29T07:04:42.250+0000][9][gc,start    ] GC(91) Pause Young (Normal) (G1 Evacuation Pause)
[2022-06-29T07:04:42.251+0000][9][gc,task     ] GC(91) Using 4 workers of 4 for evacuation
[2022-06-29T07:04:42.252+0000][9][gc,age      ] GC(91) Desired survivor size 20971520 bytes, new threshold 15 (max threshold 15)
[2022-06-29T07:04:42.258+0000][9][gc,phases   ] GC(91)   Pre Evacuate Collection Set: 0.4ms
[2022-06-29T07:04:42.258+0000][9][gc,phases   ] GC(91)   Merge Heap Roots: 0.2ms
[2022-06-29T07:04:42.259+0000][9][gc,phases   ] GC(91)   Evacuate Collection Set: 3.5ms
[2022-06-29T07:04:42.260+0000][9][gc,phases   ] GC(91)   Post Evacuate Collection Set: 0.9ms
[2022-06-29T07:04:42.261+0000][9][gc,phases   ] GC(91)   Other: 1.4ms
[2022-06-29T07:04:42.261+0000][9][gc,age      ] GC(91) Age table with threshold 15 (max threshold 15)
[2022-06-29T07:04:42.262+0000][9][gc,age      ] GC(91) - age   1:    1653184 bytes,    1653184 total
[2022-06-29T07:04:42.264+0000][9][gc,age      ] GC(91) - age   2:       1496 bytes,    1654680 total
[2022-06-29T07:04:42.264+0000][9][gc,age      ] GC(91) - age   3:       3512 bytes,    1658192 total
[2022-06-29T07:04:42.265+0000][9][gc,age      ] GC(91) - age   4:       3000 bytes,    1661192 total
[2022-06-29T07:04:42.266+0000][9][gc,age      ] GC(91) - age   5:       1008 bytes,    1662200 total
[2022-06-29T07:04:42.267+0000][9][gc,age      ] GC(91) - age   6:       1944 bytes,    1664144 total
[2022-06-29T07:04:42.267+0000][9][gc,age      ] GC(91) - age   7:        768 bytes,    1664912 total
[2022-06-29T07:04:42.268+0000][9][gc,age      ] GC(91) - age   8:        184 bytes,    1665096 total
[2022-06-29T07:04:42.269+0000][9][gc,age      ] GC(91) - age   9:        440 bytes,    1665536 total
[2022-06-29T07:04:42.269+0000][9][gc,age      ] GC(91) - age  10:        192 bytes,    1665728 total
[2022-06-29T07:04:42.270+0000][9][gc,age      ] GC(91) - age  11:        944 bytes,    1666672 total
[2022-06-29T07:04:42.271+0000][9][gc,age      ] GC(91) - age  12:       1728 bytes,    1668400 total
[2022-06-29T07:04:42.271+0000][9][gc,age      ] GC(91) - age  13:        872 bytes,    1669272 total
[2022-06-29T07:04:42.272+0000][9][gc,age      ] GC(91) - age  14:       1952 bytes,    1671224 total
[2022-06-29T07:04:42.273+0000][9][gc,age      ] GC(91) - age  15:        368 bytes,    1671592 total
[2022-06-29T07:04:42.273+0000][9][gc,heap     ] GC(91) Eden regions: 75->0(75)
[2022-06-29T07:04:42.274+0000][9][gc,heap     ] GC(91) Survivor regions: 1->1(10)
[2022-06-29T07:04:42.274+0000][9][gc,heap     ] GC(91) Old regions: 22->22
[2022-06-29T07:04:42.275+0000][9][gc,heap     ] GC(91) Archive regions: 2->2
[2022-06-29T07:04:42.276+0000][9][gc,heap     ] GC(91) Humongous regions: 0->0
[2022-06-29T07:04:42.276+0000][9][gc,metaspace] GC(91) Metaspace: 129667K(132928K)->129667K(132928K) NonClass: 112676K(114368K)->112676K(114368K) Class: 16991K(18560K)->16991K(18560K)
[2022-06-29T07:04:42.277+0000][9][gc          ] GC(91) Pause Young (Normal) (G1 Evacuation Pause) 389M->90M(512M) 27.111ms
[2022-06-29T07:04:42.278+0000][9][gc,cpu      ] GC(91) User=0.01s Sys=0.01s Real=0.02s
[2022-06-29T07:04:42.278+0000][9][safepoint   ] Safepoint "G1CollectForAllocation", Time since last: 6320561442 ns, Reaching safepoint: 259637 ns, At safepoint: 28661408 ns, Total: 28921045 ns
[2022-06-29T07:05:25.291+0000][9][safepoint   ] Safepoint "Cleanup", Time since last: 43032185919 ns, Reaching safepoint: 464848 ns, At safepoint: 65934 ns, Total: 530782 ns
[2022-06-29T07:05:53.299+0000][9][safepoint   ] Safepoint "Cleanup", Time since last: 28030318921 ns, Reaching safepoint: 212621 ns, At safepoint: 10465 ns, Total: 223086 ns
[2022-06-29T07:06:00.669+0000][9][gc,start    ] GC(92) Pause Young (Normal) (G1 Evacuation Pause)
[2022-06-29T07:06:00.672+0000][9][gc,task     ] GC(92) Using 4 workers of 4 for evacuation
[2022-06-29T07:06:00.673+0000][9][gc,age      ] GC(92) Desired survivor size 20971520 bytes, new threshold 15 (max threshold 15)
[2022-06-29T07:06:00.678+0000][9][gc,phases   ] GC(92)   Pre Evacuate Collection Set: 0.1ms
[2022-06-29T07:06:00.678+0000][9][gc,phases   ] GC(92)   Merge Heap Roots: 0.1ms
[2022-06-29T07:06:00.679+0000][9][gc,phases   ] GC(92)   Evacuate Collection Set: 2.5ms
[2022-06-29T07:06:00.680+0000][9][gc,phases   ] GC(92)   Post Evacuate Collection Set: 1.2ms
[2022-06-29T07:06:00.681+0000][9][gc,phases   ] GC(92)   Other: 1.9ms
[2022-06-29T07:06:00.682+0000][9][gc,age      ] GC(92) Age table with threshold 15 (max threshold 15)
[2022-06-29T07:06:00.683+0000][9][gc,age      ] GC(92) - age   1:    1409120 bytes,    1409120 total
[2022-06-29T07:06:00.686+0000][9][gc,age      ] GC(92) - age   2:       3680 bytes,    1412800 total
[2022-06-29T07:06:00.687+0000][9][gc,age      ] GC(92) - age   3:        296 bytes,    1413096 total
[2022-06-29T07:06:00.688+0000][9][gc,age      ] GC(92) - age   4:       3384 bytes,    1416480 total
[2022-06-29T07:06:00.689+0000][9][gc,age      ] GC(92) - age   5:       2904 bytes,    1419384 total
[2022-06-29T07:06:00.690+0000][9][gc,age      ] GC(92) - age   6:       1008 bytes,    1420392 total
[2022-06-29T07:06:00.691+0000][9][gc,age      ] GC(92) - age   7:       1912 bytes,    1422304 total
[2022-06-29T07:06:00.691+0000][9][gc,age      ] GC(92) - age   8:        768 bytes,    1423072 total
[2022-06-29T07:06:00.692+0000][9][gc,age      ] GC(92) - age   9:        184 bytes,    1423256 total
[2022-06-29T07:06:00.694+0000][9][gc,age      ] GC(92) - age  10:        440 bytes,    1423696 total
[2022-06-29T07:06:00.695+0000][9][gc,age      ] GC(92) - age  11:        192 bytes,    1423888 total
[2022-06-29T07:06:00.695+0000][9][gc,age      ] GC(92) - age  12:        944 bytes,    1424832 total
[2022-06-29T07:06:00.696+0000][9][gc,age      ] GC(92) - age  13:       1728 bytes,    1426560 total
[2022-06-29T07:06:00.696+0000][9][gc,age      ] GC(92) - age  14:        872 bytes,    1427432 total
[2022-06-29T07:06:00.697+0000][9][gc,age      ] GC(92) - age  15:       1952 bytes,    1429384 total
[2022-06-29T07:06:00.698+0000][9][gc,heap     ] GC(92) Eden regions: 75->0(75)
[2022-06-29T07:06:00.699+0000][9][gc,heap     ] GC(92) Survivor regions: 1->1(10)
[2022-06-29T07:06:00.700+0000][9][gc,heap     ] GC(92) Old regions: 22->22
[2022-06-29T07:06:00.701+0000][9][gc,heap     ] GC(92) Archive regions: 2->2
[2022-06-29T07:06:00.701+0000][9][gc,heap     ] GC(92) Humongous regions: 0->0
[2022-06-29T07:06:00.702+0000][9][gc,metaspace] GC(92) Metaspace: 129671K(132928K)->129671K(132928K) NonClass: 112680K(114368K)->112680K(114368K) Class: 16991K(18560K)->16991K(18560K)
[2022-06-29T07:06:00.702+0000][9][gc          ] GC(92) Pause Young (Normal) (G1 Evacuation Pause) 390M->90M(512M) 33.274ms
[2022-06-29T07:06:00.703+0000][9][gc,cpu      ] GC(92) User=0.01s Sys=0.00s Real=0.03s
[2022-06-29T07:06:00.705+0000][9][safepoint   ] Safepoint "G1CollectForAllocation", Time since last: 7369947718 ns, Reaching safepoint: 109936 ns, At safepoint: 35470190 ns, Total: 35580126 ns
[2022-06-29T07:06:09.748+0000][9][safepoint   ] Safepoint "Cleanup", Time since last: 9065136349 ns, Reaching safepoint: 187657 ns, At safepoint: 11877 ns, Total: 199534 ns
[2022-06-29T07:06:18.756+0000][9][safepoint   ] Safepoint "Cleanup", Time since last: 9008385616 ns, Reaching safepoint: 136189 ns, At safepoint: 6115 ns, Total: 142304 ns
[2022-06-29T07:06:33.772+0000][9][safepoint   ] Safepoint "Cleanup", Time since last: 15015722201 ns, Reaching safepoint: 160524 ns, At safepoint: 6939 ns, Total: 167463 ns
[2022-06-29T07:06:59.778+0000][9][safepoint   ] Safepoint "Cleanup", Time since last: 26024092667 ns, Reaching safepoint: 344203 ns, At safepoint: 23800 ns, Total: 368003 ns
[2022-06-29T07:07:25.774+0000][9][safepoint   ] Safepoint "Cleanup", Time since last: 26019805995 ns, Reaching safepoint: 260211 ns, At safepoint: 11616 ns, Total: 271827 ns
[2022-06-29T07:07:26.645+0000][9][gc,start    ] GC(93) Pause Young (Normal) (G1 Evacuation Pause)
[2022-06-29T07:07:26.646+0000][9][gc,task     ] GC(93) Using 4 workers of 4 for evacuation
[2022-06-29T07:07:26.647+0000][9][gc,age      ] GC(93) Desired survivor size 20971520 bytes, new threshold 15 (max threshold 15)
[2022-06-29T07:07:26.652+0000][9][gc,phases   ] GC(93)   Pre Evacuate Collection Set: 0.4ms
[2022-06-29T07:07:26.653+0000][9][gc,phases   ] GC(93)   Merge Heap Roots: 0.2ms
[2022-06-29T07:07:26.653+0000][9][gc,phases   ] GC(93)   Evacuate Collection Set: 1.7ms
[2022-06-29T07:07:26.654+0000][9][gc,phases   ] GC(93)   Post Evacuate Collection Set: 1.1ms
[2022-06-29T07:07:26.655+0000][9][gc,phases   ] GC(93)   Other: 1.8ms
[2022-06-29T07:07:26.656+0000][9][gc,age      ] GC(93) Age table with threshold 15 (max threshold 15)
[2022-06-29T07:07:26.657+0000][9][gc,age      ] GC(93) - age   1:    1439032 bytes,    1439032 total
[2022-06-29T07:07:26.657+0000][9][gc,age      ] GC(93) - age   2:       4000 bytes,    1443032 total
[2022-06-29T07:07:26.658+0000][9][gc,age      ] GC(93) - age   3:       2232 bytes,    1445264 total
[2022-06-29T07:07:26.660+0000][9][gc,age      ] GC(93) - age   4:        296 bytes,    1445560 total
[2022-06-29T07:07:26.661+0000][9][gc,age      ] GC(93) - age   5:       3384 bytes,    1448944 total
[2022-06-29T07:07:26.663+0000][9][gc,age      ] GC(93) - age   6:       2904 bytes,    1451848 total
[2022-06-29T07:07:26.663+0000][9][gc,age      ] GC(93) - age   7:       1008 bytes,    1452856 total
[2022-06-29T07:07:26.668+0000][9][gc,age      ] GC(93) - age   8:       1912 bytes,    1454768 total
[2022-06-29T07:07:26.669+0000][9][gc,age      ] GC(93) - age   9:        768 bytes,    1455536 total
[2022-06-29T07:07:26.672+0000][9][gc,age      ] GC(93) - age  10:        184 bytes,    1455720 total
[2022-06-29T07:07:26.679+0000][9][gc,age      ] GC(93) - age  11:        440 bytes,    1456160 total
[2022-06-29T07:07:26.680+0000][9][gc,age      ] GC(93) - age  12:        192 bytes,    1456352 total
[2022-06-29T07:07:26.681+0000][9][gc,age      ] GC(93) - age  13:        944 bytes,    1457296 total
[2022-06-29T07:07:26.683+0000][9][gc,age      ] GC(93) - age  14:       1728 bytes,    1459024 total
[2022-06-29T07:07:26.684+0000][9][gc,age      ] GC(93) - age  15:        872 bytes,    1459896 total
[2022-06-29T07:07:26.686+0000][9][gc,heap     ] GC(93) Eden regions: 75->0(75)
[2022-06-29T07:07:26.688+0000][9][gc,heap     ] GC(93) Survivor regions: 1->1(10)
[2022-06-29T07:07:26.694+0000][9][gc,heap     ] GC(93) Old regions: 22->22
[2022-06-29T07:07:26.697+0000][9][gc,heap     ] GC(93) Archive regions: 2->2
[2022-06-29T07:07:26.698+0000][9][gc,heap     ] GC(93) Humongous regions: 0->0
[2022-06-29T07:07:26.699+0000][9][gc,metaspace] GC(93) Metaspace: 129671K(132928K)->129671K(132928K) NonClass: 112680K(114368K)->112680K(114368K) Class: 16991K(18560K)->16991K(18560K)
[2022-06-29T07:07:26.700+0000][9][gc          ] GC(93) Pause Young (Normal) (G1 Evacuation Pause) 390M->90M(512M) 54.695ms
[2022-06-29T07:07:26.701+0000][9][gc,cpu      ] GC(93) User=0.01s Sys=0.00s Real=0.05s
[2022-06-29T07:07:26.705+0000][9][safepoint   ] Safepoint "G1CollectForAllocation", Time since last: 870828836 ns, Reaching safepoint: 120092 ns, At safepoint: 59518802 ns, Total: 59638894 ns
[2022-06-29T07:07:35.694+0000][9][safepoint   ] Safepoint "Cleanup", Time since last: 9011460319 ns, Reaching safepoint: 394893 ns, At safepoint: 10786 ns, Total: 405679 ns
[2022-06-29T07:07:56.710+0000][9][safepoint   ] Safepoint "Cleanup", Time since last: 21016058892 ns, Reaching safepoint: 350957 ns, At safepoint: 13560 ns, Total: 364517 ns
[2022-06-29T07:08:09.699+0000][9][safepoint   ] Safepoint "Cleanup", Time since last: 13010411508 ns, Reaching safepoint: 193777 ns, At safepoint: 10379 ns, Total: 204156 ns
[2022-06-29T07:08:15.717+0000][9][safepoint   ] Safepoint "Cleanup", Time since last: 6016127309 ns, Reaching safepoint: 1354438 ns, At safepoint: 14932 ns, Total: 1369370 ns
[2022-06-29T07:09:02.614+0000][9][gc,start    ] GC(94) Pause Young (Normal) (G1 Evacuation Pause)
[2022-06-29T07:09:02.616+0000][9][gc,task     ] GC(94) Using 4 workers of 4 for evacuation
[2022-06-29T07:09:02.616+0000][9][gc,age      ] GC(94) Desired survivor size 20971520 bytes, new threshold 15 (max threshold 15)
[2022-06-29T07:09:02.622+0000][9][gc,phases   ] GC(94)   Pre Evacuate Collection Set: 0.2ms
[2022-06-29T07:09:02.623+0000][9][gc,phases   ] GC(94)   Merge Heap Roots: 0.2ms
[2022-06-29T07:09:02.623+0000][9][gc,phases   ] GC(94)   Evacuate Collection Set: 2.4ms
[2022-06-29T07:09:02.624+0000][9][gc,phases   ] GC(94)   Post Evacuate Collection Set: 1.7ms
[2022-06-29T07:09:02.625+0000][9][gc,phases   ] GC(94)   Other: 1.8ms
[2022-06-29T07:09:02.625+0000][9][gc,age      ] GC(94) Age table with threshold 15 (max threshold 15)
[2022-06-29T07:09:02.626+0000][9][gc,age      ] GC(94) - age   1:     572800 bytes,     572800 total
[2022-06-29T07:09:02.627+0000][9][gc,age      ] GC(94) - age   2:       1912 bytes,     574712 total
[2022-06-29T07:09:02.627+0000][9][gc,age      ] GC(94) - age   3:       2528 bytes,     577240 total
[2022-06-29T07:09:02.628+0000][9][gc,age      ] GC(94) - age   4:       2208 bytes,     579448 total
[2022-06-29T07:09:02.628+0000][9][gc,age      ] GC(94) - age   6:       3384 bytes,     582832 total
[2022-06-29T07:09:02.629+0000][9][gc,age      ] GC(94) - age   7:       2816 bytes,     585648 total
[2022-06-29T07:09:02.630+0000][9][gc,age      ] GC(94) - age   8:        632 bytes,     586280 total
[2022-06-29T07:09:02.631+0000][9][gc,age      ] GC(94) - age   9:       1912 bytes,     588192 total
[2022-06-29T07:09:02.631+0000][9][gc,age      ] GC(94) - age  10:        768 bytes,     588960 total
[2022-06-29T07:09:02.632+0000][9][gc,age      ] GC(94) - age  11:        184 bytes,     589144 total
[2022-06-29T07:09:02.633+0000][9][gc,age      ] GC(94) - age  12:        440 bytes,     589584 total
[2022-06-29T07:09:02.634+0000][9][gc,age      ] GC(94) - age  13:        192 bytes,     589776 total
[2022-06-29T07:09:02.634+0000][9][gc,age      ] GC(94) - age  14:        944 bytes,     590720 total
[2022-06-29T07:09:02.635+0000][9][gc,age      ] GC(94) - age  15:       1696 bytes,     592416 total
[2022-06-29T07:09:02.636+0000][9][gc,heap     ] GC(94) Eden regions: 75->0(75)
[2022-06-29T07:09:02.636+0000][9][gc,heap     ] GC(94) Survivor regions: 1->1(10)
[2022-06-29T07:09:02.637+0000][9][gc,heap     ] GC(94) Old regions: 22->22
[2022-06-29T07:09:02.638+0000][9][gc,heap     ] GC(94) Archive regions: 2->2
[2022-06-29T07:09:02.639+0000][9][gc,heap     ] GC(94) Humongous regions: 0->0
[2022-06-29T07:09:02.640+0000][9][gc,metaspace] GC(94) Metaspace: 129676K(132928K)->129676K(132928K) NonClass: 112685K(114368K)->112685K(114368K) Class: 16991K(18560K)->16991K(18560K)
[2022-06-29T07:09:02.641+0000][9][gc          ] GC(94) Pause Young (Normal) (G1 Evacuation Pause) 390M->89M(512M) 27.410ms
[2022-06-29T07:09:02.642+0000][9][gc,cpu      ] GC(94) User=0.01s Sys=0.00s Real=0.03s
[2022-06-29T07:09:02.643+0000][9][safepoint   ] Safepoint "G1CollectForAllocation", Time since last: 46917570512 ns, Reaching safepoint: 200415 ns, At safepoint: 29186339 ns, Total: 29386754 ns
[2022-06-29T07:09:22.637+0000][9][safepoint   ] Safepoint "Cleanup", Time since last: 20012759388 ns, Reaching safepoint: 2678108 ns, At safepoint: 25139 ns, Total: 2703247 ns
[2022-06-29T07:09:34.626+0000][9][safepoint   ] Safepoint "Cleanup", Time since last: 12011052675 ns, Reaching safepoint: 265048 ns, At safepoint: 11705 ns, Total: 276753 ns
[2022-06-29T07:09:51.615+0000][9][safepoint   ] Safepoint "Cleanup", Time since last: 16988791393 ns, Reaching safepoint: 114658 ns, At safepoint: 6540 ns, Total: 121198 ns
[2022-06-29T07:10:29.624+0000][9][safepoint   ] Safepoint "Cleanup", Time since last: 38029737161 ns, Reaching safepoint: 181868 ns, At safepoint: 6967 ns, Total: 188835 ns
[2022-06-29T07:10:32.628+0000][9][safepoint   ] Safepoint "Cleanup", Time since last: 3003999377 ns, Reaching safepoint: 156421 ns, At safepoint: 18809 ns, Total: 175230 ns
[2022-06-29T07:10:35.610+0000][9][safepoint   ] Safepoint "Cleanup", Time since last: 3004073297 ns, Reaching safepoint: 171271 ns, At safepoint: 7043 ns, Total: 178314 ns
[2022-06-29T07:10:45.447+0000][9][gc,start    ] GC(95) Pause Young (Normal) (G1 Evacuation Pause)
[2022-06-29T07:10:45.449+0000][9][gc,task     ] GC(95) Using 4 workers of 4 for evacuation
[2022-06-29T07:10:45.450+0000][9][gc,age      ] GC(95) Desired survivor size 20971520 bytes, new threshold 15 (max threshold 15)
[2022-06-29T07:10:45.455+0000][9][gc,phases   ] GC(95)   Pre Evacuate Collection Set: 0.1ms
[2022-06-29T07:10:45.457+0000][9][gc,phases   ] GC(95)   Merge Heap Roots: 0.1ms
[2022-06-29T07:10:45.458+0000][9][gc,phases   ] GC(95)   Evacuate Collection Set: 2.8ms
[2022-06-29T07:10:45.459+0000][9][gc,phases   ] GC(95)   Post Evacuate Collection Set: 1.1ms
[2022-06-29T07:10:45.459+0000][9][gc,phases   ] GC(95)   Other: 1.9ms
[2022-06-29T07:10:45.460+0000][9][gc,age      ] GC(95) Age table with threshold 15 (max threshold 15)
[2022-06-29T07:10:45.460+0000][9][gc,age      ] GC(95) - age   1:    1039520 bytes,    1039520 total
[2022-06-29T07:10:45.461+0000][9][gc,age      ] GC(95) - age   2:       1920 bytes,    1041440 total
[2022-06-29T07:10:45.462+0000][9][gc,age      ] GC(95) - age   3:        336 bytes,    1041776 total
[2022-06-29T07:10:45.463+0000][9][gc,age      ] GC(95) - age   4:       2304 bytes,    1044080 total
[2022-06-29T07:10:45.464+0000][9][gc,age      ] GC(95) - age   5:       2112 bytes,    1046192 total
[2022-06-29T07:10:45.465+0000][9][gc,age      ] GC(95) - age   7:       3384 bytes,    1049576 total
[2022-06-29T07:10:45.465+0000][9][gc,age      ] GC(95) - age   8:       1856 bytes,    1051432 total
[2022-06-29T07:10:45.466+0000][9][gc,age      ] GC(95) - age   9:        248 bytes,    1051680 total
[2022-06-29T07:10:45.467+0000][9][gc,age      ] GC(95) - age  10:       1912 bytes,    1053592 total
[2022-06-29T07:10:45.468+0000][9][gc,age      ] GC(95) - age  11:        768 bytes,    1054360 total
[2022-06-29T07:10:45.468+0000][9][gc,age      ] GC(95) - age  12:        184 bytes,    1054544 total
[2022-06-29T07:10:45.469+0000][9][gc,age      ] GC(95) - age  13:        440 bytes,    1054984 total
[2022-06-29T07:10:45.469+0000][9][gc,age      ] GC(95) - age  14:        192 bytes,    1055176 total
[2022-06-29T07:10:45.470+0000][9][gc,age      ] GC(95) - age  15:        944 bytes,    1056120 total
[2022-06-29T07:10:45.471+0000][9][gc,heap     ] GC(95) Eden regions: 75->0(75)
[2022-06-29T07:10:45.471+0000][9][gc,heap     ] GC(95) Survivor regions: 1->1(10)
[2022-06-29T07:10:45.472+0000][9][gc,heap     ] GC(95) Old regions: 22->22
[2022-06-29T07:10:45.473+0000][9][gc,heap     ] GC(95) Archive regions: 2->2
[2022-06-29T07:10:45.473+0000][9][gc,heap     ] GC(95) Humongous regions: 0->0
[2022-06-29T07:10:45.474+0000][9][gc,metaspace] GC(95) Metaspace: 129693K(132928K)->129693K(132928K) NonClass: 112702K(114368K)->112702K(114368K) Class: 16991K(18560K)->16991K(18560K)
[2022-06-29T07:10:45.475+0000][9][gc          ] GC(95) Pause Young (Normal) (G1 Evacuation Pause) 389M->90M(512M) 27.647ms
[2022-06-29T07:10:45.475+0000][9][gc,cpu      ] GC(95) User=0.01s Sys=0.00s Real=0.03s
[2022-06-29T07:10:45.476+0000][9][safepoint   ] Safepoint "G1CollectForAllocation", Time since last: 9836675187 ns, Reaching safepoint: 58627 ns, At safepoint: 29094441 ns, Total: 29153068 ns
[2022-06-29T07:11:25.488+0000][9][safepoint   ] Safepoint "Cleanup", Time since last: 40034343921 ns, Reaching safepoint: 312587 ns, At safepoint: 16735 ns, Total: 329322 ns
[2022-06-29T07:12:25.506+0000][9][safepoint   ] Safepoint "Cleanup", Time since last: 60060098506 ns, Reaching safepoint: 100436 ns, At safepoint: 10687 ns, Total: 111123 ns
[2022-06-29T07:12:26.516+0000][9][gc,start    ] GC(96) Pause Young (Normal) (G1 Evacuation Pause)
[2022-06-29T07:12:26.517+0000][9][gc,task     ] GC(96) Using 4 workers of 4 for evacuation
[2022-06-29T07:12:26.518+0000][9][gc,age      ] GC(96) Desired survivor size 20971520 bytes, new threshold 15 (max threshold 15)
[2022-06-29T07:12:26.523+0000][9][gc,phases   ] GC(96)   Pre Evacuate Collection Set: 0.1ms
[2022-06-29T07:12:26.524+0000][9][gc,phases   ] GC(96)   Merge Heap Roots: 0.1ms
[2022-06-29T07:12:26.525+0000][9][gc,phases   ] GC(96)   Evacuate Collection Set: 3.0ms
[2022-06-29T07:12:26.525+0000][9][gc,phases   ] GC(96)   Post Evacuate Collection Set: 0.9ms
[2022-06-29T07:12:26.526+0000][9][gc,phases   ] GC(96)   Other: 2.3ms
[2022-06-29T07:12:26.527+0000][9][gc,age      ] GC(96) Age table with threshold 15 (max threshold 15)
[2022-06-29T07:12:26.528+0000][9][gc,age      ] GC(96) - age   1:    1552928 bytes,    1552928 total
[2022-06-29T07:12:26.528+0000][9][gc,age      ] GC(96) - age   2:       2528 bytes,    1555456 total
[2022-06-29T07:12:26.529+0000][9][gc,age      ] GC(96) - age   3:       1224 bytes,    1556680 total
[2022-06-29T07:12:26.529+0000][9][gc,age      ] GC(96) - age   4:        336 bytes,    1557016 total
[2022-06-29T07:12:26.530+0000][9][gc,age      ] GC(96) - age   5:       2304 bytes,    1559320 total
[2022-06-29T07:12:26.530+0000][9][gc,age      ] GC(96) - age   6:       2112 bytes,    1561432 total
[2022-06-29T07:12:26.531+0000][9][gc,age      ] GC(96) - age   8:       3384 bytes,    1564816 total
[2022-06-29T07:12:26.532+0000][9][gc,age      ] GC(96) - age   9:       1856 bytes,    1566672 total
[2022-06-29T07:12:26.532+0000][9][gc,age      ] GC(96) - age  10:        248 bytes,    1566920 total
[2022-06-29T07:12:26.533+0000][9][gc,age      ] GC(96) - age  11:       1912 bytes,    1568832 total
[2022-06-29T07:12:26.533+0000][9][gc,age      ] GC(96) - age  12:        768 bytes,    1569600 total
[2022-06-29T07:12:26.534+0000][9][gc,age      ] GC(96) - age  13:        184 bytes,    1569784 total
[2022-06-29T07:12:26.535+0000][9][gc,age      ] GC(96) - age  14:        440 bytes,    1570224 total
[2022-06-29T07:12:26.537+0000][9][gc,age      ] GC(96) - age  15:        192 bytes,    1570416 total
[2022-06-29T07:12:26.537+0000][9][gc,heap     ] GC(96) Eden regions: 75->0(75)
[2022-06-29T07:12:26.538+0000][9][gc,heap     ] GC(96) Survivor regions: 1->1(10)
[2022-06-29T07:12:26.538+0000][9][gc,heap     ] GC(96) Old regions: 22->22
[2022-06-29T07:12:26.539+0000][9][gc,heap     ] GC(96) Archive regions: 2->2
[2022-06-29T07:12:26.539+0000][9][gc,heap     ] GC(96) Humongous regions: 0->0
[2022-06-29T07:12:26.540+0000][9][gc,metaspace] GC(96) Metaspace: 129698K(132928K)->129698K(132928K) NonClass: 112707K(114368K)->112707K(114368K) Class: 16991K(18560K)->16991K(18560K)
[2022-06-29T07:12:26.541+0000][9][gc          ] GC(96) Pause Young (Normal) (G1 Evacuation Pause) 390M->90M(512M) 24.481ms
[2022-06-29T07:12:26.541+0000][9][gc,cpu      ] GC(96) User=0.00s Sys=0.00s Real=0.02s
[2022-06-29T07:12:26.542+0000][9][safepoint   ] Safepoint "G1CollectForAllocation", Time since last: 1009924117 ns, Reaching safepoint: 56342 ns, At safepoint: 25535437 ns, Total: 25591779 ns
[2022-06-29T07:13:25.545+0000][9][safepoint   ] Safepoint "Cleanup", Time since last: 59046562370 ns, Reaching safepoint: 218155 ns, At safepoint: 12484 ns, Total: 230639 ns
[2022-06-29T07:14:06.534+0000][9][safepoint   ] Safepoint "Cleanup", Time since last: 41032263520 ns, Reaching safepoint: 145884 ns, At safepoint: 9343 ns, Total: 155227 ns
[2022-06-29T07:14:08.453+0000][9][gc,start    ] GC(97) Pause Young (Normal) (G1 Evacuation Pause)
[2022-06-29T07:14:08.455+0000][9][gc,task     ] GC(97) Using 4 workers of 4 for evacuation
[2022-06-29T07:14:08.459+0000][9][gc,age      ] GC(97) Desired survivor size 20971520 bytes, new threshold 15 (max threshold 15)
[2022-06-29T07:14:08.474+0000][9][gc,phases   ] GC(97)   Pre Evacuate Collection Set: 0.2ms
[2022-06-29T07:14:08.476+0000][9][gc,phases   ] GC(97)   Merge Heap Roots: 0.2ms
[2022-06-29T07:14:08.477+0000][9][gc,phases   ] GC(97)   Evacuate Collection Set: 8.4ms
[2022-06-29T07:14:08.478+0000][9][gc,phases   ] GC(97)   Post Evacuate Collection Set: 3.4ms
[2022-06-29T07:14:08.481+0000][9][gc,phases   ] GC(97)   Other: 6.7ms
[2022-06-29T07:14:08.482+0000][9][gc,age      ] GC(97) Age table with threshold 15 (max threshold 15)
[2022-06-29T07:14:08.485+0000][9][gc,age      ] GC(97) - age   1:     622064 bytes,     622064 total
[2022-06-29T07:14:08.486+0000][9][gc,age      ] GC(97) - age   2:       3904 bytes,     625968 total
[2022-06-29T07:14:08.488+0000][9][gc,age      ] GC(97) - age   3:       1600 bytes,     627568 total
[2022-06-29T07:14:08.491+0000][9][gc,age      ] GC(97) - age   4:        904 bytes,     628472 total
[2022-06-29T07:14:08.492+0000][9][gc,age      ] GC(97) - age   5:        336 bytes,     628808 total
[2022-06-29T07:14:08.493+0000][9][gc,age      ] GC(97) - age   6:       2088 bytes,     630896 total
[2022-06-29T07:14:08.494+0000][9][gc,age      ] GC(97) - age   7:       2112 bytes,     633008 total
[2022-06-29T07:14:08.495+0000][9][gc,age      ] GC(97) - age   9:       3384 bytes,     636392 total
[2022-06-29T07:14:08.498+0000][9][gc,age      ] GC(97) - age  10:       1856 bytes,     638248 total
[2022-06-29T07:14:08.499+0000][9][gc,age      ] GC(97) - age  11:        248 bytes,     638496 total
[2022-06-29T07:14:08.500+0000][9][gc,age      ] GC(97) - age  12:       1912 bytes,     640408 total
[2022-06-29T07:14:08.501+0000][9][gc,age      ] GC(97) - age  13:        768 bytes,     641176 total
[2022-06-29T07:14:08.503+0000][9][gc,age      ] GC(97) - age  14:        184 bytes,     641360 total
[2022-06-29T07:14:08.504+0000][9][gc,age      ] GC(97) - age  15:        440 bytes,     641800 total
[2022-06-29T07:14:08.506+0000][9][gc,heap     ] GC(97) Eden regions: 75->0(75)
[2022-06-29T07:14:08.508+0000][9][gc,heap     ] GC(97) Survivor regions: 1->1(10)
[2022-06-29T07:14:08.509+0000][9][gc,heap     ] GC(97) Old regions: 22->22
[2022-06-29T07:14:08.510+0000][9][gc,heap     ] GC(97) Archive regions: 2->2
[2022-06-29T07:14:08.511+0000][9][gc,heap     ] GC(97) Humongous regions: 0->0
[2022-06-29T07:14:08.514+0000][9][gc,metaspace] GC(97) Metaspace: 129698K(132928K)->129698K(132928K) NonClass: 112707K(114368K)->112707K(114368K) Class: 16991K(18560K)->16991K(18560K)
[2022-06-29T07:14:08.515+0000][9][gc          ] GC(97) Pause Young (Normal) (G1 Evacuation Pause) 390M->89M(512M) 62.200ms
[2022-06-29T07:14:08.517+0000][9][gc,cpu      ] GC(97) User=0.02s Sys=0.01s Real=0.06s
[2022-06-29T07:14:08.519+0000][9][safepoint   ] Safepoint "G1CollectForAllocation", Time since last: 1919084424 ns, Reaching safepoint: 69708 ns, At safepoint: 65381582 ns, Total: 65451290 ns
[2022-06-29T07:14:25.532+0000][9][safepoint   ] Safepoint "Cleanup", Time since last: 17013734993 ns, Reaching safepoint: 170933 ns, At safepoint: 9406 ns, Total: 180339 ns
[2022-06-29T07:14:47.532+0000][9][safepoint   ] Safepoint "Cleanup", Time since last: 22021022050 ns, Reaching safepoint: 135988 ns, At safepoint: 12635 ns, Total: 148623 ns
[2022-06-29T07:15:25.545+0000][9][safepoint   ] Safepoint "Cleanup", Time since last: 38034729811 ns, Reaching safepoint: 158567 ns, At safepoint: 7355 ns, Total: 165922 ns
[2022-06-29T07:15:50.430+0000][9][gc,start    ] GC(98) Pause Young (Normal) (G1 Evacuation Pause)
[2022-06-29T07:15:50.431+0000][9][gc,task     ] GC(98) Using 4 workers of 4 for evacuation
[2022-06-29T07:15:50.432+0000][9][gc,age      ] GC(98) Desired survivor size 20971520 bytes, new threshold 15 (max threshold 15)
[2022-06-29T07:15:50.437+0000][9][gc,phases   ] GC(98)   Pre Evacuate Collection Set: 0.2ms
[2022-06-29T07:15:50.438+0000][9][gc,phases   ] GC(98)   Merge Heap Roots: 0.1ms
[2022-06-29T07:15:50.438+0000][9][gc,phases   ] GC(98)   Evacuate Collection Set: 2.4ms
[2022-06-29T07:15:50.439+0000][9][gc,phases   ] GC(98)   Post Evacuate Collection Set: 0.9ms
[2022-06-29T07:15:50.439+0000][9][gc,phases   ] GC(98)   Other: 2.5ms
[2022-06-29T07:15:50.440+0000][9][gc,age      ] GC(98) Age table with threshold 15 (max threshold 15)
[2022-06-29T07:15:50.440+0000][9][gc,age      ] GC(98) - age   1:    1324464 bytes,    1324464 total
[2022-06-29T07:15:50.442+0000][9][gc,age      ] GC(98) - age   2:       2720 bytes,    1327184 total
[2022-06-29T07:15:50.442+0000][9][gc,age      ] GC(98) - age   3:       2328 bytes,    1329512 total
[2022-06-29T07:15:50.444+0000][9][gc,age      ] GC(98) - age   4:       1504 bytes,    1331016 total
[2022-06-29T07:15:50.445+0000][9][gc,age      ] GC(98) - age   5:        720 bytes,    1331736 total
[2022-06-29T07:15:50.445+0000][9][gc,age      ] GC(98) - age   6:        336 bytes,    1332072 total
[2022-06-29T07:15:50.446+0000][9][gc,age      ] GC(98) - age   7:       2088 bytes,    1334160 total
[2022-06-29T07:15:50.446+0000][9][gc,age      ] GC(98) - age   8:       2112 bytes,    1336272 total
[2022-06-29T07:15:50.447+0000][9][gc,age      ] GC(98) - age  10:       3384 bytes,    1339656 total
[2022-06-29T07:15:50.448+0000][9][gc,age      ] GC(98) - age  11:       1856 bytes,    1341512 total
[2022-06-29T07:15:50.448+0000][9][gc,age      ] GC(98) - age  12:        248 bytes,    1341760 total
[2022-06-29T07:15:50.449+0000][9][gc,age      ] GC(98) - age  13:       1912 bytes,    1343672 total
[2022-06-29T07:15:50.450+0000][9][gc,age      ] GC(98) - age  14:        384 bytes,    1344056 total
[2022-06-29T07:15:50.451+0000][9][gc,age      ] GC(98) - age  15:        184 bytes,    1344240 total
[2022-06-29T07:15:50.452+0000][9][gc,heap     ] GC(98) Eden regions: 75->0(75)
[2022-06-29T07:15:50.452+0000][9][gc,heap     ] GC(98) Survivor regions: 1->1(10)
[2022-06-29T07:15:50.453+0000][9][gc,heap     ] GC(98) Old regions: 22->22
[2022-06-29T07:15:50.454+0000][9][gc,heap     ] GC(98) Archive regions: 2->2
[2022-06-29T07:15:50.455+0000][9][gc,heap     ] GC(98) Humongous regions: 0->0
[2022-06-29T07:15:50.455+0000][9][gc,metaspace] GC(98) Metaspace: 129700K(132928K)->129700K(132928K) NonClass: 112708K(114368K)->112708K(114368K) Class: 16991K(18560K)->16991K(18560K)
[2022-06-29T07:15:50.456+0000][9][gc          ] GC(98) Pause Young (Normal) (G1 Evacuation Pause) 389M->90M(512M) 26.558ms
[2022-06-29T07:15:50.457+0000][9][gc,cpu      ] GC(98) User=0.01s Sys=0.00s Real=0.03s
[2022-06-29T07:15:50.457+0000][9][safepoint   ] Safepoint "G1CollectForAllocation", Time since last: 24904011892 ns, Reaching safepoint: 96377 ns, At safepoint: 27732375 ns, Total: 27828752 ns
[2022-06-29T07:17:32.398+0000][9][gc,start    ] GC(99) Pause Young (Normal) (G1 Evacuation Pause)
[2022-06-29T07:17:32.400+0000][9][gc,task     ] GC(99) Using 4 workers of 4 for evacuation
[2022-06-29T07:17:32.401+0000][9][gc,age      ] GC(99) Desired survivor size 20971520 bytes, new threshold 15 (max threshold 15)
[2022-06-29T07:17:32.407+0000][9][gc,phases   ] GC(99)   Pre Evacuate Collection Set: 0.3ms
[2022-06-29T07:17:32.408+0000][9][gc,phases   ] GC(99)   Merge Heap Roots: 0.2ms
[2022-06-29T07:17:32.409+0000][9][gc,phases   ] GC(99)   Evacuate Collection Set: 3.7ms
[2022-06-29T07:17:32.410+0000][9][gc,phases   ] GC(99)   Post Evacuate Collection Set: 1.4ms
[2022-06-29T07:17:32.411+0000][9][gc,phases   ] GC(99)   Other: 1.7ms
[2022-06-29T07:17:32.411+0000][9][gc,age      ] GC(99) Age table with threshold 15 (max threshold 15)
[2022-06-29T07:17:32.412+0000][9][gc,age      ] GC(99) - age   1:    1336840 bytes,    1336840 total
[2022-06-29T07:17:32.413+0000][9][gc,age      ] GC(99) - age   2:       1880 bytes,    1338720 total
[2022-06-29T07:17:32.414+0000][9][gc,age      ] GC(99) - age   3:        848 bytes,    1339568 total
[2022-06-29T07:17:32.414+0000][9][gc,age      ] GC(99) - age   4:       2264 bytes,    1341832 total
[2022-06-29T07:17:32.415+0000][9][gc,age      ] GC(99) - age   5:       1504 bytes,    1343336 total
[2022-06-29T07:17:32.416+0000][9][gc,age      ] GC(99) - age   6:        720 bytes,    1344056 total
[2022-06-29T07:17:32.417+0000][9][gc,age      ] GC(99) - age   7:        152 bytes,    1344208 total
[2022-06-29T07:17:32.417+0000][9][gc,age      ] GC(99) - age   8:       2088 bytes,    1346296 total
[2022-06-29T07:17:32.418+0000][9][gc,age      ] GC(99) - age   9:       2112 bytes,    1348408 total
[2022-06-29T07:17:32.419+0000][9][gc,age      ] GC(99) - age  11:       3384 bytes,    1351792 total
[2022-06-29T07:17:32.419+0000][9][gc,age      ] GC(99) - age  12:       1856 bytes,    1353648 total
[2022-06-29T07:17:32.420+0000][9][gc,age      ] GC(99) - age  13:        248 bytes,    1353896 total
[2022-06-29T07:17:32.421+0000][9][gc,age      ] GC(99) - age  14:       1912 bytes,    1355808 total
[2022-06-29T07:17:32.422+0000][9][gc,age      ] GC(99) - age  15:        384 bytes,    1356192 total
[2022-06-29T07:17:32.423+0000][9][gc,heap     ] GC(99) Eden regions: 75->0(75)
[2022-06-29T07:17:32.423+0000][9][gc,heap     ] GC(99) Survivor regions: 1->1(10)
[2022-06-29T07:17:32.424+0000][9][gc,heap     ] GC(99) Old regions: 22->22
[2022-06-29T07:17:32.425+0000][9][gc,heap     ] GC(99) Archive regions: 2->2
[2022-06-29T07:17:32.425+0000][9][gc,heap     ] GC(99) Humongous regions: 0->0
[2022-06-29T07:17:32.426+0000][9][gc,metaspace] GC(99) Metaspace: 129701K(132928K)->129701K(132928K) NonClass: 112710K(114368K)->112710K(114368K) Class: 16991K(18560K)->16991K(18560K)
[2022-06-29T07:17:32.427+0000][9][gc          ] GC(99) Pause Young (Normal) (G1 Evacuation Pause) 390M->90M(512M) 28.350ms
[2022-06-29T07:17:32.427+0000][9][gc,cpu      ] GC(99) User=0.01s Sys=0.00s Real=0.03s
[2022-06-29T07:17:32.428+0000][9][safepoint   ] Safepoint "G1CollectForAllocation", Time since last: 102006407642 ns, Reaching safepoint: 142114 ns, At safepoint: 29903577 ns, Total: 30045691 ns
[2022-06-29T07:18:05.410+0000][9][safepoint   ] Safepoint "Cleanup", Time since last: 33024474114 ns, Reaching safepoint: 202172 ns, At safepoint: 26439 ns, Total: 228611 ns
[2022-06-29T07:18:25.427+0000][9][safepoint   ] Safepoint "Cleanup", Time since last: 20017088816 ns, Reaching safepoint: 254330 ns, At safepoint: 11758 ns, Total: 266088 ns
[2022-06-29T07:19:14.335+0000][9][gc,start    ] GC(100) Pause Young (Normal) (G1 Evacuation Pause)
[2022-06-29T07:19:14.338+0000][9][gc,task     ] GC(100) Using 4 workers of 4 for evacuation
[2022-06-29T07:19:14.339+0000][9][gc,age      ] GC(100) Desired survivor size 20971520 bytes, new threshold 15 (max threshold 15)
[2022-06-29T07:19:14.342+0000][9][gc,phases   ] GC(100)   Pre Evacuate Collection Set: 0.3ms
[2022-06-29T07:19:14.343+0000][9][gc,phases   ] GC(100)   Merge Heap Roots: 0.1ms
[2022-06-29T07:19:14.344+0000][9][gc,phases   ] GC(100)   Evacuate Collection Set: 1.5ms
[2022-06-29T07:19:14.344+0000][9][gc,phases   ] GC(100)   Post Evacuate Collection Set: 1.0ms
[2022-06-29T07:19:14.345+0000][9][gc,phases   ] GC(100)   Other: 1.5ms
[2022-06-29T07:19:14.346+0000][9][gc,age      ] GC(100) Age table with threshold 15 (max threshold 15)
[2022-06-29T07:19:14.346+0000][9][gc,age      ] GC(100) - age   1:     495264 bytes,     495264 total
[2022-06-29T07:19:14.347+0000][9][gc,age      ] GC(100) - age   2:       1968 bytes,     497232 total
[2022-06-29T07:19:14.348+0000][9][gc,age      ] GC(100) - age   3:        880 bytes,     498112 total
[2022-06-29T07:19:14.348+0000][9][gc,age      ] GC(100) - age   4:        848 bytes,     498960 total
[2022-06-29T07:19:14.349+0000][9][gc,age      ] GC(100) - age   5:       2264 bytes,     501224 total
[2022-06-29T07:19:14.349+0000][9][gc,age      ] GC(100) - age   6:       1120 bytes,     502344 total
[2022-06-29T07:19:14.350+0000][9][gc,age      ] GC(100) - age   7:        288 bytes,     502632 total
[2022-06-29T07:19:14.351+0000][9][gc,age      ] GC(100) - age   8:        152 bytes,     502784 total
[2022-06-29T07:19:14.351+0000][9][gc,age      ] GC(100) - age   9:       2088 bytes,     504872 total
[2022-06-29T07:19:14.352+0000][9][gc,age      ] GC(100) - age  10:       1720 bytes,     506592 total
[2022-06-29T07:19:14.353+0000][9][gc,age      ] GC(100) - age  12:       3384 bytes,     509976 total
[2022-06-29T07:19:14.354+0000][9][gc,age      ] GC(100) - age  13:       1856 bytes,     511832 total
[2022-06-29T07:19:14.354+0000][9][gc,age      ] GC(100) - age  14:         64 bytes,     511896 total
[2022-06-29T07:19:14.355+0000][9][gc,age      ] GC(100) - age  15:       1912 bytes,     513808 total
[2022-06-29T07:19:14.355+0000][9][gc,heap     ] GC(100) Eden regions: 75->0(75)
[2022-06-29T07:19:14.356+0000][9][gc,heap     ] GC(100) Survivor regions: 1->1(10)
[2022-06-29T07:19:14.357+0000][9][gc,heap     ] GC(100) Old regions: 22->22
[2022-06-29T07:19:14.358+0000][9][gc,heap     ] GC(100) Archive regions: 2->2
[2022-06-29T07:19:14.359+0000][9][gc,heap     ] GC(100) Humongous regions: 0->0
[2022-06-29T07:19:14.360+0000][9][gc,metaspace] GC(100) Metaspace: 129710K(132992K)->129710K(132992K) NonClass: 112719K(114432K)->112719K(114432K) Class: 16991K(18560K)->16991K(18560K)
[2022-06-29T07:19:14.360+0000][9][gc          ] GC(100) Pause Young (Normal) (G1 Evacuation Pause) 390M->89M(512M) 25.019ms
[2022-06-29T07:19:14.361+0000][9][gc,cpu      ] GC(100) User=0.01s Sys=0.00s Real=0.02s
[2022-06-29T07:19:14.362+0000][9][safepoint   ] Safepoint "G1CollectForAllocation", Time since last: 48952338433 ns, Reaching safepoint: 99114 ns, At safepoint: 26613322 ns, Total: 26712436 ns
[2022-06-29T07:19:39.359+0000][9][safepoint   ] Safepoint "Cleanup", Time since last: 25017789925 ns, Reaching safepoint: 341628 ns, At safepoint: 15681 ns, Total: 357309 ns
[2022-06-29T07:19:42.364+0000][9][safepoint   ] Safepoint "Cleanup", Time since last: 3005319128 ns, Reaching safepoint: 178818 ns, At safepoint: 7683 ns, Total: 186501 ns
[2022-06-29T07:20:07.368+0000][9][safepoint   ] Safepoint "Cleanup", Time since last: 25025319727 ns, Reaching safepoint: 155375 ns, At safepoint: 10262 ns, Total: 165637 ns
[2022-06-29T07:20:15.376+0000][9][safepoint   ] Safepoint "Cleanup", Time since last: 8007978698 ns, Reaching safepoint: 189985 ns, At safepoint: 12320 ns, Total: 202305 ns
[2022-06-29T07:20:44.316+0000][9][gc,start    ] GC(101) Pause Young (Normal) (G1 Evacuation Pause)
[2022-06-29T07:20:44.317+0000][9][gc,task     ] GC(101) Using 4 workers of 4 for evacuation
[2022-06-29T07:20:44.318+0000][9][gc,age      ] GC(101) Desired survivor size 20971520 bytes, new threshold 15 (max threshold 15)
[2022-06-29T07:20:44.323+0000][9][gc,phases   ] GC(101)   Pre Evacuate Collection Set: 0.2ms
[2022-06-29T07:20:44.324+0000][9][gc,phases   ] GC(101)   Merge Heap Roots: 0.1ms
[2022-06-29T07:20:44.324+0000][9][gc,phases   ] GC(101)   Evacuate Collection Set: 2.8ms
[2022-06-29T07:20:44.325+0000][9][gc,phases   ] GC(101)   Post Evacuate Collection Set: 1.0ms
[2022-06-29T07:20:44.325+0000][9][gc,phases   ] GC(101)   Other: 1.5ms
[2022-06-29T07:20:44.326+0000][9][gc,age      ] GC(101) Age table with threshold 15 (max threshold 15)
[2022-06-29T07:20:44.327+0000][9][gc,age      ] GC(101) - age   1:    1318040 bytes,    1318040 total
[2022-06-29T07:20:44.327+0000][9][gc,age      ] GC(101) - age   2:       2752 bytes,    1320792 total
[2022-06-29T07:20:44.328+0000][9][gc,age      ] GC(101) - age   3:        584 bytes,    1321376 total
[2022-06-29T07:20:44.328+0000][9][gc,age      ] GC(101) - age   4:        696 bytes,    1322072 total
[2022-06-29T07:20:44.329+0000][9][gc,age      ] GC(101) - age   5:        816 bytes,    1322888 total
[2022-06-29T07:20:44.330+0000][9][gc,age      ] GC(101) - age   6:       2264 bytes,    1325152 total
[2022-06-29T07:20:44.330+0000][9][gc,age      ] GC(101) - age   7:        160 bytes,    1325312 total
[2022-06-29T07:20:44.331+0000][9][gc,age      ] GC(101) - age   8:        288 bytes,    1325600 total
[2022-06-29T07:20:44.331+0000][9][gc,age      ] GC(101) - age   9:        152 bytes,    1325752 total
[2022-06-29T07:20:44.332+0000][9][gc,age      ] GC(101) - age  10:       2088 bytes,    1327840 total
[2022-06-29T07:20:44.333+0000][9][gc,age      ] GC(101) - age  11:       1720 bytes,    1329560 total
[2022-06-29T07:20:44.333+0000][9][gc,age      ] GC(101) - age  13:       3384 bytes,    1332944 total
[2022-06-29T07:20:44.334+0000][9][gc,age      ] GC(101) - age  14:       1856 bytes,    1334800 total
[2022-06-29T07:20:44.335+0000][9][gc,age      ] GC(101) - age  15:         64 bytes,    1334864 total
[2022-06-29T07:20:44.335+0000][9][gc,heap     ] GC(101) Eden regions: 75->0(75)
[2022-06-29T07:20:44.336+0000][9][gc,heap     ] GC(101) Survivor regions: 1->1(10)
[2022-06-29T07:20:44.336+0000][9][gc,heap     ] GC(101) Old regions: 22->22
[2022-06-29T07:20:44.337+0000][9][gc,heap     ] GC(101) Archive regions: 2->2
[2022-06-29T07:20:44.338+0000][9][gc,heap     ] GC(101) Humongous regions: 0->0
[2022-06-29T07:20:44.339+0000][9][gc,metaspace] GC(101) Metaspace: 129714K(132992K)->129714K(132992K) NonClass: 112723K(114432K)->112723K(114432K) Class: 16991K(18560K)->16991K(18560K)
[2022-06-29T07:20:44.339+0000][9][gc          ] GC(101) Pause Young (Normal) (G1 Evacuation Pause) 389M->90M(512M) 23.199ms
[2022-06-29T07:20:44.340+0000][9][gc,cpu      ] GC(101) User=0.02s Sys=0.00s Real=0.03s
[2022-06-29T07:20:44.341+0000][9][safepoint   ] Safepoint "G1CollectForAllocation", Time since last: 28962022379 ns, Reaching safepoint: 111195 ns, At safepoint: 24478494 ns, Total: 24589689 ns
[2022-06-29T07:20:56.354+0000][9][safepoint   ] Safepoint "Cleanup", Time since last: 12012890984 ns, Reaching safepoint: 126166 ns, At safepoint: 39353 ns, Total: 165519 ns
[2022-06-29T07:21:21.351+0000][9][safepoint   ] Safepoint "Cleanup", Time since last: 25018312757 ns, Reaching safepoint: 183417 ns, At safepoint: 11342 ns, Total: 194759 ns
[2022-06-29T07:21:44.354+0000][9][safepoint   ] Safepoint "Cleanup", Time since last: 23022065586 ns, Reaching safepoint: 1498163 ns, At safepoint: 86147 ns, Total: 1584310 ns
[2022-06-29T07:22:23.261+0000][9][gc,start    ] GC(102) Pause Young (Normal) (G1 Evacuation Pause)
[2022-06-29T07:22:23.262+0000][9][gc,task     ] GC(102) Using 4 workers of 4 for evacuation
[2022-06-29T07:22:23.263+0000][9][gc,age      ] GC(102) Desired survivor size 20971520 bytes, new threshold 15 (max threshold 15)
[2022-06-29T07:22:23.269+0000][9][gc,phases   ] GC(102)   Pre Evacuate Collection Set: 0.3ms
[2022-06-29T07:22:23.270+0000][9][gc,phases   ] GC(102)   Merge Heap Roots: 0.2ms
[2022-06-29T07:22:23.271+0000][9][gc,phases   ] GC(102)   Evacuate Collection Set: 3.6ms
[2022-06-29T07:22:23.271+0000][9][gc,phases   ] GC(102)   Post Evacuate Collection Set: 1.4ms
[2022-06-29T07:22:23.272+0000][9][gc,phases   ] GC(102)   Other: 1.4ms
[2022-06-29T07:22:23.272+0000][9][gc,age      ] GC(102) Age table with threshold 15 (max threshold 15)
[2022-06-29T07:22:23.272+0000][9][gc,age      ] GC(102) - age   1:    1371088 bytes,    1371088 total
[2022-06-29T07:22:23.273+0000][9][gc,age      ] GC(102) - age   2:     313224 bytes,    1684312 total
[2022-06-29T07:22:23.273+0000][9][gc,age      ] GC(102) - age   3:       1760 bytes,    1686072 total
[2022-06-29T07:22:23.274+0000][9][gc,age      ] GC(102) - age   4:         80 bytes,    1686152 total
[2022-06-29T07:22:23.274+0000][9][gc,age      ] GC(102) - age   5:        696 bytes,    1686848 total
[2022-06-29T07:22:23.275+0000][9][gc,age      ] GC(102) - age   6:        816 bytes,    1687664 total
[2022-06-29T07:22:23.275+0000][9][gc,age      ] GC(102) - age   7:       2264 bytes,    1689928 total
[2022-06-29T07:22:23.276+0000][9][gc,age      ] GC(102) - age   8:        160 bytes,    1690088 total
[2022-06-29T07:22:23.276+0000][9][gc,age      ] GC(102) - age   9:        288 bytes,    1690376 total
[2022-06-29T07:22:23.277+0000][9][gc,age      ] GC(102) - age  10:        152 bytes,    1690528 total
[2022-06-29T07:22:23.277+0000][9][gc,age      ] GC(102) - age  11:       2088 bytes,    1692616 total
[2022-06-29T07:22:23.278+0000][9][gc,age      ] GC(102) - age  12:       1720 bytes,    1694336 total
[2022-06-29T07:22:23.278+0000][9][gc,age      ] GC(102) - age  14:       3384 bytes,    1697720 total
[2022-06-29T07:22:23.279+0000][9][gc,age      ] GC(102) - age  15:       1856 bytes,    1699576 total
[2022-06-29T07:22:23.279+0000][9][gc,heap     ] GC(102) Eden regions: 75->0(75)
[2022-06-29T07:22:23.280+0000][9][gc,heap     ] GC(102) Survivor regions: 1->1(10)
[2022-06-29T07:22:23.281+0000][9][gc,heap     ] GC(102) Old regions: 22->22
[2022-06-29T07:22:23.281+0000][9][gc,heap     ] GC(102) Archive regions: 2->2
[2022-06-29T07:22:23.281+0000][9][gc,heap     ] GC(102) Humongous regions: 0->0
[2022-06-29T07:22:23.282+0000][9][gc,metaspace] GC(102) Metaspace: 129720K(132992K)->129720K(132992K) NonClass: 112729K(114432K)->112729K(114432K) Class: 16991K(18560K)->16991K(18560K)
[2022-06-29T07:22:23.283+0000][9][gc          ] GC(102) Pause Young (Normal) (G1 Evacuation Pause) 390M->90M(512M) 21.874ms
[2022-06-29T07:22:23.284+0000][9][gc,cpu      ] GC(102) User=0.01s Sys=0.00s Real=0.03s
[2022-06-29T07:22:23.285+0000][9][safepoint   ] Safepoint "G1CollectForAllocation", Time since last: 38929480270 ns, Reaching safepoint: 119858 ns, At safepoint: 23992397 ns, Total: 24112255 ns
[2022-06-29T07:22:25.287+0000][9][safepoint   ] Safepoint "Cleanup", Time since last: 2001970351 ns, Reaching safepoint: 284882 ns, At safepoint: 14778 ns, Total: 299660 ns
[2022-06-29T07:22:37.277+0000][9][safepoint   ] Safepoint "Cleanup", Time since last: 12009944585 ns, Reaching safepoint: 199279 ns, At safepoint: 23063 ns, Total: 222342 ns
[2022-06-29T07:22:45.284+0000][9][safepoint   ] Safepoint "Cleanup", Time since last: 8007435869 ns, Reaching safepoint: 192402 ns, At safepoint: 105495 ns, Total: 297897 ns
[2022-06-29T07:23:02.306+0000][9][safepoint   ] Safepoint "Cleanup", Time since last: 17021224423 ns, Reaching safepoint: 167077 ns, At safepoint: 31613 ns, Total: 198690 ns
[2022-06-29T07:23:03.309+0000][9][safepoint   ] Safepoint "Cleanup", Time since last: 1003149897 ns, Reaching safepoint: 209430 ns, At safepoint: 7295 ns, Total: 216725 ns
[2022-06-29T07:23:21.306+0000][9][safepoint   ] Safepoint "Cleanup", Time since last: 18017009055 ns, Reaching safepoint: 154219 ns, At safepoint: 8673 ns, Total: 162892 ns
[2022-06-29T07:23:47.382+0000][9][gc,start    ] GC(103) Pause Young (Normal) (G1 Evacuation Pause)
[2022-06-29T07:23:47.383+0000][9][gc,task     ] GC(103) Using 4 workers of 4 for evacuation
[2022-06-29T07:23:47.384+0000][9][gc,age      ] GC(103) Desired survivor size 20971520 bytes, new threshold 15 (max threshold 15)
[2022-06-29T07:23:47.393+0000][9][gc,phases   ] GC(103)   Pre Evacuate Collection Set: 0.2ms
[2022-06-29T07:23:47.394+0000][9][gc,phases   ] GC(103)   Merge Heap Roots: 0.2ms
[2022-06-29T07:23:47.394+0000][9][gc,phases   ] GC(103)   Evacuate Collection Set: 6.1ms
[2022-06-29T07:23:47.395+0000][9][gc,phases   ] GC(103)   Post Evacuate Collection Set: 2.1ms
[2022-06-29T07:23:47.395+0000][9][gc,phases   ] GC(103)   Other: 1.2ms
[2022-06-29T07:23:47.396+0000][9][gc,age      ] GC(103) Age table with threshold 15 (max threshold 15)
[2022-06-29T07:23:47.397+0000][9][gc,age      ] GC(103) - age   1:    1233048 bytes,    1233048 total
[2022-06-29T07:23:47.397+0000][9][gc,age      ] GC(103) - age   2:       7656 bytes,    1240704 total
[2022-06-29T07:23:47.398+0000][9][gc,age      ] GC(103) - age   3:     311816 bytes,    1552520 total
[2022-06-29T07:23:47.398+0000][9][gc,age      ] GC(103) - age   4:       1576 bytes,    1554096 total
[2022-06-29T07:23:47.399+0000][9][gc,age      ] GC(103) - age   5:         80 bytes,    1554176 total
[2022-06-29T07:23:47.400+0000][9][gc,age      ] GC(103) - age   6:        696 bytes,    1554872 total
[2022-06-29T07:23:47.400+0000][9][gc,age      ] GC(103) - age   7:        816 bytes,    1555688 total
[2022-06-29T07:23:47.401+0000][9][gc,age      ] GC(103) - age   8:       2264 bytes,    1557952 total
[2022-06-29T07:23:47.401+0000][9][gc,age      ] GC(103) - age   9:        160 bytes,    1558112 total
[2022-06-29T07:23:47.402+0000][9][gc,age      ] GC(103) - age  10:        288 bytes,    1558400 total
[2022-06-29T07:23:47.403+0000][9][gc,age      ] GC(103) - age  11:        152 bytes,    1558552 total
[2022-06-29T07:23:47.403+0000][9][gc,age      ] GC(103) - age  12:       2088 bytes,    1560640 total
[2022-06-29T07:23:47.404+0000][9][gc,age      ] GC(103) - age  13:       1720 bytes,    1562360 total
[2022-06-29T07:23:47.404+0000][9][gc,age      ] GC(103) - age  15:       3384 bytes,    1565744 total
[2022-06-29T07:23:47.405+0000][9][gc,heap     ] GC(103) Eden regions: 75->0(75)
[2022-06-29T07:23:47.406+0000][9][gc,heap     ] GC(103) Survivor regions: 1->1(10)
[2022-06-29T07:23:47.406+0000][9][gc,heap     ] GC(103) Old regions: 22->22
[2022-06-29T07:23:47.407+0000][9][gc,heap     ] GC(103) Archive regions: 2->2
[2022-06-29T07:23:47.407+0000][9][gc,heap     ] GC(103) Humongous regions: 0->0
[2022-06-29T07:23:47.408+0000][9][gc,metaspace] GC(103) Metaspace: 129761K(133056K)->129761K(133056K) NonClass: 112770K(114496K)->112770K(114496K) Class: 16991K(18560K)->16991K(18560K)
[2022-06-29T07:23:47.409+0000][9][gc          ] GC(103) Pause Young (Normal) (G1 Evacuation Pause) 390M->90M(512M) 26.862ms
[2022-06-29T07:23:47.410+0000][9][gc,cpu      ] GC(103) User=0.01s Sys=0.01s Real=0.03s
[2022-06-29T07:23:47.410+0000][9][safepoint   ] Safepoint "G1CollectForAllocation", Time since last: 26101082507 ns, Reaching safepoint: 107119 ns, At safepoint: 28273129 ns, Total: 28380248 ns
[2022-06-29T07:24:22.421+0000][9][safepoint   ] Safepoint "Cleanup", Time since last: 35031071613 ns, Reaching safepoint: 225332 ns, At safepoint: 10676 ns, Total: 236008 ns
[2022-06-29T07:24:52.423+0000][9][safepoint   ] Safepoint "Cleanup", Time since last: 30023560526 ns, Reaching safepoint: 187252 ns, At safepoint: 8711 ns, Total: 195963 ns
[2022-06-29T07:25:06.411+0000][9][safepoint   ] Safepoint "Cleanup", Time since last: 14009066203 ns, Reaching safepoint: 88563 ns, At safepoint: 6829 ns, Total: 95392 ns
[2022-06-29T07:25:21.044+0000][9][gc,start    ] GC(104) Pause Young (Normal) (G1 Evacuation Pause)
[2022-06-29T07:25:21.045+0000][9][gc,task     ] GC(104) Using 4 workers of 4 for evacuation
[2022-06-29T07:25:21.046+0000][9][gc,age      ] GC(104) Desired survivor size 20971520 bytes, new threshold 15 (max threshold 15)
[2022-06-29T07:25:21.054+0000][9][gc,phases   ] GC(104)   Pre Evacuate Collection Set: 0.1ms
[2022-06-29T07:25:21.054+0000][9][gc,phases   ] GC(104)   Merge Heap Roots: 0.1ms
[2022-06-29T07:25:21.055+0000][9][gc,phases   ] GC(104)   Evacuate Collection Set: 5.3ms
[2022-06-29T07:25:21.056+0000][9][gc,phases   ] GC(104)   Post Evacuate Collection Set: 1.1ms
[2022-06-29T07:25:21.057+0000][9][gc,phases   ] GC(104)   Other: 1.6ms
[2022-06-29T07:25:21.057+0000][9][gc,age      ] GC(104) Age table with threshold 15 (max threshold 15)
[2022-06-29T07:25:21.058+0000][9][gc,age      ] GC(104) - age   1:    1730488 bytes,    1730488 total
[2022-06-29T07:25:21.059+0000][9][gc,age      ] GC(104) - age   2:       1960 bytes,    1732448 total
[2022-06-29T07:25:21.059+0000][9][gc,age      ] GC(104) - age   3:        504 bytes,    1732952 total
[2022-06-29T07:25:21.060+0000][9][gc,age      ] GC(104) - age   4:     232808 bytes,    1965760 total
[2022-06-29T07:25:21.061+0000][9][gc,age      ] GC(104) - age   5:       1576 bytes,    1967336 total
[2022-06-29T07:25:21.061+0000][9][gc,age      ] GC(104) - age   6:         80 bytes,    1967416 total
[2022-06-29T07:25:21.062+0000][9][gc,age      ] GC(104) - age   7:        512 bytes,    1967928 total
[2022-06-29T07:25:21.063+0000][9][gc,age      ] GC(104) - age   8:        816 bytes,    1968744 total
[2022-06-29T07:25:21.063+0000][9][gc,age      ] GC(104) - age   9:       2264 bytes,    1971008 total
[2022-06-29T07:25:21.064+0000][9][gc,age      ] GC(104) - age  10:        160 bytes,    1971168 total
[2022-06-29T07:25:21.064+0000][9][gc,age      ] GC(104) - age  11:        288 bytes,    1971456 total
[2022-06-29T07:25:21.065+0000][9][gc,age      ] GC(104) - age  12:        152 bytes,    1971608 total
[2022-06-29T07:25:21.065+0000][9][gc,age      ] GC(104) - age  13:       2088 bytes,    1973696 total
[2022-06-29T07:25:21.066+0000][9][gc,age      ] GC(104) - age  14:       1720 bytes,    1975416 total
[2022-06-29T07:25:21.067+0000][9][gc,heap     ] GC(104) Eden regions: 75->0(75)
[2022-06-29T07:25:21.067+0000][9][gc,heap     ] GC(104) Survivor regions: 1->1(10)
[2022-06-29T07:25:21.068+0000][9][gc,heap     ] GC(104) Old regions: 22->22
[2022-06-29T07:25:21.068+0000][9][gc,heap     ] GC(104) Archive regions: 2->2
[2022-06-29T07:25:21.069+0000][9][gc,heap     ] GC(104) Humongous regions: 0->0
[2022-06-29T07:25:21.070+0000][9][gc,metaspace] GC(104) Metaspace: 129815K(133120K)->129815K(133120K) NonClass: 112824K(114560K)->112824K(114560K) Class: 16991K(18560K)->16991K(18560K)
[2022-06-29T07:25:21.070+0000][9][gc          ] GC(104) Pause Young (Normal) (G1 Evacuation Pause) 390M->91M(512M) 25.834ms
[2022-06-29T07:25:21.072+0000][9][gc,cpu      ] GC(104) User=0.02s Sys=0.00s Real=0.02s
[2022-06-29T07:25:21.073+0000][9][safepoint   ] Safepoint "G1CollectForAllocation", Time since last: 14633393157 ns, Reaching safepoint: 60707 ns, At safepoint: 29154640 ns, Total: 29215347 ns
[2022-06-29T07:25:22.075+0000][9][safepoint   ] Safepoint "Cleanup", Time since last: 1001102667 ns, Reaching safepoint: 354935 ns, At safepoint: 13718 ns, Total: 368653 ns
[2022-06-29T07:25:25.084+0000][9][safepoint   ] Safepoint "Cleanup", Time since last: 3009020842 ns, Reaching safepoint: 279887 ns, At safepoint: 18475 ns, Total: 298362 ns
[2022-06-29T07:26:25.098+0000][9][safepoint   ] Safepoint "Cleanup", Time since last: 60055942743 ns, Reaching safepoint: 218502 ns, At safepoint: 10853 ns, Total: 229355 ns
[2022-06-29T07:26:44.286+0000][9][gc,start    ] GC(105) Pause Young (Normal) (G1 Evacuation Pause)
[2022-06-29T07:26:44.287+0000][9][gc,task     ] GC(105) Using 4 workers of 4 for evacuation
[2022-06-29T07:26:44.288+0000][9][gc,age      ] GC(105) Desired survivor size 20971520 bytes, new threshold 15 (max threshold 15)
[2022-06-29T07:26:44.295+0000][9][gc,phases   ] GC(105)   Pre Evacuate Collection Set: 0.2ms
[2022-06-29T07:26:44.296+0000][9][gc,phases   ] GC(105)   Merge Heap Roots: 0.1ms
[2022-06-29T07:26:44.297+0000][9][gc,phases   ] GC(105)   Evacuate Collection Set: 5.2ms
[2022-06-29T07:26:44.297+0000][9][gc,phases   ] GC(105)   Post Evacuate Collection Set: 1.1ms
[2022-06-29T07:26:44.298+0000][9][gc,phases   ] GC(105)   Other: 1.3ms
[2022-06-29T07:26:44.299+0000][9][gc,age      ] GC(105) Age table with threshold 15 (max threshold 15)
[2022-06-29T07:26:44.299+0000][9][gc,age      ] GC(105) - age   1:    1342160 bytes,    1342160 total
[2022-06-29T07:26:44.300+0000][9][gc,age      ] GC(105) - age   2:      66944 bytes,    1409104 total
[2022-06-29T07:26:44.300+0000][9][gc,age      ] GC(105) - age   3:        384 bytes,    1409488 total
[2022-06-29T07:26:44.301+0000][9][gc,age      ] GC(105) - age   4:        184 bytes,    1409672 total
[2022-06-29T07:26:44.301+0000][9][gc,age      ] GC(105) - age   5:     232552 bytes,    1642224 total
[2022-06-29T07:26:44.302+0000][9][gc,age      ] GC(105) - age   6:       1576 bytes,    1643800 total
[2022-06-29T07:26:44.303+0000][9][gc,age      ] GC(105) - age   7:         80 bytes,    1643880 total
[2022-06-29T07:26:44.303+0000][9][gc,age      ] GC(105) - age   8:        512 bytes,    1644392 total
[2022-06-29T07:26:44.304+0000][9][gc,age      ] GC(105) - age   9:        784 bytes,    1645176 total
[2022-06-29T07:26:44.304+0000][9][gc,age      ] GC(105) - age  10:       2264 bytes,    1647440 total
[2022-06-29T07:26:44.306+0000][9][gc,age      ] GC(105) - age  11:        160 bytes,    1647600 total
[2022-06-29T07:26:44.306+0000][9][gc,age      ] GC(105) - age  12:        288 bytes,    1647888 total
[2022-06-29T07:26:44.307+0000][9][gc,age      ] GC(105) - age  13:        152 bytes,    1648040 total
[2022-06-29T07:26:44.307+0000][9][gc,age      ] GC(105) - age  14:       2088 bytes,    1650128 total
[2022-06-29T07:26:44.308+0000][9][gc,age      ] GC(105) - age  15:       1720 bytes,    1651848 total
[2022-06-29T07:26:44.309+0000][9][gc,heap     ] GC(105) Eden regions: 75->0(75)
[2022-06-29T07:26:44.309+0000][9][gc,heap     ] GC(105) Survivor regions: 1->1(10)
[2022-06-29T07:26:44.310+0000][9][gc,heap     ] GC(105) Old regions: 22->22
[2022-06-29T07:26:44.310+0000][9][gc,heap     ] GC(105) Archive regions: 2->2
[2022-06-29T07:26:44.311+0000][9][gc,heap     ] GC(105) Humongous regions: 0->0
[2022-06-29T07:26:44.312+0000][9][gc,metaspace] GC(105) Metaspace: 129830K(133120K)->129830K(133120K) NonClass: 112839K(114560K)->112839K(114560K) Class: 16991K(18560K)->16991K(18560K)
[2022-06-29T07:26:44.312+0000][9][gc          ] GC(105) Pause Young (Normal) (G1 Evacuation Pause) 391M->90M(512M) 25.701ms
[2022-06-29T07:26:44.313+0000][9][gc,cpu      ] GC(105) User=0.02s Sys=0.00s Real=0.03s
[2022-06-29T07:26:44.314+0000][9][safepoint   ] Safepoint "G1CollectForAllocation", Time since last: 19210341875 ns, Reaching safepoint: 133664 ns, At safepoint: 27883640 ns, Total: 28017304 ns
[2022-06-29T07:26:45.316+0000][9][safepoint   ] Safepoint "Cleanup", Time since last: 1001457160 ns, Reaching safepoint: 148869 ns, At safepoint: 8406 ns, Total: 157275 ns
[2022-06-29T07:27:01.329+0000][9][safepoint   ] Safepoint "Cleanup", Time since last: 16013262220 ns, Reaching safepoint: 324951 ns, At safepoint: 14685 ns, Total: 339636 ns
[2022-06-29T07:27:24.325+0000][9][safepoint   ] Safepoint "Cleanup", Time since last: 23017602227 ns, Reaching safepoint: 208853 ns, At safepoint: 13566 ns, Total: 222419 ns
[2022-06-29T07:27:37.310+0000][9][safepoint   ] Safepoint "Cleanup", Time since last: 13007691362 ns, Reaching safepoint: 202336 ns, At safepoint: 9780 ns, Total: 212116 ns
[2022-06-29T07:27:59.339+0000][9][gc,start    ] GC(106) Pause Young (Normal) (G1 Evacuation Pause)
[2022-06-29T07:27:59.340+0000][9][gc,task     ] GC(106) Using 4 workers of 4 for evacuation
[2022-06-29T07:27:59.341+0000][9][gc,age      ] GC(106) Desired survivor size 20971520 bytes, new threshold 15 (max threshold 15)
[2022-06-29T07:27:59.354+0000][9][gc,phases   ] GC(106)   Pre Evacuate Collection Set: 0.2ms
[2022-06-29T07:27:59.355+0000][9][gc,phases   ] GC(106)   Merge Heap Roots: 0.1ms
[2022-06-29T07:27:59.357+0000][9][gc,phases   ] GC(106)   Evacuate Collection Set: 11.3ms
[2022-06-29T07:27:59.359+0000][9][gc,phases   ] GC(106)   Post Evacuate Collection Set: 1.0ms
[2022-06-29T07:27:59.360+0000][9][gc,phases   ] GC(106)   Other: 1.3ms
[2022-06-29T07:27:59.362+0000][9][gc,age      ] GC(106) Age table with threshold 15 (max threshold 15)
[2022-06-29T07:27:59.364+0000][9][gc,age      ] GC(106) - age   1:    1840832 bytes,    1840832 total
[2022-06-29T07:27:59.364+0000][9][gc,age      ] GC(106) - age   2:      44456 bytes,    1885288 total
[2022-06-29T07:27:59.365+0000][9][gc,age      ] GC(106) - age   3:      64952 bytes,    1950240 total
[2022-06-29T07:27:59.366+0000][9][gc,age      ] GC(106) - age   4:        384 bytes,    1950624 total
[2022-06-29T07:27:59.366+0000][9][gc,age      ] GC(106) - age   5:        184 bytes,    1950808 total
[2022-06-29T07:27:59.367+0000][9][gc,age      ] GC(106) - age   6:     232528 bytes,    2183336 total
[2022-06-29T07:27:59.369+0000][9][gc,age      ] GC(106) - age   7:       1576 bytes,    2184912 total
[2022-06-29T07:27:59.370+0000][9][gc,age      ] GC(106) - age   8:         80 bytes,    2184992 total
[2022-06-29T07:27:59.370+0000][9][gc,age      ] GC(106) - age   9:        512 bytes,    2185504 total
[2022-06-29T07:27:59.374+0000][9][gc,age      ] GC(106) - age  10:        784 bytes,    2186288 total
[2022-06-29T07:27:59.377+0000][9][gc,age      ] GC(106) - age  11:       2264 bytes,    2188552 total
[2022-06-29T07:27:59.380+0000][9][gc,age      ] GC(106) - age  12:        160 bytes,    2188712 total
[2022-06-29T07:27:59.385+0000][9][gc,age      ] GC(106) - age  13:        288 bytes,    2189000 total
[2022-06-29T07:27:59.385+0000][9][gc,age      ] GC(106) - age  14:        152 bytes,    2189152 total
[2022-06-29T07:27:59.386+0000][9][gc,age      ] GC(106) - age  15:       2088 bytes,    2191240 total
[2022-06-29T07:27:59.387+0000][9][gc,heap     ] GC(106) Eden regions: 75->0(75)
[2022-06-29T07:27:59.388+0000][9][gc,heap     ] GC(106) Survivor regions: 1->1(10)
[2022-06-29T07:27:59.389+0000][9][gc,heap     ] GC(106) Old regions: 22->22
[2022-06-29T07:27:59.390+0000][9][gc,heap     ] GC(106) Archive regions: 2->2
[2022-06-29T07:27:59.390+0000][9][gc,heap     ] GC(106) Humongous regions: 0->0
[2022-06-29T07:27:59.391+0000][9][gc,metaspace] GC(106) Metaspace: 129850K(133120K)->129850K(133120K) NonClass: 112858K(114560K)->112858K(114560K) Class: 16991K(18560K)->16991K(18560K)
[2022-06-29T07:27:59.392+0000][9][gc          ] GC(106) Pause Young (Normal) (G1 Evacuation Pause) 390M->91M(512M) 52.669ms
[2022-06-29T07:27:59.393+0000][9][gc,cpu      ] GC(106) User=0.03s Sys=0.00s Real=0.05s
[2022-06-29T07:27:59.393+0000][9][safepoint   ] Safepoint "G1CollectForAllocation", Time since last: 22027970954 ns, Reaching safepoint: 371730 ns, At safepoint: 54594479 ns, Total: 54966209 ns
[2022-06-29T07:28:00.395+0000][9][safepoint   ] Safepoint "Cleanup", Time since last: 1001440214 ns, Reaching safepoint: 96811 ns, At safepoint: 4208 ns, Total: 101019 ns
[2022-06-29T07:28:24.392+0000][9][safepoint   ] Safepoint "Cleanup", Time since last: 24017742192 ns, Reaching safepoint: 257637 ns, At safepoint: 9764 ns, Total: 267401 ns
[2022-06-29T07:28:52.387+0000][9][safepoint   ] Safepoint "Cleanup", Time since last: 28015644957 ns, Reaching safepoint: 204817 ns, At safepoint: 85830 ns, Total: 290647 ns
[2022-06-29T07:29:24.391+0000][9][safepoint   ] Safepoint "Cleanup", Time since last: 32026794006 ns, Reaching safepoint: 320148 ns, At safepoint: 18799 ns, Total: 338947 ns
[2022-06-29T07:29:32.211+0000][9][gc,start    ] GC(107) Pause Young (Normal) (G1 Evacuation Pause)
[2022-06-29T07:29:32.212+0000][9][gc,task     ] GC(107) Using 4 workers of 4 for evacuation
[2022-06-29T07:29:32.214+0000][9][gc,age      ] GC(107) Desired survivor size 20971520 bytes, new threshold 15 (max threshold 15)
[2022-06-29T07:29:32.221+0000][9][gc,phases   ] GC(107)   Pre Evacuate Collection Set: 0.2ms
[2022-06-29T07:29:32.222+0000][9][gc,phases   ] GC(107)   Merge Heap Roots: 0.1ms
[2022-06-29T07:29:32.223+0000][9][gc,phases   ] GC(107)   Evacuate Collection Set: 2.4ms
[2022-06-29T07:29:32.223+0000][9][gc,phases   ] GC(107)   Post Evacuate Collection Set: 1.1ms
[2022-06-29T07:29:32.224+0000][9][gc,phases   ] GC(107)   Other: 4.4ms
[2022-06-29T07:29:32.225+0000][9][gc,age      ] GC(107) Age table with threshold 15 (max threshold 15)
[2022-06-29T07:29:32.226+0000][9][gc,age      ] GC(107) - age   1:    1003048 bytes,    1003048 total
[2022-06-29T07:29:32.227+0000][9][gc,age      ] GC(107) - age   2:       2040 bytes,    1005088 total
[2022-06-29T07:29:32.228+0000][9][gc,age      ] GC(107) - age   3:      43560 bytes,    1048648 total
[2022-06-29T07:29:32.228+0000][9][gc,age      ] GC(107) - age   4:      64952 bytes,    1113600 total
[2022-06-29T07:29:32.229+0000][9][gc,age      ] GC(107) - age   5:        384 bytes,    1113984 total
[2022-06-29T07:29:32.230+0000][9][gc,age      ] GC(107) - age   6:        184 bytes,    1114168 total
[2022-06-29T07:29:32.231+0000][9][gc,age      ] GC(107) - age   7:     231568 bytes,    1345736 total
[2022-06-29T07:29:32.232+0000][9][gc,age      ] GC(107) - age   8:        816 bytes,    1346552 total
[2022-06-29T07:29:32.233+0000][9][gc,age      ] GC(107) - age   9:         80 bytes,    1346632 total
[2022-06-29T07:29:32.234+0000][9][gc,age      ] GC(107) - age  10:        512 bytes,    1347144 total
[2022-06-29T07:29:32.234+0000][9][gc,age      ] GC(107) - age  11:        784 bytes,    1347928 total
[2022-06-29T07:29:32.235+0000][9][gc,age      ] GC(107) - age  12:       2264 bytes,    1350192 total
[2022-06-29T07:29:32.236+0000][9][gc,age      ] GC(107) - age  13:        160 bytes,    1350352 total
[2022-06-29T07:29:32.237+0000][9][gc,age      ] GC(107) - age  14:        288 bytes,    1350640 total
[2022-06-29T07:29:32.238+0000][9][gc,age      ] GC(107) - age  15:        152 bytes,    1350792 total
[2022-06-29T07:29:32.239+0000][9][gc,heap     ] GC(107) Eden regions: 75->0(75)
[2022-06-29T07:29:32.240+0000][9][gc,heap     ] GC(107) Survivor regions: 1->1(10)
[2022-06-29T07:29:32.241+0000][9][gc,heap     ] GC(107) Old regions: 22->22
[2022-06-29T07:29:32.241+0000][9][gc,heap     ] GC(107) Archive regions: 2->2
[2022-06-29T07:29:32.242+0000][9][gc,heap     ] GC(107) Humongous regions: 0->0
[2022-06-29T07:29:32.243+0000][9][gc,metaspace] GC(107) Metaspace: 129855K(133120K)->129855K(133120K) NonClass: 112864K(114560K)->112864K(114560K) Class: 16991K(18560K)->16991K(18560K)
[2022-06-29T07:29:32.244+0000][9][gc          ] GC(107) Pause Young (Normal) (G1 Evacuation Pause) 391M->90M(512M) 33.057ms
[2022-06-29T07:29:32.245+0000][9][gc,cpu      ] GC(107) User=0.02s Sys=0.00s Real=0.03s
[2022-06-29T07:29:32.246+0000][9][safepoint   ] Safepoint "G1CollectForAllocation", Time since last: 7819176379 ns, Reaching safepoint: 117580 ns, At safepoint: 34926414 ns, Total: 35043994 ns
[2022-06-29T07:29:39.231+0000][9][safepoint   ] Safepoint "Cleanup", Time since last: 7007021393 ns, Reaching safepoint: 129115 ns, At safepoint: 5713 ns, Total: 134828 ns
[2022-06-29T07:30:27.252+0000][9][safepoint   ] Safepoint "Cleanup", Time since last: 48040813216 ns, Reaching safepoint: 256400 ns, At safepoint: 10644 ns, Total: 267044 ns
[2022-06-29T07:30:57.251+0000][9][safepoint   ] Safepoint "Cleanup", Time since last: 30021308085 ns, Reaching safepoint: 484661 ns, At safepoint: 233158 ns, Total: 717819 ns
[2022-06-29T07:31:08.527+0000][9][gc,start    ] GC(108) Pause Young (Normal) (G1 Evacuation Pause)
[2022-06-29T07:31:08.528+0000][9][gc,task     ] GC(108) Using 4 workers of 4 for evacuation
[2022-06-29T07:31:08.529+0000][9][gc,age      ] GC(108) Desired survivor size 20971520 bytes, new threshold 15 (max threshold 15)
[2022-06-29T07:31:08.535+0000][9][gc,phases   ] GC(108)   Pre Evacuate Collection Set: 0.3ms
[2022-06-29T07:31:08.536+0000][9][gc,phases   ] GC(108)   Merge Heap Roots: 0.1ms
[2022-06-29T07:31:08.537+0000][9][gc,phases   ] GC(108)   Evacuate Collection Set: 3.4ms
[2022-06-29T07:31:08.537+0000][9][gc,phases   ] GC(108)   Post Evacuate Collection Set: 1.5ms
[2022-06-29T07:31:08.538+0000][9][gc,phases   ] GC(108)   Other: 1.8ms
[2022-06-29T07:31:08.539+0000][9][gc,age      ] GC(108) Age table with threshold 15 (max threshold 15)
[2022-06-29T07:31:08.539+0000][9][gc,age      ] GC(108) - age   1:    1416696 bytes,    1416696 total
[2022-06-29T07:31:08.540+0000][9][gc,age      ] GC(108) - age   2:       3056 bytes,    1419752 total
[2022-06-29T07:31:08.540+0000][9][gc,age      ] GC(108) - age   3:        672 bytes,    1420424 total
[2022-06-29T07:31:08.541+0000][9][gc,age      ] GC(108) - age   4:      43008 bytes,    1463432 total
[2022-06-29T07:31:08.542+0000][9][gc,age      ] GC(108) - age   5:      64952 bytes,    1528384 total
[2022-06-29T07:31:08.542+0000][9][gc,age      ] GC(108) - age   6:        384 bytes,    1528768 total
[2022-06-29T07:31:08.543+0000][9][gc,age      ] GC(108) - age   8:     231480 bytes,    1760248 total
[2022-06-29T07:31:08.543+0000][9][gc,age      ] GC(108) - age   9:        816 bytes,    1761064 total
[2022-06-29T07:31:08.544+0000][9][gc,age      ] GC(108) - age  10:         80 bytes,    1761144 total
[2022-06-29T07:31:08.545+0000][9][gc,age      ] GC(108) - age  11:        512 bytes,    1761656 total
[2022-06-29T07:31:08.546+0000][9][gc,age      ] GC(108) - age  12:        784 bytes,    1762440 total
[2022-06-29T07:31:08.547+0000][9][gc,age      ] GC(108) - age  13:       2264 bytes,    1764704 total
[2022-06-29T07:31:08.548+0000][9][gc,age      ] GC(108) - age  14:        160 bytes,    1764864 total
[2022-06-29T07:31:08.548+0000][9][gc,age      ] GC(108) - age  15:        288 bytes,    1765152 total
[2022-06-29T07:31:08.550+0000][9][gc,heap     ] GC(108) Eden regions: 75->0(75)
[2022-06-29T07:31:08.551+0000][9][gc,heap     ] GC(108) Survivor regions: 1->1(10)
[2022-06-29T07:31:08.551+0000][9][gc,heap     ] GC(108) Old regions: 22->22
[2022-06-29T07:31:08.552+0000][9][gc,heap     ] GC(108) Archive regions: 2->2
[2022-06-29T07:31:08.553+0000][9][gc,heap     ] GC(108) Humongous regions: 0->0
[2022-06-29T07:31:08.554+0000][9][gc,metaspace] GC(108) Metaspace: 129855K(133120K)->129855K(133120K) NonClass: 112864K(114560K)->112864K(114560K) Class: 16991K(18560K)->16991K(18560K)
[2022-06-29T07:31:08.555+0000][9][gc          ] GC(108) Pause Young (Normal) (G1 Evacuation Pause) 390M->90M(512M) 27.993ms
[2022-06-29T07:31:08.556+0000][9][gc,cpu      ] GC(108) User=0.02s Sys=0.00s Real=0.03s
[2022-06-29T07:31:08.556+0000][9][safepoint   ] Safepoint "G1CollectForAllocation", Time since last: 11295994394 ns, Reaching safepoint: 175662 ns, At safepoint: 29666685 ns, Total: 29842347 ns
[2022-06-29T07:31:24.572+0000][9][safepoint   ] Safepoint "Cleanup", Time since last: 16015331160 ns, Reaching safepoint: 351316 ns, At safepoint: 37283 ns, Total: 388599 ns
[2022-06-29T07:32:32.586+0000][9][safepoint   ] Safepoint "Cleanup", Time since last: 68056809641 ns, Reaching safepoint: 164145 ns, At safepoint: 11993 ns, Total: 176138 ns
[2022-06-29T07:32:51.548+0000][9][gc,start    ] GC(109) Pause Young (Normal) (G1 Evacuation Pause)
[2022-06-29T07:32:51.549+0000][9][gc,task     ] GC(109) Using 4 workers of 4 for evacuation
[2022-06-29T07:32:51.550+0000][9][gc,age      ] GC(109) Desired survivor size 20971520 bytes, new threshold 15 (max threshold 15)
[2022-06-29T07:32:51.558+0000][9][gc,phases   ] GC(109)   Pre Evacuate Collection Set: 0.2ms
[2022-06-29T07:32:51.560+0000][9][gc,phases   ] GC(109)   Merge Heap Roots: 0.3ms
[2022-06-29T07:32:51.560+0000][9][gc,phases   ] GC(109)   Evacuate Collection Set: 6.2ms
[2022-06-29T07:32:51.562+0000][9][gc,phases   ] GC(109)   Post Evacuate Collection Set: 1.1ms
[2022-06-29T07:32:51.564+0000][9][gc,phases   ] GC(109)   Other: 1.5ms
[2022-06-29T07:32:51.565+0000][9][gc,age      ] GC(109) Age table with threshold 15 (max threshold 15)
[2022-06-29T07:32:51.565+0000][9][gc,age      ] GC(109) - age   1:    1370168 bytes,    1370168 total
[2022-06-29T07:32:51.566+0000][9][gc,age      ] GC(109) - age   2:       2112 bytes,    1372280 total
[2022-06-29T07:32:51.566+0000][9][gc,age      ] GC(109) - age   3:       2160 bytes,    1374440 total
[2022-06-29T07:32:51.567+0000][9][gc,age      ] GC(109) - age   4:        544 bytes,    1374984 total
[2022-06-29T07:32:51.567+0000][9][gc,age      ] GC(109) - age   5:      42712 bytes,    1417696 total
[2022-06-29T07:32:51.568+0000][9][gc,age      ] GC(109) - age   6:      64952 bytes,    1482648 total
[2022-06-29T07:32:51.568+0000][9][gc,age      ] GC(109) - age   7:        384 bytes,    1483032 total
[2022-06-29T07:32:51.569+0000][9][gc,age      ] GC(109) - age   9:     231480 bytes,    1714512 total
[2022-06-29T07:32:51.569+0000][9][gc,age      ] GC(109) - age  10:        816 bytes,    1715328 total
[2022-06-29T07:32:51.570+0000][9][gc,age      ] GC(109) - age  11:         80 bytes,    1715408 total
[2022-06-29T07:32:51.571+0000][9][gc,age      ] GC(109) - age  12:        512 bytes,    1715920 total
[2022-06-29T07:32:51.571+0000][9][gc,age      ] GC(109) - age  13:        600 bytes,    1716520 total
[2022-06-29T07:32:51.572+0000][9][gc,age      ] GC(109) - age  14:       2264 bytes,    1718784 total
[2022-06-29T07:32:51.573+0000][9][gc,age      ] GC(109) - age  15:        160 bytes,    1718944 total
[2022-06-29T07:32:51.573+0000][9][gc,heap     ] GC(109) Eden regions: 75->0(75)
[2022-06-29T07:32:51.574+0000][9][gc,heap     ] GC(109) Survivor regions: 1->1(10)
[2022-06-29T07:32:51.574+0000][9][gc,heap     ] GC(109) Old regions: 22->22
[2022-06-29T07:32:51.575+0000][9][gc,heap     ] GC(109) Archive regions: 2->2
[2022-06-29T07:32:51.575+0000][9][gc,heap     ] GC(109) Humongous regions: 0->0
[2022-06-29T07:32:51.576+0000][9][gc,metaspace] GC(109) Metaspace: 129857K(133120K)->129857K(133120K) NonClass: 112866K(114560K)->112866K(114560K) Class: 16991K(18560K)->16991K(18560K)
[2022-06-29T07:32:51.577+0000][9][gc          ] GC(109) Pause Young (Normal) (G1 Evacuation Pause) 390M->90M(512M) 29.008ms
[2022-06-29T07:32:51.577+0000][9][gc,cpu      ] GC(109) User=0.03s Sys=0.00s Real=0.03s
[2022-06-29T07:32:51.578+0000][9][safepoint   ] Safepoint "G1CollectForAllocation", Time since last: 18983303527 ns, Reaching safepoint: 128147 ns, At safepoint: 30696434 ns, Total: 30824581 ns
[2022-06-29T07:33:24.585+0000][9][safepoint   ] Safepoint "Cleanup", Time since last: 33026708338 ns, Reaching safepoint: 215602 ns, At safepoint: 20492 ns, Total: 236094 ns
[2022-06-29T07:34:17.106+0000][9][gc,start    ] GC(110) Pause Young (Normal) (G1 Evacuation Pause)
[2022-06-29T07:34:17.108+0000][9][gc,task     ] GC(110) Using 4 workers of 4 for evacuation
[2022-06-29T07:34:17.109+0000][9][gc,age      ] GC(110) Desired survivor size 20971520 bytes, new threshold 15 (max threshold 15)
[2022-06-29T07:34:17.118+0000][9][gc,phases   ] GC(110)   Pre Evacuate Collection Set: 0.2ms
[2022-06-29T07:34:17.119+0000][9][gc,phases   ] GC(110)   Merge Heap Roots: 0.1ms
[2022-06-29T07:34:17.119+0000][9][gc,phases   ] GC(110)   Evacuate Collection Set: 5.1ms
[2022-06-29T07:34:17.120+0000][9][gc,phases   ] GC(110)   Post Evacuate Collection Set: 1.6ms
[2022-06-29T07:34:17.122+0000][9][gc,phases   ] GC(110)   Other: 2.5ms
[2022-06-29T07:34:17.123+0000][9][gc,age      ] GC(110) Age table with threshold 15 (max threshold 15)
[2022-06-29T07:34:17.124+0000][9][gc,age      ] GC(110) - age   1:    1271336 bytes,    1271336 total
[2022-06-29T07:34:17.124+0000][9][gc,age      ] GC(110) - age   2:       2152 bytes,    1273488 total
[2022-06-29T07:34:17.125+0000][9][gc,age      ] GC(110) - age   3:        648 bytes,    1274136 total
[2022-06-29T07:34:17.126+0000][9][gc,age      ] GC(110) - age   4:       2160 bytes,    1276296 total
[2022-06-29T07:34:17.126+0000][9][gc,age      ] GC(110) - age   5:        544 bytes,    1276840 total
[2022-06-29T07:34:17.127+0000][9][gc,age      ] GC(110) - age   6:      42712 bytes,    1319552 total
[2022-06-29T07:34:17.127+0000][9][gc,age      ] GC(110) - age   7:      64952 bytes,    1384504 total
[2022-06-29T07:34:17.128+0000][9][gc,age      ] GC(110) - age   8:        384 bytes,    1384888 total
[2022-06-29T07:34:17.129+0000][9][gc,age      ] GC(110) - age  10:     231480 bytes,    1616368 total
[2022-06-29T07:34:17.129+0000][9][gc,age      ] GC(110) - age  11:        424 bytes,    1616792 total
[2022-06-29T07:34:17.130+0000][9][gc,age      ] GC(110) - age  12:         80 bytes,    1616872 total
[2022-06-29T07:34:17.130+0000][9][gc,age      ] GC(110) - age  13:        512 bytes,    1617384 total
[2022-06-29T07:34:17.131+0000][9][gc,age      ] GC(110) - age  14:        600 bytes,    1617984 total
[2022-06-29T07:34:17.132+0000][9][gc,age      ] GC(110) - age  15:       2264 bytes,    1620248 total
[2022-06-29T07:34:17.133+0000][9][gc,heap     ] GC(110) Eden regions: 75->0(75)
[2022-06-29T07:34:17.133+0000][9][gc,heap     ] GC(110) Survivor regions: 1->1(10)
[2022-06-29T07:34:17.134+0000][9][gc,heap     ] GC(110) Old regions: 22->22
[2022-06-29T07:34:17.134+0000][9][gc,heap     ] GC(110) Archive regions: 2->2
[2022-06-29T07:34:17.135+0000][9][gc,heap     ] GC(110) Humongous regions: 0->0
[2022-06-29T07:34:17.136+0000][9][gc,metaspace] GC(110) Metaspace: 129857K(133120K)->129857K(133120K) NonClass: 112866K(114560K)->112866K(114560K) Class: 16991K(18560K)->16991K(18560K)
[2022-06-29T07:34:17.137+0000][9][gc          ] GC(110) Pause Young (Normal) (G1 Evacuation Pause) 390M->90M(512M) 30.885ms
[2022-06-29T07:34:17.138+0000][9][gc,cpu      ] GC(110) User=0.02s Sys=0.00s Real=0.03s
[2022-06-29T07:34:17.139+0000][9][safepoint   ] Safepoint "G1CollectForAllocation", Time since last: 52565736727 ns, Reaching safepoint: 305098 ns, At safepoint: 32413993 ns, Total: 32719091 ns
[2022-06-29T07:34:22.143+0000][9][safepoint   ] Safepoint "Cleanup", Time since last: 5003803291 ns, Reaching safepoint: 142541 ns, At safepoint: 7999 ns, Total: 150540 ns
[2022-06-29T07:34:36.131+0000][9][safepoint   ] Safepoint "Cleanup", Time since last: 14009231644 ns, Reaching safepoint: 419515 ns, At safepoint: 21378 ns, Total: 440893 ns
[2022-06-29T07:34:56.149+0000][9][safepoint   ] Safepoint "Cleanup", Time since last: 20017969848 ns, Reaching safepoint: 214986 ns, At safepoint: 10662 ns, Total: 225648 ns
[2022-06-29T07:35:12.142+0000][9][safepoint   ] Safepoint "Cleanup", Time since last: 16014036012 ns, Reaching safepoint: 367817 ns, At safepoint: 17951 ns, Total: 385768 ns
[2022-06-29T07:35:41.057+0000][9][gc,start    ] GC(111) Pause Young (Normal) (G1 Evacuation Pause)
[2022-06-29T07:35:41.059+0000][9][gc,task     ] GC(111) Using 4 workers of 4 for evacuation
[2022-06-29T07:35:41.060+0000][9][gc,age      ] GC(111) Desired survivor size 20971520 bytes, new threshold 15 (max threshold 15)
[2022-06-29T07:35:41.065+0000][9][gc,phases   ] GC(111)   Pre Evacuate Collection Set: 0.2ms
[2022-06-29T07:35:41.066+0000][9][gc,phases   ] GC(111)   Merge Heap Roots: 0.1ms
[2022-06-29T07:35:41.067+0000][9][gc,phases   ] GC(111)   Evacuate Collection Set: 2.7ms
[2022-06-29T07:35:41.067+0000][9][gc,phases   ] GC(111)   Post Evacuate Collection Set: 1.1ms
[2022-06-29T07:35:41.068+0000][9][gc,phases   ] GC(111)   Other: 1.6ms
[2022-06-29T07:35:41.069+0000][9][gc,age      ] GC(111) Age table with threshold 15 (max threshold 15)
[2022-06-29T07:35:41.070+0000][9][gc,age      ] GC(111) - age   1:     895376 bytes,     895376 total
[2022-06-29T07:35:41.071+0000][9][gc,age      ] GC(111) - age   2:       2208 bytes,     897584 total
[2022-06-29T07:35:41.072+0000][9][gc,age      ] GC(111) - age   3:        648 bytes,     898232 total
[2022-06-29T07:35:41.072+0000][9][gc,age      ] GC(111) - age   4:        352 bytes,     898584 total
[2022-06-29T07:35:41.073+0000][9][gc,age      ] GC(111) - age   5:       2160 bytes,     900744 total
[2022-06-29T07:35:41.074+0000][9][gc,age      ] GC(111) - age   6:        544 bytes,     901288 total
[2022-06-29T07:35:41.075+0000][9][gc,age      ] GC(111) - age   7:      42712 bytes,     944000 total
[2022-06-29T07:35:41.076+0000][9][gc,age      ] GC(111) - age   8:      64952 bytes,    1008952 total
[2022-06-29T07:35:41.077+0000][9][gc,age      ] GC(111) - age   9:        200 bytes,    1009152 total
[2022-06-29T07:35:41.078+0000][9][gc,age      ] GC(111) - age  11:     231480 bytes,    1240632 total
[2022-06-29T07:35:41.078+0000][9][gc,age      ] GC(111) - age  12:        424 bytes,    1241056 total
[2022-06-29T07:35:41.080+0000][9][gc,age      ] GC(111) - age  13:         80 bytes,    1241136 total
[2022-06-29T07:35:41.081+0000][9][gc,age      ] GC(111) - age  14:        128 bytes,    1241264 total
[2022-06-29T07:35:41.081+0000][9][gc,age      ] GC(111) - age  15:        600 bytes,    1241864 total
[2022-06-29T07:35:41.082+0000][9][gc,heap     ] GC(111) Eden regions: 75->0(75)
[2022-06-29T07:35:41.083+0000][9][gc,heap     ] GC(111) Survivor regions: 1->1(10)
[2022-06-29T07:35:41.084+0000][9][gc,heap     ] GC(111) Old regions: 22->22
[2022-06-29T07:35:41.084+0000][9][gc,heap     ] GC(111) Archive regions: 2->2
[2022-06-29T07:35:41.085+0000][9][gc,heap     ] GC(111) Humongous regions: 0->0
[2022-06-29T07:35:41.086+0000][9][gc,metaspace] GC(111) Metaspace: 129859K(133120K)->129859K(133120K) NonClass: 112867K(114560K)->112867K(114560K) Class: 16991K(18560K)->16991K(18560K)
[2022-06-29T07:35:41.087+0000][9][gc          ] GC(111) Pause Young (Normal) (G1 Evacuation Pause) 390M->90M(512M) 29.944ms
[2022-06-29T07:35:41.088+0000][9][gc,cpu      ] GC(111) User=0.01s Sys=0.01s Real=0.03s
[2022-06-29T07:35:41.088+0000][9][safepoint   ] Safepoint "G1CollectForAllocation", Time since last: 28937297662 ns, Reaching safepoint: 65713 ns, At safepoint: 31481885 ns, Total: 31547598 ns
[2022-06-29T07:36:24.119+0000][9][safepoint   ] Safepoint "Cleanup", Time since last: 43051322216 ns, Reaching safepoint: 110554 ns, At safepoint: 6779 ns, Total: 117333 ns
[2022-06-29T07:36:52.117+0000][9][safepoint   ] Safepoint "Cleanup", Time since last: 28019805139 ns, Reaching safepoint: 289009 ns, At safepoint: 75018 ns, Total: 364027 ns
[2022-06-29T07:36:56.040+0000][9][gc,start    ] GC(112) Pause Young (Normal) (G1 Evacuation Pause)
[2022-06-29T07:36:56.044+0000][9][gc,task     ] GC(112) Using 4 workers of 4 for evacuation
[2022-06-29T07:36:56.045+0000][9][gc,age      ] GC(112) Desired survivor size 20971520 bytes, new threshold 15 (max threshold 15)
[2022-06-29T07:36:56.053+0000][9][gc,phases   ] GC(112)   Pre Evacuate Collection Set: 0.2ms
[2022-06-29T07:36:56.054+0000][9][gc,phases   ] GC(112)   Merge Heap Roots: 0.2ms
[2022-06-29T07:36:56.058+0000][9][gc,phases   ] GC(112)   Evacuate Collection Set: 4.3ms
[2022-06-29T07:36:56.059+0000][9][gc,phases   ] GC(112)   Post Evacuate Collection Set: 1.8ms
[2022-06-29T07:36:56.060+0000][9][gc,phases   ] GC(112)   Other: 2.5ms
[2022-06-29T07:36:56.062+0000][9][gc,age      ] GC(112) Age table with threshold 15 (max threshold 15)
[2022-06-29T07:36:56.064+0000][9][gc,age      ] GC(112) - age   1:     781032 bytes,     781032 total
[2022-06-29T07:36:56.069+0000][9][gc,age      ] GC(112) - age   2:       3496 bytes,     784528 total
[2022-06-29T07:36:56.070+0000][9][gc,age      ] GC(112) - age   3:        632 bytes,     785160 total
[2022-06-29T07:36:56.071+0000][9][gc,age      ] GC(112) - age   4:        584 bytes,     785744 total
[2022-06-29T07:36:56.075+0000][9][gc,age      ] GC(112) - age   5:        256 bytes,     786000 total
[2022-06-29T07:36:56.075+0000][9][gc,age      ] GC(112) - age   6:       2160 bytes,     788160 total
[2022-06-29T07:36:56.076+0000][9][gc,age      ] GC(112) - age   7:        544 bytes,     788704 total
[2022-06-29T07:36:56.077+0000][9][gc,age      ] GC(112) - age   8:      42712 bytes,     831416 total
[2022-06-29T07:36:56.078+0000][9][gc,age      ] GC(112) - age   9:      64952 bytes,     896368 total
[2022-06-29T07:36:56.079+0000][9][gc,age      ] GC(112) - age  10:        200 bytes,     896568 total
[2022-06-29T07:36:56.079+0000][9][gc,age      ] GC(112) - age  12:     231480 bytes,    1128048 total
[2022-06-29T07:36:56.080+0000][9][gc,age      ] GC(112) - age  13:        424 bytes,    1128472 total
[2022-06-29T07:36:56.081+0000][9][gc,age      ] GC(112) - age  14:         80 bytes,    1128552 total
[2022-06-29T07:36:56.082+0000][9][gc,age      ] GC(112) - age  15:        128 bytes,    1128680 total
[2022-06-29T07:36:56.083+0000][9][gc,heap     ] GC(112) Eden regions: 75->0(75)
[2022-06-29T07:36:56.084+0000][9][gc,heap     ] GC(112) Survivor regions: 1->1(10)
[2022-06-29T07:36:56.085+0000][9][gc,heap     ] GC(112) Old regions: 22->22
[2022-06-29T07:36:56.086+0000][9][gc,heap     ] GC(112) Archive regions: 2->2
[2022-06-29T07:36:56.087+0000][9][gc,heap     ] GC(112) Humongous regions: 0->0
[2022-06-29T07:36:56.087+0000][9][gc,metaspace] GC(112) Metaspace: 129859K(133120K)->129859K(133120K) NonClass: 112868K(114560K)->112868K(114560K) Class: 16991K(18560K)->16991K(18560K)
[2022-06-29T07:36:56.091+0000][9][gc          ] GC(112) Pause Young (Normal) (G1 Evacuation Pause) 390M->90M(512M) 50.515ms
[2022-06-29T07:36:56.096+0000][9][gc,cpu      ] GC(112) User=0.01s Sys=0.01s Real=0.05s
[2022-06-29T07:36:56.098+0000][9][safepoint   ] Safepoint "G1CollectForAllocation", Time since last: 3922576430 ns, Reaching safepoint: 110481 ns, At safepoint: 57870877 ns, Total: 57981358 ns
[2022-06-29T07:37:33.110+0000][9][safepoint   ] Safepoint "Cleanup", Time since last: 37032037107 ns, Reaching safepoint: 124224 ns, At safepoint: 37131 ns, Total: 161355 ns
[2022-06-29T07:38:16.985+0000][9][gc,start    ] GC(113) Pause Young (Normal) (G1 Evacuation Pause)
[2022-06-29T07:38:16.986+0000][9][gc,task     ] GC(113) Using 4 workers of 4 for evacuation
[2022-06-29T07:38:16.987+0000][9][gc,age      ] GC(113) Desired survivor size 20971520 bytes, new threshold 15 (max threshold 15)
[2022-06-29T07:38:16.994+0000][9][gc,phases   ] GC(113)   Pre Evacuate Collection Set: 0.2ms
[2022-06-29T07:38:16.994+0000][9][gc,phases   ] GC(113)   Merge Heap Roots: 0.1ms
[2022-06-29T07:38:16.995+0000][9][gc,phases   ] GC(113)   Evacuate Collection Set: 2.0ms
[2022-06-29T07:38:16.996+0000][9][gc,phases   ] GC(113)   Post Evacuate Collection Set: 1.3ms
[2022-06-29T07:38:16.996+0000][9][gc,phases   ] GC(113)   Other: 3.8ms
[2022-06-29T07:38:16.997+0000][9][gc,age      ] GC(113) Age table with threshold 15 (max threshold 15)
[2022-06-29T07:38:17.000+0000][9][gc,age      ] GC(113) - age   1:     339376 bytes,     339376 total
[2022-06-29T07:38:17.001+0000][9][gc,age      ] GC(113) - age   2:       1672 bytes,     341048 total
[2022-06-29T07:38:17.003+0000][9][gc,age      ] GC(113) - age   3:       1960 bytes,     343008 total
[2022-06-29T07:38:17.004+0000][9][gc,age      ] GC(113) - age   4:        568 bytes,     343576 total
[2022-06-29T07:38:17.005+0000][9][gc,age      ] GC(113) - age   5:        584 bytes,     344160 total
[2022-06-29T07:38:17.006+0000][9][gc,age      ] GC(113) - age   6:        256 bytes,     344416 total
[2022-06-29T07:38:17.007+0000][9][gc,age      ] GC(113) - age   7:       2160 bytes,     346576 total
[2022-06-29T07:38:17.007+0000][9][gc,age      ] GC(113) - age   8:        544 bytes,     347120 total
[2022-06-29T07:38:17.008+0000][9][gc,age      ] GC(113) - age   9:      42712 bytes,     389832 total
[2022-06-29T07:38:17.008+0000][9][gc,age      ] GC(113) - age  10:      64952 bytes,     454784 total
[2022-06-29T07:38:17.010+0000][9][gc,age      ] GC(113) - age  11:        200 bytes,     454984 total
[2022-06-29T07:38:17.011+0000][9][gc,age      ] GC(113) - age  13:     231480 bytes,     686464 total
[2022-06-29T07:38:17.012+0000][9][gc,age      ] GC(113) - age  14:        424 bytes,     686888 total
[2022-06-29T07:38:17.013+0000][9][gc,age      ] GC(113) - age  15:         80 bytes,     686968 total
[2022-06-29T07:38:17.013+0000][9][gc,heap     ] GC(113) Eden regions: 75->0(75)
[2022-06-29T07:38:17.014+0000][9][gc,heap     ] GC(113) Survivor regions: 1->1(10)
[2022-06-29T07:38:17.015+0000][9][gc,heap     ] GC(113) Old regions: 22->22
[2022-06-29T07:38:17.015+0000][9][gc,heap     ] GC(113) Archive regions: 2->2
[2022-06-29T07:38:17.016+0000][9][gc,heap     ] GC(113) Humongous regions: 0->0
[2022-06-29T07:38:17.016+0000][9][gc,metaspace] GC(113) Metaspace: 129859K(133120K)->129859K(133120K) NonClass: 112868K(114560K)->112868K(114560K) Class: 16991K(18560K)->16991K(18560K)
[2022-06-29T07:38:17.017+0000][9][gc          ] GC(113) Pause Young (Normal) (G1 Evacuation Pause) 390M->89M(512M) 32.115ms
[2022-06-29T07:38:17.018+0000][9][gc,cpu      ] GC(113) User=0.01s Sys=0.00s Real=0.03s
[2022-06-29T07:38:17.019+0000][9][safepoint   ] Safepoint "G1CollectForAllocation", Time since last: 43919643569 ns, Reaching safepoint: 214730 ns, At safepoint: 33654596 ns, Total: 33869326 ns
[2022-06-29T07:38:24.023+0000][9][safepoint   ] Safepoint "Cleanup", Time since last: 7004585587 ns, Reaching safepoint: 120333 ns, At safepoint: 4702 ns, Total: 125035 ns
[2022-06-29T07:38:56.027+0000][9][safepoint   ] Safepoint "Cleanup", Time since last: 32025466314 ns, Reaching safepoint: 276568 ns, At safepoint: 17639 ns, Total: 294207 ns
[2022-06-29T07:39:24.029+0000][9][safepoint   ] Safepoint "Cleanup", Time since last: 28024245685 ns, Reaching safepoint: 191190 ns, At safepoint: 7972 ns, Total: 199162 ns
[2022-06-29T07:39:40.976+0000][9][gc,start    ] GC(114) Pause Young (Normal) (G1 Evacuation Pause)
[2022-06-29T07:39:40.979+0000][9][gc,task     ] GC(114) Using 4 workers of 4 for evacuation
[2022-06-29T07:39:40.980+0000][9][gc,age      ] GC(114) Desired survivor size 20971520 bytes, new threshold 15 (max threshold 15)
[2022-06-29T07:39:40.984+0000][9][gc,phases   ] GC(114)   Pre Evacuate Collection Set: 0.2ms
[2022-06-29T07:39:40.985+0000][9][gc,phases   ] GC(114)   Merge Heap Roots: 0.1ms
[2022-06-29T07:39:40.986+0000][9][gc,phases   ] GC(114)   Evacuate Collection Set: 2.8ms
[2022-06-29T07:39:40.986+0000][9][gc,phases   ] GC(114)   Post Evacuate Collection Set: 0.9ms
[2022-06-29T07:39:40.987+0000][9][gc,phases   ] GC(114)   Other: 1.6ms
[2022-06-29T07:39:40.987+0000][9][gc,age      ] GC(114) Age table with threshold 15 (max threshold 15)
[2022-06-29T07:39:40.988+0000][9][gc,age      ] GC(114) - age   1:    1215936 bytes,    1215936 total
[2022-06-29T07:39:40.989+0000][9][gc,age      ] GC(114) - age   2:        664 bytes,    1216600 total
[2022-06-29T07:39:40.989+0000][9][gc,age      ] GC(114) - age   3:        976 bytes,    1217576 total
[2022-06-29T07:39:40.990+0000][9][gc,age      ] GC(114) - age   4:       1640 bytes,    1219216 total
[2022-06-29T07:39:40.990+0000][9][gc,age      ] GC(114) - age   5:        568 bytes,    1219784 total
[2022-06-29T07:39:40.991+0000][9][gc,age      ] GC(114) - age   6:        584 bytes,    1220368 total
[2022-06-29T07:39:40.992+0000][9][gc,age      ] GC(114) - age   7:        256 bytes,    1220624 total
[2022-06-29T07:39:40.993+0000][9][gc,age      ] GC(114) - age   8:        448 bytes,    1221072 total
[2022-06-29T07:39:40.993+0000][9][gc,age      ] GC(114) - age   9:        544 bytes,    1221616 total
[2022-06-29T07:39:40.994+0000][9][gc,age      ] GC(114) - age  10:      42712 bytes,    1264328 total
[2022-06-29T07:39:40.995+0000][9][gc,age      ] GC(114) - age  11:      64768 bytes,    1329096 total
[2022-06-29T07:39:40.995+0000][9][gc,age      ] GC(114) - age  12:        200 bytes,    1329296 total
[2022-06-29T07:39:40.996+0000][9][gc,age      ] GC(114) - age  14:     231480 bytes,    1560776 total
[2022-06-29T07:39:40.997+0000][9][gc,age      ] GC(114) - age  15:        392 bytes,    1561168 total
[2022-06-29T07:39:40.998+0000][9][gc,heap     ] GC(114) Eden regions: 75->0(75)
[2022-06-29T07:39:40.999+0000][9][gc,heap     ] GC(114) Survivor regions: 1->1(10)
[2022-06-29T07:39:40.999+0000][9][gc,heap     ] GC(114) Old regions: 22->22
[2022-06-29T07:39:41.000+0000][9][gc,heap     ] GC(114) Archive regions: 2->2
[2022-06-29T07:39:41.000+0000][9][gc,heap     ] GC(114) Humongous regions: 0->0
[2022-06-29T07:39:41.001+0000][9][gc,metaspace] GC(114) Metaspace: 129861K(133120K)->129861K(133120K) NonClass: 112870K(114560K)->112870K(114560K) Class: 16991K(18560K)->16991K(18560K)
[2022-06-29T07:39:41.002+0000][9][gc          ] GC(114) Pause Young (Normal) (G1 Evacuation Pause) 389M->90M(512M) 25.278ms
[2022-06-29T07:39:41.003+0000][9][gc,cpu      ] GC(114) User=0.01s Sys=0.00s Real=0.02s
[2022-06-29T07:39:41.003+0000][9][safepoint   ] Safepoint "G1CollectForAllocation", Time since last: 16967545200 ns, Reaching safepoint: 88196 ns, At safepoint: 26761704 ns, Total: 26849900 ns
[2022-06-29T07:40:35.020+0000][9][safepoint   ] Safepoint "Cleanup", Time since last: 54059749093 ns, Reaching safepoint: 340690 ns, At safepoint: 7977 ns, Total: 348667 ns
[2022-06-29T07:40:36.027+0000][9][safepoint   ] Safepoint "Cleanup", Time since last: 1006264582 ns, Reaching safepoint: 228410 ns, At safepoint: 10478 ns, Total: 238888 ns
[2022-06-29T07:40:53.041+0000][9][safepoint   ] Safepoint "Cleanup", Time since last: 17010870962 ns, Reaching safepoint: 3005583 ns, At safepoint: 62121 ns, Total: 3067704 ns
[2022-06-29T07:40:54.043+0000][9][safepoint   ] Safepoint "Cleanup", Time since last: 1001964657 ns, Reaching safepoint: 560382 ns, At safepoint: 32819 ns, Total: 593201 ns
[2022-06-29T07:40:56.047+0000][9][safepoint   ] Safepoint "Cleanup", Time since last: 2004088838 ns, Reaching safepoint: 182176 ns, At safepoint: 22053 ns, Total: 204229 ns
[2022-06-29T07:40:57.060+0000][9][safepoint   ] Safepoint "Cleanup", Time since last: 1012031533 ns, Reaching safepoint: 163815 ns, At safepoint: 7764 ns, Total: 171579 ns
[2022-06-29T07:40:58.971+0000][9][gc,start    ] GC(115) Pause Young (Normal) (G1 Evacuation Pause)
[2022-06-29T07:40:58.974+0000][9][gc,task     ] GC(115) Using 4 workers of 4 for evacuation
[2022-06-29T07:40:58.977+0000][9][gc,age      ] GC(115) Desired survivor size 20971520 bytes, new threshold 15 (max threshold 15)
[2022-06-29T07:40:58.983+0000][9][gc,phases   ] GC(115)   Pre Evacuate Collection Set: 0.2ms
[2022-06-29T07:40:58.984+0000][9][gc,phases   ] GC(115)   Merge Heap Roots: 0.2ms
[2022-06-29T07:40:58.984+0000][9][gc,phases   ] GC(115)   Evacuate Collection Set: 3.2ms
[2022-06-29T07:40:58.985+0000][9][gc,phases   ] GC(115)   Post Evacuate Collection Set: 1.8ms
[2022-06-29T07:40:58.986+0000][9][gc,phases   ] GC(115)   Other: 3.5ms
[2022-06-29T07:40:58.987+0000][9][gc,age      ] GC(115) Age table with threshold 15 (max threshold 15)
[2022-06-29T07:40:58.987+0000][9][gc,age      ] GC(115) - age   1:     941976 bytes,     941976 total
[2022-06-29T07:40:58.988+0000][9][gc,age      ] GC(115) - age   2:       3256 bytes,     945232 total
[2022-06-29T07:40:58.989+0000][9][gc,age      ] GC(115) - age   3:         24 bytes,     945256 total
[2022-06-29T07:40:58.990+0000][9][gc,age      ] GC(115) - age   4:        752 bytes,     946008 total
[2022-06-29T07:40:58.993+0000][9][gc,age      ] GC(115) - age   5:       1640 bytes,     947648 total
[2022-06-29T07:40:58.995+0000][9][gc,age      ] GC(115) - age   6:        536 bytes,     948184 total
[2022-06-29T07:40:58.996+0000][9][gc,age      ] GC(115) - age   7:        584 bytes,     948768 total
[2022-06-29T07:40:58.997+0000][9][gc,age      ] GC(115) - age   8:        256 bytes,     949024 total
[2022-06-29T07:40:58.998+0000][9][gc,age      ] GC(115) - age   9:        448 bytes,     949472 total
[2022-06-29T07:40:58.998+0000][9][gc,age      ] GC(115) - age  10:        544 bytes,     950016 total
[2022-06-29T07:40:58.999+0000][9][gc,age      ] GC(115) - age  11:      42712 bytes,     992728 total
[2022-06-29T07:40:59.000+0000][9][gc,age      ] GC(115) - age  12:      64768 bytes,    1057496 total
[2022-06-29T07:40:59.001+0000][9][gc,age      ] GC(115) - age  13:        200 bytes,    1057696 total
[2022-06-29T07:40:59.002+0000][9][gc,age      ] GC(115) - age  15:     231480 bytes,    1289176 total
[2022-06-29T07:40:59.003+0000][9][gc,heap     ] GC(115) Eden regions: 75->0(75)
[2022-06-29T07:40:59.004+0000][9][gc,heap     ] GC(115) Survivor regions: 1->1(10)
[2022-06-29T07:40:59.004+0000][9][gc,heap     ] GC(115) Old regions: 22->22
[2022-06-29T07:40:59.005+0000][9][gc,heap     ] GC(115) Archive regions: 2->2
[2022-06-29T07:40:59.006+0000][9][gc,heap     ] GC(115) Humongous regions: 0->0
[2022-06-29T07:40:59.006+0000][9][gc,metaspace] GC(115) Metaspace: 129863K(133120K)->129863K(133120K) NonClass: 112872K(114560K)->112872K(114560K) Class: 16991K(18560K)->16991K(18560K)
[2022-06-29T07:40:59.007+0000][9][gc          ] GC(115) Pause Young (Normal) (G1 Evacuation Pause) 390M->90M(512M) 35.606ms
[2022-06-29T07:40:59.008+0000][9][gc,cpu      ] GC(115) User=0.01s Sys=0.00s Real=0.04s
[2022-06-29T07:40:59.008+0000][9][safepoint   ] Safepoint "G1CollectForAllocation", Time since last: 1911345872 ns, Reaching safepoint: 224430 ns, At safepoint: 37177944 ns, Total: 37402374 ns
[2022-06-29T07:41:08.000+0000][9][safepoint   ] Safepoint "Cleanup", Time since last: 9011874859 ns, Reaching safepoint: 125697 ns, At safepoint: 8026 ns, Total: 133723 ns
[2022-06-29T07:42:03.997+0000][9][safepoint   ] Safepoint "Cleanup", Time since last: 56041068467 ns, Reaching safepoint: 179352 ns, At safepoint: 142075 ns, Total: 321427 ns
[2022-06-29T07:42:17.466+0000][9][gc,start    ] GC(116) Pause Young (Normal) (G1 Evacuation Pause)
[2022-06-29T07:42:17.467+0000][9][gc,task     ] GC(116) Using 4 workers of 4 for evacuation
[2022-06-29T07:42:17.468+0000][9][gc,age      ] GC(116) Desired survivor size 20971520 bytes, new threshold 15 (max threshold 15)
[2022-06-29T07:42:17.486+0000][9][gc,phases   ] GC(116)   Pre Evacuate Collection Set: 0.2ms
[2022-06-29T07:42:17.487+0000][9][gc,phases   ] GC(116)   Merge Heap Roots: 0.1ms
[2022-06-29T07:42:17.488+0000][9][gc,phases   ] GC(116)   Evacuate Collection Set: 16.5ms
[2022-06-29T07:42:17.489+0000][9][gc,phases   ] GC(116)   Post Evacuate Collection Set: 1.0ms
[2022-06-29T07:42:17.489+0000][9][gc,phases   ] GC(116)   Other: 1.7ms
[2022-06-29T07:42:17.490+0000][9][gc,age      ] GC(116) Age table with threshold 15 (max threshold 15)
[2022-06-29T07:42:17.491+0000][9][gc,age      ] GC(116) - age   1:     688456 bytes,     688456 total
[2022-06-29T07:42:17.491+0000][9][gc,age      ] GC(116) - age   2:       1352 bytes,     689808 total
[2022-06-29T07:42:17.492+0000][9][gc,age      ] GC(116) - age   3:       2016 bytes,     691824 total
[2022-06-29T07:42:17.492+0000][9][gc,age      ] GC(116) - age   4:         24 bytes,     691848 total
[2022-06-29T07:42:17.493+0000][9][gc,age      ] GC(116) - age   5:        368 bytes,     692216 total
[2022-06-29T07:42:17.493+0000][9][gc,age      ] GC(116) - age   6:       1640 bytes,     693856 total
[2022-06-29T07:42:17.494+0000][9][gc,age      ] GC(116) - age   7:        536 bytes,     694392 total
[2022-06-29T07:42:17.495+0000][9][gc,age      ] GC(116) - age   8:        584 bytes,     694976 total
[2022-06-29T07:42:17.495+0000][9][gc,age      ] GC(116) - age   9:        256 bytes,     695232 total
[2022-06-29T07:42:17.496+0000][9][gc,age      ] GC(116) - age  10:        448 bytes,     695680 total
[2022-06-29T07:42:17.497+0000][9][gc,age      ] GC(116) - age  11:        544 bytes,     696224 total
[2022-06-29T07:42:17.498+0000][9][gc,age      ] GC(116) - age  12:      42712 bytes,     738936 total
[2022-06-29T07:42:17.498+0000][9][gc,age      ] GC(116) - age  13:      64768 bytes,     803704 total
[2022-06-29T07:42:17.499+0000][9][gc,age      ] GC(116) - age  14:        200 bytes,     803904 total
[2022-06-29T07:42:17.500+0000][9][gc,heap     ] GC(116) Eden regions: 75->0(75)
[2022-06-29T07:42:17.500+0000][9][gc,heap     ] GC(116) Survivor regions: 1->1(10)
[2022-06-29T07:42:17.501+0000][9][gc,heap     ] GC(116) Old regions: 22->22
[2022-06-29T07:42:17.502+0000][9][gc,heap     ] GC(116) Archive regions: 2->2
[2022-06-29T07:42:17.503+0000][9][gc,heap     ] GC(116) Humongous regions: 0->0
[2022-06-29T07:42:17.503+0000][9][gc,metaspace] GC(116) Metaspace: 129880K(133184K)->129880K(133184K) NonClass: 112886K(114624K)->112886K(114624K) Class: 16994K(18560K)->16994K(18560K)
[2022-06-29T07:42:17.504+0000][9][gc          ] GC(116) Pause Young (Normal) (G1 Evacuation Pause) 390M->90M(512M) 38.401ms
[2022-06-29T07:42:17.505+0000][9][gc,cpu      ] GC(116) User=0.04s Sys=0.00s Real=0.04s
[2022-06-29T07:42:17.506+0000][9][safepoint   ] Safepoint "G1CollectForAllocation", Time since last: 13468522280 ns, Reaching safepoint: 139532 ns, At safepoint: 40545657 ns, Total: 40685189 ns
[2022-06-29T07:43:41.902+0000][9][gc,start    ] GC(117) Pause Young (Normal) (G1 Evacuation Pause)
[2022-06-29T07:43:41.908+0000][9][gc,task     ] GC(117) Using 4 workers of 4 for evacuation
[2022-06-29T07:43:41.909+0000][9][gc,age      ] GC(117) Desired survivor size 20971520 bytes, new threshold 15 (max threshold 15)
[2022-06-29T07:43:41.915+0000][9][gc,phases   ] GC(117)   Pre Evacuate Collection Set: 0.2ms
[2022-06-29T07:43:41.916+0000][9][gc,phases   ] GC(117)   Merge Heap Roots: 0.1ms
[2022-06-29T07:43:41.916+0000][9][gc,phases   ] GC(117)   Evacuate Collection Set: 3.7ms
[2022-06-29T07:43:41.917+0000][9][gc,phases   ] GC(117)   Post Evacuate Collection Set: 1.1ms
[2022-06-29T07:43:41.918+0000][9][gc,phases   ] GC(117)   Other: 2.1ms
[2022-06-29T07:43:41.918+0000][9][gc,age      ] GC(117) Age table with threshold 15 (max threshold 15)
[2022-06-29T07:43:41.919+0000][9][gc,age      ] GC(117) - age   1:    1536808 bytes,    1536808 total
[2022-06-29T07:43:41.919+0000][9][gc,age      ] GC(117) - age   2:       4200 bytes,    1541008 total
[2022-06-29T07:43:41.920+0000][9][gc,age      ] GC(117) - age   3:        344 bytes,    1541352 total
[2022-06-29T07:43:41.921+0000][9][gc,age      ] GC(117) - age   4:       1720 bytes,    1543072 total
[2022-06-29T07:43:41.921+0000][9][gc,age      ] GC(117) - age   5:         24 bytes,    1543096 total
[2022-06-29T07:43:41.922+0000][9][gc,age      ] GC(117) - age   6:        368 bytes,    1543464 total
[2022-06-29T07:43:41.923+0000][9][gc,age      ] GC(117) - age   7:       1640 bytes,    1545104 total
[2022-06-29T07:43:41.923+0000][9][gc,age      ] GC(117) - age   8:        536 bytes,    1545640 total
[2022-06-29T07:43:41.924+0000][9][gc,age      ] GC(117) - age   9:        400 bytes,    1546040 total
[2022-06-29T07:43:41.925+0000][9][gc,age      ] GC(117) - age  10:        256 bytes,    1546296 total
[2022-06-29T07:43:41.926+0000][9][gc,age      ] GC(117) - age  11:        448 bytes,    1546744 total
[2022-06-29T07:43:41.927+0000][9][gc,age      ] GC(117) - age  12:        544 bytes,    1547288 total
[2022-06-29T07:43:41.927+0000][9][gc,age      ] GC(117) - age  13:      42712 bytes,    1590000 total
[2022-06-29T07:43:41.928+0000][9][gc,age      ] GC(117) - age  14:      64768 bytes,    1654768 total
[2022-06-29T07:43:41.928+0000][9][gc,age      ] GC(117) - age  15:        200 bytes,    1654968 total
[2022-06-29T07:43:41.929+0000][9][gc,heap     ] GC(117) Eden regions: 75->0(75)
[2022-06-29T07:43:41.930+0000][9][gc,heap     ] GC(117) Survivor regions: 1->1(10)
[2022-06-29T07:43:41.930+0000][9][gc,heap     ] GC(117) Old regions: 22->22
[2022-06-29T07:43:41.931+0000][9][gc,heap     ] GC(117) Archive regions: 2->2
[2022-06-29T07:43:41.931+0000][9][gc,heap     ] GC(117) Humongous regions: 0->0
[2022-06-29T07:43:41.932+0000][9][gc,metaspace] GC(117) Metaspace: 129880K(133184K)->129880K(133184K) NonClass: 112886K(114624K)->112886K(114624K) Class: 16994K(18560K)->16994K(18560K)
[2022-06-29T07:43:41.934+0000][9][gc          ] GC(117) Pause Young (Normal) (G1 Evacuation Pause) 390M->91M(512M) 32.321ms
[2022-06-29T07:43:41.935+0000][9][gc,cpu      ] GC(117) User=0.02s Sys=0.00s Real=0.03s
[2022-06-29T07:43:41.936+0000][9][safepoint   ] Safepoint "G1CollectForAllocation", Time since last: 84458255479 ns, Reaching safepoint: 154424 ns, At safepoint: 34646722 ns, Total: 34801146 ns
[2022-06-29T07:44:59.010+0000][9][gc,start    ] GC(118) Pause Young (Normal) (G1 Evacuation Pause)
[2022-06-29T07:44:59.019+0000][9][gc,task     ] GC(118) Using 4 workers of 4 for evacuation
[2022-06-29T07:44:59.029+0000][9][gc,age      ] GC(118) Desired survivor size 20971520 bytes, new threshold 15 (max threshold 15)
[2022-06-29T07:44:59.045+0000][9][gc,phases   ] GC(118)   Pre Evacuate Collection Set: 0.3ms
[2022-06-29T07:44:59.047+0000][9][gc,phases   ] GC(118)   Merge Heap Roots: 0.7ms
[2022-06-29T07:44:59.048+0000][9][gc,phases   ] GC(118)   Evacuate Collection Set: 10.0ms
[2022-06-29T07:44:59.049+0000][9][gc,phases   ] GC(118)   Post Evacuate Collection Set: 2.3ms
[2022-06-29T07:44:59.050+0000][9][gc,phases   ] GC(118)   Other: 12.5ms
[2022-06-29T07:44:59.051+0000][9][gc,age      ] GC(118) Age table with threshold 15 (max threshold 15)
[2022-06-29T07:44:59.052+0000][9][gc,age      ] GC(118) - age   1:    1623840 bytes,    1623840 total
[2022-06-29T07:44:59.053+0000][9][gc,age      ] GC(118) - age   2:       1984 bytes,    1625824 total
[2022-06-29T07:44:59.054+0000][9][gc,age      ] GC(118) - age   3:       3048 bytes,    1628872 total
[2022-06-29T07:44:59.055+0000][9][gc,age      ] GC(118) - age   4:        280 bytes,    1629152 total
[2022-06-29T07:44:59.056+0000][9][gc,age      ] GC(118) - age   5:       1720 bytes,    1630872 total
[2022-06-29T07:44:59.057+0000][9][gc,age      ] GC(118) - age   6:         24 bytes,    1630896 total
[2022-06-29T07:44:59.058+0000][9][gc,age      ] GC(118) - age   7:        368 bytes,    1631264 total
[2022-06-29T07:44:59.058+0000][9][gc,age      ] GC(118) - age   8:       1640 bytes,    1632904 total
[2022-06-29T07:44:59.059+0000][9][gc,age      ] GC(118) - age   9:        536 bytes,    1633440 total
[2022-06-29T07:44:59.059+0000][9][gc,age      ] GC(118) - age  10:        400 bytes,    1633840 total
[2022-06-29T07:44:59.060+0000][9][gc,age      ] GC(118) - age  11:        256 bytes,    1634096 total
[2022-06-29T07:44:59.061+0000][9][gc,age      ] GC(118) - age  12:        448 bytes,    1634544 total
[2022-06-29T07:44:59.061+0000][9][gc,age      ] GC(118) - age  13:        544 bytes,    1635088 total
[2022-06-29T07:44:59.062+0000][9][gc,age      ] GC(118) - age  14:      42712 bytes,    1677800 total
[2022-06-29T07:44:59.063+0000][9][gc,age      ] GC(118) - age  15:      64768 bytes,    1742568 total
[2022-06-29T07:44:59.064+0000][9][gc,heap     ] GC(118) Eden regions: 75->0(75)
[2022-06-29T07:44:59.064+0000][9][gc,heap     ] GC(118) Survivor regions: 1->1(10)
[2022-06-29T07:44:59.065+0000][9][gc,heap     ] GC(118) Old regions: 22->22
[2022-06-29T07:44:59.065+0000][9][gc,heap     ] GC(118) Archive regions: 2->2
[2022-06-29T07:44:59.066+0000][9][gc,heap     ] GC(118) Humongous regions: 0->0
[2022-06-29T07:44:59.067+0000][9][gc,metaspace] GC(118) Metaspace: 129881K(133184K)->129881K(133184K) NonClass: 112887K(114624K)->112887K(114624K) Class: 16994K(18560K)->16994K(18560K)
[2022-06-29T07:44:59.069+0000][9][gc          ] GC(118) Pause Young (Normal) (G1 Evacuation Pause) 391M->91M(512M) 58.751ms
[2022-06-29T07:44:59.069+0000][9][gc,cpu      ] GC(118) User=0.04s Sys=0.00s Real=0.06s
[2022-06-29T07:44:59.070+0000][9][safepoint   ] Safepoint "G1CollectForAllocation", Time since last: 77117283209 ns, Reaching safepoint: 95925 ns, At safepoint: 60229945 ns, Total: 60325870 ns
[2022-06-29T07:45:24.069+0000][9][safepoint   ] Safepoint "Cleanup", Time since last: 25020592057 ns, Reaching safepoint: 158197 ns, At safepoint: 9978 ns, Total: 168175 ns
[2022-06-29T07:45:34.060+0000][9][safepoint   ] Safepoint "Cleanup", Time since last: 10012467372 ns, Reaching safepoint: 197699 ns, At safepoint: 12744 ns, Total: 210443 ns
[2022-06-29T07:45:53.079+0000][9][safepoint   ] Safepoint "Cleanup", Time since last: 19018650451 ns, Reaching safepoint: 382838 ns, At safepoint: 36131 ns, Total: 418969 ns
[2022-06-29T07:46:19.790+0000][9][gc,start    ] GC(119) Pause Young (Normal) (G1 Evacuation Pause)
[2022-06-29T07:46:19.792+0000][9][gc,task     ] GC(119) Using 4 workers of 4 for evacuation
[2022-06-29T07:46:19.793+0000][9][gc,age      ] GC(119) Desired survivor size 20971520 bytes, new threshold 15 (max threshold 15)
[2022-06-29T07:46:19.798+0000][9][gc,phases   ] GC(119)   Pre Evacuate Collection Set: 0.1ms
[2022-06-29T07:46:19.799+0000][9][gc,phases   ] GC(119)   Merge Heap Roots: 0.1ms
[2022-06-29T07:46:19.799+0000][9][gc,phases   ] GC(119)   Evacuate Collection Set: 2.7ms
[2022-06-29T07:46:19.800+0000][9][gc,phases   ] GC(119)   Post Evacuate Collection Set: 1.0ms
[2022-06-29T07:46:19.801+0000][9][gc,phases   ] GC(119)   Other: 2.1ms
[2022-06-29T07:46:19.802+0000][9][gc,age      ] GC(119) Age table with threshold 15 (max threshold 15)
[2022-06-29T07:46:19.803+0000][9][gc,age      ] GC(119) - age   1:    1247480 bytes,    1247480 total
[2022-06-29T07:46:19.805+0000][9][gc,age      ] GC(119) - age   2:       2168 bytes,    1249648 total
[2022-06-29T07:46:19.805+0000][9][gc,age      ] GC(119) - age   3:        512 bytes,    1250160 total
[2022-06-29T07:46:19.806+0000][9][gc,age      ] GC(119) - age   4:       2728 bytes,    1252888 total
[2022-06-29T07:46:19.807+0000][9][gc,age      ] GC(119) - age   5:        184 bytes,    1253072 total
[2022-06-29T07:46:19.808+0000][9][gc,age      ] GC(119) - age   6:       1720 bytes,    1254792 total
[2022-06-29T07:46:19.808+0000][9][gc,age      ] GC(119) - age   7:         24 bytes,    1254816 total
[2022-06-29T07:46:19.809+0000][9][gc,age      ] GC(119) - age   8:        368 bytes,    1255184 total
[2022-06-29T07:46:19.809+0000][9][gc,age      ] GC(119) - age   9:       1640 bytes,    1256824 total
[2022-06-29T07:46:19.810+0000][9][gc,age      ] GC(119) - age  10:        536 bytes,    1257360 total
[2022-06-29T07:46:19.811+0000][9][gc,age      ] GC(119) - age  11:        400 bytes,    1257760 total
[2022-06-29T07:46:19.812+0000][9][gc,age      ] GC(119) - age  12:        256 bytes,    1258016 total
[2022-06-29T07:46:19.813+0000][9][gc,age      ] GC(119) - age  13:        448 bytes,    1258464 total
[2022-06-29T07:46:19.813+0000][9][gc,age      ] GC(119) - age  14:        544 bytes,    1259008 total
[2022-06-29T07:46:19.814+0000][9][gc,age      ] GC(119) - age  15:      42712 bytes,    1301720 total
[2022-06-29T07:46:19.815+0000][9][gc,heap     ] GC(119) Eden regions: 75->0(75)
[2022-06-29T07:46:19.815+0000][9][gc,heap     ] GC(119) Survivor regions: 1->1(10)
[2022-06-29T07:46:19.816+0000][9][gc,heap     ] GC(119) Old regions: 22->22
[2022-06-29T07:46:19.817+0000][9][gc,heap     ] GC(119) Archive regions: 2->2
[2022-06-29T07:46:19.818+0000][9][gc,heap     ] GC(119) Humongous regions: 0->0
[2022-06-29T07:46:19.818+0000][9][gc,metaspace] GC(119) Metaspace: 129884K(133184K)->129884K(133184K) NonClass: 112890K(114624K)->112890K(114624K) Class: 16994K(18560K)->16994K(18560K)
[2022-06-29T07:46:19.819+0000][9][gc          ] GC(119) Pause Young (Normal) (G1 Evacuation Pause) 391M->90M(512M) 28.518ms
[2022-06-29T07:46:19.820+0000][9][gc,cpu      ] GC(119) User=0.01s Sys=0.00s Real=0.03s
[2022-06-29T07:46:19.820+0000][9][safepoint   ] Safepoint "G1CollectForAllocation", Time since last: 26734018315 ns, Reaching safepoint: 100149 ns, At safepoint: 29843049 ns, Total: 29943198 ns
[2022-06-29T07:46:25.826+0000][9][safepoint   ] Safepoint "Cleanup", Time since last: 6005601841 ns, Reaching safepoint: 123102 ns, At safepoint: 7958 ns, Total: 131060 ns
[2022-06-29T07:46:55.827+0000][9][safepoint   ] Safepoint "Cleanup", Time since last: 30022203788 ns, Reaching safepoint: 184879 ns, At safepoint: 15404 ns, Total: 200283 ns
[2022-06-29T07:47:37.753+0000][9][gc,start    ] GC(120) Pause Young (Normal) (G1 Evacuation Pause)
[2022-06-29T07:47:37.755+0000][9][gc,task     ] GC(120) Using 4 workers of 4 for evacuation
[2022-06-29T07:47:37.755+0000][9][gc,age      ] GC(120) Desired survivor size 20971520 bytes, new threshold 15 (max threshold 15)
[2022-06-29T07:47:37.760+0000][9][gc,phases   ] GC(120)   Pre Evacuate Collection Set: 0.1ms
[2022-06-29T07:47:37.761+0000][9][gc,phases   ] GC(120)   Merge Heap Roots: 0.1ms
[2022-06-29T07:47:37.761+0000][9][gc,phases   ] GC(120)   Evacuate Collection Set: 2.4ms
[2022-06-29T07:47:37.763+0000][9][gc,phases   ] GC(120)   Post Evacuate Collection Set: 1.3ms
[2022-06-29T07:47:37.763+0000][9][gc,phases   ] GC(120)   Other: 1.6ms
[2022-06-29T07:47:37.764+0000][9][gc,age      ] GC(120) Age table with threshold 15 (max threshold 15)
[2022-06-29T07:47:37.765+0000][9][gc,age      ] GC(120) - age   1:    1164120 bytes,    1164120 total
[2022-06-29T07:47:37.765+0000][9][gc,age      ] GC(120) - age   2:       1632 bytes,    1165752 total
[2022-06-29T07:47:37.765+0000][9][gc,age      ] GC(120) - age   3:        600 bytes,    1166352 total
[2022-06-29T07:47:37.766+0000][9][gc,age      ] GC(120) - age   4:        512 bytes,    1166864 total
[2022-06-29T07:47:37.767+0000][9][gc,age      ] GC(120) - age   5:       2728 bytes,    1169592 total
[2022-06-29T07:47:37.767+0000][9][gc,age      ] GC(120) - age   7:       1720 bytes,    1171312 total
[2022-06-29T07:47:37.768+0000][9][gc,age      ] GC(120) - age   8:         24 bytes,    1171336 total
[2022-06-29T07:47:37.768+0000][9][gc,age      ] GC(120) - age   9:        368 bytes,    1171704 total
[2022-06-29T07:47:37.769+0000][9][gc,age      ] GC(120) - age  10:       1640 bytes,    1173344 total
[2022-06-29T07:47:37.770+0000][9][gc,age      ] GC(120) - age  11:        536 bytes,    1173880 total
[2022-06-29T07:47:37.770+0000][9][gc,age      ] GC(120) - age  12:        400 bytes,    1174280 total
[2022-06-29T07:47:37.771+0000][9][gc,age      ] GC(120) - age  13:        256 bytes,    1174536 total
[2022-06-29T07:47:37.771+0000][9][gc,age      ] GC(120) - age  14:        448 bytes,    1174984 total
[2022-06-29T07:47:37.772+0000][9][gc,age      ] GC(120) - age  15:        544 bytes,    1175528 total
[2022-06-29T07:47:37.772+0000][9][gc,heap     ] GC(120) Eden regions: 75->0(75)
[2022-06-29T07:47:37.773+0000][9][gc,heap     ] GC(120) Survivor regions: 1->1(10)
[2022-06-29T07:47:37.773+0000][9][gc,heap     ] GC(120) Old regions: 22->22
[2022-06-29T07:47:37.774+0000][9][gc,heap     ] GC(120) Archive regions: 2->2
[2022-06-29T07:47:37.775+0000][9][gc,heap     ] GC(120) Humongous regions: 0->0
[2022-06-29T07:47:37.775+0000][9][gc,metaspace] GC(120) Metaspace: 129885K(133184K)->129885K(133184K) NonClass: 112891K(114624K)->112891K(114624K) Class: 16994K(18560K)->16994K(18560K)
[2022-06-29T07:47:37.776+0000][9][gc          ] GC(120) Pause Young (Normal) (G1 Evacuation Pause) 390M->90M(512M) 22.269ms
[2022-06-29T07:47:37.776+0000][9][gc,cpu      ] GC(120) User=0.01s Sys=0.00s Real=0.02s
[2022-06-29T07:47:37.777+0000][9][safepoint   ] Safepoint "G1CollectForAllocation", Time since last: 41970648077 ns, Reaching safepoint: 53560 ns, At safepoint: 23662938 ns, Total: 23716498 ns
[2022-06-29T07:48:55.792+0000][9][safepoint   ] Safepoint "Cleanup", Time since last: 78056969389 ns, Reaching safepoint: 554691 ns, At safepoint: 66239 ns, Total: 620930 ns
[2022-06-29T07:49:26.560+0000][9][gc,start    ] GC(121) Pause Young (Normal) (G1 Evacuation Pause)
[2022-06-29T07:49:26.562+0000][9][gc,task     ] GC(121) Using 4 workers of 4 for evacuation
[2022-06-29T07:49:26.563+0000][9][gc,age      ] GC(121) Desired survivor size 20971520 bytes, new threshold 15 (max threshold 15)
[2022-06-29T07:49:26.587+0000][9][gc,phases   ] GC(121)   Pre Evacuate Collection Set: 0.4ms
[2022-06-29T07:49:26.587+0000][9][gc,phases   ] GC(121)   Merge Heap Roots: 0.2ms
[2022-06-29T07:49:26.588+0000][9][gc,phases   ] GC(121)   Evacuate Collection Set: 17.1ms
[2022-06-29T07:49:26.589+0000][9][gc,phases   ] GC(121)   Post Evacuate Collection Set: 4.7ms
[2022-06-29T07:49:26.589+0000][9][gc,phases   ] GC(121)   Other: 2.1ms
[2022-06-29T07:49:26.590+0000][9][gc,age      ] GC(121) Age table with threshold 15 (max threshold 15)
[2022-06-29T07:49:26.590+0000][9][gc,age      ] GC(121) - age   1:    1214192 bytes,    1214192 total
[2022-06-29T07:49:26.591+0000][9][gc,age      ] GC(121) - age   2:       1632 bytes,    1215824 total
[2022-06-29T07:49:26.591+0000][9][gc,age      ] GC(121) - age   3:        288 bytes,    1216112 total
[2022-06-29T07:49:26.592+0000][9][gc,age      ] GC(121) - age   4:        312 bytes,    1216424 total
[2022-06-29T07:49:26.593+0000][9][gc,age      ] GC(121) - age   5:         32 bytes,    1216456 total
[2022-06-29T07:49:26.593+0000][9][gc,age      ] GC(121) - age   6:       2728 bytes,    1219184 total
[2022-06-29T07:49:26.594+0000][9][gc,age      ] GC(121) - age   8:        608 bytes,    1219792 total
[2022-06-29T07:49:26.594+0000][9][gc,age      ] GC(121) - age   9:         24 bytes,    1219816 total
[2022-06-29T07:49:26.595+0000][9][gc,age      ] GC(121) - age  10:        368 bytes,    1220184 total
[2022-06-29T07:49:26.595+0000][9][gc,age      ] GC(121) - age  11:       1640 bytes,    1221824 total
[2022-06-29T07:49:26.596+0000][9][gc,age      ] GC(121) - age  12:        144 bytes,    1221968 total
[2022-06-29T07:49:26.596+0000][9][gc,age      ] GC(121) - age  13:        312 bytes,    1222280 total
[2022-06-29T07:49:26.597+0000][9][gc,age      ] GC(121) - age  14:        256 bytes,    1222536 total
[2022-06-29T07:49:26.597+0000][9][gc,age      ] GC(121) - age  15:        416 bytes,    1222952 total
[2022-06-29T07:49:26.598+0000][9][gc,heap     ] GC(121) Eden regions: 75->0(75)
[2022-06-29T07:49:26.598+0000][9][gc,heap     ] GC(121) Survivor regions: 1->1(10)
[2022-06-29T07:49:26.599+0000][9][gc,heap     ] GC(121) Old regions: 22->22
[2022-06-29T07:49:26.599+0000][9][gc,heap     ] GC(121) Archive regions: 2->2
[2022-06-29T07:49:26.600+0000][9][gc,heap     ] GC(121) Humongous regions: 0->0
[2022-06-29T07:49:26.601+0000][9][gc,metaspace] GC(121) Metaspace: 129892K(133184K)->129892K(133184K) NonClass: 112898K(114624K)->112898K(114624K) Class: 16994K(18560K)->16994K(18560K)
[2022-06-29T07:49:26.601+0000][9][gc          ] GC(121) Pause Young (Normal) (G1 Evacuation Pause) 390M->90M(512M) 40.952ms
[2022-06-29T07:49:26.602+0000][9][gc,cpu      ] GC(121) User=0.06s Sys=0.00s Real=0.04s
[2022-06-29T07:49:26.602+0000][9][safepoint   ] Safepoint "G1CollectForAllocation", Time since last: 30789083765 ns, Reaching safepoint: 118079 ns, At safepoint: 42264656 ns, Total: 42382735 ns
[2022-06-29T07:49:33.585+0000][9][safepoint   ] Safepoint "Cleanup", Time since last: 7005796022 ns, Reaching safepoint: 105564 ns, At safepoint: 5053 ns, Total: 110617 ns
[2022-06-29T07:49:39.168+0000][9][safepoint   ] Safepoint "Cleanup", Time since last: 5582687730 ns, Reaching safepoint: 324221 ns, At safepoint: 11963 ns, Total: 336184 ns
[2022-06-29T07:49:41.171+0000][9][safepoint   ] Safepoint "Cleanup", Time since last: 2002258390 ns, Reaching safepoint: 244892 ns, At safepoint: 8823 ns, Total: 253715 ns
[2022-06-29T07:50:33.171+0000][9][safepoint   ] Safepoint "Cleanup", Time since last: 52041586318 ns, Reaching safepoint: 183472 ns, At safepoint: 11048 ns, Total: 194520 ns
[2022-06-29T07:50:58.973+0000][9][gc,start    ] GC(122) Pause Young (Normal) (G1 Evacuation Pause)
[2022-06-29T07:50:58.974+0000][9][gc,task     ] GC(122) Using 4 workers of 4 for evacuation
[2022-06-29T07:50:58.974+0000][9][gc,age      ] GC(122) Desired survivor size 20971520 bytes, new threshold 15 (max threshold 15)
[2022-06-29T07:50:58.980+0000][9][gc,phases   ] GC(122)   Pre Evacuate Collection Set: 0.1ms
[2022-06-29T07:50:58.981+0000][9][gc,phases   ] GC(122)   Merge Heap Roots: 0.0ms
[2022-06-29T07:50:58.981+0000][9][gc,phases   ] GC(122)   Evacuate Collection Set: 3.9ms
[2022-06-29T07:50:58.982+0000][9][gc,phases   ] GC(122)   Post Evacuate Collection Set: 1.1ms
[2022-06-29T07:50:58.982+0000][9][gc,phases   ] GC(122)   Other: 1.0ms
[2022-06-29T07:50:58.983+0000][9][gc,age      ] GC(122) Age table with threshold 15 (max threshold 15)
[2022-06-29T07:50:58.984+0000][9][gc,age      ] GC(122) - age   1:    1716024 bytes,    1716024 total
[2022-06-29T07:50:58.985+0000][9][gc,age      ] GC(122) - age   2:       3448 bytes,    1719472 total
[2022-06-29T07:50:58.986+0000][9][gc,age      ] GC(122) - age   3:        480 bytes,    1719952 total
[2022-06-29T07:50:58.986+0000][9][gc,age      ] GC(122) - age   5:        312 bytes,    1720264 total
[2022-06-29T07:50:58.987+0000][9][gc,age      ] GC(122) - age   7:       2728 bytes,    1722992 total
[2022-06-29T07:50:58.988+0000][9][gc,age      ] GC(122) - age   9:         32 bytes,    1723024 total
[2022-06-29T07:50:58.989+0000][9][gc,age      ] GC(122) - age  10:         24 bytes,    1723048 total
[2022-06-29T07:50:58.989+0000][9][gc,age      ] GC(122) - age  11:        368 bytes,    1723416 total
[2022-06-29T07:50:58.990+0000][9][gc,age      ] GC(122) - age  12:       1640 bytes,    1725056 total
[2022-06-29T07:50:58.990+0000][9][gc,age      ] GC(122) - age  13:        144 bytes,    1725200 total
[2022-06-29T07:50:58.991+0000][9][gc,age      ] GC(122) - age  14:        312 bytes,    1725512 total
[2022-06-29T07:50:58.991+0000][9][gc,age      ] GC(122) - age  15:        256 bytes,    1725768 total
[2022-06-29T07:50:58.993+0000][9][gc,heap     ] GC(122) Eden regions: 75->0(75)
[2022-06-29T07:50:58.993+0000][9][gc,heap     ] GC(122) Survivor regions: 1->1(10)
[2022-06-29T07:50:58.994+0000][9][gc,heap     ] GC(122) Old regions: 22->22
[2022-06-29T07:50:58.994+0000][9][gc,heap     ] GC(122) Archive regions: 2->2
[2022-06-29T07:50:58.995+0000][9][gc,heap     ] GC(122) Humongous regions: 0->0
[2022-06-29T07:50:58.996+0000][9][gc,metaspace] GC(122) Metaspace: 129899K(133184K)->129899K(133184K) NonClass: 112905K(114624K)->112905K(114624K) Class: 16994K(18560K)->16994K(18560K)
[2022-06-29T07:50:58.996+0000][9][gc          ] GC(122) Pause Young (Normal) (G1 Evacuation Pause) 390M->91M(512M) 23.417ms
[2022-06-29T07:50:58.997+0000][9][gc,cpu      ] GC(122) User=0.02s Sys=0.00s Real=0.02s
[2022-06-29T07:50:58.998+0000][9][safepoint   ] Safepoint "G1CollectForAllocation", Time since last: 25801951772 ns, Reaching safepoint: 141392 ns, At safepoint: 24924650 ns, Total: 25066042 ns
[2022-06-29T07:51:04.980+0000][9][safepoint   ] Safepoint "Cleanup", Time since last: 6004207519 ns, Reaching safepoint: 268378 ns, At safepoint: 10294 ns, Total: 278672 ns
[2022-06-29T07:51:44.991+0000][9][safepoint   ] Safepoint "Cleanup", Time since last: 40031570823 ns, Reaching safepoint: 640939 ns, At safepoint: 187333 ns, Total: 828272 ns
[2022-06-29T07:52:38.279+0000][9][gc,start    ] GC(123) Pause Young (Normal) (G1 Evacuation Pause)
[2022-06-29T07:52:38.281+0000][9][gc,task     ] GC(123) Using 4 workers of 4 for evacuation
[2022-06-29T07:52:38.281+0000][9][gc,age      ] GC(123) Desired survivor size 20971520 bytes, new threshold 15 (max threshold 15)
[2022-06-29T07:52:38.286+0000][9][gc,phases   ] GC(123)   Pre Evacuate Collection Set: 0.2ms
[2022-06-29T07:52:38.287+0000][9][gc,phases   ] GC(123)   Merge Heap Roots: 0.2ms
[2022-06-29T07:52:38.288+0000][9][gc,phases   ] GC(123)   Evacuate Collection Set: 2.2ms
[2022-06-29T07:52:38.288+0000][9][gc,phases   ] GC(123)   Post Evacuate Collection Set: 1.2ms
[2022-06-29T07:52:38.289+0000][9][gc,phases   ] GC(123)   Other: 1.6ms
[2022-06-29T07:52:38.290+0000][9][gc,age      ] GC(123) Age table with threshold 15 (max threshold 15)
[2022-06-29T07:52:38.290+0000][9][gc,age      ] GC(123) - age   1:     563320 bytes,     563320 total
[2022-06-29T07:52:38.291+0000][9][gc,age      ] GC(123) - age   2:       2352 bytes,     565672 total
[2022-06-29T07:52:38.291+0000][9][gc,age      ] GC(123) - age   3:       2296 bytes,     567968 total
[2022-06-29T07:52:38.292+0000][9][gc,age      ] GC(123) - age   4:        480 bytes,     568448 total
[2022-06-29T07:52:38.292+0000][9][gc,age      ] GC(123) - age   6:        312 bytes,     568760 total
[2022-06-29T07:52:38.293+0000][9][gc,age      ] GC(123) - age   8:       2728 bytes,     571488 total
[2022-06-29T07:52:38.294+0000][9][gc,age      ] GC(123) - age  10:         32 bytes,     571520 total
[2022-06-29T07:52:38.294+0000][9][gc,age      ] GC(123) - age  11:         24 bytes,     571544 total
[2022-06-29T07:52:38.295+0000][9][gc,age      ] GC(123) - age  12:        368 bytes,     571912 total
[2022-06-29T07:52:38.295+0000][9][gc,age      ] GC(123) - age  13:       1640 bytes,     573552 total
[2022-06-29T07:52:38.296+0000][9][gc,age      ] GC(123) - age  14:        144 bytes,     573696 total
[2022-06-29T07:52:38.297+0000][9][gc,age      ] GC(123) - age  15:        312 bytes,     574008 total
[2022-06-29T07:52:38.298+0000][9][gc,heap     ] GC(123) Eden regions: 75->0(75)
[2022-06-29T07:52:38.298+0000][9][gc,heap     ] GC(123) Survivor regions: 1->1(10)
[2022-06-29T07:52:38.299+0000][9][gc,heap     ] GC(123) Old regions: 22->22
[2022-06-29T07:52:38.299+0000][9][gc,heap     ] GC(123) Archive regions: 2->2
[2022-06-29T07:52:38.300+0000][9][gc,heap     ] GC(123) Humongous regions: 0->0
[2022-06-29T07:52:38.300+0000][9][gc,metaspace] GC(123) Metaspace: 129899K(133184K)->129899K(133184K) NonClass: 112905K(114624K)->112905K(114624K) Class: 16994K(18560K)->16994K(18560K)
[2022-06-29T07:52:38.301+0000][9][gc          ] GC(123) Pause Young (Normal) (G1 Evacuation Pause) 391M->90M(512M) 21.785ms
[2022-06-29T07:52:38.302+0000][9][gc,cpu      ] GC(123) User=0.01s Sys=0.00s Real=0.02s
[2022-06-29T07:52:38.302+0000][9][safepoint   ] Safepoint "G1CollectForAllocation", Time since last: 53331339949 ns, Reaching safepoint: 181207 ns, At safepoint: 22964664 ns, Total: 23145871 ns
[2022-06-29T07:54:22.564+0000][9][gc,start    ] GC(124) Pause Young (Normal) (G1 Evacuation Pause)
[2022-06-29T07:54:22.567+0000][9][gc,task     ] GC(124) Using 4 workers of 4 for evacuation
[2022-06-29T07:54:22.567+0000][9][gc,age      ] GC(124) Desired survivor size 20971520 bytes, new threshold 15 (max threshold 15)
[2022-06-29T07:54:22.574+0000][9][gc,phases   ] GC(124)   Pre Evacuate Collection Set: 0.2ms
[2022-06-29T07:54:22.575+0000][9][gc,phases   ] GC(124)   Merge Heap Roots: 0.2ms
[2022-06-29T07:54:22.576+0000][9][gc,phases   ] GC(124)   Evacuate Collection Set: 4.5ms
[2022-06-29T07:54:22.576+0000][9][gc,phases   ] GC(124)   Post Evacuate Collection Set: 1.1ms
[2022-06-29T07:54:22.577+0000][9][gc,phases   ] GC(124)   Other: 1.5ms
[2022-06-29T07:54:22.577+0000][9][gc,age      ] GC(124) Age table with threshold 15 (max threshold 15)
[2022-06-29T07:54:22.578+0000][9][gc,age      ] GC(124) - age   1:     985376 bytes,     985376 total
[2022-06-29T07:54:22.579+0000][9][gc,age      ] GC(124) - age   2:       1480 bytes,     986856 total
[2022-06-29T07:54:22.580+0000][9][gc,age      ] GC(124) - age   3:        904 bytes,     987760 total
[2022-06-29T07:54:22.580+0000][9][gc,age      ] GC(124) - age   4:       1744 bytes,     989504 total
[2022-06-29T07:54:22.581+0000][9][gc,age      ] GC(124) - age   5:        184 bytes,     989688 total
[2022-06-29T07:54:22.582+0000][9][gc,age      ] GC(124) - age   7:        312 bytes,     990000 total
[2022-06-29T07:54:22.582+0000][9][gc,age      ] GC(124) - age   9:       2584 bytes,     992584 total
[2022-06-29T07:54:22.583+0000][9][gc,age      ] GC(124) - age  11:         32 bytes,     992616 total
[2022-06-29T07:54:22.584+0000][9][gc,age      ] GC(124) - age  12:         24 bytes,     992640 total
[2022-06-29T07:54:22.584+0000][9][gc,age      ] GC(124) - age  13:        368 bytes,     993008 total
[2022-06-29T07:54:22.585+0000][9][gc,age      ] GC(124) - age  14:       1256 bytes,     994264 total
[2022-06-29T07:54:22.586+0000][9][gc,age      ] GC(124) - age  15:        144 bytes,     994408 total
[2022-06-29T07:54:22.587+0000][9][gc,heap     ] GC(124) Eden regions: 75->0(75)
[2022-06-29T07:54:22.588+0000][9][gc,heap     ] GC(124) Survivor regions: 1->1(10)
[2022-06-29T07:54:22.588+0000][9][gc,heap     ] GC(124) Old regions: 22->22
[2022-06-29T07:54:22.589+0000][9][gc,heap     ] GC(124) Archive regions: 2->2
[2022-06-29T07:54:22.590+0000][9][gc,heap     ] GC(124) Humongous regions: 0->0
[2022-06-29T07:54:22.590+0000][9][gc,metaspace] GC(124) Metaspace: 129902K(133248K)->129902K(133248K) NonClass: 112907K(114624K)->112907K(114624K) Class: 16995K(18624K)->16995K(18624K)
[2022-06-29T07:54:22.591+0000][9][gc          ] GC(124) Pause Young (Normal) (G1 Evacuation Pause) 390M->90M(512M) 26.790ms
[2022-06-29T07:54:22.592+0000][9][gc,cpu      ] GC(124) User=0.02s Sys=0.01s Real=0.03s
[2022-06-29T07:54:22.593+0000][9][safepoint   ] Safepoint "G1CollectForAllocation", Time since last: 104326273093 ns, Reaching safepoint: 129193 ns, At safepoint: 28730500 ns, Total: 28859693 ns
[2022-06-29T07:54:26.596+0000][9][safepoint   ] Safepoint "Cleanup", Time since last: 4003092060 ns, Reaching safepoint: 255700 ns, At safepoint: 9221 ns, Total: 264921 ns
[2022-06-29T07:56:01.555+0000][9][gc,start    ] GC(125) Pause Young (Normal) (G1 Evacuation Pause)
[2022-06-29T07:56:01.557+0000][9][gc,task     ] GC(125) Using 4 workers of 4 for evacuation
[2022-06-29T07:56:01.558+0000][9][gc,age      ] GC(125) Desired survivor size 20971520 bytes, new threshold 15 (max threshold 15)
[2022-06-29T07:56:01.565+0000][9][gc,phases   ] GC(125)   Pre Evacuate Collection Set: 0.3ms
[2022-06-29T07:56:01.566+0000][9][gc,phases   ] GC(125)   Merge Heap Roots: 0.1ms
[2022-06-29T07:56:01.567+0000][9][gc,phases   ] GC(125)   Evacuate Collection Set: 3.7ms
[2022-06-29T07:56:01.567+0000][9][gc,phases   ] GC(125)   Post Evacuate Collection Set: 1.4ms
[2022-06-29T07:56:01.568+0000][9][gc,phases   ] GC(125)   Other: 1.6ms
[2022-06-29T07:56:01.568+0000][9][gc,age      ] GC(125) Age table with threshold 15 (max threshold 15)
[2022-06-29T07:56:01.569+0000][9][gc,age      ] GC(125) - age   1:    1543736 bytes,    1543736 total
[2022-06-29T07:56:01.570+0000][9][gc,age      ] GC(125) - age   2:       2808 bytes,    1546544 total
[2022-06-29T07:56:01.570+0000][9][gc,age      ] GC(125) - age   3:        312 bytes,    1546856 total
[2022-06-29T07:56:01.571+0000][9][gc,age      ] GC(125) - age   4:        904 bytes,    1547760 total
[2022-06-29T07:56:01.572+0000][9][gc,age      ] GC(125) - age   5:       1560 bytes,    1549320 total
[2022-06-29T07:56:01.573+0000][9][gc,age      ] GC(125) - age   6:        184 bytes,    1549504 total
[2022-06-29T07:56:01.573+0000][9][gc,age      ] GC(125) - age   8:        312 bytes,    1549816 total
[2022-06-29T07:56:01.574+0000][9][gc,age      ] GC(125) - age  10:       2584 bytes,    1552400 total
[2022-06-29T07:56:01.574+0000][9][gc,age      ] GC(125) - age  12:         32 bytes,    1552432 total
[2022-06-29T07:56:01.575+0000][9][gc,age      ] GC(125) - age  13:         24 bytes,    1552456 total
[2022-06-29T07:56:01.575+0000][9][gc,age      ] GC(125) - age  14:        368 bytes,    1552824 total
[2022-06-29T07:56:01.576+0000][9][gc,age      ] GC(125) - age  15:       1256 bytes,    1554080 total
[2022-06-29T07:56:01.577+0000][9][gc,heap     ] GC(125) Eden regions: 75->0(75)
[2022-06-29T07:56:01.577+0000][9][gc,heap     ] GC(125) Survivor regions: 1->1(10)
[2022-06-29T07:56:01.578+0000][9][gc,heap     ] GC(125) Old regions: 22->22
[2022-06-29T07:56:01.578+0000][9][gc,heap     ] GC(125) Archive regions: 2->2
[2022-06-29T07:56:01.579+0000][9][gc,heap     ] GC(125) Humongous regions: 0->0
[2022-06-29T07:56:01.579+0000][9][gc,metaspace] GC(125) Metaspace: 129902K(133248K)->129902K(133248K) NonClass: 112907K(114624K)->112907K(114624K) Class: 16995K(18624K)->16995K(18624K)
[2022-06-29T07:56:01.580+0000][9][gc          ] GC(125) Pause Young (Normal) (G1 Evacuation Pause) 390M->91M(512M) 24.711ms
[2022-06-29T07:56:01.581+0000][9][gc,cpu      ] GC(125) User=0.02s Sys=0.00s Real=0.03s
[2022-06-29T07:56:01.581+0000][9][safepoint   ] Safepoint "G1CollectForAllocation", Time since last: 95022789318 ns, Reaching safepoint: 102562 ns, At safepoint: 25859136 ns, Total: 25961698 ns
[2022-06-29T07:57:03.560+0000][9][safepoint   ] Safepoint "Cleanup", Time since last: 62045040971 ns, Reaching safepoint: 266793 ns, At safepoint: 51077 ns, Total: 317870 ns
[2022-06-29T07:57:25.573+0000][9][safepoint   ] Safepoint "Cleanup", Time since last: 22013173495 ns, Reaching safepoint: 249132 ns, At safepoint: 9782 ns, Total: 258914 ns
[2022-06-29T07:57:49.506+0000][9][gc,start    ] GC(126) Pause Young (Normal) (G1 Evacuation Pause)
[2022-06-29T07:57:49.510+0000][9][gc,task     ] GC(126) Using 4 workers of 4 for evacuation
[2022-06-29T07:57:49.511+0000][9][gc,age      ] GC(126) Desired survivor size 20971520 bytes, new threshold 15 (max threshold 15)
[2022-06-29T07:57:49.516+0000][9][gc,phases   ] GC(126)   Pre Evacuate Collection Set: 0.2ms
[2022-06-29T07:57:49.517+0000][9][gc,phases   ] GC(126)   Merge Heap Roots: 0.1ms
[2022-06-29T07:57:49.518+0000][9][gc,phases   ] GC(126)   Evacuate Collection Set: 2.2ms
[2022-06-29T07:57:49.519+0000][9][gc,phases   ] GC(126)   Post Evacuate Collection Set: 1.3ms
[2022-06-29T07:57:49.520+0000][9][gc,phases   ] GC(126)   Other: 1.8ms
[2022-06-29T07:57:49.521+0000][9][gc,age      ] GC(126) Age table with threshold 15 (max threshold 15)
[2022-06-29T07:57:49.521+0000][9][gc,age      ] GC(126) - age   1:    1391840 bytes,    1391840 total
[2022-06-29T07:57:49.522+0000][9][gc,age      ] GC(126) - age   2:       1392 bytes,    1393232 total
[2022-06-29T07:57:49.524+0000][9][gc,age      ] GC(126) - age   3:       1232 bytes,    1394464 total
[2022-06-29T07:57:49.526+0000][9][gc,age      ] GC(126) - age   4:        312 bytes,    1394776 total
[2022-06-29T07:57:49.526+0000][9][gc,age      ] GC(126) - age   5:        808 bytes,    1395584 total
[2022-06-29T07:57:49.527+0000][9][gc,age      ] GC(126) - age   6:       1560 bytes,    1397144 total
[2022-06-29T07:57:49.528+0000][9][gc,age      ] GC(126) - age   7:        184 bytes,    1397328 total
[2022-06-29T07:57:49.528+0000][9][gc,age      ] GC(126) - age   9:        312 bytes,    1397640 total
[2022-06-29T07:57:49.529+0000][9][gc,age      ] GC(126) - age  11:       2584 bytes,    1400224 total
[2022-06-29T07:57:49.530+0000][9][gc,age      ] GC(126) - age  13:         32 bytes,    1400256 total
[2022-06-29T07:57:49.531+0000][9][gc,age      ] GC(126) - age  14:         24 bytes,    1400280 total
[2022-06-29T07:57:49.531+0000][9][gc,age      ] GC(126) - age  15:        368 bytes,    1400648 total
[2022-06-29T07:57:49.532+0000][9][gc,heap     ] GC(126) Eden regions: 75->0(75)
[2022-06-29T07:57:49.532+0000][9][gc,heap     ] GC(126) Survivor regions: 1->1(10)
[2022-06-29T07:57:49.533+0000][9][gc,heap     ] GC(126) Old regions: 22->22
[2022-06-29T07:57:49.533+0000][9][gc,heap     ] GC(126) Archive regions: 2->2
[2022-06-29T07:57:49.534+0000][9][gc,heap     ] GC(126) Humongous regions: 0->0
[2022-06-29T07:57:49.535+0000][9][gc,metaspace] GC(126) Metaspace: 129906K(133248K)->129906K(133248K) NonClass: 112911K(114624K)->112911K(114624K) Class: 16995K(18624K)->16995K(18624K)
[2022-06-29T07:57:49.535+0000][9][gc          ] GC(126) Pause Young (Normal) (G1 Evacuation Pause) 391M->91M(512M) 29.328ms
[2022-06-29T07:57:49.536+0000][9][gc,cpu      ] GC(126) User=0.01s Sys=0.00s Real=0.03s
[2022-06-29T07:57:49.537+0000][9][safepoint   ] Safepoint "G1CollectForAllocation", Time since last: 23953148050 ns, Reaching safepoint: 232274 ns, At safepoint: 30551474 ns, Total: 30783748 ns
[2022-06-29T07:57:50.539+0000][9][safepoint   ] Safepoint "Cleanup", Time since last: 1001467538 ns, Reaching safepoint: 347276 ns, At safepoint: 13346 ns, Total: 360622 ns
[2022-06-29T07:58:23.549+0000][9][safepoint   ] Safepoint "Cleanup", Time since last: 33031929886 ns, Reaching safepoint: 245268 ns, At safepoint: 10290 ns, Total: 255558 ns
[2022-06-29T07:58:43.544+0000][9][safepoint   ] Safepoint "Cleanup", Time since last: 20016683649 ns, Reaching safepoint: 283441 ns, At safepoint: 17945 ns, Total: 301386 ns
[2022-06-29T07:59:20.552+0000][9][safepoint   ] Safepoint "Cleanup", Time since last: 37030336115 ns, Reaching safepoint: 126422 ns, At safepoint: 3706 ns, Total: 130128 ns
[2022-06-29T07:59:23.557+0000][9][safepoint   ] Safepoint "Cleanup", Time since last: 3004210962 ns, Reaching safepoint: 207515 ns, At safepoint: 7693 ns, Total: 215208 ns
[2022-06-29T07:59:25.626+0000][9][gc,start    ] GC(127) Pause Young (Normal) (G1 Evacuation Pause)
[2022-06-29T07:59:25.631+0000][9][gc,task     ] GC(127) Using 4 workers of 4 for evacuation
[2022-06-29T07:59:25.637+0000][9][gc,age      ] GC(127) Desired survivor size 20971520 bytes, new threshold 15 (max threshold 15)
[2022-06-29T07:59:25.645+0000][9][gc,phases   ] GC(127)   Pre Evacuate Collection Set: 0.5ms
[2022-06-29T07:59:25.646+0000][9][gc,phases   ] GC(127)   Merge Heap Roots: 0.7ms
[2022-06-29T07:59:25.647+0000][9][gc,phases   ] GC(127)   Evacuate Collection Set: 3.3ms
[2022-06-29T07:59:25.648+0000][9][gc,phases   ] GC(127)   Post Evacuate Collection Set: 2.1ms
[2022-06-29T07:59:25.650+0000][9][gc,phases   ] GC(127)   Other: 7.2ms
[2022-06-29T07:59:25.651+0000][9][gc,age      ] GC(127) Age table with threshold 15 (max threshold 15)
[2022-06-29T07:59:25.652+0000][9][gc,age      ] GC(127) - age   1:     787760 bytes,     787760 total
[2022-06-29T07:59:25.653+0000][9][gc,age      ] GC(127) - age   2:       2752 bytes,     790512 total
[2022-06-29T07:59:25.654+0000][9][gc,age      ] GC(127) - age   3:        248 bytes,     790760 total
[2022-06-29T07:59:25.654+0000][9][gc,age      ] GC(127) - age   4:       1120 bytes,     791880 total
[2022-06-29T07:59:25.656+0000][9][gc,age      ] GC(127) - age   5:        312 bytes,     792192 total
[2022-06-29T07:59:25.658+0000][9][gc,age      ] GC(127) - age   6:        808 bytes,     793000 total
[2022-06-29T07:59:25.659+0000][9][gc,age      ] GC(127) - age   7:        392 bytes,     793392 total
[2022-06-29T07:59:25.659+0000][9][gc,age      ] GC(127) - age   8:        184 bytes,     793576 total
[2022-06-29T07:59:25.660+0000][9][gc,age      ] GC(127) - age  10:        312 bytes,     793888 total
[2022-06-29T07:59:25.661+0000][9][gc,age      ] GC(127) - age  12:       2584 bytes,     796472 total
[2022-06-29T07:59:25.662+0000][9][gc,age      ] GC(127) - age  15:         24 bytes,     796496 total
[2022-06-29T07:59:25.664+0000][9][gc,heap     ] GC(127) Eden regions: 75->0(75)
[2022-06-29T07:59:25.665+0000][9][gc,heap     ] GC(127) Survivor regions: 1->1(10)
[2022-06-29T07:59:25.665+0000][9][gc,heap     ] GC(127) Old regions: 22->22
[2022-06-29T07:59:25.666+0000][9][gc,heap     ] GC(127) Archive regions: 2->2
[2022-06-29T07:59:25.667+0000][9][gc,heap     ] GC(127) Humongous regions: 0->0
[2022-06-29T07:59:25.668+0000][9][gc,metaspace] GC(127) Metaspace: 129907K(133248K)->129907K(133248K) NonClass: 112912K(114624K)->112912K(114624K) Class: 16995K(18624K)->16995K(18624K)
[2022-06-29T07:59:25.669+0000][9][gc          ] GC(127) Pause Young (Normal) (G1 Evacuation Pause) 391M->90M(512M) 42.215ms
[2022-06-29T07:59:25.670+0000][9][gc,cpu      ] GC(127) User=0.02s Sys=0.01s Real=0.04s
[2022-06-29T07:59:25.671+0000][9][safepoint   ] Safepoint "G1CollectForAllocation", Time since last: 2069642372 ns, Reaching safepoint: 74932 ns, At safepoint: 44397502 ns, Total: 44472434 ns
[2022-06-29T07:59:32.474+0000][9][safepoint   ] Safepoint "Cleanup", Time since last: 6803256695 ns, Reaching safepoint: 341900 ns, At safepoint: 21323 ns, Total: 363223 ns
[2022-06-29T07:59:34.459+0000][9][safepoint   ] Safepoint "Cleanup", Time since last: 2004427906 ns, Reaching safepoint: 160110 ns, At safepoint: 9010 ns, Total: 169120 ns
[2022-06-29T07:59:44.467+0000][9][safepoint   ] Safepoint "Cleanup", Time since last: 10008186071 ns, Reaching safepoint: 222934 ns, At safepoint: 24079 ns, Total: 247013 ns
[2022-06-29T07:59:55.478+0000][9][safepoint   ] Safepoint "Cleanup", Time since last: 11010703963 ns, Reaching safepoint: 193511 ns, At safepoint: 14384 ns, Total: 207895 ns
[2022-06-29T08:00:08.468+0000][9][safepoint   ] Safepoint "Cleanup", Time since last: 13011722066 ns, Reaching safepoint: 97590 ns, At safepoint: 6692 ns, Total: 104282 ns
[2022-06-29T08:01:04.415+0000][9][gc,start    ] GC(128) Pause Young (Normal) (G1 Evacuation Pause)
[2022-06-29T08:01:04.416+0000][9][gc,task     ] GC(128) Using 4 workers of 4 for evacuation
[2022-06-29T08:01:04.417+0000][9][gc,age      ] GC(128) Desired survivor size 20971520 bytes, new threshold 15 (max threshold 15)
[2022-06-29T08:01:04.422+0000][9][gc,phases   ] GC(128)   Pre Evacuate Collection Set: 0.1ms
[2022-06-29T08:01:04.423+0000][9][gc,phases   ] GC(128)   Merge Heap Roots: 0.1ms
[2022-06-29T08:01:04.424+0000][9][gc,phases   ] GC(128)   Evacuate Collection Set: 3.2ms
[2022-06-29T08:01:04.425+0000][9][gc,phases   ] GC(128)   Post Evacuate Collection Set: 1.1ms
[2022-06-29T08:01:04.425+0000][9][gc,phases   ] GC(128)   Other: 1.6ms
[2022-06-29T08:01:04.426+0000][9][gc,age      ] GC(128) Age table with threshold 15 (max threshold 15)
[2022-06-29T08:01:04.427+0000][9][gc,age      ] GC(128) - age   1:    1088192 bytes,    1088192 total
[2022-06-29T08:01:04.428+0000][9][gc,age      ] GC(128) - age   2:      11328 bytes,    1099520 total
[2022-06-29T08:01:04.429+0000][9][gc,age      ] GC(128) - age   3:       1352 bytes,    1100872 total
[2022-06-29T08:01:04.429+0000][9][gc,age      ] GC(128) - age   4:        248 bytes,    1101120 total
[2022-06-29T08:01:04.430+0000][9][gc,age      ] GC(128) - age   5:       1120 bytes,    1102240 total
[2022-06-29T08:01:04.430+0000][9][gc,age      ] GC(128) - age   6:        312 bytes,    1102552 total
[2022-06-29T08:01:04.431+0000][9][gc,age      ] GC(128) - age   7:        232 bytes,    1102784 total
[2022-06-29T08:01:04.431+0000][9][gc,age      ] GC(128) - age   8:        392 bytes,    1103176 total
[2022-06-29T08:01:04.432+0000][9][gc,age      ] GC(128) - age   9:        184 bytes,    1103360 total
[2022-06-29T08:01:04.432+0000][9][gc,age      ] GC(128) - age  11:        312 bytes,    1103672 total
[2022-06-29T08:01:04.433+0000][9][gc,age      ] GC(128) - age  13:       2584 bytes,    1106256 total
[2022-06-29T08:01:04.434+0000][9][gc,heap     ] GC(128) Eden regions: 75->0(75)
[2022-06-29T08:01:04.434+0000][9][gc,heap     ] GC(128) Survivor regions: 1->1(10)
[2022-06-29T08:01:04.434+0000][9][gc,heap     ] GC(128) Old regions: 22->22
[2022-06-29T08:01:04.435+0000][9][gc,heap     ] GC(128) Archive regions: 2->2
[2022-06-29T08:01:04.436+0000][9][gc,heap     ] GC(128) Humongous regions: 0->0
[2022-06-29T08:01:04.437+0000][9][gc,metaspace] GC(128) Metaspace: 129908K(133248K)->129908K(133248K) NonClass: 112912K(114624K)->112912K(114624K) Class: 16995K(18624K)->16995K(18624K)
[2022-06-29T08:01:04.438+0000][9][gc          ] GC(128) Pause Young (Normal) (G1 Evacuation Pause) 390M->90M(512M) 22.576ms
[2022-06-29T08:01:04.439+0000][9][gc,cpu      ] GC(128) User=0.01s Sys=0.00s Real=0.03s
[2022-06-29T08:01:04.439+0000][9][safepoint   ] Safepoint "G1CollectForAllocation", Time since last: 55990849222 ns, Reaching safepoint: 53337 ns, At safepoint: 24004570 ns, Total: 24057907 ns
[2022-06-29T08:01:23.455+0000][9][safepoint   ] Safepoint "Cleanup", Time since last: 19015191892 ns, Reaching safepoint: 151016 ns, At safepoint: 7931 ns, Total: 158947 ns
[2022-06-29T08:02:44.253+0000][9][gc,start    ] GC(129) Pause Young (Normal) (G1 Evacuation Pause)
[2022-06-29T08:02:44.257+0000][9][gc,task     ] GC(129) Using 4 workers of 4 for evacuation
[2022-06-29T08:02:44.257+0000][9][gc,age      ] GC(129) Desired survivor size 20971520 bytes, new threshold 15 (max threshold 15)
[2022-06-29T08:02:44.262+0000][9][gc,phases   ] GC(129)   Pre Evacuate Collection Set: 0.2ms
[2022-06-29T08:02:44.263+0000][9][gc,phases   ] GC(129)   Merge Heap Roots: 0.1ms
[2022-06-29T08:02:44.263+0000][9][gc,phases   ] GC(129)   Evacuate Collection Set: 2.5ms
[2022-06-29T08:02:44.264+0000][9][gc,phases   ] GC(129)   Post Evacuate Collection Set: 1.1ms
[2022-06-29T08:02:44.265+0000][9][gc,phases   ] GC(129)   Other: 1.4ms
[2022-06-29T08:02:44.265+0000][9][gc,age      ] GC(129) Age table with threshold 15 (max threshold 15)
[2022-06-29T08:02:44.266+0000][9][gc,age      ] GC(129) - age   1:    1600672 bytes,    1600672 total
[2022-06-29T08:02:44.266+0000][9][gc,age      ] GC(129) - age   2:       1840 bytes,    1602512 total
[2022-06-29T08:02:44.267+0000][9][gc,age      ] GC(129) - age   3:      10336 bytes,    1612848 total
[2022-06-29T08:02:44.268+0000][9][gc,age      ] GC(129) - age   4:       1000 bytes,    1613848 total
[2022-06-29T08:02:44.268+0000][9][gc,age      ] GC(129) - age   5:        216 bytes,    1614064 total
[2022-06-29T08:02:44.269+0000][9][gc,age      ] GC(129) - age   6:       1120 bytes,    1615184 total
[2022-06-29T08:02:44.269+0000][9][gc,age      ] GC(129) - age   7:        312 bytes,    1615496 total
[2022-06-29T08:02:44.270+0000][9][gc,age      ] GC(129) - age   8:        232 bytes,    1615728 total
[2022-06-29T08:02:44.271+0000][9][gc,age      ] GC(129) - age   9:        392 bytes,    1616120 total
[2022-06-29T08:02:44.271+0000][9][gc,age      ] GC(129) - age  10:        184 bytes,    1616304 total
[2022-06-29T08:02:44.272+0000][9][gc,age      ] GC(129) - age  12:        312 bytes,    1616616 total
[2022-06-29T08:02:44.273+0000][9][gc,age      ] GC(129) - age  14:       2584 bytes,    1619200 total
[2022-06-29T08:02:44.274+0000][9][gc,heap     ] GC(129) Eden regions: 75->0(75)
[2022-06-29T08:02:44.274+0000][9][gc,heap     ] GC(129) Survivor regions: 1->1(10)
[2022-06-29T08:02:44.275+0000][9][gc,heap     ] GC(129) Old regions: 22->22
[2022-06-29T08:02:44.276+0000][9][gc,heap     ] GC(129) Archive regions: 2->2
[2022-06-29T08:02:44.276+0000][9][gc,heap     ] GC(129) Humongous regions: 0->0
[2022-06-29T08:02:44.277+0000][9][gc,metaspace] GC(129) Metaspace: 129909K(133248K)->129909K(133248K) NonClass: 112914K(114624K)->112914K(114624K) Class: 16995K(18624K)->16995K(18624K)
[2022-06-29T08:02:44.278+0000][9][gc          ] GC(129) Pause Young (Normal) (G1 Evacuation Pause) 390M->91M(512M) 24.135ms
[2022-06-29T08:02:44.278+0000][9][gc,cpu      ] GC(129) User=0.01s Sys=0.00s Real=0.02s
[2022-06-29T08:02:44.279+0000][9][safepoint   ] Safepoint "G1CollectForAllocation", Time since last: 80863540929 ns, Reaching safepoint: 95826 ns, At safepoint: 25586810 ns, Total: 25682636 ns
[2022-06-29T08:03:56.289+0000][9][safepoint   ] Safepoint "Cleanup", Time since last: 72052178712 ns, Reaching safepoint: 129530 ns, At safepoint: 5572 ns, Total: 135102 ns
[2022-06-29T08:04:21.287+0000][9][safepoint   ] Safepoint "Cleanup", Time since last: 25020897936 ns, Reaching safepoint: 212440 ns, At safepoint: 6237 ns, Total: 218677 ns
[2022-06-29T08:04:22.626+0000][9][gc,start    ] GC(130) Pause Young (Normal) (G1 Evacuation Pause)
[2022-06-29T08:04:22.627+0000][9][gc,task     ] GC(130) Using 4 workers of 4 for evacuation
[2022-06-29T08:04:22.628+0000][9][gc,age      ] GC(130) Desired survivor size 20971520 bytes, new threshold 15 (max threshold 15)
[2022-06-29T08:04:22.632+0000][9][gc,phases   ] GC(130)   Pre Evacuate Collection Set: 0.3ms
[2022-06-29T08:04:22.633+0000][9][gc,phases   ] GC(130)   Merge Heap Roots: 0.2ms
[2022-06-29T08:04:22.634+0000][9][gc,phases   ] GC(130)   Evacuate Collection Set: 2.0ms
[2022-06-29T08:04:22.634+0000][9][gc,phases   ] GC(130)   Post Evacuate Collection Set: 1.0ms
[2022-06-29T08:04:22.635+0000][9][gc,phases   ] GC(130)   Other: 1.9ms
[2022-06-29T08:04:22.635+0000][9][gc,age      ] GC(130) Age table with threshold 15 (max threshold 15)
[2022-06-29T08:04:22.636+0000][9][gc,age      ] GC(130) - age   1:     721328 bytes,     721328 total
[2022-06-29T08:04:22.637+0000][9][gc,age      ] GC(130) - age   2:       1928 bytes,     723256 total
[2022-06-29T08:04:22.637+0000][9][gc,age      ] GC(130) - age   3:        824 bytes,     724080 total
[2022-06-29T08:04:22.638+0000][9][gc,age      ] GC(130) - age   4:       9872 bytes,     733952 total
[2022-06-29T08:04:22.638+0000][9][gc,age      ] GC(130) - age   5:        704 bytes,     734656 total
[2022-06-29T08:04:22.639+0000][9][gc,age      ] GC(130) - age   6:        216 bytes,     734872 total
[2022-06-29T08:04:22.641+0000][9][gc,age      ] GC(130) - age   7:       1088 bytes,     735960 total
[2022-06-29T08:04:22.642+0000][9][gc,age      ] GC(130) - age   8:        312 bytes,     736272 total
[2022-06-29T08:04:22.643+0000][9][gc,age      ] GC(130) - age   9:        232 bytes,     736504 total
[2022-06-29T08:04:22.643+0000][9][gc,age      ] GC(130) - age  11:        184 bytes,     736688 total
[2022-06-29T08:04:22.644+0000][9][gc,age      ] GC(130) - age  13:        312 bytes,     737000 total
[2022-06-29T08:04:22.645+0000][9][gc,age      ] GC(130) - age  15:       2584 bytes,     739584 total
[2022-06-29T08:04:22.646+0000][9][gc,heap     ] GC(130) Eden regions: 75->0(75)
[2022-06-29T08:04:22.646+0000][9][gc,heap     ] GC(130) Survivor regions: 1->1(10)
[2022-06-29T08:04:22.647+0000][9][gc,heap     ] GC(130) Old regions: 22->22
[2022-06-29T08:04:22.648+0000][9][gc,heap     ] GC(130) Archive regions: 2->2
[2022-06-29T08:04:22.648+0000][9][gc,heap     ] GC(130) Humongous regions: 0->0
[2022-06-29T08:04:22.649+0000][9][gc,metaspace] GC(130) Metaspace: 129915K(133248K)->129915K(133248K) NonClass: 112919K(114624K)->112919K(114624K) Class: 16996K(18624K)->16996K(18624K)
[2022-06-29T08:04:22.651+0000][9][gc          ] GC(130) Pause Young (Normal) (G1 Evacuation Pause) 391M->90M(512M) 24.908ms
[2022-06-29T08:04:22.651+0000][9][gc,cpu      ] GC(130) User=0.00s Sys=0.01s Real=0.03s
[2022-06-29T08:04:22.652+0000][9][safepoint   ] Safepoint "G1CollectForAllocation", Time since last: 1338125998 ns, Reaching safepoint: 156549 ns, At safepoint: 26548451 ns, Total: 26705000 ns
[2022-06-29T08:04:51.650+0000][9][safepoint   ] Safepoint "Cleanup", Time since last: 29018775984 ns, Reaching safepoint: 282243 ns, At safepoint: 133343 ns, Total: 415586 ns
[2022-06-29T08:05:21.654+0000][9][safepoint   ] Safepoint "Cleanup", Time since last: 30025204696 ns, Reaching safepoint: 205250 ns, At safepoint: 10359 ns, Total: 215609 ns
[2022-06-29T08:05:32.644+0000][9][safepoint   ] Safepoint "Cleanup", Time since last: 11010620519 ns, Reaching safepoint: 648726 ns, At safepoint: 86447 ns, Total: 735173 ns
[2022-06-29T08:06:07.652+0000][9][safepoint   ] Safepoint "Cleanup", Time since last: 35029956666 ns, Reaching safepoint: 124020 ns, At safepoint: 10717 ns, Total: 134737 ns
[2022-06-29T08:06:13.261+0000][9][gc,start    ] GC(131) Pause Young (Normal) (G1 Evacuation Pause)
[2022-06-29T08:06:13.262+0000][9][gc,task     ] GC(131) Using 4 workers of 4 for evacuation
[2022-06-29T08:06:13.264+0000][9][gc,age      ] GC(131) Desired survivor size 20971520 bytes, new threshold 15 (max threshold 15)
[2022-06-29T08:06:13.269+0000][9][gc,phases   ] GC(131)   Pre Evacuate Collection Set: 0.3ms
[2022-06-29T08:06:13.270+0000][9][gc,phases   ] GC(131)   Merge Heap Roots: 0.1ms
[2022-06-29T08:06:13.271+0000][9][gc,phases   ] GC(131)   Evacuate Collection Set: 3.2ms
[2022-06-29T08:06:13.271+0000][9][gc,phases   ] GC(131)   Post Evacuate Collection Set: 1.2ms
[2022-06-29T08:06:13.272+0000][9][gc,phases   ] GC(131)   Other: 2.2ms
[2022-06-29T08:06:13.272+0000][9][gc,age      ] GC(131) Age table with threshold 15 (max threshold 15)
[2022-06-29T08:06:13.273+0000][9][gc,age      ] GC(131) - age   1:    1107200 bytes,    1107200 total
[2022-06-29T08:06:13.273+0000][9][gc,age      ] GC(131) - age   2:       1664 bytes,    1108864 total
[2022-06-29T08:06:13.274+0000][9][gc,age      ] GC(131) - age   3:        128 bytes,    1108992 total
[2022-06-29T08:06:13.275+0000][9][gc,age      ] GC(131) - age   4:        760 bytes,    1109752 total
[2022-06-29T08:06:13.275+0000][9][gc,age      ] GC(131) - age   5:       1792 bytes,    1111544 total
[2022-06-29T08:06:13.276+0000][9][gc,age      ] GC(131) - age   6:        704 bytes,    1112248 total
[2022-06-29T08:06:13.276+0000][9][gc,age      ] GC(131) - age   7:        216 bytes,    1112464 total
[2022-06-29T08:06:13.277+0000][9][gc,age      ] GC(131) - age   8:       1088 bytes,    1113552 total
[2022-06-29T08:06:13.277+0000][9][gc,age      ] GC(131) - age   9:        312 bytes,    1113864 total
[2022-06-29T08:06:13.278+0000][9][gc,age      ] GC(131) - age  10:        232 bytes,    1114096 total
[2022-06-29T08:06:13.279+0000][9][gc,age      ] GC(131) - age  14:        312 bytes,    1114408 total
[2022-06-29T08:06:13.280+0000][9][gc,heap     ] GC(131) Eden regions: 75->0(75)
[2022-06-29T08:06:13.280+0000][9][gc,heap     ] GC(131) Survivor regions: 1->1(10)
[2022-06-29T08:06:13.281+0000][9][gc,heap     ] GC(131) Old regions: 22->22
[2022-06-29T08:06:13.282+0000][9][gc,heap     ] GC(131) Archive regions: 2->2
[2022-06-29T08:06:13.282+0000][9][gc,heap     ] GC(131) Humongous regions: 0->0
[2022-06-29T08:06:13.282+0000][9][gc,metaspace] GC(131) Metaspace: 129941K(133248K)->129941K(133248K) NonClass: 112945K(114624K)->112945K(114624K) Class: 16996K(18624K)->16996K(18624K)
[2022-06-29T08:06:13.283+0000][9][gc          ] GC(131) Pause Young (Normal) (G1 Evacuation Pause) 390M->90M(512M) 22.035ms
[2022-06-29T08:06:13.284+0000][9][gc,cpu      ] GC(131) User=0.01s Sys=0.00s Real=0.02s
[2022-06-29T08:06:13.284+0000][9][safepoint   ] Safepoint "G1CollectForAllocation", Time since last: 5608943358 ns, Reaching safepoint: 136995 ns, At safepoint: 23111033 ns, Total: 23248028 ns
[2022-06-29T08:07:20.278+0000][9][safepoint   ] Safepoint "Cleanup", Time since last: 67036746607 ns, Reaching safepoint: 193894 ns, At safepoint: 24411 ns, Total: 218305 ns
[2022-06-29T08:07:23.280+0000][9][safepoint   ] Safepoint "Cleanup", Time since last: 3001916205 ns, Reaching safepoint: 115810 ns, At safepoint: 4312 ns, Total: 120122 ns
[2022-06-29T08:07:52.229+0000][9][gc,start    ] GC(132) Pause Young (Normal) (G1 Evacuation Pause)
[2022-06-29T08:07:52.231+0000][9][gc,task     ] GC(132) Using 4 workers of 4 for evacuation
[2022-06-29T08:07:52.232+0000][9][gc,age      ] GC(132) Desired survivor size 20971520 bytes, new threshold 15 (max threshold 15)
[2022-06-29T08:07:52.238+0000][9][gc,phases   ] GC(132)   Pre Evacuate Collection Set: 0.3ms
[2022-06-29T08:07:52.239+0000][9][gc,phases   ] GC(132)   Merge Heap Roots: 0.1ms
[2022-06-29T08:07:52.239+0000][9][gc,phases   ] GC(132)   Evacuate Collection Set: 4.0ms
[2022-06-29T08:07:52.240+0000][9][gc,phases   ] GC(132)   Post Evacuate Collection Set: 1.1ms
[2022-06-29T08:07:52.241+0000][9][gc,phases   ] GC(132)   Other: 1.5ms
[2022-06-29T08:07:52.242+0000][9][gc,age      ] GC(132) Age table with threshold 15 (max threshold 15)
[2022-06-29T08:07:52.242+0000][9][gc,age      ] GC(132) - age   1:    1015800 bytes,    1015800 total
[2022-06-29T08:07:52.243+0000][9][gc,age      ] GC(132) - age   2:       1552 bytes,    1017352 total
[2022-06-29T08:07:52.243+0000][9][gc,age      ] GC(132) - age   3:       1248 bytes,    1018600 total
[2022-06-29T08:07:52.244+0000][9][gc,age      ] GC(132) - age   5:        760 bytes,    1019360 total
[2022-06-29T08:07:52.244+0000][9][gc,age      ] GC(132) - age   6:       1792 bytes,    1021152 total
[2022-06-29T08:07:52.245+0000][9][gc,age      ] GC(132) - age   7:        704 bytes,    1021856 total
[2022-06-29T08:07:52.246+0000][9][gc,age      ] GC(132) - age   8:        216 bytes,    1022072 total
[2022-06-29T08:07:52.247+0000][9][gc,age      ] GC(132) - age   9:        904 bytes,    1022976 total
[2022-06-29T08:07:52.247+0000][9][gc,age      ] GC(132) - age  10:        312 bytes,    1023288 total
[2022-06-29T08:07:52.248+0000][9][gc,age      ] GC(132) - age  11:        232 bytes,    1023520 total
[2022-06-29T08:07:52.248+0000][9][gc,age      ] GC(132) - age  15:        312 bytes,    1023832 total
[2022-06-29T08:07:52.249+0000][9][gc,heap     ] GC(132) Eden regions: 75->0(75)
[2022-06-29T08:07:52.249+0000][9][gc,heap     ] GC(132) Survivor regions: 1->1(10)
[2022-06-29T08:07:52.250+0000][9][gc,heap     ] GC(132) Old regions: 22->22
[2022-06-29T08:07:52.251+0000][9][gc,heap     ] GC(132) Archive regions: 2->2
[2022-06-29T08:07:52.251+0000][9][gc,heap     ] GC(132) Humongous regions: 0->0
[2022-06-29T08:07:52.252+0000][9][gc,metaspace] GC(132) Metaspace: 129941K(133248K)->129941K(133248K) NonClass: 112945K(114624K)->112945K(114624K) Class: 16996K(18624K)->16996K(18624K)
[2022-06-29T08:07:52.252+0000][9][gc          ] GC(132) Pause Young (Normal) (G1 Evacuation Pause) 390M->90M(512M) 23.531ms
[2022-06-29T08:07:52.253+0000][9][gc,cpu      ] GC(132) User=0.02s Sys=0.00s Real=0.02s
[2022-06-29T08:07:52.253+0000][9][safepoint   ] Safepoint "G1CollectForAllocation", Time since last: 28970412854 ns, Reaching safepoint: 111274 ns, At safepoint: 24782998 ns, Total: 24894272 ns
[2022-06-29T08:08:50.246+0000][9][safepoint   ] Safepoint "Cleanup", Time since last: 58036069742 ns, Reaching safepoint: 211221 ns, At safepoint: 5051 ns, Total: 216272 ns
[2022-06-29T08:08:56.251+0000][9][safepoint   ] Safepoint "Cleanup", Time since last: 6004068238 ns, Reaching safepoint: 161640 ns, At safepoint: 10269 ns, Total: 171909 ns
[2022-06-29T08:09:02.240+0000][9][safepoint   ] Safepoint "Cleanup", Time since last: 6010045719 ns, Reaching safepoint: 134015 ns, At safepoint: 5617 ns, Total: 139632 ns
[2022-06-29T08:09:31.206+0000][9][gc,start    ] GC(133) Pause Young (Normal) (G1 Evacuation Pause)
[2022-06-29T08:09:31.207+0000][9][gc,task     ] GC(133) Using 4 workers of 4 for evacuation
[2022-06-29T08:09:31.209+0000][9][gc,age      ] GC(133) Desired survivor size 20971520 bytes, new threshold 15 (max threshold 15)
[2022-06-29T08:09:31.214+0000][9][gc,phases   ] GC(133)   Pre Evacuate Collection Set: 0.1ms
[2022-06-29T08:09:31.214+0000][9][gc,phases   ] GC(133)   Merge Heap Roots: 0.1ms
[2022-06-29T08:09:31.215+0000][9][gc,phases   ] GC(133)   Evacuate Collection Set: 3.0ms
[2022-06-29T08:09:31.216+0000][9][gc,phases   ] GC(133)   Post Evacuate Collection Set: 0.9ms
[2022-06-29T08:09:31.216+0000][9][gc,phases   ] GC(133)   Other: 2.2ms
[2022-06-29T08:09:31.217+0000][9][gc,age      ] GC(133) Age table with threshold 15 (max threshold 15)
[2022-06-29T08:09:31.217+0000][9][gc,age      ] GC(133) - age   1:    1359768 bytes,    1359768 total
[2022-06-29T08:09:31.218+0000][9][gc,age      ] GC(133) - age   2:      11192 bytes,    1370960 total
[2022-06-29T08:09:31.218+0000][9][gc,age      ] GC(133) - age   3:        360 bytes,    1371320 total
[2022-06-29T08:09:31.219+0000][9][gc,age      ] GC(133) - age   4:       1152 bytes,    1372472 total
[2022-06-29T08:09:31.219+0000][9][gc,age      ] GC(133) - age   6:        184 bytes,    1372656 total
[2022-06-29T08:09:31.220+0000][9][gc,age      ] GC(133) - age   7:        616 bytes,    1373272 total
[2022-06-29T08:09:31.221+0000][9][gc,age      ] GC(133) - age   8:        704 bytes,    1373976 total
[2022-06-29T08:09:31.221+0000][9][gc,age      ] GC(133) - age   9:        216 bytes,    1374192 total
[2022-06-29T08:09:31.222+0000][9][gc,age      ] GC(133) - age  10:        904 bytes,    1375096 total
[2022-06-29T08:09:31.222+0000][9][gc,age      ] GC(133) - age  11:        312 bytes,    1375408 total
[2022-06-29T08:09:31.223+0000][9][gc,age      ] GC(133) - age  12:        232 bytes,    1375640 total
[2022-06-29T08:09:31.223+0000][9][gc,heap     ] GC(133) Eden regions: 75->0(75)
[2022-06-29T08:09:31.224+0000][9][gc,heap     ] GC(133) Survivor regions: 1->1(10)
[2022-06-29T08:09:31.224+0000][9][gc,heap     ] GC(133) Old regions: 22->22
[2022-06-29T08:09:31.225+0000][9][gc,heap     ] GC(133) Archive regions: 2->2
[2022-06-29T08:09:31.226+0000][9][gc,heap     ] GC(133) Humongous regions: 0->0
[2022-06-29T08:09:31.226+0000][9][gc,metaspace] GC(133) Metaspace: 129943K(133248K)->129943K(133248K) NonClass: 112947K(114624K)->112947K(114624K) Class: 16996K(18624K)->16996K(18624K)
[2022-06-29T08:09:31.227+0000][9][gc          ] GC(133) Pause Young (Normal) (G1 Evacuation Pause) 390M->90M(512M) 21.016ms
[2022-06-29T08:09:31.227+0000][9][gc,cpu      ] GC(133) User=0.01s Sys=0.00s Real=0.02s
[2022-06-29T08:09:31.228+0000][9][safepoint   ] Safepoint "G1CollectForAllocation", Time since last: 28966030024 ns, Reaching safepoint: 63092 ns, At safepoint: 22299914 ns, Total: 22363006 ns
[2022-06-29T08:10:22.407+0000][9][safepoint   ] Safepoint "Cleanup", Time since last: 51220682244 ns, Reaching safepoint: 1029344 ns, At safepoint: 28035 ns, Total: 1057379 ns
[2022-06-29T08:10:32.399+0000][9][safepoint   ] Safepoint "Cleanup", Time since last: 10012720439 ns, Reaching safepoint: 669638 ns, At safepoint: 13615 ns, Total: 683253 ns
[2022-06-29T08:10:34.406+0000][9][safepoint   ] Safepoint "Cleanup", Time since last: 2006853322 ns, Reaching safepoint: 115121 ns, At safepoint: 4747 ns, Total: 119868 ns
[2022-06-29T08:10:43.413+0000][9][safepoint   ] Safepoint "Cleanup", Time since last: 9006574278 ns, Reaching safepoint: 310058 ns, At safepoint: 10680 ns, Total: 320738 ns
[2022-06-29T08:11:07.130+0000][9][gc,start    ] GC(134) Pause Young (Normal) (G1 Evacuation Pause)
[2022-06-29T08:11:07.132+0000][9][gc,task     ] GC(134) Using 4 workers of 4 for evacuation
[2022-06-29T08:11:07.133+0000][9][gc,age      ] GC(134) Desired survivor size 20971520 bytes, new threshold 15 (max threshold 15)
[2022-06-29T08:11:07.151+0000][9][gc,phases   ] GC(134)   Pre Evacuate Collection Set: 0.2ms
[2022-06-29T08:11:07.152+0000][9][gc,phases   ] GC(134)   Merge Heap Roots: 0.7ms
[2022-06-29T08:11:07.153+0000][9][gc,phases   ] GC(134)   Evacuate Collection Set: 13.9ms
[2022-06-29T08:11:07.153+0000][9][gc,phases   ] GC(134)   Post Evacuate Collection Set: 2.8ms
[2022-06-29T08:11:07.154+0000][9][gc,phases   ] GC(134)   Other: 1.6ms
[2022-06-29T08:11:07.155+0000][9][gc,age      ] GC(134) Age table with threshold 15 (max threshold 15)
[2022-06-29T08:11:07.156+0000][9][gc,age      ] GC(134) - age   1:     703128 bytes,     703128 total
[2022-06-29T08:11:07.156+0000][9][gc,age      ] GC(134) - age   2:       3504 bytes,     706632 total
[2022-06-29T08:11:07.157+0000][9][gc,age      ] GC(134) - age   3:       1920 bytes,     708552 total
[2022-06-29T08:11:07.158+0000][9][gc,age      ] GC(134) - age   4:        360 bytes,     708912 total
[2022-06-29T08:11:07.158+0000][9][gc,age      ] GC(134) - age   5:       1152 bytes,     710064 total
[2022-06-29T08:11:07.159+0000][9][gc,age      ] GC(134) - age   7:        184 bytes,     710248 total
[2022-06-29T08:11:07.160+0000][9][gc,age      ] GC(134) - age   8:        616 bytes,     710864 total
[2022-06-29T08:11:07.160+0000][9][gc,age      ] GC(134) - age   9:        704 bytes,     711568 total
[2022-06-29T08:11:07.161+0000][9][gc,age      ] GC(134) - age  10:        216 bytes,     711784 total
[2022-06-29T08:11:07.161+0000][9][gc,age      ] GC(134) - age  11:        904 bytes,     712688 total
[2022-06-29T08:11:07.162+0000][9][gc,age      ] GC(134) - age  12:        312 bytes,     713000 total
[2022-06-29T08:11:07.163+0000][9][gc,age      ] GC(134) - age  13:        232 bytes,     713232 total
[2022-06-29T08:11:07.163+0000][9][gc,heap     ] GC(134) Eden regions: 75->0(75)
[2022-06-29T08:11:07.164+0000][9][gc,heap     ] GC(134) Survivor regions: 1->1(10)
[2022-06-29T08:11:07.165+0000][9][gc,heap     ] GC(134) Old regions: 22->22
[2022-06-29T08:11:07.165+0000][9][gc,heap     ] GC(134) Archive regions: 2->2
[2022-06-29T08:11:07.166+0000][9][gc,heap     ] GC(134) Humongous regions: 0->0
[2022-06-29T08:11:07.167+0000][9][gc,metaspace] GC(134) Metaspace: 129943K(133248K)->129943K(133248K) NonClass: 112947K(114624K)->112947K(114624K) Class: 16996K(18624K)->16996K(18624K)
[2022-06-29T08:11:07.167+0000][9][gc          ] GC(134) Pause Young (Normal) (G1 Evacuation Pause) 390M->90M(512M) 37.374ms
[2022-06-29T08:11:07.168+0000][9][gc,cpu      ] GC(134) User=0.04s Sys=0.00s Real=0.04s
[2022-06-29T08:11:07.169+0000][9][safepoint   ] Safepoint "G1CollectForAllocation", Time since last: 23739512603 ns, Reaching safepoint: 97247 ns, At safepoint: 38964944 ns, Total: 39062191 ns
[2022-06-29T08:12:20.181+0000][9][safepoint   ] Safepoint "Cleanup", Time since last: 73054913123 ns, Reaching safepoint: 336939 ns, At safepoint: 56705 ns, Total: 393644 ns
[2022-06-29T08:12:41.182+0000][9][safepoint   ] Safepoint "Cleanup", Time since last: 21019847020 ns, Reaching safepoint: 4942506 ns, At safepoint: 61038 ns, Total: 5003544 ns
[2022-06-29T08:12:42.184+0000][9][safepoint   ] Safepoint "Cleanup", Time since last: 1001620586 ns, Reaching safepoint: 278907 ns, At safepoint: 14516 ns, Total: 293423 ns
[2022-06-29T08:12:46.099+0000][9][gc,start    ] GC(135) Pause Young (Normal) (G1 Evacuation Pause)
[2022-06-29T08:12:46.100+0000][9][gc,task     ] GC(135) Using 4 workers of 4 for evacuation
[2022-06-29T08:12:46.101+0000][9][gc,age      ] GC(135) Desired survivor size 20971520 bytes, new threshold 15 (max threshold 15)
[2022-06-29T08:12:46.109+0000][9][gc,phases   ] GC(135)   Pre Evacuate Collection Set: 0.2ms
[2022-06-29T08:12:46.109+0000][9][gc,phases   ] GC(135)   Merge Heap Roots: 0.1ms
[2022-06-29T08:12:46.110+0000][9][gc,phases   ] GC(135)   Evacuate Collection Set: 5.2ms
[2022-06-29T08:12:46.110+0000][9][gc,phases   ] GC(135)   Post Evacuate Collection Set: 1.0ms
[2022-06-29T08:12:46.111+0000][9][gc,phases   ] GC(135)   Other: 2.4ms
[2022-06-29T08:12:46.112+0000][9][gc,age      ] GC(135) Age table with threshold 15 (max threshold 15)
[2022-06-29T08:12:46.112+0000][9][gc,age      ] GC(135) - age   1:     942648 bytes,     942648 total
[2022-06-29T08:12:46.113+0000][9][gc,age      ] GC(135) - age   2:       9448 bytes,     952096 total
[2022-06-29T08:12:46.113+0000][9][gc,age      ] GC(135) - age   3:       1992 bytes,     954088 total
[2022-06-29T08:12:46.114+0000][9][gc,age      ] GC(135) - age   4:       1856 bytes,     955944 total
[2022-06-29T08:12:46.115+0000][9][gc,age      ] GC(135) - age   5:        264 bytes,     956208 total
[2022-06-29T08:12:46.115+0000][9][gc,age      ] GC(135) - age   6:       1152 bytes,     957360 total
[2022-06-29T08:12:46.116+0000][9][gc,age      ] GC(135) - age   8:        184 bytes,     957544 total
[2022-06-29T08:12:46.116+0000][9][gc,age      ] GC(135) - age   9:        616 bytes,     958160 total
[2022-06-29T08:12:46.117+0000][9][gc,age      ] GC(135) - age  10:        704 bytes,     958864 total
[2022-06-29T08:12:46.118+0000][9][gc,age      ] GC(135) - age  11:        216 bytes,     959080 total
[2022-06-29T08:12:46.118+0000][9][gc,age      ] GC(135) - age  12:        904 bytes,     959984 total
[2022-06-29T08:12:46.119+0000][9][gc,age      ] GC(135) - age  13:        312 bytes,     960296 total
[2022-06-29T08:12:46.119+0000][9][gc,age      ] GC(135) - age  14:        232 bytes,     960528 total
[2022-06-29T08:12:46.120+0000][9][gc,heap     ] GC(135) Eden regions: 75->0(75)
[2022-06-29T08:12:46.120+0000][9][gc,heap     ] GC(135) Survivor regions: 1->1(10)
[2022-06-29T08:12:46.121+0000][9][gc,heap     ] GC(135) Old regions: 22->22
[2022-06-29T08:12:46.121+0000][9][gc,heap     ] GC(135) Archive regions: 2->2
[2022-06-29T08:12:46.122+0000][9][gc,heap     ] GC(135) Humongous regions: 0->0
[2022-06-29T08:12:46.122+0000][9][gc,metaspace] GC(135) Metaspace: 129944K(133248K)->129944K(133248K) NonClass: 112947K(114624K)->112947K(114624K) Class: 16996K(18624K)->16996K(18624K)
[2022-06-29T08:12:46.123+0000][9][gc          ] GC(135) Pause Young (Normal) (G1 Evacuation Pause) 390M->90M(512M) 24.046ms
[2022-06-29T08:12:46.124+0000][9][gc,cpu      ] GC(135) User=0.02s Sys=0.00s Real=0.02s
[2022-06-29T08:12:46.124+0000][9][safepoint   ] Safepoint "G1CollectForAllocation", Time since last: 3914805064 ns, Reaching safepoint: 220283 ns, At safepoint: 25699786 ns, Total: 25920069 ns
[2022-06-29T08:13:49.135+0000][9][safepoint   ] Safepoint "Cleanup", Time since last: 63050603360 ns, Reaching safepoint: 874203 ns, At safepoint: 46968 ns, Total: 921171 ns
[2022-06-29T08:13:50.138+0000][9][safepoint   ] Safepoint "Cleanup", Time since last: 1002581363 ns, Reaching safepoint: 406638 ns, At safepoint: 206585 ns, Total: 613223 ns
[2022-06-29T08:14:21.141+0000][9][safepoint   ] Safepoint "Cleanup", Time since last: 31024594111 ns, Reaching safepoint: 231063 ns, At safepoint: 13929 ns, Total: 244992 ns
[2022-06-29T08:14:31.231+0000][9][gc,start    ] GC(136) Pause Young (Normal) (G1 Evacuation Pause)
[2022-06-29T08:14:31.232+0000][9][gc,task     ] GC(136) Using 4 workers of 4 for evacuation
[2022-06-29T08:14:31.233+0000][9][gc,age      ] GC(136) Desired survivor size 20971520 bytes, new threshold 15 (max threshold 15)
[2022-06-29T08:14:31.241+0000][9][gc,phases   ] GC(136)   Pre Evacuate Collection Set: 0.2ms
[2022-06-29T08:14:31.243+0000][9][gc,phases   ] GC(136)   Merge Heap Roots: 0.1ms
[2022-06-29T08:14:31.244+0000][9][gc,phases   ] GC(136)   Evacuate Collection Set: 4.5ms
[2022-06-29T08:14:31.246+0000][9][gc,phases   ] GC(136)   Post Evacuate Collection Set: 1.8ms
[2022-06-29T08:14:31.247+0000][9][gc,phases   ] GC(136)   Other: 2.1ms
[2022-06-29T08:14:31.248+0000][9][gc,age      ] GC(136) Age table with threshold 15 (max threshold 15)
[2022-06-29T08:14:31.250+0000][9][gc,age      ] GC(136) - age   1:    1274224 bytes,    1274224 total
[2022-06-29T08:14:31.251+0000][9][gc,age      ] GC(136) - age   2:       1192 bytes,    1275416 total
[2022-06-29T08:14:31.252+0000][9][gc,age      ] GC(136) - age   3:       8200 bytes,    1283616 total
[2022-06-29T08:14:31.254+0000][9][gc,age      ] GC(136) - age   4:       1808 bytes,    1285424 total
[2022-06-29T08:14:31.255+0000][9][gc,age      ] GC(136) - age   5:       1856 bytes,    1287280 total
[2022-06-29T08:14:31.256+0000][9][gc,age      ] GC(136) - age   6:        264 bytes,    1287544 total
[2022-06-29T08:14:31.258+0000][9][gc,age      ] GC(136) - age   7:       1152 bytes,    1288696 total
[2022-06-29T08:14:31.259+0000][9][gc,age      ] GC(136) - age   9:        184 bytes,    1288880 total
[2022-06-29T08:14:31.261+0000][9][gc,age      ] GC(136) - age  10:        616 bytes,    1289496 total
[2022-06-29T08:14:31.261+0000][9][gc,age      ] GC(136) - age  11:        704 bytes,    1290200 total
[2022-06-29T08:14:31.262+0000][9][gc,age      ] GC(136) - age  12:        216 bytes,    1290416 total
[2022-06-29T08:14:31.263+0000][9][gc,age      ] GC(136) - age  13:        520 bytes,    1290936 total
[2022-06-29T08:14:31.264+0000][9][gc,age      ] GC(136) - age  14:        312 bytes,    1291248 total
[2022-06-29T08:14:31.265+0000][9][gc,age      ] GC(136) - age  15:        232 bytes,    1291480 total
[2022-06-29T08:14:31.266+0000][9][gc,heap     ] GC(136) Eden regions: 75->0(75)
[2022-06-29T08:14:31.267+0000][9][gc,heap     ] GC(136) Survivor regions: 1->1(10)
[2022-06-29T08:14:31.267+0000][9][gc,heap     ] GC(136) Old regions: 22->22
[2022-06-29T08:14:31.268+0000][9][gc,heap     ] GC(136) Archive regions: 2->2
[2022-06-29T08:14:31.269+0000][9][gc,heap     ] GC(136) Humongous regions: 0->0
[2022-06-29T08:14:31.269+0000][9][gc,metaspace] GC(136) Metaspace: 129945K(133248K)->129945K(133248K) NonClass: 112949K(114624K)->112949K(114624K) Class: 16996K(18624K)->16996K(18624K)
[2022-06-29T08:14:31.270+0000][9][gc          ] GC(136) Pause Young (Normal) (G1 Evacuation Pause) 390M->90M(512M) 39.152ms
[2022-06-29T08:14:31.271+0000][9][gc,cpu      ] GC(136) User=0.01s Sys=0.00s Real=0.04s
[2022-06-29T08:14:31.271+0000][9][safepoint   ] Safepoint "G1CollectForAllocation", Time since last: 10089414603 ns, Reaching safepoint: 99196 ns, At safepoint: 40449320 ns, Total: 40548516 ns
[2022-06-29T08:14:39.266+0000][9][safepoint   ] Safepoint "Cleanup", Time since last: 8016118494 ns, Reaching safepoint: 181638 ns, At safepoint: 5714 ns, Total: 187352 ns
[2022-06-29T08:15:01.282+0000][9][safepoint   ] Safepoint "Cleanup", Time since last: 22015493888 ns, Reaching safepoint: 611597 ns, At safepoint: 17459 ns, Total: 629056 ns
[2022-06-29T08:15:07.272+0000][9][safepoint   ] Safepoint "Cleanup", Time since last: 6009285853 ns, Reaching safepoint: 246414 ns, At safepoint: 17138 ns, Total: 263552 ns
[2022-06-29T08:15:22.285+0000][9][safepoint   ] Safepoint "Cleanup", Time since last: 15012942573 ns, Reaching safepoint: 204873 ns, At safepoint: 10989 ns, Total: 215862 ns
[2022-06-29T08:15:25.291+0000][9][safepoint   ] Safepoint "Cleanup", Time since last: 3004902609 ns, Reaching safepoint: 447705 ns, At safepoint: 26327 ns, Total: 474032 ns
[2022-06-29T08:15:49.282+0000][9][safepoint   ] Safepoint "Cleanup", Time since last: 24018873322 ns, Reaching safepoint: 227238 ns, At safepoint: 8491 ns, Total: 235729 ns
[2022-06-29T08:16:13.047+0000][9][gc,start    ] GC(137) Pause Young (Normal) (G1 Evacuation Pause)
[2022-06-29T08:16:13.049+0000][9][gc,task     ] GC(137) Using 4 workers of 4 for evacuation
[2022-06-29T08:16:13.049+0000][9][gc,age      ] GC(137) Desired survivor size 20971520 bytes, new threshold 15 (max threshold 15)
[2022-06-29T08:16:13.070+0000][9][gc,phases   ] GC(137)   Pre Evacuate Collection Set: 1.4ms
[2022-06-29T08:16:13.071+0000][9][gc,phases   ] GC(137)   Merge Heap Roots: 0.3ms
[2022-06-29T08:16:13.072+0000][9][gc,phases   ] GC(137)   Evacuate Collection Set: 13.3ms
[2022-06-29T08:16:13.072+0000][9][gc,phases   ] GC(137)   Post Evacuate Collection Set: 3.8ms
[2022-06-29T08:16:13.073+0000][9][gc,phases   ] GC(137)   Other: 2.3ms
[2022-06-29T08:16:13.073+0000][9][gc,age      ] GC(137) Age table with threshold 15 (max threshold 15)
[2022-06-29T08:16:13.074+0000][9][gc,age      ] GC(137) - age   1:    1605288 bytes,    1605288 total
[2022-06-29T08:16:13.074+0000][9][gc,age      ] GC(137) - age   2:       1704 bytes,    1606992 total
[2022-06-29T08:16:13.075+0000][9][gc,age      ] GC(137) - age   3:        256 bytes,    1607248 total
[2022-06-29T08:16:13.076+0000][9][gc,age      ] GC(137) - age   4:       8200 bytes,    1615448 total
[2022-06-29T08:16:13.077+0000][9][gc,age      ] GC(137) - age   5:       1808 bytes,    1617256 total
[2022-06-29T08:16:13.079+0000][9][gc,age      ] GC(137) - age   6:       1856 bytes,    1619112 total
[2022-06-29T08:16:13.079+0000][9][gc,age      ] GC(137) - age   7:        264 bytes,    1619376 total
[2022-06-29T08:16:13.080+0000][9][gc,age      ] GC(137) - age   8:       1152 bytes,    1620528 total
[2022-06-29T08:16:13.081+0000][9][gc,age      ] GC(137) - age  10:        184 bytes,    1620712 total
[2022-06-29T08:16:13.081+0000][9][gc,age      ] GC(137) - age  11:        616 bytes,    1621328 total
[2022-06-29T08:16:13.082+0000][9][gc,age      ] GC(137) - age  12:        704 bytes,    1622032 total
[2022-06-29T08:16:13.082+0000][9][gc,age      ] GC(137) - age  13:        216 bytes,    1622248 total
[2022-06-29T08:16:13.083+0000][9][gc,age      ] GC(137) - age  14:        496 bytes,    1622744 total
[2022-06-29T08:16:13.084+0000][9][gc,age      ] GC(137) - age  15:        312 bytes,    1623056 total
[2022-06-29T08:16:13.085+0000][9][gc,heap     ] GC(137) Eden regions: 75->0(75)
[2022-06-29T08:16:13.086+0000][9][gc,heap     ] GC(137) Survivor regions: 1->1(10)
[2022-06-29T08:16:13.086+0000][9][gc,heap     ] GC(137) Old regions: 22->22
[2022-06-29T08:16:13.087+0000][9][gc,heap     ] GC(137) Archive regions: 2->2
[2022-06-29T08:16:13.088+0000][9][gc,heap     ] GC(137) Humongous regions: 0->0
[2022-06-29T08:16:13.088+0000][9][gc,metaspace] GC(137) Metaspace: 129945K(133248K)->129945K(133248K) NonClass: 112949K(114624K)->112949K(114624K) Class: 16996K(18624K)->16996K(18624K)
[2022-06-29T08:16:13.089+0000][9][gc          ] GC(137) Pause Young (Normal) (G1 Evacuation Pause) 390M->91M(512M) 42.082ms
[2022-06-29T08:16:13.090+0000][9][gc,cpu      ] GC(137) User=0.05s Sys=0.01s Real=0.05s
[2022-06-29T08:16:13.091+0000][9][safepoint   ] Safepoint "G1CollectForAllocation", Time since last: 23782237973 ns, Reaching safepoint: 82953 ns, At safepoint: 43954248 ns, Total: 44037201 ns
[2022-06-29T08:16:26.099+0000][9][safepoint   ] Safepoint "Cleanup", Time since last: 13007938188 ns, Reaching safepoint: 520441 ns, At safepoint: 31996 ns, Total: 552437 ns
[2022-06-29T08:16:58.111+0000][9][safepoint   ] Safepoint "Cleanup", Time since last: 32033194961 ns, Reaching safepoint: 372089 ns, At safepoint: 47546 ns, Total: 419635 ns
[2022-06-29T08:17:22.116+0000][9][safepoint   ] Safepoint "Cleanup", Time since last: 24026171165 ns, Reaching safepoint: 188915 ns, At safepoint: 29460 ns, Total: 218375 ns
[2022-06-29T08:17:51.956+0000][9][gc,start    ] GC(138) Pause Young (Normal) (G1 Evacuation Pause)
[2022-06-29T08:17:51.958+0000][9][gc,task     ] GC(138) Using 4 workers of 4 for evacuation
[2022-06-29T08:17:51.959+0000][9][gc,age      ] GC(138) Desired survivor size 20971520 bytes, new threshold 15 (max threshold 15)
[2022-06-29T08:17:51.984+0000][9][gc,phases   ] GC(138)   Pre Evacuate Collection Set: 0.4ms
[2022-06-29T08:17:51.985+0000][9][gc,phases   ] GC(138)   Merge Heap Roots: 0.3ms
[2022-06-29T08:17:51.986+0000][9][gc,phases   ] GC(138)   Evacuate Collection Set: 16.8ms
[2022-06-29T08:17:51.987+0000][9][gc,phases   ] GC(138)   Post Evacuate Collection Set: 6.9ms
[2022-06-29T08:17:51.987+0000][9][gc,phases   ] GC(138)   Other: 2.1ms
[2022-06-29T08:17:51.988+0000][9][gc,age      ] GC(138) Age table with threshold 15 (max threshold 15)
[2022-06-29T08:17:51.989+0000][9][gc,age      ] GC(138) - age   1:     315872 bytes,     315872 total
[2022-06-29T08:17:51.990+0000][9][gc,age      ] GC(138) - age   2:       2272 bytes,     318144 total
[2022-06-29T08:17:51.990+0000][9][gc,age      ] GC(138) - age   3:        384 bytes,     318528 total
[2022-06-29T08:17:51.991+0000][9][gc,age      ] GC(138) - age   4:        160 bytes,     318688 total
[2022-06-29T08:17:51.992+0000][9][gc,age      ] GC(138) - age   5:       8200 bytes,     326888 total
[2022-06-29T08:17:51.992+0000][9][gc,age      ] GC(138) - age   6:       1808 bytes,     328696 total
[2022-06-29T08:17:51.993+0000][9][gc,age      ] GC(138) - age   7:       1856 bytes,     330552 total
[2022-06-29T08:17:51.994+0000][9][gc,age      ] GC(138) - age   8:        264 bytes,     330816 total
[2022-06-29T08:17:51.995+0000][9][gc,age      ] GC(138) - age   9:       1152 bytes,     331968 total
[2022-06-29T08:17:51.996+0000][9][gc,age      ] GC(138) - age  11:        184 bytes,     332152 total
[2022-06-29T08:17:51.997+0000][9][gc,age      ] GC(138) - age  12:        616 bytes,     332768 total
[2022-06-29T08:17:51.998+0000][9][gc,age      ] GC(138) - age  13:        704 bytes,     333472 total
[2022-06-29T08:17:51.999+0000][9][gc,age      ] GC(138) - age  14:        216 bytes,     333688 total
[2022-06-29T08:17:52.000+0000][9][gc,age      ] GC(138) - age  15:        496 bytes,     334184 total
[2022-06-29T08:17:52.001+0000][9][gc,heap     ] GC(138) Eden regions: 75->0(75)
[2022-06-29T08:17:52.001+0000][9][gc,heap     ] GC(138) Survivor regions: 1->1(10)
[2022-06-29T08:17:52.002+0000][9][gc,heap     ] GC(138) Old regions: 22->22
[2022-06-29T08:17:52.003+0000][9][gc,heap     ] GC(138) Archive regions: 2->2
[2022-06-29T08:17:52.004+0000][9][gc,heap     ] GC(138) Humongous regions: 0->0
[2022-06-29T08:17:52.005+0000][9][gc,metaspace] GC(138) Metaspace: 129945K(133248K)->129945K(133248K) NonClass: 112949K(114624K)->112949K(114624K) Class: 16996K(18624K)->16996K(18624K)
[2022-06-29T08:17:52.006+0000][9][gc          ] GC(138) Pause Young (Normal) (G1 Evacuation Pause) 391M->90M(512M) 50.122ms
[2022-06-29T08:17:52.007+0000][9][gc,cpu      ] GC(138) User=0.07s Sys=0.00s Real=0.05s
[2022-06-29T08:17:52.008+0000][9][safepoint   ] Safepoint "G1CollectForAllocation", Time since last: 29863462605 ns, Reaching safepoint: 132409 ns, At safepoint: 52331240 ns, Total: 52463649 ns
[2022-06-29T08:19:33.905+0000][9][gc,start    ] GC(139) Pause Young (Normal) (G1 Evacuation Pause)
[2022-06-29T08:19:33.909+0000][9][gc,task     ] GC(139) Using 4 workers of 4 for evacuation
[2022-06-29T08:19:33.910+0000][9][gc,age      ] GC(139) Desired survivor size 20971520 bytes, new threshold 15 (max threshold 15)
[2022-06-29T08:19:33.915+0000][9][gc,phases   ] GC(139)   Pre Evacuate Collection Set: 0.2ms
[2022-06-29T08:19:33.916+0000][9][gc,phases   ] GC(139)   Merge Heap Roots: 0.1ms
[2022-06-29T08:19:33.916+0000][9][gc,phases   ] GC(139)   Evacuate Collection Set: 2.9ms
[2022-06-29T08:19:33.917+0000][9][gc,phases   ] GC(139)   Post Evacuate Collection Set: 1.0ms
[2022-06-29T08:19:33.917+0000][9][gc,phases   ] GC(139)   Other: 1.4ms
[2022-06-29T08:19:33.918+0000][9][gc,age      ] GC(139) Age table with threshold 15 (max threshold 15)
[2022-06-29T08:19:33.919+0000][9][gc,age      ] GC(139) - age   1:     933192 bytes,     933192 total
[2022-06-29T08:19:33.920+0000][9][gc,age      ] GC(139) - age   2:        800 bytes,     933992 total
[2022-06-29T08:19:33.920+0000][9][gc,age      ] GC(139) - age   3:        528 bytes,     934520 total
[2022-06-29T08:19:33.921+0000][9][gc,age      ] GC(139) - age   4:        384 bytes,     934904 total
[2022-06-29T08:19:33.921+0000][9][gc,age      ] GC(139) - age   5:        160 bytes,     935064 total
[2022-06-29T08:19:33.922+0000][9][gc,age      ] GC(139) - age   6:       8200 bytes,     943264 total
[2022-06-29T08:19:33.922+0000][9][gc,age      ] GC(139) - age   7:         64 bytes,     943328 total
[2022-06-29T08:19:33.923+0000][9][gc,age      ] GC(139) - age   8:       1856 bytes,     945184 total
[2022-06-29T08:19:33.923+0000][9][gc,age      ] GC(139) - age   9:         80 bytes,     945264 total
[2022-06-29T08:19:33.924+0000][9][gc,age      ] GC(139) - age  10:        760 bytes,     946024 total
[2022-06-29T08:19:33.925+0000][9][gc,age      ] GC(139) - age  12:        184 bytes,     946208 total
[2022-06-29T08:19:33.925+0000][9][gc,age      ] GC(139) - age  13:        616 bytes,     946824 total
[2022-06-29T08:19:33.926+0000][9][gc,age      ] GC(139) - age  14:        704 bytes,     947528 total
[2022-06-29T08:19:33.926+0000][9][gc,age      ] GC(139) - age  15:        216 bytes,     947744 total
[2022-06-29T08:19:33.927+0000][9][gc,heap     ] GC(139) Eden regions: 75->0(75)
[2022-06-29T08:19:33.927+0000][9][gc,heap     ] GC(139) Survivor regions: 1->1(10)
[2022-06-29T08:19:33.928+0000][9][gc,heap     ] GC(139) Old regions: 22->22
[2022-06-29T08:19:33.929+0000][9][gc,heap     ] GC(139) Archive regions: 2->2
[2022-06-29T08:19:33.930+0000][9][gc,heap     ] GC(139) Humongous regions: 0->0
[2022-06-29T08:19:33.930+0000][9][gc,metaspace] GC(139) Metaspace: 129947K(133248K)->129947K(133248K) NonClass: 112950K(114624K)->112950K(114624K) Class: 16996K(18624K)->16996K(18624K)
[2022-06-29T08:19:33.931+0000][9][gc          ] GC(139) Pause Young (Normal) (G1 Evacuation Pause) 390M->90M(512M) 25.628ms
[2022-06-29T08:19:33.931+0000][9][gc,cpu      ] GC(139) User=0.01s Sys=0.00s Real=0.03s
[2022-06-29T08:19:33.932+0000][9][safepoint   ] Safepoint "G1CollectForAllocation", Time since last: 101980421606 ns, Reaching safepoint: 246836 ns, At safepoint: 26919593 ns, Total: 27166429 ns
[2022-06-29T08:19:43.942+0000][9][safepoint   ] Safepoint "Cleanup", Time since last: 10009577978 ns, Reaching safepoint: 323129 ns, At safepoint: 6531 ns, Total: 329660 ns
[2022-06-29T08:20:03.934+0000][9][safepoint   ] Safepoint "Cleanup", Time since last: 20013499484 ns, Reaching safepoint: 93691 ns, At safepoint: 32504 ns, Total: 126195 ns
[2022-06-29T08:20:04.940+0000][9][safepoint   ] Safepoint "Cleanup", Time since last: 1005471904 ns, Reaching safepoint: 393272 ns, At safepoint: 65839 ns, Total: 459111 ns
[2022-06-29T08:20:25.970+0000][9][safepoint   ] Safepoint "Cleanup", Time since last: 21030425559 ns, Reaching safepoint: 157506 ns, At safepoint: 4528 ns, Total: 162034 ns
[2022-06-29T08:20:49.973+0000][9][safepoint   ] Safepoint "Cleanup", Time since last: 24023363214 ns, Reaching safepoint: 983629 ns, At safepoint: 15326 ns, Total: 998955 ns
[2022-06-29T08:21:04.786+0000][9][gc,start    ] GC(140) Pause Young (Normal) (G1 Evacuation Pause)
[2022-06-29T08:21:04.789+0000][9][gc,task     ] GC(140) Using 4 workers of 4 for evacuation
[2022-06-29T08:21:04.789+0000][9][gc,age      ] GC(140) Desired survivor size 20971520 bytes, new threshold 15 (max threshold 15)
[2022-06-29T08:21:04.801+0000][9][gc,phases   ] GC(140)   Pre Evacuate Collection Set: 0.2ms
[2022-06-29T08:21:04.802+0000][9][gc,phases   ] GC(140)   Merge Heap Roots: 0.1ms
[2022-06-29T08:21:04.802+0000][9][gc,phases   ] GC(140)   Evacuate Collection Set: 7.1ms
[2022-06-29T08:21:04.803+0000][9][gc,phases   ] GC(140)   Post Evacuate Collection Set: 2.7ms
[2022-06-29T08:21:04.804+0000][9][gc,phases   ] GC(140)   Other: 1.9ms
[2022-06-29T08:21:04.806+0000][9][gc,age      ] GC(140) Age table with threshold 15 (max threshold 15)
[2022-06-29T08:21:04.806+0000][9][gc,age      ] GC(140) - age   1:    1387864 bytes,    1387864 total
[2022-06-29T08:21:04.807+0000][9][gc,age      ] GC(140) - age   2:       3576 bytes,    1391440 total
[2022-06-29T08:21:04.808+0000][9][gc,age      ] GC(140) - age   3:        576 bytes,    1392016 total
[2022-06-29T08:21:04.808+0000][9][gc,age      ] GC(140) - age   4:        464 bytes,    1392480 total
[2022-06-29T08:21:04.809+0000][9][gc,age      ] GC(140) - age   5:        384 bytes,    1392864 total
[2022-06-29T08:21:04.810+0000][9][gc,age      ] GC(140) - age   6:        160 bytes,    1393024 total
[2022-06-29T08:21:04.810+0000][9][gc,age      ] GC(140) - age   7:       8200 bytes,    1401224 total
[2022-06-29T08:21:04.811+0000][9][gc,age      ] GC(140) - age   8:         64 bytes,    1401288 total
[2022-06-29T08:21:04.812+0000][9][gc,age      ] GC(140) - age   9:       1672 bytes,    1402960 total
[2022-06-29T08:21:04.813+0000][9][gc,age      ] GC(140) - age  10:         80 bytes,    1403040 total
[2022-06-29T08:21:04.814+0000][9][gc,age      ] GC(140) - age  11:        760 bytes,    1403800 total
[2022-06-29T08:21:04.815+0000][9][gc,age      ] GC(140) - age  13:        184 bytes,    1403984 total
[2022-06-29T08:21:04.816+0000][9][gc,age      ] GC(140) - age  14:        616 bytes,    1404600 total
[2022-06-29T08:21:04.817+0000][9][gc,age      ] GC(140) - age  15:        704 bytes,    1405304 total
[2022-06-29T08:21:04.818+0000][9][gc,heap     ] GC(140) Eden regions: 75->0(75)
[2022-06-29T08:21:04.819+0000][9][gc,heap     ] GC(140) Survivor regions: 1->1(10)
[2022-06-29T08:21:04.821+0000][9][gc,heap     ] GC(140) Old regions: 22->22
[2022-06-29T08:21:04.822+0000][9][gc,heap     ] GC(140) Archive regions: 2->2
[2022-06-29T08:21:04.823+0000][9][gc,heap     ] GC(140) Humongous regions: 0->0
[2022-06-29T08:21:04.823+0000][9][gc,metaspace] GC(140) Metaspace: 129947K(133248K)->129947K(133248K) NonClass: 112951K(114624K)->112951K(114624K) Class: 16996K(18624K)->16996K(18624K)
[2022-06-29T08:21:04.825+0000][9][gc          ] GC(140) Pause Young (Normal) (G1 Evacuation Pause) 390M->91M(512M) 39.237ms
[2022-06-29T08:21:04.826+0000][9][gc,cpu      ] GC(140) User=0.03s Sys=0.00s Real=0.04s
[2022-06-29T08:21:04.827+0000][9][safepoint   ] Safepoint "G1CollectForAllocation", Time since last: 14834175442 ns, Reaching safepoint: 78384 ns, At safepoint: 40941873 ns, Total: 41020257 ns
[2022-06-29T08:21:55.847+0000][9][safepoint   ] Safepoint "Cleanup", Time since last: 51041276098 ns, Reaching safepoint: 276687 ns, At safepoint: 32289 ns, Total: 308976 ns
[2022-06-29T08:22:21.952+0000][9][gc,start    ] GC(141) Pause Young (Normal) (G1 Evacuation Pause)
[2022-06-29T08:22:21.954+0000][9][gc,task     ] GC(141) Using 4 workers of 4 for evacuation
[2022-06-29T08:22:21.955+0000][9][gc,age      ] GC(141) Desired survivor size 20971520 bytes, new threshold 15 (max threshold 15)
[2022-06-29T08:22:21.960+0000][9][gc,phases   ] GC(141)   Pre Evacuate Collection Set: 0.2ms
[2022-06-29T08:22:21.960+0000][9][gc,phases   ] GC(141)   Merge Heap Roots: 0.2ms
[2022-06-29T08:22:21.961+0000][9][gc,phases   ] GC(141)   Evacuate Collection Set: 2.8ms
[2022-06-29T08:22:21.961+0000][9][gc,phases   ] GC(141)   Post Evacuate Collection Set: 1.0ms
[2022-06-29T08:22:21.962+0000][9][gc,phases   ] GC(141)   Other: 1.8ms
[2022-06-29T08:22:21.963+0000][9][gc,age      ] GC(141) Age table with threshold 15 (max threshold 15)
[2022-06-29T08:22:21.963+0000][9][gc,age      ] GC(141) - age   1:     982320 bytes,     982320 total
[2022-06-29T08:22:21.964+0000][9][gc,age      ] GC(141) - age   2:     306648 bytes,    1288968 total
[2022-06-29T08:22:21.964+0000][9][gc,age      ] GC(141) - age   3:       2808 bytes,    1291776 total
[2022-06-29T08:22:21.965+0000][9][gc,age      ] GC(141) - age   4:        480 bytes,    1292256 total
[2022-06-29T08:22:21.965+0000][9][gc,age      ] GC(141) - age   5:        464 bytes,    1292720 total
[2022-06-29T08:22:21.966+0000][9][gc,age      ] GC(141) - age   6:        384 bytes,    1293104 total
[2022-06-29T08:22:21.967+0000][9][gc,age      ] GC(141) - age   7:        160 bytes,    1293264 total
[2022-06-29T08:22:21.967+0000][9][gc,age      ] GC(141) - age   8:       8200 bytes,    1301464 total
[2022-06-29T08:22:21.968+0000][9][gc,age      ] GC(141) - age   9:         64 bytes,    1301528 total
[2022-06-29T08:22:21.968+0000][9][gc,age      ] GC(141) - age  10:       1672 bytes,    1303200 total
[2022-06-29T08:22:21.969+0000][9][gc,age      ] GC(141) - age  11:         80 bytes,    1303280 total
[2022-06-29T08:22:21.970+0000][9][gc,age      ] GC(141) - age  12:        760 bytes,    1304040 total
[2022-06-29T08:22:21.970+0000][9][gc,age      ] GC(141) - age  14:        184 bytes,    1304224 total
[2022-06-29T08:22:21.971+0000][9][gc,age      ] GC(141) - age  15:        616 bytes,    1304840 total
[2022-06-29T08:22:21.971+0000][9][gc,heap     ] GC(141) Eden regions: 75->0(75)
[2022-06-29T08:22:21.972+0000][9][gc,heap     ] GC(141) Survivor regions: 1->1(10)
[2022-06-29T08:22:21.973+0000][9][gc,heap     ] GC(141) Old regions: 22->22
[2022-06-29T08:22:21.973+0000][9][gc,heap     ] GC(141) Archive regions: 2->2
[2022-06-29T08:22:21.974+0000][9][gc,heap     ] GC(141) Humongous regions: 0->0
[2022-06-29T08:22:21.974+0000][9][gc,metaspace] GC(141) Metaspace: 129947K(133248K)->129947K(133248K) NonClass: 112951K(114624K)->112951K(114624K) Class: 16996K(18624K)->16996K(18624K)
[2022-06-29T08:22:21.975+0000][9][gc          ] GC(141) Pause Young (Normal) (G1 Evacuation Pause) 391M->90M(512M) 23.504ms
[2022-06-29T08:22:21.976+0000][9][gc,cpu      ] GC(141) User=0.01s Sys=0.00s Real=0.02s
[2022-06-29T08:22:21.977+0000][9][safepoint   ] Safepoint "G1CollectForAllocation", Time since last: 26126704916 ns, Reaching safepoint: 112554 ns, At safepoint: 25408084 ns, Total: 25520638 ns
[2022-06-29T08:23:22.980+0000][9][safepoint   ] Safepoint "Cleanup", Time since last: 61045188932 ns, Reaching safepoint: 1406240 ns, At safepoint: 24335 ns, Total: 1430575 ns
[2022-06-29T08:23:25.984+0000][9][safepoint   ] Safepoint "Cleanup", Time since last: 3003695754 ns, Reaching safepoint: 183700 ns, At safepoint: 12070 ns, Total: 195770 ns
[2022-06-29T08:23:27.992+0000][9][safepoint   ] Safepoint "Cleanup", Time since last: 2004809879 ns, Reaching safepoint: 2784354 ns, At safepoint: 100863 ns, Total: 2885217 ns
[2022-06-29T08:23:42.869+0000][9][gc,start    ] GC(142) Pause Young (Normal) (G1 Evacuation Pause)
[2022-06-29T08:23:42.871+0000][9][gc,task     ] GC(142) Using 4 workers of 4 for evacuation
[2022-06-29T08:23:42.872+0000][9][gc,age      ] GC(142) Desired survivor size 20971520 bytes, new threshold 15 (max threshold 15)
[2022-06-29T08:23:42.885+0000][9][gc,phases   ] GC(142)   Pre Evacuate Collection Set: 0.8ms
[2022-06-29T08:23:42.886+0000][9][gc,phases   ] GC(142)   Merge Heap Roots: 0.1ms
[2022-06-29T08:23:42.887+0000][9][gc,phases   ] GC(142)   Evacuate Collection Set: 9.6ms
[2022-06-29T08:23:42.887+0000][9][gc,phases   ] GC(142)   Post Evacuate Collection Set: 1.0ms
[2022-06-29T08:23:42.888+0000][9][gc,phases   ] GC(142)   Other: 2.2ms
[2022-06-29T08:23:42.888+0000][9][gc,age      ] GC(142) Age table with threshold 15 (max threshold 15)
[2022-06-29T08:23:42.889+0000][9][gc,age      ] GC(142) - age   1:    1773888 bytes,    1773888 total
[2022-06-29T08:23:42.889+0000][9][gc,age      ] GC(142) - age   2:      12328 bytes,    1786216 total
[2022-06-29T08:23:42.890+0000][9][gc,age      ] GC(142) - age   3:     305144 bytes,    2091360 total
[2022-06-29T08:23:42.890+0000][9][gc,age      ] GC(142) - age   4:       2680 bytes,    2094040 total
[2022-06-29T08:23:42.892+0000][9][gc,age      ] GC(142) - age   5:        480 bytes,    2094520 total
[2022-06-29T08:23:42.893+0000][9][gc,age      ] GC(142) - age   6:        280 bytes,    2094800 total
[2022-06-29T08:23:42.894+0000][9][gc,age      ] GC(142) - age   7:        384 bytes,    2095184 total
[2022-06-29T08:23:42.895+0000][9][gc,age      ] GC(142) - age   8:        160 bytes,    2095344 total
[2022-06-29T08:23:42.895+0000][9][gc,age      ] GC(142) - age   9:       8200 bytes,    2103544 total
[2022-06-29T08:23:42.896+0000][9][gc,age      ] GC(142) - age  10:         64 bytes,    2103608 total
[2022-06-29T08:23:42.897+0000][9][gc,age      ] GC(142) - age  11:       1672 bytes,    2105280 total
[2022-06-29T08:23:42.898+0000][9][gc,age      ] GC(142) - age  12:         80 bytes,    2105360 total
[2022-06-29T08:23:42.898+0000][9][gc,age      ] GC(142) - age  13:        760 bytes,    2106120 total
[2022-06-29T08:23:42.899+0000][9][gc,age      ] GC(142) - age  15:        184 bytes,    2106304 total
[2022-06-29T08:23:42.900+0000][9][gc,heap     ] GC(142) Eden regions: 75->0(75)
[2022-06-29T08:23:42.900+0000][9][gc,heap     ] GC(142) Survivor regions: 1->1(10)
[2022-06-29T08:23:42.901+0000][9][gc,heap     ] GC(142) Old regions: 22->22
[2022-06-29T08:23:42.902+0000][9][gc,heap     ] GC(142) Archive regions: 2->2
[2022-06-29T08:23:42.903+0000][9][gc,heap     ] GC(142) Humongous regions: 0->0
[2022-06-29T08:23:42.903+0000][9][gc,metaspace] GC(142) Metaspace: 129947K(133248K)->129947K(133248K) NonClass: 112951K(114624K)->112951K(114624K) Class: 16996K(18624K)->16996K(18624K)
[2022-06-29T08:23:42.904+0000][9][gc          ] GC(142) Pause Young (Normal) (G1 Evacuation Pause) 390M->91M(512M) 34.856ms
[2022-06-29T08:23:42.905+0000][9][gc,cpu      ] GC(142) User=0.03s Sys=0.00s Real=0.04s
[2022-06-29T08:23:42.905+0000][9][safepoint   ] Safepoint "G1CollectForAllocation", Time since last: 14898533943 ns, Reaching safepoint: 93495 ns, At safepoint: 36001471 ns, Total: 36094966 ns
[2022-06-29T08:25:03.789+0000][9][gc,start    ] GC(143) Pause Young (Normal) (G1 Evacuation Pause)
[2022-06-29T08:25:03.794+0000][9][gc,task     ] GC(143) Using 4 workers of 4 for evacuation
[2022-06-29T08:25:03.796+0000][9][gc,age      ] GC(143) Desired survivor size 20971520 bytes, new threshold 15 (max threshold 15)
[2022-06-29T08:25:03.801+0000][9][gc,phases   ] GC(143)   Pre Evacuate Collection Set: 0.2ms
[2022-06-29T08:25:03.801+0000][9][gc,phases   ] GC(143)   Merge Heap Roots: 0.1ms
[2022-06-29T08:25:03.802+0000][9][gc,phases   ] GC(143)   Evacuate Collection Set: 2.5ms
[2022-06-29T08:25:03.803+0000][9][gc,phases   ] GC(143)   Post Evacuate Collection Set: 1.1ms
[2022-06-29T08:25:03.803+0000][9][gc,phases   ] GC(143)   Other: 2.9ms
[2022-06-29T08:25:03.804+0000][9][gc,age      ] GC(143) Age table with threshold 15 (max threshold 15)
[2022-06-29T08:25:03.805+0000][9][gc,age      ] GC(143) - age   1:    1191656 bytes,    1191656 total
[2022-06-29T08:25:03.805+0000][9][gc,age      ] GC(143) - age   2:       2592 bytes,    1194248 total
[2022-06-29T08:25:03.806+0000][9][gc,age      ] GC(143) - age   3:      11120 bytes,    1205368 total
[2022-06-29T08:25:03.806+0000][9][gc,age      ] GC(143) - age   4:     305080 bytes,    1510448 total
[2022-06-29T08:25:03.807+0000][9][gc,age      ] GC(143) - age   5:       2680 bytes,    1513128 total
[2022-06-29T08:25:03.807+0000][9][gc,age      ] GC(143) - age   6:        184 bytes,    1513312 total
[2022-06-29T08:25:03.808+0000][9][gc,age      ] GC(143) - age   7:        256 bytes,    1513568 total
[2022-06-29T08:25:03.808+0000][9][gc,age      ] GC(143) - age   8:        384 bytes,    1513952 total
[2022-06-29T08:25:03.809+0000][9][gc,age      ] GC(143) - age   9:        160 bytes,    1514112 total
[2022-06-29T08:25:03.809+0000][9][gc,age      ] GC(143) - age  10:       8200 bytes,    1522312 total
[2022-06-29T08:25:03.810+0000][9][gc,age      ] GC(143) - age  11:         32 bytes,    1522344 total
[2022-06-29T08:25:03.811+0000][9][gc,age      ] GC(143) - age  12:       1672 bytes,    1524016 total
[2022-06-29T08:25:03.811+0000][9][gc,age      ] GC(143) - age  13:         80 bytes,    1524096 total
[2022-06-29T08:25:03.812+0000][9][gc,age      ] GC(143) - age  14:        576 bytes,    1524672 total
[2022-06-29T08:25:03.813+0000][9][gc,heap     ] GC(143) Eden regions: 75->0(75)
[2022-06-29T08:25:03.813+0000][9][gc,heap     ] GC(143) Survivor regions: 1->1(10)
[2022-06-29T08:25:03.814+0000][9][gc,heap     ] GC(143) Old regions: 22->22
[2022-06-29T08:25:03.814+0000][9][gc,heap     ] GC(143) Archive regions: 2->2
[2022-06-29T08:25:03.815+0000][9][gc,heap     ] GC(143) Humongous regions: 0->0
[2022-06-29T08:25:03.816+0000][9][gc,metaspace] GC(143) Metaspace: 129948K(133248K)->129948K(133248K) NonClass: 112951K(114624K)->112951K(114624K) Class: 16996K(18624K)->16996K(18624K)
[2022-06-29T08:25:03.816+0000][9][gc          ] GC(143) Pause Young (Normal) (G1 Evacuation Pause) 391M->91M(512M) 27.223ms
[2022-06-29T08:25:03.817+0000][9][gc,cpu      ] GC(143) User=0.01s Sys=0.00s Real=0.02s
[2022-06-29T08:25:03.818+0000][9][safepoint   ] Safepoint "G1CollectForAllocation", Time since last: 80948907743 ns, Reaching safepoint: 257493 ns, At safepoint: 28659782 ns, Total: 28917275 ns
[2022-06-29T08:25:04.819+0000][9][safepoint   ] Safepoint "Cleanup", Time since last: 1001243093 ns, Reaching safepoint: 194791 ns, At safepoint: 27597 ns, Total: 222388 ns
[2022-06-29T08:25:21.833+0000][9][safepoint   ] Safepoint "Cleanup", Time since last: 17013038163 ns, Reaching safepoint: 143970 ns, At safepoint: 8007 ns, Total: 151977 ns
[2022-06-29T08:25:58.840+0000][9][safepoint   ] Safepoint "Cleanup", Time since last: 37029192399 ns, Reaching safepoint: 194362 ns, At safepoint: 9652 ns, Total: 204014 ns
[2022-06-29T08:26:19.269+0000][9][gc,start    ] GC(144) Pause Young (Normal) (G1 Evacuation Pause)
[2022-06-29T08:26:19.270+0000][9][gc,task     ] GC(144) Using 4 workers of 4 for evacuation
[2022-06-29T08:26:19.271+0000][9][gc,age      ] GC(144) Desired survivor size 20971520 bytes, new threshold 15 (max threshold 15)
[2022-06-29T08:26:19.280+0000][9][gc,phases   ] GC(144)   Pre Evacuate Collection Set: 0.1ms
[2022-06-29T08:26:19.281+0000][9][gc,phases   ] GC(144)   Merge Heap Roots: 0.2ms
[2022-06-29T08:26:19.282+0000][9][gc,phases   ] GC(144)   Evacuate Collection Set: 6.5ms
[2022-06-29T08:26:19.283+0000][9][gc,phases   ] GC(144)   Post Evacuate Collection Set: 1.0ms
[2022-06-29T08:26:19.284+0000][9][gc,phases   ] GC(144)   Other: 2.1ms
[2022-06-29T08:26:19.284+0000][9][gc,age      ] GC(144) Age table with threshold 15 (max threshold 15)
[2022-06-29T08:26:19.285+0000][9][gc,age      ] GC(144) - age   1:    1200328 bytes,    1200328 total
[2022-06-29T08:26:19.285+0000][9][gc,age      ] GC(144) - age   2:       2696 bytes,    1203024 total
[2022-06-29T08:26:19.286+0000][9][gc,age      ] GC(144) - age   3:        840 bytes,    1203864 total
[2022-06-29T08:26:19.286+0000][9][gc,age      ] GC(144) - age   4:        568 bytes,    1204432 total
[2022-06-29T08:26:19.287+0000][9][gc,age      ] GC(144) - age   5:     230616 bytes,    1435048 total
[2022-06-29T08:26:19.287+0000][9][gc,age      ] GC(144) - age   6:       2680 bytes,    1437728 total
[2022-06-29T08:26:19.288+0000][9][gc,age      ] GC(144) - age   7:        184 bytes,    1437912 total
[2022-06-29T08:26:19.288+0000][9][gc,age      ] GC(144) - age   8:        256 bytes,    1438168 total
[2022-06-29T08:26:19.289+0000][9][gc,age      ] GC(144) - age   9:        384 bytes,    1438552 total
[2022-06-29T08:26:19.289+0000][9][gc,age      ] GC(144) - age  10:        160 bytes,    1438712 total
[2022-06-29T08:26:19.290+0000][9][gc,age      ] GC(144) - age  11:       8200 bytes,    1446912 total
[2022-06-29T08:26:19.290+0000][9][gc,age      ] GC(144) - age  12:         32 bytes,    1446944 total
[2022-06-29T08:26:19.291+0000][9][gc,age      ] GC(144) - age  13:       1672 bytes,    1448616 total
[2022-06-29T08:26:19.292+0000][9][gc,age      ] GC(144) - age  14:         80 bytes,    1448696 total
[2022-06-29T08:26:19.292+0000][9][gc,age      ] GC(144) - age  15:        576 bytes,    1449272 total
[2022-06-29T08:26:19.293+0000][9][gc,heap     ] GC(144) Eden regions: 75->0(75)
[2022-06-29T08:26:19.294+0000][9][gc,heap     ] GC(144) Survivor regions: 1->1(10)
[2022-06-29T08:26:19.294+0000][9][gc,heap     ] GC(144) Old regions: 22->22
[2022-06-29T08:26:19.295+0000][9][gc,heap     ] GC(144) Archive regions: 2->2
[2022-06-29T08:26:19.295+0000][9][gc,heap     ] GC(144) Humongous regions: 0->0
[2022-06-29T08:26:19.296+0000][9][gc,metaspace] GC(144) Metaspace: 129948K(133248K)->129948K(133248K) NonClass: 112952K(114624K)->112952K(114624K) Class: 16996K(18624K)->16996K(18624K)
[2022-06-29T08:26:19.297+0000][9][gc          ] GC(144) Pause Young (Normal) (G1 Evacuation Pause) 391M->91M(512M) 27.710ms
[2022-06-29T08:26:19.297+0000][9][gc,cpu      ] GC(144) User=0.02s Sys=0.00s Real=0.03s
[2022-06-29T08:26:19.298+0000][9][safepoint   ] Safepoint "G1CollectForAllocation", Time since last: 20452131911 ns, Reaching safepoint: 95127 ns, At safepoint: 29153622 ns, Total: 29248749 ns
[2022-06-29T08:26:59.310+0000][9][safepoint   ] Safepoint "Cleanup", Time since last: 40031095036 ns, Reaching safepoint: 193391 ns, At safepoint: 21191 ns, Total: 214582 ns
[2022-06-29T08:27:08.297+0000][9][safepoint   ] Safepoint "Cleanup", Time since last: 9008871410 ns, Reaching safepoint: 258888 ns, At safepoint: 97365 ns, Total: 356253 ns
[2022-06-29T08:27:10.302+0000][9][safepoint   ] Safepoint "Cleanup", Time since last: 2004375119 ns, Reaching safepoint: 383261 ns, At safepoint: 50757 ns, Total: 434018 ns
[2022-06-29T08:27:22.313+0000][9][safepoint   ] Safepoint "Cleanup", Time since last: 12010861766 ns, Reaching safepoint: 164085 ns, At safepoint: 9656 ns, Total: 173741 ns
[2022-06-29T08:27:36.738+0000][9][gc,start    ] GC(145) Pause Young (Normal) (G1 Evacuation Pause)
[2022-06-29T08:27:36.740+0000][9][gc,task     ] GC(145) Using 4 workers of 4 for evacuation
[2022-06-29T08:27:36.741+0000][9][gc,age      ] GC(145) Desired survivor size 20971520 bytes, new threshold 15 (max threshold 15)
[2022-06-29T08:27:36.749+0000][9][gc,phases   ] GC(145)   Pre Evacuate Collection Set: 0.1ms
[2022-06-29T08:27:36.750+0000][9][gc,phases   ] GC(145)   Merge Heap Roots: 0.0ms
[2022-06-29T08:27:36.752+0000][9][gc,phases   ] GC(145)   Evacuate Collection Set: 6.9ms
[2022-06-29T08:27:36.752+0000][9][gc,phases   ] GC(145)   Post Evacuate Collection Set: 0.9ms
[2022-06-29T08:27:36.753+0000][9][gc,phases   ] GC(145)   Other: 1.7ms
[2022-06-29T08:27:36.754+0000][9][gc,age      ] GC(145) Age table with threshold 15 (max threshold 15)
[2022-06-29T08:27:36.755+0000][9][gc,age      ] GC(145) - age   1:     419752 bytes,     419752 total
[2022-06-29T08:27:36.756+0000][9][gc,age      ] GC(145) - age   2:      97656 bytes,     517408 total
[2022-06-29T08:27:36.757+0000][9][gc,age      ] GC(145) - age   3:       1144 bytes,     518552 total
[2022-06-29T08:27:36.758+0000][9][gc,age      ] GC(145) - age   4:        776 bytes,     519328 total
[2022-06-29T08:27:36.759+0000][9][gc,age      ] GC(145) - age   5:        568 bytes,     519896 total
[2022-06-29T08:27:36.760+0000][9][gc,age      ] GC(145) - age   6:     230488 bytes,     750384 total
[2022-06-29T08:27:36.761+0000][9][gc,age      ] GC(145) - age   7:       2680 bytes,     753064 total
[2022-06-29T08:27:36.762+0000][9][gc,age      ] GC(145) - age   8:        184 bytes,     753248 total
[2022-06-29T08:27:36.764+0000][9][gc,age      ] GC(145) - age   9:        256 bytes,     753504 total
[2022-06-29T08:27:36.765+0000][9][gc,age      ] GC(145) - age  10:        384 bytes,     753888 total
[2022-06-29T08:27:36.765+0000][9][gc,age      ] GC(145) - age  11:        160 bytes,     754048 total
[2022-06-29T08:27:36.766+0000][9][gc,age      ] GC(145) - age  12:       8200 bytes,     762248 total
[2022-06-29T08:27:36.766+0000][9][gc,age      ] GC(145) - age  13:         32 bytes,     762280 total
[2022-06-29T08:27:36.767+0000][9][gc,age      ] GC(145) - age  14:       1672 bytes,     763952 total
[2022-06-29T08:27:36.768+0000][9][gc,age      ] GC(145) - age  15:         80 bytes,     764032 total
[2022-06-29T08:27:36.768+0000][9][gc,heap     ] GC(145) Eden regions: 75->0(75)
[2022-06-29T08:27:36.769+0000][9][gc,heap     ] GC(145) Survivor regions: 1->1(10)
[2022-06-29T08:27:36.770+0000][9][gc,heap     ] GC(145) Old regions: 22->22
[2022-06-29T08:27:36.771+0000][9][gc,heap     ] GC(145) Archive regions: 2->2
[2022-06-29T08:27:36.771+0000][9][gc,heap     ] GC(145) Humongous regions: 0->0
[2022-06-29T08:27:36.773+0000][9][gc,metaspace] GC(145) Metaspace: 129950K(133248K)->129950K(133248K) NonClass: 112954K(114624K)->112954K(114624K) Class: 16996K(18624K)->16996K(18624K)
[2022-06-29T08:27:36.773+0000][9][gc          ] GC(145) Pause Young (Normal) (G1 Evacuation Pause) 391M->90M(512M) 35.193ms
[2022-06-29T08:27:36.775+0000][9][gc,cpu      ] GC(145) User=0.02s Sys=0.00s Real=0.04s
[2022-06-29T08:27:36.776+0000][9][safepoint   ] Safepoint "G1CollectForAllocation", Time since last: 14446726973 ns, Reaching safepoint: 168223 ns, At safepoint: 37758462 ns, Total: 37926685 ns
[2022-06-29T08:28:20.786+0000][9][safepoint   ] Safepoint "Cleanup", Time since last: 44029377591 ns, Reaching safepoint: 468773 ns, At safepoint: 7778 ns, Total: 476551 ns
[2022-06-29T08:29:19.039+0000][9][gc,start    ] GC(146) Pause Young (Normal) (G1 Evacuation Pause)
[2022-06-29T08:29:19.041+0000][9][gc,task     ] GC(146) Using 4 workers of 4 for evacuation
[2022-06-29T08:29:19.041+0000][9][gc,age      ] GC(146) Desired survivor size 20971520 bytes, new threshold 15 (max threshold 15)
[2022-06-29T08:29:19.046+0000][9][gc,phases   ] GC(146)   Pre Evacuate Collection Set: 0.2ms
[2022-06-29T08:29:19.047+0000][9][gc,phases   ] GC(146)   Merge Heap Roots: 0.1ms
[2022-06-29T08:29:19.048+0000][9][gc,phases   ] GC(146)   Evacuate Collection Set: 2.5ms
[2022-06-29T08:29:19.048+0000][9][gc,phases   ] GC(146)   Post Evacuate Collection Set: 1.1ms
[2022-06-29T08:29:19.049+0000][9][gc,phases   ] GC(146)   Other: 1.7ms
[2022-06-29T08:29:19.049+0000][9][gc,age      ] GC(146) Age table with threshold 15 (max threshold 15)
[2022-06-29T08:29:19.050+0000][9][gc,age      ] GC(146) - age   1:     856552 bytes,     856552 total
[2022-06-29T08:29:19.050+0000][9][gc,age      ] GC(146) - age   2:       8352 bytes,     864904 total
[2022-06-29T08:29:19.052+0000][9][gc,age      ] GC(146) - age   3:      96824 bytes,     961728 total
[2022-06-29T08:29:19.052+0000][9][gc,age      ] GC(146) - age   4:       1144 bytes,     962872 total
[2022-06-29T08:29:19.053+0000][9][gc,age      ] GC(146) - age   5:        776 bytes,     963648 total
[2022-06-29T08:29:19.053+0000][9][gc,age      ] GC(146) - age   6:        568 bytes,     964216 total
[2022-06-29T08:29:19.054+0000][9][gc,age      ] GC(146) - age   7:     230488 bytes,    1194704 total
[2022-06-29T08:29:19.054+0000][9][gc,age      ] GC(146) - age   8:       1952 bytes,    1196656 total
[2022-06-29T08:29:19.055+0000][9][gc,age      ] GC(146) - age   9:        184 bytes,    1196840 total
[2022-06-29T08:29:19.056+0000][9][gc,age      ] GC(146) - age  10:        256 bytes,    1197096 total
[2022-06-29T08:29:19.057+0000][9][gc,age      ] GC(146) - age  11:        384 bytes,    1197480 total
[2022-06-29T08:29:19.058+0000][9][gc,age      ] GC(146) - age  12:        160 bytes,    1197640 total
[2022-06-29T08:29:19.058+0000][9][gc,age      ] GC(146) - age  13:       8016 bytes,    1205656 total
[2022-06-29T08:29:19.059+0000][9][gc,age      ] GC(146) - age  15:       1672 bytes,    1207328 total
[2022-06-29T08:29:19.059+0000][9][gc,heap     ] GC(146) Eden regions: 75->0(75)
[2022-06-29T08:29:19.061+0000][9][gc,heap     ] GC(146) Survivor regions: 1->1(10)
[2022-06-29T08:29:19.062+0000][9][gc,heap     ] GC(146) Old regions: 22->22
[2022-06-29T08:29:19.063+0000][9][gc,heap     ] GC(146) Archive regions: 2->2
[2022-06-29T08:29:19.063+0000][9][gc,heap     ] GC(146) Humongous regions: 0->0
[2022-06-29T08:29:19.064+0000][9][gc,metaspace] GC(146) Metaspace: 129961K(133312K)->129961K(133312K) NonClass: 112964K(114688K)->112964K(114688K) Class: 16996K(18624K)->16996K(18624K)
[2022-06-29T08:29:19.065+0000][9][gc          ] GC(146) Pause Young (Normal) (G1 Evacuation Pause) 390M->90M(512M) 25.271ms
[2022-06-29T08:29:19.065+0000][9][gc,cpu      ] GC(146) User=0.01s Sys=0.00s Real=0.02s
[2022-06-29T08:29:19.066+0000][9][safepoint   ] Safepoint "G1CollectForAllocation", Time since last: 58297630619 ns, Reaching safepoint: 161964 ns, At safepoint: 26529084 ns, Total: 26691048 ns
[2022-06-29T08:29:22.069+0000][9][safepoint   ] Safepoint "Cleanup", Time since last: 3002840709 ns, Reaching safepoint: 309319 ns, At safepoint: 13970 ns, Total: 323289 ns
[2022-06-29T08:29:38.062+0000][9][safepoint   ] Safepoint "Cleanup", Time since last: 16012257699 ns, Reaching safepoint: 206705 ns, At safepoint: 10593 ns, Total: 217298 ns
[2022-06-29T08:30:02.061+0000][9][safepoint   ] Safepoint "Cleanup", Time since last: 24022041385 ns, Reaching safepoint: 1239413 ns, At safepoint: 71520 ns, Total: 1310933 ns
[2022-06-29T08:30:22.103+0000][9][safepoint   ] Safepoint "Cleanup", Time since last: 20040490769 ns, Reaching safepoint: 762181 ns, At safepoint: 27022 ns, Total: 789203 ns
[2022-06-29T08:30:55.431+0000][9][gc,start    ] GC(147) Pause Young (Normal) (G1 Evacuation Pause)
[2022-06-29T08:30:55.433+0000][9][gc,task     ] GC(147) Using 4 workers of 4 for evacuation
[2022-06-29T08:30:55.434+0000][9][gc,age      ] GC(147) Desired survivor size 20971520 bytes, new threshold 15 (max threshold 15)
[2022-06-29T08:30:55.440+0000][9][gc,phases   ] GC(147)   Pre Evacuate Collection Set: 0.2ms
[2022-06-29T08:30:55.441+0000][9][gc,phases   ] GC(147)   Merge Heap Roots: 0.2ms
[2022-06-29T08:30:55.441+0000][9][gc,phases   ] GC(147)   Evacuate Collection Set: 3.6ms
[2022-06-29T08:30:55.442+0000][9][gc,phases   ] GC(147)   Post Evacuate Collection Set: 1.3ms
[2022-06-29T08:30:55.443+0000][9][gc,phases   ] GC(147)   Other: 1.5ms
[2022-06-29T08:30:55.443+0000][9][gc,age      ] GC(147) Age table with threshold 15 (max threshold 15)
[2022-06-29T08:30:55.444+0000][9][gc,age      ] GC(147) - age   1:    1139736 bytes,    1139736 total
[2022-06-29T08:30:55.445+0000][9][gc,age      ] GC(147) - age   2:       2016 bytes,    1141752 total
[2022-06-29T08:30:55.445+0000][9][gc,age      ] GC(147) - age   3:       6976 bytes,    1148728 total
[2022-06-29T08:30:55.447+0000][9][gc,age      ] GC(147) - age   4:      96720 bytes,    1245448 total
[2022-06-29T08:30:55.448+0000][9][gc,age      ] GC(147) - age   5:        784 bytes,    1246232 total
[2022-06-29T08:30:55.449+0000][9][gc,age      ] GC(147) - age   6:        776 bytes,    1247008 total
[2022-06-29T08:30:55.449+0000][9][gc,age      ] GC(147) - age   7:        568 bytes,    1247576 total
[2022-06-29T08:30:55.450+0000][9][gc,age      ] GC(147) - age   8:     230232 bytes,    1477808 total
[2022-06-29T08:30:55.451+0000][9][gc,age      ] GC(147) - age   9:        992 bytes,    1478800 total
[2022-06-29T08:30:55.452+0000][9][gc,age      ] GC(147) - age  10:        184 bytes,    1478984 total
[2022-06-29T08:30:55.453+0000][9][gc,age      ] GC(147) - age  11:        256 bytes,    1479240 total
[2022-06-29T08:30:55.453+0000][9][gc,age      ] GC(147) - age  12:        384 bytes,    1479624 total
[2022-06-29T08:30:55.454+0000][9][gc,age      ] GC(147) - age  13:        160 bytes,    1479784 total
[2022-06-29T08:30:55.455+0000][9][gc,age      ] GC(147) - age  14:       8016 bytes,    1487800 total
[2022-06-29T08:30:55.455+0000][9][gc,heap     ] GC(147) Eden regions: 75->0(75)
[2022-06-29T08:30:55.456+0000][9][gc,heap     ] GC(147) Survivor regions: 1->1(10)
[2022-06-29T08:30:55.457+0000][9][gc,heap     ] GC(147) Old regions: 22->22
[2022-06-29T08:30:55.457+0000][9][gc,heap     ] GC(147) Archive regions: 2->2
[2022-06-29T08:30:55.458+0000][9][gc,heap     ] GC(147) Humongous regions: 0->0
[2022-06-29T08:30:55.458+0000][9][gc,metaspace] GC(147) Metaspace: 129993K(133312K)->129993K(133312K) NonClass: 112997K(114688K)->112997K(114688K) Class: 16996K(18624K)->16996K(18624K)
[2022-06-29T08:30:55.460+0000][9][gc          ] GC(147) Pause Young (Normal) (G1 Evacuation Pause) 390M->91M(512M) 28.276ms
[2022-06-29T08:30:55.462+0000][9][gc,cpu      ] GC(147) User=0.02s Sys=0.01s Real=0.03s
[2022-06-29T08:30:55.462+0000][9][safepoint   ] Safepoint "G1CollectForAllocation", Time since last: 33349531018 ns, Reaching safepoint: 97452 ns, At safepoint: 31315133 ns, Total: 31412585 ns
[2022-06-29T08:31:21.460+0000][9][safepoint   ] Safepoint "Cleanup", Time since last: 26018695031 ns, Reaching safepoint: 276416 ns, At safepoint: 127316 ns, Total: 403732 ns
[2022-06-29T08:32:15.630+0000][9][gc,start    ] GC(148) Pause Young (Normal) (G1 Evacuation Pause)
[2022-06-29T08:32:15.636+0000][9][gc,task     ] GC(148) Using 4 workers of 4 for evacuation
[2022-06-29T08:32:15.650+0000][9][gc,age      ] GC(148) Desired survivor size 20971520 bytes, new threshold 15 (max threshold 15)
[2022-06-29T08:32:15.664+0000][9][gc,phases   ] GC(148)   Pre Evacuate Collection Set: 0.2ms
[2022-06-29T08:32:15.665+0000][9][gc,phases   ] GC(148)   Merge Heap Roots: 0.2ms
[2022-06-29T08:32:15.667+0000][9][gc,phases   ] GC(148)   Evacuate Collection Set: 7.1ms
[2022-06-29T08:32:15.670+0000][9][gc,phases   ] GC(148)   Post Evacuate Collection Set: 2.9ms
[2022-06-29T08:32:15.671+0000][9][gc,phases   ] GC(148)   Other: 17.5ms
[2022-06-29T08:32:15.673+0000][9][gc,age      ] GC(148) Age table with threshold 15 (max threshold 15)
[2022-06-29T08:32:15.674+0000][9][gc,age      ] GC(148) - age   1:     900720 bytes,     900720 total
[2022-06-29T08:32:15.675+0000][9][gc,age      ] GC(148) - age   2:       7936 bytes,     908656 total
[2022-06-29T08:32:15.678+0000][9][gc,age      ] GC(148) - age   3:       1296 bytes,     909952 total
[2022-06-29T08:32:15.679+0000][9][gc,age      ] GC(148) - age   4:       6976 bytes,     916928 total
[2022-06-29T08:32:15.683+0000][9][gc,age      ] GC(148) - age   5:      96624 bytes,    1013552 total
[2022-06-29T08:32:15.683+0000][9][gc,age      ] GC(148) - age   6:        784 bytes,    1014336 total
[2022-06-29T08:32:15.684+0000][9][gc,age      ] GC(148) - age   7:        776 bytes,    1015112 total
[2022-06-29T08:32:15.685+0000][9][gc,age      ] GC(148) - age   8:        568 bytes,    1015680 total
[2022-06-29T08:32:15.686+0000][9][gc,age      ] GC(148) - age   9:     230232 bytes,    1245912 total
[2022-06-29T08:32:15.687+0000][9][gc,age      ] GC(148) - age  10:        992 bytes,    1246904 total
[2022-06-29T08:32:15.690+0000][9][gc,age      ] GC(148) - age  11:        184 bytes,    1247088 total
[2022-06-29T08:32:15.691+0000][9][gc,age      ] GC(148) - age  12:        256 bytes,    1247344 total
[2022-06-29T08:32:15.691+0000][9][gc,age      ] GC(148) - age  13:        384 bytes,    1247728 total
[2022-06-29T08:32:15.693+0000][9][gc,age      ] GC(148) - age  14:        160 bytes,    1247888 total
[2022-06-29T08:32:15.694+0000][9][gc,age      ] GC(148) - age  15:       8016 bytes,    1255904 total
[2022-06-29T08:32:15.695+0000][9][gc,heap     ] GC(148) Eden regions: 75->0(75)
[2022-06-29T08:32:15.696+0000][9][gc,heap     ] GC(148) Survivor regions: 1->1(10)
[2022-06-29T08:32:15.697+0000][9][gc,heap     ] GC(148) Old regions: 22->22
[2022-06-29T08:32:15.698+0000][9][gc,heap     ] GC(148) Archive regions: 2->2
[2022-06-29T08:32:15.700+0000][9][gc,heap     ] GC(148) Humongous regions: 0->0
[2022-06-29T08:32:15.701+0000][9][gc,metaspace] GC(148) Metaspace: 129993K(133312K)->129993K(133312K) NonClass: 112997K(114688K)->112997K(114688K) Class: 16996K(18624K)->16996K(18624K)
[2022-06-29T08:32:15.702+0000][9][gc          ] GC(148) Pause Young (Normal) (G1 Evacuation Pause) 391M->90M(512M) 72.210ms
[2022-06-29T08:32:15.702+0000][9][gc,cpu      ] GC(148) User=0.02s Sys=0.01s Real=0.07s
[2022-06-29T08:32:15.703+0000][9][safepoint   ] Safepoint "G1CollectForAllocation", Time since last: 54212195086 ns, Reaching safepoint: 158415 ns, At safepoint: 73600938 ns, Total: 73759353 ns
[2022-06-29T08:32:28.716+0000][9][safepoint   ] Safepoint "Cleanup", Time since last: 13012241892 ns, Reaching safepoint: 251409 ns, At safepoint: 12413 ns, Total: 263822 ns
[2022-06-29T08:33:30.695+0000][9][gc,start    ] GC(149) Pause Young (Normal) (G1 Evacuation Pause)
[2022-06-29T08:33:30.698+0000][9][gc,task     ] GC(149) Using 4 workers of 4 for evacuation
[2022-06-29T08:33:30.699+0000][9][gc,age      ] GC(149) Desired survivor size 20971520 bytes, new threshold 15 (max threshold 15)
[2022-06-29T08:33:30.706+0000][9][gc,phases   ] GC(149)   Pre Evacuate Collection Set: 0.2ms
[2022-06-29T08:33:30.707+0000][9][gc,phases   ] GC(149)   Merge Heap Roots: 0.2ms
[2022-06-29T08:33:30.709+0000][9][gc,phases   ] GC(149)   Evacuate Collection Set: 3.7ms
[2022-06-29T08:33:30.710+0000][9][gc,phases   ] GC(149)   Post Evacuate Collection Set: 1.8ms
[2022-06-29T08:33:30.711+0000][9][gc,phases   ] GC(149)   Other: 1.9ms
[2022-06-29T08:33:30.711+0000][9][gc,age      ] GC(149) Age table with threshold 15 (max threshold 15)
[2022-06-29T08:33:30.712+0000][9][gc,age      ] GC(149) - age   1:     645448 bytes,     645448 total
[2022-06-29T08:33:30.713+0000][9][gc,age      ] GC(149) - age   2:       1176 bytes,     646624 total
[2022-06-29T08:33:30.714+0000][9][gc,age      ] GC(149) - age   3:       5984 bytes,     652608 total
[2022-06-29T08:33:30.714+0000][9][gc,age      ] GC(149) - age   4:       1168 bytes,     653776 total
[2022-06-29T08:33:30.716+0000][9][gc,age      ] GC(149) - age   5:       6976 bytes,     660752 total
[2022-06-29T08:33:30.717+0000][9][gc,age      ] GC(149) - age   6:      96592 bytes,     757344 total
[2022-06-29T08:33:30.717+0000][9][gc,age      ] GC(149) - age   7:        784 bytes,     758128 total
[2022-06-29T08:33:30.718+0000][9][gc,age      ] GC(149) - age   8:        776 bytes,     758904 total
[2022-06-29T08:33:30.719+0000][9][gc,age      ] GC(149) - age   9:        568 bytes,     759472 total
[2022-06-29T08:33:30.719+0000][9][gc,age      ] GC(149) - age  10:     230232 bytes,     989704 total
[2022-06-29T08:33:30.721+0000][9][gc,age      ] GC(149) - age  11:        992 bytes,     990696 total
[2022-06-29T08:33:30.723+0000][9][gc,age      ] GC(149) - age  13:        256 bytes,     990952 total
[2022-06-29T08:33:30.723+0000][9][gc,age      ] GC(149) - age  15:        160 bytes,     991112 total
[2022-06-29T08:33:30.724+0000][9][gc,heap     ] GC(149) Eden regions: 75->0(75)
[2022-06-29T08:33:30.725+0000][9][gc,heap     ] GC(149) Survivor regions: 1->1(10)
[2022-06-29T08:33:30.726+0000][9][gc,heap     ] GC(149) Old regions: 22->22
[2022-06-29T08:33:30.727+0000][9][gc,heap     ] GC(149) Archive regions: 2->2
[2022-06-29T08:33:30.728+0000][9][gc,heap     ] GC(149) Humongous regions: 0->0
[2022-06-29T08:33:30.729+0000][9][gc,metaspace] GC(149) Metaspace: 129994K(133312K)->129994K(133312K) NonClass: 112998K(114688K)->112998K(114688K) Class: 16996K(18624K)->16996K(18624K)
[2022-06-29T08:33:30.730+0000][9][gc          ] GC(149) Pause Young (Normal) (G1 Evacuation Pause) 390M->90M(512M) 34.843ms
[2022-06-29T08:33:30.731+0000][9][gc,cpu      ] GC(149) User=0.02s Sys=0.01s Real=0.03s
[2022-06-29T08:33:30.731+0000][9][safepoint   ] Safepoint "G1CollectForAllocation", Time since last: 62022846914 ns, Reaching safepoint: 222033 ns, At safepoint: 36500270 ns, Total: 36722303 ns
[2022-06-29T08:35:12.607+0000][9][gc,start    ] GC(150) Pause Young (Normal) (G1 Evacuation Pause)
[2022-06-29T08:35:12.609+0000][9][gc,task     ] GC(150) Using 4 workers of 4 for evacuation
[2022-06-29T08:35:12.610+0000][9][gc,age      ] GC(150) Desired survivor size 20971520 bytes, new threshold 15 (max threshold 15)
[2022-06-29T08:35:12.620+0000][9][gc,phases   ] GC(150)   Pre Evacuate Collection Set: 0.2ms
[2022-06-29T08:35:12.621+0000][9][gc,phases   ] GC(150)   Merge Heap Roots: 0.1ms
[2022-06-29T08:35:12.622+0000][9][gc,phases   ] GC(150)   Evacuate Collection Set: 7.6ms
[2022-06-29T08:35:12.622+0000][9][gc,phases   ] GC(150)   Post Evacuate Collection Set: 1.0ms
[2022-06-29T08:35:12.623+0000][9][gc,phases   ] GC(150)   Other: 1.7ms
[2022-06-29T08:35:12.624+0000][9][gc,age      ] GC(150) Age table with threshold 15 (max threshold 15)
[2022-06-29T08:35:12.625+0000][9][gc,age      ] GC(150) - age   1:     927424 bytes,     927424 total
[2022-06-29T08:35:12.626+0000][9][gc,age      ] GC(150) - age   2:       2480 bytes,     929904 total
[2022-06-29T08:35:12.626+0000][9][gc,age      ] GC(150) - age   3:        472 bytes,     930376 total
[2022-06-29T08:35:12.627+0000][9][gc,age      ] GC(150) - age   4:       5896 bytes,     936272 total
[2022-06-29T08:35:12.628+0000][9][gc,age      ] GC(150) - age   5:       1168 bytes,     937440 total
[2022-06-29T08:35:12.629+0000][9][gc,age      ] GC(150) - age   6:       6792 bytes,     944232 total
[2022-06-29T08:35:12.630+0000][9][gc,age      ] GC(150) - age   7:      96592 bytes,    1040824 total
[2022-06-29T08:35:12.631+0000][9][gc,age      ] GC(150) - age   8:        784 bytes,    1041608 total
[2022-06-29T08:35:12.633+0000][9][gc,age      ] GC(150) - age   9:        480 bytes,    1042088 total
[2022-06-29T08:35:12.634+0000][9][gc,age      ] GC(150) - age  10:        568 bytes,    1042656 total
[2022-06-29T08:35:12.635+0000][9][gc,age      ] GC(150) - age  11:     230232 bytes,    1272888 total
[2022-06-29T08:35:12.635+0000][9][gc,age      ] GC(150) - age  12:        600 bytes,    1273488 total
[2022-06-29T08:35:12.636+0000][9][gc,age      ] GC(150) - age  14:        256 bytes,    1273744 total
[2022-06-29T08:35:12.637+0000][9][gc,heap     ] GC(150) Eden regions: 75->0(75)
[2022-06-29T08:35:12.637+0000][9][gc,heap     ] GC(150) Survivor regions: 1->1(10)
[2022-06-29T08:35:12.638+0000][9][gc,heap     ] GC(150) Old regions: 22->22
[2022-06-29T08:35:12.639+0000][9][gc,heap     ] GC(150) Archive regions: 2->2
[2022-06-29T08:35:12.639+0000][9][gc,heap     ] GC(150) Humongous regions: 0->0
[2022-06-29T08:35:12.640+0000][9][gc,metaspace] GC(150) Metaspace: 129994K(133312K)->129994K(133312K) NonClass: 112998K(114688K)->112998K(114688K) Class: 16996K(18624K)->16996K(18624K)
[2022-06-29T08:35:12.640+0000][9][gc          ] GC(150) Pause Young (Normal) (G1 Evacuation Pause) 390M->90M(512M) 33.017ms
[2022-06-29T08:35:12.641+0000][9][gc,cpu      ] GC(150) User=0.02s Sys=0.00s Real=0.03s
[2022-06-29T08:35:12.642+0000][9][safepoint   ] Safepoint "G1CollectForAllocation", Time since last: 101965097079 ns, Reaching safepoint: 188915 ns, At safepoint: 34446735 ns, Total: 34635650 ns
[2022-06-29T08:35:48.649+0000][9][safepoint   ] Safepoint "Cleanup", Time since last: 36025762254 ns, Reaching safepoint: 147763 ns, At safepoint: 83223 ns, Total: 230986 ns
[2022-06-29T08:36:52.082+0000][9][gc,start    ] GC(151) Pause Young (Normal) (G1 Evacuation Pause)
[2022-06-29T08:36:52.092+0000][9][gc,task     ] GC(151) Using 4 workers of 4 for evacuation
[2022-06-29T08:36:52.093+0000][9][gc,age      ] GC(151) Desired survivor size 20971520 bytes, new threshold 15 (max threshold 15)
[2022-06-29T08:36:52.107+0000][9][gc,phases   ] GC(151)   Pre Evacuate Collection Set: 0.3ms
[2022-06-29T08:36:52.109+0000][9][gc,phases   ] GC(151)   Merge Heap Roots: 0.1ms
[2022-06-29T08:36:52.109+0000][9][gc,phases   ] GC(151)   Evacuate Collection Set: 8.3ms
[2022-06-29T08:36:52.110+0000][9][gc,phases   ] GC(151)   Post Evacuate Collection Set: 4.5ms
[2022-06-29T08:36:52.111+0000][9][gc,phases   ] GC(151)   Other: 1.9ms
[2022-06-29T08:36:52.111+0000][9][gc,age      ] GC(151) Age table with threshold 15 (max threshold 15)
[2022-06-29T08:36:52.112+0000][9][gc,age      ] GC(151) - age   1:    1024424 bytes,    1024424 total
[2022-06-29T08:36:52.114+0000][9][gc,age      ] GC(151) - age   2:       2088 bytes,    1026512 total
[2022-06-29T08:36:52.114+0000][9][gc,age      ] GC(151) - age   3:        880 bytes,    1027392 total
[2022-06-29T08:36:52.115+0000][9][gc,age      ] GC(151) - age   4:         16 bytes,    1027408 total
[2022-06-29T08:36:52.115+0000][9][gc,age      ] GC(151) - age   5:       5896 bytes,    1033304 total
[2022-06-29T08:36:52.116+0000][9][gc,age      ] GC(151) - age   6:       1168 bytes,    1034472 total
[2022-06-29T08:36:52.117+0000][9][gc,age      ] GC(151) - age   7:       6792 bytes,    1041264 total
[2022-06-29T08:36:52.117+0000][9][gc,age      ] GC(151) - age   8:      96592 bytes,    1137856 total
[2022-06-29T08:36:52.118+0000][9][gc,age      ] GC(151) - age   9:        784 bytes,    1138640 total
[2022-06-29T08:36:52.118+0000][9][gc,age      ] GC(151) - age  10:        480 bytes,    1139120 total
[2022-06-29T08:36:52.119+0000][9][gc,age      ] GC(151) - age  11:        568 bytes,    1139688 total
[2022-06-29T08:36:52.120+0000][9][gc,age      ] GC(151) - age  12:     230232 bytes,    1369920 total
[2022-06-29T08:36:52.120+0000][9][gc,age      ] GC(151) - age  13:        416 bytes,    1370336 total
[2022-06-29T08:36:52.121+0000][9][gc,age      ] GC(151) - age  15:        256 bytes,    1370592 total
[2022-06-29T08:36:52.122+0000][9][gc,heap     ] GC(151) Eden regions: 75->0(75)
[2022-06-29T08:36:52.122+0000][9][gc,heap     ] GC(151) Survivor regions: 1->1(10)
[2022-06-29T08:36:52.123+0000][9][gc,heap     ] GC(151) Old regions: 22->22
[2022-06-29T08:36:52.124+0000][9][gc,heap     ] GC(151) Archive regions: 2->2
[2022-06-29T08:36:52.124+0000][9][gc,heap     ] GC(151) Humongous regions: 0->0
[2022-06-29T08:36:52.125+0000][9][gc,metaspace] GC(151) Metaspace: 129997K(133312K)->129997K(133312K) NonClass: 113001K(114688K)->113001K(114688K) Class: 16996K(18624K)->16996K(18624K)
[2022-06-29T08:36:52.126+0000][9][gc          ] GC(151) Pause Young (Normal) (G1 Evacuation Pause) 390M->91M(512M) 43.872ms
[2022-06-29T08:36:52.127+0000][9][gc,cpu      ] GC(151) User=0.05s Sys=0.00s Real=0.04s
[2022-06-29T08:36:52.127+0000][9][safepoint   ] Safepoint "G1CollectForAllocation", Time since last: 63475825320 ns, Reaching safepoint: 535932 ns, At safepoint: 45337715 ns, Total: 45873647 ns
[2022-06-29T08:37:22.134+0000][9][safepoint   ] Safepoint "Cleanup", Time since last: 30025660352 ns, Reaching safepoint: 178159 ns, At safepoint: 12845 ns, Total: 191004 ns
[2022-06-29T08:38:14.214+0000][9][safepoint   ] Safepoint "Cleanup", Time since last: 52125497810 ns, Reaching safepoint: 327642 ns, At safepoint: 12689 ns, Total: 340331 ns
[2022-06-29T08:38:21.146+0000][9][safepoint   ] Safepoint "Cleanup", Time since last: 6932313146 ns, Reaching safepoint: 115458 ns, At safepoint: 24834 ns, Total: 140292 ns
[2022-06-29T08:38:31.069+0000][9][gc,start    ] GC(152) Pause Young (Normal) (G1 Evacuation Pause)
[2022-06-29T08:38:31.070+0000][9][gc,task     ] GC(152) Using 4 workers of 4 for evacuation
[2022-06-29T08:38:31.070+0000][9][gc,age      ] GC(152) Desired survivor size 20971520 bytes, new threshold 15 (max threshold 15)
[2022-06-29T08:38:31.077+0000][9][gc,phases   ] GC(152)   Pre Evacuate Collection Set: 0.3ms
[2022-06-29T08:38:31.078+0000][9][gc,phases   ] GC(152)   Merge Heap Roots: 0.2ms
[2022-06-29T08:38:31.078+0000][9][gc,phases   ] GC(152)   Evacuate Collection Set: 3.6ms
[2022-06-29T08:38:31.079+0000][9][gc,phases   ] GC(152)   Post Evacuate Collection Set: 1.0ms
[2022-06-29T08:38:31.079+0000][9][gc,phases   ] GC(152)   Other: 1.9ms
[2022-06-29T08:38:31.080+0000][9][gc,age      ] GC(152) Age table with threshold 15 (max threshold 15)
[2022-06-29T08:38:31.081+0000][9][gc,age      ] GC(152) - age   1:    1499544 bytes,    1499544 total
[2022-06-29T08:38:31.081+0000][9][gc,age      ] GC(152) - age   2:       1832 bytes,    1501376 total
[2022-06-29T08:38:31.082+0000][9][gc,age      ] GC(152) - age   3:       1024 bytes,    1502400 total
[2022-06-29T08:38:31.082+0000][9][gc,age      ] GC(152) - age   4:        624 bytes,    1503024 total
[2022-06-29T08:38:31.083+0000][9][gc,age      ] GC(152) - age   5:         16 bytes,    1503040 total
[2022-06-29T08:38:31.084+0000][9][gc,age      ] GC(152) - age   6:       5896 bytes,    1508936 total
[2022-06-29T08:38:31.085+0000][9][gc,age      ] GC(152) - age   7:       1168 bytes,    1510104 total
[2022-06-29T08:38:31.086+0000][9][gc,age      ] GC(152) - age   8:       6792 bytes,    1516896 total
[2022-06-29T08:38:31.087+0000][9][gc,age      ] GC(152) - age   9:      96592 bytes,    1613488 total
[2022-06-29T08:38:31.088+0000][9][gc,age      ] GC(152) - age  10:        784 bytes,    1614272 total
[2022-06-29T08:38:31.088+0000][9][gc,age      ] GC(152) - age  11:        480 bytes,    1614752 total
[2022-06-29T08:38:31.089+0000][9][gc,age      ] GC(152) - age  12:        568 bytes,    1615320 total
[2022-06-29T08:38:31.089+0000][9][gc,age      ] GC(152) - age  13:     230232 bytes,    1845552 total
[2022-06-29T08:38:31.090+0000][9][gc,age      ] GC(152) - age  14:        416 bytes,    1845968 total
[2022-06-29T08:38:31.091+0000][9][gc,heap     ] GC(152) Eden regions: 75->0(75)
[2022-06-29T08:38:31.092+0000][9][gc,heap     ] GC(152) Survivor regions: 1->1(10)
[2022-06-29T08:38:31.093+0000][9][gc,heap     ] GC(152) Old regions: 22->22
[2022-06-29T08:38:31.094+0000][9][gc,heap     ] GC(152) Archive regions: 2->2
[2022-06-29T08:38:31.094+0000][9][gc,heap     ] GC(152) Humongous regions: 0->0
[2022-06-29T08:38:31.095+0000][9][gc,metaspace] GC(152) Metaspace: 129997K(133312K)->129997K(133312K) NonClass: 113001K(114688K)->113001K(114688K) Class: 16996K(18624K)->16996K(18624K)
[2022-06-29T08:38:31.096+0000][9][gc          ] GC(152) Pause Young (Normal) (G1 Evacuation Pause) 391M->91M(512M) 26.928ms
[2022-06-29T08:38:31.096+0000][9][gc,cpu      ] GC(152) User=0.01s Sys=0.01s Real=0.02s
[2022-06-29T08:38:31.097+0000][9][safepoint   ] Safepoint "G1CollectForAllocation", Time since last: 9921993922 ns, Reaching safepoint: 138646 ns, At safepoint: 28222600 ns, Total: 28361246 ns
[2022-06-29T08:38:57.093+0000][9][safepoint   ] Safepoint "Cleanup", Time since last: 26017404800 ns, Reaching safepoint: 184270 ns, At safepoint: 10795 ns, Total: 195065 ns
[2022-06-29T08:39:00.098+0000][9][safepoint   ] Safepoint "Cleanup", Time since last: 3004361221 ns, Reaching safepoint: 494500 ns, At safepoint: 650043 ns, Total: 1144543 ns
[2022-06-29T08:39:20.100+0000][9][safepoint   ] Safepoint "Cleanup", Time since last: 20023776671 ns, Reaching safepoint: 171344 ns, At safepoint: 19513 ns, Total: 190857 ns
[2022-06-29T08:39:27.108+0000][9][safepoint   ] Safepoint "Cleanup", Time since last: 7007583472 ns, Reaching safepoint: 75070 ns, At safepoint: 4058 ns, Total: 79128 ns
[2022-06-29T08:40:12.803+0000][9][gc,start    ] GC(153) Pause Young (Normal) (G1 Evacuation Pause)
[2022-06-29T08:40:12.804+0000][9][gc,task     ] GC(153) Using 4 workers of 4 for evacuation
[2022-06-29T08:40:12.804+0000][9][gc,age      ] GC(153) Desired survivor size 20971520 bytes, new threshold 15 (max threshold 15)
[2022-06-29T08:40:12.808+0000][9][gc,phases   ] GC(153)   Pre Evacuate Collection Set: 0.1ms
[2022-06-29T08:40:12.810+0000][9][gc,phases   ] GC(153)   Merge Heap Roots: 0.0ms
[2022-06-29T08:40:12.810+0000][9][gc,phases   ] GC(153)   Evacuate Collection Set: 1.7ms
[2022-06-29T08:40:12.811+0000][9][gc,phases   ] GC(153)   Post Evacuate Collection Set: 0.9ms
[2022-06-29T08:40:12.811+0000][9][gc,phases   ] GC(153)   Other: 1.7ms
[2022-06-29T08:40:12.812+0000][9][gc,age      ] GC(153) Age table with threshold 15 (max threshold 15)
[2022-06-29T08:40:12.812+0000][9][gc,age      ] GC(153) - age   1:     686264 bytes,     686264 total
[2022-06-29T08:40:12.813+0000][9][gc,age      ] GC(153) - age   2:       1536 bytes,     687800 total
[2022-06-29T08:40:12.813+0000][9][gc,age      ] GC(153) - age   3:        408 bytes,     688208 total
[2022-06-29T08:40:12.814+0000][9][gc,age      ] GC(153) - age   4:        664 bytes,     688872 total
[2022-06-29T08:40:12.814+0000][9][gc,age      ] GC(153) - age   5:        624 bytes,     689496 total
[2022-06-29T08:40:12.815+0000][9][gc,age      ] GC(153) - age   6:         16 bytes,     689512 total
[2022-06-29T08:40:12.815+0000][9][gc,age      ] GC(153) - age   7:       4936 bytes,     694448 total
[2022-06-29T08:40:12.816+0000][9][gc,age      ] GC(153) - age   8:        416 bytes,     694864 total
[2022-06-29T08:40:12.817+0000][9][gc,age      ] GC(153) - age   9:       6792 bytes,     701656 total
[2022-06-29T08:40:12.817+0000][9][gc,age      ] GC(153) - age  10:      96592 bytes,     798248 total
[2022-06-29T08:40:12.818+0000][9][gc,age      ] GC(153) - age  11:        784 bytes,     799032 total
[2022-06-29T08:40:12.818+0000][9][gc,age      ] GC(153) - age  12:        296 bytes,     799328 total
[2022-06-29T08:40:12.819+0000][9][gc,age      ] GC(153) - age  13:        568 bytes,     799896 total
[2022-06-29T08:40:12.819+0000][9][gc,age      ] GC(153) - age  14:     230232 bytes,    1030128 total
[2022-06-29T08:40:12.820+0000][9][gc,age      ] GC(153) - age  15:        384 bytes,    1030512 total
[2022-06-29T08:40:12.820+0000][9][gc,heap     ] GC(153) Eden regions: 75->0(75)
[2022-06-29T08:40:12.821+0000][9][gc,heap     ] GC(153) Survivor regions: 1->1(10)
[2022-06-29T08:40:12.821+0000][9][gc,heap     ] GC(153) Old regions: 22->22
[2022-06-29T08:40:12.822+0000][9][gc,heap     ] GC(153) Archive regions: 2->2
[2022-06-29T08:40:12.823+0000][9][gc,heap     ] GC(153) Humongous regions: 0->0
[2022-06-29T08:40:12.823+0000][9][gc,metaspace] GC(153) Metaspace: 129999K(133312K)->129999K(133312K) NonClass: 113003K(114688K)->113003K(114688K) Class: 16996K(18624K)->16996K(18624K)
[2022-06-29T08:40:12.824+0000][9][gc          ] GC(153) Pause Young (Normal) (G1 Evacuation Pause) 391M->90M(512M) 20.955ms
[2022-06-29T08:40:12.824+0000][9][gc,cpu      ] GC(153) User=0.01s Sys=0.00s Real=0.02s
[2022-06-29T08:40:12.825+0000][9][safepoint   ] Safepoint "G1CollectForAllocation", Time since last: 45738514378 ns, Reaching safepoint: 66409 ns, At safepoint: 22140907 ns, Total: 22207316 ns
[2022-06-29T08:40:21.832+0000][9][safepoint   ] Safepoint "Cleanup", Time since last: 9006520548 ns, Reaching safepoint: 319475 ns, At safepoint: 23524 ns, Total: 342999 ns
[2022-06-29T08:41:00.850+0000][9][safepoint   ] Safepoint "Cleanup", Time since last: 39038609222 ns, Reaching safepoint: 412936 ns, At safepoint: 39855 ns, Total: 452791 ns
[2022-06-29T08:41:21.844+0000][9][safepoint   ] Safepoint "Cleanup", Time since last: 21014992299 ns, Reaching safepoint: 189115 ns, At safepoint: 9846 ns, Total: 198961 ns
[2022-06-29T08:41:54.776+0000][9][gc,start    ] GC(154) Pause Young (Normal) (G1 Evacuation Pause)
[2022-06-29T08:41:54.777+0000][9][gc,task     ] GC(154) Using 4 workers of 4 for evacuation
[2022-06-29T08:41:54.778+0000][9][gc,age      ] GC(154) Desired survivor size 20971520 bytes, new threshold 15 (max threshold 15)
[2022-06-29T08:41:54.783+0000][9][gc,phases   ] GC(154)   Pre Evacuate Collection Set: 0.2ms
[2022-06-29T08:41:54.783+0000][9][gc,phases   ] GC(154)   Merge Heap Roots: 0.1ms
[2022-06-29T08:41:54.784+0000][9][gc,phases   ] GC(154)   Evacuate Collection Set: 2.2ms
[2022-06-29T08:41:54.785+0000][9][gc,phases   ] GC(154)   Post Evacuate Collection Set: 0.9ms
[2022-06-29T08:41:54.786+0000][9][gc,phases   ] GC(154)   Other: 1.8ms
[2022-06-29T08:41:54.786+0000][9][gc,age      ] GC(154) Age table with threshold 15 (max threshold 15)
[2022-06-29T08:41:54.787+0000][9][gc,age      ] GC(154) - age   1:     694584 bytes,     694584 total
[2022-06-29T08:41:54.788+0000][9][gc,age      ] GC(154) - age   2:       3112 bytes,     697696 total
[2022-06-29T08:41:54.790+0000][9][gc,age      ] GC(154) - age   4:        184 bytes,     697880 total
[2022-06-29T08:41:54.791+0000][9][gc,age      ] GC(154) - age   5:        416 bytes,     698296 total
[2022-06-29T08:41:54.791+0000][9][gc,age      ] GC(154) - age   6:        600 bytes,     698896 total
[2022-06-29T08:41:54.792+0000][9][gc,age      ] GC(154) - age   7:         16 bytes,     698912 total
[2022-06-29T08:41:54.792+0000][9][gc,age      ] GC(154) - age   8:       4936 bytes,     703848 total
[2022-06-29T08:41:54.793+0000][9][gc,age      ] GC(154) - age   9:        416 bytes,     704264 total
[2022-06-29T08:41:54.794+0000][9][gc,age      ] GC(154) - age  10:       6792 bytes,     711056 total
[2022-06-29T08:41:54.795+0000][9][gc,age      ] GC(154) - age  11:      96592 bytes,     807648 total
[2022-06-29T08:41:54.795+0000][9][gc,age      ] GC(154) - age  12:        752 bytes,     808400 total
[2022-06-29T08:41:54.796+0000][9][gc,age      ] GC(154) - age  13:        296 bytes,     808696 total
[2022-06-29T08:41:54.796+0000][9][gc,age      ] GC(154) - age  14:        568 bytes,     809264 total
[2022-06-29T08:41:54.797+0000][9][gc,age      ] GC(154) - age  15:     230232 bytes,    1039496 total
[2022-06-29T08:41:54.798+0000][9][gc,heap     ] GC(154) Eden regions: 75->0(75)
[2022-06-29T08:41:54.798+0000][9][gc,heap     ] GC(154) Survivor regions: 1->1(10)
[2022-06-29T08:41:54.799+0000][9][gc,heap     ] GC(154) Old regions: 22->22
[2022-06-29T08:41:54.800+0000][9][gc,heap     ] GC(154) Archive regions: 2->2
[2022-06-29T08:41:54.800+0000][9][gc,heap     ] GC(154) Humongous regions: 0->0
[2022-06-29T08:41:54.801+0000][9][gc,metaspace] GC(154) Metaspace: 130000K(133312K)->130000K(133312K) NonClass: 113004K(114688K)->113004K(114688K) Class: 16996K(18624K)->16996K(18624K)
[2022-06-29T08:41:54.801+0000][9][gc          ] GC(154) Pause Young (Normal) (G1 Evacuation Pause) 390M->90M(512M) 25.451ms
[2022-06-29T08:41:54.802+0000][9][gc,cpu      ] GC(154) User=0.01s Sys=0.00s Real=0.02s
[2022-06-29T08:41:54.803+0000][9][safepoint   ] Safepoint "G1CollectForAllocation", Time since last: 32953757811 ns, Reaching safepoint: 174636 ns, At safepoint: 27267035 ns, Total: 27441671 ns
[2022-06-29T08:42:21.913+0000][9][safepoint   ] Safepoint "Cleanup", Time since last: 27131174200 ns, Reaching safepoint: 148118 ns, At safepoint: 9370 ns, Total: 157488 ns
[2022-06-29T08:43:36.699+0000][9][gc,start    ] GC(155) Pause Young (Normal) (G1 Evacuation Pause)
[2022-06-29T08:43:36.702+0000][9][gc,task     ] GC(155) Using 4 workers of 4 for evacuation
[2022-06-29T08:43:36.703+0000][9][gc,age      ] GC(155) Desired survivor size 20971520 bytes, new threshold 15 (max threshold 15)
[2022-06-29T08:43:36.707+0000][9][gc,phases   ] GC(155)   Pre Evacuate Collection Set: 0.2ms
[2022-06-29T08:43:36.708+0000][9][gc,phases   ] GC(155)   Merge Heap Roots: 0.2ms
[2022-06-29T08:43:36.709+0000][9][gc,phases   ] GC(155)   Evacuate Collection Set: 2.7ms
[2022-06-29T08:43:36.710+0000][9][gc,phases   ] GC(155)   Post Evacuate Collection Set: 1.1ms
[2022-06-29T08:43:36.710+0000][9][gc,phases   ] GC(155)   Other: 1.7ms
[2022-06-29T08:43:36.711+0000][9][gc,age      ] GC(155) Age table with threshold 15 (max threshold 15)
[2022-06-29T08:43:36.712+0000][9][gc,age      ] GC(155) - age   1:     781328 bytes,     781328 total
[2022-06-29T08:43:36.712+0000][9][gc,age      ] GC(155) - age   2:       2208 bytes,     783536 total
[2022-06-29T08:43:36.713+0000][9][gc,age      ] GC(155) - age   3:       1888 bytes,     785424 total
[2022-06-29T08:43:36.714+0000][9][gc,age      ] GC(155) - age   5:        184 bytes,     785608 total
[2022-06-29T08:43:36.715+0000][9][gc,age      ] GC(155) - age   6:        416 bytes,     786024 total
[2022-06-29T08:43:36.716+0000][9][gc,age      ] GC(155) - age   7:        600 bytes,     786624 total
[2022-06-29T08:43:36.717+0000][9][gc,age      ] GC(155) - age   8:         16 bytes,     786640 total
[2022-06-29T08:43:36.717+0000][9][gc,age      ] GC(155) - age   9:       4936 bytes,     791576 total
[2022-06-29T08:43:36.718+0000][9][gc,age      ] GC(155) - age  10:        416 bytes,     791992 total
[2022-06-29T08:43:36.718+0000][9][gc,age      ] GC(155) - age  11:       6792 bytes,     798784 total
[2022-06-29T08:43:36.719+0000][9][gc,age      ] GC(155) - age  12:      96592 bytes,     895376 total
[2022-06-29T08:43:36.720+0000][9][gc,age      ] GC(155) - age  13:        752 bytes,     896128 total
[2022-06-29T08:43:36.720+0000][9][gc,age      ] GC(155) - age  14:        296 bytes,     896424 total
[2022-06-29T08:43:36.721+0000][9][gc,age      ] GC(155) - age  15:        568 bytes,     896992 total
[2022-06-29T08:43:36.722+0000][9][gc,heap     ] GC(155) Eden regions: 75->0(75)
[2022-06-29T08:43:36.723+0000][9][gc,heap     ] GC(155) Survivor regions: 1->1(10)
[2022-06-29T08:43:36.723+0000][9][gc,heap     ] GC(155) Old regions: 22->22
[2022-06-29T08:43:36.724+0000][9][gc,heap     ] GC(155) Archive regions: 2->2
[2022-06-29T08:43:36.725+0000][9][gc,heap     ] GC(155) Humongous regions: 0->0
[2022-06-29T08:43:36.725+0000][9][gc,metaspace] GC(155) Metaspace: 130001K(133312K)->130001K(133312K) NonClass: 113005K(114688K)->113005K(114688K) Class: 16996K(18624K)->16996K(18624K)
[2022-06-29T08:43:36.727+0000][9][gc          ] GC(155) Pause Young (Normal) (G1 Evacuation Pause) 390M->90M(512M) 27.742ms
[2022-06-29T08:43:36.728+0000][9][gc,cpu      ] GC(155) User=0.01s Sys=0.00s Real=0.02s
[2022-06-29T08:43:36.729+0000][9][safepoint   ] Safepoint "G1CollectForAllocation", Time since last: 74850980365 ns, Reaching safepoint: 200534 ns, At safepoint: 29911431 ns, Total: 30111965 ns
[2022-06-29T08:44:27.751+0000][9][safepoint   ] Safepoint "Cleanup", Time since last: 51043493002 ns, Reaching safepoint: 137014 ns, At safepoint: 6781 ns, Total: 143795 ns
[2022-06-29T08:45:18.657+0000][9][gc,start    ] GC(156) Pause Young (Normal) (G1 Evacuation Pause)
[2022-06-29T08:45:18.658+0000][9][gc,task     ] GC(156) Using 4 workers of 4 for evacuation
[2022-06-29T08:45:18.660+0000][9][gc,age      ] GC(156) Desired survivor size 20971520 bytes, new threshold 15 (max threshold 15)
[2022-06-29T08:45:18.667+0000][9][gc,phases   ] GC(156)   Pre Evacuate Collection Set: 0.3ms
[2022-06-29T08:45:18.668+0000][9][gc,phases   ] GC(156)   Merge Heap Roots: 0.2ms
[2022-06-29T08:45:18.669+0000][9][gc,phases   ] GC(156)   Evacuate Collection Set: 4.0ms
[2022-06-29T08:45:18.670+0000][9][gc,phases   ] GC(156)   Post Evacuate Collection Set: 2.5ms
[2022-06-29T08:45:18.671+0000][9][gc,phases   ] GC(156)   Other: 1.9ms
[2022-06-29T08:45:18.672+0000][9][gc,age      ] GC(156) Age table with threshold 15 (max threshold 15)
[2022-06-29T08:45:18.672+0000][9][gc,age      ] GC(156) - age   1:    1026144 bytes,    1026144 total
[2022-06-29T08:45:18.673+0000][9][gc,age      ] GC(156) - age   2:       1568 bytes,    1027712 total
[2022-06-29T08:45:18.674+0000][9][gc,age      ] GC(156) - age   3:       1464 bytes,    1029176 total
[2022-06-29T08:45:18.675+0000][9][gc,age      ] GC(156) - age   4:       1888 bytes,    1031064 total
[2022-06-29T08:45:18.675+0000][9][gc,age      ] GC(156) - age   7:        416 bytes,    1031480 total
[2022-06-29T08:45:18.676+0000][9][gc,age      ] GC(156) - age   8:        600 bytes,    1032080 total
[2022-06-29T08:45:18.677+0000][9][gc,age      ] GC(156) - age   9:         16 bytes,    1032096 total
[2022-06-29T08:45:18.677+0000][9][gc,age      ] GC(156) - age  10:       4936 bytes,    1037032 total
[2022-06-29T08:45:18.678+0000][9][gc,age      ] GC(156) - age  11:        416 bytes,    1037448 total
[2022-06-29T08:45:18.679+0000][9][gc,age      ] GC(156) - age  12:       6792 bytes,    1044240 total
[2022-06-29T08:45:18.679+0000][9][gc,age      ] GC(156) - age  13:      96592 bytes,    1140832 total
[2022-06-29T08:45:18.681+0000][9][gc,age      ] GC(156) - age  14:        752 bytes,    1141584 total
[2022-06-29T08:45:18.681+0000][9][gc,age      ] GC(156) - age  15:        296 bytes,    1141880 total
[2022-06-29T08:45:18.682+0000][9][gc,heap     ] GC(156) Eden regions: 75->0(75)
[2022-06-29T08:45:18.683+0000][9][gc,heap     ] GC(156) Survivor regions: 1->1(10)
[2022-06-29T08:45:18.684+0000][9][gc,heap     ] GC(156) Old regions: 22->22
[2022-06-29T08:45:18.684+0000][9][gc,heap     ] GC(156) Archive regions: 2->2
[2022-06-29T08:45:18.685+0000][9][gc,heap     ] GC(156) Humongous regions: 0->0
[2022-06-29T08:45:18.686+0000][9][gc,metaspace] GC(156) Metaspace: 130001K(133312K)->130001K(133312K) NonClass: 113005K(114688K)->113005K(114688K) Class: 16996K(18624K)->16996K(18624K)
[2022-06-29T08:45:18.687+0000][9][gc          ] GC(156) Pause Young (Normal) (G1 Evacuation Pause) 390M->91M(512M) 29.968ms
[2022-06-29T08:45:18.688+0000][9][gc,cpu      ] GC(156) User=0.01s Sys=0.00s Real=0.03s
[2022-06-29T08:45:18.688+0000][9][safepoint   ] Safepoint "G1CollectForAllocation", Time since last: 50949495474 ns, Reaching safepoint: 89720 ns, At safepoint: 31757323 ns, Total: 31847043 ns
[2022-06-29T08:45:35.411+0000][9][safepoint   ] Safepoint "Cleanup", Time since last: 16742485631 ns, Reaching safepoint: 328024 ns, At safepoint: 16952 ns, Total: 344976 ns
[2022-06-29T08:45:55.429+0000][9][safepoint   ] Safepoint "Cleanup", Time since last: 20017350441 ns, Reaching safepoint: 311761 ns, At safepoint: 22347 ns, Total: 334108 ns
[2022-06-29T08:46:48.695+0000][9][gc,start    ] GC(157) Pause Young (Normal) (G1 Evacuation Pause)
[2022-06-29T08:46:48.697+0000][9][gc,task     ] GC(157) Using 4 workers of 4 for evacuation
[2022-06-29T08:46:48.703+0000][9][gc,age      ] GC(157) Desired survivor size 20971520 bytes, new threshold 15 (max threshold 15)
[2022-06-29T08:46:48.718+0000][9][gc,phases   ] GC(157)   Pre Evacuate Collection Set: 0.2ms
[2022-06-29T08:46:48.719+0000][9][gc,phases   ] GC(157)   Merge Heap Roots: 0.1ms
[2022-06-29T08:46:48.720+0000][9][gc,phases   ] GC(157)   Evacuate Collection Set: 10.3ms
[2022-06-29T08:46:48.720+0000][9][gc,phases   ] GC(157)   Post Evacuate Collection Set: 2.1ms
[2022-06-29T08:46:48.721+0000][9][gc,phases   ] GC(157)   Other: 7.4ms
[2022-06-29T08:46:48.722+0000][9][gc,age      ] GC(157) Age table with threshold 15 (max threshold 15)
[2022-06-29T08:46:48.723+0000][9][gc,age      ] GC(157) - age   1:    2061336 bytes,    2061336 total
[2022-06-29T08:46:48.723+0000][9][gc,age      ] GC(157) - age   2:       1512 bytes,    2062848 total
[2022-06-29T08:46:48.724+0000][9][gc,age      ] GC(157) - age   3:        672 bytes,    2063520 total
[2022-06-29T08:46:48.725+0000][9][gc,age      ] GC(157) - age   4:       1368 bytes,    2064888 total
[2022-06-29T08:46:48.726+0000][9][gc,age      ] GC(157) - age   5:       1888 bytes,    2066776 total
[2022-06-29T08:46:48.727+0000][9][gc,age      ] GC(157) - age   8:        416 bytes,    2067192 total
[2022-06-29T08:46:48.729+0000][9][gc,age      ] GC(157) - age   9:        416 bytes,    2067608 total
[2022-06-29T08:46:48.730+0000][9][gc,age      ] GC(157) - age  10:         16 bytes,    2067624 total
[2022-06-29T08:46:48.731+0000][9][gc,age      ] GC(157) - age  11:       4936 bytes,    2072560 total
[2022-06-29T08:46:48.732+0000][9][gc,age      ] GC(157) - age  12:        416 bytes,    2072976 total
[2022-06-29T08:46:48.733+0000][9][gc,age      ] GC(157) - age  13:       6792 bytes,    2079768 total
[2022-06-29T08:46:48.734+0000][9][gc,age      ] GC(157) - age  14:      96592 bytes,    2176360 total
[2022-06-29T08:46:48.736+0000][9][gc,age      ] GC(157) - age  15:        752 bytes,    2177112 total
[2022-06-29T08:46:48.737+0000][9][gc,heap     ] GC(157) Eden regions: 75->0(75)
[2022-06-29T08:46:48.737+0000][9][gc,heap     ] GC(157) Survivor regions: 1->1(10)
[2022-06-29T08:46:48.738+0000][9][gc,heap     ] GC(157) Old regions: 22->22
[2022-06-29T08:46:48.740+0000][9][gc,heap     ] GC(157) Archive regions: 2->2
[2022-06-29T08:46:48.743+0000][9][gc,heap     ] GC(157) Humongous regions: 0->0
[2022-06-29T08:46:48.744+0000][9][gc,metaspace] GC(157) Metaspace: 130001K(133312K)->130001K(133312K) NonClass: 113005K(114688K)->113005K(114688K) Class: 16996K(18624K)->16996K(18624K)
[2022-06-29T08:46:48.746+0000][9][gc          ] GC(157) Pause Young (Normal) (G1 Evacuation Pause) 391M->92M(512M) 51.103ms
[2022-06-29T08:46:48.750+0000][9][gc,cpu      ] GC(157) User=0.04s Sys=0.01s Real=0.06s
[2022-06-29T08:46:48.754+0000][9][safepoint   ] Safepoint "G1CollectForAllocation", Time since last: 53310453332 ns, Reaching safepoint: 1435019 ns, At safepoint: 58501458 ns, Total: 59936477 ns
[2022-06-29T08:46:49.757+0000][9][safepoint   ] Safepoint "Cleanup", Time since last: 1002824720 ns, Reaching safepoint: 510432 ns, At safepoint: 30792 ns, Total: 541224 ns
[2022-06-29T08:48:24.699+0000][9][gc,start    ] GC(158) Pause Young (Normal) (G1 Evacuation Pause)
[2022-06-29T08:48:24.702+0000][9][gc,task     ] GC(158) Using 4 workers of 4 for evacuation
[2022-06-29T08:48:24.703+0000][9][gc,age      ] GC(158) Desired survivor size 20971520 bytes, new threshold 15 (max threshold 15)
[2022-06-29T08:48:24.717+0000][9][gc,phases   ] GC(158)   Pre Evacuate Collection Set: 0.7ms
[2022-06-29T08:48:24.718+0000][9][gc,phases   ] GC(158)   Merge Heap Roots: 0.3ms
[2022-06-29T08:48:24.719+0000][9][gc,phases   ] GC(158)   Evacuate Collection Set: 6.2ms
[2022-06-29T08:48:24.719+0000][9][gc,phases   ] GC(158)   Post Evacuate Collection Set: 3.9ms
[2022-06-29T08:48:24.720+0000][9][gc,phases   ] GC(158)   Other: 3.8ms
[2022-06-29T08:48:24.721+0000][9][gc,age      ] GC(158) Age table with threshold 15 (max threshold 15)
[2022-06-29T08:48:24.722+0000][9][gc,age      ] GC(158) - age   1:    1827912 bytes,    1827912 total
[2022-06-29T08:48:24.722+0000][9][gc,age      ] GC(158) - age   2:       2424 bytes,    1830336 total
[2022-06-29T08:48:24.723+0000][9][gc,age      ] GC(158) - age   3:        376 bytes,    1830712 total
[2022-06-29T08:48:24.724+0000][9][gc,age      ] GC(158) - age   4:        544 bytes,    1831256 total
[2022-06-29T08:48:24.724+0000][9][gc,age      ] GC(158) - age   5:       1368 bytes,    1832624 total
[2022-06-29T08:48:24.725+0000][9][gc,age      ] GC(158) - age   6:       1888 bytes,    1834512 total
[2022-06-29T08:48:24.725+0000][9][gc,age      ] GC(158) - age   9:        416 bytes,    1834928 total
[2022-06-29T08:48:24.726+0000][9][gc,age      ] GC(158) - age  10:        416 bytes,    1835344 total
[2022-06-29T08:48:24.727+0000][9][gc,age      ] GC(158) - age  11:         16 bytes,    1835360 total
[2022-06-29T08:48:24.727+0000][9][gc,age      ] GC(158) - age  12:       4936 bytes,    1840296 total
[2022-06-29T08:48:24.728+0000][9][gc,age      ] GC(158) - age  13:        416 bytes,    1840712 total
[2022-06-29T08:48:24.729+0000][9][gc,age      ] GC(158) - age  14:       6792 bytes,    1847504 total
[2022-06-29T08:48:24.730+0000][9][gc,age      ] GC(158) - age  15:      96592 bytes,    1944096 total
[2022-06-29T08:48:24.730+0000][9][gc,heap     ] GC(158) Eden regions: 75->0(75)
[2022-06-29T08:48:24.731+0000][9][gc,heap     ] GC(158) Survivor regions: 1->1(10)
[2022-06-29T08:48:24.732+0000][9][gc,heap     ] GC(158) Old regions: 22->22
[2022-06-29T08:48:24.732+0000][9][gc,heap     ] GC(158) Archive regions: 2->2
[2022-06-29T08:48:24.733+0000][9][gc,heap     ] GC(158) Humongous regions: 0->0
[2022-06-29T08:48:24.734+0000][9][gc,metaspace] GC(158) Metaspace: 130013K(133312K)->130013K(133312K) NonClass: 113017K(114688K)->113017K(114688K) Class: 16996K(18624K)->16996K(18624K)
[2022-06-29T08:48:24.736+0000][9][gc          ] GC(158) Pause Young (Normal) (G1 Evacuation Pause) 392M->91M(512M) 37.190ms
[2022-06-29T08:48:24.737+0000][9][gc,cpu      ] GC(158) User=0.03s Sys=0.00s Real=0.04s
[2022-06-29T08:48:24.738+0000][9][safepoint   ] Safepoint "G1CollectForAllocation", Time since last: 95004542272 ns, Reaching safepoint: 124051 ns, At safepoint: 39087305 ns, Total: 39211356 ns
[2022-06-29T08:48:55.743+0000][9][safepoint   ] Safepoint "Cleanup", Time since last: 31026651498 ns, Reaching safepoint: 150674 ns, At safepoint: 12476 ns, Total: 163150 ns
[2022-06-29T08:50:12.536+0000][9][gc,start    ] GC(159) Pause Young (Normal) (G1 Evacuation Pause)
[2022-06-29T08:50:12.540+0000][9][gc,task     ] GC(159) Using 4 workers of 4 for evacuation
[2022-06-29T08:50:12.541+0000][9][gc,age      ] GC(159) Desired survivor size 20971520 bytes, new threshold 15 (max threshold 15)
[2022-06-29T08:50:12.568+0000][9][gc,phases   ] GC(159)   Pre Evacuate Collection Set: 1.1ms
[2022-06-29T08:50:12.572+0000][9][gc,phases   ] GC(159)   Merge Heap Roots: 0.3ms
[2022-06-29T08:50:12.574+0000][9][gc,phases   ] GC(159)   Evacuate Collection Set: 20.9ms
[2022-06-29T08:50:12.576+0000][9][gc,phases   ] GC(159)   Post Evacuate Collection Set: 4.0ms
[2022-06-29T08:50:12.577+0000][9][gc,phases   ] GC(159)   Other: 2.3ms
[2022-06-29T08:50:12.578+0000][9][gc,age      ] GC(159) Age table with threshold 15 (max threshold 15)
[2022-06-29T08:50:12.581+0000][9][gc,age      ] GC(159) - age   1:     476296 bytes,     476296 total
[2022-06-29T08:50:12.582+0000][9][gc,age      ] GC(159) - age   2:       2120 bytes,     478416 total
[2022-06-29T08:50:12.584+0000][9][gc,age      ] GC(159) - age   3:        904 bytes,     479320 total
[2022-06-29T08:50:12.585+0000][9][gc,age      ] GC(159) - age   4:        248 bytes,     479568 total
[2022-06-29T08:50:12.589+0000][9][gc,age      ] GC(159) - age   5:        184 bytes,     479752 total
[2022-06-29T08:50:12.590+0000][9][gc,age      ] GC(159) - age   6:       1368 bytes,     481120 total
[2022-06-29T08:50:12.590+0000][9][gc,age      ] GC(159) - age   7:        200 bytes,     481320 total
[2022-06-29T08:50:12.591+0000][9][gc,age      ] GC(159) - age  10:         24 bytes,     481344 total
[2022-06-29T08:50:12.593+0000][9][gc,age      ] GC(159) - age  11:        384 bytes,     481728 total
[2022-06-29T08:50:12.595+0000][9][gc,age      ] GC(159) - age  12:         16 bytes,     481744 total
[2022-06-29T08:50:12.596+0000][9][gc,age      ] GC(159) - age  13:       4936 bytes,     486680 total
[2022-06-29T08:50:12.597+0000][9][gc,age      ] GC(159) - age  14:        384 bytes,     487064 total
[2022-06-29T08:50:12.599+0000][9][gc,age      ] GC(159) - age  15:       6792 bytes,     493856 total
[2022-06-29T08:50:12.600+0000][9][gc,heap     ] GC(159) Eden regions: 75->0(75)
[2022-06-29T08:50:12.601+0000][9][gc,heap     ] GC(159) Survivor regions: 1->1(10)
[2022-06-29T08:50:12.604+0000][9][gc,heap     ] GC(159) Old regions: 22->22
[2022-06-29T08:50:12.605+0000][9][gc,heap     ] GC(159) Archive regions: 2->2
[2022-06-29T08:50:12.606+0000][9][gc,heap     ] GC(159) Humongous regions: 0->0
[2022-06-29T08:50:12.607+0000][9][gc,metaspace] GC(159) Metaspace: 130018K(133312K)->130018K(133312K) NonClass: 113021K(114688K)->113021K(114688K) Class: 16996K(18624K)->16996K(18624K)
[2022-06-29T08:50:12.608+0000][9][gc          ] GC(159) Pause Young (Normal) (G1 Evacuation Pause) 391M->90M(512M) 72.030ms
[2022-06-29T08:50:12.610+0000][9][gc,cpu      ] GC(159) User=0.06s Sys=0.01s Real=0.08s
[2022-06-29T08:50:12.611+0000][9][safepoint   ] Safepoint "G1CollectForAllocation", Time since last: 76858306602 ns, Reaching safepoint: 178300 ns, At safepoint: 75433404 ns, Total: 75611704 ns
[2022-06-29T08:50:44.616+0000][9][safepoint   ] Safepoint "Cleanup", Time since last: 32025899845 ns, Reaching safepoint: 237759 ns, At safepoint: 6226 ns, Total: 243985 ns
[2022-06-29T08:51:30.633+0000][9][safepoint   ] Safepoint "Cleanup", Time since last: 46036253227 ns, Reaching safepoint: 734165 ns, At safepoint: 25175 ns, Total: 759340 ns
[2022-06-29T08:51:48.529+0000][9][gc,start    ] GC(160) Pause Young (Normal) (G1 Evacuation Pause)
[2022-06-29T08:51:48.530+0000][9][gc,task     ] GC(160) Using 4 workers of 4 for evacuation
[2022-06-29T08:51:48.531+0000][9][gc,age      ] GC(160) Desired survivor size 20971520 bytes, new threshold 15 (max threshold 15)
[2022-06-29T08:51:48.537+0000][9][gc,phases   ] GC(160)   Pre Evacuate Collection Set: 0.3ms
[2022-06-29T08:51:48.538+0000][9][gc,phases   ] GC(160)   Merge Heap Roots: 0.2ms
[2022-06-29T08:51:48.539+0000][9][gc,phases   ] GC(160)   Evacuate Collection Set: 3.0ms
[2022-06-29T08:51:48.540+0000][9][gc,phases   ] GC(160)   Post Evacuate Collection Set: 1.3ms
[2022-06-29T08:51:48.541+0000][9][gc,phases   ] GC(160)   Other: 2.1ms
[2022-06-29T08:51:48.541+0000][9][gc,age      ] GC(160) Age table with threshold 15 (max threshold 15)
[2022-06-29T08:51:48.542+0000][9][gc,age      ] GC(160) - age   1:    1187112 bytes,    1187112 total
[2022-06-29T08:51:48.543+0000][9][gc,age      ] GC(160) - age   2:     104656 bytes,    1291768 total
[2022-06-29T08:51:48.543+0000][9][gc,age      ] GC(160) - age   3:        384 bytes,    1292152 total
[2022-06-29T08:51:48.544+0000][9][gc,age      ] GC(160) - age   4:        512 bytes,    1292664 total
[2022-06-29T08:51:48.545+0000][9][gc,age      ] GC(160) - age   6:        184 bytes,    1292848 total
[2022-06-29T08:51:48.545+0000][9][gc,age      ] GC(160) - age   7:       1368 bytes,    1294216 total
[2022-06-29T08:51:48.546+0000][9][gc,age      ] GC(160) - age   8:        200 bytes,    1294416 total
[2022-06-29T08:51:48.547+0000][9][gc,age      ] GC(160) - age  11:         24 bytes,    1294440 total
[2022-06-29T08:51:48.548+0000][9][gc,age      ] GC(160) - age  12:        384 bytes,    1294824 total
[2022-06-29T08:51:48.548+0000][9][gc,age      ] GC(160) - age  13:         16 bytes,    1294840 total
[2022-06-29T08:51:48.549+0000][9][gc,age      ] GC(160) - age  14:       4936 bytes,    1299776 total
[2022-06-29T08:51:48.550+0000][9][gc,age      ] GC(160) - age  15:        384 bytes,    1300160 total
[2022-06-29T08:51:48.551+0000][9][gc,heap     ] GC(160) Eden regions: 75->0(75)
[2022-06-29T08:51:48.551+0000][9][gc,heap     ] GC(160) Survivor regions: 1->1(10)
[2022-06-29T08:51:48.552+0000][9][gc,heap     ] GC(160) Old regions: 22->22
[2022-06-29T08:51:48.553+0000][9][gc,heap     ] GC(160) Archive regions: 2->2
[2022-06-29T08:51:48.554+0000][9][gc,heap     ] GC(160) Humongous regions: 0->0
[2022-06-29T08:51:48.555+0000][9][gc,metaspace] GC(160) Metaspace: 130020K(133312K)->130020K(133312K) NonClass: 113023K(114688K)->113023K(114688K) Class: 16996K(18624K)->16996K(18624K)
[2022-06-29T08:51:48.555+0000][9][gc          ] GC(160) Pause Young (Normal) (G1 Evacuation Pause) 390M->91M(512M) 26.717ms
[2022-06-29T08:51:48.556+0000][9][gc,cpu      ] GC(160) User=0.01s Sys=0.01s Real=0.02s
[2022-06-29T08:51:48.557+0000][9][safepoint   ] Safepoint "G1CollectForAllocation", Time since last: 17923860976 ns, Reaching safepoint: 170365 ns, At safepoint: 28460526 ns, Total: 28630891 ns
[2022-06-29T08:51:54.563+0000][9][safepoint   ] Safepoint "Cleanup", Time since last: 6005183370 ns, Reaching safepoint: 348219 ns, At safepoint: 127761 ns, Total: 475980 ns
[2022-06-29T08:52:19.566+0000][9][safepoint   ] Safepoint "Cleanup", Time since last: 25018681184 ns, Reaching safepoint: 205076 ns, At safepoint: 255686 ns, Total: 460762 ns
[2022-06-29T08:53:08.575+0000][9][safepoint   ] Safepoint "Cleanup", Time since last: 49049566784 ns, Reaching safepoint: 337415 ns, At safepoint: 67129 ns, Total: 404544 ns
[2022-06-29T08:53:20.587+0000][9][safepoint   ] Safepoint "Cleanup", Time since last: 12012322215 ns, Reaching safepoint: 294251 ns, At safepoint: 18801 ns, Total: 313052 ns
[2022-06-29T08:53:33.431+0000][9][gc,start    ] GC(161) Pause Young (Normal) (G1 Evacuation Pause)
[2022-06-29T08:53:33.435+0000][9][gc,task     ] GC(161) Using 4 workers of 4 for evacuation
[2022-06-29T08:53:33.437+0000][9][gc,age      ] GC(161) Desired survivor size 20971520 bytes, new threshold 15 (max threshold 15)
[2022-06-29T08:53:33.451+0000][9][gc,phases   ] GC(161)   Pre Evacuate Collection Set: 0.7ms
[2022-06-29T08:53:33.452+0000][9][gc,phases   ] GC(161)   Merge Heap Roots: 0.2ms
[2022-06-29T08:53:33.453+0000][9][gc,phases   ] GC(161)   Evacuate Collection Set: 9.0ms
[2022-06-29T08:53:33.453+0000][9][gc,phases   ] GC(161)   Post Evacuate Collection Set: 2.5ms
[2022-06-29T08:53:33.454+0000][9][gc,phases   ] GC(161)   Other: 2.9ms
[2022-06-29T08:53:33.456+0000][9][gc,age      ] GC(161) Age table with threshold 15 (max threshold 15)
[2022-06-29T08:53:33.458+0000][9][gc,age      ] GC(161) - age   1:    1395568 bytes,    1395568 total
[2022-06-29T08:53:33.459+0000][9][gc,age      ] GC(161) - age   2:       1624 bytes,    1397192 total
[2022-06-29T08:53:33.460+0000][9][gc,age      ] GC(161) - age   3:       2632 bytes,    1399824 total
[2022-06-29T08:53:33.461+0000][9][gc,age      ] GC(161) - age   4:        384 bytes,    1400208 total
[2022-06-29T08:53:33.461+0000][9][gc,age      ] GC(161) - age   5:        512 bytes,    1400720 total
[2022-06-29T08:53:33.462+0000][9][gc,age      ] GC(161) - age   7:        184 bytes,    1400904 total
[2022-06-29T08:53:33.463+0000][9][gc,age      ] GC(161) - age   8:       1368 bytes,    1402272 total
[2022-06-29T08:53:33.464+0000][9][gc,age      ] GC(161) - age   9:        200 bytes,    1402472 total
[2022-06-29T08:53:33.465+0000][9][gc,age      ] GC(161) - age  12:         24 bytes,    1402496 total
[2022-06-29T08:53:33.466+0000][9][gc,age      ] GC(161) - age  14:         16 bytes,    1402512 total
[2022-06-29T08:53:33.467+0000][9][gc,age      ] GC(161) - age  15:       4936 bytes,    1407448 total
[2022-06-29T08:53:33.467+0000][9][gc,heap     ] GC(161) Eden regions: 75->0(75)
[2022-06-29T08:53:33.468+0000][9][gc,heap     ] GC(161) Survivor regions: 1->1(10)
[2022-06-29T08:53:33.470+0000][9][gc,heap     ] GC(161) Old regions: 22->22
[2022-06-29T08:53:33.470+0000][9][gc,heap     ] GC(161) Archive regions: 2->2
[2022-06-29T08:53:33.471+0000][9][gc,heap     ] GC(161) Humongous regions: 0->0
[2022-06-29T08:53:33.471+0000][9][gc,metaspace] GC(161) Metaspace: 130021K(133376K)->130021K(133376K) NonClass: 113024K(114752K)->113024K(114752K) Class: 16996K(18624K)->16996K(18624K)
[2022-06-29T08:53:33.472+0000][9][gc          ] GC(161) Pause Young (Normal) (G1 Evacuation Pause) 391M->91M(512M) 41.519ms
[2022-06-29T08:53:33.473+0000][9][gc,cpu      ] GC(161) User=0.03s Sys=0.00s Real=0.04s
[2022-06-29T08:53:33.474+0000][9][safepoint   ] Safepoint "G1CollectForAllocation", Time since last: 12867099488 ns, Reaching safepoint: 173313 ns, At safepoint: 42928354 ns, Total: 43101667 ns
[2022-06-29T08:54:20.483+0000][9][safepoint   ] Safepoint "Cleanup", Time since last: 47029367029 ns, Reaching safepoint: 1002473 ns, At safepoint: 128604 ns, Total: 1131077 ns
[2022-06-29T08:55:06.915+0000][9][gc,start    ] GC(162) Pause Young (Normal) (G1 Evacuation Pause)
[2022-06-29T08:55:06.917+0000][9][gc,task     ] GC(162) Using 4 workers of 4 for evacuation
[2022-06-29T08:55:06.919+0000][9][gc,age      ] GC(162) Desired survivor size 20971520 bytes, new threshold 15 (max threshold 15)
[2022-06-29T08:55:06.940+0000][9][gc,phases   ] GC(162)   Pre Evacuate Collection Set: 0.5ms
[2022-06-29T08:55:06.941+0000][9][gc,phases   ] GC(162)   Merge Heap Roots: 1.0ms
[2022-06-29T08:55:06.941+0000][9][gc,phases   ] GC(162)   Evacuate Collection Set: 12.5ms
[2022-06-29T08:55:06.942+0000][9][gc,phases   ] GC(162)   Post Evacuate Collection Set: 5.8ms
[2022-06-29T08:55:06.942+0000][9][gc,phases   ] GC(162)   Other: 2.9ms
[2022-06-29T08:55:06.943+0000][9][gc,age      ] GC(162) Age table with threshold 15 (max threshold 15)
[2022-06-29T08:55:06.944+0000][9][gc,age      ] GC(162) - age   1:    1675160 bytes,    1675160 total
[2022-06-29T08:55:06.944+0000][9][gc,age      ] GC(162) - age   2:       2448 bytes,    1677608 total
[2022-06-29T08:55:06.945+0000][9][gc,age      ] GC(162) - age   3:        280 bytes,    1677888 total
[2022-06-29T08:55:06.945+0000][9][gc,age      ] GC(162) - age   4:       2632 bytes,    1680520 total
[2022-06-29T08:55:06.946+0000][9][gc,age      ] GC(162) - age   5:        384 bytes,    1680904 total
[2022-06-29T08:55:06.947+0000][9][gc,age      ] GC(162) - age   6:        512 bytes,    1681416 total
[2022-06-29T08:55:06.947+0000][9][gc,age      ] GC(162) - age   8:        184 bytes,    1681600 total
[2022-06-29T08:55:06.948+0000][9][gc,age      ] GC(162) - age   9:       1336 bytes,    1682936 total
[2022-06-29T08:55:06.949+0000][9][gc,age      ] GC(162) - age  10:        200 bytes,    1683136 total
[2022-06-29T08:55:06.950+0000][9][gc,age      ] GC(162) - age  13:         24 bytes,    1683160 total
[2022-06-29T08:55:06.951+0000][9][gc,age      ] GC(162) - age  15:         16 bytes,    1683176 total
[2022-06-29T08:55:06.952+0000][9][gc,heap     ] GC(162) Eden regions: 75->0(75)
[2022-06-29T08:55:06.952+0000][9][gc,heap     ] GC(162) Survivor regions: 1->1(10)
[2022-06-29T08:55:06.953+0000][9][gc,heap     ] GC(162) Old regions: 22->22
[2022-06-29T08:55:06.953+0000][9][gc,heap     ] GC(162) Archive regions: 2->2
[2022-06-29T08:55:06.954+0000][9][gc,heap     ] GC(162) Humongous regions: 0->0
[2022-06-29T08:55:06.955+0000][9][gc,metaspace] GC(162) Metaspace: 130021K(133376K)->130021K(133376K) NonClass: 113024K(114752K)->113024K(114752K) Class: 16996K(18624K)->16996K(18624K)
[2022-06-29T08:55:06.956+0000][9][gc          ] GC(162) Pause Young (Normal) (G1 Evacuation Pause) 391M->91M(512M) 40.495ms
[2022-06-29T08:55:06.956+0000][9][gc,cpu      ] GC(162) User=0.07s Sys=0.00s Real=0.04s
[2022-06-29T08:55:06.957+0000][9][safepoint   ] Safepoint "G1CollectForAllocation", Time since last: 46475021650 ns, Reaching safepoint: 104355 ns, At safepoint: 41892564 ns, Total: 41996919 ns
[2022-06-29T08:55:49.980+0000][9][safepoint   ] Safepoint "Cleanup", Time since last: 43044636321 ns, Reaching safepoint: 313356 ns, At safepoint: 21752 ns, Total: 335108 ns
[2022-06-29T08:56:43.306+0000][9][gc,start    ] GC(163) Pause Young (Normal) (G1 Evacuation Pause)
[2022-06-29T08:56:43.345+0000][9][gc,task     ] GC(163) Using 4 workers of 4 for evacuation
[2022-06-29T08:56:43.346+0000][9][gc,age      ] GC(163) Desired survivor size 20971520 bytes, new threshold 15 (max threshold 15)
[2022-06-29T08:56:43.365+0000][9][gc,phases   ] GC(163)   Pre Evacuate Collection Set: 4.7ms
[2022-06-29T08:56:43.366+0000][9][gc,phases   ] GC(163)   Merge Heap Roots: 1.1ms
[2022-06-29T08:56:43.367+0000][9][gc,phases   ] GC(163)   Evacuate Collection Set: 9.9ms
[2022-06-29T08:56:43.369+0000][9][gc,phases   ] GC(163)   Post Evacuate Collection Set: 1.9ms
[2022-06-29T08:56:43.370+0000][9][gc,phases   ] GC(163)   Other: 2.6ms
[2022-06-29T08:56:43.371+0000][9][gc,age      ] GC(163) Age table with threshold 15 (max threshold 15)
[2022-06-29T08:56:43.373+0000][9][gc,age      ] GC(163) - age   1:     553264 bytes,     553264 total
[2022-06-29T08:56:43.374+0000][9][gc,age      ] GC(163) - age   2:       2176 bytes,     555440 total
[2022-06-29T08:56:43.377+0000][9][gc,age      ] GC(163) - age   3:        752 bytes,     556192 total
[2022-06-29T08:56:43.378+0000][9][gc,age      ] GC(163) - age   4:        184 bytes,     556376 total
[2022-06-29T08:56:43.379+0000][9][gc,age      ] GC(163) - age   5:       2632 bytes,     559008 total
[2022-06-29T08:56:43.379+0000][9][gc,age      ] GC(163) - age   6:        384 bytes,     559392 total
[2022-06-29T08:56:43.380+0000][9][gc,age      ] GC(163) - age   7:        512 bytes,     559904 total
[2022-06-29T08:56:43.381+0000][9][gc,age      ] GC(163) - age   9:        184 bytes,     560088 total
[2022-06-29T08:56:43.381+0000][9][gc,age      ] GC(163) - age  10:       1336 bytes,     561424 total
[2022-06-29T08:56:43.382+0000][9][gc,age      ] GC(163) - age  11:        200 bytes,     561624 total
[2022-06-29T08:56:43.384+0000][9][gc,age      ] GC(163) - age  14:         24 bytes,     561648 total
[2022-06-29T08:56:43.385+0000][9][gc,heap     ] GC(163) Eden regions: 75->0(75)
[2022-06-29T08:56:43.386+0000][9][gc,heap     ] GC(163) Survivor regions: 1->1(10)
[2022-06-29T08:56:43.387+0000][9][gc,heap     ] GC(163) Old regions: 22->22
[2022-06-29T08:56:43.388+0000][9][gc,heap     ] GC(163) Archive regions: 2->2
[2022-06-29T08:56:43.389+0000][9][gc,heap     ] GC(163) Humongous regions: 0->0
[2022-06-29T08:56:43.391+0000][9][gc,metaspace] GC(163) Metaspace: 130021K(133376K)->130021K(133376K) NonClass: 113025K(114752K)->113025K(114752K) Class: 16996K(18624K)->16996K(18624K)
[2022-06-29T08:56:43.393+0000][9][gc          ] GC(163) Pause Young (Normal) (G1 Evacuation Pause) 391M->90M(512M) 87.022ms
[2022-06-29T08:56:43.394+0000][9][gc,cpu      ] GC(163) User=0.03s Sys=0.00s Real=0.09s
[2022-06-29T08:56:43.396+0000][9][safepoint   ] Safepoint "G1CollectForAllocation", Time since last: 53369248468 ns, Reaching safepoint: 96443 ns, At safepoint: 89673699 ns, Total: 89770142 ns
[2022-06-29T08:56:48.406+0000][9][safepoint   ] Safepoint "Cleanup", Time since last: 5010025321 ns, Reaching safepoint: 248411 ns, At safepoint: 41065 ns, Total: 289476 ns
[2022-06-29T08:56:50.408+0000][9][safepoint   ] Safepoint "Cleanup", Time since last: 2002202146 ns, Reaching safepoint: 326892 ns, At safepoint: 22451 ns, Total: 349343 ns
[2022-06-29T08:57:01.397+0000][9][safepoint   ] Safepoint "Cleanup", Time since last: 11010394360 ns, Reaching safepoint: 409123 ns, At safepoint: 24856 ns, Total: 433979 ns
[2022-06-29T08:57:20.423+0000][9][safepoint   ] Safepoint "Cleanup", Time since last: 19025269645 ns, Reaching safepoint: 202733 ns, At safepoint: 14674 ns, Total: 217407 ns
[2022-06-29T08:57:57.462+0000][9][safepoint   ] Safepoint "Cleanup", Time since last: 37055718142 ns, Reaching safepoint: 4811506 ns, At safepoint: 106381 ns, Total: 4917887 ns
[2022-06-29T08:58:20.469+0000][9][safepoint   ] Safepoint "Cleanup", Time since last: 23027440766 ns, Reaching safepoint: 161316 ns, At safepoint: 14050 ns, Total: 175366 ns
[2022-06-29T08:58:24.403+0000][9][gc,start    ] GC(164) Pause Young (Normal) (G1 Evacuation Pause)
[2022-06-29T08:58:24.404+0000][9][gc,task     ] GC(164) Using 4 workers of 4 for evacuation
[2022-06-29T08:58:24.405+0000][9][gc,age      ] GC(164) Desired survivor size 20971520 bytes, new threshold 15 (max threshold 15)
[2022-06-29T08:58:24.417+0000][9][gc,phases   ] GC(164)   Pre Evacuate Collection Set: 0.6ms
[2022-06-29T08:58:24.418+0000][9][gc,phases   ] GC(164)   Merge Heap Roots: 0.8ms
[2022-06-29T08:58:24.419+0000][9][gc,phases   ] GC(164)   Evacuate Collection Set: 6.3ms
[2022-06-29T08:58:24.420+0000][9][gc,phases   ] GC(164)   Post Evacuate Collection Set: 2.4ms
[2022-06-29T08:58:24.421+0000][9][gc,phases   ] GC(164)   Other: 2.5ms
[2022-06-29T08:58:24.421+0000][9][gc,age      ] GC(164) Age table with threshold 15 (max threshold 15)
[2022-06-29T08:58:24.422+0000][9][gc,age      ] GC(164) - age   1:    1172936 bytes,    1172936 total
[2022-06-29T08:58:24.422+0000][9][gc,age      ] GC(164) - age   2:       1080 bytes,    1174016 total
[2022-06-29T08:58:24.423+0000][9][gc,age      ] GC(164) - age   3:        576 bytes,    1174592 total
[2022-06-29T08:58:24.424+0000][9][gc,age      ] GC(164) - age   4:        752 bytes,    1175344 total
[2022-06-29T08:58:24.425+0000][9][gc,age      ] GC(164) - age   5:        184 bytes,    1175528 total
[2022-06-29T08:58:24.426+0000][9][gc,age      ] GC(164) - age   6:       2632 bytes,    1178160 total
[2022-06-29T08:58:24.428+0000][9][gc,age      ] GC(164) - age   7:        384 bytes,    1178544 total
[2022-06-29T08:58:24.431+0000][9][gc,age      ] GC(164) - age   8:        512 bytes,    1179056 total
[2022-06-29T08:58:24.432+0000][9][gc,age      ] GC(164) - age  10:        184 bytes,    1179240 total
[2022-06-29T08:58:24.432+0000][9][gc,age      ] GC(164) - age  11:       1336 bytes,    1180576 total
[2022-06-29T08:58:24.433+0000][9][gc,age      ] GC(164) - age  12:        200 bytes,    1180776 total
[2022-06-29T08:58:24.434+0000][9][gc,age      ] GC(164) - age  15:         24 bytes,    1180800 total
[2022-06-29T08:58:24.434+0000][9][gc,heap     ] GC(164) Eden regions: 75->0(75)
[2022-06-29T08:58:24.435+0000][9][gc,heap     ] GC(164) Survivor regions: 1->1(10)
[2022-06-29T08:58:24.436+0000][9][gc,heap     ] GC(164) Old regions: 22->22
[2022-06-29T08:58:24.436+0000][9][gc,heap     ] GC(164) Archive regions: 2->2
[2022-06-29T08:58:24.437+0000][9][gc,heap     ] GC(164) Humongous regions: 0->0
[2022-06-29T08:58:24.437+0000][9][gc,metaspace] GC(164) Metaspace: 130023K(133376K)->130023K(133376K) NonClass: 113026K(114752K)->113026K(114752K) Class: 16996K(18624K)->16996K(18624K)
[2022-06-29T08:58:24.438+0000][9][gc          ] GC(164) Pause Young (Normal) (G1 Evacuation Pause) 390M->91M(512M) 35.528ms
[2022-06-29T08:58:24.439+0000][9][gc,cpu      ] GC(164) User=0.03s Sys=0.00s Real=0.04s
[2022-06-29T08:58:24.440+0000][9][safepoint   ] Safepoint "G1CollectForAllocation", Time since last: 3933369966 ns, Reaching safepoint: 133331 ns, At safepoint: 38010661 ns, Total: 38143992 ns
[2022-06-29T09:00:03.586+0000][9][gc,start    ] GC(165) Pause Young (Normal) (G1 Evacuation Pause)
[2022-06-29T09:00:03.588+0000][9][gc,task     ] GC(165) Using 4 workers of 4 for evacuation
[2022-06-29T09:00:03.588+0000][9][gc,age      ] GC(165) Desired survivor size 20971520 bytes, new threshold 15 (max threshold 15)
[2022-06-29T09:00:03.604+0000][9][gc,phases   ] GC(165)   Pre Evacuate Collection Set: 0.7ms
[2022-06-29T09:00:03.605+0000][9][gc,phases   ] GC(165)   Merge Heap Roots: 0.0ms
[2022-06-29T09:00:03.661+0000][9][gc,phases   ] GC(165)   Evacuate Collection Set: 13.7ms
[2022-06-29T09:00:03.668+0000][9][gc,phases   ] GC(165)   Post Evacuate Collection Set: 1.1ms
[2022-06-29T09:00:03.669+0000][9][gc,phases   ] GC(165)   Other: 1.4ms
[2022-06-29T09:00:03.670+0000][9][gc,age      ] GC(165) Age table with threshold 15 (max threshold 15)
[2022-06-29T09:00:03.671+0000][9][gc,age      ] GC(165) - age   1:    1208528 bytes,    1208528 total
[2022-06-29T09:00:03.672+0000][9][gc,age      ] GC(165) - age   2:       1272 bytes,    1209800 total
[2022-06-29T09:00:03.677+0000][9][gc,age      ] GC(165) - age   3:         96 bytes,    1209896 total
[2022-06-29T09:00:03.678+0000][9][gc,age      ] GC(165) - age   4:        216 bytes,    1210112 total
[2022-06-29T09:00:03.679+0000][9][gc,age      ] GC(165) - age   5:        456 bytes,    1210568 total
[2022-06-29T09:00:03.681+0000][9][gc,age      ] GC(165) - age   6:        184 bytes,    1210752 total
[2022-06-29T09:00:03.682+0000][9][gc,age      ] GC(165) - age   7:        920 bytes,    1211672 total
[2022-06-29T09:00:03.683+0000][9][gc,age      ] GC(165) - age   8:        384 bytes,    1212056 total
[2022-06-29T09:00:03.684+0000][9][gc,age      ] GC(165) - age   9:        512 bytes,    1212568 total
[2022-06-29T09:00:03.685+0000][9][gc,age      ] GC(165) - age  11:        184 bytes,    1212752 total
[2022-06-29T09:00:03.686+0000][9][gc,age      ] GC(165) - age  12:       1336 bytes,    1214088 total
[2022-06-29T09:00:03.687+0000][9][gc,age      ] GC(165) - age  13:        168 bytes,    1214256 total
[2022-06-29T09:00:03.696+0000][9][gc,heap     ] GC(165) Eden regions: 75->0(75)
[2022-06-29T09:00:03.698+0000][9][gc,heap     ] GC(165) Survivor regions: 1->1(10)
[2022-06-29T09:00:03.699+0000][9][gc,heap     ] GC(165) Old regions: 22->22
[2022-06-29T09:00:03.700+0000][9][gc,heap     ] GC(165) Archive regions: 2->2
[2022-06-29T09:00:03.701+0000][9][gc,heap     ] GC(165) Humongous regions: 0->0
[2022-06-29T09:00:03.701+0000][9][gc,metaspace] GC(165) Metaspace: 130030K(133376K)->130030K(133376K) NonClass: 113034K(114752K)->113034K(114752K) Class: 16996K(18624K)->16996K(18624K)
[2022-06-29T09:00:03.702+0000][9][gc          ] GC(165) Pause Young (Normal) (G1 Evacuation Pause) 391M->91M(512M) 116.487ms
[2022-06-29T09:00:03.703+0000][9][gc,cpu      ] GC(165) User=0.04s Sys=0.00s Real=0.11s
[2022-06-29T09:00:03.703+0000][9][safepoint   ] Safepoint "G1CollectForAllocation", Time since last: 99224823104 ns, Reaching safepoint: 458095 ns, At safepoint: 117732717 ns, Total: 118190812 ns
[2022-06-29T09:01:36.614+0000][9][gc,start    ] GC(166) Pause Young (Normal) (G1 Evacuation Pause)
[2022-06-29T09:01:36.616+0000][9][gc,task     ] GC(166) Using 4 workers of 4 for evacuation
[2022-06-29T09:01:36.617+0000][9][gc,age      ] GC(166) Desired survivor size 20971520 bytes, new threshold 15 (max threshold 15)
[2022-06-29T09:01:36.626+0000][9][gc,phases   ] GC(166)   Pre Evacuate Collection Set: 0.2ms
[2022-06-29T09:01:36.627+0000][9][gc,phases   ] GC(166)   Merge Heap Roots: 0.1ms
[2022-06-29T09:01:36.628+0000][9][gc,phases   ] GC(166)   Evacuate Collection Set: 6.9ms
[2022-06-29T09:01:36.629+0000][9][gc,phases   ] GC(166)   Post Evacuate Collection Set: 1.3ms
[2022-06-29T09:01:36.631+0000][9][gc,phases   ] GC(166)   Other: 2.4ms
[2022-06-29T09:01:36.631+0000][9][gc,age      ] GC(166) Age table with threshold 15 (max threshold 15)
[2022-06-29T09:01:36.633+0000][9][gc,age      ] GC(166) - age   1:    1777824 bytes,    1777824 total
[2022-06-29T09:01:36.634+0000][9][gc,age      ] GC(166) - age   2:       3624 bytes,    1781448 total
[2022-06-29T09:01:36.634+0000][9][gc,age      ] GC(166) - age   3:        352 bytes,    1781800 total
[2022-06-29T09:01:36.635+0000][9][gc,age      ] GC(166) - age   5:        216 bytes,    1782016 total
[2022-06-29T09:01:36.636+0000][9][gc,age      ] GC(166) - age   6:        456 bytes,    1782472 total
[2022-06-29T09:01:36.636+0000][9][gc,age      ] GC(166) - age   7:        184 bytes,    1782656 total
[2022-06-29T09:01:36.637+0000][9][gc,age      ] GC(166) - age   8:        920 bytes,    1783576 total
[2022-06-29T09:01:36.638+0000][9][gc,age      ] GC(166) - age   9:        384 bytes,    1783960 total
[2022-06-29T09:01:36.638+0000][9][gc,age      ] GC(166) - age  10:        512 bytes,    1784472 total
[2022-06-29T09:01:36.639+0000][9][gc,age      ] GC(166) - age  12:        184 bytes,    1784656 total
[2022-06-29T09:01:36.639+0000][9][gc,age      ] GC(166) - age  13:       1336 bytes,    1785992 total
[2022-06-29T09:01:36.640+0000][9][gc,age      ] GC(166) - age  14:        168 bytes,    1786160 total
[2022-06-29T09:01:36.641+0000][9][gc,heap     ] GC(166) Eden regions: 75->0(75)
[2022-06-29T09:01:36.641+0000][9][gc,heap     ] GC(166) Survivor regions: 1->1(10)
[2022-06-29T09:01:36.642+0000][9][gc,heap     ] GC(166) Old regions: 22->22
[2022-06-29T09:01:36.643+0000][9][gc,heap     ] GC(166) Archive regions: 2->2
[2022-06-29T09:01:36.643+0000][9][gc,heap     ] GC(166) Humongous regions: 0->0
[2022-06-29T09:01:36.644+0000][9][gc,metaspace] GC(166) Metaspace: 130036K(133376K)->130036K(133376K) NonClass: 113039K(114752K)->113039K(114752K) Class: 16996K(18624K)->16996K(18624K)
[2022-06-29T09:01:36.645+0000][9][gc          ] GC(166) Pause Young (Normal) (G1 Evacuation Pause) 391M->91M(512M) 30.626ms
[2022-06-29T09:01:36.645+0000][9][gc,cpu      ] GC(166) User=0.02s Sys=0.00s Real=0.03s
[2022-06-29T09:01:36.646+0000][9][safepoint   ] Safepoint "G1CollectForAllocation", Time since last: 92983167790 ns, Reaching safepoint: 116788 ns, At safepoint: 32028290 ns, Total: 32145078 ns
[2022-06-29T09:02:20.656+0000][9][safepoint   ] Safepoint "Cleanup", Time since last: 44031119105 ns, Reaching safepoint: 480135 ns, At safepoint: 7382 ns, Total: 487517 ns
[2022-06-29T09:03:12.606+0000][9][gc,start    ] GC(167) Pause Young (Normal) (G1 Evacuation Pause)
[2022-06-29T09:03:12.608+0000][9][gc,task     ] GC(167) Using 4 workers of 4 for evacuation
[2022-06-29T09:03:12.609+0000][9][gc,age      ] GC(167) Desired survivor size 20971520 bytes, new threshold 15 (max threshold 15)
[2022-06-29T09:03:12.625+0000][9][gc,phases   ] GC(167)   Pre Evacuate Collection Set: 0.9ms
[2022-06-29T09:03:12.625+0000][9][gc,phases   ] GC(167)   Merge Heap Roots: 0.7ms
[2022-06-29T09:03:12.626+0000][9][gc,phases   ] GC(167)   Evacuate Collection Set: 11.4ms
[2022-06-29T09:03:12.627+0000][9][gc,phases   ] GC(167)   Post Evacuate Collection Set: 1.5ms
[2022-06-29T09:03:12.628+0000][9][gc,phases   ] GC(167)   Other: 2.3ms
[2022-06-29T09:03:12.629+0000][9][gc,age      ] GC(167) Age table with threshold 15 (max threshold 15)
[2022-06-29T09:03:12.629+0000][9][gc,age      ] GC(167) - age   1:    1828816 bytes,    1828816 total
[2022-06-29T09:03:12.630+0000][9][gc,age      ] GC(167) - age   2:       1456 bytes,    1830272 total
[2022-06-29T09:03:12.631+0000][9][gc,age      ] GC(167) - age   3:       2088 bytes,    1832360 total
[2022-06-29T09:03:12.632+0000][9][gc,age      ] GC(167) - age   4:        352 bytes,    1832712 total
[2022-06-29T09:03:12.633+0000][9][gc,age      ] GC(167) - age   6:        216 bytes,    1832928 total
[2022-06-29T09:03:12.634+0000][9][gc,age      ] GC(167) - age   7:        456 bytes,    1833384 total
[2022-06-29T09:03:12.634+0000][9][gc,age      ] GC(167) - age   8:        184 bytes,    1833568 total
[2022-06-29T09:03:12.635+0000][9][gc,age      ] GC(167) - age   9:        920 bytes,    1834488 total
[2022-06-29T09:03:12.636+0000][9][gc,age      ] GC(167) - age  10:        384 bytes,    1834872 total
[2022-06-29T09:03:12.637+0000][9][gc,age      ] GC(167) - age  11:        512 bytes,    1835384 total
[2022-06-29T09:03:12.637+0000][9][gc,age      ] GC(167) - age  13:        184 bytes,    1835568 total
[2022-06-29T09:03:12.638+0000][9][gc,age      ] GC(167) - age  14:       1336 bytes,    1836904 total
[2022-06-29T09:03:12.639+0000][9][gc,age      ] GC(167) - age  15:        168 bytes,    1837072 total
[2022-06-29T09:03:12.640+0000][9][gc,heap     ] GC(167) Eden regions: 75->0(75)
[2022-06-29T09:03:12.641+0000][9][gc,heap     ] GC(167) Survivor regions: 1->1(10)
[2022-06-29T09:03:12.642+0000][9][gc,heap     ] GC(167) Old regions: 22->22
[2022-06-29T09:03:12.642+0000][9][gc,heap     ] GC(167) Archive regions: 2->2
[2022-06-29T09:03:12.643+0000][9][gc,heap     ] GC(167) Humongous regions: 0->0
[2022-06-29T09:03:12.644+0000][9][gc,metaspace] GC(167) Metaspace: 130038K(133376K)->130038K(133376K) NonClass: 113041K(114752K)->113041K(114752K) Class: 16996K(18624K)->16996K(18624K)
[2022-06-29T09:03:12.645+0000][9][gc          ] GC(167) Pause Young (Normal) (G1 Evacuation Pause) 391M->91M(512M) 38.561ms
[2022-06-29T09:03:12.645+0000][9][gc,cpu      ] GC(167) User=0.04s Sys=0.01s Real=0.04s
[2022-06-29T09:03:12.646+0000][9][safepoint   ] Safepoint "G1CollectForAllocation", Time since last: 51989478598 ns, Reaching safepoint: 152832 ns, At safepoint: 40084968 ns, Total: 40237800 ns
[2022-06-29T09:03:20.654+0000][9][safepoint   ] Safepoint "Cleanup", Time since last: 8007816781 ns, Reaching safepoint: 443904 ns, At safepoint: 45533 ns, Total: 489437 ns
[2022-06-29T09:04:57.480+0000][9][gc,start    ] GC(168) Pause Young (Normal) (G1 Evacuation Pause)
[2022-06-29T09:04:57.483+0000][9][gc,task     ] GC(168) Using 4 workers of 4 for evacuation
[2022-06-29T09:04:57.484+0000][9][gc,age      ] GC(168) Desired survivor size 20971520 bytes, new threshold 15 (max threshold 15)
[2022-06-29T09:04:57.489+0000][9][gc,phases   ] GC(168)   Pre Evacuate Collection Set: 0.2ms
[2022-06-29T09:04:57.490+0000][9][gc,phases   ] GC(168)   Merge Heap Roots: 0.1ms
[2022-06-29T09:04:57.491+0000][9][gc,phases   ] GC(168)   Evacuate Collection Set: 2.5ms
[2022-06-29T09:04:57.491+0000][9][gc,phases   ] GC(168)   Post Evacuate Collection Set: 1.2ms
[2022-06-29T09:04:57.492+0000][9][gc,phases   ] GC(168)   Other: 1.6ms
[2022-06-29T09:04:57.493+0000][9][gc,age      ] GC(168) Age table with threshold 15 (max threshold 15)
[2022-06-29T09:04:57.493+0000][9][gc,age      ] GC(168) - age   1:     860072 bytes,     860072 total
[2022-06-29T09:04:57.494+0000][9][gc,age      ] GC(168) - age   2:       2024 bytes,     862096 total
[2022-06-29T09:04:57.495+0000][9][gc,age      ] GC(168) - age   3:        368 bytes,     862464 total
[2022-06-29T09:04:57.495+0000][9][gc,age      ] GC(168) - age   4:       1960 bytes,     864424 total
[2022-06-29T09:04:57.496+0000][9][gc,age      ] GC(168) - age   5:         56 bytes,     864480 total
[2022-06-29T09:04:57.496+0000][9][gc,age      ] GC(168) - age   7:        184 bytes,     864664 total
[2022-06-29T09:04:57.497+0000][9][gc,age      ] GC(168) - age   8:        456 bytes,     865120 total
[2022-06-29T09:04:57.498+0000][9][gc,age      ] GC(168) - age   9:        184 bytes,     865304 total
[2022-06-29T09:04:57.499+0000][9][gc,age      ] GC(168) - age  10:        528 bytes,     865832 total
[2022-06-29T09:04:57.499+0000][9][gc,age      ] GC(168) - age  11:        384 bytes,     866216 total
[2022-06-29T09:04:57.500+0000][9][gc,age      ] GC(168) - age  12:        512 bytes,     866728 total
[2022-06-29T09:04:57.501+0000][9][gc,age      ] GC(168) - age  14:        184 bytes,     866912 total
[2022-06-29T09:04:57.501+0000][9][gc,age      ] GC(168) - age  15:       1336 bytes,     868248 total
[2022-06-29T09:04:57.502+0000][9][gc,heap     ] GC(168) Eden regions: 75->0(75)
[2022-06-29T09:04:57.503+0000][9][gc,heap     ] GC(168) Survivor regions: 1->1(10)
[2022-06-29T09:04:57.503+0000][9][gc,heap     ] GC(168) Old regions: 22->22
[2022-06-29T09:04:57.505+0000][9][gc,heap     ] GC(168) Archive regions: 2->2
[2022-06-29T09:04:57.505+0000][9][gc,heap     ] GC(168) Humongous regions: 0->0
[2022-06-29T09:04:57.506+0000][9][gc,metaspace] GC(168) Metaspace: 130038K(133376K)->130038K(133376K) NonClass: 113042K(114752K)->113042K(114752K) Class: 16996K(18624K)->16996K(18624K)
[2022-06-29T09:04:57.506+0000][9][gc          ] GC(168) Pause Young (Normal) (G1 Evacuation Pause) 391M->91M(512M) 26.277ms
[2022-06-29T09:04:57.507+0000][9][gc,cpu      ] GC(168) User=0.01s Sys=0.00s Real=0.03s
[2022-06-29T09:04:57.508+0000][9][safepoint   ] Safepoint "G1CollectForAllocation", Time since last: 96893410922 ns, Reaching safepoint: 215261 ns, At safepoint: 27830429 ns, Total: 28045690 ns
[2022-06-29T09:06:36.920+0000][9][gc,start    ] GC(169) Pause Young (Normal) (G1 Evacuation Pause)
[2022-06-29T09:06:36.922+0000][9][gc,task     ] GC(169) Using 4 workers of 4 for evacuation
[2022-06-29T09:06:36.923+0000][9][gc,age      ] GC(169) Desired survivor size 20971520 bytes, new threshold 15 (max threshold 15)
[2022-06-29T09:06:36.929+0000][9][gc,phases   ] GC(169)   Pre Evacuate Collection Set: 0.3ms
[2022-06-29T09:06:36.930+0000][9][gc,phases   ] GC(169)   Merge Heap Roots: 0.2ms
[2022-06-29T09:06:36.930+0000][9][gc,phases   ] GC(169)   Evacuate Collection Set: 3.2ms
[2022-06-29T09:06:36.931+0000][9][gc,phases   ] GC(169)   Post Evacuate Collection Set: 1.2ms
[2022-06-29T09:06:36.932+0000][9][gc,phases   ] GC(169)   Other: 1.8ms
[2022-06-29T09:06:36.932+0000][9][gc,age      ] GC(169) Age table with threshold 15 (max threshold 15)
[2022-06-29T09:06:36.933+0000][9][gc,age      ] GC(169) - age   1:    1260704 bytes,    1260704 total
[2022-06-29T09:06:36.934+0000][9][gc,age      ] GC(169) - age   2:       1984 bytes,    1262688 total
[2022-06-29T09:06:36.935+0000][9][gc,age      ] GC(169) - age   3:        296 bytes,    1262984 total
[2022-06-29T09:06:36.935+0000][9][gc,age      ] GC(169) - age   4:        272 bytes,    1263256 total
[2022-06-29T09:06:36.936+0000][9][gc,age      ] GC(169) - age   5:       1928 bytes,    1265184 total
[2022-06-29T09:06:36.937+0000][9][gc,age      ] GC(169) - age   6:         56 bytes,    1265240 total
[2022-06-29T09:06:36.937+0000][9][gc,age      ] GC(169) - age   8:        184 bytes,    1265424 total
[2022-06-29T09:06:36.938+0000][9][gc,age      ] GC(169) - age   9:        456 bytes,    1265880 total
[2022-06-29T09:06:36.939+0000][9][gc,age      ] GC(169) - age  10:        184 bytes,    1266064 total
[2022-06-29T09:06:36.939+0000][9][gc,age      ] GC(169) - age  11:        528 bytes,    1266592 total
[2022-06-29T09:06:36.940+0000][9][gc,age      ] GC(169) - age  12:        384 bytes,    1266976 total
[2022-06-29T09:06:36.941+0000][9][gc,age      ] GC(169) - age  13:        512 bytes,    1267488 total
[2022-06-29T09:06:36.941+0000][9][gc,age      ] GC(169) - age  15:        184 bytes,    1267672 total
[2022-06-29T09:06:36.942+0000][9][gc,heap     ] GC(169) Eden regions: 75->0(75)
[2022-06-29T09:06:36.943+0000][9][gc,heap     ] GC(169) Survivor regions: 1->1(10)
[2022-06-29T09:06:36.943+0000][9][gc,heap     ] GC(169) Old regions: 22->22
[2022-06-29T09:06:36.944+0000][9][gc,heap     ] GC(169) Archive regions: 2->2
[2022-06-29T09:06:36.945+0000][9][gc,heap     ] GC(169) Humongous regions: 0->0
[2022-06-29T09:06:36.945+0000][9][gc,metaspace] GC(169) Metaspace: 130039K(133376K)->130039K(133376K) NonClass: 113042K(114752K)->113042K(114752K) Class: 16996K(18624K)->16996K(18624K)
[2022-06-29T09:06:36.946+0000][9][gc          ] GC(169) Pause Young (Normal) (G1 Evacuation Pause) 391M->91M(512M) 25.929ms
[2022-06-29T09:06:36.947+0000][9][gc,cpu      ] GC(169) User=0.01s Sys=0.00s Real=0.03s
[2022-06-29T09:06:36.948+0000][9][safepoint   ] Safepoint "G1CollectForAllocation", Time since last: 99498566243 ns, Reaching safepoint: 333159 ns, At safepoint: 27658165 ns, Total: 27991324 ns
[2022-06-29T09:08:18.407+0000][9][gc,start    ] GC(170) Pause Young (Normal) (G1 Evacuation Pause)
[2022-06-29T09:08:18.409+0000][9][gc,task     ] GC(170) Using 4 workers of 4 for evacuation
[2022-06-29T09:08:18.412+0000][9][gc,age      ] GC(170) Desired survivor size 20971520 bytes, new threshold 15 (max threshold 15)
[2022-06-29T09:08:18.419+0000][9][gc,phases   ] GC(170)   Pre Evacuate Collection Set: 0.3ms
[2022-06-29T09:08:18.420+0000][9][gc,phases   ] GC(170)   Merge Heap Roots: 0.1ms
[2022-06-29T09:08:18.423+0000][9][gc,phases   ] GC(170)   Evacuate Collection Set: 4.5ms
[2022-06-29T09:08:18.423+0000][9][gc,phases   ] GC(170)   Post Evacuate Collection Set: 1.5ms
[2022-06-29T09:08:18.424+0000][9][gc,phases   ] GC(170)   Other: 3.6ms
[2022-06-29T09:08:18.425+0000][9][gc,age      ] GC(170) Age table with threshold 15 (max threshold 15)
[2022-06-29T09:08:18.426+0000][9][gc,age      ] GC(170) - age   1:    1334584 bytes,    1334584 total
[2022-06-29T09:08:18.428+0000][9][gc,age      ] GC(170) - age   2:       2016 bytes,    1336600 total
[2022-06-29T09:08:18.428+0000][9][gc,age      ] GC(170) - age   3:        608 bytes,    1337208 total
[2022-06-29T09:08:18.429+0000][9][gc,age      ] GC(170) - age   4:        296 bytes,    1337504 total
[2022-06-29T09:08:18.430+0000][9][gc,age      ] GC(170) - age   5:        272 bytes,    1337776 total
[2022-06-29T09:08:18.430+0000][9][gc,age      ] GC(170) - age   6:       1928 bytes,    1339704 total
[2022-06-29T09:08:18.431+0000][9][gc,age      ] GC(170) - age   7:         56 bytes,    1339760 total
[2022-06-29T09:08:18.434+0000][9][gc,age      ] GC(170) - age  10:        456 bytes,    1340216 total
[2022-06-29T09:08:18.434+0000][9][gc,age      ] GC(170) - age  11:        184 bytes,    1340400 total
[2022-06-29T09:08:18.435+0000][9][gc,age      ] GC(170) - age  12:        528 bytes,    1340928 total
[2022-06-29T09:08:18.436+0000][9][gc,age      ] GC(170) - age  13:        384 bytes,    1341312 total
[2022-06-29T09:08:18.436+0000][9][gc,age      ] GC(170) - age  14:        512 bytes,    1341824 total
[2022-06-29T09:08:18.437+0000][9][gc,heap     ] GC(170) Eden regions: 75->0(75)
[2022-06-29T09:08:18.437+0000][9][gc,heap     ] GC(170) Survivor regions: 1->1(10)
[2022-06-29T09:08:18.439+0000][9][gc,heap     ] GC(170) Old regions: 22->22
[2022-06-29T09:08:18.441+0000][9][gc,heap     ] GC(170) Archive regions: 2->2
[2022-06-29T09:08:18.443+0000][9][gc,heap     ] GC(170) Humongous regions: 0->0
[2022-06-29T09:08:18.444+0000][9][gc,metaspace] GC(170) Metaspace: 130039K(133376K)->130039K(133376K) NonClass: 113042K(114752K)->113042K(114752K) Class: 16996K(18624K)->16996K(18624K)
[2022-06-29T09:08:18.445+0000][9][gc          ] GC(170) Pause Young (Normal) (G1 Evacuation Pause) 391M->91M(512M) 37.051ms
[2022-06-29T09:08:18.447+0000][9][gc,cpu      ] GC(170) User=0.01s Sys=0.00s Real=0.04s
[2022-06-29T09:08:18.448+0000][9][safepoint   ] Safepoint "G1CollectForAllocation", Time since last: 101524080679 ns, Reaching safepoint: 79137 ns, At safepoint: 41036167 ns, Total: 41115304 ns
[2022-06-29T09:08:20.451+0000][9][safepoint   ] Safepoint "Cleanup", Time since last: 2002653908 ns, Reaching safepoint: 138528 ns, At safepoint: 7888 ns, Total: 146416 ns
[2022-06-29T09:10:00.371+0000][9][gc,start    ] GC(171) Pause Young (Normal) (G1 Evacuation Pause)
[2022-06-29T09:10:00.373+0000][9][gc,task     ] GC(171) Using 4 workers of 4 for evacuation
[2022-06-29T09:10:00.376+0000][9][gc,age      ] GC(171) Desired survivor size 20971520 bytes, new threshold 15 (max threshold 15)
[2022-06-29T09:10:00.381+0000][9][gc,phases   ] GC(171)   Pre Evacuate Collection Set: 0.2ms
[2022-06-29T09:10:00.382+0000][9][gc,phases   ] GC(171)   Merge Heap Roots: 0.1ms
[2022-06-29T09:10:00.383+0000][9][gc,phases   ] GC(171)   Evacuate Collection Set: 2.6ms
[2022-06-29T09:10:00.384+0000][9][gc,phases   ] GC(171)   Post Evacuate Collection Set: 1.3ms
[2022-06-29T09:10:00.384+0000][9][gc,phases   ] GC(171)   Other: 3.5ms
[2022-06-29T09:10:00.385+0000][9][gc,age      ] GC(171) Age table with threshold 15 (max threshold 15)
[2022-06-29T09:10:00.386+0000][9][gc,age      ] GC(171) - age   1:    1403352 bytes,    1403352 total
[2022-06-29T09:10:00.387+0000][9][gc,age      ] GC(171) - age   2:       1240 bytes,    1404592 total
[2022-06-29T09:10:00.388+0000][9][gc,age      ] GC(171) - age   3:        456 bytes,    1405048 total
[2022-06-29T09:10:00.388+0000][9][gc,age      ] GC(171) - age   4:        424 bytes,    1405472 total
[2022-06-29T09:10:00.389+0000][9][gc,age      ] GC(171) - age   5:        296 bytes,    1405768 total
[2022-06-29T09:10:00.390+0000][9][gc,age      ] GC(171) - age   6:        272 bytes,    1406040 total
[2022-06-29T09:10:00.390+0000][9][gc,age      ] GC(171) - age   7:        240 bytes,    1406280 total
[2022-06-29T09:10:00.391+0000][9][gc,age      ] GC(171) - age   8:         56 bytes,    1406336 total
[2022-06-29T09:10:00.392+0000][9][gc,age      ] GC(171) - age  11:        456 bytes,    1406792 total
[2022-06-29T09:10:00.392+0000][9][gc,age      ] GC(171) - age  12:        184 bytes,    1406976 total
[2022-06-29T09:10:00.393+0000][9][gc,age      ] GC(171) - age  13:        496 bytes,    1407472 total
[2022-06-29T09:10:00.394+0000][9][gc,age      ] GC(171) - age  14:        384 bytes,    1407856 total
[2022-06-29T09:10:00.395+0000][9][gc,age      ] GC(171) - age  15:        512 bytes,    1408368 total
[2022-06-29T09:10:00.395+0000][9][gc,heap     ] GC(171) Eden regions: 75->0(75)
[2022-06-29T09:10:00.396+0000][9][gc,heap     ] GC(171) Survivor regions: 1->1(10)
[2022-06-29T09:10:00.396+0000][9][gc,heap     ] GC(171) Old regions: 22->22
[2022-06-29T09:10:00.397+0000][9][gc,heap     ] GC(171) Archive regions: 2->2
[2022-06-29T09:10:00.398+0000][9][gc,heap     ] GC(171) Humongous regions: 0->0
[2022-06-29T09:10:00.398+0000][9][gc,metaspace] GC(171) Metaspace: 130039K(133376K)->130039K(133376K) NonClass: 113042K(114752K)->113042K(114752K) Class: 16996K(18624K)->16996K(18624K)
[2022-06-29T09:10:00.399+0000][9][gc          ] GC(171) Pause Young (Normal) (G1 Evacuation Pause) 391M->91M(512M) 28.074ms
[2022-06-29T09:10:00.400+0000][9][gc,cpu      ] GC(171) User=0.01s Sys=0.01s Real=0.03s
[2022-06-29T09:10:00.400+0000][9][safepoint   ] Safepoint "G1CollectForAllocation", Time since last: 100005918219 ns, Reaching safepoint: 136495 ns, At safepoint: 29408754 ns, Total: 29545249 ns
[2022-06-29T09:11:30.732+0000][9][gc,start    ] GC(172) Pause Young (Normal) (G1 Evacuation Pause)
[2022-06-29T09:11:30.734+0000][9][gc,task     ] GC(172) Using 4 workers of 4 for evacuation
[2022-06-29T09:11:30.735+0000][9][gc,age      ] GC(172) Desired survivor size 20971520 bytes, new threshold 15 (max threshold 15)
[2022-06-29T09:11:30.741+0000][9][gc,phases   ] GC(172)   Pre Evacuate Collection Set: 0.2ms
[2022-06-29T09:11:30.742+0000][9][gc,phases   ] GC(172)   Merge Heap Roots: 0.1ms
[2022-06-29T09:11:30.743+0000][9][gc,phases   ] GC(172)   Evacuate Collection Set: 4.2ms
[2022-06-29T09:11:30.743+0000][9][gc,phases   ] GC(172)   Post Evacuate Collection Set: 1.3ms
[2022-06-29T09:11:30.744+0000][9][gc,phases   ] GC(172)   Other: 1.7ms
[2022-06-29T09:11:30.745+0000][9][gc,age      ] GC(172) Age table with threshold 15 (max threshold 15)
[2022-06-29T09:11:30.745+0000][9][gc,age      ] GC(172) - age   1:    1624664 bytes,    1624664 total
[2022-06-29T09:11:30.746+0000][9][gc,age      ] GC(172) - age   2:       3680 bytes,    1628344 total
[2022-06-29T09:11:30.747+0000][9][gc,age      ] GC(172) - age   3:        248 bytes,    1628592 total
[2022-06-29T09:11:30.747+0000][9][gc,age      ] GC(172) - age   4:        160 bytes,    1628752 total
[2022-06-29T09:11:30.748+0000][9][gc,age      ] GC(172) - age   5:        424 bytes,    1629176 total
[2022-06-29T09:11:30.749+0000][9][gc,age      ] GC(172) - age   6:        296 bytes,    1629472 total
[2022-06-29T09:11:30.749+0000][9][gc,age      ] GC(172) - age   7:         88 bytes,    1629560 total
[2022-06-29T09:11:30.750+0000][9][gc,age      ] GC(172) - age   8:        216 bytes,    1629776 total
[2022-06-29T09:11:30.750+0000][9][gc,age      ] GC(172) - age   9:         56 bytes,    1629832 total
[2022-06-29T09:11:30.751+0000][9][gc,age      ] GC(172) - age  12:        456 bytes,    1630288 total
[2022-06-29T09:11:30.752+0000][9][gc,age      ] GC(172) - age  13:        184 bytes,    1630472 total
[2022-06-29T09:11:30.753+0000][9][gc,age      ] GC(172) - age  14:        496 bytes,    1630968 total
[2022-06-29T09:11:30.754+0000][9][gc,age      ] GC(172) - age  15:        384 bytes,    1631352 total
[2022-06-29T09:11:30.754+0000][9][gc,heap     ] GC(172) Eden regions: 75->0(75)
[2022-06-29T09:11:30.755+0000][9][gc,heap     ] GC(172) Survivor regions: 1->1(10)
[2022-06-29T09:11:30.756+0000][9][gc,heap     ] GC(172) Old regions: 22->22
[2022-06-29T09:11:30.756+0000][9][gc,heap     ] GC(172) Archive regions: 2->2
[2022-06-29T09:11:30.757+0000][9][gc,heap     ] GC(172) Humongous regions: 0->0
[2022-06-29T09:11:30.758+0000][9][gc,metaspace] GC(172) Metaspace: 130044K(133376K)->130044K(133376K) NonClass: 113047K(114752K)->113047K(114752K) Class: 16996K(18624K)->16996K(18624K)
[2022-06-29T09:11:30.758+0000][9][gc          ] GC(172) Pause Young (Normal) (G1 Evacuation Pause) 391M->91M(512M) 26.324ms
[2022-06-29T09:11:30.759+0000][9][gc,cpu      ] GC(172) User=0.02s Sys=0.00s Real=0.03s
[2022-06-29T09:11:30.760+0000][9][safepoint   ] Safepoint "G1CollectForAllocation", Time since last: 90396728051 ns, Reaching safepoint: 83625 ns, At safepoint: 27990945 ns, Total: 28074570 ns
[2022-06-29T09:13:12.290+0000][9][gc,start    ] GC(173) Pause Young (Normal) (G1 Evacuation Pause)
[2022-06-29T09:13:12.293+0000][9][gc,task     ] GC(173) Using 4 workers of 4 for evacuation
[2022-06-29T09:13:12.294+0000][9][gc,age      ] GC(173) Desired survivor size 20971520 bytes, new threshold 15 (max threshold 15)
[2022-06-29T09:13:12.299+0000][9][gc,phases   ] GC(173)   Pre Evacuate Collection Set: 0.2ms
[2022-06-29T09:13:12.300+0000][9][gc,phases   ] GC(173)   Merge Heap Roots: 0.1ms
[2022-06-29T09:13:12.301+0000][9][gc,phases   ] GC(173)   Evacuate Collection Set: 3.0ms
[2022-06-29T09:13:12.301+0000][9][gc,phases   ] GC(173)   Post Evacuate Collection Set: 1.4ms
[2022-06-29T09:13:12.302+0000][9][gc,phases   ] GC(173)   Other: 1.8ms
[2022-06-29T09:13:12.302+0000][9][gc,age      ] GC(173) Age table with threshold 15 (max threshold 15)
[2022-06-29T09:13:12.303+0000][9][gc,age      ] GC(173) - age   1:     638912 bytes,     638912 total
[2022-06-29T09:13:12.304+0000][9][gc,age      ] GC(173) - age   2:       2040 bytes,     640952 total
[2022-06-29T09:13:12.304+0000][9][gc,age      ] GC(173) - age   3:       2504 bytes,     643456 total
[2022-06-29T09:13:12.305+0000][9][gc,age      ] GC(173) - age   4:        248 bytes,     643704 total
[2022-06-29T09:13:12.305+0000][9][gc,age      ] GC(173) - age   6:        424 bytes,     644128 total
[2022-06-29T09:13:12.306+0000][9][gc,age      ] GC(173) - age   7:        296 bytes,     644424 total
[2022-06-29T09:13:12.306+0000][9][gc,age      ] GC(173) - age   8:         88 bytes,     644512 total
[2022-06-29T09:13:12.307+0000][9][gc,age      ] GC(173) - age   9:        216 bytes,     644728 total
[2022-06-29T09:13:12.308+0000][9][gc,age      ] GC(173) - age  10:         56 bytes,     644784 total
[2022-06-29T09:13:12.308+0000][9][gc,age      ] GC(173) - age  13:         72 bytes,     644856 total
[2022-06-29T09:13:12.309+0000][9][gc,age      ] GC(173) - age  15:        496 bytes,     645352 total
[2022-06-29T09:13:12.309+0000][9][gc,heap     ] GC(173) Eden regions: 75->0(75)
[2022-06-29T09:13:12.310+0000][9][gc,heap     ] GC(173) Survivor regions: 1->1(10)
[2022-06-29T09:13:12.311+0000][9][gc,heap     ] GC(173) Old regions: 22->22
[2022-06-29T09:13:12.311+0000][9][gc,heap     ] GC(173) Archive regions: 2->2
[2022-06-29T09:13:12.312+0000][9][gc,heap     ] GC(173) Humongous regions: 0->0
[2022-06-29T09:13:12.312+0000][9][gc,metaspace] GC(173) Metaspace: 130044K(133376K)->130044K(133376K) NonClass: 113047K(114752K)->113047K(114752K) Class: 16996K(18624K)->16996K(18624K)
[2022-06-29T09:13:12.313+0000][9][gc          ] GC(173) Pause Young (Normal) (G1 Evacuation Pause) 391M->90M(512M) 22.772ms
[2022-06-29T09:13:12.314+0000][9][gc,cpu      ] GC(173) User=0.01s Sys=0.00s Real=0.03s
[2022-06-29T09:13:12.315+0000][9][safepoint   ] Safepoint "G1CollectForAllocation", Time since last: 101595034291 ns, Reaching safepoint: 260712 ns, At safepoint: 24462077 ns, Total: 24722789 ns
[2022-06-29T09:14:20.329+0000][9][safepoint   ] Safepoint "Cleanup", Time since last: 68057058259 ns, Reaching safepoint: 134736 ns, At safepoint: 7026 ns, Total: 141762 ns
[2022-06-29T09:14:49.215+0000][9][gc,start    ] GC(174) Pause Young (Normal) (G1 Evacuation Pause)
[2022-06-29T09:14:49.218+0000][9][gc,task     ] GC(174) Using 4 workers of 4 for evacuation
[2022-06-29T09:14:49.218+0000][9][gc,age      ] GC(174) Desired survivor size 20971520 bytes, new threshold 15 (max threshold 15)
[2022-06-29T09:14:49.222+0000][9][gc,phases   ] GC(174)   Pre Evacuate Collection Set: 0.2ms
[2022-06-29T09:14:49.223+0000][9][gc,phases   ] GC(174)   Merge Heap Roots: 0.1ms
[2022-06-29T09:14:49.223+0000][9][gc,phases   ] GC(174)   Evacuate Collection Set: 1.7ms
[2022-06-29T09:14:49.224+0000][9][gc,phases   ] GC(174)   Post Evacuate Collection Set: 0.8ms
[2022-06-29T09:14:49.224+0000][9][gc,phases   ] GC(174)   Other: 1.5ms
[2022-06-29T09:14:49.225+0000][9][gc,age      ] GC(174) Age table with threshold 15 (max threshold 15)
[2022-06-29T09:14:49.226+0000][9][gc,age      ] GC(174) - age   1:     996488 bytes,     996488 total
[2022-06-29T09:14:49.226+0000][9][gc,age      ] GC(174) - age   2:       1560 bytes,     998048 total
[2022-06-29T09:14:49.226+0000][9][gc,age      ] GC(174) - age   3:        600 bytes,     998648 total
[2022-06-29T09:14:49.227+0000][9][gc,age      ] GC(174) - age   4:       2208 bytes,    1000856 total
[2022-06-29T09:14:49.227+0000][9][gc,age      ] GC(174) - age   7:        424 bytes,    1001280 total
[2022-06-29T09:14:49.228+0000][9][gc,age      ] GC(174) - age   9:         88 bytes,    1001368 total
[2022-06-29T09:14:49.228+0000][9][gc,age      ] GC(174) - age  10:        216 bytes,    1001584 total
[2022-06-29T09:14:49.229+0000][9][gc,age      ] GC(174) - age  11:         56 bytes,    1001640 total
[2022-06-29T09:14:49.229+0000][9][gc,age      ] GC(174) - age  14:         72 bytes,    1001712 total
[2022-06-29T09:14:49.230+0000][9][gc,heap     ] GC(174) Eden regions: 75->0(75)
[2022-06-29T09:14:49.231+0000][9][gc,heap     ] GC(174) Survivor regions: 1->1(10)
[2022-06-29T09:14:49.231+0000][9][gc,heap     ] GC(174) Old regions: 22->22
[2022-06-29T09:14:49.232+0000][9][gc,heap     ] GC(174) Archive regions: 2->2
[2022-06-29T09:14:49.233+0000][9][gc,heap     ] GC(174) Humongous regions: 0->0
[2022-06-29T09:14:49.233+0000][9][gc,metaspace] GC(174) Metaspace: 130047K(133376K)->130047K(133376K) NonClass: 113050K(114752K)->113050K(114752K) Class: 16996K(18624K)->16996K(18624K)
[2022-06-29T09:14:49.234+0000][9][gc          ] GC(174) Pause Young (Normal) (G1 Evacuation Pause) 390M->91M(512M) 18.789ms
[2022-06-29T09:14:49.235+0000][9][gc,cpu      ] GC(174) User=0.01s Sys=0.00s Real=0.02s
[2022-06-29T09:14:49.235+0000][9][safepoint   ] Safepoint "G1CollectForAllocation", Time since last: 28907468723 ns, Reaching safepoint: 96644 ns, At safepoint: 20265556 ns, Total: 20362200 ns
[2022-06-29T09:16:20.200+0000][9][safepoint   ] Safepoint "Cleanup", Time since last: 91024760806 ns, Reaching safepoint: 4496731 ns, At safepoint: 80297 ns, Total: 4577028 ns
[2022-06-29T09:16:31.325+0000][9][gc,start    ] GC(175) Pause Young (Normal) (G1 Evacuation Pause)
[2022-06-29T09:16:31.327+0000][9][gc,task     ] GC(175) Using 4 workers of 4 for evacuation
[2022-06-29T09:16:31.328+0000][9][gc,age      ] GC(175) Desired survivor size 20971520 bytes, new threshold 15 (max threshold 15)
[2022-06-29T09:16:31.336+0000][9][gc,phases   ] GC(175)   Pre Evacuate Collection Set: 0.1ms
[2022-06-29T09:16:31.336+0000][9][gc,phases   ] GC(175)   Merge Heap Roots: 0.1ms
[2022-06-29T09:16:31.337+0000][9][gc,phases   ] GC(175)   Evacuate Collection Set: 5.0ms
[2022-06-29T09:16:31.338+0000][9][gc,phases   ] GC(175)   Post Evacuate Collection Set: 1.4ms
[2022-06-29T09:16:31.338+0000][9][gc,phases   ] GC(175)   Other: 1.6ms
[2022-06-29T09:16:31.339+0000][9][gc,age      ] GC(175) Age table with threshold 15 (max threshold 15)
[2022-06-29T09:16:31.340+0000][9][gc,age      ] GC(175) - age   1:     749488 bytes,     749488 total
[2022-06-29T09:16:31.342+0000][9][gc,age      ] GC(175) - age   2:       1864 bytes,     751352 total
[2022-06-29T09:16:31.343+0000][9][gc,age      ] GC(175) - age   3:        816 bytes,     752168 total
[2022-06-29T09:16:31.344+0000][9][gc,age      ] GC(175) - age   4:        408 bytes,     752576 total
[2022-06-29T09:16:31.345+0000][9][gc,age      ] GC(175) - age   5:       2208 bytes,     754784 total
[2022-06-29T09:16:31.345+0000][9][gc,age      ] GC(175) - age   8:        424 bytes,     755208 total
[2022-06-29T09:16:31.346+0000][9][gc,age      ] GC(175) - age  10:         88 bytes,     755296 total
[2022-06-29T09:16:31.347+0000][9][gc,age      ] GC(175) - age  11:        216 bytes,     755512 total
[2022-06-29T09:16:31.348+0000][9][gc,age      ] GC(175) - age  12:         56 bytes,     755568 total
[2022-06-29T09:16:31.348+0000][9][gc,age      ] GC(175) - age  15:         72 bytes,     755640 total
[2022-06-29T09:16:31.349+0000][9][gc,heap     ] GC(175) Eden regions: 75->0(75)
[2022-06-29T09:16:31.350+0000][9][gc,heap     ] GC(175) Survivor regions: 1->1(10)
[2022-06-29T09:16:31.351+0000][9][gc,heap     ] GC(175) Old regions: 22->22
[2022-06-29T09:16:31.351+0000][9][gc,heap     ] GC(175) Archive regions: 2->2
[2022-06-29T09:16:31.352+0000][9][gc,heap     ] GC(175) Humongous regions: 0->0
[2022-06-29T09:16:31.353+0000][9][gc,metaspace] GC(175) Metaspace: 130049K(133376K)->130049K(133376K) NonClass: 113052K(114752K)->113052K(114752K) Class: 16996K(18624K)->16996K(18624K)
[2022-06-29T09:16:31.354+0000][9][gc          ] GC(175) Pause Young (Normal) (G1 Evacuation Pause) 391M->90M(512M) 28.834ms
[2022-06-29T09:16:31.354+0000][9][gc,cpu      ] GC(175) User=0.02s Sys=0.00s Real=0.03s
[2022-06-29T09:16:31.355+0000][9][safepoint   ] Safepoint "G1CollectForAllocation", Time since last: 11146632470 ns, Reaching safepoint: 138836 ns, At safepoint: 30100763 ns, Total: 30239599 ns
[2022-06-29T09:16:51.372+0000][9][safepoint   ] Safepoint "Cleanup", Time since last: 20016778869 ns, Reaching safepoint: 398424 ns, At safepoint: 33394 ns, Total: 431818 ns
[2022-06-29T09:17:20.374+0000][9][safepoint   ] Safepoint "Cleanup", Time since last: 29022866612 ns, Reaching safepoint: 186761 ns, At safepoint: 6164 ns, Total: 192925 ns
[2022-06-29T09:18:12.200+0000][9][gc,start    ] GC(176) Pause Young (Normal) (G1 Evacuation Pause)
[2022-06-29T09:18:12.201+0000][9][gc,task     ] GC(176) Using 4 workers of 4 for evacuation
[2022-06-29T09:18:12.202+0000][9][gc,age      ] GC(176) Desired survivor size 20971520 bytes, new threshold 15 (max threshold 15)
[2022-06-29T09:18:12.208+0000][9][gc,phases   ] GC(176)   Pre Evacuate Collection Set: 0.1ms
[2022-06-29T09:18:12.209+0000][9][gc,phases   ] GC(176)   Merge Heap Roots: 0.1ms
[2022-06-29T09:18:12.209+0000][9][gc,phases   ] GC(176)   Evacuate Collection Set: 3.6ms
[2022-06-29T09:18:12.210+0000][9][gc,phases   ] GC(176)   Post Evacuate Collection Set: 1.1ms
[2022-06-29T09:18:12.210+0000][9][gc,phases   ] GC(176)   Other: 1.6ms
[2022-06-29T09:18:12.211+0000][9][gc,age      ] GC(176) Age table with threshold 15 (max threshold 15)
[2022-06-29T09:18:12.212+0000][9][gc,age      ] GC(176) - age   1:    1287952 bytes,    1287952 total
[2022-06-29T09:18:12.212+0000][9][gc,age      ] GC(176) - age   2:       1552 bytes,    1289504 total
[2022-06-29T09:18:12.213+0000][9][gc,age      ] GC(176) - age   3:        248 bytes,    1289752 total
[2022-06-29T09:18:12.214+0000][9][gc,age      ] GC(176) - age   4:        568 bytes,    1290320 total
[2022-06-29T09:18:12.214+0000][9][gc,age      ] GC(176) - age   5:        408 bytes,    1290728 total
[2022-06-29T09:18:12.215+0000][9][gc,age      ] GC(176) - age   6:       2208 bytes,    1292936 total
[2022-06-29T09:18:12.215+0000][9][gc,age      ] GC(176) - age   9:        424 bytes,    1293360 total
[2022-06-29T09:18:12.216+0000][9][gc,age      ] GC(176) - age  11:         88 bytes,    1293448 total
[2022-06-29T09:18:12.217+0000][9][gc,age      ] GC(176) - age  12:         32 bytes,    1293480 total
[2022-06-29T09:18:12.218+0000][9][gc,age      ] GC(176) - age  13:         56 bytes,    1293536 total
[2022-06-29T09:18:12.219+0000][9][gc,heap     ] GC(176) Eden regions: 75->0(75)
[2022-06-29T09:18:12.219+0000][9][gc,heap     ] GC(176) Survivor regions: 1->1(10)
[2022-06-29T09:18:12.220+0000][9][gc,heap     ] GC(176) Old regions: 22->22
[2022-06-29T09:18:12.221+0000][9][gc,heap     ] GC(176) Archive regions: 2->2
[2022-06-29T09:18:12.221+0000][9][gc,heap     ] GC(176) Humongous regions: 0->0
[2022-06-29T09:18:12.222+0000][9][gc,metaspace] GC(176) Metaspace: 130052K(133376K)->130052K(133376K) NonClass: 113055K(114752K)->113055K(114752K) Class: 16996K(18624K)->16996K(18624K)
[2022-06-29T09:18:12.223+0000][9][gc          ] GC(176) Pause Young (Normal) (G1 Evacuation Pause) 390M->91M(512M) 23.157ms
[2022-06-29T09:18:12.224+0000][9][gc,cpu      ] GC(176) User=0.01s Sys=0.00s Real=0.02s
[2022-06-29T09:18:12.225+0000][9][safepoint   ] Safepoint "G1CollectForAllocation", Time since last: 51869837307 ns, Reaching safepoint: 100777 ns, At safepoint: 24677641 ns, Total: 24778418 ns
[2022-06-29T09:18:56.237+0000][9][safepoint   ] Safepoint "Cleanup", Time since last: 44033219814 ns, Reaching safepoint: 183281 ns, At safepoint: 9336 ns, Total: 192617 ns
[2022-06-29T09:19:43.233+0000][9][safepoint   ] Safepoint "Cleanup", Time since last: 47039016423 ns, Reaching safepoint: 361919 ns, At safepoint: 56467 ns, Total: 418386 ns
[2022-06-29T09:19:45.192+0000][9][gc,start    ] GC(177) Pause Young (Normal) (G1 Evacuation Pause)
[2022-06-29T09:19:45.193+0000][9][gc,task     ] GC(177) Using 4 workers of 4 for evacuation
[2022-06-29T09:19:45.194+0000][9][gc,age      ] GC(177) Desired survivor size 20971520 bytes, new threshold 15 (max threshold 15)
[2022-06-29T09:19:45.201+0000][9][gc,phases   ] GC(177)   Pre Evacuate Collection Set: 0.1ms
[2022-06-29T09:19:45.202+0000][9][gc,phases   ] GC(177)   Merge Heap Roots: 0.1ms
[2022-06-29T09:19:45.203+0000][9][gc,phases   ] GC(177)   Evacuate Collection Set: 5.3ms
[2022-06-29T09:19:45.204+0000][9][gc,phases   ] GC(177)   Post Evacuate Collection Set: 1.2ms
[2022-06-29T09:19:45.204+0000][9][gc,phases   ] GC(177)   Other: 1.3ms
[2022-06-29T09:19:45.205+0000][9][gc,age      ] GC(177) Age table with threshold 15 (max threshold 15)
[2022-06-29T09:19:45.205+0000][9][gc,age      ] GC(177) - age   1:    1222840 bytes,    1222840 total
[2022-06-29T09:19:45.206+0000][9][gc,age      ] GC(177) - age   2:     102608 bytes,    1325448 total
[2022-06-29T09:19:45.206+0000][9][gc,age      ] GC(177) - age   3:        424 bytes,    1325872 total
[2022-06-29T09:19:45.207+0000][9][gc,age      ] GC(177) - age   4:        184 bytes,    1326056 total
[2022-06-29T09:19:45.207+0000][9][gc,age      ] GC(177) - age   5:        568 bytes,    1326624 total
[2022-06-29T09:19:45.208+0000][9][gc,age      ] GC(177) - age   6:        376 bytes,    1327000 total
[2022-06-29T09:19:45.209+0000][9][gc,age      ] GC(177) - age   7:        464 bytes,    1327464 total
[2022-06-29T09:19:45.209+0000][9][gc,age      ] GC(177) - age  10:         32 bytes,    1327496 total
[2022-06-29T09:19:45.210+0000][9][gc,age      ] GC(177) - age  12:         88 bytes,    1327584 total
[2022-06-29T09:19:45.210+0000][9][gc,age      ] GC(177) - age  14:         56 bytes,    1327640 total
[2022-06-29T09:19:45.211+0000][9][gc,heap     ] GC(177) Eden regions: 75->0(75)
[2022-06-29T09:19:45.212+0000][9][gc,heap     ] GC(177) Survivor regions: 1->1(10)
[2022-06-29T09:19:45.212+0000][9][gc,heap     ] GC(177) Old regions: 22->22
[2022-06-29T09:19:45.213+0000][9][gc,heap     ] GC(177) Archive regions: 2->2
[2022-06-29T09:19:45.214+0000][9][gc,heap     ] GC(177) Humongous regions: 0->0
[2022-06-29T09:19:45.215+0000][9][gc,metaspace] GC(177) Metaspace: 130055K(133376K)->130055K(133376K) NonClass: 113058K(114752K)->113058K(114752K) Class: 16996K(18624K)->16996K(18624K)
[2022-06-29T09:19:45.216+0000][9][gc          ] GC(177) Pause Young (Normal) (G1 Evacuation Pause) 391M->91M(512M) 23.302ms
[2022-06-29T09:19:45.216+0000][9][gc,cpu      ] GC(177) User=0.02s Sys=0.00s Real=0.03s
[2022-06-29T09:19:45.218+0000][9][safepoint   ] Safepoint "G1CollectForAllocation", Time since last: 1958403790 ns, Reaching safepoint: 352014 ns, At safepoint: 25513133 ns, Total: 25865147 ns
[2022-06-29T09:19:46.220+0000][9][safepoint   ] Safepoint "Cleanup", Time since last: 1001634871 ns, Reaching safepoint: 166051 ns, At safepoint: 13946 ns, Total: 179997 ns
[2022-06-29T09:21:24.121+0000][9][gc,start    ] GC(178) Pause Young (Normal) (G1 Evacuation Pause)
[2022-06-29T09:21:24.124+0000][9][gc,task     ] GC(178) Using 4 workers of 4 for evacuation
[2022-06-29T09:21:24.125+0000][9][gc,age      ] GC(178) Desired survivor size 20971520 bytes, new threshold 15 (max threshold 15)
[2022-06-29T09:21:24.129+0000][9][gc,phases   ] GC(178)   Pre Evacuate Collection Set: 0.3ms
[2022-06-29T09:21:24.130+0000][9][gc,phases   ] GC(178)   Merge Heap Roots: 0.2ms
[2022-06-29T09:21:24.130+0000][9][gc,phases   ] GC(178)   Evacuate Collection Set: 1.9ms
[2022-06-29T09:21:24.131+0000][9][gc,phases   ] GC(178)   Post Evacuate Collection Set: 0.9ms
[2022-06-29T09:21:24.131+0000][9][gc,phases   ] GC(178)   Other: 1.8ms
[2022-06-29T09:21:24.132+0000][9][gc,age      ] GC(178) Age table with threshold 15 (max threshold 15)
[2022-06-29T09:21:24.133+0000][9][gc,age      ] GC(178) - age   1:    1393096 bytes,    1393096 total
[2022-06-29T09:21:24.133+0000][9][gc,age      ] GC(178) - age   2:      11696 bytes,    1404792 total
[2022-06-29T09:21:24.134+0000][9][gc,age      ] GC(178) - age   3:        344 bytes,    1405136 total
[2022-06-29T09:21:24.134+0000][9][gc,age      ] GC(178) - age   4:         64 bytes,    1405200 total
[2022-06-29T09:21:24.135+0000][9][gc,age      ] GC(178) - age   5:        184 bytes,    1405384 total
[2022-06-29T09:21:24.135+0000][9][gc,age      ] GC(178) - age   6:        568 bytes,    1405952 total
[2022-06-29T09:21:24.136+0000][9][gc,age      ] GC(178) - age   7:        192 bytes,    1406144 total
[2022-06-29T09:21:24.137+0000][9][gc,age      ] GC(178) - age   8:        464 bytes,    1406608 total
[2022-06-29T09:21:24.138+0000][9][gc,age      ] GC(178) - age  11:         32 bytes,    1406640 total
[2022-06-29T09:21:24.139+0000][9][gc,age      ] GC(178) - age  13:         88 bytes,    1406728 total
[2022-06-29T09:21:24.140+0000][9][gc,age      ] GC(178) - age  15:         56 bytes,    1406784 total
[2022-06-29T09:21:24.141+0000][9][gc,heap     ] GC(178) Eden regions: 75->0(75)
[2022-06-29T09:21:24.141+0000][9][gc,heap     ] GC(178) Survivor regions: 1->1(10)
[2022-06-29T09:21:24.142+0000][9][gc,heap     ] GC(178) Old regions: 22->22
[2022-06-29T09:21:24.142+0000][9][gc,heap     ] GC(178) Archive regions: 2->2
[2022-06-29T09:21:24.143+0000][9][gc,heap     ] GC(178) Humongous regions: 0->0
[2022-06-29T09:21:24.144+0000][9][gc,metaspace] GC(178) Metaspace: 130056K(133376K)->130056K(133376K) NonClass: 113059K(114752K)->113059K(114752K) Class: 16996K(18624K)->16996K(18624K)
[2022-06-29T09:21:24.144+0000][9][gc          ] GC(178) Pause Young (Normal) (G1 Evacuation Pause) 391M->91M(512M) 23.077ms
[2022-06-29T09:21:24.145+0000][9][gc,cpu      ] GC(178) User=0.01s Sys=0.00s Real=0.02s
[2022-06-29T09:21:24.146+0000][9][safepoint   ] Safepoint "G1CollectForAllocation", Time since last: 97966773115 ns, Reaching safepoint: 104788 ns, At safepoint: 24422393 ns, Total: 24527181 ns
[2022-06-29T10:47:24.487+0000][9][safepoint   ] Safepoint "Cleanup", Time since last: 5163985591829 ns, Reaching safepoint: 130097575 ns, At safepoint: 38467134 ns, Total: 168564709 ns
[2022-06-29T10:47:24.854+0000][9][gc,start    ] GC(179) Pause Young (Normal) (G1 Evacuation Pause)
[2022-06-29T10:47:24.856+0000][9][gc,task     ] GC(179) Using 4 workers of 4 for evacuation
[2022-06-29T10:47:24.860+0000][9][gc,age      ] GC(179) Desired survivor size 20971520 bytes, new threshold 15 (max threshold 15)
[2022-06-29T10:47:25.328+0000][9][gc,mmu      ] GC(179) MMU target violated: 201.0ms (200.0ms/201.0ms)
[2022-06-29T10:47:25.331+0000][9][gc,phases   ] GC(179)   Pre Evacuate Collection Set: 0.9ms
[2022-06-29T10:47:25.341+0000][9][gc,phases   ] GC(179)   Merge Heap Roots: 0.3ms
[2022-06-29T10:47:25.370+0000][9][gc,phases   ] GC(179)   Evacuate Collection Set: 389.0ms
[2022-06-29T10:47:25.382+0000][9][gc,phases   ] GC(179)   Post Evacuate Collection Set: 12.8ms
[2022-06-29T10:47:25.387+0000][9][gc,phases   ] GC(179)   Other: 71.9ms
[2022-06-29T10:47:25.389+0000][9][gc,age      ] GC(179) Age table with threshold 15 (max threshold 15)
[2022-06-29T10:47:25.392+0000][9][gc,age      ] GC(179) - age   1:    2628936 bytes,    2628936 total
[2022-06-29T10:47:25.395+0000][9][gc,age      ] GC(179) - age   2:     227416 bytes,    2856352 total
[2022-06-29T10:47:25.397+0000][9][gc,age      ] GC(179) - age   3:        272 bytes,    2856624 total
[2022-06-29T10:47:25.398+0000][9][gc,age      ] GC(179) - age   4:        184 bytes,    2856808 total
[2022-06-29T10:47:25.399+0000][9][gc,age      ] GC(179) - age   5:         64 bytes,    2856872 total
[2022-06-29T10:47:25.400+0000][9][gc,age      ] GC(179) - age   6:        184 bytes,    2857056 total
[2022-06-29T10:47:25.402+0000][9][gc,age      ] GC(179) - age   7:        568 bytes,    2857624 total
[2022-06-29T10:47:25.404+0000][9][gc,age      ] GC(179) - age   8:        192 bytes,    2857816 total
[2022-06-29T10:47:25.405+0000][9][gc,age      ] GC(179) - age   9:        280 bytes,    2858096 total
[2022-06-29T10:47:25.406+0000][9][gc,age      ] GC(179) - age  12:         32 bytes,    2858128 total
[2022-06-29T10:47:25.411+0000][9][gc,age      ] GC(179) - age  14:         88 bytes,    2858216 total
[2022-06-29T10:47:25.429+0000][9][gc,heap     ] GC(179) Eden regions: 75->0(75)
[2022-06-29T10:47:25.431+0000][9][gc,heap     ] GC(179) Survivor regions: 1->1(10)
[2022-06-29T10:47:25.434+0000][9][gc,heap     ] GC(179) Old regions: 22->22
[2022-06-29T10:47:25.436+0000][9][gc,heap     ] GC(179) Archive regions: 2->2
[2022-06-29T10:47:25.437+0000][9][gc,heap     ] GC(179) Humongous regions: 0->0
[2022-06-29T10:47:25.438+0000][9][gc,metaspace] GC(179) Metaspace: 130072K(133376K)->130072K(133376K) NonClass: 113075K(114752K)->113075K(114752K) Class: 16996K(18624K)->16996K(18624K)
[2022-06-29T10:47:25.439+0000][9][gc          ] GC(179) Pause Young (Normal) (G1 Evacuation Pause) 391M->92M(512M) 584.954ms
[2022-06-29T10:47:25.440+0000][9][gc,cpu      ] GC(179) User=1.18s Sys=0.26s Real=0.59s
[2022-06-29T10:47:25.495+0000][9][safepoint   ] Safepoint "G1CollectForAllocation", Time since last: 366143493 ns, Reaching safepoint: 972802 ns, At safepoint: 595083143 ns, Total: 596055945 ns
[2022-06-29T10:47:26.515+0000][9][safepoint   ] Safepoint "Cleanup", Time since last: 1065616456 ns, Reaching safepoint: 307660 ns, At safepoint: 6851 ns, Total: 314511 ns
[2022-06-29T10:47:27.945+0000][9][safepoint   ] Safepoint "Cleanup", Time since last: 1429479675 ns, Reaching safepoint: 1039007 ns, At safepoint: 17384 ns, Total: 1056391 ns
[2022-06-29T10:47:29.954+0000][9][safepoint   ] Safepoint "Cleanup", Time since last: 2008884077 ns, Reaching safepoint: 287038 ns, At safepoint: 15827 ns, Total: 302865 ns
[2022-06-29T10:47:36.963+0000][9][safepoint   ] Safepoint "Cleanup", Time since last: 7008601931 ns, Reaching safepoint: 269808 ns, At safepoint: 11165 ns, Total: 280973 ns
[2022-06-29T10:47:38.972+0000][9][safepoint   ] Safepoint "Cleanup", Time since last: 2007929064 ns, Reaching safepoint: 358983 ns, At safepoint: 38355 ns, Total: 397338 ns
[2022-06-29T10:47:39.975+0000][9][safepoint   ] Safepoint "Cleanup", Time since last: 1002839945 ns, Reaching safepoint: 400278 ns, At safepoint: 13654 ns, Total: 413932 ns
[2022-06-29T10:47:41.978+0000][9][safepoint   ] Safepoint "Cleanup", Time since last: 2002593076 ns, Reaching safepoint: 102784 ns, At safepoint: 4070 ns, Total: 106854 ns
[2022-06-29T10:47:42.980+0000][9][safepoint   ] Safepoint "Cleanup", Time since last: 1002353570 ns, Reaching safepoint: 156755 ns, At safepoint: 10312 ns, Total: 167067 ns
[2022-06-29T10:47:47.987+0000][9][safepoint   ] Safepoint "Cleanup", Time since last: 5006389832 ns, Reaching safepoint: 211470 ns, At safepoint: 14080 ns, Total: 225550 ns
[2022-06-29T10:47:50.989+0000][9][safepoint   ] Safepoint "Cleanup", Time since last: 3002373129 ns, Reaching safepoint: 154323 ns, At safepoint: 59940 ns, Total: 214263 ns
[2022-06-29T10:47:54.115+0000][9][safepoint   ] Safepoint "Cleanup", Time since last: 3007643349 ns, Reaching safepoint: 97196 ns, At safepoint: 3742 ns, Total: 100938 ns
[2022-06-29T10:47:55.117+0000][9][safepoint   ] Safepoint "Cleanup", Time since last: 1001638284 ns, Reaching safepoint: 335397 ns, At safepoint: 109164 ns, Total: 444561 ns
[2022-06-29T10:47:56.119+0000][9][safepoint   ] Safepoint "Cleanup", Time since last: 1001821257 ns, Reaching safepoint: 131476 ns, At safepoint: 5281 ns, Total: 136757 ns
[2022-06-29T10:48:00.123+0000][9][safepoint   ] Safepoint "Cleanup", Time since last: 4004098979 ns, Reaching safepoint: 137333 ns, At safepoint: 8217 ns, Total: 145550 ns
[2022-06-29T10:48:06.130+0000][9][safepoint   ] Safepoint "Cleanup", Time since last: 6006469384 ns, Reaching safepoint: 85766 ns, At safepoint: 4887 ns, Total: 90653 ns
[2022-06-29T10:48:13.133+0000][9][safepoint   ] Safepoint "Cleanup", Time since last: 7003440120 ns, Reaching safepoint: 104139 ns, At safepoint: 6260 ns, Total: 110399 ns
[2022-06-29T10:48:24.119+0000][9][safepoint   ] Safepoint "Cleanup", Time since last: 11007177979 ns, Reaching safepoint: 90732 ns, At safepoint: 4659 ns, Total: 95391 ns
[2022-06-29T10:48:27.125+0000][9][safepoint   ] Safepoint "Cleanup", Time since last: 3005737344 ns, Reaching safepoint: 289004 ns, At safepoint: 13377 ns, Total: 302381 ns
[2022-06-29T10:48:30.129+0000][9][safepoint   ] Safepoint "Cleanup", Time since last: 3003603716 ns, Reaching safepoint: 129156 ns, At safepoint: 6831 ns, Total: 135987 ns
[2022-06-29T10:48:37.133+0000][9][safepoint   ] Safepoint "Cleanup", Time since last: 7003893441 ns, Reaching safepoint: 99058 ns, At safepoint: 5011 ns, Total: 104069 ns
[2022-06-29T10:48:39.137+0000][9][safepoint   ] Safepoint "Cleanup", Time since last: 2004870774 ns, Reaching safepoint: 90227 ns, At safepoint: 4066 ns, Total: 94293 ns
[2022-06-29T10:48:42.140+0000][9][safepoint   ] Safepoint "Cleanup", Time since last: 3002314467 ns, Reaching safepoint: 91487 ns, At safepoint: 5358 ns, Total: 96845 ns
[2022-06-29T10:48:44.142+0000][9][safepoint   ] Safepoint "Cleanup", Time since last: 2002017349 ns, Reaching safepoint: 123511 ns, At safepoint: 4578 ns, Total: 128089 ns
[2022-06-29T10:48:45.145+0000][9][safepoint   ] Safepoint "Cleanup", Time since last: 1002814899 ns, Reaching safepoint: 131121 ns, At safepoint: 4363 ns, Total: 135484 ns
[2022-06-29T10:48:48.147+0000][9][safepoint   ] Safepoint "Cleanup", Time since last: 3001916559 ns, Reaching safepoint: 72779 ns, At safepoint: 3244 ns, Total: 76023 ns
[2022-06-29T10:48:48.547+0000][9][gc,start    ] GC(180) Pause Young (Normal) (G1 Evacuation Pause)
[2022-06-29T10:48:48.548+0000][9][gc,task     ] GC(180) Using 4 workers of 4 for evacuation
[2022-06-29T10:48:48.549+0000][9][gc,age      ] GC(180) Desired survivor size 20971520 bytes, new threshold 15 (max threshold 15)
[2022-06-29T10:48:48.580+0000][9][gc,phases   ] GC(180)   Pre Evacuate Collection Set: 0.1ms
[2022-06-29T10:48:48.581+0000][9][gc,phases   ] GC(180)   Merge Heap Roots: 0.1ms
[2022-06-29T10:48:48.582+0000][9][gc,phases   ] GC(180)   Evacuate Collection Set: 28.9ms
[2022-06-29T10:48:48.583+0000][9][gc,phases   ] GC(180)   Post Evacuate Collection Set: 1.1ms
[2022-06-29T10:48:48.586+0000][9][gc,phases   ] GC(180)   Other: 2.0ms
[2022-06-29T10:48:48.589+0000][9][gc,age      ] GC(180) Age table with threshold 15 (max threshold 15)
[2022-06-29T10:48:48.591+0000][9][gc,age      ] GC(180) - age   1:    2043680 bytes,    2043680 total
[2022-06-29T10:48:48.591+0000][9][gc,age      ] GC(180) - age   2:     369920 bytes,    2413600 total
[2022-06-29T10:48:48.592+0000][9][gc,age      ] GC(180) - age   3:      94424 bytes,    2508024 total
[2022-06-29T10:48:48.593+0000][9][gc,age      ] GC(180) - age   4:        208 bytes,    2508232 total
[2022-06-29T10:48:48.594+0000][9][gc,age      ] GC(180) - age   5:        184 bytes,    2508416 total
[2022-06-29T10:48:48.594+0000][9][gc,age      ] GC(180) - age   6:         64 bytes,    2508480 total
[2022-06-29T10:48:48.596+0000][9][gc,age      ] GC(180) - age   8:        568 bytes,    2509048 total
[2022-06-29T10:48:48.597+0000][9][gc,age      ] GC(180) - age   9:        192 bytes,    2509240 total
[2022-06-29T10:48:48.598+0000][9][gc,age      ] GC(180) - age  10:        280 bytes,    2509520 total
[2022-06-29T10:48:48.598+0000][9][gc,age      ] GC(180) - age  15:         88 bytes,    2509608 total
[2022-06-29T10:48:48.599+0000][9][gc,heap     ] GC(180) Eden regions: 75->0(75)
[2022-06-29T10:48:48.600+0000][9][gc,heap     ] GC(180) Survivor regions: 1->1(10)
[2022-06-29T10:48:48.600+0000][9][gc,heap     ] GC(180) Old regions: 22->22
[2022-06-29T10:48:48.601+0000][9][gc,heap     ] GC(180) Archive regions: 2->2
[2022-06-29T10:48:48.602+0000][9][gc,heap     ] GC(180) Humongous regions: 0->0
[2022-06-29T10:48:48.603+0000][9][gc,metaspace] GC(180) Metaspace: 130132K(133440K)->130132K(133440K) NonClass: 113123K(114816K)->113123K(114816K) Class: 17009K(18624K)->17009K(18624K)
[2022-06-29T10:48:48.603+0000][9][gc          ] GC(180) Pause Young (Normal) (G1 Evacuation Pause) 392M->92M(512M) 56.669ms
[2022-06-29T10:48:48.604+0000][9][gc,cpu      ] GC(180) User=0.07s Sys=0.00s Real=0.06s
[2022-06-29T10:48:48.605+0000][9][safepoint   ] Safepoint "G1CollectForAllocation", Time since last: 399493676 ns, Reaching safepoint: 107273 ns, At safepoint: 58536687 ns, Total: 58643960 ns
[2022-06-29T10:48:49.606+0000][9][safepoint   ] Safepoint "Cleanup", Time since last: 1000831670 ns, Reaching safepoint: 108166 ns, At safepoint: 5628 ns, Total: 113794 ns
[2022-06-29T10:48:51.608+0000][9][safepoint   ] Safepoint "Cleanup", Time since last: 2001790544 ns, Reaching safepoint: 178388 ns, At safepoint: 11578 ns, Total: 189966 ns
[2022-06-29T10:48:53.589+0000][9][safepoint   ] Safepoint "Cleanup", Time since last: 2002600465 ns, Reaching safepoint: 136495 ns, At safepoint: 7412 ns, Total: 143907 ns
[2022-06-29T10:48:54.590+0000][9][safepoint   ] Safepoint "Cleanup", Time since last: 1001478287 ns, Reaching safepoint: 105961 ns, At safepoint: 3720 ns, Total: 109681 ns
[2022-06-29T10:48:55.592+0000][9][safepoint   ] Safepoint "Cleanup", Time since last: 1001271745 ns, Reaching safepoint: 117212 ns, At safepoint: 7118 ns, Total: 124330 ns
[2022-06-29T10:48:57.593+0000][9][safepoint   ] Safepoint "Cleanup", Time since last: 2001392812 ns, Reaching safepoint: 162127 ns, At safepoint: 8783 ns, Total: 170910 ns
[2022-06-29T10:49:00.595+0000][9][safepoint   ] Safepoint "Cleanup", Time since last: 3001679364 ns, Reaching safepoint: 110692 ns, At safepoint: 5153 ns, Total: 115845 ns
[2022-06-29T10:49:06.598+0000][9][safepoint   ] Safepoint "Cleanup", Time since last: 6002546931 ns, Reaching safepoint: 145602 ns, At safepoint: 3533 ns, Total: 149135 ns
[2022-06-29T10:49:15.605+0000][9][safepoint   ] Safepoint "Cleanup", Time since last: 9006519861 ns, Reaching safepoint: 109303 ns, At safepoint: 4673 ns, Total: 113976 ns
[2022-06-29T10:49:23.691+0000][9][safepoint   ] Safepoint "Cleanup", Time since last: 8098513221 ns, Reaching safepoint: 14568922 ns, At safepoint: 151404 ns, Total: 14720326 ns
[2022-06-29T10:49:24.785+0000][9][safepoint   ] Safepoint "Cleanup", Time since last: 1094576992 ns, Reaching safepoint: 155599 ns, At safepoint: 3743 ns, Total: 159342 ns
[2022-06-29T10:49:28.873+0000][9][safepoint   ] Safepoint "Cleanup", Time since last: 4077664629 ns, Reaching safepoint: 9008302 ns, At safepoint: 85738 ns, Total: 9094040 ns
[2022-06-29T10:49:36.993+0000][9][safepoint   ] Safepoint "Cleanup", Time since last: 8119676043 ns, Reaching safepoint: 992945 ns, At safepoint: 13835 ns, Total: 1006780 ns
[2022-06-29T10:49:40.074+0000][9][safepoint   ] Safepoint "Cleanup", Time since last: 3077558970 ns, Reaching safepoint: 3434708 ns, At safepoint: 145932 ns, Total: 3580640 ns
[2022-06-29T10:49:43.117+0000][9][safepoint   ] Safepoint "Cleanup", Time since last: 3043034963 ns, Reaching safepoint: 242151 ns, At safepoint: 10859 ns, Total: 253010 ns
[2022-06-29T10:49:52.136+0000][9][safepoint   ] Safepoint "Cleanup", Time since last: 9017974999 ns, Reaching safepoint: 877598 ns, At safepoint: 72477 ns, Total: 950075 ns
[2022-06-29T10:50:21.267+0000][9][gc,start    ] GC(181) Pause Young (Normal) (G1 Evacuation Pause)
[2022-06-29T10:50:21.320+0000][9][gc,task     ] GC(181) Using 4 workers of 4 for evacuation
[2022-06-29T10:50:21.322+0000][9][gc,age      ] GC(181) Desired survivor size 20971520 bytes, new threshold 15 (max threshold 15)
[2022-06-29T10:50:21.393+0000][9][gc,phases   ] GC(181)   Pre Evacuate Collection Set: 1.1ms
[2022-06-29T10:50:21.394+0000][9][gc,phases   ] GC(181)   Merge Heap Roots: 1.1ms
[2022-06-29T10:50:21.396+0000][9][gc,phases   ] GC(181)   Evacuate Collection Set: 55.7ms
[2022-06-29T10:50:21.396+0000][9][gc,phases   ] GC(181)   Post Evacuate Collection Set: 10.8ms
[2022-06-29T10:50:21.398+0000][9][gc,phases   ] GC(181)   Other: 4.4ms
[2022-06-29T10:50:21.400+0000][9][gc,age      ] GC(181) Age table with threshold 15 (max threshold 15)
[2022-06-29T10:50:21.401+0000][9][gc,age      ] GC(181) - age   1:    2000088 bytes,    2000088 total
[2022-06-29T10:50:21.402+0000][9][gc,age      ] GC(181) - age   2:     428576 bytes,    2428664 total
[2022-06-29T10:50:21.403+0000][9][gc,age      ] GC(181) - age   3:     368168 bytes,    2796832 total
[2022-06-29T10:50:21.404+0000][9][gc,age      ] GC(181) - age   4:      94176 bytes,    2891008 total
[2022-06-29T10:50:21.406+0000][9][gc,age      ] GC(181) - age   5:        208 bytes,    2891216 total
[2022-06-29T10:50:21.409+0000][9][gc,age      ] GC(181) - age   6:        184 bytes,    2891400 total
[2022-06-29T10:50:21.410+0000][9][gc,age      ] GC(181) - age   7:         64 bytes,    2891464 total
[2022-06-29T10:50:21.411+0000][9][gc,age      ] GC(181) - age   9:        568 bytes,    2892032 total
[2022-06-29T10:50:21.412+0000][9][gc,age      ] GC(181) - age  10:        192 bytes,    2892224 total
[2022-06-29T10:50:21.413+0000][9][gc,age      ] GC(181) - age  11:        280 bytes,    2892504 total
[2022-06-29T10:50:21.415+0000][9][gc,heap     ] GC(181) Eden regions: 75->0(75)
[2022-06-29T10:50:21.416+0000][9][gc,heap     ] GC(181) Survivor regions: 1->1(10)
[2022-06-29T10:50:21.418+0000][9][gc,heap     ] GC(181) Old regions: 22->22
[2022-06-29T10:50:21.419+0000][9][gc,heap     ] GC(181) Archive regions: 2->2
[2022-06-29T10:50:21.420+0000][9][gc,heap     ] GC(181) Humongous regions: 0->0
[2022-06-29T10:50:21.423+0000][9][gc,metaspace] GC(181) Metaspace: 130133K(133440K)->130133K(133440K) NonClass: 113123K(114816K)->113123K(114816K) Class: 17009K(18624K)->17009K(18624K)
[2022-06-29T10:50:21.424+0000][9][gc          ] GC(181) Pause Young (Normal) (G1 Evacuation Pause) 392M->92M(512M) 157.924ms
[2022-06-29T10:50:21.426+0000][9][gc,cpu      ] GC(181) User=0.16s Sys=0.01s Real=0.16s
[2022-06-29T10:50:21.427+0000][9][safepoint   ] Safepoint "G1CollectForAllocation", Time since last: 29148459357 ns, Reaching safepoint: 1547456 ns, At safepoint: 160776762 ns, Total: 162324218 ns
[2022-06-29T10:50:22.433+0000][9][safepoint   ] Safepoint "Cleanup", Time since last: 1005153360 ns, Reaching safepoint: 778327 ns, At safepoint: 65902 ns, Total: 844229 ns
[2022-06-29T10:50:24.534+0000][9][safepoint   ] Safepoint "Cleanup", Time since last: 2105758493 ns, Reaching safepoint: 7368965 ns, At safepoint: 107049 ns, Total: 7476014 ns
[2022-06-29T10:50:27.566+0000][9][safepoint   ] Safepoint "Cleanup", Time since last: 3031777188 ns, Reaching safepoint: 548564 ns, At safepoint: 11417 ns, Total: 559981 ns
[2022-06-29T10:51:21.607+0000][9][safepoint   ] Safepoint "Cleanup", Time since last: 54067713272 ns, Reaching safepoint: 190104 ns, At safepoint: 14747 ns, Total: 204851 ns
[2022-06-29T10:51:36.584+0000][9][safepoint   ] Safepoint "Cleanup", Time since last: 15005096548 ns, Reaching safepoint: 145279 ns, At safepoint: 6815 ns, Total: 152094 ns
[2022-06-29T10:52:14.838+0000][9][gc,start    ] GC(182) Pause Young (Normal) (G1 Evacuation Pause)
[2022-06-29T10:52:14.841+0000][9][gc,task     ] GC(182) Using 4 workers of 4 for evacuation
[2022-06-29T10:52:14.842+0000][9][gc,age      ] GC(182) Desired survivor size 20971520 bytes, new threshold 15 (max threshold 15)
[2022-06-29T10:52:14.978+0000][9][gc,phases   ] GC(182)   Pre Evacuate Collection Set: 1.6ms
[2022-06-29T10:52:14.979+0000][9][gc,phases   ] GC(182)   Merge Heap Roots: 0.5ms
[2022-06-29T10:52:14.980+0000][9][gc,phases   ] GC(182)   Evacuate Collection Set: 114.1ms
[2022-06-29T10:52:14.982+0000][9][gc,phases   ] GC(182)   Post Evacuate Collection Set: 16.4ms
[2022-06-29T10:52:14.982+0000][9][gc,phases   ] GC(182)   Other: 3.9ms
[2022-06-29T10:52:14.983+0000][9][gc,age      ] GC(182) Age table with threshold 15 (max threshold 15)
[2022-06-29T10:52:14.984+0000][9][gc,age      ] GC(182) - age   1:     868528 bytes,     868528 total
[2022-06-29T10:52:14.985+0000][9][gc,age      ] GC(182) - age   2:      23304 bytes,     891832 total
[2022-06-29T10:52:14.986+0000][9][gc,age      ] GC(182) - age   3:     426560 bytes,    1318392 total
[2022-06-29T10:52:14.987+0000][9][gc,age      ] GC(182) - age   4:     367904 bytes,    1686296 total
[2022-06-29T10:52:14.988+0000][9][gc,age      ] GC(182) - age   5:      94176 bytes,    1780472 total
[2022-06-29T10:52:14.989+0000][9][gc,age      ] GC(182) - age   6:        208 bytes,    1780680 total
[2022-06-29T10:52:14.989+0000][9][gc,age      ] GC(182) - age   7:        184 bytes,    1780864 total
[2022-06-29T10:52:14.990+0000][9][gc,age      ] GC(182) - age   8:         64 bytes,    1780928 total
[2022-06-29T10:52:14.991+0000][9][gc,age      ] GC(182) - age  10:        568 bytes,    1781496 total
[2022-06-29T10:52:14.992+0000][9][gc,age      ] GC(182) - age  11:        192 bytes,    1781688 total
[2022-06-29T10:52:14.992+0000][9][gc,age      ] GC(182) - age  12:        280 bytes,    1781968 total
[2022-06-29T10:52:14.993+0000][9][gc,heap     ] GC(182) Eden regions: 75->0(75)
[2022-06-29T10:52:14.994+0000][9][gc,heap     ] GC(182) Survivor regions: 1->1(10)
[2022-06-29T10:52:14.995+0000][9][gc,heap     ] GC(182) Old regions: 22->22
[2022-06-29T10:52:14.996+0000][9][gc,heap     ] GC(182) Archive regions: 2->2
[2022-06-29T10:52:14.997+0000][9][gc,heap     ] GC(182) Humongous regions: 0->0
[2022-06-29T10:52:14.998+0000][9][gc,metaspace] GC(182) Metaspace: 130139K(133440K)->130139K(133440K) NonClass: 113129K(114816K)->113129K(114816K) Class: 17009K(18624K)->17009K(18624K)
[2022-06-29T10:52:14.999+0000][9][gc          ] GC(182) Pause Young (Normal) (G1 Evacuation Pause) 392M->91M(512M) 160.802ms
[2022-06-29T10:52:15.000+0000][9][gc,cpu      ] GC(182) User=0.33s Sys=0.00s Real=0.17s
[2022-06-29T10:52:15.001+0000][9][safepoint   ] Safepoint "G1CollectForAllocation", Time since last: 38267029343 ns, Reaching safepoint: 1373903 ns, At safepoint: 162716866 ns, Total: 164090769 ns
[2022-06-29T10:52:24.572+0000][9][safepoint   ] Safepoint "Cleanup", Time since last: 9607765675 ns, Reaching safepoint: 372153 ns, At safepoint: 16929 ns, Total: 389082 ns
[2022-06-29T10:52:26.576+0000][9][safepoint   ] Safepoint "Cleanup", Time since last: 2003933066 ns, Reaching safepoint: 638492 ns, At safepoint: 12724 ns, Total: 651216 ns
[2022-06-29T10:52:40.600+0000][9][safepoint   ] Safepoint "Cleanup", Time since last: 14023699988 ns, Reaching safepoint: 162936 ns, At safepoint: 30057 ns, Total: 192993 ns
[2022-06-29T10:53:24.590+0000][9][safepoint   ] Safepoint "Cleanup", Time since last: 44028032936 ns, Reaching safepoint: 1854649 ns, At safepoint: 53057 ns, Total: 1907706 ns
[2022-06-29T10:53:40.569+0000][9][gc,start    ] GC(183) Pause Young (Normal) (G1 Evacuation Pause)
[2022-06-29T10:53:40.586+0000][9][gc,task     ] GC(183) Using 4 workers of 4 for evacuation
[2022-06-29T10:53:40.590+0000][9][gc,age      ] GC(183) Desired survivor size 20971520 bytes, new threshold 15 (max threshold 15)
[2022-06-29T10:53:40.754+0000][9][gc,phases   ] GC(183)   Pre Evacuate Collection Set: 20.3ms
[2022-06-29T10:53:40.755+0000][9][gc,phases   ] GC(183)   Merge Heap Roots: 5.1ms
[2022-06-29T10:53:40.757+0000][9][gc,phases   ] GC(183)   Evacuate Collection Set: 84.6ms
[2022-06-29T10:53:40.764+0000][9][gc,phases   ] GC(183)   Post Evacuate Collection Set: 4.3ms
[2022-06-29T10:53:40.771+0000][9][gc,phases   ] GC(183)   Other: 55.0ms
[2022-06-29T10:53:40.772+0000][9][gc,age      ] GC(183) Age table with threshold 15 (max threshold 15)
[2022-06-29T10:53:40.773+0000][9][gc,age      ] GC(183) - age   1:    1074264 bytes,    1074264 total
[2022-06-29T10:53:40.788+0000][9][gc,age      ] GC(183) - age   2:       1456 bytes,    1075720 total
[2022-06-29T10:53:40.790+0000][9][gc,age      ] GC(183) - age   3:      22120 bytes,    1097840 total
[2022-06-29T10:53:40.795+0000][9][gc,age      ] GC(183) - age   4:     327544 bytes,    1425384 total
[2022-06-29T10:53:40.803+0000][9][gc,age      ] GC(183) - age   5:     359240 bytes,    1784624 total
[2022-06-29T10:53:40.804+0000][9][gc,age      ] GC(183) - age   6:      22400 bytes,    1807024 total
[2022-06-29T10:53:40.816+0000][9][gc,age      ] GC(183) - age   7:        208 bytes,    1807232 total
[2022-06-29T10:53:40.818+0000][9][gc,age      ] GC(183) - age   8:        184 bytes,    1807416 total
[2022-06-29T10:53:40.818+0000][9][gc,age      ] GC(183) - age   9:         64 bytes,    1807480 total
[2022-06-29T10:53:40.819+0000][9][gc,age      ] GC(183) - age  11:        568 bytes,    1808048 total
[2022-06-29T10:53:40.820+0000][9][gc,age      ] GC(183) - age  12:        192 bytes,    1808240 total
[2022-06-29T10:53:40.821+0000][9][gc,age      ] GC(183) - age  13:        280 bytes,    1808520 total
[2022-06-29T10:53:40.822+0000][9][gc,heap     ] GC(183) Eden regions: 75->0(75)
[2022-06-29T10:53:40.823+0000][9][gc,heap     ] GC(183) Survivor regions: 1->1(10)
[2022-06-29T10:53:40.824+0000][9][gc,heap     ] GC(183) Old regions: 22->22
[2022-06-29T10:53:40.837+0000][9][gc,heap     ] GC(183) Archive regions: 2->2
[2022-06-29T10:53:40.838+0000][9][gc,heap     ] GC(183) Humongous regions: 0->0
[2022-06-29T10:53:40.838+0000][9][gc,metaspace] GC(183) Metaspace: 130139K(133440K)->130139K(133440K) NonClass: 113130K(114816K)->113130K(114816K) Class: 17009K(18624K)->17009K(18624K)
[2022-06-29T10:53:40.840+0000][9][gc          ] GC(183) Pause Young (Normal) (G1 Evacuation Pause) 391M->91M(512M) 271.214ms
[2022-06-29T10:53:40.840+0000][9][gc,cpu      ] GC(183) User=0.27s Sys=0.03s Real=0.27s
[2022-06-29T10:53:40.845+0000][9][safepoint   ] Safepoint "G1CollectForAllocation", Time since last: 15975948207 ns, Reaching safepoint: 1021927 ns, At safepoint: 277859811 ns, Total: 278881738 ns
[2022-06-29T10:54:00.862+0000][9][safepoint   ] Safepoint "Cleanup", Time since last: 20026027790 ns, Reaching safepoint: 124373 ns, At safepoint: 9079 ns, Total: 133452 ns
[2022-06-29T10:54:27.881+0000][9][safepoint   ] Safepoint "Cleanup", Time since last: 27033664930 ns, Reaching safepoint: 1318050 ns, At safepoint: 58637 ns, Total: 1376687 ns
[2022-06-29T10:55:23.863+0000][9][safepoint   ] Safepoint "Cleanup", Time since last: 56031339363 ns, Reaching safepoint: 401256 ns, At safepoint: 24183 ns, Total: 425439 ns
[2022-06-29T10:55:33.543+0000][9][gc,start    ] GC(184) Pause Young (Normal) (G1 Evacuation Pause)
[2022-06-29T10:55:33.545+0000][9][gc,task     ] GC(184) Using 4 workers of 4 for evacuation
[2022-06-29T10:55:33.546+0000][9][gc,age      ] GC(184) Desired survivor size 20971520 bytes, new threshold 15 (max threshold 15)
[2022-06-29T10:55:33.558+0000][9][gc,phases   ] GC(184)   Pre Evacuate Collection Set: 0.5ms
[2022-06-29T10:55:33.559+0000][9][gc,phases   ] GC(184)   Merge Heap Roots: 0.2ms
[2022-06-29T10:55:33.560+0000][9][gc,phases   ] GC(184)   Evacuate Collection Set: 9.4ms
[2022-06-29T10:55:33.561+0000][9][gc,phases   ] GC(184)   Post Evacuate Collection Set: 1.0ms
[2022-06-29T10:55:33.561+0000][9][gc,phases   ] GC(184)   Other: 2.1ms
[2022-06-29T10:55:33.562+0000][9][gc,age      ] GC(184) Age table with threshold 15 (max threshold 15)
[2022-06-29T10:55:33.564+0000][9][gc,age      ] GC(184) - age   1:    1201160 bytes,    1201160 total
[2022-06-29T10:55:33.564+0000][9][gc,age      ] GC(184) - age   2:     129936 bytes,    1331096 total
[2022-06-29T10:55:33.565+0000][9][gc,age      ] GC(184) - age   3:        880 bytes,    1331976 total
[2022-06-29T10:55:33.566+0000][9][gc,age      ] GC(184) - age   4:      21896 bytes,    1353872 total
[2022-06-29T10:55:33.569+0000][9][gc,age      ] GC(184) - age   5:     327416 bytes,    1681288 total
[2022-06-29T10:55:33.570+0000][9][gc,age      ] GC(184) - age   6:     359240 bytes,    2040528 total
[2022-06-29T10:55:33.570+0000][9][gc,age      ] GC(184) - age   7:      22400 bytes,    2062928 total
[2022-06-29T10:55:33.571+0000][9][gc,age      ] GC(184) - age   8:        208 bytes,    2063136 total
[2022-06-29T10:55:33.572+0000][9][gc,age      ] GC(184) - age   9:        184 bytes,    2063320 total
[2022-06-29T10:55:33.573+0000][9][gc,age      ] GC(184) - age  10:         64 bytes,    2063384 total
[2022-06-29T10:55:33.574+0000][9][gc,age      ] GC(184) - age  12:        568 bytes,    2063952 total
[2022-06-29T10:55:33.575+0000][9][gc,age      ] GC(184) - age  13:        192 bytes,    2064144 total
[2022-06-29T10:55:33.575+0000][9][gc,age      ] GC(184) - age  14:        280 bytes,    2064424 total
[2022-06-29T10:55:33.576+0000][9][gc,heap     ] GC(184) Eden regions: 75->0(75)
[2022-06-29T10:55:33.577+0000][9][gc,heap     ] GC(184) Survivor regions: 1->1(10)
[2022-06-29T10:55:33.578+0000][9][gc,heap     ] GC(184) Old regions: 22->22
[2022-06-29T10:55:33.579+0000][9][gc,heap     ] GC(184) Archive regions: 2->2
[2022-06-29T10:55:33.580+0000][9][gc,heap     ] GC(184) Humongous regions: 0->0
[2022-06-29T10:55:33.580+0000][9][gc,metaspace] GC(184) Metaspace: 130144K(133440K)->130144K(133440K) NonClass: 113134K(114816K)->113134K(114816K) Class: 17009K(18624K)->17009K(18624K)
[2022-06-29T10:55:33.581+0000][9][gc          ] GC(184) Pause Young (Normal) (G1 Evacuation Pause) 391M->92M(512M) 37.886ms
[2022-06-29T10:55:33.582+0000][9][gc,cpu      ] GC(184) User=0.03s Sys=0.00s Real=0.04s
[2022-06-29T10:55:33.583+0000][9][safepoint   ] Safepoint "G1CollectForAllocation", Time since last: 9679997641 ns, Reaching safepoint: 174678 ns, At safepoint: 39721337 ns, Total: 39896015 ns
[2022-06-29T10:55:40.595+0000][9][safepoint   ] Safepoint "Cleanup", Time since last: 7006480755 ns, Reaching safepoint: 5702114 ns, At safepoint: 47204 ns, Total: 5749318 ns
[2022-06-29T10:57:15.917+0000][9][gc,start    ] GC(185) Pause Young (Normal) (G1 Evacuation Pause)
[2022-06-29T10:57:15.921+0000][9][gc,task     ] GC(185) Using 4 workers of 4 for evacuation
[2022-06-29T10:57:15.922+0000][9][gc,age      ] GC(185) Desired survivor size 20971520 bytes, new threshold 15 (max threshold 15)
[2022-06-29T10:57:15.952+0000][9][gc,phases   ] GC(185)   Pre Evacuate Collection Set: 1.3ms
[2022-06-29T10:57:15.953+0000][9][gc,phases   ] GC(185)   Merge Heap Roots: 1.3ms
[2022-06-29T10:57:15.954+0000][9][gc,phases   ] GC(185)   Evacuate Collection Set: 18.8ms
[2022-06-29T10:57:15.955+0000][9][gc,phases   ] GC(185)   Post Evacuate Collection Set: 7.0ms
[2022-06-29T10:57:15.956+0000][9][gc,phases   ] GC(185)   Other: 3.4ms
[2022-06-29T10:57:15.957+0000][9][gc,age      ] GC(185) Age table with threshold 15 (max threshold 15)
[2022-06-29T10:57:15.958+0000][9][gc,age      ] GC(185) - age   1:    1534208 bytes,    1534208 total
[2022-06-29T10:57:15.958+0000][9][gc,age      ] GC(185) - age   2:      26104 bytes,    1560312 total
[2022-06-29T10:57:15.959+0000][9][gc,age      ] GC(185) - age   3:     128728 bytes,    1689040 total
[2022-06-29T10:57:15.960+0000][9][gc,age      ] GC(185) - age   4:        584 bytes,    1689624 total
[2022-06-29T10:57:15.960+0000][9][gc,age      ] GC(185) - age   5:      21832 bytes,    1711456 total
[2022-06-29T10:57:15.961+0000][9][gc,age      ] GC(185) - age   6:     327368 bytes,    2038824 total
[2022-06-29T10:57:15.962+0000][9][gc,age      ] GC(185) - age   7:     358912 bytes,    2397736 total
[2022-06-29T10:57:15.962+0000][9][gc,age      ] GC(185) - age   8:      22400 bytes,    2420136 total
[2022-06-29T10:57:15.963+0000][9][gc,age      ] GC(185) - age   9:        208 bytes,    2420344 total
[2022-06-29T10:57:15.963+0000][9][gc,age      ] GC(185) - age  10:        184 bytes,    2420528 total
[2022-06-29T10:57:15.964+0000][9][gc,age      ] GC(185) - age  11:         64 bytes,    2420592 total
[2022-06-29T10:57:15.966+0000][9][gc,age      ] GC(185) - age  13:        184 bytes,    2420776 total
[2022-06-29T10:57:15.966+0000][9][gc,age      ] GC(185) - age  14:        192 bytes,    2420968 total
[2022-06-29T10:57:15.967+0000][9][gc,age      ] GC(185) - age  15:        280 bytes,    2421248 total
[2022-06-29T10:57:15.968+0000][9][gc,heap     ] GC(185) Eden regions: 75->0(75)
[2022-06-29T10:57:15.968+0000][9][gc,heap     ] GC(185) Survivor regions: 1->1(10)
[2022-06-29T10:57:15.969+0000][9][gc,heap     ] GC(185) Old regions: 22->22
[2022-06-29T10:57:15.969+0000][9][gc,heap     ] GC(185) Archive regions: 2->2
[2022-06-29T10:57:15.970+0000][9][gc,heap     ] GC(185) Humongous regions: 0->0
[2022-06-29T10:57:15.971+0000][9][gc,metaspace] GC(185) Metaspace: 130145K(133440K)->130145K(133440K) NonClass: 113135K(114816K)->113135K(114816K) Class: 17009K(18624K)->17009K(18624K)
[2022-06-29T10:57:15.972+0000][9][gc          ] GC(185) Pause Young (Normal) (G1 Evacuation Pause) 392M->92M(512M) 54.416ms
[2022-06-29T10:57:15.973+0000][9][gc,cpu      ] GC(185) User=0.09s Sys=0.01s Real=0.05s
[2022-06-29T10:57:15.973+0000][9][safepoint   ] Safepoint "G1CollectForAllocation", Time since last: 95384596822 ns, Reaching safepoint: 172921 ns, At safepoint: 56707396 ns, Total: 56880317 ns
[2022-06-29T10:57:23.953+0000][9][safepoint   ] Safepoint "Cleanup", Time since last: 8005283262 ns, Reaching safepoint: 325305 ns, At safepoint: 10296 ns, Total: 335601 ns
[2022-06-29T10:57:31.962+0000][9][safepoint   ] Safepoint "Cleanup", Time since last: 8008366933 ns, Reaching safepoint: 230855 ns, At safepoint: 8437 ns, Total: 239292 ns
[2022-06-29T10:58:22.983+0000][9][safepoint   ] Safepoint "Cleanup", Time since last: 51039948288 ns, Reaching safepoint: 314787 ns, At safepoint: 15615 ns, Total: 330402 ns
[2022-06-29T10:58:23.962+0000][9][safepoint   ] Safepoint "Cleanup", Time since last: 1002489983 ns, Reaching safepoint: 211148 ns, At safepoint: 16214 ns, Total: 227362 ns
[2022-06-29T10:58:27.979+0000][9][safepoint   ] Safepoint "Cleanup", Time since last: 4016876744 ns, Reaching safepoint: 210121 ns, At safepoint: 22729 ns, Total: 232850 ns
[2022-06-29T10:58:43.377+0000][9][gc,start    ] GC(186) Pause Young (Normal) (G1 Evacuation Pause)
[2022-06-29T10:58:43.378+0000][9][gc,task     ] GC(186) Using 4 workers of 4 for evacuation
[2022-06-29T10:58:43.380+0000][9][gc,age      ] GC(186) Desired survivor size 20971520 bytes, new threshold 15 (max threshold 15)
[2022-06-29T10:58:43.398+0000][9][gc,phases   ] GC(186)   Pre Evacuate Collection Set: 0.2ms
[2022-06-29T10:58:43.399+0000][9][gc,phases   ] GC(186)   Merge Heap Roots: 0.2ms
[2022-06-29T10:58:43.400+0000][9][gc,phases   ] GC(186)   Evacuate Collection Set: 15.6ms
[2022-06-29T10:58:43.401+0000][9][gc,phases   ] GC(186)   Post Evacuate Collection Set: 1.3ms
[2022-06-29T10:58:43.402+0000][9][gc,phases   ] GC(186)   Other: 2.7ms
[2022-06-29T10:58:43.403+0000][9][gc,age      ] GC(186) Age table with threshold 15 (max threshold 15)
[2022-06-29T10:58:43.403+0000][9][gc,age      ] GC(186) - age   1:    1807848 bytes,    1807848 total
[2022-06-29T10:58:43.404+0000][9][gc,age      ] GC(186) - age   2:       2232 bytes,    1810080 total
[2022-06-29T10:58:43.405+0000][9][gc,age      ] GC(186) - age   3:      24672 bytes,    1834752 total
[2022-06-29T10:58:43.406+0000][9][gc,age      ] GC(186) - age   4:     128632 bytes,    1963384 total
[2022-06-29T10:58:43.407+0000][9][gc,age      ] GC(186) - age   5:        584 bytes,    1963968 total
[2022-06-29T10:58:43.407+0000][9][gc,age      ] GC(186) - age   6:      21832 bytes,    1985800 total
[2022-06-29T10:58:43.408+0000][9][gc,age      ] GC(186) - age   7:     327368 bytes,    2313168 total
[2022-06-29T10:58:43.409+0000][9][gc,age      ] GC(186) - age   8:     357192 bytes,    2670360 total
[2022-06-29T10:58:43.410+0000][9][gc,age      ] GC(186) - age   9:      22400 bytes,    2692760 total
[2022-06-29T10:58:43.410+0000][9][gc,age      ] GC(186) - age  10:        208 bytes,    2692968 total
[2022-06-29T10:58:43.413+0000][9][gc,age      ] GC(186) - age  11:        184 bytes,    2693152 total
[2022-06-29T10:58:43.414+0000][9][gc,age      ] GC(186) - age  12:         64 bytes,    2693216 total
[2022-06-29T10:58:43.415+0000][9][gc,age      ] GC(186) - age  14:        184 bytes,    2693400 total
[2022-06-29T10:58:43.423+0000][9][gc,age      ] GC(186) - age  15:        192 bytes,    2693592 total
[2022-06-29T10:58:43.424+0000][9][gc,heap     ] GC(186) Eden regions: 75->0(75)
[2022-06-29T10:58:43.426+0000][9][gc,heap     ] GC(186) Survivor regions: 1->1(10)
[2022-06-29T10:58:43.427+0000][9][gc,heap     ] GC(186) Old regions: 22->22
[2022-06-29T10:58:43.428+0000][9][gc,heap     ] GC(186) Archive regions: 2->2
[2022-06-29T10:58:43.429+0000][9][gc,heap     ] GC(186) Humongous regions: 0->0
[2022-06-29T10:58:43.430+0000][9][gc,metaspace] GC(186) Metaspace: 130167K(133504K)->130167K(133504K) NonClass: 113157K(114880K)->113157K(114880K) Class: 17009K(18624K)->17009K(18624K)
[2022-06-29T10:58:43.431+0000][9][gc          ] GC(186) Pause Young (Normal) (G1 Evacuation Pause) 392M->92M(512M) 53.891ms
[2022-06-29T10:58:43.431+0000][9][gc,cpu      ] GC(186) User=0.05s Sys=0.00s Real=0.05s
[2022-06-29T10:58:43.432+0000][9][safepoint   ] Safepoint "G1CollectForAllocation", Time since last: 15397025060 ns, Reaching safepoint: 177243 ns, At safepoint: 55700035 ns, Total: 55877278 ns
[2022-06-29T10:58:55.423+0000][9][safepoint   ] Safepoint "Cleanup", Time since last: 12010727006 ns, Reaching safepoint: 177174 ns, At safepoint: 9407 ns, Total: 186581 ns
[2022-06-29T10:58:58.429+0000][9][safepoint   ] Safepoint "Cleanup", Time since last: 3005412343 ns, Reaching safepoint: 482275 ns, At safepoint: 44933 ns, Total: 527208 ns
[2022-06-29T10:59:04.434+0000][9][safepoint   ] Safepoint "Cleanup", Time since last: 6004583063 ns, Reaching safepoint: 168635 ns, At safepoint: 9157 ns, Total: 177792 ns
[2022-06-29T10:59:23.447+0000][9][safepoint   ] Safepoint "Cleanup", Time since last: 19012273441 ns, Reaching safepoint: 165487 ns, At safepoint: 8114 ns, Total: 173601 ns
[2022-06-29T10:59:52.449+0000][9][safepoint   ] Safepoint "Cleanup", Time since last: 29020922398 ns, Reaching safepoint: 114684 ns, At safepoint: 54357 ns, Total: 169041 ns
[2022-06-29T10:59:58.433+0000][9][safepoint   ] Safepoint "Cleanup", Time since last: 6008623476 ns, Reaching safepoint: 149127 ns, At safepoint: 12304 ns, Total: 161431 ns
[2022-06-29T11:00:12.428+0000][9][gc,start    ] GC(187) Pause Young (Normal) (G1 Evacuation Pause)
[2022-06-29T11:00:12.430+0000][9][gc,task     ] GC(187) Using 4 workers of 4 for evacuation
[2022-06-29T11:00:12.431+0000][9][gc,age      ] GC(187) Desired survivor size 20971520 bytes, new threshold 15 (max threshold 15)
[2022-06-29T11:00:12.437+0000][9][gc,phases   ] GC(187)   Pre Evacuate Collection Set: 0.1ms
[2022-06-29T11:00:12.438+0000][9][gc,phases   ] GC(187)   Merge Heap Roots: 0.8ms
[2022-06-29T11:00:12.440+0000][9][gc,phases   ] GC(187)   Evacuate Collection Set: 3.1ms
[2022-06-29T11:00:12.441+0000][9][gc,phases   ] GC(187)   Post Evacuate Collection Set: 1.3ms
[2022-06-29T11:00:12.442+0000][9][gc,phases   ] GC(187)   Other: 1.5ms
[2022-06-29T11:00:12.443+0000][9][gc,age      ] GC(187) Age table with threshold 15 (max threshold 15)
[2022-06-29T11:00:12.444+0000][9][gc,age      ] GC(187) - age   1:     340584 bytes,     340584 total
[2022-06-29T11:00:12.446+0000][9][gc,age      ] GC(187) - age   2:       4096 bytes,     344680 total
[2022-06-29T11:00:12.447+0000][9][gc,age      ] GC(187) - age   3:        656 bytes,     345336 total
[2022-06-29T11:00:12.448+0000][9][gc,age      ] GC(187) - age   4:      24608 bytes,     369944 total
[2022-06-29T11:00:12.448+0000][9][gc,age      ] GC(187) - age   5:     128632 bytes,     498576 total
[2022-06-29T11:00:12.449+0000][9][gc,age      ] GC(187) - age   6:        584 bytes,     499160 total
[2022-06-29T11:00:12.449+0000][9][gc,age      ] GC(187) - age   7:      21496 bytes,     520656 total
[2022-06-29T11:00:12.450+0000][9][gc,age      ] GC(187) - age   8:     327368 bytes,     848024 total
[2022-06-29T11:00:12.451+0000][9][gc,age      ] GC(187) - age   9:     357160 bytes,    1205184 total
[2022-06-29T11:00:12.452+0000][9][gc,age      ] GC(187) - age  10:      22400 bytes,    1227584 total
[2022-06-29T11:00:12.453+0000][9][gc,age      ] GC(187) - age  11:        208 bytes,    1227792 total
[2022-06-29T11:00:12.453+0000][9][gc,age      ] GC(187) - age  12:        184 bytes,    1227976 total
[2022-06-29T11:00:12.454+0000][9][gc,age      ] GC(187) - age  13:         64 bytes,    1228040 total
[2022-06-29T11:00:12.454+0000][9][gc,age      ] GC(187) - age  15:        184 bytes,    1228224 total
[2022-06-29T11:00:12.455+0000][9][gc,heap     ] GC(187) Eden regions: 75->0(75)
[2022-06-29T11:00:12.456+0000][9][gc,heap     ] GC(187) Survivor regions: 1->1(10)
[2022-06-29T11:00:12.456+0000][9][gc,heap     ] GC(187) Old regions: 22->22
[2022-06-29T11:00:12.457+0000][9][gc,heap     ] GC(187) Archive regions: 2->2
[2022-06-29T11:00:12.458+0000][9][gc,heap     ] GC(187) Humongous regions: 0->0
[2022-06-29T11:00:12.458+0000][9][gc,metaspace] GC(187) Metaspace: 130175K(133504K)->130175K(133504K) NonClass: 113165K(114880K)->113165K(114880K) Class: 17009K(18624K)->17009K(18624K)
[2022-06-29T11:00:12.459+0000][9][gc          ] GC(187) Pause Young (Normal) (G1 Evacuation Pause) 392M->91M(512M) 31.193ms
[2022-06-29T11:00:12.460+0000][9][gc,cpu      ] GC(187) User=0.00s Sys=0.01s Real=0.03s
[2022-06-29T11:00:12.460+0000][9][safepoint   ] Safepoint "G1CollectForAllocation", Time since last: 13994367273 ns, Reaching safepoint: 98297 ns, At safepoint: 32667360 ns, Total: 32765657 ns
[2022-06-29T11:00:39.583+0000][9][safepoint   ] Safepoint "Cleanup", Time since last: 27144148726 ns, Reaching safepoint: 115908 ns, At safepoint: 4697 ns, Total: 120605 ns
[2022-06-29T11:02:03.516+0000][9][gc,start    ] GC(188) Pause Young (Normal) (G1 Evacuation Pause)
[2022-06-29T11:02:03.519+0000][9][gc,task     ] GC(188) Using 4 workers of 4 for evacuation
[2022-06-29T11:02:03.520+0000][9][gc,age      ] GC(188) Desired survivor size 20971520 bytes, new threshold 15 (max threshold 15)
[2022-06-29T11:02:03.528+0000][9][gc,phases   ] GC(188)   Pre Evacuate Collection Set: 0.3ms
[2022-06-29T11:02:03.529+0000][9][gc,phases   ] GC(188)   Merge Heap Roots: 0.1ms
[2022-06-29T11:02:03.530+0000][9][gc,phases   ] GC(188)   Evacuate Collection Set: 5.8ms
[2022-06-29T11:02:03.531+0000][9][gc,phases   ] GC(188)   Post Evacuate Collection Set: 1.3ms
[2022-06-29T11:02:03.531+0000][9][gc,phases   ] GC(188)   Other: 2.2ms
[2022-06-29T11:02:03.532+0000][9][gc,age      ] GC(188) Age table with threshold 15 (max threshold 15)
[2022-06-29T11:02:03.532+0000][9][gc,age      ] GC(188) - age   1:     942968 bytes,     942968 total
[2022-06-29T11:02:03.533+0000][9][gc,age      ] GC(188) - age   2:       1104 bytes,     944072 total
[2022-06-29T11:02:03.534+0000][9][gc,age      ] GC(188) - age   3:       1856 bytes,     945928 total
[2022-06-29T11:02:03.534+0000][9][gc,age      ] GC(188) - age   4:        440 bytes,     946368 total
[2022-06-29T11:02:03.535+0000][9][gc,age      ] GC(188) - age   5:      24608 bytes,     970976 total
[2022-06-29T11:02:03.536+0000][9][gc,age      ] GC(188) - age   6:     128632 bytes,    1099608 total
[2022-06-29T11:02:03.536+0000][9][gc,age      ] GC(188) - age   7:        584 bytes,    1100192 total
[2022-06-29T11:02:03.537+0000][9][gc,age      ] GC(188) - age   8:      21496 bytes,    1121688 total
[2022-06-29T11:02:03.537+0000][9][gc,age      ] GC(188) - age   9:     327368 bytes,    1449056 total
[2022-06-29T11:02:03.538+0000][9][gc,age      ] GC(188) - age  10:     357160 bytes,    1806216 total
[2022-06-29T11:02:03.539+0000][9][gc,age      ] GC(188) - age  11:      22400 bytes,    1828616 total
[2022-06-29T11:02:03.539+0000][9][gc,age      ] GC(188) - age  12:        208 bytes,    1828824 total
[2022-06-29T11:02:03.540+0000][9][gc,age      ] GC(188) - age  13:        184 bytes,    1829008 total
[2022-06-29T11:02:03.541+0000][9][gc,age      ] GC(188) - age  14:         64 bytes,    1829072 total
[2022-06-29T11:02:03.541+0000][9][gc,heap     ] GC(188) Eden regions: 75->0(75)
[2022-06-29T11:02:03.542+0000][9][gc,heap     ] GC(188) Survivor regions: 1->1(10)
[2022-06-29T11:02:03.543+0000][9][gc,heap     ] GC(188) Old regions: 22->22
[2022-06-29T11:02:03.544+0000][9][gc,heap     ] GC(188) Archive regions: 2->2
[2022-06-29T11:02:03.544+0000][9][gc,heap     ] GC(188) Humongous regions: 0->0
[2022-06-29T11:02:03.545+0000][9][gc,metaspace] GC(188) Metaspace: 130176K(133504K)->130176K(133504K) NonClass: 113166K(114880K)->113166K(114880K) Class: 17009K(18624K)->17009K(18624K)
[2022-06-29T11:02:03.546+0000][9][gc          ] GC(188) Pause Young (Normal) (G1 Evacuation Pause) 391M->91M(512M) 29.555ms
[2022-06-29T11:02:03.546+0000][9][gc,cpu      ] GC(188) User=0.02s Sys=0.01s Real=0.03s
[2022-06-29T11:02:03.547+0000][9][safepoint   ] Safepoint "G1CollectForAllocation", Time since last: 83996381772 ns, Reaching safepoint: 146654 ns, At safepoint: 31080242 ns, Total: 31226896 ns
[2022-06-29T11:02:21.565+0000][9][safepoint   ] Safepoint "Cleanup", Time since last: 18017937217 ns, Reaching safepoint: 142565 ns, At safepoint: 9270 ns, Total: 151835 ns
[2022-06-29T11:03:25.546+0000][9][safepoint   ] Safepoint "Cleanup", Time since last: 64044958244 ns, Reaching safepoint: 805156 ns, At safepoint: 65424 ns, Total: 870580 ns
[2022-06-29T11:03:54.597+0000][9][gc,start    ] GC(189) Pause Young (Normal) (G1 Evacuation Pause)
[2022-06-29T11:03:54.598+0000][9][gc,task     ] GC(189) Using 4 workers of 4 for evacuation
[2022-06-29T11:03:54.599+0000][9][gc,age      ] GC(189) Desired survivor size 20971520 bytes, new threshold 15 (max threshold 15)
[2022-06-29T11:03:54.612+0000][9][gc,phases   ] GC(189)   Pre Evacuate Collection Set: 0.2ms
[2022-06-29T11:03:54.613+0000][9][gc,phases   ] GC(189)   Merge Heap Roots: 0.1ms
[2022-06-29T11:03:54.613+0000][9][gc,phases   ] GC(189)   Evacuate Collection Set: 10.0ms
[2022-06-29T11:03:54.615+0000][9][gc,phases   ] GC(189)   Post Evacuate Collection Set: 1.1ms
[2022-06-29T11:03:54.615+0000][9][gc,phases   ] GC(189)   Other: 2.0ms
[2022-06-29T11:03:54.616+0000][9][gc,age      ] GC(189) Age table with threshold 15 (max threshold 15)
[2022-06-29T11:03:54.617+0000][9][gc,age      ] GC(189) - age   1:    1105288 bytes,    1105288 total
[2022-06-29T11:03:54.617+0000][9][gc,age      ] GC(189) - age   2:       1720 bytes,    1107008 total
[2022-06-29T11:03:54.618+0000][9][gc,age      ] GC(189) - age   3:        888 bytes,    1107896 total
[2022-06-29T11:03:54.619+0000][9][gc,age      ] GC(189) - age   4:       1760 bytes,    1109656 total
[2022-06-29T11:03:54.619+0000][9][gc,age      ] GC(189) - age   5:        440 bytes,    1110096 total
[2022-06-29T11:03:54.620+0000][9][gc,age      ] GC(189) - age   6:      16176 bytes,    1126272 total
[2022-06-29T11:03:54.620+0000][9][gc,age      ] GC(189) - age   7:     126912 bytes,    1253184 total
[2022-06-29T11:03:54.621+0000][9][gc,age      ] GC(189) - age   8:        584 bytes,    1253768 total
[2022-06-29T11:03:54.622+0000][9][gc,age      ] GC(189) - age   9:      21496 bytes,    1275264 total
[2022-06-29T11:03:54.622+0000][9][gc,age      ] GC(189) - age  10:     327368 bytes,    1602632 total
[2022-06-29T11:03:54.623+0000][9][gc,age      ] GC(189) - age  11:     356768 bytes,    1959400 total
[2022-06-29T11:03:54.624+0000][9][gc,age      ] GC(189) - age  12:      22400 bytes,    1981800 total
[2022-06-29T11:03:54.624+0000][9][gc,age      ] GC(189) - age  13:        208 bytes,    1982008 total
[2022-06-29T11:03:54.625+0000][9][gc,age      ] GC(189) - age  14:        184 bytes,    1982192 total
[2022-06-29T11:03:54.626+0000][9][gc,age      ] GC(189) - age  15:         64 bytes,    1982256 total
[2022-06-29T11:03:54.626+0000][9][gc,heap     ] GC(189) Eden regions: 75->0(75)
[2022-06-29T11:03:54.627+0000][9][gc,heap     ] GC(189) Survivor regions: 1->1(10)
[2022-06-29T11:03:54.628+0000][9][gc,heap     ] GC(189) Old regions: 22->22
[2022-06-29T11:03:54.629+0000][9][gc,heap     ] GC(189) Archive regions: 2->2
[2022-06-29T11:03:54.629+0000][9][gc,heap     ] GC(189) Humongous regions: 0->0
[2022-06-29T11:03:54.631+0000][9][gc,metaspace] GC(189) Metaspace: 130179K(133504K)->130179K(133504K) NonClass: 113169K(114880K)->113169K(114880K) Class: 17009K(18624K)->17009K(18624K)
[2022-06-29T11:03:54.631+0000][9][gc          ] GC(189) Pause Young (Normal) (G1 Evacuation Pause) 391M->92M(512M) 34.364ms
[2022-06-29T11:03:54.632+0000][9][gc,cpu      ] GC(189) User=0.03s Sys=0.00s Real=0.04s
[2022-06-29T11:03:54.632+0000][9][safepoint   ] Safepoint "G1CollectForAllocation", Time since last: 29071669387 ns, Reaching safepoint: 84043 ns, At safepoint: 35648024 ns, Total: 35732067 ns
[2022-06-29T11:04:23.632+0000][9][safepoint   ] Safepoint "Cleanup", Time since last: 29024184864 ns, Reaching safepoint: 300587 ns, At safepoint: 15611 ns, Total: 316198 ns
[2022-06-29T11:04:39.647+0000][9][safepoint   ] Safepoint "Cleanup", Time since last: 16014553072 ns, Reaching safepoint: 346263 ns, At safepoint: 11927 ns, Total: 358190 ns
[2022-06-29T11:05:12.665+0000][9][safepoint   ] Safepoint "Cleanup", Time since last: 33036499207 ns, Reaching safepoint: 189181 ns, At safepoint: 66563 ns, Total: 255744 ns
[2022-06-29T11:05:23.651+0000][9][safepoint   ] Safepoint "Cleanup", Time since last: 11007823638 ns, Reaching safepoint: 174829 ns, At safepoint: 11220 ns, Total: 186049 ns
[2022-06-29T11:05:39.352+0000][9][gc,start    ] GC(190) Pause Young (Normal) (G1 Evacuation Pause)
[2022-06-29T11:05:39.353+0000][9][gc,task     ] GC(190) Using 4 workers of 4 for evacuation
[2022-06-29T11:05:39.354+0000][9][gc,age      ] GC(190) Desired survivor size 20971520 bytes, new threshold 15 (max threshold 15)
[2022-06-29T11:05:39.360+0000][9][gc,phases   ] GC(190)   Pre Evacuate Collection Set: 0.3ms
[2022-06-29T11:05:39.361+0000][9][gc,phases   ] GC(190)   Merge Heap Roots: 0.2ms
[2022-06-29T11:05:39.361+0000][9][gc,phases   ] GC(190)   Evacuate Collection Set: 3.5ms
[2022-06-29T11:05:39.362+0000][9][gc,phases   ] GC(190)   Post Evacuate Collection Set: 0.8ms
[2022-06-29T11:05:39.362+0000][9][gc,phases   ] GC(190)   Other: 1.5ms
[2022-06-29T11:05:39.363+0000][9][gc,age      ] GC(190) Age table with threshold 15 (max threshold 15)
[2022-06-29T11:05:39.364+0000][9][gc,age      ] GC(190) - age   1:     455920 bytes,     455920 total
[2022-06-29T11:05:39.364+0000][9][gc,age      ] GC(190) - age   2:      10368 bytes,     466288 total
[2022-06-29T11:05:39.365+0000][9][gc,age      ] GC(190) - age   3:        800 bytes,     467088 total
[2022-06-29T11:05:39.366+0000][9][gc,age      ] GC(190) - age   4:        888 bytes,     467976 total
[2022-06-29T11:05:39.366+0000][9][gc,age      ] GC(190) - age   5:       1760 bytes,     469736 total
[2022-06-29T11:05:39.367+0000][9][gc,age      ] GC(190) - age   6:        440 bytes,     470176 total
[2022-06-29T11:05:39.367+0000][9][gc,age      ] GC(190) - age   7:      15800 bytes,     485976 total
[2022-06-29T11:05:39.368+0000][9][gc,age      ] GC(190) - age   8:     126912 bytes,     612888 total
[2022-06-29T11:05:39.369+0000][9][gc,age      ] GC(190) - age   9:        400 bytes,     613288 total
[2022-06-29T11:05:39.370+0000][9][gc,age      ] GC(190) - age  10:      21496 bytes,     634784 total
[2022-06-29T11:05:39.370+0000][9][gc,age      ] GC(190) - age  11:     327368 bytes,     962152 total
[2022-06-29T11:05:39.371+0000][9][gc,age      ] GC(190) - age  12:     356768 bytes,    1318920 total
[2022-06-29T11:05:39.371+0000][9][gc,age      ] GC(190) - age  13:      22400 bytes,    1341320 total
[2022-06-29T11:05:39.372+0000][9][gc,age      ] GC(190) - age  14:        208 bytes,    1341528 total
[2022-06-29T11:05:39.372+0000][9][gc,age      ] GC(190) - age  15:        184 bytes,    1341712 total
[2022-06-29T11:05:39.373+0000][9][gc,heap     ] GC(190) Eden regions: 75->0(75)
[2022-06-29T11:05:39.373+0000][9][gc,heap     ] GC(190) Survivor regions: 1->1(10)
[2022-06-29T11:05:39.374+0000][9][gc,heap     ] GC(190) Old regions: 22->22
[2022-06-29T11:05:39.375+0000][9][gc,heap     ] GC(190) Archive regions: 2->2
[2022-06-29T11:05:39.375+0000][9][gc,heap     ] GC(190) Humongous regions: 0->0
[2022-06-29T11:05:39.376+0000][9][gc,metaspace] GC(190) Metaspace: 130179K(133504K)->130179K(133504K) NonClass: 113169K(114880K)->113169K(114880K) Class: 17009K(18624K)->17009K(18624K)
[2022-06-29T11:05:39.377+0000][9][gc          ] GC(190) Pause Young (Normal) (G1 Evacuation Pause) 392M->91M(512M) 24.637ms
[2022-06-29T11:05:39.378+0000][9][gc,cpu      ] GC(190) User=0.01s Sys=0.00s Real=0.03s
[2022-06-29T11:05:39.378+0000][9][safepoint   ] Safepoint "G1CollectForAllocation", Time since last: 15700975996 ns, Reaching safepoint: 149536 ns, At safepoint: 26104908 ns, Total: 26254444 ns
[2022-06-29T11:05:44.600+0000][9][safepoint   ] Safepoint "Cleanup", Time since last: 5220853498 ns, Reaching safepoint: 591558 ns, At safepoint: 36782 ns, Total: 628340 ns
[2022-06-29T11:05:46.540+0000][9][safepoint   ] Safepoint "Cleanup", Time since last: 1939568828 ns, Reaching safepoint: 311147 ns, At safepoint: 12116 ns, Total: 323263 ns
[2022-06-29T11:06:33.534+0000][9][safepoint   ] Safepoint "Cleanup", Time since last: 47037553661 ns, Reaching safepoint: 975218 ns, At safepoint: 50251 ns, Total: 1025469 ns
[2022-06-29T11:07:30.279+0000][9][gc,start    ] GC(191) Pause Young (Normal) (G1 Evacuation Pause)
[2022-06-29T11:07:30.281+0000][9][gc,task     ] GC(191) Using 4 workers of 4 for evacuation
[2022-06-29T11:07:30.283+0000][9][gc,age      ] GC(191) Desired survivor size 20971520 bytes, new threshold 15 (max threshold 15)
[2022-06-29T11:07:30.290+0000][9][gc,phases   ] GC(191)   Pre Evacuate Collection Set: 0.2ms
[2022-06-29T11:07:30.291+0000][9][gc,phases   ] GC(191)   Merge Heap Roots: 0.2ms
[2022-06-29T11:07:30.291+0000][9][gc,phases   ] GC(191)   Evacuate Collection Set: 4.1ms
[2022-06-29T11:07:30.292+0000][9][gc,phases   ] GC(191)   Post Evacuate Collection Set: 1.4ms
[2022-06-29T11:07:30.292+0000][9][gc,phases   ] GC(191)   Other: 3.4ms
[2022-06-29T11:07:30.293+0000][9][gc,age      ] GC(191) Age table with threshold 15 (max threshold 15)
[2022-06-29T11:07:30.293+0000][9][gc,age      ] GC(191) - age   1:     959544 bytes,     959544 total
[2022-06-29T11:07:30.294+0000][9][gc,age      ] GC(191) - age   2:       9640 bytes,     969184 total
[2022-06-29T11:07:30.295+0000][9][gc,age      ] GC(191) - age   3:       8816 bytes,     978000 total
[2022-06-29T11:07:30.296+0000][9][gc,age      ] GC(191) - age   4:        248 bytes,     978248 total
[2022-06-29T11:07:30.297+0000][9][gc,age      ] GC(191) - age   5:        888 bytes,     979136 total
[2022-06-29T11:07:30.297+0000][9][gc,age      ] GC(191) - age   6:        224 bytes,     979360 total
[2022-06-29T11:07:30.298+0000][9][gc,age      ] GC(191) - age   7:        440 bytes,     979800 total
[2022-06-29T11:07:30.299+0000][9][gc,age      ] GC(191) - age   8:      15616 bytes,     995416 total
[2022-06-29T11:07:30.300+0000][9][gc,age      ] GC(191) - age   9:     126912 bytes,    1122328 total
[2022-06-29T11:07:30.301+0000][9][gc,age      ] GC(191) - age  10:        400 bytes,    1122728 total
[2022-06-29T11:07:30.301+0000][9][gc,age      ] GC(191) - age  11:      21496 bytes,    1144224 total
[2022-06-29T11:07:30.302+0000][9][gc,age      ] GC(191) - age  12:     327368 bytes,    1471592 total
[2022-06-29T11:07:30.302+0000][9][gc,age      ] GC(191) - age  13:     356768 bytes,    1828360 total
[2022-06-29T11:07:30.303+0000][9][gc,age      ] GC(191) - age  14:      22400 bytes,    1850760 total
[2022-06-29T11:07:30.303+0000][9][gc,age      ] GC(191) - age  15:        208 bytes,    1850968 total
[2022-06-29T11:07:30.304+0000][9][gc,heap     ] GC(191) Eden regions: 75->0(75)
[2022-06-29T11:07:30.304+0000][9][gc,heap     ] GC(191) Survivor regions: 1->1(10)
[2022-06-29T11:07:30.305+0000][9][gc,heap     ] GC(191) Old regions: 22->22
[2022-06-29T11:07:30.305+0000][9][gc,heap     ] GC(191) Archive regions: 2->2
[2022-06-29T11:07:30.306+0000][9][gc,heap     ] GC(191) Humongous regions: 0->0
[2022-06-29T11:07:30.306+0000][9][gc,metaspace] GC(191) Metaspace: 130179K(133504K)->130179K(133504K) NonClass: 113169K(114880K)->113169K(114880K) Class: 17009K(18624K)->17009K(18624K)
[2022-06-29T11:07:30.307+0000][9][gc          ] GC(191) Pause Young (Normal) (G1 Evacuation Pause) 391M->91M(512M) 29.437ms
[2022-06-29T11:07:30.310+0000][9][gc,cpu      ] GC(191) User=0.02s Sys=0.00s Real=0.04s
[2022-06-29T11:07:30.312+0000][9][safepoint   ] Safepoint "G1CollectForAllocation", Time since last: 56786340738 ns, Reaching safepoint: 120214 ns, At safepoint: 34038386 ns, Total: 34158600 ns
[2022-06-29T11:08:56.320+0000][9][safepoint   ] Safepoint "Cleanup", Time since last: 86073991178 ns, Reaching safepoint: 174590 ns, At safepoint: 12262 ns, Total: 186852 ns
[2022-06-29T11:09:16.391+0000][9][gc,start    ] GC(192) Pause Young (Normal) (G1 Evacuation Pause)
[2022-06-29T11:09:16.393+0000][9][gc,task     ] GC(192) Using 4 workers of 4 for evacuation
[2022-06-29T11:09:16.394+0000][9][gc,age      ] GC(192) Desired survivor size 20971520 bytes, new threshold 15 (max threshold 15)
[2022-06-29T11:09:16.403+0000][9][gc,phases   ] GC(192)   Pre Evacuate Collection Set: 0.7ms
[2022-06-29T11:09:16.404+0000][9][gc,phases   ] GC(192)   Merge Heap Roots: 0.2ms
[2022-06-29T11:09:16.404+0000][9][gc,phases   ] GC(192)   Evacuate Collection Set: 5.3ms
[2022-06-29T11:09:16.405+0000][9][gc,phases   ] GC(192)   Post Evacuate Collection Set: 1.0ms
[2022-06-29T11:09:16.406+0000][9][gc,phases   ] GC(192)   Other: 2.7ms
[2022-06-29T11:09:16.406+0000][9][gc,age      ] GC(192) Age table with threshold 15 (max threshold 15)
[2022-06-29T11:09:16.407+0000][9][gc,age      ] GC(192) - age   1:    1700632 bytes,    1700632 total
[2022-06-29T11:09:16.407+0000][9][gc,age      ] GC(192) - age   2:       4400 bytes,    1705032 total
[2022-06-29T11:09:16.408+0000][9][gc,age      ] GC(192) - age   3:       8768 bytes,    1713800 total
[2022-06-29T11:09:16.409+0000][9][gc,age      ] GC(192) - age   4:       8720 bytes,    1722520 total
[2022-06-29T11:09:16.409+0000][9][gc,age      ] GC(192) - age   5:        184 bytes,    1722704 total
[2022-06-29T11:09:16.410+0000][9][gc,age      ] GC(192) - age   6:        712 bytes,    1723416 total
[2022-06-29T11:09:16.411+0000][9][gc,age      ] GC(192) - age   7:        224 bytes,    1723640 total
[2022-06-29T11:09:16.411+0000][9][gc,age      ] GC(192) - age   8:        440 bytes,    1724080 total
[2022-06-29T11:09:16.413+0000][9][gc,age      ] GC(192) - age   9:      15616 bytes,    1739696 total
[2022-06-29T11:09:16.413+0000][9][gc,age      ] GC(192) - age  10:     126912 bytes,    1866608 total
[2022-06-29T11:09:16.414+0000][9][gc,age      ] GC(192) - age  11:        400 bytes,    1867008 total
[2022-06-29T11:09:16.415+0000][9][gc,age      ] GC(192) - age  12:      21464 bytes,    1888472 total
[2022-06-29T11:09:16.415+0000][9][gc,age      ] GC(192) - age  13:     327368 bytes,    2215840 total
[2022-06-29T11:09:16.416+0000][9][gc,age      ] GC(192) - age  14:     356768 bytes,    2572608 total
[2022-06-29T11:09:16.416+0000][9][gc,age      ] GC(192) - age  15:      22400 bytes,    2595008 total
[2022-06-29T11:09:16.417+0000][9][gc,heap     ] GC(192) Eden regions: 75->0(75)
[2022-06-29T11:09:16.417+0000][9][gc,heap     ] GC(192) Survivor regions: 1->1(10)
[2022-06-29T11:09:16.418+0000][9][gc,heap     ] GC(192) Old regions: 22->22
[2022-06-29T11:09:16.419+0000][9][gc,heap     ] GC(192) Archive regions: 2->2
[2022-06-29T11:09:16.420+0000][9][gc,heap     ] GC(192) Humongous regions: 0->0
[2022-06-29T11:09:16.420+0000][9][gc,metaspace] GC(192) Metaspace: 130181K(133504K)->130181K(133504K) NonClass: 113171K(114880K)->113171K(114880K) Class: 17009K(18624K)->17009K(18624K)
[2022-06-29T11:09:16.421+0000][9][gc          ] GC(192) Pause Young (Normal) (G1 Evacuation Pause) 391M->92M(512M) 29.543ms
[2022-06-29T11:09:16.422+0000][9][gc,cpu      ] GC(192) User=0.02s Sys=0.00s Real=0.03s
[2022-06-29T11:09:16.422+0000][9][safepoint   ] Safepoint "G1CollectForAllocation", Time since last: 20071659535 ns, Reaching safepoint: 156485 ns, At safepoint: 30927519 ns, Total: 31084004 ns
[2022-06-29T11:09:27.411+0000][9][safepoint   ] Safepoint "Cleanup", Time since last: 11010013090 ns, Reaching safepoint: 364108 ns, At safepoint: 12625 ns, Total: 376733 ns
[2022-06-29T11:10:04.289+0000][9][safepoint   ] Safepoint "Cleanup", Time since last: 36896879671 ns, Reaching safepoint: 139374 ns, At safepoint: 10245 ns, Total: 149619 ns
[2022-06-29T11:11:06.182+0000][9][gc,start    ] GC(193) Pause Young (Normal) (G1 Evacuation Pause)
[2022-06-29T11:11:06.185+0000][9][gc,task     ] GC(193) Using 4 workers of 4 for evacuation
[2022-06-29T11:11:06.186+0000][9][gc,age      ] GC(193) Desired survivor size 20971520 bytes, new threshold 15 (max threshold 15)
[2022-06-29T11:11:06.192+0000][9][gc,phases   ] GC(193)   Pre Evacuate Collection Set: 0.3ms
[2022-06-29T11:11:06.193+0000][9][gc,phases   ] GC(193)   Merge Heap Roots: 0.2ms
[2022-06-29T11:11:06.193+0000][9][gc,phases   ] GC(193)   Evacuate Collection Set: 3.6ms
[2022-06-29T11:11:06.194+0000][9][gc,phases   ] GC(193)   Post Evacuate Collection Set: 1.3ms
[2022-06-29T11:11:06.194+0000][9][gc,phases   ] GC(193)   Other: 1.7ms
[2022-06-29T11:11:06.195+0000][9][gc,age      ] GC(193) Age table with threshold 15 (max threshold 15)
[2022-06-29T11:11:06.196+0000][9][gc,age      ] GC(193) - age   1:     814536 bytes,     814536 total
[2022-06-29T11:11:06.196+0000][9][gc,age      ] GC(193) - age   2:       2488 bytes,     817024 total
[2022-06-29T11:11:06.197+0000][9][gc,age      ] GC(193) - age   3:       2112 bytes,     819136 total
[2022-06-29T11:11:06.197+0000][9][gc,age      ] GC(193) - age   4:       8768 bytes,     827904 total
[2022-06-29T11:11:06.198+0000][9][gc,age      ] GC(193) - age   5:       8592 bytes,     836496 total
[2022-06-29T11:11:06.199+0000][9][gc,age      ] GC(193) - age   6:        184 bytes,     836680 total
[2022-06-29T11:11:06.199+0000][9][gc,age      ] GC(193) - age   7:        712 bytes,     837392 total
[2022-06-29T11:11:06.200+0000][9][gc,age      ] GC(193) - age   8:        224 bytes,     837616 total
[2022-06-29T11:11:06.201+0000][9][gc,age      ] GC(193) - age   9:        440 bytes,     838056 total
[2022-06-29T11:11:06.201+0000][9][gc,age      ] GC(193) - age  10:      15616 bytes,     853672 total
[2022-06-29T11:11:06.202+0000][9][gc,age      ] GC(193) - age  11:     126728 bytes,     980400 total
[2022-06-29T11:11:06.203+0000][9][gc,age      ] GC(193) - age  12:        400 bytes,     980800 total
[2022-06-29T11:11:06.203+0000][9][gc,age      ] GC(193) - age  13:      21464 bytes,    1002264 total
[2022-06-29T11:11:06.204+0000][9][gc,age      ] GC(193) - age  14:     327368 bytes,    1329632 total
[2022-06-29T11:11:06.204+0000][9][gc,age      ] GC(193) - age  15:     356768 bytes,    1686400 total
[2022-06-29T11:11:06.205+0000][9][gc,heap     ] GC(193) Eden regions: 75->0(75)
[2022-06-29T11:11:06.206+0000][9][gc,heap     ] GC(193) Survivor regions: 1->1(10)
[2022-06-29T11:11:06.206+0000][9][gc,heap     ] GC(193) Old regions: 22->22
[2022-06-29T11:11:06.207+0000][9][gc,heap     ] GC(193) Archive regions: 2->2
[2022-06-29T11:11:06.207+0000][9][gc,heap     ] GC(193) Humongous regions: 0->0
[2022-06-29T11:11:06.208+0000][9][gc,metaspace] GC(193) Metaspace: 130181K(133504K)->130181K(133504K) NonClass: 113171K(114880K)->113171K(114880K) Class: 17009K(18624K)->17009K(18624K)
[2022-06-29T11:11:06.209+0000][9][gc          ] GC(193) Pause Young (Normal) (G1 Evacuation Pause) 392M->91M(512M) 26.926ms
[2022-06-29T11:11:06.221+0000][9][gc,cpu      ] GC(193) User=0.01s Sys=0.00s Real=0.04s
[2022-06-29T11:11:06.222+0000][9][safepoint   ] Safepoint "G1CollectForAllocation", Time since last: 61937262030 ns, Reaching safepoint: 197699 ns, At safepoint: 39907359 ns, Total: 40105058 ns
[2022-06-29T11:11:23.214+0000][9][safepoint   ] Safepoint "Cleanup", Time since last: 17013197894 ns, Reaching safepoint: 142843 ns, At safepoint: 13538 ns, Total: 156381 ns
[2022-06-29T11:11:27.218+0000][9][safepoint   ] Safepoint "Cleanup", Time since last: 4003941946 ns, Reaching safepoint: 290859 ns, At safepoint: 22603 ns, Total: 313462 ns
[2022-06-29T11:12:57.128+0000][9][gc,start    ] GC(194) Pause Young (Normal) (G1 Evacuation Pause)
[2022-06-29T11:12:57.131+0000][9][gc,task     ] GC(194) Using 4 workers of 4 for evacuation
[2022-06-29T11:12:57.131+0000][9][gc,age      ] GC(194) Desired survivor size 20971520 bytes, new threshold 15 (max threshold 15)
[2022-06-29T11:12:57.138+0000][9][gc,phases   ] GC(194)   Pre Evacuate Collection Set: 0.1ms
[2022-06-29T11:12:57.138+0000][9][gc,phases   ] GC(194)   Merge Heap Roots: 0.0ms
[2022-06-29T11:12:57.139+0000][9][gc,phases   ] GC(194)   Evacuate Collection Set: 3.6ms
[2022-06-29T11:12:57.140+0000][9][gc,phases   ] GC(194)   Post Evacuate Collection Set: 1.1ms
[2022-06-29T11:12:57.141+0000][9][gc,phases   ] GC(194)   Other: 1.9ms
[2022-06-29T11:12:57.141+0000][9][gc,age      ] GC(194) Age table with threshold 15 (max threshold 15)
[2022-06-29T11:12:57.142+0000][9][gc,age      ] GC(194) - age   1:    1224488 bytes,    1224488 total
[2022-06-29T11:12:57.142+0000][9][gc,age      ] GC(194) - age   2:       1424 bytes,    1225912 total
[2022-06-29T11:12:57.143+0000][9][gc,age      ] GC(194) - age   3:       1072 bytes,    1226984 total
[2022-06-29T11:12:57.143+0000][9][gc,age      ] GC(194) - age   4:       1816 bytes,    1228800 total
[2022-06-29T11:12:57.144+0000][9][gc,age      ] GC(194) - age   5:       8768 bytes,    1237568 total
[2022-06-29T11:12:57.144+0000][9][gc,age      ] GC(194) - age   6:       8592 bytes,    1246160 total
[2022-06-29T11:12:57.145+0000][9][gc,age      ] GC(194) - age   7:        184 bytes,    1246344 total
[2022-06-29T11:12:57.145+0000][9][gc,age      ] GC(194) - age   8:        528 bytes,    1246872 total
[2022-06-29T11:12:57.147+0000][9][gc,age      ] GC(194) - age   9:        224 bytes,    1247096 total
[2022-06-29T11:12:57.148+0000][9][gc,age      ] GC(194) - age  10:        440 bytes,    1247536 total
[2022-06-29T11:12:57.149+0000][9][gc,age      ] GC(194) - age  11:      15616 bytes,    1263152 total
[2022-06-29T11:12:57.149+0000][9][gc,age      ] GC(194) - age  12:     126728 bytes,    1389880 total
[2022-06-29T11:12:57.150+0000][9][gc,age      ] GC(194) - age  13:        400 bytes,    1390280 total
[2022-06-29T11:12:57.151+0000][9][gc,age      ] GC(194) - age  14:      21464 bytes,    1411744 total
[2022-06-29T11:12:57.151+0000][9][gc,age      ] GC(194) - age  15:     327368 bytes,    1739112 total
[2022-06-29T11:12:57.152+0000][9][gc,heap     ] GC(194) Eden regions: 75->0(75)
[2022-06-29T11:12:57.153+0000][9][gc,heap     ] GC(194) Survivor regions: 1->1(10)
[2022-06-29T11:12:57.153+0000][9][gc,heap     ] GC(194) Old regions: 22->22
[2022-06-29T11:12:57.154+0000][9][gc,heap     ] GC(194) Archive regions: 2->2
[2022-06-29T11:12:57.155+0000][9][gc,heap     ] GC(194) Humongous regions: 0->0
[2022-06-29T11:12:57.155+0000][9][gc,metaspace] GC(194) Metaspace: 130181K(133504K)->130181K(133504K) NonClass: 113171K(114880K)->113171K(114880K) Class: 17009K(18624K)->17009K(18624K)
[2022-06-29T11:12:57.156+0000][9][gc          ] GC(194) Pause Young (Normal) (G1 Evacuation Pause) 391M->92M(512M) 27.673ms
[2022-06-29T11:12:57.157+0000][9][gc,cpu      ] GC(194) User=0.02s Sys=0.00s Real=0.03s
[2022-06-29T11:12:57.157+0000][9][safepoint   ] Safepoint "G1CollectForAllocation", Time since last: 89975410662 ns, Reaching safepoint: 60354 ns, At safepoint: 28943482 ns, Total: 29003836 ns
[2022-06-29T11:13:45.171+0000][9][safepoint   ] Safepoint "Cleanup", Time since last: 48035033718 ns, Reaching safepoint: 126296 ns, At safepoint: 7095 ns, Total: 133391 ns
[2022-06-29T11:14:22.183+0000][9][safepoint   ] Safepoint "Cleanup", Time since last: 37033573028 ns, Reaching safepoint: 622134 ns, At safepoint: 30976 ns, Total: 653110 ns
[2022-06-29T11:14:23.171+0000][9][safepoint   ] Safepoint "Cleanup", Time since last: 1005534113 ns, Reaching safepoint: 174057 ns, At safepoint: 9554 ns, Total: 183611 ns
[2022-06-29T11:14:45.120+0000][9][gc,start    ] GC(195) Pause Young (Normal) (G1 Evacuation Pause)
[2022-06-29T11:14:45.121+0000][9][gc,task     ] GC(195) Using 4 workers of 4 for evacuation
[2022-06-29T11:14:45.122+0000][9][gc,age      ] GC(195) Desired survivor size 20971520 bytes, new threshold 15 (max threshold 15)
[2022-06-29T11:14:45.129+0000][9][gc,phases   ] GC(195)   Pre Evacuate Collection Set: 0.3ms
[2022-06-29T11:14:45.130+0000][9][gc,phases   ] GC(195)   Merge Heap Roots: 0.2ms
[2022-06-29T11:14:45.131+0000][9][gc,phases   ] GC(195)   Evacuate Collection Set: 5.0ms
[2022-06-29T11:14:45.132+0000][9][gc,phases   ] GC(195)   Post Evacuate Collection Set: 1.6ms
[2022-06-29T11:14:45.132+0000][9][gc,phases   ] GC(195)   Other: 1.5ms
[2022-06-29T11:14:45.133+0000][9][gc,age      ] GC(195) Age table with threshold 15 (max threshold 15)
[2022-06-29T11:14:45.134+0000][9][gc,age      ] GC(195) - age   1:    1344600 bytes,    1344600 total
[2022-06-29T11:14:45.135+0000][9][gc,age      ] GC(195) - age   2:       1480 bytes,    1346080 total
[2022-06-29T11:14:45.135+0000][9][gc,age      ] GC(195) - age   3:        248 bytes,    1346328 total
[2022-06-29T11:14:45.136+0000][9][gc,age      ] GC(195) - age   4:       1048 bytes,    1347376 total
[2022-06-29T11:14:45.136+0000][9][gc,age      ] GC(195) - age   5:       1784 bytes,    1349160 total
[2022-06-29T11:14:45.137+0000][9][gc,age      ] GC(195) - age   6:       8768 bytes,    1357928 total
[2022-06-29T11:14:45.137+0000][9][gc,age      ] GC(195) - age   7:       8592 bytes,    1366520 total
[2022-06-29T11:14:45.138+0000][9][gc,age      ] GC(195) - age   8:        184 bytes,    1366704 total
[2022-06-29T11:14:45.139+0000][9][gc,age      ] GC(195) - age   9:        528 bytes,    1367232 total
[2022-06-29T11:14:45.140+0000][9][gc,age      ] GC(195) - age  10:        224 bytes,    1367456 total
[2022-06-29T11:14:45.140+0000][9][gc,age      ] GC(195) - age  11:        440 bytes,    1367896 total
[2022-06-29T11:14:45.141+0000][9][gc,age      ] GC(195) - age  12:      15616 bytes,    1383512 total
[2022-06-29T11:14:45.142+0000][9][gc,age      ] GC(195) - age  13:     126728 bytes,    1510240 total
[2022-06-29T11:14:45.142+0000][9][gc,age      ] GC(195) - age  14:        400 bytes,    1510640 total
[2022-06-29T11:14:45.143+0000][9][gc,age      ] GC(195) - age  15:      21464 bytes,    1532104 total
[2022-06-29T11:14:45.143+0000][9][gc,heap     ] GC(195) Eden regions: 75->0(75)
[2022-06-29T11:14:45.144+0000][9][gc,heap     ] GC(195) Survivor regions: 1->1(10)
[2022-06-29T11:14:45.144+0000][9][gc,heap     ] GC(195) Old regions: 22->22
[2022-06-29T11:14:45.145+0000][9][gc,heap     ] GC(195) Archive regions: 2->2
[2022-06-29T11:14:45.148+0000][9][gc,heap     ] GC(195) Humongous regions: 0->0
[2022-06-29T11:14:45.149+0000][9][gc,metaspace] GC(195) Metaspace: 130181K(133504K)->130181K(133504K) NonClass: 113171K(114880K)->113171K(114880K) Class: 17009K(18624K)->17009K(18624K)
[2022-06-29T11:14:45.149+0000][9][gc          ] GC(195) Pause Young (Normal) (G1 Evacuation Pause) 392M->92M(512M) 29.811ms
[2022-06-29T11:14:45.150+0000][9][gc,cpu      ] GC(195) User=0.02s Sys=0.00s Real=0.03s
[2022-06-29T11:14:45.151+0000][9][safepoint   ] Safepoint "G1CollectForAllocation", Time since last: 21948655787 ns, Reaching safepoint: 206208 ns, At safepoint: 31340374 ns, Total: 31546582 ns
[2022-06-29T11:16:12.147+0000][9][safepoint   ] Safepoint "Cleanup", Time since last: 87063627041 ns, Reaching safepoint: 414769 ns, At safepoint: 45352 ns, Total: 460121 ns
[2022-06-29T11:16:21.156+0000][9][safepoint   ] Safepoint "Cleanup", Time since last: 9009080740 ns, Reaching safepoint: 178979 ns, At safepoint: 60191 ns, Total: 239170 ns
[2022-06-29T11:16:33.053+0000][9][gc,start    ] GC(196) Pause Young (Normal) (G1 Evacuation Pause)
[2022-06-29T11:16:33.055+0000][9][gc,task     ] GC(196) Using 4 workers of 4 for evacuation
[2022-06-29T11:16:33.055+0000][9][gc,age      ] GC(196) Desired survivor size 20971520 bytes, new threshold 15 (max threshold 15)
[2022-06-29T11:16:33.059+0000][9][gc,phases   ] GC(196)   Pre Evacuate Collection Set: 0.2ms
[2022-06-29T11:16:33.060+0000][9][gc,phases   ] GC(196)   Merge Heap Roots: 0.1ms
[2022-06-29T11:16:33.060+0000][9][gc,phases   ] GC(196)   Evacuate Collection Set: 2.2ms
[2022-06-29T11:16:33.061+0000][9][gc,phases   ] GC(196)   Post Evacuate Collection Set: 1.0ms
[2022-06-29T11:16:33.062+0000][9][gc,phases   ] GC(196)   Other: 1.2ms
[2022-06-29T11:16:33.062+0000][9][gc,age      ] GC(196) Age table with threshold 15 (max threshold 15)
[2022-06-29T11:16:33.064+0000][9][gc,age      ] GC(196) - age   1:     926432 bytes,     926432 total
[2022-06-29T11:16:33.064+0000][9][gc,age      ] GC(196) - age   2:       2488 bytes,     928920 total
[2022-06-29T11:16:33.065+0000][9][gc,age      ] GC(196) - age   3:        288 bytes,     929208 total
[2022-06-29T11:16:33.066+0000][9][gc,age      ] GC(196) - age   4:        184 bytes,     929392 total
[2022-06-29T11:16:33.066+0000][9][gc,age      ] GC(196) - age   5:       1048 bytes,     930440 total
[2022-06-29T11:16:33.067+0000][9][gc,age      ] GC(196) - age   6:       1784 bytes,     932224 total
[2022-06-29T11:16:33.067+0000][9][gc,age      ] GC(196) - age   7:       8768 bytes,     940992 total
[2022-06-29T11:16:33.068+0000][9][gc,age      ] GC(196) - age   8:       8408 bytes,     949400 total
[2022-06-29T11:16:33.068+0000][9][gc,age      ] GC(196) - age   9:        184 bytes,     949584 total
[2022-06-29T11:16:33.069+0000][9][gc,age      ] GC(196) - age  10:        528 bytes,     950112 total
[2022-06-29T11:16:33.070+0000][9][gc,age      ] GC(196) - age  11:        224 bytes,     950336 total
[2022-06-29T11:16:33.071+0000][9][gc,age      ] GC(196) - age  12:         56 bytes,     950392 total
[2022-06-29T11:16:33.071+0000][9][gc,age      ] GC(196) - age  13:      15616 bytes,     966008 total
[2022-06-29T11:16:33.072+0000][9][gc,age      ] GC(196) - age  14:     126728 bytes,    1092736 total
[2022-06-29T11:16:33.073+0000][9][gc,age      ] GC(196) - age  15:        400 bytes,    1093136 total
[2022-06-29T11:16:33.073+0000][9][gc,heap     ] GC(196) Eden regions: 75->0(75)
[2022-06-29T11:16:33.074+0000][9][gc,heap     ] GC(196) Survivor regions: 1->1(10)
[2022-06-29T11:16:33.074+0000][9][gc,heap     ] GC(196) Old regions: 22->22
[2022-06-29T11:16:33.075+0000][9][gc,heap     ] GC(196) Archive regions: 2->2
[2022-06-29T11:16:33.075+0000][9][gc,heap     ] GC(196) Humongous regions: 0->0
[2022-06-29T11:16:33.076+0000][9][gc,metaspace] GC(196) Metaspace: 130181K(133504K)->130181K(133504K) NonClass: 113171K(114880K)->113171K(114880K) Class: 17009K(18624K)->17009K(18624K)
[2022-06-29T11:16:33.077+0000][9][gc          ] GC(196) Pause Young (Normal) (G1 Evacuation Pause) 392M->91M(512M) 23.364ms
[2022-06-29T11:16:33.077+0000][9][gc,cpu      ] GC(196) User=0.01s Sys=0.00s Real=0.02s
[2022-06-29T11:16:33.078+0000][9][safepoint   ] Safepoint "G1CollectForAllocation", Time since last: 11918426327 ns, Reaching safepoint: 75636 ns, At safepoint: 24926018 ns, Total: 25001654 ns
[2022-06-29T11:17:54.071+0000][9][safepoint   ] Safepoint "Cleanup", Time since last: 81058008146 ns, Reaching safepoint: 168436 ns, At safepoint: 9080 ns, Total: 177516 ns
[2022-06-29T11:18:15.810+0000][9][gc,start    ] GC(197) Pause Young (Normal) (G1 Evacuation Pause)
[2022-06-29T11:18:15.812+0000][9][gc,task     ] GC(197) Using 4 workers of 4 for evacuation
[2022-06-29T11:18:15.812+0000][9][gc,age      ] GC(197) Desired survivor size 20971520 bytes, new threshold 15 (max threshold 15)
[2022-06-29T11:18:15.818+0000][9][gc,phases   ] GC(197)   Pre Evacuate Collection Set: 0.3ms
[2022-06-29T11:18:15.820+0000][9][gc,phases   ] GC(197)   Merge Heap Roots: 0.2ms
[2022-06-29T11:18:15.820+0000][9][gc,phases   ] GC(197)   Evacuate Collection Set: 3.7ms
[2022-06-29T11:18:15.821+0000][9][gc,phases   ] GC(197)   Post Evacuate Collection Set: 1.1ms
[2022-06-29T11:18:15.822+0000][9][gc,phases   ] GC(197)   Other: 1.6ms
[2022-06-29T11:18:15.822+0000][9][gc,age      ] GC(197) Age table with threshold 15 (max threshold 15)
[2022-06-29T11:18:15.823+0000][9][gc,age      ] GC(197) - age   1:    1797688 bytes,    1797688 total
[2022-06-29T11:18:15.823+0000][9][gc,age      ] GC(197) - age   2:       2072 bytes,    1799760 total
[2022-06-29T11:18:15.824+0000][9][gc,age      ] GC(197) - age   3:        752 bytes,    1800512 total
[2022-06-29T11:18:15.824+0000][9][gc,age      ] GC(197) - age   4:         64 bytes,    1800576 total
[2022-06-29T11:18:15.825+0000][9][gc,age      ] GC(197) - age   5:        184 bytes,    1800760 total
[2022-06-29T11:18:15.826+0000][9][gc,age      ] GC(197) - age   6:       1048 bytes,    1801808 total
[2022-06-29T11:18:15.827+0000][9][gc,age      ] GC(197) - age   7:        248 bytes,    1802056 total
[2022-06-29T11:18:15.827+0000][9][gc,age      ] GC(197) - age   8:       8584 bytes,    1810640 total
[2022-06-29T11:18:15.828+0000][9][gc,age      ] GC(197) - age   9:       8016 bytes,    1818656 total
[2022-06-29T11:18:15.829+0000][9][gc,age      ] GC(197) - age  10:        184 bytes,    1818840 total
[2022-06-29T11:18:15.829+0000][9][gc,age      ] GC(197) - age  11:        528 bytes,    1819368 total
[2022-06-29T11:18:15.830+0000][9][gc,age      ] GC(197) - age  12:        224 bytes,    1819592 total
[2022-06-29T11:18:15.830+0000][9][gc,age      ] GC(197) - age  13:         56 bytes,    1819648 total
[2022-06-29T11:18:15.830+0000][9][gc,age      ] GC(197) - age  14:      15616 bytes,    1835264 total
[2022-06-29T11:18:15.831+0000][9][gc,age      ] GC(197) - age  15:     126728 bytes,    1961992 total
[2022-06-29T11:18:15.832+0000][9][gc,heap     ] GC(197) Eden regions: 75->0(75)
[2022-06-29T11:18:15.832+0000][9][gc,heap     ] GC(197) Survivor regions: 1->1(10)
[2022-06-29T11:18:15.833+0000][9][gc,heap     ] GC(197) Old regions: 22->22
[2022-06-29T11:18:15.833+0000][9][gc,heap     ] GC(197) Archive regions: 2->2
[2022-06-29T11:18:15.834+0000][9][gc,heap     ] GC(197) Humongous regions: 0->0
[2022-06-29T11:18:15.834+0000][9][gc,metaspace] GC(197) Metaspace: 130181K(133504K)->130181K(133504K) NonClass: 113171K(114880K)->113171K(114880K) Class: 17009K(18624K)->17009K(18624K)
[2022-06-29T11:18:15.835+0000][9][gc          ] GC(197) Pause Young (Normal) (G1 Evacuation Pause) 391M->92M(512M) 25.220ms
[2022-06-29T11:18:15.836+0000][9][gc,cpu      ] GC(197) User=0.02s Sys=0.01s Real=0.03s
[2022-06-29T11:18:15.836+0000][9][safepoint   ] Safepoint "G1CollectForAllocation", Time since last: 21738668481 ns, Reaching safepoint: 103704 ns, At safepoint: 26460213 ns, Total: 26563917 ns
[2022-06-29T11:18:23.822+0000][9][safepoint   ] Safepoint "Cleanup", Time since last: 8006012975 ns, Reaching safepoint: 273051 ns, At safepoint: 13136 ns, Total: 286187 ns
[2022-06-29T11:19:45.844+0000][9][safepoint   ] Safepoint "Cleanup", Time since last: 82063691960 ns, Reaching safepoint: 763681 ns, At safepoint: 38336 ns, Total: 802017 ns
[2022-06-29T11:19:51.849+0000][9][safepoint   ] Safepoint "Cleanup", Time since last: 6005360700 ns, Reaching safepoint: 230202 ns, At safepoint: 12183 ns, Total: 242385 ns
[2022-06-29T11:19:57.836+0000][9][safepoint   ] Safepoint "Cleanup", Time since last: 6011121586 ns, Reaching safepoint: 94369 ns, At safepoint: 41644 ns, Total: 136013 ns
[2022-06-29T11:20:03.743+0000][9][gc,start    ] GC(198) Pause Young (Normal) (G1 Evacuation Pause)
[2022-06-29T11:20:03.745+0000][9][gc,task     ] GC(198) Using 4 workers of 4 for evacuation
[2022-06-29T11:20:03.745+0000][9][gc,age      ] GC(198) Desired survivor size 20971520 bytes, new threshold 15 (max threshold 15)
[2022-06-29T11:20:03.750+0000][9][gc,phases   ] GC(198)   Pre Evacuate Collection Set: 0.3ms
[2022-06-29T11:20:03.751+0000][9][gc,phases   ] GC(198)   Merge Heap Roots: 0.1ms
[2022-06-29T11:20:03.752+0000][9][gc,phases   ] GC(198)   Evacuate Collection Set: 2.5ms
[2022-06-29T11:20:03.753+0000][9][gc,phases   ] GC(198)   Post Evacuate Collection Set: 1.2ms
[2022-06-29T11:20:03.764+0000][9][gc,phases   ] GC(198)   Other: 1.7ms
[2022-06-29T11:20:03.766+0000][9][gc,age      ] GC(198) Age table with threshold 15 (max threshold 15)
[2022-06-29T11:20:03.768+0000][9][gc,age      ] GC(198) - age   1:     800800 bytes,     800800 total
[2022-06-29T11:20:03.769+0000][9][gc,age      ] GC(198) - age   2:       3200 bytes,     804000 total
[2022-06-29T11:20:03.770+0000][9][gc,age      ] GC(198) - age   3:        632 bytes,     804632 total
[2022-06-29T11:20:03.771+0000][9][gc,age      ] GC(198) - age   4:        216 bytes,     804848 total
[2022-06-29T11:20:03.772+0000][9][gc,age      ] GC(198) - age   6:        184 bytes,     805032 total
[2022-06-29T11:20:03.773+0000][9][gc,age      ] GC(198) - age   7:        896 bytes,     805928 total
[2022-06-29T11:20:03.774+0000][9][gc,age      ] GC(198) - age   8:        248 bytes,     806176 total
[2022-06-29T11:20:03.775+0000][9][gc,age      ] GC(198) - age   9:       8584 bytes,     814760 total
[2022-06-29T11:20:03.776+0000][9][gc,age      ] GC(198) - age  10:       8016 bytes,     822776 total
[2022-06-29T11:20:03.777+0000][9][gc,age      ] GC(198) - age  11:        184 bytes,     822960 total
[2022-06-29T11:20:03.778+0000][9][gc,age      ] GC(198) - age  12:        496 bytes,     823456 total
[2022-06-29T11:20:03.778+0000][9][gc,age      ] GC(198) - age  13:        224 bytes,     823680 total
[2022-06-29T11:20:03.779+0000][9][gc,age      ] GC(198) - age  14:         56 bytes,     823736 total
[2022-06-29T11:20:03.780+0000][9][gc,age      ] GC(198) - age  15:      15616 bytes,     839352 total
[2022-06-29T11:20:03.781+0000][9][gc,heap     ] GC(198) Eden regions: 75->0(75)
[2022-06-29T11:20:03.782+0000][9][gc,heap     ] GC(198) Survivor regions: 1->1(10)
[2022-06-29T11:20:03.783+0000][9][gc,heap     ] GC(198) Old regions: 22->22
[2022-06-29T11:20:03.784+0000][9][gc,heap     ] GC(198) Archive regions: 2->2
[2022-06-29T11:20:03.785+0000][9][gc,heap     ] GC(198) Humongous regions: 0->0
[2022-06-29T11:20:03.786+0000][9][gc,metaspace] GC(198) Metaspace: 130182K(133504K)->130182K(133504K) NonClass: 113172K(114880K)->113172K(114880K) Class: 17009K(18624K)->17009K(18624K)
[2022-06-29T11:20:03.787+0000][9][gc          ] GC(198) Pause Young (Normal) (G1 Evacuation Pause) 392M->91M(512M) 43.120ms
[2022-06-29T11:20:03.787+0000][9][gc,cpu      ] GC(198) User=0.01s Sys=0.00s Real=0.05s
[2022-06-29T11:20:03.788+0000][9][safepoint   ] Safepoint "G1CollectForAllocation", Time since last: 5907483243 ns, Reaching safepoint: 64439 ns, At safepoint: 44936368 ns, Total: 45000807 ns
[2022-06-29T11:21:57.671+0000][9][gc,start    ] GC(199) Pause Young (Normal) (G1 Evacuation Pause)
[2022-06-29T11:21:57.674+0000][9][gc,task     ] GC(199) Using 4 workers of 4 for evacuation
[2022-06-29T11:21:57.675+0000][9][gc,age      ] GC(199) Desired survivor size 20971520 bytes, new threshold 15 (max threshold 15)
[2022-06-29T11:21:57.679+0000][9][gc,phases   ] GC(199)   Pre Evacuate Collection Set: 0.2ms
[2022-06-29T11:21:57.680+0000][9][gc,phases   ] GC(199)   Merge Heap Roots: 0.1ms
[2022-06-29T11:21:57.680+0000][9][gc,phases   ] GC(199)   Evacuate Collection Set: 1.7ms
[2022-06-29T11:21:57.681+0000][9][gc,phases   ] GC(199)   Post Evacuate Collection Set: 1.1ms
[2022-06-29T11:21:57.682+0000][9][gc,phases   ] GC(199)   Other: 1.5ms
[2022-06-29T11:21:57.682+0000][9][gc,age      ] GC(199) Age table with threshold 15 (max threshold 15)
[2022-06-29T11:21:57.683+0000][9][gc,age      ] GC(199) - age   1:     998280 bytes,     998280 total
[2022-06-29T11:21:57.683+0000][9][gc,age      ] GC(199) - age   2:       2992 bytes,    1001272 total
[2022-06-29T11:21:57.684+0000][9][gc,age      ] GC(199) - age   3:       2048 bytes,    1003320 total
[2022-06-29T11:21:57.685+0000][9][gc,age      ] GC(199) - age   4:        568 bytes,    1003888 total
[2022-06-29T11:21:57.685+0000][9][gc,age      ] GC(199) - age   7:        184 bytes,    1004072 total
[2022-06-29T11:21:57.688+0000][9][gc,age      ] GC(199) - age   8:        896 bytes,    1004968 total
[2022-06-29T11:21:57.689+0000][9][gc,age      ] GC(199) - age   9:        248 bytes,    1005216 total
[2022-06-29T11:21:57.690+0000][9][gc,age      ] GC(199) - age  10:       8584 bytes,    1013800 total
[2022-06-29T11:21:57.691+0000][9][gc,age      ] GC(199) - age  11:       8016 bytes,    1021816 total
[2022-06-29T11:21:57.692+0000][9][gc,age      ] GC(199) - age  12:        184 bytes,    1022000 total
[2022-06-29T11:21:57.693+0000][9][gc,age      ] GC(199) - age  13:        496 bytes,    1022496 total
[2022-06-29T11:21:57.693+0000][9][gc,age      ] GC(199) - age  14:        224 bytes,    1022720 total
[2022-06-29T11:21:57.694+0000][9][gc,age      ] GC(199) - age  15:         56 bytes,    1022776 total
[2022-06-29T11:21:57.694+0000][9][gc,heap     ] GC(199) Eden regions: 75->0(75)
[2022-06-29T11:21:57.695+0000][9][gc,heap     ] GC(199) Survivor regions: 1->1(10)
[2022-06-29T11:21:57.696+0000][9][gc,heap     ] GC(199) Old regions: 22->22
[2022-06-29T11:21:57.697+0000][9][gc,heap     ] GC(199) Archive regions: 2->2
[2022-06-29T11:21:57.697+0000][9][gc,heap     ] GC(199) Humongous regions: 0->0
[2022-06-29T11:21:57.698+0000][9][gc,metaspace] GC(199) Metaspace: 130182K(133504K)->130182K(133504K) NonClass: 113172K(114880K)->113172K(114880K) Class: 17009K(18624K)->17009K(18624K)
[2022-06-29T11:21:57.699+0000][9][gc          ] GC(199) Pause Young (Normal) (G1 Evacuation Pause) 391M->91M(512M) 28.479ms
[2022-06-29T11:21:57.700+0000][9][gc,cpu      ] GC(199) User=0.00s Sys=0.00s Real=0.03s
[2022-06-29T11:21:57.701+0000][9][safepoint   ] Safepoint "G1CollectForAllocation", Time since last: 113964559772 ns, Reaching safepoint: 309995 ns, At safepoint: 29882893 ns, Total: 30192888 ns
[2022-06-29T11:23:39.731+0000][9][gc,start    ] GC(200) Pause Young (Normal) (G1 Evacuation Pause)
[2022-06-29T11:23:39.733+0000][9][gc,task     ] GC(200) Using 4 workers of 4 for evacuation
[2022-06-29T11:23:39.733+0000][9][gc,age      ] GC(200) Desired survivor size 20971520 bytes, new threshold 15 (max threshold 15)
[2022-06-29T11:23:39.740+0000][9][gc,phases   ] GC(200)   Pre Evacuate Collection Set: 0.1ms
[2022-06-29T11:23:39.741+0000][9][gc,phases   ] GC(200)   Merge Heap Roots: 0.1ms
[2022-06-29T11:23:39.742+0000][9][gc,phases   ] GC(200)   Evacuate Collection Set: 4.2ms
[2022-06-29T11:23:39.743+0000][9][gc,phases   ] GC(200)   Post Evacuate Collection Set: 1.1ms
[2022-06-29T11:23:39.743+0000][9][gc,phases   ] GC(200)   Other: 1.6ms
[2022-06-29T11:23:39.744+0000][9][gc,age      ] GC(200) Age table with threshold 15 (max threshold 15)
[2022-06-29T11:23:39.744+0000][9][gc,age      ] GC(200) - age   1:    1657744 bytes,    1657744 total
[2022-06-29T11:23:39.745+0000][9][gc,age      ] GC(200) - age   2:       2480 bytes,    1660224 total
[2022-06-29T11:23:39.746+0000][9][gc,age      ] GC(200) - age   3:       2144 bytes,    1662368 total
[2022-06-29T11:23:39.746+0000][9][gc,age      ] GC(200) - age   4:       1952 bytes,    1664320 total
[2022-06-29T11:23:39.747+0000][9][gc,age      ] GC(200) - age   5:        568 bytes,    1664888 total
[2022-06-29T11:23:39.748+0000][9][gc,age      ] GC(200) - age   8:        184 bytes,    1665072 total
[2022-06-29T11:23:39.748+0000][9][gc,age      ] GC(200) - age   9:        896 bytes,    1665968 total
[2022-06-29T11:23:39.749+0000][9][gc,age      ] GC(200) - age  10:        248 bytes,    1666216 total
[2022-06-29T11:23:39.749+0000][9][gc,age      ] GC(200) - age  11:       8584 bytes,    1674800 total
[2022-06-29T11:23:39.750+0000][9][gc,age      ] GC(200) - age  12:       8016 bytes,    1682816 total
[2022-06-29T11:23:39.751+0000][9][gc,age      ] GC(200) - age  13:        184 bytes,    1683000 total
[2022-06-29T11:23:39.751+0000][9][gc,age      ] GC(200) - age  14:        496 bytes,    1683496 total
[2022-06-29T11:23:39.752+0000][9][gc,age      ] GC(200) - age  15:        224 bytes,    1683720 total
[2022-06-29T11:23:39.752+0000][9][gc,heap     ] GC(200) Eden regions: 75->0(75)
[2022-06-29T11:23:39.753+0000][9][gc,heap     ] GC(200) Survivor regions: 1->1(10)
[2022-06-29T11:23:39.754+0000][9][gc,heap     ] GC(200) Old regions: 22->22
[2022-06-29T11:23:39.755+0000][9][gc,heap     ] GC(200) Archive regions: 2->2
[2022-06-29T11:23:39.755+0000][9][gc,heap     ] GC(200) Humongous regions: 0->0
[2022-06-29T11:23:39.756+0000][9][gc,metaspace] GC(200) Metaspace: 130182K(133504K)->130182K(133504K) NonClass: 113172K(114880K)->113172K(114880K) Class: 17009K(18624K)->17009K(18624K)
[2022-06-29T11:23:39.757+0000][9][gc          ] GC(200) Pause Young (Normal) (G1 Evacuation Pause) 391M->92M(512M) 25.350ms
[2022-06-29T11:23:39.757+0000][9][gc,cpu      ] GC(200) User=0.02s Sys=0.01s Real=0.03s
[2022-06-29T11:23:39.758+0000][9][safepoint   ] Safepoint "G1CollectForAllocation", Time since last: 102097097793 ns, Reaching safepoint: 469477 ns, At safepoint: 26780404 ns, Total: 27249881 ns
[2022-06-29T11:25:27.607+0000][9][gc,start    ] GC(201) Pause Young (Normal) (G1 Evacuation Pause)
[2022-06-29T11:25:27.611+0000][9][gc,task     ] GC(201) Using 4 workers of 4 for evacuation
[2022-06-29T11:25:27.612+0000][9][gc,age      ] GC(201) Desired survivor size 20971520 bytes, new threshold 15 (max threshold 15)
[2022-06-29T11:25:27.617+0000][9][gc,phases   ] GC(201)   Pre Evacuate Collection Set: 0.2ms
[2022-06-29T11:25:27.618+0000][9][gc,phases   ] GC(201)   Merge Heap Roots: 0.1ms
[2022-06-29T11:25:27.619+0000][9][gc,phases   ] GC(201)   Evacuate Collection Set: 1.8ms
[2022-06-29T11:25:27.619+0000][9][gc,phases   ] GC(201)   Post Evacuate Collection Set: 1.2ms
[2022-06-29T11:25:27.620+0000][9][gc,phases   ] GC(201)   Other: 2.4ms
[2022-06-29T11:25:27.621+0000][9][gc,age      ] GC(201) Age table with threshold 15 (max threshold 15)
[2022-06-29T11:25:27.621+0000][9][gc,age      ] GC(201) - age   1:     950616 bytes,     950616 total
[2022-06-29T11:25:27.622+0000][9][gc,age      ] GC(201) - age   2:       2048 bytes,     952664 total
[2022-06-29T11:25:27.623+0000][9][gc,age      ] GC(201) - age   3:       1400 bytes,     954064 total
[2022-06-29T11:25:27.623+0000][9][gc,age      ] GC(201) - age   4:       2048 bytes,     956112 total
[2022-06-29T11:25:27.624+0000][9][gc,age      ] GC(201) - age   5:       1928 bytes,     958040 total
[2022-06-29T11:25:27.624+0000][9][gc,age      ] GC(201) - age   6:        568 bytes,     958608 total
[2022-06-29T11:25:27.625+0000][9][gc,age      ] GC(201) - age   9:        184 bytes,     958792 total
[2022-06-29T11:25:27.626+0000][9][gc,age      ] GC(201) - age  10:        896 bytes,     959688 total
[2022-06-29T11:25:27.626+0000][9][gc,age      ] GC(201) - age  11:        248 bytes,     959936 total
[2022-06-29T11:25:27.627+0000][9][gc,age      ] GC(201) - age  12:       8584 bytes,     968520 total
[2022-06-29T11:25:27.627+0000][9][gc,age      ] GC(201) - age  13:       8016 bytes,     976536 total
[2022-06-29T11:25:27.628+0000][9][gc,age      ] GC(201) - age  14:        184 bytes,     976720 total
[2022-06-29T11:25:27.628+0000][9][gc,age      ] GC(201) - age  15:        496 bytes,     977216 total
[2022-06-29T11:25:27.629+0000][9][gc,heap     ] GC(201) Eden regions: 75->0(75)
[2022-06-29T11:25:27.630+0000][9][gc,heap     ] GC(201) Survivor regions: 1->1(10)
[2022-06-29T11:25:27.630+0000][9][gc,heap     ] GC(201) Old regions: 22->22
[2022-06-29T11:25:27.631+0000][9][gc,heap     ] GC(201) Archive regions: 2->2
[2022-06-29T11:25:27.632+0000][9][gc,heap     ] GC(201) Humongous regions: 0->0
[2022-06-29T11:25:27.632+0000][9][gc,metaspace] GC(201) Metaspace: 130182K(133504K)->130182K(133504K) NonClass: 113172K(114880K)->113172K(114880K) Class: 17009K(18624K)->17009K(18624K)
[2022-06-29T11:25:27.633+0000][9][gc          ] GC(201) Pause Young (Normal) (G1 Evacuation Pause) 392M->92M(512M) 26.271ms
[2022-06-29T11:25:27.634+0000][9][gc,cpu      ] GC(201) User=0.01s Sys=0.01s Real=0.03s
[2022-06-29T11:25:27.634+0000][9][safepoint   ] Safepoint "G1CollectForAllocation", Time since last: 107934850685 ns, Reaching safepoint: 281139 ns, At safepoint: 27726135 ns, Total: 28007274 ns
[2022-06-29T11:27:16.097+0000][9][gc,start    ] GC(202) Pause Young (Normal) (G1 Evacuation Pause)
[2022-06-29T11:27:16.100+0000][9][gc,task     ] GC(202) Using 4 workers of 4 for evacuation
[2022-06-29T11:27:16.101+0000][9][gc,age      ] GC(202) Desired survivor size 20971520 bytes, new threshold 15 (max threshold 15)
[2022-06-29T11:27:16.108+0000][9][gc,phases   ] GC(202)   Pre Evacuate Collection Set: 0.3ms
[2022-06-29T11:27:16.109+0000][9][gc,phases   ] GC(202)   Merge Heap Roots: 0.2ms
[2022-06-29T11:27:16.110+0000][9][gc,phases   ] GC(202)   Evacuate Collection Set: 2.4ms
[2022-06-29T11:27:16.110+0000][9][gc,phases   ] GC(202)   Post Evacuate Collection Set: 2.8ms
[2022-06-29T11:27:16.111+0000][9][gc,phases   ] GC(202)   Other: 2.4ms
[2022-06-29T11:27:16.111+0000][9][gc,age      ] GC(202) Age table with threshold 15 (max threshold 15)
[2022-06-29T11:27:16.112+0000][9][gc,age      ] GC(202) - age   1:    1309856 bytes,    1309856 total
[2022-06-29T11:27:16.113+0000][9][gc,age      ] GC(202) - age   2:       1448 bytes,    1311304 total
[2022-06-29T11:27:16.114+0000][9][gc,age      ] GC(202) - age   3:        288 bytes,    1311592 total
[2022-06-29T11:27:16.115+0000][9][gc,age      ] GC(202) - age   4:        848 bytes,    1312440 total
[2022-06-29T11:27:16.115+0000][9][gc,age      ] GC(202) - age   5:       2048 bytes,    1314488 total
[2022-06-29T11:27:16.116+0000][9][gc,age      ] GC(202) - age   6:       1928 bytes,    1316416 total
[2022-06-29T11:27:16.116+0000][9][gc,age      ] GC(202) - age   7:        568 bytes,    1316984 total
[2022-06-29T11:27:16.117+0000][9][gc,age      ] GC(202) - age  10:        184 bytes,    1317168 total
[2022-06-29T11:27:16.117+0000][9][gc,age      ] GC(202) - age  11:        896 bytes,    1318064 total
[2022-06-29T11:27:16.118+0000][9][gc,age      ] GC(202) - age  12:        248 bytes,    1318312 total
[2022-06-29T11:27:16.119+0000][9][gc,age      ] GC(202) - age  13:       8584 bytes,    1326896 total
[2022-06-29T11:27:16.120+0000][9][gc,age      ] GC(202) - age  14:       8016 bytes,    1334912 total
[2022-06-29T11:27:16.121+0000][9][gc,age      ] GC(202) - age  15:        184 bytes,    1335096 total
[2022-06-29T11:27:16.121+0000][9][gc,heap     ] GC(202) Eden regions: 75->0(75)
[2022-06-29T11:27:16.122+0000][9][gc,heap     ] GC(202) Survivor regions: 1->1(10)
[2022-06-29T11:27:16.123+0000][9][gc,heap     ] GC(202) Old regions: 22->22
[2022-06-29T11:27:16.125+0000][9][gc,heap     ] GC(202) Archive regions: 2->2
[2022-06-29T11:27:16.126+0000][9][gc,heap     ] GC(202) Humongous regions: 0->0
[2022-06-29T11:27:16.126+0000][9][gc,metaspace] GC(202) Metaspace: 130182K(133504K)->130182K(133504K) NonClass: 113172K(114880K)->113172K(114880K) Class: 17009K(18624K)->17009K(18624K)
[2022-06-29T11:27:16.127+0000][9][gc          ] GC(202) Pause Young (Normal) (G1 Evacuation Pause) 392M->92M(512M) 29.564ms
[2022-06-29T11:27:16.127+0000][9][gc,cpu      ] GC(202) User=0.01s Sys=0.01s Real=0.03s
[2022-06-29T11:27:16.128+0000][9][safepoint   ] Safepoint "G1CollectForAllocation", Time since last: 108528609877 ns, Reaching safepoint: 85073 ns, At safepoint: 30607801 ns, Total: 30692874 ns
[2022-06-29T11:29:09.587+0000][9][gc,start    ] GC(203) Pause Young (Normal) (G1 Evacuation Pause)
[2022-06-29T11:29:09.593+0000][9][gc,task     ] GC(203) Using 4 workers of 4 for evacuation
[2022-06-29T11:29:09.596+0000][9][gc,age      ] GC(203) Desired survivor size 20971520 bytes, new threshold 15 (max threshold 15)
[2022-06-29T11:29:09.610+0000][9][gc,phases   ] GC(203)   Pre Evacuate Collection Set: 0.3ms
[2022-06-29T11:29:09.613+0000][9][gc,phases   ] GC(203)   Merge Heap Roots: 0.2ms
[2022-06-29T11:29:09.614+0000][9][gc,phases   ] GC(203)   Evacuate Collection Set: 10.0ms
[2022-06-29T11:29:09.615+0000][9][gc,phases   ] GC(203)   Post Evacuate Collection Set: 1.5ms
[2022-06-29T11:29:09.616+0000][9][gc,phases   ] GC(203)   Other: 5.7ms
[2022-06-29T11:29:09.617+0000][9][gc,age      ] GC(203) Age table with threshold 15 (max threshold 15)
[2022-06-29T11:29:09.619+0000][9][gc,age      ] GC(203) - age   1:    1770168 bytes,    1770168 total
[2022-06-29T11:29:09.621+0000][9][gc,age      ] GC(203) - age   2:       1728 bytes,    1771896 total
[2022-06-29T11:29:09.621+0000][9][gc,age      ] GC(203) - age   3:        632 bytes,    1772528 total
[2022-06-29T11:29:09.623+0000][9][gc,age      ] GC(203) - age   4:         64 bytes,    1772592 total
[2022-06-29T11:29:09.624+0000][9][gc,age      ] GC(203) - age   5:        784 bytes,    1773376 total
[2022-06-29T11:29:09.625+0000][9][gc,age      ] GC(203) - age   6:       1872 bytes,    1775248 total
[2022-06-29T11:29:09.627+0000][9][gc,age      ] GC(203) - age   7:        392 bytes,    1775640 total
[2022-06-29T11:29:09.628+0000][9][gc,age      ] GC(203) - age   8:        568 bytes,    1776208 total
[2022-06-29T11:29:09.628+0000][9][gc,age      ] GC(203) - age  11:        184 bytes,    1776392 total
[2022-06-29T11:29:09.629+0000][9][gc,age      ] GC(203) - age  12:        864 bytes,    1777256 total
[2022-06-29T11:29:09.630+0000][9][gc,age      ] GC(203) - age  13:        248 bytes,    1777504 total
[2022-06-29T11:29:09.632+0000][9][gc,age      ] GC(203) - age  14:       8584 bytes,    1786088 total
[2022-06-29T11:29:09.633+0000][9][gc,age      ] GC(203) - age  15:       8016 bytes,    1794104 total
[2022-06-29T11:29:09.634+0000][9][gc,heap     ] GC(203) Eden regions: 75->0(75)
[2022-06-29T11:29:09.636+0000][9][gc,heap     ] GC(203) Survivor regions: 1->1(10)
[2022-06-29T11:29:09.637+0000][9][gc,heap     ] GC(203) Old regions: 22->22
[2022-06-29T11:29:09.638+0000][9][gc,heap     ] GC(203) Archive regions: 2->2
[2022-06-29T11:29:09.639+0000][9][gc,heap     ] GC(203) Humongous regions: 0->0
[2022-06-29T11:29:09.639+0000][9][gc,metaspace] GC(203) Metaspace: 130182K(133504K)->130182K(133504K) NonClass: 113173K(114880K)->113173K(114880K) Class: 17009K(18624K)->17009K(18624K)
[2022-06-29T11:29:09.641+0000][9][gc          ] GC(203) Pause Young (Normal) (G1 Evacuation Pause) 392M->92M(512M) 53.453ms
[2022-06-29T11:29:09.643+0000][9][gc,cpu      ] GC(203) User=0.03s Sys=0.00s Real=0.06s
[2022-06-29T11:29:09.644+0000][9][safepoint   ] Safepoint "G1CollectForAllocation", Time since last: 113543339244 ns, Reaching safepoint: 1098089 ns, At safepoint: 56806281 ns, Total: 57904370 ns
[2022-06-29T11:30:57.502+0000][9][gc,start    ] GC(204) Pause Young (Normal) (G1 Evacuation Pause)
[2022-06-29T11:30:57.505+0000][9][gc,task     ] GC(204) Using 4 workers of 4 for evacuation
[2022-06-29T11:30:57.506+0000][9][gc,age      ] GC(204) Desired survivor size 20971520 bytes, new threshold 15 (max threshold 15)
[2022-06-29T11:30:57.511+0000][9][gc,phases   ] GC(204)   Pre Evacuate Collection Set: 0.2ms
[2022-06-29T11:30:57.512+0000][9][gc,phases   ] GC(204)   Merge Heap Roots: 0.2ms
[2022-06-29T11:30:57.513+0000][9][gc,phases   ] GC(204)   Evacuate Collection Set: 2.8ms
[2022-06-29T11:30:57.515+0000][9][gc,phases   ] GC(204)   Post Evacuate Collection Set: 1.0ms
[2022-06-29T11:30:57.515+0000][9][gc,phases   ] GC(204)   Other: 2.1ms
[2022-06-29T11:30:57.516+0000][9][gc,age      ] GC(204) Age table with threshold 15 (max threshold 15)
[2022-06-29T11:30:57.517+0000][9][gc,age      ] GC(204) - age   1:     948312 bytes,     948312 total
[2022-06-29T11:30:57.517+0000][9][gc,age      ] GC(204) - age   2:       3688 bytes,     952000 total
[2022-06-29T11:30:57.518+0000][9][gc,age      ] GC(204) - age   3:        192 bytes,     952192 total
[2022-06-29T11:30:57.518+0000][9][gc,age      ] GC(204) - age   4:        504 bytes,     952696 total
[2022-06-29T11:30:57.519+0000][9][gc,age      ] GC(204) - age   6:        784 bytes,     953480 total
[2022-06-29T11:30:57.519+0000][9][gc,age      ] GC(204) - age   7:       1872 bytes,     955352 total
[2022-06-29T11:30:57.520+0000][9][gc,age      ] GC(204) - age   8:        392 bytes,     955744 total
[2022-06-29T11:30:57.521+0000][9][gc,age      ] GC(204) - age   9:        568 bytes,     956312 total
[2022-06-29T11:30:57.521+0000][9][gc,age      ] GC(204) - age  12:        184 bytes,     956496 total
[2022-06-29T11:30:57.522+0000][9][gc,age      ] GC(204) - age  13:        864 bytes,     957360 total
[2022-06-29T11:30:57.523+0000][9][gc,age      ] GC(204) - age  14:         64 bytes,     957424 total
[2022-06-29T11:30:57.524+0000][9][gc,age      ] GC(204) - age  15:       8584 bytes,     966008 total
[2022-06-29T11:30:57.525+0000][9][gc,heap     ] GC(204) Eden regions: 75->0(75)
[2022-06-29T11:30:57.525+0000][9][gc,heap     ] GC(204) Survivor regions: 1->1(10)
[2022-06-29T11:30:57.526+0000][9][gc,heap     ] GC(204) Old regions: 22->22
[2022-06-29T11:30:57.526+0000][9][gc,heap     ] GC(204) Archive regions: 2->2
[2022-06-29T11:30:57.527+0000][9][gc,heap     ] GC(204) Humongous regions: 0->0
[2022-06-29T11:30:57.527+0000][9][gc,metaspace] GC(204) Metaspace: 130182K(133504K)->130182K(133504K) NonClass: 113173K(114880K)->113173K(114880K) Class: 17009K(18624K)->17009K(18624K)
[2022-06-29T11:30:57.528+0000][9][gc          ] GC(204) Pause Young (Normal) (G1 Evacuation Pause) 392M->91M(512M) 26.637ms
[2022-06-29T11:30:57.534+0000][9][gc,cpu      ] GC(204) User=0.01s Sys=0.00s Real=0.04s
[2022-06-29T11:30:57.535+0000][9][safepoint   ] Safepoint "G1CollectForAllocation", Time since last: 107944360855 ns, Reaching safepoint: 142339 ns, At safepoint: 33894142 ns, Total: 34036481 ns
[2022-06-29T11:31:22.538+0000][9][safepoint   ] Safepoint "Cleanup", Time since last: 25021472189 ns, Reaching safepoint: 443550 ns, At safepoint: 9696 ns, Total: 453246 ns
[2022-06-29T11:32:23.535+0000][9][safepoint   ] Safepoint "Cleanup", Time since last: 61042988466 ns, Reaching safepoint: 234294 ns, At safepoint: 11217 ns, Total: 245511 ns
[2022-06-29T11:32:45.491+0000][9][gc,start    ] GC(205) Pause Young (Normal) (G1 Evacuation Pause)
[2022-06-29T11:32:45.492+0000][9][gc,task     ] GC(205) Using 4 workers of 4 for evacuation
[2022-06-29T11:32:45.493+0000][9][gc,age      ] GC(205) Desired survivor size 20971520 bytes, new threshold 15 (max threshold 15)
[2022-06-29T11:32:45.514+0000][9][gc,phases   ] GC(205)   Pre Evacuate Collection Set: 0.5ms
[2022-06-29T11:32:45.515+0000][9][gc,phases   ] GC(205)   Merge Heap Roots: 0.2ms
[2022-06-29T11:32:45.516+0000][9][gc,phases   ] GC(205)   Evacuate Collection Set: 11.6ms
[2022-06-29T11:32:45.517+0000][9][gc,phases   ] GC(205)   Post Evacuate Collection Set: 7.6ms
[2022-06-29T11:32:45.518+0000][9][gc,phases   ] GC(205)   Other: 1.9ms
[2022-06-29T11:32:45.518+0000][9][gc,age      ] GC(205) Age table with threshold 15 (max threshold 15)
[2022-06-29T11:32:45.519+0000][9][gc,age      ] GC(205) - age   1:    1177040 bytes,    1177040 total
[2022-06-29T11:32:45.520+0000][9][gc,age      ] GC(205) - age   2:       1424 bytes,    1178464 total
[2022-06-29T11:32:45.520+0000][9][gc,age      ] GC(205) - age   3:       2416 bytes,    1180880 total
[2022-06-29T11:32:45.521+0000][9][gc,age      ] GC(205) - age   5:        320 bytes,    1181200 total
[2022-06-29T11:32:45.522+0000][9][gc,age      ] GC(205) - age   7:        784 bytes,    1181984 total
[2022-06-29T11:32:45.522+0000][9][gc,age      ] GC(205) - age   8:       1872 bytes,    1183856 total
[2022-06-29T11:32:45.523+0000][9][gc,age      ] GC(205) - age  10:        568 bytes,    1184424 total
[2022-06-29T11:32:45.523+0000][9][gc,age      ] GC(205) - age  13:        184 bytes,    1184608 total
[2022-06-29T11:32:45.524+0000][9][gc,age      ] GC(205) - age  14:        864 bytes,    1185472 total
[2022-06-29T11:32:45.524+0000][9][gc,age      ] GC(205) - age  15:         64 bytes,    1185536 total
[2022-06-29T11:32:45.525+0000][9][gc,heap     ] GC(205) Eden regions: 75->0(75)
[2022-06-29T11:32:45.526+0000][9][gc,heap     ] GC(205) Survivor regions: 1->1(10)
[2022-06-29T11:32:45.526+0000][9][gc,heap     ] GC(205) Old regions: 22->22
[2022-06-29T11:32:45.527+0000][9][gc,heap     ] GC(205) Archive regions: 2->2
[2022-06-29T11:32:45.528+0000][9][gc,heap     ] GC(205) Humongous regions: 0->0
[2022-06-29T11:32:45.528+0000][9][gc,metaspace] GC(205) Metaspace: 130182K(133504K)->130182K(133504K) NonClass: 113173K(114880K)->113173K(114880K) Class: 17009K(18624K)->17009K(18624K)
[2022-06-29T11:32:45.529+0000][9][gc          ] GC(205) Pause Young (Normal) (G1 Evacuation Pause) 391M->92M(512M) 37.893ms
[2022-06-29T11:32:45.529+0000][9][gc,cpu      ] GC(205) User=0.06s Sys=0.00s Real=0.04s
[2022-06-29T11:32:45.530+0000][9][safepoint   ] Safepoint "G1CollectForAllocation", Time since last: 21956023209 ns, Reaching safepoint: 109277 ns, At safepoint: 39309286 ns, Total: 39418563 ns
[2022-06-29T11:33:22.517+0000][9][safepoint   ] Safepoint "Cleanup", Time since last: 37030544341 ns, Reaching safepoint: 169738 ns, At safepoint: 5929 ns, Total: 175667 ns
[2022-06-29T11:34:22.550+0000][9][safepoint   ] Safepoint "Cleanup", Time since last: 60071909391 ns, Reaching safepoint: 2108749 ns, At safepoint: 6288 ns, Total: 2115037 ns
[2022-06-29T11:34:24.686+0000][9][gc,start    ] GC(206) Pause Young (Normal) (G1 Evacuation Pause)
[2022-06-29T11:34:24.692+0000][9][gc,task     ] GC(206) Using 4 workers of 4 for evacuation
[2022-06-29T11:34:24.697+0000][9][gc,age      ] GC(206) Desired survivor size 20971520 bytes, new threshold 15 (max threshold 15)
[2022-06-29T11:34:24.730+0000][9][gc,phases   ] GC(206)   Pre Evacuate Collection Set: 0.4ms
[2022-06-29T11:34:24.732+0000][9][gc,phases   ] GC(206)   Merge Heap Roots: 0.3ms
[2022-06-29T11:34:24.734+0000][9][gc,phases   ] GC(206)   Evacuate Collection Set: 24.6ms
[2022-06-29T11:34:24.735+0000][9][gc,phases   ] GC(206)   Post Evacuate Collection Set: 3.0ms
[2022-06-29T11:34:24.736+0000][9][gc,phases   ] GC(206)   Other: 10.1ms
[2022-06-29T11:34:24.737+0000][9][gc,age      ] GC(206) Age table with threshold 15 (max threshold 15)
[2022-06-29T11:34:24.738+0000][9][gc,age      ] GC(206) - age   1:     519568 bytes,     519568 total
[2022-06-29T11:34:24.739+0000][9][gc,age      ] GC(206) - age   2:       2560 bytes,     522128 total
[2022-06-29T11:34:24.741+0000][9][gc,age      ] GC(206) - age   3:        784 bytes,     522912 total
[2022-06-29T11:34:24.742+0000][9][gc,age      ] GC(206) - age   4:       1936 bytes,     524848 total
[2022-06-29T11:34:24.742+0000][9][gc,age      ] GC(206) - age   8:        784 bytes,     525632 total
[2022-06-29T11:34:24.743+0000][9][gc,age      ] GC(206) - age   9:       1872 bytes,     527504 total
[2022-06-29T11:34:24.744+0000][9][gc,age      ] GC(206) - age  11:        384 bytes,     527888 total
[2022-06-29T11:34:24.745+0000][9][gc,age      ] GC(206) - age  14:        184 bytes,     528072 total
[2022-06-29T11:34:24.746+0000][9][gc,age      ] GC(206) - age  15:        864 bytes,     528936 total
[2022-06-29T11:34:24.747+0000][9][gc,heap     ] GC(206) Eden regions: 75->0(75)
[2022-06-29T11:34:24.748+0000][9][gc,heap     ] GC(206) Survivor regions: 1->1(10)
[2022-06-29T11:34:24.749+0000][9][gc,heap     ] GC(206) Old regions: 22->22
[2022-06-29T11:34:24.750+0000][9][gc,heap     ] GC(206) Archive regions: 2->2
[2022-06-29T11:34:24.751+0000][9][gc,heap     ] GC(206) Humongous regions: 0->0
[2022-06-29T11:34:24.751+0000][9][gc,metaspace] GC(206) Metaspace: 130182K(133504K)->130182K(133504K) NonClass: 113173K(114880K)->113173K(114880K) Class: 17009K(18624K)->17009K(18624K)
[2022-06-29T11:34:24.752+0000][9][gc          ] GC(206) Pause Young (Normal) (G1 Evacuation Pause) 392M->91M(512M) 66.462ms
[2022-06-29T11:34:24.753+0000][9][gc,cpu      ] GC(206) User=0.06s Sys=0.01s Real=0.07s
[2022-06-29T11:34:24.754+0000][9][safepoint   ] Safepoint "G1CollectForAllocation", Time since last: 2134725236 ns, Reaching safepoint: 848408 ns, At safepoint: 68262664 ns, Total: 69111072 ns
[2022-06-29T11:35:58.357+0000][9][gc,start    ] GC(207) Pause Young (Normal) (G1 Evacuation Pause)
[2022-06-29T11:35:58.359+0000][9][gc,task     ] GC(207) Using 4 workers of 4 for evacuation
[2022-06-29T11:35:58.359+0000][9][gc,age      ] GC(207) Desired survivor size 20971520 bytes, new threshold 15 (max threshold 15)
[2022-06-29T11:35:58.365+0000][9][gc,phases   ] GC(207)   Pre Evacuate Collection Set: 0.3ms
[2022-06-29T11:35:58.366+0000][9][gc,phases   ] GC(207)   Merge Heap Roots: 0.1ms
[2022-06-29T11:35:58.367+0000][9][gc,phases   ] GC(207)   Evacuate Collection Set: 2.9ms
[2022-06-29T11:35:58.367+0000][9][gc,phases   ] GC(207)   Post Evacuate Collection Set: 0.9ms
[2022-06-29T11:35:58.368+0000][9][gc,phases   ] GC(207)   Other: 2.7ms
[2022-06-29T11:35:58.369+0000][9][gc,age      ] GC(207) Age table with threshold 15 (max threshold 15)
[2022-06-29T11:35:58.369+0000][9][gc,age      ] GC(207) - age   1:    1586976 bytes,    1586976 total
[2022-06-29T11:35:58.370+0000][9][gc,age      ] GC(207) - age   2:       1368 bytes,    1588344 total
[2022-06-29T11:35:58.371+0000][9][gc,age      ] GC(207) - age   3:        608 bytes,    1588952 total
[2022-06-29T11:35:58.371+0000][9][gc,age      ] GC(207) - age   4:        656 bytes,    1589608 total
[2022-06-29T11:35:58.372+0000][9][gc,age      ] GC(207) - age   5:       1936 bytes,    1591544 total
[2022-06-29T11:35:58.373+0000][9][gc,age      ] GC(207) - age   9:        784 bytes,    1592328 total
[2022-06-29T11:35:58.373+0000][9][gc,age      ] GC(207) - age  10:       1872 bytes,    1594200 total
[2022-06-29T11:35:58.374+0000][9][gc,age      ] GC(207) - age  15:        184 bytes,    1594384 total
[2022-06-29T11:35:58.375+0000][9][gc,heap     ] GC(207) Eden regions: 75->0(75)
[2022-06-29T11:35:58.376+0000][9][gc,heap     ] GC(207) Survivor regions: 1->1(10)
[2022-06-29T11:35:58.376+0000][9][gc,heap     ] GC(207) Old regions: 22->22
[2022-06-29T11:35:58.377+0000][9][gc,heap     ] GC(207) Archive regions: 2->2
[2022-06-29T11:35:58.378+0000][9][gc,heap     ] GC(207) Humongous regions: 0->0
[2022-06-29T11:35:58.378+0000][9][gc,metaspace] GC(207) Metaspace: 130182K(133504K)->130182K(133504K) NonClass: 113173K(114880K)->113173K(114880K) Class: 17009K(18624K)->17009K(18624K)
[2022-06-29T11:35:58.379+0000][9][gc          ] GC(207) Pause Young (Normal) (G1 Evacuation Pause) 391M->92M(512M) 22.245ms
[2022-06-29T11:35:58.380+0000][9][gc,cpu      ] GC(207) User=0.01s Sys=0.00s Real=0.02s
[2022-06-29T11:35:58.381+0000][9][safepoint   ] Safepoint "G1CollectForAllocation", Time since last: 93665581974 ns, Reaching safepoint: 2681939 ns, At safepoint: 24291394 ns, Total: 26973333 ns
[2022-06-29T11:35:59.383+0000][9][safepoint   ] Safepoint "Cleanup", Time since last: 1001293742 ns, Reaching safepoint: 670238 ns, At safepoint: 114430 ns, Total: 784668 ns
[2022-06-29T11:36:22.380+0000][9][safepoint   ] Safepoint "Cleanup", Time since last: 23018386594 ns, Reaching safepoint: 321560 ns, At safepoint: 54558 ns, Total: 376118 ns
[2022-06-29T11:37:45.760+0000][9][gc,start    ] GC(208) Pause Young (Normal) (G1 Evacuation Pause)
[2022-06-29T11:37:45.762+0000][9][gc,task     ] GC(208) Using 4 workers of 4 for evacuation
[2022-06-29T11:37:45.763+0000][9][gc,age      ] GC(208) Desired survivor size 20971520 bytes, new threshold 15 (max threshold 15)
[2022-06-29T11:37:45.782+0000][9][gc,phases   ] GC(208)   Pre Evacuate Collection Set: 0.6ms
[2022-06-29T11:37:45.782+0000][9][gc,phases   ] GC(208)   Merge Heap Roots: 0.3ms
[2022-06-29T11:37:45.783+0000][9][gc,phases   ] GC(208)   Evacuate Collection Set: 10.2ms
[2022-06-29T11:37:45.784+0000][9][gc,phases   ] GC(208)   Post Evacuate Collection Set: 6.8ms
[2022-06-29T11:37:45.784+0000][9][gc,phases   ] GC(208)   Other: 2.0ms
[2022-06-29T11:37:45.785+0000][9][gc,age      ] GC(208) Age table with threshold 15 (max threshold 15)
[2022-06-29T11:37:45.786+0000][9][gc,age      ] GC(208) - age   1:     859848 bytes,     859848 total
[2022-06-29T11:37:45.786+0000][9][gc,age      ] GC(208) - age   2:      22728 bytes,     882576 total
[2022-06-29T11:37:45.787+0000][9][gc,age      ] GC(208) - age   3:        704 bytes,     883280 total
[2022-06-29T11:37:45.788+0000][9][gc,age      ] GC(208) - age   4:        392 bytes,     883672 total
[2022-06-29T11:37:45.788+0000][9][gc,age      ] GC(208) - age   5:        656 bytes,     884328 total
[2022-06-29T11:37:45.789+0000][9][gc,age      ] GC(208) - age   6:        400 bytes,     884728 total
[2022-06-29T11:37:45.790+0000][9][gc,age      ] GC(208) - age  10:        784 bytes,     885512 total
[2022-06-29T11:37:45.790+0000][9][gc,age      ] GC(208) - age  11:       1872 bytes,     887384 total
[2022-06-29T11:37:45.791+0000][9][gc,heap     ] GC(208) Eden regions: 75->0(75)
[2022-06-29T11:37:45.792+0000][9][gc,heap     ] GC(208) Survivor regions: 1->1(10)
[2022-06-29T11:37:45.793+0000][9][gc,heap     ] GC(208) Old regions: 22->22
[2022-06-29T11:37:45.793+0000][9][gc,heap     ] GC(208) Archive regions: 2->2
[2022-06-29T11:37:45.794+0000][9][gc,heap     ] GC(208) Humongous regions: 0->0
[2022-06-29T11:37:45.795+0000][9][gc,metaspace] GC(208) Metaspace: 130182K(133504K)->130182K(133504K) NonClass: 113173K(114880K)->113173K(114880K) Class: 17009K(18624K)->17009K(18624K)
[2022-06-29T11:37:45.795+0000][9][gc          ] GC(208) Pause Young (Normal) (G1 Evacuation Pause) 392M->91M(512M) 35.336ms
[2022-06-29T11:37:45.796+0000][9][gc,cpu      ] GC(208) User=0.05s Sys=0.01s Real=0.04s
[2022-06-29T11:37:45.797+0000][9][safepoint   ] Safepoint "G1CollectForAllocation", Time since last: 83422786538 ns, Reaching safepoint: 207089 ns, At safepoint: 36614195 ns, Total: 36821284 ns
[2022-06-29T11:38:57.792+0000][9][safepoint   ] Safepoint "Cleanup", Time since last: 72059699773 ns, Reaching safepoint: 366475 ns, At safepoint: 17801 ns, Total: 384276 ns
[2022-06-29T11:39:39.345+0000][9][gc,start    ] GC(209) Pause Young (Normal) (G1 Evacuation Pause)
[2022-06-29T11:39:39.350+0000][9][gc,task     ] GC(209) Using 4 workers of 4 for evacuation
[2022-06-29T11:39:39.351+0000][9][gc,age      ] GC(209) Desired survivor size 20971520 bytes, new threshold 15 (max threshold 15)
[2022-06-29T11:39:39.366+0000][9][gc,phases   ] GC(209)   Pre Evacuate Collection Set: 0.3ms
[2022-06-29T11:39:39.367+0000][9][gc,phases   ] GC(209)   Merge Heap Roots: 0.1ms
[2022-06-29T11:39:39.368+0000][9][gc,phases   ] GC(209)   Evacuate Collection Set: 12.2ms
[2022-06-29T11:39:39.369+0000][9][gc,phases   ] GC(209)   Post Evacuate Collection Set: 1.2ms
[2022-06-29T11:39:39.369+0000][9][gc,phases   ] GC(209)   Other: 1.8ms
[2022-06-29T11:39:39.370+0000][9][gc,age      ] GC(209) Age table with threshold 15 (max threshold 15)
[2022-06-29T11:39:39.371+0000][9][gc,age      ] GC(209) - age   1:     965920 bytes,     965920 total
[2022-06-29T11:39:39.371+0000][9][gc,age      ] GC(209) - age   2:       8208 bytes,     974128 total
[2022-06-29T11:39:39.373+0000][9][gc,age      ] GC(209) - age   3:      21064 bytes,     995192 total
[2022-06-29T11:39:39.374+0000][9][gc,age      ] GC(209) - age   4:        184 bytes,     995376 total
[2022-06-29T11:39:39.375+0000][9][gc,age      ] GC(209) - age   5:        392 bytes,     995768 total
[2022-06-29T11:39:39.376+0000][9][gc,age      ] GC(209) - age   6:        656 bytes,     996424 total
[2022-06-29T11:39:39.377+0000][9][gc,age      ] GC(209) - age   7:        248 bytes,     996672 total
[2022-06-29T11:39:39.377+0000][9][gc,age      ] GC(209) - age  11:        784 bytes,     997456 total
[2022-06-29T11:39:39.379+0000][9][gc,age      ] GC(209) - age  12:       1840 bytes,     999296 total
[2022-06-29T11:39:39.380+0000][9][gc,heap     ] GC(209) Eden regions: 75->0(75)
[2022-06-29T11:39:39.380+0000][9][gc,heap     ] GC(209) Survivor regions: 1->1(10)
[2022-06-29T11:39:39.381+0000][9][gc,heap     ] GC(209) Old regions: 22->22
[2022-06-29T11:39:39.382+0000][9][gc,heap     ] GC(209) Archive regions: 2->2
[2022-06-29T11:39:39.382+0000][9][gc,heap     ] GC(209) Humongous regions: 0->0
[2022-06-29T11:39:39.383+0000][9][gc,metaspace] GC(209) Metaspace: 130185K(133504K)->130185K(133504K) NonClass: 113175K(114880K)->113175K(114880K) Class: 17009K(18624K)->17009K(18624K)
[2022-06-29T11:39:39.385+0000][9][gc          ] GC(209) Pause Young (Normal) (G1 Evacuation Pause) 391M->92M(512M) 40.631ms
[2022-06-29T11:39:39.386+0000][9][gc,cpu      ] GC(209) User=0.04s Sys=0.00s Real=0.05s
[2022-06-29T11:39:39.387+0000][9][safepoint   ] Safepoint "G1CollectForAllocation", Time since last: 41573758348 ns, Reaching safepoint: 451679 ns, At safepoint: 42440753 ns, Total: 42892432 ns
[2022-06-29T11:41:22.389+0000][9][safepoint   ] Safepoint "Cleanup", Time since last: 103088291926 ns, Reaching safepoint: 176033 ns, At safepoint: 9568 ns, Total: 185601 ns
[2022-06-29T11:41:22.430+0000][9][gc,start    ] GC(210) Pause Young (Normal) (G1 Evacuation Pause)
[2022-06-29T11:41:22.432+0000][9][gc,task     ] GC(210) Using 4 workers of 4 for evacuation
[2022-06-29T11:41:22.433+0000][9][gc,age      ] GC(210) Desired survivor size 20971520 bytes, new threshold 15 (max threshold 15)
[2022-06-29T11:41:22.442+0000][9][gc,phases   ] GC(210)   Pre Evacuate Collection Set: 0.2ms
[2022-06-29T11:41:22.444+0000][9][gc,phases   ] GC(210)   Merge Heap Roots: 0.2ms
[2022-06-29T11:41:22.444+0000][9][gc,phases   ] GC(210)   Evacuate Collection Set: 5.6ms
[2022-06-29T11:41:22.445+0000][9][gc,phases   ] GC(210)   Post Evacuate Collection Set: 1.6ms
[2022-06-29T11:41:22.445+0000][9][gc,phases   ] GC(210)   Other: 2.1ms
[2022-06-29T11:41:22.446+0000][9][gc,age      ] GC(210) Age table with threshold 15 (max threshold 15)
[2022-06-29T11:41:22.446+0000][9][gc,age      ] GC(210) - age   1:    1636856 bytes,    1636856 total
[2022-06-29T11:41:22.448+0000][9][gc,age      ] GC(210) - age   2:       2184 bytes,    1639040 total
[2022-06-29T11:41:22.449+0000][9][gc,age      ] GC(210) - age   3:       6864 bytes,    1645904 total
[2022-06-29T11:41:22.449+0000][9][gc,age      ] GC(210) - age   4:      20936 bytes,    1666840 total
[2022-06-29T11:41:22.450+0000][9][gc,age      ] GC(210) - age   5:        184 bytes,    1667024 total
[2022-06-29T11:41:22.451+0000][9][gc,age      ] GC(210) - age   6:        392 bytes,    1667416 total
[2022-06-29T11:41:22.451+0000][9][gc,age      ] GC(210) - age   7:        656 bytes,    1668072 total
[2022-06-29T11:41:22.452+0000][9][gc,age      ] GC(210) - age   8:        216 bytes,    1668288 total
[2022-06-29T11:41:22.453+0000][9][gc,age      ] GC(210) - age  12:        784 bytes,    1669072 total
[2022-06-29T11:41:22.455+0000][9][gc,age      ] GC(210) - age  13:       1840 bytes,    1670912 total
[2022-06-29T11:41:22.456+0000][9][gc,heap     ] GC(210) Eden regions: 75->0(75)
[2022-06-29T11:41:22.456+0000][9][gc,heap     ] GC(210) Survivor regions: 1->1(10)
[2022-06-29T11:41:22.457+0000][9][gc,heap     ] GC(210) Old regions: 22->22
[2022-06-29T11:41:22.458+0000][9][gc,heap     ] GC(210) Archive regions: 2->2
[2022-06-29T11:41:22.458+0000][9][gc,heap     ] GC(210) Humongous regions: 0->0
[2022-06-29T11:41:22.459+0000][9][gc,metaspace] GC(210) Metaspace: 130185K(133504K)->130185K(133504K) NonClass: 113175K(114880K)->113175K(114880K) Class: 17009K(18624K)->17009K(18624K)
[2022-06-29T11:41:22.460+0000][9][gc          ] GC(210) Pause Young (Normal) (G1 Evacuation Pause) 392M->92M(512M) 29.671ms
[2022-06-29T11:41:22.461+0000][9][gc,cpu      ] GC(210) User=0.02s Sys=0.00s Real=0.03s
[2022-06-29T11:41:22.462+0000][9][safepoint   ] Safepoint "G1CollectForAllocation", Time since last: 41196677 ns, Reaching safepoint: 110715 ns, At safepoint: 31564761 ns, Total: 31675476 ns
[2022-06-29T11:42:15.475+0000][9][safepoint   ] Safepoint "Cleanup", Time since last: 53033609181 ns, Reaching safepoint: 280103 ns, At safepoint: 8998 ns, Total: 289101 ns
[2022-06-29T11:42:22.460+0000][9][safepoint   ] Safepoint "Cleanup", Time since last: 7007838265 ns, Reaching safepoint: 421041 ns, At safepoint: 5952 ns, Total: 426993 ns
[2022-06-29T11:43:09.273+0000][9][gc,start    ] GC(211) Pause Young (Normal) (G1 Evacuation Pause)
[2022-06-29T11:43:09.275+0000][9][gc,task     ] GC(211) Using 4 workers of 4 for evacuation
[2022-06-29T11:43:09.275+0000][9][gc,age      ] GC(211) Desired survivor size 20971520 bytes, new threshold 15 (max threshold 15)
[2022-06-29T11:43:09.286+0000][9][gc,phases   ] GC(211)   Pre Evacuate Collection Set: 0.3ms
[2022-06-29T11:43:09.287+0000][9][gc,phases   ] GC(211)   Merge Heap Roots: 0.3ms
[2022-06-29T11:43:09.288+0000][9][gc,phases   ] GC(211)   Evacuate Collection Set: 8.0ms
[2022-06-29T11:43:09.288+0000][9][gc,phases   ] GC(211)   Post Evacuate Collection Set: 1.3ms
[2022-06-29T11:43:09.289+0000][9][gc,phases   ] GC(211)   Other: 1.5ms
[2022-06-29T11:43:09.289+0000][9][gc,age      ] GC(211) Age table with threshold 15 (max threshold 15)
[2022-06-29T11:43:09.291+0000][9][gc,age      ] GC(211) - age   1:    1181592 bytes,    1181592 total
[2022-06-29T11:43:09.291+0000][9][gc,age      ] GC(211) - age   2:       2368 bytes,    1183960 total
[2022-06-29T11:43:09.292+0000][9][gc,age      ] GC(211) - age   3:        688 bytes,    1184648 total
[2022-06-29T11:43:09.292+0000][9][gc,age      ] GC(211) - age   4:       6800 bytes,    1191448 total
[2022-06-29T11:43:09.293+0000][9][gc,age      ] GC(211) - age   5:      20936 bytes,    1212384 total
[2022-06-29T11:43:09.294+0000][9][gc,age      ] GC(211) - age   6:        184 bytes,    1212568 total
[2022-06-29T11:43:09.295+0000][9][gc,age      ] GC(211) - age   7:        392 bytes,    1212960 total
[2022-06-29T11:43:09.296+0000][9][gc,age      ] GC(211) - age   8:        656 bytes,    1213616 total
[2022-06-29T11:43:09.296+0000][9][gc,age      ] GC(211) - age   9:        216 bytes,    1213832 total
[2022-06-29T11:43:09.297+0000][9][gc,age      ] GC(211) - age  13:        600 bytes,    1214432 total
[2022-06-29T11:43:09.298+0000][9][gc,age      ] GC(211) - age  14:       1840 bytes,    1216272 total
[2022-06-29T11:43:09.299+0000][9][gc,heap     ] GC(211) Eden regions: 75->0(75)
[2022-06-29T11:43:09.299+0000][9][gc,heap     ] GC(211) Survivor regions: 1->1(10)
[2022-06-29T11:43:09.300+0000][9][gc,heap     ] GC(211) Old regions: 22->22
[2022-06-29T11:43:09.301+0000][9][gc,heap     ] GC(211) Archive regions: 2->2
[2022-06-29T11:43:09.301+0000][9][gc,heap     ] GC(211) Humongous regions: 0->0
[2022-06-29T11:43:09.302+0000][9][gc,metaspace] GC(211) Metaspace: 130185K(133504K)->130185K(133504K) NonClass: 113175K(114880K)->113175K(114880K) Class: 17009K(18624K)->17009K(18624K)
[2022-06-29T11:43:09.303+0000][9][gc          ] GC(211) Pause Young (Normal) (G1 Evacuation Pause) 392M->92M(512M) 29.504ms
[2022-06-29T11:43:09.304+0000][9][gc,cpu      ] GC(211) User=0.03s Sys=0.00s Real=0.03s
[2022-06-29T11:43:09.304+0000][9][safepoint   ] Safepoint "G1CollectForAllocation", Time since last: 46834565271 ns, Reaching safepoint: 78654 ns, At safepoint: 30978306 ns, Total: 31056960 ns
[2022-06-29T11:44:58.134+0000][9][gc,start    ] GC(212) Pause Young (Normal) (G1 Evacuation Pause)
[2022-06-29T11:44:58.137+0000][9][gc,task     ] GC(212) Using 4 workers of 4 for evacuation
[2022-06-29T11:44:58.138+0000][9][gc,age      ] GC(212) Desired survivor size 20971520 bytes, new threshold 15 (max threshold 15)
[2022-06-29T11:44:58.148+0000][9][gc,phases   ] GC(212)   Pre Evacuate Collection Set: 0.2ms
[2022-06-29T11:44:58.149+0000][9][gc,phases   ] GC(212)   Merge Heap Roots: 0.1ms
[2022-06-29T11:44:58.149+0000][9][gc,phases   ] GC(212)   Evacuate Collection Set: 4.7ms
[2022-06-29T11:44:58.150+0000][9][gc,phases   ] GC(212)   Post Evacuate Collection Set: 3.6ms
[2022-06-29T11:44:58.151+0000][9][gc,phases   ] GC(212)   Other: 2.2ms
[2022-06-29T11:44:58.151+0000][9][gc,age      ] GC(212) Age table with threshold 15 (max threshold 15)
[2022-06-29T11:44:58.152+0000][9][gc,age      ] GC(212) - age   1:    1496688 bytes,    1496688 total
[2022-06-29T11:44:58.152+0000][9][gc,age      ] GC(212) - age   2:       1320 bytes,    1498008 total
[2022-06-29T11:44:58.154+0000][9][gc,age      ] GC(212) - age   3:       1048 bytes,    1499056 total
[2022-06-29T11:44:58.154+0000][9][gc,age      ] GC(212) - age   4:        392 bytes,    1499448 total
[2022-06-29T11:44:58.155+0000][9][gc,age      ] GC(212) - age   5:       6616 bytes,    1506064 total
[2022-06-29T11:44:58.156+0000][9][gc,age      ] GC(212) - age   6:      20936 bytes,    1527000 total
[2022-06-29T11:44:58.157+0000][9][gc,age      ] GC(212) - age   7:        184 bytes,    1527184 total
[2022-06-29T11:44:58.158+0000][9][gc,age      ] GC(212) - age   8:        392 bytes,    1527576 total
[2022-06-29T11:44:58.158+0000][9][gc,age      ] GC(212) - age   9:        656 bytes,    1528232 total
[2022-06-29T11:44:58.159+0000][9][gc,age      ] GC(212) - age  10:        216 bytes,    1528448 total
[2022-06-29T11:44:58.160+0000][9][gc,age      ] GC(212) - age  14:        600 bytes,    1529048 total
[2022-06-29T11:44:58.160+0000][9][gc,age      ] GC(212) - age  15:       1840 bytes,    1530888 total
[2022-06-29T11:44:58.161+0000][9][gc,heap     ] GC(212) Eden regions: 75->0(75)
[2022-06-29T11:44:58.162+0000][9][gc,heap     ] GC(212) Survivor regions: 1->1(10)
[2022-06-29T11:44:58.162+0000][9][gc,heap     ] GC(212) Old regions: 22->22
[2022-06-29T11:44:58.163+0000][9][gc,heap     ] GC(212) Archive regions: 2->2
[2022-06-29T11:44:58.164+0000][9][gc,heap     ] GC(212) Humongous regions: 0->0
[2022-06-29T11:44:58.164+0000][9][gc,metaspace] GC(212) Metaspace: 130185K(133504K)->130185K(133504K) NonClass: 113175K(114880K)->113175K(114880K) Class: 17009K(18624K)->17009K(18624K)
[2022-06-29T11:44:58.165+0000][9][gc          ] GC(212) Pause Young (Normal) (G1 Evacuation Pause) 392M->92M(512M) 31.107ms
[2022-06-29T11:44:58.166+0000][9][gc,cpu      ] GC(212) User=0.02s Sys=0.00s Real=0.03s
[2022-06-29T11:44:58.167+0000][9][safepoint   ] Safepoint "G1CollectForAllocation", Time since last: 108916195811 ns, Reaching safepoint: 92681 ns, At safepoint: 32562713 ns, Total: 32655394 ns
[2022-06-29T11:46:45.166+0000][9][gc,start    ] GC(213) Pause Young (Normal) (G1 Evacuation Pause)
[2022-06-29T11:46:45.168+0000][9][gc,task     ] GC(213) Using 4 workers of 4 for evacuation
[2022-06-29T11:46:45.168+0000][9][gc,age      ] GC(213) Desired survivor size 20971520 bytes, new threshold 15 (max threshold 15)
[2022-06-29T11:46:45.175+0000][9][gc,phases   ] GC(213)   Pre Evacuate Collection Set: 0.2ms
[2022-06-29T11:46:45.176+0000][9][gc,phases   ] GC(213)   Merge Heap Roots: 0.1ms
[2022-06-29T11:46:45.176+0000][9][gc,phases   ] GC(213)   Evacuate Collection Set: 4.4ms
[2022-06-29T11:46:45.177+0000][9][gc,phases   ] GC(213)   Post Evacuate Collection Set: 1.1ms
[2022-06-29T11:46:45.178+0000][9][gc,phases   ] GC(213)   Other: 1.4ms
[2022-06-29T11:46:45.178+0000][9][gc,age      ] GC(213) Age table with threshold 15 (max threshold 15)
[2022-06-29T11:46:45.179+0000][9][gc,age      ] GC(213) - age   1:     667408 bytes,     667408 total
[2022-06-29T11:46:45.180+0000][9][gc,age      ] GC(213) - age   2:       2336 bytes,     669744 total
[2022-06-29T11:46:45.180+0000][9][gc,age      ] GC(213) - age   3:        496 bytes,     670240 total
[2022-06-29T11:46:45.181+0000][9][gc,age      ] GC(213) - age   4:        960 bytes,     671200 total
[2022-06-29T11:46:45.182+0000][9][gc,age      ] GC(213) - age   5:        392 bytes,     671592 total
[2022-06-29T11:46:45.182+0000][9][gc,age      ] GC(213) - age   6:       6616 bytes,     678208 total
[2022-06-29T11:46:45.183+0000][9][gc,age      ] GC(213) - age   7:      20752 bytes,     698960 total
[2022-06-29T11:46:45.183+0000][9][gc,age      ] GC(213) - age   8:        184 bytes,     699144 total
[2022-06-29T11:46:45.184+0000][9][gc,age      ] GC(213) - age   9:        392 bytes,     699536 total
[2022-06-29T11:46:45.185+0000][9][gc,age      ] GC(213) - age  10:        656 bytes,     700192 total
[2022-06-29T11:46:45.185+0000][9][gc,age      ] GC(213) - age  11:        216 bytes,     700408 total
[2022-06-29T11:46:45.186+0000][9][gc,age      ] GC(213) - age  15:        600 bytes,     701008 total
[2022-06-29T11:46:45.187+0000][9][gc,heap     ] GC(213) Eden regions: 75->0(75)
[2022-06-29T11:46:45.188+0000][9][gc,heap     ] GC(213) Survivor regions: 1->1(10)
[2022-06-29T11:46:45.188+0000][9][gc,heap     ] GC(213) Old regions: 22->22
[2022-06-29T11:46:45.189+0000][9][gc,heap     ] GC(213) Archive regions: 2->2
[2022-06-29T11:46:45.190+0000][9][gc,heap     ] GC(213) Humongous regions: 0->0
[2022-06-29T11:46:45.190+0000][9][gc,metaspace] GC(213) Metaspace: 130185K(133504K)->130185K(133504K) NonClass: 113175K(114880K)->113175K(114880K) Class: 17009K(18624K)->17009K(18624K)
[2022-06-29T11:46:45.191+0000][9][gc          ] GC(213) Pause Young (Normal) (G1 Evacuation Pause) 392M->91M(512M) 25.323ms
[2022-06-29T11:46:45.192+0000][9][gc,cpu      ] GC(213) User=0.02s Sys=0.00s Real=0.02s
[2022-06-29T11:46:45.192+0000][9][safepoint   ] Safepoint "G1CollectForAllocation", Time since last: 107062582604 ns, Reaching safepoint: 124220 ns, At safepoint: 26767401 ns, Total: 26891621 ns
[2022-06-29T11:47:23.183+0000][9][safepoint   ] Safepoint "Cleanup", Time since last: 38034332954 ns, Reaching safepoint: 141372 ns, At safepoint: 6391 ns, Total: 147763 ns
[2022-06-29T11:47:27.192+0000][9][safepoint   ] Safepoint "Cleanup", Time since last: 4008406190 ns, Reaching safepoint: 263008 ns, At safepoint: 20298 ns, Total: 283306 ns
[2022-06-29T11:48:22.193+0000][9][safepoint   ] Safepoint "Cleanup", Time since last: 55045011709 ns, Reaching safepoint: 283353 ns, At safepoint: 3911 ns, Total: 287264 ns
[2022-06-29T11:48:27.127+0000][9][gc,start    ] GC(214) Pause Young (Normal) (G1 Evacuation Pause)
[2022-06-29T11:48:27.128+0000][9][gc,task     ] GC(214) Using 4 workers of 4 for evacuation
[2022-06-29T11:48:27.129+0000][9][gc,age      ] GC(214) Desired survivor size 20971520 bytes, new threshold 15 (max threshold 15)
[2022-06-29T11:48:27.136+0000][9][gc,phases   ] GC(214)   Pre Evacuate Collection Set: 0.3ms
[2022-06-29T11:48:27.137+0000][9][gc,phases   ] GC(214)   Merge Heap Roots: 0.2ms
[2022-06-29T11:48:27.138+0000][9][gc,phases   ] GC(214)   Evacuate Collection Set: 3.6ms
[2022-06-29T11:48:27.139+0000][9][gc,phases   ] GC(214)   Post Evacuate Collection Set: 1.6ms
[2022-06-29T11:48:27.140+0000][9][gc,phases   ] GC(214)   Other: 2.1ms
[2022-06-29T11:48:27.140+0000][9][gc,age      ] GC(214) Age table with threshold 15 (max threshold 15)
[2022-06-29T11:48:27.141+0000][9][gc,age      ] GC(214) - age   1:    1454696 bytes,    1454696 total
[2022-06-29T11:48:27.141+0000][9][gc,age      ] GC(214) - age   2:        888 bytes,    1455584 total
[2022-06-29T11:48:27.142+0000][9][gc,age      ] GC(214) - age   3:        312 bytes,    1455896 total
[2022-06-29T11:48:27.143+0000][9][gc,age      ] GC(214) - age   4:         24 bytes,    1455920 total
[2022-06-29T11:48:27.144+0000][9][gc,age      ] GC(214) - age   5:        872 bytes,    1456792 total
[2022-06-29T11:48:27.145+0000][9][gc,age      ] GC(214) - age   6:        392 bytes,    1457184 total
[2022-06-29T11:48:27.146+0000][9][gc,age      ] GC(214) - age   7:       5080 bytes,    1462264 total
[2022-06-29T11:48:27.146+0000][9][gc,age      ] GC(214) - age   8:      20752 bytes,    1483016 total
[2022-06-29T11:48:27.147+0000][9][gc,age      ] GC(214) - age   9:        184 bytes,    1483200 total
[2022-06-29T11:48:27.147+0000][9][gc,age      ] GC(214) - age  11:        656 bytes,    1483856 total
[2022-06-29T11:48:27.148+0000][9][gc,age      ] GC(214) - age  12:        216 bytes,    1484072 total
[2022-06-29T11:48:27.149+0000][9][gc,heap     ] GC(214) Eden regions: 75->0(75)
[2022-06-29T11:48:27.149+0000][9][gc,heap     ] GC(214) Survivor regions: 1->1(10)
[2022-06-29T11:48:27.150+0000][9][gc,heap     ] GC(214) Old regions: 22->22
[2022-06-29T11:48:27.150+0000][9][gc,heap     ] GC(214) Archive regions: 2->2
[2022-06-29T11:48:27.151+0000][9][gc,heap     ] GC(214) Humongous regions: 0->0
[2022-06-29T11:48:27.151+0000][9][gc,metaspace] GC(214) Metaspace: 130186K(133504K)->130186K(133504K) NonClass: 113176K(114880K)->113176K(114880K) Class: 17009K(18624K)->17009K(18624K)
[2022-06-29T11:48:27.152+0000][9][gc          ] GC(214) Pause Young (Normal) (G1 Evacuation Pause) 391M->92M(512M) 25.362ms
[2022-06-29T11:48:27.153+0000][9][gc,cpu      ] GC(214) User=0.01s Sys=0.00s Real=0.02s
[2022-06-29T11:48:27.153+0000][9][safepoint   ] Safepoint "G1CollectForAllocation", Time since last: 4933325188 ns, Reaching safepoint: 84637 ns, At safepoint: 26621908 ns, Total: 26706545 ns
[2022-06-29T11:48:51.181+0000][9][safepoint   ] Safepoint "Cleanup", Time since last: 24027519767 ns, Reaching safepoint: 214447 ns, At safepoint: 10958 ns, Total: 225405 ns
[2022-06-29T11:49:22.167+0000][9][safepoint   ] Safepoint "Cleanup", Time since last: 31028290390 ns, Reaching safepoint: 213819 ns, At safepoint: 69226 ns, Total: 283045 ns
[2022-06-29T11:50:21.452+0000][9][gc,start    ] GC(215) Pause Young (Normal) (G1 Evacuation Pause)
[2022-06-29T11:50:21.458+0000][9][gc,task     ] GC(215) Using 4 workers of 4 for evacuation
[2022-06-29T11:50:21.459+0000][9][gc,age      ] GC(215) Desired survivor size 20971520 bytes, new threshold 15 (max threshold 15)
[2022-06-29T11:50:21.466+0000][9][gc,phases   ] GC(215)   Pre Evacuate Collection Set: 0.4ms
[2022-06-29T11:50:21.467+0000][9][gc,phases   ] GC(215)   Merge Heap Roots: 0.2ms
[2022-06-29T11:50:21.468+0000][9][gc,phases   ] GC(215)   Evacuate Collection Set: 3.8ms
[2022-06-29T11:50:21.468+0000][9][gc,phases   ] GC(215)   Post Evacuate Collection Set: 1.8ms
[2022-06-29T11:50:21.469+0000][9][gc,phases   ] GC(215)   Other: 1.9ms
[2022-06-29T11:50:21.470+0000][9][gc,age      ] GC(215) Age table with threshold 15 (max threshold 15)
[2022-06-29T11:50:21.471+0000][9][gc,age      ] GC(215) - age   1:     962984 bytes,     962984 total
[2022-06-29T11:50:21.471+0000][9][gc,age      ] GC(215) - age   2:     319392 bytes,    1282376 total
[2022-06-29T11:50:21.472+0000][9][gc,age      ] GC(215) - age   3:        184 bytes,    1282560 total
[2022-06-29T11:50:21.472+0000][9][gc,age      ] GC(215) - age   4:        184 bytes,    1282744 total
[2022-06-29T11:50:21.473+0000][9][gc,age      ] GC(215) - age   5:         24 bytes,    1282768 total
[2022-06-29T11:50:21.474+0000][9][gc,age      ] GC(215) - age   6:        576 bytes,    1283344 total
[2022-06-29T11:50:21.475+0000][9][gc,age      ] GC(215) - age   7:        216 bytes,    1283560 total
[2022-06-29T11:50:21.475+0000][9][gc,age      ] GC(215) - age   8:       5080 bytes,    1288640 total
[2022-06-29T11:50:21.476+0000][9][gc,age      ] GC(215) - age   9:      20752 bytes,    1309392 total
[2022-06-29T11:50:21.477+0000][9][gc,age      ] GC(215) - age  10:        184 bytes,    1309576 total
[2022-06-29T11:50:21.477+0000][9][gc,age      ] GC(215) - age  12:        656 bytes,    1310232 total
[2022-06-29T11:50:21.478+0000][9][gc,age      ] GC(215) - age  13:        184 bytes,    1310416 total
[2022-06-29T11:50:21.479+0000][9][gc,heap     ] GC(215) Eden regions: 75->0(75)
[2022-06-29T11:50:21.479+0000][9][gc,heap     ] GC(215) Survivor regions: 1->1(10)
[2022-06-29T11:50:21.480+0000][9][gc,heap     ] GC(215) Old regions: 22->22
[2022-06-29T11:50:21.480+0000][9][gc,heap     ] GC(215) Archive regions: 2->2
[2022-06-29T11:50:21.481+0000][9][gc,heap     ] GC(215) Humongous regions: 0->0
[2022-06-29T11:50:21.481+0000][9][gc,metaspace] GC(215) Metaspace: 130186K(133504K)->130186K(133504K) NonClass: 113177K(114880K)->113177K(114880K) Class: 17009K(18624K)->17009K(18624K)
[2022-06-29T11:50:21.482+0000][9][gc          ] GC(215) Pause Young (Normal) (G1 Evacuation Pause) 392M->92M(512M) 29.997ms
[2022-06-29T11:50:21.483+0000][9][gc,cpu      ] GC(215) User=0.01s Sys=0.01s Real=0.03s
[2022-06-29T11:50:21.484+0000][9][safepoint   ] Safepoint "G1CollectForAllocation", Time since last: 59306842624 ns, Reaching safepoint: 316381 ns, At safepoint: 31598744 ns, Total: 31915125 ns
[2022-06-29T11:52:09.599+0000][9][gc,start    ] GC(216) Pause Young (Normal) (G1 Evacuation Pause)
[2022-06-29T11:52:09.602+0000][9][gc,task     ] GC(216) Using 4 workers of 4 for evacuation
[2022-06-29T11:52:09.602+0000][9][gc,age      ] GC(216) Desired survivor size 20971520 bytes, new threshold 15 (max threshold 15)
[2022-06-29T11:52:09.611+0000][9][gc,phases   ] GC(216)   Pre Evacuate Collection Set: 0.2ms
[2022-06-29T11:52:09.611+0000][9][gc,phases   ] GC(216)   Merge Heap Roots: 0.1ms
[2022-06-29T11:52:09.612+0000][9][gc,phases   ] GC(216)   Evacuate Collection Set: 6.2ms
[2022-06-29T11:52:09.613+0000][9][gc,phases   ] GC(216)   Post Evacuate Collection Set: 1.1ms
[2022-06-29T11:52:09.614+0000][9][gc,phases   ] GC(216)   Other: 1.6ms
[2022-06-29T11:52:09.614+0000][9][gc,age      ] GC(216) Age table with threshold 15 (max threshold 15)
[2022-06-29T11:52:09.615+0000][9][gc,age      ] GC(216) - age   1:    1295976 bytes,    1295976 total
[2022-06-29T11:52:09.616+0000][9][gc,age      ] GC(216) - age   2:       5800 bytes,    1301776 total
[2022-06-29T11:52:09.616+0000][9][gc,age      ] GC(216) - age   3:     318104 bytes,    1619880 total
[2022-06-29T11:52:09.617+0000][9][gc,age      ] GC(216) - age   5:        184 bytes,    1620064 total
[2022-06-29T11:52:09.619+0000][9][gc,age      ] GC(216) - age   6:         24 bytes,    1620088 total
[2022-06-29T11:52:09.620+0000][9][gc,age      ] GC(216) - age   7:        576 bytes,    1620664 total
[2022-06-29T11:52:09.621+0000][9][gc,age      ] GC(216) - age   8:        216 bytes,    1620880 total
[2022-06-29T11:52:09.621+0000][9][gc,age      ] GC(216) - age   9:       5080 bytes,    1625960 total
[2022-06-29T11:52:09.622+0000][9][gc,age      ] GC(216) - age  10:      20752 bytes,    1646712 total
[2022-06-29T11:52:09.622+0000][9][gc,age      ] GC(216) - age  11:        184 bytes,    1646896 total
[2022-06-29T11:52:09.623+0000][9][gc,age      ] GC(216) - age  13:        656 bytes,    1647552 total
[2022-06-29T11:52:09.624+0000][9][gc,age      ] GC(216) - age  14:        184 bytes,    1647736 total
[2022-06-29T11:52:09.624+0000][9][gc,heap     ] GC(216) Eden regions: 75->0(75)
[2022-06-29T11:52:09.625+0000][9][gc,heap     ] GC(216) Survivor regions: 1->1(10)
[2022-06-29T11:52:09.625+0000][9][gc,heap     ] GC(216) Old regions: 22->22
[2022-06-29T11:52:09.626+0000][9][gc,heap     ] GC(216) Archive regions: 2->2
[2022-06-29T11:52:09.627+0000][9][gc,heap     ] GC(216) Humongous regions: 0->0
[2022-06-29T11:52:09.627+0000][9][gc,metaspace] GC(216) Metaspace: 130186K(133504K)->130186K(133504K) NonClass: 113177K(114880K)->113177K(114880K) Class: 17009K(18624K)->17009K(18624K)
[2022-06-29T11:52:09.628+0000][9][gc          ] GC(216) Pause Young (Normal) (G1 Evacuation Pause) 392M->92M(512M) 28.833ms
[2022-06-29T11:52:09.629+0000][9][gc,cpu      ] GC(216) User=0.02s Sys=0.00s Real=0.03s
[2022-06-29T11:52:09.629+0000][9][safepoint   ] Safepoint "G1CollectForAllocation", Time since last: 108201202080 ns, Reaching safepoint: 534688 ns, At safepoint: 30068723 ns, Total: 30603411 ns
[2022-06-29T11:52:24.617+0000][9][safepoint   ] Safepoint "Cleanup", Time since last: 15014440727 ns, Reaching safepoint: 155646 ns, At safepoint: 28930 ns, Total: 184576 ns
[2022-06-29T11:53:52.439+0000][9][gc,start    ] GC(217) Pause Young (Normal) (G1 Evacuation Pause)
[2022-06-29T11:53:52.442+0000][9][gc,task     ] GC(217) Using 4 workers of 4 for evacuation
[2022-06-29T11:53:52.442+0000][9][gc,age      ] GC(217) Desired survivor size 20971520 bytes, new threshold 15 (max threshold 15)
[2022-06-29T11:53:52.449+0000][9][gc,phases   ] GC(217)   Pre Evacuate Collection Set: 0.2ms
[2022-06-29T11:53:52.449+0000][9][gc,phases   ] GC(217)   Merge Heap Roots: 0.2ms
[2022-06-29T11:53:52.450+0000][9][gc,phases   ] GC(217)   Evacuate Collection Set: 4.4ms
[2022-06-29T11:53:52.450+0000][9][gc,phases   ] GC(217)   Post Evacuate Collection Set: 1.0ms
[2022-06-29T11:53:52.451+0000][9][gc,phases   ] GC(217)   Other: 1.2ms
[2022-06-29T11:53:52.451+0000][9][gc,age      ] GC(217) Age table with threshold 15 (max threshold 15)
[2022-06-29T11:53:52.452+0000][9][gc,age      ] GC(217) - age   1:    1761336 bytes,    1761336 total
[2022-06-29T11:53:52.452+0000][9][gc,age      ] GC(217) - age   2:       1976 bytes,    1763312 total
[2022-06-29T11:53:52.453+0000][9][gc,age      ] GC(217) - age   3:        592 bytes,    1763904 total
[2022-06-29T11:53:52.453+0000][9][gc,age      ] GC(217) - age   4:     231280 bytes,    1995184 total
[2022-06-29T11:53:52.453+0000][9][gc,age      ] GC(217) - age   6:        184 bytes,    1995368 total
[2022-06-29T11:53:52.454+0000][9][gc,age      ] GC(217) - age   8:        576 bytes,    1995944 total
[2022-06-29T11:53:52.455+0000][9][gc,age      ] GC(217) - age   9:        216 bytes,    1996160 total
[2022-06-29T11:53:52.455+0000][9][gc,age      ] GC(217) - age  10:       5080 bytes,    2001240 total
[2022-06-29T11:53:52.456+0000][9][gc,age      ] GC(217) - age  11:      20752 bytes,    2021992 total
[2022-06-29T11:53:52.456+0000][9][gc,age      ] GC(217) - age  14:        656 bytes,    2022648 total
[2022-06-29T11:53:52.457+0000][9][gc,age      ] GC(217) - age  15:        184 bytes,    2022832 total
[2022-06-29T11:53:52.457+0000][9][gc,heap     ] GC(217) Eden regions: 75->0(75)
[2022-06-29T11:53:52.458+0000][9][gc,heap     ] GC(217) Survivor regions: 1->1(10)
[2022-06-29T11:53:52.458+0000][9][gc,heap     ] GC(217) Old regions: 22->22
[2022-06-29T11:53:52.459+0000][9][gc,heap     ] GC(217) Archive regions: 2->2
[2022-06-29T11:53:52.459+0000][9][gc,heap     ] GC(217) Humongous regions: 0->0
[2022-06-29T11:53:52.460+0000][9][gc,metaspace] GC(217) Metaspace: 130188K(133504K)->130188K(133504K) NonClass: 113178K(114880K)->113178K(114880K) Class: 17009K(18624K)->17009K(18624K)
[2022-06-29T11:53:52.461+0000][9][gc          ] GC(217) Pause Young (Normal) (G1 Evacuation Pause) 392M->92M(512M) 21.523ms
[2022-06-29T11:53:52.461+0000][9][gc,cpu      ] GC(217) User=0.01s Sys=0.01s Real=0.02s
[2022-06-29T11:53:52.462+0000][9][safepoint   ] Safepoint "G1CollectForAllocation", Time since last: 87881177738 ns, Reaching safepoint: 116232 ns, At safepoint: 22797229 ns, Total: 22913461 ns
[2022-06-29T11:55:21.507+0000][9][safepoint   ] Safepoint "Cleanup", Time since last: 89088366924 ns, Reaching safepoint: 697665 ns, At safepoint: 187233 ns, Total: 884898 ns
[2022-06-29T11:55:45.524+0000][9][gc,start    ] GC(218) Pause Young (Normal) (G1 Evacuation Pause)
[2022-06-29T11:55:45.544+0000][9][gc,task     ] GC(218) Using 4 workers of 4 for evacuation
[2022-06-29T11:55:45.549+0000][9][gc,age      ] GC(218) Desired survivor size 20971520 bytes, new threshold 15 (max threshold 15)
[2022-06-29T11:55:45.579+0000][9][gc,phases   ] GC(218)   Pre Evacuate Collection Set: 4.9ms
[2022-06-29T11:55:45.581+0000][9][gc,phases   ] GC(218)   Merge Heap Roots: 1.6ms
[2022-06-29T11:55:45.582+0000][9][gc,phases   ] GC(218)   Evacuate Collection Set: 11.8ms
[2022-06-29T11:55:45.584+0000][9][gc,phases   ] GC(218)   Post Evacuate Collection Set: 7.7ms
[2022-06-29T11:55:45.585+0000][9][gc,phases   ] GC(218)   Other: 9.2ms
[2022-06-29T11:55:45.586+0000][9][gc,age      ] GC(218) Age table with threshold 15 (max threshold 15)
[2022-06-29T11:55:45.587+0000][9][gc,age      ] GC(218) - age   1:     873832 bytes,     873832 total
[2022-06-29T11:55:45.588+0000][9][gc,age      ] GC(218) - age   2:     120056 bytes,     993888 total
[2022-06-29T11:55:45.589+0000][9][gc,age      ] GC(218) - age   3:        216 bytes,     994104 total
[2022-06-29T11:55:45.592+0000][9][gc,age      ] GC(218) - age   4:        368 bytes,     994472 total
[2022-06-29T11:55:45.593+0000][9][gc,age      ] GC(218) - age   5:     231152 bytes,    1225624 total
[2022-06-29T11:55:45.594+0000][9][gc,age      ] GC(218) - age   7:        184 bytes,    1225808 total
[2022-06-29T11:55:45.595+0000][9][gc,age      ] GC(218) - age   9:        544 bytes,    1226352 total
[2022-06-29T11:55:45.596+0000][9][gc,age      ] GC(218) - age  10:        216 bytes,    1226568 total
[2022-06-29T11:55:45.596+0000][9][gc,age      ] GC(218) - age  11:       5080 bytes,    1231648 total
[2022-06-29T11:55:45.597+0000][9][gc,age      ] GC(218) - age  12:      20368 bytes,    1252016 total
[2022-06-29T11:55:45.598+0000][9][gc,age      ] GC(218) - age  15:        656 bytes,    1252672 total
[2022-06-29T11:55:45.599+0000][9][gc,heap     ] GC(218) Eden regions: 75->0(75)
[2022-06-29T11:55:45.600+0000][9][gc,heap     ] GC(218) Survivor regions: 1->1(10)
[2022-06-29T11:55:45.601+0000][9][gc,heap     ] GC(218) Old regions: 22->22
[2022-06-29T11:55:45.602+0000][9][gc,heap     ] GC(218) Archive regions: 2->2
[2022-06-29T11:55:45.603+0000][9][gc,heap     ] GC(218) Humongous regions: 0->0
[2022-06-29T11:55:45.604+0000][9][gc,metaspace] GC(218) Metaspace: 130189K(133504K)->130189K(133504K) NonClass: 113179K(114880K)->113179K(114880K) Class: 17009K(18624K)->17009K(18624K)
[2022-06-29T11:55:45.605+0000][9][gc          ] GC(218) Pause Young (Normal) (G1 Evacuation Pause) 392M->92M(512M) 81.076ms
[2022-06-29T11:55:45.606+0000][9][gc,cpu      ] GC(218) User=0.03s Sys=0.01s Real=0.08s
[2022-06-29T11:55:45.607+0000][9][safepoint   ] Safepoint "G1CollectForAllocation", Time since last: 24038196767 ns, Reaching safepoint: 203571 ns, At safepoint: 84343088 ns, Total: 84546659 ns
[2022-06-29T11:57:36.448+0000][9][gc,start    ] GC(219) Pause Young (Normal) (G1 Evacuation Pause)
[2022-06-29T11:57:36.452+0000][9][gc,task     ] GC(219) Using 4 workers of 4 for evacuation
[2022-06-29T11:57:36.455+0000][9][gc,age      ] GC(219) Desired survivor size 20971520 bytes, new threshold 15 (max threshold 15)
[2022-06-29T11:57:36.463+0000][9][gc,phases   ] GC(219)   Pre Evacuate Collection Set: 0.6ms
[2022-06-29T11:57:36.463+0000][9][gc,phases   ] GC(219)   Merge Heap Roots: 0.2ms
[2022-06-29T11:57:36.464+0000][9][gc,phases   ] GC(219)   Evacuate Collection Set: 2.6ms
[2022-06-29T11:57:36.465+0000][9][gc,phases   ] GC(219)   Post Evacuate Collection Set: 1.0ms
[2022-06-29T11:57:36.465+0000][9][gc,phases   ] GC(219)   Other: 6.3ms
[2022-06-29T11:57:36.466+0000][9][gc,age      ] GC(219) Age table with threshold 15 (max threshold 15)
[2022-06-29T11:57:36.467+0000][9][gc,age      ] GC(219) - age   1:    1138464 bytes,    1138464 total
[2022-06-29T11:57:36.467+0000][9][gc,age      ] GC(219) - age   2:       5656 bytes,    1144120 total
[2022-06-29T11:57:36.468+0000][9][gc,age      ] GC(219) - age   3:     118904 bytes,    1263024 total
[2022-06-29T11:57:36.469+0000][9][gc,age      ] GC(219) - age   4:        216 bytes,    1263240 total
[2022-06-29T11:57:36.470+0000][9][gc,age      ] GC(219) - age   5:        368 bytes,    1263608 total
[2022-06-29T11:57:36.471+0000][9][gc,age      ] GC(219) - age   6:     229616 bytes,    1493224 total
[2022-06-29T11:57:36.471+0000][9][gc,age      ] GC(219) - age   8:        184 bytes,    1493408 total
[2022-06-29T11:57:36.472+0000][9][gc,age      ] GC(219) - age  10:        544 bytes,    1493952 total
[2022-06-29T11:57:36.472+0000][9][gc,age      ] GC(219) - age  11:        216 bytes,    1494168 total
[2022-06-29T11:57:36.473+0000][9][gc,age      ] GC(219) - age  12:       5080 bytes,    1499248 total
[2022-06-29T11:57:36.474+0000][9][gc,age      ] GC(219) - age  13:      20368 bytes,    1519616 total
[2022-06-29T11:57:36.475+0000][9][gc,heap     ] GC(219) Eden regions: 75->0(75)
[2022-06-29T11:57:36.475+0000][9][gc,heap     ] GC(219) Survivor regions: 1->1(10)
[2022-06-29T11:57:36.476+0000][9][gc,heap     ] GC(219) Old regions: 22->22
[2022-06-29T11:57:36.477+0000][9][gc,heap     ] GC(219) Archive regions: 2->2
[2022-06-29T11:57:36.477+0000][9][gc,heap     ] GC(219) Humongous regions: 0->0
[2022-06-29T11:57:36.478+0000][9][gc,metaspace] GC(219) Metaspace: 130191K(133504K)->130191K(133504K) NonClass: 113181K(114880K)->113181K(114880K) Class: 17009K(18624K)->17009K(18624K)
[2022-06-29T11:57:36.479+0000][9][gc          ] GC(219) Pause Young (Normal) (G1 Evacuation Pause) 392M->92M(512M) 30.952ms
[2022-06-29T11:57:36.479+0000][9][gc,cpu      ] GC(219) User=0.01s Sys=0.00s Real=0.03s
[2022-06-29T11:57:36.480+0000][9][safepoint   ] Safepoint "G1CollectForAllocation", Time since last: 110922995045 ns, Reaching safepoint: 2732961 ns, At safepoint: 32423827 ns, Total: 35156788 ns
[2022-06-29T11:58:21.478+0000][9][safepoint   ] Safepoint "Cleanup", Time since last: 45039130443 ns, Reaching safepoint: 240701 ns, At safepoint: 205503 ns, Total: 446204 ns
[2022-06-29T11:59:21.416+0000][9][gc,start    ] GC(220) Pause Young (Normal) (G1 Evacuation Pause)
[2022-06-29T11:59:21.420+0000][9][gc,task     ] GC(220) Using 4 workers of 4 for evacuation
[2022-06-29T11:59:21.483+0000][9][gc,age      ] GC(220) Desired survivor size 20971520 bytes, new threshold 15 (max threshold 15)
[2022-06-29T11:59:21.614+0000][9][gc,phases   ] GC(220)   Pre Evacuate Collection Set: 0.2ms
[2022-06-29T11:59:21.616+0000][9][gc,phases   ] GC(220)   Merge Heap Roots: 0.1ms
[2022-06-29T11:59:21.616+0000][9][gc,phases   ] GC(220)   Evacuate Collection Set: 98.3ms
[2022-06-29T11:59:21.617+0000][9][gc,phases   ] GC(220)   Post Evacuate Collection Set: 2.9ms
[2022-06-29T11:59:21.619+0000][9][gc,phases   ] GC(220)   Other: 65.6ms
[2022-06-29T11:59:21.620+0000][9][gc,age      ] GC(220) Age table with threshold 15 (max threshold 15)
[2022-06-29T11:59:21.621+0000][9][gc,age      ] GC(220) - age   1:    1387128 bytes,    1387128 total
[2022-06-29T11:59:21.650+0000][9][gc,age      ] GC(220) - age   2:       3288 bytes,    1390416 total
[2022-06-29T11:59:21.651+0000][9][gc,age      ] GC(220) - age   3:       4832 bytes,    1395248 total
[2022-06-29T11:59:21.652+0000][9][gc,age      ] GC(220) - age   4:     118448 bytes,    1513696 total
[2022-06-29T11:59:21.653+0000][9][gc,age      ] GC(220) - age   5:        184 bytes,    1513880 total
[2022-06-29T11:59:21.654+0000][9][gc,age      ] GC(220) - age   6:        216 bytes,    1514096 total
[2022-06-29T11:59:21.655+0000][9][gc,age      ] GC(220) - age   7:     229616 bytes,    1743712 total
[2022-06-29T11:59:21.656+0000][9][gc,age      ] GC(220) - age   9:        184 bytes,    1743896 total
[2022-06-29T11:59:21.657+0000][9][gc,age      ] GC(220) - age  11:        544 bytes,    1744440 total
[2022-06-29T11:59:21.658+0000][9][gc,age      ] GC(220) - age  12:        184 bytes,    1744624 total
[2022-06-29T11:59:21.658+0000][9][gc,age      ] GC(220) - age  13:       5080 bytes,    1749704 total
[2022-06-29T11:59:21.659+0000][9][gc,age      ] GC(220) - age  14:      20368 bytes,    1770072 total
[2022-06-29T11:59:21.660+0000][9][gc,heap     ] GC(220) Eden regions: 75->0(75)
[2022-06-29T11:59:21.662+0000][9][gc,heap     ] GC(220) Survivor regions: 1->1(10)
[2022-06-29T11:59:21.662+0000][9][gc,heap     ] GC(220) Old regions: 22->22
[2022-06-29T11:59:21.663+0000][9][gc,heap     ] GC(220) Archive regions: 2->2
[2022-06-29T11:59:21.663+0000][9][gc,heap     ] GC(220) Humongous regions: 0->0
[2022-06-29T11:59:21.664+0000][9][gc,metaspace] GC(220) Metaspace: 130191K(133504K)->130191K(133504K) NonClass: 113181K(114880K)->113181K(114880K) Class: 17009K(18624K)->17009K(18624K)
[2022-06-29T11:59:21.665+0000][9][gc          ] GC(220) Pause Young (Normal) (G1 Evacuation Pause) 392M->92M(512M) 220.799ms
[2022-06-29T11:59:21.665+0000][9][gc,cpu      ] GC(220) User=0.09s Sys=0.03s Real=0.22s
[2022-06-29T11:59:21.666+0000][9][safepoint   ] Safepoint "G1CollectForAllocation", Time since last: 59960484865 ns, Reaching safepoint: 127257 ns, At safepoint: 222444401 ns, Total: 222571658 ns
[2022-06-29T11:59:56.630+0000][9][safepoint   ] Safepoint "Cleanup", Time since last: 35022087112 ns, Reaching safepoint: 11521177 ns, At safepoint: 58741 ns, Total: 11579918 ns
[2022-06-29T11:59:58.497+0000][9][safepoint   ] Safepoint "Cleanup", Time since last: 1866886072 ns, Reaching safepoint: 325838 ns, At safepoint: 14421 ns, Total: 340259 ns
[2022-06-29T12:00:00.501+0000][9][safepoint   ] Safepoint "Cleanup", Time since last: 2004081023 ns, Reaching safepoint: 152829 ns, At safepoint: 4256 ns, Total: 157085 ns
[2022-06-29T12:00:03.504+0000][9][safepoint   ] Safepoint "Cleanup", Time since last: 3002826665 ns, Reaching safepoint: 191300 ns, At safepoint: 16585 ns, Total: 207885 ns
[2022-06-29T12:00:06.508+0000][9][safepoint   ] Safepoint "Cleanup", Time since last: 3003389364 ns, Reaching safepoint: 267465 ns, At safepoint: 15693 ns, Total: 283158 ns
[2022-06-29T12:00:07.802+0000][9][safepoint   ] Safepoint "Cleanup", Time since last: 1293053844 ns, Reaching safepoint: 867587 ns, At safepoint: 85012 ns, Total: 952599 ns
[2022-06-29T12:00:08.934+0000][9][safepoint   ] Safepoint "ICBufferFull", Time since last: 1131787405 ns, Reaching safepoint: 346564 ns, At safepoint: 12411 ns, Total: 358975 ns
[2022-06-29T12:00:09.016+0000][9][safepoint   ] Safepoint "ICBufferFull", Time since last: 79645018 ns, Reaching safepoint: 2590087 ns, At safepoint: 18173 ns, Total: 2608260 ns
[2022-06-29T12:00:10.018+0000][9][safepoint   ] Safepoint "Cleanup", Time since last: 1001794770 ns, Reaching safepoint: 261409 ns, At safepoint: 5147 ns, Total: 266556 ns
[2022-06-29T12:00:14.025+0000][9][safepoint   ] Safepoint "Cleanup", Time since last: 4007100072 ns, Reaching safepoint: 107301 ns, At safepoint: 4381 ns, Total: 111682 ns
[2022-06-29T12:00:16.028+0000][9][safepoint   ] Safepoint "Cleanup", Time since last: 2002393352 ns, Reaching safepoint: 153560 ns, At safepoint: 8106 ns, Total: 161666 ns
[2022-06-29T12:00:18.032+0000][9][safepoint   ] Safepoint "Cleanup", Time since last: 2003274095 ns, Reaching safepoint: 361713 ns, At safepoint: 29824 ns, Total: 391537 ns
[2022-06-29T12:00:19.034+0000][9][safepoint   ] Safepoint "Cleanup", Time since last: 1001683601 ns, Reaching safepoint: 290483 ns, At safepoint: 23109 ns, Total: 313592 ns
[2022-06-29T12:00:22.017+0000][9][safepoint   ] Safepoint "Cleanup", Time since last: 3003218249 ns, Reaching safepoint: 169301 ns, At safepoint: 6453 ns, Total: 175754 ns
[2022-06-29T12:00:23.020+0000][9][safepoint   ] Safepoint "Cleanup", Time since last: 1002956780 ns, Reaching safepoint: 148652 ns, At safepoint: 14254 ns, Total: 162906 ns
[2022-06-29T12:00:31.027+0000][9][safepoint   ] Safepoint "Cleanup", Time since last: 8007271140 ns, Reaching safepoint: 128807 ns, At safepoint: 6865 ns, Total: 135672 ns
[2022-06-29T12:00:34.031+0000][9][safepoint   ] Safepoint "Cleanup", Time since last: 3003990585 ns, Reaching safepoint: 145103 ns, At safepoint: 91316 ns, Total: 236419 ns
[2022-06-29T12:00:40.039+0000][9][safepoint   ] Safepoint "Cleanup", Time since last: 6006864906 ns, Reaching safepoint: 181965 ns, At safepoint: 19828 ns, Total: 201793 ns
[2022-06-29T12:00:46.045+0000][9][safepoint   ] Safepoint "Cleanup", Time since last: 6005792037 ns, Reaching safepoint: 207377 ns, At safepoint: 60535 ns, Total: 267912 ns
[2022-06-29T12:00:48.049+0000][9][safepoint   ] Safepoint "Cleanup", Time since last: 2003919158 ns, Reaching safepoint: 427067 ns, At safepoint: 15002 ns, Total: 442069 ns
[2022-06-29T12:00:49.053+0000][9][safepoint   ] Safepoint "Cleanup", Time since last: 1003486297 ns, Reaching safepoint: 196263 ns, At safepoint: 16750 ns, Total: 213013 ns
[2022-06-29T12:00:51.057+0000][9][safepoint   ] Safepoint "Cleanup", Time since last: 2004738918 ns, Reaching safepoint: 70491 ns, At safepoint: 4433 ns, Total: 74924 ns
[2022-06-29T12:00:52.035+0000][9][safepoint   ] Safepoint "Cleanup", Time since last: 1001606198 ns, Reaching safepoint: 97530 ns, At safepoint: 3862 ns, Total: 101392 ns
[2022-06-29T12:00:58.039+0000][9][safepoint   ] Safepoint "Cleanup", Time since last: 6003726832 ns, Reaching safepoint: 63457 ns, At safepoint: 3174 ns, Total: 66631 ns
[2022-06-29T12:01:03.369+0000][9][gc,start    ] GC(221) Pause Young (Normal) (G1 Evacuation Pause)
[2022-06-29T12:01:03.370+0000][9][gc,task     ] GC(221) Using 4 workers of 4 for evacuation
[2022-06-29T12:01:03.370+0000][9][gc,age      ] GC(221) Desired survivor size 20971520 bytes, new threshold 15 (max threshold 15)
[2022-06-29T12:01:03.395+0000][9][gc,phases   ] GC(221)   Pre Evacuate Collection Set: 0.1ms
[2022-06-29T12:01:03.395+0000][9][gc,phases   ] GC(221)   Merge Heap Roots: 0.1ms
[2022-06-29T12:01:03.396+0000][9][gc,phases   ] GC(221)   Evacuate Collection Set: 22.0ms
[2022-06-29T12:01:03.397+0000][9][gc,phases   ] GC(221)   Post Evacuate Collection Set: 1.3ms
[2022-06-29T12:01:03.397+0000][9][gc,phases   ] GC(221)   Other: 1.4ms
[2022-06-29T12:01:03.398+0000][9][gc,age      ] GC(221) Age table with threshold 15 (max threshold 15)
[2022-06-29T12:01:03.398+0000][9][gc,age      ] GC(221) - age   1:    1347112 bytes,    1347112 total
[2022-06-29T12:01:03.399+0000][9][gc,age      ] GC(221) - age   2:      23400 bytes,    1370512 total
[2022-06-29T12:01:03.400+0000][9][gc,age      ] GC(221) - age   3:       1784 bytes,    1372296 total
[2022-06-29T12:01:03.401+0000][9][gc,age      ] GC(221) - age   4:       4832 bytes,    1377128 total
[2022-06-29T12:01:03.401+0000][9][gc,age      ] GC(221) - age   5:     118408 bytes,    1495536 total
[2022-06-29T12:01:03.402+0000][9][gc,age      ] GC(221) - age   7:        184 bytes,    1495720 total
[2022-06-29T12:01:03.403+0000][9][gc,age      ] GC(221) - age   8:     229616 bytes,    1725336 total
[2022-06-29T12:01:03.403+0000][9][gc,age      ] GC(221) - age  10:        184 bytes,    1725520 total
[2022-06-29T12:01:03.404+0000][9][gc,age      ] GC(221) - age  12:        544 bytes,    1726064 total
[2022-06-29T12:01:03.405+0000][9][gc,age      ] GC(221) - age  13:        184 bytes,    1726248 total
[2022-06-29T12:01:03.405+0000][9][gc,age      ] GC(221) - age  14:       5080 bytes,    1731328 total
[2022-06-29T12:01:03.407+0000][9][gc,age      ] GC(221) - age  15:      20368 bytes,    1751696 total
[2022-06-29T12:01:03.408+0000][9][gc,heap     ] GC(221) Eden regions: 75->0(75)
[2022-06-29T12:01:03.408+0000][9][gc,heap     ] GC(221) Survivor regions: 1->1(10)
[2022-06-29T12:01:03.409+0000][9][gc,heap     ] GC(221) Old regions: 22->22
[2022-06-29T12:01:03.410+0000][9][gc,heap     ] GC(221) Archive regions: 2->2
[2022-06-29T12:01:03.411+0000][9][gc,heap     ] GC(221) Humongous regions: 0->0
[2022-06-29T12:01:03.411+0000][9][gc,metaspace] GC(221) Metaspace: 130448K(133696K)->130448K(133696K) NonClass: 113402K(115072K)->113402K(115072K) Class: 17045K(18624K)->17045K(18624K)
[2022-06-29T12:01:03.412+0000][9][gc          ] GC(221) Pause Young (Normal) (G1 Evacuation Pause) 392M->92M(512M) 43.499ms
[2022-06-29T12:01:03.413+0000][9][gc,cpu      ] GC(221) User=0.03s Sys=0.00s Real=0.04s
[2022-06-29T12:01:03.414+0000][9][safepoint   ] Safepoint "G1CollectForAllocation", Time since last: 5329663278 ns, Reaching safepoint: 87509 ns, At safepoint: 45031172 ns, Total: 45118681 ns
[2022-06-29T12:01:33.404+0000][9][safepoint   ] Safepoint "Cleanup", Time since last: 30011177723 ns, Reaching safepoint: 206046 ns, At safepoint: 64073 ns, Total: 270119 ns
[2022-06-29T12:01:41.411+0000][9][safepoint   ] Safepoint "Cleanup", Time since last: 8007371053 ns, Reaching safepoint: 152406 ns, At safepoint: 7472 ns, Total: 159878 ns
[2022-06-29T12:01:42.412+0000][9][safepoint   ] Safepoint "Cleanup", Time since last: 1000984396 ns, Reaching safepoint: 160516 ns, At safepoint: 10064 ns, Total: 170580 ns
[2022-06-29T12:01:48.416+0000][9][safepoint   ] Safepoint "Cleanup", Time since last: 6003518626 ns, Reaching safepoint: 324303 ns, At safepoint: 36576 ns, Total: 360879 ns
[2022-06-29T12:02:39.397+0000][9][safepoint   ] Safepoint "Cleanup", Time since last: 51022496818 ns, Reaching safepoint: 255454 ns, At safepoint: 12018 ns, Total: 267472 ns
[2022-06-29T12:02:40.400+0000][9][safepoint   ] Safepoint "Cleanup", Time since last: 1002711486 ns, Reaching safepoint: 194082 ns, At safepoint: 6489 ns, Total: 200571 ns
[2022-06-29T12:02:50.412+0000][9][safepoint   ] Safepoint "Cleanup", Time since last: 10009762264 ns, Reaching safepoint: 2189317 ns, At safepoint: 41768 ns, Total: 2231085 ns
[2022-06-29T12:02:51.375+0000][9][gc,start    ] GC(222) Pause Young (Normal) (G1 Evacuation Pause)
[2022-06-29T12:02:51.377+0000][9][gc,task     ] GC(222) Using 4 workers of 4 for evacuation
[2022-06-29T12:02:51.381+0000][9][gc,age      ] GC(222) Desired survivor size 20971520 bytes, new threshold 15 (max threshold 15)
[2022-06-29T12:02:51.392+0000][9][gc,phases   ] GC(222)   Pre Evacuate Collection Set: 0.1ms
[2022-06-29T12:02:51.393+0000][9][gc,phases   ] GC(222)   Merge Heap Roots: 0.1ms
[2022-06-29T12:02:51.395+0000][9][gc,phases   ] GC(222)   Evacuate Collection Set: 6.8ms
[2022-06-29T12:02:51.397+0000][9][gc,phases   ] GC(222)   Post Evacuate Collection Set: 1.6ms
[2022-06-29T12:02:51.398+0000][9][gc,phases   ] GC(222)   Other: 5.5ms
[2022-06-29T12:02:51.400+0000][9][gc,age      ] GC(222) Age table with threshold 15 (max threshold 15)
[2022-06-29T12:02:51.401+0000][9][gc,age      ] GC(222) - age   1:     839992 bytes,     839992 total
[2022-06-29T12:02:51.402+0000][9][gc,age      ] GC(222) - age   2:     497568 bytes,    1337560 total
[2022-06-29T12:02:51.403+0000][9][gc,age      ] GC(222) - age   3:      22088 bytes,    1359648 total
[2022-06-29T12:02:51.405+0000][9][gc,age      ] GC(222) - age   4:       1720 bytes,    1361368 total
[2022-06-29T12:02:51.406+0000][9][gc,age      ] GC(222) - age   5:       4768 bytes,    1366136 total
[2022-06-29T12:02:51.407+0000][9][gc,age      ] GC(222) - age   6:     118408 bytes,    1484544 total
[2022-06-29T12:02:51.409+0000][9][gc,age      ] GC(222) - age   8:        184 bytes,    1484728 total
[2022-06-29T12:02:51.411+0000][9][gc,age      ] GC(222) - age   9:     229224 bytes,    1713952 total
[2022-06-29T12:02:51.412+0000][9][gc,age      ] GC(222) - age  11:        184 bytes,    1714136 total
[2022-06-29T12:02:51.415+0000][9][gc,age      ] GC(222) - age  13:        544 bytes,    1714680 total
[2022-06-29T12:02:51.416+0000][9][gc,age      ] GC(222) - age  14:        184 bytes,    1714864 total
[2022-06-29T12:02:51.417+0000][9][gc,age      ] GC(222) - age  15:       5080 bytes,    1719944 total
[2022-06-29T12:02:51.419+0000][9][gc,heap     ] GC(222) Eden regions: 75->0(75)
[2022-06-29T12:02:51.419+0000][9][gc,heap     ] GC(222) Survivor regions: 1->1(10)
[2022-06-29T12:02:51.421+0000][9][gc,heap     ] GC(222) Old regions: 22->22
[2022-06-29T12:02:51.424+0000][9][gc,heap     ] GC(222) Archive regions: 2->2
[2022-06-29T12:02:51.425+0000][9][gc,heap     ] GC(222) Humongous regions: 0->0
[2022-06-29T12:02:51.426+0000][9][gc,metaspace] GC(222) Metaspace: 130452K(133696K)->130452K(133696K) NonClass: 113406K(115072K)->113406K(115072K) Class: 17045K(18624K)->17045K(18624K)
[2022-06-29T12:02:51.427+0000][9][gc          ] GC(222) Pause Young (Normal) (G1 Evacuation Pause) 392M->92M(512M) 51.512ms
[2022-06-29T12:02:51.429+0000][9][gc,cpu      ] GC(222) User=0.01s Sys=0.01s Real=0.05s
[2022-06-29T12:02:51.430+0000][9][safepoint   ] Safepoint "G1CollectForAllocation", Time since last: 963610225 ns, Reaching safepoint: 102070 ns, At safepoint: 54734560 ns, Total: 54836630 ns
[2022-06-29T12:03:05.436+0000][9][safepoint   ] Safepoint "Cleanup", Time since last: 14027419323 ns, Reaching safepoint: 142801 ns, At safepoint: 16648 ns, Total: 159449 ns
[2022-06-29T12:03:21.452+0000][9][safepoint   ] Safepoint "Cleanup", Time since last: 16015298959 ns, Reaching safepoint: 776225 ns, At safepoint: 67893 ns, Total: 844118 ns
[2022-06-29T12:03:23.433+0000][9][safepoint   ] Safepoint "Cleanup", Time since last: 2002461393 ns, Reaching safepoint: 123555 ns, At safepoint: 6911 ns, Total: 130466 ns
[2022-06-29T12:03:27.436+0000][9][safepoint   ] Safepoint "Cleanup", Time since last: 4002617467 ns, Reaching safepoint: 145276 ns, At safepoint: 40383 ns, Total: 185659 ns
[2022-06-29T12:03:35.444+0000][9][safepoint   ] Safepoint "Cleanup", Time since last: 8007564758 ns, Reaching safepoint: 314142 ns, At safepoint: 31089 ns, Total: 345231 ns
[2022-06-29T12:03:39.452+0000][9][safepoint   ] Safepoint "Cleanup", Time since last: 4007794584 ns, Reaching safepoint: 211802 ns, At safepoint: 28275 ns, Total: 240077 ns
[2022-06-29T12:03:45.461+0000][9][safepoint   ] Safepoint "Cleanup", Time since last: 6008455021 ns, Reaching safepoint: 279804 ns, At safepoint: 11550 ns, Total: 291354 ns
[2022-06-29T12:04:03.454+0000][9][safepoint   ] Safepoint "Cleanup", Time since last: 18016005093 ns, Reaching safepoint: 235177 ns, At safepoint: 11741 ns, Total: 246918 ns
[2022-06-29T12:04:39.265+0000][9][gc,start    ] GC(223) Pause Young (Normal) (G1 Evacuation Pause)
[2022-06-29T12:04:39.266+0000][9][gc,task     ] GC(223) Using 4 workers of 4 for evacuation
[2022-06-29T12:04:39.267+0000][9][gc,age      ] GC(223) Desired survivor size 20971520 bytes, new threshold 15 (max threshold 15)
[2022-06-29T12:04:39.281+0000][9][gc,phases   ] GC(223)   Pre Evacuate Collection Set: 0.1ms
[2022-06-29T12:04:39.282+0000][9][gc,phases   ] GC(223)   Merge Heap Roots: 0.1ms
[2022-06-29T12:04:39.283+0000][9][gc,phases   ] GC(223)   Evacuate Collection Set: 10.8ms
[2022-06-29T12:04:39.285+0000][9][gc,phases   ] GC(223)   Post Evacuate Collection Set: 2.5ms
[2022-06-29T12:04:39.287+0000][9][gc,phases   ] GC(223)   Other: 1.2ms
[2022-06-29T12:04:39.288+0000][9][gc,age      ] GC(223) Age table with threshold 15 (max threshold 15)
[2022-06-29T12:04:39.289+0000][9][gc,age      ] GC(223) - age   1:    1697672 bytes,    1697672 total
[2022-06-29T12:04:39.290+0000][9][gc,age      ] GC(223) - age   2:       2376 bytes,    1700048 total
[2022-06-29T12:04:39.291+0000][9][gc,age      ] GC(223) - age   3:     496408 bytes,    2196456 total
[2022-06-29T12:04:39.292+0000][9][gc,age      ] GC(223) - age   4:      21904 bytes,    2218360 total
[2022-06-29T12:04:39.293+0000][9][gc,age      ] GC(223) - age   5:       1720 bytes,    2220080 total
[2022-06-29T12:04:39.294+0000][9][gc,age      ] GC(223) - age   6:       4768 bytes,    2224848 total
[2022-06-29T12:04:39.296+0000][9][gc,age      ] GC(223) - age   7:     118384 bytes,    2343232 total
[2022-06-29T12:04:39.297+0000][9][gc,age      ] GC(223) - age  10:     229224 bytes,    2572456 total
[2022-06-29T12:04:39.297+0000][9][gc,age      ] GC(223) - age  12:        184 bytes,    2572640 total
[2022-06-29T12:04:39.298+0000][9][gc,age      ] GC(223) - age  14:        544 bytes,    2573184 total
[2022-06-29T12:04:39.300+0000][9][gc,age      ] GC(223) - age  15:        184 bytes,    2573368 total
[2022-06-29T12:04:39.301+0000][9][gc,heap     ] GC(223) Eden regions: 75->0(75)
[2022-06-29T12:04:39.302+0000][9][gc,heap     ] GC(223) Survivor regions: 1->1(10)
[2022-06-29T12:04:39.303+0000][9][gc,heap     ] GC(223) Old regions: 22->22
[2022-06-29T12:04:39.304+0000][9][gc,heap     ] GC(223) Archive regions: 2->2
[2022-06-29T12:04:39.305+0000][9][gc,heap     ] GC(223) Humongous regions: 0->0
[2022-06-29T12:04:39.306+0000][9][gc,metaspace] GC(223) Metaspace: 130479K(133760K)->130479K(133760K) NonClass: 113433K(115136K)->113433K(115136K) Class: 17045K(18624K)->17045K(18624K)
[2022-06-29T12:04:39.308+0000][9][gc          ] GC(223) Pause Young (Normal) (G1 Evacuation Pause) 392M->93M(512M) 42.693ms
[2022-06-29T12:04:39.309+0000][9][gc,cpu      ] GC(223) User=0.03s Sys=0.01s Real=0.04s
[2022-06-29T12:04:39.310+0000][9][safepoint   ] Safepoint "G1CollectForAllocation", Time since last: 35834948217 ns, Reaching safepoint: 108821 ns, At safepoint: 44540135 ns, Total: 44648956 ns
[2022-06-29T12:04:45.312+0000][9][safepoint   ] Safepoint "Cleanup", Time since last: 6001801488 ns, Reaching safepoint: 231194 ns, At safepoint: 8557 ns, Total: 239751 ns
[2022-06-29T12:04:51.315+0000][9][safepoint   ] Safepoint "Cleanup", Time since last: 6002410840 ns, Reaching safepoint: 265047 ns, At safepoint: 11354 ns, Total: 276401 ns
[2022-06-29T12:04:52.365+0000][9][safepoint   ] Safepoint "Cleanup", Time since last: 1070767624 ns, Reaching safepoint: 938891 ns, At safepoint: 17283 ns, Total: 956174 ns
[2022-06-29T12:04:54.397+0000][9][safepoint   ] Safepoint "Cleanup", Time since last: 2032241782 ns, Reaching safepoint: 75729 ns, At safepoint: 4535 ns, Total: 80264 ns
[2022-06-29T12:04:57.400+0000][9][safepoint   ] Safepoint "Cleanup", Time since last: 3003141136 ns, Reaching safepoint: 236608 ns, At safepoint: 8911 ns, Total: 245519 ns
[2022-06-29T12:04:58.403+0000][9][safepoint   ] Safepoint "Cleanup", Time since last: 1002618885 ns, Reaching safepoint: 224707 ns, At safepoint: 9141 ns, Total: 233848 ns
[2022-06-29T12:05:10.414+0000][9][safepoint   ] Safepoint "Cleanup", Time since last: 12011089385 ns, Reaching safepoint: 152760 ns, At safepoint: 11183 ns, Total: 163943 ns
[2022-06-29T12:05:21.416+0000][9][safepoint   ] Safepoint "Cleanup", Time since last: 11022921454 ns, Reaching safepoint: 390096 ns, At safepoint: 24151 ns, Total: 414247 ns
[2022-06-29T12:05:33.432+0000][9][safepoint   ] Safepoint "Cleanup", Time since last: 12014903339 ns, Reaching safepoint: 236660 ns, At safepoint: 20374 ns, Total: 257034 ns
[2022-06-29T12:05:36.277+0000][9][safepoint   ] Safepoint "Cleanup", Time since last: 2844859839 ns, Reaching safepoint: 466701 ns, At safepoint: 68059 ns, Total: 534760 ns
[2022-06-29T12:05:37.699+0000][9][safepoint   ] Safepoint "Cleanup", Time since last: 1421885582 ns, Reaching safepoint: 415851 ns, At safepoint: 13575 ns, Total: 429426 ns
[2022-06-29T12:05:38.702+0000][9][safepoint   ] Safepoint "Cleanup", Time since last: 1002474048 ns, Reaching safepoint: 157520 ns, At safepoint: 5844 ns, Total: 163364 ns
[2022-06-29T12:05:39.706+0000][9][safepoint   ] Safepoint "Cleanup", Time since last: 1003501999 ns, Reaching safepoint: 526398 ns, At safepoint: 12695 ns, Total: 539093 ns
[2022-06-29T12:05:45.721+0000][9][safepoint   ] Safepoint "Cleanup", Time since last: 6014239405 ns, Reaching safepoint: 354688 ns, At safepoint: 17148 ns, Total: 371836 ns
[2022-06-29T12:05:46.725+0000][9][safepoint   ] Safepoint "Cleanup", Time since last: 1003494483 ns, Reaching safepoint: 365820 ns, At safepoint: 516978 ns, Total: 882798 ns
[2022-06-29T12:05:51.710+0000][9][safepoint   ] Safepoint "Cleanup", Time since last: 5004846294 ns, Reaching safepoint: 104846 ns, At safepoint: 4707 ns, Total: 109553 ns
[2022-06-29T12:05:52.713+0000][9][safepoint   ] Safepoint "Cleanup", Time since last: 1002395562 ns, Reaching safepoint: 133217 ns, At safepoint: 11296 ns, Total: 144513 ns
[2022-06-29T12:05:57.718+0000][9][safepoint   ] Safepoint "Cleanup", Time since last: 5004613742 ns, Reaching safepoint: 145741 ns, At safepoint: 7100 ns, Total: 152841 ns
[2022-06-29T12:05:58.722+0000][9][safepoint   ] Safepoint "Cleanup", Time since last: 1003858035 ns, Reaching safepoint: 218907 ns, At safepoint: 15955 ns, Total: 234862 ns
[2022-06-29T12:06:00.726+0000][9][safepoint   ] Safepoint "Cleanup", Time since last: 2004082351 ns, Reaching safepoint: 167891 ns, At safepoint: 18494 ns, Total: 186385 ns
[2022-06-29T12:06:01.729+0000][9][safepoint   ] Safepoint "Cleanup", Time since last: 1002224671 ns, Reaching safepoint: 536013 ns, At safepoint: 37080 ns, Total: 573093 ns
[2022-06-29T12:06:03.733+0000][9][safepoint   ] Safepoint "Cleanup", Time since last: 2004523605 ns, Reaching safepoint: 93884 ns, At safepoint: 6039 ns, Total: 99923 ns
[2022-06-29T12:06:12.206+0000][9][gc,start    ] GC(224) Pause Young (Normal) (G1 Evacuation Pause)
[2022-06-29T12:06:12.208+0000][9][gc,task     ] GC(224) Using 4 workers of 4 for evacuation
[2022-06-29T12:06:12.209+0000][9][gc,age      ] GC(224) Desired survivor size 20971520 bytes, new threshold 15 (max threshold 15)
[2022-06-29T12:06:12.232+0000][9][gc,phases   ] GC(224)   Pre Evacuate Collection Set: 0.1ms
[2022-06-29T12:06:12.233+0000][9][gc,phases   ] GC(224)   Merge Heap Roots: 0.1ms
[2022-06-29T12:06:12.237+0000][9][gc,phases   ] GC(224)   Evacuate Collection Set: 19.6ms
[2022-06-29T12:06:12.238+0000][9][gc,phases   ] GC(224)   Post Evacuate Collection Set: 2.0ms
[2022-06-29T12:06:12.240+0000][9][gc,phases   ] GC(224)   Other: 2.2ms
[2022-06-29T12:06:12.241+0000][9][gc,age      ] GC(224) Age table with threshold 15 (max threshold 15)
[2022-06-29T12:06:12.241+0000][9][gc,age      ] GC(224) - age   1:    2396360 bytes,    2396360 total
[2022-06-29T12:06:12.242+0000][9][gc,age      ] GC(224) - age   2:       3864 bytes,    2400224 total
[2022-06-29T12:06:12.244+0000][9][gc,age      ] GC(224) - age   3:       1328 bytes,    2401552 total
[2022-06-29T12:06:12.245+0000][9][gc,age      ] GC(224) - age   4:     271176 bytes,    2672728 total
[2022-06-29T12:06:12.246+0000][9][gc,age      ] GC(224) - age   5:      21576 bytes,    2694304 total
[2022-06-29T12:06:12.247+0000][9][gc,age      ] GC(224) - age   6:       1720 bytes,    2696024 total
[2022-06-29T12:06:12.248+0000][9][gc,age      ] GC(224) - age   7:       4768 bytes,    2700792 total
[2022-06-29T12:06:12.249+0000][9][gc,age      ] GC(224) - age   8:     118384 bytes,    2819176 total
[2022-06-29T12:06:12.250+0000][9][gc,age      ] GC(224) - age  11:     229224 bytes,    3048400 total
[2022-06-29T12:06:12.251+0000][9][gc,age      ] GC(224) - age  13:        184 bytes,    3048584 total
[2022-06-29T12:06:12.252+0000][9][gc,age      ] GC(224) - age  15:        544 bytes,    3049128 total
[2022-06-29T12:06:12.253+0000][9][gc,heap     ] GC(224) Eden regions: 75->0(75)
[2022-06-29T12:06:12.257+0000][9][gc,heap     ] GC(224) Survivor regions: 1->1(10)
[2022-06-29T12:06:12.258+0000][9][gc,heap     ] GC(224) Old regions: 22->22
[2022-06-29T12:06:12.260+0000][9][gc,heap     ] GC(224) Archive regions: 2->2
[2022-06-29T12:06:12.262+0000][9][gc,heap     ] GC(224) Humongous regions: 0->0
[2022-06-29T12:06:12.263+0000][9][gc,metaspace] GC(224) Metaspace: 130749K(134016K)->130749K(134016K) NonClass: 113681K(115328K)->113681K(115328K) Class: 17067K(18688K)->17067K(18688K)
[2022-06-29T12:06:12.264+0000][9][gc          ] GC(224) Pause Young (Normal) (G1 Evacuation Pause) 393M->94M(512M) 58.737ms
[2022-06-29T12:06:12.266+0000][9][gc,cpu      ] GC(224) User=0.07s Sys=0.00s Real=0.06s
[2022-06-29T12:06:12.267+0000][9][safepoint   ] Safepoint "G1CollectForAllocation", Time since last: 8472060230 ns, Reaching safepoint: 100090 ns, At safepoint: 61166251 ns, Total: 61266341 ns
[2022-06-29T12:06:16.271+0000][9][safepoint   ] Safepoint "Cleanup", Time since last: 4003715651 ns, Reaching safepoint: 229745 ns, At safepoint: 6017 ns, Total: 235762 ns
[2022-06-29T12:06:21.276+0000][9][safepoint   ] Safepoint "Cleanup", Time since last: 5004987938 ns, Reaching safepoint: 152006 ns, At safepoint: 6974 ns, Total: 158980 ns
[2022-06-29T12:06:27.259+0000][9][safepoint   ] Safepoint "Cleanup", Time since last: 6007885903 ns, Reaching safepoint: 412426 ns, At safepoint: 65324 ns, Total: 477750 ns
[2022-06-29T12:06:36.270+0000][9][safepoint   ] Safepoint "Cleanup", Time since last: 9010655862 ns, Reaching safepoint: 181431 ns, At safepoint: 8731 ns, Total: 190162 ns
[2022-06-29T12:06:45.279+0000][9][safepoint   ] Safepoint "Cleanup", Time since last: 9009381786 ns, Reaching safepoint: 274762 ns, At safepoint: 11174 ns, Total: 285936 ns
[2022-06-29T12:06:46.282+0000][9][safepoint   ] Safepoint "Cleanup", Time since last: 1002614254 ns, Reaching safepoint: 202510 ns, At safepoint: 26522 ns, Total: 229032 ns
[2022-06-29T12:06:50.287+0000][9][safepoint   ] Safepoint "Cleanup", Time since last: 4004988164 ns, Reaching safepoint: 229060 ns, At safepoint: 15848 ns, Total: 244908 ns
[2022-06-29T12:06:52.295+0000][9][safepoint   ] Safepoint "Cleanup", Time since last: 2026397634 ns, Reaching safepoint: 125012 ns, At safepoint: 9142 ns, Total: 134154 ns
[2022-06-29T12:06:53.299+0000][9][safepoint   ] Safepoint "Cleanup", Time since last: 1003653196 ns, Reaching safepoint: 303835 ns, At safepoint: 11657 ns, Total: 315492 ns
[2022-06-29T12:06:57.306+0000][9][safepoint   ] Safepoint "Cleanup", Time since last: 4006115833 ns, Reaching safepoint: 338361 ns, At safepoint: 18341 ns, Total: 356702 ns
[2022-06-29T12:07:09.320+0000][9][safepoint   ] Safepoint "Cleanup", Time since last: 12014022052 ns, Reaching safepoint: 207642 ns, At safepoint: 14075 ns, Total: 221717 ns
[2022-06-29T12:07:12.323+0000][9][safepoint   ] Safepoint "Cleanup", Time since last: 3003457301 ns, Reaching safepoint: 148426 ns, At safepoint: 7987 ns, Total: 156413 ns
[2022-06-29T12:07:15.329+0000][9][safepoint   ] Safepoint "Cleanup", Time since last: 3005355274 ns, Reaching safepoint: 531248 ns, At safepoint: 30992 ns, Total: 562240 ns
[2022-06-29T12:07:21.336+0000][9][safepoint   ] Safepoint "Cleanup", Time since last: 6006596022 ns, Reaching safepoint: 208588 ns, At safepoint: 14658 ns, Total: 223246 ns
[2022-06-29T12:07:39.337+0000][9][safepoint   ] Safepoint "Cleanup", Time since last: 18021316599 ns, Reaching safepoint: 104159 ns, At safepoint: 4889 ns, Total: 109048 ns
[2022-06-29T12:07:40.340+0000][9][safepoint   ] Safepoint "Cleanup", Time since last: 1002820597 ns, Reaching safepoint: 166151 ns, At safepoint: 11243 ns, Total: 177394 ns
[2022-06-29T12:07:41.342+0000][9][safepoint   ] Safepoint "Cleanup", Time since last: 1001559296 ns, Reaching safepoint: 123520 ns, At safepoint: 7974 ns, Total: 131494 ns
[2022-06-29T12:07:45.347+0000][9][safepoint   ] Safepoint "Cleanup", Time since last: 4004688882 ns, Reaching safepoint: 150445 ns, At safepoint: 7319 ns, Total: 157764 ns
[2022-06-29T12:08:03.180+0000][9][gc,start    ] GC(225) Pause Young (Normal) (G1 Evacuation Pause)
[2022-06-29T12:08:03.181+0000][9][gc,task     ] GC(225) Using 4 workers of 4 for evacuation
[2022-06-29T12:08:03.182+0000][9][gc,age      ] GC(225) Desired survivor size 20971520 bytes, new threshold 15 (max threshold 15)
[2022-06-29T12:08:03.199+0000][9][gc,phases   ] GC(225)   Pre Evacuate Collection Set: 0.1ms
[2022-06-29T12:08:03.200+0000][9][gc,phases   ] GC(225)   Merge Heap Roots: 0.1ms
[2022-06-29T12:08:03.201+0000][9][gc,phases   ] GC(225)   Evacuate Collection Set: 15.1ms
[2022-06-29T12:08:03.202+0000][9][gc,phases   ] GC(225)   Post Evacuate Collection Set: 1.3ms
[2022-06-29T12:08:03.202+0000][9][gc,phases   ] GC(225)   Other: 1.5ms
[2022-06-29T12:08:03.203+0000][9][gc,age      ] GC(225) Age table with threshold 15 (max threshold 15)
[2022-06-29T12:08:03.204+0000][9][gc,age      ] GC(225) - age   1:    1362192 bytes,    1362192 total
[2022-06-29T12:08:03.204+0000][9][gc,age      ] GC(225) - age   2:    1279648 bytes,    2641840 total
[2022-06-29T12:08:03.205+0000][9][gc,age      ] GC(225) - age   3:       1792 bytes,    2643632 total
[2022-06-29T12:08:03.206+0000][9][gc,age      ] GC(225) - age   4:       1016 bytes,    2644648 total
[2022-06-29T12:08:03.207+0000][9][gc,age      ] GC(225) - age   5:     271176 bytes,    2915824 total
[2022-06-29T12:08:03.208+0000][9][gc,age      ] GC(225) - age   6:      21576 bytes,    2937400 total
[2022-06-29T12:08:03.208+0000][9][gc,age      ] GC(225) - age   7:        184 bytes,    2937584 total
[2022-06-29T12:08:03.209+0000][9][gc,age      ] GC(225) - age   8:       4768 bytes,    2942352 total
[2022-06-29T12:08:03.210+0000][9][gc,age      ] GC(225) - age   9:     118384 bytes,    3060736 total
[2022-06-29T12:08:03.211+0000][9][gc,age      ] GC(225) - age  12:     229224 bytes,    3289960 total
[2022-06-29T12:08:03.212+0000][9][gc,age      ] GC(225) - age  14:        184 bytes,    3290144 total
[2022-06-29T12:08:03.213+0000][9][gc,heap     ] GC(225) Eden regions: 75->0(75)
[2022-06-29T12:08:03.214+0000][9][gc,heap     ] GC(225) Survivor regions: 1->1(10)
[2022-06-29T12:08:03.214+0000][9][gc,heap     ] GC(225) Old regions: 22->22
[2022-06-29T12:08:03.215+0000][9][gc,heap     ] GC(225) Archive regions: 2->2
[2022-06-29T12:08:03.216+0000][9][gc,heap     ] GC(225) Humongous regions: 0->0
[2022-06-29T12:08:03.217+0000][9][gc,metaspace] GC(225) Metaspace: 130752K(134016K)->130752K(134016K) NonClass: 113684K(115328K)->113684K(115328K) Class: 17067K(18688K)->17067K(18688K)
[2022-06-29T12:08:03.217+0000][9][gc          ] GC(225) Pause Young (Normal) (G1 Evacuation Pause) 394M->94M(512M) 37.577ms
[2022-06-29T12:08:03.218+0000][9][gc,cpu      ] GC(225) User=0.06s Sys=0.00s Real=0.04s
[2022-06-29T12:08:03.219+0000][9][safepoint   ] Safepoint "G1CollectForAllocation", Time since last: 17854855137 ns, Reaching safepoint: 115877 ns, At safepoint: 39033101 ns, Total: 39148978 ns
[2022-06-29T12:08:07.223+0000][9][safepoint   ] Safepoint "Cleanup", Time since last: 4004312522 ns, Reaching safepoint: 192679 ns, At safepoint: 11800 ns, Total: 204479 ns
[2022-06-29T12:08:21.238+0000][9][safepoint   ] Safepoint "Cleanup", Time since last: 14014403238 ns, Reaching safepoint: 118703 ns, At safepoint: 7512 ns, Total: 126215 ns
[2022-06-29T12:08:27.227+0000][9][safepoint   ] Safepoint "Cleanup", Time since last: 6010205023 ns, Reaching safepoint: 172462 ns, At safepoint: 6641 ns, Total: 179103 ns
[2022-06-29T12:08:33.235+0000][9][safepoint   ] Safepoint "Cleanup", Time since last: 6007556613 ns, Reaching safepoint: 133931 ns, At safepoint: 7288 ns, Total: 141219 ns
[2022-06-29T12:08:36.238+0000][9][safepoint   ] Safepoint "Cleanup", Time since last: 3003194423 ns, Reaching safepoint: 100580 ns, At safepoint: 6460 ns, Total: 107040 ns
[2022-06-29T12:08:58.235+0000][9][safepoint   ] Safepoint "Cleanup", Time since last: 22018486960 ns, Reaching safepoint: 434670 ns, At safepoint: 36725 ns, Total: 471395 ns
[2022-06-29T12:09:09.247+0000][9][safepoint   ] Safepoint "Cleanup", Time since last: 11011622237 ns, Reaching safepoint: 58324 ns, At safepoint: 2937 ns, Total: 61261 ns
[2022-06-29T12:09:13.254+0000][9][safepoint   ] Safepoint "Cleanup", Time since last: 4007397310 ns, Reaching safepoint: 299460 ns, At safepoint: 23437 ns, Total: 322897 ns
[2022-06-29T12:09:15.258+0000][9][safepoint   ] Safepoint "Cleanup", Time since last: 2003205652 ns, Reaching safepoint: 212194 ns, At safepoint: 27206 ns, Total: 239400 ns
[2022-06-29T12:09:21.264+0000][9][safepoint   ] Safepoint "Cleanup", Time since last: 6006459303 ns, Reaching safepoint: 113234 ns, At safepoint: 4485 ns, Total: 117719 ns
[2022-06-29T12:09:22.246+0000][9][safepoint   ] Safepoint "Cleanup", Time since last: 1002331276 ns, Reaching safepoint: 114164 ns, At safepoint: 6212 ns, Total: 120376 ns
[2022-06-29T12:09:26.251+0000][9][safepoint   ] Safepoint "Cleanup", Time since last: 4004669757 ns, Reaching safepoint: 330378 ns, At safepoint: 22314 ns, Total: 352692 ns
[2022-06-29T12:09:48.113+0000][9][gc,start    ] GC(226) Pause Young (Normal) (G1 Evacuation Pause)
[2022-06-29T12:09:48.115+0000][9][gc,task     ] GC(226) Using 4 workers of 4 for evacuation
[2022-06-29T12:09:48.116+0000][9][gc,age      ] GC(226) Desired survivor size 20971520 bytes, new threshold 15 (max threshold 15)
[2022-06-29T12:09:48.123+0000][9][gc,phases   ] GC(226)   Pre Evacuate Collection Set: 0.1ms
[2022-06-29T12:09:48.123+0000][9][gc,phases   ] GC(226)   Merge Heap Roots: 0.1ms
[2022-06-29T12:09:48.124+0000][9][gc,phases   ] GC(226)   Evacuate Collection Set: 4.2ms
[2022-06-29T12:09:48.125+0000][9][gc,phases   ] GC(226)   Post Evacuate Collection Set: 1.2ms
[2022-06-29T12:09:48.125+0000][9][gc,phases   ] GC(226)   Other: 1.6ms
[2022-06-29T12:09:48.126+0000][9][gc,age      ] GC(226) Age table with threshold 15 (max threshold 15)
[2022-06-29T12:09:48.126+0000][9][gc,age      ] GC(226) - age   1:     616088 bytes,     616088 total
[2022-06-29T12:09:48.127+0000][9][gc,age      ] GC(226) - age   2:       2800 bytes,     618888 total
[2022-06-29T12:09:48.128+0000][9][gc,age      ] GC(226) - age   3:    1278592 bytes,    1897480 total
[2022-06-29T12:09:48.129+0000][9][gc,age      ] GC(226) - age   4:       1632 bytes,    1899112 total
[2022-06-29T12:09:48.129+0000][9][gc,age      ] GC(226) - age   5:       1016 bytes,    1900128 total
[2022-06-29T12:09:48.130+0000][9][gc,age      ] GC(226) - age   6:     252256 bytes,    2152384 total
[2022-06-29T12:09:48.130+0000][9][gc,age      ] GC(226) - age   7:      21448 bytes,    2173832 total
[2022-06-29T12:09:48.131+0000][9][gc,age      ] GC(226) - age   8:        184 bytes,    2174016 total
[2022-06-29T12:09:48.131+0000][9][gc,age      ] GC(226) - age   9:       4768 bytes,    2178784 total
[2022-06-29T12:09:48.132+0000][9][gc,age      ] GC(226) - age  10:     118384 bytes,    2297168 total
[2022-06-29T12:09:48.133+0000][9][gc,age      ] GC(226) - age  13:     229224 bytes,    2526392 total
[2022-06-29T12:09:48.133+0000][9][gc,age      ] GC(226) - age  15:        184 bytes,    2526576 total
[2022-06-29T12:09:48.134+0000][9][gc,heap     ] GC(226) Eden regions: 75->0(75)
[2022-06-29T12:09:48.134+0000][9][gc,heap     ] GC(226) Survivor regions: 1->1(10)
[2022-06-29T12:09:48.135+0000][9][gc,heap     ] GC(226) Old regions: 22->22
[2022-06-29T12:09:48.135+0000][9][gc,heap     ] GC(226) Archive regions: 2->2
[2022-06-29T12:09:48.136+0000][9][gc,heap     ] GC(226) Humongous regions: 0->0
[2022-06-29T12:09:48.137+0000][9][gc,metaspace] GC(226) Metaspace: 130752K(134016K)->130752K(134016K) NonClass: 113684K(115328K)->113684K(115328K) Class: 17067K(18688K)->17067K(18688K)
[2022-06-29T12:09:48.137+0000][9][gc          ] GC(226) Pause Young (Normal) (G1 Evacuation Pause) 394M->93M(512M) 24.061ms
[2022-06-29T12:09:48.138+0000][9][gc,cpu      ] GC(226) User=0.01s Sys=0.00s Real=0.02s
[2022-06-29T12:09:48.138+0000][9][safepoint   ] Safepoint "G1CollectForAllocation", Time since last: 21861834379 ns, Reaching safepoint: 222324 ns, At safepoint: 25432532 ns, Total: 25654856 ns
[2022-06-29T12:10:13.137+0000][9][safepoint   ] Safepoint "Cleanup", Time since last: 25019405915 ns, Reaching safepoint: 587166 ns, At safepoint: 255506 ns, Total: 842672 ns
[2022-06-29T12:10:15.144+0000][9][safepoint   ] Safepoint "Cleanup", Time since last: 2006719569 ns, Reaching safepoint: 343559 ns, At safepoint: 17697 ns, Total: 361256 ns
[2022-06-29T12:10:21.146+0000][9][safepoint   ] Safepoint "Cleanup", Time since last: 6002740451 ns, Reaching safepoint: 108326 ns, At safepoint: 5431 ns, Total: 113757 ns
[2022-06-29T12:10:34.133+0000][9][safepoint   ] Safepoint "Cleanup", Time since last: 13007971743 ns, Reaching safepoint: 655261 ns, At safepoint: 12423 ns, Total: 667684 ns
[2022-06-29T12:10:45.141+0000][9][safepoint   ] Safepoint "Cleanup", Time since last: 11007346133 ns, Reaching safepoint: 190954 ns, At safepoint: 31372 ns, Total: 222326 ns
[2022-06-29T12:10:47.144+0000][9][safepoint   ] Safepoint "Cleanup", Time since last: 2003328457 ns, Reaching safepoint: 113598 ns, At safepoint: 3506 ns, Total: 117104 ns
[2022-06-29T12:10:52.129+0000][9][safepoint   ] Safepoint "Cleanup", Time since last: 5006174457 ns, Reaching safepoint: 267587 ns, At safepoint: 25264 ns, Total: 292851 ns
[2022-06-29T12:10:57.133+0000][9][safepoint   ] Safepoint "Cleanup", Time since last: 5003704893 ns, Reaching safepoint: 270231 ns, At safepoint: 32658 ns, Total: 302889 ns
[2022-06-29T12:10:58.137+0000][9][safepoint   ] Safepoint "Cleanup", Time since last: 1003850591 ns, Reaching safepoint: 160265 ns, At safepoint: 9354 ns, Total: 169619 ns
[2022-06-29T12:11:03.143+0000][9][safepoint   ] Safepoint "Cleanup", Time since last: 5005190645 ns, Reaching safepoint: 158390 ns, At safepoint: 3503 ns, Total: 161893 ns
[2022-06-29T12:11:21.157+0000][9][safepoint   ] Safepoint "Cleanup", Time since last: 18014172567 ns, Reaching safepoint: 215106 ns, At safepoint: 29651 ns, Total: 244757 ns
[2022-06-29T12:11:23.140+0000][9][safepoint   ] Safepoint "Cleanup", Time since last: 2003337558 ns, Reaching safepoint: 114725 ns, At safepoint: 5041 ns, Total: 119766 ns
[2022-06-29T12:11:33.101+0000][9][gc,start    ] GC(227) Pause Young (Normal) (G1 Evacuation Pause)
[2022-06-29T12:11:33.102+0000][9][gc,task     ] GC(227) Using 4 workers of 4 for evacuation
[2022-06-29T12:11:33.103+0000][9][gc,age      ] GC(227) Desired survivor size 20971520 bytes, new threshold 15 (max threshold 15)
[2022-06-29T12:11:33.118+0000][9][gc,phases   ] GC(227)   Pre Evacuate Collection Set: 0.2ms
[2022-06-29T12:11:33.119+0000][9][gc,phases   ] GC(227)   Merge Heap Roots: 0.2ms
[2022-06-29T12:11:33.120+0000][9][gc,phases   ] GC(227)   Evacuate Collection Set: 12.0ms
[2022-06-29T12:11:33.121+0000][9][gc,phases   ] GC(227)   Post Evacuate Collection Set: 1.4ms
[2022-06-29T12:11:33.122+0000][9][gc,phases   ] GC(227)   Other: 2.1ms
[2022-06-29T12:11:33.123+0000][9][gc,age      ] GC(227) Age table with threshold 15 (max threshold 15)
[2022-06-29T12:11:33.124+0000][9][gc,age      ] GC(227) - age   1:     975072 bytes,     975072 total
[2022-06-29T12:11:33.124+0000][9][gc,age      ] GC(227) - age   2:       3560 bytes,     978632 total
[2022-06-29T12:11:33.125+0000][9][gc,age      ] GC(227) - age   3:       1792 bytes,     980424 total
[2022-06-29T12:11:33.126+0000][9][gc,age      ] GC(227) - age   4:    1274056 bytes,    2254480 total
[2022-06-29T12:11:33.127+0000][9][gc,age      ] GC(227) - age   5:       1448 bytes,    2255928 total
[2022-06-29T12:11:33.127+0000][9][gc,age      ] GC(227) - age   6:        720 bytes,    2256648 total
[2022-06-29T12:11:33.128+0000][9][gc,age      ] GC(227) - age   7:     247544 bytes,    2504192 total
[2022-06-29T12:11:33.129+0000][9][gc,age      ] GC(227) - age   8:      21448 bytes,    2525640 total
[2022-06-29T12:11:33.129+0000][9][gc,age      ] GC(227) - age   9:        184 bytes,    2525824 total
[2022-06-29T12:11:33.130+0000][9][gc,age      ] GC(227) - age  10:       4768 bytes,    2530592 total
[2022-06-29T12:11:33.131+0000][9][gc,age      ] GC(227) - age  11:     117872 bytes,    2648464 total
[2022-06-29T12:11:33.131+0000][9][gc,age      ] GC(227) - age  14:     229224 bytes,    2877688 total
[2022-06-29T12:11:33.132+0000][9][gc,heap     ] GC(227) Eden regions: 75->0(75)
[2022-06-29T12:11:33.132+0000][9][gc,heap     ] GC(227) Survivor regions: 1->1(10)
[2022-06-29T12:11:33.133+0000][9][gc,heap     ] GC(227) Old regions: 22->22
[2022-06-29T12:11:33.133+0000][9][gc,heap     ] GC(227) Archive regions: 2->2
[2022-06-29T12:11:33.134+0000][9][gc,heap     ] GC(227) Humongous regions: 0->0
[2022-06-29T12:11:33.135+0000][9][gc,metaspace] GC(227) Metaspace: 130754K(134016K)->130754K(134016K) NonClass: 113686K(115328K)->113686K(115328K) Class: 17067K(18688K)->17067K(18688K)
[2022-06-29T12:11:33.135+0000][9][gc          ] GC(227) Pause Young (Normal) (G1 Evacuation Pause) 393M->93M(512M) 34.346ms
[2022-06-29T12:11:33.136+0000][9][gc,cpu      ] GC(227) User=0.05s Sys=0.00s Real=0.04s
[2022-06-29T12:11:33.137+0000][9][safepoint   ] Safepoint "G1CollectForAllocation", Time since last: 9960360342 ns, Reaching safepoint: 164930 ns, At safepoint: 35996818 ns, Total: 36161748 ns
[2022-06-29T12:11:41.145+0000][9][safepoint   ] Safepoint "Cleanup", Time since last: 8007680083 ns, Reaching safepoint: 147021 ns, At safepoint: 11145 ns, Total: 158166 ns
[2022-06-29T12:11:53.133+0000][9][safepoint   ] Safepoint "Cleanup", Time since last: 12011496727 ns, Reaching safepoint: 144092 ns, At safepoint: 7606 ns, Total: 151698 ns
[2022-06-29T12:11:57.139+0000][9][safepoint   ] Safepoint "Cleanup", Time since last: 4006069969 ns, Reaching safepoint: 187229 ns, At safepoint: 13817 ns, Total: 201046 ns
[2022-06-29T12:12:19.262+0000][9][safepoint   ] Safepoint "Cleanup", Time since last: 22122349047 ns, Reaching safepoint: 166100 ns, At safepoint: 19576 ns, Total: 185676 ns
[2022-06-29T12:12:21.247+0000][9][safepoint   ] Safepoint "Cleanup", Time since last: 2004146706 ns, Reaching safepoint: 118179 ns, At safepoint: 8182 ns, Total: 126361 ns
[2022-06-29T12:12:51.253+0000][9][safepoint   ] Safepoint "Cleanup", Time since last: 30028529290 ns, Reaching safepoint: 149988 ns, At safepoint: 44712 ns, Total: 194700 ns
[2022-06-29T12:13:15.277+0000][9][safepoint   ] Safepoint "Cleanup", Time since last: 24023121140 ns, Reaching safepoint: 459607 ns, At safepoint: 154724 ns, Total: 614331 ns
[2022-06-29T12:13:20.285+0000][9][safepoint   ] Safepoint "Cleanup", Time since last: 5007655452 ns, Reaching safepoint: 149910 ns, At safepoint: 12579 ns, Total: 162489 ns
[2022-06-29T12:13:21.068+0000][9][gc,start    ] GC(228) Pause Young (Normal) (G1 Evacuation Pause)
[2022-06-29T12:13:21.070+0000][9][gc,task     ] GC(228) Using 4 workers of 4 for evacuation
[2022-06-29T12:13:21.070+0000][9][gc,age      ] GC(228) Desired survivor size 20971520 bytes, new threshold 15 (max threshold 15)
[2022-06-29T12:13:21.085+0000][9][gc,phases   ] GC(228)   Pre Evacuate Collection Set: 0.1ms
[2022-06-29T12:13:21.086+0000][9][gc,phases   ] GC(228)   Merge Heap Roots: 0.0ms
[2022-06-29T12:13:21.087+0000][9][gc,phases   ] GC(228)   Evacuate Collection Set: 12.3ms
[2022-06-29T12:13:21.087+0000][9][gc,phases   ] GC(228)   Post Evacuate Collection Set: 1.2ms
[2022-06-29T12:13:21.088+0000][9][gc,phases   ] GC(228)   Other: 1.4ms
[2022-06-29T12:13:21.089+0000][9][gc,age      ] GC(228) Age table with threshold 15 (max threshold 15)
[2022-06-29T12:13:21.091+0000][9][gc,age      ] GC(228) - age   1:    1168792 bytes,    1168792 total
[2022-06-29T12:13:21.093+0000][9][gc,age      ] GC(228) - age   2:     221856 bytes,    1390648 total
[2022-06-29T12:13:21.095+0000][9][gc,age      ] GC(228) - age   3:       2824 bytes,    1393472 total
[2022-06-29T12:13:21.096+0000][9][gc,age      ] GC(228) - age   4:       1792 bytes,    1395264 total
[2022-06-29T12:13:21.100+0000][9][gc,age      ] GC(228) - age   5:    1274056 bytes,    2669320 total
[2022-06-29T12:13:21.102+0000][9][gc,age      ] GC(228) - age   6:       1448 bytes,    2670768 total
[2022-06-29T12:13:21.103+0000][9][gc,age      ] GC(228) - age   7:        720 bytes,    2671488 total
[2022-06-29T12:13:21.104+0000][9][gc,age      ] GC(228) - age   8:     247544 bytes,    2919032 total
[2022-06-29T12:13:21.105+0000][9][gc,age      ] GC(228) - age   9:      21448 bytes,    2940480 total
[2022-06-29T12:13:21.107+0000][9][gc,age      ] GC(228) - age  10:        184 bytes,    2940664 total
[2022-06-29T12:13:21.108+0000][9][gc,age      ] GC(228) - age  11:       4768 bytes,    2945432 total
[2022-06-29T12:13:21.109+0000][9][gc,age      ] GC(228) - age  12:     117872 bytes,    3063304 total
[2022-06-29T12:13:21.109+0000][9][gc,age      ] GC(228) - age  15:     229224 bytes,    3292528 total
[2022-06-29T12:13:21.140+0000][9][gc,heap     ] GC(228) Eden regions: 75->0(75)
[2022-06-29T12:13:21.142+0000][9][gc,heap     ] GC(228) Survivor regions: 1->1(10)
[2022-06-29T12:13:21.143+0000][9][gc,heap     ] GC(228) Old regions: 22->22
[2022-06-29T12:13:21.143+0000][9][gc,heap     ] GC(228) Archive regions: 2->2
[2022-06-29T12:13:21.144+0000][9][gc,heap     ] GC(228) Humongous regions: 0->0
[2022-06-29T12:13:21.145+0000][9][gc,metaspace] GC(228) Metaspace: 130754K(134016K)->130754K(134016K) NonClass: 113686K(115328K)->113686K(115328K) Class: 17067K(18688K)->17067K(18688K)
[2022-06-29T12:13:21.145+0000][9][gc          ] GC(228) Pause Young (Normal) (G1 Evacuation Pause) 393M->94M(512M) 77.020ms
[2022-06-29T12:13:21.146+0000][9][gc,cpu      ] GC(228) User=0.03s Sys=0.00s Real=0.07s
[2022-06-29T12:13:21.147+0000][9][safepoint   ] Safepoint "G1CollectForAllocation", Time since last: 783602696 ns, Reaching safepoint: 55936 ns, At safepoint: 78265450 ns, Total: 78321386 ns
[2022-06-29T12:13:33.132+0000][9][safepoint   ] Safepoint "Cleanup", Time since last: 12007621040 ns, Reaching safepoint: 149911 ns, At safepoint: 11341 ns, Total: 161252 ns
[2022-06-29T12:13:39.138+0000][9][safepoint   ] Safepoint "Cleanup", Time since last: 6005734641 ns, Reaching safepoint: 147124 ns, At safepoint: 7146 ns, Total: 154270 ns
[2022-06-29T12:13:41.142+0000][9][safepoint   ] Safepoint "Cleanup", Time since last: 2004029681 ns, Reaching safepoint: 84575 ns, At safepoint: 3770 ns, Total: 88345 ns
[2022-06-29T12:14:03.143+0000][9][safepoint   ] Safepoint "Cleanup", Time since last: 22022917523 ns, Reaching safepoint: 98444 ns, At safepoint: 5278 ns, Total: 103722 ns
[2022-06-29T12:14:18.161+0000][9][safepoint   ] Safepoint "Cleanup", Time since last: 15016923481 ns, Reaching safepoint: 869356 ns, At safepoint: 62390 ns, Total: 931746 ns
[2022-06-29T12:14:39.155+0000][9][safepoint   ] Safepoint "Cleanup", Time since last: 21016058863 ns, Reaching safepoint: 110550 ns, At safepoint: 4420 ns, Total: 114970 ns
[2022-06-29T12:14:40.159+0000][9][safepoint   ] Safepoint "Cleanup", Time since last: 1003386806 ns, Reaching safepoint: 172884 ns, At safepoint: 9527 ns, Total: 182411 ns
[2022-06-29T12:14:46.165+0000][9][safepoint   ] Safepoint "Cleanup", Time since last: 6006177479 ns, Reaching safepoint: 183946 ns, At safepoint: 13373 ns, Total: 197319 ns
[2022-06-29T12:15:09.037+0000][9][gc,start    ] GC(229) Pause Young (Normal) (G1 Evacuation Pause)
[2022-06-29T12:15:09.039+0000][9][gc,task     ] GC(229) Using 4 workers of 4 for evacuation
[2022-06-29T12:15:09.040+0000][9][gc,age      ] GC(229) Desired survivor size 20971520 bytes, new threshold 15 (max threshold 15)
[2022-06-29T12:15:09.046+0000][9][gc,phases   ] GC(229)   Pre Evacuate Collection Set: 0.2ms
[2022-06-29T12:15:09.047+0000][9][gc,phases   ] GC(229)   Merge Heap Roots: 0.0ms
[2022-06-29T12:15:09.048+0000][9][gc,phases   ] GC(229)   Evacuate Collection Set: 3.4ms
[2022-06-29T12:15:09.049+0000][9][gc,phases   ] GC(229)   Post Evacuate Collection Set: 1.2ms
[2022-06-29T12:15:09.049+0000][9][gc,phases   ] GC(229)   Other: 2.2ms
[2022-06-29T12:15:09.050+0000][9][gc,age      ] GC(229) Age table with threshold 15 (max threshold 15)
[2022-06-29T12:15:09.052+0000][9][gc,age      ] GC(229) - age   1:    1198752 bytes,    1198752 total
[2022-06-29T12:15:09.054+0000][9][gc,age      ] GC(229) - age   2:       1608 bytes,    1200360 total
[2022-06-29T12:15:09.055+0000][9][gc,age      ] GC(229) - age   3:     220344 bytes,    1420704 total
[2022-06-29T12:15:09.056+0000][9][gc,age      ] GC(229) - age   4:       2760 bytes,    1423464 total
[2022-06-29T12:15:09.057+0000][9][gc,age      ] GC(229) - age   5:       1792 bytes,    1425256 total
[2022-06-29T12:15:09.057+0000][9][gc,age      ] GC(229) - age   6:    1030960 bytes,    2456216 total
[2022-06-29T12:15:09.058+0000][9][gc,age      ] GC(229) - age   7:       1448 bytes,    2457664 total
[2022-06-29T12:15:09.058+0000][9][gc,age      ] GC(229) - age   8:        720 bytes,    2458384 total
[2022-06-29T12:15:09.059+0000][9][gc,age      ] GC(229) - age   9:     242952 bytes,    2701336 total
[2022-06-29T12:15:09.060+0000][9][gc,age      ] GC(229) - age  10:      21448 bytes,    2722784 total
[2022-06-29T12:15:09.060+0000][9][gc,age      ] GC(229) - age  11:        184 bytes,    2722968 total
[2022-06-29T12:15:09.061+0000][9][gc,age      ] GC(229) - age  12:       4384 bytes,    2727352 total
[2022-06-29T12:15:09.062+0000][9][gc,age      ] GC(229) - age  13:     117872 bytes,    2845224 total
[2022-06-29T12:15:09.063+0000][9][gc,heap     ] GC(229) Eden regions: 75->0(75)
[2022-06-29T12:15:09.063+0000][9][gc,heap     ] GC(229) Survivor regions: 1->1(10)
[2022-06-29T12:15:09.064+0000][9][gc,heap     ] GC(229) Old regions: 22->22
[2022-06-29T12:15:09.065+0000][9][gc,heap     ] GC(229) Archive regions: 2->2
[2022-06-29T12:15:09.065+0000][9][gc,heap     ] GC(229) Humongous regions: 0->0
[2022-06-29T12:15:09.066+0000][9][gc,metaspace] GC(229) Metaspace: 130755K(134016K)->130755K(134016K) NonClass: 113688K(115328K)->113688K(115328K) Class: 17067K(18688K)->17067K(18688K)
[2022-06-29T12:15:09.066+0000][9][gc          ] GC(229) Pause Young (Normal) (G1 Evacuation Pause) 394M->94M(512M) 29.055ms
[2022-06-29T12:15:09.067+0000][9][gc,cpu      ] GC(229) User=0.02s Sys=0.01s Real=0.03s
[2022-06-29T12:15:09.068+0000][9][safepoint   ] Safepoint "G1CollectForAllocation", Time since last: 22893327247 ns, Reaching safepoint: 122351 ns, At safepoint: 30695082 ns, Total: 30817433 ns
[2022-06-29T12:15:21.080+0000][9][safepoint   ] Safepoint "Cleanup", Time since last: 12011678239 ns, Reaching safepoint: 106059 ns, At safepoint: 4733 ns, Total: 110792 ns
[2022-06-29T12:15:28.072+0000][9][safepoint   ] Safepoint "Cleanup", Time since last: 7013473475 ns, Reaching safepoint: 518396 ns, At safepoint: 36162 ns, Total: 554558 ns
[2022-06-29T12:16:45.277+0000][9][safepoint   ] Safepoint "Cleanup", Time since last: 77249115834 ns, Reaching safepoint: 94006 ns, At safepoint: 42711 ns, Total: 136717 ns
[2022-06-29T12:16:51.171+0000][9][gc,start    ] GC(230) Pause Young (Normal) (G1 Evacuation Pause)
[2022-06-29T12:16:51.176+0000][9][gc,task     ] GC(230) Using 4 workers of 4 for evacuation
[2022-06-29T12:16:51.177+0000][9][gc,age      ] GC(230) Desired survivor size 20971520 bytes, new threshold 15 (max threshold 15)
[2022-06-29T12:16:51.182+0000][9][gc,phases   ] GC(230)   Pre Evacuate Collection Set: 0.3ms
[2022-06-29T12:16:51.183+0000][9][gc,phases   ] GC(230)   Merge Heap Roots: 0.2ms
[2022-06-29T12:16:51.184+0000][9][gc,phases   ] GC(230)   Evacuate Collection Set: 2.2ms
[2022-06-29T12:16:51.184+0000][9][gc,phases   ] GC(230)   Post Evacuate Collection Set: 1.3ms
[2022-06-29T12:16:51.185+0000][9][gc,phases   ] GC(230)   Other: 2.2ms
[2022-06-29T12:16:51.186+0000][9][gc,age      ] GC(230) Age table with threshold 15 (max threshold 15)
[2022-06-29T12:16:51.187+0000][9][gc,age      ] GC(230) - age   1:     514128 bytes,     514128 total
[2022-06-29T12:16:51.187+0000][9][gc,age      ] GC(230) - age   2:       2536 bytes,     516664 total
[2022-06-29T12:16:51.188+0000][9][gc,age      ] GC(230) - age   3:        352 bytes,     517016 total
[2022-06-29T12:16:51.188+0000][9][gc,age      ] GC(230) - age   4:     207736 bytes,     724752 total
[2022-06-29T12:16:51.189+0000][9][gc,age      ] GC(230) - age   5:       2760 bytes,     727512 total
[2022-06-29T12:16:51.189+0000][9][gc,age      ] GC(230) - age   6:       1792 bytes,     729304 total
[2022-06-29T12:16:51.190+0000][9][gc,age      ] GC(230) - age   7:    1030696 bytes,    1760000 total
[2022-06-29T12:16:51.191+0000][9][gc,age      ] GC(230) - age   8:       1448 bytes,    1761448 total
[2022-06-29T12:16:51.191+0000][9][gc,age      ] GC(230) - age   9:        720 bytes,    1762168 total
[2022-06-29T12:16:51.192+0000][9][gc,age      ] GC(230) - age  10:     242952 bytes,    2005120 total
[2022-06-29T12:16:51.192+0000][9][gc,age      ] GC(230) - age  11:      21448 bytes,    2026568 total
[2022-06-29T12:16:51.193+0000][9][gc,age      ] GC(230) - age  12:        184 bytes,    2026752 total
[2022-06-29T12:16:51.193+0000][9][gc,age      ] GC(230) - age  13:       4384 bytes,    2031136 total
[2022-06-29T12:16:51.194+0000][9][gc,age      ] GC(230) - age  14:     117840 bytes,    2148976 total
[2022-06-29T12:16:51.194+0000][9][gc,heap     ] GC(230) Eden regions: 75->0(75)
[2022-06-29T12:16:51.195+0000][9][gc,heap     ] GC(230) Survivor regions: 1->1(10)
[2022-06-29T12:16:51.196+0000][9][gc,heap     ] GC(230) Old regions: 22->22
[2022-06-29T12:16:51.196+0000][9][gc,heap     ] GC(230) Archive regions: 2->2
[2022-06-29T12:16:51.197+0000][9][gc,heap     ] GC(230) Humongous regions: 0->0
[2022-06-29T12:16:51.197+0000][9][gc,metaspace] GC(230) Metaspace: 130755K(134016K)->130755K(134016K) NonClass: 113688K(115328K)->113688K(115328K) Class: 17067K(18688K)->17067K(18688K)
[2022-06-29T12:16:51.198+0000][9][gc          ] GC(230) Pause Young (Normal) (G1 Evacuation Pause) 394M->93M(512M) 26.959ms
[2022-06-29T12:16:51.198+0000][9][gc,cpu      ] GC(230) User=0.01s Sys=0.00s Real=0.03s
[2022-06-29T12:16:51.199+0000][9][safepoint   ] Safepoint "G1CollectForAllocation", Time since last: 5914590309 ns, Reaching safepoint: 48171 ns, At safepoint: 28169227 ns, Total: 28217398 ns
[2022-06-29T12:17:03.209+0000][9][safepoint   ] Safepoint "Cleanup", Time since last: 12009761443 ns, Reaching safepoint: 307502 ns, At safepoint: 48874 ns, Total: 356376 ns
[2022-06-29T12:17:20.228+0000][9][safepoint   ] Safepoint "Cleanup", Time since last: 17018173052 ns, Reaching safepoint: 406458 ns, At safepoint: 37957 ns, Total: 444415 ns
[2022-06-29T12:17:30.215+0000][9][safepoint   ] Safepoint "Cleanup", Time since last: 10009726653 ns, Reaching safepoint: 124206 ns, At safepoint: 9626 ns, Total: 133832 ns
[2022-06-29T12:17:40.224+0000][9][safepoint   ] Safepoint "Cleanup", Time since last: 10008722929 ns, Reaching safepoint: 217616 ns, At safepoint: 14947 ns, Total: 232563 ns
[2022-06-29T12:18:38.907+0000][9][gc,start    ] GC(231) Pause Young (Normal) (G1 Evacuation Pause)
[2022-06-29T12:18:38.909+0000][9][gc,task     ] GC(231) Using 4 workers of 4 for evacuation
[2022-06-29T12:18:38.910+0000][9][gc,age      ] GC(231) Desired survivor size 20971520 bytes, new threshold 15 (max threshold 15)
[2022-06-29T12:18:38.918+0000][9][gc,phases   ] GC(231)   Pre Evacuate Collection Set: 0.4ms
[2022-06-29T12:18:38.919+0000][9][gc,phases   ] GC(231)   Merge Heap Roots: 0.2ms
[2022-06-29T12:18:38.920+0000][9][gc,phases   ] GC(231)   Evacuate Collection Set: 4.5ms
[2022-06-29T12:18:38.921+0000][9][gc,phases   ] GC(231)   Post Evacuate Collection Set: 2.3ms
[2022-06-29T12:18:38.921+0000][9][gc,phases   ] GC(231)   Other: 2.1ms
[2022-06-29T12:18:38.922+0000][9][gc,age      ] GC(231) Age table with threshold 15 (max threshold 15)
[2022-06-29T12:18:38.923+0000][9][gc,age      ] GC(231) - age   1:    1225768 bytes,    1225768 total
[2022-06-29T12:18:38.923+0000][9][gc,age      ] GC(231) - age   2:      15928 bytes,    1241696 total
[2022-06-29T12:18:38.924+0000][9][gc,age      ] GC(231) - age   3:       1256 bytes,    1242952 total
[2022-06-29T12:18:38.925+0000][9][gc,age      ] GC(231) - age   4:        128 bytes,    1243080 total
[2022-06-29T12:18:38.926+0000][9][gc,age      ] GC(231) - age   5:      75872 bytes,    1318952 total
[2022-06-29T12:18:38.927+0000][9][gc,age      ] GC(231) - age   6:       2760 bytes,    1321712 total
[2022-06-29T12:18:38.927+0000][9][gc,age      ] GC(231) - age   7:        256 bytes,    1321968 total
[2022-06-29T12:18:38.928+0000][9][gc,age      ] GC(231) - age   8:    1030696 bytes,    2352664 total
[2022-06-29T12:18:38.929+0000][9][gc,age      ] GC(231) - age   9:       1416 bytes,    2354080 total
[2022-06-29T12:18:38.930+0000][9][gc,age      ] GC(231) - age  10:        328 bytes,    2354408 total
[2022-06-29T12:18:38.931+0000][9][gc,age      ] GC(231) - age  11:     242952 bytes,    2597360 total
[2022-06-29T12:18:38.931+0000][9][gc,age      ] GC(231) - age  12:      21448 bytes,    2618808 total
[2022-06-29T12:18:38.932+0000][9][gc,age      ] GC(231) - age  14:       4384 bytes,    2623192 total
[2022-06-29T12:18:38.933+0000][9][gc,age      ] GC(231) - age  15:     117840 bytes,    2741032 total
[2022-06-29T12:18:38.934+0000][9][gc,heap     ] GC(231) Eden regions: 75->0(75)
[2022-06-29T12:18:38.934+0000][9][gc,heap     ] GC(231) Survivor regions: 1->1(10)
[2022-06-29T12:18:38.935+0000][9][gc,heap     ] GC(231) Old regions: 22->22
[2022-06-29T12:18:38.936+0000][9][gc,heap     ] GC(231) Archive regions: 2->2
[2022-06-29T12:18:38.936+0000][9][gc,heap     ] GC(231) Humongous regions: 0->0
[2022-06-29T12:18:38.937+0000][9][gc,metaspace] GC(231) Metaspace: 130755K(134016K)->130755K(134016K) NonClass: 113688K(115328K)->113688K(115328K) Class: 17067K(18688K)->17067K(18688K)
[2022-06-29T12:18:38.938+0000][9][gc          ] GC(231) Pause Young (Normal) (G1 Evacuation Pause) 393M->93M(512M) 31.186ms
[2022-06-29T12:18:38.939+0000][9][gc,cpu      ] GC(231) User=0.02s Sys=0.00s Real=0.04s
[2022-06-29T12:18:38.940+0000][9][safepoint   ] Safepoint "G1CollectForAllocation", Time since last: 58726397026 ns, Reaching safepoint: 126097 ns, At safepoint: 32967443 ns, Total: 33093540 ns
[2022-06-29T12:18:55.936+0000][9][safepoint   ] Safepoint "Cleanup", Time since last: 17015397821 ns, Reaching safepoint: 124550 ns, At safepoint: 6151 ns, Total: 130701 ns
[2022-06-29T12:20:29.854+0000][9][gc,start    ] GC(232) Pause Young (Normal) (G1 Evacuation Pause)
[2022-06-29T12:20:29.857+0000][9][gc,task     ] GC(232) Using 4 workers of 4 for evacuation
[2022-06-29T12:20:29.858+0000][9][gc,age      ] GC(232) Desired survivor size 20971520 bytes, new threshold 15 (max threshold 15)
[2022-06-29T12:20:29.864+0000][9][gc,phases   ] GC(232)   Pre Evacuate Collection Set: 0.2ms
[2022-06-29T12:20:29.865+0000][9][gc,phases   ] GC(232)   Merge Heap Roots: 0.1ms
[2022-06-29T12:20:29.866+0000][9][gc,phases   ] GC(232)   Evacuate Collection Set: 4.1ms
[2022-06-29T12:20:29.867+0000][9][gc,phases   ] GC(232)   Post Evacuate Collection Set: 0.9ms
[2022-06-29T12:20:29.869+0000][9][gc,phases   ] GC(232)   Other: 1.8ms
[2022-06-29T12:20:29.870+0000][9][gc,age      ] GC(232) Age table with threshold 15 (max threshold 15)
[2022-06-29T12:20:29.870+0000][9][gc,age      ] GC(232) - age   1:    1180288 bytes,    1180288 total
[2022-06-29T12:20:29.871+0000][9][gc,age      ] GC(232) - age   2:       3520 bytes,    1183808 total
[2022-06-29T12:20:29.872+0000][9][gc,age      ] GC(232) - age   3:      15584 bytes,    1199392 total
[2022-06-29T12:20:29.872+0000][9][gc,age      ] GC(232) - age   4:       1256 bytes,    1200648 total
[2022-06-29T12:20:29.873+0000][9][gc,age      ] GC(232) - age   5:         64 bytes,    1200712 total
[2022-06-29T12:20:29.874+0000][9][gc,age      ] GC(232) - age   6:      75384 bytes,    1276096 total
[2022-06-29T12:20:29.874+0000][9][gc,age      ] GC(232) - age   7:       2576 bytes,    1278672 total
[2022-06-29T12:20:29.875+0000][9][gc,age      ] GC(232) - age   8:        256 bytes,    1278928 total
[2022-06-29T12:20:29.876+0000][9][gc,age      ] GC(232) - age   9:    1030696 bytes,    2309624 total
[2022-06-29T12:20:29.876+0000][9][gc,age      ] GC(232) - age  10:       1416 bytes,    2311040 total
[2022-06-29T12:20:29.877+0000][9][gc,age      ] GC(232) - age  11:        328 bytes,    2311368 total
[2022-06-29T12:20:29.878+0000][9][gc,age      ] GC(232) - age  12:     242952 bytes,    2554320 total
[2022-06-29T12:20:29.878+0000][9][gc,age      ] GC(232) - age  13:      21448 bytes,    2575768 total
[2022-06-29T12:20:29.879+0000][9][gc,age      ] GC(232) - age  15:       4384 bytes,    2580152 total
[2022-06-29T12:20:29.880+0000][9][gc,heap     ] GC(232) Eden regions: 75->0(75)
[2022-06-29T12:20:29.880+0000][9][gc,heap     ] GC(232) Survivor regions: 1->1(10)
[2022-06-29T12:20:29.881+0000][9][gc,heap     ] GC(232) Old regions: 22->22
[2022-06-29T12:20:29.882+0000][9][gc,heap     ] GC(232) Archive regions: 2->2
[2022-06-29T12:20:29.882+0000][9][gc,heap     ] GC(232) Humongous regions: 0->0
[2022-06-29T12:20:29.883+0000][9][gc,metaspace] GC(232) Metaspace: 130755K(134016K)->130755K(134016K) NonClass: 113688K(115328K)->113688K(115328K) Class: 17067K(18688K)->17067K(18688K)
[2022-06-29T12:20:29.884+0000][9][gc          ] GC(232) Pause Young (Normal) (G1 Evacuation Pause) 393M->93M(512M) 30.385ms
[2022-06-29T12:20:29.885+0000][9][gc,cpu      ] GC(232) User=0.01s Sys=0.00s Real=0.03s
[2022-06-29T12:20:29.885+0000][9][safepoint   ] Safepoint "G1CollectForAllocation", Time since last: 93983690104 ns, Reaching safepoint: 95302 ns, At safepoint: 31754115 ns, Total: 31849417 ns
[2022-06-29T12:21:15.897+0000][9][safepoint   ] Safepoint "Cleanup", Time since last: 46032565481 ns, Reaching safepoint: 100917 ns, At safepoint: 5756 ns, Total: 106673 ns
[2022-06-29T12:21:19.904+0000][9][safepoint   ] Safepoint "Cleanup", Time since last: 4007260036 ns, Reaching safepoint: 284642 ns, At safepoint: 26152 ns, Total: 310794 ns
[2022-06-29T12:21:27.892+0000][9][safepoint   ] Safepoint "Cleanup", Time since last: 8009126012 ns, Reaching safepoint: 65384 ns, At safepoint: 4104 ns, Total: 69488 ns
[2022-06-29T12:21:39.903+0000][9][safepoint   ] Safepoint "Cleanup", Time since last: 12010413099 ns, Reaching safepoint: 93384 ns, At safepoint: 62036 ns, Total: 155420 ns
[2022-06-29T12:22:14.813+0000][9][gc,start    ] GC(233) Pause Young (Normal) (G1 Evacuation Pause)
[2022-06-29T12:22:14.816+0000][9][gc,task     ] GC(233) Using 4 workers of 4 for evacuation
[2022-06-29T12:22:14.817+0000][9][gc,age      ] GC(233) Desired survivor size 20971520 bytes, new threshold 15 (max threshold 15)
[2022-06-29T12:22:14.822+0000][9][gc,phases   ] GC(233)   Pre Evacuate Collection Set: 0.1ms
[2022-06-29T12:22:14.823+0000][9][gc,phases   ] GC(233)   Merge Heap Roots: 0.1ms
[2022-06-29T12:22:14.823+0000][9][gc,phases   ] GC(233)   Evacuate Collection Set: 3.4ms
[2022-06-29T12:22:14.824+0000][9][gc,phases   ] GC(233)   Post Evacuate Collection Set: 0.9ms
[2022-06-29T12:22:14.825+0000][9][gc,phases   ] GC(233)   Other: 1.7ms
[2022-06-29T12:22:14.825+0000][9][gc,age      ] GC(233) Age table with threshold 15 (max threshold 15)
[2022-06-29T12:22:14.826+0000][9][gc,age      ] GC(233) - age   1:     548728 bytes,     548728 total
[2022-06-29T12:22:14.827+0000][9][gc,age      ] GC(233) - age   2:       2328 bytes,     551056 total
[2022-06-29T12:22:14.828+0000][9][gc,age      ] GC(233) - age   3:       2392 bytes,     553448 total
[2022-06-29T12:22:14.828+0000][9][gc,age      ] GC(233) - age   4:      15288 bytes,     568736 total
[2022-06-29T12:22:14.829+0000][9][gc,age      ] GC(233) - age   5:       1072 bytes,     569808 total
[2022-06-29T12:22:14.830+0000][9][gc,age      ] GC(233) - age   6:         64 bytes,     569872 total
[2022-06-29T12:22:14.831+0000][9][gc,age      ] GC(233) - age   7:      75384 bytes,     645256 total
[2022-06-29T12:22:14.831+0000][9][gc,age      ] GC(233) - age   8:       2576 bytes,     647832 total
[2022-06-29T12:22:14.832+0000][9][gc,age      ] GC(233) - age   9:        256 bytes,     648088 total
[2022-06-29T12:22:14.833+0000][9][gc,age      ] GC(233) - age  10:    1030696 bytes,    1678784 total
[2022-06-29T12:22:14.834+0000][9][gc,age      ] GC(233) - age  11:       1416 bytes,    1680200 total
[2022-06-29T12:22:14.835+0000][9][gc,age      ] GC(233) - age  12:        328 bytes,    1680528 total
[2022-06-29T12:22:14.836+0000][9][gc,age      ] GC(233) - age  13:     242952 bytes,    1923480 total
[2022-06-29T12:22:14.837+0000][9][gc,age      ] GC(233) - age  14:      21448 bytes,    1944928 total
[2022-06-29T12:22:14.838+0000][9][gc,heap     ] GC(233) Eden regions: 75->0(75)
[2022-06-29T12:22:14.838+0000][9][gc,heap     ] GC(233) Survivor regions: 1->1(10)
[2022-06-29T12:22:14.839+0000][9][gc,heap     ] GC(233) Old regions: 22->22
[2022-06-29T12:22:14.840+0000][9][gc,heap     ] GC(233) Archive regions: 2->2
[2022-06-29T12:22:14.841+0000][9][gc,heap     ] GC(233) Humongous regions: 0->0
[2022-06-29T12:22:14.841+0000][9][gc,metaspace] GC(233) Metaspace: 130755K(134016K)->130755K(134016K) NonClass: 113688K(115328K)->113688K(115328K) Class: 17067K(18688K)->17067K(18688K)
[2022-06-29T12:22:14.842+0000][9][gc          ] GC(233) Pause Young (Normal) (G1 Evacuation Pause) 393M->93M(512M) 28.908ms
[2022-06-29T12:22:14.843+0000][9][gc,cpu      ] GC(233) User=0.01s Sys=0.00s Real=0.03s
[2022-06-29T12:22:14.843+0000][9][safepoint   ] Safepoint "G1CollectForAllocation", Time since last: 34931724426 ns, Reaching safepoint: 41634 ns, At safepoint: 30299995 ns, Total: 30341629 ns
[2022-06-29T12:22:15.845+0000][9][safepoint   ] Safepoint "Cleanup", Time since last: 1001183351 ns, Reaching safepoint: 170334 ns, At safepoint: 16263 ns, Total: 186597 ns
[2022-06-29T12:23:19.851+0000][9][safepoint   ] Safepoint "Cleanup", Time since last: 64049837431 ns, Reaching safepoint: 177705 ns, At safepoint: 16179 ns, Total: 193884 ns
[2022-06-29T12:24:02.770+0000][9][gc,start    ] GC(234) Pause Young (Normal) (G1 Evacuation Pause)
[2022-06-29T12:24:02.772+0000][9][gc,task     ] GC(234) Using 4 workers of 4 for evacuation
[2022-06-29T12:24:02.773+0000][9][gc,age      ] GC(234) Desired survivor size 20971520 bytes, new threshold 15 (max threshold 15)
[2022-06-29T12:24:02.777+0000][9][gc,phases   ] GC(234)   Pre Evacuate Collection Set: 0.2ms
[2022-06-29T12:24:02.778+0000][9][gc,phases   ] GC(234)   Merge Heap Roots: 0.0ms
[2022-06-29T12:24:02.779+0000][9][gc,phases   ] GC(234)   Evacuate Collection Set: 2.1ms
[2022-06-29T12:24:02.779+0000][9][gc,phases   ] GC(234)   Post Evacuate Collection Set: 1.1ms
[2022-06-29T12:24:02.780+0000][9][gc,phases   ] GC(234)   Other: 1.7ms
[2022-06-29T12:24:02.781+0000][9][gc,age      ] GC(234) Age table with threshold 15 (max threshold 15)
[2022-06-29T12:24:02.781+0000][9][gc,age      ] GC(234) - age   1:     979544 bytes,     979544 total
[2022-06-29T12:24:02.782+0000][9][gc,age      ] GC(234) - age   2:        696 bytes,     980240 total
[2022-06-29T12:24:02.783+0000][9][gc,age      ] GC(234) - age   3:       1248 bytes,     981488 total
[2022-06-29T12:24:02.784+0000][9][gc,age      ] GC(234) - age   4:       2232 bytes,     983720 total
[2022-06-29T12:24:02.784+0000][9][gc,age      ] GC(234) - age   5:      15104 bytes,     998824 total
[2022-06-29T12:24:02.785+0000][9][gc,age      ] GC(234) - age   6:       1072 bytes,     999896 total
[2022-06-29T12:24:02.785+0000][9][gc,age      ] GC(234) - age   7:         64 bytes,     999960 total
[2022-06-29T12:24:02.786+0000][9][gc,age      ] GC(234) - age   8:      75384 bytes,    1075344 total
[2022-06-29T12:24:02.787+0000][9][gc,age      ] GC(234) - age   9:       2576 bytes,    1077920 total
[2022-06-29T12:24:02.787+0000][9][gc,age      ] GC(234) - age  10:        256 bytes,    1078176 total
[2022-06-29T12:24:02.788+0000][9][gc,age      ] GC(234) - age  11:    1030696 bytes,    2108872 total
[2022-06-29T12:24:02.789+0000][9][gc,age      ] GC(234) - age  12:       1416 bytes,    2110288 total
[2022-06-29T12:24:02.790+0000][9][gc,age      ] GC(234) - age  13:        328 bytes,    2110616 total
[2022-06-29T12:24:02.790+0000][9][gc,age      ] GC(234) - age  14:     242952 bytes,    2353568 total
[2022-06-29T12:24:02.791+0000][9][gc,age      ] GC(234) - age  15:      21448 bytes,    2375016 total
[2022-06-29T12:24:02.792+0000][9][gc,heap     ] GC(234) Eden regions: 75->0(75)
[2022-06-29T12:24:02.792+0000][9][gc,heap     ] GC(234) Survivor regions: 1->1(10)
[2022-06-29T12:24:02.793+0000][9][gc,heap     ] GC(234) Old regions: 22->22
[2022-06-29T12:24:02.793+0000][9][gc,heap     ] GC(234) Archive regions: 2->2
[2022-06-29T12:24:02.794+0000][9][gc,heap     ] GC(234) Humongous regions: 0->0
[2022-06-29T12:24:02.795+0000][9][gc,metaspace] GC(234) Metaspace: 130755K(134016K)->130755K(134016K) NonClass: 113688K(115328K)->113688K(115328K) Class: 17067K(18688K)->17067K(18688K)
[2022-06-29T12:24:02.795+0000][9][gc          ] GC(234) Pause Young (Normal) (G1 Evacuation Pause) 393M->93M(512M) 25.182ms
[2022-06-29T12:24:02.796+0000][9][gc,cpu      ] GC(234) User=0.01s Sys=0.01s Real=0.03s
[2022-06-29T12:24:02.797+0000][9][safepoint   ] Safepoint "G1CollectForAllocation", Time since last: 42961638506 ns, Reaching safepoint: 176411 ns, At safepoint: 26746535 ns, Total: 26922946 ns
[2022-06-29T12:25:50.730+0000][9][gc,start    ] GC(235) Pause Young (Normal) (G1 Evacuation Pause)
[2022-06-29T12:25:50.732+0000][9][gc,task     ] GC(235) Using 4 workers of 4 for evacuation
[2022-06-29T12:25:50.733+0000][9][gc,age      ] GC(235) Desired survivor size 20971520 bytes, new threshold 15 (max threshold 15)
[2022-06-29T12:25:50.738+0000][9][gc,phases   ] GC(235)   Pre Evacuate Collection Set: 0.2ms
[2022-06-29T12:25:50.739+0000][9][gc,phases   ] GC(235)   Merge Heap Roots: 0.1ms
[2022-06-29T12:25:50.740+0000][9][gc,phases   ] GC(235)   Evacuate Collection Set: 3.1ms
[2022-06-29T12:25:50.741+0000][9][gc,phases   ] GC(235)   Post Evacuate Collection Set: 1.1ms
[2022-06-29T12:25:50.741+0000][9][gc,phases   ] GC(235)   Other: 1.9ms
[2022-06-29T12:25:50.742+0000][9][gc,age      ] GC(235) Age table with threshold 15 (max threshold 15)
[2022-06-29T12:25:50.742+0000][9][gc,age      ] GC(235) - age   1:     947384 bytes,     947384 total
[2022-06-29T12:25:50.743+0000][9][gc,age      ] GC(235) - age   2:       4408 bytes,     951792 total
[2022-06-29T12:25:50.744+0000][9][gc,age      ] GC(235) - age   3:        248 bytes,     952040 total
[2022-06-29T12:25:50.744+0000][9][gc,age      ] GC(235) - age   4:        952 bytes,     952992 total
[2022-06-29T12:25:50.745+0000][9][gc,age      ] GC(235) - age   5:       2232 bytes,     955224 total
[2022-06-29T12:25:50.746+0000][9][gc,age      ] GC(235) - age   6:      15104 bytes,     970328 total
[2022-06-29T12:25:50.747+0000][9][gc,age      ] GC(235) - age   7:       1072 bytes,     971400 total
[2022-06-29T12:25:50.748+0000][9][gc,age      ] GC(235) - age   8:         64 bytes,     971464 total
[2022-06-29T12:25:50.748+0000][9][gc,age      ] GC(235) - age   9:      75384 bytes,    1046848 total
[2022-06-29T12:25:50.750+0000][9][gc,age      ] GC(235) - age  10:       2576 bytes,    1049424 total
[2022-06-29T12:25:50.751+0000][9][gc,age      ] GC(235) - age  11:        256 bytes,    1049680 total
[2022-06-29T12:25:50.752+0000][9][gc,age      ] GC(235) - age  12:    1030696 bytes,    2080376 total
[2022-06-29T12:25:50.753+0000][9][gc,age      ] GC(235) - age  13:       1416 bytes,    2081792 total
[2022-06-29T12:25:50.753+0000][9][gc,age      ] GC(235) - age  14:        328 bytes,    2082120 total
[2022-06-29T12:25:50.754+0000][9][gc,age      ] GC(235) - age  15:     242952 bytes,    2325072 total
[2022-06-29T12:25:50.755+0000][9][gc,heap     ] GC(235) Eden regions: 75->0(75)
[2022-06-29T12:25:50.755+0000][9][gc,heap     ] GC(235) Survivor regions: 1->1(10)
[2022-06-29T12:25:50.756+0000][9][gc,heap     ] GC(235) Old regions: 22->22
[2022-06-29T12:25:50.757+0000][9][gc,heap     ] GC(235) Archive regions: 2->2
[2022-06-29T12:25:50.758+0000][9][gc,heap     ] GC(235) Humongous regions: 0->0
[2022-06-29T12:25:50.759+0000][9][gc,metaspace] GC(235) Metaspace: 130755K(134016K)->130755K(134016K) NonClass: 113688K(115328K)->113688K(115328K) Class: 17067K(18688K)->17067K(18688K)
[2022-06-29T12:25:50.760+0000][9][gc          ] GC(235) Pause Young (Normal) (G1 Evacuation Pause) 393M->93M(512M) 29.786ms
[2022-06-29T12:25:50.761+0000][9][gc,cpu      ] GC(235) User=0.02s Sys=0.00s Real=0.03s
[2022-06-29T12:25:50.762+0000][9][safepoint   ] Safepoint "G1CollectForAllocation", Time since last: 108019314709 ns, Reaching safepoint: 271800 ns, At safepoint: 31994404 ns, Total: 32266204 ns
[2022-06-29T12:27:23.780+0000][9][safepoint   ] Safepoint "Cleanup", Time since last: 93082246079 ns, Reaching safepoint: 205031 ns, At safepoint: 15967 ns, Total: 220998 ns
[2022-06-29T12:27:32.820+0000][9][gc,start    ] GC(236) Pause Young (Normal) (G1 Evacuation Pause)
[2022-06-29T12:27:32.823+0000][9][gc,task     ] GC(236) Using 4 workers of 4 for evacuation
[2022-06-29T12:27:32.824+0000][9][gc,age      ] GC(236) Desired survivor size 20971520 bytes, new threshold 15 (max threshold 15)
[2022-06-29T12:27:32.830+0000][9][gc,phases   ] GC(236)   Pre Evacuate Collection Set: 0.3ms
[2022-06-29T12:27:32.831+0000][9][gc,phases   ] GC(236)   Merge Heap Roots: 0.1ms
[2022-06-29T12:27:32.832+0000][9][gc,phases   ] GC(236)   Evacuate Collection Set: 3.1ms
[2022-06-29T12:27:32.832+0000][9][gc,phases   ] GC(236)   Post Evacuate Collection Set: 1.3ms
[2022-06-29T12:27:32.833+0000][9][gc,phases   ] GC(236)   Other: 1.7ms
[2022-06-29T12:27:32.833+0000][9][gc,age      ] GC(236) Age table with threshold 15 (max threshold 15)
[2022-06-29T12:27:32.834+0000][9][gc,age      ] GC(236) - age   1:    1363544 bytes,    1363544 total
[2022-06-29T12:27:32.835+0000][9][gc,age      ] GC(236) - age   2:       1784 bytes,    1365328 total
[2022-06-29T12:27:32.836+0000][9][gc,age      ] GC(236) - age   3:       3352 bytes,    1368680 total
[2022-06-29T12:27:32.836+0000][9][gc,age      ] GC(236) - age   4:        248 bytes,    1368928 total
[2022-06-29T12:27:32.837+0000][9][gc,age      ] GC(236) - age   5:        952 bytes,    1369880 total
[2022-06-29T12:27:32.838+0000][9][gc,age      ] GC(236) - age   6:        696 bytes,    1370576 total
[2022-06-29T12:27:32.838+0000][9][gc,age      ] GC(236) - age   7:      15104 bytes,    1385680 total
[2022-06-29T12:27:32.839+0000][9][gc,age      ] GC(236) - age   8:       1048 bytes,    1386728 total
[2022-06-29T12:27:32.841+0000][9][gc,age      ] GC(236) - age   9:         64 bytes,    1386792 total
[2022-06-29T12:27:32.841+0000][9][gc,age      ] GC(236) - age  10:      75384 bytes,    1462176 total
[2022-06-29T12:27:32.842+0000][9][gc,age      ] GC(236) - age  11:       2576 bytes,    1464752 total
[2022-06-29T12:27:32.843+0000][9][gc,age      ] GC(236) - age  12:        256 bytes,    1465008 total
[2022-06-29T12:27:32.844+0000][9][gc,age      ] GC(236) - age  13:    1030696 bytes,    2495704 total
[2022-06-29T12:27:32.844+0000][9][gc,age      ] GC(236) - age  14:       1416 bytes,    2497120 total
[2022-06-29T12:27:32.845+0000][9][gc,age      ] GC(236) - age  15:        328 bytes,    2497448 total
[2022-06-29T12:27:32.846+0000][9][gc,heap     ] GC(236) Eden regions: 75->0(75)
[2022-06-29T12:27:32.846+0000][9][gc,heap     ] GC(236) Survivor regions: 1->1(10)
[2022-06-29T12:27:32.847+0000][9][gc,heap     ] GC(236) Old regions: 22->22
[2022-06-29T12:27:32.847+0000][9][gc,heap     ] GC(236) Archive regions: 2->2
[2022-06-29T12:27:32.848+0000][9][gc,heap     ] GC(236) Humongous regions: 0->0
[2022-06-29T12:27:32.849+0000][9][gc,metaspace] GC(236) Metaspace: 130755K(134016K)->130755K(134016K) NonClass: 113688K(115328K)->113688K(115328K) Class: 17067K(18688K)->17067K(18688K)
[2022-06-29T12:27:32.849+0000][9][gc          ] GC(236) Pause Young (Normal) (G1 Evacuation Pause) 393M->94M(512M) 29.059ms
[2022-06-29T12:27:32.850+0000][9][gc,cpu      ] GC(236) User=0.02s Sys=0.00s Real=0.03s
[2022-06-29T12:27:32.851+0000][9][safepoint   ] Safepoint "G1CollectForAllocation", Time since last: 9039612296 ns, Reaching safepoint: 319160 ns, At safepoint: 30547046 ns, Total: 30866206 ns
[2022-06-29T12:28:26.852+0000][9][safepoint   ] Safepoint "Cleanup", Time since last: 54043168929 ns, Reaching safepoint: 260474 ns, At safepoint: 11371 ns, Total: 271845 ns
[2022-06-29T12:29:15.148+0000][9][gc,start    ] GC(237) Pause Young (Normal) (G1 Evacuation Pause)
[2022-06-29T12:29:15.150+0000][9][gc,task     ] GC(237) Using 4 workers of 4 for evacuation
[2022-06-29T12:29:15.151+0000][9][gc,age      ] GC(237) Desired survivor size 20971520 bytes, new threshold 15 (max threshold 15)
[2022-06-29T12:29:15.157+0000][9][gc,phases   ] GC(237)   Pre Evacuate Collection Set: 0.2ms
[2022-06-29T12:29:15.158+0000][9][gc,phases   ] GC(237)   Merge Heap Roots: 0.1ms
[2022-06-29T12:29:15.159+0000][9][gc,phases   ] GC(237)   Evacuate Collection Set: 4.2ms
[2022-06-29T12:29:15.161+0000][9][gc,phases   ] GC(237)   Post Evacuate Collection Set: 0.9ms
[2022-06-29T12:29:15.162+0000][9][gc,phases   ] GC(237)   Other: 1.7ms
[2022-06-29T12:29:15.163+0000][9][gc,age      ] GC(237) Age table with threshold 15 (max threshold 15)
[2022-06-29T12:29:15.163+0000][9][gc,age      ] GC(237) - age   1:     869952 bytes,     869952 total
[2022-06-29T12:29:15.164+0000][9][gc,age      ] GC(237) - age   2:       4424 bytes,     874376 total
[2022-06-29T12:29:15.165+0000][9][gc,age      ] GC(237) - age   3:        232 bytes,     874608 total
[2022-06-29T12:29:15.165+0000][9][gc,age      ] GC(237) - age   4:       3168 bytes,     877776 total
[2022-06-29T12:29:15.166+0000][9][gc,age      ] GC(237) - age   5:        248 bytes,     878024 total
[2022-06-29T12:29:15.166+0000][9][gc,age      ] GC(237) - age   6:        744 bytes,     878768 total
[2022-06-29T12:29:15.167+0000][9][gc,age      ] GC(237) - age   7:        696 bytes,     879464 total
[2022-06-29T12:29:15.167+0000][9][gc,age      ] GC(237) - age   8:      15104 bytes,     894568 total
[2022-06-29T12:29:15.168+0000][9][gc,age      ] GC(237) - age   9:       1048 bytes,     895616 total
[2022-06-29T12:29:15.168+0000][9][gc,age      ] GC(237) - age  10:         64 bytes,     895680 total
[2022-06-29T12:29:15.169+0000][9][gc,age      ] GC(237) - age  11:      75384 bytes,     971064 total
[2022-06-29T12:29:15.169+0000][9][gc,age      ] GC(237) - age  12:       2544 bytes,     973608 total
[2022-06-29T12:29:15.170+0000][9][gc,age      ] GC(237) - age  13:        256 bytes,     973864 total
[2022-06-29T12:29:15.170+0000][9][gc,age      ] GC(237) - age  14:    1030696 bytes,    2004560 total
[2022-06-29T12:29:15.171+0000][9][gc,age      ] GC(237) - age  15:       1416 bytes,    2005976 total
[2022-06-29T12:29:15.172+0000][9][gc,heap     ] GC(237) Eden regions: 75->0(75)
[2022-06-29T12:29:15.172+0000][9][gc,heap     ] GC(237) Survivor regions: 1->1(10)
[2022-06-29T12:29:15.173+0000][9][gc,heap     ] GC(237) Old regions: 22->22
[2022-06-29T12:29:15.173+0000][9][gc,heap     ] GC(237) Archive regions: 2->2
[2022-06-29T12:29:15.174+0000][9][gc,heap     ] GC(237) Humongous regions: 0->0
[2022-06-29T12:29:15.175+0000][9][gc,metaspace] GC(237) Metaspace: 130756K(134016K)->130756K(134016K) NonClass: 113689K(115328K)->113689K(115328K) Class: 17067K(18688K)->17067K(18688K)
[2022-06-29T12:29:15.176+0000][9][gc          ] GC(237) Pause Young (Normal) (G1 Evacuation Pause) 394M->93M(512M) 27.618ms
[2022-06-29T12:29:15.177+0000][9][gc,cpu      ] GC(237) User=0.01s Sys=0.00s Real=0.03s
[2022-06-29T12:29:15.178+0000][9][safepoint   ] Safepoint "G1CollectForAllocation", Time since last: 48319886786 ns, Reaching safepoint: 112858 ns, At safepoint: 29130034 ns, Total: 29242892 ns
[2022-06-29T12:31:08.971+0000][9][gc,start    ] GC(238) Pause Young (Normal) (G1 Evacuation Pause)
[2022-06-29T12:31:08.973+0000][9][gc,task     ] GC(238) Using 4 workers of 4 for evacuation
[2022-06-29T12:31:08.974+0000][9][gc,age      ] GC(238) Desired survivor size 20971520 bytes, new threshold 15 (max threshold 15)
[2022-06-29T12:31:08.981+0000][9][gc,phases   ] GC(238)   Pre Evacuate Collection Set: 1.0ms
[2022-06-29T12:31:08.982+0000][9][gc,phases   ] GC(238)   Merge Heap Roots: 0.2ms
[2022-06-29T12:31:08.983+0000][9][gc,phases   ] GC(238)   Evacuate Collection Set: 3.3ms
[2022-06-29T12:31:08.984+0000][9][gc,phases   ] GC(238)   Post Evacuate Collection Set: 1.3ms
[2022-06-29T12:31:08.985+0000][9][gc,phases   ] GC(238)   Other: 2.3ms
[2022-06-29T12:31:08.985+0000][9][gc,age      ] GC(238) Age table with threshold 15 (max threshold 15)
[2022-06-29T12:31:08.986+0000][9][gc,age      ] GC(238) - age   1:    1092944 bytes,    1092944 total
[2022-06-29T12:31:08.986+0000][9][gc,age      ] GC(238) - age   2:       1784 bytes,    1094728 total
[2022-06-29T12:31:08.987+0000][9][gc,age      ] GC(238) - age   3:       1952 bytes,    1096680 total
[2022-06-29T12:31:08.987+0000][9][gc,age      ] GC(238) - age   4:        168 bytes,    1096848 total
[2022-06-29T12:31:08.988+0000][9][gc,age      ] GC(238) - age   5:       3168 bytes,    1100016 total
[2022-06-29T12:31:08.989+0000][9][gc,age      ] GC(238) - age   6:        248 bytes,    1100264 total
[2022-06-29T12:31:08.989+0000][9][gc,age      ] GC(238) - age   7:        552 bytes,    1100816 total
[2022-06-29T12:31:08.990+0000][9][gc,age      ] GC(238) - age   8:        696 bytes,    1101512 total
[2022-06-29T12:31:08.991+0000][9][gc,age      ] GC(238) - age   9:      15104 bytes,    1116616 total
[2022-06-29T12:31:08.992+0000][9][gc,age      ] GC(238) - age  10:       1048 bytes,    1117664 total
[2022-06-29T12:31:08.993+0000][9][gc,age      ] GC(238) - age  11:         64 bytes,    1117728 total
[2022-06-29T12:31:08.993+0000][9][gc,age      ] GC(238) - age  12:      75384 bytes,    1193112 total
[2022-06-29T12:31:08.994+0000][9][gc,age      ] GC(238) - age  13:       2544 bytes,    1195656 total
[2022-06-29T12:31:08.994+0000][9][gc,age      ] GC(238) - age  14:        256 bytes,    1195912 total
[2022-06-29T12:31:08.995+0000][9][gc,age      ] GC(238) - age  15:    1030696 bytes,    2226608 total
[2022-06-29T12:31:08.996+0000][9][gc,heap     ] GC(238) Eden regions: 75->0(75)
[2022-06-29T12:31:08.996+0000][9][gc,heap     ] GC(238) Survivor regions: 1->1(10)
[2022-06-29T12:31:08.997+0000][9][gc,heap     ] GC(238) Old regions: 22->22
[2022-06-29T12:31:08.998+0000][9][gc,heap     ] GC(238) Archive regions: 2->2
[2022-06-29T12:31:08.998+0000][9][gc,heap     ] GC(238) Humongous regions: 0->0
[2022-06-29T12:31:08.999+0000][9][gc,metaspace] GC(238) Metaspace: 130756K(134016K)->130756K(134016K) NonClass: 113689K(115328K)->113689K(115328K) Class: 17067K(18688K)->17067K(18688K)
[2022-06-29T12:31:09.000+0000][9][gc          ] GC(238) Pause Young (Normal) (G1 Evacuation Pause) 393M->93M(512M) 29.416ms
[2022-06-29T12:31:09.001+0000][9][gc,cpu      ] GC(238) User=0.01s Sys=0.00s Real=0.03s
[2022-06-29T12:31:09.001+0000][9][safepoint   ] Safepoint "G1CollectForAllocation", Time since last: 113879560609 ns, Reaching safepoint: 98097 ns, At safepoint: 30637392 ns, Total: 30735489 ns
[2022-06-29T12:31:20.015+0000][9][safepoint   ] Safepoint "Cleanup", Time since last: 11013176946 ns, Reaching safepoint: 308939 ns, At safepoint: 9828 ns, Total: 318767 ns
[2022-06-29T12:31:39.006+0000][9][safepoint   ] Safepoint "Cleanup", Time since last: 19013027620 ns, Reaching safepoint: 198393 ns, At safepoint: 23337 ns, Total: 221730 ns
[2022-06-29T12:31:45.013+0000][9][safepoint   ] Safepoint "Cleanup", Time since last: 6006354386 ns, Reaching safepoint: 434717 ns, At safepoint: 56587 ns, Total: 491304 ns
[2022-06-29T12:32:20.028+0000][9][safepoint   ] Safepoint "Cleanup", Time since last: 35038449056 ns, Reaching safepoint: 358018 ns, At safepoint: 105514 ns, Total: 463532 ns
[2022-06-29T12:32:50.895+0000][9][gc,start    ] GC(239) Pause Young (Normal) (G1 Evacuation Pause)
[2022-06-29T12:32:50.896+0000][9][gc,task     ] GC(239) Using 4 workers of 4 for evacuation
[2022-06-29T12:32:50.897+0000][9][gc,age      ] GC(239) Desired survivor size 20971520 bytes, new threshold 15 (max threshold 15)
[2022-06-29T12:32:50.905+0000][9][gc,phases   ] GC(239)   Pre Evacuate Collection Set: 0.2ms
[2022-06-29T12:32:50.906+0000][9][gc,phases   ] GC(239)   Merge Heap Roots: 0.1ms
[2022-06-29T12:32:50.907+0000][9][gc,phases   ] GC(239)   Evacuate Collection Set: 5.7ms
[2022-06-29T12:32:50.907+0000][9][gc,phases   ] GC(239)   Post Evacuate Collection Set: 1.1ms
[2022-06-29T12:32:50.908+0000][9][gc,phases   ] GC(239)   Other: 2.0ms
[2022-06-29T12:32:50.909+0000][9][gc,age      ] GC(239) Age table with threshold 15 (max threshold 15)
[2022-06-29T12:32:50.909+0000][9][gc,age      ] GC(239) - age   1:    1254704 bytes,    1254704 total
[2022-06-29T12:32:50.910+0000][9][gc,age      ] GC(239) - age   2:       1448 bytes,    1256152 total
[2022-06-29T12:32:50.911+0000][9][gc,age      ] GC(239) - age   3:        464 bytes,    1256616 total
[2022-06-29T12:32:50.912+0000][9][gc,age      ] GC(239) - age   4:       1592 bytes,    1258208 total
[2022-06-29T12:32:50.912+0000][9][gc,age      ] GC(239) - age   5:        168 bytes,    1258376 total
[2022-06-29T12:32:50.913+0000][9][gc,age      ] GC(239) - age   6:       3168 bytes,    1261544 total
[2022-06-29T12:32:50.914+0000][9][gc,age      ] GC(239) - age   7:        248 bytes,    1261792 total
[2022-06-29T12:32:50.914+0000][9][gc,age      ] GC(239) - age   8:        552 bytes,    1262344 total
[2022-06-29T12:32:50.915+0000][9][gc,age      ] GC(239) - age   9:        304 bytes,    1262648 total
[2022-06-29T12:32:50.916+0000][9][gc,age      ] GC(239) - age  10:      15104 bytes,    1277752 total
[2022-06-29T12:32:50.919+0000][9][gc,age      ] GC(239) - age  11:       1048 bytes,    1278800 total
[2022-06-29T12:32:50.920+0000][9][gc,age      ] GC(239) - age  12:         64 bytes,    1278864 total
[2022-06-29T12:32:50.921+0000][9][gc,age      ] GC(239) - age  13:      75384 bytes,    1354248 total
[2022-06-29T12:32:50.921+0000][9][gc,age      ] GC(239) - age  14:       2544 bytes,    1356792 total
[2022-06-29T12:32:50.922+0000][9][gc,age      ] GC(239) - age  15:        256 bytes,    1357048 total
[2022-06-29T12:32:50.923+0000][9][gc,heap     ] GC(239) Eden regions: 75->0(75)
[2022-06-29T12:32:50.923+0000][9][gc,heap     ] GC(239) Survivor regions: 1->1(10)
[2022-06-29T12:32:50.924+0000][9][gc,heap     ] GC(239) Old regions: 22->23
[2022-06-29T12:32:50.925+0000][9][gc,heap     ] GC(239) Archive regions: 2->2
[2022-06-29T12:32:50.925+0000][9][gc,heap     ] GC(239) Humongous regions: 0->0
[2022-06-29T12:32:50.926+0000][9][gc,metaspace] GC(239) Metaspace: 130760K(134080K)->130760K(134080K) NonClass: 113692K(115392K)->113692K(115392K) Class: 17067K(18688K)->17067K(18688K)
[2022-06-29T12:32:50.927+0000][9][gc          ] GC(239) Pause Young (Normal) (G1 Evacuation Pause) 393M->94M(512M) 32.418ms
[2022-06-29T12:32:50.928+0000][9][gc,cpu      ] GC(239) User=0.02s Sys=0.01s Real=0.03s
[2022-06-29T12:32:50.929+0000][9][safepoint   ] Safepoint "G1CollectForAllocation", Time since last: 30907015697 ns, Reaching safepoint: 78804 ns, At safepoint: 34198521 ns, Total: 34277325 ns
[2022-06-29T12:34:12.262+0000][9][gc,start    ] GC(240) Pause Young (Normal) (G1 Evacuation Pause)
[2022-06-29T12:34:12.265+0000][9][gc,task     ] GC(240) Using 4 workers of 4 for evacuation
[2022-06-29T12:34:12.267+0000][9][gc,age      ] GC(240) Desired survivor size 20971520 bytes, new threshold 15 (max threshold 15)
[2022-06-29T12:34:12.275+0000][9][gc,phases   ] GC(240)   Pre Evacuate Collection Set: 0.2ms
[2022-06-29T12:34:12.276+0000][9][gc,phases   ] GC(240)   Merge Heap Roots: 0.2ms
[2022-06-29T12:34:12.277+0000][9][gc,phases   ] GC(240)   Evacuate Collection Set: 5.1ms
[2022-06-29T12:34:12.279+0000][9][gc,phases   ] GC(240)   Post Evacuate Collection Set: 1.3ms
[2022-06-29T12:34:12.280+0000][9][gc,phases   ] GC(240)   Other: 3.2ms
[2022-06-29T12:34:12.280+0000][9][gc,age      ] GC(240) Age table with threshold 15 (max threshold 15)
[2022-06-29T12:34:12.281+0000][9][gc,age      ] GC(240) - age   1:    1071304 bytes,    1071304 total
[2022-06-29T12:34:12.282+0000][9][gc,age      ] GC(240) - age   2:       2600 bytes,    1073904 total
[2022-06-29T12:34:12.284+0000][9][gc,age      ] GC(240) - age   3:        192 bytes,    1074096 total
[2022-06-29T12:34:12.286+0000][9][gc,age      ] GC(240) - age   4:        368 bytes,    1074464 total
[2022-06-29T12:34:12.286+0000][9][gc,age      ] GC(240) - age   5:       1592 bytes,    1076056 total
[2022-06-29T12:34:12.287+0000][9][gc,age      ] GC(240) - age   6:        168 bytes,    1076224 total
[2022-06-29T12:34:12.288+0000][9][gc,age      ] GC(240) - age   7:       3168 bytes,    1079392 total
[2022-06-29T12:34:12.288+0000][9][gc,age      ] GC(240) - age   8:        248 bytes,    1079640 total
[2022-06-29T12:34:12.289+0000][9][gc,age      ] GC(240) - age   9:        368 bytes,    1080008 total
[2022-06-29T12:34:12.290+0000][9][gc,age      ] GC(240) - age  10:        304 bytes,    1080312 total
[2022-06-29T12:34:12.291+0000][9][gc,age      ] GC(240) - age  11:      15104 bytes,    1095416 total
[2022-06-29T12:34:12.293+0000][9][gc,age      ] GC(240) - age  12:       1048 bytes,    1096464 total
[2022-06-29T12:34:12.294+0000][9][gc,age      ] GC(240) - age  13:         64 bytes,    1096528 total
[2022-06-29T12:34:12.295+0000][9][gc,age      ] GC(240) - age  14:      75384 bytes,    1171912 total
[2022-06-29T12:34:12.296+0000][9][gc,age      ] GC(240) - age  15:       2544 bytes,    1174456 total
[2022-06-29T12:34:12.297+0000][9][gc,heap     ] GC(240) Eden regions: 75->0(75)
[2022-06-29T12:34:12.298+0000][9][gc,heap     ] GC(240) Survivor regions: 1->1(10)
[2022-06-29T12:34:12.299+0000][9][gc,heap     ] GC(240) Old regions: 23->23
[2022-06-29T12:34:12.300+0000][9][gc,heap     ] GC(240) Archive regions: 2->2
[2022-06-29T12:34:12.301+0000][9][gc,heap     ] GC(240) Humongous regions: 0->0
[2022-06-29T12:34:12.303+0000][9][gc,metaspace] GC(240) Metaspace: 130760K(134080K)->130760K(134080K) NonClass: 113692K(115392K)->113692K(115392K) Class: 17067K(18688K)->17067K(18688K)
[2022-06-29T12:34:12.304+0000][9][gc          ] GC(240) Pause Young (Normal) (G1 Evacuation Pause) 394M->93M(512M) 42.009ms
[2022-06-29T12:34:12.306+0000][9][gc,cpu      ] GC(240) User=0.02s Sys=0.00s Real=0.04s
[2022-06-29T12:34:12.306+0000][9][safepoint   ] Safepoint "G1CollectForAllocation", Time since last: 81376357626 ns, Reaching safepoint: 257799 ns, At safepoint: 43811202 ns, Total: 44069001 ns
[2022-06-29T12:34:18.313+0000][9][safepoint   ] Safepoint "Cleanup", Time since last: 6006522256 ns, Reaching safepoint: 338087 ns, At safepoint: 15556 ns, Total: 353643 ns
[2022-06-29T12:35:19.318+0000][9][safepoint   ] Safepoint "Cleanup", Time since last: 61048167089 ns, Reaching safepoint: 187949 ns, At safepoint: 7041 ns, Total: 194990 ns
[2022-06-29T12:35:48.598+0000][9][gc,start    ] GC(241) Pause Young (Normal) (G1 Evacuation Pause)
[2022-06-29T12:35:48.601+0000][9][gc,task     ] GC(241) Using 4 workers of 4 for evacuation
[2022-06-29T12:35:48.602+0000][9][gc,age      ] GC(241) Desired survivor size 20971520 bytes, new threshold 15 (max threshold 15)
[2022-06-29T12:35:48.610+0000][9][gc,phases   ] GC(241)   Pre Evacuate Collection Set: 0.3ms
[2022-06-29T12:35:48.612+0000][9][gc,phases   ] GC(241)   Merge Heap Roots: 0.4ms
[2022-06-29T12:35:48.613+0000][9][gc,phases   ] GC(241)   Evacuate Collection Set: 5.1ms
[2022-06-29T12:35:48.614+0000][9][gc,phases   ] GC(241)   Post Evacuate Collection Set: 1.7ms
[2022-06-29T12:35:48.616+0000][9][gc,phases   ] GC(241)   Other: 1.9ms
[2022-06-29T12:35:48.617+0000][9][gc,age      ] GC(241) Age table with threshold 15 (max threshold 15)
[2022-06-29T12:35:48.617+0000][9][gc,age      ] GC(241) - age   1:     927560 bytes,     927560 total
[2022-06-29T12:35:48.618+0000][9][gc,age      ] GC(241) - age   2:       1360 bytes,     928920 total
[2022-06-29T12:35:48.619+0000][9][gc,age      ] GC(241) - age   3:       1296 bytes,     930216 total
[2022-06-29T12:35:48.620+0000][9][gc,age      ] GC(241) - age   4:        192 bytes,     930408 total
[2022-06-29T12:35:48.621+0000][9][gc,age      ] GC(241) - age   5:        368 bytes,     930776 total
[2022-06-29T12:35:48.622+0000][9][gc,age      ] GC(241) - age   6:       1560 bytes,     932336 total
[2022-06-29T12:35:48.623+0000][9][gc,age      ] GC(241) - age   7:        136 bytes,     932472 total
[2022-06-29T12:35:48.623+0000][9][gc,age      ] GC(241) - age   8:       3168 bytes,     935640 total
[2022-06-29T12:35:48.624+0000][9][gc,age      ] GC(241) - age   9:         64 bytes,     935704 total
[2022-06-29T12:35:48.626+0000][9][gc,age      ] GC(241) - age  10:        368 bytes,     936072 total
[2022-06-29T12:35:48.627+0000][9][gc,age      ] GC(241) - age  11:        304 bytes,     936376 total
[2022-06-29T12:35:48.628+0000][9][gc,age      ] GC(241) - age  12:      15104 bytes,     951480 total
[2022-06-29T12:35:48.629+0000][9][gc,age      ] GC(241) - age  13:        664 bytes,     952144 total
[2022-06-29T12:35:48.630+0000][9][gc,age      ] GC(241) - age  14:         64 bytes,     952208 total
[2022-06-29T12:35:48.631+0000][9][gc,age      ] GC(241) - age  15:      75384 bytes,    1027592 total
[2022-06-29T12:35:48.632+0000][9][gc,heap     ] GC(241) Eden regions: 75->0(75)
[2022-06-29T12:35:48.633+0000][9][gc,heap     ] GC(241) Survivor regions: 1->1(10)
[2022-06-29T12:35:48.633+0000][9][gc,heap     ] GC(241) Old regions: 23->23
[2022-06-29T12:35:48.634+0000][9][gc,heap     ] GC(241) Archive regions: 2->2
[2022-06-29T12:35:48.635+0000][9][gc,heap     ] GC(241) Humongous regions: 0->0
[2022-06-29T12:35:48.636+0000][9][gc,metaspace] GC(241) Metaspace: 130760K(134080K)->130760K(134080K) NonClass: 113692K(115392K)->113692K(115392K) Class: 17067K(18688K)->17067K(18688K)
[2022-06-29T12:35:48.637+0000][9][gc          ] GC(241) Pause Young (Normal) (G1 Evacuation Pause) 393M->93M(512M) 38.776ms
[2022-06-29T12:35:48.639+0000][9][gc,cpu      ] GC(241) User=0.02s Sys=0.00s Real=0.04s
[2022-06-29T12:35:48.639+0000][9][safepoint   ] Safepoint "G1CollectForAllocation", Time since last: 29301713923 ns, Reaching safepoint: 155820 ns, At safepoint: 41125932 ns, Total: 41281752 ns
[2022-06-29T12:36:36.633+0000][9][safepoint   ] Safepoint "Cleanup", Time since last: 48036335181 ns, Reaching safepoint: 516315 ns, At safepoint: 44669 ns, Total: 560984 ns
[2022-06-29T12:37:09.523+0000][9][gc,start    ] GC(242) Pause Young (Normal) (G1 Evacuation Pause)
[2022-06-29T12:37:09.527+0000][9][gc,task     ] GC(242) Using 4 workers of 4 for evacuation
[2022-06-29T12:37:09.528+0000][9][gc,age      ] GC(242) Desired survivor size 20971520 bytes, new threshold 15 (max threshold 15)
[2022-06-29T12:37:09.534+0000][9][gc,phases   ] GC(242)   Pre Evacuate Collection Set: 0.2ms
[2022-06-29T12:37:09.535+0000][9][gc,phases   ] GC(242)   Merge Heap Roots: 0.2ms
[2022-06-29T12:37:09.536+0000][9][gc,phases   ] GC(242)   Evacuate Collection Set: 3.4ms
[2022-06-29T12:37:09.537+0000][9][gc,phases   ] GC(242)   Post Evacuate Collection Set: 1.6ms
[2022-06-29T12:37:09.538+0000][9][gc,phases   ] GC(242)   Other: 2.3ms
[2022-06-29T12:37:09.538+0000][9][gc,age      ] GC(242) Age table with threshold 15 (max threshold 15)
[2022-06-29T12:37:09.539+0000][9][gc,age      ] GC(242) - age   1:     481328 bytes,     481328 total
[2022-06-29T12:37:09.540+0000][9][gc,age      ] GC(242) - age   2:       2512 bytes,     483840 total
[2022-06-29T12:37:09.540+0000][9][gc,age      ] GC(242) - age   3:        528 bytes,     484368 total
[2022-06-29T12:37:09.541+0000][9][gc,age      ] GC(242) - age   4:        872 bytes,     485240 total
[2022-06-29T12:37:09.542+0000][9][gc,age      ] GC(242) - age   5:        192 bytes,     485432 total
[2022-06-29T12:37:09.543+0000][9][gc,age      ] GC(242) - age   6:        368 bytes,     485800 total
[2022-06-29T12:37:09.543+0000][9][gc,age      ] GC(242) - age   7:       1560 bytes,     487360 total
[2022-06-29T12:37:09.544+0000][9][gc,age      ] GC(242) - age   8:        136 bytes,     487496 total
[2022-06-29T12:37:09.545+0000][9][gc,age      ] GC(242) - age   9:       3168 bytes,     490664 total
[2022-06-29T12:37:09.545+0000][9][gc,age      ] GC(242) - age  10:         64 bytes,     490728 total
[2022-06-29T12:37:09.546+0000][9][gc,age      ] GC(242) - age  11:        368 bytes,     491096 total
[2022-06-29T12:37:09.547+0000][9][gc,age      ] GC(242) - age  12:        304 bytes,     491400 total
[2022-06-29T12:37:09.547+0000][9][gc,age      ] GC(242) - age  13:      15104 bytes,     506504 total
[2022-06-29T12:37:09.548+0000][9][gc,age      ] GC(242) - age  14:        664 bytes,     507168 total
[2022-06-29T12:37:09.549+0000][9][gc,age      ] GC(242) - age  15:         64 bytes,     507232 total
[2022-06-29T12:37:09.549+0000][9][gc,heap     ] GC(242) Eden regions: 75->0(75)
[2022-06-29T12:37:09.551+0000][9][gc,heap     ] GC(242) Survivor regions: 1->1(10)
[2022-06-29T12:37:09.552+0000][9][gc,heap     ] GC(242) Old regions: 23->23
[2022-06-29T12:37:09.552+0000][9][gc,heap     ] GC(242) Archive regions: 2->2
[2022-06-29T12:37:09.553+0000][9][gc,heap     ] GC(242) Humongous regions: 0->0
[2022-06-29T12:37:09.553+0000][9][gc,metaspace] GC(242) Metaspace: 130760K(134080K)->130760K(134080K) NonClass: 113692K(115392K)->113692K(115392K) Class: 17067K(18688K)->17067K(18688K)
[2022-06-29T12:37:09.554+0000][9][gc          ] GC(242) Pause Young (Normal) (G1 Evacuation Pause) 393M->93M(512M) 30.745ms
[2022-06-29T12:37:09.555+0000][9][gc,cpu      ] GC(242) User=0.01s Sys=0.00s Real=0.03s
[2022-06-29T12:37:09.556+0000][9][safepoint   ] Safepoint "G1CollectForAllocation", Time since last: 32912103507 ns, Reaching safepoint: 85155 ns, At safepoint: 32322496 ns, Total: 32407651 ns
[2022-06-29T12:37:19.579+0000][9][safepoint   ] Safepoint "Cleanup", Time since last: 10022798522 ns, Reaching safepoint: 155493 ns, At safepoint: 4308 ns, Total: 159801 ns
[2022-06-29T12:37:27.567+0000][9][safepoint   ] Safepoint "Cleanup", Time since last: 8009778858 ns, Reaching safepoint: 338939 ns, At safepoint: 75268 ns, Total: 414207 ns
[2022-06-29T12:38:31.631+0000][9][gc,start    ] GC(243) Pause Young (Normal) (G1 Evacuation Pause)
[2022-06-29T12:38:31.633+0000][9][gc,task     ] GC(243) Using 4 workers of 4 for evacuation
[2022-06-29T12:38:31.634+0000][9][gc,age      ] GC(243) Desired survivor size 20971520 bytes, new threshold 15 (max threshold 15)
[2022-06-29T12:38:31.640+0000][9][gc,phases   ] GC(243)   Pre Evacuate Collection Set: 0.6ms
[2022-06-29T12:38:31.641+0000][9][gc,phases   ] GC(243)   Merge Heap Roots: 0.2ms
[2022-06-29T12:38:31.642+0000][9][gc,phases   ] GC(243)   Evacuate Collection Set: 3.1ms
[2022-06-29T12:38:31.643+0000][9][gc,phases   ] GC(243)   Post Evacuate Collection Set: 1.5ms
[2022-06-29T12:38:31.644+0000][9][gc,phases   ] GC(243)   Other: 1.6ms
[2022-06-29T12:38:31.645+0000][9][gc,age      ] GC(243) Age table with threshold 15 (max threshold 15)
[2022-06-29T12:38:31.646+0000][9][gc,age      ] GC(243) - age   1:    1653840 bytes,    1653840 total
[2022-06-29T12:38:31.646+0000][9][gc,age      ] GC(243) - age   2:       1080 bytes,    1654920 total
[2022-06-29T12:38:31.647+0000][9][gc,age      ] GC(243) - age   3:       1024 bytes,    1655944 total
[2022-06-29T12:38:31.648+0000][9][gc,age      ] GC(243) - age   4:        304 bytes,    1656248 total
[2022-06-29T12:38:31.649+0000][9][gc,age      ] GC(243) - age   5:        872 bytes,    1657120 total
[2022-06-29T12:38:31.649+0000][9][gc,age      ] GC(243) - age   6:        192 bytes,    1657312 total
[2022-06-29T12:38:31.650+0000][9][gc,age      ] GC(243) - age   7:        368 bytes,    1657680 total
[2022-06-29T12:38:31.651+0000][9][gc,age      ] GC(243) - age   9:        136 bytes,    1657816 total
[2022-06-29T12:38:31.652+0000][9][gc,age      ] GC(243) - age  10:       3168 bytes,    1660984 total
[2022-06-29T12:38:31.653+0000][9][gc,age      ] GC(243) - age  11:         64 bytes,    1661048 total
[2022-06-29T12:38:31.654+0000][9][gc,age      ] GC(243) - age  12:        368 bytes,    1661416 total
[2022-06-29T12:38:31.654+0000][9][gc,age      ] GC(243) - age  13:        120 bytes,    1661536 total
[2022-06-29T12:38:31.655+0000][9][gc,age      ] GC(243) - age  14:      15104 bytes,    1676640 total
[2022-06-29T12:38:31.659+0000][9][gc,age      ] GC(243) - age  15:        664 bytes,    1677304 total
[2022-06-29T12:38:31.661+0000][9][gc,heap     ] GC(243) Eden regions: 75->0(75)
[2022-06-29T12:38:31.662+0000][9][gc,heap     ] GC(243) Survivor regions: 1->1(10)
[2022-06-29T12:38:31.663+0000][9][gc,heap     ] GC(243) Old regions: 23->23
[2022-06-29T12:38:31.663+0000][9][gc,heap     ] GC(243) Archive regions: 2->2
[2022-06-29T12:38:31.664+0000][9][gc,heap     ] GC(243) Humongous regions: 0->0
[2022-06-29T12:38:31.665+0000][9][gc,metaspace] GC(243) Metaspace: 130760K(134080K)->130760K(134080K) NonClass: 113692K(115392K)->113692K(115392K) Class: 17067K(18688K)->17067K(18688K)
[2022-06-29T12:38:31.666+0000][9][gc          ] GC(243) Pause Young (Normal) (G1 Evacuation Pause) 393M->94M(512M) 34.124ms
[2022-06-29T12:38:31.666+0000][9][gc,cpu      ] GC(243) User=0.01s Sys=0.00s Real=0.04s
[2022-06-29T12:38:31.667+0000][9][safepoint   ] Safepoint "G1CollectForAllocation", Time since last: 64107446367 ns, Reaching safepoint: 180037 ns, At safepoint: 35496083 ns, Total: 35676120 ns
[2022-06-29T12:38:36.672+0000][9][safepoint   ] Safepoint "Cleanup", Time since last: 5004874976 ns, Reaching safepoint: 142626 ns, At safepoint: 57173 ns, Total: 199799 ns
[2022-06-29T12:38:51.661+0000][9][safepoint   ] Safepoint "Cleanup", Time since last: 15009812734 ns, Reaching safepoint: 303762 ns, At safepoint: 59997 ns, Total: 363759 ns
[2022-06-29T12:38:55.664+0000][9][safepoint   ] Safepoint "Cleanup", Time since last: 4002792022 ns, Reaching safepoint: 175977 ns, At safepoint: 76275 ns, Total: 252252 ns
[2022-06-29T12:40:00.463+0000][9][gc,start    ] GC(244) Pause Young (Normal) (G1 Evacuation Pause)
[2022-06-29T12:40:00.467+0000][9][gc,task     ] GC(244) Using 4 workers of 4 for evacuation
[2022-06-29T12:40:00.468+0000][9][gc,age      ] GC(244) Desired survivor size 20971520 bytes, new threshold 15 (max threshold 15)
[2022-06-29T12:40:00.477+0000][9][gc,phases   ] GC(244)   Pre Evacuate Collection Set: 0.2ms
[2022-06-29T12:40:00.478+0000][9][gc,phases   ] GC(244)   Merge Heap Roots: 0.0ms
[2022-06-29T12:40:00.480+0000][9][gc,phases   ] GC(244)   Evacuate Collection Set: 4.7ms
[2022-06-29T12:40:00.481+0000][9][gc,phases   ] GC(244)   Post Evacuate Collection Set: 2.7ms
[2022-06-29T12:40:00.483+0000][9][gc,phases   ] GC(244)   Other: 2.1ms
[2022-06-29T12:40:00.484+0000][9][gc,age      ] GC(244) Age table with threshold 15 (max threshold 15)
[2022-06-29T12:40:00.485+0000][9][gc,age      ] GC(244) - age   1:    1292712 bytes,    1292712 total
[2022-06-29T12:40:00.485+0000][9][gc,age      ] GC(244) - age   2:       3888 bytes,    1296600 total
[2022-06-29T12:40:00.486+0000][9][gc,age      ] GC(244) - age   3:         64 bytes,    1296664 total
[2022-06-29T12:40:00.487+0000][9][gc,age      ] GC(244) - age   4:        896 bytes,    1297560 total
[2022-06-29T12:40:00.488+0000][9][gc,age      ] GC(244) - age   5:        120 bytes,    1297680 total
[2022-06-29T12:40:00.488+0000][9][gc,age      ] GC(244) - age   6:        576 bytes,    1298256 total
[2022-06-29T12:40:00.489+0000][9][gc,age      ] GC(244) - age   7:        192 bytes,    1298448 total
[2022-06-29T12:40:00.489+0000][9][gc,age      ] GC(244) - age   8:        184 bytes,    1298632 total
[2022-06-29T12:40:00.490+0000][9][gc,age      ] GC(244) - age  10:        136 bytes,    1298768 total
[2022-06-29T12:40:00.491+0000][9][gc,age      ] GC(244) - age  11:       3168 bytes,    1301936 total
[2022-06-29T12:40:00.494+0000][9][gc,age      ] GC(244) - age  12:         64 bytes,    1302000 total
[2022-06-29T12:40:00.495+0000][9][gc,age      ] GC(244) - age  13:        368 bytes,    1302368 total
[2022-06-29T12:40:00.496+0000][9][gc,age      ] GC(244) - age  14:        120 bytes,    1302488 total
[2022-06-29T12:40:00.497+0000][9][gc,age      ] GC(244) - age  15:      15104 bytes,    1317592 total
[2022-06-29T12:40:00.497+0000][9][gc,heap     ] GC(244) Eden regions: 75->0(75)
[2022-06-29T12:40:00.500+0000][9][gc,heap     ] GC(244) Survivor regions: 1->1(10)
[2022-06-29T12:40:00.501+0000][9][gc,heap     ] GC(244) Old regions: 23->23
[2022-06-29T12:40:00.501+0000][9][gc,heap     ] GC(244) Archive regions: 2->2
[2022-06-29T12:40:00.502+0000][9][gc,heap     ] GC(244) Humongous regions: 0->0
[2022-06-29T12:40:00.502+0000][9][gc,metaspace] GC(244) Metaspace: 130760K(134080K)->130760K(134080K) NonClass: 113692K(115392K)->113692K(115392K) Class: 17067K(18688K)->17067K(18688K)
[2022-06-29T12:40:00.503+0000][9][gc          ] GC(244) Pause Young (Normal) (G1 Evacuation Pause) 394M->94M(512M) 40.113ms
[2022-06-29T12:40:00.505+0000][9][gc,cpu      ] GC(244) User=0.02s Sys=0.00s Real=0.04s
[2022-06-29T12:40:00.505+0000][9][safepoint   ] Safepoint "G1CollectForAllocation", Time since last: 64841979985 ns, Reaching safepoint: 254133 ns, At safepoint: 42303509 ns, Total: 42557642 ns
[2022-06-29T12:40:08.512+0000][9][safepoint   ] Safepoint "Cleanup", Time since last: 8007034612 ns, Reaching safepoint: 94374 ns, At safepoint: 5861 ns, Total: 100235 ns
[2022-06-29T12:40:42.521+0000][9][safepoint   ] Safepoint "Cleanup", Time since last: 34030031955 ns, Reaching safepoint: 287878 ns, At safepoint: 57459 ns, Total: 345337 ns
[2022-06-29T12:41:01.519+0000][9][safepoint   ] Safepoint "Cleanup", Time since last: 19018847785 ns, Reaching safepoint: 229686 ns, At safepoint: 24241 ns, Total: 253927 ns
[2022-06-29T12:41:19.958+0000][9][gc,start    ] GC(245) Pause Young (Normal) (G1 Evacuation Pause)
[2022-06-29T12:41:19.960+0000][9][gc,task     ] GC(245) Using 4 workers of 4 for evacuation
[2022-06-29T12:41:19.961+0000][9][gc,age      ] GC(245) Desired survivor size 20971520 bytes, new threshold 15 (max threshold 15)
[2022-06-29T12:41:19.967+0000][9][gc,phases   ] GC(245)   Pre Evacuate Collection Set: 0.1ms
[2022-06-29T12:41:19.968+0000][9][gc,phases   ] GC(245)   Merge Heap Roots: 0.1ms
[2022-06-29T12:41:19.969+0000][9][gc,phases   ] GC(245)   Evacuate Collection Set: 4.0ms
[2022-06-29T12:41:19.969+0000][9][gc,phases   ] GC(245)   Post Evacuate Collection Set: 1.2ms
[2022-06-29T12:41:19.970+0000][9][gc,phases   ] GC(245)   Other: 1.8ms
[2022-06-29T12:41:19.971+0000][9][gc,age      ] GC(245) Age table with threshold 15 (max threshold 15)
[2022-06-29T12:41:19.972+0000][9][gc,age      ] GC(245) - age   1:    1087416 bytes,    1087416 total
[2022-06-29T12:41:19.973+0000][9][gc,age      ] GC(245) - age   2:       2168 bytes,    1089584 total
[2022-06-29T12:41:19.974+0000][9][gc,age      ] GC(245) - age   3:       1848 bytes,    1091432 total
[2022-06-29T12:41:19.975+0000][9][gc,age      ] GC(245) - age   5:        896 bytes,    1092328 total
[2022-06-29T12:41:19.975+0000][9][gc,age      ] GC(245) - age   6:        120 bytes,    1092448 total
[2022-06-29T12:41:19.977+0000][9][gc,age      ] GC(245) - age   7:        576 bytes,    1093024 total
[2022-06-29T12:41:19.977+0000][9][gc,age      ] GC(245) - age   9:        184 bytes,    1093208 total
[2022-06-29T12:41:19.978+0000][9][gc,age      ] GC(245) - age  11:        136 bytes,    1093344 total
[2022-06-29T12:41:19.979+0000][9][gc,age      ] GC(245) - age  12:       3168 bytes,    1096512 total
[2022-06-29T12:41:19.979+0000][9][gc,age      ] GC(245) - age  13:         64 bytes,    1096576 total
[2022-06-29T12:41:19.980+0000][9][gc,age      ] GC(245) - age  14:        368 bytes,    1096944 total
[2022-06-29T12:41:19.981+0000][9][gc,age      ] GC(245) - age  15:        120 bytes,    1097064 total
[2022-06-29T12:41:19.981+0000][9][gc,heap     ] GC(245) Eden regions: 75->0(75)
[2022-06-29T12:41:19.982+0000][9][gc,heap     ] GC(245) Survivor regions: 1->1(10)
[2022-06-29T12:41:19.983+0000][9][gc,heap     ] GC(245) Old regions: 23->23
[2022-06-29T12:41:19.984+0000][9][gc,heap     ] GC(245) Archive regions: 2->2
[2022-06-29T12:41:19.984+0000][9][gc,heap     ] GC(245) Humongous regions: 0->0
[2022-06-29T12:41:19.985+0000][9][gc,metaspace] GC(245) Metaspace: 130760K(134080K)->130760K(134080K) NonClass: 113692K(115392K)->113692K(115392K) Class: 17067K(18688K)->17067K(18688K)
[2022-06-29T12:41:19.986+0000][9][gc          ] GC(245) Pause Young (Normal) (G1 Evacuation Pause) 394M->94M(512M) 27.788ms
[2022-06-29T12:41:19.986+0000][9][gc,cpu      ] GC(245) User=0.02s Sys=0.00s Real=0.03s
[2022-06-29T12:41:19.987+0000][9][safepoint   ] Safepoint "G1CollectForAllocation", Time since last: 18439060498 ns, Reaching safepoint: 94502 ns, At safepoint: 29285292 ns, Total: 29379794 ns
[2022-06-29T12:41:51.973+0000][9][safepoint   ] Safepoint "Cleanup", Time since last: 32028457347 ns, Reaching safepoint: 129585 ns, At safepoint: 6021 ns, Total: 135606 ns
[2022-06-29T12:42:43.392+0000][9][gc,start    ] GC(246) Pause Young (Normal) (G1 Evacuation Pause)
[2022-06-29T12:42:43.393+0000][9][gc,task     ] GC(246) Using 4 workers of 4 for evacuation
[2022-06-29T12:42:43.394+0000][9][gc,age      ] GC(246) Desired survivor size 20971520 bytes, new threshold 15 (max threshold 15)
[2022-06-29T12:42:43.399+0000][9][gc,phases   ] GC(246)   Pre Evacuate Collection Set: 0.2ms
[2022-06-29T12:42:43.399+0000][9][gc,phases   ] GC(246)   Merge Heap Roots: 0.1ms
[2022-06-29T12:42:43.400+0000][9][gc,phases   ] GC(246)   Evacuate Collection Set: 2.2ms
[2022-06-29T12:42:43.401+0000][9][gc,phases   ] GC(246)   Post Evacuate Collection Set: 1.1ms
[2022-06-29T12:42:43.401+0000][9][gc,phases   ] GC(246)   Other: 1.6ms
[2022-06-29T12:42:43.402+0000][9][gc,age      ] GC(246) Age table with threshold 15 (max threshold 15)
[2022-06-29T12:42:43.403+0000][9][gc,age      ] GC(246) - age   1:     741208 bytes,     741208 total
[2022-06-29T12:42:43.403+0000][9][gc,age      ] GC(246) - age   2:       1664 bytes,     742872 total
[2022-06-29T12:42:43.404+0000][9][gc,age      ] GC(246) - age   3:        520 bytes,     743392 total
[2022-06-29T12:42:43.404+0000][9][gc,age      ] GC(246) - age   4:       1632 bytes,     745024 total
[2022-06-29T12:42:43.405+0000][9][gc,age      ] GC(246) - age   6:        896 bytes,     745920 total
[2022-06-29T12:42:43.406+0000][9][gc,age      ] GC(246) - age   7:        120 bytes,     746040 total
[2022-06-29T12:42:43.406+0000][9][gc,age      ] GC(246) - age   8:        576 bytes,     746616 total
[2022-06-29T12:42:43.407+0000][9][gc,age      ] GC(246) - age  10:        184 bytes,     746800 total
[2022-06-29T12:42:43.408+0000][9][gc,age      ] GC(246) - age  12:        136 bytes,     746936 total
[2022-06-29T12:42:43.408+0000][9][gc,age      ] GC(246) - age  13:       3168 bytes,     750104 total
[2022-06-29T12:42:43.409+0000][9][gc,age      ] GC(246) - age  14:         64 bytes,     750168 total
[2022-06-29T12:42:43.410+0000][9][gc,age      ] GC(246) - age  15:        368 bytes,     750536 total
[2022-06-29T12:42:43.410+0000][9][gc,heap     ] GC(246) Eden regions: 75->0(75)
[2022-06-29T12:42:43.411+0000][9][gc,heap     ] GC(246) Survivor regions: 1->1(10)
[2022-06-29T12:42:43.412+0000][9][gc,heap     ] GC(246) Old regions: 23->23
[2022-06-29T12:42:43.412+0000][9][gc,heap     ] GC(246) Archive regions: 2->2
[2022-06-29T12:42:43.413+0000][9][gc,heap     ] GC(246) Humongous regions: 0->0
[2022-06-29T12:42:43.413+0000][9][gc,metaspace] GC(246) Metaspace: 130760K(134080K)->130760K(134080K) NonClass: 113692K(115392K)->113692K(115392K) Class: 17067K(18688K)->17067K(18688K)
[2022-06-29T12:42:43.414+0000][9][gc          ] GC(246) Pause Young (Normal) (G1 Evacuation Pause) 394M->93M(512M) 21.901ms
[2022-06-29T12:42:43.415+0000][9][gc,cpu      ] GC(246) User=0.01s Sys=0.00s Real=0.02s
[2022-06-29T12:42:43.416+0000][9][safepoint   ] Safepoint "G1CollectForAllocation", Time since last: 51441615745 ns, Reaching safepoint: 77255 ns, At safepoint: 23409579 ns, Total: 23486834 ns
[2022-06-29T12:44:07.346+0000][9][gc,start    ] GC(247) Pause Young (Normal) (G1 Evacuation Pause)
[2022-06-29T12:44:07.349+0000][9][gc,task     ] GC(247) Using 4 workers of 4 for evacuation
[2022-06-29T12:44:07.350+0000][9][gc,age      ] GC(247) Desired survivor size 20971520 bytes, new threshold 15 (max threshold 15)
[2022-06-29T12:44:07.354+0000][9][gc,phases   ] GC(247)   Pre Evacuate Collection Set: 0.2ms
[2022-06-29T12:44:07.354+0000][9][gc,phases   ] GC(247)   Merge Heap Roots: 0.1ms
[2022-06-29T12:44:07.355+0000][9][gc,phases   ] GC(247)   Evacuate Collection Set: 1.7ms
[2022-06-29T12:44:07.356+0000][9][gc,phases   ] GC(247)   Post Evacuate Collection Set: 1.0ms
[2022-06-29T12:44:07.356+0000][9][gc,phases   ] GC(247)   Other: 1.8ms
[2022-06-29T12:44:07.357+0000][9][gc,age      ] GC(247) Age table with threshold 15 (max threshold 15)
[2022-06-29T12:44:07.358+0000][9][gc,age      ] GC(247) - age   1:     791944 bytes,     791944 total
[2022-06-29T12:44:07.358+0000][9][gc,age      ] GC(247) - age   2:       1456 bytes,     793400 total
[2022-06-29T12:44:07.359+0000][9][gc,age      ] GC(247) - age   3:        256 bytes,     793656 total
[2022-06-29T12:44:07.360+0000][9][gc,age      ] GC(247) - age   4:        392 bytes,     794048 total
[2022-06-29T12:44:07.361+0000][9][gc,age      ] GC(247) - age   5:       1536 bytes,     795584 total
[2022-06-29T12:44:07.361+0000][9][gc,age      ] GC(247) - age   7:        896 bytes,     796480 total
[2022-06-29T12:44:07.362+0000][9][gc,age      ] GC(247) - age   8:        120 bytes,     796600 total
[2022-06-29T12:44:07.362+0000][9][gc,age      ] GC(247) - age   9:        576 bytes,     797176 total
[2022-06-29T12:44:07.363+0000][9][gc,age      ] GC(247) - age  11:        184 bytes,     797360 total
[2022-06-29T12:44:07.364+0000][9][gc,age      ] GC(247) - age  13:        136 bytes,     797496 total
[2022-06-29T12:44:07.364+0000][9][gc,age      ] GC(247) - age  14:       3168 bytes,     800664 total
[2022-06-29T12:44:07.365+0000][9][gc,age      ] GC(247) - age  15:         64 bytes,     800728 total
[2022-06-29T12:44:07.366+0000][9][gc,heap     ] GC(247) Eden regions: 75->0(75)
[2022-06-29T12:44:07.367+0000][9][gc,heap     ] GC(247) Survivor regions: 1->1(10)
[2022-06-29T12:44:07.368+0000][9][gc,heap     ] GC(247) Old regions: 23->23
[2022-06-29T12:44:07.368+0000][9][gc,heap     ] GC(247) Archive regions: 2->2
[2022-06-29T12:44:07.369+0000][9][gc,heap     ] GC(247) Humongous regions: 0->0
[2022-06-29T12:44:07.370+0000][9][gc,metaspace] GC(247) Metaspace: 130760K(134080K)->130760K(134080K) NonClass: 113692K(115392K)->113692K(115392K) Class: 17067K(18688K)->17067K(18688K)
[2022-06-29T12:44:07.370+0000][9][gc          ] GC(247) Pause Young (Normal) (G1 Evacuation Pause) 393M->93M(512M) 24.103ms
[2022-06-29T12:44:07.371+0000][9][gc,cpu      ] GC(247) User=0.01s Sys=0.00s Real=0.02s
[2022-06-29T12:44:07.372+0000][9][safepoint   ] Safepoint "G1CollectForAllocation", Time since last: 83995729325 ns, Reaching safepoint: 116841 ns, At safepoint: 25499523 ns, Total: 25616364 ns
[2022-06-29T12:44:43.379+0000][9][safepoint   ] Safepoint "Cleanup", Time since last: 36028156381 ns, Reaching safepoint: 359524 ns, At safepoint: 45940 ns, Total: 405464 ns
[2022-06-29T12:44:52.366+0000][9][safepoint   ] Safepoint "Cleanup", Time since last: 9007455333 ns, Reaching safepoint: 87506 ns, At safepoint: 5218 ns, Total: 92724 ns
[2022-06-29T12:45:05.378+0000][9][safepoint   ] Safepoint "Cleanup", Time since last: 13011219540 ns, Reaching safepoint: 541773 ns, At safepoint: 13213 ns, Total: 554986 ns
[2022-06-29T12:45:43.285+0000][9][gc,start    ] GC(248) Pause Young (Normal) (G1 Evacuation Pause)
[2022-06-29T12:45:43.286+0000][9][gc,task     ] GC(248) Using 4 workers of 4 for evacuation
[2022-06-29T12:45:43.287+0000][9][gc,age      ] GC(248) Desired survivor size 20971520 bytes, new threshold 15 (max threshold 15)
[2022-06-29T12:45:43.294+0000][9][gc,phases   ] GC(248)   Pre Evacuate Collection Set: 0.2ms
[2022-06-29T12:45:43.295+0000][9][gc,phases   ] GC(248)   Merge Heap Roots: 0.1ms
[2022-06-29T12:45:43.296+0000][9][gc,phases   ] GC(248)   Evacuate Collection Set: 4.3ms
[2022-06-29T12:45:43.297+0000][9][gc,phases   ] GC(248)   Post Evacuate Collection Set: 1.4ms
[2022-06-29T12:45:43.297+0000][9][gc,phases   ] GC(248)   Other: 1.6ms
[2022-06-29T12:45:43.298+0000][9][gc,age      ] GC(248) Age table with threshold 15 (max threshold 15)
[2022-06-29T12:45:43.298+0000][9][gc,age      ] GC(248) - age   1:    1210288 bytes,    1210288 total
[2022-06-29T12:45:43.299+0000][9][gc,age      ] GC(248) - age   2:       1944 bytes,    1212232 total
[2022-06-29T12:45:43.299+0000][9][gc,age      ] GC(248) - age   3:        880 bytes,    1213112 total
[2022-06-29T12:45:43.300+0000][9][gc,age      ] GC(248) - age   4:        192 bytes,    1213304 total
[2022-06-29T12:45:43.301+0000][9][gc,age      ] GC(248) - age   5:        392 bytes,    1213696 total
[2022-06-29T12:45:43.301+0000][9][gc,age      ] GC(248) - age   6:       1536 bytes,    1215232 total
[2022-06-29T12:45:43.302+0000][9][gc,age      ] GC(248) - age   8:        568 bytes,    1215800 total
[2022-06-29T12:45:43.302+0000][9][gc,age      ] GC(248) - age   9:        120 bytes,    1215920 total
[2022-06-29T12:45:43.302+0000][9][gc,age      ] GC(248) - age  10:        576 bytes,    1216496 total
[2022-06-29T12:45:43.303+0000][9][gc,age      ] GC(248) - age  12:        184 bytes,    1216680 total
[2022-06-29T12:45:43.304+0000][9][gc,age      ] GC(248) - age  14:        136 bytes,    1216816 total
[2022-06-29T12:45:43.304+0000][9][gc,age      ] GC(248) - age  15:       3168 bytes,    1219984 total
[2022-06-29T12:45:43.305+0000][9][gc,heap     ] GC(248) Eden regions: 75->0(75)
[2022-06-29T12:45:43.305+0000][9][gc,heap     ] GC(248) Survivor regions: 1->1(10)
[2022-06-29T12:45:43.306+0000][9][gc,heap     ] GC(248) Old regions: 23->23
[2022-06-29T12:45:43.306+0000][9][gc,heap     ] GC(248) Archive regions: 2->2
[2022-06-29T12:45:43.307+0000][9][gc,heap     ] GC(248) Humongous regions: 0->0
[2022-06-29T12:45:43.307+0000][9][gc,metaspace] GC(248) Metaspace: 130760K(134080K)->130760K(134080K) NonClass: 113693K(115392K)->113693K(115392K) Class: 17067K(18688K)->17067K(18688K)
[2022-06-29T12:45:43.308+0000][9][gc          ] GC(248) Pause Young (Normal) (G1 Evacuation Pause) 393M->94M(512M) 22.959ms
[2022-06-29T12:45:43.309+0000][9][gc,cpu      ] GC(248) User=0.01s Sys=0.00s Real=0.02s
[2022-06-29T12:45:43.310+0000][9][safepoint   ] Safepoint "G1CollectForAllocation", Time since last: 37929030021 ns, Reaching safepoint: 116201 ns, At safepoint: 24516102 ns, Total: 24632303 ns
[2022-06-29T12:47:28.213+0000][9][gc,start    ] GC(249) Pause Young (Normal) (G1 Evacuation Pause)
[2022-06-29T12:47:28.217+0000][9][gc,task     ] GC(249) Using 4 workers of 4 for evacuation
[2022-06-29T12:47:28.218+0000][9][gc,age      ] GC(249) Desired survivor size 20971520 bytes, new threshold 15 (max threshold 15)
[2022-06-29T12:47:28.226+0000][9][gc,phases   ] GC(249)   Pre Evacuate Collection Set: 0.2ms
[2022-06-29T12:47:28.226+0000][9][gc,phases   ] GC(249)   Merge Heap Roots: 0.1ms
[2022-06-29T12:47:28.227+0000][9][gc,phases   ] GC(249)   Evacuate Collection Set: 4.2ms
[2022-06-29T12:47:28.229+0000][9][gc,phases   ] GC(249)   Post Evacuate Collection Set: 1.5ms
[2022-06-29T12:47:28.229+0000][9][gc,phases   ] GC(249)   Other: 2.4ms
[2022-06-29T12:47:28.230+0000][9][gc,age      ] GC(249) Age table with threshold 15 (max threshold 15)
[2022-06-29T12:47:28.233+0000][9][gc,age      ] GC(249) - age   1:    1586952 bytes,    1586952 total
[2022-06-29T12:47:28.235+0000][9][gc,age      ] GC(249) - age   2:       6168 bytes,    1593120 total
[2022-06-29T12:47:28.236+0000][9][gc,age      ] GC(249) - age   3:        368 bytes,    1593488 total
[2022-06-29T12:47:28.237+0000][9][gc,age      ] GC(249) - age   4:        456 bytes,    1593944 total
[2022-06-29T12:47:28.238+0000][9][gc,age      ] GC(249) - age   5:        192 bytes,    1594136 total
[2022-06-29T12:47:28.238+0000][9][gc,age      ] GC(249) - age   6:        392 bytes,    1594528 total
[2022-06-29T12:47:28.239+0000][9][gc,age      ] GC(249) - age   9:        568 bytes,    1595096 total
[2022-06-29T12:47:28.240+0000][9][gc,age      ] GC(249) - age  10:        120 bytes,    1595216 total
[2022-06-29T12:47:28.241+0000][9][gc,age      ] GC(249) - age  11:        184 bytes,    1595400 total
[2022-06-29T12:47:28.242+0000][9][gc,age      ] GC(249) - age  13:        184 bytes,    1595584 total
[2022-06-29T12:47:28.242+0000][9][gc,age      ] GC(249) - age  15:        136 bytes,    1595720 total
[2022-06-29T12:47:28.243+0000][9][gc,heap     ] GC(249) Eden regions: 75->0(75)
[2022-06-29T12:47:28.244+0000][9][gc,heap     ] GC(249) Survivor regions: 1->1(10)
[2022-06-29T12:47:28.244+0000][9][gc,heap     ] GC(249) Old regions: 23->23
[2022-06-29T12:47:28.245+0000][9][gc,heap     ] GC(249) Archive regions: 2->2
[2022-06-29T12:47:28.246+0000][9][gc,heap     ] GC(249) Humongous regions: 0->0
[2022-06-29T12:47:28.247+0000][9][gc,metaspace] GC(249) Metaspace: 130760K(134080K)->130760K(134080K) NonClass: 113693K(115392K)->113693K(115392K) Class: 17067K(18688K)->17067K(18688K)
[2022-06-29T12:47:28.249+0000][9][gc          ] GC(249) Pause Young (Normal) (G1 Evacuation Pause) 394M->94M(512M) 36.528ms
[2022-06-29T12:47:28.251+0000][9][gc,cpu      ] GC(249) User=0.01s Sys=0.00s Real=0.04s
[2022-06-29T12:47:28.251+0000][9][safepoint   ] Safepoint "G1CollectForAllocation", Time since last: 104989881395 ns, Reaching safepoint: 132919 ns, At safepoint: 38509111 ns, Total: 38642030 ns
[2022-06-29T12:47:29.253+0000][9][safepoint   ] Safepoint "Cleanup", Time since last: 1001641483 ns, Reaching safepoint: 132886 ns, At safepoint: 8856 ns, Total: 141742 ns
[2022-06-29T12:47:30.255+0000][9][safepoint   ] Safepoint "Cleanup", Time since last: 1002177081 ns, Reaching safepoint: 112383 ns, At safepoint: 5660 ns, Total: 118043 ns
[2022-06-29T12:48:19.269+0000][9][safepoint   ] Safepoint "Cleanup", Time since last: 49035621828 ns, Reaching safepoint: 133853 ns, At safepoint: 28025 ns, Total: 161878 ns
[2022-06-29T12:48:57.685+0000][9][gc,start    ] GC(250) Pause Young (Normal) (G1 Evacuation Pause)
[2022-06-29T12:48:57.689+0000][9][gc,task     ] GC(250) Using 4 workers of 4 for evacuation
[2022-06-29T12:48:57.691+0000][9][gc,age      ] GC(250) Desired survivor size 20971520 bytes, new threshold 15 (max threshold 15)
[2022-06-29T12:48:57.698+0000][9][gc,phases   ] GC(250)   Pre Evacuate Collection Set: 0.2ms
[2022-06-29T12:48:57.699+0000][9][gc,phases   ] GC(250)   Merge Heap Roots: 0.1ms
[2022-06-29T12:48:57.700+0000][9][gc,phases   ] GC(250)   Evacuate Collection Set: 2.7ms
[2022-06-29T12:48:57.701+0000][9][gc,phases   ] GC(250)   Post Evacuate Collection Set: 2.5ms
[2022-06-29T12:48:57.703+0000][9][gc,phases   ] GC(250)   Other: 2.9ms
[2022-06-29T12:48:57.705+0000][9][gc,age      ] GC(250) Age table with threshold 15 (max threshold 15)
[2022-06-29T12:48:57.706+0000][9][gc,age      ] GC(250) - age   1:     670144 bytes,     670144 total
[2022-06-29T12:48:57.707+0000][9][gc,age      ] GC(250) - age   2:     148240 bytes,     818384 total
[2022-06-29T12:48:57.708+0000][9][gc,age      ] GC(250) - age   3:       4888 bytes,     823272 total
[2022-06-29T12:48:57.708+0000][9][gc,age      ] GC(250) - age   4:        184 bytes,     823456 total
[2022-06-29T12:48:57.709+0000][9][gc,age      ] GC(250) - age   5:        456 bytes,     823912 total
[2022-06-29T12:48:57.710+0000][9][gc,age      ] GC(250) - age   6:        192 bytes,     824104 total
[2022-06-29T12:48:57.711+0000][9][gc,age      ] GC(250) - age   7:        216 bytes,     824320 total
[2022-06-29T12:48:57.711+0000][9][gc,age      ] GC(250) - age  10:        568 bytes,     824888 total
[2022-06-29T12:48:57.712+0000][9][gc,age      ] GC(250) - age  11:        120 bytes,     825008 total
[2022-06-29T12:48:57.713+0000][9][gc,age      ] GC(250) - age  12:        184 bytes,     825192 total
[2022-06-29T12:48:57.715+0000][9][gc,age      ] GC(250) - age  14:         64 bytes,     825256 total
[2022-06-29T12:48:57.717+0000][9][gc,heap     ] GC(250) Eden regions: 75->0(75)
[2022-06-29T12:48:57.717+0000][9][gc,heap     ] GC(250) Survivor regions: 1->1(10)
[2022-06-29T12:48:57.719+0000][9][gc,heap     ] GC(250) Old regions: 23->23
[2022-06-29T12:48:57.721+0000][9][gc,heap     ] GC(250) Archive regions: 2->2
[2022-06-29T12:48:57.722+0000][9][gc,heap     ] GC(250) Humongous regions: 0->0
[2022-06-29T12:48:57.723+0000][9][gc,metaspace] GC(250) Metaspace: 130761K(134080K)->130761K(134080K) NonClass: 113693K(115392K)->113693K(115392K) Class: 17067K(18688K)->17067K(18688K)
[2022-06-29T12:48:57.724+0000][9][gc          ] GC(250) Pause Young (Normal) (G1 Evacuation Pause) 394M->93M(512M) 39.039ms
[2022-06-29T12:48:57.725+0000][9][gc,cpu      ] GC(250) User=0.01s Sys=0.01s Real=0.04s
[2022-06-29T12:48:57.726+0000][9][safepoint   ] Safepoint "G1CollectForAllocation", Time since last: 38459213161 ns, Reaching safepoint: 148999 ns, At safepoint: 40560857 ns, Total: 40709856 ns
[2022-06-29T12:50:46.150+0000][9][gc,start    ] GC(251) Pause Young (Normal) (G1 Evacuation Pause)
[2022-06-29T12:50:46.153+0000][9][gc,task     ] GC(251) Using 4 workers of 4 for evacuation
[2022-06-29T12:50:46.154+0000][9][gc,age      ] GC(251) Desired survivor size 20971520 bytes, new threshold 15 (max threshold 15)
[2022-06-29T12:50:46.159+0000][9][gc,phases   ] GC(251)   Pre Evacuate Collection Set: 0.3ms
[2022-06-29T12:50:46.160+0000][9][gc,phases   ] GC(251)   Merge Heap Roots: 0.2ms
[2022-06-29T12:50:46.160+0000][9][gc,phases   ] GC(251)   Evacuate Collection Set: 2.0ms
[2022-06-29T12:50:46.161+0000][9][gc,phases   ] GC(251)   Post Evacuate Collection Set: 1.1ms
[2022-06-29T12:50:46.162+0000][9][gc,phases   ] GC(251)   Other: 2.5ms
[2022-06-29T12:50:46.162+0000][9][gc,age      ] GC(251) Age table with threshold 15 (max threshold 15)
[2022-06-29T12:50:46.163+0000][9][gc,age      ] GC(251) - age   1:     772624 bytes,     772624 total
[2022-06-29T12:50:46.164+0000][9][gc,age      ] GC(251) - age   2:     181152 bytes,     953776 total
[2022-06-29T12:50:46.165+0000][9][gc,age      ] GC(251) - age   3:     145976 bytes,    1099752 total
[2022-06-29T12:50:46.166+0000][9][gc,age      ] GC(251) - age   4:       4696 bytes,    1104448 total
[2022-06-29T12:50:46.166+0000][9][gc,age      ] GC(251) - age   5:        184 bytes,    1104632 total
[2022-06-29T12:50:46.167+0000][9][gc,age      ] GC(251) - age   6:        272 bytes,    1104904 total
[2022-06-29T12:50:46.168+0000][9][gc,age      ] GC(251) - age   8:        216 bytes,    1105120 total
[2022-06-29T12:50:46.168+0000][9][gc,age      ] GC(251) - age  11:        568 bytes,    1105688 total
[2022-06-29T12:50:46.169+0000][9][gc,age      ] GC(251) - age  12:        120 bytes,    1105808 total
[2022-06-29T12:50:46.170+0000][9][gc,age      ] GC(251) - age  13:        184 bytes,    1105992 total
[2022-06-29T12:50:46.171+0000][9][gc,age      ] GC(251) - age  15:         64 bytes,    1106056 total
[2022-06-29T12:50:46.172+0000][9][gc,heap     ] GC(251) Eden regions: 75->0(75)
[2022-06-29T12:50:46.172+0000][9][gc,heap     ] GC(251) Survivor regions: 1->1(10)
[2022-06-29T12:50:46.173+0000][9][gc,heap     ] GC(251) Old regions: 23->23
[2022-06-29T12:50:46.174+0000][9][gc,heap     ] GC(251) Archive regions: 2->2
[2022-06-29T12:50:46.174+0000][9][gc,heap     ] GC(251) Humongous regions: 0->0
[2022-06-29T12:50:46.175+0000][9][gc,metaspace] GC(251) Metaspace: 130761K(134080K)->130761K(134080K) NonClass: 113693K(115392K)->113693K(115392K) Class: 17067K(18688K)->17067K(18688K)
[2022-06-29T12:50:46.176+0000][9][gc          ] GC(251) Pause Young (Normal) (G1 Evacuation Pause) 393M->94M(512M) 25.205ms
[2022-06-29T12:50:46.176+0000][9][gc,cpu      ] GC(251) User=0.00s Sys=0.00s Real=0.03s
[2022-06-29T12:50:46.177+0000][9][safepoint   ] Safepoint "G1CollectForAllocation", Time since last: 108489063674 ns, Reaching safepoint: 86204 ns, At safepoint: 26408210 ns, Total: 26494414 ns
[2022-06-29T12:52:23.170+0000][9][safepoint   ] Safepoint "Cleanup", Time since last: 97079920125 ns, Reaching safepoint: 256303 ns, At safepoint: 12191 ns, Total: 268494 ns
[2022-06-29T12:52:28.104+0000][9][gc,start    ] GC(252) Pause Young (Normal) (G1 Evacuation Pause)
[2022-06-29T12:52:28.105+0000][9][gc,task     ] GC(252) Using 4 workers of 4 for evacuation
[2022-06-29T12:52:28.106+0000][9][gc,age      ] GC(252) Desired survivor size 20971520 bytes, new threshold 15 (max threshold 15)
[2022-06-29T12:52:28.112+0000][9][gc,phases   ] GC(252)   Pre Evacuate Collection Set: 0.1ms
[2022-06-29T12:52:28.114+0000][9][gc,phases   ] GC(252)   Merge Heap Roots: 0.1ms
[2022-06-29T12:52:28.114+0000][9][gc,phases   ] GC(252)   Evacuate Collection Set: 4.6ms
[2022-06-29T12:52:28.115+0000][9][gc,phases   ] GC(252)   Post Evacuate Collection Set: 0.9ms
[2022-06-29T12:52:28.115+0000][9][gc,phases   ] GC(252)   Other: 1.4ms
[2022-06-29T12:52:28.116+0000][9][gc,age      ] GC(252) Age table with threshold 15 (max threshold 15)
[2022-06-29T12:52:28.117+0000][9][gc,age      ] GC(252) - age   1:    1114920 bytes,    1114920 total
[2022-06-29T12:52:28.117+0000][9][gc,age      ] GC(252) - age   2:       1464 bytes,    1116384 total
[2022-06-29T12:52:28.119+0000][9][gc,age      ] GC(252) - age   3:     132784 bytes,    1249168 total
[2022-06-29T12:52:28.120+0000][9][gc,age      ] GC(252) - age   4:     103352 bytes,    1352520 total
[2022-06-29T12:52:28.121+0000][9][gc,age      ] GC(252) - age   5:       4696 bytes,    1357216 total
[2022-06-29T12:52:28.122+0000][9][gc,age      ] GC(252) - age   6:        184 bytes,    1357400 total
[2022-06-29T12:52:28.122+0000][9][gc,age      ] GC(252) - age   7:        272 bytes,    1357672 total
[2022-06-29T12:52:28.123+0000][9][gc,age      ] GC(252) - age   9:        216 bytes,    1357888 total
[2022-06-29T12:52:28.123+0000][9][gc,age      ] GC(252) - age  12:        568 bytes,    1358456 total
[2022-06-29T12:52:28.124+0000][9][gc,age      ] GC(252) - age  13:        120 bytes,    1358576 total
[2022-06-29T12:52:28.125+0000][9][gc,age      ] GC(252) - age  14:        184 bytes,    1358760 total
[2022-06-29T12:52:28.125+0000][9][gc,heap     ] GC(252) Eden regions: 75->0(75)
[2022-06-29T12:52:28.126+0000][9][gc,heap     ] GC(252) Survivor regions: 1->1(10)
[2022-06-29T12:52:28.126+0000][9][gc,heap     ] GC(252) Old regions: 23->23
[2022-06-29T12:52:28.127+0000][9][gc,heap     ] GC(252) Archive regions: 2->2
[2022-06-29T12:52:28.127+0000][9][gc,heap     ] GC(252) Humongous regions: 0->0
[2022-06-29T12:52:28.128+0000][9][gc,metaspace] GC(252) Metaspace: 130768K(134080K)->130768K(134080K) NonClass: 113699K(115392K)->113699K(115392K) Class: 17068K(18688K)->17068K(18688K)
[2022-06-29T12:52:28.129+0000][9][gc          ] GC(252) Pause Young (Normal) (G1 Evacuation Pause) 394M->94M(512M) 24.873ms
[2022-06-29T12:52:28.129+0000][9][gc,cpu      ] GC(252) User=0.01s Sys=0.00s Real=0.03s
[2022-06-29T12:52:28.130+0000][9][safepoint   ] Safepoint "G1CollectForAllocation", Time since last: 4933546693 ns, Reaching safepoint: 89313 ns, At safepoint: 26171588 ns, Total: 26260901 ns
[2022-06-29T12:52:52.117+0000][9][safepoint   ] Safepoint "Cleanup", Time since last: 24008647997 ns, Reaching safepoint: 287143 ns, At safepoint: 19354 ns, Total: 306497 ns
[2022-06-29T12:53:20.124+0000][9][safepoint   ] Safepoint "Cleanup", Time since last: 28027755143 ns, Reaching safepoint: 163616 ns, At safepoint: 67290 ns, Total: 230906 ns
[2022-06-29T12:53:26.132+0000][9][safepoint   ] Safepoint "Cleanup", Time since last: 6007327292 ns, Reaching safepoint: 140488 ns, At safepoint: 11313 ns, Total: 151801 ns
[2022-06-29T12:53:55.073+0000][9][gc,start    ] GC(253) Pause Young (Normal) (G1 Evacuation Pause)
[2022-06-29T12:53:55.075+0000][9][gc,task     ] GC(253) Using 4 workers of 4 for evacuation
[2022-06-29T12:53:55.076+0000][9][gc,age      ] GC(253) Desired survivor size 20971520 bytes, new threshold 15 (max threshold 15)
[2022-06-29T12:53:55.084+0000][9][gc,phases   ] GC(253)   Pre Evacuate Collection Set: 0.2ms
[2022-06-29T12:53:55.085+0000][9][gc,phases   ] GC(253)   Merge Heap Roots: 0.0ms
[2022-06-29T12:53:55.086+0000][9][gc,phases   ] GC(253)   Evacuate Collection Set: 4.8ms
[2022-06-29T12:53:55.087+0000][9][gc,phases   ] GC(253)   Post Evacuate Collection Set: 2.1ms
[2022-06-29T12:53:55.088+0000][9][gc,phases   ] GC(253)   Other: 2.2ms
[2022-06-29T12:53:55.089+0000][9][gc,age      ] GC(253) Age table with threshold 15 (max threshold 15)
[2022-06-29T12:53:55.090+0000][9][gc,age      ] GC(253) - age   1:    1178256 bytes,    1178256 total
[2022-06-29T12:53:55.090+0000][9][gc,age      ] GC(253) - age   2:      77400 bytes,    1255656 total
[2022-06-29T12:53:55.091+0000][9][gc,age      ] GC(253) - age   3:        440 bytes,    1256096 total
[2022-06-29T12:53:55.092+0000][9][gc,age      ] GC(253) - age   4:     132536 bytes,    1388632 total
[2022-06-29T12:53:55.093+0000][9][gc,age      ] GC(253) - age   5:     103320 bytes,    1491952 total
[2022-06-29T12:53:55.094+0000][9][gc,age      ] GC(253) - age   6:       4696 bytes,    1496648 total
[2022-06-29T12:53:55.094+0000][9][gc,age      ] GC(253) - age   8:        240 bytes,    1496888 total
[2022-06-29T12:53:55.095+0000][9][gc,age      ] GC(253) - age  10:        216 bytes,    1497104 total
[2022-06-29T12:53:55.095+0000][9][gc,age      ] GC(253) - age  13:        184 bytes,    1497288 total
[2022-06-29T12:53:55.096+0000][9][gc,age      ] GC(253) - age  14:        120 bytes,    1497408 total
[2022-06-29T12:53:55.097+0000][9][gc,age      ] GC(253) - age  15:        184 bytes,    1497592 total
[2022-06-29T12:53:55.097+0000][9][gc,heap     ] GC(253) Eden regions: 75->0(75)
[2022-06-29T12:53:55.098+0000][9][gc,heap     ] GC(253) Survivor regions: 1->1(10)
[2022-06-29T12:53:55.101+0000][9][gc,heap     ] GC(253) Old regions: 23->23
[2022-06-29T12:53:55.102+0000][9][gc,heap     ] GC(253) Archive regions: 2->2
[2022-06-29T12:53:55.103+0000][9][gc,heap     ] GC(253) Humongous regions: 0->0
[2022-06-29T12:53:55.104+0000][9][gc,metaspace] GC(253) Metaspace: 130768K(134080K)->130768K(134080K) NonClass: 113699K(115392K)->113699K(115392K) Class: 17068K(18688K)->17068K(18688K)
[2022-06-29T12:53:55.104+0000][9][gc          ] GC(253) Pause Young (Normal) (G1 Evacuation Pause) 394M->94M(512M) 31.621ms
[2022-06-29T12:53:55.105+0000][9][gc,cpu      ] GC(253) User=0.02s Sys=0.00s Real=0.04s
[2022-06-29T12:53:55.106+0000][9][safepoint   ] Safepoint "G1CollectForAllocation", Time since last: 28962067203 ns, Reaching safepoint: 387221 ns, At safepoint: 33031833 ns, Total: 33419054 ns
[2022-06-29T12:55:13.079+0000][9][gc,start    ] GC(254) Pause Young (Normal) (G1 Evacuation Pause)
[2022-06-29T12:55:13.081+0000][9][gc,task     ] GC(254) Using 4 workers of 4 for evacuation
[2022-06-29T12:55:13.083+0000][9][gc,age      ] GC(254) Desired survivor size 20971520 bytes, new threshold 15 (max threshold 15)
[2022-06-29T12:55:13.091+0000][9][gc,phases   ] GC(254)   Pre Evacuate Collection Set: 0.4ms
[2022-06-29T12:55:13.092+0000][9][gc,phases   ] GC(254)   Merge Heap Roots: 0.2ms
[2022-06-29T12:55:13.093+0000][9][gc,phases   ] GC(254)   Evacuate Collection Set: 5.4ms
[2022-06-29T12:55:13.094+0000][9][gc,phases   ] GC(254)   Post Evacuate Collection Set: 1.5ms
[2022-06-29T12:55:13.095+0000][9][gc,phases   ] GC(254)   Other: 2.5ms
[2022-06-29T12:55:13.096+0000][9][gc,age      ] GC(254) Age table with threshold 15 (max threshold 15)
[2022-06-29T12:55:13.097+0000][9][gc,age      ] GC(254) - age   1:     866264 bytes,     866264 total
[2022-06-29T12:55:13.099+0000][9][gc,age      ] GC(254) - age   2:      45168 bytes,     911432 total
[2022-06-29T12:55:13.100+0000][9][gc,age      ] GC(254) - age   3:      76632 bytes,     988064 total
[2022-06-29T12:55:13.101+0000][9][gc,age      ] GC(254) - age   4:        376 bytes,     988440 total
[2022-06-29T12:55:13.102+0000][9][gc,age      ] GC(254) - age   5:     132536 bytes,    1120976 total
[2022-06-29T12:55:13.102+0000][9][gc,age      ] GC(254) - age   6:     103024 bytes,    1224000 total
[2022-06-29T12:55:13.103+0000][9][gc,age      ] GC(254) - age   7:       4664 bytes,    1228664 total
[2022-06-29T12:55:13.104+0000][9][gc,age      ] GC(254) - age   9:        240 bytes,    1228904 total
[2022-06-29T12:55:13.104+0000][9][gc,age      ] GC(254) - age  11:        216 bytes,    1229120 total
[2022-06-29T12:55:13.105+0000][9][gc,age      ] GC(254) - age  14:        184 bytes,    1229304 total
[2022-06-29T12:55:13.106+0000][9][gc,age      ] GC(254) - age  15:        120 bytes,    1229424 total
[2022-06-29T12:55:13.107+0000][9][gc,heap     ] GC(254) Eden regions: 75->0(75)
[2022-06-29T12:55:13.107+0000][9][gc,heap     ] GC(254) Survivor regions: 1->1(10)
[2022-06-29T12:55:13.108+0000][9][gc,heap     ] GC(254) Old regions: 23->23
[2022-06-29T12:55:13.109+0000][9][gc,heap     ] GC(254) Archive regions: 2->2
[2022-06-29T12:55:13.109+0000][9][gc,heap     ] GC(254) Humongous regions: 0->0
[2022-06-29T12:55:13.110+0000][9][gc,metaspace] GC(254) Metaspace: 130768K(134080K)->130768K(134080K) NonClass: 113699K(115392K)->113699K(115392K) Class: 17068K(18688K)->17068K(18688K)
[2022-06-29T12:55:13.111+0000][9][gc          ] GC(254) Pause Young (Normal) (G1 Evacuation Pause) 394M->94M(512M) 32.509ms
[2022-06-29T12:55:13.112+0000][9][gc,cpu      ] GC(254) User=0.03s Sys=0.00s Real=0.03s
[2022-06-29T12:55:13.113+0000][9][safepoint   ] Safepoint "G1CollectForAllocation", Time since last: 78012925654 ns, Reaching safepoint: 118286 ns, At safepoint: 34127498 ns, Total: 34245784 ns
[2022-06-29T12:56:19.138+0000][9][safepoint   ] Safepoint "Cleanup", Time since last: 66070154511 ns, Reaching safepoint: 1217573 ns, At safepoint: 69052 ns, Total: 1286625 ns
[2022-06-29T12:56:37.034+0000][9][gc,start    ] GC(255) Pause Young (Normal) (G1 Evacuation Pause)
[2022-06-29T12:56:37.036+0000][9][gc,task     ] GC(255) Using 4 workers of 4 for evacuation
[2022-06-29T12:56:37.037+0000][9][gc,age      ] GC(255) Desired survivor size 20971520 bytes, new threshold 15 (max threshold 15)
[2022-06-29T12:56:37.046+0000][9][gc,phases   ] GC(255)   Pre Evacuate Collection Set: 0.2ms
[2022-06-29T12:56:37.047+0000][9][gc,phases   ] GC(255)   Merge Heap Roots: 0.1ms
[2022-06-29T12:56:37.048+0000][9][gc,phases   ] GC(255)   Evacuate Collection Set: 6.7ms
[2022-06-29T12:56:37.049+0000][9][gc,phases   ] GC(255)   Post Evacuate Collection Set: 1.2ms
[2022-06-29T12:56:37.049+0000][9][gc,phases   ] GC(255)   Other: 2.0ms
[2022-06-29T12:56:37.051+0000][9][gc,age      ] GC(255) Age table with threshold 15 (max threshold 15)
[2022-06-29T12:56:37.052+0000][9][gc,age      ] GC(255) - age   1:    1960640 bytes,    1960640 total
[2022-06-29T12:56:37.053+0000][9][gc,age      ] GC(255) - age   2:       1096 bytes,    1961736 total
[2022-06-29T12:56:37.054+0000][9][gc,age      ] GC(255) - age   3:      43328 bytes,    2005064 total
[2022-06-29T12:56:37.055+0000][9][gc,age      ] GC(255) - age   4:      76568 bytes,    2081632 total
[2022-06-29T12:56:37.055+0000][9][gc,age      ] GC(255) - age   5:        376 bytes,    2082008 total
[2022-06-29T12:56:37.056+0000][9][gc,age      ] GC(255) - age   6:     132536 bytes,    2214544 total
[2022-06-29T12:56:37.057+0000][9][gc,age      ] GC(255) - age   7:     103024 bytes,    2317568 total
[2022-06-29T12:56:37.057+0000][9][gc,age      ] GC(255) - age   8:       4664 bytes,    2322232 total
[2022-06-29T12:56:37.058+0000][9][gc,age      ] GC(255) - age  10:        240 bytes,    2322472 total
[2022-06-29T12:56:37.059+0000][9][gc,age      ] GC(255) - age  12:        216 bytes,    2322688 total
[2022-06-29T12:56:37.059+0000][9][gc,heap     ] GC(255) Eden regions: 75->0(75)
[2022-06-29T12:56:37.060+0000][9][gc,heap     ] GC(255) Survivor regions: 1->1(10)
[2022-06-29T12:56:37.061+0000][9][gc,heap     ] GC(255) Old regions: 23->23
[2022-06-29T12:56:37.061+0000][9][gc,heap     ] GC(255) Archive regions: 2->2
[2022-06-29T12:56:37.062+0000][9][gc,heap     ] GC(255) Humongous regions: 0->0
[2022-06-29T12:56:37.063+0000][9][gc,metaspace] GC(255) Metaspace: 130770K(134080K)->130770K(134080K) NonClass: 113702K(115392K)->113702K(115392K) Class: 17068K(18688K)->17068K(18688K)
[2022-06-29T12:56:37.064+0000][9][gc          ] GC(255) Pause Young (Normal) (G1 Evacuation Pause) 394M->95M(512M) 29.945ms
[2022-06-29T12:56:37.064+0000][9][gc,cpu      ] GC(255) User=0.02s Sys=0.00s Real=0.03s
[2022-06-29T12:56:37.065+0000][9][safepoint   ] Safepoint "G1CollectForAllocation", Time since last: 17917561361 ns, Reaching safepoint: 245303 ns, At safepoint: 31343236 ns, Total: 31588539 ns
[2022-06-29T12:57:44.071+0000][9][safepoint   ] Safepoint "Cleanup", Time since last: 67050676251 ns, Reaching safepoint: 218146 ns, At safepoint: 17233 ns, Total: 235379 ns
[2022-06-29T12:58:00.983+0000][9][gc,start    ] GC(256) Pause Young (Normal) (G1 Evacuation Pause)
[2022-06-29T12:58:00.984+0000][9][gc,task     ] GC(256) Using 4 workers of 4 for evacuation
[2022-06-29T12:58:00.985+0000][9][gc,age      ] GC(256) Desired survivor size 20971520 bytes, new threshold 15 (max threshold 15)
[2022-06-29T12:58:00.994+0000][9][gc,phases   ] GC(256)   Pre Evacuate Collection Set: 0.2ms
[2022-06-29T12:58:00.994+0000][9][gc,phases   ] GC(256)   Merge Heap Roots: 0.1ms
[2022-06-29T12:58:00.995+0000][9][gc,phases   ] GC(256)   Evacuate Collection Set: 4.7ms
[2022-06-29T12:58:00.996+0000][9][gc,phases   ] GC(256)   Post Evacuate Collection Set: 1.7ms
[2022-06-29T12:58:00.997+0000][9][gc,phases   ] GC(256)   Other: 2.9ms
[2022-06-29T12:58:00.997+0000][9][gc,age      ] GC(256) Age table with threshold 15 (max threshold 15)
[2022-06-29T12:58:00.998+0000][9][gc,age      ] GC(256) - age   1:    1247096 bytes,    1247096 total
[2022-06-29T12:58:00.999+0000][9][gc,age      ] GC(256) - age   2:       6280 bytes,    1253376 total
[2022-06-29T12:58:00.999+0000][9][gc,age      ] GC(256) - age   3:         96 bytes,    1253472 total
[2022-06-29T12:58:01.000+0000][9][gc,age      ] GC(256) - age   4:      43208 bytes,    1296680 total
[2022-06-29T12:58:01.001+0000][9][gc,age      ] GC(256) - age   5:      76568 bytes,    1373248 total
[2022-06-29T12:58:01.003+0000][9][gc,age      ] GC(256) - age   6:        376 bytes,    1373624 total
[2022-06-29T12:58:01.004+0000][9][gc,age      ] GC(256) - age   7:     132536 bytes,    1506160 total
[2022-06-29T12:58:01.005+0000][9][gc,age      ] GC(256) - age   8:     101488 bytes,    1607648 total
[2022-06-29T12:58:01.006+0000][9][gc,age      ] GC(256) - age   9:       4664 bytes,    1612312 total
[2022-06-29T12:58:01.006+0000][9][gc,age      ] GC(256) - age  11:        240 bytes,    1612552 total
[2022-06-29T12:58:01.007+0000][9][gc,age      ] GC(256) - age  13:        216 bytes,    1612768 total
[2022-06-29T12:58:01.008+0000][9][gc,heap     ] GC(256) Eden regions: 75->0(75)
[2022-06-29T12:58:01.008+0000][9][gc,heap     ] GC(256) Survivor regions: 1->1(10)
[2022-06-29T12:58:01.009+0000][9][gc,heap     ] GC(256) Old regions: 23->23
[2022-06-29T12:58:01.010+0000][9][gc,heap     ] GC(256) Archive regions: 2->2
[2022-06-29T12:58:01.010+0000][9][gc,heap     ] GC(256) Humongous regions: 0->0
[2022-06-29T12:58:01.011+0000][9][gc,metaspace] GC(256) Metaspace: 130770K(134080K)->130770K(134080K) NonClass: 113702K(115392K)->113702K(115392K) Class: 17068K(18688K)->17068K(18688K)
[2022-06-29T12:58:01.012+0000][9][gc          ] GC(256) Pause Young (Normal) (G1 Evacuation Pause) 395M->94M(512M) 28.739ms
[2022-06-29T12:58:01.012+0000][9][gc,cpu      ] GC(256) User=0.01s Sys=0.00s Real=0.03s
[2022-06-29T12:58:01.013+0000][9][safepoint   ] Safepoint "G1CollectForAllocation", Time since last: 16931548977 ns, Reaching safepoint: 123094 ns, At safepoint: 30390282 ns, Total: 30513376 ns
[2022-06-29T12:58:02.015+0000][9][safepoint   ] Safepoint "Cleanup", Time since last: 1000930577 ns, Reaching safepoint: 420994 ns, At safepoint: 45042 ns, Total: 466036 ns
[2022-06-29T12:59:16.023+0000][9][safepoint   ] Safepoint "Cleanup", Time since last: 74051553229 ns, Reaching safepoint: 442862 ns, At safepoint: 60091 ns, Total: 502953 ns
[2022-06-29T12:59:19.022+0000][9][gc,start    ] GC(257) Pause Young (Normal) (G1 Evacuation Pause)
[2022-06-29T12:59:19.023+0000][9][gc,task     ] GC(257) Using 4 workers of 4 for evacuation
[2022-06-29T12:59:19.023+0000][9][gc,age      ] GC(257) Desired survivor size 20971520 bytes, new threshold 15 (max threshold 15)
[2022-06-29T12:59:19.028+0000][9][gc,phases   ] GC(257)   Pre Evacuate Collection Set: 0.2ms
[2022-06-29T12:59:19.029+0000][9][gc,phases   ] GC(257)   Merge Heap Roots: 0.3ms
[2022-06-29T12:59:19.030+0000][9][gc,phases   ] GC(257)   Evacuate Collection Set: 2.2ms
[2022-06-29T12:59:19.031+0000][9][gc,phases   ] GC(257)   Post Evacuate Collection Set: 1.3ms
[2022-06-29T12:59:19.031+0000][9][gc,phases   ] GC(257)   Other: 1.4ms
[2022-06-29T12:59:19.032+0000][9][gc,age      ] GC(257) Age table with threshold 15 (max threshold 15)
[2022-06-29T12:59:19.033+0000][9][gc,age      ] GC(257) - age   1:    1134624 bytes,    1134624 total
[2022-06-29T12:59:19.034+0000][9][gc,age      ] GC(257) - age   2:       3896 bytes,    1138520 total
[2022-06-29T12:59:19.035+0000][9][gc,age      ] GC(257) - age   3:       4728 bytes,    1143248 total
[2022-06-29T12:59:19.036+0000][9][gc,age      ] GC(257) - age   5:      43112 bytes,    1186360 total
[2022-06-29T12:59:19.037+0000][9][gc,age      ] GC(257) - age   6:      76568 bytes,    1262928 total
[2022-06-29T12:59:19.037+0000][9][gc,age      ] GC(257) - age   7:        376 bytes,    1263304 total
[2022-06-29T12:59:19.038+0000][9][gc,age      ] GC(257) - age   8:     132384 bytes,    1395688 total
[2022-06-29T12:59:19.039+0000][9][gc,age      ] GC(257) - age   9:     101488 bytes,    1497176 total
[2022-06-29T12:59:19.039+0000][9][gc,age      ] GC(257) - age  10:       4664 bytes,    1501840 total
[2022-06-29T12:59:19.040+0000][9][gc,age      ] GC(257) - age  12:        240 bytes,    1502080 total
[2022-06-29T12:59:19.041+0000][9][gc,age      ] GC(257) - age  14:        184 bytes,    1502264 total
[2022-06-29T12:59:19.042+0000][9][gc,heap     ] GC(257) Eden regions: 75->0(75)
[2022-06-29T12:59:19.042+0000][9][gc,heap     ] GC(257) Survivor regions: 1->1(10)
[2022-06-29T12:59:19.043+0000][9][gc,heap     ] GC(257) Old regions: 23->23
[2022-06-29T12:59:19.044+0000][9][gc,heap     ] GC(257) Archive regions: 2->2
[2022-06-29T12:59:19.044+0000][9][gc,heap     ] GC(257) Humongous regions: 0->0
[2022-06-29T12:59:19.045+0000][9][gc,metaspace] GC(257) Metaspace: 130778K(134080K)->130778K(134080K) NonClass: 113710K(115392K)->113710K(115392K) Class: 17068K(18688K)->17068K(18688K)
[2022-06-29T12:59:19.046+0000][9][gc          ] GC(257) Pause Young (Normal) (G1 Evacuation Pause) 394M->94M(512M) 24.726ms
[2022-06-29T12:59:19.049+0000][9][gc,cpu      ] GC(257) User=0.01s Sys=0.00s Real=0.03s
[2022-06-29T12:59:19.050+0000][9][safepoint   ] Safepoint "G1CollectForAllocation", Time since last: 2998115971 ns, Reaching safepoint: 104523 ns, At safepoint: 28337944 ns, Total: 28442467 ns
[2022-06-29T13:00:19.068+0000][9][safepoint   ] Safepoint "Cleanup", Time since last: 60060059824 ns, Reaching safepoint: 129309 ns, At safepoint: 42879 ns, Total: 172188 ns
[2022-06-29T13:00:39.983+0000][9][gc,start    ] GC(258) Pause Young (Normal) (G1 Evacuation Pause)
[2022-06-29T13:00:39.985+0000][9][gc,task     ] GC(258) Using 4 workers of 4 for evacuation
[2022-06-29T13:00:39.986+0000][9][gc,age      ] GC(258) Desired survivor size 20971520 bytes, new threshold 15 (max threshold 15)
[2022-06-29T13:00:39.990+0000][9][gc,phases   ] GC(258)   Pre Evacuate Collection Set: 0.1ms
[2022-06-29T13:00:39.992+0000][9][gc,phases   ] GC(258)   Merge Heap Roots: 0.1ms
[2022-06-29T13:00:39.993+0000][9][gc,phases   ] GC(258)   Evacuate Collection Set: 1.8ms
[2022-06-29T13:00:39.993+0000][9][gc,phases   ] GC(258)   Post Evacuate Collection Set: 1.1ms
[2022-06-29T13:00:39.994+0000][9][gc,phases   ] GC(258)   Other: 1.7ms
[2022-06-29T13:00:39.995+0000][9][gc,age      ] GC(258) Age table with threshold 15 (max threshold 15)
[2022-06-29T13:00:39.995+0000][9][gc,age      ] GC(258) - age   1:     896664 bytes,     896664 total
[2022-06-29T13:00:39.996+0000][9][gc,age      ] GC(258) - age   2:       2184 bytes,     898848 total
[2022-06-29T13:00:39.996+0000][9][gc,age      ] GC(258) - age   3:       2112 bytes,     900960 total
[2022-06-29T13:00:39.997+0000][9][gc,age      ] GC(258) - age   4:       4536 bytes,     905496 total
[2022-06-29T13:00:39.997+0000][9][gc,age      ] GC(258) - age   6:      43112 bytes,     948608 total
[2022-06-29T13:00:39.998+0000][9][gc,age      ] GC(258) - age   7:      76568 bytes,    1025176 total
[2022-06-29T13:00:39.999+0000][9][gc,age      ] GC(258) - age   8:        184 bytes,    1025360 total
[2022-06-29T13:00:40.001+0000][9][gc,age      ] GC(258) - age   9:     132384 bytes,    1157744 total
[2022-06-29T13:00:40.001+0000][9][gc,age      ] GC(258) - age  10:     101488 bytes,    1259232 total
[2022-06-29T13:00:40.002+0000][9][gc,age      ] GC(258) - age  11:       4664 bytes,    1263896 total
[2022-06-29T13:00:40.002+0000][9][gc,age      ] GC(258) - age  13:        240 bytes,    1264136 total
[2022-06-29T13:00:40.003+0000][9][gc,heap     ] GC(258) Eden regions: 75->0(75)
[2022-06-29T13:00:40.004+0000][9][gc,heap     ] GC(258) Survivor regions: 1->1(10)
[2022-06-29T13:00:40.004+0000][9][gc,heap     ] GC(258) Old regions: 23->23
[2022-06-29T13:00:40.005+0000][9][gc,heap     ] GC(258) Archive regions: 2->2
[2022-06-29T13:00:40.005+0000][9][gc,heap     ] GC(258) Humongous regions: 0->0
[2022-06-29T13:00:40.015+0000][9][gc,metaspace] GC(258) Metaspace: 130778K(134080K)->130778K(134080K) NonClass: 113710K(115392K)->113710K(115392K) Class: 17068K(18688K)->17068K(18688K)
[2022-06-29T13:00:40.016+0000][9][gc          ] GC(258) Pause Young (Normal) (G1 Evacuation Pause) 394M->94M(512M) 32.113ms
[2022-06-29T13:00:40.016+0000][9][gc,cpu      ] GC(258) User=0.01s Sys=0.00s Real=0.03s
[2022-06-29T13:00:40.017+0000][9][safepoint   ] Safepoint "G1CollectForAllocation", Time since last: 20938805865 ns, Reaching safepoint: 136244 ns, At safepoint: 33367458 ns, Total: 33503702 ns
[2022-06-29T13:01:45.027+0000][9][safepoint   ] Safepoint "Cleanup", Time since last: 65052740503 ns, Reaching safepoint: 236573 ns, At safepoint: 29646 ns, Total: 266219 ns
[2022-06-29T13:02:01.017+0000][9][safepoint   ] Safepoint "Cleanup", Time since last: 16011182528 ns, Reaching safepoint: 162221 ns, At safepoint: 11109 ns, Total: 173330 ns
[2022-06-29T13:02:03.912+0000][9][gc,start    ] GC(259) Pause Young (Normal) (G1 Evacuation Pause)
[2022-06-29T13:02:03.917+0000][9][gc,task     ] GC(259) Using 4 workers of 4 for evacuation
[2022-06-29T13:02:03.919+0000][9][gc,age      ] GC(259) Desired survivor size 20971520 bytes, new threshold 15 (max threshold 15)
[2022-06-29T13:02:03.924+0000][9][gc,phases   ] GC(259)   Pre Evacuate Collection Set: 0.1ms
[2022-06-29T13:02:03.924+0000][9][gc,phases   ] GC(259)   Merge Heap Roots: 0.1ms
[2022-06-29T13:02:03.925+0000][9][gc,phases   ] GC(259)   Evacuate Collection Set: 1.6ms
[2022-06-29T13:02:03.925+0000][9][gc,phases   ] GC(259)   Post Evacuate Collection Set: 0.8ms
[2022-06-29T13:02:03.926+0000][9][gc,phases   ] GC(259)   Other: 3.6ms
[2022-06-29T13:02:03.927+0000][9][gc,age      ] GC(259) Age table with threshold 15 (max threshold 15)
[2022-06-29T13:02:03.927+0000][9][gc,age      ] GC(259) - age   1:     627016 bytes,     627016 total
[2022-06-29T13:02:03.928+0000][9][gc,age      ] GC(259) - age   2:       1384 bytes,     628400 total
[2022-06-29T13:02:03.929+0000][9][gc,age      ] GC(259) - age   3:        864 bytes,     629264 total
[2022-06-29T13:02:03.929+0000][9][gc,age      ] GC(259) - age   4:       1752 bytes,     631016 total
[2022-06-29T13:02:03.930+0000][9][gc,age      ] GC(259) - age   5:       4536 bytes,     635552 total
[2022-06-29T13:02:03.931+0000][9][gc,age      ] GC(259) - age   7:      43112 bytes,     678664 total
[2022-06-29T13:02:03.931+0000][9][gc,age      ] GC(259) - age   8:      76568 bytes,     755232 total
[2022-06-29T13:02:03.933+0000][9][gc,age      ] GC(259) - age   9:        184 bytes,     755416 total
[2022-06-29T13:02:03.934+0000][9][gc,age      ] GC(259) - age  10:     132384 bytes,     887800 total
[2022-06-29T13:02:03.935+0000][9][gc,age      ] GC(259) - age  11:     101488 bytes,     989288 total
[2022-06-29T13:02:03.936+0000][9][gc,age      ] GC(259) - age  12:       4664 bytes,     993952 total
[2022-06-29T13:02:03.937+0000][9][gc,age      ] GC(259) - age  14:        240 bytes,     994192 total
[2022-06-29T13:02:03.938+0000][9][gc,heap     ] GC(259) Eden regions: 75->0(75)
[2022-06-29T13:02:03.938+0000][9][gc,heap     ] GC(259) Survivor regions: 1->1(10)
[2022-06-29T13:02:03.939+0000][9][gc,heap     ] GC(259) Old regions: 23->23
[2022-06-29T13:02:03.941+0000][9][gc,heap     ] GC(259) Archive regions: 2->2
[2022-06-29T13:02:03.942+0000][9][gc,heap     ] GC(259) Humongous regions: 0->0
[2022-06-29T13:02:03.942+0000][9][gc,metaspace] GC(259) Metaspace: 130778K(134080K)->130778K(134080K) NonClass: 113710K(115392K)->113710K(115392K) Class: 17068K(18688K)->17068K(18688K)
[2022-06-29T13:02:03.943+0000][9][gc          ] GC(259) Pause Young (Normal) (G1 Evacuation Pause) 394M->93M(512M) 30.948ms
[2022-06-29T13:02:03.943+0000][9][gc,cpu      ] GC(259) User=0.01s Sys=0.00s Real=0.03s
[2022-06-29T13:02:03.944+0000][9][safepoint   ] Safepoint "G1CollectForAllocation", Time since last: 2894721547 ns, Reaching safepoint: 86064 ns, At safepoint: 32134026 ns, Total: 32220090 ns
[2022-06-29T13:02:51.936+0000][9][safepoint   ] Safepoint "Cleanup", Time since last: 48034825338 ns, Reaching safepoint: 213414 ns, At safepoint: 75185 ns, Total: 288599 ns
[2022-06-29T13:03:18.961+0000][9][safepoint   ] Safepoint "Cleanup", Time since last: 27024646775 ns, Reaching safepoint: 420843 ns, At safepoint: 11748 ns, Total: 432591 ns
[2022-06-29T13:03:24.876+0000][9][gc,start    ] GC(260) Pause Young (Normal) (G1 Evacuation Pause)
[2022-06-29T13:03:24.878+0000][9][gc,task     ] GC(260) Using 4 workers of 4 for evacuation
[2022-06-29T13:03:24.880+0000][9][gc,age      ] GC(260) Desired survivor size 20971520 bytes, new threshold 15 (max threshold 15)
[2022-06-29T13:03:24.888+0000][9][gc,phases   ] GC(260)   Pre Evacuate Collection Set: 0.2ms
[2022-06-29T13:03:24.889+0000][9][gc,phases   ] GC(260)   Merge Heap Roots: 0.2ms
[2022-06-29T13:03:24.890+0000][9][gc,phases   ] GC(260)   Evacuate Collection Set: 4.0ms
[2022-06-29T13:03:24.891+0000][9][gc,phases   ] GC(260)   Post Evacuate Collection Set: 1.3ms
[2022-06-29T13:03:24.892+0000][9][gc,phases   ] GC(260)   Other: 4.8ms
[2022-06-29T13:03:24.893+0000][9][gc,age      ] GC(260) Age table with threshold 15 (max threshold 15)
[2022-06-29T13:03:24.894+0000][9][gc,age      ] GC(260) - age   1:    1773008 bytes,    1773008 total
[2022-06-29T13:03:24.895+0000][9][gc,age      ] GC(260) - age   2:        824 bytes,    1773832 total
[2022-06-29T13:03:24.896+0000][9][gc,age      ] GC(260) - age   3:        552 bytes,    1774384 total
[2022-06-29T13:03:24.897+0000][9][gc,age      ] GC(260) - age   4:        448 bytes,    1774832 total
[2022-06-29T13:03:24.898+0000][9][gc,age      ] GC(260) - age   5:       1568 bytes,    1776400 total
[2022-06-29T13:03:24.899+0000][9][gc,age      ] GC(260) - age   6:       4536 bytes,    1780936 total
[2022-06-29T13:03:24.899+0000][9][gc,age      ] GC(260) - age   8:      43112 bytes,    1824048 total
[2022-06-29T13:03:24.900+0000][9][gc,age      ] GC(260) - age   9:      76568 bytes,    1900616 total
[2022-06-29T13:03:24.900+0000][9][gc,age      ] GC(260) - age  10:        184 bytes,    1900800 total
[2022-06-29T13:03:24.901+0000][9][gc,age      ] GC(260) - age  11:     132384 bytes,    2033184 total
[2022-06-29T13:03:24.901+0000][9][gc,age      ] GC(260) - age  12:     101096 bytes,    2134280 total
[2022-06-29T13:03:24.902+0000][9][gc,age      ] GC(260) - age  13:       4664 bytes,    2138944 total
[2022-06-29T13:03:24.903+0000][9][gc,age      ] GC(260) - age  15:        240 bytes,    2139184 total
[2022-06-29T13:03:24.903+0000][9][gc,heap     ] GC(260) Eden regions: 75->0(75)
[2022-06-29T13:03:24.904+0000][9][gc,heap     ] GC(260) Survivor regions: 1->1(10)
[2022-06-29T13:03:24.905+0000][9][gc,heap     ] GC(260) Old regions: 23->23
[2022-06-29T13:03:24.905+0000][9][gc,heap     ] GC(260) Archive regions: 2->2
[2022-06-29T13:03:24.906+0000][9][gc,heap     ] GC(260) Humongous regions: 0->0
[2022-06-29T13:03:24.908+0000][9][gc,metaspace] GC(260) Metaspace: 130781K(134080K)->130781K(134080K) NonClass: 113713K(115392K)->113713K(115392K) Class: 17068K(18688K)->17068K(18688K)
[2022-06-29T13:03:24.909+0000][9][gc          ] GC(260) Pause Young (Normal) (G1 Evacuation Pause) 393M->95M(512M) 33.042ms
[2022-06-29T13:03:24.910+0000][9][gc,cpu      ] GC(260) User=0.02s Sys=0.00s Real=0.03s
[2022-06-29T13:03:24.911+0000][9][safepoint   ] Safepoint "G1CollectForAllocation", Time since last: 5936702109 ns, Reaching safepoint: 129934 ns, At safepoint: 34976930 ns, Total: 35106864 ns
[2022-06-29T13:04:48.807+0000][9][gc,start    ] GC(261) Pause Young (Normal) (G1 Evacuation Pause)
[2022-06-29T13:04:48.811+0000][9][gc,task     ] GC(261) Using 4 workers of 4 for evacuation
[2022-06-29T13:04:48.812+0000][9][gc,age      ] GC(261) Desired survivor size 20971520 bytes, new threshold 15 (max threshold 15)
[2022-06-29T13:04:48.819+0000][9][gc,phases   ] GC(261)   Pre Evacuate Collection Set: 0.3ms
[2022-06-29T13:04:48.821+0000][9][gc,phases   ] GC(261)   Merge Heap Roots: 0.1ms
[2022-06-29T13:04:48.824+0000][9][gc,phases   ] GC(261)   Evacuate Collection Set: 2.4ms
[2022-06-29T13:04:48.825+0000][9][gc,phases   ] GC(261)   Post Evacuate Collection Set: 2.8ms
[2022-06-29T13:04:48.827+0000][9][gc,phases   ] GC(261)   Other: 1.7ms
[2022-06-29T13:04:48.828+0000][9][gc,age      ] GC(261) Age table with threshold 15 (max threshold 15)
[2022-06-29T13:04:48.829+0000][9][gc,age      ] GC(261) - age   1:    1310504 bytes,    1310504 total
[2022-06-29T13:04:48.830+0000][9][gc,age      ] GC(261) - age   2:       2552 bytes,    1313056 total
[2022-06-29T13:04:48.831+0000][9][gc,age      ] GC(261) - age   3:        248 bytes,    1313304 total
[2022-06-29T13:04:48.836+0000][9][gc,age      ] GC(261) - age   4:        488 bytes,    1313792 total
[2022-06-29T13:04:48.839+0000][9][gc,age      ] GC(261) - age   5:        352 bytes,    1314144 total
[2022-06-29T13:04:48.841+0000][9][gc,age      ] GC(261) - age   6:       1568 bytes,    1315712 total
[2022-06-29T13:04:48.841+0000][9][gc,age      ] GC(261) - age   7:       4536 bytes,    1320248 total
[2022-06-29T13:04:48.842+0000][9][gc,age      ] GC(261) - age   9:      43112 bytes,    1363360 total
[2022-06-29T13:04:48.842+0000][9][gc,age      ] GC(261) - age  10:      76568 bytes,    1439928 total
[2022-06-29T13:04:48.843+0000][9][gc,age      ] GC(261) - age  11:        184 bytes,    1440112 total
[2022-06-29T13:04:48.844+0000][9][gc,age      ] GC(261) - age  12:     132384 bytes,    1572496 total
[2022-06-29T13:04:48.844+0000][9][gc,age      ] GC(261) - age  13:     101096 bytes,    1673592 total
[2022-06-29T13:04:48.845+0000][9][gc,age      ] GC(261) - age  14:       4664 bytes,    1678256 total
[2022-06-29T13:04:48.845+0000][9][gc,heap     ] GC(261) Eden regions: 75->0(75)
[2022-06-29T13:04:48.846+0000][9][gc,heap     ] GC(261) Survivor regions: 1->1(10)
[2022-06-29T13:04:48.846+0000][9][gc,heap     ] GC(261) Old regions: 23->23
[2022-06-29T13:04:48.847+0000][9][gc,heap     ] GC(261) Archive regions: 2->2
[2022-06-29T13:04:48.847+0000][9][gc,heap     ] GC(261) Humongous regions: 0->0
[2022-06-29T13:04:48.848+0000][9][gc,metaspace] GC(261) Metaspace: 130792K(134080K)->130792K(134080K) NonClass: 113724K(115392K)->113724K(115392K) Class: 17068K(18688K)->17068K(18688K)
[2022-06-29T13:04:48.849+0000][9][gc          ] GC(261) Pause Young (Normal) (G1 Evacuation Pause) 395M->94M(512M) 41.594ms
[2022-06-29T13:04:48.852+0000][9][gc,cpu      ] GC(261) User=0.01s Sys=0.00s Real=0.05s
[2022-06-29T13:04:48.855+0000][9][safepoint   ] Safepoint "G1CollectForAllocation", Time since last: 83938896354 ns, Reaching safepoint: 161719 ns, At safepoint: 48108040 ns, Total: 48269759 ns
[2022-06-29T13:04:50.835+0000][9][safepoint   ] Safepoint "Cleanup", Time since last: 2001445795 ns, Reaching safepoint: 192202 ns, At safepoint: 17215 ns, Total: 209417 ns
[2022-06-29T13:06:07.897+0000][9][gc,start    ] GC(262) Pause Young (Normal) (G1 Evacuation Pause)
[2022-06-29T13:06:07.901+0000][9][gc,task     ] GC(262) Using 4 workers of 4 for evacuation
[2022-06-29T13:06:07.908+0000][9][gc,age      ] GC(262) Desired survivor size 20971520 bytes, new threshold 15 (max threshold 15)
[2022-06-29T13:06:07.919+0000][9][gc,phases   ] GC(262)   Pre Evacuate Collection Set: 0.4ms
[2022-06-29T13:06:07.920+0000][9][gc,phases   ] GC(262)   Merge Heap Roots: 0.4ms
[2022-06-29T13:06:07.922+0000][9][gc,phases   ] GC(262)   Evacuate Collection Set: 3.9ms
[2022-06-29T13:06:07.926+0000][9][gc,phases   ] GC(262)   Post Evacuate Collection Set: 3.0ms
[2022-06-29T13:06:07.926+0000][9][gc,phases   ] GC(262)   Other: 10.6ms
[2022-06-29T13:06:07.927+0000][9][gc,age      ] GC(262) Age table with threshold 15 (max threshold 15)
[2022-06-29T13:06:07.928+0000][9][gc,age      ] GC(262) - age   1:     968360 bytes,     968360 total
[2022-06-29T13:06:07.928+0000][9][gc,age      ] GC(262) - age   2:       1448 bytes,     969808 total
[2022-06-29T13:06:07.929+0000][9][gc,age      ] GC(262) - age   3:       1000 bytes,     970808 total
[2022-06-29T13:06:07.930+0000][9][gc,age      ] GC(262) - age   4:        184 bytes,     970992 total
[2022-06-29T13:06:07.930+0000][9][gc,age      ] GC(262) - age   5:        488 bytes,     971480 total
[2022-06-29T13:06:07.931+0000][9][gc,age      ] GC(262) - age   6:        224 bytes,     971704 total
[2022-06-29T13:06:07.931+0000][9][gc,age      ] GC(262) - age   7:       1536 bytes,     973240 total
[2022-06-29T13:06:07.932+0000][9][gc,age      ] GC(262) - age   8:       4536 bytes,     977776 total
[2022-06-29T13:06:07.933+0000][9][gc,age      ] GC(262) - age  10:      43112 bytes,    1020888 total
[2022-06-29T13:06:07.933+0000][9][gc,age      ] GC(262) - age  11:      76568 bytes,    1097456 total
[2022-06-29T13:06:07.934+0000][9][gc,age      ] GC(262) - age  13:     132384 bytes,    1229840 total
[2022-06-29T13:06:07.935+0000][9][gc,age      ] GC(262) - age  14:     101096 bytes,    1330936 total
[2022-06-29T13:06:07.935+0000][9][gc,age      ] GC(262) - age  15:       4664 bytes,    1335600 total
[2022-06-29T13:06:07.936+0000][9][gc,heap     ] GC(262) Eden regions: 75->0(75)
[2022-06-29T13:06:07.937+0000][9][gc,heap     ] GC(262) Survivor regions: 1->1(10)
[2022-06-29T13:06:07.937+0000][9][gc,heap     ] GC(262) Old regions: 23->23
[2022-06-29T13:06:07.938+0000][9][gc,heap     ] GC(262) Archive regions: 2->2
[2022-06-29T13:06:07.938+0000][9][gc,heap     ] GC(262) Humongous regions: 0->0
[2022-06-29T13:06:07.939+0000][9][gc,metaspace] GC(262) Metaspace: 130802K(134080K)->130802K(134080K) NonClass: 113734K(115392K)->113734K(115392K) Class: 17068K(18688K)->17068K(18688K)
[2022-06-29T13:06:07.939+0000][9][gc          ] GC(262) Pause Young (Normal) (G1 Evacuation Pause) 394M->94M(512M) 42.379ms
[2022-06-29T13:06:07.940+0000][9][gc,cpu      ] GC(262) User=0.01s Sys=0.00s Real=0.04s
[2022-06-29T13:06:07.942+0000][9][safepoint   ] Safepoint "G1CollectForAllocation", Time since last: 77104412946 ns, Reaching safepoint: 188398 ns, At safepoint: 45340085 ns, Total: 45528483 ns
[2022-06-29T13:07:18.932+0000][9][safepoint   ] Safepoint "Cleanup", Time since last: 71033216443 ns, Reaching safepoint: 116618 ns, At safepoint: 5238 ns, Total: 121856 ns
[2022-06-29T13:07:20.913+0000][9][safepoint   ] Safepoint "Cleanup", Time since last: 2001982803 ns, Reaching safepoint: 458197 ns, At safepoint: 14649 ns, Total: 472846 ns
[2022-06-29T13:07:33.742+0000][9][gc,start    ] GC(263) Pause Young (Normal) (G1 Evacuation Pause)
[2022-06-29T13:07:33.744+0000][9][gc,task     ] GC(263) Using 4 workers of 4 for evacuation
[2022-06-29T13:07:33.746+0000][9][gc,age      ] GC(263) Desired survivor size 20971520 bytes, new threshold 15 (max threshold 15)
[2022-06-29T13:07:33.754+0000][9][gc,phases   ] GC(263)   Pre Evacuate Collection Set: 0.4ms
[2022-06-29T13:07:33.756+0000][9][gc,phases   ] GC(263)   Merge Heap Roots: 0.3ms
[2022-06-29T13:07:33.758+0000][9][gc,phases   ] GC(263)   Evacuate Collection Set: 4.0ms
[2022-06-29T13:07:33.759+0000][9][gc,phases   ] GC(263)   Post Evacuate Collection Set: 2.5ms
[2022-06-29T13:07:33.760+0000][9][gc,phases   ] GC(263)   Other: 3.4ms
[2022-06-29T13:07:33.760+0000][9][gc,age      ] GC(263) Age table with threshold 15 (max threshold 15)
[2022-06-29T13:07:33.761+0000][9][gc,age      ] GC(263) - age   1:     593472 bytes,     593472 total
[2022-06-29T13:07:33.761+0000][9][gc,age      ] GC(263) - age   2:       1480 bytes,     594952 total
[2022-06-29T13:07:33.762+0000][9][gc,age      ] GC(263) - age   3:        552 bytes,     595504 total
[2022-06-29T13:07:33.763+0000][9][gc,age      ] GC(263) - age   4:        872 bytes,     596376 total
[2022-06-29T13:07:33.764+0000][9][gc,age      ] GC(263) - age   5:        184 bytes,     596560 total
[2022-06-29T13:07:33.764+0000][9][gc,age      ] GC(263) - age   6:        192 bytes,     596752 total
[2022-06-29T13:07:33.765+0000][9][gc,age      ] GC(263) - age   7:        224 bytes,     596976 total
[2022-06-29T13:07:33.766+0000][9][gc,age      ] GC(263) - age   9:       4352 bytes,     601328 total
[2022-06-29T13:07:33.767+0000][9][gc,age      ] GC(263) - age  11:      43112 bytes,     644440 total
[2022-06-29T13:07:33.767+0000][9][gc,age      ] GC(263) - age  12:      76568 bytes,     721008 total
[2022-06-29T13:07:33.769+0000][9][gc,age      ] GC(263) - age  14:     132384 bytes,     853392 total
[2022-06-29T13:07:33.770+0000][9][gc,age      ] GC(263) - age  15:     101096 bytes,     954488 total
[2022-06-29T13:07:33.771+0000][9][gc,heap     ] GC(263) Eden regions: 75->0(75)
[2022-06-29T13:07:33.772+0000][9][gc,heap     ] GC(263) Survivor regions: 1->1(10)
[2022-06-29T13:07:33.773+0000][9][gc,heap     ] GC(263) Old regions: 23->23
[2022-06-29T13:07:33.774+0000][9][gc,heap     ] GC(263) Archive regions: 2->2
[2022-06-29T13:07:33.775+0000][9][gc,heap     ] GC(263) Humongous regions: 0->0
[2022-06-29T13:07:33.775+0000][9][gc,metaspace] GC(263) Metaspace: 130829K(134144K)->130829K(134144K) NonClass: 113760K(115456K)->113760K(115456K) Class: 17068K(18688K)->17068K(18688K)
[2022-06-29T13:07:33.776+0000][9][gc          ] GC(263) Pause Young (Normal) (G1 Evacuation Pause) 394M->93M(512M) 33.942ms
[2022-06-29T13:07:33.777+0000][9][gc,cpu      ] GC(263) User=0.01s Sys=0.00s Real=0.03s
[2022-06-29T13:07:33.778+0000][9][safepoint   ] Safepoint "G1CollectForAllocation", Time since last: 12829110303 ns, Reaching safepoint: 233358 ns, At safepoint: 35857279 ns, Total: 36090637 ns
[2022-06-29T13:08:18.787+0000][9][safepoint   ] Safepoint "Cleanup", Time since last: 45029948947 ns, Reaching safepoint: 343943 ns, At safepoint: 37164 ns, Total: 381107 ns
[2022-06-29T13:09:15.770+0000][9][gc,start    ] GC(264) Pause Young (Normal) (G1 Evacuation Pause)
[2022-06-29T13:09:15.772+0000][9][gc,task     ] GC(264) Using 4 workers of 4 for evacuation
[2022-06-29T13:09:15.774+0000][9][gc,age      ] GC(264) Desired survivor size 20971520 bytes, new threshold 15 (max threshold 15)
[2022-06-29T13:09:15.778+0000][9][gc,phases   ] GC(264)   Pre Evacuate Collection Set: 0.2ms
[2022-06-29T13:09:15.779+0000][9][gc,phases   ] GC(264)   Merge Heap Roots: 0.3ms
[2022-06-29T13:09:15.780+0000][9][gc,phases   ] GC(264)   Evacuate Collection Set: 1.8ms
[2022-06-29T13:09:15.781+0000][9][gc,phases   ] GC(264)   Post Evacuate Collection Set: 1.3ms
[2022-06-29T13:09:15.781+0000][9][gc,phases   ] GC(264)   Other: 2.5ms
[2022-06-29T13:09:15.782+0000][9][gc,age      ] GC(264) Age table with threshold 15 (max threshold 15)
[2022-06-29T13:09:15.783+0000][9][gc,age      ] GC(264) - age   1:     800496 bytes,     800496 total
[2022-06-29T13:09:15.783+0000][9][gc,age      ] GC(264) - age   2:       3600 bytes,     804096 total
[2022-06-29T13:09:15.784+0000][9][gc,age      ] GC(264) - age   3:        368 bytes,     804464 total
[2022-06-29T13:09:15.784+0000][9][gc,age      ] GC(264) - age   4:        328 bytes,     804792 total
[2022-06-29T13:09:15.785+0000][9][gc,age      ] GC(264) - age   5:        576 bytes,     805368 total
[2022-06-29T13:09:15.786+0000][9][gc,age      ] GC(264) - age   6:        184 bytes,     805552 total
[2022-06-29T13:09:15.786+0000][9][gc,age      ] GC(264) - age   7:        192 bytes,     805744 total
[2022-06-29T13:09:15.787+0000][9][gc,age      ] GC(264) - age   8:         16 bytes,     805760 total
[2022-06-29T13:09:15.788+0000][9][gc,age      ] GC(264) - age  10:       4352 bytes,     810112 total
[2022-06-29T13:09:15.790+0000][9][gc,age      ] GC(264) - age  12:      43016 bytes,     853128 total
[2022-06-29T13:09:15.791+0000][9][gc,age      ] GC(264) - age  13:      76568 bytes,     929696 total
[2022-06-29T13:09:15.791+0000][9][gc,age      ] GC(264) - age  15:     132352 bytes,    1062048 total
[2022-06-29T13:09:15.792+0000][9][gc,heap     ] GC(264) Eden regions: 75->0(75)
[2022-06-29T13:09:15.793+0000][9][gc,heap     ] GC(264) Survivor regions: 1->1(10)
[2022-06-29T13:09:15.794+0000][9][gc,heap     ] GC(264) Old regions: 23->23
[2022-06-29T13:09:15.794+0000][9][gc,heap     ] GC(264) Archive regions: 2->2
[2022-06-29T13:09:15.795+0000][9][gc,heap     ] GC(264) Humongous regions: 0->0
[2022-06-29T13:09:15.795+0000][9][gc,metaspace] GC(264) Metaspace: 130830K(134144K)->130830K(134144K) NonClass: 113762K(115456K)->113762K(115456K) Class: 17068K(18688K)->17068K(18688K)
[2022-06-29T13:09:15.796+0000][9][gc          ] GC(264) Pause Young (Normal) (G1 Evacuation Pause) 393M->94M(512M) 26.197ms
[2022-06-29T13:09:15.797+0000][9][gc,cpu      ] GC(264) User=0.01s Sys=0.00s Real=0.03s
[2022-06-29T13:09:15.797+0000][9][safepoint   ] Safepoint "G1CollectForAllocation", Time since last: 57026145600 ns, Reaching safepoint: 103361 ns, At safepoint: 27496402 ns, Total: 27599763 ns
[2022-06-29T13:10:57.660+0000][9][gc,start    ] GC(265) Pause Young (Normal) (G1 Evacuation Pause)
[2022-06-29T13:10:57.666+0000][9][gc,task     ] GC(265) Using 4 workers of 4 for evacuation
[2022-06-29T13:10:57.667+0000][9][gc,age      ] GC(265) Desired survivor size 20971520 bytes, new threshold 15 (max threshold 15)
[2022-06-29T13:10:57.673+0000][9][gc,phases   ] GC(265)   Pre Evacuate Collection Set: 0.3ms
[2022-06-29T13:10:57.674+0000][9][gc,phases   ] GC(265)   Merge Heap Roots: 0.1ms
[2022-06-29T13:10:57.675+0000][9][gc,phases   ] GC(265)   Evacuate Collection Set: 3.7ms
[2022-06-29T13:10:57.676+0000][9][gc,phases   ] GC(265)   Post Evacuate Collection Set: 1.4ms
[2022-06-29T13:10:57.677+0000][9][gc,phases   ] GC(265)   Other: 2.1ms
[2022-06-29T13:10:57.678+0000][9][gc,age      ] GC(265) Age table with threshold 15 (max threshold 15)
[2022-06-29T13:10:57.684+0000][9][gc,age      ] GC(265) - age   1:    1497056 bytes,    1497056 total
[2022-06-29T13:10:57.685+0000][9][gc,age      ] GC(265) - age   2:       1568 bytes,    1498624 total
[2022-06-29T13:10:57.686+0000][9][gc,age      ] GC(265) - age   3:       2680 bytes,    1501304 total
[2022-06-29T13:10:57.687+0000][9][gc,age      ] GC(265) - age   4:        304 bytes,    1501608 total
[2022-06-29T13:10:57.688+0000][9][gc,age      ] GC(265) - age   5:         32 bytes,    1501640 total
[2022-06-29T13:10:57.688+0000][9][gc,age      ] GC(265) - age   6:        576 bytes,    1502216 total
[2022-06-29T13:10:57.689+0000][9][gc,age      ] GC(265) - age   7:        184 bytes,    1502400 total
[2022-06-29T13:10:57.689+0000][9][gc,age      ] GC(265) - age   9:         16 bytes,    1502416 total
[2022-06-29T13:10:57.690+0000][9][gc,age      ] GC(265) - age  11:       4352 bytes,    1506768 total
[2022-06-29T13:10:57.691+0000][9][gc,age      ] GC(265) - age  13:      43016 bytes,    1549784 total
[2022-06-29T13:10:57.691+0000][9][gc,age      ] GC(265) - age  14:      76568 bytes,    1626352 total
[2022-06-29T13:10:57.692+0000][9][gc,heap     ] GC(265) Eden regions: 75->0(75)
[2022-06-29T13:10:57.693+0000][9][gc,heap     ] GC(265) Survivor regions: 1->1(10)
[2022-06-29T13:10:57.693+0000][9][gc,heap     ] GC(265) Old regions: 23->23
[2022-06-29T13:10:57.694+0000][9][gc,heap     ] GC(265) Archive regions: 2->2
[2022-06-29T13:10:57.695+0000][9][gc,heap     ] GC(265) Humongous regions: 0->0
[2022-06-29T13:10:57.697+0000][9][gc,metaspace] GC(265) Metaspace: 130830K(134144K)->130830K(134144K) NonClass: 113762K(115456K)->113762K(115456K) Class: 17068K(18688K)->17068K(18688K)
[2022-06-29T13:10:57.698+0000][9][gc          ] GC(265) Pause Young (Normal) (G1 Evacuation Pause) 394M->94M(512M) 38.442ms
[2022-06-29T13:10:57.699+0000][9][gc,cpu      ] GC(265) User=0.01s Sys=0.01s Real=0.03s
[2022-06-29T13:10:57.699+0000][9][safepoint   ] Safepoint "G1CollectForAllocation", Time since last: 101948744039 ns, Reaching safepoint: 133746 ns, At safepoint: 39589093 ns, Total: 39722839 ns
[2022-06-29T13:12:39.617+0000][9][gc,start    ] GC(266) Pause Young (Normal) (G1 Evacuation Pause)
[2022-06-29T13:12:39.621+0000][9][gc,task     ] GC(266) Using 4 workers of 4 for evacuation
[2022-06-29T13:12:39.622+0000][9][gc,age      ] GC(266) Desired survivor size 20971520 bytes, new threshold 15 (max threshold 15)
[2022-06-29T13:12:39.631+0000][9][gc,phases   ] GC(266)   Pre Evacuate Collection Set: 0.8ms
[2022-06-29T13:12:39.631+0000][9][gc,phases   ] GC(266)   Merge Heap Roots: 0.1ms
[2022-06-29T13:12:39.632+0000][9][gc,phases   ] GC(266)   Evacuate Collection Set: 2.1ms
[2022-06-29T13:12:39.633+0000][9][gc,phases   ] GC(266)   Post Evacuate Collection Set: 1.9ms
[2022-06-29T13:12:39.634+0000][9][gc,phases   ] GC(266)   Other: 4.9ms
[2022-06-29T13:12:39.636+0000][9][gc,age      ] GC(266) Age table with threshold 15 (max threshold 15)
[2022-06-29T13:12:39.637+0000][9][gc,age      ] GC(266) - age   1:     659576 bytes,     659576 total
[2022-06-29T13:12:39.638+0000][9][gc,age      ] GC(266) - age   2:       1680 bytes,     661256 total
[2022-06-29T13:12:39.641+0000][9][gc,age      ] GC(266) - age   3:        736 bytes,     661992 total
[2022-06-29T13:12:39.642+0000][9][gc,age      ] GC(266) - age   4:       2680 bytes,     664672 total
[2022-06-29T13:12:39.643+0000][9][gc,age      ] GC(266) - age   5:        304 bytes,     664976 total
[2022-06-29T13:12:39.644+0000][9][gc,age      ] GC(266) - age   6:         32 bytes,     665008 total
[2022-06-29T13:12:39.645+0000][9][gc,age      ] GC(266) - age   7:        576 bytes,     665584 total
[2022-06-29T13:12:39.646+0000][9][gc,age      ] GC(266) - age  10:         16 bytes,     665600 total
[2022-06-29T13:12:39.647+0000][9][gc,age      ] GC(266) - age  12:       4352 bytes,     669952 total
[2022-06-29T13:12:39.648+0000][9][gc,age      ] GC(266) - age  14:      43016 bytes,     712968 total
[2022-06-29T13:12:39.648+0000][9][gc,age      ] GC(266) - age  15:      76568 bytes,     789536 total
[2022-06-29T13:12:39.649+0000][9][gc,heap     ] GC(266) Eden regions: 75->0(75)
[2022-06-29T13:12:39.650+0000][9][gc,heap     ] GC(266) Survivor regions: 1->1(10)
[2022-06-29T13:12:39.651+0000][9][gc,heap     ] GC(266) Old regions: 23->23
[2022-06-29T13:12:39.652+0000][9][gc,heap     ] GC(266) Archive regions: 2->2
[2022-06-29T13:12:39.653+0000][9][gc,heap     ] GC(266) Humongous regions: 0->0
[2022-06-29T13:12:39.654+0000][9][gc,metaspace] GC(266) Metaspace: 130830K(134144K)->130830K(134144K) NonClass: 113762K(115456K)->113762K(115456K) Class: 17068K(18688K)->17068K(18688K)
[2022-06-29T13:12:39.664+0000][9][gc          ] GC(266) Pause Young (Normal) (G1 Evacuation Pause) 394M->94M(512M) 46.708ms
[2022-06-29T13:12:39.665+0000][9][gc,cpu      ] GC(266) User=0.01s Sys=0.01s Real=0.05s
[2022-06-29T13:12:39.666+0000][9][safepoint   ] Safepoint "G1CollectForAllocation", Time since last: 101982936397 ns, Reaching safepoint: 136015 ns, At safepoint: 48803003 ns, Total: 48939018 ns
[2022-06-29T13:13:13.671+0000][9][safepoint   ] Safepoint "Cleanup", Time since last: 34025882791 ns, Reaching safepoint: 151598 ns, At safepoint: 8138 ns, Total: 159736 ns
[2022-06-29T13:14:06.596+0000][9][gc,start    ] GC(267) Pause Young (Normal) (G1 Evacuation Pause)
[2022-06-29T13:14:06.599+0000][9][gc,task     ] GC(267) Using 4 workers of 4 for evacuation
[2022-06-29T13:14:06.600+0000][9][gc,age      ] GC(267) Desired survivor size 20971520 bytes, new threshold 15 (max threshold 15)
[2022-06-29T13:14:06.607+0000][9][gc,phases   ] GC(267)   Pre Evacuate Collection Set: 0.2ms
[2022-06-29T13:14:06.608+0000][9][gc,phases   ] GC(267)   Merge Heap Roots: 0.1ms
[2022-06-29T13:14:06.609+0000][9][gc,phases   ] GC(267)   Evacuate Collection Set: 3.3ms
[2022-06-29T13:14:06.609+0000][9][gc,phases   ] GC(267)   Post Evacuate Collection Set: 1.7ms
[2022-06-29T13:14:06.611+0000][9][gc,phases   ] GC(267)   Other: 2.8ms
[2022-06-29T13:14:06.612+0000][9][gc,age      ] GC(267) Age table with threshold 15 (max threshold 15)
[2022-06-29T13:14:06.616+0000][9][gc,age      ] GC(267) - age   1:    1354192 bytes,    1354192 total
[2022-06-29T13:14:06.618+0000][9][gc,age      ] GC(267) - age   2:       1504 bytes,    1355696 total
[2022-06-29T13:14:06.619+0000][9][gc,age      ] GC(267) - age   3:        376 bytes,    1356072 total
[2022-06-29T13:14:06.621+0000][9][gc,age      ] GC(267) - age   4:        216 bytes,    1356288 total
[2022-06-29T13:14:06.622+0000][9][gc,age      ] GC(267) - age   5:       2680 bytes,    1358968 total
[2022-06-29T13:14:06.622+0000][9][gc,age      ] GC(267) - age   6:        304 bytes,    1359272 total
[2022-06-29T13:14:06.623+0000][9][gc,age      ] GC(267) - age   7:         32 bytes,    1359304 total
[2022-06-29T13:14:06.624+0000][9][gc,age      ] GC(267) - age   8:        576 bytes,    1359880 total
[2022-06-29T13:14:06.626+0000][9][gc,age      ] GC(267) - age  11:         16 bytes,    1359896 total
[2022-06-29T13:14:06.626+0000][9][gc,age      ] GC(267) - age  13:       4352 bytes,    1364248 total
[2022-06-29T13:14:06.628+0000][9][gc,age      ] GC(267) - age  15:      42632 bytes,    1406880 total
[2022-06-29T13:14:06.629+0000][9][gc,heap     ] GC(267) Eden regions: 75->0(75)
[2022-06-29T13:14:06.632+0000][9][gc,heap     ] GC(267) Survivor regions: 1->1(10)
[2022-06-29T13:14:06.635+0000][9][gc,heap     ] GC(267) Old regions: 23->23
[2022-06-29T13:14:06.641+0000][9][gc,heap     ] GC(267) Archive regions: 2->2
[2022-06-29T13:14:06.646+0000][9][gc,heap     ] GC(267) Humongous regions: 0->0
[2022-06-29T13:14:06.652+0000][9][gc,metaspace] GC(267) Metaspace: 130830K(134144K)->130830K(134144K) NonClass: 113762K(115456K)->113762K(115456K) Class: 17068K(18688K)->17068K(18688K)
[2022-06-29T13:14:06.657+0000][9][gc          ] GC(267) Pause Young (Normal) (G1 Evacuation Pause) 394M->94M(512M) 61.536ms
[2022-06-29T13:14:06.664+0000][9][gc,cpu      ] GC(267) User=0.02s Sys=0.00s Real=0.07s
[2022-06-29T13:14:06.671+0000][9][safepoint   ] Safepoint "G1CollectForAllocation", Time since last: 52968092733 ns, Reaching safepoint: 206523 ns, At safepoint: 75369219 ns, Total: 75575742 ns
[2022-06-29T13:15:33.559+0000][9][gc,start    ] GC(268) Pause Young (Normal) (G1 Evacuation Pause)
[2022-06-29T13:15:33.561+0000][9][gc,task     ] GC(268) Using 4 workers of 4 for evacuation
[2022-06-29T13:15:33.562+0000][9][gc,age      ] GC(268) Desired survivor size 20971520 bytes, new threshold 15 (max threshold 15)
[2022-06-29T13:15:33.568+0000][9][gc,phases   ] GC(268)   Pre Evacuate Collection Set: 0.2ms
[2022-06-29T13:15:33.569+0000][9][gc,phases   ] GC(268)   Merge Heap Roots: 0.0ms
[2022-06-29T13:15:33.570+0000][9][gc,phases   ] GC(268)   Evacuate Collection Set: 2.9ms
[2022-06-29T13:15:33.571+0000][9][gc,phases   ] GC(268)   Post Evacuate Collection Set: 1.3ms
[2022-06-29T13:15:33.572+0000][9][gc,phases   ] GC(268)   Other: 2.5ms
[2022-06-29T13:15:33.573+0000][9][gc,age      ] GC(268) Age table with threshold 15 (max threshold 15)
[2022-06-29T13:15:33.574+0000][9][gc,age      ] GC(268) - age   1:     988680 bytes,     988680 total
[2022-06-29T13:15:33.575+0000][9][gc,age      ] GC(268) - age   2:       2360 bytes,     991040 total
[2022-06-29T13:15:33.575+0000][9][gc,age      ] GC(268) - age   3:        480 bytes,     991520 total
[2022-06-29T13:15:33.576+0000][9][gc,age      ] GC(268) - age   4:        376 bytes,     991896 total
[2022-06-29T13:15:33.577+0000][9][gc,age      ] GC(268) - age   5:        216 bytes,     992112 total
[2022-06-29T13:15:33.578+0000][9][gc,age      ] GC(268) - age   6:       2680 bytes,     994792 total
[2022-06-29T13:15:33.578+0000][9][gc,age      ] GC(268) - age   7:        304 bytes,     995096 total
[2022-06-29T13:15:33.579+0000][9][gc,age      ] GC(268) - age   8:         32 bytes,     995128 total
[2022-06-29T13:15:33.580+0000][9][gc,age      ] GC(268) - age   9:        576 bytes,     995704 total
[2022-06-29T13:15:33.581+0000][9][gc,age      ] GC(268) - age  12:         16 bytes,     995720 total
[2022-06-29T13:15:33.582+0000][9][gc,age      ] GC(268) - age  14:       4352 bytes,    1000072 total
[2022-06-29T13:15:33.583+0000][9][gc,heap     ] GC(268) Eden regions: 75->0(75)
[2022-06-29T13:15:33.585+0000][9][gc,heap     ] GC(268) Survivor regions: 1->1(10)
[2022-06-29T13:15:33.587+0000][9][gc,heap     ] GC(268) Old regions: 23->23
[2022-06-29T13:15:33.590+0000][9][gc,heap     ] GC(268) Archive regions: 2->2
[2022-06-29T13:15:33.591+0000][9][gc,heap     ] GC(268) Humongous regions: 0->0
[2022-06-29T13:15:33.591+0000][9][gc,metaspace] GC(268) Metaspace: 130830K(134144K)->130830K(134144K) NonClass: 113762K(115456K)->113762K(115456K) Class: 17068K(18688K)->17068K(18688K)
[2022-06-29T13:15:33.592+0000][9][gc          ] GC(268) Pause Young (Normal) (G1 Evacuation Pause) 394M->94M(512M) 33.313ms
[2022-06-29T13:15:33.593+0000][9][gc,cpu      ] GC(268) User=0.02s Sys=0.00s Real=0.03s
[2022-06-29T13:15:33.594+0000][9][safepoint   ] Safepoint "G1CollectForAllocation", Time since last: 86951778482 ns, Reaching safepoint: 114197 ns, At safepoint: 35311824 ns, Total: 35426021 ns
[2022-06-29T13:17:16.365+0000][9][gc,start    ] GC(269) Pause Young (Normal) (G1 Evacuation Pause)
[2022-06-29T13:17:16.366+0000][9][gc,task     ] GC(269) Using 4 workers of 4 for evacuation
[2022-06-29T13:17:16.367+0000][9][gc,age      ] GC(269) Desired survivor size 20971520 bytes, new threshold 15 (max threshold 15)
[2022-06-29T13:17:16.373+0000][9][gc,phases   ] GC(269)   Pre Evacuate Collection Set: 0.1ms
[2022-06-29T13:17:16.374+0000][9][gc,phases   ] GC(269)   Merge Heap Roots: 0.1ms
[2022-06-29T13:17:16.375+0000][9][gc,phases   ] GC(269)   Evacuate Collection Set: 3.8ms
[2022-06-29T13:17:16.375+0000][9][gc,phases   ] GC(269)   Post Evacuate Collection Set: 1.4ms
[2022-06-29T13:17:16.377+0000][9][gc,phases   ] GC(269)   Other: 1.5ms
[2022-06-29T13:17:16.377+0000][9][gc,age      ] GC(269) Age table with threshold 15 (max threshold 15)
[2022-06-29T13:17:16.378+0000][9][gc,age      ] GC(269) - age   1:    1498472 bytes,    1498472 total
[2022-06-29T13:17:16.379+0000][9][gc,age      ] GC(269) - age   2:       1648 bytes,    1500120 total
[2022-06-29T13:17:16.379+0000][9][gc,age      ] GC(269) - age   3:        664 bytes,    1500784 total
[2022-06-29T13:17:16.380+0000][9][gc,age      ] GC(269) - age   4:        480 bytes,    1501264 total
[2022-06-29T13:17:16.380+0000][9][gc,age      ] GC(269) - age   5:        376 bytes,    1501640 total
[2022-06-29T13:17:16.381+0000][9][gc,age      ] GC(269) - age   6:        216 bytes,    1501856 total
[2022-06-29T13:17:16.382+0000][9][gc,age      ] GC(269) - age   7:       2680 bytes,    1504536 total
[2022-06-29T13:17:16.382+0000][9][gc,age      ] GC(269) - age   8:        304 bytes,    1504840 total
[2022-06-29T13:17:16.383+0000][9][gc,age      ] GC(269) - age   9:         32 bytes,    1504872 total
[2022-06-29T13:17:16.384+0000][9][gc,age      ] GC(269) - age  10:        576 bytes,    1505448 total
[2022-06-29T13:17:16.384+0000][9][gc,age      ] GC(269) - age  13:         16 bytes,    1505464 total
[2022-06-29T13:17:16.385+0000][9][gc,age      ] GC(269) - age  15:       4352 bytes,    1509816 total
[2022-06-29T13:17:16.385+0000][9][gc,heap     ] GC(269) Eden regions: 75->0(75)
[2022-06-29T13:17:16.386+0000][9][gc,heap     ] GC(269) Survivor regions: 1->1(10)
[2022-06-29T13:17:16.386+0000][9][gc,heap     ] GC(269) Old regions: 23->23
[2022-06-29T13:17:16.387+0000][9][gc,heap     ] GC(269) Archive regions: 2->2
[2022-06-29T13:17:16.388+0000][9][gc,heap     ] GC(269) Humongous regions: 0->0
[2022-06-29T13:17:16.389+0000][9][gc,metaspace] GC(269) Metaspace: 130830K(134144K)->130830K(134144K) NonClass: 113762K(115456K)->113762K(115456K) Class: 17068K(18688K)->17068K(18688K)
[2022-06-29T13:17:16.389+0000][9][gc          ] GC(269) Pause Young (Normal) (G1 Evacuation Pause) 394M->94M(512M) 24.379ms
[2022-06-29T13:17:16.390+0000][9][gc,cpu      ] GC(269) User=0.01s Sys=0.00s Real=0.03s
[2022-06-29T13:17:16.391+0000][9][safepoint   ] Safepoint "G1CollectForAllocation", Time since last: 102836297380 ns, Reaching safepoint: 176434 ns, At safepoint: 25782437 ns, Total: 25958871 ns
[2022-06-29T13:18:56.391+0000][9][safepoint   ] Safepoint "Cleanup", Time since last: 100086382024 ns, Reaching safepoint: 354787 ns, At safepoint: 4842 ns, Total: 359629 ns
[2022-06-29T13:18:59.933+0000][9][gc,start    ] GC(270) Pause Young (Normal) (G1 Evacuation Pause)
[2022-06-29T13:18:59.936+0000][9][gc,task     ] GC(270) Using 4 workers of 4 for evacuation
[2022-06-29T13:18:59.937+0000][9][gc,age      ] GC(270) Desired survivor size 20971520 bytes, new threshold 15 (max threshold 15)
[2022-06-29T13:18:59.979+0000][9][gc,phases   ] GC(270)   Pre Evacuate Collection Set: 1.1ms
[2022-06-29T13:18:59.980+0000][9][gc,phases   ] GC(270)   Merge Heap Roots: 1.6ms
[2022-06-29T13:18:59.981+0000][9][gc,phases   ] GC(270)   Evacuate Collection Set: 23.8ms
[2022-06-29T13:18:59.983+0000][9][gc,phases   ] GC(270)   Post Evacuate Collection Set: 12.7ms
[2022-06-29T13:18:59.990+0000][9][gc,phases   ] GC(270)   Other: 4.1ms
[2022-06-29T13:18:59.992+0000][9][gc,age      ] GC(270) Age table with threshold 15 (max threshold 15)
[2022-06-29T13:18:59.993+0000][9][gc,age      ] GC(270) - age   1:    1556008 bytes,    1556008 total
[2022-06-29T13:18:59.995+0000][9][gc,age      ] GC(270) - age   2:      22552 bytes,    1578560 total
[2022-06-29T13:18:59.996+0000][9][gc,age      ] GC(270) - age   3:        440 bytes,    1579000 total
[2022-06-29T13:18:59.997+0000][9][gc,age      ] GC(270) - age   4:        568 bytes,    1579568 total
[2022-06-29T13:19:00.001+0000][9][gc,age      ] GC(270) - age   5:        184 bytes,    1579752 total
[2022-06-29T13:19:00.004+0000][9][gc,age      ] GC(270) - age   6:        376 bytes,    1580128 total
[2022-06-29T13:19:00.008+0000][9][gc,age      ] GC(270) - age   7:         32 bytes,    1580160 total
[2022-06-29T13:19:00.009+0000][9][gc,age      ] GC(270) - age   8:       1144 bytes,    1581304 total
[2022-06-29T13:19:00.011+0000][9][gc,age      ] GC(270) - age   9:        304 bytes,    1581608 total
[2022-06-29T13:19:00.012+0000][9][gc,age      ] GC(270) - age  10:         32 bytes,    1581640 total
[2022-06-29T13:19:00.012+0000][9][gc,age      ] GC(270) - age  11:        184 bytes,    1581824 total
[2022-06-29T13:19:00.013+0000][9][gc,age      ] GC(270) - age  14:         16 bytes,    1581840 total
[2022-06-29T13:19:00.014+0000][9][gc,heap     ] GC(270) Eden regions: 75->0(75)
[2022-06-29T13:19:00.014+0000][9][gc,heap     ] GC(270) Survivor regions: 1->1(10)
[2022-06-29T13:19:00.015+0000][9][gc,heap     ] GC(270) Old regions: 23->23
[2022-06-29T13:19:00.016+0000][9][gc,heap     ] GC(270) Archive regions: 2->2
[2022-06-29T13:19:00.016+0000][9][gc,heap     ] GC(270) Humongous regions: 0->0
[2022-06-29T13:19:00.017+0000][9][gc,metaspace] GC(270) Metaspace: 130834K(134144K)->130834K(134144K) NonClass: 113765K(115456K)->113765K(115456K) Class: 17068K(18688K)->17068K(18688K)
[2022-06-29T13:19:00.018+0000][9][gc          ] GC(270) Pause Young (Normal) (G1 Evacuation Pause) 394M->94M(512M) 85.297ms
[2022-06-29T13:19:00.019+0000][9][gc,cpu      ] GC(270) User=0.10s Sys=0.01s Real=0.09s
[2022-06-29T13:19:00.019+0000][9][safepoint   ] Safepoint "G1CollectForAllocation", Time since last: 3541324286 ns, Reaching safepoint: 99899 ns, At safepoint: 86868957 ns, Total: 86968856 ns
[2022-06-29T13:20:41.266+0000][9][gc,start    ] GC(271) Pause Young (Normal) (G1 Evacuation Pause)
[2022-06-29T13:20:41.270+0000][9][gc,task     ] GC(271) Using 4 workers of 4 for evacuation
[2022-06-29T13:20:41.271+0000][9][gc,age      ] GC(271) Desired survivor size 20971520 bytes, new threshold 15 (max threshold 15)
[2022-06-29T13:20:41.278+0000][9][gc,phases   ] GC(271)   Pre Evacuate Collection Set: 0.3ms
[2022-06-29T13:20:41.279+0000][9][gc,phases   ] GC(271)   Merge Heap Roots: 0.2ms
[2022-06-29T13:20:41.280+0000][9][gc,phases   ] GC(271)   Evacuate Collection Set: 4.5ms
[2022-06-29T13:20:41.280+0000][9][gc,phases   ] GC(271)   Post Evacuate Collection Set: 1.4ms
[2022-06-29T13:20:41.281+0000][9][gc,phases   ] GC(271)   Other: 2.0ms
[2022-06-29T13:20:41.281+0000][9][gc,age      ] GC(271) Age table with threshold 15 (max threshold 15)
[2022-06-29T13:20:41.282+0000][9][gc,age      ] GC(271) - age   1:     719128 bytes,     719128 total
[2022-06-29T13:20:41.282+0000][9][gc,age      ] GC(271) - age   2:       9336 bytes,     728464 total
[2022-06-29T13:20:41.283+0000][9][gc,age      ] GC(271) - age   3:      21336 bytes,     749800 total
[2022-06-29T13:20:41.284+0000][9][gc,age      ] GC(271) - age   5:        568 bytes,     750368 total
[2022-06-29T13:20:41.285+0000][9][gc,age      ] GC(271) - age   6:        184 bytes,     750552 total
[2022-06-29T13:20:41.285+0000][9][gc,age      ] GC(271) - age   7:        184 bytes,     750736 total
[2022-06-29T13:20:41.286+0000][9][gc,age      ] GC(271) - age   8:         32 bytes,     750768 total
[2022-06-29T13:20:41.287+0000][9][gc,age      ] GC(271) - age   9:       1144 bytes,     751912 total
[2022-06-29T13:20:41.287+0000][9][gc,age      ] GC(271) - age  10:        272 bytes,     752184 total
[2022-06-29T13:20:41.288+0000][9][gc,age      ] GC(271) - age  11:         32 bytes,     752216 total
[2022-06-29T13:20:41.289+0000][9][gc,age      ] GC(271) - age  12:        184 bytes,     752400 total
[2022-06-29T13:20:41.289+0000][9][gc,age      ] GC(271) - age  15:         16 bytes,     752416 total
[2022-06-29T13:20:41.291+0000][9][gc,heap     ] GC(271) Eden regions: 75->0(75)
[2022-06-29T13:20:41.292+0000][9][gc,heap     ] GC(271) Survivor regions: 1->1(10)
[2022-06-29T13:20:41.293+0000][9][gc,heap     ] GC(271) Old regions: 23->23
[2022-06-29T13:20:41.293+0000][9][gc,heap     ] GC(271) Archive regions: 2->2
[2022-06-29T13:20:41.294+0000][9][gc,heap     ] GC(271) Humongous regions: 0->0
[2022-06-29T13:20:41.294+0000][9][gc,metaspace] GC(271) Metaspace: 130834K(134144K)->130834K(134144K) NonClass: 113765K(115456K)->113765K(115456K) Class: 17068K(18688K)->17068K(18688K)
[2022-06-29T13:20:41.295+0000][9][gc          ] GC(271) Pause Young (Normal) (G1 Evacuation Pause) 394M->94M(512M) 28.633ms
[2022-06-29T13:20:41.296+0000][9][gc,cpu      ] GC(271) User=0.01s Sys=0.01s Real=0.03s
[2022-06-29T13:20:41.297+0000][9][safepoint   ] Safepoint "G1CollectForAllocation", Time since last: 101310104415 ns, Reaching safepoint: 126953 ns, At safepoint: 30309212 ns, Total: 30436165 ns
[2022-06-29T13:21:18.302+0000][9][safepoint   ] Safepoint "Cleanup", Time since last: 37027359115 ns, Reaching safepoint: 336820 ns, At safepoint: 24507 ns, Total: 361327 ns
[2022-06-29T13:21:21.284+0000][9][safepoint   ] Safepoint "Cleanup", Time since last: 3006040587 ns, Reaching safepoint: 276175 ns, At safepoint: 17684 ns, Total: 293859 ns
[2022-06-29T13:22:18.324+0000][9][safepoint   ] Safepoint "Cleanup", Time since last: 57059996285 ns, Reaching safepoint: 300863 ns, At safepoint: 28424 ns, Total: 329287 ns
[2022-06-29T13:22:28.875+0000][9][gc,start    ] GC(272) Pause Young (Normal) (G1 Evacuation Pause)
[2022-06-29T13:22:28.880+0000][9][gc,task     ] GC(272) Using 4 workers of 4 for evacuation
[2022-06-29T13:22:28.881+0000][9][gc,age      ] GC(272) Desired survivor size 20971520 bytes, new threshold 15 (max threshold 15)
[2022-06-29T13:22:28.887+0000][9][gc,phases   ] GC(272)   Pre Evacuate Collection Set: 0.1ms
[2022-06-29T13:22:28.888+0000][9][gc,phases   ] GC(272)   Merge Heap Roots: 0.1ms
[2022-06-29T13:22:28.889+0000][9][gc,phases   ] GC(272)   Evacuate Collection Set: 2.4ms
[2022-06-29T13:22:28.890+0000][9][gc,phases   ] GC(272)   Post Evacuate Collection Set: 1.3ms
[2022-06-29T13:22:28.891+0000][9][gc,phases   ] GC(272)   Other: 2.3ms
[2022-06-29T13:22:28.894+0000][9][gc,age      ] GC(272) Age table with threshold 15 (max threshold 15)
[2022-06-29T13:22:28.896+0000][9][gc,age      ] GC(272) - age   1:     731136 bytes,     731136 total
[2022-06-29T13:22:28.897+0000][9][gc,age      ] GC(272) - age   2:      11152 bytes,     742288 total
[2022-06-29T13:22:28.899+0000][9][gc,age      ] GC(272) - age   3:       7696 bytes,     749984 total
[2022-06-29T13:22:28.901+0000][9][gc,age      ] GC(272) - age   4:      20848 bytes,     770832 total
[2022-06-29T13:22:28.905+0000][9][gc,age      ] GC(272) - age   6:        568 bytes,     771400 total
[2022-06-29T13:22:28.906+0000][9][gc,age      ] GC(272) - age   8:        184 bytes,     771584 total
[2022-06-29T13:22:28.908+0000][9][gc,age      ] GC(272) - age   9:         32 bytes,     771616 total
[2022-06-29T13:22:28.909+0000][9][gc,age      ] GC(272) - age  10:       1144 bytes,     772760 total
[2022-06-29T13:22:28.912+0000][9][gc,age      ] GC(272) - age  11:        272 bytes,     773032 total
[2022-06-29T13:22:28.914+0000][9][gc,age      ] GC(272) - age  12:         32 bytes,     773064 total
[2022-06-29T13:22:28.915+0000][9][gc,age      ] GC(272) - age  13:        184 bytes,     773248 total
[2022-06-29T13:22:28.916+0000][9][gc,heap     ] GC(272) Eden regions: 75->0(75)
[2022-06-29T13:22:28.917+0000][9][gc,heap     ] GC(272) Survivor regions: 1->1(10)
[2022-06-29T13:22:28.918+0000][9][gc,heap     ] GC(272) Old regions: 23->23
[2022-06-29T13:22:28.919+0000][9][gc,heap     ] GC(272) Archive regions: 2->2
[2022-06-29T13:22:28.920+0000][9][gc,heap     ] GC(272) Humongous regions: 0->0
[2022-06-29T13:22:28.921+0000][9][gc,metaspace] GC(272) Metaspace: 130834K(134144K)->130834K(134144K) NonClass: 113765K(115456K)->113765K(115456K) Class: 17068K(18688K)->17068K(18688K)
[2022-06-29T13:22:28.921+0000][9][gc          ] GC(272) Pause Young (Normal) (G1 Evacuation Pause) 394M->94M(512M) 46.243ms
[2022-06-29T13:22:28.922+0000][9][gc,cpu      ] GC(272) User=0.01s Sys=0.01s Real=0.05s
[2022-06-29T13:22:28.923+0000][9][safepoint   ] Safepoint "G1CollectForAllocation", Time since last: 10572345208 ns, Reaching safepoint: 123111 ns, At safepoint: 47623788 ns, Total: 47746899 ns
[2022-06-29T13:22:35.927+0000][9][safepoint   ] Safepoint "Cleanup", Time since last: 7003948905 ns, Reaching safepoint: 128435 ns, At safepoint: 6078 ns, Total: 134513 ns
[2022-06-29T13:24:07.950+0000][9][safepoint   ] Safepoint "Cleanup", Time since last: 92086685087 ns, Reaching safepoint: 927690 ns, At safepoint: 68632 ns, Total: 996322 ns
[2022-06-29T13:24:13.810+0000][9][gc,start    ] GC(273) Pause Young (Normal) (G1 Evacuation Pause)
[2022-06-29T13:24:13.812+0000][9][gc,task     ] GC(273) Using 4 workers of 4 for evacuation
[2022-06-29T13:24:13.813+0000][9][gc,age      ] GC(273) Desired survivor size 20971520 bytes, new threshold 15 (max threshold 15)
[2022-06-29T13:24:13.823+0000][9][gc,phases   ] GC(273)   Pre Evacuate Collection Set: 0.3ms
[2022-06-29T13:24:13.826+0000][9][gc,phases   ] GC(273)   Merge Heap Roots: 0.1ms
[2022-06-29T13:24:13.827+0000][9][gc,phases   ] GC(273)   Evacuate Collection Set: 5.9ms
[2022-06-29T13:24:13.827+0000][9][gc,phases   ] GC(273)   Post Evacuate Collection Set: 2.1ms
[2022-06-29T13:24:13.828+0000][9][gc,phases   ] GC(273)   Other: 2.5ms
[2022-06-29T13:24:13.830+0000][9][gc,age      ] GC(273) Age table with threshold 15 (max threshold 15)
[2022-06-29T13:24:13.833+0000][9][gc,age      ] GC(273) - age   1:    1113912 bytes,    1113912 total
[2022-06-29T13:24:13.834+0000][9][gc,age      ] GC(273) - age   2:       8776 bytes,    1122688 total
[2022-06-29T13:24:13.835+0000][9][gc,age      ] GC(273) - age   3:       2312 bytes,    1125000 total
[2022-06-29T13:24:13.835+0000][9][gc,age      ] GC(273) - age   4:       7472 bytes,    1132472 total
[2022-06-29T13:24:13.836+0000][9][gc,age      ] GC(273) - age   5:      20784 bytes,    1153256 total
[2022-06-29T13:24:13.837+0000][9][gc,age      ] GC(273) - age   7:        568 bytes,    1153824 total
[2022-06-29T13:24:13.838+0000][9][gc,age      ] GC(273) - age   9:        184 bytes,    1154008 total
[2022-06-29T13:24:13.839+0000][9][gc,age      ] GC(273) - age  10:         32 bytes,    1154040 total
[2022-06-29T13:24:13.840+0000][9][gc,age      ] GC(273) - age  11:       1144 bytes,    1155184 total
[2022-06-29T13:24:13.840+0000][9][gc,age      ] GC(273) - age  12:        272 bytes,    1155456 total
[2022-06-29T13:24:13.841+0000][9][gc,age      ] GC(273) - age  13:         32 bytes,    1155488 total
[2022-06-29T13:24:13.842+0000][9][gc,heap     ] GC(273) Eden regions: 75->0(75)
[2022-06-29T13:24:13.842+0000][9][gc,heap     ] GC(273) Survivor regions: 1->1(10)
[2022-06-29T13:24:13.843+0000][9][gc,heap     ] GC(273) Old regions: 23->23
[2022-06-29T13:24:13.844+0000][9][gc,heap     ] GC(273) Archive regions: 2->2
[2022-06-29T13:24:13.844+0000][9][gc,heap     ] GC(273) Humongous regions: 0->0
[2022-06-29T13:24:13.845+0000][9][gc,metaspace] GC(273) Metaspace: 130834K(134144K)->130834K(134144K) NonClass: 113765K(115456K)->113765K(115456K) Class: 17068K(18688K)->17068K(18688K)
[2022-06-29T13:24:13.847+0000][9][gc          ] GC(273) Pause Young (Normal) (G1 Evacuation Pause) 394M->94M(512M) 37.240ms
[2022-06-29T13:24:13.848+0000][9][gc,cpu      ] GC(273) User=0.02s Sys=0.00s Real=0.04s
[2022-06-29T13:24:13.849+0000][9][safepoint   ] Safepoint "G1CollectForAllocation", Time since last: 5859750373 ns, Reaching safepoint: 95085 ns, At safepoint: 38653921 ns, Total: 38749006 ns
[2022-06-29T13:25:58.789+0000][9][gc,start    ] GC(274) Pause Young (Normal) (G1 Evacuation Pause)
[2022-06-29T13:25:58.791+0000][9][gc,task     ] GC(274) Using 4 workers of 4 for evacuation
[2022-06-29T13:25:58.791+0000][9][gc,age      ] GC(274) Desired survivor size 20971520 bytes, new threshold 15 (max threshold 15)
[2022-06-29T13:25:58.796+0000][9][gc,phases   ] GC(274)   Pre Evacuate Collection Set: 0.2ms
[2022-06-29T13:25:58.797+0000][9][gc,phases   ] GC(274)   Merge Heap Roots: 0.2ms
[2022-06-29T13:25:58.798+0000][9][gc,phases   ] GC(274)   Evacuate Collection Set: 2.1ms
[2022-06-29T13:25:58.799+0000][9][gc,phases   ] GC(274)   Post Evacuate Collection Set: 1.4ms
[2022-06-29T13:25:58.799+0000][9][gc,phases   ] GC(274)   Other: 1.5ms
[2022-06-29T13:25:58.800+0000][9][gc,age      ] GC(274) Age table with threshold 15 (max threshold 15)
[2022-06-29T13:25:58.801+0000][9][gc,age      ] GC(274) - age   1:    1229928 bytes,    1229928 total
[2022-06-29T13:25:58.801+0000][9][gc,age      ] GC(274) - age   2:       2168 bytes,    1232096 total
[2022-06-29T13:25:58.802+0000][9][gc,age      ] GC(274) - age   3:        312 bytes,    1232408 total
[2022-06-29T13:25:58.803+0000][9][gc,age      ] GC(274) - age   4:       2224 bytes,    1234632 total
[2022-06-29T13:25:58.804+0000][9][gc,age      ] GC(274) - age   5:       6992 bytes,    1241624 total
[2022-06-29T13:25:58.804+0000][9][gc,age      ] GC(274) - age   6:      20784 bytes,    1262408 total
[2022-06-29T13:25:58.805+0000][9][gc,age      ] GC(274) - age   8:        568 bytes,    1262976 total
[2022-06-29T13:25:58.805+0000][9][gc,age      ] GC(274) - age  10:        184 bytes,    1263160 total
[2022-06-29T13:25:58.806+0000][9][gc,age      ] GC(274) - age  11:         32 bytes,    1263192 total
[2022-06-29T13:25:58.806+0000][9][gc,age      ] GC(274) - age  12:       1144 bytes,    1264336 total
[2022-06-29T13:25:58.807+0000][9][gc,age      ] GC(274) - age  13:        272 bytes,    1264608 total
[2022-06-29T13:25:58.808+0000][9][gc,age      ] GC(274) - age  14:         32 bytes,    1264640 total
[2022-06-29T13:25:58.808+0000][9][gc,heap     ] GC(274) Eden regions: 75->0(75)
[2022-06-29T13:25:58.809+0000][9][gc,heap     ] GC(274) Survivor regions: 1->1(10)
[2022-06-29T13:25:58.810+0000][9][gc,heap     ] GC(274) Old regions: 23->23
[2022-06-29T13:25:58.814+0000][9][gc,heap     ] GC(274) Archive regions: 2->2
[2022-06-29T13:25:58.815+0000][9][gc,heap     ] GC(274) Humongous regions: 0->0
[2022-06-29T13:25:58.816+0000][9][gc,metaspace] GC(274) Metaspace: 130834K(134144K)->130834K(134144K) NonClass: 113765K(115456K)->113765K(115456K) Class: 17068K(18688K)->17068K(18688K)
[2022-06-29T13:25:58.817+0000][9][gc          ] GC(274) Pause Young (Normal) (G1 Evacuation Pause) 394M->94M(512M) 28.116ms
[2022-06-29T13:25:58.818+0000][9][gc,cpu      ] GC(274) User=0.01s Sys=0.00s Real=0.03s
[2022-06-29T13:25:58.825+0000][9][safepoint   ] Safepoint "G1CollectForAllocation", Time since last: 105026986014 ns, Reaching safepoint: 152816 ns, At safepoint: 35740636 ns, Total: 35893452 ns
[2022-06-29T13:27:43.796+0000][9][gc,start    ] GC(275) Pause Young (Normal) (G1 Evacuation Pause)
[2022-06-29T13:27:43.798+0000][9][gc,task     ] GC(275) Using 4 workers of 4 for evacuation
[2022-06-29T13:27:43.803+0000][9][gc,age      ] GC(275) Desired survivor size 20971520 bytes, new threshold 15 (max threshold 15)
[2022-06-29T13:27:43.821+0000][9][gc,phases   ] GC(275)   Pre Evacuate Collection Set: 0.4ms
[2022-06-29T13:27:43.825+0000][9][gc,phases   ] GC(275)   Merge Heap Roots: 0.2ms
[2022-06-29T13:27:43.827+0000][9][gc,phases   ] GC(275)   Evacuate Collection Set: 10.1ms
[2022-06-29T13:27:43.829+0000][9][gc,phases   ] GC(275)   Post Evacuate Collection Set: 4.6ms
[2022-06-29T13:27:43.830+0000][9][gc,phases   ] GC(275)   Other: 7.7ms
[2022-06-29T13:27:43.833+0000][9][gc,age      ] GC(275) Age table with threshold 15 (max threshold 15)
[2022-06-29T13:27:43.834+0000][9][gc,age      ] GC(275) - age   1:    1713816 bytes,    1713816 total
[2022-06-29T13:27:43.836+0000][9][gc,age      ] GC(275) - age   2:       9512 bytes,    1723328 total
[2022-06-29T13:27:43.839+0000][9][gc,age      ] GC(275) - age   3:        696 bytes,    1724024 total
[2022-06-29T13:27:43.843+0000][9][gc,age      ] GC(275) - age   4:        184 bytes,    1724208 total
[2022-06-29T13:27:43.845+0000][9][gc,age      ] GC(275) - age   5:       2160 bytes,    1726368 total
[2022-06-29T13:27:43.847+0000][9][gc,age      ] GC(275) - age   6:       5456 bytes,    1731824 total
[2022-06-29T13:27:43.852+0000][9][gc,age      ] GC(275) - age   7:      20784 bytes,    1752608 total
[2022-06-29T13:27:43.853+0000][9][gc,age      ] GC(275) - age   9:        568 bytes,    1753176 total
[2022-06-29T13:27:43.856+0000][9][gc,age      ] GC(275) - age  12:         32 bytes,    1753208 total
[2022-06-29T13:27:43.859+0000][9][gc,age      ] GC(275) - age  13:       1144 bytes,    1754352 total
[2022-06-29T13:27:43.861+0000][9][gc,age      ] GC(275) - age  14:        272 bytes,    1754624 total
[2022-06-29T13:27:43.866+0000][9][gc,age      ] GC(275) - age  15:         32 bytes,    1754656 total
[2022-06-29T13:27:43.868+0000][9][gc,heap     ] GC(275) Eden regions: 75->0(75)
[2022-06-29T13:27:43.881+0000][9][gc,heap     ] GC(275) Survivor regions: 1->1(10)
[2022-06-29T13:27:43.884+0000][9][gc,heap     ] GC(275) Old regions: 23->23
[2022-06-29T13:27:43.885+0000][9][gc,heap     ] GC(275) Archive regions: 2->2
[2022-06-29T13:27:43.886+0000][9][gc,heap     ] GC(275) Humongous regions: 0->0
[2022-06-29T13:27:43.887+0000][9][gc,metaspace] GC(275) Metaspace: 130834K(134144K)->130834K(134144K) NonClass: 113765K(115456K)->113765K(115456K) Class: 17068K(18688K)->17068K(18688K)
[2022-06-29T13:27:43.890+0000][9][gc          ] GC(275) Pause Young (Normal) (G1 Evacuation Pause) 394M->95M(512M) 94.080ms
[2022-06-29T13:27:43.891+0000][9][gc,cpu      ] GC(275) User=0.02s Sys=0.01s Real=0.09s
[2022-06-29T13:27:43.893+0000][9][safepoint   ] Safepoint "G1CollectForAllocation", Time since last: 105035888970 ns, Reaching safepoint: 141876 ns, At safepoint: 97131316 ns, Total: 97273192 ns
[2022-06-29T13:29:04.773+0000][9][gc,start    ] GC(276) Pause Young (Normal) (G1 Evacuation Pause)
[2022-06-29T13:29:04.775+0000][9][gc,task     ] GC(276) Using 4 workers of 4 for evacuation
[2022-06-29T13:29:04.776+0000][9][gc,age      ] GC(276) Desired survivor size 20971520 bytes, new threshold 15 (max threshold 15)
[2022-06-29T13:29:04.782+0000][9][gc,phases   ] GC(276)   Pre Evacuate Collection Set: 0.2ms
[2022-06-29T13:29:04.783+0000][9][gc,phases   ] GC(276)   Merge Heap Roots: 0.1ms
[2022-06-29T13:29:04.783+0000][9][gc,phases   ] GC(276)   Evacuate Collection Set: 4.0ms
[2022-06-29T13:29:04.784+0000][9][gc,phases   ] GC(276)   Post Evacuate Collection Set: 1.1ms
[2022-06-29T13:29:04.784+0000][9][gc,phases   ] GC(276)   Other: 1.8ms
[2022-06-29T13:29:04.785+0000][9][gc,age      ] GC(276) Age table with threshold 15 (max threshold 15)
[2022-06-29T13:29:04.785+0000][9][gc,age      ] GC(276) - age   1:    1416344 bytes,    1416344 total
[2022-06-29T13:29:04.786+0000][9][gc,age      ] GC(276) - age   2:       3312 bytes,    1419656 total
[2022-06-29T13:29:04.786+0000][9][gc,age      ] GC(276) - age   3:       8424 bytes,    1428080 total
[2022-06-29T13:29:04.787+0000][9][gc,age      ] GC(276) - age   4:        216 bytes,    1428296 total
[2022-06-29T13:29:04.787+0000][9][gc,age      ] GC(276) - age   5:        184 bytes,    1428480 total
[2022-06-29T13:29:04.788+0000][9][gc,age      ] GC(276) - age   6:       2160 bytes,    1430640 total
[2022-06-29T13:29:04.788+0000][9][gc,age      ] GC(276) - age   7:       5280 bytes,    1435920 total
[2022-06-29T13:29:04.790+0000][9][gc,age      ] GC(276) - age   8:      20784 bytes,    1456704 total
[2022-06-29T13:29:04.790+0000][9][gc,age      ] GC(276) - age  10:        568 bytes,    1457272 total
[2022-06-29T13:29:04.791+0000][9][gc,age      ] GC(276) - age  14:       1144 bytes,    1458416 total
[2022-06-29T13:29:04.791+0000][9][gc,age      ] GC(276) - age  15:        272 bytes,    1458688 total
[2022-06-29T13:29:04.792+0000][9][gc,heap     ] GC(276) Eden regions: 75->0(75)
[2022-06-29T13:29:04.793+0000][9][gc,heap     ] GC(276) Survivor regions: 1->1(10)
[2022-06-29T13:29:04.793+0000][9][gc,heap     ] GC(276) Old regions: 23->23
[2022-06-29T13:29:04.794+0000][9][gc,heap     ] GC(276) Archive regions: 2->2
[2022-06-29T13:29:04.794+0000][9][gc,heap     ] GC(276) Humongous regions: 0->0
[2022-06-29T13:29:04.795+0000][9][gc,metaspace] GC(276) Metaspace: 130834K(134144K)->130834K(134144K) NonClass: 113765K(115456K)->113765K(115456K) Class: 17068K(18688K)->17068K(18688K)
[2022-06-29T13:29:04.796+0000][9][gc          ] GC(276) Pause Young (Normal) (G1 Evacuation Pause) 395M->94M(512M) 22.882ms
[2022-06-29T13:29:04.796+0000][9][gc,cpu      ] GC(276) User=0.01s Sys=0.00s Real=0.02s
[2022-06-29T13:29:04.797+0000][9][safepoint   ] Safepoint "G1CollectForAllocation", Time since last: 80944026750 ns, Reaching safepoint: 101697 ns, At safepoint: 24664983 ns, Total: 24766680 ns
[2022-06-29T13:29:52.794+0000][9][safepoint   ] Safepoint "Cleanup", Time since last: 48040038341 ns, Reaching safepoint: 153640 ns, At safepoint: 10247 ns, Total: 163887 ns
[2022-06-29T13:29:59.801+0000][9][safepoint   ] Safepoint "Cleanup", Time since last: 7006207307 ns, Reaching safepoint: 611447 ns, At safepoint: 33025 ns, Total: 644472 ns
[2022-06-29T13:30:37.644+0000][9][gc,start    ] GC(277) Pause Young (Normal) (G1 Evacuation Pause)
[2022-06-29T13:30:37.647+0000][9][gc,task     ] GC(277) Using 4 workers of 4 for evacuation
[2022-06-29T13:30:37.648+0000][9][gc,age      ] GC(277) Desired survivor size 20971520 bytes, new threshold 15 (max threshold 15)
[2022-06-29T13:30:37.653+0000][9][gc,phases   ] GC(277)   Pre Evacuate Collection Set: 0.1ms
[2022-06-29T13:30:37.654+0000][9][gc,phases   ] GC(277)   Merge Heap Roots: 0.1ms
[2022-06-29T13:30:37.654+0000][9][gc,phases   ] GC(277)   Evacuate Collection Set: 2.7ms
[2022-06-29T13:30:37.655+0000][9][gc,phases   ] GC(277)   Post Evacuate Collection Set: 1.1ms
[2022-06-29T13:30:37.655+0000][9][gc,phases   ] GC(277)   Other: 1.8ms
[2022-06-29T13:30:37.656+0000][9][gc,age      ] GC(277) Age table with threshold 15 (max threshold 15)
[2022-06-29T13:30:37.656+0000][9][gc,age      ] GC(277) - age   1:     327568 bytes,     327568 total
[2022-06-29T13:30:37.657+0000][9][gc,age      ] GC(277) - age   2:      10496 bytes,     338064 total
[2022-06-29T13:30:37.657+0000][9][gc,age      ] GC(277) - age   3:       1720 bytes,     339784 total
[2022-06-29T13:30:37.658+0000][9][gc,age      ] GC(277) - age   4:       8296 bytes,     348080 total
[2022-06-29T13:30:37.659+0000][9][gc,age      ] GC(277) - age   5:        216 bytes,     348296 total
[2022-06-29T13:30:37.659+0000][9][gc,age      ] GC(277) - age   6:        184 bytes,     348480 total
[2022-06-29T13:30:37.660+0000][9][gc,age      ] GC(277) - age   7:       1968 bytes,     350448 total
[2022-06-29T13:30:37.660+0000][9][gc,age      ] GC(277) - age   8:       5280 bytes,     355728 total
[2022-06-29T13:30:37.661+0000][9][gc,age      ] GC(277) - age   9:      20784 bytes,     376512 total
[2022-06-29T13:30:37.662+0000][9][gc,age      ] GC(277) - age  11:        568 bytes,     377080 total
[2022-06-29T13:30:37.662+0000][9][gc,age      ] GC(277) - age  15:       1144 bytes,     378224 total
[2022-06-29T13:30:37.663+0000][9][gc,heap     ] GC(277) Eden regions: 75->0(75)
[2022-06-29T13:30:37.664+0000][9][gc,heap     ] GC(277) Survivor regions: 1->1(10)
[2022-06-29T13:30:37.664+0000][9][gc,heap     ] GC(277) Old regions: 23->23
[2022-06-29T13:30:37.665+0000][9][gc,heap     ] GC(277) Archive regions: 2->2
[2022-06-29T13:30:37.666+0000][9][gc,heap     ] GC(277) Humongous regions: 0->0
[2022-06-29T13:30:37.666+0000][9][gc,metaspace] GC(277) Metaspace: 130835K(134144K)->130835K(134144K) NonClass: 113767K(115456K)->113767K(115456K) Class: 17068K(18688K)->17068K(18688K)
[2022-06-29T13:30:37.667+0000][9][gc          ] GC(277) Pause Young (Normal) (G1 Evacuation Pause) 394M->93M(512M) 22.670ms
[2022-06-29T13:30:37.668+0000][9][gc,cpu      ] GC(277) User=0.01s Sys=0.00s Real=0.03s
[2022-06-29T13:30:37.669+0000][9][safepoint   ] Safepoint "G1CollectForAllocation", Time since last: 37864701524 ns, Reaching safepoint: 89807 ns, At safepoint: 24187888 ns, Total: 24277695 ns
[2022-06-29T13:32:22.613+0000][9][gc,start    ] GC(278) Pause Young (Normal) (G1 Evacuation Pause)
[2022-06-29T13:32:22.615+0000][9][gc,task     ] GC(278) Using 4 workers of 4 for evacuation
[2022-06-29T13:32:22.616+0000][9][gc,age      ] GC(278) Desired survivor size 20971520 bytes, new threshold 15 (max threshold 15)
[2022-06-29T13:32:22.620+0000][9][gc,phases   ] GC(278)   Pre Evacuate Collection Set: 0.2ms
[2022-06-29T13:32:22.985+0000][9][gc,phases   ] GC(278)   Merge Heap Roots: 0.1ms
[2022-06-29T13:32:22.986+0000][9][gc,phases   ] GC(278)   Evacuate Collection Set: 2.0ms
[2022-06-29T13:32:22.987+0000][9][gc,phases   ] GC(278)   Post Evacuate Collection Set: 1.1ms
[2022-06-29T13:32:22.988+0000][9][gc,phases   ] GC(278)   Other: 1.9ms
[2022-06-29T13:32:22.988+0000][9][gc,age      ] GC(278) Age table with threshold 15 (max threshold 15)
[2022-06-29T13:32:22.989+0000][9][gc,age      ] GC(278) - age   1:     674608 bytes,     674608 total
[2022-06-29T13:32:22.990+0000][9][gc,age      ] GC(278) - age   2:       1816 bytes,     676424 total
[2022-06-29T13:32:22.990+0000][9][gc,age      ] GC(278) - age   3:        432 bytes,     676856 total
[2022-06-29T13:32:22.991+0000][9][gc,age      ] GC(278) - age   4:       1536 bytes,     678392 total
[2022-06-29T13:32:22.991+0000][9][gc,age      ] GC(278) - age   5:       8296 bytes,     686688 total
[2022-06-29T13:32:22.992+0000][9][gc,age      ] GC(278) - age   6:        216 bytes,     686904 total
[2022-06-29T13:32:22.993+0000][9][gc,age      ] GC(278) - age   7:        184 bytes,     687088 total
[2022-06-29T13:32:22.993+0000][9][gc,age      ] GC(278) - age   8:       1968 bytes,     689056 total
[2022-06-29T13:32:22.994+0000][9][gc,age      ] GC(278) - age   9:       4888 bytes,     693944 total
[2022-06-29T13:32:22.995+0000][9][gc,age      ] GC(278) - age  10:      20784 bytes,     714728 total
[2022-06-29T13:32:22.995+0000][9][gc,age      ] GC(278) - age  12:        568 bytes,     715296 total
[2022-06-29T13:32:22.996+0000][9][gc,heap     ] GC(278) Eden regions: 75->0(75)
[2022-06-29T13:32:22.997+0000][9][gc,heap     ] GC(278) Survivor regions: 1->1(10)
[2022-06-29T13:32:22.998+0000][9][gc,heap     ] GC(278) Old regions: 23->23
[2022-06-29T13:32:22.999+0000][9][gc,heap     ] GC(278) Archive regions: 2->2
[2022-06-29T13:32:22.999+0000][9][gc,heap     ] GC(278) Humongous regions: 0->0
[2022-06-29T13:32:23.000+0000][9][gc,metaspace] GC(278) Metaspace: 130835K(134144K)->130835K(134144K) NonClass: 113767K(115456K)->113767K(115456K) Class: 17068K(18688K)->17068K(18688K)
[2022-06-29T13:32:23.001+0000][9][gc          ] GC(278) Pause Young (Normal) (G1 Evacuation Pause) 393M->94M(512M) 387.380ms
[2022-06-29T13:32:23.001+0000][9][gc,cpu      ] GC(278) User=0.01s Sys=0.00s Real=0.39s
[2022-06-29T13:32:23.002+0000][9][safepoint   ] Safepoint "G1CollectForAllocation", Time since last: 105030801620 ns, Reaching safepoint: 92390 ns, At safepoint: 388709858 ns, Total: 388802248 ns
[2022-06-29T13:32:24.003+0000][9][safepoint   ] Safepoint "Cleanup", Time since last: 1000905084 ns, Reaching safepoint: 148231 ns, At safepoint: 9771 ns, Total: 158002 ns
[2022-06-29T13:34:10.572+0000][9][gc,start    ] GC(279) Pause Young (Normal) (G1 Evacuation Pause)
[2022-06-29T13:34:10.574+0000][9][gc,task     ] GC(279) Using 4 workers of 4 for evacuation
[2022-06-29T13:34:10.575+0000][9][gc,age      ] GC(279) Desired survivor size 20971520 bytes, new threshold 15 (max threshold 15)
[2022-06-29T13:34:10.603+0000][9][gc,phases   ] GC(279)   Pre Evacuate Collection Set: 0.6ms
[2022-06-29T13:34:10.604+0000][9][gc,phases   ] GC(279)   Merge Heap Roots: 0.3ms
[2022-06-29T13:34:10.606+0000][9][gc,phases   ] GC(279)   Evacuate Collection Set: 17.2ms
[2022-06-29T13:34:10.606+0000][9][gc,phases   ] GC(279)   Post Evacuate Collection Set: 7.5ms
[2022-06-29T13:34:10.607+0000][9][gc,phases   ] GC(279)   Other: 3.2ms
[2022-06-29T13:34:10.608+0000][9][gc,age      ] GC(279) Age table with threshold 15 (max threshold 15)
[2022-06-29T13:34:10.608+0000][9][gc,age      ] GC(279) - age   1:     972248 bytes,     972248 total
[2022-06-29T13:34:10.609+0000][9][gc,age      ] GC(279) - age   2:       9784 bytes,     982032 total
[2022-06-29T13:34:10.610+0000][9][gc,age      ] GC(279) - age   3:       1048 bytes,     983080 total
[2022-06-29T13:34:10.610+0000][9][gc,age      ] GC(279) - age   4:        208 bytes,     983288 total
[2022-06-29T13:34:10.611+0000][9][gc,age      ] GC(279) - age   5:       1536 bytes,     984824 total
[2022-06-29T13:34:10.612+0000][9][gc,age      ] GC(279) - age   6:        184 bytes,     985008 total
[2022-06-29T13:34:10.612+0000][9][gc,age      ] GC(279) - age   7:        184 bytes,     985192 total
[2022-06-29T13:34:10.613+0000][9][gc,age      ] GC(279) - age   9:       1672 bytes,     986864 total
[2022-06-29T13:34:10.613+0000][9][gc,age      ] GC(279) - age  10:       4888 bytes,     991752 total
[2022-06-29T13:34:10.614+0000][9][gc,age      ] GC(279) - age  11:      20784 bytes,    1012536 total
[2022-06-29T13:34:10.614+0000][9][gc,age      ] GC(279) - age  13:        184 bytes,    1012720 total
[2022-06-29T13:34:10.615+0000][9][gc,heap     ] GC(279) Eden regions: 75->0(75)
[2022-06-29T13:34:10.615+0000][9][gc,heap     ] GC(279) Survivor regions: 1->1(10)
[2022-06-29T13:34:10.616+0000][9][gc,heap     ] GC(279) Old regions: 23->23
[2022-06-29T13:34:10.616+0000][9][gc,heap     ] GC(279) Archive regions: 2->2
[2022-06-29T13:34:10.617+0000][9][gc,heap     ] GC(279) Humongous regions: 0->0
[2022-06-29T13:34:10.618+0000][9][gc,metaspace] GC(279) Metaspace: 130835K(134144K)->130835K(134144K) NonClass: 113767K(115456K)->113767K(115456K) Class: 17068K(18688K)->17068K(18688K)
[2022-06-29T13:34:10.619+0000][9][gc          ] GC(279) Pause Young (Normal) (G1 Evacuation Pause) 394M->94M(512M) 46.856ms
[2022-06-29T13:34:10.619+0000][9][gc,cpu      ] GC(279) User=0.07s Sys=0.00s Real=0.05s
[2022-06-29T13:34:10.620+0000][9][safepoint   ] Safepoint "G1CollectForAllocation", Time since last: 106632961289 ns, Reaching safepoint: 806410 ns, At safepoint: 48395825 ns, Total: 49202235 ns
[2022-06-29T13:34:17.628+0000][9][safepoint   ] Safepoint "Cleanup", Time since last: 7007533622 ns, Reaching safepoint: 286341 ns, At safepoint: 43283 ns, Total: 329624 ns
[2022-06-29T13:35:17.653+0000][9][safepoint   ] Safepoint "Cleanup", Time since last: 60067728126 ns, Reaching safepoint: 444103 ns, At safepoint: 81102 ns, Total: 525205 ns
[2022-06-29T13:35:52.512+0000][9][gc,start    ] GC(280) Pause Young (Normal) (G1 Evacuation Pause)
[2022-06-29T13:35:52.514+0000][9][gc,task     ] GC(280) Using 4 workers of 4 for evacuation
[2022-06-29T13:35:52.515+0000][9][gc,age      ] GC(280) Desired survivor size 20971520 bytes, new threshold 15 (max threshold 15)
[2022-06-29T13:35:52.525+0000][9][gc,phases   ] GC(280)   Pre Evacuate Collection Set: 0.4ms
[2022-06-29T13:35:52.526+0000][9][gc,phases   ] GC(280)   Merge Heap Roots: 0.4ms
[2022-06-29T13:35:52.527+0000][9][gc,phases   ] GC(280)   Evacuate Collection Set: 6.0ms
[2022-06-29T13:35:52.527+0000][9][gc,phases   ] GC(280)   Post Evacuate Collection Set: 2.0ms
[2022-06-29T13:35:52.528+0000][9][gc,phases   ] GC(280)   Other: 2.5ms
[2022-06-29T13:35:52.529+0000][9][gc,age      ] GC(280) Age table with threshold 15 (max threshold 15)
[2022-06-29T13:35:52.529+0000][9][gc,age      ] GC(280) - age   1:    1143176 bytes,    1143176 total
[2022-06-29T13:35:52.530+0000][9][gc,age      ] GC(280) - age   2:       1904 bytes,    1145080 total
[2022-06-29T13:35:52.531+0000][9][gc,age      ] GC(280) - age   3:       8888 bytes,    1153968 total
[2022-06-29T13:35:52.532+0000][9][gc,age      ] GC(280) - age   4:        984 bytes,    1154952 total
[2022-06-29T13:35:52.533+0000][9][gc,age      ] GC(280) - age   5:        208 bytes,    1155160 total
[2022-06-29T13:35:52.534+0000][9][gc,age      ] GC(280) - age   6:       1536 bytes,    1156696 total
[2022-06-29T13:35:52.534+0000][9][gc,age      ] GC(280) - age   7:        184 bytes,    1156880 total
[2022-06-29T13:35:52.535+0000][9][gc,age      ] GC(280) - age   8:        184 bytes,    1157064 total
[2022-06-29T13:35:52.535+0000][9][gc,age      ] GC(280) - age  10:       1672 bytes,    1158736 total
[2022-06-29T13:35:52.537+0000][9][gc,age      ] GC(280) - age  11:       4888 bytes,    1163624 total
[2022-06-29T13:35:52.538+0000][9][gc,age      ] GC(280) - age  12:      20784 bytes,    1184408 total
[2022-06-29T13:35:52.538+0000][9][gc,heap     ] GC(280) Eden regions: 75->0(75)
[2022-06-29T13:35:52.539+0000][9][gc,heap     ] GC(280) Survivor regions: 1->1(10)
[2022-06-29T13:35:52.539+0000][9][gc,heap     ] GC(280) Old regions: 23->23
[2022-06-29T13:35:52.540+0000][9][gc,heap     ] GC(280) Archive regions: 2->2
[2022-06-29T13:35:52.541+0000][9][gc,heap     ] GC(280) Humongous regions: 0->0
[2022-06-29T13:35:52.542+0000][9][gc,metaspace] GC(280) Metaspace: 130835K(134144K)->130835K(134144K) NonClass: 113767K(115456K)->113767K(115456K) Class: 17068K(18688K)->17068K(18688K)
[2022-06-29T13:35:52.543+0000][9][gc          ] GC(280) Pause Young (Normal) (G1 Evacuation Pause) 394M->94M(512M) 31.249ms
[2022-06-29T13:35:52.543+0000][9][gc,cpu      ] GC(280) User=0.03s Sys=0.00s Real=0.03s
[2022-06-29T13:35:52.544+0000][9][safepoint   ] Safepoint "G1CollectForAllocation", Time since last: 34901628933 ns, Reaching safepoint: 308885 ns, At safepoint: 32867053 ns, Total: 33175938 ns
[2022-06-29T13:37:28.968+0000][9][gc,start    ] GC(281) Pause Young (Normal) (G1 Evacuation Pause)
[2022-06-29T13:37:28.970+0000][9][gc,task     ] GC(281) Using 4 workers of 4 for evacuation
[2022-06-29T13:37:28.971+0000][9][gc,age      ] GC(281) Desired survivor size 20971520 bytes, new threshold 15 (max threshold 15)
[2022-06-29T13:37:28.980+0000][9][gc,phases   ] GC(281)   Pre Evacuate Collection Set: 0.3ms
[2022-06-29T13:37:28.981+0000][9][gc,phases   ] GC(281)   Merge Heap Roots: 0.2ms
[2022-06-29T13:37:28.981+0000][9][gc,phases   ] GC(281)   Evacuate Collection Set: 5.9ms
[2022-06-29T13:37:28.982+0000][9][gc,phases   ] GC(281)   Post Evacuate Collection Set: 1.3ms
[2022-06-29T13:37:28.982+0000][9][gc,phases   ] GC(281)   Other: 1.6ms
[2022-06-29T13:37:28.983+0000][9][gc,age      ] GC(281) Age table with threshold 15 (max threshold 15)
[2022-06-29T13:37:28.984+0000][9][gc,age      ] GC(281) - age   1:    1814088 bytes,    1814088 total
[2022-06-29T13:37:28.985+0000][9][gc,age      ] GC(281) - age   2:       2136 bytes,    1816224 total
[2022-06-29T13:37:28.985+0000][9][gc,age      ] GC(281) - age   3:        952 bytes,    1817176 total
[2022-06-29T13:37:28.986+0000][9][gc,age      ] GC(281) - age   4:        872 bytes,    1818048 total
[2022-06-29T13:37:28.987+0000][9][gc,age      ] GC(281) - age   5:        984 bytes,    1819032 total
[2022-06-29T13:37:28.987+0000][9][gc,age      ] GC(281) - age   6:        184 bytes,    1819216 total
[2022-06-29T13:37:28.988+0000][9][gc,age      ] GC(281) - age   8:        184 bytes,    1819400 total
[2022-06-29T13:37:28.989+0000][9][gc,age      ] GC(281) - age  11:       1672 bytes,    1821072 total
[2022-06-29T13:37:28.989+0000][9][gc,age      ] GC(281) - age  12:       4888 bytes,    1825960 total
[2022-06-29T13:37:28.990+0000][9][gc,age      ] GC(281) - age  13:      20784 bytes,    1846744 total
[2022-06-29T13:37:28.991+0000][9][gc,heap     ] GC(281) Eden regions: 75->0(75)
[2022-06-29T13:37:28.991+0000][9][gc,heap     ] GC(281) Survivor regions: 1->1(10)
[2022-06-29T13:37:28.992+0000][9][gc,heap     ] GC(281) Old regions: 23->23
[2022-06-29T13:37:28.993+0000][9][gc,heap     ] GC(281) Archive regions: 2->2
[2022-06-29T13:37:28.994+0000][9][gc,heap     ] GC(281) Humongous regions: 0->0
[2022-06-29T13:37:28.994+0000][9][gc,metaspace] GC(281) Metaspace: 130835K(134144K)->130835K(134144K) NonClass: 113767K(115456K)->113767K(115456K) Class: 17068K(18688K)->17068K(18688K)
[2022-06-29T13:37:28.995+0000][9][gc          ] GC(281) Pause Young (Normal) (G1 Evacuation Pause) 394M->95M(512M) 26.778ms
[2022-06-29T13:37:28.996+0000][9][gc,cpu      ] GC(281) User=0.02s Sys=0.01s Real=0.03s
[2022-06-29T13:37:28.996+0000][9][safepoint   ] Safepoint "G1CollectForAllocation", Time since last: 96488635766 ns, Reaching safepoint: 187075 ns, At safepoint: 28341517 ns, Total: 28528592 ns
[2022-06-29T13:39:10.610+0000][9][gc,start    ] GC(282) Pause Young (Normal) (G1 Evacuation Pause)
[2022-06-29T13:39:10.615+0000][9][gc,task     ] GC(282) Using 4 workers of 4 for evacuation
[2022-06-29T13:39:10.616+0000][9][gc,age      ] GC(282) Desired survivor size 20971520 bytes, new threshold 15 (max threshold 15)
[2022-06-29T13:39:10.621+0000][9][gc,phases   ] GC(282)   Pre Evacuate Collection Set: 0.2ms
[2022-06-29T13:39:10.621+0000][9][gc,phases   ] GC(282)   Merge Heap Roots: 0.1ms
[2022-06-29T13:39:10.622+0000][9][gc,phases   ] GC(282)   Evacuate Collection Set: 2.5ms
[2022-06-29T13:39:10.623+0000][9][gc,phases   ] GC(282)   Post Evacuate Collection Set: 1.2ms
[2022-06-29T13:39:10.623+0000][9][gc,phases   ] GC(282)   Other: 1.8ms
[2022-06-29T13:39:10.624+0000][9][gc,age      ] GC(282) Age table with threshold 15 (max threshold 15)
[2022-06-29T13:39:10.625+0000][9][gc,age      ] GC(282) - age   1:     828696 bytes,     828696 total
[2022-06-29T13:39:10.625+0000][9][gc,age      ] GC(282) - age   2:      11808 bytes,     840504 total
[2022-06-29T13:39:10.626+0000][9][gc,age      ] GC(282) - age   3:        472 bytes,     840976 total
[2022-06-29T13:39:10.626+0000][9][gc,age      ] GC(282) - age   4:        664 bytes,     841640 total
[2022-06-29T13:39:10.627+0000][9][gc,age      ] GC(282) - age   5:        576 bytes,     842216 total
[2022-06-29T13:39:10.628+0000][9][gc,age      ] GC(282) - age   6:        984 bytes,     843200 total
[2022-06-29T13:39:10.628+0000][9][gc,age      ] GC(282) - age   7:         32 bytes,     843232 total
[2022-06-29T13:39:10.629+0000][9][gc,age      ] GC(282) - age   9:        184 bytes,     843416 total
[2022-06-29T13:39:10.629+0000][9][gc,age      ] GC(282) - age  12:       1672 bytes,     845088 total
[2022-06-29T13:39:10.630+0000][9][gc,age      ] GC(282) - age  13:       4856 bytes,     849944 total
[2022-06-29T13:39:10.631+0000][9][gc,age      ] GC(282) - age  14:      20784 bytes,     870728 total
[2022-06-29T13:39:10.631+0000][9][gc,heap     ] GC(282) Eden regions: 75->0(75)
[2022-06-29T13:39:10.632+0000][9][gc,heap     ] GC(282) Survivor regions: 1->1(10)
[2022-06-29T13:39:10.632+0000][9][gc,heap     ] GC(282) Old regions: 23->23
[2022-06-29T13:39:10.633+0000][9][gc,heap     ] GC(282) Archive regions: 2->2
[2022-06-29T13:39:10.633+0000][9][gc,heap     ] GC(282) Humongous regions: 0->0
[2022-06-29T13:39:10.634+0000][9][gc,metaspace] GC(282) Metaspace: 130836K(134144K)->130836K(134144K) NonClass: 113768K(115456K)->113768K(115456K) Class: 17068K(18688K)->17068K(18688K)
[2022-06-29T13:39:10.635+0000][9][gc          ] GC(282) Pause Young (Normal) (G1 Evacuation Pause) 395M->94M(512M) 24.110ms
[2022-06-29T13:39:10.635+0000][9][gc,cpu      ] GC(282) User=0.01s Sys=0.01s Real=0.02s
[2022-06-29T13:39:10.636+0000][9][safepoint   ] Safepoint "G1CollectForAllocation", Time since last: 101674430467 ns, Reaching safepoint: 3506025 ns, At safepoint: 25762901 ns, Total: 29268926 ns
[2022-06-29T13:39:16.644+0000][9][safepoint   ] Safepoint "Cleanup", Time since last: 6007898658 ns, Reaching safepoint: 201460 ns, At safepoint: 59801 ns, Total: 261261 ns
[2022-06-29T13:40:52.647+0000][9][gc,start    ] GC(283) Pause Young (Normal) (G1 Evacuation Pause)
[2022-06-29T13:40:52.649+0000][9][gc,task     ] GC(283) Using 4 workers of 4 for evacuation
[2022-06-29T13:40:52.649+0000][9][gc,age      ] GC(283) Desired survivor size 20971520 bytes, new threshold 15 (max threshold 15)
[2022-06-29T13:40:52.657+0000][9][gc,phases   ] GC(283)   Pre Evacuate Collection Set: 0.2ms
[2022-06-29T13:40:52.658+0000][9][gc,phases   ] GC(283)   Merge Heap Roots: 0.1ms
[2022-06-29T13:40:52.658+0000][9][gc,phases   ] GC(283)   Evacuate Collection Set: 4.5ms
[2022-06-29T13:40:52.659+0000][9][gc,phases   ] GC(283)   Post Evacuate Collection Set: 1.0ms
[2022-06-29T13:40:52.659+0000][9][gc,phases   ] GC(283)   Other: 2.3ms
[2022-06-29T13:40:52.660+0000][9][gc,age      ] GC(283) Age table with threshold 15 (max threshold 15)
[2022-06-29T13:40:52.661+0000][9][gc,age      ] GC(283) - age   1:    1096144 bytes,    1096144 total
[2022-06-29T13:40:52.661+0000][9][gc,age      ] GC(283) - age   2:       1288 bytes,    1097432 total
[2022-06-29T13:40:52.662+0000][9][gc,age      ] GC(283) - age   3:      10536 bytes,    1107968 total
[2022-06-29T13:40:52.662+0000][9][gc,age      ] GC(283) - age   4:        216 bytes,    1108184 total
[2022-06-29T13:40:52.663+0000][9][gc,age      ] GC(283) - age   5:        600 bytes,    1108784 total
[2022-06-29T13:40:52.663+0000][9][gc,age      ] GC(283) - age   6:        576 bytes,    1109360 total
[2022-06-29T13:40:52.664+0000][9][gc,age      ] GC(283) - age   7:        792 bytes,    1110152 total
[2022-06-29T13:40:52.664+0000][9][gc,age      ] GC(283) - age   8:         32 bytes,    1110184 total
[2022-06-29T13:40:52.665+0000][9][gc,age      ] GC(283) - age  10:        184 bytes,    1110368 total
[2022-06-29T13:40:52.665+0000][9][gc,age      ] GC(283) - age  13:       1672 bytes,    1112040 total
[2022-06-29T13:40:52.666+0000][9][gc,age      ] GC(283) - age  14:       4856 bytes,    1116896 total
[2022-06-29T13:40:52.667+0000][9][gc,age      ] GC(283) - age  15:      20784 bytes,    1137680 total
[2022-06-29T13:40:52.667+0000][9][gc,heap     ] GC(283) Eden regions: 75->0(75)
[2022-06-29T13:40:52.668+0000][9][gc,heap     ] GC(283) Survivor regions: 1->1(10)
[2022-06-29T13:40:52.668+0000][9][gc,heap     ] GC(283) Old regions: 23->23
[2022-06-29T13:40:52.669+0000][9][gc,heap     ] GC(283) Archive regions: 2->2
[2022-06-29T13:40:52.669+0000][9][gc,heap     ] GC(283) Humongous regions: 0->0
[2022-06-29T13:40:52.670+0000][9][gc,metaspace] GC(283) Metaspace: 130836K(134144K)->130836K(134144K) NonClass: 113768K(115456K)->113768K(115456K) Class: 17068K(18688K)->17068K(18688K)
[2022-06-29T13:40:52.671+0000][9][gc          ] GC(283) Pause Young (Normal) (G1 Evacuation Pause) 394M->94M(512M) 23.717ms
[2022-06-29T13:40:52.671+0000][9][gc,cpu      ] GC(283) User=0.02s Sys=0.00s Real=0.02s
[2022-06-29T13:40:52.672+0000][9][safepoint   ] Safepoint "G1CollectForAllocation", Time since last: 96089637611 ns, Reaching safepoint: 128888 ns, At safepoint: 24848419 ns, Total: 24977307 ns
[2022-06-29T14:12:43.173+0000][9][safepoint   ] Safepoint "Cleanup", Time since last: 1911674830580 ns, Reaching safepoint: 338819 ns, At safepoint: 39720 ns, Total: 378539 ns
[2022-06-29T14:12:44.177+0000][9][safepoint   ] Safepoint "Cleanup", Time since last: 1003188661 ns, Reaching safepoint: 145471 ns, At safepoint: 89161 ns, Total: 234632 ns
[2022-06-29T14:12:45.179+0000][9][safepoint   ] Safepoint "Cleanup", Time since last: 1002328545 ns, Reaching safepoint: 401303 ns, At safepoint: 22222 ns, Total: 423525 ns
[2022-06-29T14:12:46.182+0000][9][safepoint   ] Safepoint "Cleanup", Time since last: 1002051426 ns, Reaching safepoint: 135687 ns, At safepoint: 16541 ns, Total: 152228 ns
[2022-06-29T14:12:47.529+0000][9][safepoint   ] Safepoint "Cleanup", Time since last: 1346642314 ns, Reaching safepoint: 1052095 ns, At safepoint: 34551 ns, Total: 1086646 ns
[2022-06-29T14:12:48.532+0000][9][safepoint   ] Safepoint "Cleanup", Time since last: 1002604190 ns, Reaching safepoint: 287879 ns, At safepoint: 23944 ns, Total: 311823 ns
[2022-06-29T14:13:15.167+0000][9][gc,start    ] GC(284) Pause Young (Normal) (G1 Evacuation Pause)
[2022-06-29T14:13:15.168+0000][9][gc,task     ] GC(284) Using 4 workers of 4 for evacuation
[2022-06-29T14:13:15.169+0000][9][gc,age      ] GC(284) Desired survivor size 20971520 bytes, new threshold 15 (max threshold 15)
[2022-06-29T14:13:15.181+0000][9][gc,phases   ] GC(284)   Pre Evacuate Collection Set: 0.4ms
[2022-06-29T14:13:15.182+0000][9][gc,phases   ] GC(284)   Merge Heap Roots: 0.2ms
[2022-06-29T14:13:15.183+0000][9][gc,phases   ] GC(284)   Evacuate Collection Set: 8.2ms
[2022-06-29T14:13:15.183+0000][9][gc,phases   ] GC(284)   Post Evacuate Collection Set: 1.3ms
[2022-06-29T14:13:15.184+0000][9][gc,phases   ] GC(284)   Other: 2.7ms
[2022-06-29T14:13:15.185+0000][9][gc,age      ] GC(284) Age table with threshold 15 (max threshold 15)
[2022-06-29T14:13:15.185+0000][9][gc,age      ] GC(284) - age   1:    1578704 bytes,    1578704 total
[2022-06-29T14:13:15.186+0000][9][gc,age      ] GC(284) - age   2:       9008 bytes,    1587712 total
[2022-06-29T14:13:15.186+0000][9][gc,age      ] GC(284) - age   4:        184 bytes,    1587896 total
[2022-06-29T14:13:15.187+0000][9][gc,age      ] GC(284) - age   5:        216 bytes,    1588112 total
[2022-06-29T14:13:15.188+0000][9][gc,age      ] GC(284) - age   6:        600 bytes,    1588712 total
[2022-06-29T14:13:15.188+0000][9][gc,age      ] GC(284) - age   7:        184 bytes,    1588896 total
[2022-06-29T14:13:15.189+0000][9][gc,age      ] GC(284) - age   8:        792 bytes,    1589688 total
[2022-06-29T14:13:15.189+0000][9][gc,age      ] GC(284) - age  14:       1672 bytes,    1591360 total
[2022-06-29T14:13:15.190+0000][9][gc,age      ] GC(284) - age  15:       4856 bytes,    1596216 total
[2022-06-29T14:13:15.190+0000][9][gc,heap     ] GC(284) Eden regions: 75->0(75)
[2022-06-29T14:13:15.191+0000][9][gc,heap     ] GC(284) Survivor regions: 1->1(10)
[2022-06-29T14:13:15.192+0000][9][gc,heap     ] GC(284) Old regions: 23->23
[2022-06-29T14:13:15.192+0000][9][gc,heap     ] GC(284) Archive regions: 2->2
[2022-06-29T14:13:15.193+0000][9][gc,heap     ] GC(284) Humongous regions: 0->0
[2022-06-29T14:13:15.193+0000][9][gc,metaspace] GC(284) Metaspace: 130962K(134336K)->130962K(134336K) NonClass: 113872K(115648K)->113872K(115648K) Class: 17090K(18688K)->17090K(18688K)
[2022-06-29T14:13:15.194+0000][9][gc          ] GC(284) Pause Young (Normal) (G1 Evacuation Pause) 394M->94M(512M) 27.061ms
[2022-06-29T14:13:15.194+0000][9][gc,cpu      ] GC(284) User=0.03s Sys=0.00s Real=0.03s
[2022-06-29T14:13:15.195+0000][9][safepoint   ] Safepoint "G1CollectForAllocation", Time since last: 26682364363 ns, Reaching safepoint: 112859 ns, At safepoint: 28386670 ns, Total: 28499529 ns
[2022-06-29T15:16:51.542+0000][9][safepoint   ] Safepoint "Cleanup", Time since last: 3819859767454 ns, Reaching safepoint: 498452 ns, At safepoint: 61073 ns, Total: 559525 ns
[2022-06-29T15:16:52.758+0000][9][safepoint   ] Safepoint "Cleanup", Time since last: 1215614173 ns, Reaching safepoint: 182833 ns, At safepoint: 11885 ns, Total: 194718 ns
[2022-06-29T15:16:55.802+0000][9][safepoint   ] Safepoint "Cleanup", Time since last: 3042475669 ns, Reaching safepoint: 875819 ns, At safepoint: 690204 ns, Total: 1566023 ns
[2022-06-29T15:17:33.876+0000][9][safepoint   ] Safepoint "Cleanup", Time since last: 38033990268 ns, Reaching safepoint: 139475 ns, At safepoint: 9283 ns, Total: 148758 ns
[2022-06-29T15:17:39.881+0000][9][safepoint   ] Safepoint "Cleanup", Time since last: 6005070188 ns, Reaching safepoint: 135389 ns, At safepoint: 7438 ns, Total: 142827 ns
[2022-06-29T15:17:45.887+0000][9][safepoint   ] Safepoint "Cleanup", Time since last: 6006319909 ns, Reaching safepoint: 81001 ns, At safepoint: 5761 ns, Total: 86762 ns
[2022-06-29T15:18:15.290+0000][9][gc,start    ] GC(285) Pause Young (Normal) (G1 Evacuation Pause)
[2022-06-29T15:18:15.291+0000][9][gc,task     ] GC(285) Using 4 workers of 4 for evacuation
[2022-06-29T15:18:15.293+0000][9][gc,age      ] GC(285) Desired survivor size 20971520 bytes, new threshold 15 (max threshold 15)
[2022-06-29T15:18:15.310+0000][9][gc,phases   ] GC(285)   Pre Evacuate Collection Set: 1.2ms
[2022-06-29T15:18:15.311+0000][9][gc,phases   ] GC(285)   Merge Heap Roots: 0.2ms
[2022-06-29T15:18:15.312+0000][9][gc,phases   ] GC(285)   Evacuate Collection Set: 9.9ms
[2022-06-29T15:18:15.313+0000][9][gc,phases   ] GC(285)   Post Evacuate Collection Set: 1.5ms
[2022-06-29T15:18:15.315+0000][9][gc,phases   ] GC(285)   Other: 6.2ms
[2022-06-29T15:18:15.316+0000][9][gc,age      ] GC(285) Age table with threshold 15 (max threshold 15)
[2022-06-29T15:18:15.317+0000][9][gc,age      ] GC(285) - age   1:    2098296 bytes,    2098296 total
[2022-06-29T15:18:15.317+0000][9][gc,age      ] GC(285) - age   2:     305240 bytes,    2403536 total
[2022-06-29T15:18:15.318+0000][9][gc,age      ] GC(285) - age   3:       8496 bytes,    2412032 total
[2022-06-29T15:18:15.319+0000][9][gc,age      ] GC(285) - age   5:        184 bytes,    2412216 total
[2022-06-29T15:18:15.320+0000][9][gc,age      ] GC(285) - age   6:        216 bytes,    2412432 total
[2022-06-29T15:18:15.321+0000][9][gc,age      ] GC(285) - age   7:        600 bytes,    2413032 total
[2022-06-29T15:18:15.322+0000][9][gc,age      ] GC(285) - age   8:        184 bytes,    2413216 total
[2022-06-29T15:18:15.323+0000][9][gc,age      ] GC(285) - age   9:        792 bytes,    2414008 total
[2022-06-29T15:18:15.323+0000][9][gc,age      ] GC(285) - age  15:       1672 bytes,    2415680 total
[2022-06-29T15:18:15.324+0000][9][gc,heap     ] GC(285) Eden regions: 75->0(75)
[2022-06-29T15:18:15.325+0000][9][gc,heap     ] GC(285) Survivor regions: 1->1(10)
[2022-06-29T15:18:15.327+0000][9][gc,heap     ] GC(285) Old regions: 23->23
[2022-06-29T15:18:15.331+0000][9][gc,heap     ] GC(285) Archive regions: 2->2
[2022-06-29T15:18:15.332+0000][9][gc,heap     ] GC(285) Humongous regions: 0->0
[2022-06-29T15:18:15.333+0000][9][gc,metaspace] GC(285) Metaspace: 130969K(134336K)->130969K(134336K) NonClass: 113878K(115648K)->113878K(115648K) Class: 17091K(18688K)->17091K(18688K)
[2022-06-29T15:18:15.334+0000][9][gc          ] GC(285) Pause Young (Normal) (G1 Evacuation Pause) 394M->95M(512M) 44.097ms
[2022-06-29T15:18:15.335+0000][9][gc,cpu      ] GC(285) User=0.03s Sys=0.01s Real=0.05s
[2022-06-29T15:18:15.338+0000][9][safepoint   ] Safepoint "G1CollectForAllocation", Time since last: 29425736629 ns, Reaching safepoint: 74988 ns, At safepoint: 48241425 ns, Total: 48316413 ns
[2022-06-29T15:19:07.341+0000][9][safepoint   ] Safepoint "Cleanup", Time since last: 52044254064 ns, Reaching safepoint: 393491 ns, At safepoint: 46154 ns, Total: 439645 ns
[2022-06-29T15:19:25.333+0000][9][safepoint   ] Safepoint "Cleanup", Time since last: 18013353352 ns, Reaching safepoint: 168024 ns, At safepoint: 16627 ns, Total: 184651 ns
[2022-06-29T15:19:42.245+0000][9][gc,start    ] GC(286) Pause Young (Normal) (G1 Evacuation Pause)
[2022-06-29T15:19:42.246+0000][9][gc,task     ] GC(286) Using 4 workers of 4 for evacuation
[2022-06-29T15:19:42.247+0000][9][gc,age      ] GC(286) Desired survivor size 20971520 bytes, new threshold 15 (max threshold 15)
[2022-06-29T15:19:42.257+0000][9][gc,phases   ] GC(286)   Pre Evacuate Collection Set: 0.1ms
[2022-06-29T15:19:42.258+0000][9][gc,phases   ] GC(286)   Merge Heap Roots: 0.0ms
[2022-06-29T15:19:42.259+0000][9][gc,phases   ] GC(286)   Evacuate Collection Set: 8.4ms
[2022-06-29T15:19:42.259+0000][9][gc,phases   ] GC(286)   Post Evacuate Collection Set: 1.0ms
[2022-06-29T15:19:42.260+0000][9][gc,phases   ] GC(286)   Other: 1.7ms
[2022-06-29T15:19:42.261+0000][9][gc,age      ] GC(286) Age table with threshold 15 (max threshold 15)
[2022-06-29T15:19:42.261+0000][9][gc,age      ] GC(286) - age   1:    1613040 bytes,    1613040 total
[2022-06-29T15:19:42.261+0000][9][gc,age      ] GC(286) - age   2:     676904 bytes,    2289944 total
[2022-06-29T15:19:42.263+0000][9][gc,age      ] GC(286) - age   3:     296104 bytes,    2586048 total
[2022-06-29T15:19:42.263+0000][9][gc,age      ] GC(286) - age   4:       8496 bytes,    2594544 total
[2022-06-29T15:19:42.264+0000][9][gc,age      ] GC(286) - age   6:        184 bytes,    2594728 total
[2022-06-29T15:19:42.265+0000][9][gc,age      ] GC(286) - age   7:        184 bytes,    2594912 total
[2022-06-29T15:19:42.265+0000][9][gc,age      ] GC(286) - age   8:        600 bytes,    2595512 total
[2022-06-29T15:19:42.266+0000][9][gc,age      ] GC(286) - age   9:        184 bytes,    2595696 total
[2022-06-29T15:19:42.267+0000][9][gc,age      ] GC(286) - age  10:        792 bytes,    2596488 total
[2022-06-29T15:19:42.267+0000][9][gc,heap     ] GC(286) Eden regions: 75->0(75)
[2022-06-29T15:19:42.268+0000][9][gc,heap     ] GC(286) Survivor regions: 1->1(10)
[2022-06-29T15:19:42.268+0000][9][gc,heap     ] GC(286) Old regions: 23->23
[2022-06-29T15:19:42.269+0000][9][gc,heap     ] GC(286) Archive regions: 2->2
[2022-06-29T15:19:42.269+0000][9][gc,heap     ] GC(286) Humongous regions: 0->0
[2022-06-29T15:19:42.270+0000][9][gc,metaspace] GC(286) Metaspace: 130976K(134336K)->130976K(134336K) NonClass: 113885K(115648K)->113885K(115648K) Class: 17091K(18688K)->17091K(18688K)
[2022-06-29T15:19:42.271+0000][9][gc          ] GC(286) Pause Young (Normal) (G1 Evacuation Pause) 395M->95M(512M) 25.819ms
[2022-06-29T15:19:42.271+0000][9][gc,cpu      ] GC(286) User=0.02s Sys=0.00s Real=0.03s
[2022-06-29T15:19:42.272+0000][9][safepoint   ] Safepoint "G1CollectForAllocation", Time since last: 16911819058 ns, Reaching safepoint: 110732 ns, At safepoint: 27049286 ns, Total: 27160018 ns
[2022-06-29T15:19:51.264+0000][9][safepoint   ] Safepoint "Cleanup", Time since last: 9013233694 ns, Reaching safepoint: 282545 ns, At safepoint: 17210 ns, Total: 299755 ns
[2022-06-29T15:20:01.275+0000][9][safepoint   ] Safepoint "Cleanup", Time since last: 10010382681 ns, Reaching safepoint: 324085 ns, At safepoint: 33636 ns, Total: 357721 ns
[2022-06-29T15:20:31.280+0000][9][safepoint   ] Safepoint "Cleanup", Time since last: 30026718185 ns, Reaching safepoint: 305830 ns, At safepoint: 22852 ns, Total: 328682 ns
[2022-06-29T15:21:21.194+0000][9][gc,start    ] GC(287) Pause Young (Normal) (G1 Evacuation Pause)
[2022-06-29T15:21:21.196+0000][9][gc,task     ] GC(287) Using 4 workers of 4 for evacuation
[2022-06-29T15:21:21.196+0000][9][gc,age      ] GC(287) Desired survivor size 20971520 bytes, new threshold 15 (max threshold 15)
[2022-06-29T15:21:21.204+0000][9][gc,phases   ] GC(287)   Pre Evacuate Collection Set: 0.3ms
[2022-06-29T15:21:21.205+0000][9][gc,phases   ] GC(287)   Merge Heap Roots: 0.2ms
[2022-06-29T15:21:21.206+0000][9][gc,phases   ] GC(287)   Evacuate Collection Set: 5.2ms
[2022-06-29T15:21:21.206+0000][9][gc,phases   ] GC(287)   Post Evacuate Collection Set: 1.0ms
[2022-06-29T15:21:21.207+0000][9][gc,phases   ] GC(287)   Other: 1.6ms
[2022-06-29T15:21:21.207+0000][9][gc,age      ] GC(287) Age table with threshold 15 (max threshold 15)
[2022-06-29T15:21:21.208+0000][9][gc,age      ] GC(287) - age   1:    1668096 bytes,    1668096 total
[2022-06-29T15:21:21.209+0000][9][gc,age      ] GC(287) - age   2:      39176 bytes,    1707272 total
[2022-06-29T15:21:21.209+0000][9][gc,age      ] GC(287) - age   3:     556984 bytes,    2264256 total
[2022-06-29T15:21:21.210+0000][9][gc,age      ] GC(287) - age   4:     296024 bytes,    2560280 total
[2022-06-29T15:21:21.210+0000][9][gc,age      ] GC(287) - age   5:       8496 bytes,    2568776 total
[2022-06-29T15:21:21.211+0000][9][gc,age      ] GC(287) - age   7:        184 bytes,    2568960 total
[2022-06-29T15:21:21.212+0000][9][gc,age      ] GC(287) - age   8:        184 bytes,    2569144 total
[2022-06-29T15:21:21.213+0000][9][gc,age      ] GC(287) - age   9:        600 bytes,    2569744 total
[2022-06-29T15:21:21.213+0000][9][gc,age      ] GC(287) - age  10:        184 bytes,    2569928 total
[2022-06-29T15:21:21.215+0000][9][gc,age      ] GC(287) - age  11:        792 bytes,    2570720 total
[2022-06-29T15:21:21.216+0000][9][gc,heap     ] GC(287) Eden regions: 75->0(75)
[2022-06-29T15:21:21.217+0000][9][gc,heap     ] GC(287) Survivor regions: 1->1(10)
[2022-06-29T15:21:21.217+0000][9][gc,heap     ] GC(287) Old regions: 23->23
[2022-06-29T15:21:21.218+0000][9][gc,heap     ] GC(287) Archive regions: 2->2
[2022-06-29T15:21:21.218+0000][9][gc,heap     ] GC(287) Humongous regions: 0->0
[2022-06-29T15:21:21.219+0000][9][gc,metaspace] GC(287) Metaspace: 130976K(134336K)->130976K(134336K) NonClass: 113885K(115648K)->113885K(115648K) Class: 17091K(18688K)->17091K(18688K)
[2022-06-29T15:21:21.220+0000][9][gc          ] GC(287) Pause Young (Normal) (G1 Evacuation Pause) 395M->95M(512M) 26.130ms
[2022-06-29T15:21:21.221+0000][9][gc,cpu      ] GC(287) User=0.02s Sys=0.00s Real=0.02s
[2022-06-29T15:21:21.222+0000][9][safepoint   ] Safepoint "G1CollectForAllocation", Time since last: 49957819260 ns, Reaching safepoint: 89152 ns, At safepoint: 27540062 ns, Total: 27629214 ns
[2022-06-29T15:22:57.229+0000][9][safepoint   ] Safepoint "Cleanup", Time since last: 96071179658 ns, Reaching safepoint: 379114 ns, At safepoint: 35167 ns, Total: 414281 ns
[2022-06-29T15:23:12.169+0000][9][gc,start    ] GC(288) Pause Young (Normal) (G1 Evacuation Pause)
[2022-06-29T15:23:12.183+0000][9][gc,task     ] GC(288) Using 4 workers of 4 for evacuation
[2022-06-29T15:23:12.190+0000][9][gc,age      ] GC(288) Desired survivor size 20971520 bytes, new threshold 15 (max threshold 15)
[2022-06-29T15:23:12.204+0000][9][gc,phases   ] GC(288)   Pre Evacuate Collection Set: 0.2ms
[2022-06-29T15:23:12.210+0000][9][gc,phases   ] GC(288)   Merge Heap Roots: 0.1ms
[2022-06-29T15:23:12.222+0000][9][gc,phases   ] GC(288)   Evacuate Collection Set: 2.2ms
[2022-06-29T15:23:12.234+0000][9][gc,phases   ] GC(288)   Post Evacuate Collection Set: 1.0ms
[2022-06-29T15:23:12.247+0000][9][gc,phases   ] GC(288)   Other: 18.0ms
[2022-06-29T15:23:12.250+0000][9][gc,age      ] GC(288) Age table with threshold 15 (max threshold 15)
[2022-06-29T15:23:12.254+0000][9][gc,age      ] GC(288) - age   1:    1051456 bytes,    1051456 total
[2022-06-29T15:23:12.257+0000][9][gc,age      ] GC(288) - age   2:     157200 bytes,    1208656 total
[2022-06-29T15:23:12.259+0000][9][gc,age      ] GC(288) - age   3:      14944 bytes,    1223600 total
[2022-06-29T15:23:12.270+0000][9][gc,age      ] GC(288) - age   4:     460560 bytes,    1684160 total
[2022-06-29T15:23:12.271+0000][9][gc,age      ] GC(288) - age   5:     293256 bytes,    1977416 total
[2022-06-29T15:23:12.271+0000][9][gc,age      ] GC(288) - age   6:       8496 bytes,    1985912 total
[2022-06-29T15:23:12.272+0000][9][gc,age      ] GC(288) - age   8:        184 bytes,    1986096 total
[2022-06-29T15:23:12.273+0000][9][gc,age      ] GC(288) - age   9:        184 bytes,    1986280 total
[2022-06-29T15:23:12.273+0000][9][gc,age      ] GC(288) - age  10:        600 bytes,    1986880 total
[2022-06-29T15:23:12.274+0000][9][gc,age      ] GC(288) - age  11:        184 bytes,    1987064 total
[2022-06-29T15:23:12.275+0000][9][gc,age      ] GC(288) - age  12:        792 bytes,    1987856 total
[2022-06-29T15:23:12.276+0000][9][gc,heap     ] GC(288) Eden regions: 75->0(75)
[2022-06-29T15:23:12.277+0000][9][gc,heap     ] GC(288) Survivor regions: 1->1(10)
[2022-06-29T15:23:12.278+0000][9][gc,heap     ] GC(288) Old regions: 23->23
[2022-06-29T15:23:12.278+0000][9][gc,heap     ] GC(288) Archive regions: 2->2
[2022-06-29T15:23:12.280+0000][9][gc,heap     ] GC(288) Humongous regions: 0->0
[2022-06-29T15:23:12.281+0000][9][gc,metaspace] GC(288) Metaspace: 130979K(134336K)->130979K(134336K) NonClass: 113888K(115648K)->113888K(115648K) Class: 17091K(18688K)->17091K(18688K)
[2022-06-29T15:23:12.282+0000][9][gc          ] GC(288) Pause Young (Normal) (G1 Evacuation Pause) 395M->95M(512M) 112.611ms
[2022-06-29T15:23:12.282+0000][9][gc,cpu      ] GC(288) User=0.01s Sys=0.00s Real=0.12s
[2022-06-29T15:23:12.283+0000][9][safepoint   ] Safepoint "G1CollectForAllocation", Time since last: 14939542932 ns, Reaching safepoint: 127604 ns, At safepoint: 114054551 ns, Total: 114182155 ns
[2022-06-29T15:24:40.053+0000][9][gc,start    ] GC(289) Pause Young (Normal) (G1 Evacuation Pause)
[2022-06-29T15:24:40.056+0000][9][gc,task     ] GC(289) Using 4 workers of 4 for evacuation
[2022-06-29T15:24:40.057+0000][9][gc,age      ] GC(289) Desired survivor size 20971520 bytes, new threshold 15 (max threshold 15)
[2022-06-29T15:24:40.065+0000][9][gc,phases   ] GC(289)   Pre Evacuate Collection Set: 0.2ms
[2022-06-29T15:24:40.066+0000][9][gc,phases   ] GC(289)   Merge Heap Roots: 0.2ms
[2022-06-29T15:24:40.068+0000][9][gc,phases   ] GC(289)   Evacuate Collection Set: 2.8ms
[2022-06-29T15:24:40.069+0000][9][gc,phases   ] GC(289)   Post Evacuate Collection Set: 4.0ms
[2022-06-29T15:24:40.070+0000][9][gc,phases   ] GC(289)   Other: 2.0ms
[2022-06-29T15:24:40.070+0000][9][gc,age      ] GC(289) Age table with threshold 15 (max threshold 15)
[2022-06-29T15:24:40.071+0000][9][gc,age      ] GC(289) - age   1:    1014200 bytes,    1014200 total
[2022-06-29T15:24:40.072+0000][9][gc,age      ] GC(289) - age   2:     109784 bytes,    1123984 total
[2022-06-29T15:24:40.072+0000][9][gc,age      ] GC(289) - age   3:      30208 bytes,    1154192 total
[2022-06-29T15:24:40.073+0000][9][gc,age      ] GC(289) - age   4:      13888 bytes,    1168080 total
[2022-06-29T15:24:40.074+0000][9][gc,age      ] GC(289) - age   5:     460496 bytes,    1628576 total
[2022-06-29T15:24:40.074+0000][9][gc,age      ] GC(289) - age   6:     293256 bytes,    1921832 total
[2022-06-29T15:24:40.075+0000][9][gc,age      ] GC(289) - age   7:       8496 bytes,    1930328 total
[2022-06-29T15:24:40.077+0000][9][gc,age      ] GC(289) - age   9:        184 bytes,    1930512 total
[2022-06-29T15:24:40.079+0000][9][gc,age      ] GC(289) - age  10:        184 bytes,    1930696 total
[2022-06-29T15:24:40.080+0000][9][gc,age      ] GC(289) - age  11:        600 bytes,    1931296 total
[2022-06-29T15:24:40.081+0000][9][gc,age      ] GC(289) - age  12:        184 bytes,    1931480 total
[2022-06-29T15:24:40.081+0000][9][gc,age      ] GC(289) - age  13:        792 bytes,    1932272 total
[2022-06-29T15:24:40.082+0000][9][gc,heap     ] GC(289) Eden regions: 75->0(75)
[2022-06-29T15:24:40.083+0000][9][gc,heap     ] GC(289) Survivor regions: 1->1(10)
[2022-06-29T15:24:40.084+0000][9][gc,heap     ] GC(289) Old regions: 23->23
[2022-06-29T15:24:40.085+0000][9][gc,heap     ] GC(289) Archive regions: 2->2
[2022-06-29T15:24:40.085+0000][9][gc,heap     ] GC(289) Humongous regions: 0->0
[2022-06-29T15:24:40.086+0000][9][gc,metaspace] GC(289) Metaspace: 130980K(134336K)->130980K(134336K) NonClass: 113889K(115648K)->113889K(115648K) Class: 17091K(18688K)->17091K(18688K)
[2022-06-29T15:24:40.087+0000][9][gc          ] GC(289) Pause Young (Normal) (G1 Evacuation Pause) 395M->95M(512M) 33.447ms
[2022-06-29T15:24:40.087+0000][9][gc,cpu      ] GC(289) User=0.01s Sys=0.01s Real=0.04s
[2022-06-29T15:24:40.088+0000][9][safepoint   ] Safepoint "G1CollectForAllocation", Time since last: 87835252738 ns, Reaching safepoint: 172454 ns, At safepoint: 34859614 ns, Total: 35032068 ns
[2022-06-29T15:24:51.074+0000][9][safepoint   ] Safepoint "Cleanup", Time since last: 11007792340 ns, Reaching safepoint: 125351 ns, At safepoint: 47127 ns, Total: 172478 ns
[2022-06-29T15:26:06.077+0000][9][gc,start    ] GC(290) Pause Young (Normal) (G1 Evacuation Pause)
[2022-06-29T15:26:06.079+0000][9][gc,task     ] GC(290) Using 4 workers of 4 for evacuation
[2022-06-29T15:26:06.080+0000][9][gc,age      ] GC(290) Desired survivor size 20971520 bytes, new threshold 15 (max threshold 15)
[2022-06-29T15:26:06.086+0000][9][gc,phases   ] GC(290)   Pre Evacuate Collection Set: 0.1ms
[2022-06-29T15:26:06.087+0000][9][gc,phases   ] GC(290)   Merge Heap Roots: 0.2ms
[2022-06-29T15:26:06.088+0000][9][gc,phases   ] GC(290)   Evacuate Collection Set: 3.4ms
[2022-06-29T15:26:06.088+0000][9][gc,phases   ] GC(290)   Post Evacuate Collection Set: 1.2ms
[2022-06-29T15:26:06.089+0000][9][gc,phases   ] GC(290)   Other: 1.5ms
[2022-06-29T15:26:06.089+0000][9][gc,age      ] GC(290) Age table with threshold 15 (max threshold 15)
[2022-06-29T15:26:06.090+0000][9][gc,age      ] GC(290) - age   1:    1196840 bytes,    1196840 total
[2022-06-29T15:26:06.091+0000][9][gc,age      ] GC(290) - age   2:       8208 bytes,    1205048 total
[2022-06-29T15:26:06.091+0000][9][gc,age      ] GC(290) - age   3:     108520 bytes,    1313568 total
[2022-06-29T15:26:06.092+0000][9][gc,age      ] GC(290) - age   4:      30144 bytes,    1343712 total
[2022-06-29T15:26:06.092+0000][9][gc,age      ] GC(290) - age   5:      13888 bytes,    1357600 total
[2022-06-29T15:26:06.093+0000][9][gc,age      ] GC(290) - age   6:     460496 bytes,    1818096 total
[2022-06-29T15:26:06.094+0000][9][gc,age      ] GC(290) - age   7:     293256 bytes,    2111352 total
[2022-06-29T15:26:06.095+0000][9][gc,age      ] GC(290) - age   8:       8496 bytes,    2119848 total
[2022-06-29T15:26:06.095+0000][9][gc,age      ] GC(290) - age  10:        184 bytes,    2120032 total
[2022-06-29T15:26:06.096+0000][9][gc,age      ] GC(290) - age  11:        184 bytes,    2120216 total
[2022-06-29T15:26:06.096+0000][9][gc,age      ] GC(290) - age  12:        216 bytes,    2120432 total
[2022-06-29T15:26:06.097+0000][9][gc,age      ] GC(290) - age  13:        184 bytes,    2120616 total
[2022-06-29T15:26:06.097+0000][9][gc,age      ] GC(290) - age  14:        792 bytes,    2121408 total
[2022-06-29T15:26:06.098+0000][9][gc,heap     ] GC(290) Eden regions: 75->0(75)
[2022-06-29T15:26:06.099+0000][9][gc,heap     ] GC(290) Survivor regions: 1->1(10)
[2022-06-29T15:26:06.099+0000][9][gc,heap     ] GC(290) Old regions: 23->23
[2022-06-29T15:26:06.101+0000][9][gc,heap     ] GC(290) Archive regions: 2->2
[2022-06-29T15:26:06.101+0000][9][gc,heap     ] GC(290) Humongous regions: 0->0
[2022-06-29T15:26:06.102+0000][9][gc,metaspace] GC(290) Metaspace: 130980K(134336K)->130980K(134336K) NonClass: 113889K(115648K)->113889K(115648K) Class: 17091K(18688K)->17091K(18688K)
[2022-06-29T15:26:06.103+0000][9][gc          ] GC(290) Pause Young (Normal) (G1 Evacuation Pause) 395M->95M(512M) 25.661ms
[2022-06-29T15:26:06.103+0000][9][gc,cpu      ] GC(290) User=0.01s Sys=0.01s Real=0.03s
[2022-06-29T15:26:06.104+0000][9][safepoint   ] Safepoint "G1CollectForAllocation", Time since last: 75045598296 ns, Reaching safepoint: 97392 ns, At safepoint: 26770524 ns, Total: 26867916 ns
[2022-06-29T15:26:30.104+0000][9][safepoint   ] Safepoint "Cleanup", Time since last: 24021803783 ns, Reaching safepoint: 203229 ns, At safepoint: 13779 ns, Total: 217008 ns
[2022-06-29T15:27:30.034+0000][9][gc,start    ] GC(291) Pause Young (Normal) (G1 Evacuation Pause)
[2022-06-29T15:27:30.036+0000][9][gc,task     ] GC(291) Using 4 workers of 4 for evacuation
[2022-06-29T15:27:30.036+0000][9][gc,age      ] GC(291) Desired survivor size 20971520 bytes, new threshold 15 (max threshold 15)
[2022-06-29T15:27:30.042+0000][9][gc,phases   ] GC(291)   Pre Evacuate Collection Set: 0.1ms
[2022-06-29T15:27:30.043+0000][9][gc,phases   ] GC(291)   Merge Heap Roots: 0.1ms
[2022-06-29T15:27:30.043+0000][9][gc,phases   ] GC(291)   Evacuate Collection Set: 3.1ms
[2022-06-29T15:27:30.044+0000][9][gc,phases   ] GC(291)   Post Evacuate Collection Set: 0.9ms
[2022-06-29T15:27:30.045+0000][9][gc,phases   ] GC(291)   Other: 1.9ms
[2022-06-29T15:27:30.045+0000][9][gc,age      ] GC(291) Age table with threshold 15 (max threshold 15)
[2022-06-29T15:27:30.046+0000][9][gc,age      ] GC(291) - age   1:    1528824 bytes,    1528824 total
[2022-06-29T15:27:30.047+0000][9][gc,age      ] GC(291) - age   2:       1848 bytes,    1530672 total
[2022-06-29T15:27:30.048+0000][9][gc,age      ] GC(291) - age   3:       6496 bytes,    1537168 total
[2022-06-29T15:27:30.049+0000][9][gc,age      ] GC(291) - age   4:     108360 bytes,    1645528 total
[2022-06-29T15:27:30.049+0000][9][gc,age      ] GC(291) - age   5:      30144 bytes,    1675672 total
[2022-06-29T15:27:30.050+0000][9][gc,age      ] GC(291) - age   6:      13592 bytes,    1689264 total
[2022-06-29T15:27:30.050+0000][9][gc,age      ] GC(291) - age   7:     458768 bytes,    2148032 total
[2022-06-29T15:27:30.051+0000][9][gc,age      ] GC(291) - age   8:     293256 bytes,    2441288 total
[2022-06-29T15:27:30.052+0000][9][gc,age      ] GC(291) - age   9:       8496 bytes,    2449784 total
[2022-06-29T15:27:30.052+0000][9][gc,age      ] GC(291) - age  11:        184 bytes,    2449968 total
[2022-06-29T15:27:30.053+0000][9][gc,age      ] GC(291) - age  12:        184 bytes,    2450152 total
[2022-06-29T15:27:30.053+0000][9][gc,age      ] GC(291) - age  13:        216 bytes,    2450368 total
[2022-06-29T15:27:30.054+0000][9][gc,age      ] GC(291) - age  14:        184 bytes,    2450552 total
[2022-06-29T15:27:30.055+0000][9][gc,age      ] GC(291) - age  15:        792 bytes,    2451344 total
[2022-06-29T15:27:30.056+0000][9][gc,heap     ] GC(291) Eden regions: 75->0(75)
[2022-06-29T15:27:30.057+0000][9][gc,heap     ] GC(291) Survivor regions: 1->1(10)
[2022-06-29T15:27:30.058+0000][9][gc,heap     ] GC(291) Old regions: 23->23
[2022-06-29T15:27:30.059+0000][9][gc,heap     ] GC(291) Archive regions: 2->2
[2022-06-29T15:27:30.059+0000][9][gc,heap     ] GC(291) Humongous regions: 0->0
[2022-06-29T15:27:30.061+0000][9][gc,metaspace] GC(291) Metaspace: 130980K(134336K)->130980K(134336K) NonClass: 113889K(115648K)->113889K(115648K) Class: 17091K(18688K)->17091K(18688K)
[2022-06-29T15:27:30.062+0000][9][gc          ] GC(291) Pause Young (Normal) (G1 Evacuation Pause) 395M->95M(512M) 27.319ms
[2022-06-29T15:27:30.062+0000][9][gc,cpu      ] GC(291) User=0.01s Sys=0.00s Real=0.03s
[2022-06-29T15:27:30.063+0000][9][safepoint   ] Safepoint "G1CollectForAllocation", Time since last: 59972439932 ns, Reaching safepoint: 207433 ns, At safepoint: 28621660 ns, Total: 28829093 ns
[2022-06-29T15:28:56.061+0000][9][safepoint   ] Safepoint "Cleanup", Time since last: 86062823762 ns, Reaching safepoint: 352647 ns, At safepoint: 39169 ns, Total: 391816 ns
[2022-06-29T15:29:15.457+0000][9][gc,start    ] GC(292) Pause Young (Normal) (G1 Evacuation Pause)
[2022-06-29T15:29:15.459+0000][9][gc,task     ] GC(292) Using 4 workers of 4 for evacuation
[2022-06-29T15:29:15.460+0000][9][gc,age      ] GC(292) Desired survivor size 20971520 bytes, new threshold 15 (max threshold 15)
[2022-06-29T15:29:15.465+0000][9][gc,phases   ] GC(292)   Pre Evacuate Collection Set: 0.2ms
[2022-06-29T15:29:15.466+0000][9][gc,phases   ] GC(292)   Merge Heap Roots: 0.1ms
[2022-06-29T15:29:15.467+0000][9][gc,phases   ] GC(292)   Evacuate Collection Set: 2.8ms
[2022-06-29T15:29:15.468+0000][9][gc,phases   ] GC(292)   Post Evacuate Collection Set: 0.9ms
[2022-06-29T15:29:15.468+0000][9][gc,phases   ] GC(292)   Other: 2.2ms
[2022-06-29T15:29:15.469+0000][9][gc,age      ] GC(292) Age table with threshold 15 (max threshold 15)
[2022-06-29T15:29:15.469+0000][9][gc,age      ] GC(292) - age   1:     977168 bytes,     977168 total
[2022-06-29T15:29:15.470+0000][9][gc,age      ] GC(292) - age   2:       7792 bytes,     984960 total
[2022-06-29T15:29:15.471+0000][9][gc,age      ] GC(292) - age   3:        760 bytes,     985720 total
[2022-06-29T15:29:15.471+0000][9][gc,age      ] GC(292) - age   4:       6432 bytes,     992152 total
[2022-06-29T15:29:15.472+0000][9][gc,age      ] GC(292) - age   5:     108360 bytes,    1100512 total
[2022-06-29T15:29:15.474+0000][9][gc,age      ] GC(292) - age   6:      30144 bytes,    1130656 total
[2022-06-29T15:29:15.474+0000][9][gc,age      ] GC(292) - age   7:      13408 bytes,    1144064 total
[2022-06-29T15:29:15.475+0000][9][gc,age      ] GC(292) - age   8:     458768 bytes,    1602832 total
[2022-06-29T15:29:15.476+0000][9][gc,age      ] GC(292) - age   9:     293256 bytes,    1896088 total
[2022-06-29T15:29:15.476+0000][9][gc,age      ] GC(292) - age  10:       8496 bytes,    1904584 total
[2022-06-29T15:29:15.477+0000][9][gc,age      ] GC(292) - age  12:        184 bytes,    1904768 total
[2022-06-29T15:29:15.477+0000][9][gc,age      ] GC(292) - age  13:        184 bytes,    1904952 total
[2022-06-29T15:29:15.478+0000][9][gc,age      ] GC(292) - age  14:        216 bytes,    1905168 total
[2022-06-29T15:29:15.479+0000][9][gc,age      ] GC(292) - age  15:        184 bytes,    1905352 total
[2022-06-29T15:29:15.479+0000][9][gc,heap     ] GC(292) Eden regions: 75->0(75)
[2022-06-29T15:29:15.480+0000][9][gc,heap     ] GC(292) Survivor regions: 1->1(10)
[2022-06-29T15:29:15.481+0000][9][gc,heap     ] GC(292) Old regions: 23->23
[2022-06-29T15:29:15.481+0000][9][gc,heap     ] GC(292) Archive regions: 2->2
[2022-06-29T15:29:15.482+0000][9][gc,heap     ] GC(292) Humongous regions: 0->0
[2022-06-29T15:29:15.483+0000][9][gc,metaspace] GC(292) Metaspace: 130982K(134336K)->130982K(134336K) NonClass: 113891K(115648K)->113891K(115648K) Class: 17091K(18688K)->17091K(18688K)
[2022-06-29T15:29:15.484+0000][9][gc          ] GC(292) Pause Young (Normal) (G1 Evacuation Pause) 395M->95M(512M) 27.281ms
[2022-06-29T15:29:15.485+0000][9][gc,cpu      ] GC(292) User=0.01s Sys=0.00s Real=0.03s
[2022-06-29T15:29:15.485+0000][9][safepoint   ] Safepoint "G1CollectForAllocation", Time since last: 19395995977 ns, Reaching safepoint: 99633 ns, At safepoint: 28699417 ns, Total: 28799050 ns
[2022-06-29T15:29:16.487+0000][9][safepoint   ] Safepoint "Cleanup", Time since last: 1001009331 ns, Reaching safepoint: 75955 ns, At safepoint: 3372 ns, Total: 79327 ns
[2022-06-29T15:30:15.494+0000][9][safepoint   ] Safepoint "Cleanup", Time since last: 59047753774 ns, Reaching safepoint: 3927666 ns, At safepoint: 89734 ns, Total: 4017400 ns
[2022-06-29T15:30:18.500+0000][9][safepoint   ] Safepoint "Cleanup", Time since last: 3006767878 ns, Reaching safepoint: 264697 ns, At safepoint: 37838 ns, Total: 302535 ns
[2022-06-29T15:30:30.494+0000][9][safepoint   ] Safepoint "Cleanup", Time since last: 12012785100 ns, Reaching safepoint: 112605 ns, At safepoint: 27834 ns, Total: 140439 ns
[2022-06-29T15:30:42.500+0000][9][gc,start    ] GC(293) Pause Young (Normal) (G1 Evacuation Pause)
[2022-06-29T15:30:42.503+0000][9][gc,task     ] GC(293) Using 4 workers of 4 for evacuation
[2022-06-29T15:30:42.503+0000][9][gc,age      ] GC(293) Desired survivor size 20971520 bytes, new threshold 15 (max threshold 15)
[2022-06-29T15:30:42.533+0000][9][gc,phases   ] GC(293)   Pre Evacuate Collection Set: 1.3ms
[2022-06-29T15:30:42.533+0000][9][gc,phases   ] GC(293)   Merge Heap Roots: 0.4ms
[2022-06-29T15:30:42.534+0000][9][gc,phases   ] GC(293)   Evacuate Collection Set: 18.2ms
[2022-06-29T15:30:42.535+0000][9][gc,phases   ] GC(293)   Post Evacuate Collection Set: 7.6ms
[2022-06-29T15:30:42.535+0000][9][gc,phases   ] GC(293)   Other: 2.6ms
[2022-06-29T15:30:42.536+0000][9][gc,age      ] GC(293) Age table with threshold 15 (max threshold 15)
[2022-06-29T15:30:42.537+0000][9][gc,age      ] GC(293) - age   1:    1096896 bytes,    1096896 total
[2022-06-29T15:30:42.538+0000][9][gc,age      ] GC(293) - age   2:       1720 bytes,    1098616 total
[2022-06-29T15:30:42.539+0000][9][gc,age      ] GC(293) - age   3:       6704 bytes,    1105320 total
[2022-06-29T15:30:42.539+0000][9][gc,age      ] GC(293) - age   4:        568 bytes,    1105888 total
[2022-06-29T15:30:42.540+0000][9][gc,age      ] GC(293) - age   5:       6432 bytes,    1112320 total
[2022-06-29T15:30:42.541+0000][9][gc,age      ] GC(293) - age   6:     108360 bytes,    1220680 total
[2022-06-29T15:30:42.541+0000][9][gc,age      ] GC(293) - age   7:      21712 bytes,    1242392 total
[2022-06-29T15:30:42.542+0000][9][gc,age      ] GC(293) - age   8:      13376 bytes,    1255768 total
[2022-06-29T15:30:42.543+0000][9][gc,age      ] GC(293) - age   9:     458768 bytes,    1714536 total
[2022-06-29T15:30:42.543+0000][9][gc,age      ] GC(293) - age  10:     293256 bytes,    2007792 total
[2022-06-29T15:30:42.544+0000][9][gc,age      ] GC(293) - age  11:       8496 bytes,    2016288 total
[2022-06-29T15:30:42.544+0000][9][gc,age      ] GC(293) - age  13:        184 bytes,    2016472 total
[2022-06-29T15:30:42.545+0000][9][gc,age      ] GC(293) - age  14:        184 bytes,    2016656 total
[2022-06-29T15:30:42.546+0000][9][gc,age      ] GC(293) - age  15:        216 bytes,    2016872 total
[2022-06-29T15:30:42.546+0000][9][gc,heap     ] GC(293) Eden regions: 75->0(75)
[2022-06-29T15:30:42.547+0000][9][gc,heap     ] GC(293) Survivor regions: 1->1(10)
[2022-06-29T15:30:42.548+0000][9][gc,heap     ] GC(293) Old regions: 23->23
[2022-06-29T15:30:42.548+0000][9][gc,heap     ] GC(293) Archive regions: 2->2
[2022-06-29T15:30:42.549+0000][9][gc,heap     ] GC(293) Humongous regions: 0->0
[2022-06-29T15:30:42.550+0000][9][gc,metaspace] GC(293) Metaspace: 130982K(134336K)->130982K(134336K) NonClass: 113891K(115648K)->113891K(115648K) Class: 17091K(18688K)->17091K(18688K)
[2022-06-29T15:30:42.550+0000][9][gc          ] GC(293) Pause Young (Normal) (G1 Evacuation Pause) 395M->95M(512M) 50.016ms
[2022-06-29T15:30:42.552+0000][9][gc,cpu      ] GC(293) User=0.07s Sys=0.00s Real=0.05s
[2022-06-29T15:30:42.552+0000][9][safepoint   ] Safepoint "G1CollectForAllocation", Time since last: 12006693888 ns, Reaching safepoint: 67319 ns, At safepoint: 51932854 ns, Total: 52000173 ns
[2022-06-29T15:30:48.557+0000][9][safepoint   ] Safepoint "Cleanup", Time since last: 6004613069 ns, Reaching safepoint: 218700 ns, At safepoint: 15489 ns, Total: 234189 ns
[2022-06-29T15:30:51.540+0000][9][safepoint   ] Safepoint "Cleanup", Time since last: 3003020589 ns, Reaching safepoint: 258893 ns, At safepoint: 46307 ns, Total: 305200 ns
[2022-06-29T15:31:03.552+0000][9][safepoint   ] Safepoint "Cleanup", Time since last: 12011787710 ns, Reaching safepoint: 254766 ns, At safepoint: 60069 ns, Total: 314835 ns
[2022-06-29T15:31:21.549+0000][9][safepoint   ] Safepoint "Cleanup", Time since last: 18016849221 ns, Reaching safepoint: 238096 ns, At safepoint: 37464 ns, Total: 275560 ns
[2022-06-29T15:31:50.573+0000][9][safepoint   ] Safepoint "Cleanup", Time since last: 29024366277 ns, Reaching safepoint: 101132 ns, At safepoint: 110157 ns, Total: 211289 ns
[2022-06-29T15:32:15.634+0000][9][gc,start    ] GC(294) Pause Young (Normal) (G1 Evacuation Pause)
[2022-06-29T15:32:15.635+0000][9][gc,task     ] GC(294) Using 4 workers of 4 for evacuation
[2022-06-29T15:32:15.636+0000][9][gc,age      ] GC(294) Desired survivor size 20971520 bytes, new threshold 15 (max threshold 15)
[2022-06-29T15:32:15.648+0000][9][gc,phases   ] GC(294)   Pre Evacuate Collection Set: 0.3ms
[2022-06-29T15:32:15.649+0000][9][gc,phases   ] GC(294)   Merge Heap Roots: 0.1ms
[2022-06-29T15:32:15.650+0000][9][gc,phases   ] GC(294)   Evacuate Collection Set: 8.2ms
[2022-06-29T15:32:15.651+0000][9][gc,phases   ] GC(294)   Post Evacuate Collection Set: 2.0ms
[2022-06-29T15:32:15.651+0000][9][gc,phases   ] GC(294)   Other: 2.4ms
[2022-06-29T15:32:15.652+0000][9][gc,age      ] GC(294) Age table with threshold 15 (max threshold 15)
[2022-06-29T15:32:15.653+0000][9][gc,age      ] GC(294) - age   1:    1180056 bytes,    1180056 total
[2022-06-29T15:32:15.654+0000][9][gc,age      ] GC(294) - age   2:       1592 bytes,    1181648 total
[2022-06-29T15:32:15.655+0000][9][gc,age      ] GC(294) - age   3:        768 bytes,    1182416 total
[2022-06-29T15:32:15.656+0000][9][gc,age      ] GC(294) - age   4:       6456 bytes,    1188872 total
[2022-06-29T15:32:15.657+0000][9][gc,age      ] GC(294) - age   5:        568 bytes,    1189440 total
[2022-06-29T15:32:15.658+0000][9][gc,age      ] GC(294) - age   6:       6432 bytes,    1195872 total
[2022-06-29T15:32:15.658+0000][9][gc,age      ] GC(294) - age   7:     108360 bytes,    1304232 total
[2022-06-29T15:32:15.659+0000][9][gc,age      ] GC(294) - age   8:      21712 bytes,    1325944 total
[2022-06-29T15:32:15.660+0000][9][gc,age      ] GC(294) - age   9:      13376 bytes,    1339320 total
[2022-06-29T15:32:15.661+0000][9][gc,age      ] GC(294) - age  10:     458376 bytes,    1797696 total
[2022-06-29T15:32:15.662+0000][9][gc,age      ] GC(294) - age  11:     293256 bytes,    2090952 total
[2022-06-29T15:32:15.662+0000][9][gc,age      ] GC(294) - age  12:       8496 bytes,    2099448 total
[2022-06-29T15:32:15.663+0000][9][gc,age      ] GC(294) - age  14:        184 bytes,    2099632 total
[2022-06-29T15:32:15.664+0000][9][gc,age      ] GC(294) - age  15:        184 bytes,    2099816 total
[2022-06-29T15:32:15.666+0000][9][gc,heap     ] GC(294) Eden regions: 75->0(75)
[2022-06-29T15:32:15.667+0000][9][gc,heap     ] GC(294) Survivor regions: 1->1(10)
[2022-06-29T15:32:15.667+0000][9][gc,heap     ] GC(294) Old regions: 23->23
[2022-06-29T15:32:15.669+0000][9][gc,heap     ] GC(294) Archive regions: 2->2
[2022-06-29T15:32:15.670+0000][9][gc,heap     ] GC(294) Humongous regions: 0->0
[2022-06-29T15:32:15.671+0000][9][gc,metaspace] GC(294) Metaspace: 130982K(134336K)->130982K(134336K) NonClass: 113891K(115648K)->113891K(115648K) Class: 17091K(18688K)->17091K(18688K)
[2022-06-29T15:32:15.674+0000][9][gc          ] GC(294) Pause Young (Normal) (G1 Evacuation Pause) 395M->95M(512M) 40.946ms
[2022-06-29T15:32:15.675+0000][9][gc,cpu      ] GC(294) User=0.02s Sys=0.00s Real=0.04s
[2022-06-29T15:32:15.676+0000][9][safepoint   ] Safepoint "G1CollectForAllocation", Time since last: 25083894618 ns, Reaching safepoint: 517967 ns, At safepoint: 42763076 ns, Total: 43281043 ns
[2022-06-29T15:33:50.678+0000][9][safepoint   ] Safepoint "Cleanup", Time since last: 95088927449 ns, Reaching safepoint: 218179 ns, At safepoint: 13677 ns, Total: 231856 ns
[2022-06-29T15:34:03.418+0000][9][gc,start    ] GC(295) Pause Young (Normal) (G1 Evacuation Pause)
[2022-06-29T15:34:03.420+0000][9][gc,task     ] GC(295) Using 4 workers of 4 for evacuation
[2022-06-29T15:34:03.421+0000][9][gc,age      ] GC(295) Desired survivor size 20971520 bytes, new threshold 15 (max threshold 15)
[2022-06-29T15:34:03.432+0000][9][gc,phases   ] GC(295)   Pre Evacuate Collection Set: 0.2ms
[2022-06-29T15:34:03.434+0000][9][gc,phases   ] GC(295)   Merge Heap Roots: 0.3ms
[2022-06-29T15:34:03.436+0000][9][gc,phases   ] GC(295)   Evacuate Collection Set: 5.0ms
[2022-06-29T15:34:03.438+0000][9][gc,phases   ] GC(295)   Post Evacuate Collection Set: 4.8ms
[2022-06-29T15:34:03.439+0000][9][gc,phases   ] GC(295)   Other: 1.9ms
[2022-06-29T15:34:03.440+0000][9][gc,age      ] GC(295) Age table with threshold 15 (max threshold 15)
[2022-06-29T15:34:03.441+0000][9][gc,age      ] GC(295) - age   1:     590840 bytes,     590840 total
[2022-06-29T15:34:03.442+0000][9][gc,age      ] GC(295) - age   2:       7632 bytes,     598472 total
[2022-06-29T15:34:03.443+0000][9][gc,age      ] GC(295) - age   3:        504 bytes,     598976 total
[2022-06-29T15:34:03.445+0000][9][gc,age      ] GC(295) - age   4:        408 bytes,     599384 total
[2022-06-29T15:34:03.445+0000][9][gc,age      ] GC(295) - age   5:       6392 bytes,     605776 total
[2022-06-29T15:34:03.446+0000][9][gc,age      ] GC(295) - age   6:        568 bytes,     606344 total
[2022-06-29T15:34:03.448+0000][9][gc,age      ] GC(295) - age   7:       6432 bytes,     612776 total
[2022-06-29T15:34:03.449+0000][9][gc,age      ] GC(295) - age   8:     108360 bytes,     721136 total
[2022-06-29T15:34:03.450+0000][9][gc,age      ] GC(295) - age   9:      21712 bytes,     742848 total
[2022-06-29T15:34:03.450+0000][9][gc,age      ] GC(295) - age  10:      13376 bytes,     756224 total
[2022-06-29T15:34:03.452+0000][9][gc,age      ] GC(295) - age  11:     458376 bytes,    1214600 total
[2022-06-29T15:34:03.454+0000][9][gc,age      ] GC(295) - age  12:     293256 bytes,    1507856 total
[2022-06-29T15:34:03.454+0000][9][gc,age      ] GC(295) - age  13:       8496 bytes,    1516352 total
[2022-06-29T15:34:03.455+0000][9][gc,age      ] GC(295) - age  15:        184 bytes,    1516536 total
[2022-06-29T15:34:03.456+0000][9][gc,heap     ] GC(295) Eden regions: 75->0(75)
[2022-06-29T15:34:03.456+0000][9][gc,heap     ] GC(295) Survivor regions: 1->1(10)
[2022-06-29T15:34:03.457+0000][9][gc,heap     ] GC(295) Old regions: 23->23
[2022-06-29T15:34:03.458+0000][9][gc,heap     ] GC(295) Archive regions: 2->2
[2022-06-29T15:34:03.458+0000][9][gc,heap     ] GC(295) Humongous regions: 0->0
[2022-06-29T15:34:03.460+0000][9][gc,metaspace] GC(295) Metaspace: 130982K(134336K)->130982K(134336K) NonClass: 113891K(115648K)->113891K(115648K) Class: 17091K(18688K)->17091K(18688K)
[2022-06-29T15:34:03.461+0000][9][gc          ] GC(295) Pause Young (Normal) (G1 Evacuation Pause) 395M->95M(512M) 43.096ms
[2022-06-29T15:34:03.462+0000][9][gc,cpu      ] GC(295) User=0.01s Sys=0.01s Real=0.05s
[2022-06-29T15:34:03.462+0000][9][safepoint   ] Safepoint "G1CollectForAllocation", Time since last: 12739544257 ns, Reaching safepoint: 99576 ns, At safepoint: 44660867 ns, Total: 44760443 ns
[2022-06-29T15:34:50.479+0000][9][safepoint   ] Safepoint "Cleanup", Time since last: 47034928276 ns, Reaching safepoint: 2781206 ns, At safepoint: 61494 ns, Total: 2842700 ns
[2022-06-29T15:35:01.467+0000][9][safepoint   ] Safepoint "Cleanup", Time since last: 11008877424 ns, Reaching safepoint: 351432 ns, At safepoint: 54291 ns, Total: 405723 ns
[2022-06-29T15:35:21.465+0000][9][safepoint   ] Safepoint "Cleanup", Time since last: 20018685859 ns, Reaching safepoint: 310387 ns, At safepoint: 70910 ns, Total: 381297 ns
[2022-06-29T15:35:50.486+0000][9][safepoint   ] Safepoint "Cleanup", Time since last: 29019911905 ns, Reaching safepoint: 1089829 ns, At safepoint: 14209 ns, Total: 1104038 ns
[2022-06-29T15:35:57.293+0000][9][gc,start    ] GC(296) Pause Young (Normal) (G1 Evacuation Pause)
[2022-06-29T15:35:57.297+0000][9][gc,task     ] GC(296) Using 4 workers of 4 for evacuation
[2022-06-29T15:35:57.298+0000][9][gc,age      ] GC(296) Desired survivor size 20971520 bytes, new threshold 15 (max threshold 15)
[2022-06-29T15:35:57.305+0000][9][gc,phases   ] GC(296)   Pre Evacuate Collection Set: 0.2ms
[2022-06-29T15:35:57.306+0000][9][gc,phases   ] GC(296)   Merge Heap Roots: 0.4ms
[2022-06-29T15:35:57.307+0000][9][gc,phases   ] GC(296)   Evacuate Collection Set: 4.8ms
[2022-06-29T15:35:57.307+0000][9][gc,phases   ] GC(296)   Post Evacuate Collection Set: 1.4ms
[2022-06-29T15:35:57.308+0000][9][gc,phases   ] GC(296)   Other: 1.6ms
[2022-06-29T15:35:57.309+0000][9][gc,age      ] GC(296) Age table with threshold 15 (max threshold 15)
[2022-06-29T15:35:57.310+0000][9][gc,age      ] GC(296) - age   1:    1207976 bytes,    1207976 total
[2022-06-29T15:35:57.310+0000][9][gc,age      ] GC(296) - age   2:       6056 bytes,    1214032 total
[2022-06-29T15:35:57.311+0000][9][gc,age      ] GC(296) - age   3:       5496 bytes,    1219528 total
[2022-06-29T15:35:57.311+0000][9][gc,age      ] GC(296) - age   4:        184 bytes,    1219712 total
[2022-06-29T15:35:57.312+0000][9][gc,age      ] GC(296) - age   5:        408 bytes,    1220120 total
[2022-06-29T15:35:57.313+0000][9][gc,age      ] GC(296) - age   6:       6392 bytes,    1226512 total
[2022-06-29T15:35:57.313+0000][9][gc,age      ] GC(296) - age   7:        568 bytes,    1227080 total
[2022-06-29T15:35:57.314+0000][9][gc,age      ] GC(296) - age   8:       6432 bytes,    1233512 total
[2022-06-29T15:35:57.315+0000][9][gc,age      ] GC(296) - age   9:     108064 bytes,    1341576 total
[2022-06-29T15:35:57.315+0000][9][gc,age      ] GC(296) - age  10:      13496 bytes,    1355072 total
[2022-06-29T15:35:57.316+0000][9][gc,age      ] GC(296) - age  11:      13376 bytes,    1368448 total
[2022-06-29T15:35:57.317+0000][9][gc,age      ] GC(296) - age  12:     458376 bytes,    1826824 total
[2022-06-29T15:35:57.318+0000][9][gc,age      ] GC(296) - age  13:     293256 bytes,    2120080 total
[2022-06-29T15:35:57.318+0000][9][gc,age      ] GC(296) - age  14:       8496 bytes,    2128576 total
[2022-06-29T15:35:57.319+0000][9][gc,heap     ] GC(296) Eden regions: 75->0(75)
[2022-06-29T15:35:57.320+0000][9][gc,heap     ] GC(296) Survivor regions: 1->1(10)
[2022-06-29T15:35:57.320+0000][9][gc,heap     ] GC(296) Old regions: 23->23
[2022-06-29T15:35:57.321+0000][9][gc,heap     ] GC(296) Archive regions: 2->2
[2022-06-29T15:35:57.322+0000][9][gc,heap     ] GC(296) Humongous regions: 0->0
[2022-06-29T15:35:57.322+0000][9][gc,metaspace] GC(296) Metaspace: 130982K(134336K)->130982K(134336K) NonClass: 113891K(115648K)->113891K(115648K) Class: 17091K(18688K)->17091K(18688K)
[2022-06-29T15:35:57.323+0000][9][gc          ] GC(296) Pause Young (Normal) (G1 Evacuation Pause) 395M->95M(512M) 29.489ms
[2022-06-29T15:35:57.324+0000][9][gc,cpu      ] GC(296) User=0.01s Sys=0.01s Real=0.03s
[2022-06-29T15:35:57.324+0000][9][safepoint   ] Safepoint "G1CollectForAllocation", Time since last: 6829081076 ns, Reaching safepoint: 262533 ns, At safepoint: 30869599 ns, Total: 31132132 ns
[2022-06-29T15:37:45.302+0000][9][gc,start    ] GC(297) Pause Young (Normal) (G1 Evacuation Pause)
[2022-06-29T15:37:45.308+0000][9][gc,task     ] GC(297) Using 4 workers of 4 for evacuation
[2022-06-29T15:37:45.312+0000][9][gc,age      ] GC(297) Desired survivor size 20971520 bytes, new threshold 15 (max threshold 15)
[2022-06-29T15:37:45.325+0000][9][gc,phases   ] GC(297)   Pre Evacuate Collection Set: 0.3ms
[2022-06-29T15:37:45.327+0000][9][gc,phases   ] GC(297)   Merge Heap Roots: 0.1ms
[2022-06-29T15:37:45.328+0000][9][gc,phases   ] GC(297)   Evacuate Collection Set: 7.7ms
[2022-06-29T15:37:45.329+0000][9][gc,phases   ] GC(297)   Post Evacuate Collection Set: 1.4ms
[2022-06-29T15:37:45.330+0000][9][gc,phases   ] GC(297)   Other: 7.3ms
[2022-06-29T15:37:45.330+0000][9][gc,age      ] GC(297) Age table with threshold 15 (max threshold 15)
[2022-06-29T15:37:45.332+0000][9][gc,age      ] GC(297) - age   1:    1867320 bytes,    1867320 total
[2022-06-29T15:37:45.333+0000][9][gc,age      ] GC(297) - age   2:      10616 bytes,    1877936 total
[2022-06-29T15:37:45.334+0000][9][gc,age      ] GC(297) - age   3:       5320 bytes,    1883256 total
[2022-06-29T15:37:45.335+0000][9][gc,age      ] GC(297) - age   4:       5400 bytes,    1888656 total
[2022-06-29T15:37:45.336+0000][9][gc,age      ] GC(297) - age   5:        184 bytes,    1888840 total
[2022-06-29T15:37:45.337+0000][9][gc,age      ] GC(297) - age   6:        408 bytes,    1889248 total
[2022-06-29T15:37:45.338+0000][9][gc,age      ] GC(297) - age   7:       4664 bytes,    1893912 total
[2022-06-29T15:37:45.338+0000][9][gc,age      ] GC(297) - age   8:        568 bytes,    1894480 total
[2022-06-29T15:37:45.339+0000][9][gc,age      ] GC(297) - age   9:       6432 bytes,    1900912 total
[2022-06-29T15:37:45.341+0000][9][gc,age      ] GC(297) - age  10:     108064 bytes,    2008976 total
[2022-06-29T15:37:45.342+0000][9][gc,age      ] GC(297) - age  11:      13496 bytes,    2022472 total
[2022-06-29T15:37:45.343+0000][9][gc,age      ] GC(297) - age  12:      13376 bytes,    2035848 total
[2022-06-29T15:37:45.344+0000][9][gc,age      ] GC(297) - age  13:     458376 bytes,    2494224 total
[2022-06-29T15:37:45.345+0000][9][gc,age      ] GC(297) - age  14:     293256 bytes,    2787480 total
[2022-06-29T15:37:45.345+0000][9][gc,age      ] GC(297) - age  15:       8496 bytes,    2795976 total
[2022-06-29T15:37:45.346+0000][9][gc,heap     ] GC(297) Eden regions: 75->0(75)
[2022-06-29T15:37:45.347+0000][9][gc,heap     ] GC(297) Survivor regions: 1->1(10)
[2022-06-29T15:37:45.349+0000][9][gc,heap     ] GC(297) Old regions: 23->23
[2022-06-29T15:37:45.350+0000][9][gc,heap     ] GC(297) Archive regions: 2->2
[2022-06-29T15:37:45.351+0000][9][gc,heap     ] GC(297) Humongous regions: 0->0
[2022-06-29T15:37:45.351+0000][9][gc,metaspace] GC(297) Metaspace: 130983K(134336K)->130983K(134336K) NonClass: 113892K(115648K)->113892K(115648K) Class: 17091K(18688K)->17091K(18688K)
[2022-06-29T15:37:45.352+0000][9][gc          ] GC(297) Pause Young (Normal) (G1 Evacuation Pause) 395M->96M(512M) 49.889ms
[2022-06-29T15:37:45.353+0000][9][gc,cpu      ] GC(297) User=0.02s Sys=0.00s Real=0.05s
[2022-06-29T15:37:45.355+0000][9][safepoint   ] Safepoint "G1CollectForAllocation", Time since last: 108043015967 ns, Reaching safepoint: 148923 ns, At safepoint: 52516865 ns, Total: 52665788 ns
[2022-06-29T15:39:36.209+0000][9][gc,start    ] GC(298) Pause Young (Normal) (G1 Evacuation Pause)
[2022-06-29T15:39:36.212+0000][9][gc,task     ] GC(298) Using 4 workers of 4 for evacuation
[2022-06-29T15:39:36.213+0000][9][gc,age      ] GC(298) Desired survivor size 20971520 bytes, new threshold 15 (max threshold 15)
[2022-06-29T15:39:36.219+0000][9][gc,phases   ] GC(298)   Pre Evacuate Collection Set: 0.2ms
[2022-06-29T15:39:36.220+0000][9][gc,phases   ] GC(298)   Merge Heap Roots: 0.1ms
[2022-06-29T15:39:36.221+0000][9][gc,phases   ] GC(298)   Evacuate Collection Set: 2.8ms
[2022-06-29T15:39:36.223+0000][9][gc,phases   ] GC(298)   Post Evacuate Collection Set: 1.3ms
[2022-06-29T15:39:36.223+0000][9][gc,phases   ] GC(298)   Other: 3.2ms
[2022-06-29T15:39:36.224+0000][9][gc,age      ] GC(298) Age table with threshold 15 (max threshold 15)
[2022-06-29T15:39:36.225+0000][9][gc,age      ] GC(298) - age   1:    1143936 bytes,    1143936 total
[2022-06-29T15:39:36.227+0000][9][gc,age      ] GC(298) - age   2:       3928 bytes,    1147864 total
[2022-06-29T15:39:36.228+0000][9][gc,age      ] GC(298) - age   3:       9216 bytes,    1157080 total
[2022-06-29T15:39:36.230+0000][9][gc,age      ] GC(298) - age   4:       4960 bytes,    1162040 total
[2022-06-29T15:39:36.231+0000][9][gc,age      ] GC(298) - age   5:       5400 bytes,    1167440 total
[2022-06-29T15:39:36.232+0000][9][gc,age      ] GC(298) - age   6:        184 bytes,    1167624 total
[2022-06-29T15:39:36.233+0000][9][gc,age      ] GC(298) - age   7:        232 bytes,    1167856 total
[2022-06-29T15:39:36.235+0000][9][gc,age      ] GC(298) - age   8:       4664 bytes,    1172520 total
[2022-06-29T15:39:36.235+0000][9][gc,age      ] GC(298) - age   9:        568 bytes,    1173088 total
[2022-06-29T15:39:36.237+0000][9][gc,age      ] GC(298) - age  10:       6432 bytes,    1179520 total
[2022-06-29T15:39:36.238+0000][9][gc,age      ] GC(298) - age  11:     108064 bytes,    1287584 total
[2022-06-29T15:39:36.239+0000][9][gc,age      ] GC(298) - age  12:      13496 bytes,    1301080 total
[2022-06-29T15:39:36.240+0000][9][gc,age      ] GC(298) - age  13:      13344 bytes,    1314424 total
[2022-06-29T15:39:36.241+0000][9][gc,age      ] GC(298) - age  14:     458376 bytes,    1772800 total
[2022-06-29T15:39:36.242+0000][9][gc,age      ] GC(298) - age  15:     293256 bytes,    2066056 total
[2022-06-29T15:39:36.244+0000][9][gc,heap     ] GC(298) Eden regions: 75->0(75)
[2022-06-29T15:39:36.246+0000][9][gc,heap     ] GC(298) Survivor regions: 1->1(10)
[2022-06-29T15:39:36.246+0000][9][gc,heap     ] GC(298) Old regions: 23->23
[2022-06-29T15:39:36.248+0000][9][gc,heap     ] GC(298) Archive regions: 2->2
[2022-06-29T15:39:36.249+0000][9][gc,heap     ] GC(298) Humongous regions: 0->0
[2022-06-29T15:39:36.250+0000][9][gc,metaspace] GC(298) Metaspace: 130984K(134336K)->130984K(134336K) NonClass: 113893K(115648K)->113893K(115648K) Class: 17091K(18688K)->17091K(18688K)
[2022-06-29T15:39:36.251+0000][9][gc          ] GC(298) Pause Young (Normal) (G1 Evacuation Pause) 396M->95M(512M) 41.690ms
[2022-06-29T15:39:36.252+0000][9][gc,cpu      ] GC(298) User=0.01s Sys=0.00s Real=0.04s
[2022-06-29T15:39:36.253+0000][9][safepoint   ] Safepoint "G1CollectForAllocation", Time since last: 110939429118 ns, Reaching safepoint: 368872 ns, At safepoint: 43860787 ns, Total: 44229659 ns
[2022-06-29T15:39:50.267+0000][9][safepoint   ] Safepoint "Cleanup", Time since last: 14013854965 ns, Reaching safepoint: 240842 ns, At safepoint: 11046 ns, Total: 251888 ns
[2022-06-29T15:40:50.270+0000][9][safepoint   ] Safepoint "Cleanup", Time since last: 60046269028 ns, Reaching safepoint: 195946 ns, At safepoint: 10095 ns, Total: 206041 ns
[2022-06-29T15:41:00.189+0000][9][gc,start    ] GC(299) Pause Young (Normal) (G1 Evacuation Pause)
[2022-06-29T15:41:00.191+0000][9][gc,task     ] GC(299) Using 4 workers of 4 for evacuation
[2022-06-29T15:41:00.192+0000][9][gc,age      ] GC(299) Desired survivor size 20971520 bytes, new threshold 15 (max threshold 15)
[2022-06-29T15:41:00.200+0000][9][gc,phases   ] GC(299)   Pre Evacuate Collection Set: 0.3ms
[2022-06-29T15:41:00.203+0000][9][gc,phases   ] GC(299)   Merge Heap Roots: 0.2ms
[2022-06-29T15:41:00.204+0000][9][gc,phases   ] GC(299)   Evacuate Collection Set: 4.0ms
[2022-06-29T15:41:00.206+0000][9][gc,phases   ] GC(299)   Post Evacuate Collection Set: 1.9ms
[2022-06-29T15:41:00.207+0000][9][gc,phases   ] GC(299)   Other: 2.6ms
[2022-06-29T15:41:00.208+0000][9][gc,age      ] GC(299) Age table with threshold 15 (max threshold 15)
[2022-06-29T15:41:00.208+0000][9][gc,age      ] GC(299) - age   1:    1415472 bytes,    1415472 total
[2022-06-29T15:41:00.209+0000][9][gc,age      ] GC(299) - age   2:      14968 bytes,    1430440 total
[2022-06-29T15:41:00.210+0000][9][gc,age      ] GC(299) - age   3:       2008 bytes,    1432448 total
[2022-06-29T15:41:00.211+0000][9][gc,age      ] GC(299) - age   4:       8664 bytes,    1441112 total
[2022-06-29T15:41:00.212+0000][9][gc,age      ] GC(299) - age   5:       4712 bytes,    1445824 total
[2022-06-29T15:41:00.213+0000][9][gc,age      ] GC(299) - age   6:       5400 bytes,    1451224 total
[2022-06-29T15:41:00.214+0000][9][gc,age      ] GC(299) - age   7:        184 bytes,    1451408 total
[2022-06-29T15:41:00.215+0000][9][gc,age      ] GC(299) - age   8:        232 bytes,    1451640 total
[2022-06-29T15:41:00.216+0000][9][gc,age      ] GC(299) - age   9:       4664 bytes,    1456304 total
[2022-06-29T15:41:00.219+0000][9][gc,age      ] GC(299) - age  10:        568 bytes,    1456872 total
[2022-06-29T15:41:00.220+0000][9][gc,age      ] GC(299) - age  11:       6432 bytes,    1463304 total
[2022-06-29T15:41:00.221+0000][9][gc,age      ] GC(299) - age  12:     108064 bytes,    1571368 total
[2022-06-29T15:41:00.222+0000][9][gc,age      ] GC(299) - age  13:      13496 bytes,    1584864 total
[2022-06-29T15:41:00.223+0000][9][gc,age      ] GC(299) - age  14:      13344 bytes,    1598208 total
[2022-06-29T15:41:00.224+0000][9][gc,age      ] GC(299) - age  15:     458376 bytes,    2056584 total
[2022-06-29T15:41:00.224+0000][9][gc,heap     ] GC(299) Eden regions: 75->0(75)
[2022-06-29T15:41:00.225+0000][9][gc,heap     ] GC(299) Survivor regions: 1->1(10)
[2022-06-29T15:41:00.226+0000][9][gc,heap     ] GC(299) Old regions: 23->23
[2022-06-29T15:41:00.229+0000][9][gc,heap     ] GC(299) Archive regions: 2->2
[2022-06-29T15:41:00.229+0000][9][gc,heap     ] GC(299) Humongous regions: 0->0
[2022-06-29T15:41:00.230+0000][9][gc,metaspace] GC(299) Metaspace: 130984K(134336K)->130984K(134336K) NonClass: 113893K(115648K)->113893K(115648K) Class: 17091K(18688K)->17091K(18688K)
[2022-06-29T15:41:00.231+0000][9][gc          ] GC(299) Pause Young (Normal) (G1 Evacuation Pause) 395M->95M(512M) 42.269ms
[2022-06-29T15:41:00.231+0000][9][gc,cpu      ] GC(299) User=0.04s Sys=0.00s Real=0.05s
[2022-06-29T15:41:00.232+0000][9][safepoint   ] Safepoint "G1CollectForAllocation", Time since last: 9940899483 ns, Reaching safepoint: 339763 ns, At safepoint: 43638509 ns, Total: 43978272 ns
[2022-06-29T15:41:04.239+0000][9][safepoint   ] Safepoint "Cleanup", Time since last: 4006297982 ns, Reaching safepoint: 327734 ns, At safepoint: 16132 ns, Total: 343866 ns
[2022-06-29T15:41:18.254+0000][9][safepoint   ] Safepoint "Cleanup", Time since last: 14015165217 ns, Reaching safepoint: 183166 ns, At safepoint: 22732 ns, Total: 205898 ns
[2022-06-29T15:41:24.241+0000][9][safepoint   ] Safepoint "Cleanup", Time since last: 6007223413 ns, Reaching safepoint: 256871 ns, At safepoint: 33548 ns, Total: 290419 ns
[2022-06-29T15:41:50.265+0000][9][safepoint   ] Safepoint "Cleanup", Time since last: 26023663319 ns, Reaching safepoint: 314545 ns, At safepoint: 30864 ns, Total: 345409 ns
[2022-06-29T15:42:21.242+0000][9][safepoint   ] Safepoint "Cleanup", Time since last: 31020051037 ns, Reaching safepoint: 334311 ns, At safepoint: 15414 ns, Total: 349725 ns
[2022-06-29T15:42:27.128+0000][9][gc,start    ] GC(300) Pause Young (Normal) (G1 Evacuation Pause)
[2022-06-29T15:42:27.132+0000][9][gc,task     ] GC(300) Using 4 workers of 4 for evacuation
[2022-06-29T15:42:27.133+0000][9][gc,age      ] GC(300) Desired survivor size 20971520 bytes, new threshold 15 (max threshold 15)
[2022-06-29T15:42:27.139+0000][9][gc,phases   ] GC(300)   Pre Evacuate Collection Set: 0.3ms
[2022-06-29T15:42:27.140+0000][9][gc,phases   ] GC(300)   Merge Heap Roots: 0.1ms
[2022-06-29T15:42:27.141+0000][9][gc,phases   ] GC(300)   Evacuate Collection Set: 3.5ms
[2022-06-29T15:42:27.141+0000][9][gc,phases   ] GC(300)   Post Evacuate Collection Set: 1.0ms
[2022-06-29T15:42:27.142+0000][9][gc,phases   ] GC(300)   Other: 1.9ms
[2022-06-29T15:42:27.142+0000][9][gc,age      ] GC(300) Age table with threshold 15 (max threshold 15)
[2022-06-29T15:42:27.143+0000][9][gc,age      ] GC(300) - age   1:    1404576 bytes,    1404576 total
[2022-06-29T15:42:27.143+0000][9][gc,age      ] GC(300) - age   2:       3056 bytes,    1407632 total
[2022-06-29T15:42:27.144+0000][9][gc,age      ] GC(300) - age   3:      13432 bytes,    1421064 total
[2022-06-29T15:42:27.145+0000][9][gc,age      ] GC(300) - age   4:       1912 bytes,    1422976 total
[2022-06-29T15:42:27.147+0000][9][gc,age      ] GC(300) - age   5:       8664 bytes,    1431640 total
[2022-06-29T15:42:27.149+0000][9][gc,age      ] GC(300) - age   6:       4712 bytes,    1436352 total
[2022-06-29T15:42:27.150+0000][9][gc,age      ] GC(300) - age   7:       5400 bytes,    1441752 total
[2022-06-29T15:42:27.151+0000][9][gc,age      ] GC(300) - age   8:        184 bytes,    1441936 total
[2022-06-29T15:42:27.152+0000][9][gc,age      ] GC(300) - age   9:        232 bytes,    1442168 total
[2022-06-29T15:42:27.153+0000][9][gc,age      ] GC(300) - age  10:       4664 bytes,    1446832 total
[2022-06-29T15:42:27.154+0000][9][gc,age      ] GC(300) - age  11:        568 bytes,    1447400 total
[2022-06-29T15:42:27.155+0000][9][gc,age      ] GC(300) - age  12:       6432 bytes,    1453832 total
[2022-06-29T15:42:27.155+0000][9][gc,age      ] GC(300) - age  13:     108064 bytes,    1561896 total
[2022-06-29T15:42:27.156+0000][9][gc,age      ] GC(300) - age  14:      13496 bytes,    1575392 total
[2022-06-29T15:42:27.157+0000][9][gc,age      ] GC(300) - age  15:      13344 bytes,    1588736 total
[2022-06-29T15:42:27.158+0000][9][gc,heap     ] GC(300) Eden regions: 75->0(75)
[2022-06-29T15:42:27.159+0000][9][gc,heap     ] GC(300) Survivor regions: 1->1(10)
[2022-06-29T15:42:27.159+0000][9][gc,heap     ] GC(300) Old regions: 23->23
[2022-06-29T15:42:27.161+0000][9][gc,heap     ] GC(300) Archive regions: 2->2
[2022-06-29T15:42:27.162+0000][9][gc,heap     ] GC(300) Humongous regions: 0->0
[2022-06-29T15:42:27.166+0000][9][gc,metaspace] GC(300) Metaspace: 130986K(134336K)->130986K(134336K) NonClass: 113895K(115648K)->113895K(115648K) Class: 17091K(18688K)->17091K(18688K)
[2022-06-29T15:42:27.168+0000][9][gc          ] GC(300) Pause Young (Normal) (G1 Evacuation Pause) 395M->95M(512M) 40.219ms
[2022-06-29T15:42:27.169+0000][9][gc,cpu      ] GC(300) User=0.01s Sys=0.00s Real=0.04s
[2022-06-29T15:42:27.170+0000][9][safepoint   ] Safepoint "G1CollectForAllocation", Time since last: 5885641980 ns, Reaching safepoint: 121047 ns, At safepoint: 42550768 ns, Total: 42671815 ns
[2022-06-29T15:43:57.079+0000][9][gc,start    ] GC(301) Pause Young (Normal) (G1 Evacuation Pause)
[2022-06-29T15:43:57.086+0000][9][gc,task     ] GC(301) Using 4 workers of 4 for evacuation
[2022-06-29T15:43:57.091+0000][9][gc,age      ] GC(301) Desired survivor size 20971520 bytes, new threshold 15 (max threshold 15)
[2022-06-29T15:43:57.100+0000][9][gc,phases   ] GC(301)   Pre Evacuate Collection Set: 0.2ms
[2022-06-29T15:43:57.102+0000][9][gc,phases   ] GC(301)   Merge Heap Roots: 0.1ms
[2022-06-29T15:43:57.105+0000][9][gc,phases   ] GC(301)   Evacuate Collection Set: 4.1ms
[2022-06-29T15:43:57.106+0000][9][gc,phases   ] GC(301)   Post Evacuate Collection Set: 2.4ms
[2022-06-29T15:43:57.108+0000][9][gc,phases   ] GC(301)   Other: 7.2ms
[2022-06-29T15:43:57.109+0000][9][gc,age      ] GC(301) Age table with threshold 15 (max threshold 15)
[2022-06-29T15:43:57.110+0000][9][gc,age      ] GC(301) - age   1:    1187952 bytes,    1187952 total
[2022-06-29T15:43:57.112+0000][9][gc,age      ] GC(301) - age   2:       1656 bytes,    1189608 total
[2022-06-29T15:43:57.113+0000][9][gc,age      ] GC(301) - age   3:        888 bytes,    1190496 total
[2022-06-29T15:43:57.115+0000][9][gc,age      ] GC(301) - age   4:       5416 bytes,    1195912 total
[2022-06-29T15:43:57.117+0000][9][gc,age      ] GC(301) - age   5:       1912 bytes,    1197824 total
[2022-06-29T15:43:57.121+0000][9][gc,age      ] GC(301) - age   6:       8664 bytes,    1206488 total
[2022-06-29T15:43:57.123+0000][9][gc,age      ] GC(301) - age   7:       4712 bytes,    1211200 total
[2022-06-29T15:43:57.124+0000][9][gc,age      ] GC(301) - age   8:       5400 bytes,    1216600 total
[2022-06-29T15:43:57.125+0000][9][gc,age      ] GC(301) - age   9:        184 bytes,    1216784 total
[2022-06-29T15:43:57.126+0000][9][gc,age      ] GC(301) - age  10:         48 bytes,    1216832 total
[2022-06-29T15:43:57.128+0000][9][gc,age      ] GC(301) - age  11:       4664 bytes,    1221496 total
[2022-06-29T15:43:57.129+0000][9][gc,age      ] GC(301) - age  12:        568 bytes,    1222064 total
[2022-06-29T15:43:57.131+0000][9][gc,age      ] GC(301) - age  13:       6432 bytes,    1228496 total
[2022-06-29T15:43:57.132+0000][9][gc,age      ] GC(301) - age  14:     108064 bytes,    1336560 total
[2022-06-29T15:43:57.133+0000][9][gc,age      ] GC(301) - age  15:      13496 bytes,    1350056 total
[2022-06-29T15:43:57.134+0000][9][gc,heap     ] GC(301) Eden regions: 75->0(75)
[2022-06-29T15:43:57.135+0000][9][gc,heap     ] GC(301) Survivor regions: 1->1(10)
[2022-06-29T15:43:57.135+0000][9][gc,heap     ] GC(301) Old regions: 23->23
[2022-06-29T15:43:57.137+0000][9][gc,heap     ] GC(301) Archive regions: 2->2
[2022-06-29T15:43:57.138+0000][9][gc,heap     ] GC(301) Humongous regions: 0->0
[2022-06-29T15:43:57.139+0000][9][gc,metaspace] GC(301) Metaspace: 130986K(134336K)->130986K(134336K) NonClass: 113895K(115648K)->113895K(115648K) Class: 17091K(18688K)->17091K(18688K)
[2022-06-29T15:43:57.143+0000][9][gc          ] GC(301) Pause Young (Normal) (G1 Evacuation Pause) 395M->95M(512M) 63.939ms
[2022-06-29T15:43:57.146+0000][9][gc,cpu      ] GC(301) User=0.01s Sys=0.00s Real=0.07s
[2022-06-29T15:43:57.148+0000][9][safepoint   ] Safepoint "G1CollectForAllocation", Time since last: 89972357058 ns, Reaching safepoint: 1128502 ns, At safepoint: 69133105 ns, Total: 70261607 ns
[2022-06-29T15:44:24.148+0000][9][safepoint   ] Safepoint "Cleanup", Time since last: 27021324239 ns, Reaching safepoint: 216833 ns, At safepoint: 10510 ns, Total: 227343 ns
[2022-06-29T15:45:24.062+0000][9][gc,start    ] GC(302) Pause Young (Normal) (G1 Evacuation Pause)
[2022-06-29T15:45:24.064+0000][9][gc,task     ] GC(302) Using 4 workers of 4 for evacuation
[2022-06-29T15:45:24.065+0000][9][gc,age      ] GC(302) Desired survivor size 20971520 bytes, new threshold 15 (max threshold 15)
[2022-06-29T15:45:24.083+0000][9][gc,phases   ] GC(302)   Pre Evacuate Collection Set: 0.2ms
[2022-06-29T15:45:24.084+0000][9][gc,phases   ] GC(302)   Merge Heap Roots: 0.1ms
[2022-06-29T15:45:24.085+0000][9][gc,phases   ] GC(302)   Evacuate Collection Set: 12.2ms
[2022-06-29T15:45:24.086+0000][9][gc,phases   ] GC(302)   Post Evacuate Collection Set: 4.5ms
[2022-06-29T15:45:24.087+0000][9][gc,phases   ] GC(302)   Other: 1.6ms
[2022-06-29T15:45:24.088+0000][9][gc,age      ] GC(302) Age table with threshold 15 (max threshold 15)
[2022-06-29T15:45:24.088+0000][9][gc,age      ] GC(302) - age   1:    1220080 bytes,    1220080 total
[2022-06-29T15:45:24.089+0000][9][gc,age      ] GC(302) - age   2:       2816 bytes,    1222896 total
[2022-06-29T15:45:24.089+0000][9][gc,age      ] GC(302) - age   3:        464 bytes,    1223360 total
[2022-06-29T15:45:24.090+0000][9][gc,age      ] GC(302) - age   4:        704 bytes,    1224064 total
[2022-06-29T15:45:24.091+0000][9][gc,age      ] GC(302) - age   5:       5120 bytes,    1229184 total
[2022-06-29T15:45:24.091+0000][9][gc,age      ] GC(302) - age   6:       1912 bytes,    1231096 total
[2022-06-29T15:45:24.093+0000][9][gc,age      ] GC(302) - age   7:       8664 bytes,    1239760 total
[2022-06-29T15:45:24.093+0000][9][gc,age      ] GC(302) - age   8:       4712 bytes,    1244472 total
[2022-06-29T15:45:24.094+0000][9][gc,age      ] GC(302) - age   9:       5400 bytes,    1249872 total
[2022-06-29T15:45:24.094+0000][9][gc,age      ] GC(302) - age  10:        184 bytes,    1250056 total
[2022-06-29T15:45:24.095+0000][9][gc,age      ] GC(302) - age  11:         48 bytes,    1250104 total
[2022-06-29T15:45:24.096+0000][9][gc,age      ] GC(302) - age  12:       4664 bytes,    1254768 total
[2022-06-29T15:45:24.096+0000][9][gc,age      ] GC(302) - age  13:        184 bytes,    1254952 total
[2022-06-29T15:45:24.097+0000][9][gc,age      ] GC(302) - age  14:       6432 bytes,    1261384 total
[2022-06-29T15:45:24.097+0000][9][gc,age      ] GC(302) - age  15:     108064 bytes,    1369448 total
[2022-06-29T15:45:24.098+0000][9][gc,heap     ] GC(302) Eden regions: 75->0(75)
[2022-06-29T15:45:24.100+0000][9][gc,heap     ] GC(302) Survivor regions: 1->1(10)
[2022-06-29T15:45:24.101+0000][9][gc,heap     ] GC(302) Old regions: 23->23
[2022-06-29T15:45:24.103+0000][9][gc,heap     ] GC(302) Archive regions: 2->2
[2022-06-29T15:45:24.103+0000][9][gc,heap     ] GC(302) Humongous regions: 0->0
[2022-06-29T15:45:24.104+0000][9][gc,metaspace] GC(302) Metaspace: 130986K(134336K)->130986K(134336K) NonClass: 113895K(115648K)->113895K(115648K) Class: 17091K(18688K)->17091K(18688K)
[2022-06-29T15:45:24.105+0000][9][gc          ] GC(302) Pause Young (Normal) (G1 Evacuation Pause) 395M->95M(512M) 42.070ms
[2022-06-29T15:45:24.105+0000][9][gc,cpu      ] GC(302) User=0.05s Sys=0.00s Real=0.05s
[2022-06-29T15:45:24.106+0000][9][safepoint   ] Safepoint "G1CollectForAllocation", Time since last: 59959263799 ns, Reaching safepoint: 106891 ns, At safepoint: 43827848 ns, Total: 43934739 ns
[2022-06-29T15:46:50.138+0000][9][safepoint   ] Safepoint "Cleanup", Time since last: 86093609339 ns, Reaching safepoint: 131128 ns, At safepoint: 101542 ns, Total: 232670 ns
[2022-06-29T15:46:50.999+0000][9][gc,start    ] GC(303) Pause Young (Normal) (G1 Evacuation Pause)
[2022-06-29T15:46:51.000+0000][9][gc,task     ] GC(303) Using 4 workers of 4 for evacuation
[2022-06-29T15:46:51.001+0000][9][gc,age      ] GC(303) Desired survivor size 20971520 bytes, new threshold 15 (max threshold 15)
[2022-06-29T15:46:51.007+0000][9][gc,phases   ] GC(303)   Pre Evacuate Collection Set: 0.4ms
[2022-06-29T15:46:51.008+0000][9][gc,phases   ] GC(303)   Merge Heap Roots: 0.1ms
[2022-06-29T15:46:51.009+0000][9][gc,phases   ] GC(303)   Evacuate Collection Set: 3.8ms
[2022-06-29T15:46:51.010+0000][9][gc,phases   ] GC(303)   Post Evacuate Collection Set: 1.3ms
[2022-06-29T15:46:51.010+0000][9][gc,phases   ] GC(303)   Other: 1.9ms
[2022-06-29T15:46:51.011+0000][9][gc,age      ] GC(303) Age table with threshold 15 (max threshold 15)
[2022-06-29T15:46:51.012+0000][9][gc,age      ] GC(303) - age   1:    1277920 bytes,    1277920 total
[2022-06-29T15:46:51.012+0000][9][gc,age      ] GC(303) - age   2:       1952 bytes,    1279872 total
[2022-06-29T15:46:51.013+0000][9][gc,age      ] GC(303) - age   3:        584 bytes,    1280456 total
[2022-06-29T15:46:51.014+0000][9][gc,age      ] GC(303) - age   4:        208 bytes,    1280664 total
[2022-06-29T15:46:51.015+0000][9][gc,age      ] GC(303) - age   5:        704 bytes,    1281368 total
[2022-06-29T15:46:51.015+0000][9][gc,age      ] GC(303) - age   6:       5032 bytes,    1286400 total
[2022-06-29T15:46:51.016+0000][9][gc,age      ] GC(303) - age   7:        184 bytes,    1286584 total
[2022-06-29T15:46:51.016+0000][9][gc,age      ] GC(303) - age   8:       8664 bytes,    1295248 total
[2022-06-29T15:46:51.017+0000][9][gc,age      ] GC(303) - age   9:       4712 bytes,    1299960 total
[2022-06-29T15:46:51.018+0000][9][gc,age      ] GC(303) - age  10:       5008 bytes,    1304968 total
[2022-06-29T15:46:51.019+0000][9][gc,age      ] GC(303) - age  11:        152 bytes,    1305120 total
[2022-06-29T15:46:51.021+0000][9][gc,age      ] GC(303) - age  12:         48 bytes,    1305168 total
[2022-06-29T15:46:51.021+0000][9][gc,age      ] GC(303) - age  13:       4664 bytes,    1309832 total
[2022-06-29T15:46:51.022+0000][9][gc,age      ] GC(303) - age  14:        184 bytes,    1310016 total
[2022-06-29T15:46:51.023+0000][9][gc,age      ] GC(303) - age  15:       6432 bytes,    1316448 total
[2022-06-29T15:46:51.024+0000][9][gc,heap     ] GC(303) Eden regions: 75->0(75)
[2022-06-29T15:46:51.025+0000][9][gc,heap     ] GC(303) Survivor regions: 1->1(10)
[2022-06-29T15:46:51.025+0000][9][gc,heap     ] GC(303) Old regions: 23->23
[2022-06-29T15:46:51.026+0000][9][gc,heap     ] GC(303) Archive regions: 2->2
[2022-06-29T15:46:51.027+0000][9][gc,heap     ] GC(303) Humongous regions: 0->0
[2022-06-29T15:46:51.028+0000][9][gc,metaspace] GC(303) Metaspace: 130987K(134336K)->130987K(134336K) NonClass: 113896K(115648K)->113896K(115648K) Class: 17091K(18688K)->17091K(18688K)
[2022-06-29T15:46:51.028+0000][9][gc          ] GC(303) Pause Young (Normal) (G1 Evacuation Pause) 395M->95M(512M) 29.432ms
[2022-06-29T15:46:51.029+0000][9][gc,cpu      ] GC(303) User=0.01s Sys=0.00s Real=0.03s
[2022-06-29T15:46:51.031+0000][9][safepoint   ] Safepoint "G1CollectForAllocation", Time since last: 861166504 ns, Reaching safepoint: 97171 ns, At safepoint: 31802831 ns, Total: 31900002 ns
[2022-06-29T15:47:42.064+0000][9][safepoint   ] Safepoint "Cleanup", Time since last: 51054913212 ns, Reaching safepoint: 180574 ns, At safepoint: 55304 ns, Total: 235878 ns
[2022-06-29T15:48:15.026+0000][9][gc,start    ] GC(304) Pause Young (Normal) (G1 Evacuation Pause)
[2022-06-29T15:48:15.029+0000][9][gc,task     ] GC(304) Using 4 workers of 4 for evacuation
[2022-06-29T15:48:15.030+0000][9][gc,age      ] GC(304) Desired survivor size 20971520 bytes, new threshold 15 (max threshold 15)
[2022-06-29T15:48:15.039+0000][9][gc,phases   ] GC(304)   Pre Evacuate Collection Set: 0.3ms
[2022-06-29T15:48:15.043+0000][9][gc,phases   ] GC(304)   Merge Heap Roots: 0.2ms
[2022-06-29T15:48:15.045+0000][9][gc,phases   ] GC(304)   Evacuate Collection Set: 5.6ms
[2022-06-29T15:48:15.047+0000][9][gc,phases   ] GC(304)   Post Evacuate Collection Set: 1.5ms
[2022-06-29T15:48:15.049+0000][9][gc,phases   ] GC(304)   Other: 2.7ms
[2022-06-29T15:48:15.050+0000][9][gc,age      ] GC(304) Age table with threshold 15 (max threshold 15)
[2022-06-29T15:48:15.051+0000][9][gc,age      ] GC(304) - age   1:    1461776 bytes,    1461776 total
[2022-06-29T15:48:15.054+0000][9][gc,age      ] GC(304) - age   2:      12808 bytes,    1474584 total
[2022-06-29T15:48:15.057+0000][9][gc,age      ] GC(304) - age   3:        632 bytes,    1475216 total
[2022-06-29T15:48:15.058+0000][9][gc,age      ] GC(304) - age   4:        584 bytes,    1475800 total
[2022-06-29T15:48:15.059+0000][9][gc,age      ] GC(304) - age   5:        112 bytes,    1475912 total
[2022-06-29T15:48:15.061+0000][9][gc,age      ] GC(304) - age   6:        704 bytes,    1476616 total
[2022-06-29T15:48:15.063+0000][9][gc,age      ] GC(304) - age   7:       5032 bytes,    1481648 total
[2022-06-29T15:48:15.064+0000][9][gc,age      ] GC(304) - age   8:        184 bytes,    1481832 total
[2022-06-29T15:48:15.067+0000][9][gc,age      ] GC(304) - age   9:       8664 bytes,    1490496 total
[2022-06-29T15:48:15.069+0000][9][gc,age      ] GC(304) - age  10:       4712 bytes,    1495208 total
[2022-06-29T15:48:15.070+0000][9][gc,age      ] GC(304) - age  11:       5008 bytes,    1500216 total
[2022-06-29T15:48:15.075+0000][9][gc,age      ] GC(304) - age  12:        152 bytes,    1500368 total
[2022-06-29T15:48:15.077+0000][9][gc,age      ] GC(304) - age  13:         48 bytes,    1500416 total
[2022-06-29T15:48:15.079+0000][9][gc,age      ] GC(304) - age  14:       4664 bytes,    1505080 total
[2022-06-29T15:48:15.080+0000][9][gc,age      ] GC(304) - age  15:        184 bytes,    1505264 total
[2022-06-29T15:48:15.081+0000][9][gc,heap     ] GC(304) Eden regions: 75->0(75)
[2022-06-29T15:48:15.083+0000][9][gc,heap     ] GC(304) Survivor regions: 1->1(10)
[2022-06-29T15:48:15.084+0000][9][gc,heap     ] GC(304) Old regions: 23->23
[2022-06-29T15:48:15.086+0000][9][gc,heap     ] GC(304) Archive regions: 2->2
[2022-06-29T15:48:15.090+0000][9][gc,heap     ] GC(304) Humongous regions: 0->0
[2022-06-29T15:48:15.091+0000][9][gc,metaspace] GC(304) Metaspace: 130987K(134336K)->130987K(134336K) NonClass: 113896K(115648K)->113896K(115648K) Class: 17091K(18688K)->17091K(18688K)
[2022-06-29T15:48:15.093+0000][9][gc          ] GC(304) Pause Young (Normal) (G1 Evacuation Pause) 395M->95M(512M) 66.980ms
[2022-06-29T15:48:15.095+0000][9][gc,cpu      ] GC(304) User=0.02s Sys=0.00s Real=0.07s
[2022-06-29T15:48:15.096+0000][9][safepoint   ] Safepoint "G1CollectForAllocation", Time since last: 32983827961 ns, Reaching safepoint: 194406 ns, At safepoint: 69781028 ns, Total: 69975434 ns
[2022-06-29T15:48:56.096+0000][9][safepoint   ] Safepoint "Cleanup", Time since last: 41043149799 ns, Reaching safepoint: 162848 ns, At safepoint: 45829 ns, Total: 208677 ns
[2022-06-29T15:49:39.550+0000][9][gc,start    ] GC(305) Pause Young (Normal) (G1 Evacuation Pause)
[2022-06-29T15:49:39.552+0000][9][gc,task     ] GC(305) Using 4 workers of 4 for evacuation
[2022-06-29T15:49:39.555+0000][9][gc,age      ] GC(305) Desired survivor size 20971520 bytes, new threshold 15 (max threshold 15)
[2022-06-29T15:49:39.560+0000][9][gc,phases   ] GC(305)   Pre Evacuate Collection Set: 0.2ms
[2022-06-29T15:49:39.560+0000][9][gc,phases   ] GC(305)   Merge Heap Roots: 0.1ms
[2022-06-29T15:49:39.561+0000][9][gc,phases   ] GC(305)   Evacuate Collection Set: 2.8ms
[2022-06-29T15:49:39.562+0000][9][gc,phases   ] GC(305)   Post Evacuate Collection Set: 1.1ms
[2022-06-29T15:49:39.563+0000][9][gc,phases   ] GC(305)   Other: 3.4ms
[2022-06-29T15:49:39.563+0000][9][gc,age      ] GC(305) Age table with threshold 15 (max threshold 15)
[2022-06-29T15:49:39.564+0000][9][gc,age      ] GC(305) - age   1:    1366736 bytes,    1366736 total
[2022-06-29T15:49:39.565+0000][9][gc,age      ] GC(305) - age   2:       1912 bytes,    1368648 total
[2022-06-29T15:49:39.566+0000][9][gc,age      ] GC(305) - age   3:      11120 bytes,    1379768 total
[2022-06-29T15:49:39.567+0000][9][gc,age      ] GC(305) - age   4:        568 bytes,    1380336 total
[2022-06-29T15:49:39.568+0000][9][gc,age      ] GC(305) - age   5:        584 bytes,    1380920 total
[2022-06-29T15:49:39.569+0000][9][gc,age      ] GC(305) - age   6:        112 bytes,    1381032 total
[2022-06-29T15:49:39.570+0000][9][gc,age      ] GC(305) - age   7:        704 bytes,    1381736 total
[2022-06-29T15:49:39.571+0000][9][gc,age      ] GC(305) - age   8:       4880 bytes,    1386616 total
[2022-06-29T15:49:39.572+0000][9][gc,age      ] GC(305) - age   9:        184 bytes,    1386800 total
[2022-06-29T15:49:39.573+0000][9][gc,age      ] GC(305) - age  10:       8664 bytes,    1395464 total
[2022-06-29T15:49:39.574+0000][9][gc,age      ] GC(305) - age  11:       4712 bytes,    1400176 total
[2022-06-29T15:49:39.575+0000][9][gc,age      ] GC(305) - age  12:       5008 bytes,    1405184 total
[2022-06-29T15:49:39.575+0000][9][gc,age      ] GC(305) - age  13:        152 bytes,    1405336 total
[2022-06-29T15:49:39.576+0000][9][gc,age      ] GC(305) - age  14:         16 bytes,    1405352 total
[2022-06-29T15:49:39.576+0000][9][gc,age      ] GC(305) - age  15:       4664 bytes,    1410016 total
[2022-06-29T15:49:39.577+0000][9][gc,heap     ] GC(305) Eden regions: 75->0(75)
[2022-06-29T15:49:39.579+0000][9][gc,heap     ] GC(305) Survivor regions: 1->1(10)
[2022-06-29T15:49:39.580+0000][9][gc,heap     ] GC(305) Old regions: 23->23
[2022-06-29T15:49:39.581+0000][9][gc,heap     ] GC(305) Archive regions: 2->2
[2022-06-29T15:49:39.582+0000][9][gc,heap     ] GC(305) Humongous regions: 0->0
[2022-06-29T15:49:39.583+0000][9][gc,metaspace] GC(305) Metaspace: 130987K(134336K)->130987K(134336K) NonClass: 113896K(115648K)->113896K(115648K) Class: 17091K(18688K)->17091K(18688K)
[2022-06-29T15:49:39.586+0000][9][gc          ] GC(305) Pause Young (Normal) (G1 Evacuation Pause) 395M->95M(512M) 35.934ms
[2022-06-29T15:49:39.587+0000][9][gc,cpu      ] GC(305) User=0.01s Sys=0.00s Real=0.04s
[2022-06-29T15:49:39.590+0000][9][safepoint   ] Safepoint "G1CollectForAllocation", Time since last: 43472169410 ns, Reaching safepoint: 235974 ns, At safepoint: 40244762 ns, Total: 40480736 ns
[2022-06-29T15:49:48.601+0000][9][safepoint   ] Safepoint "Cleanup", Time since last: 9010315900 ns, Reaching safepoint: 237220 ns, At safepoint: 11912 ns, Total: 249132 ns
[2022-06-29T15:50:03.591+0000][9][safepoint   ] Safepoint "Cleanup", Time since last: 15015211374 ns, Reaching safepoint: 195494 ns, At safepoint: 30569 ns, Total: 226063 ns
[2022-06-29T15:50:06.597+0000][9][safepoint   ] Safepoint "Cleanup", Time since last: 3004897511 ns, Reaching safepoint: 634377 ns, At safepoint: 32869 ns, Total: 667246 ns
[2022-06-29T15:51:03.318+0000][9][gc,start    ] GC(306) Pause Young (Normal) (G1 Evacuation Pause)
[2022-06-29T15:51:03.320+0000][9][gc,task     ] GC(306) Using 4 workers of 4 for evacuation
[2022-06-29T15:51:03.320+0000][9][gc,age      ] GC(306) Desired survivor size 20971520 bytes, new threshold 15 (max threshold 15)
[2022-06-29T15:51:03.325+0000][9][gc,phases   ] GC(306)   Pre Evacuate Collection Set: 0.3ms
[2022-06-29T15:51:03.327+0000][9][gc,phases   ] GC(306)   Merge Heap Roots: 0.1ms
[2022-06-29T15:51:03.327+0000][9][gc,phases   ] GC(306)   Evacuate Collection Set: 1.7ms
[2022-06-29T15:51:03.328+0000][9][gc,phases   ] GC(306)   Post Evacuate Collection Set: 1.3ms
[2022-06-29T15:51:03.329+0000][9][gc,phases   ] GC(306)   Other: 2.3ms
[2022-06-29T15:51:03.330+0000][9][gc,age      ] GC(306) Age table with threshold 15 (max threshold 15)
[2022-06-29T15:51:03.331+0000][9][gc,age      ] GC(306) - age   1:     647896 bytes,     647896 total
[2022-06-29T15:51:03.331+0000][9][gc,age      ] GC(306) - age   2:       2280 bytes,     650176 total
[2022-06-29T15:51:03.332+0000][9][gc,age      ] GC(306) - age   3:        128 bytes,     650304 total
[2022-06-29T15:51:03.332+0000][9][gc,age      ] GC(306) - age   4:      10760 bytes,     661064 total
[2022-06-29T15:51:03.333+0000][9][gc,age      ] GC(306) - age   5:        568 bytes,     661632 total
[2022-06-29T15:51:03.333+0000][9][gc,age      ] GC(306) - age   6:        584 bytes,     662216 total
[2022-06-29T15:51:03.334+0000][9][gc,age      ] GC(306) - age   7:        112 bytes,     662328 total
[2022-06-29T15:51:03.335+0000][9][gc,age      ] GC(306) - age   8:        704 bytes,     663032 total
[2022-06-29T15:51:03.335+0000][9][gc,age      ] GC(306) - age   9:       4880 bytes,     667912 total
[2022-06-29T15:51:03.336+0000][9][gc,age      ] GC(306) - age  11:       8664 bytes,     676576 total
[2022-06-29T15:51:03.337+0000][9][gc,age      ] GC(306) - age  12:       4712 bytes,     681288 total
[2022-06-29T15:51:03.338+0000][9][gc,age      ] GC(306) - age  13:       5008 bytes,     686296 total
[2022-06-29T15:51:03.338+0000][9][gc,age      ] GC(306) - age  14:        152 bytes,     686448 total
[2022-06-29T15:51:03.339+0000][9][gc,age      ] GC(306) - age  15:         16 bytes,     686464 total
[2022-06-29T15:51:03.340+0000][9][gc,heap     ] GC(306) Eden regions: 75->0(75)
[2022-06-29T15:51:03.340+0000][9][gc,heap     ] GC(306) Survivor regions: 1->1(10)
[2022-06-29T15:51:03.341+0000][9][gc,heap     ] GC(306) Old regions: 23->23
[2022-06-29T15:51:03.342+0000][9][gc,heap     ] GC(306) Archive regions: 2->2
[2022-06-29T15:51:03.342+0000][9][gc,heap     ] GC(306) Humongous regions: 0->0
[2022-06-29T15:51:03.343+0000][9][gc,metaspace] GC(306) Metaspace: 130987K(134336K)->130987K(134336K) NonClass: 113896K(115648K)->113896K(115648K) Class: 17091K(18688K)->17091K(18688K)
[2022-06-29T15:51:03.344+0000][9][gc          ] GC(306) Pause Young (Normal) (G1 Evacuation Pause) 395M->95M(512M) 25.577ms
[2022-06-29T15:51:03.344+0000][9][gc,cpu      ] GC(306) User=0.01s Sys=0.00s Real=0.02s
[2022-06-29T15:51:03.345+0000][9][safepoint   ] Safepoint "G1CollectForAllocation", Time since last: 56765012795 ns, Reaching safepoint: 187932 ns, At safepoint: 27121594 ns, Total: 27309526 ns
[2022-06-29T15:52:48.284+0000][9][gc,start    ] GC(307) Pause Young (Normal) (G1 Evacuation Pause)
[2022-06-29T15:52:48.288+0000][9][gc,task     ] GC(307) Using 4 workers of 4 for evacuation
[2022-06-29T15:52:48.288+0000][9][gc,age      ] GC(307) Desired survivor size 20971520 bytes, new threshold 15 (max threshold 15)
[2022-06-29T15:52:48.298+0000][9][gc,phases   ] GC(307)   Pre Evacuate Collection Set: 0.1ms
[2022-06-29T15:52:48.299+0000][9][gc,phases   ] GC(307)   Merge Heap Roots: 0.2ms
[2022-06-29T15:52:48.300+0000][9][gc,phases   ] GC(307)   Evacuate Collection Set: 7.5ms
[2022-06-29T15:52:48.300+0000][9][gc,phases   ] GC(307)   Post Evacuate Collection Set: 1.5ms
[2022-06-29T15:52:48.301+0000][9][gc,phases   ] GC(307)   Other: 1.5ms
[2022-06-29T15:52:48.302+0000][9][gc,age      ] GC(307) Age table with threshold 15 (max threshold 15)
[2022-06-29T15:52:48.302+0000][9][gc,age      ] GC(307) - age   1:    1132248 bytes,    1132248 total
[2022-06-29T15:52:48.303+0000][9][gc,age      ] GC(307) - age   2:       1464 bytes,    1133712 total
[2022-06-29T15:52:48.304+0000][9][gc,age      ] GC(307) - age   3:        456 bytes,    1134168 total
[2022-06-29T15:52:48.304+0000][9][gc,age      ] GC(307) - age   5:      10712 bytes,    1144880 total
[2022-06-29T15:52:48.305+0000][9][gc,age      ] GC(307) - age   6:        568 bytes,    1145448 total
[2022-06-29T15:52:48.306+0000][9][gc,age      ] GC(307) - age   7:        584 bytes,    1146032 total
[2022-06-29T15:52:48.306+0000][9][gc,age      ] GC(307) - age   8:        112 bytes,    1146144 total
[2022-06-29T15:52:48.307+0000][9][gc,age      ] GC(307) - age   9:        704 bytes,    1146848 total
[2022-06-29T15:52:48.308+0000][9][gc,age      ] GC(307) - age  10:       4880 bytes,    1151728 total
[2022-06-29T15:52:48.309+0000][9][gc,age      ] GC(307) - age  12:       8664 bytes,    1160392 total
[2022-06-29T15:52:48.311+0000][9][gc,age      ] GC(307) - age  13:       4712 bytes,    1165104 total
[2022-06-29T15:52:48.312+0000][9][gc,age      ] GC(307) - age  14:       5008 bytes,    1170112 total
[2022-06-29T15:52:48.312+0000][9][gc,age      ] GC(307) - age  15:        152 bytes,    1170264 total
[2022-06-29T15:52:48.313+0000][9][gc,heap     ] GC(307) Eden regions: 75->0(75)
[2022-06-29T15:52:48.313+0000][9][gc,heap     ] GC(307) Survivor regions: 1->1(10)
[2022-06-29T15:52:48.314+0000][9][gc,heap     ] GC(307) Old regions: 23->23
[2022-06-29T15:52:48.315+0000][9][gc,heap     ] GC(307) Archive regions: 2->2
[2022-06-29T15:52:48.315+0000][9][gc,heap     ] GC(307) Humongous regions: 0->0
[2022-06-29T15:52:48.316+0000][9][gc,metaspace] GC(307) Metaspace: 130987K(134336K)->130987K(134336K) NonClass: 113896K(115648K)->113896K(115648K) Class: 17091K(18688K)->17091K(18688K)
[2022-06-29T15:52:48.317+0000][9][gc          ] GC(307) Pause Young (Normal) (G1 Evacuation Pause) 395M->95M(512M) 32.931ms
[2022-06-29T15:52:48.318+0000][9][gc,cpu      ] GC(307) User=0.01s Sys=0.01s Real=0.03s
[2022-06-29T15:52:48.320+0000][9][safepoint   ] Safepoint "G1CollectForAllocation", Time since last: 105002467229 ns, Reaching safepoint: 669555 ns, At safepoint: 35365057 ns, Total: 36034612 ns
[2022-06-29T15:52:58.310+0000][9][safepoint   ] Safepoint "Cleanup", Time since last: 10010367515 ns, Reaching safepoint: 316685 ns, At safepoint: 12422 ns, Total: 329107 ns
[2022-06-29T15:54:20.325+0000][9][safepoint   ] Safepoint "Cleanup", Time since last: 82077690449 ns, Reaching safepoint: 859200 ns, At safepoint: 100132 ns, Total: 959332 ns
[2022-06-29T15:54:39.252+0000][9][gc,start    ] GC(308) Pause Young (Normal) (G1 Evacuation Pause)
[2022-06-29T15:54:39.253+0000][9][gc,task     ] GC(308) Using 4 workers of 4 for evacuation
[2022-06-29T15:54:39.254+0000][9][gc,age      ] GC(308) Desired survivor size 20971520 bytes, new threshold 15 (max threshold 15)
[2022-06-29T15:54:39.265+0000][9][gc,phases   ] GC(308)   Pre Evacuate Collection Set: 0.4ms
[2022-06-29T15:54:39.267+0000][9][gc,phases   ] GC(308)   Merge Heap Roots: 0.3ms
[2022-06-29T15:54:39.268+0000][9][gc,phases   ] GC(308)   Evacuate Collection Set: 6.4ms
[2022-06-29T15:54:39.269+0000][9][gc,phases   ] GC(308)   Post Evacuate Collection Set: 2.6ms
[2022-06-29T15:54:39.269+0000][9][gc,phases   ] GC(308)   Other: 2.3ms
[2022-06-29T15:54:39.270+0000][9][gc,age      ] GC(308) Age table with threshold 15 (max threshold 15)
[2022-06-29T15:54:39.271+0000][9][gc,age      ] GC(308) - age   1:    2009152 bytes,    2009152 total
[2022-06-29T15:54:39.271+0000][9][gc,age      ] GC(308) - age   2:       2160 bytes,    2011312 total
[2022-06-29T15:54:39.272+0000][9][gc,age      ] GC(308) - age   3:        184 bytes,    2011496 total
[2022-06-29T15:54:39.273+0000][9][gc,age      ] GC(308) - age   4:        392 bytes,    2011888 total
[2022-06-29T15:54:39.274+0000][9][gc,age      ] GC(308) - age   6:      10712 bytes,    2022600 total
[2022-06-29T15:54:39.274+0000][9][gc,age      ] GC(308) - age   7:        384 bytes,    2022984 total
[2022-06-29T15:54:39.275+0000][9][gc,age      ] GC(308) - age   8:        584 bytes,    2023568 total
[2022-06-29T15:54:39.276+0000][9][gc,age      ] GC(308) - age   9:        112 bytes,    2023680 total
[2022-06-29T15:54:39.276+0000][9][gc,age      ] GC(308) - age  10:        704 bytes,    2024384 total
[2022-06-29T15:54:39.278+0000][9][gc,age      ] GC(308) - age  11:       4880 bytes,    2029264 total
[2022-06-29T15:54:39.278+0000][9][gc,age      ] GC(308) - age  13:       8664 bytes,    2037928 total
[2022-06-29T15:54:39.279+0000][9][gc,age      ] GC(308) - age  14:       4712 bytes,    2042640 total
[2022-06-29T15:54:39.281+0000][9][gc,age      ] GC(308) - age  15:       5008 bytes,    2047648 total
[2022-06-29T15:54:39.284+0000][9][gc,heap     ] GC(308) Eden regions: 75->0(75)
[2022-06-29T15:54:39.285+0000][9][gc,heap     ] GC(308) Survivor regions: 1->1(10)
[2022-06-29T15:54:39.285+0000][9][gc,heap     ] GC(308) Old regions: 23->23
[2022-06-29T15:54:39.286+0000][9][gc,heap     ] GC(308) Archive regions: 2->2
[2022-06-29T15:54:39.286+0000][9][gc,heap     ] GC(308) Humongous regions: 0->0
[2022-06-29T15:54:39.287+0000][9][gc,metaspace] GC(308) Metaspace: 130987K(134336K)->130987K(134336K) NonClass: 113896K(115648K)->113896K(115648K) Class: 17091K(18688K)->17091K(18688K)
[2022-06-29T15:54:39.288+0000][9][gc          ] GC(308) Pause Young (Normal) (G1 Evacuation Pause) 395M->96M(512M) 35.976ms
[2022-06-29T15:54:39.289+0000][9][gc,cpu      ] GC(308) User=0.03s Sys=0.00s Real=0.04s
[2022-06-29T15:54:39.289+0000][9][safepoint   ] Safepoint "G1CollectForAllocation", Time since last: 18925004772 ns, Reaching safepoint: 2335839 ns, At safepoint: 37470119 ns, Total: 39805958 ns
[2022-06-29T15:56:27.320+0000][9][gc,start    ] GC(309) Pause Young (Normal) (G1 Evacuation Pause)
[2022-06-29T15:56:27.322+0000][9][gc,task     ] GC(309) Using 4 workers of 4 for evacuation
[2022-06-29T15:56:27.322+0000][9][gc,age      ] GC(309) Desired survivor size 20971520 bytes, new threshold 15 (max threshold 15)
[2022-06-29T15:56:27.327+0000][9][gc,phases   ] GC(309)   Pre Evacuate Collection Set: 0.2ms
[2022-06-29T15:56:27.328+0000][9][gc,phases   ] GC(309)   Merge Heap Roots: 0.1ms
[2022-06-29T15:56:27.329+0000][9][gc,phases   ] GC(309)   Evacuate Collection Set: 1.5ms
[2022-06-29T15:56:27.329+0000][9][gc,phases   ] GC(309)   Post Evacuate Collection Set: 1.8ms
[2022-06-29T15:56:27.330+0000][9][gc,phases   ] GC(309)   Other: 1.6ms
[2022-06-29T15:56:27.330+0000][9][gc,age      ] GC(309) Age table with threshold 15 (max threshold 15)
[2022-06-29T15:56:27.331+0000][9][gc,age      ] GC(309) - age   1:     893120 bytes,     893120 total
[2022-06-29T15:56:27.332+0000][9][gc,age      ] GC(309) - age   2:       2480 bytes,     895600 total
[2022-06-29T15:56:27.332+0000][9][gc,age      ] GC(309) - age   3:        840 bytes,     896440 total
[2022-06-29T15:56:27.333+0000][9][gc,age      ] GC(309) - age   4:        184 bytes,     896624 total
[2022-06-29T15:56:27.333+0000][9][gc,age      ] GC(309) - age   5:        392 bytes,     897016 total
[2022-06-29T15:56:27.334+0000][9][gc,age      ] GC(309) - age   7:      10712 bytes,     907728 total
[2022-06-29T15:56:27.334+0000][9][gc,age      ] GC(309) - age   8:        384 bytes,     908112 total
[2022-06-29T15:56:27.335+0000][9][gc,age      ] GC(309) - age   9:        584 bytes,     908696 total
[2022-06-29T15:56:27.335+0000][9][gc,age      ] GC(309) - age  10:        112 bytes,     908808 total
[2022-06-29T15:56:27.336+0000][9][gc,age      ] GC(309) - age  11:        704 bytes,     909512 total
[2022-06-29T15:56:27.337+0000][9][gc,age      ] GC(309) - age  12:       4880 bytes,     914392 total
[2022-06-29T15:56:27.338+0000][9][gc,age      ] GC(309) - age  14:       8664 bytes,     923056 total
[2022-06-29T15:56:27.338+0000][9][gc,age      ] GC(309) - age  15:       4712 bytes,     927768 total
[2022-06-29T15:56:27.339+0000][9][gc,heap     ] GC(309) Eden regions: 75->0(75)
[2022-06-29T15:56:27.339+0000][9][gc,heap     ] GC(309) Survivor regions: 1->1(10)
[2022-06-29T15:56:27.340+0000][9][gc,heap     ] GC(309) Old regions: 23->23
[2022-06-29T15:56:27.342+0000][9][gc,heap     ] GC(309) Archive regions: 2->2
[2022-06-29T15:56:27.343+0000][9][gc,heap     ] GC(309) Humongous regions: 0->0
[2022-06-29T15:56:27.344+0000][9][gc,metaspace] GC(309) Metaspace: 130987K(134336K)->130987K(134336K) NonClass: 113896K(115648K)->113896K(115648K) Class: 17091K(18688K)->17091K(18688K)
[2022-06-29T15:56:27.345+0000][9][gc          ] GC(309) Pause Young (Normal) (G1 Evacuation Pause) 396M->95M(512M) 25.242ms
[2022-06-29T15:56:27.345+0000][9][gc,cpu      ] GC(309) User=0.00s Sys=0.01s Real=0.03s
[2022-06-29T15:56:27.346+0000][9][safepoint   ] Safepoint "G1CollectForAllocation", Time since last: 108118004498 ns, Reaching safepoint: 162222 ns, At safepoint: 26744835 ns, Total: 26907057 ns
[2022-06-29T15:56:51.343+0000][9][safepoint   ] Safepoint "Cleanup", Time since last: 24019113146 ns, Reaching safepoint: 197798 ns, At safepoint: 7409 ns, Total: 205207 ns
[2022-06-29T15:57:51.150+0000][9][gc,start    ] GC(310) Pause Young (Normal) (G1 Evacuation Pause)
[2022-06-29T15:57:51.155+0000][9][gc,task     ] GC(310) Using 4 workers of 4 for evacuation
[2022-06-29T15:57:51.156+0000][9][gc,age      ] GC(310) Desired survivor size 20971520 bytes, new threshold 15 (max threshold 15)
[2022-06-29T15:57:51.160+0000][9][gc,phases   ] GC(310)   Pre Evacuate Collection Set: 0.1ms
[2022-06-29T15:57:51.161+0000][9][gc,phases   ] GC(310)   Merge Heap Roots: 0.1ms
[2022-06-29T15:57:51.161+0000][9][gc,phases   ] GC(310)   Evacuate Collection Set: 1.6ms
[2022-06-29T15:57:51.162+0000][9][gc,phases   ] GC(310)   Post Evacuate Collection Set: 1.0ms
[2022-06-29T15:57:51.163+0000][9][gc,phases   ] GC(310)   Other: 2.3ms
[2022-06-29T15:57:51.163+0000][9][gc,age      ] GC(310) Age table with threshold 15 (max threshold 15)
[2022-06-29T15:57:51.164+0000][9][gc,age      ] GC(310) - age   1:     885944 bytes,     885944 total
[2022-06-29T15:57:51.166+0000][9][gc,age      ] GC(310) - age   2:       1736 bytes,     887680 total
[2022-06-29T15:57:51.166+0000][9][gc,age      ] GC(310) - age   3:        400 bytes,     888080 total
[2022-06-29T15:57:51.167+0000][9][gc,age      ] GC(310) - age   4:        680 bytes,     888760 total
[2022-06-29T15:57:51.169+0000][9][gc,age      ] GC(310) - age   5:        184 bytes,     888944 total
[2022-06-29T15:57:51.171+0000][9][gc,age      ] GC(310) - age   6:        392 bytes,     889336 total
[2022-06-29T15:57:51.172+0000][9][gc,age      ] GC(310) - age   8:       8984 bytes,     898320 total
[2022-06-29T15:57:51.173+0000][9][gc,age      ] GC(310) - age   9:        384 bytes,     898704 total
[2022-06-29T15:57:51.174+0000][9][gc,age      ] GC(310) - age  10:        584 bytes,     899288 total
[2022-06-29T15:57:51.175+0000][9][gc,age      ] GC(310) - age  11:        112 bytes,     899400 total
[2022-06-29T15:57:51.176+0000][9][gc,age      ] GC(310) - age  12:        704 bytes,     900104 total
[2022-06-29T15:57:51.176+0000][9][gc,age      ] GC(310) - age  13:       4880 bytes,     904984 total
[2022-06-29T15:57:51.177+0000][9][gc,age      ] GC(310) - age  15:       8664 bytes,     913648 total
[2022-06-29T15:57:51.178+0000][9][gc,heap     ] GC(310) Eden regions: 75->0(75)
[2022-06-29T15:57:51.179+0000][9][gc,heap     ] GC(310) Survivor regions: 1->1(10)
[2022-06-29T15:57:51.179+0000][9][gc,heap     ] GC(310) Old regions: 23->23
[2022-06-29T15:57:51.180+0000][9][gc,heap     ] GC(310) Archive regions: 2->2
[2022-06-29T15:57:51.181+0000][9][gc,heap     ] GC(310) Humongous regions: 0->0
[2022-06-29T15:57:51.182+0000][9][gc,metaspace] GC(310) Metaspace: 130987K(134336K)->130987K(134336K) NonClass: 113896K(115648K)->113896K(115648K) Class: 17091K(18688K)->17091K(18688K)
[2022-06-29T15:57:51.182+0000][9][gc          ] GC(310) Pause Young (Normal) (G1 Evacuation Pause) 395M->95M(512M) 32.303ms
[2022-06-29T15:57:51.183+0000][9][gc,cpu      ] GC(310) User=0.01s Sys=0.00s Real=0.03s
[2022-06-29T15:57:51.185+0000][9][safepoint   ] Safepoint "G1CollectForAllocation", Time since last: 59849968891 ns, Reaching safepoint: 62487 ns, At safepoint: 34542406 ns, Total: 34604893 ns
[2022-06-29T15:59:45.143+0000][9][gc,start    ] GC(311) Pause Young (Normal) (G1 Evacuation Pause)
[2022-06-29T15:59:45.145+0000][9][gc,task     ] GC(311) Using 4 workers of 4 for evacuation
[2022-06-29T15:59:45.146+0000][9][gc,age      ] GC(311) Desired survivor size 20971520 bytes, new threshold 15 (max threshold 15)
[2022-06-29T15:59:45.156+0000][9][gc,phases   ] GC(311)   Pre Evacuate Collection Set: 0.3ms
[2022-06-29T15:59:45.157+0000][9][gc,phases   ] GC(311)   Merge Heap Roots: 0.1ms
[2022-06-29T15:59:45.158+0000][9][gc,phases   ] GC(311)   Evacuate Collection Set: 2.5ms
[2022-06-29T15:59:45.159+0000][9][gc,phases   ] GC(311)   Post Evacuate Collection Set: 1.4ms
[2022-06-29T15:59:45.160+0000][9][gc,phases   ] GC(311)   Other: 7.0ms
[2022-06-29T15:59:45.161+0000][9][gc,age      ] GC(311) Age table with threshold 15 (max threshold 15)
[2022-06-29T15:59:45.161+0000][9][gc,age      ] GC(311) - age   1:    1495824 bytes,    1495824 total
[2022-06-29T15:59:45.162+0000][9][gc,age      ] GC(311) - age   2:       3032 bytes,    1498856 total
[2022-06-29T15:59:45.163+0000][9][gc,age      ] GC(311) - age   3:        776 bytes,    1499632 total
[2022-06-29T15:59:45.164+0000][9][gc,age      ] GC(311) - age   4:        208 bytes,    1499840 total
[2022-06-29T15:59:45.166+0000][9][gc,age      ] GC(311) - age   5:        680 bytes,    1500520 total
[2022-06-29T15:59:45.167+0000][9][gc,age      ] GC(311) - age   6:        184 bytes,    1500704 total
[2022-06-29T15:59:45.168+0000][9][gc,age      ] GC(311) - age   9:       8984 bytes,    1509688 total
[2022-06-29T15:59:45.169+0000][9][gc,age      ] GC(311) - age  10:        384 bytes,    1510072 total
[2022-06-29T15:59:45.170+0000][9][gc,age      ] GC(311) - age  11:        584 bytes,    1510656 total
[2022-06-29T15:59:45.170+0000][9][gc,age      ] GC(311) - age  12:        112 bytes,    1510768 total
[2022-06-29T15:59:45.171+0000][9][gc,age      ] GC(311) - age  13:        704 bytes,    1511472 total
[2022-06-29T15:59:45.172+0000][9][gc,age      ] GC(311) - age  14:       4848 bytes,    1516320 total
[2022-06-29T15:59:45.175+0000][9][gc,heap     ] GC(311) Eden regions: 75->0(75)
[2022-06-29T15:59:45.178+0000][9][gc,heap     ] GC(311) Survivor regions: 1->1(10)
[2022-06-29T15:59:45.179+0000][9][gc,heap     ] GC(311) Old regions: 23->23
[2022-06-29T15:59:45.181+0000][9][gc,heap     ] GC(311) Archive regions: 2->2
[2022-06-29T15:59:45.183+0000][9][gc,heap     ] GC(311) Humongous regions: 0->0
[2022-06-29T15:59:45.184+0000][9][gc,metaspace] GC(311) Metaspace: 130987K(134336K)->130987K(134336K) NonClass: 113896K(115648K)->113896K(115648K) Class: 17091K(18688K)->17091K(18688K)
[2022-06-29T15:59:45.186+0000][9][gc          ] GC(311) Pause Young (Normal) (G1 Evacuation Pause) 395M->95M(512M) 42.672ms
[2022-06-29T15:59:45.188+0000][9][gc,cpu      ] GC(311) User=0.01s Sys=0.01s Real=0.04s
[2022-06-29T15:59:45.193+0000][9][safepoint   ] Safepoint "G1CollectForAllocation", Time since last: 114022873741 ns, Reaching safepoint: 103510 ns, At safepoint: 49845452 ns, Total: 49948962 ns
[2022-06-29T16:00:51.193+0000][9][safepoint   ] Safepoint "Cleanup", Time since last: 66066835658 ns, Reaching safepoint: 123666 ns, At safepoint: 7620 ns, Total: 131286 ns
[2022-06-29T16:01:24.166+0000][9][gc,start    ] GC(312) Pause Young (Normal) (G1 Evacuation Pause)
[2022-06-29T16:01:24.171+0000][9][gc,task     ] GC(312) Using 4 workers of 4 for evacuation
[2022-06-29T16:01:24.172+0000][9][gc,age      ] GC(312) Desired survivor size 20971520 bytes, new threshold 15 (max threshold 15)
[2022-06-29T16:01:24.217+0000][9][gc,phases   ] GC(312)   Pre Evacuate Collection Set: 1.6ms
[2022-06-29T16:01:24.218+0000][9][gc,phases   ] GC(312)   Merge Heap Roots: 0.4ms
[2022-06-29T16:01:24.220+0000][9][gc,phases   ] GC(312)   Evacuate Collection Set: 26.8ms
[2022-06-29T16:01:24.221+0000][9][gc,phases   ] GC(312)   Post Evacuate Collection Set: 13.8ms
[2022-06-29T16:01:24.223+0000][9][gc,phases   ] GC(312)   Other: 3.5ms
[2022-06-29T16:01:24.225+0000][9][gc,age      ] GC(312) Age table with threshold 15 (max threshold 15)
[2022-06-29T16:01:24.228+0000][9][gc,age      ] GC(312) - age   1:     695336 bytes,     695336 total
[2022-06-29T16:01:24.229+0000][9][gc,age      ] GC(312) - age   2:       1616 bytes,     696952 total
[2022-06-29T16:01:24.230+0000][9][gc,age      ] GC(312) - age   3:       2008 bytes,     698960 total
[2022-06-29T16:01:24.233+0000][9][gc,age      ] GC(312) - age   4:        184 bytes,     699144 total
[2022-06-29T16:01:24.234+0000][9][gc,age      ] GC(312) - age   5:        208 bytes,     699352 total
[2022-06-29T16:01:24.235+0000][9][gc,age      ] GC(312) - age   6:        560 bytes,     699912 total
[2022-06-29T16:01:24.237+0000][9][gc,age      ] GC(312) - age   7:        184 bytes,     700096 total
[2022-06-29T16:01:24.239+0000][9][gc,age      ] GC(312) - age  10:       8984 bytes,     709080 total
[2022-06-29T16:01:24.241+0000][9][gc,age      ] GC(312) - age  11:        384 bytes,     709464 total
[2022-06-29T16:01:24.242+0000][9][gc,age      ] GC(312) - age  12:        584 bytes,     710048 total
[2022-06-29T16:01:24.244+0000][9][gc,age      ] GC(312) - age  13:        112 bytes,     710160 total
[2022-06-29T16:01:24.246+0000][9][gc,age      ] GC(312) - age  14:        704 bytes,     710864 total
[2022-06-29T16:01:24.247+0000][9][gc,age      ] GC(312) - age  15:       4848 bytes,     715712 total
[2022-06-29T16:01:24.247+0000][9][gc,heap     ] GC(312) Eden regions: 75->0(75)
[2022-06-29T16:01:24.249+0000][9][gc,heap     ] GC(312) Survivor regions: 1->1(10)
[2022-06-29T16:01:24.250+0000][9][gc,heap     ] GC(312) Old regions: 23->23
[2022-06-29T16:01:24.251+0000][9][gc,heap     ] GC(312) Archive regions: 2->2
[2022-06-29T16:01:24.252+0000][9][gc,heap     ] GC(312) Humongous regions: 0->0
[2022-06-29T16:01:24.253+0000][9][gc,metaspace] GC(312) Metaspace: 130987K(134336K)->130987K(134336K) NonClass: 113896K(115648K)->113896K(115648K) Class: 17091K(18688K)->17091K(18688K)
[2022-06-29T16:01:24.256+0000][9][gc          ] GC(312) Pause Young (Normal) (G1 Evacuation Pause) 395M->95M(512M) 89.628ms
[2022-06-29T16:01:24.258+0000][9][gc,cpu      ] GC(312) User=0.14s Sys=0.00s Real=0.09s
[2022-06-29T16:01:24.261+0000][9][safepoint   ] Safepoint "G1CollectForAllocation", Time since last: 32990235018 ns, Reaching safepoint: 384758 ns, At safepoint: 94680647 ns, Total: 95065405 ns
[2022-06-29T16:02:51.040+0000][9][gc,start    ] GC(313) Pause Young (Normal) (G1 Evacuation Pause)
[2022-06-29T16:02:51.043+0000][9][gc,task     ] GC(313) Using 4 workers of 4 for evacuation
[2022-06-29T16:02:51.044+0000][9][gc,age      ] GC(313) Desired survivor size 20971520 bytes, new threshold 15 (max threshold 15)
[2022-06-29T16:02:51.049+0000][9][gc,phases   ] GC(313)   Pre Evacuate Collection Set: 0.2ms
[2022-06-29T16:02:51.051+0000][9][gc,phases   ] GC(313)   Merge Heap Roots: 0.2ms
[2022-06-29T16:02:51.052+0000][9][gc,phases   ] GC(313)   Evacuate Collection Set: 3.2ms
[2022-06-29T16:02:51.053+0000][9][gc,phases   ] GC(313)   Post Evacuate Collection Set: 1.4ms
[2022-06-29T16:02:51.053+0000][9][gc,phases   ] GC(313)   Other: 1.5ms
[2022-06-29T16:02:51.054+0000][9][gc,age      ] GC(313) Age table with threshold 15 (max threshold 15)
[2022-06-29T16:02:51.055+0000][9][gc,age      ] GC(313) - age   1:     522712 bytes,     522712 total
[2022-06-29T16:02:51.055+0000][9][gc,age      ] GC(313) - age   2:       6160 bytes,     528872 total
[2022-06-29T16:02:51.056+0000][9][gc,age      ] GC(313) - age   3:        280 bytes,     529152 total
[2022-06-29T16:02:51.056+0000][9][gc,age      ] GC(313) - age   4:       1912 bytes,     531064 total
[2022-06-29T16:02:51.057+0000][9][gc,age      ] GC(313) - age   5:        184 bytes,     531248 total
[2022-06-29T16:02:51.057+0000][9][gc,age      ] GC(313) - age   6:        184 bytes,     531432 total
[2022-06-29T16:02:51.058+0000][9][gc,age      ] GC(313) - age   7:        560 bytes,     531992 total
[2022-06-29T16:02:51.058+0000][9][gc,age      ] GC(313) - age   8:        184 bytes,     532176 total
[2022-06-29T16:02:51.059+0000][9][gc,age      ] GC(313) - age  11:       8592 bytes,     540768 total
[2022-06-29T16:02:51.060+0000][9][gc,age      ] GC(313) - age  12:        384 bytes,     541152 total
[2022-06-29T16:02:51.060+0000][9][gc,age      ] GC(313) - age  13:        584 bytes,     541736 total
[2022-06-29T16:02:51.061+0000][9][gc,age      ] GC(313) - age  14:        112 bytes,     541848 total
[2022-06-29T16:02:51.062+0000][9][gc,age      ] GC(313) - age  15:        704 bytes,     542552 total
[2022-06-29T16:02:51.063+0000][9][gc,heap     ] GC(313) Eden regions: 75->0(75)
[2022-06-29T16:02:51.063+0000][9][gc,heap     ] GC(313) Survivor regions: 1->1(10)
[2022-06-29T16:02:51.064+0000][9][gc,heap     ] GC(313) Old regions: 23->23
[2022-06-29T16:02:51.065+0000][9][gc,heap     ] GC(313) Archive regions: 2->2
[2022-06-29T16:02:51.066+0000][9][gc,heap     ] GC(313) Humongous regions: 0->0
[2022-06-29T16:02:51.068+0000][9][gc,metaspace] GC(313) Metaspace: 130989K(134336K)->130989K(134336K) NonClass: 113898K(115648K)->113898K(115648K) Class: 17091K(18688K)->17091K(18688K)
[2022-06-29T16:02:51.069+0000][9][gc          ] GC(313) Pause Young (Normal) (G1 Evacuation Pause) 395M->94M(512M) 28.984ms
[2022-06-29T16:02:51.070+0000][9][gc,cpu      ] GC(313) User=0.01s Sys=0.00s Real=0.03s
[2022-06-29T16:02:51.070+0000][9][safepoint   ] Safepoint "G1CollectForAllocation", Time since last: 86844710110 ns, Reaching safepoint: 336973 ns, At safepoint: 30432853 ns, Total: 30769826 ns
[2022-06-29T16:04:15.035+0000][9][gc,start    ] GC(314) Pause Young (Normal) (G1 Evacuation Pause)
[2022-06-29T16:04:15.036+0000][9][gc,task     ] GC(314) Using 4 workers of 4 for evacuation
[2022-06-29T16:04:15.037+0000][9][gc,age      ] GC(314) Desired survivor size 20971520 bytes, new threshold 15 (max threshold 15)
[2022-06-29T16:04:15.043+0000][9][gc,phases   ] GC(314)   Pre Evacuate Collection Set: 0.2ms
[2022-06-29T16:04:15.044+0000][9][gc,phases   ] GC(314)   Merge Heap Roots: 0.1ms
[2022-06-29T16:04:15.046+0000][9][gc,phases   ] GC(314)   Evacuate Collection Set: 3.4ms
[2022-06-29T16:04:15.047+0000][9][gc,phases   ] GC(314)   Post Evacuate Collection Set: 1.1ms
[2022-06-29T16:04:15.048+0000][9][gc,phases   ] GC(314)   Other: 2.0ms
[2022-06-29T16:04:15.048+0000][9][gc,age      ] GC(314) Age table with threshold 15 (max threshold 15)
[2022-06-29T16:04:15.049+0000][9][gc,age      ] GC(314) - age   1:     912872 bytes,     912872 total
[2022-06-29T16:04:15.050+0000][9][gc,age      ] GC(314) - age   2:       1792 bytes,     914664 total
[2022-06-29T16:04:15.051+0000][9][gc,age      ] GC(314) - age   3:       4968 bytes,     919632 total
[2022-06-29T16:04:15.052+0000][9][gc,age      ] GC(314) - age   4:        216 bytes,     919848 total
[2022-06-29T16:04:15.053+0000][9][gc,age      ] GC(314) - age   5:       1912 bytes,     921760 total
[2022-06-29T16:04:15.054+0000][9][gc,age      ] GC(314) - age   6:        184 bytes,     921944 total
[2022-06-29T16:04:15.055+0000][9][gc,age      ] GC(314) - age   7:        184 bytes,     922128 total
[2022-06-29T16:04:15.065+0000][9][gc,age      ] GC(314) - age   8:        560 bytes,     922688 total
[2022-06-29T16:04:15.068+0000][9][gc,age      ] GC(314) - age   9:        184 bytes,     922872 total
[2022-06-29T16:04:15.070+0000][9][gc,age      ] GC(314) - age  12:       8592 bytes,     931464 total
[2022-06-29T16:04:15.071+0000][9][gc,age      ] GC(314) - age  13:        384 bytes,     931848 total
[2022-06-29T16:04:15.074+0000][9][gc,age      ] GC(314) - age  14:        584 bytes,     932432 total
[2022-06-29T16:04:15.075+0000][9][gc,age      ] GC(314) - age  15:        112 bytes,     932544 total
[2022-06-29T16:04:15.076+0000][9][gc,heap     ] GC(314) Eden regions: 75->0(75)
[2022-06-29T16:04:15.077+0000][9][gc,heap     ] GC(314) Survivor regions: 1->1(10)
[2022-06-29T16:04:15.078+0000][9][gc,heap     ] GC(314) Old regions: 23->23
[2022-06-29T16:04:15.079+0000][9][gc,heap     ] GC(314) Archive regions: 2->2
[2022-06-29T16:04:15.080+0000][9][gc,heap     ] GC(314) Humongous regions: 0->0
[2022-06-29T16:04:15.080+0000][9][gc,metaspace] GC(314) Metaspace: 130989K(134336K)->130989K(134336K) NonClass: 113898K(115648K)->113898K(115648K) Class: 17091K(18688K)->17091K(18688K)
[2022-06-29T16:04:15.081+0000][9][gc          ] GC(314) Pause Young (Normal) (G1 Evacuation Pause) 394M->95M(512M) 46.312ms
[2022-06-29T16:04:15.082+0000][9][gc,cpu      ] GC(314) User=0.01s Sys=0.00s Real=0.05s
[2022-06-29T16:04:15.084+0000][9][safepoint   ] Safepoint "G1CollectForAllocation", Time since last: 84009188903 ns, Reaching safepoint: 109131 ns, At safepoint: 48933225 ns, Total: 49042356 ns
[2022-06-29T16:05:42.061+0000][9][gc,start    ] GC(315) Pause Young (Normal) (G1 Evacuation Pause)
[2022-06-29T16:05:42.063+0000][9][gc,task     ] GC(315) Using 4 workers of 4 for evacuation
[2022-06-29T16:05:42.064+0000][9][gc,age      ] GC(315) Desired survivor size 20971520 bytes, new threshold 15 (max threshold 15)
[2022-06-29T16:05:42.068+0000][9][gc,phases   ] GC(315)   Pre Evacuate Collection Set: 0.2ms
[2022-06-29T16:05:42.069+0000][9][gc,phases   ] GC(315)   Merge Heap Roots: 0.1ms
[2022-06-29T16:05:42.070+0000][9][gc,phases   ] GC(315)   Evacuate Collection Set: 1.8ms
[2022-06-29T16:05:42.074+0000][9][gc,phases   ] GC(315)   Post Evacuate Collection Set: 1.1ms
[2022-06-29T16:05:42.075+0000][9][gc,phases   ] GC(315)   Other: 1.8ms
[2022-06-29T16:05:42.077+0000][9][gc,age      ] GC(315) Age table with threshold 15 (max threshold 15)
[2022-06-29T16:05:42.077+0000][9][gc,age      ] GC(315) - age   1:     771240 bytes,     771240 total
[2022-06-29T16:05:42.078+0000][9][gc,age      ] GC(315) - age   2:       1512 bytes,     772752 total
[2022-06-29T16:05:42.161+0000][9][gc,age      ] GC(315) - age   3:        696 bytes,     773448 total
[2022-06-29T16:05:42.162+0000][9][gc,age      ] GC(315) - age   4:       4968 bytes,     778416 total
[2022-06-29T16:05:42.162+0000][9][gc,age      ] GC(315) - age   5:        216 bytes,     778632 total
[2022-06-29T16:05:42.163+0000][9][gc,age      ] GC(315) - age   6:       1912 bytes,     780544 total
[2022-06-29T16:05:42.163+0000][9][gc,age      ] GC(315) - age   7:        184 bytes,     780728 total
[2022-06-29T16:05:42.164+0000][9][gc,age      ] GC(315) - age   8:        184 bytes,     780912 total
[2022-06-29T16:05:42.165+0000][9][gc,age      ] GC(315) - age   9:        560 bytes,     781472 total
[2022-06-29T16:05:42.166+0000][9][gc,age      ] GC(315) - age  10:        184 bytes,     781656 total
[2022-06-29T16:05:42.166+0000][9][gc,age      ] GC(315) - age  13:       8592 bytes,     790248 total
[2022-06-29T16:05:42.167+0000][9][gc,age      ] GC(315) - age  15:        584 bytes,     790832 total
[2022-06-29T16:05:42.167+0000][9][gc,heap     ] GC(315) Eden regions: 75->0(75)
[2022-06-29T16:05:42.168+0000][9][gc,heap     ] GC(315) Survivor regions: 1->1(10)
[2022-06-29T16:05:42.169+0000][9][gc,heap     ] GC(315) Old regions: 23->23
[2022-06-29T16:05:42.169+0000][9][gc,heap     ] GC(315) Archive regions: 2->2
[2022-06-29T16:05:42.171+0000][9][gc,heap     ] GC(315) Humongous regions: 0->0
[2022-06-29T16:05:42.174+0000][9][gc,metaspace] GC(315) Metaspace: 130989K(134336K)->130989K(134336K) NonClass: 113898K(115648K)->113898K(115648K) Class: 17091K(18688K)->17091K(18688K)
[2022-06-29T16:05:42.175+0000][9][gc          ] GC(315) Pause Young (Normal) (G1 Evacuation Pause) 395M->95M(512M) 113.872ms
[2022-06-29T16:05:42.176+0000][9][gc,cpu      ] GC(315) User=0.01s Sys=0.00s Real=0.12s
[2022-06-29T16:05:42.176+0000][9][safepoint   ] Safepoint "G1CollectForAllocation", Time since last: 87040604089 ns, Reaching safepoint: 177072 ns, At safepoint: 115800781 ns, Total: 115977853 ns
[2022-06-29T16:06:36.180+0000][9][safepoint   ] Safepoint "Cleanup", Time since last: 54046523600 ns, Reaching safepoint: 291647 ns, At safepoint: 13165 ns, Total: 304812 ns
[2022-06-29T16:06:50.175+0000][9][safepoint   ] Safepoint "Cleanup", Time since last: 14015763387 ns, Reaching safepoint: 1130787 ns, At safepoint: 106201 ns, Total: 1236988 ns
[2022-06-29T16:07:15.007+0000][9][gc,start    ] GC(316) Pause Young (Normal) (G1 Evacuation Pause)
[2022-06-29T16:07:15.009+0000][9][gc,task     ] GC(316) Using 4 workers of 4 for evacuation
[2022-06-29T16:07:15.010+0000][9][gc,age      ] GC(316) Desired survivor size 20971520 bytes, new threshold 15 (max threshold 15)
[2022-06-29T16:07:15.022+0000][9][gc,phases   ] GC(316)   Pre Evacuate Collection Set: 0.1ms
[2022-06-29T16:07:15.024+0000][9][gc,phases   ] GC(316)   Merge Heap Roots: 0.0ms
[2022-06-29T16:07:15.026+0000][9][gc,phases   ] GC(316)   Evacuate Collection Set: 9.6ms
[2022-06-29T16:07:15.027+0000][9][gc,phases   ] GC(316)   Post Evacuate Collection Set: 1.2ms
[2022-06-29T16:07:15.027+0000][9][gc,phases   ] GC(316)   Other: 2.0ms
[2022-06-29T16:07:15.028+0000][9][gc,age      ] GC(316) Age table with threshold 15 (max threshold 15)
[2022-06-29T16:07:15.029+0000][9][gc,age      ] GC(316) - age   1:    1471600 bytes,    1471600 total
[2022-06-29T16:07:15.029+0000][9][gc,age      ] GC(316) - age   2:       1888 bytes,    1473488 total
[2022-06-29T16:07:15.031+0000][9][gc,age      ] GC(316) - age   3:        744 bytes,    1474232 total
[2022-06-29T16:07:15.032+0000][9][gc,age      ] GC(316) - age   4:        696 bytes,    1474928 total
[2022-06-29T16:07:15.033+0000][9][gc,age      ] GC(316) - age   5:       4968 bytes,    1479896 total
[2022-06-29T16:07:15.034+0000][9][gc,age      ] GC(316) - age   6:        216 bytes,    1480112 total
[2022-06-29T16:07:15.036+0000][9][gc,age      ] GC(316) - age   8:        184 bytes,    1480296 total
[2022-06-29T16:07:15.037+0000][9][gc,age      ] GC(316) - age   9:        184 bytes,    1480480 total
[2022-06-29T16:07:15.038+0000][9][gc,age      ] GC(316) - age  10:        560 bytes,    1481040 total
[2022-06-29T16:07:15.039+0000][9][gc,age      ] GC(316) - age  11:        184 bytes,    1481224 total
[2022-06-29T16:07:15.039+0000][9][gc,age      ] GC(316) - age  14:       8592 bytes,    1489816 total
[2022-06-29T16:07:15.040+0000][9][gc,heap     ] GC(316) Eden regions: 75->0(75)
[2022-06-29T16:07:15.041+0000][9][gc,heap     ] GC(316) Survivor regions: 1->1(10)
[2022-06-29T16:07:15.041+0000][9][gc,heap     ] GC(316) Old regions: 23->23
[2022-06-29T16:07:15.042+0000][9][gc,heap     ] GC(316) Archive regions: 2->2
[2022-06-29T16:07:15.043+0000][9][gc,heap     ] GC(316) Humongous regions: 0->0
[2022-06-29T16:07:15.043+0000][9][gc,metaspace] GC(316) Metaspace: 130989K(134336K)->130989K(134336K) NonClass: 113898K(115648K)->113898K(115648K) Class: 17091K(18688K)->17091K(18688K)
[2022-06-29T16:07:15.044+0000][9][gc          ] GC(316) Pause Young (Normal) (G1 Evacuation Pause) 395M->95M(512M) 36.971ms
[2022-06-29T16:07:15.045+0000][9][gc,cpu      ] GC(316) User=0.03s Sys=0.01s Real=0.03s
[2022-06-29T16:07:15.046+0000][9][safepoint   ] Safepoint "G1CollectForAllocation", Time since last: 24832234396 ns, Reaching safepoint: 84611 ns, At safepoint: 38742252 ns, Total: 38826863 ns
[2022-06-29T16:08:12.056+0000][9][safepoint   ] Safepoint "Cleanup", Time since last: 57052962580 ns, Reaching safepoint: 324763 ns, At safepoint: 20088 ns, Total: 344851 ns
[2022-06-29T16:08:48.067+0000][9][safepoint   ] Safepoint "Cleanup", Time since last: 36032604553 ns, Reaching safepoint: 173323 ns, At safepoint: 7699 ns, Total: 181022 ns
[2022-06-29T16:08:56.054+0000][9][safepoint   ] Safepoint "Cleanup", Time since last: 8008942422 ns, Reaching safepoint: 215506 ns, At safepoint: 10069 ns, Total: 225575 ns
[2022-06-29T16:09:00.313+0000][9][gc,start    ] GC(317) Pause Young (Normal) (G1 Evacuation Pause)
[2022-06-29T16:09:00.314+0000][9][gc,task     ] GC(317) Using 4 workers of 4 for evacuation
[2022-06-29T16:09:00.315+0000][9][gc,age      ] GC(317) Desired survivor size 20971520 bytes, new threshold 15 (max threshold 15)
[2022-06-29T16:09:00.321+0000][9][gc,phases   ] GC(317)   Pre Evacuate Collection Set: 0.2ms
[2022-06-29T16:09:00.322+0000][9][gc,phases   ] GC(317)   Merge Heap Roots: 0.1ms
[2022-06-29T16:09:00.322+0000][9][gc,phases   ] GC(317)   Evacuate Collection Set: 3.5ms
[2022-06-29T16:09:00.323+0000][9][gc,phases   ] GC(317)   Post Evacuate Collection Set: 1.5ms
[2022-06-29T16:09:00.324+0000][9][gc,phases   ] GC(317)   Other: 1.7ms
[2022-06-29T16:09:00.325+0000][9][gc,age      ] GC(317) Age table with threshold 15 (max threshold 15)
[2022-06-29T16:09:00.326+0000][9][gc,age      ] GC(317) - age   1:    1421128 bytes,    1421128 total
[2022-06-29T16:09:00.327+0000][9][gc,age      ] GC(317) - age   2:       3584 bytes,    1424712 total
[2022-06-29T16:09:00.329+0000][9][gc,age      ] GC(317) - age   3:        632 bytes,    1425344 total
[2022-06-29T16:09:00.331+0000][9][gc,age      ] GC(317) - age   4:         64 bytes,    1425408 total
[2022-06-29T16:09:00.331+0000][9][gc,age      ] GC(317) - age   5:        600 bytes,    1426008 total
[2022-06-29T16:09:00.332+0000][9][gc,age      ] GC(317) - age   6:       4968 bytes,    1430976 total
[2022-06-29T16:09:00.333+0000][9][gc,age      ] GC(317) - age   7:         32 bytes,    1431008 total
[2022-06-29T16:09:00.333+0000][9][gc,age      ] GC(317) - age   9:        184 bytes,    1431192 total
[2022-06-29T16:09:00.334+0000][9][gc,age      ] GC(317) - age  11:        560 bytes,    1431752 total
[2022-06-29T16:09:00.335+0000][9][gc,age      ] GC(317) - age  12:        184 bytes,    1431936 total
[2022-06-29T16:09:00.335+0000][9][gc,age      ] GC(317) - age  15:       8592 bytes,    1440528 total
[2022-06-29T16:09:00.336+0000][9][gc,heap     ] GC(317) Eden regions: 75->0(75)
[2022-06-29T16:09:00.337+0000][9][gc,heap     ] GC(317) Survivor regions: 1->1(10)
[2022-06-29T16:09:00.338+0000][9][gc,heap     ] GC(317) Old regions: 23->23
[2022-06-29T16:09:00.338+0000][9][gc,heap     ] GC(317) Archive regions: 2->2
[2022-06-29T16:09:00.339+0000][9][gc,heap     ] GC(317) Humongous regions: 0->0
[2022-06-29T16:09:00.340+0000][9][gc,metaspace] GC(317) Metaspace: 130994K(134336K)->130994K(134336K) NonClass: 113903K(115648K)->113903K(115648K) Class: 17091K(18688K)->17091K(18688K)
[2022-06-29T16:09:00.340+0000][9][gc          ] GC(317) Pause Young (Normal) (G1 Evacuation Pause) 395M->95M(512M) 27.372ms
[2022-06-29T16:09:00.341+0000][9][gc,cpu      ] GC(317) User=0.01s Sys=0.00s Real=0.03s
[2022-06-29T16:09:00.342+0000][9][safepoint   ] Safepoint "G1CollectForAllocation", Time since last: 4258439553 ns, Reaching safepoint: 111802 ns, At safepoint: 28979050 ns, Total: 29090852 ns
[2022-06-29T16:10:29.868+0000][9][gc,start    ] GC(318) Pause Young (Normal) (G1 Evacuation Pause)
[2022-06-29T16:10:29.871+0000][9][gc,task     ] GC(318) Using 4 workers of 4 for evacuation
[2022-06-29T16:10:29.872+0000][9][gc,age      ] GC(318) Desired survivor size 20971520 bytes, new threshold 15 (max threshold 15)
[2022-06-29T16:10:29.878+0000][9][gc,phases   ] GC(318)   Pre Evacuate Collection Set: 0.3ms
[2022-06-29T16:10:29.879+0000][9][gc,phases   ] GC(318)   Merge Heap Roots: 0.1ms
[2022-06-29T16:10:29.881+0000][9][gc,phases   ] GC(318)   Evacuate Collection Set: 2.9ms
[2022-06-29T16:10:29.881+0000][9][gc,phases   ] GC(318)   Post Evacuate Collection Set: 1.3ms
[2022-06-29T16:10:29.882+0000][9][gc,phases   ] GC(318)   Other: 2.0ms
[2022-06-29T16:10:29.883+0000][9][gc,age      ] GC(318) Age table with threshold 15 (max threshold 15)
[2022-06-29T16:10:29.883+0000][9][gc,age      ] GC(318) - age   1:    1257488 bytes,    1257488 total
[2022-06-29T16:10:29.884+0000][9][gc,age      ] GC(318) - age   2:       2672 bytes,    1260160 total
[2022-06-29T16:10:29.885+0000][9][gc,age      ] GC(318) - age   3:       2368 bytes,    1262528 total
[2022-06-29T16:10:29.885+0000][9][gc,age      ] GC(318) - age   4:        568 bytes,    1263096 total
[2022-06-29T16:10:29.886+0000][9][gc,age      ] GC(318) - age   6:        600 bytes,    1263696 total
[2022-06-29T16:10:29.887+0000][9][gc,age      ] GC(318) - age   7:       4968 bytes,    1268664 total
[2022-06-29T16:10:29.887+0000][9][gc,age      ] GC(318) - age   8:         32 bytes,    1268696 total
[2022-06-29T16:10:29.888+0000][9][gc,age      ] GC(318) - age  10:        184 bytes,    1268880 total
[2022-06-29T16:10:29.889+0000][9][gc,age      ] GC(318) - age  12:        560 bytes,    1269440 total
[2022-06-29T16:10:29.889+0000][9][gc,age      ] GC(318) - age  13:        184 bytes,    1269624 total
[2022-06-29T16:10:29.890+0000][9][gc,heap     ] GC(318) Eden regions: 75->0(75)
[2022-06-29T16:10:29.891+0000][9][gc,heap     ] GC(318) Survivor regions: 1->1(10)
[2022-06-29T16:10:29.891+0000][9][gc,heap     ] GC(318) Old regions: 23->23
[2022-06-29T16:10:29.892+0000][9][gc,heap     ] GC(318) Archive regions: 2->2
[2022-06-29T16:10:29.893+0000][9][gc,heap     ] GC(318) Humongous regions: 0->0
[2022-06-29T16:10:29.894+0000][9][gc,metaspace] GC(318) Metaspace: 130994K(134336K)->130994K(134336K) NonClass: 113903K(115648K)->113903K(115648K) Class: 17091K(18688K)->17091K(18688K)
[2022-06-29T16:10:29.896+0000][9][gc          ] GC(318) Pause Young (Normal) (G1 Evacuation Pause) 395M->95M(512M) 28.747ms
[2022-06-29T16:10:29.897+0000][9][gc,cpu      ] GC(318) User=0.01s Sys=0.00s Real=0.03s
[2022-06-29T16:10:29.898+0000][9][safepoint   ] Safepoint "G1CollectForAllocation", Time since last: 89589983103 ns, Reaching safepoint: 222077 ns, At safepoint: 30795044 ns, Total: 31017121 ns
[2022-06-29T16:11:53.848+0000][9][gc,start    ] GC(319) Pause Young (Normal) (G1 Evacuation Pause)
[2022-06-29T16:11:53.850+0000][9][gc,task     ] GC(319) Using 4 workers of 4 for evacuation
[2022-06-29T16:11:53.851+0000][9][gc,age      ] GC(319) Desired survivor size 20971520 bytes, new threshold 15 (max threshold 15)
[2022-06-29T16:11:53.855+0000][9][gc,phases   ] GC(319)   Pre Evacuate Collection Set: 0.2ms
[2022-06-29T16:11:53.856+0000][9][gc,phases   ] GC(319)   Merge Heap Roots: 0.2ms
[2022-06-29T16:11:53.857+0000][9][gc,phases   ] GC(319)   Evacuate Collection Set: 2.5ms
[2022-06-29T16:11:53.857+0000][9][gc,phases   ] GC(319)   Post Evacuate Collection Set: 1.0ms
[2022-06-29T16:11:53.858+0000][9][gc,phases   ] GC(319)   Other: 1.5ms
[2022-06-29T16:11:53.859+0000][9][gc,age      ] GC(319) Age table with threshold 15 (max threshold 15)
[2022-06-29T16:11:53.859+0000][9][gc,age      ] GC(319) - age   1:    1276536 bytes,    1276536 total
[2022-06-29T16:11:53.860+0000][9][gc,age      ] GC(319) - age   2:       1792 bytes,    1278328 total
[2022-06-29T16:11:53.860+0000][9][gc,age      ] GC(319) - age   3:       1280 bytes,    1279608 total
[2022-06-29T16:11:53.861+0000][9][gc,age      ] GC(319) - age   4:       2008 bytes,    1281616 total
[2022-06-29T16:11:53.864+0000][9][gc,age      ] GC(319) - age   5:        568 bytes,    1282184 total
[2022-06-29T16:11:53.865+0000][9][gc,age      ] GC(319) - age   7:        600 bytes,    1282784 total
[2022-06-29T16:11:53.865+0000][9][gc,age      ] GC(319) - age   8:       4784 bytes,    1287568 total
[2022-06-29T16:11:53.866+0000][9][gc,age      ] GC(319) - age   9:         32 bytes,    1287600 total
[2022-06-29T16:11:53.867+0000][9][gc,age      ] GC(319) - age  11:        184 bytes,    1287784 total
[2022-06-29T16:11:53.867+0000][9][gc,age      ] GC(319) - age  13:        560 bytes,    1288344 total
[2022-06-29T16:11:53.868+0000][9][gc,age      ] GC(319) - age  14:        184 bytes,    1288528 total
[2022-06-29T16:11:53.869+0000][9][gc,heap     ] GC(319) Eden regions: 75->0(75)
[2022-06-29T16:11:53.869+0000][9][gc,heap     ] GC(319) Survivor regions: 1->1(10)
[2022-06-29T16:11:53.870+0000][9][gc,heap     ] GC(319) Old regions: 23->23
[2022-06-29T16:11:53.870+0000][9][gc,heap     ] GC(319) Archive regions: 2->2
[2022-06-29T16:11:53.871+0000][9][gc,heap     ] GC(319) Humongous regions: 0->0
[2022-06-29T16:11:53.871+0000][9][gc,metaspace] GC(319) Metaspace: 130994K(134336K)->130994K(134336K) NonClass: 113903K(115648K)->113903K(115648K) Class: 17091K(18688K)->17091K(18688K)
[2022-06-29T16:11:53.872+0000][9][gc          ] GC(319) Pause Young (Normal) (G1 Evacuation Pause) 395M->95M(512M) 23.507ms
[2022-06-29T16:11:53.872+0000][9][gc,cpu      ] GC(319) User=0.01s Sys=0.00s Real=0.03s
[2022-06-29T16:11:53.873+0000][9][safepoint   ] Safepoint "G1CollectForAllocation", Time since last: 84016018121 ns, Reaching safepoint: 135989 ns, At safepoint: 24821058 ns, Total: 24957047 ns
[2022-06-29T16:12:06.882+0000][9][safepoint   ] Safepoint "Cleanup", Time since last: 13008119804 ns, Reaching safepoint: 160768 ns, At safepoint: 131668 ns, Total: 292436 ns
[2022-06-29T16:13:09.892+0000][9][safepoint   ] Safepoint "Cleanup", Time since last: 63051339714 ns, Reaching safepoint: 117916 ns, At safepoint: 5149 ns, Total: 123065 ns
[2022-06-29T16:13:20.830+0000][9][gc,start    ] GC(320) Pause Young (Normal) (G1 Evacuation Pause)
[2022-06-29T16:13:20.831+0000][9][gc,task     ] GC(320) Using 4 workers of 4 for evacuation
[2022-06-29T16:13:20.833+0000][9][gc,age      ] GC(320) Desired survivor size 20971520 bytes, new threshold 15 (max threshold 15)
[2022-06-29T16:13:20.838+0000][9][gc,phases   ] GC(320)   Pre Evacuate Collection Set: 0.2ms
[2022-06-29T16:13:20.840+0000][9][gc,phases   ] GC(320)   Merge Heap Roots: 0.2ms
[2022-06-29T16:13:20.840+0000][9][gc,phases   ] GC(320)   Evacuate Collection Set: 2.4ms
[2022-06-29T16:13:20.841+0000][9][gc,phases   ] GC(320)   Post Evacuate Collection Set: 1.5ms
[2022-06-29T16:13:20.842+0000][9][gc,phases   ] GC(320)   Other: 2.4ms
[2022-06-29T16:13:20.843+0000][9][gc,age      ] GC(320) Age table with threshold 15 (max threshold 15)
[2022-06-29T16:13:20.843+0000][9][gc,age      ] GC(320) - age   1:    1484352 bytes,    1484352 total
[2022-06-29T16:13:20.844+0000][9][gc,age      ] GC(320) - age   2:       1632 bytes,    1485984 total
[2022-06-29T16:13:20.844+0000][9][gc,age      ] GC(320) - age   3:         64 bytes,    1486048 total
[2022-06-29T16:13:20.845+0000][9][gc,age      ] GC(320) - age   4:        824 bytes,    1486872 total
[2022-06-29T16:13:20.846+0000][9][gc,age      ] GC(320) - age   5:       2008 bytes,    1488880 total
[2022-06-29T16:13:20.846+0000][9][gc,age      ] GC(320) - age   6:        568 bytes,    1489448 total
[2022-06-29T16:13:20.847+0000][9][gc,age      ] GC(320) - age   8:        416 bytes,    1489864 total
[2022-06-29T16:13:20.848+0000][9][gc,age      ] GC(320) - age   9:       4784 bytes,    1494648 total
[2022-06-29T16:13:20.848+0000][9][gc,age      ] GC(320) - age  10:         32 bytes,    1494680 total
[2022-06-29T16:13:20.849+0000][9][gc,age      ] GC(320) - age  12:        184 bytes,    1494864 total
[2022-06-29T16:13:20.849+0000][9][gc,age      ] GC(320) - age  14:        560 bytes,    1495424 total
[2022-06-29T16:13:20.850+0000][9][gc,age      ] GC(320) - age  15:        184 bytes,    1495608 total
[2022-06-29T16:13:20.850+0000][9][gc,heap     ] GC(320) Eden regions: 75->0(75)
[2022-06-29T16:13:20.851+0000][9][gc,heap     ] GC(320) Survivor regions: 1->1(10)
[2022-06-29T16:13:20.852+0000][9][gc,heap     ] GC(320) Old regions: 23->23
[2022-06-29T16:13:20.852+0000][9][gc,heap     ] GC(320) Archive regions: 2->2
[2022-06-29T16:13:20.853+0000][9][gc,heap     ] GC(320) Humongous regions: 0->0
[2022-06-29T16:13:20.855+0000][9][gc,metaspace] GC(320) Metaspace: 130994K(134336K)->130994K(134336K) NonClass: 113903K(115648K)->113903K(115648K) Class: 17091K(18688K)->17091K(18688K)
[2022-06-29T16:13:20.856+0000][9][gc          ] GC(320) Pause Young (Normal) (G1 Evacuation Pause) 395M->95M(512M) 25.631ms
[2022-06-29T16:13:20.856+0000][9][gc,cpu      ] GC(320) User=0.00s Sys=0.01s Real=0.03s
[2022-06-29T16:13:20.857+0000][9][safepoint   ] Safepoint "G1CollectForAllocation", Time since last: 10960102285 ns, Reaching safepoint: 97146 ns, At safepoint: 27436325 ns, Total: 27533471 ns
[2022-06-29T16:15:08.783+0000][9][gc,start    ] GC(321) Pause Young (Normal) (G1 Evacuation Pause)
[2022-06-29T16:15:08.786+0000][9][gc,task     ] GC(321) Using 4 workers of 4 for evacuation
[2022-06-29T16:15:08.786+0000][9][gc,age      ] GC(321) Desired survivor size 20971520 bytes, new threshold 15 (max threshold 15)
[2022-06-29T16:15:08.794+0000][9][gc,phases   ] GC(321)   Pre Evacuate Collection Set: 0.2ms
[2022-06-29T16:15:08.795+0000][9][gc,phases   ] GC(321)   Merge Heap Roots: 0.1ms
[2022-06-29T16:15:08.795+0000][9][gc,phases   ] GC(321)   Evacuate Collection Set: 4.9ms
[2022-06-29T16:15:08.796+0000][9][gc,phases   ] GC(321)   Post Evacuate Collection Set: 1.1ms
[2022-06-29T16:15:08.797+0000][9][gc,phases   ] GC(321)   Other: 2.1ms
[2022-06-29T16:15:08.797+0000][9][gc,age      ] GC(321) Age table with threshold 15 (max threshold 15)
[2022-06-29T16:15:08.798+0000][9][gc,age      ] GC(321) - age   1:     631712 bytes,     631712 total
[2022-06-29T16:15:08.799+0000][9][gc,age      ] GC(321) - age   2:       1760 bytes,     633472 total
[2022-06-29T16:15:08.800+0000][9][gc,age      ] GC(321) - age   3:        480 bytes,     633952 total
[2022-06-29T16:15:08.801+0000][9][gc,age      ] GC(321) - age   5:        800 bytes,     634752 total
[2022-06-29T16:15:08.803+0000][9][gc,age      ] GC(321) - age   6:       1976 bytes,     636728 total
[2022-06-29T16:15:08.804+0000][9][gc,age      ] GC(321) - age   7:        568 bytes,     637296 total
[2022-06-29T16:15:08.805+0000][9][gc,age      ] GC(321) - age   9:        416 bytes,     637712 total
[2022-06-29T16:15:08.805+0000][9][gc,age      ] GC(321) - age  10:       4696 bytes,     642408 total
[2022-06-29T16:15:08.806+0000][9][gc,age      ] GC(321) - age  11:         32 bytes,     642440 total
[2022-06-29T16:15:08.807+0000][9][gc,age      ] GC(321) - age  13:        184 bytes,     642624 total
[2022-06-29T16:15:08.807+0000][9][gc,age      ] GC(321) - age  15:        560 bytes,     643184 total
[2022-06-29T16:15:08.808+0000][9][gc,heap     ] GC(321) Eden regions: 75->0(75)
[2022-06-29T16:15:08.809+0000][9][gc,heap     ] GC(321) Survivor regions: 1->1(10)
[2022-06-29T16:15:08.809+0000][9][gc,heap     ] GC(321) Old regions: 23->23
[2022-06-29T16:15:08.810+0000][9][gc,heap     ] GC(321) Archive regions: 2->2
[2022-06-29T16:15:08.811+0000][9][gc,heap     ] GC(321) Humongous regions: 0->0
[2022-06-29T16:15:08.812+0000][9][gc,metaspace] GC(321) Metaspace: 130994K(134336K)->130994K(134336K) NonClass: 113903K(115648K)->113903K(115648K) Class: 17091K(18688K)->17091K(18688K)
[2022-06-29T16:15:08.813+0000][9][gc          ] GC(321) Pause Young (Normal) (G1 Evacuation Pause) 395M->95M(512M) 29.863ms
[2022-06-29T16:15:08.813+0000][9][gc,cpu      ] GC(321) User=0.01s Sys=0.00s Real=0.03s
[2022-06-29T16:15:08.814+0000][9][safepoint   ] Safepoint "G1CollectForAllocation", Time since last: 107990211371 ns, Reaching safepoint: 106444 ns, At safepoint: 31331652 ns, Total: 31438096 ns
[2022-06-29T16:16:49.819+0000][9][safepoint   ] Safepoint "Cleanup", Time since last: 101091080117 ns, Reaching safepoint: 364462 ns, At safepoint: 22598 ns, Total: 387060 ns
[2022-06-29T16:16:53.898+0000][9][gc,start    ] GC(322) Pause Young (Normal) (G1 Evacuation Pause)
[2022-06-29T16:16:53.902+0000][9][gc,task     ] GC(322) Using 4 workers of 4 for evacuation
[2022-06-29T16:16:53.903+0000][9][gc,age      ] GC(322) Desired survivor size 20971520 bytes, new threshold 15 (max threshold 15)
[2022-06-29T16:16:53.909+0000][9][gc,phases   ] GC(322)   Pre Evacuate Collection Set: 0.2ms
[2022-06-29T16:16:53.910+0000][9][gc,phases   ] GC(322)   Merge Heap Roots: 0.1ms
[2022-06-29T16:16:53.910+0000][9][gc,phases   ] GC(322)   Evacuate Collection Set: 2.8ms
[2022-06-29T16:16:53.911+0000][9][gc,phases   ] GC(322)   Post Evacuate Collection Set: 1.4ms
[2022-06-29T16:16:53.912+0000][9][gc,phases   ] GC(322)   Other: 1.9ms
[2022-06-29T16:16:53.913+0000][9][gc,age      ] GC(322) Age table with threshold 15 (max threshold 15)
[2022-06-29T16:16:53.913+0000][9][gc,age      ] GC(322) - age   1:    1565200 bytes,    1565200 total
[2022-06-29T16:16:53.914+0000][9][gc,age      ] GC(322) - age   2:       1088 bytes,    1566288 total
[2022-06-29T16:16:53.915+0000][9][gc,age      ] GC(322) - age   3:        584 bytes,    1566872 total
[2022-06-29T16:16:53.917+0000][9][gc,age      ] GC(322) - age   4:        184 bytes,    1567056 total
[2022-06-29T16:16:53.918+0000][9][gc,age      ] GC(322) - age   6:        800 bytes,    1567856 total
[2022-06-29T16:16:53.918+0000][9][gc,age      ] GC(322) - age   7:        248 bytes,    1568104 total
[2022-06-29T16:16:53.919+0000][9][gc,age      ] GC(322) - age   8:        384 bytes,    1568488 total
[2022-06-29T16:16:53.920+0000][9][gc,age      ] GC(322) - age  10:         24 bytes,    1568512 total
[2022-06-29T16:16:53.921+0000][9][gc,age      ] GC(322) - age  11:       4696 bytes,    1573208 total
[2022-06-29T16:16:53.921+0000][9][gc,age      ] GC(322) - age  12:         32 bytes,    1573240 total
[2022-06-29T16:16:53.922+0000][9][gc,age      ] GC(322) - age  14:        184 bytes,    1573424 total
[2022-06-29T16:16:53.923+0000][9][gc,heap     ] GC(322) Eden regions: 75->0(75)
[2022-06-29T16:16:53.924+0000][9][gc,heap     ] GC(322) Survivor regions: 1->1(10)
[2022-06-29T16:16:53.925+0000][9][gc,heap     ] GC(322) Old regions: 23->23
[2022-06-29T16:16:53.926+0000][9][gc,heap     ] GC(322) Archive regions: 2->2
[2022-06-29T16:16:53.927+0000][9][gc,heap     ] GC(322) Humongous regions: 0->0
[2022-06-29T16:16:53.928+0000][9][gc,metaspace] GC(322) Metaspace: 130994K(134336K)->130994K(134336K) NonClass: 113903K(115648K)->113903K(115648K) Class: 17091K(18688K)->17091K(18688K)
[2022-06-29T16:16:53.929+0000][9][gc          ] GC(322) Pause Young (Normal) (G1 Evacuation Pause) 395M->95M(512M) 30.159ms
[2022-06-29T16:16:53.929+0000][9][gc,cpu      ] GC(322) User=0.01s Sys=0.00s Real=0.03s
[2022-06-29T16:16:53.930+0000][9][safepoint   ] Safepoint "G1CollectForAllocation", Time since last: 4079211873 ns, Reaching safepoint: 138703 ns, At safepoint: 31660875 ns, Total: 31799578 ns
[2022-06-29T16:16:56.936+0000][9][safepoint   ] Safepoint "Cleanup", Time since last: 3002700934 ns, Reaching safepoint: 2915584 ns, At safepoint: 54880 ns, Total: 2970464 ns
[2022-06-29T16:18:41.713+0000][9][gc,start    ] GC(323) Pause Young (Normal) (G1 Evacuation Pause)
[2022-06-29T16:18:41.716+0000][9][gc,task     ] GC(323) Using 4 workers of 4 for evacuation
[2022-06-29T16:18:41.717+0000][9][gc,age      ] GC(323) Desired survivor size 20971520 bytes, new threshold 15 (max threshold 15)
[2022-06-29T16:18:41.726+0000][9][gc,phases   ] GC(323)   Pre Evacuate Collection Set: 0.2ms
[2022-06-29T16:18:41.727+0000][9][gc,phases   ] GC(323)   Merge Heap Roots: 0.1ms
[2022-06-29T16:18:41.727+0000][9][gc,phases   ] GC(323)   Evacuate Collection Set: 6.7ms
[2022-06-29T16:18:41.728+0000][9][gc,phases   ] GC(323)   Post Evacuate Collection Set: 1.5ms
[2022-06-29T16:18:41.728+0000][9][gc,phases   ] GC(323)   Other: 1.4ms
[2022-06-29T16:18:41.729+0000][9][gc,age      ] GC(323) Age table with threshold 15 (max threshold 15)
[2022-06-29T16:18:41.730+0000][9][gc,age      ] GC(323) - age   1:    1577096 bytes,    1577096 total
[2022-06-29T16:18:41.730+0000][9][gc,age      ] GC(323) - age   2:     165856 bytes,    1742952 total
[2022-06-29T16:18:41.730+0000][9][gc,age      ] GC(323) - age   3:        728 bytes,    1743680 total
[2022-06-29T16:18:41.731+0000][9][gc,age      ] GC(323) - age   4:        424 bytes,    1744104 total
[2022-06-29T16:18:41.732+0000][9][gc,age      ] GC(323) - age   5:        184 bytes,    1744288 total
[2022-06-29T16:18:41.732+0000][9][gc,age      ] GC(323) - age   7:        800 bytes,    1745088 total
[2022-06-29T16:18:41.733+0000][9][gc,age      ] GC(323) - age   8:        248 bytes,    1745336 total
[2022-06-29T16:18:41.733+0000][9][gc,age      ] GC(323) - age   9:        384 bytes,    1745720 total
[2022-06-29T16:18:41.734+0000][9][gc,age      ] GC(323) - age  11:         24 bytes,    1745744 total
[2022-06-29T16:18:41.735+0000][9][gc,age      ] GC(323) - age  12:       4696 bytes,    1750440 total
[2022-06-29T16:18:41.735+0000][9][gc,age      ] GC(323) - age  13:         32 bytes,    1750472 total
[2022-06-29T16:18:41.736+0000][9][gc,age      ] GC(323) - age  15:        184 bytes,    1750656 total
[2022-06-29T16:18:41.736+0000][9][gc,heap     ] GC(323) Eden regions: 75->0(75)
[2022-06-29T16:18:41.737+0000][9][gc,heap     ] GC(323) Survivor regions: 1->1(10)
[2022-06-29T16:18:41.738+0000][9][gc,heap     ] GC(323) Old regions: 23->23
[2022-06-29T16:18:41.740+0000][9][gc,heap     ] GC(323) Archive regions: 2->2
[2022-06-29T16:18:41.741+0000][9][gc,heap     ] GC(323) Humongous regions: 0->0
[2022-06-29T16:18:41.741+0000][9][gc,metaspace] GC(323) Metaspace: 130996K(134336K)->130996K(134336K) NonClass: 113904K(115648K)->113904K(115648K) Class: 17091K(18688K)->17091K(18688K)
[2022-06-29T16:18:41.742+0000][9][gc          ] GC(323) Pause Young (Normal) (G1 Evacuation Pause) 395M->96M(512M) 28.948ms
[2022-06-29T16:18:41.743+0000][9][gc,cpu      ] GC(323) User=0.02s Sys=0.00s Real=0.03s
[2022-06-29T16:18:41.743+0000][9][safepoint   ] Safepoint "G1CollectForAllocation", Time since last: 104840559014 ns, Reaching safepoint: 135151 ns, At safepoint: 30181669 ns, Total: 30316820 ns
[2022-06-29T16:20:23.692+0000][9][gc,start    ] GC(324) Pause Young (Normal) (G1 Evacuation Pause)
[2022-06-29T16:20:23.698+0000][9][gc,task     ] GC(324) Using 4 workers of 4 for evacuation
[2022-06-29T16:20:23.698+0000][9][gc,age      ] GC(324) Desired survivor size 20971520 bytes, new threshold 15 (max threshold 15)
[2022-06-29T16:20:23.706+0000][9][gc,phases   ] GC(324)   Pre Evacuate Collection Set: 0.2ms
[2022-06-29T16:20:23.707+0000][9][gc,phases   ] GC(324)   Merge Heap Roots: 0.1ms
[2022-06-29T16:20:23.708+0000][9][gc,phases   ] GC(324)   Evacuate Collection Set: 3.1ms
[2022-06-29T16:20:23.709+0000][9][gc,phases   ] GC(324)   Post Evacuate Collection Set: 2.1ms
[2022-06-29T16:20:23.710+0000][9][gc,phases   ] GC(324)   Other: 2.4ms
[2022-06-29T16:20:23.710+0000][9][gc,age      ] GC(324) Age table with threshold 15 (max threshold 15)
[2022-06-29T16:20:23.711+0000][9][gc,age      ] GC(324) - age   1:     625496 bytes,     625496 total
[2022-06-29T16:20:23.712+0000][9][gc,age      ] GC(324) - age   2:     150080 bytes,     775576 total
[2022-06-29T16:20:23.713+0000][9][gc,age      ] GC(324) - age   3:     164520 bytes,     940096 total
[2022-06-29T16:20:23.714+0000][9][gc,age      ] GC(324) - age   4:        344 bytes,     940440 total
[2022-06-29T16:20:23.715+0000][9][gc,age      ] GC(324) - age   5:         64 bytes,     940504 total
[2022-06-29T16:20:23.716+0000][9][gc,age      ] GC(324) - age   6:        184 bytes,     940688 total
[2022-06-29T16:20:23.716+0000][9][gc,age      ] GC(324) - age   8:        440 bytes,     941128 total
[2022-06-29T16:20:23.717+0000][9][gc,age      ] GC(324) - age   9:        248 bytes,     941376 total
[2022-06-29T16:20:23.718+0000][9][gc,age      ] GC(324) - age  10:        384 bytes,     941760 total
[2022-06-29T16:20:23.718+0000][9][gc,age      ] GC(324) - age  12:         24 bytes,     941784 total
[2022-06-29T16:20:23.719+0000][9][gc,age      ] GC(324) - age  13:       4696 bytes,     946480 total
[2022-06-29T16:20:23.720+0000][9][gc,heap     ] GC(324) Eden regions: 75->0(75)
[2022-06-29T16:20:23.721+0000][9][gc,heap     ] GC(324) Survivor regions: 1->1(10)
[2022-06-29T16:20:23.721+0000][9][gc,heap     ] GC(324) Old regions: 23->23
[2022-06-29T16:20:23.722+0000][9][gc,heap     ] GC(324) Archive regions: 2->2
[2022-06-29T16:20:23.723+0000][9][gc,heap     ] GC(324) Humongous regions: 0->0
[2022-06-29T16:20:23.724+0000][9][gc,metaspace] GC(324) Metaspace: 130996K(134336K)->130996K(134336K) NonClass: 113905K(115648K)->113905K(115648K) Class: 17091K(18688K)->17091K(18688K)
[2022-06-29T16:20:23.724+0000][9][gc          ] GC(324) Pause Young (Normal) (G1 Evacuation Pause) 396M->95M(512M) 32.449ms
[2022-06-29T16:20:23.725+0000][9][gc,cpu      ] GC(324) User=0.01s Sys=0.00s Real=0.04s
[2022-06-29T16:20:23.726+0000][9][safepoint   ] Safepoint "G1CollectForAllocation", Time since last: 102036017602 ns, Reaching safepoint: 155536 ns, At safepoint: 34200926 ns, Total: 34356462 ns
[2022-06-29T16:20:48.747+0000][9][safepoint   ] Safepoint "Cleanup", Time since last: 25020944947 ns, Reaching safepoint: 155209 ns, At safepoint: 68327 ns, Total: 223536 ns
[2022-06-29T16:21:50.857+0000][9][gc,start    ] GC(325) Pause Young (Normal) (G1 Evacuation Pause)
[2022-06-29T16:21:50.859+0000][9][gc,task     ] GC(325) Using 4 workers of 4 for evacuation
[2022-06-29T16:21:50.860+0000][9][gc,age      ] GC(325) Desired survivor size 20971520 bytes, new threshold 15 (max threshold 15)
[2022-06-29T16:21:50.866+0000][9][gc,phases   ] GC(325)   Pre Evacuate Collection Set: 0.2ms
[2022-06-29T16:21:50.867+0000][9][gc,phases   ] GC(325)   Merge Heap Roots: 0.1ms
[2022-06-29T16:21:50.867+0000][9][gc,phases   ] GC(325)   Evacuate Collection Set: 3.4ms
[2022-06-29T16:21:50.868+0000][9][gc,phases   ] GC(325)   Post Evacuate Collection Set: 1.0ms
[2022-06-29T16:21:50.869+0000][9][gc,phases   ] GC(325)   Other: 2.2ms
[2022-06-29T16:21:50.869+0000][9][gc,age      ] GC(325) Age table with threshold 15 (max threshold 15)
[2022-06-29T16:21:50.871+0000][9][gc,age      ] GC(325) - age   1:     987000 bytes,     987000 total
[2022-06-29T16:21:50.872+0000][9][gc,age      ] GC(325) - age   2:       1240 bytes,     988240 total
[2022-06-29T16:21:50.874+0000][9][gc,age      ] GC(325) - age   3:     141160 bytes,    1129400 total
[2022-06-29T16:21:50.875+0000][9][gc,age      ] GC(325) - age   4:     103584 bytes,    1232984 total
[2022-06-29T16:21:50.875+0000][9][gc,age      ] GC(325) - age   5:        344 bytes,    1233328 total
[2022-06-29T16:21:50.876+0000][9][gc,age      ] GC(325) - age   6:         64 bytes,    1233392 total
[2022-06-29T16:21:50.877+0000][9][gc,age      ] GC(325) - age   7:        184 bytes,    1233576 total
[2022-06-29T16:21:50.879+0000][9][gc,age      ] GC(325) - age   9:        440 bytes,    1234016 total
[2022-06-29T16:21:50.879+0000][9][gc,age      ] GC(325) - age  10:        248 bytes,    1234264 total
[2022-06-29T16:21:50.880+0000][9][gc,age      ] GC(325) - age  11:        384 bytes,    1234648 total
[2022-06-29T16:21:50.881+0000][9][gc,age      ] GC(325) - age  13:         24 bytes,    1234672 total
[2022-06-29T16:21:50.882+0000][9][gc,age      ] GC(325) - age  14:       4696 bytes,    1239368 total
[2022-06-29T16:21:50.882+0000][9][gc,heap     ] GC(325) Eden regions: 75->0(75)
[2022-06-29T16:21:50.883+0000][9][gc,heap     ] GC(325) Survivor regions: 1->1(10)
[2022-06-29T16:21:50.884+0000][9][gc,heap     ] GC(325) Old regions: 23->23
[2022-06-29T16:21:50.885+0000][9][gc,heap     ] GC(325) Archive regions: 2->2
[2022-06-29T16:21:50.886+0000][9][gc,heap     ] GC(325) Humongous regions: 0->0
[2022-06-29T16:21:50.886+0000][9][gc,metaspace] GC(325) Metaspace: 130996K(134336K)->130996K(134336K) NonClass: 113905K(115648K)->113905K(115648K) Class: 17091K(18688K)->17091K(18688K)
[2022-06-29T16:21:50.887+0000][9][gc          ] GC(325) Pause Young (Normal) (G1 Evacuation Pause) 395M->95M(512M) 30.692ms
[2022-06-29T16:21:50.888+0000][9][gc,cpu      ] GC(325) User=0.02s Sys=0.01s Real=0.04s
[2022-06-29T16:21:50.889+0000][9][safepoint   ] Safepoint "G1CollectForAllocation", Time since last: 62174467246 ns, Reaching safepoint: 252228 ns, At safepoint: 32436302 ns, Total: 32688530 ns
[2022-06-29T19:10:26.648+0000][9][safepoint   ] Safepoint "Cleanup", Time since last: 10121832279780 ns, Reaching safepoint: 352464682 ns, At safepoint: 114044 ns, Total: 352578726 ns
[2022-06-29T19:10:27.790+0000][9][safepoint   ] Safepoint "Cleanup", Time since last: 1138696493 ns, Reaching safepoint: 3853686 ns, At safepoint: 25162 ns, Total: 3878848 ns
[2022-06-29T19:10:29.823+0000][9][safepoint   ] Safepoint "Cleanup", Time since last: 2032535491 ns, Reaching safepoint: 229484 ns, At safepoint: 10873 ns, Total: 240357 ns
[2022-06-29T19:10:30.394+0000][9][gc,start    ] GC(326) Pause Young (Normal) (G1 Evacuation Pause)
[2022-06-29T19:10:30.396+0000][9][gc,task     ] GC(326) Using 4 workers of 4 for evacuation
[2022-06-29T19:10:30.398+0000][9][gc,age      ] GC(326) Desired survivor size 20971520 bytes, new threshold 15 (max threshold 15)
[2022-06-29T19:10:30.413+0000][9][gc,phases   ] GC(326)   Pre Evacuate Collection Set: 0.2ms
[2022-06-29T19:10:30.415+0000][9][gc,phases   ] GC(326)   Merge Heap Roots: 0.1ms
[2022-06-29T19:10:30.417+0000][9][gc,phases   ] GC(326)   Evacuate Collection Set: 10.6ms
[2022-06-29T19:10:30.418+0000][9][gc,phases   ] GC(326)   Post Evacuate Collection Set: 3.4ms
[2022-06-29T19:10:30.419+0000][9][gc,phases   ] GC(326)   Other: 2.8ms
[2022-06-29T19:10:30.421+0000][9][gc,age      ] GC(326) Age table with threshold 15 (max threshold 15)
[2022-06-29T19:10:30.421+0000][9][gc,age      ] GC(326) - age   1:    1685424 bytes,    1685424 total
[2022-06-29T19:10:30.422+0000][9][gc,age      ] GC(326) - age   2:      25672 bytes,    1711096 total
[2022-06-29T19:10:30.422+0000][9][gc,age      ] GC(326) - age   3:        312 bytes,    1711408 total
[2022-06-29T19:10:30.423+0000][9][gc,age      ] GC(326) - age   4:     140168 bytes,    1851576 total
[2022-06-29T19:10:30.425+0000][9][gc,age      ] GC(326) - age   5:      26632 bytes,    1878208 total
[2022-06-29T19:10:30.427+0000][9][gc,age      ] GC(326) - age   6:        344 bytes,    1878552 total
[2022-06-29T19:10:30.428+0000][9][gc,age      ] GC(326) - age   8:        184 bytes,    1878736 total
[2022-06-29T19:10:30.430+0000][9][gc,age      ] GC(326) - age  10:        408 bytes,    1879144 total
[2022-06-29T19:10:30.431+0000][9][gc,age      ] GC(326) - age  11:         64 bytes,    1879208 total
[2022-06-29T19:10:30.432+0000][9][gc,age      ] GC(326) - age  14:         24 bytes,    1879232 total
[2022-06-29T19:10:30.433+0000][9][gc,age      ] GC(326) - age  15:       4696 bytes,    1883928 total
[2022-06-29T19:10:30.434+0000][9][gc,heap     ] GC(326) Eden regions: 75->0(75)
[2022-06-29T19:10:30.435+0000][9][gc,heap     ] GC(326) Survivor regions: 1->1(10)
[2022-06-29T19:10:30.435+0000][9][gc,heap     ] GC(326) Old regions: 23->23
[2022-06-29T19:10:30.436+0000][9][gc,heap     ] GC(326) Archive regions: 2->2
[2022-06-29T19:10:30.437+0000][9][gc,heap     ] GC(326) Humongous regions: 0->0
[2022-06-29T19:10:30.438+0000][9][gc,metaspace] GC(326) Metaspace: 130996K(134336K)->130996K(134336K) NonClass: 113905K(115648K)->113905K(115648K) Class: 17091K(18688K)->17091K(18688K)
[2022-06-29T19:10:30.438+0000][9][gc          ] GC(326) Pause Young (Normal) (G1 Evacuation Pause) 395M->96M(512M) 44.529ms
[2022-06-29T19:10:30.439+0000][9][gc,cpu      ] GC(326) User=0.04s Sys=0.01s Real=0.04s
[2022-06-29T19:10:30.440+0000][9][safepoint   ] Safepoint "G1CollectForAllocation", Time since last: 570455401 ns, Reaching safepoint: 241514 ns, At safepoint: 46622972 ns, Total: 46864486 ns
[2022-06-29T19:10:31.444+0000][9][safepoint   ] Safepoint "Cleanup", Time since last: 1003111653 ns, Reaching safepoint: 405615 ns, At safepoint: 26978 ns, Total: 432593 ns
[2022-06-29T19:10:33.451+0000][9][safepoint   ] Safepoint "Cleanup", Time since last: 2007438247 ns, Reaching safepoint: 75268 ns, At safepoint: 8027 ns, Total: 83295 ns
[2022-06-29T19:10:39.465+0000][9][safepoint   ] Safepoint "Cleanup", Time since last: 6013270658 ns, Reaching safepoint: 335336 ns, At safepoint: 23534 ns, Total: 358870 ns
[2022-06-29T19:11:06.212+0000][9][safepoint   ] Safepoint "Cleanup", Time since last: 27053920415 ns, Reaching safepoint: 371634 ns, At safepoint: 16161 ns, Total: 387795 ns
[2022-06-29T19:11:25.235+0000][9][safepoint   ] Safepoint "Cleanup", Time since last: 19022556013 ns, Reaching safepoint: 89961 ns, At safepoint: 7027 ns, Total: 96988 ns
[2022-06-29T19:11:27.218+0000][9][safepoint   ] Safepoint "Cleanup", Time since last: 2005725408 ns, Reaching safepoint: 83724 ns, At safepoint: 5775 ns, Total: 89499 ns
[2022-06-29T19:11:45.234+0000][9][safepoint   ] Safepoint "Cleanup", Time since last: 18015555587 ns, Reaching safepoint: 90208 ns, At safepoint: 87269 ns, Total: 177477 ns
[2022-06-29T19:11:51.239+0000][9][safepoint   ] Safepoint "Cleanup", Time since last: 6004947483 ns, Reaching safepoint: 70503 ns, At safepoint: 3686 ns, Total: 74189 ns
[2022-06-29T19:12:09.238+0000][9][safepoint   ] Safepoint "Cleanup", Time since last: 18020092779 ns, Reaching safepoint: 65803 ns, At safepoint: 4551 ns, Total: 70354 ns
[2022-06-29T19:12:14.926+0000][9][gc,start    ] GC(327) Pause Young (Normal) (G1 Evacuation Pause)
[2022-06-29T19:12:14.927+0000][9][gc,task     ] GC(327) Using 4 workers of 4 for evacuation
[2022-06-29T19:12:14.929+0000][9][gc,age      ] GC(327) Desired survivor size 20971520 bytes, new threshold 15 (max threshold 15)
[2022-06-29T19:12:14.941+0000][9][gc,phases   ] GC(327)   Pre Evacuate Collection Set: 0.2ms
[2022-06-29T19:12:14.942+0000][9][gc,phases   ] GC(327)   Merge Heap Roots: 0.1ms
[2022-06-29T19:12:14.943+0000][9][gc,phases   ] GC(327)   Evacuate Collection Set: 9.8ms
[2022-06-29T19:12:14.943+0000][9][gc,phases   ] GC(327)   Post Evacuate Collection Set: 1.0ms
[2022-06-29T19:12:14.944+0000][9][gc,phases   ] GC(327)   Other: 2.7ms
[2022-06-29T19:12:14.945+0000][9][gc,age      ] GC(327) Age table with threshold 15 (max threshold 15)
[2022-06-29T19:12:14.946+0000][9][gc,age      ] GC(327) - age   1:    2159520 bytes,    2159520 total
[2022-06-29T19:12:14.950+0000][9][gc,age      ] GC(327) - age   2:     294160 bytes,    2453680 total
[2022-06-29T19:12:14.951+0000][9][gc,age      ] GC(327) - age   3:      24512 bytes,    2478192 total
[2022-06-29T19:12:14.952+0000][9][gc,age      ] GC(327) - age   4:        184 bytes,    2478376 total
[2022-06-29T19:12:14.953+0000][9][gc,age      ] GC(327) - age   5:     139968 bytes,    2618344 total
[2022-06-29T19:12:14.953+0000][9][gc,age      ] GC(327) - age   6:      26632 bytes,    2644976 total
[2022-06-29T19:12:14.954+0000][9][gc,age      ] GC(327) - age   7:        312 bytes,    2645288 total
[2022-06-29T19:12:14.955+0000][9][gc,age      ] GC(327) - age   9:        184 bytes,    2645472 total
[2022-06-29T19:12:14.956+0000][9][gc,age      ] GC(327) - age  11:        408 bytes,    2645880 total
[2022-06-29T19:12:14.956+0000][9][gc,age      ] GC(327) - age  12:         64 bytes,    2645944 total
[2022-06-29T19:12:14.957+0000][9][gc,age      ] GC(327) - age  15:         24 bytes,    2645968 total
[2022-06-29T19:12:14.958+0000][9][gc,heap     ] GC(327) Eden regions: 75->0(75)
[2022-06-29T19:12:14.958+0000][9][gc,heap     ] GC(327) Survivor regions: 1->1(10)
[2022-06-29T19:12:14.959+0000][9][gc,heap     ] GC(327) Old regions: 23->23
[2022-06-29T19:12:14.960+0000][9][gc,heap     ] GC(327) Archive regions: 2->2
[2022-06-29T19:12:14.961+0000][9][gc,heap     ] GC(327) Humongous regions: 0->0
[2022-06-29T19:12:14.961+0000][9][gc,metaspace] GC(327) Metaspace: 131161K(134528K)->131161K(134528K) NonClass: 114051K(115776K)->114051K(115776K) Class: 17109K(18752K)->17109K(18752K)
[2022-06-29T19:12:14.963+0000][9][gc          ] GC(327) Pause Young (Normal) (G1 Evacuation Pause) 396M->96M(512M) 36.381ms
[2022-06-29T19:12:14.963+0000][9][gc,cpu      ] GC(327) User=0.02s Sys=0.00s Real=0.04s
[2022-06-29T19:12:14.964+0000][9][safepoint   ] Safepoint "G1CollectForAllocation", Time since last: 5687586450 ns, Reaching safepoint: 54458 ns, At safepoint: 38248660 ns, Total: 38303118 ns
[2022-06-29T19:12:26.962+0000][9][safepoint   ] Safepoint "Cleanup", Time since last: 12016417364 ns, Reaching safepoint: 143975 ns, At safepoint: 5718 ns, Total: 149693 ns
[2022-06-29T19:13:35.982+0000][9][safepoint   ] Safepoint "Cleanup", Time since last: 69066699921 ns, Reaching safepoint: 135735 ns, At safepoint: 6003 ns, Total: 141738 ns
[2022-06-29T19:14:02.804+0000][9][gc,start    ] GC(328) Pause Young (Normal) (G1 Evacuation Pause)
[2022-06-29T19:14:02.805+0000][9][gc,task     ] GC(328) Using 4 workers of 4 for evacuation
[2022-06-29T19:14:02.807+0000][9][gc,age      ] GC(328) Desired survivor size 20971520 bytes, new threshold 15 (max threshold 15)
[2022-06-29T19:14:02.812+0000][9][gc,phases   ] GC(328)   Pre Evacuate Collection Set: 0.2ms
[2022-06-29T19:14:02.813+0000][9][gc,phases   ] GC(328)   Merge Heap Roots: 0.1ms
[2022-06-29T19:14:02.814+0000][9][gc,phases   ] GC(328)   Evacuate Collection Set: 3.6ms
[2022-06-29T19:14:02.814+0000][9][gc,phases   ] GC(328)   Post Evacuate Collection Set: 1.1ms
[2022-06-29T19:14:02.815+0000][9][gc,phases   ] GC(328)   Other: 2.1ms
[2022-06-29T19:14:02.815+0000][9][gc,age      ] GC(328) Age table with threshold 15 (max threshold 15)
[2022-06-29T19:14:02.816+0000][9][gc,age      ] GC(328) - age   1:     617672 bytes,     617672 total
[2022-06-29T19:14:02.817+0000][9][gc,age      ] GC(328) - age   2:     614376 bytes,    1232048 total
[2022-06-29T19:14:02.820+0000][9][gc,age      ] GC(328) - age   3:     293216 bytes,    1525264 total
[2022-06-29T19:14:02.821+0000][9][gc,age      ] GC(328) - age   4:      24512 bytes,    1549776 total
[2022-06-29T19:14:02.822+0000][9][gc,age      ] GC(328) - age   5:        184 bytes,    1549960 total
[2022-06-29T19:14:02.822+0000][9][gc,age      ] GC(328) - age   6:     139968 bytes,    1689928 total
[2022-06-29T19:14:02.823+0000][9][gc,age      ] GC(328) - age   7:      26632 bytes,    1716560 total
[2022-06-29T19:14:02.824+0000][9][gc,age      ] GC(328) - age   8:        312 bytes,    1716872 total
[2022-06-29T19:14:02.824+0000][9][gc,age      ] GC(328) - age  10:        184 bytes,    1717056 total
[2022-06-29T19:14:02.825+0000][9][gc,age      ] GC(328) - age  12:        408 bytes,    1717464 total
[2022-06-29T19:14:02.826+0000][9][gc,age      ] GC(328) - age  13:         64 bytes,    1717528 total
[2022-06-29T19:14:02.826+0000][9][gc,heap     ] GC(328) Eden regions: 75->0(75)
[2022-06-29T19:14:02.827+0000][9][gc,heap     ] GC(328) Survivor regions: 1->1(10)
[2022-06-29T19:14:02.828+0000][9][gc,heap     ] GC(328) Old regions: 23->23
[2022-06-29T19:14:02.829+0000][9][gc,heap     ] GC(328) Archive regions: 2->2
[2022-06-29T19:14:02.829+0000][9][gc,heap     ] GC(328) Humongous regions: 0->0
[2022-06-29T19:14:02.830+0000][9][gc,metaspace] GC(328) Metaspace: 131168K(134528K)->131168K(134528K) NonClass: 114058K(115776K)->114058K(115776K) Class: 17109K(18752K)->17109K(18752K)
[2022-06-29T19:14:02.831+0000][9][gc          ] GC(328) Pause Young (Normal) (G1 Evacuation Pause) 396M->96M(512M) 27.438ms
[2022-06-29T19:14:02.832+0000][9][gc,cpu      ] GC(328) User=0.01s Sys=0.01s Real=0.02s
[2022-06-29T19:14:02.832+0000][9][safepoint   ] Safepoint "G1CollectForAllocation", Time since last: 26841122438 ns, Reaching safepoint: 2559662 ns, At safepoint: 28915101 ns, Total: 31474763 ns
[2022-06-29T19:15:28.846+0000][9][safepoint   ] Safepoint "Cleanup", Time since last: 86077977317 ns, Reaching safepoint: 91224 ns, At safepoint: 5249 ns, Total: 96473 ns
[2022-06-29T19:15:29.831+0000][9][gc,start    ] GC(329) Pause Young (Normal) (G1 Evacuation Pause)
[2022-06-29T19:15:29.833+0000][9][gc,task     ] GC(329) Using 4 workers of 4 for evacuation
[2022-06-29T19:15:29.833+0000][9][gc,age      ] GC(329) Desired survivor size 20971520 bytes, new threshold 15 (max threshold 15)
[2022-06-29T19:15:29.838+0000][9][gc,phases   ] GC(329)   Pre Evacuate Collection Set: 0.2ms
[2022-06-29T19:15:29.839+0000][9][gc,phases   ] GC(329)   Merge Heap Roots: 0.0ms
[2022-06-29T19:15:29.839+0000][9][gc,phases   ] GC(329)   Evacuate Collection Set: 2.1ms
[2022-06-29T19:15:29.840+0000][9][gc,phases   ] GC(329)   Post Evacuate Collection Set: 1.1ms
[2022-06-29T19:15:29.840+0000][9][gc,phases   ] GC(329)   Other: 2.0ms
[2022-06-29T19:15:29.841+0000][9][gc,age      ] GC(329) Age table with threshold 15 (max threshold 15)
[2022-06-29T19:15:29.842+0000][9][gc,age      ] GC(329) - age   1:     542272 bytes,     542272 total
[2022-06-29T19:15:29.842+0000][9][gc,age      ] GC(329) - age   2:       5576 bytes,     547848 total
[2022-06-29T19:15:29.843+0000][9][gc,age      ] GC(329) - age   3:     611992 bytes,    1159840 total
[2022-06-29T19:15:29.843+0000][9][gc,age      ] GC(329) - age   4:     285200 bytes,    1445040 total
[2022-06-29T19:15:29.844+0000][9][gc,age      ] GC(329) - age   5:      24512 bytes,    1469552 total
[2022-06-29T19:15:29.845+0000][9][gc,age      ] GC(329) - age   6:        184 bytes,    1469736 total
[2022-06-29T19:15:29.845+0000][9][gc,age      ] GC(329) - age   7:     139968 bytes,    1609704 total
[2022-06-29T19:15:29.846+0000][9][gc,age      ] GC(329) - age   8:      26448 bytes,    1636152 total
[2022-06-29T19:15:29.847+0000][9][gc,age      ] GC(329) - age   9:        312 bytes,    1636464 total
[2022-06-29T19:15:29.847+0000][9][gc,age      ] GC(329) - age  11:        184 bytes,    1636648 total
[2022-06-29T19:15:29.848+0000][9][gc,age      ] GC(329) - age  13:        408 bytes,    1637056 total
[2022-06-29T19:15:29.849+0000][9][gc,age      ] GC(329) - age  14:         64 bytes,    1637120 total
[2022-06-29T19:15:29.849+0000][9][gc,heap     ] GC(329) Eden regions: 75->0(75)
[2022-06-29T19:15:29.850+0000][9][gc,heap     ] GC(329) Survivor regions: 1->1(10)
[2022-06-29T19:15:29.851+0000][9][gc,heap     ] GC(329) Old regions: 23->23
[2022-06-29T19:15:29.852+0000][9][gc,heap     ] GC(329) Archive regions: 2->2
[2022-06-29T19:15:29.853+0000][9][gc,heap     ] GC(329) Humongous regions: 0->0
[2022-06-29T19:15:29.854+0000][9][gc,metaspace] GC(329) Metaspace: 131169K(134528K)->131169K(134528K) NonClass: 114059K(115776K)->114059K(115776K) Class: 17109K(18752K)->17109K(18752K)
[2022-06-29T19:15:29.854+0000][9][gc          ] GC(329) Pause Young (Normal) (G1 Evacuation Pause) 396M->96M(512M) 22.700ms
[2022-06-29T19:15:29.855+0000][9][gc,cpu      ] GC(329) User=0.01s Sys=0.01s Real=0.02s
[2022-06-29T19:15:29.856+0000][9][safepoint   ] Safepoint "G1CollectForAllocation", Time since last: 985335217 ns, Reaching safepoint: 81581 ns, At safepoint: 24605219 ns, Total: 24686800 ns
[2022-06-29T19:15:35.868+0000][9][safepoint   ] Safepoint "Cleanup", Time since last: 6008359377 ns, Reaching safepoint: 3576771 ns, At safepoint: 32310 ns, Total: 3609081 ns
[2022-06-29T19:16:26.886+0000][9][safepoint   ] Safepoint "Cleanup", Time since last: 51060499071 ns, Reaching safepoint: 168868 ns, At safepoint: 5913 ns, Total: 174781 ns
[2022-06-29T19:16:54.738+0000][9][gc,start    ] GC(330) Pause Young (Normal) (G1 Evacuation Pause)
[2022-06-29T19:16:54.741+0000][9][gc,task     ] GC(330) Using 4 workers of 4 for evacuation
[2022-06-29T19:16:54.742+0000][9][gc,age      ] GC(330) Desired survivor size 20971520 bytes, new threshold 15 (max threshold 15)
[2022-06-29T19:16:54.752+0000][9][gc,phases   ] GC(330)   Pre Evacuate Collection Set: 0.2ms
[2022-06-29T19:16:54.752+0000][9][gc,phases   ] GC(330)   Merge Heap Roots: 0.1ms
[2022-06-29T19:16:54.753+0000][9][gc,phases   ] GC(330)   Evacuate Collection Set: 4.6ms
[2022-06-29T19:16:54.754+0000][9][gc,phases   ] GC(330)   Post Evacuate Collection Set: 3.6ms
[2022-06-29T19:16:54.755+0000][9][gc,phases   ] GC(330)   Other: 2.2ms
[2022-06-29T19:16:54.755+0000][9][gc,age      ] GC(330) Age table with threshold 15 (max threshold 15)
[2022-06-29T19:16:54.756+0000][9][gc,age      ] GC(330) - age   1:    1585088 bytes,    1585088 total
[2022-06-29T19:16:54.757+0000][9][gc,age      ] GC(330) - age   2:       1384 bytes,    1586472 total
[2022-06-29T19:16:54.757+0000][9][gc,age      ] GC(330) - age   3:        480 bytes,    1586952 total
[2022-06-29T19:16:54.758+0000][9][gc,age      ] GC(330) - age   4:     513800 bytes,    2100752 total
[2022-06-29T19:16:54.759+0000][9][gc,age      ] GC(330) - age   5:     284240 bytes,    2384992 total
[2022-06-29T19:16:54.759+0000][9][gc,age      ] GC(330) - age   6:       1000 bytes,    2385992 total
[2022-06-29T19:16:54.760+0000][9][gc,age      ] GC(330) - age   7:        184 bytes,    2386176 total
[2022-06-29T19:16:54.761+0000][9][gc,age      ] GC(330) - age   8:     139968 bytes,    2526144 total
[2022-06-29T19:16:54.761+0000][9][gc,age      ] GC(330) - age   9:      25304 bytes,    2551448 total
[2022-06-29T19:16:54.762+0000][9][gc,age      ] GC(330) - age  10:        312 bytes,    2551760 total
[2022-06-29T19:16:54.763+0000][9][gc,age      ] GC(330) - age  12:        184 bytes,    2551944 total
[2022-06-29T19:16:54.764+0000][9][gc,age      ] GC(330) - age  14:        408 bytes,    2552352 total
[2022-06-29T19:16:54.766+0000][9][gc,age      ] GC(330) - age  15:         64 bytes,    2552416 total
[2022-06-29T19:16:54.767+0000][9][gc,heap     ] GC(330) Eden regions: 75->0(75)
[2022-06-29T19:16:54.767+0000][9][gc,heap     ] GC(330) Survivor regions: 1->1(10)
[2022-06-29T19:16:54.768+0000][9][gc,heap     ] GC(330) Old regions: 23->23
[2022-06-29T19:16:54.769+0000][9][gc,heap     ] GC(330) Archive regions: 2->2
[2022-06-29T19:16:54.769+0000][9][gc,heap     ] GC(330) Humongous regions: 0->0
[2022-06-29T19:16:54.770+0000][9][gc,metaspace] GC(330) Metaspace: 131169K(134528K)->131169K(134528K) NonClass: 114059K(115776K)->114059K(115776K) Class: 17109K(18752K)->17109K(18752K)
[2022-06-29T19:16:54.771+0000][9][gc          ] GC(330) Pause Young (Normal) (G1 Evacuation Pause) 396M->96M(512M) 32.903ms
[2022-06-29T19:16:54.772+0000][9][gc,cpu      ] GC(330) User=0.02s Sys=0.00s Real=0.03s
[2022-06-29T19:16:54.772+0000][9][safepoint   ] Safepoint "G1CollectForAllocation", Time since last: 27852363065 ns, Reaching safepoint: 74039 ns, At safepoint: 34210706 ns, Total: 34284745 ns
[2022-06-29T19:18:24.552+0000][9][gc,start    ] GC(331) Pause Young (Normal) (G1 Evacuation Pause)
[2022-06-29T19:18:24.554+0000][9][gc,task     ] GC(331) Using 4 workers of 4 for evacuation
[2022-06-29T19:18:24.555+0000][9][gc,age      ] GC(331) Desired survivor size 20971520 bytes, new threshold 15 (max threshold 15)
[2022-06-29T19:18:24.562+0000][9][gc,phases   ] GC(331)   Pre Evacuate Collection Set: 0.3ms
[2022-06-29T19:18:24.565+0000][9][gc,phases   ] GC(331)   Merge Heap Roots: 0.1ms
[2022-06-29T19:18:24.566+0000][9][gc,phases   ] GC(331)   Evacuate Collection Set: 3.4ms
[2022-06-29T19:18:24.567+0000][9][gc,phases   ] GC(331)   Post Evacuate Collection Set: 1.4ms
[2022-06-29T19:18:24.567+0000][9][gc,phases   ] GC(331)   Other: 2.2ms
[2022-06-29T19:18:24.568+0000][9][gc,age      ] GC(331) Age table with threshold 15 (max threshold 15)
[2022-06-29T19:18:24.569+0000][9][gc,age      ] GC(331) - age   1:     727160 bytes,     727160 total
[2022-06-29T19:18:24.570+0000][9][gc,age      ] GC(331) - age   2:     131720 bytes,     858880 total
[2022-06-29T19:18:24.570+0000][9][gc,age      ] GC(331) - age   3:        320 bytes,     859200 total
[2022-06-29T19:18:24.571+0000][9][gc,age      ] GC(331) - age   4:        480 bytes,     859680 total
[2022-06-29T19:18:24.572+0000][9][gc,age      ] GC(331) - age   5:     513648 bytes,    1373328 total
[2022-06-29T19:18:24.572+0000][9][gc,age      ] GC(331) - age   6:     284240 bytes,    1657568 total
[2022-06-29T19:18:24.573+0000][9][gc,age      ] GC(331) - age   7:       1000 bytes,    1658568 total
[2022-06-29T19:18:24.574+0000][9][gc,age      ] GC(331) - age   8:        184 bytes,    1658752 total
[2022-06-29T19:18:24.575+0000][9][gc,age      ] GC(331) - age   9:     139968 bytes,    1798720 total
[2022-06-29T19:18:24.575+0000][9][gc,age      ] GC(331) - age  10:      25304 bytes,    1824024 total
[2022-06-29T19:18:24.576+0000][9][gc,age      ] GC(331) - age  11:        312 bytes,    1824336 total
[2022-06-29T19:18:24.577+0000][9][gc,age      ] GC(331) - age  13:        184 bytes,    1824520 total
[2022-06-29T19:18:24.577+0000][9][gc,age      ] GC(331) - age  15:        408 bytes,    1824928 total
[2022-06-29T19:18:24.578+0000][9][gc,heap     ] GC(331) Eden regions: 75->0(75)
[2022-06-29T19:18:24.578+0000][9][gc,heap     ] GC(331) Survivor regions: 1->1(10)
[2022-06-29T19:18:24.579+0000][9][gc,heap     ] GC(331) Old regions: 23->23
[2022-06-29T19:18:24.580+0000][9][gc,heap     ] GC(331) Archive regions: 2->2
[2022-06-29T19:18:24.581+0000][9][gc,heap     ] GC(331) Humongous regions: 0->0
[2022-06-29T19:18:24.582+0000][9][gc,metaspace] GC(331) Metaspace: 131169K(134528K)->131169K(134528K) NonClass: 114059K(115776K)->114059K(115776K) Class: 17109K(18752K)->17109K(18752K)
[2022-06-29T19:18:24.583+0000][9][gc          ] GC(331) Pause Young (Normal) (G1 Evacuation Pause) 396M->96M(512M) 30.794ms
[2022-06-29T19:18:24.583+0000][9][gc,cpu      ] GC(331) User=0.01s Sys=0.00s Real=0.03s
[2022-06-29T19:18:24.584+0000][9][safepoint   ] Safepoint "G1CollectForAllocation", Time since last: 89844460344 ns, Reaching safepoint: 155196 ns, At safepoint: 32208554 ns, Total: 32363750 ns
[2022-06-29T19:18:26.566+0000][9][safepoint   ] Safepoint "Cleanup", Time since last: 2003087279 ns, Reaching safepoint: 217529 ns, At safepoint: 15331 ns, Total: 232860 ns
[2022-06-29T19:18:49.594+0000][9][safepoint   ] Safepoint "Cleanup", Time since last: 23026881111 ns, Reaching safepoint: 294735 ns, At safepoint: 74469 ns, Total: 369204 ns
[2022-06-29T19:19:30.600+0000][9][safepoint   ] Safepoint "Cleanup", Time since last: 41049784857 ns, Reaching safepoint: 217007 ns, At safepoint: 9643 ns, Total: 226650 ns
[2022-06-29T19:19:53.708+0000][9][gc,start    ] GC(332) Pause Young (Normal) (G1 Evacuation Pause)
[2022-06-29T19:19:53.710+0000][9][gc,task     ] GC(332) Using 4 workers of 4 for evacuation
[2022-06-29T19:19:53.710+0000][9][gc,age      ] GC(332) Desired survivor size 20971520 bytes, new threshold 15 (max threshold 15)
[2022-06-29T19:19:53.716+0000][9][gc,phases   ] GC(332)   Pre Evacuate Collection Set: 0.1ms
[2022-06-29T19:19:53.717+0000][9][gc,phases   ] GC(332)   Merge Heap Roots: 0.1ms
[2022-06-29T19:19:53.717+0000][9][gc,phases   ] GC(332)   Evacuate Collection Set: 3.1ms
[2022-06-29T19:19:53.718+0000][9][gc,phases   ] GC(332)   Post Evacuate Collection Set: 1.2ms
[2022-06-29T19:19:53.719+0000][9][gc,phases   ] GC(332)   Other: 1.7ms
[2022-06-29T19:19:53.719+0000][9][gc,age      ] GC(332) Age table with threshold 15 (max threshold 15)
[2022-06-29T19:19:53.721+0000][9][gc,age      ] GC(332) - age   1:     998144 bytes,     998144 total
[2022-06-29T19:19:53.721+0000][9][gc,age      ] GC(332) - age   2:        704 bytes,     998848 total
[2022-06-29T19:19:53.722+0000][9][gc,age      ] GC(332) - age   3:     130216 bytes,    1129064 total
[2022-06-29T19:19:53.722+0000][9][gc,age      ] GC(332) - age   4:        320 bytes,    1129384 total
[2022-06-29T19:19:53.723+0000][9][gc,age      ] GC(332) - age   5:        296 bytes,    1129680 total
[2022-06-29T19:19:53.724+0000][9][gc,age      ] GC(332) - age   6:     480688 bytes,    1610368 total
[2022-06-29T19:19:53.725+0000][9][gc,age      ] GC(332) - age   7:     284032 bytes,    1894400 total
[2022-06-29T19:19:53.725+0000][9][gc,age      ] GC(332) - age   8:       1000 bytes,    1895400 total
[2022-06-29T19:19:53.726+0000][9][gc,age      ] GC(332) - age   9:        184 bytes,    1895584 total
[2022-06-29T19:19:53.727+0000][9][gc,age      ] GC(332) - age  10:     139968 bytes,    2035552 total
[2022-06-29T19:19:53.727+0000][9][gc,age      ] GC(332) - age  11:      25304 bytes,    2060856 total
[2022-06-29T19:19:53.728+0000][9][gc,age      ] GC(332) - age  12:        312 bytes,    2061168 total
[2022-06-29T19:19:53.730+0000][9][gc,age      ] GC(332) - age  14:        184 bytes,    2061352 total
[2022-06-29T19:19:53.735+0000][9][gc,heap     ] GC(332) Eden regions: 75->0(75)
[2022-06-29T19:19:53.736+0000][9][gc,heap     ] GC(332) Survivor regions: 1->1(10)
[2022-06-29T19:19:53.736+0000][9][gc,heap     ] GC(332) Old regions: 23->23
[2022-06-29T19:19:53.737+0000][9][gc,heap     ] GC(332) Archive regions: 2->2
[2022-06-29T19:19:53.737+0000][9][gc,heap     ] GC(332) Humongous regions: 0->0
[2022-06-29T19:19:53.738+0000][9][gc,metaspace] GC(332) Metaspace: 131170K(134528K)->131170K(134528K) NonClass: 114060K(115776K)->114060K(115776K) Class: 17109K(18752K)->17109K(18752K)
[2022-06-29T19:19:53.738+0000][9][gc          ] GC(332) Pause Young (Normal) (G1 Evacuation Pause) 396M->96M(512M) 30.376ms
[2022-06-29T19:19:53.739+0000][9][gc,cpu      ] GC(332) User=0.01s Sys=0.01s Real=0.03s
[2022-06-29T19:19:53.740+0000][9][safepoint   ] Safepoint "G1CollectForAllocation", Time since last: 23108016644 ns, Reaching safepoint: 191411 ns, At safepoint: 31602591 ns, Total: 31794002 ns
[2022-06-29T19:21:14.704+0000][9][gc,start    ] GC(333) Pause Young (Normal) (G1 Evacuation Pause)
[2022-06-29T19:21:14.709+0000][9][gc,task     ] GC(333) Using 4 workers of 4 for evacuation
[2022-06-29T19:21:14.710+0000][9][gc,age      ] GC(333) Desired survivor size 20971520 bytes, new threshold 15 (max threshold 15)
[2022-06-29T19:21:14.736+0000][9][gc,phases   ] GC(333)   Pre Evacuate Collection Set: 0.6ms
[2022-06-29T19:21:14.737+0000][9][gc,phases   ] GC(333)   Merge Heap Roots: 0.3ms
[2022-06-29T19:21:14.737+0000][9][gc,phases   ] GC(333)   Evacuate Collection Set: 16.5ms
[2022-06-29T19:21:14.738+0000][9][gc,phases   ] GC(333)   Post Evacuate Collection Set: 7.2ms
[2022-06-29T19:21:14.739+0000][9][gc,phases   ] GC(333)   Other: 2.5ms
[2022-06-29T19:21:14.740+0000][9][gc,age      ] GC(333) Age table with threshold 15 (max threshold 15)
[2022-06-29T19:21:14.741+0000][9][gc,age      ] GC(333) - age   1:     630344 bytes,     630344 total
[2022-06-29T19:21:14.741+0000][9][gc,age      ] GC(333) - age   2:      26080 bytes,     656424 total
[2022-06-29T19:21:14.742+0000][9][gc,age      ] GC(333) - age   3:        296 bytes,     656720 total
[2022-06-29T19:21:14.743+0000][9][gc,age      ] GC(333) - age   4:     129824 bytes,     786544 total
[2022-06-29T19:21:14.743+0000][9][gc,age      ] GC(333) - age   5:        320 bytes,     786864 total
[2022-06-29T19:21:14.744+0000][9][gc,age      ] GC(333) - age   7:     480688 bytes,    1267552 total
[2022-06-29T19:21:14.744+0000][9][gc,age      ] GC(333) - age   8:     282120 bytes,    1549672 total
[2022-06-29T19:21:14.745+0000][9][gc,age      ] GC(333) - age   9:       1000 bytes,    1550672 total
[2022-06-29T19:21:14.746+0000][9][gc,age      ] GC(333) - age  10:        184 bytes,    1550856 total
[2022-06-29T19:21:14.747+0000][9][gc,age      ] GC(333) - age  11:     139968 bytes,    1690824 total
[2022-06-29T19:21:14.748+0000][9][gc,age      ] GC(333) - age  12:      25304 bytes,    1716128 total
[2022-06-29T19:21:14.749+0000][9][gc,age      ] GC(333) - age  13:        312 bytes,    1716440 total
[2022-06-29T19:21:14.749+0000][9][gc,age      ] GC(333) - age  15:        184 bytes,    1716624 total
[2022-06-29T19:21:14.750+0000][9][gc,heap     ] GC(333) Eden regions: 75->0(75)
[2022-06-29T19:21:14.751+0000][9][gc,heap     ] GC(333) Survivor regions: 1->1(10)
[2022-06-29T19:21:14.751+0000][9][gc,heap     ] GC(333) Old regions: 23->23
[2022-06-29T19:21:14.752+0000][9][gc,heap     ] GC(333) Archive regions: 2->2
[2022-06-29T19:21:14.753+0000][9][gc,heap     ] GC(333) Humongous regions: 0->0
[2022-06-29T19:21:14.753+0000][9][gc,metaspace] GC(333) Metaspace: 131173K(134592K)->131173K(134592K) NonClass: 114063K(115840K)->114063K(115840K) Class: 17109K(18752K)->17109K(18752K)
[2022-06-29T19:21:14.754+0000][9][gc          ] GC(333) Pause Young (Normal) (G1 Evacuation Pause) 396M->96M(512M) 50.064ms
[2022-06-29T19:21:14.756+0000][9][gc,cpu      ] GC(333) User=0.06s Sys=0.00s Real=0.05s
[2022-06-29T19:21:14.756+0000][9][safepoint   ] Safepoint "G1CollectForAllocation", Time since last: 81027900541 ns, Reaching safepoint: 212190 ns, At safepoint: 52541429 ns, Total: 52753619 ns
[2022-06-29T19:21:26.740+0000][9][safepoint   ] Safepoint "Cleanup", Time since last: 12006291980 ns, Reaching safepoint: 176940 ns, At safepoint: 4188 ns, Total: 181128 ns
[2022-06-29T19:22:26.742+0000][9][safepoint   ] Safepoint "Cleanup", Time since last: 60044715845 ns, Reaching safepoint: 102038 ns, At safepoint: 5982 ns, Total: 108020 ns
[2022-06-29T19:22:41.654+0000][9][gc,start    ] GC(334) Pause Young (Normal) (G1 Evacuation Pause)
[2022-06-29T19:22:41.655+0000][9][gc,task     ] GC(334) Using 4 workers of 4 for evacuation
[2022-06-29T19:22:41.656+0000][9][gc,age      ] GC(334) Desired survivor size 20971520 bytes, new threshold 15 (max threshold 15)
[2022-06-29T19:22:41.663+0000][9][gc,phases   ] GC(334)   Pre Evacuate Collection Set: 0.1ms
[2022-06-29T19:22:41.664+0000][9][gc,phases   ] GC(334)   Merge Heap Roots: 0.1ms
[2022-06-29T19:22:41.664+0000][9][gc,phases   ] GC(334)   Evacuate Collection Set: 5.1ms
[2022-06-29T19:22:41.665+0000][9][gc,phases   ] GC(334)   Post Evacuate Collection Set: 1.0ms
[2022-06-29T19:22:41.666+0000][9][gc,phases   ] GC(334)   Other: 1.3ms
[2022-06-29T19:22:41.668+0000][9][gc,age      ] GC(334) Age table with threshold 15 (max threshold 15)
[2022-06-29T19:22:41.669+0000][9][gc,age      ] GC(334) - age   1:    1198696 bytes,    1198696 total
[2022-06-29T19:22:41.669+0000][9][gc,age      ] GC(334) - age   2:      31944 bytes,    1230640 total
[2022-06-29T19:22:41.670+0000][9][gc,age      ] GC(334) - age   3:      25504 bytes,    1256144 total
[2022-06-29T19:22:41.670+0000][9][gc,age      ] GC(334) - age   4:        296 bytes,    1256440 total
[2022-06-29T19:22:41.671+0000][9][gc,age      ] GC(334) - age   5:     129824 bytes,    1386264 total
[2022-06-29T19:22:41.672+0000][9][gc,age      ] GC(334) - age   6:        320 bytes,    1386584 total
[2022-06-29T19:22:41.672+0000][9][gc,age      ] GC(334) - age   8:     480656 bytes,    1867240 total
[2022-06-29T19:22:41.673+0000][9][gc,age      ] GC(334) - age   9:     282120 bytes,    2149360 total
[2022-06-29T19:22:41.673+0000][9][gc,age      ] GC(334) - age  10:       1000 bytes,    2150360 total
[2022-06-29T19:22:41.674+0000][9][gc,age      ] GC(334) - age  11:        184 bytes,    2150544 total
[2022-06-29T19:22:41.675+0000][9][gc,age      ] GC(334) - age  12:     139968 bytes,    2290512 total
[2022-06-29T19:22:41.676+0000][9][gc,age      ] GC(334) - age  13:      25304 bytes,    2315816 total
[2022-06-29T19:22:41.676+0000][9][gc,age      ] GC(334) - age  14:        312 bytes,    2316128 total
[2022-06-29T19:22:41.677+0000][9][gc,heap     ] GC(334) Eden regions: 75->0(75)
[2022-06-29T19:22:41.678+0000][9][gc,heap     ] GC(334) Survivor regions: 1->1(10)
[2022-06-29T19:22:41.679+0000][9][gc,heap     ] GC(334) Old regions: 23->23
[2022-06-29T19:22:41.679+0000][9][gc,heap     ] GC(334) Archive regions: 2->2
[2022-06-29T19:22:41.680+0000][9][gc,heap     ] GC(334) Humongous regions: 0->0
[2022-06-29T19:22:41.681+0000][9][gc,metaspace] GC(334) Metaspace: 131173K(134592K)->131173K(134592K) NonClass: 114063K(115840K)->114063K(115840K) Class: 17109K(18752K)->17109K(18752K)
[2022-06-29T19:22:41.682+0000][9][gc          ] GC(334) Pause Young (Normal) (G1 Evacuation Pause) 396M->96M(512M) 27.688ms
[2022-06-29T19:22:41.683+0000][9][gc,cpu      ] GC(334) User=0.01s Sys=0.01s Real=0.03s
[2022-06-29T19:22:41.683+0000][9][safepoint   ] Safepoint "G1CollectForAllocation", Time since last: 14912136871 ns, Reaching safepoint: 77156 ns, At safepoint: 29093635 ns, Total: 29170791 ns
[2022-06-29T19:23:06.685+0000][9][safepoint   ] Safepoint "Cleanup", Time since last: 25023716744 ns, Reaching safepoint: 123410 ns, At safepoint: 6254 ns, Total: 129664 ns
[2022-06-29T19:23:26.687+0000][9][safepoint   ] Safepoint "Cleanup", Time since last: 20021695453 ns, Reaching safepoint: 649256 ns, At safepoint: 88293 ns, Total: 737549 ns
[2022-06-29T19:24:11.609+0000][9][gc,start    ] GC(335) Pause Young (Normal) (G1 Evacuation Pause)
[2022-06-29T19:24:11.610+0000][9][gc,task     ] GC(335) Using 4 workers of 4 for evacuation
[2022-06-29T19:24:11.611+0000][9][gc,age      ] GC(335) Desired survivor size 20971520 bytes, new threshold 15 (max threshold 15)
[2022-06-29T19:24:11.617+0000][9][gc,phases   ] GC(335)   Pre Evacuate Collection Set: 0.3ms
[2022-06-29T19:24:11.617+0000][9][gc,phases   ] GC(335)   Merge Heap Roots: 0.3ms
[2022-06-29T19:24:11.618+0000][9][gc,phases   ] GC(335)   Evacuate Collection Set: 3.6ms
[2022-06-29T19:24:11.618+0000][9][gc,phases   ] GC(335)   Post Evacuate Collection Set: 1.1ms
[2022-06-29T19:24:11.619+0000][9][gc,phases   ] GC(335)   Other: 1.3ms
[2022-06-29T19:24:11.620+0000][9][gc,age      ] GC(335) Age table with threshold 15 (max threshold 15)
[2022-06-29T19:24:11.620+0000][9][gc,age      ] GC(335) - age   1:     800792 bytes,     800792 total
[2022-06-29T19:24:11.621+0000][9][gc,age      ] GC(335) - age   2:       1360 bytes,     802152 total
[2022-06-29T19:24:11.621+0000][9][gc,age      ] GC(335) - age   3:      23184 bytes,     825336 total
[2022-06-29T19:24:11.622+0000][9][gc,age      ] GC(335) - age   4:      25504 bytes,     850840 total
[2022-06-29T19:24:11.622+0000][9][gc,age      ] GC(335) - age   6:     129824 bytes,     980664 total
[2022-06-29T19:24:11.623+0000][9][gc,age      ] GC(335) - age   7:        320 bytes,     980984 total
[2022-06-29T19:24:11.623+0000][9][gc,age      ] GC(335) - age   9:     480656 bytes,    1461640 total
[2022-06-29T19:24:11.624+0000][9][gc,age      ] GC(335) - age  10:     282120 bytes,    1743760 total
[2022-06-29T19:24:11.624+0000][9][gc,age      ] GC(335) - age  11:       1000 bytes,    1744760 total
[2022-06-29T19:24:11.625+0000][9][gc,age      ] GC(335) - age  12:        184 bytes,    1744944 total
[2022-06-29T19:24:11.626+0000][9][gc,age      ] GC(335) - age  13:     139968 bytes,    1884912 total
[2022-06-29T19:24:11.626+0000][9][gc,age      ] GC(335) - age  14:      25304 bytes,    1910216 total
[2022-06-29T19:24:11.627+0000][9][gc,age      ] GC(335) - age  15:        312 bytes,    1910528 total
[2022-06-29T19:24:11.627+0000][9][gc,heap     ] GC(335) Eden regions: 75->0(75)
[2022-06-29T19:24:11.628+0000][9][gc,heap     ] GC(335) Survivor regions: 1->1(10)
[2022-06-29T19:24:11.628+0000][9][gc,heap     ] GC(335) Old regions: 23->23
[2022-06-29T19:24:11.629+0000][9][gc,heap     ] GC(335) Archive regions: 2->2
[2022-06-29T19:24:11.629+0000][9][gc,heap     ] GC(335) Humongous regions: 0->0
[2022-06-29T19:24:11.630+0000][9][gc,metaspace] GC(335) Metaspace: 131173K(134592K)->131173K(134592K) NonClass: 114063K(115840K)->114063K(115840K) Class: 17109K(18752K)->17109K(18752K)
[2022-06-29T19:24:11.631+0000][9][gc          ] GC(335) Pause Young (Normal) (G1 Evacuation Pause) 396M->96M(512M) 21.208ms
[2022-06-29T19:24:11.631+0000][9][gc,cpu      ] GC(335) User=0.01s Sys=0.00s Real=0.02s
[2022-06-29T19:24:11.632+0000][9][safepoint   ] Safepoint "G1CollectForAllocation", Time since last: 44943692698 ns, Reaching safepoint: 60029 ns, At safepoint: 22769838 ns, Total: 22829867 ns
[2022-06-29T19:24:26.621+0000][9][safepoint   ] Safepoint "Cleanup", Time since last: 15010484041 ns, Reaching safepoint: 152276 ns, At safepoint: 9082 ns, Total: 161358 ns
[2022-06-29T19:24:39.630+0000][9][safepoint   ] Safepoint "Cleanup", Time since last: 13009662635 ns, Reaching safepoint: 181520 ns, At safepoint: 10291 ns, Total: 191811 ns
[2022-06-29T19:25:35.604+0000][9][gc,start    ] GC(336) Pause Young (Normal) (G1 Evacuation Pause)
[2022-06-29T19:25:35.606+0000][9][gc,task     ] GC(336) Using 4 workers of 4 for evacuation
[2022-06-29T19:25:35.607+0000][9][gc,age      ] GC(336) Desired survivor size 20971520 bytes, new threshold 15 (max threshold 15)
[2022-06-29T19:25:35.612+0000][9][gc,phases   ] GC(336)   Pre Evacuate Collection Set: 0.3ms
[2022-06-29T19:25:35.613+0000][9][gc,phases   ] GC(336)   Merge Heap Roots: 0.2ms
[2022-06-29T19:25:35.614+0000][9][gc,phases   ] GC(336)   Evacuate Collection Set: 2.8ms
[2022-06-29T19:25:35.614+0000][9][gc,phases   ] GC(336)   Post Evacuate Collection Set: 1.1ms
[2022-06-29T19:25:35.615+0000][9][gc,phases   ] GC(336)   Other: 1.5ms
[2022-06-29T19:25:35.616+0000][9][gc,age      ] GC(336) Age table with threshold 15 (max threshold 15)
[2022-06-29T19:25:35.616+0000][9][gc,age      ] GC(336) - age   1:     717480 bytes,     717480 total
[2022-06-29T19:25:35.617+0000][9][gc,age      ] GC(336) - age   2:      10464 bytes,     727944 total
[2022-06-29T19:25:35.618+0000][9][gc,age      ] GC(336) - age   3:        408 bytes,     728352 total
[2022-06-29T19:25:35.618+0000][9][gc,age      ] GC(336) - age   4:      22824 bytes,     751176 total
[2022-06-29T19:25:35.619+0000][9][gc,age      ] GC(336) - age   5:      25504 bytes,     776680 total
[2022-06-29T19:25:35.620+0000][9][gc,age      ] GC(336) - age   7:     129640 bytes,     906320 total
[2022-06-29T19:25:35.621+0000][9][gc,age      ] GC(336) - age   8:        320 bytes,     906640 total
[2022-06-29T19:25:35.621+0000][9][gc,age      ] GC(336) - age  10:     480656 bytes,    1387296 total
[2022-06-29T19:25:35.622+0000][9][gc,age      ] GC(336) - age  11:     281728 bytes,    1669024 total
[2022-06-29T19:25:35.623+0000][9][gc,age      ] GC(336) - age  12:       1000 bytes,    1670024 total
[2022-06-29T19:25:35.623+0000][9][gc,age      ] GC(336) - age  13:        184 bytes,    1670208 total
[2022-06-29T19:25:35.624+0000][9][gc,age      ] GC(336) - age  14:     139968 bytes,    1810176 total
[2022-06-29T19:25:35.625+0000][9][gc,age      ] GC(336) - age  15:      25304 bytes,    1835480 total
[2022-06-29T19:25:35.625+0000][9][gc,heap     ] GC(336) Eden regions: 75->0(75)
[2022-06-29T19:25:35.626+0000][9][gc,heap     ] GC(336) Survivor regions: 1->1(10)
[2022-06-29T19:25:35.627+0000][9][gc,heap     ] GC(336) Old regions: 23->23
[2022-06-29T19:25:35.627+0000][9][gc,heap     ] GC(336) Archive regions: 2->2
[2022-06-29T19:25:35.628+0000][9][gc,heap     ] GC(336) Humongous regions: 0->0
[2022-06-29T19:25:35.628+0000][9][gc,metaspace] GC(336) Metaspace: 131173K(134592K)->131173K(134592K) NonClass: 114063K(115840K)->114063K(115840K) Class: 17109K(18752K)->17109K(18752K)
[2022-06-29T19:25:35.629+0000][9][gc          ] GC(336) Pause Young (Normal) (G1 Evacuation Pause) 396M->96M(512M) 25.027ms
[2022-06-29T19:25:35.630+0000][9][gc,cpu      ] GC(336) User=0.01s Sys=0.01s Real=0.03s
[2022-06-29T19:25:35.630+0000][9][safepoint   ] Safepoint "G1CollectForAllocation", Time since last: 56016816493 ns, Reaching safepoint: 168487 ns, At safepoint: 26424984 ns, Total: 26593471 ns
[2022-06-29T19:27:02.560+0000][9][gc,start    ] GC(337) Pause Young (Normal) (G1 Evacuation Pause)
[2022-06-29T19:27:02.563+0000][9][gc,task     ] GC(337) Using 4 workers of 4 for evacuation
[2022-06-29T19:27:02.564+0000][9][gc,age      ] GC(337) Desired survivor size 20971520 bytes, new threshold 15 (max threshold 15)
[2022-06-29T19:27:02.570+0000][9][gc,phases   ] GC(337)   Pre Evacuate Collection Set: 0.1ms
[2022-06-29T19:27:02.570+0000][9][gc,phases   ] GC(337)   Merge Heap Roots: 0.1ms
[2022-06-29T19:27:02.571+0000][9][gc,phases   ] GC(337)   Evacuate Collection Set: 2.9ms
[2022-06-29T19:27:02.572+0000][9][gc,phases   ] GC(337)   Post Evacuate Collection Set: 1.0ms
[2022-06-29T19:27:02.572+0000][9][gc,phases   ] GC(337)   Other: 2.4ms
[2022-06-29T19:27:02.573+0000][9][gc,age      ] GC(337) Age table with threshold 15 (max threshold 15)
[2022-06-29T19:27:02.573+0000][9][gc,age      ] GC(337) - age   1:     755120 bytes,     755120 total
[2022-06-29T19:27:02.574+0000][9][gc,age      ] GC(337) - age   2:       1536 bytes,     756656 total
[2022-06-29T19:27:02.574+0000][9][gc,age      ] GC(337) - age   3:       9304 bytes,     765960 total
[2022-06-29T19:27:02.575+0000][9][gc,age      ] GC(337) - age   4:        344 bytes,     766304 total
[2022-06-29T19:27:02.576+0000][9][gc,age      ] GC(337) - age   5:      22728 bytes,     789032 total
[2022-06-29T19:27:02.576+0000][9][gc,age      ] GC(337) - age   6:      25504 bytes,     814536 total
[2022-06-29T19:27:02.577+0000][9][gc,age      ] GC(337) - age   8:     129640 bytes,     944176 total
[2022-06-29T19:27:02.578+0000][9][gc,age      ] GC(337) - age   9:        320 bytes,     944496 total
[2022-06-29T19:27:02.579+0000][9][gc,age      ] GC(337) - age  11:     480656 bytes,    1425152 total
[2022-06-29T19:27:02.579+0000][9][gc,age      ] GC(337) - age  12:     281728 bytes,    1706880 total
[2022-06-29T19:27:02.580+0000][9][gc,age      ] GC(337) - age  13:       1000 bytes,    1707880 total
[2022-06-29T19:27:02.580+0000][9][gc,age      ] GC(337) - age  14:        184 bytes,    1708064 total
[2022-06-29T19:27:02.581+0000][9][gc,age      ] GC(337) - age  15:     139968 bytes,    1848032 total
[2022-06-29T19:27:02.582+0000][9][gc,heap     ] GC(337) Eden regions: 75->0(75)
[2022-06-29T19:27:02.582+0000][9][gc,heap     ] GC(337) Survivor regions: 1->1(10)
[2022-06-29T19:27:02.583+0000][9][gc,heap     ] GC(337) Old regions: 23->23
[2022-06-29T19:27:02.584+0000][9][gc,heap     ] GC(337) Archive regions: 2->2
[2022-06-29T19:27:02.584+0000][9][gc,heap     ] GC(337) Humongous regions: 0->0
[2022-06-29T19:27:02.585+0000][9][gc,metaspace] GC(337) Metaspace: 131173K(134592K)->131173K(134592K) NonClass: 114063K(115840K)->114063K(115840K) Class: 17109K(18752K)->17109K(18752K)
[2022-06-29T19:27:02.585+0000][9][gc          ] GC(337) Pause Young (Normal) (G1 Evacuation Pause) 396M->96M(512M) 25.534ms
[2022-06-29T19:27:02.586+0000][9][gc,cpu      ] GC(337) User=0.01s Sys=0.00s Real=0.03s
[2022-06-29T19:27:02.587+0000][9][safepoint   ] Safepoint "G1CollectForAllocation", Time since last: 86994830206 ns, Reaching safepoint: 101985 ns, At safepoint: 26750748 ns, Total: 26852733 ns
[2022-06-29T19:28:26.541+0000][9][gc,start    ] GC(338) Pause Young (Normal) (G1 Evacuation Pause)
[2022-06-29T19:28:26.543+0000][9][gc,task     ] GC(338) Using 4 workers of 4 for evacuation
[2022-06-29T19:28:26.544+0000][9][gc,age      ] GC(338) Desired survivor size 20971520 bytes, new threshold 15 (max threshold 15)
[2022-06-29T19:28:26.548+0000][9][gc,phases   ] GC(338)   Pre Evacuate Collection Set: 0.2ms
[2022-06-29T19:28:26.549+0000][9][gc,phases   ] GC(338)   Merge Heap Roots: 0.1ms
[2022-06-29T19:28:26.550+0000][9][gc,phases   ] GC(338)   Evacuate Collection Set: 2.7ms
[2022-06-29T19:28:26.550+0000][9][gc,phases   ] GC(338)   Post Evacuate Collection Set: 1.0ms
[2022-06-29T19:28:26.551+0000][9][gc,phases   ] GC(338)   Other: 1.2ms
[2022-06-29T19:28:26.551+0000][9][gc,age      ] GC(338) Age table with threshold 15 (max threshold 15)
[2022-06-29T19:28:26.552+0000][9][gc,age      ] GC(338) - age   1:     643848 bytes,     643848 total
[2022-06-29T19:28:26.552+0000][9][gc,age      ] GC(338) - age   2:      25992 bytes,     669840 total
[2022-06-29T19:28:26.553+0000][9][gc,age      ] GC(338) - age   3:        640 bytes,     670480 total
[2022-06-29T19:28:26.554+0000][9][gc,age      ] GC(338) - age   4:        800 bytes,     671280 total
[2022-06-29T19:28:26.555+0000][9][gc,age      ] GC(338) - age   5:        320 bytes,     671600 total
[2022-06-29T19:28:26.555+0000][9][gc,age      ] GC(338) - age   6:      22696 bytes,     694296 total
[2022-06-29T19:28:26.556+0000][9][gc,age      ] GC(338) - age   7:      25320 bytes,     719616 total
[2022-06-29T19:28:26.556+0000][9][gc,age      ] GC(338) - age   9:     129640 bytes,     849256 total
[2022-06-29T19:28:26.557+0000][9][gc,age      ] GC(338) - age  10:        320 bytes,     849576 total
[2022-06-29T19:28:26.558+0000][9][gc,age      ] GC(338) - age  12:     480656 bytes,    1330232 total
[2022-06-29T19:28:26.558+0000][9][gc,age      ] GC(338) - age  13:     281728 bytes,    1611960 total
[2022-06-29T19:28:26.559+0000][9][gc,age      ] GC(338) - age  14:       1000 bytes,    1612960 total
[2022-06-29T19:28:26.559+0000][9][gc,age      ] GC(338) - age  15:        184 bytes,    1613144 total
[2022-06-29T19:28:26.560+0000][9][gc,heap     ] GC(338) Eden regions: 75->0(75)
[2022-06-29T19:28:26.561+0000][9][gc,heap     ] GC(338) Survivor regions: 1->1(10)
[2022-06-29T19:28:26.561+0000][9][gc,heap     ] GC(338) Old regions: 23->23
[2022-06-29T19:28:26.562+0000][9][gc,heap     ] GC(338) Archive regions: 2->2
[2022-06-29T19:28:26.563+0000][9][gc,heap     ] GC(338) Humongous regions: 0->0
[2022-06-29T19:28:26.564+0000][9][gc,metaspace] GC(338) Metaspace: 131173K(134592K)->131173K(134592K) NonClass: 114063K(115840K)->114063K(115840K) Class: 17109K(18752K)->17109K(18752K)
[2022-06-29T19:28:26.564+0000][9][gc          ] GC(338) Pause Young (Normal) (G1 Evacuation Pause) 396M->96M(512M) 23.125ms
[2022-06-29T19:28:26.565+0000][9][gc,cpu      ] GC(338) User=0.01s Sys=0.00s Real=0.02s
[2022-06-29T19:28:26.566+0000][9][safepoint   ] Safepoint "G1CollectForAllocation", Time since last: 84018550982 ns, Reaching safepoint: 96326 ns, At safepoint: 24361600 ns, Total: 24457926 ns
[2022-06-29T19:29:54.308+0000][9][gc,start    ] GC(339) Pause Young (Normal) (G1 Evacuation Pause)
[2022-06-29T19:29:54.310+0000][9][gc,task     ] GC(339) Using 4 workers of 4 for evacuation
[2022-06-29T19:29:54.311+0000][9][gc,age      ] GC(339) Desired survivor size 20971520 bytes, new threshold 15 (max threshold 15)
[2022-06-29T19:29:54.318+0000][9][gc,phases   ] GC(339)   Pre Evacuate Collection Set: 0.3ms
[2022-06-29T19:29:54.318+0000][9][gc,phases   ] GC(339)   Merge Heap Roots: 0.2ms
[2022-06-29T19:29:54.319+0000][9][gc,phases   ] GC(339)   Evacuate Collection Set: 3.5ms
[2022-06-29T19:29:54.320+0000][9][gc,phases   ] GC(339)   Post Evacuate Collection Set: 1.2ms
[2022-06-29T19:29:54.320+0000][9][gc,phases   ] GC(339)   Other: 2.2ms
[2022-06-29T19:29:54.321+0000][9][gc,age      ] GC(339) Age table with threshold 15 (max threshold 15)
[2022-06-29T19:29:54.322+0000][9][gc,age      ] GC(339) - age   1:     323288 bytes,     323288 total
[2022-06-29T19:29:54.323+0000][9][gc,age      ] GC(339) - age   2:       9816 bytes,     333104 total
[2022-06-29T19:29:54.324+0000][9][gc,age      ] GC(339) - age   3:      25608 bytes,     358712 total
[2022-06-29T19:29:54.325+0000][9][gc,age      ] GC(339) - age   4:        576 bytes,     359288 total
[2022-06-29T19:29:54.325+0000][9][gc,age      ] GC(339) - age   5:        800 bytes,     360088 total
[2022-06-29T19:29:54.326+0000][9][gc,age      ] GC(339) - age   6:        320 bytes,     360408 total
[2022-06-29T19:29:54.327+0000][9][gc,age      ] GC(339) - age   7:      22696 bytes,     383104 total
[2022-06-29T19:29:54.328+0000][9][gc,age      ] GC(339) - age   8:      25168 bytes,     408272 total
[2022-06-29T19:29:54.329+0000][9][gc,age      ] GC(339) - age  10:     129640 bytes,     537912 total
[2022-06-29T19:29:54.330+0000][9][gc,age      ] GC(339) - age  11:        320 bytes,     538232 total
[2022-06-29T19:29:54.331+0000][9][gc,age      ] GC(339) - age  13:     480656 bytes,    1018888 total
[2022-06-29T19:29:54.332+0000][9][gc,age      ] GC(339) - age  14:     281312 bytes,    1300200 total
[2022-06-29T19:29:54.333+0000][9][gc,age      ] GC(339) - age  15:       1000 bytes,    1301200 total
[2022-06-29T19:29:54.335+0000][9][gc,heap     ] GC(339) Eden regions: 75->0(75)
[2022-06-29T19:29:54.335+0000][9][gc,heap     ] GC(339) Survivor regions: 1->1(10)
[2022-06-29T19:29:54.336+0000][9][gc,heap     ] GC(339) Old regions: 23->23
[2022-06-29T19:29:54.338+0000][9][gc,heap     ] GC(339) Archive regions: 2->2
[2022-06-29T19:29:54.338+0000][9][gc,heap     ] GC(339) Humongous regions: 0->0
[2022-06-29T19:29:54.339+0000][9][gc,metaspace] GC(339) Metaspace: 131174K(134592K)->131174K(134592K) NonClass: 114064K(115840K)->114064K(115840K) Class: 17109K(18752K)->17109K(18752K)
[2022-06-29T19:29:54.340+0000][9][gc          ] GC(339) Pause Young (Normal) (G1 Evacuation Pause) 396M->95M(512M) 32.006ms
[2022-06-29T19:29:54.341+0000][9][gc,cpu      ] GC(339) User=0.01s Sys=0.00s Real=0.03s
[2022-06-29T19:29:54.342+0000][9][safepoint   ] Safepoint "G1CollectForAllocation", Time since last: 87786241842 ns, Reaching safepoint: 130718 ns, At safepoint: 33586604 ns, Total: 33717322 ns
[2022-06-29T19:31:44.514+0000][9][gc,start    ] GC(340) Pause Young (Normal) (G1 Evacuation Pause)
[2022-06-29T19:31:44.516+0000][9][gc,task     ] GC(340) Using 4 workers of 4 for evacuation
[2022-06-29T19:31:44.516+0000][9][gc,age      ] GC(340) Desired survivor size 20971520 bytes, new threshold 15 (max threshold 15)
[2022-06-29T19:31:44.521+0000][9][gc,phases   ] GC(340)   Pre Evacuate Collection Set: 0.3ms
[2022-06-29T19:31:44.522+0000][9][gc,phases   ] GC(340)   Merge Heap Roots: 0.1ms
[2022-06-29T19:31:44.522+0000][9][gc,phases   ] GC(340)   Evacuate Collection Set: 2.2ms
[2022-06-29T19:31:44.523+0000][9][gc,phases   ] GC(340)   Post Evacuate Collection Set: 1.0ms
[2022-06-29T19:31:44.524+0000][9][gc,phases   ] GC(340)   Other: 1.9ms
[2022-06-29T19:31:44.524+0000][9][gc,age      ] GC(340) Age table with threshold 15 (max threshold 15)
[2022-06-29T19:31:44.525+0000][9][gc,age      ] GC(340) - age   1:     934752 bytes,     934752 total
[2022-06-29T19:31:44.526+0000][9][gc,age      ] GC(340) - age   2:       1208 bytes,     935960 total
[2022-06-29T19:31:44.526+0000][9][gc,age      ] GC(340) - age   3:        952 bytes,     936912 total
[2022-06-29T19:31:44.527+0000][9][gc,age      ] GC(340) - age   4:      25216 bytes,     962128 total
[2022-06-29T19:31:44.528+0000][9][gc,age      ] GC(340) - age   5:        576 bytes,     962704 total
[2022-06-29T19:31:44.529+0000][9][gc,age      ] GC(340) - age   6:        504 bytes,     963208 total
[2022-06-29T19:31:44.529+0000][9][gc,age      ] GC(340) - age   7:        320 bytes,     963528 total
[2022-06-29T19:31:44.530+0000][9][gc,age      ] GC(340) - age   8:      20968 bytes,     984496 total
[2022-06-29T19:31:44.530+0000][9][gc,age      ] GC(340) - age   9:      25168 bytes,    1009664 total
[2022-06-29T19:31:44.531+0000][9][gc,age      ] GC(340) - age  11:     127736 bytes,    1137400 total
[2022-06-29T19:31:44.531+0000][9][gc,age      ] GC(340) - age  12:        320 bytes,    1137720 total
[2022-06-29T19:31:44.532+0000][9][gc,age      ] GC(340) - age  14:     480560 bytes,    1618280 total
[2022-06-29T19:31:44.533+0000][9][gc,age      ] GC(340) - age  15:     281312 bytes,    1899592 total
[2022-06-29T19:31:44.533+0000][9][gc,heap     ] GC(340) Eden regions: 75->0(75)
[2022-06-29T19:31:44.534+0000][9][gc,heap     ] GC(340) Survivor regions: 1->1(10)
[2022-06-29T19:31:44.534+0000][9][gc,heap     ] GC(340) Old regions: 23->23
[2022-06-29T19:31:44.535+0000][9][gc,heap     ] GC(340) Archive regions: 2->2
[2022-06-29T19:31:44.536+0000][9][gc,heap     ] GC(340) Humongous regions: 0->0
[2022-06-29T19:31:44.536+0000][9][gc,metaspace] GC(340) Metaspace: 131176K(134592K)->131176K(134592K) NonClass: 114067K(115840K)->114067K(115840K) Class: 17109K(18752K)->17109K(18752K)
[2022-06-29T19:31:44.537+0000][9][gc          ] GC(340) Pause Young (Normal) (G1 Evacuation Pause) 395M->96M(512M) 23.357ms
[2022-06-29T19:31:44.538+0000][9][gc,cpu      ] GC(340) User=0.01s Sys=0.00s Real=0.03s
[2022-06-29T19:31:44.538+0000][9][safepoint   ] Safepoint "G1CollectForAllocation", Time since last: 110258229075 ns, Reaching safepoint: 104941 ns, At safepoint: 24624525 ns, Total: 24729466 ns
[2022-06-29T19:32:54.584+0000][9][safepoint   ] Safepoint "Cleanup", Time since last: 70088584066 ns, Reaching safepoint: 135623 ns, At safepoint: 83562 ns, Total: 219185 ns
[2022-06-29T19:33:32.478+0000][9][gc,start    ] GC(341) Pause Young (Normal) (G1 Evacuation Pause)
[2022-06-29T19:33:32.480+0000][9][gc,task     ] GC(341) Using 4 workers of 4 for evacuation
[2022-06-29T19:33:32.480+0000][9][gc,age      ] GC(341) Desired survivor size 20971520 bytes, new threshold 15 (max threshold 15)
[2022-06-29T19:33:32.485+0000][9][gc,phases   ] GC(341)   Pre Evacuate Collection Set: 0.1ms
[2022-06-29T19:33:32.486+0000][9][gc,phases   ] GC(341)   Merge Heap Roots: 0.0ms
[2022-06-29T19:33:32.487+0000][9][gc,phases   ] GC(341)   Evacuate Collection Set: 3.0ms
[2022-06-29T19:33:32.487+0000][9][gc,phases   ] GC(341)   Post Evacuate Collection Set: 1.0ms
[2022-06-29T19:33:32.488+0000][9][gc,phases   ] GC(341)   Other: 1.6ms
[2022-06-29T19:33:32.489+0000][9][gc,age      ] GC(341) Age table with threshold 15 (max threshold 15)
[2022-06-29T19:33:32.490+0000][9][gc,age      ] GC(341) - age   1:    1522680 bytes,    1522680 total
[2022-06-29T19:33:32.490+0000][9][gc,age      ] GC(341) - age   2:      11864 bytes,    1534544 total
[2022-06-29T19:33:32.491+0000][9][gc,age      ] GC(341) - age   3:        952 bytes,    1535496 total
[2022-06-29T19:33:32.491+0000][9][gc,age      ] GC(341) - age   4:        632 bytes,    1536128 total
[2022-06-29T19:33:32.492+0000][9][gc,age      ] GC(341) - age   5:      25216 bytes,    1561344 total
[2022-06-29T19:33:32.493+0000][9][gc,age      ] GC(341) - age   6:        576 bytes,    1561920 total
[2022-06-29T19:33:32.493+0000][9][gc,age      ] GC(341) - age   7:        504 bytes,    1562424 total
[2022-06-29T19:33:32.494+0000][9][gc,age      ] GC(341) - age   8:        320 bytes,    1562744 total
[2022-06-29T19:33:32.495+0000][9][gc,age      ] GC(341) - age   9:      20784 bytes,    1583528 total
[2022-06-29T19:33:32.495+0000][9][gc,age      ] GC(341) - age  10:      25168 bytes,    1608696 total
[2022-06-29T19:33:32.496+0000][9][gc,age      ] GC(341) - age  12:     127736 bytes,    1736432 total
[2022-06-29T19:33:32.496+0000][9][gc,age      ] GC(341) - age  13:        320 bytes,    1736752 total
[2022-06-29T19:33:32.497+0000][9][gc,age      ] GC(341) - age  15:     480560 bytes,    2217312 total
[2022-06-29T19:33:32.498+0000][9][gc,heap     ] GC(341) Eden regions: 75->0(75)
[2022-06-29T19:33:32.499+0000][9][gc,heap     ] GC(341) Survivor regions: 1->1(10)
[2022-06-29T19:33:32.499+0000][9][gc,heap     ] GC(341) Old regions: 23->23
[2022-06-29T19:33:32.500+0000][9][gc,heap     ] GC(341) Archive regions: 2->2
[2022-06-29T19:33:32.501+0000][9][gc,heap     ] GC(341) Humongous regions: 0->0
[2022-06-29T19:33:32.501+0000][9][gc,metaspace] GC(341) Metaspace: 131184K(134592K)->131184K(134592K) NonClass: 114074K(115840K)->114074K(115840K) Class: 17109K(18752K)->17109K(18752K)
[2022-06-29T19:33:32.502+0000][9][gc          ] GC(341) Pause Young (Normal) (G1 Evacuation Pause) 396M->96M(512M) 23.550ms
[2022-06-29T19:33:32.503+0000][9][gc,cpu      ] GC(341) User=0.01s Sys=0.01s Real=0.03s
[2022-06-29T19:33:32.503+0000][9][safepoint   ] Safepoint "G1CollectForAllocation", Time since last: 37937484281 ns, Reaching safepoint: 92868 ns, At safepoint: 25103747 ns, Total: 25196615 ns
[2022-06-29T19:34:25.517+0000][9][safepoint   ] Safepoint "Cleanup", Time since last: 53056821468 ns, Reaching safepoint: 599116 ns, At safepoint: 350071 ns, Total: 949187 ns
[2022-06-29T19:35:02.541+0000][9][safepoint   ] Safepoint "Cleanup", Time since last: 37044311431 ns, Reaching safepoint: 199322 ns, At safepoint: 10091 ns, Total: 209413 ns
[2022-06-29T19:35:20.533+0000][9][gc,start    ] GC(342) Pause Young (Normal) (G1 Evacuation Pause)
[2022-06-29T19:35:20.540+0000][9][gc,task     ] GC(342) Using 4 workers of 4 for evacuation
[2022-06-29T19:35:20.541+0000][9][gc,age      ] GC(342) Desired survivor size 20971520 bytes, new threshold 15 (max threshold 15)
[2022-06-29T19:35:20.546+0000][9][gc,phases   ] GC(342)   Pre Evacuate Collection Set: 0.2ms
[2022-06-29T19:35:20.547+0000][9][gc,phases   ] GC(342)   Merge Heap Roots: 0.1ms
[2022-06-29T19:35:20.547+0000][9][gc,phases   ] GC(342)   Evacuate Collection Set: 2.4ms
[2022-06-29T19:35:20.548+0000][9][gc,phases   ] GC(342)   Post Evacuate Collection Set: 1.0ms
[2022-06-29T19:35:20.548+0000][9][gc,phases   ] GC(342)   Other: 2.8ms
[2022-06-29T19:35:20.549+0000][9][gc,age      ] GC(342) Age table with threshold 15 (max threshold 15)
[2022-06-29T19:35:20.549+0000][9][gc,age      ] GC(342) - age   1:     436328 bytes,     436328 total
[2022-06-29T19:35:20.550+0000][9][gc,age      ] GC(342) - age   2:       9776 bytes,     446104 total
[2022-06-29T19:35:20.550+0000][9][gc,age      ] GC(342) - age   3:      10976 bytes,     457080 total
[2022-06-29T19:35:20.551+0000][9][gc,age      ] GC(342) - age   4:        592 bytes,     457672 total
[2022-06-29T19:35:20.551+0000][9][gc,age      ] GC(342) - age   5:        448 bytes,     458120 total
[2022-06-29T19:35:20.552+0000][9][gc,age      ] GC(342) - age   6:      25216 bytes,     483336 total
[2022-06-29T19:35:20.552+0000][9][gc,age      ] GC(342) - age   7:        576 bytes,     483912 total
[2022-06-29T19:35:20.553+0000][9][gc,age      ] GC(342) - age   8:        504 bytes,     484416 total
[2022-06-29T19:35:20.553+0000][9][gc,age      ] GC(342) - age   9:        320 bytes,     484736 total
[2022-06-29T19:35:20.554+0000][9][gc,age      ] GC(342) - age  10:      20784 bytes,     505520 total
[2022-06-29T19:35:20.555+0000][9][gc,age      ] GC(342) - age  11:      25168 bytes,     530688 total
[2022-06-29T19:35:20.555+0000][9][gc,age      ] GC(342) - age  13:     127736 bytes,     658424 total
[2022-06-29T19:35:20.556+0000][9][gc,age      ] GC(342) - age  14:        320 bytes,     658744 total
[2022-06-29T19:35:20.556+0000][9][gc,heap     ] GC(342) Eden regions: 75->0(75)
[2022-06-29T19:35:20.557+0000][9][gc,heap     ] GC(342) Survivor regions: 1->1(10)
[2022-06-29T19:35:20.558+0000][9][gc,heap     ] GC(342) Old regions: 23->23
[2022-06-29T19:35:20.558+0000][9][gc,heap     ] GC(342) Archive regions: 2->2
[2022-06-29T19:35:20.559+0000][9][gc,heap     ] GC(342) Humongous regions: 0->0
[2022-06-29T19:35:20.560+0000][9][gc,metaspace] GC(342) Metaspace: 131191K(134592K)->131191K(134592K) NonClass: 114081K(115840K)->114081K(115840K) Class: 17109K(18752K)->17109K(18752K)
[2022-06-29T19:35:20.560+0000][9][gc          ] GC(342) Pause Young (Normal) (G1 Evacuation Pause) 396M->95M(512M) 27.346ms
[2022-06-29T19:35:20.561+0000][9][gc,cpu      ] GC(342) User=0.00s Sys=0.01s Real=0.03s
[2022-06-29T19:35:20.562+0000][9][safepoint   ] Safepoint "G1CollectForAllocation", Time since last: 17991572939 ns, Reaching safepoint: 273417 ns, At safepoint: 28692588 ns, Total: 28966005 ns
[2022-06-29T19:35:24.573+0000][9][safepoint   ] Safepoint "Cleanup", Time since last: 4010899780 ns, Reaching safepoint: 190655 ns, At safepoint: 92626 ns, Total: 283281 ns
[2022-06-29T19:35:25.555+0000][9][safepoint   ] Safepoint "Cleanup", Time since last: 1003130406 ns, Reaching safepoint: 370881 ns, At safepoint: 29534 ns, Total: 400415 ns
[2022-06-29T19:36:25.588+0000][9][safepoint   ] Safepoint "Cleanup", Time since last: 60076513832 ns, Reaching safepoint: 182144 ns, At safepoint: 49846 ns, Total: 231990 ns
[2022-06-29T19:37:08.433+0000][9][gc,start    ] GC(343) Pause Young (Normal) (G1 Evacuation Pause)
[2022-06-29T19:37:08.435+0000][9][gc,task     ] GC(343) Using 4 workers of 4 for evacuation
[2022-06-29T19:37:08.436+0000][9][gc,age      ] GC(343) Desired survivor size 20971520 bytes, new threshold 15 (max threshold 15)
[2022-06-29T19:37:08.441+0000][9][gc,phases   ] GC(343)   Pre Evacuate Collection Set: 0.2ms
[2022-06-29T19:37:08.442+0000][9][gc,phases   ] GC(343)   Merge Heap Roots: 0.1ms
[2022-06-29T19:37:08.442+0000][9][gc,phases   ] GC(343)   Evacuate Collection Set: 3.1ms
[2022-06-29T19:37:08.443+0000][9][gc,phases   ] GC(343)   Post Evacuate Collection Set: 0.9ms
[2022-06-29T19:37:08.444+0000][9][gc,phases   ] GC(343)   Other: 1.6ms
[2022-06-29T19:37:08.445+0000][9][gc,age      ] GC(343) Age table with threshold 15 (max threshold 15)
[2022-06-29T19:37:08.446+0000][9][gc,age      ] GC(343) - age   1:    1164200 bytes,    1164200 total
[2022-06-29T19:37:08.446+0000][9][gc,age      ] GC(343) - age   2:        568 bytes,    1164768 total
[2022-06-29T19:37:08.447+0000][9][gc,age      ] GC(343) - age   3:        416 bytes,    1165184 total
[2022-06-29T19:37:08.448+0000][9][gc,age      ] GC(343) - age   4:      10728 bytes,    1175912 total
[2022-06-29T19:37:08.449+0000][9][gc,age      ] GC(343) - age   5:        592 bytes,    1176504 total
[2022-06-29T19:37:08.449+0000][9][gc,age      ] GC(343) - age   6:        448 bytes,    1176952 total
[2022-06-29T19:37:08.450+0000][9][gc,age      ] GC(343) - age   7:      25216 bytes,    1202168 total
[2022-06-29T19:37:08.451+0000][9][gc,age      ] GC(343) - age   8:        392 bytes,    1202560 total
[2022-06-29T19:37:08.452+0000][9][gc,age      ] GC(343) - age   9:        504 bytes,    1203064 total
[2022-06-29T19:37:08.452+0000][9][gc,age      ] GC(343) - age  10:        320 bytes,    1203384 total
[2022-06-29T19:37:08.453+0000][9][gc,age      ] GC(343) - age  11:      20784 bytes,    1224168 total
[2022-06-29T19:37:08.454+0000][9][gc,age      ] GC(343) - age  12:      25168 bytes,    1249336 total
[2022-06-29T19:37:08.455+0000][9][gc,age      ] GC(343) - age  14:     127736 bytes,    1377072 total
[2022-06-29T19:37:08.456+0000][9][gc,age      ] GC(343) - age  15:        320 bytes,    1377392 total
[2022-06-29T19:37:08.456+0000][9][gc,heap     ] GC(343) Eden regions: 75->0(75)
[2022-06-29T19:37:08.457+0000][9][gc,heap     ] GC(343) Survivor regions: 1->1(10)
[2022-06-29T19:37:08.457+0000][9][gc,heap     ] GC(343) Old regions: 23->23
[2022-06-29T19:37:08.458+0000][9][gc,heap     ] GC(343) Archive regions: 2->2
[2022-06-29T19:37:08.459+0000][9][gc,heap     ] GC(343) Humongous regions: 0->0
[2022-06-29T19:37:08.459+0000][9][gc,metaspace] GC(343) Metaspace: 131198K(134592K)->131198K(134592K) NonClass: 114088K(115840K)->114088K(115840K) Class: 17109K(18752K)->17109K(18752K)
[2022-06-29T19:37:08.460+0000][9][gc          ] GC(343) Pause Young (Normal) (G1 Evacuation Pause) 395M->96M(512M) 27.015ms
[2022-06-29T19:37:08.461+0000][9][gc,cpu      ] GC(343) User=0.01s Sys=0.00s Real=0.03s
[2022-06-29T19:37:08.462+0000][9][safepoint   ] Safepoint "G1CollectForAllocation", Time since last: 42867665510 ns, Reaching safepoint: 160232 ns, At safepoint: 28272316 ns, Total: 28432548 ns
[2022-06-29T19:38:25.481+0000][9][safepoint   ] Safepoint "Cleanup", Time since last: 77083545166 ns, Reaching safepoint: 311268 ns, At safepoint: 66151 ns, Total: 377419 ns
[2022-06-29T19:38:56.527+0000][9][gc,start    ] GC(344) Pause Young (Normal) (G1 Evacuation Pause)
[2022-06-29T19:38:56.528+0000][9][gc,task     ] GC(344) Using 4 workers of 4 for evacuation
[2022-06-29T19:38:56.529+0000][9][gc,age      ] GC(344) Desired survivor size 20971520 bytes, new threshold 15 (max threshold 15)
[2022-06-29T19:38:56.533+0000][9][gc,phases   ] GC(344)   Pre Evacuate Collection Set: 0.1ms
[2022-06-29T19:38:56.534+0000][9][gc,phases   ] GC(344)   Merge Heap Roots: 0.1ms
[2022-06-29T19:38:56.534+0000][9][gc,phases   ] GC(344)   Evacuate Collection Set: 1.9ms
[2022-06-29T19:38:56.535+0000][9][gc,phases   ] GC(344)   Post Evacuate Collection Set: 0.9ms
[2022-06-29T19:38:56.536+0000][9][gc,phases   ] GC(344)   Other: 1.6ms
[2022-06-29T19:38:56.537+0000][9][gc,age      ] GC(344) Age table with threshold 15 (max threshold 15)
[2022-06-29T19:38:56.537+0000][9][gc,age      ] GC(344) - age   1:    1502256 bytes,    1502256 total
[2022-06-29T19:38:56.538+0000][9][gc,age      ] GC(344) - age   2:      10000 bytes,    1512256 total
[2022-06-29T19:38:56.539+0000][9][gc,age      ] GC(344) - age   3:        184 bytes,    1512440 total
[2022-06-29T19:38:56.539+0000][9][gc,age      ] GC(344) - age   4:        352 bytes,    1512792 total
[2022-06-29T19:38:56.540+0000][9][gc,age      ] GC(344) - age   5:      10728 bytes,    1523520 total
[2022-06-29T19:38:56.542+0000][9][gc,age      ] GC(344) - age   6:        416 bytes,    1523936 total
[2022-06-29T19:38:56.542+0000][9][gc,age      ] GC(344) - age   7:        448 bytes,    1524384 total
[2022-06-29T19:38:56.543+0000][9][gc,age      ] GC(344) - age   8:      25216 bytes,    1549600 total
[2022-06-29T19:38:56.544+0000][9][gc,age      ] GC(344) - age   9:        392 bytes,    1549992 total
[2022-06-29T19:38:56.544+0000][9][gc,age      ] GC(344) - age  10:        504 bytes,    1550496 total
[2022-06-29T19:38:56.545+0000][9][gc,age      ] GC(344) - age  11:        288 bytes,    1550784 total
[2022-06-29T19:38:56.546+0000][9][gc,age      ] GC(344) - age  12:      20784 bytes,    1571568 total
[2022-06-29T19:38:56.547+0000][9][gc,age      ] GC(344) - age  13:      25136 bytes,    1596704 total
[2022-06-29T19:38:56.547+0000][9][gc,age      ] GC(344) - age  15:     127736 bytes,    1724440 total
[2022-06-29T19:38:56.548+0000][9][gc,heap     ] GC(344) Eden regions: 75->0(75)
[2022-06-29T19:38:56.549+0000][9][gc,heap     ] GC(344) Survivor regions: 1->1(10)
[2022-06-29T19:38:56.549+0000][9][gc,heap     ] GC(344) Old regions: 23->23
[2022-06-29T19:38:56.550+0000][9][gc,heap     ] GC(344) Archive regions: 2->2
[2022-06-29T19:38:56.551+0000][9][gc,heap     ] GC(344) Humongous regions: 0->0
[2022-06-29T19:38:56.551+0000][9][gc,metaspace] GC(344) Metaspace: 131198K(134592K)->131198K(134592K) NonClass: 114088K(115840K)->114088K(115840K) Class: 17109K(18752K)->17109K(18752K)
[2022-06-29T19:38:56.552+0000][9][gc          ] GC(344) Pause Young (Normal) (G1 Evacuation Pause) 396M->97M(512M) 25.351ms
[2022-06-29T19:38:56.558+0000][9][gc,cpu      ] GC(344) User=0.01s Sys=0.00s Real=0.03s
[2022-06-29T19:38:56.564+0000][9][safepoint   ] Safepoint "G1CollectForAllocation", Time since last: 31067177594 ns, Reaching safepoint: 78231 ns, At safepoint: 37158122 ns, Total: 37236353 ns
[2022-06-29T19:39:25.577+0000][9][safepoint   ] Safepoint "Cleanup", Time since last: 29034484993 ns, Reaching safepoint: 152985 ns, At safepoint: 60537 ns, Total: 213522 ns
[2022-06-29T19:40:50.373+0000][9][gc,start    ] GC(345) Pause Young (Normal) (G1 Evacuation Pause)
[2022-06-29T19:40:50.374+0000][9][gc,task     ] GC(345) Using 4 workers of 4 for evacuation
[2022-06-29T19:40:50.375+0000][9][gc,age      ] GC(345) Desired survivor size 20971520 bytes, new threshold 15 (max threshold 15)
[2022-06-29T19:40:50.381+0000][9][gc,phases   ] GC(345)   Pre Evacuate Collection Set: 0.2ms
[2022-06-29T19:40:50.381+0000][9][gc,phases   ] GC(345)   Merge Heap Roots: 0.1ms
[2022-06-29T19:40:50.382+0000][9][gc,phases   ] GC(345)   Evacuate Collection Set: 2.8ms
[2022-06-29T19:40:50.383+0000][9][gc,phases   ] GC(345)   Post Evacuate Collection Set: 1.7ms
[2022-06-29T19:40:50.383+0000][9][gc,phases   ] GC(345)   Other: 1.4ms
[2022-06-29T19:40:50.384+0000][9][gc,age      ] GC(345) Age table with threshold 15 (max threshold 15)
[2022-06-29T19:40:50.389+0000][9][gc,age      ] GC(345) - age   1:    1107088 bytes,    1107088 total
[2022-06-29T19:40:50.390+0000][9][gc,age      ] GC(345) - age   2:       7128 bytes,    1114216 total
[2022-06-29T19:40:50.390+0000][9][gc,age      ] GC(345) - age   3:       8680 bytes,    1122896 total
[2022-06-29T19:40:50.391+0000][9][gc,age      ] GC(345) - age   4:        184 bytes,    1123080 total
[2022-06-29T19:40:50.392+0000][9][gc,age      ] GC(345) - age   5:        352 bytes,    1123432 total
[2022-06-29T19:40:50.392+0000][9][gc,age      ] GC(345) - age   6:       8520 bytes,    1131952 total
[2022-06-29T19:40:50.393+0000][9][gc,age      ] GC(345) - age   7:        416 bytes,    1132368 total
[2022-06-29T19:40:50.394+0000][9][gc,age      ] GC(345) - age   8:        448 bytes,    1132816 total
[2022-06-29T19:40:50.394+0000][9][gc,age      ] GC(345) - age   9:      25216 bytes,    1158032 total
[2022-06-29T19:40:50.395+0000][9][gc,age      ] GC(345) - age  11:        504 bytes,    1158536 total
[2022-06-29T19:40:50.396+0000][9][gc,age      ] GC(345) - age  12:        288 bytes,    1158824 total
[2022-06-29T19:40:50.396+0000][9][gc,age      ] GC(345) - age  13:      20784 bytes,    1179608 total
[2022-06-29T19:40:50.398+0000][9][gc,age      ] GC(345) - age  14:      25136 bytes,    1204744 total
[2022-06-29T19:40:50.399+0000][9][gc,heap     ] GC(345) Eden regions: 75->0(75)
[2022-06-29T19:40:50.400+0000][9][gc,heap     ] GC(345) Survivor regions: 1->1(10)
[2022-06-29T19:40:50.401+0000][9][gc,heap     ] GC(345) Old regions: 23->23
[2022-06-29T19:40:50.402+0000][9][gc,heap     ] GC(345) Archive regions: 2->2
[2022-06-29T19:40:50.402+0000][9][gc,heap     ] GC(345) Humongous regions: 0->0
[2022-06-29T19:40:50.403+0000][9][gc,metaspace] GC(345) Metaspace: 131198K(134592K)->131198K(134592K) NonClass: 114088K(115840K)->114088K(115840K) Class: 17109K(18752K)->17109K(18752K)
[2022-06-29T19:40:50.404+0000][9][gc          ] GC(345) Pause Young (Normal) (G1 Evacuation Pause) 397M->96M(512M) 30.639ms
[2022-06-29T19:40:50.404+0000][9][gc,cpu      ] GC(345) User=0.01s Sys=0.00s Real=0.03s
[2022-06-29T19:40:50.405+0000][9][safepoint   ] Safepoint "G1CollectForAllocation", Time since last: 84837872068 ns, Reaching safepoint: 277801 ns, At safepoint: 32062942 ns, Total: 32340743 ns
[2022-06-29T19:41:17.417+0000][9][safepoint   ] Safepoint "Cleanup", Time since last: 27034254813 ns, Reaching safepoint: 883376 ns, At safepoint: 18581 ns, Total: 901957 ns
[2022-06-29T19:42:38.624+0000][9][gc,start    ] GC(346) Pause Young (Normal) (G1 Evacuation Pause)
[2022-06-29T19:42:38.628+0000][9][gc,task     ] GC(346) Using 4 workers of 4 for evacuation
[2022-06-29T19:42:38.629+0000][9][gc,age      ] GC(346) Desired survivor size 20971520 bytes, new threshold 15 (max threshold 15)
[2022-06-29T19:42:38.654+0000][9][gc,phases   ] GC(346)   Pre Evacuate Collection Set: 0.6ms
[2022-06-29T19:42:38.655+0000][9][gc,phases   ] GC(346)   Merge Heap Roots: 0.2ms
[2022-06-29T19:42:38.656+0000][9][gc,phases   ] GC(346)   Evacuate Collection Set: 15.2ms
[2022-06-29T19:42:38.656+0000][9][gc,phases   ] GC(346)   Post Evacuate Collection Set: 7.4ms
[2022-06-29T19:42:38.657+0000][9][gc,phases   ] GC(346)   Other: 2.1ms
[2022-06-29T19:42:38.658+0000][9][gc,age      ] GC(346) Age table with threshold 15 (max threshold 15)
[2022-06-29T19:42:38.658+0000][9][gc,age      ] GC(346) - age   1:    1329136 bytes,    1329136 total
[2022-06-29T19:42:38.659+0000][9][gc,age      ] GC(346) - age   2:      11512 bytes,    1340648 total
[2022-06-29T19:42:38.659+0000][9][gc,age      ] GC(346) - age   3:       5064 bytes,    1345712 total
[2022-06-29T19:42:38.660+0000][9][gc,age      ] GC(346) - age   4:       8680 bytes,    1354392 total
[2022-06-29T19:42:38.660+0000][9][gc,age      ] GC(346) - age   5:        184 bytes,    1354576 total
[2022-06-29T19:42:38.661+0000][9][gc,age      ] GC(346) - age   6:        328 bytes,    1354904 total
[2022-06-29T19:42:38.661+0000][9][gc,age      ] GC(346) - age   7:       8520 bytes,    1363424 total
[2022-06-29T19:42:38.662+0000][9][gc,age      ] GC(346) - age   8:        416 bytes,    1363840 total
[2022-06-29T19:42:38.663+0000][9][gc,age      ] GC(346) - age   9:        448 bytes,    1364288 total
[2022-06-29T19:42:38.664+0000][9][gc,age      ] GC(346) - age  10:      25216 bytes,    1389504 total
[2022-06-29T19:42:38.665+0000][9][gc,age      ] GC(346) - age  12:        504 bytes,    1390008 total
[2022-06-29T19:42:38.665+0000][9][gc,age      ] GC(346) - age  13:        104 bytes,    1390112 total
[2022-06-29T19:42:38.666+0000][9][gc,age      ] GC(346) - age  14:      20784 bytes,    1410896 total
[2022-06-29T19:42:38.667+0000][9][gc,age      ] GC(346) - age  15:      25136 bytes,    1436032 total
[2022-06-29T19:42:38.667+0000][9][gc,heap     ] GC(346) Eden regions: 75->0(75)
[2022-06-29T19:42:38.668+0000][9][gc,heap     ] GC(346) Survivor regions: 1->1(10)
[2022-06-29T19:42:38.669+0000][9][gc,heap     ] GC(346) Old regions: 23->23
[2022-06-29T19:42:38.669+0000][9][gc,heap     ] GC(346) Archive regions: 2->2
[2022-06-29T19:42:38.670+0000][9][gc,heap     ] GC(346) Humongous regions: 0->0
[2022-06-29T19:42:38.670+0000][9][gc,metaspace] GC(346) Metaspace: 131198K(134592K)->131198K(134592K) NonClass: 114088K(115840K)->114088K(115840K) Class: 17109K(18752K)->17109K(18752K)
[2022-06-29T19:42:38.671+0000][9][gc          ] GC(346) Pause Young (Normal) (G1 Evacuation Pause) 396M->96M(512M) 47.786ms
[2022-06-29T19:42:38.672+0000][9][gc,cpu      ] GC(346) User=0.06s Sys=0.00s Real=0.05s
[2022-06-29T19:42:38.824+0000][9][safepoint   ] Safepoint "G1CollectForAllocation", Time since last: 81269340735 ns, Reaching safepoint: 136456 ns, At safepoint: 200755003 ns, Total: 200891459 ns
[2022-06-29T19:44:07.904+0000][9][gc,start    ] GC(347) Pause Young (Normal) (G1 Evacuation Pause)
[2022-06-29T19:44:07.907+0000][9][gc,task     ] GC(347) Using 4 workers of 4 for evacuation
[2022-06-29T19:44:07.912+0000][9][gc,age      ] GC(347) Desired survivor size 20971520 bytes, new threshold 15 (max threshold 15)
[2022-06-29T19:44:07.918+0000][9][gc,phases   ] GC(347)   Pre Evacuate Collection Set: 0.2ms
[2022-06-29T19:44:07.920+0000][9][gc,phases   ] GC(347)   Merge Heap Roots: 0.2ms
[2022-06-29T19:44:07.920+0000][9][gc,phases   ] GC(347)   Evacuate Collection Set: 2.6ms
[2022-06-29T19:44:07.921+0000][9][gc,phases   ] GC(347)   Post Evacuate Collection Set: 1.2ms
[2022-06-29T19:44:07.921+0000][9][gc,phases   ] GC(347)   Other: 7.8ms
[2022-06-29T19:44:07.922+0000][9][gc,age      ] GC(347) Age table with threshold 15 (max threshold 15)
[2022-06-29T19:44:07.922+0000][9][gc,age      ] GC(347) - age   1:    1098648 bytes,    1098648 total
[2022-06-29T19:44:07.923+0000][9][gc,age      ] GC(347) - age   2:       1840 bytes,    1100488 total
[2022-06-29T19:44:07.924+0000][9][gc,age      ] GC(347) - age   3:      10512 bytes,    1111000 total
[2022-06-29T19:44:07.924+0000][9][gc,age      ] GC(347) - age   4:       5064 bytes,    1116064 total
[2022-06-29T19:44:07.925+0000][9][gc,age      ] GC(347) - age   5:        664 bytes,    1116728 total
[2022-06-29T19:44:07.926+0000][9][gc,age      ] GC(347) - age   6:        184 bytes,    1116912 total
[2022-06-29T19:44:07.927+0000][9][gc,age      ] GC(347) - age   7:        328 bytes,    1117240 total
[2022-06-29T19:44:07.927+0000][9][gc,age      ] GC(347) - age   8:       8520 bytes,    1125760 total
[2022-06-29T19:44:07.928+0000][9][gc,age      ] GC(347) - age   9:        416 bytes,    1126176 total
[2022-06-29T19:44:07.929+0000][9][gc,age      ] GC(347) - age  10:        448 bytes,    1126624 total
[2022-06-29T19:44:07.929+0000][9][gc,age      ] GC(347) - age  11:      25216 bytes,    1151840 total
[2022-06-29T19:44:07.930+0000][9][gc,age      ] GC(347) - age  13:        504 bytes,    1152344 total
[2022-06-29T19:44:07.930+0000][9][gc,age      ] GC(347) - age  14:        104 bytes,    1152448 total
[2022-06-29T19:44:07.931+0000][9][gc,age      ] GC(347) - age  15:      20784 bytes,    1173232 total
[2022-06-29T19:44:07.931+0000][9][gc,heap     ] GC(347) Eden regions: 75->0(75)
[2022-06-29T19:44:07.932+0000][9][gc,heap     ] GC(347) Survivor regions: 1->1(10)
[2022-06-29T19:44:07.933+0000][9][gc,heap     ] GC(347) Old regions: 23->23
[2022-06-29T19:44:07.933+0000][9][gc,heap     ] GC(347) Archive regions: 2->2
[2022-06-29T19:44:07.934+0000][9][gc,heap     ] GC(347) Humongous regions: 0->0
[2022-06-29T19:44:07.934+0000][9][gc,metaspace] GC(347) Metaspace: 131198K(134592K)->131198K(134592K) NonClass: 114088K(115840K)->114088K(115840K) Class: 17109K(18752K)->17109K(18752K)
[2022-06-29T19:44:07.935+0000][9][gc          ] GC(347) Pause Young (Normal) (G1 Evacuation Pause) 396M->96M(512M) 31.226ms
[2022-06-29T19:44:07.936+0000][9][gc,cpu      ] GC(347) User=0.01s Sys=0.00s Real=0.03s
[2022-06-29T19:44:07.936+0000][9][safepoint   ] Safepoint "G1CollectForAllocation", Time since last: 89144215164 ns, Reaching safepoint: 168784 ns, At safepoint: 32521327 ns, Total: 32690111 ns
[2022-06-29T19:45:32.250+0000][9][gc,start    ] GC(348) Pause Young (Normal) (G1 Evacuation Pause)
[2022-06-29T19:45:32.258+0000][9][gc,task     ] GC(348) Using 4 workers of 4 for evacuation
[2022-06-29T19:45:32.259+0000][9][gc,age      ] GC(348) Desired survivor size 20971520 bytes, new threshold 15 (max threshold 15)
[2022-06-29T19:45:32.263+0000][9][gc,phases   ] GC(348)   Pre Evacuate Collection Set: 0.4ms
[2022-06-29T19:45:32.265+0000][9][gc,phases   ] GC(348)   Merge Heap Roots: 0.1ms
[2022-06-29T19:45:32.265+0000][9][gc,phases   ] GC(348)   Evacuate Collection Set: 2.1ms
[2022-06-29T19:45:32.266+0000][9][gc,phases   ] GC(348)   Post Evacuate Collection Set: 1.2ms
[2022-06-29T19:45:32.266+0000][9][gc,phases   ] GC(348)   Other: 1.7ms
[2022-06-29T19:45:32.267+0000][9][gc,age      ] GC(348) Age table with threshold 15 (max threshold 15)
[2022-06-29T19:45:32.268+0000][9][gc,age      ] GC(348) - age   1:    1064400 bytes,    1064400 total
[2022-06-29T19:45:32.268+0000][9][gc,age      ] GC(348) - age   2:       1320 bytes,    1065720 total
[2022-06-29T19:45:32.272+0000][9][gc,age      ] GC(348) - age   3:        208 bytes,    1065928 total
[2022-06-29T19:45:32.273+0000][9][gc,age      ] GC(348) - age   4:      10512 bytes,    1076440 total
[2022-06-29T19:45:32.274+0000][9][gc,age      ] GC(348) - age   5:       5032 bytes,    1081472 total
[2022-06-29T19:45:32.275+0000][9][gc,age      ] GC(348) - age   6:        664 bytes,    1082136 total
[2022-06-29T19:45:32.276+0000][9][gc,age      ] GC(348) - age   8:        328 bytes,    1082464 total
[2022-06-29T19:45:32.276+0000][9][gc,age      ] GC(348) - age   9:       8520 bytes,    1090984 total
[2022-06-29T19:45:32.277+0000][9][gc,age      ] GC(348) - age  10:        416 bytes,    1091400 total
[2022-06-29T19:45:32.277+0000][9][gc,age      ] GC(348) - age  11:        416 bytes,    1091816 total
[2022-06-29T19:45:32.278+0000][9][gc,age      ] GC(348) - age  12:      25216 bytes,    1117032 total
[2022-06-29T19:45:32.279+0000][9][gc,age      ] GC(348) - age  14:        504 bytes,    1117536 total
[2022-06-29T19:45:32.279+0000][9][gc,age      ] GC(348) - age  15:        104 bytes,    1117640 total
[2022-06-29T19:45:32.280+0000][9][gc,heap     ] GC(348) Eden regions: 75->0(75)
[2022-06-29T19:45:32.281+0000][9][gc,heap     ] GC(348) Survivor regions: 1->1(10)
[2022-06-29T19:45:32.282+0000][9][gc,heap     ] GC(348) Old regions: 23->23
[2022-06-29T19:45:32.282+0000][9][gc,heap     ] GC(348) Archive regions: 2->2
[2022-06-29T19:45:32.283+0000][9][gc,heap     ] GC(348) Humongous regions: 0->0
[2022-06-29T19:45:32.284+0000][9][gc,metaspace] GC(348) Metaspace: 131198K(134592K)->131198K(134592K) NonClass: 114088K(115840K)->114088K(115840K) Class: 17109K(18752K)->17109K(18752K)
[2022-06-29T19:45:32.284+0000][9][gc          ] GC(348) Pause Young (Normal) (G1 Evacuation Pause) 396M->96M(512M) 34.395ms
[2022-06-29T19:45:32.285+0000][9][gc,cpu      ] GC(348) User=0.00s Sys=0.00s Real=0.04s
[2022-06-29T19:45:32.286+0000][9][safepoint   ] Safepoint "G1CollectForAllocation", Time since last: 84379281622 ns, Reaching safepoint: 146227 ns, At safepoint: 36466122 ns, Total: 36612349 ns
[2022-06-29T19:47:14.236+0000][9][gc,start    ] GC(349) Pause Young (Normal) (G1 Evacuation Pause)
[2022-06-29T19:47:14.238+0000][9][gc,task     ] GC(349) Using 4 workers of 4 for evacuation
[2022-06-29T19:47:14.238+0000][9][gc,age      ] GC(349) Desired survivor size 20971520 bytes, new threshold 15 (max threshold 15)
[2022-06-29T19:47:14.243+0000][9][gc,phases   ] GC(349)   Pre Evacuate Collection Set: 0.2ms
[2022-06-29T19:47:14.246+0000][9][gc,phases   ] GC(349)   Merge Heap Roots: 0.1ms
[2022-06-29T19:47:14.247+0000][9][gc,phases   ] GC(349)   Evacuate Collection Set: 1.7ms
[2022-06-29T19:47:14.247+0000][9][gc,phases   ] GC(349)   Post Evacuate Collection Set: 1.7ms
[2022-06-29T19:47:14.248+0000][9][gc,phases   ] GC(349)   Other: 1.4ms
[2022-06-29T19:47:14.248+0000][9][gc,age      ] GC(349) Age table with threshold 15 (max threshold 15)
[2022-06-29T19:47:14.249+0000][9][gc,age      ] GC(349) - age   1:     505320 bytes,     505320 total
[2022-06-29T19:47:14.250+0000][9][gc,age      ] GC(349) - age   2:       1568 bytes,     506888 total
[2022-06-29T19:47:14.250+0000][9][gc,age      ] GC(349) - age   3:        360 bytes,     507248 total
[2022-06-29T19:47:14.251+0000][9][gc,age      ] GC(349) - age   4:        184 bytes,     507432 total
[2022-06-29T19:47:14.252+0000][9][gc,age      ] GC(349) - age   5:      10416 bytes,     517848 total
[2022-06-29T19:47:14.253+0000][9][gc,age      ] GC(349) - age   6:       5032 bytes,     522880 total
[2022-06-29T19:47:14.253+0000][9][gc,age      ] GC(349) - age   7:        664 bytes,     523544 total
[2022-06-29T19:47:14.253+0000][9][gc,age      ] GC(349) - age   9:        144 bytes,     523688 total
[2022-06-29T19:47:14.254+0000][9][gc,age      ] GC(349) - age  10:       8520 bytes,     532208 total
[2022-06-29T19:47:14.255+0000][9][gc,age      ] GC(349) - age  11:        416 bytes,     532624 total
[2022-06-29T19:47:14.255+0000][9][gc,age      ] GC(349) - age  12:        416 bytes,     533040 total
[2022-06-29T19:47:14.256+0000][9][gc,age      ] GC(349) - age  13:      25216 bytes,     558256 total
[2022-06-29T19:47:14.256+0000][9][gc,age      ] GC(349) - age  15:        504 bytes,     558760 total
[2022-06-29T19:47:14.257+0000][9][gc,heap     ] GC(349) Eden regions: 75->0(75)
[2022-06-29T19:47:14.257+0000][9][gc,heap     ] GC(349) Survivor regions: 1->1(10)
[2022-06-29T19:47:14.258+0000][9][gc,heap     ] GC(349) Old regions: 23->23
[2022-06-29T19:47:14.258+0000][9][gc,heap     ] GC(349) Archive regions: 2->2
[2022-06-29T19:47:14.259+0000][9][gc,heap     ] GC(349) Humongous regions: 0->0
[2022-06-29T19:47:14.259+0000][9][gc,metaspace] GC(349) Metaspace: 131198K(134592K)->131198K(134592K) NonClass: 114088K(115840K)->114088K(115840K) Class: 17109K(18752K)->17109K(18752K)
[2022-06-29T19:47:14.261+0000][9][gc          ] GC(349) Pause Young (Normal) (G1 Evacuation Pause) 396M->96M(512M) 24.740ms
[2022-06-29T19:47:14.261+0000][9][gc,cpu      ] GC(349) User=0.00s Sys=0.00s Real=0.03s
[2022-06-29T19:47:14.262+0000][9][safepoint   ] Safepoint "G1CollectForAllocation", Time since last: 102013020739 ns, Reaching safepoint: 535073 ns, At safepoint: 26337548 ns, Total: 26872621 ns
[2022-06-29T19:49:08.199+0000][9][gc,start    ] GC(350) Pause Young (Normal) (G1 Evacuation Pause)
[2022-06-29T19:49:08.201+0000][9][gc,task     ] GC(350) Using 4 workers of 4 for evacuation
[2022-06-29T19:49:08.202+0000][9][gc,age      ] GC(350) Desired survivor size 20971520 bytes, new threshold 15 (max threshold 15)
[2022-06-29T19:49:08.206+0000][9][gc,phases   ] GC(350)   Pre Evacuate Collection Set: 0.2ms
[2022-06-29T19:49:08.206+0000][9][gc,phases   ] GC(350)   Merge Heap Roots: 0.1ms
[2022-06-29T19:49:08.207+0000][9][gc,phases   ] GC(350)   Evacuate Collection Set: 1.8ms
[2022-06-29T19:49:08.207+0000][9][gc,phases   ] GC(350)   Post Evacuate Collection Set: 1.1ms
[2022-06-29T19:49:08.208+0000][9][gc,phases   ] GC(350)   Other: 1.5ms
[2022-06-29T19:49:08.209+0000][9][gc,age      ] GC(350) Age table with threshold 15 (max threshold 15)
[2022-06-29T19:49:08.209+0000][9][gc,age      ] GC(350) - age   1:     805240 bytes,     805240 total
[2022-06-29T19:49:08.210+0000][9][gc,age      ] GC(350) - age   2:       1752 bytes,     806992 total
[2022-06-29T19:49:08.210+0000][9][gc,age      ] GC(350) - age   3:        280 bytes,     807272 total
[2022-06-29T19:49:08.211+0000][9][gc,age      ] GC(350) - age   6:       2304 bytes,     809576 total
[2022-06-29T19:49:08.211+0000][9][gc,age      ] GC(350) - age   7:       4880 bytes,     814456 total
[2022-06-29T19:49:08.212+0000][9][gc,age      ] GC(350) - age   8:        664 bytes,     815120 total
[2022-06-29T19:49:08.213+0000][9][gc,age      ] GC(350) - age  10:        144 bytes,     815264 total
[2022-06-29T19:49:08.213+0000][9][gc,age      ] GC(350) - age  11:       8520 bytes,     823784 total
[2022-06-29T19:49:08.214+0000][9][gc,age      ] GC(350) - age  12:        384 bytes,     824168 total
[2022-06-29T19:49:08.214+0000][9][gc,age      ] GC(350) - age  13:        416 bytes,     824584 total
[2022-06-29T19:49:08.215+0000][9][gc,age      ] GC(350) - age  14:      25216 bytes,     849800 total
[2022-06-29T19:49:08.216+0000][9][gc,heap     ] GC(350) Eden regions: 75->0(75)
[2022-06-29T19:49:08.216+0000][9][gc,heap     ] GC(350) Survivor regions: 1->1(10)
[2022-06-29T19:49:08.217+0000][9][gc,heap     ] GC(350) Old regions: 23->23
[2022-06-29T19:49:08.218+0000][9][gc,heap     ] GC(350) Archive regions: 2->2
[2022-06-29T19:49:08.218+0000][9][gc,heap     ] GC(350) Humongous regions: 0->0
[2022-06-29T19:49:08.219+0000][9][gc,metaspace] GC(350) Metaspace: 131199K(134592K)->131199K(134592K) NonClass: 114089K(115840K)->114089K(115840K) Class: 17109K(18752K)->17109K(18752K)
[2022-06-29T19:49:08.220+0000][9][gc          ] GC(350) Pause Young (Normal) (G1 Evacuation Pause) 396M->96M(512M) 20.383ms
[2022-06-29T19:49:08.221+0000][9][gc,cpu      ] GC(350) User=0.01s Sys=0.00s Real=0.02s
[2022-06-29T19:49:08.225+0000][9][safepoint   ] Safepoint "G1CollectForAllocation", Time since last: 114023478282 ns, Reaching safepoint: 105587 ns, At safepoint: 25685748 ns, Total: 25791335 ns
[2022-06-29T19:50:56.229+0000][9][gc,start    ] GC(351) Pause Young (Normal) (G1 Evacuation Pause)
[2022-06-29T19:50:56.230+0000][9][gc,task     ] GC(351) Using 4 workers of 4 for evacuation
[2022-06-29T19:50:56.231+0000][9][gc,age      ] GC(351) Desired survivor size 20971520 bytes, new threshold 15 (max threshold 15)
[2022-06-29T19:50:56.236+0000][9][gc,phases   ] GC(351)   Pre Evacuate Collection Set: 0.2ms
[2022-06-29T19:50:56.237+0000][9][gc,phases   ] GC(351)   Merge Heap Roots: 0.1ms
[2022-06-29T19:50:56.237+0000][9][gc,phases   ] GC(351)   Evacuate Collection Set: 2.3ms
[2022-06-29T19:50:56.238+0000][9][gc,phases   ] GC(351)   Post Evacuate Collection Set: 1.1ms
[2022-06-29T19:50:56.238+0000][9][gc,phases   ] GC(351)   Other: 1.7ms
[2022-06-29T19:50:56.239+0000][9][gc,age      ] GC(351) Age table with threshold 15 (max threshold 15)
[2022-06-29T19:50:56.240+0000][9][gc,age      ] GC(351) - age   1:    1398248 bytes,    1398248 total
[2022-06-29T19:50:56.240+0000][9][gc,age      ] GC(351) - age   2:      17584 bytes,    1415832 total
[2022-06-29T19:50:56.241+0000][9][gc,age      ] GC(351) - age   3:        424 bytes,    1416256 total
[2022-06-29T19:50:56.241+0000][9][gc,age      ] GC(351) - age   4:        216 bytes,    1416472 total
[2022-06-29T19:50:56.242+0000][9][gc,age      ] GC(351) - age   7:        576 bytes,    1417048 total
[2022-06-29T19:50:56.243+0000][9][gc,age      ] GC(351) - age   8:       4880 bytes,    1421928 total
[2022-06-29T19:50:56.245+0000][9][gc,age      ] GC(351) - age   9:        664 bytes,    1422592 total
[2022-06-29T19:50:56.245+0000][9][gc,age      ] GC(351) - age  11:        144 bytes,    1422736 total
[2022-06-29T19:50:56.246+0000][9][gc,age      ] GC(351) - age  12:       8520 bytes,    1431256 total
[2022-06-29T19:50:56.246+0000][9][gc,age      ] GC(351) - age  14:        416 bytes,    1431672 total
[2022-06-29T19:50:56.247+0000][9][gc,age      ] GC(351) - age  15:      25216 bytes,    1456888 total
[2022-06-29T19:50:56.248+0000][9][gc,heap     ] GC(351) Eden regions: 75->0(75)
[2022-06-29T19:50:56.248+0000][9][gc,heap     ] GC(351) Survivor regions: 1->1(10)
[2022-06-29T19:50:56.249+0000][9][gc,heap     ] GC(351) Old regions: 23->23
[2022-06-29T19:50:56.249+0000][9][gc,heap     ] GC(351) Archive regions: 2->2
[2022-06-29T19:50:56.250+0000][9][gc,heap     ] GC(351) Humongous regions: 0->0
[2022-06-29T19:50:56.251+0000][9][gc,metaspace] GC(351) Metaspace: 131199K(134592K)->131199K(134592K) NonClass: 114089K(115840K)->114089K(115840K) Class: 17109K(18752K)->17109K(18752K)
[2022-06-29T19:50:56.251+0000][9][gc          ] GC(351) Pause Young (Normal) (G1 Evacuation Pause) 396M->96M(512M) 22.212ms
[2022-06-29T19:50:56.252+0000][9][gc,cpu      ] GC(351) User=0.01s Sys=0.01s Real=0.02s
[2022-06-29T19:50:56.253+0000][9][safepoint   ] Safepoint "G1CollectForAllocation", Time since last: 108091299772 ns, Reaching safepoint: 108049 ns, At safepoint: 23490264 ns, Total: 23598313 ns
[2022-06-29T19:52:25.028+0000][9][gc,start    ] GC(352) Pause Young (Normal) (G1 Evacuation Pause)
[2022-06-29T19:52:25.030+0000][9][gc,task     ] GC(352) Using 4 workers of 4 for evacuation
[2022-06-29T19:52:25.032+0000][9][gc,age      ] GC(352) Desired survivor size 20971520 bytes, new threshold 15 (max threshold 15)
[2022-06-29T19:52:25.037+0000][9][gc,phases   ] GC(352)   Pre Evacuate Collection Set: 0.1ms
[2022-06-29T19:52:25.039+0000][9][gc,phases   ] GC(352)   Merge Heap Roots: 0.1ms
[2022-06-29T19:52:25.039+0000][9][gc,phases   ] GC(352)   Evacuate Collection Set: 2.2ms
[2022-06-29T19:52:25.040+0000][9][gc,phases   ] GC(352)   Post Evacuate Collection Set: 1.0ms
[2022-06-29T19:52:25.041+0000][9][gc,phases   ] GC(352)   Other: 3.3ms
[2022-06-29T19:52:25.041+0000][9][gc,age      ] GC(352) Age table with threshold 15 (max threshold 15)
[2022-06-29T19:52:25.042+0000][9][gc,age      ] GC(352) - age   1:    1088104 bytes,    1088104 total
[2022-06-29T19:52:25.043+0000][9][gc,age      ] GC(352) - age   2:       3744 bytes,    1091848 total
[2022-06-29T19:52:25.043+0000][9][gc,age      ] GC(352) - age   3:      16632 bytes,    1108480 total
[2022-06-29T19:52:25.044+0000][9][gc,age      ] GC(352) - age   4:         64 bytes,    1108544 total
[2022-06-29T19:52:25.054+0000][9][gc,age      ] GC(352) - age   5:        216 bytes,    1108760 total
[2022-06-29T19:52:25.055+0000][9][gc,age      ] GC(352) - age   8:        576 bytes,    1109336 total
[2022-06-29T19:52:25.056+0000][9][gc,age      ] GC(352) - age   9:       4880 bytes,    1114216 total
[2022-06-29T19:52:25.056+0000][9][gc,age      ] GC(352) - age  10:        664 bytes,    1114880 total
[2022-06-29T19:52:25.057+0000][9][gc,age      ] GC(352) - age  12:        144 bytes,    1115024 total
[2022-06-29T19:52:25.058+0000][9][gc,age      ] GC(352) - age  13:       8520 bytes,    1123544 total
[2022-06-29T19:52:25.058+0000][9][gc,age      ] GC(352) - age  15:        416 bytes,    1123960 total
[2022-06-29T19:52:25.059+0000][9][gc,heap     ] GC(352) Eden regions: 75->0(75)
[2022-06-29T19:52:25.059+0000][9][gc,heap     ] GC(352) Survivor regions: 1->1(10)
[2022-06-29T19:52:25.060+0000][9][gc,heap     ] GC(352) Old regions: 23->23
[2022-06-29T19:52:25.061+0000][9][gc,heap     ] GC(352) Archive regions: 2->2
[2022-06-29T19:52:25.061+0000][9][gc,heap     ] GC(352) Humongous regions: 0->0
[2022-06-29T19:52:25.062+0000][9][gc,metaspace] GC(352) Metaspace: 131199K(134592K)->131199K(134592K) NonClass: 114089K(115840K)->114089K(115840K) Class: 17109K(18752K)->17109K(18752K)
[2022-06-29T19:52:25.062+0000][9][gc          ] GC(352) Pause Young (Normal) (G1 Evacuation Pause) 396M->96M(512M) 34.590ms
[2022-06-29T19:52:25.063+0000][9][gc,cpu      ] GC(352) User=0.01s Sys=0.01s Real=0.04s
[2022-06-29T19:52:25.064+0000][9][safepoint   ] Safepoint "G1CollectForAllocation", Time since last: 88839576184 ns, Reaching safepoint: 98562 ns, At safepoint: 36103417 ns, Total: 36201979 ns
[2022-06-29T19:53:25.073+0000][9][safepoint   ] Safepoint "Cleanup", Time since last: 60052142398 ns, Reaching safepoint: 244550 ns, At safepoint: 65027 ns, Total: 309577 ns
[2022-06-29T19:54:08.106+0000][9][gc,start    ] GC(353) Pause Young (Normal) (G1 Evacuation Pause)
[2022-06-29T19:54:08.112+0000][9][gc,task     ] GC(353) Using 4 workers of 4 for evacuation
[2022-06-29T19:54:08.113+0000][9][gc,age      ] GC(353) Desired survivor size 20971520 bytes, new threshold 15 (max threshold 15)
[2022-06-29T19:54:08.125+0000][9][gc,phases   ] GC(353)   Pre Evacuate Collection Set: 0.2ms
[2022-06-29T19:54:08.126+0000][9][gc,phases   ] GC(353)   Merge Heap Roots: 0.0ms
[2022-06-29T19:54:08.127+0000][9][gc,phases   ] GC(353)   Evacuate Collection Set: 3.4ms
[2022-06-29T19:54:08.127+0000][9][gc,phases   ] GC(353)   Post Evacuate Collection Set: 2.5ms
[2022-06-29T19:54:08.128+0000][9][gc,phases   ] GC(353)   Other: 7.0ms
[2022-06-29T19:54:08.128+0000][9][gc,age      ] GC(353) Age table with threshold 15 (max threshold 15)
[2022-06-29T19:54:08.130+0000][9][gc,age      ] GC(353) - age   1:    1671224 bytes,    1671224 total
[2022-06-29T19:54:08.130+0000][9][gc,age      ] GC(353) - age   2:       2096 bytes,    1673320 total
[2022-06-29T19:54:08.131+0000][9][gc,age      ] GC(353) - age   3:       2680 bytes,    1676000 total
[2022-06-29T19:54:08.131+0000][9][gc,age      ] GC(353) - age   4:       8616 bytes,    1684616 total
[2022-06-29T19:54:08.132+0000][9][gc,age      ] GC(353) - age   5:         64 bytes,    1684680 total
[2022-06-29T19:54:08.133+0000][9][gc,age      ] GC(353) - age   6:        216 bytes,    1684896 total
[2022-06-29T19:54:08.134+0000][9][gc,age      ] GC(353) - age   9:        576 bytes,    1685472 total
[2022-06-29T19:54:08.134+0000][9][gc,age      ] GC(353) - age  10:       4880 bytes,    1690352 total
[2022-06-29T19:54:08.135+0000][9][gc,age      ] GC(353) - age  11:        664 bytes,    1691016 total
[2022-06-29T19:54:08.148+0000][9][gc,age      ] GC(353) - age  13:        144 bytes,    1691160 total
[2022-06-29T19:54:08.149+0000][9][gc,age      ] GC(353) - age  14:       8520 bytes,    1699680 total
[2022-06-29T19:54:08.150+0000][9][gc,heap     ] GC(353) Eden regions: 75->0(75)
[2022-06-29T19:54:08.151+0000][9][gc,heap     ] GC(353) Survivor regions: 1->1(10)
[2022-06-29T19:54:08.152+0000][9][gc,heap     ] GC(353) Old regions: 23->23
[2022-06-29T19:54:08.153+0000][9][gc,heap     ] GC(353) Archive regions: 2->2
[2022-06-29T19:54:08.153+0000][9][gc,heap     ] GC(353) Humongous regions: 0->0
[2022-06-29T19:54:08.154+0000][9][gc,metaspace] GC(353) Metaspace: 131199K(134592K)->131199K(134592K) NonClass: 114089K(115840K)->114089K(115840K) Class: 17109K(18752K)->17109K(18752K)
[2022-06-29T19:54:08.155+0000][9][gc          ] GC(353) Pause Young (Normal) (G1 Evacuation Pause) 396M->97M(512M) 48.201ms
[2022-06-29T19:54:08.155+0000][9][gc,cpu      ] GC(353) User=0.02s Sys=0.00s Real=0.05s
[2022-06-29T19:54:08.157+0000][9][safepoint   ] Safepoint "G1CollectForAllocation", Time since last: 43054953553 ns, Reaching safepoint: 165117 ns, At safepoint: 50225596 ns, Total: 50390713 ns
[2022-06-29T19:55:50.070+0000][9][gc,start    ] GC(354) Pause Young (Normal) (G1 Evacuation Pause)
[2022-06-29T19:55:50.071+0000][9][gc,task     ] GC(354) Using 4 workers of 4 for evacuation
[2022-06-29T19:55:50.072+0000][9][gc,age      ] GC(354) Desired survivor size 20971520 bytes, new threshold 15 (max threshold 15)
[2022-06-29T19:55:50.077+0000][9][gc,phases   ] GC(354)   Pre Evacuate Collection Set: 0.3ms
[2022-06-29T19:55:50.077+0000][9][gc,phases   ] GC(354)   Merge Heap Roots: 0.1ms
[2022-06-29T19:55:50.078+0000][9][gc,phases   ] GC(354)   Evacuate Collection Set: 1.8ms
[2022-06-29T19:55:50.079+0000][9][gc,phases   ] GC(354)   Post Evacuate Collection Set: 1.0ms
[2022-06-29T19:55:50.079+0000][9][gc,phases   ] GC(354)   Other: 1.8ms
[2022-06-29T19:55:50.080+0000][9][gc,age      ] GC(354) Age table with threshold 15 (max threshold 15)
[2022-06-29T19:55:50.083+0000][9][gc,age      ] GC(354) - age   1:    1117224 bytes,    1117224 total
[2022-06-29T19:55:50.084+0000][9][gc,age      ] GC(354) - age   2:       1728 bytes,    1118952 total
[2022-06-29T19:55:50.085+0000][9][gc,age      ] GC(354) - age   3:        888 bytes,    1119840 total
[2022-06-29T19:55:50.086+0000][9][gc,age      ] GC(354) - age   4:       2488 bytes,    1122328 total
[2022-06-29T19:55:50.086+0000][9][gc,age      ] GC(354) - age   5:       8320 bytes,    1130648 total
[2022-06-29T19:55:50.087+0000][9][gc,age      ] GC(354) - age   7:        216 bytes,    1130864 total
[2022-06-29T19:55:50.087+0000][9][gc,age      ] GC(354) - age  10:        184 bytes,    1131048 total
[2022-06-29T19:55:50.088+0000][9][gc,age      ] GC(354) - age  11:       4880 bytes,    1135928 total
[2022-06-29T19:55:50.089+0000][9][gc,age      ] GC(354) - age  12:        664 bytes,    1136592 total
[2022-06-29T19:55:50.090+0000][9][gc,age      ] GC(354) - age  14:        144 bytes,    1136736 total
[2022-06-29T19:55:50.090+0000][9][gc,age      ] GC(354) - age  15:       8520 bytes,    1145256 total
[2022-06-29T19:55:50.091+0000][9][gc,heap     ] GC(354) Eden regions: 75->0(75)
[2022-06-29T19:55:50.091+0000][9][gc,heap     ] GC(354) Survivor regions: 1->1(10)
[2022-06-29T19:55:50.092+0000][9][gc,heap     ] GC(354) Old regions: 23->23
[2022-06-29T19:55:50.093+0000][9][gc,heap     ] GC(354) Archive regions: 2->2
[2022-06-29T19:55:50.093+0000][9][gc,heap     ] GC(354) Humongous regions: 0->0
[2022-06-29T19:55:50.094+0000][9][gc,metaspace] GC(354) Metaspace: 131199K(134592K)->131199K(134592K) NonClass: 114089K(115840K)->114089K(115840K) Class: 17109K(18752K)->17109K(18752K)
[2022-06-29T19:55:50.095+0000][9][gc          ] GC(354) Pause Young (Normal) (G1 Evacuation Pause) 397M->96M(512M) 25.245ms
[2022-06-29T19:55:50.096+0000][9][gc,cpu      ] GC(354) User=0.01s Sys=0.00s Real=0.02s
[2022-06-29T19:55:50.097+0000][9][safepoint   ] Safepoint "G1CollectForAllocation", Time since last: 101977884052 ns, Reaching safepoint: 84807 ns, At safepoint: 27027171 ns, Total: 27111978 ns
[2022-06-29T19:56:47.112+0000][9][safepoint   ] Safepoint "Cleanup", Time since last: 57058107633 ns, Reaching safepoint: 349369 ns, At safepoint: 97520 ns, Total: 446889 ns
[2022-06-29T19:57:14.457+0000][9][gc,start    ] GC(355) Pause Young (Normal) (G1 Evacuation Pause)
[2022-06-29T19:57:14.460+0000][9][gc,task     ] GC(355) Using 4 workers of 4 for evacuation
[2022-06-29T19:57:14.461+0000][9][gc,age      ] GC(355) Desired survivor size 20971520 bytes, new threshold 15 (max threshold 15)
[2022-06-29T19:57:14.465+0000][9][gc,phases   ] GC(355)   Pre Evacuate Collection Set: 0.3ms
[2022-06-29T19:57:14.466+0000][9][gc,phases   ] GC(355)   Merge Heap Roots: 0.1ms
[2022-06-29T19:57:14.466+0000][9][gc,phases   ] GC(355)   Evacuate Collection Set: 2.0ms
[2022-06-29T19:57:14.467+0000][9][gc,phases   ] GC(355)   Post Evacuate Collection Set: 1.1ms
[2022-06-29T19:57:14.468+0000][9][gc,phases   ] GC(355)   Other: 1.4ms
[2022-06-29T19:57:14.468+0000][9][gc,age      ] GC(355) Age table with threshold 15 (max threshold 15)
[2022-06-29T19:57:14.469+0000][9][gc,age      ] GC(355) - age   1:    1125144 bytes,    1125144 total
[2022-06-29T19:57:14.470+0000][9][gc,age      ] GC(355) - age   2:      14640 bytes,    1139784 total
[2022-06-29T19:57:14.471+0000][9][gc,age      ] GC(355) - age   3:        192 bytes,    1139976 total
[2022-06-29T19:57:14.471+0000][9][gc,age      ] GC(355) - age   4:        272 bytes,    1140248 total
[2022-06-29T19:57:14.472+0000][9][gc,age      ] GC(355) - age   5:       2360 bytes,    1142608 total
[2022-06-29T19:57:14.472+0000][9][gc,age      ] GC(355) - age   6:       8320 bytes,    1150928 total
[2022-06-29T19:57:14.473+0000][9][gc,age      ] GC(355) - age   8:        216 bytes,    1151144 total
[2022-06-29T19:57:14.474+0000][9][gc,age      ] GC(355) - age  11:        184 bytes,    1151328 total
[2022-06-29T19:57:14.474+0000][9][gc,age      ] GC(355) - age  12:       4696 bytes,    1156024 total
[2022-06-29T19:57:14.476+0000][9][gc,age      ] GC(355) - age  13:        664 bytes,    1156688 total
[2022-06-29T19:57:14.477+0000][9][gc,age      ] GC(355) - age  15:        144 bytes,    1156832 total
[2022-06-29T19:57:14.477+0000][9][gc,heap     ] GC(355) Eden regions: 75->0(75)
[2022-06-29T19:57:14.478+0000][9][gc,heap     ] GC(355) Survivor regions: 1->1(10)
[2022-06-29T19:57:14.478+0000][9][gc,heap     ] GC(355) Old regions: 23->23
[2022-06-29T19:57:14.479+0000][9][gc,heap     ] GC(355) Archive regions: 2->2
[2022-06-29T19:57:14.481+0000][9][gc,heap     ] GC(355) Humongous regions: 0->0
[2022-06-29T19:57:14.481+0000][9][gc,metaspace] GC(355) Metaspace: 131199K(134592K)->131199K(134592K) NonClass: 114089K(115840K)->114089K(115840K) Class: 17109K(18752K)->17109K(18752K)
[2022-06-29T19:57:14.482+0000][9][gc          ] GC(355) Pause Young (Normal) (G1 Evacuation Pause) 396M->96M(512M) 25.248ms
[2022-06-29T19:57:14.483+0000][9][gc,cpu      ] GC(355) User=0.01s Sys=0.00s Real=0.02s
[2022-06-29T19:57:14.483+0000][9][safepoint   ] Safepoint "G1CollectForAllocation", Time since last: 27366848225 ns, Reaching safepoint: 95080 ns, At safepoint: 26814983 ns, Total: 26910063 ns
[2022-06-29T19:58:42.085+0000][9][gc,start    ] GC(356) Pause Young (Normal) (G1 Evacuation Pause)
[2022-06-29T19:58:42.087+0000][9][gc,task     ] GC(356) Using 4 workers of 4 for evacuation
[2022-06-29T19:58:42.087+0000][9][gc,age      ] GC(356) Desired survivor size 20971520 bytes, new threshold 15 (max threshold 15)
[2022-06-29T19:58:42.091+0000][9][gc,phases   ] GC(356)   Pre Evacuate Collection Set: 0.2ms
[2022-06-29T19:58:42.092+0000][9][gc,phases   ] GC(356)   Merge Heap Roots: 0.1ms
[2022-06-29T19:58:42.093+0000][9][gc,phases   ] GC(356)   Evacuate Collection Set: 1.6ms
[2022-06-29T19:58:42.094+0000][9][gc,phases   ] GC(356)   Post Evacuate Collection Set: 1.0ms
[2022-06-29T19:58:42.095+0000][9][gc,phases   ] GC(356)   Other: 1.7ms
[2022-06-29T19:58:42.095+0000][9][gc,age      ] GC(356) Age table with threshold 15 (max threshold 15)
[2022-06-29T19:58:42.096+0000][9][gc,age      ] GC(356) - age   1:    1081424 bytes,    1081424 total
[2022-06-29T19:58:42.097+0000][9][gc,age      ] GC(356) - age   2:       1848 bytes,    1083272 total
[2022-06-29T19:58:42.098+0000][9][gc,age      ] GC(356) - age   3:      13848 bytes,    1097120 total
[2022-06-29T19:58:42.098+0000][9][gc,age      ] GC(356) - age   5:        208 bytes,    1097328 total
[2022-06-29T19:58:42.099+0000][9][gc,age      ] GC(356) - age   6:       2296 bytes,    1099624 total
[2022-06-29T19:58:42.100+0000][9][gc,age      ] GC(356) - age   7:       8320 bytes,    1107944 total
[2022-06-29T19:58:42.101+0000][9][gc,age      ] GC(356) - age   9:        216 bytes,    1108160 total
[2022-06-29T19:58:42.101+0000][9][gc,age      ] GC(356) - age  12:        184 bytes,    1108344 total
[2022-06-29T19:58:42.102+0000][9][gc,age      ] GC(356) - age  13:       4696 bytes,    1113040 total
[2022-06-29T19:58:42.103+0000][9][gc,age      ] GC(356) - age  14:        664 bytes,    1113704 total
[2022-06-29T19:58:42.104+0000][9][gc,heap     ] GC(356) Eden regions: 75->0(75)
[2022-06-29T19:58:42.105+0000][9][gc,heap     ] GC(356) Survivor regions: 1->1(10)
[2022-06-29T19:58:42.108+0000][9][gc,heap     ] GC(356) Old regions: 23->23
[2022-06-29T19:58:42.109+0000][9][gc,heap     ] GC(356) Archive regions: 2->2
[2022-06-29T19:58:42.110+0000][9][gc,heap     ] GC(356) Humongous regions: 0->0
[2022-06-29T19:58:42.110+0000][9][gc,metaspace] GC(356) Metaspace: 131199K(134592K)->131199K(134592K) NonClass: 114089K(115840K)->114089K(115840K) Class: 17109K(18752K)->17109K(18752K)
[2022-06-29T19:58:42.111+0000][9][gc          ] GC(356) Pause Young (Normal) (G1 Evacuation Pause) 396M->96M(512M) 26.318ms
[2022-06-29T19:58:42.112+0000][9][gc,cpu      ] GC(356) User=0.01s Sys=0.00s Real=0.03s
[2022-06-29T19:58:42.113+0000][9][safepoint   ] Safepoint "G1CollectForAllocation", Time since last: 87665525257 ns, Reaching safepoint: 171985 ns, At safepoint: 27908510 ns, Total: 28080495 ns
[2022-06-29T19:59:03.132+0000][9][safepoint   ] Safepoint "Cleanup", Time since last: 21041014655 ns, Reaching safepoint: 209897 ns, At safepoint: 6822 ns, Total: 216719 ns
[2022-06-29T20:00:05.003+0000][9][gc,start    ] GC(357) Pause Young (Normal) (G1 Evacuation Pause)
[2022-06-29T20:00:05.004+0000][9][gc,task     ] GC(357) Using 4 workers of 4 for evacuation
[2022-06-29T20:00:05.005+0000][9][gc,age      ] GC(357) Desired survivor size 20971520 bytes, new threshold 15 (max threshold 15)
[2022-06-29T20:00:05.010+0000][9][gc,phases   ] GC(357)   Pre Evacuate Collection Set: 0.4ms
[2022-06-29T20:00:05.010+0000][9][gc,phases   ] GC(357)   Merge Heap Roots: 0.2ms
[2022-06-29T20:00:05.011+0000][9][gc,phases   ] GC(357)   Evacuate Collection Set: 2.5ms
[2022-06-29T20:00:05.012+0000][9][gc,phases   ] GC(357)   Post Evacuate Collection Set: 1.0ms
[2022-06-29T20:00:05.013+0000][9][gc,phases   ] GC(357)   Other: 1.4ms
[2022-06-29T20:00:05.013+0000][9][gc,age      ] GC(357) Age table with threshold 15 (max threshold 15)
[2022-06-29T20:00:05.014+0000][9][gc,age      ] GC(357) - age   1:    1191496 bytes,    1191496 total
[2022-06-29T20:00:05.015+0000][9][gc,age      ] GC(357) - age   2:       1624 bytes,    1193120 total
[2022-06-29T20:00:05.017+0000][9][gc,age      ] GC(357) - age   3:        512 bytes,    1193632 total
[2022-06-29T20:00:05.018+0000][9][gc,age      ] GC(357) - age   4:       5240 bytes,    1198872 total
[2022-06-29T20:00:05.018+0000][9][gc,age      ] GC(357) - age   6:        208 bytes,    1199080 total
[2022-06-29T20:00:05.019+0000][9][gc,age      ] GC(357) - age   7:       2296 bytes,    1201376 total
[2022-06-29T20:00:05.020+0000][9][gc,age      ] GC(357) - age   8:       8112 bytes,    1209488 total
[2022-06-29T20:00:05.025+0000][9][gc,age      ] GC(357) - age  10:        216 bytes,    1209704 total
[2022-06-29T20:00:05.026+0000][9][gc,age      ] GC(357) - age  13:        184 bytes,    1209888 total
[2022-06-29T20:00:05.026+0000][9][gc,age      ] GC(357) - age  14:       4664 bytes,    1214552 total
[2022-06-29T20:00:05.027+0000][9][gc,age      ] GC(357) - age  15:        664 bytes,    1215216 total
[2022-06-29T20:00:05.028+0000][9][gc,heap     ] GC(357) Eden regions: 75->0(75)
[2022-06-29T20:00:05.029+0000][9][gc,heap     ] GC(357) Survivor regions: 1->1(10)
[2022-06-29T20:00:05.029+0000][9][gc,heap     ] GC(357) Old regions: 23->23
[2022-06-29T20:00:05.030+0000][9][gc,heap     ] GC(357) Archive regions: 2->2
[2022-06-29T20:00:05.031+0000][9][gc,heap     ] GC(357) Humongous regions: 0->0
[2022-06-29T20:00:05.031+0000][9][gc,metaspace] GC(357) Metaspace: 131201K(134592K)->131201K(134592K) NonClass: 114091K(115840K)->114091K(115840K) Class: 17109K(18752K)->17109K(18752K)
[2022-06-29T20:00:05.033+0000][9][gc          ] GC(357) Pause Young (Normal) (G1 Evacuation Pause) 396M->96M(512M) 29.387ms
[2022-06-29T20:00:05.034+0000][9][gc,cpu      ] GC(357) User=0.01s Sys=0.00s Real=0.03s
[2022-06-29T20:00:05.035+0000][9][safepoint   ] Safepoint "G1CollectForAllocation", Time since last: 61913846416 ns, Reaching safepoint: 127514 ns, At safepoint: 31639414 ns, Total: 31766928 ns
[2022-06-29T20:00:25.036+0000][9][safepoint   ] Safepoint "Cleanup", Time since last: 20022581102 ns, Reaching safepoint: 328606 ns, At safepoint: 115541 ns, Total: 444147 ns
[2022-06-29T20:00:57.044+0000][9][safepoint   ] Safepoint "Cleanup", Time since last: 32028534258 ns, Reaching safepoint: 1297145 ns, At safepoint: 135423 ns, Total: 1432568 ns
[2022-06-29T20:01:28.953+0000][9][gc,start    ] GC(358) Pause Young (Normal) (G1 Evacuation Pause)
[2022-06-29T20:01:28.956+0000][9][gc,task     ] GC(358) Using 4 workers of 4 for evacuation
[2022-06-29T20:01:28.957+0000][9][gc,age      ] GC(358) Desired survivor size 20971520 bytes, new threshold 15 (max threshold 15)
[2022-06-29T20:01:28.962+0000][9][gc,phases   ] GC(358)   Pre Evacuate Collection Set: 0.2ms
[2022-06-29T20:01:28.965+0000][9][gc,phases   ] GC(358)   Merge Heap Roots: 0.1ms
[2022-06-29T20:01:28.965+0000][9][gc,phases   ] GC(358)   Evacuate Collection Set: 1.4ms
[2022-06-29T20:01:28.966+0000][9][gc,phases   ] GC(358)   Post Evacuate Collection Set: 2.5ms
[2022-06-29T20:01:28.967+0000][9][gc,phases   ] GC(358)   Other: 1.3ms
[2022-06-29T20:01:28.967+0000][9][gc,age      ] GC(358) Age table with threshold 15 (max threshold 15)
[2022-06-29T20:01:28.968+0000][9][gc,age      ] GC(358) - age   1:     908184 bytes,     908184 total
[2022-06-29T20:01:28.968+0000][9][gc,age      ] GC(358) - age   2:       1936 bytes,     910120 total
[2022-06-29T20:01:28.969+0000][9][gc,age      ] GC(358) - age   3:        544 bytes,     910664 total
[2022-06-29T20:01:28.970+0000][9][gc,age      ] GC(358) - age   5:       5240 bytes,     915904 total
[2022-06-29T20:01:28.970+0000][9][gc,age      ] GC(358) - age   7:        208 bytes,     916112 total
[2022-06-29T20:01:28.971+0000][9][gc,age      ] GC(358) - age   8:        568 bytes,     916680 total
[2022-06-29T20:01:28.972+0000][9][gc,age      ] GC(358) - age   9:       8112 bytes,     924792 total
[2022-06-29T20:01:28.972+0000][9][gc,age      ] GC(358) - age  11:        216 bytes,     925008 total
[2022-06-29T20:01:28.972+0000][9][gc,age      ] GC(358) - age  14:        184 bytes,     925192 total
[2022-06-29T20:01:28.973+0000][9][gc,age      ] GC(358) - age  15:       4664 bytes,     929856 total
[2022-06-29T20:01:28.973+0000][9][gc,heap     ] GC(358) Eden regions: 75->0(75)
[2022-06-29T20:01:28.974+0000][9][gc,heap     ] GC(358) Survivor regions: 1->1(10)
[2022-06-29T20:01:28.974+0000][9][gc,heap     ] GC(358) Old regions: 23->23
[2022-06-29T20:01:28.975+0000][9][gc,heap     ] GC(358) Archive regions: 2->2
[2022-06-29T20:01:28.976+0000][9][gc,heap     ] GC(358) Humongous regions: 0->0
[2022-06-29T20:01:28.977+0000][9][gc,metaspace] GC(358) Metaspace: 131201K(134592K)->131201K(134592K) NonClass: 114091K(115840K)->114091K(115840K) Class: 17109K(18752K)->17109K(18752K)
[2022-06-29T20:01:28.978+0000][9][gc          ] GC(358) Pause Young (Normal) (G1 Evacuation Pause) 396M->96M(512M) 24.716ms
[2022-06-29T20:01:28.979+0000][9][gc,cpu      ] GC(358) User=0.01s Sys=0.00s Real=0.02s
[2022-06-29T20:01:28.979+0000][9][safepoint   ] Safepoint "G1CollectForAllocation", Time since last: 31930466512 ns, Reaching safepoint: 179969 ns, At safepoint: 25945159 ns, Total: 26125128 ns
[2022-06-29T20:02:54.070+0000][9][gc,start    ] GC(359) Pause Young (Normal) (G1 Evacuation Pause)
[2022-06-29T20:02:54.073+0000][9][gc,task     ] GC(359) Using 4 workers of 4 for evacuation
[2022-06-29T20:02:54.073+0000][9][gc,age      ] GC(359) Desired survivor size 20971520 bytes, new threshold 15 (max threshold 15)
[2022-06-29T20:02:54.074+0000][9][gc,phases   ] GC(359)   Pre Evacuate Collection Set: 0.2ms
[2022-06-29T20:02:54.075+0000][9][gc,phases   ] GC(359)   Merge Heap Roots: 0.2ms
[2022-06-29T20:02:54.076+0000][9][gc,phases   ] GC(359)   Evacuate Collection Set: 17.3ms
[2022-06-29T20:02:54.077+0000][9][gc,phases   ] GC(359)   Post Evacuate Collection Set: 3.5ms
[2022-06-29T20:02:54.078+0000][9][gc,phases   ] GC(359)   Other: 1.4ms
[2022-06-29T20:02:54.078+0000][9][gc,age      ] GC(359) Age table with threshold 15 (max threshold 15)
[2022-06-29T20:02:54.079+0000][9][gc,age      ] GC(359) - age   1:    1011184 bytes,    1011184 total
[2022-06-29T20:02:54.079+0000][9][gc,age      ] GC(359) - age   2:      11464 bytes,    1022648 total
[2022-06-29T20:02:54.080+0000][9][gc,age      ] GC(359) - age   3:        280 bytes,    1022928 total
[2022-06-29T20:02:54.080+0000][9][gc,age      ] GC(359) - age   4:        480 bytes,    1023408 total
[2022-06-29T20:02:54.081+0000][9][gc,age      ] GC(359) - age   6:       5240 bytes,    1028648 total
[2022-06-29T20:02:54.082+0000][9][gc,age      ] GC(359) - age   8:        208 bytes,    1028856 total
[2022-06-29T20:02:54.082+0000][9][gc,age      ] GC(359) - age   9:        568 bytes,    1029424 total
[2022-06-29T20:02:54.083+0000][9][gc,age      ] GC(359) - age  10:       8112 bytes,    1037536 total
[2022-06-29T20:02:54.084+0000][9][gc,age      ] GC(359) - age  12:        216 bytes,    1037752 total
[2022-06-29T20:02:54.084+0000][9][gc,age      ] GC(359) - age  15:        184 bytes,    1037936 total
[2022-06-29T20:02:54.085+0000][9][gc,heap     ] GC(359) Eden regions: 75->0(75)
[2022-06-29T20:02:54.086+0000][9][gc,heap     ] GC(359) Survivor regions: 1->1(10)
[2022-06-29T20:02:54.086+0000][9][gc,heap     ] GC(359) Old regions: 23->23
[2022-06-29T20:02:54.087+0000][9][gc,heap     ] GC(359) Archive regions: 2->2
[2022-06-29T20:02:54.088+0000][9][gc,heap     ] GC(359) Humongous regions: 0->0
[2022-06-29T20:02:54.089+0000][9][gc,metaspace] GC(359) Metaspace: 131201K(134592K)->131201K(134592K) NonClass: 114091K(115840K)->114091K(115840K) Class: 17109K(18752K)->17109K(18752K)
[2022-06-29T20:02:54.104+0000][9][gc          ] GC(359) Pause Young (Normal) (G1 Evacuation Pause) 396M->96M(512M) 55.538ms
[2022-06-29T20:02:54.106+0000][9][gc,cpu      ] GC(359) User=0.02s Sys=0.00s Real=0.05s
[2022-06-29T20:02:54.107+0000][9][safepoint   ] Safepoint "G1CollectForAllocation", Time since last: 85133543124 ns, Reaching safepoint: 105378 ns, At safepoint: 58171244 ns, Total: 58276622 ns
[2022-06-29T20:04:17.455+0000][9][gc,start    ] GC(360) Pause Young (Normal) (G1 Evacuation Pause)
[2022-06-29T20:04:17.457+0000][9][gc,task     ] GC(360) Using 4 workers of 4 for evacuation
[2022-06-29T20:04:17.458+0000][9][gc,age      ] GC(360) Desired survivor size 20971520 bytes, new threshold 15 (max threshold 15)
[2022-06-29T20:04:17.464+0000][9][gc,phases   ] GC(360)   Pre Evacuate Collection Set: 0.1ms
[2022-06-29T20:04:17.465+0000][9][gc,phases   ] GC(360)   Merge Heap Roots: 0.1ms
[2022-06-29T20:04:17.465+0000][9][gc,phases   ] GC(360)   Evacuate Collection Set: 3.2ms
[2022-06-29T20:04:17.466+0000][9][gc,phases   ] GC(360)   Post Evacuate Collection Set: 1.1ms
[2022-06-29T20:04:17.467+0000][9][gc,phases   ] GC(360)   Other: 2.0ms
[2022-06-29T20:04:17.468+0000][9][gc,age      ] GC(360) Age table with threshold 15 (max threshold 15)
[2022-06-29T20:04:17.468+0000][9][gc,age      ] GC(360) - age   1:     740424 bytes,     740424 total
[2022-06-29T20:04:17.469+0000][9][gc,age      ] GC(360) - age   2:       1584 bytes,     742008 total
[2022-06-29T20:04:17.470+0000][9][gc,age      ] GC(360) - age   3:       1984 bytes,     743992 total
[2022-06-29T20:04:17.470+0000][9][gc,age      ] GC(360) - age   4:        216 bytes,     744208 total
[2022-06-29T20:04:17.471+0000][9][gc,age      ] GC(360) - age   5:        480 bytes,     744688 total
[2022-06-29T20:04:17.471+0000][9][gc,age      ] GC(360) - age   7:       5240 bytes,     749928 total
[2022-06-29T20:04:17.472+0000][9][gc,age      ] GC(360) - age   9:        208 bytes,     750136 total
[2022-06-29T20:04:17.473+0000][9][gc,age      ] GC(360) - age  10:        568 bytes,     750704 total
[2022-06-29T20:04:17.473+0000][9][gc,age      ] GC(360) - age  11:       8112 bytes,     758816 total
[2022-06-29T20:04:17.474+0000][9][gc,age      ] GC(360) - age  13:        216 bytes,     759032 total
[2022-06-29T20:04:17.475+0000][9][gc,heap     ] GC(360) Eden regions: 75->0(75)
[2022-06-29T20:04:17.475+0000][9][gc,heap     ] GC(360) Survivor regions: 1->1(10)
[2022-06-29T20:04:17.476+0000][9][gc,heap     ] GC(360) Old regions: 23->23
[2022-06-29T20:04:17.476+0000][9][gc,heap     ] GC(360) Archive regions: 2->2
[2022-06-29T20:04:17.477+0000][9][gc,heap     ] GC(360) Humongous regions: 0->0
[2022-06-29T20:04:17.477+0000][9][gc,metaspace] GC(360) Metaspace: 131201K(134592K)->131201K(134592K) NonClass: 114091K(115840K)->114091K(115840K) Class: 17109K(18752K)->17109K(18752K)
[2022-06-29T20:04:17.478+0000][9][gc          ] GC(360) Pause Young (Normal) (G1 Evacuation Pause) 396M->96M(512M) 23.111ms
[2022-06-29T20:04:17.478+0000][9][gc,cpu      ] GC(360) User=0.02s Sys=0.00s Real=0.02s
[2022-06-29T20:04:17.479+0000][9][safepoint   ] Safepoint "G1CollectForAllocation", Time since last: 83391428066 ns, Reaching safepoint: 145677 ns, At safepoint: 24059594 ns, Total: 24205271 ns
[2022-06-29T20:05:47.258+0000][9][gc,start    ] GC(361) Pause Young (Normal) (G1 Evacuation Pause)
[2022-06-29T20:05:47.260+0000][9][gc,task     ] GC(361) Using 4 workers of 4 for evacuation
[2022-06-29T20:05:47.261+0000][9][gc,age      ] GC(361) Desired survivor size 20971520 bytes, new threshold 15 (max threshold 15)
[2022-06-29T20:05:47.264+0000][9][gc,phases   ] GC(361)   Pre Evacuate Collection Set: 0.3ms
[2022-06-29T20:05:47.265+0000][9][gc,phases   ] GC(361)   Merge Heap Roots: 0.1ms
[2022-06-29T20:05:47.265+0000][9][gc,phases   ] GC(361)   Evacuate Collection Set: 1.0ms
[2022-06-29T20:05:47.266+0000][9][gc,phases   ] GC(361)   Post Evacuate Collection Set: 0.9ms
[2022-06-29T20:05:47.267+0000][9][gc,phases   ] GC(361)   Other: 1.5ms
[2022-06-29T20:05:47.267+0000][9][gc,age      ] GC(361) Age table with threshold 15 (max threshold 15)
[2022-06-29T20:05:47.268+0000][9][gc,age      ] GC(361) - age   1:     468464 bytes,     468464 total
[2022-06-29T20:05:47.269+0000][9][gc,age      ] GC(361) - age   2:       1424 bytes,     469888 total
[2022-06-29T20:05:47.269+0000][9][gc,age      ] GC(361) - age   3:        208 bytes,     470096 total
[2022-06-29T20:05:47.273+0000][9][gc,age      ] GC(361) - age   4:       1856 bytes,     471952 total
[2022-06-29T20:05:47.274+0000][9][gc,age      ] GC(361) - age   5:        216 bytes,     472168 total
[2022-06-29T20:05:47.275+0000][9][gc,age      ] GC(361) - age   6:        184 bytes,     472352 total
[2022-06-29T20:05:47.275+0000][9][gc,age      ] GC(361) - age   8:       5240 bytes,     477592 total
[2022-06-29T20:05:47.276+0000][9][gc,age      ] GC(361) - age  10:        208 bytes,     477800 total
[2022-06-29T20:05:47.276+0000][9][gc,age      ] GC(361) - age  11:        384 bytes,     478184 total
[2022-06-29T20:05:47.277+0000][9][gc,age      ] GC(361) - age  12:       8112 bytes,     486296 total
[2022-06-29T20:05:47.277+0000][9][gc,age      ] GC(361) - age  14:        216 bytes,     486512 total
[2022-06-29T20:05:47.278+0000][9][gc,heap     ] GC(361) Eden regions: 75->0(75)
[2022-06-29T20:05:47.279+0000][9][gc,heap     ] GC(361) Survivor regions: 1->1(10)
[2022-06-29T20:05:47.279+0000][9][gc,heap     ] GC(361) Old regions: 23->23
[2022-06-29T20:05:47.280+0000][9][gc,heap     ] GC(361) Archive regions: 2->2
[2022-06-29T20:05:47.280+0000][9][gc,heap     ] GC(361) Humongous regions: 0->0
[2022-06-29T20:05:47.281+0000][9][gc,metaspace] GC(361) Metaspace: 131201K(134592K)->131201K(134592K) NonClass: 114091K(115840K)->114091K(115840K) Class: 17109K(18752K)->17109K(18752K)
[2022-06-29T20:05:47.281+0000][9][gc          ] GC(361) Pause Young (Normal) (G1 Evacuation Pause) 396M->96M(512M) 22.805ms
[2022-06-29T20:05:47.282+0000][9][gc,cpu      ] GC(361) User=0.00s Sys=0.00s Real=0.02s
[2022-06-29T20:05:47.283+0000][9][safepoint   ] Safepoint "G1CollectForAllocation", Time since last: 89844301857 ns, Reaching safepoint: 83282 ns, At safepoint: 24392557 ns, Total: 24475839 ns
[2022-06-29T20:07:11.225+0000][9][gc,start    ] GC(362) Pause Young (Normal) (G1 Evacuation Pause)
[2022-06-29T20:07:11.227+0000][9][gc,task     ] GC(362) Using 4 workers of 4 for evacuation
[2022-06-29T20:07:11.228+0000][9][gc,age      ] GC(362) Desired survivor size 20971520 bytes, new threshold 15 (max threshold 15)
[2022-06-29T20:07:11.234+0000][9][gc,phases   ] GC(362)   Pre Evacuate Collection Set: 0.2ms
[2022-06-29T20:07:11.234+0000][9][gc,phases   ] GC(362)   Merge Heap Roots: 0.1ms
[2022-06-29T20:07:11.235+0000][9][gc,phases   ] GC(362)   Evacuate Collection Set: 2.9ms
[2022-06-29T20:07:11.236+0000][9][gc,phases   ] GC(362)   Post Evacuate Collection Set: 1.3ms
[2022-06-29T20:07:11.236+0000][9][gc,phases   ] GC(362)   Other: 1.7ms
[2022-06-29T20:07:11.237+0000][9][gc,age      ] GC(362) Age table with threshold 15 (max threshold 15)
[2022-06-29T20:07:11.238+0000][9][gc,age      ] GC(362) - age   1:    1979912 bytes,    1979912 total
[2022-06-29T20:07:11.238+0000][9][gc,age      ] GC(362) - age   2:      10160 bytes,    1990072 total
[2022-06-29T20:07:11.239+0000][9][gc,age      ] GC(362) - age   3:        360 bytes,    1990432 total
[2022-06-29T20:07:11.239+0000][9][gc,age      ] GC(362) - age   4:         24 bytes,    1990456 total
[2022-06-29T20:07:11.240+0000][9][gc,age      ] GC(362) - age   5:       1760 bytes,    1992216 total
[2022-06-29T20:07:11.241+0000][9][gc,age      ] GC(362) - age   6:        216 bytes,    1992432 total
[2022-06-29T20:07:11.241+0000][9][gc,age      ] GC(362) - age   7:        184 bytes,    1992616 total
[2022-06-29T20:07:11.242+0000][9][gc,age      ] GC(362) - age   9:       5240 bytes,    1997856 total
[2022-06-29T20:07:11.242+0000][9][gc,age      ] GC(362) - age  11:        208 bytes,    1998064 total
[2022-06-29T20:07:11.243+0000][9][gc,age      ] GC(362) - age  12:        384 bytes,    1998448 total
[2022-06-29T20:07:11.244+0000][9][gc,age      ] GC(362) - age  13:       8112 bytes,    2006560 total
[2022-06-29T20:07:11.245+0000][9][gc,age      ] GC(362) - age  15:        216 bytes,    2006776 total
[2022-06-29T20:07:11.245+0000][9][gc,heap     ] GC(362) Eden regions: 75->0(75)
[2022-06-29T20:07:11.245+0000][9][gc,heap     ] GC(362) Survivor regions: 1->1(10)
[2022-06-29T20:07:11.246+0000][9][gc,heap     ] GC(362) Old regions: 23->23
[2022-06-29T20:07:11.247+0000][9][gc,heap     ] GC(362) Archive regions: 2->2
[2022-06-29T20:07:11.248+0000][9][gc,heap     ] GC(362) Humongous regions: 0->0
[2022-06-29T20:07:11.252+0000][9][gc,metaspace] GC(362) Metaspace: 131201K(134592K)->131201K(134592K) NonClass: 114091K(115840K)->114091K(115840K) Class: 17109K(18752K)->17109K(18752K)
[2022-06-29T20:07:11.253+0000][9][gc          ] GC(362) Pause Young (Normal) (G1 Evacuation Pause) 396M->97M(512M) 27.437ms
[2022-06-29T20:07:11.253+0000][9][gc,cpu      ] GC(362) User=0.01s Sys=0.01s Real=0.03s
[2022-06-29T20:07:11.254+0000][9][safepoint   ] Safepoint "G1CollectForAllocation", Time since last: 84007528922 ns, Reaching safepoint: 261280 ns, At safepoint: 28542731 ns, Total: 28804011 ns
[2022-06-29T20:08:24.250+0000][9][safepoint   ] Safepoint "Cleanup", Time since last: 73060108937 ns, Reaching safepoint: 116458 ns, At safepoint: 49917 ns, Total: 166375 ns
[2022-06-29T20:08:29.311+0000][9][gc,start    ] GC(363) Pause Young (Normal) (G1 Evacuation Pause)
[2022-06-29T20:08:29.312+0000][9][gc,task     ] GC(363) Using 4 workers of 4 for evacuation
[2022-06-29T20:08:29.313+0000][9][gc,age      ] GC(363) Desired survivor size 20971520 bytes, new threshold 15 (max threshold 15)
[2022-06-29T20:08:29.318+0000][9][gc,phases   ] GC(363)   Pre Evacuate Collection Set: 0.3ms
[2022-06-29T20:08:29.319+0000][9][gc,phases   ] GC(363)   Merge Heap Roots: 0.1ms
[2022-06-29T20:08:29.320+0000][9][gc,phases   ] GC(363)   Evacuate Collection Set: 2.7ms
[2022-06-29T20:08:29.321+0000][9][gc,phases   ] GC(363)   Post Evacuate Collection Set: 1.1ms
[2022-06-29T20:08:29.321+0000][9][gc,phases   ] GC(363)   Other: 1.6ms
[2022-06-29T20:08:29.322+0000][9][gc,age      ] GC(363) Age table with threshold 15 (max threshold 15)
[2022-06-29T20:08:29.326+0000][9][gc,age      ] GC(363) - age   1:    1783856 bytes,    1783856 total
[2022-06-29T20:08:29.327+0000][9][gc,age      ] GC(363) - age   2:       1944 bytes,    1785800 total
[2022-06-29T20:08:29.328+0000][9][gc,age      ] GC(363) - age   3:       9008 bytes,    1794808 total
[2022-06-29T20:08:29.328+0000][9][gc,age      ] GC(363) - age   6:       1728 bytes,    1796536 total
[2022-06-29T20:08:29.329+0000][9][gc,age      ] GC(363) - age   7:        216 bytes,    1796752 total
[2022-06-29T20:08:29.330+0000][9][gc,age      ] GC(363) - age   8:        184 bytes,    1796936 total
[2022-06-29T20:08:29.331+0000][9][gc,age      ] GC(363) - age  10:       5240 bytes,    1802176 total
[2022-06-29T20:08:29.332+0000][9][gc,age      ] GC(363) - age  12:         24 bytes,    1802200 total
[2022-06-29T20:08:29.332+0000][9][gc,age      ] GC(363) - age  13:        384 bytes,    1802584 total
[2022-06-29T20:08:29.333+0000][9][gc,age      ] GC(363) - age  14:       8112 bytes,    1810696 total
[2022-06-29T20:08:29.334+0000][9][gc,heap     ] GC(363) Eden regions: 75->0(75)
[2022-06-29T20:08:29.334+0000][9][gc,heap     ] GC(363) Survivor regions: 1->1(10)
[2022-06-29T20:08:29.335+0000][9][gc,heap     ] GC(363) Old regions: 23->23
[2022-06-29T20:08:29.336+0000][9][gc,heap     ] GC(363) Archive regions: 2->2
[2022-06-29T20:08:29.336+0000][9][gc,heap     ] GC(363) Humongous regions: 0->0
[2022-06-29T20:08:29.337+0000][9][gc,metaspace] GC(363) Metaspace: 131201K(134592K)->131201K(134592K) NonClass: 114091K(115840K)->114091K(115840K) Class: 17109K(18752K)->17109K(18752K)
[2022-06-29T20:08:29.338+0000][9][gc          ] GC(363) Pause Young (Normal) (G1 Evacuation Pause) 397M->97M(512M) 26.419ms
[2022-06-29T20:08:29.338+0000][9][gc,cpu      ] GC(363) User=0.01s Sys=0.00s Real=0.03s
[2022-06-29T20:08:29.339+0000][9][safepoint   ] Safepoint "G1CollectForAllocation", Time since last: 5061390720 ns, Reaching safepoint: 95776 ns, At safepoint: 28169861 ns, Total: 28265637 ns
[2022-06-29T20:09:59.162+0000][9][gc,start    ] GC(364) Pause Young (Normal) (G1 Evacuation Pause)
[2022-06-29T20:09:59.166+0000][9][gc,task     ] GC(364) Using 4 workers of 4 for evacuation
[2022-06-29T20:09:59.167+0000][9][gc,age      ] GC(364) Desired survivor size 20971520 bytes, new threshold 15 (max threshold 15)
[2022-06-29T20:09:59.172+0000][9][gc,phases   ] GC(364)   Pre Evacuate Collection Set: 0.1ms
[2022-06-29T20:09:59.173+0000][9][gc,phases   ] GC(364)   Merge Heap Roots: 0.0ms
[2022-06-29T20:09:59.174+0000][9][gc,phases   ] GC(364)   Evacuate Collection Set: 3.0ms
[2022-06-29T20:09:59.175+0000][9][gc,phases   ] GC(364)   Post Evacuate Collection Set: 1.5ms
[2022-06-29T20:09:59.175+0000][9][gc,phases   ] GC(364)   Other: 1.9ms
[2022-06-29T20:09:59.176+0000][9][gc,age      ] GC(364) Age table with threshold 15 (max threshold 15)
[2022-06-29T20:09:59.177+0000][9][gc,age      ] GC(364) - age   1:    1590640 bytes,    1590640 total
[2022-06-29T20:09:59.177+0000][9][gc,age      ] GC(364) - age   2:       2088 bytes,    1592728 total
[2022-06-29T20:09:59.179+0000][9][gc,age      ] GC(364) - age   3:        704 bytes,    1593432 total
[2022-06-29T20:09:59.179+0000][9][gc,age      ] GC(364) - age   4:       8944 bytes,    1602376 total
[2022-06-29T20:09:59.180+0000][9][gc,age      ] GC(364) - age   7:       1728 bytes,    1604104 total
[2022-06-29T20:09:59.181+0000][9][gc,age      ] GC(364) - age   9:        184 bytes,    1604288 total
[2022-06-29T20:09:59.182+0000][9][gc,age      ] GC(364) - age  11:       5240 bytes,    1609528 total
[2022-06-29T20:09:59.182+0000][9][gc,age      ] GC(364) - age  13:         24 bytes,    1609552 total
[2022-06-29T20:09:59.183+0000][9][gc,age      ] GC(364) - age  15:       8112 bytes,    1617664 total
[2022-06-29T20:09:59.183+0000][9][gc,heap     ] GC(364) Eden regions: 75->0(75)
[2022-06-29T20:09:59.184+0000][9][gc,heap     ] GC(364) Survivor regions: 1->1(10)
[2022-06-29T20:09:59.184+0000][9][gc,heap     ] GC(364) Old regions: 23->23
[2022-06-29T20:09:59.185+0000][9][gc,heap     ] GC(364) Archive regions: 2->2
[2022-06-29T20:09:59.186+0000][9][gc,heap     ] GC(364) Humongous regions: 0->0
[2022-06-29T20:09:59.186+0000][9][gc,metaspace] GC(364) Metaspace: 131201K(134592K)->131201K(134592K) NonClass: 114091K(115840K)->114091K(115840K) Class: 17109K(18752K)->17109K(18752K)
[2022-06-29T20:09:59.187+0000][9][gc          ] GC(364) Pause Young (Normal) (G1 Evacuation Pause) 397M->97M(512M) 25.738ms
[2022-06-29T20:09:59.188+0000][9][gc,cpu      ] GC(364) User=0.00s Sys=0.00s Real=0.03s
[2022-06-29T20:09:59.192+0000][9][safepoint   ] Safepoint "G1CollectForAllocation", Time since last: 89885336931 ns, Reaching safepoint: 59415 ns, At safepoint: 30839906 ns, Total: 30899321 ns
[2022-06-29T20:10:30.198+0000][9][safepoint   ] Safepoint "Cleanup", Time since last: 31028428475 ns, Reaching safepoint: 131810 ns, At safepoint: 65166 ns, Total: 196976 ns
[2022-06-29T20:11:17.152+0000][9][gc,start    ] GC(365) Pause Young (Normal) (G1 Evacuation Pause)
[2022-06-29T20:11:17.153+0000][9][gc,task     ] GC(365) Using 4 workers of 4 for evacuation
[2022-06-29T20:11:17.154+0000][9][gc,age      ] GC(365) Desired survivor size 20971520 bytes, new threshold 15 (max threshold 15)
[2022-06-29T20:11:17.158+0000][9][gc,phases   ] GC(365)   Pre Evacuate Collection Set: 0.2ms
[2022-06-29T20:11:17.159+0000][9][gc,phases   ] GC(365)   Merge Heap Roots: 0.1ms
[2022-06-29T20:11:17.159+0000][9][gc,phases   ] GC(365)   Evacuate Collection Set: 2.0ms
[2022-06-29T20:11:17.160+0000][9][gc,phases   ] GC(365)   Post Evacuate Collection Set: 1.0ms
[2022-06-29T20:11:17.161+0000][9][gc,phases   ] GC(365)   Other: 1.5ms
[2022-06-29T20:11:17.161+0000][9][gc,age      ] GC(365) Age table with threshold 15 (max threshold 15)
[2022-06-29T20:11:17.162+0000][9][gc,age      ] GC(365) - age   1:    1537240 bytes,    1537240 total
[2022-06-29T20:11:17.162+0000][9][gc,age      ] GC(365) - age   2:       2040 bytes,    1539280 total
[2022-06-29T20:11:17.163+0000][9][gc,age      ] GC(365) - age   3:        224 bytes,    1539504 total
[2022-06-29T20:11:17.163+0000][9][gc,age      ] GC(365) - age   4:        184 bytes,    1539688 total
[2022-06-29T20:11:17.164+0000][9][gc,age      ] GC(365) - age   5:        632 bytes,    1540320 total
[2022-06-29T20:11:17.165+0000][9][gc,age      ] GC(365) - age  10:        184 bytes,    1540504 total
[2022-06-29T20:11:17.170+0000][9][gc,age      ] GC(365) - age  12:       4848 bytes,    1545352 total
[2022-06-29T20:11:17.171+0000][9][gc,age      ] GC(365) - age  14:         24 bytes,    1545376 total
[2022-06-29T20:11:17.172+0000][9][gc,heap     ] GC(365) Eden regions: 75->0(75)
[2022-06-29T20:11:17.173+0000][9][gc,heap     ] GC(365) Survivor regions: 1->1(10)
[2022-06-29T20:11:17.173+0000][9][gc,heap     ] GC(365) Old regions: 23->23
[2022-06-29T20:11:17.174+0000][9][gc,heap     ] GC(365) Archive regions: 2->2
[2022-06-29T20:11:17.174+0000][9][gc,heap     ] GC(365) Humongous regions: 0->0
[2022-06-29T20:11:17.175+0000][9][gc,metaspace] GC(365) Metaspace: 131201K(134592K)->131201K(134592K) NonClass: 114091K(115840K)->114091K(115840K) Class: 17109K(18752K)->17109K(18752K)
[2022-06-29T20:11:17.176+0000][9][gc          ] GC(365) Pause Young (Normal) (G1 Evacuation Pause) 397M->97M(512M) 24.493ms
[2022-06-29T20:11:17.177+0000][9][gc,cpu      ] GC(365) User=0.01s Sys=0.00s Real=0.02s
[2022-06-29T20:11:17.177+0000][9][safepoint   ] Safepoint "G1CollectForAllocation", Time since last: 46975801547 ns, Reaching safepoint: 77508 ns, At safepoint: 25755393 ns, Total: 25832901 ns
[2022-06-29T20:12:41.123+0000][9][gc,start    ] GC(366) Pause Young (Normal) (G1 Evacuation Pause)
[2022-06-29T20:12:41.126+0000][9][gc,task     ] GC(366) Using 4 workers of 4 for evacuation
[2022-06-29T20:12:41.126+0000][9][gc,age      ] GC(366) Desired survivor size 20971520 bytes, new threshold 15 (max threshold 15)
[2022-06-29T20:12:41.131+0000][9][gc,phases   ] GC(366)   Pre Evacuate Collection Set: 0.3ms
[2022-06-29T20:12:41.132+0000][9][gc,phases   ] GC(366)   Merge Heap Roots: 0.1ms
[2022-06-29T20:12:41.132+0000][9][gc,phases   ] GC(366)   Evacuate Collection Set: 2.0ms
[2022-06-29T20:12:41.133+0000][9][gc,phases   ] GC(366)   Post Evacuate Collection Set: 1.0ms
[2022-06-29T20:12:41.134+0000][9][gc,phases   ] GC(366)   Other: 2.0ms
[2022-06-29T20:12:41.135+0000][9][gc,age      ] GC(366) Age table with threshold 15 (max threshold 15)
[2022-06-29T20:12:41.135+0000][9][gc,age      ] GC(366) - age   1:     972312 bytes,     972312 total
[2022-06-29T20:12:41.136+0000][9][gc,age      ] GC(366) - age   2:     346736 bytes,    1319048 total
[2022-06-29T20:12:41.137+0000][9][gc,age      ] GC(366) - age   3:        720 bytes,    1319768 total
[2022-06-29T20:12:41.137+0000][9][gc,age      ] GC(366) - age   4:         32 bytes,    1319800 total
[2022-06-29T20:12:41.138+0000][9][gc,age      ] GC(366) - age   5:        184 bytes,    1319984 total
[2022-06-29T20:12:41.138+0000][9][gc,age      ] GC(366) - age   6:        632 bytes,    1320616 total
[2022-06-29T20:12:41.139+0000][9][gc,age      ] GC(366) - age  11:        184 bytes,    1320800 total
[2022-06-29T20:12:41.140+0000][9][gc,age      ] GC(366) - age  13:       4848 bytes,    1325648 total
[2022-06-29T20:12:41.140+0000][9][gc,age      ] GC(366) - age  15:         24 bytes,    1325672 total
[2022-06-29T20:12:41.141+0000][9][gc,heap     ] GC(366) Eden regions: 75->0(75)
[2022-06-29T20:12:41.142+0000][9][gc,heap     ] GC(366) Survivor regions: 1->1(10)
[2022-06-29T20:12:41.142+0000][9][gc,heap     ] GC(366) Old regions: 23->23
[2022-06-29T20:12:41.143+0000][9][gc,heap     ] GC(366) Archive regions: 2->2
[2022-06-29T20:12:41.148+0000][9][gc,heap     ] GC(366) Humongous regions: 0->0
[2022-06-29T20:12:41.148+0000][9][gc,metaspace] GC(366) Metaspace: 131201K(134592K)->131201K(134592K) NonClass: 114091K(115840K)->114091K(115840K) Class: 17109K(18752K)->17109K(18752K)
[2022-06-29T20:12:41.149+0000][9][gc          ] GC(366) Pause Young (Normal) (G1 Evacuation Pause) 397M->96M(512M) 26.378ms
[2022-06-29T20:12:41.150+0000][9][gc,cpu      ] GC(366) User=0.01s Sys=0.00s Real=0.03s
[2022-06-29T20:12:41.151+0000][9][safepoint   ] Safepoint "G1CollectForAllocation", Time since last: 84009371379 ns, Reaching safepoint: 219022 ns, At safepoint: 28267441 ns, Total: 28486463 ns
[2022-06-29T20:14:26.170+0000][9][gc,start    ] GC(367) Pause Young (Normal) (G1 Evacuation Pause)
[2022-06-29T20:14:26.171+0000][9][gc,task     ] GC(367) Using 4 workers of 4 for evacuation
[2022-06-29T20:14:26.172+0000][9][gc,age      ] GC(367) Desired survivor size 20971520 bytes, new threshold 15 (max threshold 15)
[2022-06-29T20:14:26.177+0000][9][gc,phases   ] GC(367)   Pre Evacuate Collection Set: 0.2ms
[2022-06-29T20:14:26.178+0000][9][gc,phases   ] GC(367)   Merge Heap Roots: 0.1ms
[2022-06-29T20:14:26.178+0000][9][gc,phases   ] GC(367)   Evacuate Collection Set: 2.9ms
[2022-06-29T20:14:26.179+0000][9][gc,phases   ] GC(367)   Post Evacuate Collection Set: 1.0ms
[2022-06-29T20:14:26.180+0000][9][gc,phases   ] GC(367)   Other: 1.4ms
[2022-06-29T20:14:26.181+0000][9][gc,age      ] GC(367) Age table with threshold 15 (max threshold 15)
[2022-06-29T20:14:26.181+0000][9][gc,age      ] GC(367) - age   1:    1647264 bytes,    1647264 total
[2022-06-29T20:14:26.184+0000][9][gc,age      ] GC(367) - age   2:      10000 bytes,    1657264 total
[2022-06-29T20:14:26.185+0000][9][gc,age      ] GC(367) - age   3:     345776 bytes,    2003040 total
[2022-06-29T20:14:26.186+0000][9][gc,age      ] GC(367) - age   4:        720 bytes,    2003760 total
[2022-06-29T20:14:26.186+0000][9][gc,age      ] GC(367) - age   5:         32 bytes,    2003792 total
[2022-06-29T20:14:26.187+0000][9][gc,age      ] GC(367) - age   6:        184 bytes,    2003976 total
[2022-06-29T20:14:26.188+0000][9][gc,age      ] GC(367) - age   7:        632 bytes,    2004608 total
[2022-06-29T20:14:26.189+0000][9][gc,age      ] GC(367) - age  14:       4848 bytes,    2009456 total
[2022-06-29T20:14:26.189+0000][9][gc,heap     ] GC(367) Eden regions: 75->0(75)
[2022-06-29T20:14:26.190+0000][9][gc,heap     ] GC(367) Survivor regions: 1->1(10)
[2022-06-29T20:14:26.191+0000][9][gc,heap     ] GC(367) Old regions: 23->23
[2022-06-29T20:14:26.191+0000][9][gc,heap     ] GC(367) Archive regions: 2->2
[2022-06-29T20:14:26.192+0000][9][gc,heap     ] GC(367) Humongous regions: 0->0
[2022-06-29T20:14:26.193+0000][9][gc,metaspace] GC(367) Metaspace: 131201K(134592K)->131201K(134592K) NonClass: 114091K(115840K)->114091K(115840K) Class: 17109K(18752K)->17109K(18752K)
[2022-06-29T20:14:26.193+0000][9][gc          ] GC(367) Pause Young (Normal) (G1 Evacuation Pause) 396M->97M(512M) 23.477ms
[2022-06-29T20:14:26.194+0000][9][gc,cpu      ] GC(367) User=0.02s Sys=0.01s Real=0.02s
[2022-06-29T20:14:26.195+0000][9][safepoint   ] Safepoint "G1CollectForAllocation", Time since last: 105105191090 ns, Reaching safepoint: 239435 ns, At safepoint: 24788781 ns, Total: 25028216 ns
[2022-06-29T20:16:14.074+0000][9][gc,start    ] GC(368) Pause Young (Normal) (G1 Evacuation Pause)
[2022-06-29T20:16:14.076+0000][9][gc,task     ] GC(368) Using 4 workers of 4 for evacuation
[2022-06-29T20:16:14.077+0000][9][gc,age      ] GC(368) Desired survivor size 20971520 bytes, new threshold 15 (max threshold 15)
[2022-06-29T20:16:14.081+0000][9][gc,phases   ] GC(368)   Pre Evacuate Collection Set: 0.2ms
[2022-06-29T20:16:14.082+0000][9][gc,phases   ] GC(368)   Merge Heap Roots: 0.2ms
[2022-06-29T20:16:14.082+0000][9][gc,phases   ] GC(368)   Evacuate Collection Set: 1.8ms
[2022-06-29T20:16:14.083+0000][9][gc,phases   ] GC(368)   Post Evacuate Collection Set: 1.1ms
[2022-06-29T20:16:14.083+0000][9][gc,phases   ] GC(368)   Other: 1.8ms
[2022-06-29T20:16:14.084+0000][9][gc,age      ] GC(368) Age table with threshold 15 (max threshold 15)
[2022-06-29T20:16:14.084+0000][9][gc,age      ] GC(368) - age   1:     819064 bytes,     819064 total
[2022-06-29T20:16:14.085+0000][9][gc,age      ] GC(368) - age   2:      10240 bytes,     829304 total
[2022-06-29T20:16:14.085+0000][9][gc,age      ] GC(368) - age   3:        248 bytes,     829552 total
[2022-06-29T20:16:14.086+0000][9][gc,age      ] GC(368) - age   4:     239120 bytes,    1068672 total
[2022-06-29T20:16:14.087+0000][9][gc,age      ] GC(368) - age   5:        656 bytes,    1069328 total
[2022-06-29T20:16:14.087+0000][9][gc,age      ] GC(368) - age   6:         32 bytes,    1069360 total
[2022-06-29T20:16:14.088+0000][9][gc,age      ] GC(368) - age   7:        184 bytes,    1069544 total
[2022-06-29T20:16:14.088+0000][9][gc,age      ] GC(368) - age   8:        632 bytes,    1070176 total
[2022-06-29T20:16:14.089+0000][9][gc,age      ] GC(368) - age  15:       4848 bytes,    1075024 total
[2022-06-29T20:16:14.089+0000][9][gc,heap     ] GC(368) Eden regions: 75->0(75)
[2022-06-29T20:16:14.090+0000][9][gc,heap     ] GC(368) Survivor regions: 1->1(10)
[2022-06-29T20:16:14.090+0000][9][gc,heap     ] GC(368) Old regions: 23->23
[2022-06-29T20:16:14.091+0000][9][gc,heap     ] GC(368) Archive regions: 2->2
[2022-06-29T20:16:14.092+0000][9][gc,heap     ] GC(368) Humongous regions: 0->0
[2022-06-29T20:16:14.093+0000][9][gc,metaspace] GC(368) Metaspace: 131201K(134592K)->131201K(134592K) NonClass: 114091K(115840K)->114091K(115840K) Class: 17109K(18752K)->17109K(18752K)
[2022-06-29T20:16:14.094+0000][9][gc          ] GC(368) Pause Young (Normal) (G1 Evacuation Pause) 397M->96M(512M) 19.632ms
[2022-06-29T20:16:14.095+0000][9][gc,cpu      ] GC(368) User=0.00s Sys=0.01s Real=0.02s
[2022-06-29T20:16:14.096+0000][9][safepoint   ] Safepoint "G1CollectForAllocation", Time since last: 107944312100 ns, Reaching safepoint: 142641 ns, At safepoint: 21399350 ns, Total: 21541991 ns
[2022-06-29T20:18:02.870+0000][9][gc,start    ] GC(369) Pause Young (Normal) (G1 Evacuation Pause)
[2022-06-29T20:18:02.873+0000][9][gc,task     ] GC(369) Using 4 workers of 4 for evacuation
[2022-06-29T20:18:02.874+0000][9][gc,age      ] GC(369) Desired survivor size 20971520 bytes, new threshold 15 (max threshold 15)
[2022-06-29T20:18:02.879+0000][9][gc,phases   ] GC(369)   Pre Evacuate Collection Set: 0.2ms
[2022-06-29T20:18:02.880+0000][9][gc,phases   ] GC(369)   Merge Heap Roots: 0.2ms
[2022-06-29T20:18:02.880+0000][9][gc,phases   ] GC(369)   Evacuate Collection Set: 2.1ms
[2022-06-29T20:18:02.881+0000][9][gc,phases   ] GC(369)   Post Evacuate Collection Set: 1.2ms
[2022-06-29T20:18:02.881+0000][9][gc,phases   ] GC(369)   Other: 1.7ms
[2022-06-29T20:18:02.882+0000][9][gc,age      ] GC(369) Age table with threshold 15 (max threshold 15)
[2022-06-29T20:18:02.883+0000][9][gc,age      ] GC(369) - age   1:     871640 bytes,     871640 total
[2022-06-29T20:18:02.883+0000][9][gc,age      ] GC(369) - age   2:     114864 bytes,     986504 total
[2022-06-29T20:18:02.884+0000][9][gc,age      ] GC(369) - age   3:       8520 bytes,     995024 total
[2022-06-29T20:18:02.885+0000][9][gc,age      ] GC(369) - age   4:        184 bytes,     995208 total
[2022-06-29T20:18:02.885+0000][9][gc,age      ] GC(369) - age   5:     238992 bytes,    1234200 total
[2022-06-29T20:18:02.886+0000][9][gc,age      ] GC(369) - age   6:        624 bytes,    1234824 total
[2022-06-29T20:18:02.886+0000][9][gc,age      ] GC(369) - age   7:         32 bytes,    1234856 total
[2022-06-29T20:18:02.887+0000][9][gc,age      ] GC(369) - age   8:        184 bytes,    1235040 total
[2022-06-29T20:18:02.888+0000][9][gc,age      ] GC(369) - age   9:        632 bytes,    1235672 total
[2022-06-29T20:18:02.888+0000][9][gc,heap     ] GC(369) Eden regions: 75->0(75)
[2022-06-29T20:18:02.889+0000][9][gc,heap     ] GC(369) Survivor regions: 1->1(10)
[2022-06-29T20:18:02.890+0000][9][gc,heap     ] GC(369) Old regions: 23->23
[2022-06-29T20:18:02.890+0000][9][gc,heap     ] GC(369) Archive regions: 2->2
[2022-06-29T20:18:02.891+0000][9][gc,heap     ] GC(369) Humongous regions: 0->0
[2022-06-29T20:18:02.892+0000][9][gc,metaspace] GC(369) Metaspace: 131201K(134592K)->131201K(134592K) NonClass: 114091K(115840K)->114091K(115840K) Class: 17109K(18752K)->17109K(18752K)
[2022-06-29T20:18:02.893+0000][9][gc          ] GC(369) Pause Young (Normal) (G1 Evacuation Pause) 396M->96M(512M) 22.385ms
[2022-06-29T20:18:02.893+0000][9][gc,cpu      ] GC(369) User=0.01s Sys=0.00s Real=0.02s
[2022-06-29T20:18:02.894+0000][9][safepoint   ] Safepoint "G1CollectForAllocation", Time since last: 108860770445 ns, Reaching safepoint: 115118 ns, At safepoint: 24028056 ns, Total: 24143174 ns
[2022-06-29T20:19:23.889+0000][9][safepoint   ] Safepoint "Cleanup", Time since last: 81059626392 ns, Reaching safepoint: 344535 ns, At safepoint: 30781 ns, Total: 375316 ns
[2022-06-29T20:19:31.982+0000][9][gc,start    ] GC(370) Pause Young (Normal) (G1 Evacuation Pause)
[2022-06-29T20:19:31.983+0000][9][gc,task     ] GC(370) Using 4 workers of 4 for evacuation
[2022-06-29T20:19:31.983+0000][9][gc,age      ] GC(370) Desired survivor size 20971520 bytes, new threshold 15 (max threshold 15)
[2022-06-29T20:19:31.987+0000][9][gc,phases   ] GC(370)   Pre Evacuate Collection Set: 0.2ms
[2022-06-29T20:19:31.988+0000][9][gc,phases   ] GC(370)   Merge Heap Roots: 0.0ms
[2022-06-29T20:19:31.988+0000][9][gc,phases   ] GC(370)   Evacuate Collection Set: 1.5ms
[2022-06-29T20:19:31.989+0000][9][gc,phases   ] GC(370)   Post Evacuate Collection Set: 0.9ms
[2022-06-29T20:19:31.990+0000][9][gc,phases   ] GC(370)   Other: 1.6ms
[2022-06-29T20:19:31.991+0000][9][gc,age      ] GC(370) Age table with threshold 15 (max threshold 15)
[2022-06-29T20:19:31.992+0000][9][gc,age      ] GC(370) - age   1:     815944 bytes,     815944 total
[2022-06-29T20:19:31.993+0000][9][gc,age      ] GC(370) - age   2:      33536 bytes,     849480 total
[2022-06-29T20:19:31.994+0000][9][gc,age      ] GC(370) - age   3:     114416 bytes,     963896 total
[2022-06-29T20:19:31.994+0000][9][gc,age      ] GC(370) - age   4:        480 bytes,     964376 total
[2022-06-29T20:19:31.995+0000][9][gc,age      ] GC(370) - age   6:     238992 bytes,    1203368 total
[2022-06-29T20:19:31.996+0000][9][gc,age      ] GC(370) - age   7:        384 bytes,    1203752 total
[2022-06-29T20:19:31.997+0000][9][gc,age      ] GC(370) - age   9:        184 bytes,    1203936 total
[2022-06-29T20:19:31.998+0000][9][gc,age      ] GC(370) - age  10:        632 bytes,    1204568 total
[2022-06-29T20:19:31.999+0000][9][gc,heap     ] GC(370) Eden regions: 75->0(75)
[2022-06-29T20:19:31.999+0000][9][gc,heap     ] GC(370) Survivor regions: 1->1(10)
[2022-06-29T20:19:32.000+0000][9][gc,heap     ] GC(370) Old regions: 23->23
[2022-06-29T20:19:32.001+0000][9][gc,heap     ] GC(370) Archive regions: 2->2
[2022-06-29T20:19:32.002+0000][9][gc,heap     ] GC(370) Humongous regions: 0->0
[2022-06-29T20:19:32.003+0000][9][gc,metaspace] GC(370) Metaspace: 131202K(134592K)->131202K(134592K) NonClass: 114092K(115840K)->114092K(115840K) Class: 17109K(18752K)->17109K(18752K)
[2022-06-29T20:19:32.004+0000][9][gc          ] GC(370) Pause Young (Normal) (G1 Evacuation Pause) 396M->96M(512M) 21.990ms
[2022-06-29T20:19:32.004+0000][9][gc,cpu      ] GC(370) User=0.01s Sys=0.00s Real=0.02s
[2022-06-29T20:19:32.005+0000][9][safepoint   ] Safepoint "G1CollectForAllocation", Time since last: 8092251782 ns, Reaching safepoint: 146149 ns, At safepoint: 23879100 ns, Total: 24025249 ns
[2022-06-29T20:20:53.412+0000][9][gc,start    ] GC(371) Pause Young (Normal) (G1 Evacuation Pause)
[2022-06-29T20:20:53.413+0000][9][gc,task     ] GC(371) Using 4 workers of 4 for evacuation
[2022-06-29T20:20:53.414+0000][9][gc,age      ] GC(371) Desired survivor size 20971520 bytes, new threshold 15 (max threshold 15)
[2022-06-29T20:20:53.419+0000][9][gc,phases   ] GC(371)   Pre Evacuate Collection Set: 0.2ms
[2022-06-29T20:20:53.420+0000][9][gc,phases   ] GC(371)   Merge Heap Roots: 0.2ms
[2022-06-29T20:20:53.420+0000][9][gc,phases   ] GC(371)   Evacuate Collection Set: 2.6ms
[2022-06-29T20:20:53.421+0000][9][gc,phases   ] GC(371)   Post Evacuate Collection Set: 0.9ms
[2022-06-29T20:20:53.422+0000][9][gc,phases   ] GC(371)   Other: 1.7ms
[2022-06-29T20:20:53.423+0000][9][gc,age      ] GC(371) Age table with threshold 15 (max threshold 15)
[2022-06-29T20:20:53.423+0000][9][gc,age      ] GC(371) - age   1:     597992 bytes,     597992 total
[2022-06-29T20:20:53.424+0000][9][gc,age      ] GC(371) - age   2:       9760 bytes,     607752 total
[2022-06-29T20:20:53.424+0000][9][gc,age      ] GC(371) - age   3:      32320 bytes,     640072 total
[2022-06-29T20:20:53.425+0000][9][gc,age      ] GC(371) - age   4:     114416 bytes,     754488 total
[2022-06-29T20:20:53.425+0000][9][gc,age      ] GC(371) - age   5:        184 bytes,     754672 total
[2022-06-29T20:20:53.426+0000][9][gc,age      ] GC(371) - age   7:     237264 bytes,     991936 total
[2022-06-29T20:20:53.427+0000][9][gc,age      ] GC(371) - age   8:        384 bytes,     992320 total
[2022-06-29T20:20:53.427+0000][9][gc,age      ] GC(371) - age  11:        632 bytes,     992952 total
[2022-06-29T20:20:53.428+0000][9][gc,heap     ] GC(371) Eden regions: 75->0(75)
[2022-06-29T20:20:53.429+0000][9][gc,heap     ] GC(371) Survivor regions: 1->1(10)
[2022-06-29T20:20:53.429+0000][9][gc,heap     ] GC(371) Old regions: 23->23
[2022-06-29T20:20:53.430+0000][9][gc,heap     ] GC(371) Archive regions: 2->2
[2022-06-29T20:20:53.430+0000][9][gc,heap     ] GC(371) Humongous regions: 0->0
[2022-06-29T20:20:53.431+0000][9][gc,metaspace] GC(371) Metaspace: 131202K(134592K)->131202K(134592K) NonClass: 114092K(115840K)->114092K(115840K) Class: 17109K(18752K)->17109K(18752K)
[2022-06-29T20:20:53.432+0000][9][gc          ] GC(371) Pause Young (Normal) (G1 Evacuation Pause) 396M->96M(512M) 19.981ms
[2022-06-29T20:20:53.433+0000][9][gc,cpu      ] GC(371) User=0.01s Sys=0.01s Real=0.02s
[2022-06-29T20:20:53.434+0000][9][safepoint   ] Safepoint "G1CollectForAllocation", Time since last: 81450048303 ns, Reaching safepoint: 143920 ns, At safepoint: 21347965 ns, Total: 21491885 ns
[2022-06-29T20:22:22.973+0000][9][gc,start    ] GC(372) Pause Young (Normal) (G1 Evacuation Pause)
[2022-06-29T20:22:22.975+0000][9][gc,task     ] GC(372) Using 4 workers of 4 for evacuation
[2022-06-29T20:22:22.975+0000][9][gc,age      ] GC(372) Desired survivor size 20971520 bytes, new threshold 15 (max threshold 15)
[2022-06-29T20:22:22.981+0000][9][gc,phases   ] GC(372)   Pre Evacuate Collection Set: 0.3ms
[2022-06-29T20:22:22.985+0000][9][gc,phases   ] GC(372)   Merge Heap Roots: 0.2ms
[2022-06-29T20:22:22.986+0000][9][gc,phases   ] GC(372)   Evacuate Collection Set: 2.5ms
[2022-06-29T20:22:22.987+0000][9][gc,phases   ] GC(372)   Post Evacuate Collection Set: 1.8ms
[2022-06-29T20:22:22.988+0000][9][gc,phases   ] GC(372)   Other: 1.6ms
[2022-06-29T20:22:22.989+0000][9][gc,age      ] GC(372) Age table with threshold 15 (max threshold 15)
[2022-06-29T20:22:22.989+0000][9][gc,age      ] GC(372) - age   1:    1552024 bytes,    1552024 total
[2022-06-29T20:22:22.990+0000][9][gc,age      ] GC(372) - age   2:       3096 bytes,    1555120 total
[2022-06-29T20:22:22.991+0000][9][gc,age      ] GC(372) - age   3:        808 bytes,    1555928 total
[2022-06-29T20:22:22.991+0000][9][gc,age      ] GC(372) - age   4:      32256 bytes,    1588184 total
[2022-06-29T20:22:22.992+0000][9][gc,age      ] GC(372) - age   5:     114256 bytes,    1702440 total
[2022-06-29T20:22:22.993+0000][9][gc,age      ] GC(372) - age   6:        184 bytes,    1702624 total
[2022-06-29T20:22:22.993+0000][9][gc,age      ] GC(372) - age   8:     237264 bytes,    1939888 total
[2022-06-29T20:22:22.994+0000][9][gc,age      ] GC(372) - age   9:        384 bytes,    1940272 total
[2022-06-29T20:22:22.995+0000][9][gc,age      ] GC(372) - age  12:        632 bytes,    1940904 total
[2022-06-29T20:22:22.996+0000][9][gc,heap     ] GC(372) Eden regions: 75->0(75)
[2022-06-29T20:22:22.997+0000][9][gc,heap     ] GC(372) Survivor regions: 1->1(10)
[2022-06-29T20:22:22.998+0000][9][gc,heap     ] GC(372) Old regions: 23->23
[2022-06-29T20:22:22.998+0000][9][gc,heap     ] GC(372) Archive regions: 2->2
[2022-06-29T20:22:23.000+0000][9][gc,heap     ] GC(372) Humongous regions: 0->0
[2022-06-29T20:22:23.001+0000][9][gc,metaspace] GC(372) Metaspace: 131202K(134592K)->131202K(134592K) NonClass: 114092K(115840K)->114092K(115840K) Class: 17109K(18752K)->17109K(18752K)
[2022-06-29T20:22:23.001+0000][9][gc          ] GC(372) Pause Young (Normal) (G1 Evacuation Pause) 396M->97M(512M) 28.067ms
[2022-06-29T20:22:23.002+0000][9][gc,cpu      ] GC(372) User=0.01s Sys=0.01s Real=0.02s
[2022-06-29T20:22:23.003+0000][9][safepoint   ] Safepoint "G1CollectForAllocation", Time since last: 89604352827 ns, Reaching safepoint: 207433 ns, At safepoint: 29329275 ns, Total: 29536708 ns
[2022-06-29T20:23:46.998+0000][9][gc,start    ] GC(373) Pause Young (Normal) (G1 Evacuation Pause)
[2022-06-29T20:23:46.999+0000][9][gc,task     ] GC(373) Using 4 workers of 4 for evacuation
[2022-06-29T20:23:47.000+0000][9][gc,age      ] GC(373) Desired survivor size 20971520 bytes, new threshold 15 (max threshold 15)
[2022-06-29T20:23:47.005+0000][9][gc,phases   ] GC(373)   Pre Evacuate Collection Set: 0.2ms
[2022-06-29T20:23:47.005+0000][9][gc,phases   ] GC(373)   Merge Heap Roots: 0.1ms
[2022-06-29T20:23:47.006+0000][9][gc,phases   ] GC(373)   Evacuate Collection Set: 2.1ms
[2022-06-29T20:23:47.007+0000][9][gc,phases   ] GC(373)   Post Evacuate Collection Set: 1.0ms
[2022-06-29T20:23:47.007+0000][9][gc,phases   ] GC(373)   Other: 1.9ms
[2022-06-29T20:23:47.008+0000][9][gc,age      ] GC(373) Age table with threshold 15 (max threshold 15)
[2022-06-29T20:23:47.010+0000][9][gc,age      ] GC(373) - age   1:    1080280 bytes,    1080280 total
[2022-06-29T20:23:47.010+0000][9][gc,age      ] GC(373) - age   2:       2496 bytes,    1082776 total
[2022-06-29T20:23:47.011+0000][9][gc,age      ] GC(373) - age   3:       1920 bytes,    1084696 total
[2022-06-29T20:23:47.012+0000][9][gc,age      ] GC(373) - age   4:        512 bytes,    1085208 total
[2022-06-29T20:23:47.012+0000][9][gc,age      ] GC(373) - age   5:      32256 bytes,    1117464 total
[2022-06-29T20:23:47.013+0000][9][gc,age      ] GC(373) - age   6:     114256 bytes,    1231720 total
[2022-06-29T20:23:47.013+0000][9][gc,age      ] GC(373) - age   7:        184 bytes,    1231904 total
[2022-06-29T20:23:47.014+0000][9][gc,age      ] GC(373) - age   9:     237264 bytes,    1469168 total
[2022-06-29T20:23:47.015+0000][9][gc,age      ] GC(373) - age  10:        384 bytes,    1469552 total
[2022-06-29T20:23:47.016+0000][9][gc,age      ] GC(373) - age  13:        632 bytes,    1470184 total
[2022-06-29T20:23:47.016+0000][9][gc,heap     ] GC(373) Eden regions: 75->0(75)
[2022-06-29T20:23:47.017+0000][9][gc,heap     ] GC(373) Survivor regions: 1->1(10)
[2022-06-29T20:23:47.018+0000][9][gc,heap     ] GC(373) Old regions: 23->23
[2022-06-29T20:23:47.018+0000][9][gc,heap     ] GC(373) Archive regions: 2->2
[2022-06-29T20:23:47.019+0000][9][gc,heap     ] GC(373) Humongous regions: 0->0
[2022-06-29T20:23:47.020+0000][9][gc,metaspace] GC(373) Metaspace: 131202K(134592K)->131202K(134592K) NonClass: 114092K(115840K)->114092K(115840K) Class: 17109K(18752K)->17109K(18752K)
[2022-06-29T20:23:47.020+0000][9][gc          ] GC(373) Pause Young (Normal) (G1 Evacuation Pause) 397M->96M(512M) 22.048ms
[2022-06-29T20:23:47.021+0000][9][gc,cpu      ] GC(373) User=0.00s Sys=0.01s Real=0.03s
[2022-06-29T20:23:47.022+0000][9][safepoint   ] Safepoint "G1CollectForAllocation", Time since last: 84060054249 ns, Reaching safepoint: 82736 ns, At safepoint: 23425069 ns, Total: 23507805 ns
[2022-06-29T20:25:05.024+0000][9][safepoint   ] Safepoint "Cleanup", Time since last: 78066813855 ns, Reaching safepoint: 311763 ns, At safepoint: 15088 ns, Total: 326851 ns
[2022-06-29T20:25:07.876+0000][9][gc,start    ] GC(374) Pause Young (Normal) (G1 Evacuation Pause)
[2022-06-29T20:25:07.877+0000][9][gc,task     ] GC(374) Using 4 workers of 4 for evacuation
[2022-06-29T20:25:07.878+0000][9][gc,age      ] GC(374) Desired survivor size 20971520 bytes, new threshold 15 (max threshold 15)
[2022-06-29T20:25:07.882+0000][9][gc,phases   ] GC(374)   Pre Evacuate Collection Set: 0.1ms
[2022-06-29T20:25:07.883+0000][9][gc,phases   ] GC(374)   Merge Heap Roots: 0.1ms
[2022-06-29T20:25:07.884+0000][9][gc,phases   ] GC(374)   Evacuate Collection Set: 2.1ms
[2022-06-29T20:25:07.884+0000][9][gc,phases   ] GC(374)   Post Evacuate Collection Set: 1.0ms
[2022-06-29T20:25:07.886+0000][9][gc,phases   ] GC(374)   Other: 1.7ms
[2022-06-29T20:25:07.886+0000][9][gc,age      ] GC(374) Age table with threshold 15 (max threshold 15)
[2022-06-29T20:25:07.887+0000][9][gc,age      ] GC(374) - age   1:    1157088 bytes,    1157088 total
[2022-06-29T20:25:07.887+0000][9][gc,age      ] GC(374) - age   2:       1376 bytes,    1158464 total
[2022-06-29T20:25:07.888+0000][9][gc,age      ] GC(374) - age   3:        176 bytes,    1158640 total
[2022-06-29T20:25:07.889+0000][9][gc,age      ] GC(374) - age   4:       1728 bytes,    1160368 total
[2022-06-29T20:25:07.889+0000][9][gc,age      ] GC(374) - age   5:        328 bytes,    1160696 total
[2022-06-29T20:25:07.890+0000][9][gc,age      ] GC(374) - age   6:      32256 bytes,    1192952 total
[2022-06-29T20:25:07.890+0000][9][gc,age      ] GC(374) - age   7:     114256 bytes,    1307208 total
[2022-06-29T20:25:07.891+0000][9][gc,age      ] GC(374) - age   8:        184 bytes,    1307392 total
[2022-06-29T20:25:07.892+0000][9][gc,age      ] GC(374) - age  10:     237264 bytes,    1544656 total
[2022-06-29T20:25:07.892+0000][9][gc,age      ] GC(374) - age  11:        384 bytes,    1545040 total
[2022-06-29T20:25:07.893+0000][9][gc,age      ] GC(374) - age  14:        632 bytes,    1545672 total
[2022-06-29T20:25:07.896+0000][9][gc,heap     ] GC(374) Eden regions: 75->0(75)
[2022-06-29T20:25:07.896+0000][9][gc,heap     ] GC(374) Survivor regions: 1->1(10)
[2022-06-29T20:25:07.897+0000][9][gc,heap     ] GC(374) Old regions: 23->23
[2022-06-29T20:25:07.898+0000][9][gc,heap     ] GC(374) Archive regions: 2->2
[2022-06-29T20:25:07.898+0000][9][gc,heap     ] GC(374) Humongous regions: 0->0
[2022-06-29T20:25:07.899+0000][9][gc,metaspace] GC(374) Metaspace: 131202K(134592K)->131202K(134592K) NonClass: 114092K(115840K)->114092K(115840K) Class: 17109K(18752K)->17109K(18752K)
[2022-06-29T20:25:07.899+0000][9][gc          ] GC(374) Pause Young (Normal) (G1 Evacuation Pause) 396M->97M(512M) 22.968ms
[2022-06-29T20:25:07.900+0000][9][gc,cpu      ] GC(374) User=0.01s Sys=0.00s Real=0.02s
[2022-06-29T20:25:07.902+0000][9][safepoint   ] Safepoint "G1CollectForAllocation", Time since last: 2852353947 ns, Reaching safepoint: 73267 ns, At safepoint: 25695647 ns, Total: 25768914 ns
[2022-06-29T20:25:23.906+0000][9][safepoint   ] Safepoint "Cleanup", Time since last: 16024653578 ns, Reaching safepoint: 275797 ns, At safepoint: 71428 ns, Total: 347225 ns
[2022-06-29T20:26:28.858+0000][9][gc,start    ] GC(375) Pause Young (Normal) (G1 Evacuation Pause)
[2022-06-29T20:26:28.859+0000][9][gc,task     ] GC(375) Using 4 workers of 4 for evacuation
[2022-06-29T20:26:28.860+0000][9][gc,age      ] GC(375) Desired survivor size 20971520 bytes, new threshold 15 (max threshold 15)
[2022-06-29T20:26:28.865+0000][9][gc,phases   ] GC(375)   Pre Evacuate Collection Set: 0.2ms
[2022-06-29T20:26:28.866+0000][9][gc,phases   ] GC(375)   Merge Heap Roots: 0.1ms
[2022-06-29T20:26:28.867+0000][9][gc,phases   ] GC(375)   Evacuate Collection Set: 2.2ms
[2022-06-29T20:26:28.868+0000][9][gc,phases   ] GC(375)   Post Evacuate Collection Set: 1.4ms
[2022-06-29T20:26:28.868+0000][9][gc,phases   ] GC(375)   Other: 2.0ms
[2022-06-29T20:26:28.869+0000][9][gc,age      ] GC(375) Age table with threshold 15 (max threshold 15)
[2022-06-29T20:26:28.870+0000][9][gc,age      ] GC(375) - age   1:    1105664 bytes,    1105664 total
[2022-06-29T20:26:28.870+0000][9][gc,age      ] GC(375) - age   2:       9848 bytes,    1115512 total
[2022-06-29T20:26:28.871+0000][9][gc,age      ] GC(375) - age   3:        544 bytes,    1116056 total
[2022-06-29T20:26:28.872+0000][9][gc,age      ] GC(375) - age   4:         80 bytes,    1116136 total
[2022-06-29T20:26:28.872+0000][9][gc,age      ] GC(375) - age   5:       1728 bytes,    1117864 total
[2022-06-29T20:26:28.873+0000][9][gc,age      ] GC(375) - age   6:        328 bytes,    1118192 total
[2022-06-29T20:26:28.873+0000][9][gc,age      ] GC(375) - age   7:      32256 bytes,    1150448 total
[2022-06-29T20:26:28.874+0000][9][gc,age      ] GC(375) - age   8:     114256 bytes,    1264704 total
[2022-06-29T20:26:28.874+0000][9][gc,age      ] GC(375) - age   9:        184 bytes,    1264888 total
[2022-06-29T20:26:28.875+0000][9][gc,age      ] GC(375) - age  11:     236872 bytes,    1501760 total
[2022-06-29T20:26:28.876+0000][9][gc,age      ] GC(375) - age  12:        384 bytes,    1502144 total
[2022-06-29T20:26:28.876+0000][9][gc,age      ] GC(375) - age  15:        632 bytes,    1502776 total
[2022-06-29T20:26:28.881+0000][9][gc,heap     ] GC(375) Eden regions: 75->0(75)
[2022-06-29T20:26:28.883+0000][9][gc,heap     ] GC(375) Survivor regions: 1->1(10)
[2022-06-29T20:26:28.883+0000][9][gc,heap     ] GC(375) Old regions: 23->23
[2022-06-29T20:26:28.884+0000][9][gc,heap     ] GC(375) Archive regions: 2->2
[2022-06-29T20:26:28.884+0000][9][gc,heap     ] GC(375) Humongous regions: 0->0
[2022-06-29T20:26:28.885+0000][9][gc,metaspace] GC(375) Metaspace: 131202K(134592K)->131202K(134592K) NonClass: 114092K(115840K)->114092K(115840K) Class: 17109K(18752K)->17109K(18752K)
[2022-06-29T20:26:28.886+0000][9][gc          ] GC(375) Pause Young (Normal) (G1 Evacuation Pause) 397M->97M(512M) 27.889ms
[2022-06-29T20:26:28.886+0000][9][gc,cpu      ] GC(375) User=0.01s Sys=0.00s Real=0.03s
[2022-06-29T20:26:28.888+0000][9][safepoint   ] Safepoint "G1CollectForAllocation", Time since last: 64995281487 ns, Reaching safepoint: 79412 ns, At safepoint: 29914553 ns, Total: 29993965 ns
[2022-06-29T20:27:53.698+0000][9][gc,start    ] GC(376) Pause Young (Normal) (G1 Evacuation Pause)
[2022-06-29T20:27:53.701+0000][9][gc,task     ] GC(376) Using 4 workers of 4 for evacuation
[2022-06-29T20:27:53.702+0000][9][gc,age      ] GC(376) Desired survivor size 20971520 bytes, new threshold 15 (max threshold 15)
[2022-06-29T20:27:53.707+0000][9][gc,phases   ] GC(376)   Pre Evacuate Collection Set: 0.3ms
[2022-06-29T20:27:53.707+0000][9][gc,phases   ] GC(376)   Merge Heap Roots: 0.1ms
[2022-06-29T20:27:53.708+0000][9][gc,phases   ] GC(376)   Evacuate Collection Set: 1.8ms
[2022-06-29T20:27:53.709+0000][9][gc,phases   ] GC(376)   Post Evacuate Collection Set: 1.4ms
[2022-06-29T20:27:53.709+0000][9][gc,phases   ] GC(376)   Other: 1.6ms
[2022-06-29T20:27:53.710+0000][9][gc,age      ] GC(376) Age table with threshold 15 (max threshold 15)
[2022-06-29T20:27:53.710+0000][9][gc,age      ] GC(376) - age   1:     725128 bytes,     725128 total
[2022-06-29T20:27:53.711+0000][9][gc,age      ] GC(376) - age   2:       9704 bytes,     734832 total
[2022-06-29T20:27:53.712+0000][9][gc,age      ] GC(376) - age   3:       8312 bytes,     743144 total
[2022-06-29T20:27:53.712+0000][9][gc,age      ] GC(376) - age   4:        480 bytes,     743624 total
[2022-06-29T20:27:53.713+0000][9][gc,age      ] GC(376) - age   5:         16 bytes,     743640 total
[2022-06-29T20:27:53.713+0000][9][gc,age      ] GC(376) - age   6:       1728 bytes,     745368 total
[2022-06-29T20:27:53.714+0000][9][gc,age      ] GC(376) - age   7:        328 bytes,     745696 total
[2022-06-29T20:27:53.715+0000][9][gc,age      ] GC(376) - age   8:      32256 bytes,     777952 total
[2022-06-29T20:27:53.715+0000][9][gc,age      ] GC(376) - age   9:     114256 bytes,     892208 total
[2022-06-29T20:27:53.716+0000][9][gc,age      ] GC(376) - age  10:        184 bytes,     892392 total
[2022-06-29T20:27:53.716+0000][9][gc,age      ] GC(376) - age  12:     236872 bytes,    1129264 total
[2022-06-29T20:27:53.717+0000][9][gc,age      ] GC(376) - age  13:        384 bytes,    1129648 total
[2022-06-29T20:27:53.717+0000][9][gc,heap     ] GC(376) Eden regions: 75->0(75)
[2022-06-29T20:27:53.718+0000][9][gc,heap     ] GC(376) Survivor regions: 1->1(10)
[2022-06-29T20:27:53.718+0000][9][gc,heap     ] GC(376) Old regions: 23->23
[2022-06-29T20:27:53.719+0000][9][gc,heap     ] GC(376) Archive regions: 2->2
[2022-06-29T20:27:53.720+0000][9][gc,heap     ] GC(376) Humongous regions: 0->0
[2022-06-29T20:27:53.725+0000][9][gc,metaspace] GC(376) Metaspace: 131202K(134592K)->131202K(134592K) NonClass: 114092K(115840K)->114092K(115840K) Class: 17109K(18752K)->17109K(18752K)
[2022-06-29T20:27:53.726+0000][9][gc          ] GC(376) Pause Young (Normal) (G1 Evacuation Pause) 397M->96M(512M) 27.924ms
[2022-06-29T20:27:53.727+0000][9][gc,cpu      ] GC(376) User=0.01s Sys=0.01s Real=0.03s
[2022-06-29T20:27:53.728+0000][9][safepoint   ] Safepoint "G1CollectForAllocation", Time since last: 84875761768 ns, Reaching safepoint: 176914 ns, At safepoint: 29427328 ns, Total: 29604242 ns
[2022-06-29T20:29:16.804+0000][9][gc,start    ] GC(377) Pause Young (Normal) (G1 Evacuation Pause)
[2022-06-29T20:29:16.807+0000][9][gc,task     ] GC(377) Using 4 workers of 4 for evacuation
[2022-06-29T20:29:16.808+0000][9][gc,age      ] GC(377) Desired survivor size 20971520 bytes, new threshold 15 (max threshold 15)
[2022-06-29T20:29:16.812+0000][9][gc,phases   ] GC(377)   Pre Evacuate Collection Set: 0.1ms
[2022-06-29T20:29:16.813+0000][9][gc,phases   ] GC(377)   Merge Heap Roots: 0.1ms
[2022-06-29T20:29:16.814+0000][9][gc,phases   ] GC(377)   Evacuate Collection Set: 1.8ms
[2022-06-29T20:29:16.814+0000][9][gc,phases   ] GC(377)   Post Evacuate Collection Set: 0.9ms
[2022-06-29T20:29:16.815+0000][9][gc,phases   ] GC(377)   Other: 1.9ms
[2022-06-29T20:29:16.815+0000][9][gc,age      ] GC(377) Age table with threshold 15 (max threshold 15)
[2022-06-29T20:29:16.817+0000][9][gc,age      ] GC(377) - age   1:     770400 bytes,     770400 total
[2022-06-29T20:29:16.817+0000][9][gc,age      ] GC(377) - age   2:       1184 bytes,     771584 total
[2022-06-29T20:29:16.818+0000][9][gc,age      ] GC(377) - age   3:        672 bytes,     772256 total
[2022-06-29T20:29:16.819+0000][9][gc,age      ] GC(377) - age   4:        296 bytes,     772552 total
[2022-06-29T20:29:16.822+0000][9][gc,age      ] GC(377) - age   5:        184 bytes,     772736 total
[2022-06-29T20:29:16.823+0000][9][gc,age      ] GC(377) - age   6:         16 bytes,     772752 total
[2022-06-29T20:29:16.824+0000][9][gc,age      ] GC(377) - age   7:       1728 bytes,     774480 total
[2022-06-29T20:29:16.825+0000][9][gc,age      ] GC(377) - age   8:        120 bytes,     774600 total
[2022-06-29T20:29:16.825+0000][9][gc,age      ] GC(377) - age   9:      32256 bytes,     806856 total
[2022-06-29T20:29:16.826+0000][9][gc,age      ] GC(377) - age  10:     114256 bytes,     921112 total
[2022-06-29T20:29:16.827+0000][9][gc,age      ] GC(377) - age  11:        184 bytes,     921296 total
[2022-06-29T20:29:16.827+0000][9][gc,age      ] GC(377) - age  13:     236872 bytes,    1158168 total
[2022-06-29T20:29:16.828+0000][9][gc,heap     ] GC(377) Eden regions: 75->0(75)
[2022-06-29T20:29:16.828+0000][9][gc,heap     ] GC(377) Survivor regions: 1->1(10)
[2022-06-29T20:29:16.829+0000][9][gc,heap     ] GC(377) Old regions: 23->23
[2022-06-29T20:29:16.830+0000][9][gc,heap     ] GC(377) Archive regions: 2->2
[2022-06-29T20:29:16.830+0000][9][gc,heap     ] GC(377) Humongous regions: 0->0
[2022-06-29T20:29:16.831+0000][9][gc,metaspace] GC(377) Metaspace: 131202K(134592K)->131202K(134592K) NonClass: 114092K(115840K)->114092K(115840K) Class: 17109K(18752K)->17109K(18752K)
[2022-06-29T20:29:16.832+0000][9][gc          ] GC(377) Pause Young (Normal) (G1 Evacuation Pause) 396M->96M(512M) 27.488ms
[2022-06-29T20:29:16.832+0000][9][gc,cpu      ] GC(377) User=0.01s Sys=0.00s Real=0.03s
[2022-06-29T20:29:16.833+0000][9][safepoint   ] Safepoint "G1CollectForAllocation", Time since last: 83119629453 ns, Reaching safepoint: 113043 ns, At safepoint: 28824490 ns, Total: 28937533 ns
[2022-06-29T20:30:38.394+0000][9][gc,start    ] GC(378) Pause Young (Normal) (G1 Evacuation Pause)
[2022-06-29T20:30:38.398+0000][9][gc,task     ] GC(378) Using 4 workers of 4 for evacuation
[2022-06-29T20:30:38.399+0000][9][gc,age      ] GC(378) Desired survivor size 20971520 bytes, new threshold 15 (max threshold 15)
[2022-06-29T20:30:38.403+0000][9][gc,phases   ] GC(378)   Pre Evacuate Collection Set: 0.4ms
[2022-06-29T20:30:38.404+0000][9][gc,phases   ] GC(378)   Merge Heap Roots: 0.2ms
[2022-06-29T20:30:38.405+0000][9][gc,phases   ] GC(378)   Evacuate Collection Set: 1.9ms
[2022-06-29T20:30:38.406+0000][9][gc,phases   ] GC(378)   Post Evacuate Collection Set: 0.9ms
[2022-06-29T20:30:38.406+0000][9][gc,phases   ] GC(378)   Other: 1.8ms
[2022-06-29T20:30:38.407+0000][9][gc,age      ] GC(378) Age table with threshold 15 (max threshold 15)
[2022-06-29T20:30:38.408+0000][9][gc,age      ] GC(378) - age   1:    1380136 bytes,    1380136 total
[2022-06-29T20:30:38.409+0000][9][gc,age      ] GC(378) - age   2:     120120 bytes,    1500256 total
[2022-06-29T20:30:38.409+0000][9][gc,age      ] GC(378) - age   3:        296 bytes,    1500552 total
[2022-06-29T20:30:38.410+0000][9][gc,age      ] GC(378) - age   4:        672 bytes,    1501224 total
[2022-06-29T20:30:38.411+0000][9][gc,age      ] GC(378) - age   5:        296 bytes,    1501520 total
[2022-06-29T20:30:38.412+0000][9][gc,age      ] GC(378) - age   6:        184 bytes,    1501704 total
[2022-06-29T20:30:38.413+0000][9][gc,age      ] GC(378) - age   7:         16 bytes,    1501720 total
[2022-06-29T20:30:38.414+0000][9][gc,age      ] GC(378) - age   9:        120 bytes,    1501840 total
[2022-06-29T20:30:38.414+0000][9][gc,age      ] GC(378) - age  10:      32224 bytes,    1534064 total
[2022-06-29T20:30:38.415+0000][9][gc,age      ] GC(378) - age  11:     114256 bytes,    1648320 total
[2022-06-29T20:30:38.416+0000][9][gc,age      ] GC(378) - age  12:        184 bytes,    1648504 total
[2022-06-29T20:30:38.417+0000][9][gc,age      ] GC(378) - age  14:     236872 bytes,    1885376 total
[2022-06-29T20:30:38.418+0000][9][gc,heap     ] GC(378) Eden regions: 75->0(75)
[2022-06-29T20:30:38.419+0000][9][gc,heap     ] GC(378) Survivor regions: 1->1(10)
[2022-06-29T20:30:38.419+0000][9][gc,heap     ] GC(378) Old regions: 23->23
[2022-06-29T20:30:38.420+0000][9][gc,heap     ] GC(378) Archive regions: 2->2
[2022-06-29T20:30:38.420+0000][9][gc,heap     ] GC(378) Humongous regions: 0->0
[2022-06-29T20:30:38.421+0000][9][gc,metaspace] GC(378) Metaspace: 131202K(134592K)->131202K(134592K) NonClass: 114092K(115840K)->114092K(115840K) Class: 17109K(18752K)->17109K(18752K)
[2022-06-29T20:30:38.422+0000][9][gc          ] GC(378) Pause Young (Normal) (G1 Evacuation Pause) 396M->97M(512M) 27.536ms
[2022-06-29T20:30:38.423+0000][9][gc,cpu      ] GC(378) User=0.01s Sys=0.00s Real=0.03s
[2022-06-29T20:30:38.424+0000][9][safepoint   ] Safepoint "G1CollectForAllocation", Time since last: 81626317859 ns, Reaching safepoint: 104559 ns, At safepoint: 29245813 ns, Total: 29350372 ns
[2022-06-29T20:32:07.766+0000][9][gc,start    ] GC(379) Pause Young (Normal) (G1 Evacuation Pause)
[2022-06-29T20:32:07.770+0000][9][gc,task     ] GC(379) Using 4 workers of 4 for evacuation
[2022-06-29T20:32:07.770+0000][9][gc,age      ] GC(379) Desired survivor size 20971520 bytes, new threshold 15 (max threshold 15)
[2022-06-29T20:32:07.775+0000][9][gc,phases   ] GC(379)   Pre Evacuate Collection Set: 0.3ms
[2022-06-29T20:32:07.775+0000][9][gc,phases   ] GC(379)   Merge Heap Roots: 0.1ms
[2022-06-29T20:32:07.776+0000][9][gc,phases   ] GC(379)   Evacuate Collection Set: 1.9ms
[2022-06-29T20:32:07.777+0000][9][gc,phases   ] GC(379)   Post Evacuate Collection Set: 1.2ms
[2022-06-29T20:32:07.777+0000][9][gc,phases   ] GC(379)   Other: 1.5ms
[2022-06-29T20:32:07.779+0000][9][gc,age      ] GC(379) Age table with threshold 15 (max threshold 15)
[2022-06-29T20:32:07.780+0000][9][gc,age      ] GC(379) - age   1:    1427664 bytes,    1427664 total
[2022-06-29T20:32:07.780+0000][9][gc,age      ] GC(379) - age   2:       3280 bytes,    1430944 total
[2022-06-29T20:32:07.782+0000][9][gc,age      ] GC(379) - age   3:        864 bytes,    1431808 total
[2022-06-29T20:32:07.783+0000][9][gc,age      ] GC(379) - age   5:        576 bytes,    1432384 total
[2022-06-29T20:32:07.785+0000][9][gc,age      ] GC(379) - age   6:        296 bytes,    1432680 total
[2022-06-29T20:32:07.785+0000][9][gc,age      ] GC(379) - age   7:        184 bytes,    1432864 total
[2022-06-29T20:32:07.786+0000][9][gc,age      ] GC(379) - age   8:         16 bytes,    1432880 total
[2022-06-29T20:32:07.787+0000][9][gc,age      ] GC(379) - age  10:        120 bytes,    1433000 total
[2022-06-29T20:32:07.789+0000][9][gc,age      ] GC(379) - age  11:      32224 bytes,    1465224 total
[2022-06-29T20:32:07.790+0000][9][gc,age      ] GC(379) - age  12:     114256 bytes,    1579480 total
[2022-06-29T20:32:07.792+0000][9][gc,age      ] GC(379) - age  13:        184 bytes,    1579664 total
[2022-06-29T20:32:07.793+0000][9][gc,age      ] GC(379) - age  15:     236872 bytes,    1816536 total
[2022-06-29T20:32:07.794+0000][9][gc,heap     ] GC(379) Eden regions: 75->0(75)
[2022-06-29T20:32:07.800+0000][9][gc,heap     ] GC(379) Survivor regions: 1->1(10)
[2022-06-29T20:32:07.800+0000][9][gc,heap     ] GC(379) Old regions: 23->23
[2022-06-29T20:32:07.801+0000][9][gc,heap     ] GC(379) Archive regions: 2->2
[2022-06-29T20:32:07.801+0000][9][gc,heap     ] GC(379) Humongous regions: 0->0
[2022-06-29T20:32:07.802+0000][9][gc,metaspace] GC(379) Metaspace: 131202K(134592K)->131202K(134592K) NonClass: 114092K(115840K)->114092K(115840K) Class: 17109K(18752K)->17109K(18752K)
[2022-06-29T20:32:07.803+0000][9][gc          ] GC(379) Pause Young (Normal) (G1 Evacuation Pause) 397M->97M(512M) 36.610ms
[2022-06-29T20:32:07.804+0000][9][gc,cpu      ] GC(379) User=0.00s Sys=0.01s Real=0.04s
[2022-06-29T20:32:07.804+0000][9][safepoint   ] Safepoint "G1CollectForAllocation", Time since last: 89406649594 ns, Reaching safepoint: 291876 ns, At safepoint: 38232977 ns, Total: 38524853 ns
[2022-06-29T20:33:49.756+0000][9][gc,start    ] GC(380) Pause Young (Normal) (G1 Evacuation Pause)
[2022-06-29T20:33:49.759+0000][9][gc,task     ] GC(380) Using 4 workers of 4 for evacuation
[2022-06-29T20:33:49.760+0000][9][gc,age      ] GC(380) Desired survivor size 20971520 bytes, new threshold 15 (max threshold 15)
[2022-06-29T20:33:49.764+0000][9][gc,phases   ] GC(380)   Pre Evacuate Collection Set: 0.2ms
[2022-06-29T20:33:49.765+0000][9][gc,phases   ] GC(380)   Merge Heap Roots: 0.1ms
[2022-06-29T20:33:49.765+0000][9][gc,phases   ] GC(380)   Evacuate Collection Set: 1.5ms
[2022-06-29T20:33:49.766+0000][9][gc,phases   ] GC(380)   Post Evacuate Collection Set: 1.0ms
[2022-06-29T20:33:49.766+0000][9][gc,phases   ] GC(380)   Other: 2.0ms
[2022-06-29T20:33:49.767+0000][9][gc,age      ] GC(380) Age table with threshold 15 (max threshold 15)
[2022-06-29T20:33:49.767+0000][9][gc,age      ] GC(380) - age   1:     684016 bytes,     684016 total
[2022-06-29T20:33:49.768+0000][9][gc,age      ] GC(380) - age   2:       9792 bytes,     693808 total
[2022-06-29T20:33:49.772+0000][9][gc,age      ] GC(380) - age   3:       1944 bytes,     695752 total
[2022-06-29T20:33:49.773+0000][9][gc,age      ] GC(380) - age   4:        616 bytes,     696368 total
[2022-06-29T20:33:49.774+0000][9][gc,age      ] GC(380) - age   6:        576 bytes,     696944 total
[2022-06-29T20:33:49.774+0000][9][gc,age      ] GC(380) - age   8:        184 bytes,     697128 total
[2022-06-29T20:33:49.775+0000][9][gc,age      ] GC(380) - age   9:         16 bytes,     697144 total
[2022-06-29T20:33:49.776+0000][9][gc,age      ] GC(380) - age  11:        120 bytes,     697264 total
[2022-06-29T20:33:49.776+0000][9][gc,age      ] GC(380) - age  12:      32224 bytes,     729488 total
[2022-06-29T20:33:49.777+0000][9][gc,age      ] GC(380) - age  13:     114256 bytes,     843744 total
[2022-06-29T20:33:49.777+0000][9][gc,age      ] GC(380) - age  14:        184 bytes,     843928 total
[2022-06-29T20:33:49.778+0000][9][gc,heap     ] GC(380) Eden regions: 75->0(75)
[2022-06-29T20:33:49.778+0000][9][gc,heap     ] GC(380) Survivor regions: 1->1(10)
[2022-06-29T20:33:49.779+0000][9][gc,heap     ] GC(380) Old regions: 23->23
[2022-06-29T20:33:49.779+0000][9][gc,heap     ] GC(380) Archive regions: 2->2
[2022-06-29T20:33:49.780+0000][9][gc,heap     ] GC(380) Humongous regions: 0->0
[2022-06-29T20:33:49.780+0000][9][gc,metaspace] GC(380) Metaspace: 131202K(134592K)->131202K(134592K) NonClass: 114092K(115840K)->114092K(115840K) Class: 17109K(18752K)->17109K(18752K)
[2022-06-29T20:33:49.781+0000][9][gc          ] GC(380) Pause Young (Normal) (G1 Evacuation Pause) 397M->96M(512M) 25.346ms
[2022-06-29T20:33:49.782+0000][9][gc,cpu      ] GC(380) User=0.01s Sys=0.00s Real=0.03s
[2022-06-29T20:33:49.782+0000][9][safepoint   ] Safepoint "G1CollectForAllocation", Time since last: 102015940267 ns, Reaching safepoint: 419340 ns, At safepoint: 26442189 ns, Total: 26861529 ns
[2022-06-29T20:35:23.848+0000][9][safepoint   ] Safepoint "Cleanup", Time since last: 94151985309 ns, Reaching safepoint: 282627 ns, At safepoint: 18333 ns, Total: 300960 ns
[2022-06-29T20:35:37.742+0000][9][gc,start    ] GC(381) Pause Young (Normal) (G1 Evacuation Pause)
[2022-06-29T20:35:37.744+0000][9][gc,task     ] GC(381) Using 4 workers of 4 for evacuation
[2022-06-29T20:35:37.745+0000][9][gc,age      ] GC(381) Desired survivor size 20971520 bytes, new threshold 15 (max threshold 15)
[2022-06-29T20:35:37.749+0000][9][gc,phases   ] GC(381)   Pre Evacuate Collection Set: 0.3ms
[2022-06-29T20:35:37.750+0000][9][gc,phases   ] GC(381)   Merge Heap Roots: 0.1ms
[2022-06-29T20:35:37.751+0000][9][gc,phases   ] GC(381)   Evacuate Collection Set: 1.8ms
[2022-06-29T20:35:37.752+0000][9][gc,phases   ] GC(381)   Post Evacuate Collection Set: 1.2ms
[2022-06-29T20:35:37.752+0000][9][gc,phases   ] GC(381)   Other: 1.8ms
[2022-06-29T20:35:37.753+0000][9][gc,age      ] GC(381) Age table with threshold 15 (max threshold 15)
[2022-06-29T20:35:37.754+0000][9][gc,age      ] GC(381) - age   1:    1169048 bytes,    1169048 total
[2022-06-29T20:35:37.755+0000][9][gc,age      ] GC(381) - age   2:       1184 bytes,    1170232 total
[2022-06-29T20:35:37.756+0000][9][gc,age      ] GC(381) - age   3:       8472 bytes,    1178704 total
[2022-06-29T20:35:37.756+0000][9][gc,age      ] GC(381) - age   4:       1912 bytes,    1180616 total
[2022-06-29T20:35:37.757+0000][9][gc,age      ] GC(381) - age   5:        616 bytes,    1181232 total
[2022-06-29T20:35:37.758+0000][9][gc,age      ] GC(381) - age   7:        392 bytes,    1181624 total
[2022-06-29T20:35:37.759+0000][9][gc,age      ] GC(381) - age   9:        184 bytes,    1181808 total
[2022-06-29T20:35:37.760+0000][9][gc,age      ] GC(381) - age  10:         16 bytes,    1181824 total
[2022-06-29T20:35:37.761+0000][9][gc,age      ] GC(381) - age  12:        120 bytes,    1181944 total
[2022-06-29T20:35:37.762+0000][9][gc,age      ] GC(381) - age  13:      32224 bytes,    1214168 total
[2022-06-29T20:35:37.763+0000][9][gc,age      ] GC(381) - age  14:     114168 bytes,    1328336 total
[2022-06-29T20:35:37.763+0000][9][gc,age      ] GC(381) - age  15:        184 bytes,    1328520 total
[2022-06-29T20:35:37.764+0000][9][gc,heap     ] GC(381) Eden regions: 75->0(75)
[2022-06-29T20:35:37.764+0000][9][gc,heap     ] GC(381) Survivor regions: 1->1(10)
[2022-06-29T20:35:37.765+0000][9][gc,heap     ] GC(381) Old regions: 23->23
[2022-06-29T20:35:37.766+0000][9][gc,heap     ] GC(381) Archive regions: 2->2
[2022-06-29T20:35:37.766+0000][9][gc,heap     ] GC(381) Humongous regions: 0->0
[2022-06-29T20:35:37.767+0000][9][gc,metaspace] GC(381) Metaspace: 131202K(134592K)->131202K(134592K) NonClass: 114092K(115840K)->114092K(115840K) Class: 17109K(18752K)->17109K(18752K)
[2022-06-29T20:35:37.768+0000][9][gc          ] GC(381) Pause Young (Normal) (G1 Evacuation Pause) 396M->97M(512M) 25.324ms
[2022-06-29T20:35:37.769+0000][9][gc,cpu      ] GC(381) User=0.01s Sys=0.01s Real=0.02s
[2022-06-29T20:35:37.769+0000][9][safepoint   ] Safepoint "G1CollectForAllocation", Time since last: 13894045899 ns, Reaching safepoint: 134300 ns, At safepoint: 26905709 ns, Total: 27040009 ns
[2022-06-29T20:37:25.721+0000][9][gc,start    ] GC(382) Pause Young (Normal) (G1 Evacuation Pause)
[2022-06-29T20:37:25.725+0000][9][gc,task     ] GC(382) Using 4 workers of 4 for evacuation
[2022-06-29T20:37:25.726+0000][9][gc,age      ] GC(382) Desired survivor size 20971520 bytes, new threshold 15 (max threshold 15)
[2022-06-29T20:37:25.730+0000][9][gc,phases   ] GC(382)   Pre Evacuate Collection Set: 0.1ms
[2022-06-29T20:37:25.731+0000][9][gc,phases   ] GC(382)   Merge Heap Roots: 0.1ms
[2022-06-29T20:37:25.732+0000][9][gc,phases   ] GC(382)   Evacuate Collection Set: 2.7ms
[2022-06-29T20:37:25.732+0000][9][gc,phases   ] GC(382)   Post Evacuate Collection Set: 0.9ms
[2022-06-29T20:37:25.733+0000][9][gc,phases   ] GC(382)   Other: 1.3ms
[2022-06-29T20:37:25.733+0000][9][gc,age      ] GC(382) Age table with threshold 15 (max threshold 15)
[2022-06-29T20:37:25.735+0000][9][gc,age      ] GC(382) - age   1:    1342288 bytes,    1342288 total
[2022-06-29T20:37:25.735+0000][9][gc,age      ] GC(382) - age   2:       9504 bytes,    1351792 total
[2022-06-29T20:37:25.736+0000][9][gc,age      ] GC(382) - age   3:        184 bytes,    1351976 total
[2022-06-29T20:37:25.737+0000][9][gc,age      ] GC(382) - age   4:       8016 bytes,    1359992 total
[2022-06-29T20:37:25.738+0000][9][gc,age      ] GC(382) - age   5:       1912 bytes,    1361904 total
[2022-06-29T20:37:25.738+0000][9][gc,age      ] GC(382) - age   6:        616 bytes,    1362520 total
[2022-06-29T20:37:25.739+0000][9][gc,age      ] GC(382) - age   8:        392 bytes,    1362912 total
[2022-06-29T20:37:25.739+0000][9][gc,age      ] GC(382) - age  10:        184 bytes,    1363096 total
[2022-06-29T20:37:25.740+0000][9][gc,age      ] GC(382) - age  11:         16 bytes,    1363112 total
[2022-06-29T20:37:25.740+0000][9][gc,age      ] GC(382) - age  13:        120 bytes,    1363232 total
[2022-06-29T20:37:25.741+0000][9][gc,age      ] GC(382) - age  14:      32224 bytes,    1395456 total
[2022-06-29T20:37:25.742+0000][9][gc,age      ] GC(382) - age  15:     114168 bytes,    1509624 total
[2022-06-29T20:37:25.742+0000][9][gc,heap     ] GC(382) Eden regions: 75->0(75)
[2022-06-29T20:37:25.743+0000][9][gc,heap     ] GC(382) Survivor regions: 1->1(10)
[2022-06-29T20:37:25.744+0000][9][gc,heap     ] GC(382) Old regions: 23->23
[2022-06-29T20:37:25.744+0000][9][gc,heap     ] GC(382) Archive regions: 2->2
[2022-06-29T20:37:25.745+0000][9][gc,heap     ] GC(382) Humongous regions: 0->0
[2022-06-29T20:37:25.746+0000][9][gc,metaspace] GC(382) Metaspace: 131203K(134592K)->131203K(134592K) NonClass: 114093K(115840K)->114093K(115840K) Class: 17109K(18752K)->17109K(18752K)
[2022-06-29T20:37:25.746+0000][9][gc          ] GC(382) Pause Young (Normal) (G1 Evacuation Pause) 397M->97M(512M) 25.780ms
[2022-06-29T20:37:25.747+0000][9][gc,cpu      ] GC(382) User=0.01s Sys=0.00s Real=0.03s
[2022-06-29T20:37:25.748+0000][9][safepoint   ] Safepoint "G1CollectForAllocation", Time since last: 108035324721 ns, Reaching safepoint: 82979 ns, At safepoint: 27028370 ns, Total: 27111349 ns
[2022-06-29T20:37:32.753+0000][9][safepoint   ] Safepoint "Cleanup", Time since last: 7005047467 ns, Reaching safepoint: 142391 ns, At safepoint: 53536 ns, Total: 195927 ns
[2022-06-29T20:39:07.758+0000][9][gc,start    ] GC(383) Pause Young (Normal) (G1 Evacuation Pause)
[2022-06-29T20:39:07.760+0000][9][gc,task     ] GC(383) Using 4 workers of 4 for evacuation
[2022-06-29T20:39:07.761+0000][9][gc,age      ] GC(383) Desired survivor size 20971520 bytes, new threshold 15 (max threshold 15)
[2022-06-29T20:39:07.765+0000][9][gc,phases   ] GC(383)   Pre Evacuate Collection Set: 0.1ms
[2022-06-29T20:39:07.766+0000][9][gc,phases   ] GC(383)   Merge Heap Roots: 0.1ms
[2022-06-29T20:39:07.767+0000][9][gc,phases   ] GC(383)   Evacuate Collection Set: 2.0ms
[2022-06-29T20:39:07.767+0000][9][gc,phases   ] GC(383)   Post Evacuate Collection Set: 1.0ms
[2022-06-29T20:39:07.768+0000][9][gc,phases   ] GC(383)   Other: 1.7ms
[2022-06-29T20:39:07.769+0000][9][gc,age      ] GC(383) Age table with threshold 15 (max threshold 15)
[2022-06-29T20:39:07.769+0000][9][gc,age      ] GC(383) - age   1:     727584 bytes,     727584 total
[2022-06-29T20:39:07.770+0000][9][gc,age      ] GC(383) - age   2:       1960 bytes,     729544 total
[2022-06-29T20:39:07.770+0000][9][gc,age      ] GC(383) - age   3:       8544 bytes,     738088 total
[2022-06-29T20:39:07.771+0000][9][gc,age      ] GC(383) - age   4:        184 bytes,     738272 total
[2022-06-29T20:39:07.771+0000][9][gc,age      ] GC(383) - age   6:       1912 bytes,     740184 total
[2022-06-29T20:39:07.772+0000][9][gc,age      ] GC(383) - age   7:        416 bytes,     740600 total
[2022-06-29T20:39:07.772+0000][9][gc,age      ] GC(383) - age   9:        392 bytes,     740992 total
[2022-06-29T20:39:07.773+0000][9][gc,age      ] GC(383) - age  12:         16 bytes,     741008 total
[2022-06-29T20:39:07.774+0000][9][gc,age      ] GC(383) - age  14:         88 bytes,     741096 total
[2022-06-29T20:39:07.778+0000][9][gc,age      ] GC(383) - age  15:      32224 bytes,     773320 total
[2022-06-29T20:39:07.779+0000][9][gc,heap     ] GC(383) Eden regions: 75->0(75)
[2022-06-29T20:39:07.780+0000][9][gc,heap     ] GC(383) Survivor regions: 1->1(10)
[2022-06-29T20:39:07.780+0000][9][gc,heap     ] GC(383) Old regions: 23->23
[2022-06-29T20:39:07.781+0000][9][gc,heap     ] GC(383) Archive regions: 2->2
[2022-06-29T20:39:07.781+0000][9][gc,heap     ] GC(383) Humongous regions: 0->0
[2022-06-29T20:39:07.782+0000][9][gc,metaspace] GC(383) Metaspace: 131206K(134592K)->131206K(134592K) NonClass: 114096K(115840K)->114096K(115840K) Class: 17109K(18752K)->17109K(18752K)
[2022-06-29T20:39:07.782+0000][9][gc          ] GC(383) Pause Young (Normal) (G1 Evacuation Pause) 397M->96M(512M) 23.989ms
[2022-06-29T20:39:07.783+0000][9][gc,cpu      ] GC(383) User=0.01s Sys=0.00s Real=0.03s
[2022-06-29T20:39:07.784+0000][9][safepoint   ] Safepoint "G1CollectForAllocation", Time since last: 95071120969 ns, Reaching safepoint: 470504 ns, At safepoint: 25861580 ns, Total: 26332084 ns
[2022-06-29T20:40:59.241+0000][9][gc,start    ] GC(384) Pause Young (Normal) (G1 Evacuation Pause)
[2022-06-29T20:40:59.245+0000][9][gc,task     ] GC(384) Using 4 workers of 4 for evacuation
[2022-06-29T20:40:59.245+0000][9][gc,age      ] GC(384) Desired survivor size 20971520 bytes, new threshold 15 (max threshold 15)
[2022-06-29T20:40:59.251+0000][9][gc,phases   ] GC(384)   Pre Evacuate Collection Set: 0.2ms
[2022-06-29T20:40:59.256+0000][9][gc,phases   ] GC(384)   Merge Heap Roots: 0.2ms
[2022-06-29T20:40:59.257+0000][9][gc,phases   ] GC(384)   Evacuate Collection Set: 2.6ms
[2022-06-29T20:40:59.257+0000][9][gc,phases   ] GC(384)   Post Evacuate Collection Set: 1.8ms
[2022-06-29T20:40:59.258+0000][9][gc,phases   ] GC(384)   Other: 1.7ms
[2022-06-29T20:40:59.259+0000][9][gc,age      ] GC(384) Age table with threshold 15 (max threshold 15)
[2022-06-29T20:40:59.259+0000][9][gc,age      ] GC(384) - age   1:    1059400 bytes,    1059400 total
[2022-06-29T20:40:59.260+0000][9][gc,age      ] GC(384) - age   2:       1608 bytes,    1061008 total
[2022-06-29T20:40:59.261+0000][9][gc,age      ] GC(384) - age   3:        640 bytes,    1061648 total
[2022-06-29T20:40:59.261+0000][9][gc,age      ] GC(384) - age   4:       8232 bytes,    1069880 total
[2022-06-29T20:40:59.262+0000][9][gc,age      ] GC(384) - age   7:        184 bytes,    1070064 total
[2022-06-29T20:40:59.263+0000][9][gc,age      ] GC(384) - age   8:        416 bytes,    1070480 total
[2022-06-29T20:40:59.263+0000][9][gc,age      ] GC(384) - age  13:         16 bytes,    1070496 total
[2022-06-29T20:40:59.264+0000][9][gc,age      ] GC(384) - age  15:         88 bytes,    1070584 total
[2022-06-29T20:40:59.264+0000][9][gc,heap     ] GC(384) Eden regions: 75->0(75)
[2022-06-29T20:40:59.266+0000][9][gc,heap     ] GC(384) Survivor regions: 1->1(10)
[2022-06-29T20:40:59.267+0000][9][gc,heap     ] GC(384) Old regions: 23->23
[2022-06-29T20:40:59.268+0000][9][gc,heap     ] GC(384) Archive regions: 2->2
[2022-06-29T20:40:59.268+0000][9][gc,heap     ] GC(384) Humongous regions: 0->0
[2022-06-29T20:40:59.269+0000][9][gc,metaspace] GC(384) Metaspace: 131206K(134592K)->131206K(134592K) NonClass: 114096K(115840K)->114096K(115840K) Class: 17109K(18752K)->17109K(18752K)
[2022-06-29T20:40:59.270+0000][9][gc          ] GC(384) Pause Young (Normal) (G1 Evacuation Pause) 396M->97M(512M) 28.052ms
[2022-06-29T20:40:59.270+0000][9][gc,cpu      ] GC(384) User=0.01s Sys=0.01s Real=0.03s
[2022-06-29T20:40:59.271+0000][9][safepoint   ] Safepoint "G1CollectForAllocation", Time since last: 111544393913 ns, Reaching safepoint: 209889 ns, At safepoint: 29656973 ns, Total: 29866862 ns
[2022-06-29T23:15:07.777+0000][9][safepoint   ] Safepoint "Cleanup", Time since last: 9255392477297 ns, Reaching safepoint: 695361 ns, At safepoint: 24995 ns, Total: 720356 ns
[2022-06-29T23:15:32.716+0000][9][safepoint   ] Safepoint "Cleanup", Time since last: 24937765642 ns, Reaching safepoint: 979776 ns, At safepoint: 20150 ns, Total: 999926 ns
[2022-06-30T04:09:21.549+0000][9][safepoint   ] Safepoint "Cleanup", Time since last: 6084802642 ns, Reaching safepoint: 587518 ns, At safepoint: 34545 ns, Total: 622063 ns
[2022-06-30T04:09:23.553+0000][9][safepoint   ] Safepoint "Cleanup", Time since last: 2004036763 ns, Reaching safepoint: 96727 ns, At safepoint: 4347 ns, Total: 101074 ns
[2022-06-30T04:09:24.555+0000][9][safepoint   ] Safepoint "Cleanup", Time since last: 1001928388 ns, Reaching safepoint: 186174 ns, At safepoint: 45495 ns, Total: 231669 ns
[2022-06-30T04:09:26.969+0000][9][gc,start    ] GC(385) Pause Young (Normal) (G1 Evacuation Pause)
[2022-06-30T04:09:26.971+0000][9][gc,task     ] GC(385) Using 4 workers of 4 for evacuation
[2022-06-30T04:09:26.972+0000][9][gc,age      ] GC(385) Desired survivor size 20971520 bytes, new threshold 15 (max threshold 15)
[2022-06-30T04:09:27.015+0000][9][gc,phases   ] GC(385)   Pre Evacuate Collection Set: 1.2ms
[2022-06-30T04:09:27.022+0000][9][gc,phases   ] GC(385)   Merge Heap Roots: 0.6ms
[2022-06-30T04:09:27.023+0000][9][gc,phases   ] GC(385)   Evacuate Collection Set: 29.1ms
[2022-06-30T04:09:27.024+0000][9][gc,phases   ] GC(385)   Post Evacuate Collection Set: 9.6ms
[2022-06-30T04:09:27.025+0000][9][gc,phases   ] GC(385)   Other: 3.2ms
[2022-06-30T04:09:27.026+0000][9][gc,age      ] GC(385) Age table with threshold 15 (max threshold 15)
[2022-06-30T04:09:27.027+0000][9][gc,age      ] GC(385) - age   1:    2763824 bytes,    2763824 total
[2022-06-30T04:09:27.028+0000][9][gc,age      ] GC(385) - age   2:       6896 bytes,    2770720 total
[2022-06-30T04:09:27.029+0000][9][gc,age      ] GC(385) - age   4:        480 bytes,    2771200 total
[2022-06-30T04:09:27.030+0000][9][gc,age      ] GC(385) - age   5:        216 bytes,    2771416 total
[2022-06-30T04:09:27.031+0000][9][gc,age      ] GC(385) - age   8:        184 bytes,    2771600 total
[2022-06-30T04:09:27.031+0000][9][gc,age      ] GC(385) - age   9:        384 bytes,    2771984 total
[2022-06-30T04:09:27.032+0000][9][gc,age      ] GC(385) - age  14:         16 bytes,    2772000 total
[2022-06-30T04:09:27.033+0000][9][gc,heap     ] GC(385) Eden regions: 75->0(75)
[2022-06-30T04:09:27.034+0000][9][gc,heap     ] GC(385) Survivor regions: 1->1(10)
[2022-06-30T04:09:27.035+0000][9][gc,heap     ] GC(385) Old regions: 23->23
[2022-06-30T04:09:27.036+0000][9][gc,heap     ] GC(385) Archive regions: 2->2
[2022-06-30T04:09:27.037+0000][9][gc,heap     ] GC(385) Humongous regions: 0->0
[2022-06-30T04:09:27.037+0000][9][gc,metaspace] GC(385) Metaspace: 131233K(134592K)->131233K(134592K) NonClass: 114122K(115840K)->114122K(115840K) Class: 17110K(18752K)->17110K(18752K)
[2022-06-30T04:09:27.038+0000][9][gc          ] GC(385) Pause Young (Normal) (G1 Evacuation Pause) 397M->98M(512M) 68.968ms
[2022-06-30T04:09:27.039+0000][9][gc,cpu      ] GC(385) User=0.14s Sys=0.00s Real=0.07s
[2022-06-30T04:09:27.040+0000][9][safepoint   ] Safepoint "G1CollectForAllocation", Time since last: 2413637094 ns, Reaching safepoint: 226144 ns, At safepoint: 70993064 ns, Total: 71219208 ns
[2022-06-30T04:09:45.002+0000][9][safepoint   ] Safepoint "Cleanup", Time since last: 17961732271 ns, Reaching safepoint: 161147 ns, At safepoint: 6233 ns, Total: 167380 ns
[2022-06-30T04:09:50.986+0000][9][safepoint   ] Safepoint "Cleanup", Time since last: 6005965835 ns, Reaching safepoint: 360667 ns, At safepoint: 24955 ns, Total: 385622 ns
[2022-06-30T04:10:48.036+0000][9][safepoint   ] Safepoint "Cleanup", Time since last: 57071152431 ns, Reaching safepoint: 859146 ns, At safepoint: 27461 ns, Total: 886607 ns
[2022-06-30T04:10:50.017+0000][9][safepoint   ] Safepoint "Cleanup", Time since last: 2006469908 ns, Reaching safepoint: 308744 ns, At safepoint: 19872 ns, Total: 328616 ns
[2022-06-30T07:10:54.319+0000][9][safepoint   ] Safepoint "Cleanup", Time since last: 10812634100119 ns, Reaching safepoint: 3898014 ns, At safepoint: 139532 ns, Total: 4037546 ns
[2022-06-30T07:10:55.328+0000][9][safepoint   ] Safepoint "Cleanup", Time since last: 1006900551 ns, Reaching safepoint: 3007349 ns, At safepoint: 22342 ns, Total: 3029691 ns
[2022-06-30T07:11:02.920+0000][9][safepoint   ] Safepoint "Cleanup", Time since last: 7481651755 ns, Reaching safepoint: 109024367 ns, At safepoint: 435814 ns, Total: 109460181 ns
[2022-06-30T07:11:04.165+0000][9][safepoint   ] Safepoint "Cleanup", Time since last: 1151095210 ns, Reaching safepoint: 94701719 ns, At safepoint: 79313 ns, Total: 94781032 ns
[2022-06-30T07:11:05.189+0000][9][safepoint   ] Safepoint "Cleanup", Time since last: 1017739559 ns, Reaching safepoint: 5477178 ns, At safepoint: 52976 ns, Total: 5530154 ns
[2022-06-30T07:11:05.205+0000][9][gc,start    ] GC(386) Pause Young (Normal) (G1 Evacuation Pause)
[2022-06-30T07:11:05.208+0000][9][gc,task     ] GC(386) Using 4 workers of 4 for evacuation
[2022-06-30T07:11:05.210+0000][9][gc,age      ] GC(386) Desired survivor size 20971520 bytes, new threshold 15 (max threshold 15)
[2022-06-30T07:11:05.264+0000][9][gc,phases   ] GC(386)   Pre Evacuate Collection Set: 1.5ms
[2022-06-30T07:11:05.268+0000][9][gc,phases   ] GC(386)   Merge Heap Roots: 1.1ms
[2022-06-30T07:11:05.270+0000][9][gc,phases   ] GC(386)   Evacuate Collection Set: 41.3ms
[2022-06-30T07:11:05.272+0000][9][gc,phases   ] GC(386)   Post Evacuate Collection Set: 8.5ms
[2022-06-30T07:11:05.273+0000][9][gc,phases   ] GC(386)   Other: 4.3ms
[2022-06-30T07:11:05.274+0000][9][gc,age      ] GC(386) Age table with threshold 15 (max threshold 15)
[2022-06-30T07:11:05.275+0000][9][gc,age      ] GC(386) - age   1:    2364920 bytes,    2364920 total
[2022-06-30T07:11:05.275+0000][9][gc,age      ] GC(386) - age   2:     497120 bytes,    2862040 total
[2022-06-30T07:11:05.276+0000][9][gc,age      ] GC(386) - age   3:       2840 bytes,    2864880 total
[2022-06-30T07:11:05.277+0000][9][gc,age      ] GC(386) - age   5:        480 bytes,    2865360 total
[2022-06-30T07:11:05.278+0000][9][gc,age      ] GC(386) - age   6:        216 bytes,    2865576 total
[2022-06-30T07:11:05.279+0000][9][gc,age      ] GC(386) - age   9:        184 bytes,    2865760 total
[2022-06-30T07:11:05.280+0000][9][gc,age      ] GC(386) - age  10:        384 bytes,    2866144 total
[2022-06-30T07:11:05.281+0000][9][gc,age      ] GC(386) - age  15:         16 bytes,    2866160 total
[2022-06-30T07:11:05.284+0000][9][gc,heap     ] GC(386) Eden regions: 75->0(75)
[2022-06-30T07:11:05.285+0000][9][gc,heap     ] GC(386) Survivor regions: 1->1(10)
[2022-06-30T07:11:05.285+0000][9][gc,heap     ] GC(386) Old regions: 23->23
[2022-06-30T07:11:05.286+0000][9][gc,heap     ] GC(386) Archive regions: 2->2
[2022-06-30T07:11:05.287+0000][9][gc,heap     ] GC(386) Humongous regions: 0->0
[2022-06-30T07:11:05.288+0000][9][gc,metaspace] GC(386) Metaspace: 131568K(134976K)->131568K(134976K) NonClass: 114402K(116160K)->114402K(116160K) Class: 17166K(18816K)->17166K(18816K)
[2022-06-30T07:11:05.291+0000][9][gc          ] GC(386) Pause Young (Normal) (G1 Evacuation Pause) 398M->98M(512M) 85.767ms
[2022-06-30T07:11:05.292+0000][9][gc,cpu      ] GC(386) User=0.19s Sys=0.00s Real=0.09s
[2022-06-30T07:11:05.293+0000][9][safepoint   ] Safepoint "G1CollectForAllocation", Time since last: 15293530 ns, Reaching safepoint: 401255 ns, At safepoint: 88817222 ns, Total: 89218477 ns
[2022-06-30T07:11:07.297+0000][9][safepoint   ] Safepoint "Cleanup", Time since last: 2003871708 ns, Reaching safepoint: 264706 ns, At safepoint: 16335 ns, Total: 281041 ns
[2022-06-30T07:11:10.303+0000][9][safepoint   ] Safepoint "Cleanup", Time since last: 3005868226 ns, Reaching safepoint: 223102 ns, At safepoint: 10896 ns, Total: 233998 ns
[2022-06-30T07:11:11.311+0000][9][safepoint   ] Safepoint "Cleanup", Time since last: 1006331357 ns, Reaching safepoint: 931085 ns, At safepoint: 75208 ns, Total: 1006293 ns
[2022-06-30T07:11:22.327+0000][9][safepoint   ] Safepoint "Cleanup", Time since last: 11015556011 ns, Reaching safepoint: 229290 ns, At safepoint: 11005 ns, Total: 240295 ns
[2022-06-30T11:23:21.041+0000][9][safepoint   ] Safepoint "Cleanup", Time since last: 2004692090 ns, Reaching safepoint: 160859 ns, At safepoint: 7887 ns, Total: 168746 ns
[2022-06-30T11:23:22.047+0000][9][safepoint   ] Safepoint "Cleanup", Time since last: 1002404881 ns, Reaching safepoint: 3226237 ns, At safepoint: 20609 ns, Total: 3246846 ns
[2022-06-30T11:23:31.060+0000][9][safepoint   ] Safepoint "Cleanup", Time since last: 9012483068 ns, Reaching safepoint: 127422 ns, At safepoint: 11887 ns, Total: 139309 ns
[2022-06-30T11:23:51.068+0000][9][safepoint   ] Safepoint "Cleanup", Time since last: 20032973475 ns, Reaching safepoint: 173928 ns, At safepoint: 42194 ns, Total: 216122 ns
[2022-06-30T11:24:21.072+0000][9][safepoint   ] Safepoint "Cleanup", Time since last: 30025022755 ns, Reaching safepoint: 215805 ns, At safepoint: 5681 ns, Total: 221486 ns
[2022-06-30T11:24:36.637+0000][9][gc,start    ] GC(387) Pause Young (Normal) (G1 Evacuation Pause)
[2022-06-30T11:24:36.639+0000][9][gc,task     ] GC(387) Using 4 workers of 4 for evacuation
[2022-06-30T11:24:36.639+0000][9][gc,age      ] GC(387) Desired survivor size 20971520 bytes, new threshold 15 (max threshold 15)
[2022-06-30T11:24:36.649+0000][9][gc,phases   ] GC(387)   Pre Evacuate Collection Set: 0.1ms
[2022-06-30T11:24:36.649+0000][9][gc,phases   ] GC(387)   Merge Heap Roots: 0.1ms
[2022-06-30T11:24:36.650+0000][9][gc,phases   ] GC(387)   Evacuate Collection Set: 6.2ms
[2022-06-30T11:24:36.651+0000][9][gc,phases   ] GC(387)   Post Evacuate Collection Set: 1.2ms
[2022-06-30T11:24:36.651+0000][9][gc,phases   ] GC(387)   Other: 2.4ms
[2022-06-30T11:24:36.652+0000][9][gc,age      ] GC(387) Age table with threshold 15 (max threshold 15)
[2022-06-30T11:24:36.653+0000][9][gc,age      ] GC(387) - age   1:    1261752 bytes,    1261752 total
[2022-06-30T11:24:36.654+0000][9][gc,age      ] GC(387) - age   2:     917080 bytes,    2178832 total
[2022-06-30T11:24:36.654+0000][9][gc,age      ] GC(387) - age   3:     452912 bytes,    2631744 total
[2022-06-30T11:24:36.655+0000][9][gc,age      ] GC(387) - age   4:       2840 bytes,    2634584 total
[2022-06-30T11:24:36.656+0000][9][gc,age      ] GC(387) - age   6:        480 bytes,    2635064 total
[2022-06-30T11:24:36.656+0000][9][gc,age      ] GC(387) - age   7:        184 bytes,    2635248 total
[2022-06-30T11:24:36.657+0000][9][gc,age      ] GC(387) - age  10:        184 bytes,    2635432 total
[2022-06-30T11:24:36.658+0000][9][gc,heap     ] GC(387) Eden regions: 75->0(75)
[2022-06-30T11:24:36.658+0000][9][gc,heap     ] GC(387) Survivor regions: 1->1(10)
[2022-06-30T11:24:36.659+0000][9][gc,heap     ] GC(387) Old regions: 23->23
[2022-06-30T11:24:36.660+0000][9][gc,heap     ] GC(387) Archive regions: 2->2
[2022-06-30T11:24:36.661+0000][9][gc,heap     ] GC(387) Humongous regions: 0->0
[2022-06-30T11:24:36.661+0000][9][gc,metaspace] GC(387) Metaspace: 131569K(134976K)->131569K(134976K) NonClass: 114403K(116160K)->114403K(116160K) Class: 17166K(18816K)->17166K(18816K)
[2022-06-30T11:24:36.662+0000][9][gc          ] GC(387) Pause Young (Normal) (G1 Evacuation Pause) 398M->98M(512M) 24.594ms
[2022-06-30T11:24:36.663+0000][9][gc,cpu      ] GC(387) User=0.02s Sys=0.00s Real=0.03s
[2022-06-30T11:24:36.664+0000][9][safepoint   ] Safepoint "G1CollectForAllocation", Time since last: 15565196976 ns, Reaching safepoint: 44790 ns, At safepoint: 26138062 ns, Total: 26182852 ns
[2022-06-30T11:24:51.646+0000][9][safepoint   ] Safepoint "Cleanup", Time since last: 15008031604 ns, Reaching safepoint: 227013 ns, At safepoint: 18636 ns, Total: 245649 ns
[2022-06-30T11:25:09.675+0000][9][safepoint   ] Safepoint "Cleanup", Time since last: 18028588089 ns, Reaching safepoint: 208196 ns, At safepoint: 11034 ns, Total: 219230 ns
[2022-06-30T11:25:50.705+0000][9][safepoint   ] Safepoint "Cleanup", Time since last: 41047215529 ns, Reaching safepoint: 206073 ns, At safepoint: 13387 ns, Total: 219460 ns
[2022-06-30T11:26:30.611+0000][9][gc,start    ] GC(388) Pause Young (Normal) (G1 Evacuation Pause)
[2022-06-30T11:26:30.612+0000][9][gc,task     ] GC(388) Using 4 workers of 4 for evacuation
[2022-06-30T11:26:30.613+0000][9][gc,age      ] GC(388) Desired survivor size 20971520 bytes, new threshold 15 (max threshold 15)
[2022-06-30T11:26:30.621+0000][9][gc,phases   ] GC(388)   Pre Evacuate Collection Set: 0.2ms
[2022-06-30T11:26:30.622+0000][9][gc,phases   ] GC(388)   Merge Heap Roots: 0.2ms
[2022-06-30T11:26:30.623+0000][9][gc,phases   ] GC(388)   Evacuate Collection Set: 4.9ms
[2022-06-30T11:26:30.623+0000][9][gc,phases   ] GC(388)   Post Evacuate Collection Set: 1.6ms
[2022-06-30T11:26:30.624+0000][9][gc,phases   ] GC(388)   Other: 2.1ms
[2022-06-30T11:26:30.625+0000][9][gc,age      ] GC(388) Age table with threshold 15 (max threshold 15)
[2022-06-30T11:26:30.625+0000][9][gc,age      ] GC(388) - age   1:    1494736 bytes,    1494736 total
[2022-06-30T11:26:30.626+0000][9][gc,age      ] GC(388) - age   2:     305896 bytes,    1800632 total
[2022-06-30T11:26:30.627+0000][9][gc,age      ] GC(388) - age   3:     915416 bytes,    2716048 total
[2022-06-30T11:26:30.627+0000][9][gc,age      ] GC(388) - age   4:     452784 bytes,    3168832 total
[2022-06-30T11:26:30.629+0000][9][gc,age      ] GC(388) - age   5:       2840 bytes,    3171672 total
[2022-06-30T11:26:30.629+0000][9][gc,age      ] GC(388) - age   7:        480 bytes,    3172152 total
[2022-06-30T11:26:30.630+0000][9][gc,age      ] GC(388) - age   8:        184 bytes,    3172336 total
[2022-06-30T11:26:30.631+0000][9][gc,age      ] GC(388) - age  11:        184 bytes,    3172520 total
[2022-06-30T11:26:30.632+0000][9][gc,heap     ] GC(388) Eden regions: 75->0(75)
[2022-06-30T11:26:30.633+0000][9][gc,heap     ] GC(388) Survivor regions: 1->1(10)
[2022-06-30T11:26:30.634+0000][9][gc,heap     ] GC(388) Old regions: 23->23
[2022-06-30T11:26:30.634+0000][9][gc,heap     ] GC(388) Archive regions: 2->2
[2022-06-30T11:26:30.635+0000][9][gc,heap     ] GC(388) Humongous regions: 0->0
[2022-06-30T11:26:30.635+0000][9][gc,metaspace] GC(388) Metaspace: 131569K(134976K)->131569K(134976K) NonClass: 114403K(116160K)->114403K(116160K) Class: 17166K(18816K)->17166K(18816K)
[2022-06-30T11:26:30.636+0000][9][gc          ] GC(388) Pause Young (Normal) (G1 Evacuation Pause) 398M->99M(512M) 25.020ms
[2022-06-30T11:26:30.637+0000][9][gc,cpu      ] GC(388) User=0.02s Sys=0.00s Real=0.03s
[2022-06-30T11:26:30.637+0000][9][safepoint   ] Safepoint "G1CollectForAllocation", Time since last: 39949434116 ns, Reaching safepoint: 54384 ns, At safepoint: 26362176 ns, Total: 26416560 ns
[2022-06-30T11:26:58.646+0000][9][safepoint   ] Safepoint "Cleanup", Time since last: 28029151125 ns, Reaching safepoint: 303958 ns, At safepoint: 9535 ns, Total: 313493 ns
[2022-06-30T11:27:15.663+0000][9][safepoint   ] Safepoint "Cleanup", Time since last: 17017034086 ns, Reaching safepoint: 277231 ns, At safepoint: 11281 ns, Total: 288512 ns
[2022-06-30T11:27:33.658+0000][9][safepoint   ] Safepoint "Cleanup", Time since last: 18016958697 ns, Reaching safepoint: 200077 ns, At safepoint: 105312 ns, Total: 305389 ns
[2022-06-30T11:27:50.676+0000][9][safepoint   ] Safepoint "Cleanup", Time since last: 17017088070 ns, Reaching safepoint: 330689 ns, At safepoint: 11921 ns, Total: 342610 ns
[2022-06-30T11:27:54.660+0000][9][safepoint   ] Safepoint "Cleanup", Time since last: 4004898341 ns, Reaching safepoint: 163292 ns, At safepoint: 4806 ns, Total: 168098 ns
[2022-06-30T11:27:57.558+0000][9][gc,start    ] GC(389) Pause Young (Normal) (G1 Evacuation Pause)
[2022-06-30T11:27:57.559+0000][9][gc,task     ] GC(389) Using 4 workers of 4 for evacuation
[2022-06-30T11:27:57.560+0000][9][gc,age      ] GC(389) Desired survivor size 20971520 bytes, new threshold 15 (max threshold 15)
[2022-06-30T11:27:57.567+0000][9][gc,phases   ] GC(389)   Pre Evacuate Collection Set: 0.4ms
[2022-06-30T11:27:57.567+0000][9][gc,phases   ] GC(389)   Merge Heap Roots: 0.1ms
[2022-06-30T11:27:57.568+0000][9][gc,phases   ] GC(389)   Evacuate Collection Set: 4.4ms
[2022-06-30T11:27:57.569+0000][9][gc,phases   ] GC(389)   Post Evacuate Collection Set: 1.1ms
[2022-06-30T11:27:57.569+0000][9][gc,phases   ] GC(389)   Other: 1.5ms
[2022-06-30T11:27:57.570+0000][9][gc,age      ] GC(389) Age table with threshold 15 (max threshold 15)
[2022-06-30T11:27:57.570+0000][9][gc,age      ] GC(389) - age   1:    1286104 bytes,    1286104 total
[2022-06-30T11:27:57.571+0000][9][gc,age      ] GC(389) - age   2:       6936 bytes,    1293040 total
[2022-06-30T11:27:57.571+0000][9][gc,age      ] GC(389) - age   3:     305048 bytes,    1598088 total
[2022-06-30T11:27:57.572+0000][9][gc,age      ] GC(389) - age   4:     907368 bytes,    2505456 total
[2022-06-30T11:27:57.573+0000][9][gc,age      ] GC(389) - age   5:     452616 bytes,    2958072 total
[2022-06-30T11:27:57.573+0000][9][gc,age      ] GC(389) - age   6:       2840 bytes,    2960912 total
[2022-06-30T11:27:57.574+0000][9][gc,age      ] GC(389) - age   8:        480 bytes,    2961392 total
[2022-06-30T11:27:57.574+0000][9][gc,age      ] GC(389) - age   9:        184 bytes,    2961576 total
[2022-06-30T11:27:57.575+0000][9][gc,age      ] GC(389) - age  12:        184 bytes,    2961760 total
[2022-06-30T11:27:57.576+0000][9][gc,heap     ] GC(389) Eden regions: 75->0(75)
[2022-06-30T11:27:57.578+0000][9][gc,heap     ] GC(389) Survivor regions: 1->1(10)
[2022-06-30T11:27:57.580+0000][9][gc,heap     ] GC(389) Old regions: 23->23
[2022-06-30T11:27:57.581+0000][9][gc,heap     ] GC(389) Archive regions: 2->2
[2022-06-30T11:27:57.582+0000][9][gc,heap     ] GC(389) Humongous regions: 0->0
[2022-06-30T11:27:57.583+0000][9][gc,metaspace] GC(389) Metaspace: 131569K(134976K)->131569K(134976K) NonClass: 114403K(116160K)->114403K(116160K) Class: 17166K(18816K)->17166K(18816K)
[2022-06-30T11:27:57.584+0000][9][gc          ] GC(389) Pause Young (Normal) (G1 Evacuation Pause) 399M->99M(512M) 25.406ms
[2022-06-30T11:27:57.584+0000][9][gc,cpu      ] GC(389) User=0.01s Sys=0.01s Real=0.03s
[2022-06-30T11:27:57.585+0000][9][safepoint   ] Safepoint "G1CollectForAllocation", Time since last: 2897737071 ns, Reaching safepoint: 102667 ns, At safepoint: 26825065 ns, Total: 26927732 ns
[2022-06-30T11:28:36.600+0000][9][safepoint   ] Safepoint "Cleanup", Time since last: 39038101362 ns, Reaching safepoint: 208138 ns, At safepoint: 10113 ns, Total: 218251 ns
[2022-06-30T11:28:50.611+0000][9][safepoint   ] Safepoint "Cleanup", Time since last: 14010034812 ns, Reaching safepoint: 335158 ns, At safepoint: 95348 ns, Total: 430506 ns
[2022-06-30T11:29:22.595+0000][9][safepoint   ] Safepoint "Cleanup", Time since last: 32026026886 ns, Reaching safepoint: 319000 ns, At safepoint: 77222 ns, Total: 396222 ns
[2022-06-30T11:29:24.523+0000][9][gc,start    ] GC(390) Pause Young (Normal) (G1 Evacuation Pause)
[2022-06-30T11:29:24.524+0000][9][gc,task     ] GC(390) Using 4 workers of 4 for evacuation
[2022-06-30T11:29:24.524+0000][9][gc,age      ] GC(390) Desired survivor size 20971520 bytes, new threshold 15 (max threshold 15)
[2022-06-30T11:29:24.542+0000][9][gc,phases   ] GC(390)   Pre Evacuate Collection Set: 0.2ms
[2022-06-30T11:29:24.543+0000][9][gc,phases   ] GC(390)   Merge Heap Roots: 0.1ms
[2022-06-30T11:29:24.544+0000][9][gc,phases   ] GC(390)   Evacuate Collection Set: 10.9ms
[2022-06-30T11:29:24.545+0000][9][gc,phases   ] GC(390)   Post Evacuate Collection Set: 1.4ms
[2022-06-30T11:29:24.545+0000][9][gc,phases   ] GC(390)   Other: 6.1ms
[2022-06-30T11:29:24.546+0000][9][gc,age      ] GC(390) Age table with threshold 15 (max threshold 15)
[2022-06-30T11:29:24.546+0000][9][gc,age      ] GC(390) - age   1:    1746072 bytes,    1746072 total
[2022-06-30T11:29:24.547+0000][9][gc,age      ] GC(390) - age   2:      17488 bytes,    1763560 total
[2022-06-30T11:29:24.548+0000][9][gc,age      ] GC(390) - age   3:       5488 bytes,    1769048 total
[2022-06-30T11:29:24.549+0000][9][gc,age      ] GC(390) - age   4:     199776 bytes,    1968824 total
[2022-06-30T11:29:24.549+0000][9][gc,age      ] GC(390) - age   5:     873368 bytes,    2842192 total
[2022-06-30T11:29:24.550+0000][9][gc,age      ] GC(390) - age   6:     452616 bytes,    3294808 total
[2022-06-30T11:29:24.550+0000][9][gc,age      ] GC(390) - age   7:       2840 bytes,    3297648 total
[2022-06-30T11:29:24.552+0000][9][gc,age      ] GC(390) - age   9:        480 bytes,    3298128 total
[2022-06-30T11:29:24.553+0000][9][gc,age      ] GC(390) - age  10:        184 bytes,    3298312 total
[2022-06-30T11:29:24.553+0000][9][gc,age      ] GC(390) - age  13:        184 bytes,    3298496 total
[2022-06-30T11:29:24.554+0000][9][gc,heap     ] GC(390) Eden regions: 75->0(75)
[2022-06-30T11:29:24.555+0000][9][gc,heap     ] GC(390) Survivor regions: 1->1(10)
[2022-06-30T11:29:24.555+0000][9][gc,heap     ] GC(390) Old regions: 23->23
[2022-06-30T11:29:24.556+0000][9][gc,heap     ] GC(390) Archive regions: 2->2
[2022-06-30T11:29:24.557+0000][9][gc,heap     ] GC(390) Humongous regions: 0->0
[2022-06-30T11:29:24.557+0000][9][gc,metaspace] GC(390) Metaspace: 131569K(134976K)->131569K(134976K) NonClass: 114403K(116160K)->114403K(116160K) Class: 17166K(18816K)->17166K(18816K)
[2022-06-30T11:29:24.558+0000][9][gc          ] GC(390) Pause Young (Normal) (G1 Evacuation Pause) 399M->99M(512M) 35.545ms
[2022-06-30T11:29:24.559+0000][9][gc,cpu      ] GC(390) User=0.03s Sys=0.00s Real=0.04s
[2022-06-30T11:29:24.561+0000][9][safepoint   ] Safepoint "G1CollectForAllocation", Time since last: 1927749555 ns, Reaching safepoint: 91706 ns, At safepoint: 38105149 ns, Total: 38196855 ns
[2022-06-30T11:30:09.583+0000][9][safepoint   ] Safepoint "Cleanup", Time since last: 45043555169 ns, Reaching safepoint: 366301 ns, At safepoint: 9494 ns, Total: 375795 ns
[2022-06-30T11:30:48.637+0000][9][gc,start    ] GC(391) Pause Young (Normal) (G1 Evacuation Pause)
[2022-06-30T11:30:48.638+0000][9][gc,task     ] GC(391) Using 4 workers of 4 for evacuation
[2022-06-30T11:30:48.640+0000][9][gc,age      ] GC(391) Desired survivor size 20971520 bytes, new threshold 15 (max threshold 15)
[2022-06-30T11:30:48.649+0000][9][gc,phases   ] GC(391)   Pre Evacuate Collection Set: 0.2ms
[2022-06-30T11:30:48.650+0000][9][gc,phases   ] GC(391)   Merge Heap Roots: 0.1ms
[2022-06-30T11:30:48.651+0000][9][gc,phases   ] GC(391)   Evacuate Collection Set: 6.0ms
[2022-06-30T11:30:48.652+0000][9][gc,phases   ] GC(391)   Post Evacuate Collection Set: 1.5ms
[2022-06-30T11:30:48.652+0000][9][gc,phases   ] GC(391)   Other: 3.0ms
[2022-06-30T11:30:48.653+0000][9][gc,age      ] GC(391) Age table with threshold 15 (max threshold 15)
[2022-06-30T11:30:48.654+0000][9][gc,age      ] GC(391) - age   1:    1565080 bytes,    1565080 total
[2022-06-30T11:30:48.654+0000][9][gc,age      ] GC(391) - age   2:     139408 bytes,    1704488 total
[2022-06-30T11:30:48.655+0000][9][gc,age      ] GC(391) - age   3:      16624 bytes,    1721112 total
[2022-06-30T11:30:48.656+0000][9][gc,age      ] GC(391) - age   4:       5192 bytes,    1726304 total
[2022-06-30T11:30:48.659+0000][9][gc,age      ] GC(391) - age   5:     199648 bytes,    1925952 total
[2022-06-30T11:30:48.660+0000][9][gc,age      ] GC(391) - age   6:     873368 bytes,    2799320 total
[2022-06-30T11:30:48.661+0000][9][gc,age      ] GC(391) - age   7:     452616 bytes,    3251936 total
[2022-06-30T11:30:48.662+0000][9][gc,age      ] GC(391) - age   8:       2840 bytes,    3254776 total
[2022-06-30T11:30:48.662+0000][9][gc,age      ] GC(391) - age  10:        480 bytes,    3255256 total
[2022-06-30T11:30:48.663+0000][9][gc,age      ] GC(391) - age  11:        184 bytes,    3255440 total
[2022-06-30T11:30:48.664+0000][9][gc,age      ] GC(391) - age  14:        184 bytes,    3255624 total
[2022-06-30T11:30:48.664+0000][9][gc,heap     ] GC(391) Eden regions: 75->0(75)
[2022-06-30T11:30:48.665+0000][9][gc,heap     ] GC(391) Survivor regions: 1->1(10)
[2022-06-30T11:30:48.666+0000][9][gc,heap     ] GC(391) Old regions: 23->23
[2022-06-30T11:30:48.666+0000][9][gc,heap     ] GC(391) Archive regions: 2->2
[2022-06-30T11:30:48.667+0000][9][gc,heap     ] GC(391) Humongous regions: 0->0
[2022-06-30T11:30:48.667+0000][9][gc,metaspace] GC(391) Metaspace: 131569K(134976K)->131569K(134976K) NonClass: 114403K(116160K)->114403K(116160K) Class: 17166K(18816K)->17166K(18816K)
[2022-06-30T11:30:48.668+0000][9][gc          ] GC(391) Pause Young (Normal) (G1 Evacuation Pause) 399M->99M(512M) 31.294ms
[2022-06-30T11:30:48.669+0000][9][gc,cpu      ] GC(391) User=0.02s Sys=0.00s Real=0.03s
[2022-06-30T11:30:48.669+0000][9][safepoint   ] Safepoint "G1CollectForAllocation", Time since last: 39076341306 ns, Reaching safepoint: 174452 ns, At safepoint: 32454251 ns, Total: 32628703 ns
[2022-06-30T11:31:12.669+0000][9][safepoint   ] Safepoint "Cleanup", Time since last: 24020565340 ns, Reaching safepoint: 510013 ns, At safepoint: 22302 ns, Total: 532315 ns
[2022-06-30T11:31:25.659+0000][9][safepoint   ] Safepoint "Cleanup", Time since last: 13009513839 ns, Reaching safepoint: 352226 ns, At safepoint: 14930 ns, Total: 367156 ns
[2022-06-30T11:31:33.668+0000][9][safepoint   ] Safepoint "Cleanup", Time since last: 8009043638 ns, Reaching safepoint: 134658 ns, At safepoint: 45077 ns, Total: 179735 ns
[2022-06-30T11:32:18.473+0000][9][gc,start    ] GC(392) Pause Young (Normal) (G1 Evacuation Pause)
[2022-06-30T11:32:18.474+0000][9][gc,task     ] GC(392) Using 4 workers of 4 for evacuation
[2022-06-30T11:32:18.474+0000][9][gc,age      ] GC(392) Desired survivor size 20971520 bytes, new threshold 15 (max threshold 15)
[2022-06-30T11:32:18.480+0000][9][gc,phases   ] GC(392)   Pre Evacuate Collection Set: 0.2ms
[2022-06-30T11:32:18.481+0000][9][gc,phases   ] GC(392)   Merge Heap Roots: 0.1ms
[2022-06-30T11:32:18.482+0000][9][gc,phases   ] GC(392)   Evacuate Collection Set: 2.8ms
[2022-06-30T11:32:18.483+0000][9][gc,phases   ] GC(392)   Post Evacuate Collection Set: 1.1ms
[2022-06-30T11:32:18.483+0000][9][gc,phases   ] GC(392)   Other: 2.1ms
[2022-06-30T11:32:18.484+0000][9][gc,age      ] GC(392) Age table with threshold 15 (max threshold 15)
[2022-06-30T11:32:18.484+0000][9][gc,age      ] GC(392) - age   1:    1186680 bytes,    1186680 total
[2022-06-30T11:32:18.485+0000][9][gc,age      ] GC(392) - age   2:      14112 bytes,    1200792 total
[2022-06-30T11:32:18.486+0000][9][gc,age      ] GC(392) - age   3:     138216 bytes,    1339008 total
[2022-06-30T11:32:18.486+0000][9][gc,age      ] GC(392) - age   4:       8608 bytes,    1347616 total
[2022-06-30T11:32:18.487+0000][9][gc,age      ] GC(392) - age   5:       5192 bytes,    1352808 total
[2022-06-30T11:32:18.487+0000][9][gc,age      ] GC(392) - age   6:     199368 bytes,    1552176 total
[2022-06-30T11:32:18.488+0000][9][gc,age      ] GC(392) - age   7:     873184 bytes,    2425360 total
[2022-06-30T11:32:18.489+0000][9][gc,age      ] GC(392) - age   8:     452432 bytes,    2877792 total
[2022-06-30T11:32:18.490+0000][9][gc,age      ] GC(392) - age   9:       2840 bytes,    2880632 total
[2022-06-30T11:32:18.491+0000][9][gc,age      ] GC(392) - age  11:        480 bytes,    2881112 total
[2022-06-30T11:32:18.491+0000][9][gc,age      ] GC(392) - age  12:        184 bytes,    2881296 total
[2022-06-30T11:32:18.492+0000][9][gc,age      ] GC(392) - age  15:        184 bytes,    2881480 total
[2022-06-30T11:32:18.493+0000][9][gc,heap     ] GC(392) Eden regions: 75->0(75)
[2022-06-30T11:32:18.493+0000][9][gc,heap     ] GC(392) Survivor regions: 1->1(10)
[2022-06-30T11:32:18.494+0000][9][gc,heap     ] GC(392) Old regions: 23->23
[2022-06-30T11:32:18.494+0000][9][gc,heap     ] GC(392) Archive regions: 2->2
[2022-06-30T11:32:18.495+0000][9][gc,heap     ] GC(392) Humongous regions: 0->0
[2022-06-30T11:32:18.496+0000][9][gc,metaspace] GC(392) Metaspace: 131571K(134976K)->131571K(134976K) NonClass: 114404K(116160K)->114404K(116160K) Class: 17166K(18816K)->17166K(18816K)
[2022-06-30T11:32:18.497+0000][9][gc          ] GC(392) Pause Young (Normal) (G1 Evacuation Pause) 399M->98M(512M) 24.072ms
[2022-06-30T11:32:18.497+0000][9][gc,cpu      ] GC(392) User=0.01s Sys=0.00s Real=0.03s
[2022-06-30T11:32:18.498+0000][9][safepoint   ] Safepoint "G1CollectForAllocation", Time since last: 44827421163 ns, Reaching safepoint: 227122 ns, At safepoint: 25790050 ns, Total: 26017172 ns
[2022-06-30T11:33:23.539+0000][9][safepoint   ] Safepoint "Cleanup", Time since last: 65105109312 ns, Reaching safepoint: 418763 ns, At safepoint: 20351 ns, Total: 439114 ns
[2022-06-30T11:33:37.343+0000][9][gc,start    ] GC(393) Pause Young (Normal) (G1 Evacuation Pause)
[2022-06-30T11:33:37.344+0000][9][gc,task     ] GC(393) Using 4 workers of 4 for evacuation
[2022-06-30T11:33:37.344+0000][9][gc,age      ] GC(393) Desired survivor size 20971520 bytes, new threshold 15 (max threshold 15)
[2022-06-30T11:33:37.351+0000][9][gc,phases   ] GC(393)   Pre Evacuate Collection Set: 0.2ms
[2022-06-30T11:33:37.351+0000][9][gc,phases   ] GC(393)   Merge Heap Roots: 0.1ms
[2022-06-30T11:33:37.352+0000][9][gc,phases   ] GC(393)   Evacuate Collection Set: 4.2ms
[2022-06-30T11:33:37.353+0000][9][gc,phases   ] GC(393)   Post Evacuate Collection Set: 1.2ms
[2022-06-30T11:33:37.353+0000][9][gc,phases   ] GC(393)   Other: 1.3ms
[2022-06-30T11:33:37.354+0000][9][gc,age      ] GC(393) Age table with threshold 15 (max threshold 15)
[2022-06-30T11:33:37.354+0000][9][gc,age      ] GC(393) - age   1:    1661608 bytes,    1661608 total
[2022-06-30T11:33:37.355+0000][9][gc,age      ] GC(393) - age   2:       1520 bytes,    1663128 total
[2022-06-30T11:33:37.356+0000][9][gc,age      ] GC(393) - age   3:       4520 bytes,    1667648 total
[2022-06-30T11:33:37.356+0000][9][gc,age      ] GC(393) - age   4:     137928 bytes,    1805576 total
[2022-06-30T11:33:37.357+0000][9][gc,age      ] GC(393) - age   5:       8576 bytes,    1814152 total
[2022-06-30T11:33:37.358+0000][9][gc,age      ] GC(393) - age   6:       5008 bytes,    1819160 total
[2022-06-30T11:33:37.358+0000][9][gc,age      ] GC(393) - age   7:     199368 bytes,    2018528 total
[2022-06-30T11:33:37.359+0000][9][gc,age      ] GC(393) - age   8:     871456 bytes,    2889984 total
[2022-06-30T11:33:37.359+0000][9][gc,age      ] GC(393) - age   9:     452432 bytes,    3342416 total
[2022-06-30T11:33:37.360+0000][9][gc,age      ] GC(393) - age  10:       2840 bytes,    3345256 total
[2022-06-30T11:33:37.360+0000][9][gc,age      ] GC(393) - age  12:        480 bytes,    3345736 total
[2022-06-30T11:33:37.361+0000][9][gc,age      ] GC(393) - age  13:        184 bytes,    3345920 total
[2022-06-30T11:33:37.362+0000][9][gc,heap     ] GC(393) Eden regions: 75->0(75)
[2022-06-30T11:33:37.362+0000][9][gc,heap     ] GC(393) Survivor regions: 1->1(10)
[2022-06-30T11:33:37.363+0000][9][gc,heap     ] GC(393) Old regions: 23->23
[2022-06-30T11:33:37.364+0000][9][gc,heap     ] GC(393) Archive regions: 2->2
[2022-06-30T11:33:37.365+0000][9][gc,heap     ] GC(393) Humongous regions: 0->0
[2022-06-30T11:33:37.366+0000][9][gc,metaspace] GC(393) Metaspace: 131571K(134976K)->131571K(134976K) NonClass: 114404K(116160K)->114404K(116160K) Class: 17166K(18816K)->17166K(18816K)
[2022-06-30T11:33:37.366+0000][9][gc          ] GC(393) Pause Young (Normal) (G1 Evacuation Pause) 398M->99M(512M) 23.738ms
[2022-06-30T11:33:37.367+0000][9][gc,cpu      ] GC(393) User=0.01s Sys=0.01s Real=0.02s
[2022-06-30T11:33:37.368+0000][9][safepoint   ] Safepoint "G1CollectForAllocation", Time since last: 13803279777 ns, Reaching safepoint: 150622 ns, At safepoint: 25480763 ns, Total: 25631385 ns
[2022-06-30T11:35:07.148+0000][9][gc,start    ] GC(394) Pause Young (Normal) (G1 Evacuation Pause)
[2022-06-30T11:35:07.153+0000][9][gc,task     ] GC(394) Using 4 workers of 4 for evacuation
[2022-06-30T11:35:07.153+0000][9][gc,age      ] GC(394) Desired survivor size 20971520 bytes, new threshold 15 (max threshold 15)
[2022-06-30T11:35:07.163+0000][9][gc,phases   ] GC(394)   Pre Evacuate Collection Set: 0.2ms
[2022-06-30T11:35:07.164+0000][9][gc,phases   ] GC(394)   Merge Heap Roots: 0.1ms
[2022-06-30T11:35:07.165+0000][9][gc,phases   ] GC(394)   Evacuate Collection Set: 7.3ms
[2022-06-30T11:35:07.165+0000][9][gc,phases   ] GC(394)   Post Evacuate Collection Set: 1.2ms
[2022-06-30T11:35:07.166+0000][9][gc,phases   ] GC(394)   Other: 1.3ms
[2022-06-30T11:35:07.166+0000][9][gc,age      ] GC(394) Age table with threshold 15 (max threshold 15)
[2022-06-30T11:35:07.167+0000][9][gc,age      ] GC(394) - age   1:    1737752 bytes,    1737752 total
[2022-06-30T11:35:07.168+0000][9][gc,age      ] GC(394) - age   2:      11456 bytes,    1749208 total
[2022-06-30T11:35:07.169+0000][9][gc,age      ] GC(394) - age   3:        520 bytes,    1749728 total
[2022-06-30T11:35:07.170+0000][9][gc,age      ] GC(394) - age   4:       4520 bytes,    1754248 total
[2022-06-30T11:35:07.171+0000][9][gc,age      ] GC(394) - age   5:     137632 bytes,    1891880 total
[2022-06-30T11:35:07.173+0000][9][gc,age      ] GC(394) - age   6:       8576 bytes,    1900456 total
[2022-06-30T11:35:07.174+0000][9][gc,age      ] GC(394) - age   7:       5008 bytes,    1905464 total
[2022-06-30T11:35:07.176+0000][9][gc,age      ] GC(394) - age   8:     199368 bytes,    2104832 total
[2022-06-30T11:35:07.176+0000][9][gc,age      ] GC(394) - age   9:     871272 bytes,    2976104 total
[2022-06-30T11:35:07.178+0000][9][gc,age      ] GC(394) - age  10:     452432 bytes,    3428536 total
[2022-06-30T11:35:07.179+0000][9][gc,age      ] GC(394) - age  11:       2840 bytes,    3431376 total
[2022-06-30T11:35:07.183+0000][9][gc,age      ] GC(394) - age  13:        480 bytes,    3431856 total
[2022-06-30T11:35:07.185+0000][9][gc,age      ] GC(394) - age  14:        184 bytes,    3432040 total
[2022-06-30T11:35:07.188+0000][9][gc,heap     ] GC(394) Eden regions: 75->0(75)
[2022-06-30T11:35:07.189+0000][9][gc,heap     ] GC(394) Survivor regions: 1->1(10)
[2022-06-30T11:35:07.190+0000][9][gc,heap     ] GC(394) Old regions: 23->23
[2022-06-30T11:35:07.192+0000][9][gc,heap     ] GC(394) Archive regions: 2->2
[2022-06-30T11:35:07.193+0000][9][gc,heap     ] GC(394) Humongous regions: 0->0
[2022-06-30T11:35:07.194+0000][9][gc,metaspace] GC(394) Metaspace: 131571K(134976K)->131571K(134976K) NonClass: 114404K(116160K)->114404K(116160K) Class: 17166K(18816K)->17166K(18816K)
[2022-06-30T11:35:07.196+0000][9][gc          ] GC(394) Pause Young (Normal) (G1 Evacuation Pause) 399M->99M(512M) 47.862ms
[2022-06-30T11:35:07.198+0000][9][gc,cpu      ] GC(394) User=0.02s Sys=0.00s Real=0.05s
[2022-06-30T11:35:07.200+0000][9][safepoint   ] Safepoint "G1CollectForAllocation", Time since last: 89844151564 ns, Reaching safepoint: 93686 ns, At safepoint: 51916078 ns, Total: 52009764 ns
[2022-06-30T11:36:34.137+0000][9][gc,start    ] GC(395) Pause Young (Normal) (G1 Evacuation Pause)
[2022-06-30T11:36:34.138+0000][9][gc,task     ] GC(395) Using 4 workers of 4 for evacuation
[2022-06-30T11:36:34.139+0000][9][gc,age      ] GC(395) Desired survivor size 20971520 bytes, new threshold 15 (max threshold 15)
[2022-06-30T11:36:34.144+0000][9][gc,phases   ] GC(395)   Pre Evacuate Collection Set: 0.2ms
[2022-06-30T11:36:34.145+0000][9][gc,phases   ] GC(395)   Merge Heap Roots: 0.1ms
[2022-06-30T11:36:34.146+0000][9][gc,phases   ] GC(395)   Evacuate Collection Set: 2.6ms
[2022-06-30T11:36:34.146+0000][9][gc,phases   ] GC(395)   Post Evacuate Collection Set: 1.3ms
[2022-06-30T11:36:34.147+0000][9][gc,phases   ] GC(395)   Other: 1.8ms
[2022-06-30T11:36:34.148+0000][9][gc,age      ] GC(395) Age table with threshold 15 (max threshold 15)
[2022-06-30T11:36:34.149+0000][9][gc,age      ] GC(395) - age   1:    1326632 bytes,    1326632 total
[2022-06-30T11:36:34.149+0000][9][gc,age      ] GC(395) - age   2:       2632 bytes,    1329264 total
[2022-06-30T11:36:34.150+0000][9][gc,age      ] GC(395) - age   3:      10136 bytes,    1339400 total
[2022-06-30T11:36:34.150+0000][9][gc,age      ] GC(395) - age   4:        520 bytes,    1339920 total
[2022-06-30T11:36:34.151+0000][9][gc,age      ] GC(395) - age   5:       4488 bytes,    1344408 total
[2022-06-30T11:36:34.152+0000][9][gc,age      ] GC(395) - age   6:     137632 bytes,    1482040 total
[2022-06-30T11:36:34.152+0000][9][gc,age      ] GC(395) - age   7:       8576 bytes,    1490616 total
[2022-06-30T11:36:34.153+0000][9][gc,age      ] GC(395) - age   8:       5008 bytes,    1495624 total
[2022-06-30T11:36:34.153+0000][9][gc,age      ] GC(395) - age   9:     199368 bytes,    1694992 total
[2022-06-30T11:36:34.154+0000][9][gc,age      ] GC(395) - age  10:     871272 bytes,    2566264 total
[2022-06-30T11:36:34.154+0000][9][gc,age      ] GC(395) - age  11:     452432 bytes,    3018696 total
[2022-06-30T11:36:34.155+0000][9][gc,age      ] GC(395) - age  12:       2840 bytes,    3021536 total
[2022-06-30T11:36:34.156+0000][9][gc,age      ] GC(395) - age  14:        480 bytes,    3022016 total
[2022-06-30T11:36:34.156+0000][9][gc,age      ] GC(395) - age  15:        184 bytes,    3022200 total
[2022-06-30T11:36:34.157+0000][9][gc,heap     ] GC(395) Eden regions: 75->0(75)
[2022-06-30T11:36:34.157+0000][9][gc,heap     ] GC(395) Survivor regions: 1->1(10)
[2022-06-30T11:36:34.158+0000][9][gc,heap     ] GC(395) Old regions: 23->23
[2022-06-30T11:36:34.159+0000][9][gc,heap     ] GC(395) Archive regions: 2->2
[2022-06-30T11:36:34.159+0000][9][gc,heap     ] GC(395) Humongous regions: 0->0
[2022-06-30T11:36:34.162+0000][9][gc,metaspace] GC(395) Metaspace: 131571K(134976K)->131571K(134976K) NonClass: 114404K(116160K)->114404K(116160K) Class: 17166K(18816K)->17166K(18816K)
[2022-06-30T11:36:34.162+0000][9][gc          ] GC(395) Pause Young (Normal) (G1 Evacuation Pause) 399M->99M(512M) 25.337ms
[2022-06-30T11:36:34.163+0000][9][gc,cpu      ] GC(395) User=0.02s Sys=0.00s Real=0.03s
[2022-06-30T11:36:34.164+0000][9][safepoint   ] Safepoint "G1CollectForAllocation", Time since last: 87000948889 ns, Reaching safepoint: 126970 ns, At safepoint: 27423642 ns, Total: 27550612 ns
[2022-06-30T11:37:40.198+0000][9][safepoint   ] Safepoint "Cleanup", Time since last: 66077373052 ns, Reaching safepoint: 232072 ns, At safepoint: 6300 ns, Total: 238372 ns
[2022-06-30T11:37:46.209+0000][9][safepoint   ] Safepoint "Cleanup", Time since last: 6010716372 ns, Reaching safepoint: 159952 ns, At safepoint: 6650 ns, Total: 166602 ns
[2022-06-30T11:37:50.216+0000][9][safepoint   ] Safepoint "Cleanup", Time since last: 4007084680 ns, Reaching safepoint: 410954 ns, At safepoint: 13699 ns, Total: 424653 ns
[2022-06-30T11:37:52.198+0000][9][safepoint   ] Safepoint "Cleanup", Time since last: 2003324341 ns, Reaching safepoint: 210883 ns, At safepoint: 34687 ns, Total: 245570 ns
[2022-06-30T11:38:18.632+0000][9][gc,start    ] GC(396) Pause Young (Normal) (G1 Evacuation Pause)
[2022-06-30T11:38:18.634+0000][9][gc,task     ] GC(396) Using 4 workers of 4 for evacuation
[2022-06-30T11:38:18.635+0000][9][gc,age      ] GC(396) Desired survivor size 20971520 bytes, new threshold 15 (max threshold 15)
[2022-06-30T11:38:18.642+0000][9][gc,phases   ] GC(396)   Pre Evacuate Collection Set: 0.3ms
[2022-06-30T11:38:18.642+0000][9][gc,phases   ] GC(396)   Merge Heap Roots: 0.2ms
[2022-06-30T11:38:18.643+0000][9][gc,phases   ] GC(396)   Evacuate Collection Set: 3.6ms
[2022-06-30T11:38:18.644+0000][9][gc,phases   ] GC(396)   Post Evacuate Collection Set: 1.1ms
[2022-06-30T11:38:18.644+0000][9][gc,phases   ] GC(396)   Other: 2.6ms
[2022-06-30T11:38:18.645+0000][9][gc,age      ] GC(396) Age table with threshold 15 (max threshold 15)
[2022-06-30T11:38:18.646+0000][9][gc,age      ] GC(396) - age   1:     744456 bytes,     744456 total
[2022-06-30T11:38:18.646+0000][9][gc,age      ] GC(396) - age   2:       9624 bytes,     754080 total
[2022-06-30T11:38:18.647+0000][9][gc,age      ] GC(396) - age   3:        288 bytes,     754368 total
[2022-06-30T11:38:18.647+0000][9][gc,age      ] GC(396) - age   4:      10136 bytes,     764504 total
[2022-06-30T11:38:18.648+0000][9][gc,age      ] GC(396) - age   5:        488 bytes,     764992 total
[2022-06-30T11:38:18.648+0000][9][gc,age      ] GC(396) - age   6:       4488 bytes,     769480 total
[2022-06-30T11:38:18.649+0000][9][gc,age      ] GC(396) - age   7:     137632 bytes,     907112 total
[2022-06-30T11:38:18.649+0000][9][gc,age      ] GC(396) - age   8:        464 bytes,     907576 total
[2022-06-30T11:38:18.650+0000][9][gc,age      ] GC(396) - age   9:       5008 bytes,     912584 total
[2022-06-30T11:38:18.653+0000][9][gc,age      ] GC(396) - age  10:     199368 bytes,    1111952 total
[2022-06-30T11:38:18.654+0000][9][gc,age      ] GC(396) - age  11:     870880 bytes,    1982832 total
[2022-06-30T11:38:18.655+0000][9][gc,age      ] GC(396) - age  12:     452432 bytes,    2435264 total
[2022-06-30T11:38:18.655+0000][9][gc,age      ] GC(396) - age  13:       2840 bytes,    2438104 total
[2022-06-30T11:38:18.656+0000][9][gc,age      ] GC(396) - age  15:        480 bytes,    2438584 total
[2022-06-30T11:38:18.657+0000][9][gc,heap     ] GC(396) Eden regions: 75->0(75)
[2022-06-30T11:38:18.657+0000][9][gc,heap     ] GC(396) Survivor regions: 1->1(10)
[2022-06-30T11:38:18.658+0000][9][gc,heap     ] GC(396) Old regions: 23->23
[2022-06-30T11:38:18.659+0000][9][gc,heap     ] GC(396) Archive regions: 2->2
[2022-06-30T11:38:18.659+0000][9][gc,heap     ] GC(396) Humongous regions: 0->0
[2022-06-30T11:38:18.660+0000][9][gc,metaspace] GC(396) Metaspace: 131571K(134976K)->131571K(134976K) NonClass: 114404K(116160K)->114404K(116160K) Class: 17166K(18816K)->17166K(18816K)
[2022-06-30T11:38:18.661+0000][9][gc          ] GC(396) Pause Young (Normal) (G1 Evacuation Pause) 399M->98M(512M) 28.361ms
[2022-06-30T11:38:18.661+0000][9][gc,cpu      ] GC(396) User=0.01s Sys=0.00s Real=0.03s
[2022-06-30T11:38:18.662+0000][9][safepoint   ] Safepoint "G1CollectForAllocation", Time since last: 26434245620 ns, Reaching safepoint: 218654 ns, At safepoint: 29745428 ns, Total: 29964082 ns
[2022-06-30T11:40:10.081+0000][9][gc,start    ] GC(397) Pause Young (Normal) (G1 Evacuation Pause)
[2022-06-30T11:40:10.082+0000][9][gc,task     ] GC(397) Using 4 workers of 4 for evacuation
[2022-06-30T11:40:10.084+0000][9][gc,age      ] GC(397) Desired survivor size 20971520 bytes, new threshold 15 (max threshold 15)
[2022-06-30T11:40:10.090+0000][9][gc,phases   ] GC(397)   Pre Evacuate Collection Set: 0.3ms
[2022-06-30T11:40:10.091+0000][9][gc,phases   ] GC(397)   Merge Heap Roots: 0.2ms
[2022-06-30T11:40:10.092+0000][9][gc,phases   ] GC(397)   Evacuate Collection Set: 3.6ms
[2022-06-30T11:40:10.095+0000][9][gc,phases   ] GC(397)   Post Evacuate Collection Set: 1.4ms
[2022-06-30T11:40:10.095+0000][9][gc,phases   ] GC(397)   Other: 2.0ms
[2022-06-30T11:40:10.096+0000][9][gc,age      ] GC(397) Age table with threshold 15 (max threshold 15)
[2022-06-30T11:40:10.097+0000][9][gc,age      ] GC(397) - age   1:    1035072 bytes,    1035072 total
[2022-06-30T11:40:10.097+0000][9][gc,age      ] GC(397) - age   2:       6616 bytes,    1041688 total
[2022-06-30T11:40:10.098+0000][9][gc,age      ] GC(397) - age   3:       8536 bytes,    1050224 total
[2022-06-30T11:40:10.099+0000][9][gc,age      ] GC(397) - age   4:        224 bytes,    1050448 total
[2022-06-30T11:40:10.099+0000][9][gc,age      ] GC(397) - age   5:      10040 bytes,    1060488 total
[2022-06-30T11:40:10.100+0000][9][gc,age      ] GC(397) - age   6:        128 bytes,    1060616 total
[2022-06-30T11:40:10.101+0000][9][gc,age      ] GC(397) - age   7:       4488 bytes,    1065104 total
[2022-06-30T11:40:10.101+0000][9][gc,age      ] GC(397) - age   8:     135184 bytes,    1200288 total
[2022-06-30T11:40:10.102+0000][9][gc,age      ] GC(397) - age   9:        464 bytes,    1200752 total
[2022-06-30T11:40:10.102+0000][9][gc,age      ] GC(397) - age  10:       5008 bytes,    1205760 total
[2022-06-30T11:40:10.103+0000][9][gc,age      ] GC(397) - age  11:     199368 bytes,    1405128 total
[2022-06-30T11:40:10.103+0000][9][gc,age      ] GC(397) - age  12:     870848 bytes,    2275976 total
[2022-06-30T11:40:10.104+0000][9][gc,age      ] GC(397) - age  13:     452432 bytes,    2728408 total
[2022-06-30T11:40:10.105+0000][9][gc,age      ] GC(397) - age  14:       2840 bytes,    2731248 total
[2022-06-30T11:40:10.105+0000][9][gc,heap     ] GC(397) Eden regions: 75->0(75)
[2022-06-30T11:40:10.106+0000][9][gc,heap     ] GC(397) Survivor regions: 1->1(10)
[2022-06-30T11:40:10.107+0000][9][gc,heap     ] GC(397) Old regions: 23->23
[2022-06-30T11:40:10.107+0000][9][gc,heap     ] GC(397) Archive regions: 2->2
[2022-06-30T11:40:10.108+0000][9][gc,heap     ] GC(397) Humongous regions: 0->0
[2022-06-30T11:40:10.108+0000][9][gc,metaspace] GC(397) Metaspace: 131571K(134976K)->131571K(134976K) NonClass: 114404K(116160K)->114404K(116160K) Class: 17166K(18816K)->17166K(18816K)
[2022-06-30T11:40:10.110+0000][9][gc          ] GC(397) Pause Young (Normal) (G1 Evacuation Pause) 398M->98M(512M) 28.595ms
[2022-06-30T11:40:10.110+0000][9][gc,cpu      ] GC(397) User=0.02s Sys=0.00s Real=0.03s
[2022-06-30T11:40:10.111+0000][9][safepoint   ] Safepoint "G1CollectForAllocation", Time since last: 111506715489 ns, Reaching safepoint: 105537 ns, At safepoint: 30030730 ns, Total: 30136267 ns
[2022-06-30T11:42:04.043+0000][9][gc,start    ] GC(398) Pause Young (Normal) (G1 Evacuation Pause)
[2022-06-30T11:42:04.045+0000][9][gc,task     ] GC(398) Using 4 workers of 4 for evacuation
[2022-06-30T11:42:04.046+0000][9][gc,age      ] GC(398) Desired survivor size 20971520 bytes, new threshold 15 (max threshold 15)
[2022-06-30T11:42:04.052+0000][9][gc,phases   ] GC(398)   Pre Evacuate Collection Set: 0.3ms
[2022-06-30T11:42:04.053+0000][9][gc,phases   ] GC(398)   Merge Heap Roots: 0.2ms
[2022-06-30T11:42:04.054+0000][9][gc,phases   ] GC(398)   Evacuate Collection Set: 3.3ms
[2022-06-30T11:42:04.055+0000][9][gc,phases   ] GC(398)   Post Evacuate Collection Set: 1.1ms
[2022-06-30T11:42:04.056+0000][9][gc,phases   ] GC(398)   Other: 1.9ms
[2022-06-30T11:42:04.058+0000][9][gc,age      ] GC(398) Age table with threshold 15 (max threshold 15)
[2022-06-30T11:42:04.058+0000][9][gc,age      ] GC(398) - age   1:    1276144 bytes,    1276144 total
[2022-06-30T11:42:04.059+0000][9][gc,age      ] GC(398) - age   2:       6280 bytes,    1282424 total
[2022-06-30T11:42:04.060+0000][9][gc,age      ] GC(398) - age   3:       5272 bytes,    1287696 total
[2022-06-30T11:42:04.060+0000][9][gc,age      ] GC(398) - age   4:       8048 bytes,    1295744 total
[2022-06-30T11:42:04.061+0000][9][gc,age      ] GC(398) - age   5:        224 bytes,    1295968 total
[2022-06-30T11:42:04.061+0000][9][gc,age      ] GC(398) - age   6:      10040 bytes,    1306008 total
[2022-06-30T11:42:04.062+0000][9][gc,age      ] GC(398) - age   7:        128 bytes,    1306136 total
[2022-06-30T11:42:04.063+0000][9][gc,age      ] GC(398) - age   8:       4488 bytes,    1310624 total
[2022-06-30T11:42:04.063+0000][9][gc,age      ] GC(398) - age   9:     135184 bytes,    1445808 total
[2022-06-30T11:42:04.064+0000][9][gc,age      ] GC(398) - age  10:        280 bytes,    1446088 total
[2022-06-30T11:42:04.065+0000][9][gc,age      ] GC(398) - age  11:       5008 bytes,    1451096 total
[2022-06-30T11:42:04.065+0000][9][gc,age      ] GC(398) - age  12:     199368 bytes,    1650464 total
[2022-06-30T11:42:04.066+0000][9][gc,age      ] GC(398) - age  13:     870848 bytes,    2521312 total
[2022-06-30T11:42:04.067+0000][9][gc,age      ] GC(398) - age  14:     452432 bytes,    2973744 total
[2022-06-30T11:42:04.067+0000][9][gc,age      ] GC(398) - age  15:       2840 bytes,    2976584 total
[2022-06-30T11:42:04.068+0000][9][gc,heap     ] GC(398) Eden regions: 75->0(75)
[2022-06-30T11:42:04.069+0000][9][gc,heap     ] GC(398) Survivor regions: 1->1(10)
[2022-06-30T11:42:04.069+0000][9][gc,heap     ] GC(398) Old regions: 23->23
[2022-06-30T11:42:04.070+0000][9][gc,heap     ] GC(398) Archive regions: 2->2
[2022-06-30T11:42:04.071+0000][9][gc,heap     ] GC(398) Humongous regions: 0->0
[2022-06-30T11:42:04.072+0000][9][gc,metaspace] GC(398) Metaspace: 131571K(134976K)->131571K(134976K) NonClass: 114404K(116160K)->114404K(116160K) Class: 17166K(18816K)->17166K(18816K)
[2022-06-30T11:42:04.073+0000][9][gc          ] GC(398) Pause Young (Normal) (G1 Evacuation Pause) 398M->98M(512M) 29.854ms
[2022-06-30T11:42:04.074+0000][9][gc,cpu      ] GC(398) User=0.01s Sys=0.00s Real=0.04s
[2022-06-30T11:42:04.074+0000][9][safepoint   ] Safepoint "G1CollectForAllocation", Time since last: 114016638225 ns, Reaching safepoint: 375801 ns, At safepoint: 31141078 ns, Total: 31516879 ns
[2022-06-30T11:43:46.020+0000][9][gc,start    ] GC(399) Pause Young (Normal) (G1 Evacuation Pause)
[2022-06-30T11:43:46.021+0000][9][gc,task     ] GC(399) Using 4 workers of 4 for evacuation
[2022-06-30T11:43:46.022+0000][9][gc,age      ] GC(399) Desired survivor size 20971520 bytes, new threshold 15 (max threshold 15)
[2022-06-30T11:43:46.027+0000][9][gc,phases   ] GC(399)   Pre Evacuate Collection Set: 0.2ms
[2022-06-30T11:43:46.028+0000][9][gc,phases   ] GC(399)   Merge Heap Roots: 0.1ms
[2022-06-30T11:43:46.031+0000][9][gc,phases   ] GC(399)   Evacuate Collection Set: 3.2ms
[2022-06-30T11:43:46.032+0000][9][gc,phases   ] GC(399)   Post Evacuate Collection Set: 1.2ms
[2022-06-30T11:43:46.033+0000][9][gc,phases   ] GC(399)   Other: 1.6ms
[2022-06-30T11:43:46.034+0000][9][gc,age      ] GC(399) Age table with threshold 15 (max threshold 15)
[2022-06-30T11:43:46.034+0000][9][gc,age      ] GC(399) - age   1:     775976 bytes,     775976 total
[2022-06-30T11:43:46.035+0000][9][gc,age      ] GC(399) - age   2:      10112 bytes,     786088 total
[2022-06-30T11:43:46.035+0000][9][gc,age      ] GC(399) - age   3:       5184 bytes,     791272 total
[2022-06-30T11:43:46.036+0000][9][gc,age      ] GC(399) - age   4:       5272 bytes,     796544 total
[2022-06-30T11:43:46.037+0000][9][gc,age      ] GC(399) - age   5:       8048 bytes,     804592 total
[2022-06-30T11:43:46.037+0000][9][gc,age      ] GC(399) - age   6:        200 bytes,     804792 total
[2022-06-30T11:43:46.038+0000][9][gc,age      ] GC(399) - age   7:       8312 bytes,     813104 total
[2022-06-30T11:43:46.039+0000][9][gc,age      ] GC(399) - age   8:        128 bytes,     813232 total
[2022-06-30T11:43:46.040+0000][9][gc,age      ] GC(399) - age   9:       4488 bytes,     817720 total
[2022-06-30T11:43:46.040+0000][9][gc,age      ] GC(399) - age  10:     135184 bytes,     952904 total
[2022-06-30T11:43:46.041+0000][9][gc,age      ] GC(399) - age  11:        280 bytes,     953184 total
[2022-06-30T11:43:46.041+0000][9][gc,age      ] GC(399) - age  12:       5008 bytes,     958192 total
[2022-06-30T11:43:46.042+0000][9][gc,age      ] GC(399) - age  13:     199368 bytes,    1157560 total
[2022-06-30T11:43:46.042+0000][9][gc,age      ] GC(399) - age  14:     870848 bytes,    2028408 total
[2022-06-30T11:43:46.043+0000][9][gc,age      ] GC(399) - age  15:     452432 bytes,    2480840 total
[2022-06-30T11:43:46.043+0000][9][gc,heap     ] GC(399) Eden regions: 75->0(75)
[2022-06-30T11:43:46.044+0000][9][gc,heap     ] GC(399) Survivor regions: 1->1(10)
[2022-06-30T11:43:46.045+0000][9][gc,heap     ] GC(399) Old regions: 23->23
[2022-06-30T11:43:46.046+0000][9][gc,heap     ] GC(399) Archive regions: 2->2
[2022-06-30T11:43:46.047+0000][9][gc,heap     ] GC(399) Humongous regions: 0->0
[2022-06-30T11:43:46.047+0000][9][gc,metaspace] GC(399) Metaspace: 131571K(134976K)->131571K(134976K) NonClass: 114404K(116160K)->114404K(116160K) Class: 17166K(18816K)->17166K(18816K)
[2022-06-30T11:43:46.048+0000][9][gc          ] GC(399) Pause Young (Normal) (G1 Evacuation Pause) 398M->98M(512M) 28.355ms
[2022-06-30T11:43:46.049+0000][9][gc,cpu      ] GC(399) User=0.01s Sys=0.01s Real=0.03s
[2022-06-30T11:43:46.050+0000][9][safepoint   ] Safepoint "G1CollectForAllocation", Time since last: 102010657796 ns, Reaching safepoint: 120472 ns, At safepoint: 29587076 ns, Total: 29707548 ns
[2022-06-30T11:45:34.060+0000][9][gc,start    ] GC(400) Pause Young (Normal) (G1 Evacuation Pause)
[2022-06-30T11:45:34.061+0000][9][gc,task     ] GC(400) Using 4 workers of 4 for evacuation
[2022-06-30T11:45:34.062+0000][9][gc,age      ] GC(400) Desired survivor size 20971520 bytes, new threshold 15 (max threshold 15)
[2022-06-30T11:45:34.069+0000][9][gc,phases   ] GC(400)   Pre Evacuate Collection Set: 0.2ms
[2022-06-30T11:45:34.070+0000][9][gc,phases   ] GC(400)   Merge Heap Roots: 0.1ms
[2022-06-30T11:45:34.072+0000][9][gc,phases   ] GC(400)   Evacuate Collection Set: 4.7ms
[2022-06-30T11:45:34.073+0000][9][gc,phases   ] GC(400)   Post Evacuate Collection Set: 1.4ms
[2022-06-30T11:45:34.073+0000][9][gc,phases   ] GC(400)   Other: 1.9ms
[2022-06-30T11:45:34.074+0000][9][gc,age      ] GC(400) Age table with threshold 15 (max threshold 15)
[2022-06-30T11:45:34.074+0000][9][gc,age      ] GC(400) - age   1:    1078848 bytes,    1078848 total
[2022-06-30T11:45:34.075+0000][9][gc,age      ] GC(400) - age   2:       7568 bytes,    1086416 total
[2022-06-30T11:45:34.076+0000][9][gc,age      ] GC(400) - age   3:        728 bytes,    1087144 total
[2022-06-30T11:45:34.076+0000][9][gc,age      ] GC(400) - age   4:       5120 bytes,    1092264 total
[2022-06-30T11:45:34.077+0000][9][gc,age      ] GC(400) - age   5:       5272 bytes,    1097536 total
[2022-06-30T11:45:34.077+0000][9][gc,age      ] GC(400) - age   6:         32 bytes,    1097568 total
[2022-06-30T11:45:34.077+0000][9][gc,age      ] GC(400) - age   7:        200 bytes,    1097768 total
[2022-06-30T11:45:34.078+0000][9][gc,age      ] GC(400) - age   8:       8312 bytes,    1106080 total
[2022-06-30T11:45:34.078+0000][9][gc,age      ] GC(400) - age   9:        128 bytes,    1106208 total
[2022-06-30T11:45:34.079+0000][9][gc,age      ] GC(400) - age  10:       4488 bytes,    1110696 total
[2022-06-30T11:45:34.079+0000][9][gc,age      ] GC(400) - age  11:     135184 bytes,    1245880 total
[2022-06-30T11:45:34.080+0000][9][gc,age      ] GC(400) - age  12:        280 bytes,    1246160 total
[2022-06-30T11:45:34.080+0000][9][gc,age      ] GC(400) - age  13:       5008 bytes,    1251168 total
[2022-06-30T11:45:34.081+0000][9][gc,age      ] GC(400) - age  14:     198984 bytes,    1450152 total
[2022-06-30T11:45:34.082+0000][9][gc,age      ] GC(400) - age  15:     870848 bytes,    2321000 total
[2022-06-30T11:45:34.083+0000][9][gc,heap     ] GC(400) Eden regions: 75->0(75)
[2022-06-30T11:45:34.083+0000][9][gc,heap     ] GC(400) Survivor regions: 1->1(10)
[2022-06-30T11:45:34.084+0000][9][gc,heap     ] GC(400) Old regions: 23->24
[2022-06-30T11:45:34.084+0000][9][gc,heap     ] GC(400) Archive regions: 2->2
[2022-06-30T11:45:34.085+0000][9][gc,heap     ] GC(400) Humongous regions: 0->0
[2022-06-30T11:45:34.085+0000][9][gc,metaspace] GC(400) Metaspace: 131571K(134976K)->131571K(134976K) NonClass: 114404K(116160K)->114404K(116160K) Class: 17166K(18816K)->17166K(18816K)
[2022-06-30T11:45:34.086+0000][9][gc          ] GC(400) Pause Young (Normal) (G1 Evacuation Pause) 398M->98M(512M) 26.180ms
[2022-06-30T11:45:34.087+0000][9][gc,cpu      ] GC(400) User=0.02s Sys=0.00s Real=0.03s
[2022-06-30T11:45:34.088+0000][9][safepoint   ] Safepoint "G1CollectForAllocation", Time since last: 108094355163 ns, Reaching safepoint: 127286 ns, At safepoint: 28068842 ns, Total: 28196128 ns
[2022-06-30T11:47:22.745+0000][9][gc,start    ] GC(401) Pause Young (Normal) (G1 Evacuation Pause)
[2022-06-30T11:47:22.747+0000][9][gc,task     ] GC(401) Using 4 workers of 4 for evacuation
[2022-06-30T11:47:22.748+0000][9][gc,age      ] GC(401) Desired survivor size 20971520 bytes, new threshold 15 (max threshold 15)
[2022-06-30T11:47:22.754+0000][9][gc,phases   ] GC(401)   Pre Evacuate Collection Set: 0.2ms
[2022-06-30T11:47:22.754+0000][9][gc,phases   ] GC(401)   Merge Heap Roots: 0.2ms
[2022-06-30T11:47:22.755+0000][9][gc,phases   ] GC(401)   Evacuate Collection Set: 3.6ms
[2022-06-30T11:47:22.756+0000][9][gc,phases   ] GC(401)   Post Evacuate Collection Set: 1.1ms
[2022-06-30T11:47:22.756+0000][9][gc,phases   ] GC(401)   Other: 1.5ms
[2022-06-30T11:47:22.757+0000][9][gc,age      ] GC(401) Age table with threshold 15 (max threshold 15)
[2022-06-30T11:47:22.757+0000][9][gc,age      ] GC(401) - age   1:    1790680 bytes,    1790680 total
[2022-06-30T11:47:22.758+0000][9][gc,age      ] GC(401) - age   2:      15096 bytes,    1805776 total
[2022-06-30T11:47:22.759+0000][9][gc,age      ] GC(401) - age   3:       7056 bytes,    1812832 total
[2022-06-30T11:47:22.760+0000][9][gc,age      ] GC(401) - age   4:        248 bytes,    1813080 total
[2022-06-30T11:47:22.761+0000][9][gc,age      ] GC(401) - age   5:       5120 bytes,    1818200 total
[2022-06-30T11:47:22.761+0000][9][gc,age      ] GC(401) - age   6:       5272 bytes,    1823472 total
[2022-06-30T11:47:22.762+0000][9][gc,age      ] GC(401) - age   8:        200 bytes,    1823672 total
[2022-06-30T11:47:22.763+0000][9][gc,age      ] GC(401) - age   9:       8312 bytes,    1831984 total
[2022-06-30T11:47:22.763+0000][9][gc,age      ] GC(401) - age  10:        128 bytes,    1832112 total
[2022-06-30T11:47:22.764+0000][9][gc,age      ] GC(401) - age  11:       4488 bytes,    1836600 total
[2022-06-30T11:47:22.764+0000][9][gc,age      ] GC(401) - age  12:     135184 bytes,    1971784 total
[2022-06-30T11:47:22.765+0000][9][gc,age      ] GC(401) - age  13:        280 bytes,    1972064 total
[2022-06-30T11:47:22.765+0000][9][gc,age      ] GC(401) - age  14:       5008 bytes,    1977072 total
[2022-06-30T11:47:22.765+0000][9][gc,age      ] GC(401) - age  15:     198984 bytes,    2176056 total
[2022-06-30T11:47:22.766+0000][9][gc,heap     ] GC(401) Eden regions: 75->0(75)
[2022-06-30T11:47:22.767+0000][9][gc,heap     ] GC(401) Survivor regions: 1->1(10)
[2022-06-30T11:47:22.767+0000][9][gc,heap     ] GC(401) Old regions: 24->24
[2022-06-30T11:47:22.768+0000][9][gc,heap     ] GC(401) Archive regions: 2->2
[2022-06-30T11:47:22.768+0000][9][gc,heap     ] GC(401) Humongous regions: 0->0
[2022-06-30T11:47:22.769+0000][9][gc,metaspace] GC(401) Metaspace: 131571K(134976K)->131571K(134976K) NonClass: 114404K(116160K)->114404K(116160K) Class: 17166K(18816K)->17166K(18816K)
[2022-06-30T11:47:22.770+0000][9][gc          ] GC(401) Pause Young (Normal) (G1 Evacuation Pause) 398M->99M(512M) 24.790ms
[2022-06-30T11:47:22.771+0000][9][gc,cpu      ] GC(401) User=0.02s Sys=0.00s Real=0.03s
[2022-06-30T11:47:22.772+0000][9][safepoint   ] Safepoint "G1CollectForAllocation", Time since last: 108745240514 ns, Reaching safepoint: 105622 ns, At safepoint: 26935311 ns, Total: 27040933 ns
[2022-06-30T11:49:09.932+0000][9][gc,start    ] GC(402) Pause Young (Normal) (G1 Evacuation Pause)
[2022-06-30T11:49:09.934+0000][9][gc,task     ] GC(402) Using 4 workers of 4 for evacuation
[2022-06-30T11:49:09.937+0000][9][gc,age      ] GC(402) Desired survivor size 20971520 bytes, new threshold 15 (max threshold 15)
[2022-06-30T11:49:09.941+0000][9][gc,phases   ] GC(402)   Pre Evacuate Collection Set: 0.2ms
[2022-06-30T11:49:09.942+0000][9][gc,phases   ] GC(402)   Merge Heap Roots: 0.1ms
[2022-06-30T11:49:09.943+0000][9][gc,phases   ] GC(402)   Evacuate Collection Set: 1.9ms
[2022-06-30T11:49:09.943+0000][9][gc,phases   ] GC(402)   Post Evacuate Collection Set: 1.1ms
[2022-06-30T11:49:09.944+0000][9][gc,phases   ] GC(402)   Other: 4.1ms
[2022-06-30T11:49:09.944+0000][9][gc,age      ] GC(402) Age table with threshold 15 (max threshold 15)
[2022-06-30T11:49:09.945+0000][9][gc,age      ] GC(402) - age   1:     873088 bytes,     873088 total
[2022-06-30T11:49:09.946+0000][9][gc,age      ] GC(402) - age   2:       1448 bytes,     874536 total
[2022-06-30T11:49:09.946+0000][9][gc,age      ] GC(402) - age   3:       5512 bytes,     880048 total
[2022-06-30T11:49:09.947+0000][9][gc,age      ] GC(402) - age   4:       6872 bytes,     886920 total
[2022-06-30T11:49:09.947+0000][9][gc,age      ] GC(402) - age   5:        184 bytes,     887104 total
[2022-06-30T11:49:09.948+0000][9][gc,age      ] GC(402) - age   6:       4968 bytes,     892072 total
[2022-06-30T11:49:09.949+0000][9][gc,age      ] GC(402) - age   7:       5272 bytes,     897344 total
[2022-06-30T11:49:09.949+0000][9][gc,age      ] GC(402) - age   9:        200 bytes,     897544 total
[2022-06-30T11:49:09.950+0000][9][gc,age      ] GC(402) - age  10:       8312 bytes,     905856 total
[2022-06-30T11:49:09.951+0000][9][gc,age      ] GC(402) - age  11:         96 bytes,     905952 total
[2022-06-30T11:49:09.951+0000][9][gc,age      ] GC(402) - age  12:       4488 bytes,     910440 total
[2022-06-30T11:49:09.951+0000][9][gc,age      ] GC(402) - age  13:     135184 bytes,    1045624 total
[2022-06-30T11:49:09.952+0000][9][gc,age      ] GC(402) - age  14:        280 bytes,    1045904 total
[2022-06-30T11:49:09.953+0000][9][gc,age      ] GC(402) - age  15:       5008 bytes,    1050912 total
[2022-06-30T11:49:09.954+0000][9][gc,heap     ] GC(402) Eden regions: 75->0(75)
[2022-06-30T11:49:09.954+0000][9][gc,heap     ] GC(402) Survivor regions: 1->1(10)
[2022-06-30T11:49:09.955+0000][9][gc,heap     ] GC(402) Old regions: 24->24
[2022-06-30T11:49:09.955+0000][9][gc,heap     ] GC(402) Archive regions: 2->2
[2022-06-30T11:49:09.956+0000][9][gc,heap     ] GC(402) Humongous regions: 0->0
[2022-06-30T11:49:09.956+0000][9][gc,metaspace] GC(402) Metaspace: 131572K(134976K)->131572K(134976K) NonClass: 114406K(116160K)->114406K(116160K) Class: 17166K(18816K)->17166K(18816K)
[2022-06-30T11:49:09.957+0000][9][gc          ] GC(402) Pause Young (Normal) (G1 Evacuation Pause) 399M->98M(512M) 24.353ms
[2022-06-30T11:49:09.958+0000][9][gc,cpu      ] GC(402) User=0.00s Sys=0.00s Real=0.02s
[2022-06-30T11:49:09.958+0000][9][safepoint   ] Safepoint "G1CollectForAllocation", Time since last: 107226882733 ns, Reaching safepoint: 197373 ns, At safepoint: 25595684 ns, Total: 25793057 ns
[2022-06-30T11:50:49.988+0000][9][safepoint   ] Safepoint "Cleanup", Time since last: 100115144558 ns, Reaching safepoint: 278172 ns, At safepoint: 20962 ns, Total: 299134 ns
[2022-06-30T11:50:58.717+0000][9][gc,start    ] GC(403) Pause Young (Normal) (G1 Evacuation Pause)
[2022-06-30T11:50:58.718+0000][9][gc,task     ] GC(403) Using 4 workers of 4 for evacuation
[2022-06-30T11:50:58.719+0000][9][gc,age      ] GC(403) Desired survivor size 20971520 bytes, new threshold 15 (max threshold 15)
[2022-06-30T11:50:58.724+0000][9][gc,phases   ] GC(403)   Pre Evacuate Collection Set: 0.2ms
[2022-06-30T11:50:58.725+0000][9][gc,phases   ] GC(403)   Merge Heap Roots: 0.2ms
[2022-06-30T11:50:58.726+0000][9][gc,phases   ] GC(403)   Evacuate Collection Set: 2.2ms
[2022-06-30T11:50:58.726+0000][9][gc,phases   ] GC(403)   Post Evacuate Collection Set: 0.9ms
[2022-06-30T11:50:58.727+0000][9][gc,phases   ] GC(403)   Other: 2.4ms
[2022-06-30T11:50:58.730+0000][9][gc,age      ] GC(403) Age table with threshold 15 (max threshold 15)
[2022-06-30T11:50:58.731+0000][9][gc,age      ] GC(403) - age   1:    1360336 bytes,    1360336 total
[2022-06-30T11:50:58.732+0000][9][gc,age      ] GC(403) - age   2:       1952 bytes,    1362288 total
[2022-06-30T11:50:58.733+0000][9][gc,age      ] GC(403) - age   3:        128 bytes,    1362416 total
[2022-06-30T11:50:58.733+0000][9][gc,age      ] GC(403) - age   4:       5232 bytes,    1367648 total
[2022-06-30T11:50:58.734+0000][9][gc,age      ] GC(403) - age   5:       6576 bytes,    1374224 total
[2022-06-30T11:50:58.735+0000][9][gc,age      ] GC(403) - age   6:        184 bytes,    1374408 total
[2022-06-30T11:50:58.735+0000][9][gc,age      ] GC(403) - age   7:       4968 bytes,    1379376 total
[2022-06-30T11:50:58.736+0000][9][gc,age      ] GC(403) - age   8:       5272 bytes,    1384648 total
[2022-06-30T11:50:58.736+0000][9][gc,age      ] GC(403) - age  10:        200 bytes,    1384848 total
[2022-06-30T11:50:58.737+0000][9][gc,age      ] GC(403) - age  11:        296 bytes,    1385144 total
[2022-06-30T11:50:58.738+0000][9][gc,age      ] GC(403) - age  12:         96 bytes,    1385240 total
[2022-06-30T11:50:58.738+0000][9][gc,age      ] GC(403) - age  13:       4488 bytes,    1389728 total
[2022-06-30T11:50:58.739+0000][9][gc,age      ] GC(403) - age  14:     135184 bytes,    1524912 total
[2022-06-30T11:50:58.740+0000][9][gc,age      ] GC(403) - age  15:        280 bytes,    1525192 total
[2022-06-30T11:50:58.740+0000][9][gc,heap     ] GC(403) Eden regions: 75->0(75)
[2022-06-30T11:50:58.741+0000][9][gc,heap     ] GC(403) Survivor regions: 1->1(10)
[2022-06-30T11:50:58.741+0000][9][gc,heap     ] GC(403) Old regions: 24->24
[2022-06-30T11:50:58.741+0000][9][gc,heap     ] GC(403) Archive regions: 2->2
[2022-06-30T11:50:58.742+0000][9][gc,heap     ] GC(403) Humongous regions: 0->0
[2022-06-30T11:50:58.743+0000][9][gc,metaspace] GC(403) Metaspace: 131572K(134976K)->131572K(134976K) NonClass: 114406K(116160K)->114406K(116160K) Class: 17166K(18816K)->17166K(18816K)
[2022-06-30T11:50:58.743+0000][9][gc          ] GC(403) Pause Young (Normal) (G1 Evacuation Pause) 398M->99M(512M) 25.922ms
[2022-06-30T11:50:58.744+0000][9][gc,cpu      ] GC(403) User=0.01s Sys=0.00s Real=0.02s
[2022-06-30T11:50:58.745+0000][9][safepoint   ] Safepoint "G1CollectForAllocation", Time since last: 8728631441 ns, Reaching safepoint: 100833 ns, At safepoint: 27916881 ns, Total: 28017714 ns
[2022-06-30T11:51:49.776+0000][9][safepoint   ] Safepoint "Cleanup", Time since last: 51051868751 ns, Reaching safepoint: 337383 ns, At safepoint: 96160 ns, Total: 433543 ns
[2022-06-30T11:52:45.885+0000][9][gc,start    ] GC(404) Pause Young (Normal) (G1 Evacuation Pause)
[2022-06-30T11:52:45.886+0000][9][gc,task     ] GC(404) Using 4 workers of 4 for evacuation
[2022-06-30T11:52:45.886+0000][9][gc,age      ] GC(404) Desired survivor size 20971520 bytes, new threshold 15 (max threshold 15)
[2022-06-30T11:52:45.891+0000][9][gc,phases   ] GC(404)   Pre Evacuate Collection Set: 0.3ms
[2022-06-30T11:52:45.892+0000][9][gc,phases   ] GC(404)   Merge Heap Roots: 0.2ms
[2022-06-30T11:52:45.893+0000][9][gc,phases   ] GC(404)   Evacuate Collection Set: 2.6ms
[2022-06-30T11:52:45.893+0000][9][gc,phases   ] GC(404)   Post Evacuate Collection Set: 1.0ms
[2022-06-30T11:52:45.894+0000][9][gc,phases   ] GC(404)   Other: 1.5ms
[2022-06-30T11:52:45.894+0000][9][gc,age      ] GC(404) Age table with threshold 15 (max threshold 15)
[2022-06-30T11:52:45.895+0000][9][gc,age      ] GC(404) - age   1:     789568 bytes,     789568 total
[2022-06-30T11:52:45.896+0000][9][gc,age      ] GC(404) - age   2:      17992 bytes,     807560 total
[2022-06-30T11:52:45.896+0000][9][gc,age      ] GC(404) - age   3:        960 bytes,     808520 total
[2022-06-30T11:52:45.897+0000][9][gc,age      ] GC(404) - age   4:        128 bytes,     808648 total
[2022-06-30T11:52:45.897+0000][9][gc,age      ] GC(404) - age   5:       5232 bytes,     813880 total
[2022-06-30T11:52:45.898+0000][9][gc,age      ] GC(404) - age   6:       6576 bytes,     820456 total
[2022-06-30T11:52:45.899+0000][9][gc,age      ] GC(404) - age   7:        184 bytes,     820640 total
[2022-06-30T11:52:45.899+0000][9][gc,age      ] GC(404) - age   8:       4968 bytes,     825608 total
[2022-06-30T11:52:45.900+0000][9][gc,age      ] GC(404) - age   9:       5272 bytes,     830880 total
[2022-06-30T11:52:45.900+0000][9][gc,age      ] GC(404) - age  11:        200 bytes,     831080 total
[2022-06-30T11:52:45.901+0000][9][gc,age      ] GC(404) - age  12:        296 bytes,     831376 total
[2022-06-30T11:52:45.901+0000][9][gc,age      ] GC(404) - age  13:         96 bytes,     831472 total
[2022-06-30T11:52:45.902+0000][9][gc,age      ] GC(404) - age  14:       4488 bytes,     835960 total
[2022-06-30T11:52:45.902+0000][9][gc,age      ] GC(404) - age  15:     135184 bytes,     971144 total
[2022-06-30T11:52:45.903+0000][9][gc,heap     ] GC(404) Eden regions: 75->0(75)
[2022-06-30T11:52:45.903+0000][9][gc,heap     ] GC(404) Survivor regions: 1->1(10)
[2022-06-30T11:52:45.904+0000][9][gc,heap     ] GC(404) Old regions: 24->24
[2022-06-30T11:52:45.906+0000][9][gc,heap     ] GC(404) Archive regions: 2->2
[2022-06-30T11:52:45.907+0000][9][gc,heap     ] GC(404) Humongous regions: 0->0
[2022-06-30T11:52:45.908+0000][9][gc,metaspace] GC(404) Metaspace: 131572K(134976K)->131572K(134976K) NonClass: 114406K(116160K)->114406K(116160K) Class: 17166K(18816K)->17166K(18816K)
[2022-06-30T11:52:45.909+0000][9][gc          ] GC(404) Pause Young (Normal) (G1 Evacuation Pause) 399M->98M(512M) 24.176ms
[2022-06-30T11:52:45.909+0000][9][gc,cpu      ] GC(404) User=0.00s Sys=0.01s Real=0.02s
[2022-06-30T11:52:45.910+0000][9][safepoint   ] Safepoint "G1CollectForAllocation", Time since last: 56151262894 ns, Reaching safepoint: 77058 ns, At safepoint: 25410649 ns, Total: 25487707 ns
[2022-06-30T11:54:34.300+0000][9][gc,start    ] GC(405) Pause Young (Normal) (G1 Evacuation Pause)
[2022-06-30T11:54:34.303+0000][9][gc,task     ] GC(405) Using 4 workers of 4 for evacuation
[2022-06-30T11:54:34.303+0000][9][gc,age      ] GC(405) Desired survivor size 20971520 bytes, new threshold 15 (max threshold 15)
[2022-06-30T11:54:34.308+0000][9][gc,phases   ] GC(405)   Pre Evacuate Collection Set: 0.2ms
[2022-06-30T11:54:34.309+0000][9][gc,phases   ] GC(405)   Merge Heap Roots: 0.1ms
[2022-06-30T11:54:34.310+0000][9][gc,phases   ] GC(405)   Evacuate Collection Set: 2.1ms
[2022-06-30T11:54:34.311+0000][9][gc,phases   ] GC(405)   Post Evacuate Collection Set: 1.1ms
[2022-06-30T11:54:34.311+0000][9][gc,phases   ] GC(405)   Other: 1.7ms
[2022-06-30T11:54:34.312+0000][9][gc,age      ] GC(405) Age table with threshold 15 (max threshold 15)
[2022-06-30T11:54:34.313+0000][9][gc,age      ] GC(405) - age   1:    1035168 bytes,    1035168 total
[2022-06-30T11:54:34.313+0000][9][gc,age      ] GC(405) - age   2:        376 bytes,    1035544 total
[2022-06-30T11:54:34.314+0000][9][gc,age      ] GC(405) - age   3:       8416 bytes,    1043960 total
[2022-06-30T11:54:34.314+0000][9][gc,age      ] GC(405) - age   4:        208 bytes,    1044168 total
[2022-06-30T11:54:34.315+0000][9][gc,age      ] GC(405) - age   6:       5232 bytes,    1049400 total
[2022-06-30T11:54:34.316+0000][9][gc,age      ] GC(405) - age   7:       4664 bytes,    1054064 total
[2022-06-30T11:54:34.316+0000][9][gc,age      ] GC(405) - age   8:        184 bytes,    1054248 total
[2022-06-30T11:54:34.317+0000][9][gc,age      ] GC(405) - age   9:       4968 bytes,    1059216 total
[2022-06-30T11:54:34.317+0000][9][gc,age      ] GC(405) - age  10:       4880 bytes,    1064096 total
[2022-06-30T11:54:34.318+0000][9][gc,age      ] GC(405) - age  12:        200 bytes,    1064296 total
[2022-06-30T11:54:34.319+0000][9][gc,age      ] GC(405) - age  13:        296 bytes,    1064592 total
[2022-06-30T11:54:34.320+0000][9][gc,age      ] GC(405) - age  14:         96 bytes,    1064688 total
[2022-06-30T11:54:34.321+0000][9][gc,age      ] GC(405) - age  15:       4488 bytes,    1069176 total
[2022-06-30T11:54:34.321+0000][9][gc,heap     ] GC(405) Eden regions: 75->0(75)
[2022-06-30T11:54:34.322+0000][9][gc,heap     ] GC(405) Survivor regions: 1->1(10)
[2022-06-30T11:54:34.323+0000][9][gc,heap     ] GC(405) Old regions: 24->24
[2022-06-30T11:54:34.323+0000][9][gc,heap     ] GC(405) Archive regions: 2->2
[2022-06-30T11:54:34.324+0000][9][gc,heap     ] GC(405) Humongous regions: 0->0
[2022-06-30T11:54:34.325+0000][9][gc,metaspace] GC(405) Metaspace: 131572K(134976K)->131572K(134976K) NonClass: 114406K(116160K)->114406K(116160K) Class: 17166K(18816K)->17166K(18816K)
[2022-06-30T11:54:34.326+0000][9][gc          ] GC(405) Pause Young (Normal) (G1 Evacuation Pause) 398M->98M(512M) 25.585ms
[2022-06-30T11:54:34.326+0000][9][gc,cpu      ] GC(405) User=0.01s Sys=0.00s Real=0.03s
[2022-06-30T11:54:34.327+0000][9][safepoint   ] Safepoint "G1CollectForAllocation", Time since last: 108476948363 ns, Reaching safepoint: 220010 ns, At safepoint: 27172242 ns, Total: 27392252 ns
[2022-06-30T11:55:46.350+0000][9][safepoint   ] Safepoint "Cleanup", Time since last: 72065237194 ns, Reaching safepoint: 496631 ns, At safepoint: 100192 ns, Total: 596823 ns
[2022-06-30T11:56:24.769+0000][9][gc,start    ] GC(406) Pause Young (Normal) (G1 Evacuation Pause)
[2022-06-30T11:56:24.771+0000][9][gc,task     ] GC(406) Using 4 workers of 4 for evacuation
[2022-06-30T11:56:24.772+0000][9][gc,age      ] GC(406) Desired survivor size 20971520 bytes, new threshold 15 (max threshold 15)
[2022-06-30T11:56:24.778+0000][9][gc,phases   ] GC(406)   Pre Evacuate Collection Set: 0.3ms
[2022-06-30T11:56:24.780+0000][9][gc,phases   ] GC(406)   Merge Heap Roots: 0.2ms
[2022-06-30T11:56:24.780+0000][9][gc,phases   ] GC(406)   Evacuate Collection Set: 2.1ms
[2022-06-30T11:56:24.781+0000][9][gc,phases   ] GC(406)   Post Evacuate Collection Set: 2.7ms
[2022-06-30T11:56:24.781+0000][9][gc,phases   ] GC(406)   Other: 1.7ms
[2022-06-30T11:56:24.782+0000][9][gc,age      ] GC(406) Age table with threshold 15 (max threshold 15)
[2022-06-30T11:56:24.783+0000][9][gc,age      ] GC(406) - age   1:    1269752 bytes,    1269752 total
[2022-06-30T11:56:24.783+0000][9][gc,age      ] GC(406) - age   2:      11640 bytes,    1281392 total
[2022-06-30T11:56:24.784+0000][9][gc,age      ] GC(406) - age   3:         24 bytes,    1281416 total
[2022-06-30T11:56:24.784+0000][9][gc,age      ] GC(406) - age   4:       8168 bytes,    1289584 total
[2022-06-30T11:56:24.785+0000][9][gc,age      ] GC(406) - age   5:        208 bytes,    1289792 total
[2022-06-30T11:56:24.786+0000][9][gc,age      ] GC(406) - age   7:       5232 bytes,    1295024 total
[2022-06-30T11:56:24.786+0000][9][gc,age      ] GC(406) - age   8:       4664 bytes,    1299688 total
[2022-06-30T11:56:24.787+0000][9][gc,age      ] GC(406) - age   9:        184 bytes,    1299872 total
[2022-06-30T11:56:24.788+0000][9][gc,age      ] GC(406) - age  10:       4968 bytes,    1304840 total
[2022-06-30T11:56:24.788+0000][9][gc,age      ] GC(406) - age  11:       4880 bytes,    1309720 total
[2022-06-30T11:56:24.789+0000][9][gc,age      ] GC(406) - age  13:        200 bytes,    1309920 total
[2022-06-30T11:56:24.790+0000][9][gc,age      ] GC(406) - age  14:        296 bytes,    1310216 total
[2022-06-30T11:56:24.790+0000][9][gc,age      ] GC(406) - age  15:         96 bytes,    1310312 total
[2022-06-30T11:56:24.791+0000][9][gc,heap     ] GC(406) Eden regions: 75->0(75)
[2022-06-30T11:56:24.792+0000][9][gc,heap     ] GC(406) Survivor regions: 1->1(10)
[2022-06-30T11:56:24.792+0000][9][gc,heap     ] GC(406) Old regions: 24->24
[2022-06-30T11:56:24.793+0000][9][gc,heap     ] GC(406) Archive regions: 2->2
[2022-06-30T11:56:24.794+0000][9][gc,heap     ] GC(406) Humongous regions: 0->0
[2022-06-30T11:56:24.795+0000][9][gc,metaspace] GC(406) Metaspace: 131572K(134976K)->131572K(134976K) NonClass: 114406K(116160K)->114406K(116160K) Class: 17166K(18816K)->17166K(18816K)
[2022-06-30T11:56:24.796+0000][9][gc          ] GC(406) Pause Young (Normal) (G1 Evacuation Pause) 398M->98M(512M) 27.380ms
[2022-06-30T11:56:24.797+0000][9][gc,cpu      ] GC(406) User=0.00s Sys=0.01s Real=0.03s
[2022-06-30T11:56:24.797+0000][9][safepoint   ] Safepoint "G1CollectForAllocation", Time since last: 38462132335 ns, Reaching safepoint: 124172 ns, At safepoint: 28629638 ns, Total: 28753810 ns
[2022-06-30T11:57:45.826+0000][9][safepoint   ] Safepoint "Cleanup", Time since last: 81071642695 ns, Reaching safepoint: 240173 ns, At safepoint: 46484 ns, Total: 286657 ns
[2022-06-30T11:57:49.810+0000][9][safepoint   ] Safepoint "Cleanup", Time since last: 4005004907 ns, Reaching safepoint: 402180 ns, At safepoint: 161389 ns, Total: 563569 ns
[2022-06-30T11:57:54.812+0000][9][gc,start    ] GC(407) Pause Young (Normal) (G1 Evacuation Pause)
[2022-06-30T11:57:54.814+0000][9][gc,task     ] GC(407) Using 4 workers of 4 for evacuation
[2022-06-30T11:57:54.815+0000][9][gc,age      ] GC(407) Desired survivor size 20971520 bytes, new threshold 15 (max threshold 15)
[2022-06-30T11:57:54.820+0000][9][gc,phases   ] GC(407)   Pre Evacuate Collection Set: 0.2ms
[2022-06-30T11:57:54.820+0000][9][gc,phases   ] GC(407)   Merge Heap Roots: 0.2ms
[2022-06-30T11:57:54.821+0000][9][gc,phases   ] GC(407)   Evacuate Collection Set: 1.9ms
[2022-06-30T11:57:54.822+0000][9][gc,phases   ] GC(407)   Post Evacuate Collection Set: 1.1ms
[2022-06-30T11:57:54.822+0000][9][gc,phases   ] GC(407)   Other: 2.3ms
[2022-06-30T11:57:54.823+0000][9][gc,age      ] GC(407) Age table with threshold 15 (max threshold 15)
[2022-06-30T11:57:54.823+0000][9][gc,age      ] GC(407) - age   1:    1114208 bytes,    1114208 total
[2022-06-30T11:57:54.824+0000][9][gc,age      ] GC(407) - age   2:       2160 bytes,    1116368 total
[2022-06-30T11:57:54.825+0000][9][gc,age      ] GC(407) - age   3:      10520 bytes,    1126888 total
[2022-06-30T11:57:54.825+0000][9][gc,age      ] GC(407) - age   4:         24 bytes,    1126912 total
[2022-06-30T11:57:54.827+0000][9][gc,age      ] GC(407) - age   5:       8168 bytes,    1135080 total
[2022-06-30T11:57:54.828+0000][9][gc,age      ] GC(407) - age   6:        208 bytes,    1135288 total
[2022-06-30T11:57:54.829+0000][9][gc,age      ] GC(407) - age   8:       5232 bytes,    1140520 total
[2022-06-30T11:57:54.829+0000][9][gc,age      ] GC(407) - age   9:       4664 bytes,    1145184 total
[2022-06-30T11:57:54.830+0000][9][gc,age      ] GC(407) - age  10:        184 bytes,    1145368 total
[2022-06-30T11:57:54.830+0000][9][gc,age      ] GC(407) - age  11:       4968 bytes,    1150336 total
[2022-06-30T11:57:54.831+0000][9][gc,age      ] GC(407) - age  12:       4848 bytes,    1155184 total
[2022-06-30T11:57:54.831+0000][9][gc,age      ] GC(407) - age  14:        200 bytes,    1155384 total
[2022-06-30T11:57:54.832+0000][9][gc,age      ] GC(407) - age  15:        296 bytes,    1155680 total
[2022-06-30T11:57:54.832+0000][9][gc,heap     ] GC(407) Eden regions: 75->0(75)
[2022-06-30T11:57:54.833+0000][9][gc,heap     ] GC(407) Survivor regions: 1->1(10)
[2022-06-30T11:57:54.833+0000][9][gc,heap     ] GC(407) Old regions: 24->24
[2022-06-30T11:57:54.834+0000][9][gc,heap     ] GC(407) Archive regions: 2->2
[2022-06-30T11:57:54.835+0000][9][gc,heap     ] GC(407) Humongous regions: 0->0
[2022-06-30T11:57:54.835+0000][9][gc,metaspace] GC(407) Metaspace: 131572K(134976K)->131572K(134976K) NonClass: 114406K(116160K)->114406K(116160K) Class: 17166K(18816K)->17166K(18816K)
[2022-06-30T11:57:54.836+0000][9][gc          ] GC(407) Pause Young (Normal) (G1 Evacuation Pause) 398M->98M(512M) 23.269ms
[2022-06-30T11:57:54.837+0000][9][gc,cpu      ] GC(407) User=0.01s Sys=0.00s Real=0.02s
[2022-06-30T11:57:54.838+0000][9][safepoint   ] Safepoint "G1CollectForAllocation", Time since last: 5002256383 ns, Reaching safepoint: 226314 ns, At safepoint: 25226215 ns, Total: 25452529 ns
[2022-06-30T11:58:55.846+0000][9][safepoint   ] Safepoint "Cleanup", Time since last: 61049490383 ns, Reaching safepoint: 219870 ns, At safepoint: 69585 ns, Total: 289455 ns
[2022-06-30T11:59:18.749+0000][9][gc,start    ] GC(408) Pause Young (Normal) (G1 Evacuation Pause)
[2022-06-30T11:59:18.750+0000][9][gc,task     ] GC(408) Using 4 workers of 4 for evacuation
[2022-06-30T11:59:18.751+0000][9][gc,age      ] GC(408) Desired survivor size 20971520 bytes, new threshold 15 (max threshold 15)
[2022-06-30T11:59:18.755+0000][9][gc,phases   ] GC(408)   Pre Evacuate Collection Set: 0.1ms
[2022-06-30T11:59:18.756+0000][9][gc,phases   ] GC(408)   Merge Heap Roots: 0.0ms
[2022-06-30T11:59:18.757+0000][9][gc,phases   ] GC(408)   Evacuate Collection Set: 2.4ms
[2022-06-30T11:59:18.757+0000][9][gc,phases   ] GC(408)   Post Evacuate Collection Set: 1.0ms
[2022-06-30T11:59:18.758+0000][9][gc,phases   ] GC(408)   Other: 1.3ms
[2022-06-30T11:59:18.758+0000][9][gc,age      ] GC(408) Age table with threshold 15 (max threshold 15)
[2022-06-30T11:59:18.759+0000][9][gc,age      ] GC(408) - age   1:     988536 bytes,     988536 total
[2022-06-30T11:59:18.759+0000][9][gc,age      ] GC(408) - age   2:      10040 bytes,     998576 total
[2022-06-30T11:59:18.760+0000][9][gc,age      ] GC(408) - age   3:        280 bytes,     998856 total
[2022-06-30T11:59:18.760+0000][9][gc,age      ] GC(408) - age   4:       2280 bytes,    1001136 total
[2022-06-30T11:59:18.763+0000][9][gc,age      ] GC(408) - age   5:         24 bytes,    1001160 total
[2022-06-30T11:59:18.765+0000][9][gc,age      ] GC(408) - age   6:       8168 bytes,    1009328 total
[2022-06-30T11:59:18.766+0000][9][gc,age      ] GC(408) - age   7:         32 bytes,    1009360 total
[2022-06-30T11:59:18.766+0000][9][gc,age      ] GC(408) - age   9:       5232 bytes,    1014592 total
[2022-06-30T11:59:18.767+0000][9][gc,age      ] GC(408) - age  10:       4664 bytes,    1019256 total
[2022-06-30T11:59:18.767+0000][9][gc,age      ] GC(408) - age  11:        184 bytes,    1019440 total
[2022-06-30T11:59:18.768+0000][9][gc,age      ] GC(408) - age  12:       4936 bytes,    1024376 total
[2022-06-30T11:59:18.768+0000][9][gc,age      ] GC(408) - age  13:       4848 bytes,    1029224 total
[2022-06-30T11:59:18.769+0000][9][gc,age      ] GC(408) - age  15:        200 bytes,    1029424 total
[2022-06-30T11:59:18.769+0000][9][gc,heap     ] GC(408) Eden regions: 75->0(75)
[2022-06-30T11:59:18.770+0000][9][gc,heap     ] GC(408) Survivor regions: 1->1(10)
[2022-06-30T11:59:18.771+0000][9][gc,heap     ] GC(408) Old regions: 24->24
[2022-06-30T11:59:18.771+0000][9][gc,heap     ] GC(408) Archive regions: 2->2
[2022-06-30T11:59:18.772+0000][9][gc,heap     ] GC(408) Humongous regions: 0->0
[2022-06-30T11:59:18.772+0000][9][gc,metaspace] GC(408) Metaspace: 131572K(134976K)->131572K(134976K) NonClass: 114406K(116160K)->114406K(116160K) Class: 17166K(18816K)->17166K(18816K)
[2022-06-30T11:59:18.773+0000][9][gc          ] GC(408) Pause Young (Normal) (G1 Evacuation Pause) 398M->98M(512M) 23.623ms
[2022-06-30T11:59:18.774+0000][9][gc,cpu      ] GC(408) User=0.01s Sys=0.00s Real=0.03s
[2022-06-30T11:59:18.774+0000][9][safepoint   ] Safepoint "G1CollectForAllocation", Time since last: 22902786926 ns, Reaching safepoint: 102495 ns, At safepoint: 24781966 ns, Total: 24884461 ns
[2022-06-30T11:59:37.766+0000][9][safepoint   ] Safepoint "Cleanup", Time since last: 19015783789 ns, Reaching safepoint: 145718 ns, At safepoint: 6435 ns, Total: 152153 ns
[2022-06-30T12:00:42.711+0000][9][gc,start    ] GC(409) Pause Young (Normal) (G1 Evacuation Pause)
[2022-06-30T12:00:42.712+0000][9][gc,task     ] GC(409) Using 4 workers of 4 for evacuation
[2022-06-30T12:00:42.713+0000][9][gc,age      ] GC(409) Desired survivor size 20971520 bytes, new threshold 15 (max threshold 15)
[2022-06-30T12:00:42.717+0000][9][gc,phases   ] GC(409)   Pre Evacuate Collection Set: 0.1ms
[2022-06-30T12:00:42.717+0000][9][gc,phases   ] GC(409)   Merge Heap Roots: 0.0ms
[2022-06-30T12:00:42.721+0000][9][gc,phases   ] GC(409)   Evacuate Collection Set: 2.2ms
[2022-06-30T12:00:42.722+0000][9][gc,phases   ] GC(409)   Post Evacuate Collection Set: 1.0ms
[2022-06-30T12:00:42.723+0000][9][gc,phases   ] GC(409)   Other: 1.3ms
[2022-06-30T12:00:42.724+0000][9][gc,age      ] GC(409) Age table with threshold 15 (max threshold 15)
[2022-06-30T12:00:42.724+0000][9][gc,age      ] GC(409) - age   1:    1051064 bytes,    1051064 total
[2022-06-30T12:00:42.725+0000][9][gc,age      ] GC(409) - age   2:       1816 bytes,    1052880 total
[2022-06-30T12:00:42.725+0000][9][gc,age      ] GC(409) - age   3:       8592 bytes,    1061472 total
[2022-06-30T12:00:42.726+0000][9][gc,age      ] GC(409) - age   4:        216 bytes,    1061688 total
[2022-06-30T12:00:42.726+0000][9][gc,age      ] GC(409) - age   5:       2280 bytes,    1063968 total
[2022-06-30T12:00:42.727+0000][9][gc,age      ] GC(409) - age   6:         24 bytes,    1063992 total
[2022-06-30T12:00:42.728+0000][9][gc,age      ] GC(409) - age   7:       8168 bytes,    1072160 total
[2022-06-30T12:00:42.728+0000][9][gc,age      ] GC(409) - age   8:         32 bytes,    1072192 total
[2022-06-30T12:00:42.728+0000][9][gc,age      ] GC(409) - age  10:       5232 bytes,    1077424 total
[2022-06-30T12:00:42.729+0000][9][gc,age      ] GC(409) - age  11:       4664 bytes,    1082088 total
[2022-06-30T12:00:42.729+0000][9][gc,age      ] GC(409) - age  12:        184 bytes,    1082272 total
[2022-06-30T12:00:42.730+0000][9][gc,age      ] GC(409) - age  13:       4936 bytes,    1087208 total
[2022-06-30T12:00:42.731+0000][9][gc,age      ] GC(409) - age  14:       4848 bytes,    1092056 total
[2022-06-30T12:00:42.731+0000][9][gc,heap     ] GC(409) Eden regions: 75->0(75)
[2022-06-30T12:00:42.732+0000][9][gc,heap     ] GC(409) Survivor regions: 1->1(10)
[2022-06-30T12:00:42.732+0000][9][gc,heap     ] GC(409) Old regions: 24->24
[2022-06-30T12:00:42.733+0000][9][gc,heap     ] GC(409) Archive regions: 2->2
[2022-06-30T12:00:42.733+0000][9][gc,heap     ] GC(409) Humongous regions: 0->0
[2022-06-30T12:00:42.734+0000][9][gc,metaspace] GC(409) Metaspace: 131572K(134976K)->131572K(134976K) NonClass: 114406K(116160K)->114406K(116160K) Class: 17166K(18816K)->17166K(18816K)
[2022-06-30T12:00:42.735+0000][9][gc          ] GC(409) Pause Young (Normal) (G1 Evacuation Pause) 398M->98M(512M) 23.516ms
[2022-06-30T12:00:42.735+0000][9][gc,cpu      ] GC(409) User=0.01s Sys=0.00s Real=0.03s
[2022-06-30T12:00:42.736+0000][9][safepoint   ] Safepoint "G1CollectForAllocation", Time since last: 64988293129 ns, Reaching safepoint: 63246 ns, At safepoint: 25268561 ns, Total: 25331807 ns
[2022-06-30T12:02:07.821+0000][9][gc,start    ] GC(410) Pause Young (Normal) (G1 Evacuation Pause)
[2022-06-30T12:02:07.822+0000][9][gc,task     ] GC(410) Using 4 workers of 4 for evacuation
[2022-06-30T12:02:07.823+0000][9][gc,age      ] GC(410) Desired survivor size 20971520 bytes, new threshold 15 (max threshold 15)
[2022-06-30T12:02:07.827+0000][9][gc,phases   ] GC(410)   Pre Evacuate Collection Set: 0.2ms
[2022-06-30T12:02:07.828+0000][9][gc,phases   ] GC(410)   Merge Heap Roots: 0.1ms
[2022-06-30T12:02:07.828+0000][9][gc,phases   ] GC(410)   Evacuate Collection Set: 2.2ms
[2022-06-30T12:02:07.829+0000][9][gc,phases   ] GC(410)   Post Evacuate Collection Set: 1.0ms
[2022-06-30T12:02:07.829+0000][9][gc,phases   ] GC(410)   Other: 1.5ms
[2022-06-30T12:02:07.830+0000][9][gc,age      ] GC(410) Age table with threshold 15 (max threshold 15)
[2022-06-30T12:02:07.831+0000][9][gc,age      ] GC(410) - age   1:     944456 bytes,     944456 total
[2022-06-30T12:02:07.832+0000][9][gc,age      ] GC(410) - age   2:       1680 bytes,     946136 total
[2022-06-30T12:02:07.832+0000][9][gc,age      ] GC(410) - age   3:        720 bytes,     946856 total
[2022-06-30T12:02:07.833+0000][9][gc,age      ] GC(410) - age   4:       8200 bytes,     955056 total
[2022-06-30T12:02:07.834+0000][9][gc,age      ] GC(410) - age   5:        216 bytes,     955272 total
[2022-06-30T12:02:07.834+0000][9][gc,age      ] GC(410) - age   6:       2280 bytes,     957552 total
[2022-06-30T12:02:07.835+0000][9][gc,age      ] GC(410) - age   8:       8168 bytes,     965720 total
[2022-06-30T12:02:07.836+0000][9][gc,age      ] GC(410) - age   9:         32 bytes,     965752 total
[2022-06-30T12:02:07.836+0000][9][gc,age      ] GC(410) - age  11:       5048 bytes,     970800 total
[2022-06-30T12:02:07.837+0000][9][gc,age      ] GC(410) - age  12:       4664 bytes,     975464 total
[2022-06-30T12:02:07.837+0000][9][gc,age      ] GC(410) - age  13:        184 bytes,     975648 total
[2022-06-30T12:02:07.838+0000][9][gc,age      ] GC(410) - age  14:       4936 bytes,     980584 total
[2022-06-30T12:02:07.838+0000][9][gc,age      ] GC(410) - age  15:       4848 bytes,     985432 total
[2022-06-30T12:02:07.839+0000][9][gc,heap     ] GC(410) Eden regions: 75->0(75)
[2022-06-30T12:02:07.840+0000][9][gc,heap     ] GC(410) Survivor regions: 1->1(10)
[2022-06-30T12:02:07.840+0000][9][gc,heap     ] GC(410) Old regions: 24->24
[2022-06-30T12:02:07.841+0000][9][gc,heap     ] GC(410) Archive regions: 2->2
[2022-06-30T12:02:07.842+0000][9][gc,heap     ] GC(410) Humongous regions: 0->0
[2022-06-30T12:02:07.842+0000][9][gc,metaspace] GC(410) Metaspace: 131572K(134976K)->131572K(134976K) NonClass: 114406K(116160K)->114406K(116160K) Class: 17166K(18816K)->17166K(18816K)
[2022-06-30T12:02:07.843+0000][9][gc          ] GC(410) Pause Young (Normal) (G1 Evacuation Pause) 398M->98M(512M) 21.988ms
[2022-06-30T12:02:07.843+0000][9][gc,cpu      ] GC(410) User=0.01s Sys=0.00s Real=0.02s
[2022-06-30T12:02:07.844+0000][9][safepoint   ] Safepoint "G1CollectForAllocation", Time since last: 85149205676 ns, Reaching safepoint: 106863 ns, At safepoint: 23152830 ns, Total: 23259693 ns
[2022-06-30T12:03:33.671+0000][9][gc,start    ] GC(411) Pause Young (Normal) (G1 Evacuation Pause)
[2022-06-30T12:03:33.672+0000][9][gc,task     ] GC(411) Using 4 workers of 4 for evacuation
[2022-06-30T12:03:33.673+0000][9][gc,age      ] GC(411) Desired survivor size 20971520 bytes, new threshold 15 (max threshold 15)
[2022-06-30T12:03:33.676+0000][9][gc,phases   ] GC(411)   Pre Evacuate Collection Set: 0.2ms
[2022-06-30T12:03:33.677+0000][9][gc,phases   ] GC(411)   Merge Heap Roots: 0.2ms
[2022-06-30T12:03:33.678+0000][9][gc,phases   ] GC(411)   Evacuate Collection Set: 1.5ms
[2022-06-30T12:03:33.678+0000][9][gc,phases   ] GC(411)   Post Evacuate Collection Set: 0.8ms
[2022-06-30T12:03:33.679+0000][9][gc,phases   ] GC(411)   Other: 1.3ms
[2022-06-30T12:03:33.679+0000][9][gc,age      ] GC(411) Age table with threshold 15 (max threshold 15)
[2022-06-30T12:03:33.680+0000][9][gc,age      ] GC(411) - age   1:     913584 bytes,     913584 total
[2022-06-30T12:03:33.680+0000][9][gc,age      ] GC(411) - age   2:       1048 bytes,     914632 total
[2022-06-30T12:03:33.681+0000][9][gc,age      ] GC(411) - age   3:        296 bytes,     914928 total
[2022-06-30T12:03:33.681+0000][9][gc,age      ] GC(411) - age   4:        280 bytes,     915208 total
[2022-06-30T12:03:33.682+0000][9][gc,age      ] GC(411) - age   5:        184 bytes,     915392 total
[2022-06-30T12:03:33.682+0000][9][gc,age      ] GC(411) - age   6:        184 bytes,     915576 total
[2022-06-30T12:03:33.683+0000][9][gc,age      ] GC(411) - age   7:        552 bytes,     916128 total
[2022-06-30T12:03:33.683+0000][9][gc,age      ] GC(411) - age   9:       8168 bytes,     924296 total
[2022-06-30T12:03:33.684+0000][9][gc,age      ] GC(411) - age  10:         32 bytes,     924328 total
[2022-06-30T12:03:33.684+0000][9][gc,age      ] GC(411) - age  12:       5048 bytes,     929376 total
[2022-06-30T12:03:33.685+0000][9][gc,age      ] GC(411) - age  13:       4664 bytes,     934040 total
[2022-06-30T12:03:33.685+0000][9][gc,age      ] GC(411) - age  14:        184 bytes,     934224 total
[2022-06-30T12:03:33.686+0000][9][gc,age      ] GC(411) - age  15:       4936 bytes,     939160 total
[2022-06-30T12:03:33.686+0000][9][gc,heap     ] GC(411) Eden regions: 75->0(75)
[2022-06-30T12:03:33.687+0000][9][gc,heap     ] GC(411) Survivor regions: 1->1(10)
[2022-06-30T12:03:33.687+0000][9][gc,heap     ] GC(411) Old regions: 24->24
[2022-06-30T12:03:33.688+0000][9][gc,heap     ] GC(411) Archive regions: 2->2
[2022-06-30T12:03:33.689+0000][9][gc,heap     ] GC(411) Humongous regions: 0->0
[2022-06-30T12:03:33.689+0000][9][gc,metaspace] GC(411) Metaspace: 131572K(134976K)->131572K(134976K) NonClass: 114406K(116160K)->114406K(116160K) Class: 17166K(18816K)->17166K(18816K)
[2022-06-30T12:03:33.690+0000][9][gc          ] GC(411) Pause Young (Normal) (G1 Evacuation Pause) 398M->98M(512M) 19.102ms
[2022-06-30T12:03:33.691+0000][9][gc,cpu      ] GC(411) User=0.01s Sys=0.00s Real=0.02s
[2022-06-30T12:03:33.691+0000][9][safepoint   ] Safepoint "G1CollectForAllocation", Time since last: 85891118180 ns, Reaching safepoint: 87754 ns, At safepoint: 20286798 ns, Total: 20374552 ns
[2022-06-30T12:03:49.683+0000][9][safepoint   ] Safepoint "Cleanup", Time since last: 16014013378 ns, Reaching safepoint: 115676 ns, At safepoint: 5987 ns, Total: 121663 ns
[2022-06-30T12:04:57.629+0000][9][gc,start    ] GC(412) Pause Young (Normal) (G1 Evacuation Pause)
[2022-06-30T12:04:57.630+0000][9][gc,task     ] GC(412) Using 4 workers of 4 for evacuation
[2022-06-30T12:04:57.630+0000][9][gc,age      ] GC(412) Desired survivor size 20971520 bytes, new threshold 15 (max threshold 15)
[2022-06-30T12:04:57.634+0000][9][gc,phases   ] GC(412)   Pre Evacuate Collection Set: 0.2ms
[2022-06-30T12:04:57.635+0000][9][gc,phases   ] GC(412)   Merge Heap Roots: 0.1ms
[2022-06-30T12:04:57.636+0000][9][gc,phases   ] GC(412)   Evacuate Collection Set: 1.9ms
[2022-06-30T12:04:57.636+0000][9][gc,phases   ] GC(412)   Post Evacuate Collection Set: 1.0ms
[2022-06-30T12:04:57.637+0000][9][gc,phases   ] GC(412)   Other: 1.5ms
[2022-06-30T12:04:57.638+0000][9][gc,age      ] GC(412) Age table with threshold 15 (max threshold 15)
[2022-06-30T12:04:57.639+0000][9][gc,age      ] GC(412) - age   1:     808840 bytes,     808840 total
[2022-06-30T12:04:57.639+0000][9][gc,age      ] GC(412) - age   2:      10864 bytes,     819704 total
[2022-06-30T12:04:57.640+0000][9][gc,age      ] GC(412) - age   3:        600 bytes,     820304 total
[2022-06-30T12:04:57.641+0000][9][gc,age      ] GC(412) - age   4:        296 bytes,     820600 total
[2022-06-30T12:04:57.641+0000][9][gc,age      ] GC(412) - age   5:        184 bytes,     820784 total
[2022-06-30T12:04:57.642+0000][9][gc,age      ] GC(412) - age   6:        184 bytes,     820968 total
[2022-06-30T12:04:57.643+0000][9][gc,age      ] GC(412) - age   7:        184 bytes,     821152 total
[2022-06-30T12:04:57.643+0000][9][gc,age      ] GC(412) - age   8:        552 bytes,     821704 total
[2022-06-30T12:04:57.644+0000][9][gc,age      ] GC(412) - age  10:       8168 bytes,     829872 total
[2022-06-30T12:04:57.644+0000][9][gc,age      ] GC(412) - age  11:         32 bytes,     829904 total
[2022-06-30T12:04:57.645+0000][9][gc,age      ] GC(412) - age  13:       4664 bytes,     834568 total
[2022-06-30T12:04:57.646+0000][9][gc,age      ] GC(412) - age  14:       4664 bytes,     839232 total
[2022-06-30T12:04:57.646+0000][9][gc,age      ] GC(412) - age  15:        184 bytes,     839416 total
[2022-06-30T12:04:57.647+0000][9][gc,heap     ] GC(412) Eden regions: 75->0(75)
[2022-06-30T12:04:57.648+0000][9][gc,heap     ] GC(412) Survivor regions: 1->1(10)
[2022-06-30T12:04:57.648+0000][9][gc,heap     ] GC(412) Old regions: 24->24
[2022-06-30T12:04:57.649+0000][9][gc,heap     ] GC(412) Archive regions: 2->2
[2022-06-30T12:04:57.649+0000][9][gc,heap     ] GC(412) Humongous regions: 0->0
[2022-06-30T12:04:57.650+0000][9][gc,metaspace] GC(412) Metaspace: 131572K(134976K)->131572K(134976K) NonClass: 114406K(116160K)->114406K(116160K) Class: 17166K(18816K)->17166K(18816K)
[2022-06-30T12:04:57.651+0000][9][gc          ] GC(412) Pause Young (Normal) (G1 Evacuation Pause) 398M->98M(512M) 22.107ms
[2022-06-30T12:04:57.651+0000][9][gc,cpu      ] GC(412) User=0.01s Sys=0.00s Real=0.03s
[2022-06-30T12:04:57.652+0000][9][safepoint   ] Safepoint "G1CollectForAllocation", Time since last: 67987473558 ns, Reaching safepoint: 55415 ns, At safepoint: 23533308 ns, Total: 23588723 ns
[2022-06-30T12:06:24.594+0000][9][gc,start    ] GC(413) Pause Young (Normal) (G1 Evacuation Pause)
[2022-06-30T12:06:24.595+0000][9][gc,task     ] GC(413) Using 4 workers of 4 for evacuation
[2022-06-30T12:06:24.596+0000][9][gc,age      ] GC(413) Desired survivor size 20971520 bytes, new threshold 15 (max threshold 15)
[2022-06-30T12:06:24.600+0000][9][gc,phases   ] GC(413)   Pre Evacuate Collection Set: 0.2ms
[2022-06-30T12:06:24.601+0000][9][gc,phases   ] GC(413)   Merge Heap Roots: 0.1ms
[2022-06-30T12:06:24.601+0000][9][gc,phases   ] GC(413)   Evacuate Collection Set: 1.4ms
[2022-06-30T12:06:24.602+0000][9][gc,phases   ] GC(413)   Post Evacuate Collection Set: 1.0ms
[2022-06-30T12:06:24.603+0000][9][gc,phases   ] GC(413)   Other: 1.9ms
[2022-06-30T12:06:24.604+0000][9][gc,age      ] GC(413) Age table with threshold 15 (max threshold 15)
[2022-06-30T12:06:24.605+0000][9][gc,age      ] GC(413) - age   1:     529600 bytes,     529600 total
[2022-06-30T12:06:24.605+0000][9][gc,age      ] GC(413) - age   2:       2256 bytes,     531856 total
[2022-06-30T12:06:24.606+0000][9][gc,age      ] GC(413) - age   3:      10256 bytes,     542112 total
[2022-06-30T12:06:24.606+0000][9][gc,age      ] GC(413) - age   4:        240 bytes,     542352 total
[2022-06-30T12:06:24.607+0000][9][gc,age      ] GC(413) - age   6:        184 bytes,     542536 total
[2022-06-30T12:06:24.608+0000][9][gc,age      ] GC(413) - age   7:        184 bytes,     542720 total
[2022-06-30T12:06:24.608+0000][9][gc,age      ] GC(413) - age   8:        184 bytes,     542904 total
[2022-06-30T12:06:24.609+0000][9][gc,age      ] GC(413) - age   9:        552 bytes,     543456 total
[2022-06-30T12:06:24.610+0000][9][gc,age      ] GC(413) - age  11:       8168 bytes,     551624 total
[2022-06-30T12:06:24.610+0000][9][gc,age      ] GC(413) - age  12:         32 bytes,     551656 total
[2022-06-30T12:06:24.611+0000][9][gc,age      ] GC(413) - age  14:       4664 bytes,     556320 total
[2022-06-30T12:06:24.611+0000][9][gc,age      ] GC(413) - age  15:       4664 bytes,     560984 total
[2022-06-30T12:06:24.612+0000][9][gc,heap     ] GC(413) Eden regions: 75->0(75)
[2022-06-30T12:06:24.613+0000][9][gc,heap     ] GC(413) Survivor regions: 1->1(10)
[2022-06-30T12:06:24.613+0000][9][gc,heap     ] GC(413) Old regions: 24->24
[2022-06-30T12:06:24.614+0000][9][gc,heap     ] GC(413) Archive regions: 2->2
[2022-06-30T12:06:24.615+0000][9][gc,heap     ] GC(413) Humongous regions: 0->0
[2022-06-30T12:06:24.616+0000][9][gc,metaspace] GC(413) Metaspace: 131573K(134976K)->131573K(134976K) NonClass: 114407K(116160K)->114407K(116160K) Class: 17166K(18816K)->17166K(18816K)
[2022-06-30T12:06:24.616+0000][9][gc          ] GC(413) Pause Young (Normal) (G1 Evacuation Pause) 398M->98M(512M) 22.002ms
[2022-06-30T12:06:24.617+0000][9][gc,cpu      ] GC(413) User=0.00s Sys=0.01s Real=0.02s
[2022-06-30T12:06:24.617+0000][9][safepoint   ] Safepoint "G1CollectForAllocation", Time since last: 87007862974 ns, Reaching safepoint: 82997 ns, At safepoint: 23271522 ns, Total: 23354519 ns
[2022-06-30T12:07:48.615+0000][9][gc,start    ] GC(414) Pause Young (Normal) (G1 Evacuation Pause)
[2022-06-30T12:07:48.616+0000][9][gc,task     ] GC(414) Using 4 workers of 4 for evacuation
[2022-06-30T12:07:48.617+0000][9][gc,age      ] GC(414) Desired survivor size 20971520 bytes, new threshold 15 (max threshold 15)
[2022-06-30T12:07:48.621+0000][9][gc,phases   ] GC(414)   Pre Evacuate Collection Set: 0.2ms
[2022-06-30T12:07:48.621+0000][9][gc,phases   ] GC(414)   Merge Heap Roots: 0.1ms
[2022-06-30T12:07:48.622+0000][9][gc,phases   ] GC(414)   Evacuate Collection Set: 1.2ms
[2022-06-30T12:07:48.623+0000][9][gc,phases   ] GC(414)   Post Evacuate Collection Set: 1.1ms
[2022-06-30T12:07:48.624+0000][9][gc,phases   ] GC(414)   Other: 1.6ms
[2022-06-30T12:07:48.624+0000][9][gc,age      ] GC(414) Age table with threshold 15 (max threshold 15)
[2022-06-30T12:07:48.625+0000][9][gc,age      ] GC(414) - age   1:     618168 bytes,     618168 total
[2022-06-30T12:07:48.625+0000][9][gc,age      ] GC(414) - age   2:       8824 bytes,     626992 total
[2022-06-30T12:07:48.627+0000][9][gc,age      ] GC(414) - age   3:       1216 bytes,     628208 total
[2022-06-30T12:07:48.628+0000][9][gc,age      ] GC(414) - age   4:       1760 bytes,     629968 total
[2022-06-30T12:07:48.629+0000][9][gc,age      ] GC(414) - age   5:        184 bytes,     630152 total
[2022-06-30T12:07:48.629+0000][9][gc,age      ] GC(414) - age   7:        184 bytes,     630336 total
[2022-06-30T12:07:48.630+0000][9][gc,age      ] GC(414) - age   8:        184 bytes,     630520 total
[2022-06-30T12:07:48.631+0000][9][gc,age      ] GC(414) - age   9:        184 bytes,     630704 total
[2022-06-30T12:07:48.632+0000][9][gc,age      ] GC(414) - age  10:        552 bytes,     631256 total
[2022-06-30T12:07:48.632+0000][9][gc,age      ] GC(414) - age  12:       8168 bytes,     639424 total
[2022-06-30T12:07:48.633+0000][9][gc,age      ] GC(414) - age  13:         32 bytes,     639456 total
[2022-06-30T12:07:48.634+0000][9][gc,age      ] GC(414) - age  15:       4664 bytes,     644120 total
[2022-06-30T12:07:48.634+0000][9][gc,heap     ] GC(414) Eden regions: 75->0(75)
[2022-06-30T12:07:48.635+0000][9][gc,heap     ] GC(414) Survivor regions: 1->1(10)
[2022-06-30T12:07:48.635+0000][9][gc,heap     ] GC(414) Old regions: 24->24
[2022-06-30T12:07:48.636+0000][9][gc,heap     ] GC(414) Archive regions: 2->2
[2022-06-30T12:07:48.637+0000][9][gc,heap     ] GC(414) Humongous regions: 0->0
[2022-06-30T12:07:48.637+0000][9][gc,metaspace] GC(414) Metaspace: 131573K(134976K)->131573K(134976K) NonClass: 114407K(116160K)->114407K(116160K) Class: 17166K(18816K)->17166K(18816K)
[2022-06-30T12:07:48.638+0000][9][gc          ] GC(414) Pause Young (Normal) (G1 Evacuation Pause) 398M->98M(512M) 22.496ms
[2022-06-30T12:07:48.639+0000][9][gc,cpu      ] GC(414) User=0.01s Sys=0.01s Real=0.02s
[2022-06-30T12:07:48.640+0000][9][safepoint   ] Safepoint "G1CollectForAllocation", Time since last: 84040960436 ns, Reaching safepoint: 85086 ns, At safepoint: 24260365 ns, Total: 24345451 ns
[2022-06-30T12:07:49.620+0000][9][safepoint   ] Safepoint "Cleanup", Time since last: 1001335180 ns, Reaching safepoint: 587418 ns, At safepoint: 15039 ns, Total: 602457 ns
[2022-06-30T12:09:10.773+0000][9][gc,start    ] GC(415) Pause Young (Normal) (G1 Evacuation Pause)
[2022-06-30T12:09:10.775+0000][9][gc,task     ] GC(415) Using 4 workers of 4 for evacuation
[2022-06-30T12:09:10.776+0000][9][gc,age      ] GC(415) Desired survivor size 20971520 bytes, new threshold 15 (max threshold 15)
[2022-06-30T12:09:10.786+0000][9][gc,phases   ] GC(415)   Pre Evacuate Collection Set: 0.5ms
[2022-06-30T12:09:10.787+0000][9][gc,phases   ] GC(415)   Merge Heap Roots: 0.1ms
[2022-06-30T12:09:10.788+0000][9][gc,phases   ] GC(415)   Evacuate Collection Set: 6.4ms
[2022-06-30T12:09:10.789+0000][9][gc,phases   ] GC(415)   Post Evacuate Collection Set: 2.4ms
[2022-06-30T12:09:10.789+0000][9][gc,phases   ] GC(415)   Other: 2.0ms
[2022-06-30T12:09:10.790+0000][9][gc,age      ] GC(415) Age table with threshold 15 (max threshold 15)
[2022-06-30T12:09:10.791+0000][9][gc,age      ] GC(415) - age   1:    1409424 bytes,    1409424 total
[2022-06-30T12:09:10.791+0000][9][gc,age      ] GC(415) - age   2:       9304 bytes,    1418728 total
[2022-06-30T12:09:10.792+0000][9][gc,age      ] GC(415) - age   3:        128 bytes,    1418856 total
[2022-06-30T12:09:10.792+0000][9][gc,age      ] GC(415) - age   4:        632 bytes,    1419488 total
[2022-06-30T12:09:10.793+0000][9][gc,age      ] GC(415) - age   5:       1760 bytes,    1421248 total
[2022-06-30T12:09:10.794+0000][9][gc,age      ] GC(415) - age   6:        184 bytes,    1421432 total
[2022-06-30T12:09:10.794+0000][9][gc,age      ] GC(415) - age   9:        184 bytes,    1421616 total
[2022-06-30T12:09:10.795+0000][9][gc,age      ] GC(415) - age  10:        184 bytes,    1421800 total
[2022-06-30T12:09:10.796+0000][9][gc,age      ] GC(415) - age  11:        160 bytes,    1421960 total
[2022-06-30T12:09:10.796+0000][9][gc,age      ] GC(415) - age  13:       8168 bytes,    1430128 total
[2022-06-30T12:09:10.798+0000][9][gc,heap     ] GC(415) Eden regions: 75->0(75)
[2022-06-30T12:09:10.798+0000][9][gc,heap     ] GC(415) Survivor regions: 1->1(10)
[2022-06-30T12:09:10.799+0000][9][gc,heap     ] GC(415) Old regions: 24->24
[2022-06-30T12:09:10.800+0000][9][gc,heap     ] GC(415) Archive regions: 2->2
[2022-06-30T12:09:10.800+0000][9][gc,heap     ] GC(415) Humongous regions: 0->0
[2022-06-30T12:09:10.801+0000][9][gc,metaspace] GC(415) Metaspace: 131574K(134976K)->131574K(134976K) NonClass: 114408K(116160K)->114408K(116160K) Class: 17166K(18816K)->17166K(18816K)
[2022-06-30T12:09:10.802+0000][9][gc          ] GC(415) Pause Young (Normal) (G1 Evacuation Pause) 398M->99M(512M) 29.368ms
[2022-06-30T12:09:10.803+0000][9][gc,cpu      ] GC(415) User=0.01s Sys=0.01s Real=0.03s
[2022-06-30T12:09:10.804+0000][9][safepoint   ] Safepoint "G1CollectForAllocation", Time since last: 81195018551 ns, Reaching safepoint: 139719 ns, At safepoint: 31377493 ns, Total: 31517212 ns
[2022-06-30T12:10:39.578+0000][9][gc,start    ] GC(416) Pause Young (Normal) (G1 Evacuation Pause)
[2022-06-30T12:10:39.579+0000][9][gc,task     ] GC(416) Using 4 workers of 4 for evacuation
[2022-06-30T12:10:39.580+0000][9][gc,age      ] GC(416) Desired survivor size 20971520 bytes, new threshold 15 (max threshold 15)
[2022-06-30T12:10:39.585+0000][9][gc,phases   ] GC(416)   Pre Evacuate Collection Set: 0.2ms
[2022-06-30T12:10:39.586+0000][9][gc,phases   ] GC(416)   Merge Heap Roots: 0.1ms
[2022-06-30T12:10:39.587+0000][9][gc,phases   ] GC(416)   Evacuate Collection Set: 2.0ms
[2022-06-30T12:10:39.587+0000][9][gc,phases   ] GC(416)   Post Evacuate Collection Set: 1.3ms
[2022-06-30T12:10:39.588+0000][9][gc,phases   ] GC(416)   Other: 2.2ms
[2022-06-30T12:10:39.588+0000][9][gc,age      ] GC(416) Age table with threshold 15 (max threshold 15)
[2022-06-30T12:10:39.589+0000][9][gc,age      ] GC(416) - age   1:    1378136 bytes,    1378136 total
[2022-06-30T12:10:39.590+0000][9][gc,age      ] GC(416) - age   2:       2736 bytes,    1380872 total
[2022-06-30T12:10:39.590+0000][9][gc,age      ] GC(416) - age   3:       8616 bytes,    1389488 total
[2022-06-30T12:10:39.591+0000][9][gc,age      ] GC(416) - age   4:         64 bytes,    1389552 total
[2022-06-30T12:10:39.591+0000][9][gc,age      ] GC(416) - age   5:        632 bytes,    1390184 total
[2022-06-30T12:10:39.592+0000][9][gc,age      ] GC(416) - age   6:       1760 bytes,    1391944 total
[2022-06-30T12:10:39.593+0000][9][gc,age      ] GC(416) - age   7:        184 bytes,    1392128 total
[2022-06-30T12:10:39.593+0000][9][gc,age      ] GC(416) - age  10:        184 bytes,    1392312 total
[2022-06-30T12:10:39.594+0000][9][gc,age      ] GC(416) - age  11:        184 bytes,    1392496 total
[2022-06-30T12:10:39.595+0000][9][gc,age      ] GC(416) - age  12:        160 bytes,    1392656 total
[2022-06-30T12:10:39.595+0000][9][gc,age      ] GC(416) - age  14:       8168 bytes,    1400824 total
[2022-06-30T12:10:39.596+0000][9][gc,heap     ] GC(416) Eden regions: 75->0(75)
[2022-06-30T12:10:39.597+0000][9][gc,heap     ] GC(416) Survivor regions: 1->1(10)
[2022-06-30T12:10:39.598+0000][9][gc,heap     ] GC(416) Old regions: 24->24
[2022-06-30T12:10:39.599+0000][9][gc,heap     ] GC(416) Archive regions: 2->2
[2022-06-30T12:10:39.600+0000][9][gc,heap     ] GC(416) Humongous regions: 0->0
[2022-06-30T12:10:39.600+0000][9][gc,metaspace] GC(416) Metaspace: 131574K(134976K)->131574K(134976K) NonClass: 114408K(116160K)->114408K(116160K) Class: 17166K(18816K)->17166K(18816K)
[2022-06-30T12:10:39.601+0000][9][gc          ] GC(416) Pause Young (Normal) (G1 Evacuation Pause) 399M->99M(512M) 22.937ms
[2022-06-30T12:10:39.602+0000][9][gc,cpu      ] GC(416) User=0.00s Sys=0.00s Real=0.03s
[2022-06-30T12:10:39.602+0000][9][safepoint   ] Safepoint "G1CollectForAllocation", Time since last: 88839854478 ns, Reaching safepoint: 98745 ns, At safepoint: 24333431 ns, Total: 24432176 ns
[2022-06-30T12:12:06.554+0000][9][gc,start    ] GC(417) Pause Young (Normal) (G1 Evacuation Pause)
[2022-06-30T12:12:06.555+0000][9][gc,task     ] GC(417) Using 4 workers of 4 for evacuation
[2022-06-30T12:12:06.557+0000][9][gc,age      ] GC(417) Desired survivor size 20971520 bytes, new threshold 15 (max threshold 15)
[2022-06-30T12:12:06.561+0000][9][gc,phases   ] GC(417)   Pre Evacuate Collection Set: 0.2ms
[2022-06-30T12:12:06.561+0000][9][gc,phases   ] GC(417)   Merge Heap Roots: 0.1ms
[2022-06-30T12:12:06.562+0000][9][gc,phases   ] GC(417)   Evacuate Collection Set: 1.7ms
[2022-06-30T12:12:06.562+0000][9][gc,phases   ] GC(417)   Post Evacuate Collection Set: 0.9ms
[2022-06-30T12:12:06.563+0000][9][gc,phases   ] GC(417)   Other: 2.3ms
[2022-06-30T12:12:06.564+0000][9][gc,age      ] GC(417) Age table with threshold 15 (max threshold 15)
[2022-06-30T12:12:06.564+0000][9][gc,age      ] GC(417) - age   1:    1446072 bytes,    1446072 total
[2022-06-30T12:12:06.565+0000][9][gc,age      ] GC(417) - age   2:       1728 bytes,    1447800 total
[2022-06-30T12:12:06.565+0000][9][gc,age      ] GC(417) - age   3:       1208 bytes,    1449008 total
[2022-06-30T12:12:06.566+0000][9][gc,age      ] GC(417) - age   4:       8256 bytes,    1457264 total
[2022-06-30T12:12:06.567+0000][9][gc,age      ] GC(417) - age   6:        632 bytes,    1457896 total
[2022-06-30T12:12:06.567+0000][9][gc,age      ] GC(417) - age   7:       1760 bytes,    1459656 total
[2022-06-30T12:12:06.568+0000][9][gc,age      ] GC(417) - age   8:        184 bytes,    1459840 total
[2022-06-30T12:12:06.568+0000][9][gc,age      ] GC(417) - age  11:        184 bytes,    1460024 total
[2022-06-30T12:12:06.569+0000][9][gc,age      ] GC(417) - age  12:        184 bytes,    1460208 total
[2022-06-30T12:12:06.569+0000][9][gc,age      ] GC(417) - age  13:        160 bytes,    1460368 total
[2022-06-30T12:12:06.570+0000][9][gc,age      ] GC(417) - age  15:       8168 bytes,    1468536 total
[2022-06-30T12:12:06.571+0000][9][gc,heap     ] GC(417) Eden regions: 75->0(75)
[2022-06-30T12:12:06.571+0000][9][gc,heap     ] GC(417) Survivor regions: 1->1(10)
[2022-06-30T12:12:06.572+0000][9][gc,heap     ] GC(417) Old regions: 24->24
[2022-06-30T12:12:06.572+0000][9][gc,heap     ] GC(417) Archive regions: 2->2
[2022-06-30T12:12:06.573+0000][9][gc,heap     ] GC(417) Humongous regions: 0->0
[2022-06-30T12:12:06.574+0000][9][gc,metaspace] GC(417) Metaspace: 131574K(134976K)->131574K(134976K) NonClass: 114408K(116160K)->114408K(116160K) Class: 17166K(18816K)->17166K(18816K)
[2022-06-30T12:12:06.574+0000][9][gc          ] GC(417) Pause Young (Normal) (G1 Evacuation Pause) 399M->99M(512M) 20.262ms
[2022-06-30T12:12:06.575+0000][9][gc,cpu      ] GC(417) User=0.01s Sys=0.00s Real=0.02s
[2022-06-30T12:12:06.576+0000][9][safepoint   ] Safepoint "G1CollectForAllocation", Time since last: 87016248202 ns, Reaching safepoint: 113368 ns, At safepoint: 22059210 ns, Total: 22172578 ns
[2022-06-30T12:13:27.735+0000][9][gc,start    ] GC(418) Pause Young (Normal) (G1 Evacuation Pause)
[2022-06-30T12:13:27.737+0000][9][gc,task     ] GC(418) Using 4 workers of 4 for evacuation
[2022-06-30T12:13:27.738+0000][9][gc,age      ] GC(418) Desired survivor size 20971520 bytes, new threshold 15 (max threshold 15)
[2022-06-30T12:13:27.743+0000][9][gc,phases   ] GC(418)   Pre Evacuate Collection Set: 0.2ms
[2022-06-30T12:13:27.744+0000][9][gc,phases   ] GC(418)   Merge Heap Roots: 0.1ms
[2022-06-30T12:13:27.745+0000][9][gc,phases   ] GC(418)   Evacuate Collection Set: 2.0ms
[2022-06-30T12:13:27.745+0000][9][gc,phases   ] GC(418)   Post Evacuate Collection Set: 1.3ms
[2022-06-30T12:13:27.746+0000][9][gc,phases   ] GC(418)   Other: 2.4ms
[2022-06-30T12:13:27.747+0000][9][gc,age      ] GC(418) Age table with threshold 15 (max threshold 15)
[2022-06-30T12:13:27.747+0000][9][gc,age      ] GC(418) - age   1:    1220112 bytes,    1220112 total
[2022-06-30T12:13:27.748+0000][9][gc,age      ] GC(418) - age   2:       1784 bytes,    1221896 total
[2022-06-30T12:13:27.749+0000][9][gc,age      ] GC(418) - age   4:       1208 bytes,    1223104 total
[2022-06-30T12:13:27.750+0000][9][gc,age      ] GC(418) - age   5:       8256 bytes,    1231360 total
[2022-06-30T12:13:27.752+0000][9][gc,age      ] GC(418) - age   7:        632 bytes,    1231992 total
[2022-06-30T12:13:27.752+0000][9][gc,age      ] GC(418) - age   8:         32 bytes,    1232024 total
[2022-06-30T12:13:27.753+0000][9][gc,age      ] GC(418) - age   9:        184 bytes,    1232208 total
[2022-06-30T12:13:27.754+0000][9][gc,age      ] GC(418) - age  12:        184 bytes,    1232392 total
[2022-06-30T12:13:27.754+0000][9][gc,age      ] GC(418) - age  14:        160 bytes,    1232552 total
[2022-06-30T12:13:27.755+0000][9][gc,heap     ] GC(418) Eden regions: 75->0(75)
[2022-06-30T12:13:27.755+0000][9][gc,heap     ] GC(418) Survivor regions: 1->1(10)
[2022-06-30T12:13:27.756+0000][9][gc,heap     ] GC(418) Old regions: 24->24
[2022-06-30T12:13:27.757+0000][9][gc,heap     ] GC(418) Archive regions: 2->2
[2022-06-30T12:13:27.758+0000][9][gc,heap     ] GC(418) Humongous regions: 0->0
[2022-06-30T12:13:27.759+0000][9][gc,metaspace] GC(418) Metaspace: 131574K(134976K)->131574K(134976K) NonClass: 114408K(116160K)->114408K(116160K) Class: 17166K(18816K)->17166K(18816K)
[2022-06-30T12:13:27.759+0000][9][gc          ] GC(418) Pause Young (Normal) (G1 Evacuation Pause) 399M->98M(512M) 24.431ms
[2022-06-30T12:13:27.760+0000][9][gc,cpu      ] GC(418) User=0.01s Sys=0.00s Real=0.02s
[2022-06-30T12:13:27.761+0000][9][safepoint   ] Safepoint "G1CollectForAllocation", Time since last: 81223310455 ns, Reaching safepoint: 200985 ns, At safepoint: 25959065 ns, Total: 26160050 ns
[2022-06-30T12:13:48.793+0000][9][safepoint   ] Safepoint "Cleanup", Time since last: 21031933930 ns, Reaching safepoint: 559339 ns, At safepoint: 78318 ns, Total: 637657 ns
[2022-06-30T12:14:54.530+0000][9][gc,start    ] GC(419) Pause Young (Normal) (G1 Evacuation Pause)
[2022-06-30T12:14:54.532+0000][9][gc,task     ] GC(419) Using 4 workers of 4 for evacuation
[2022-06-30T12:14:54.532+0000][9][gc,age      ] GC(419) Desired survivor size 20971520 bytes, new threshold 15 (max threshold 15)
[2022-06-30T12:14:54.537+0000][9][gc,phases   ] GC(419)   Pre Evacuate Collection Set: 0.3ms
[2022-06-30T12:14:54.538+0000][9][gc,phases   ] GC(419)   Merge Heap Roots: 0.1ms
[2022-06-30T12:14:54.538+0000][9][gc,phases   ] GC(419)   Evacuate Collection Set: 2.1ms
[2022-06-30T12:14:54.539+0000][9][gc,phases   ] GC(419)   Post Evacuate Collection Set: 1.1ms
[2022-06-30T12:14:54.540+0000][9][gc,phases   ] GC(419)   Other: 1.5ms
[2022-06-30T12:14:54.540+0000][9][gc,age      ] GC(419) Age table with threshold 15 (max threshold 15)
[2022-06-30T12:14:54.541+0000][9][gc,age      ] GC(419) - age   1:    1009520 bytes,    1009520 total
[2022-06-30T12:14:54.541+0000][9][gc,age      ] GC(419) - age   2:       3808 bytes,    1013328 total
[2022-06-30T12:14:54.542+0000][9][gc,age      ] GC(419) - age   3:        376 bytes,    1013704 total
[2022-06-30T12:14:54.542+0000][9][gc,age      ] GC(419) - age   5:        816 bytes,    1014520 total
[2022-06-30T12:14:54.543+0000][9][gc,age      ] GC(419) - age   6:         56 bytes,    1014576 total
[2022-06-30T12:14:54.544+0000][9][gc,age      ] GC(419) - age   8:        632 bytes,    1015208 total
[2022-06-30T12:14:54.545+0000][9][gc,age      ] GC(419) - age   9:         32 bytes,    1015240 total
[2022-06-30T12:14:54.545+0000][9][gc,age      ] GC(419) - age  10:        184 bytes,    1015424 total
[2022-06-30T12:14:54.546+0000][9][gc,age      ] GC(419) - age  13:        184 bytes,    1015608 total
[2022-06-30T12:14:54.547+0000][9][gc,age      ] GC(419) - age  15:        160 bytes,    1015768 total
[2022-06-30T12:14:54.547+0000][9][gc,heap     ] GC(419) Eden regions: 75->0(75)
[2022-06-30T12:14:54.548+0000][9][gc,heap     ] GC(419) Survivor regions: 1->1(10)
[2022-06-30T12:14:54.548+0000][9][gc,heap     ] GC(419) Old regions: 24->24
[2022-06-30T12:14:54.549+0000][9][gc,heap     ] GC(419) Archive regions: 2->2
[2022-06-30T12:14:54.549+0000][9][gc,heap     ] GC(419) Humongous regions: 0->0
[2022-06-30T12:14:54.550+0000][9][gc,metaspace] GC(419) Metaspace: 131574K(134976K)->131574K(134976K) NonClass: 114408K(116160K)->114408K(116160K) Class: 17166K(18816K)->17166K(18816K)
[2022-06-30T12:14:54.551+0000][9][gc          ] GC(419) Pause Young (Normal) (G1 Evacuation Pause) 398M->98M(512M) 20.763ms
[2022-06-30T12:14:54.552+0000][9][gc,cpu      ] GC(419) User=0.01s Sys=0.00s Real=0.02s
[2022-06-30T12:14:54.552+0000][9][safepoint   ] Safepoint "G1CollectForAllocation", Time since last: 65801805892 ns, Reaching safepoint: 116097 ns, At safepoint: 22148103 ns, Total: 22264200 ns
[2022-06-30T12:16:18.563+0000][9][gc,start    ] GC(420) Pause Young (Normal) (G1 Evacuation Pause)
[2022-06-30T12:16:18.563+0000][9][gc,task     ] GC(420) Using 4 workers of 4 for evacuation
[2022-06-30T12:16:18.564+0000][9][gc,age      ] GC(420) Desired survivor size 20971520 bytes, new threshold 15 (max threshold 15)
[2022-06-30T12:16:18.568+0000][9][gc,phases   ] GC(420)   Pre Evacuate Collection Set: 0.2ms
[2022-06-30T12:16:18.569+0000][9][gc,phases   ] GC(420)   Merge Heap Roots: 0.1ms
[2022-06-30T12:16:18.570+0000][9][gc,phases   ] GC(420)   Evacuate Collection Set: 2.1ms
[2022-06-30T12:16:18.570+0000][9][gc,phases   ] GC(420)   Post Evacuate Collection Set: 1.0ms
[2022-06-30T12:16:18.571+0000][9][gc,phases   ] GC(420)   Other: 1.3ms
[2022-06-30T12:16:18.571+0000][9][gc,age      ] GC(420) Age table with threshold 15 (max threshold 15)
[2022-06-30T12:16:18.572+0000][9][gc,age      ] GC(420) - age   1:    1160904 bytes,    1160904 total
[2022-06-30T12:16:18.573+0000][9][gc,age      ] GC(420) - age   2:       9480 bytes,    1170384 total
[2022-06-30T12:16:18.573+0000][9][gc,age      ] GC(420) - age   3:       2504 bytes,    1172888 total
[2022-06-30T12:16:18.574+0000][9][gc,age      ] GC(420) - age   4:        184 bytes,    1173072 total
[2022-06-30T12:16:18.575+0000][9][gc,age      ] GC(420) - age   6:        816 bytes,    1173888 total
[2022-06-30T12:16:18.575+0000][9][gc,age      ] GC(420) - age   7:         56 bytes,    1173944 total
[2022-06-30T12:16:18.576+0000][9][gc,age      ] GC(420) - age   9:        632 bytes,    1174576 total
[2022-06-30T12:16:18.576+0000][9][gc,age      ] GC(420) - age  10:         32 bytes,    1174608 total
[2022-06-30T12:16:18.577+0000][9][gc,age      ] GC(420) - age  11:        184 bytes,    1174792 total
[2022-06-30T12:16:18.578+0000][9][gc,age      ] GC(420) - age  14:        184 bytes,    1174976 total
[2022-06-30T12:16:18.578+0000][9][gc,heap     ] GC(420) Eden regions: 75->0(75)
[2022-06-30T12:16:18.579+0000][9][gc,heap     ] GC(420) Survivor regions: 1->1(10)
[2022-06-30T12:16:18.579+0000][9][gc,heap     ] GC(420) Old regions: 24->24
[2022-06-30T12:16:18.580+0000][9][gc,heap     ] GC(420) Archive regions: 2->2
[2022-06-30T12:16:18.580+0000][9][gc,heap     ] GC(420) Humongous regions: 0->0
[2022-06-30T12:16:18.581+0000][9][gc,metaspace] GC(420) Metaspace: 131574K(134976K)->131574K(134976K) NonClass: 114408K(116160K)->114408K(116160K) Class: 17166K(18816K)->17166K(18816K)
[2022-06-30T12:16:18.582+0000][9][gc          ] GC(420) Pause Young (Normal) (G1 Evacuation Pause) 398M->98M(512M) 19.129ms
[2022-06-30T12:16:18.582+0000][9][gc,cpu      ] GC(420) User=0.00s Sys=0.00s Real=0.02s
[2022-06-30T12:16:18.583+0000][9][safepoint   ] Safepoint "G1CollectForAllocation", Time since last: 84053005911 ns, Reaching safepoint: 90721 ns, At safepoint: 20398607 ns, Total: 20489328 ns
[2022-06-30T12:17:33.613+0000][9][safepoint   ] Safepoint "Cleanup", Time since last: 75094195317 ns, Reaching safepoint: 348378 ns, At safepoint: 70124 ns, Total: 418502 ns
[2022-06-30T12:17:42.548+0000][9][gc,start    ] GC(421) Pause Young (Normal) (G1 Evacuation Pause)
[2022-06-30T12:17:42.549+0000][9][gc,task     ] GC(421) Using 4 workers of 4 for evacuation
[2022-06-30T12:17:42.550+0000][9][gc,age      ] GC(421) Desired survivor size 20971520 bytes, new threshold 15 (max threshold 15)
[2022-06-30T12:17:42.556+0000][9][gc,phases   ] GC(421)   Pre Evacuate Collection Set: 0.5ms
[2022-06-30T12:17:42.558+0000][9][gc,phases   ] GC(421)   Merge Heap Roots: 0.1ms
[2022-06-30T12:17:42.559+0000][9][gc,phases   ] GC(421)   Evacuate Collection Set: 1.9ms
[2022-06-30T12:17:42.559+0000][9][gc,phases   ] GC(421)   Post Evacuate Collection Set: 1.4ms
[2022-06-30T12:17:42.561+0000][9][gc,phases   ] GC(421)   Other: 2.8ms
[2022-06-30T12:17:42.562+0000][9][gc,age      ] GC(421) Age table with threshold 15 (max threshold 15)
[2022-06-30T12:17:42.562+0000][9][gc,age      ] GC(421) - age   1:    1028456 bytes,    1028456 total
[2022-06-30T12:17:42.563+0000][9][gc,age      ] GC(421) - age   2:       1280 bytes,    1029736 total
[2022-06-30T12:17:42.564+0000][9][gc,age      ] GC(421) - age   3:       8296 bytes,    1038032 total
[2022-06-30T12:17:42.564+0000][9][gc,age      ] GC(421) - age   4:       2024 bytes,    1040056 total
[2022-06-30T12:17:42.565+0000][9][gc,age      ] GC(421) - age   5:        184 bytes,    1040240 total
[2022-06-30T12:17:42.566+0000][9][gc,age      ] GC(421) - age   7:        816 bytes,    1041056 total
[2022-06-30T12:17:42.566+0000][9][gc,age      ] GC(421) - age   8:         56 bytes,    1041112 total
[2022-06-30T12:17:42.567+0000][9][gc,age      ] GC(421) - age  10:        632 bytes,    1041744 total
[2022-06-30T12:17:42.568+0000][9][gc,age      ] GC(421) - age  11:         32 bytes,    1041776 total
[2022-06-30T12:17:42.568+0000][9][gc,age      ] GC(421) - age  12:        184 bytes,    1041960 total
[2022-06-30T12:17:42.569+0000][9][gc,age      ] GC(421) - age  15:        184 bytes,    1042144 total
[2022-06-30T12:17:42.569+0000][9][gc,heap     ] GC(421) Eden regions: 75->0(75)
[2022-06-30T12:17:42.570+0000][9][gc,heap     ] GC(421) Survivor regions: 1->1(10)
[2022-06-30T12:17:42.570+0000][9][gc,heap     ] GC(421) Old regions: 24->24
[2022-06-30T12:17:42.571+0000][9][gc,heap     ] GC(421) Archive regions: 2->2
[2022-06-30T12:17:42.571+0000][9][gc,heap     ] GC(421) Humongous regions: 0->0
[2022-06-30T12:17:42.572+0000][9][gc,metaspace] GC(421) Metaspace: 131574K(134976K)->131574K(134976K) NonClass: 114408K(116160K)->114408K(116160K) Class: 17166K(18816K)->17166K(18816K)
[2022-06-30T12:17:42.573+0000][9][gc          ] GC(421) Pause Young (Normal) (G1 Evacuation Pause) 398M->98M(512M) 24.910ms
[2022-06-30T12:17:42.573+0000][9][gc,cpu      ] GC(421) User=0.01s Sys=0.01s Real=0.03s
[2022-06-30T12:17:42.574+0000][9][safepoint   ] Safepoint "G1CollectForAllocation", Time since last: 8934986610 ns, Reaching safepoint: 87463 ns, At safepoint: 26232329 ns, Total: 26319792 ns
[2022-06-30T12:18:48.619+0000][9][safepoint   ] Safepoint "Cleanup", Time since last: 66087601192 ns, Reaching safepoint: 458837 ns, At safepoint: 98135 ns, Total: 556972 ns
[2022-06-30T12:19:06.515+0000][9][gc,start    ] GC(422) Pause Young (Normal) (G1 Evacuation Pause)
[2022-06-30T12:19:06.516+0000][9][gc,task     ] GC(422) Using 4 workers of 4 for evacuation
[2022-06-30T12:19:06.517+0000][9][gc,age      ] GC(422) Desired survivor size 20971520 bytes, new threshold 15 (max threshold 15)
[2022-06-30T12:19:06.522+0000][9][gc,phases   ] GC(422)   Pre Evacuate Collection Set: 0.2ms
[2022-06-30T12:19:06.523+0000][9][gc,phases   ] GC(422)   Merge Heap Roots: 0.1ms
[2022-06-30T12:19:06.524+0000][9][gc,phases   ] GC(422)   Evacuate Collection Set: 1.9ms
[2022-06-30T12:19:06.524+0000][9][gc,phases   ] GC(422)   Post Evacuate Collection Set: 1.1ms
[2022-06-30T12:19:06.526+0000][9][gc,phases   ] GC(422)   Other: 2.0ms
[2022-06-30T12:19:06.526+0000][9][gc,age      ] GC(422) Age table with threshold 15 (max threshold 15)
[2022-06-30T12:19:06.528+0000][9][gc,age      ] GC(422) - age   1:     689048 bytes,     689048 total
[2022-06-30T12:19:06.529+0000][9][gc,age      ] GC(422) - age   2:       1248 bytes,     690296 total
[2022-06-30T12:19:06.530+0000][9][gc,age      ] GC(422) - age   4:        184 bytes,     690480 total
[2022-06-30T12:19:06.531+0000][9][gc,age      ] GC(422) - age   5:       1728 bytes,     692208 total
[2022-06-30T12:19:06.532+0000][9][gc,age      ] GC(422) - age   6:        184 bytes,     692392 total
[2022-06-30T12:19:06.534+0000][9][gc,age      ] GC(422) - age   8:        608 bytes,     693000 total
[2022-06-30T12:19:06.536+0000][9][gc,age      ] GC(422) - age   9:         56 bytes,     693056 total
[2022-06-30T12:19:06.537+0000][9][gc,age      ] GC(422) - age  11:        448 bytes,     693504 total
[2022-06-30T12:19:06.538+0000][9][gc,age      ] GC(422) - age  12:         32 bytes,     693536 total
[2022-06-30T12:19:06.539+0000][9][gc,age      ] GC(422) - age  13:        184 bytes,     693720 total
[2022-06-30T12:19:06.539+0000][9][gc,heap     ] GC(422) Eden regions: 75->0(75)
[2022-06-30T12:19:06.540+0000][9][gc,heap     ] GC(422) Survivor regions: 1->1(10)
[2022-06-30T12:19:06.540+0000][9][gc,heap     ] GC(422) Old regions: 24->24
[2022-06-30T12:19:06.541+0000][9][gc,heap     ] GC(422) Archive regions: 2->2
[2022-06-30T12:19:06.541+0000][9][gc,heap     ] GC(422) Humongous regions: 0->0
[2022-06-30T12:19:06.542+0000][9][gc,metaspace] GC(422) Metaspace: 131580K(134976K)->131580K(134976K) NonClass: 114414K(116160K)->114414K(116160K) Class: 17166K(18816K)->17166K(18816K)
[2022-06-30T12:19:06.543+0000][9][gc          ] GC(422) Pause Young (Normal) (G1 Evacuation Pause) 398M->98M(512M) 27.976ms
[2022-06-30T12:19:06.544+0000][9][gc,cpu      ] GC(422) User=0.01s Sys=0.01s Real=0.03s
[2022-06-30T12:19:06.544+0000][9][safepoint   ] Safepoint "G1CollectForAllocation", Time since last: 17917725814 ns, Reaching safepoint: 76796 ns, At safepoint: 29420535 ns, Total: 29497331 ns
[2022-06-30T12:20:22.539+0000][9][safepoint   ] Safepoint "Cleanup", Time since last: 76060165344 ns, Reaching safepoint: 176411 ns, At safepoint: 79304 ns, Total: 255715 ns
[2022-06-30T12:20:30.515+0000][9][gc,start    ] GC(423) Pause Young (Normal) (G1 Evacuation Pause)
[2022-06-30T12:20:30.517+0000][9][gc,task     ] GC(423) Using 4 workers of 4 for evacuation
[2022-06-30T12:20:30.518+0000][9][gc,age      ] GC(423) Desired survivor size 20971520 bytes, new threshold 15 (max threshold 15)
[2022-06-30T12:20:30.523+0000][9][gc,phases   ] GC(423)   Pre Evacuate Collection Set: 0.2ms
[2022-06-30T12:20:30.524+0000][9][gc,phases   ] GC(423)   Merge Heap Roots: 0.1ms
[2022-06-30T12:20:30.524+0000][9][gc,phases   ] GC(423)   Evacuate Collection Set: 2.3ms
[2022-06-30T12:20:30.525+0000][9][gc,phases   ] GC(423)   Post Evacuate Collection Set: 0.8ms
[2022-06-30T12:20:30.526+0000][9][gc,phases   ] GC(423)   Other: 2.7ms
[2022-06-30T12:20:30.526+0000][9][gc,age      ] GC(423) Age table with threshold 15 (max threshold 15)
[2022-06-30T12:20:30.527+0000][9][gc,age      ] GC(423) - age   1:     682952 bytes,     682952 total
[2022-06-30T12:20:30.527+0000][9][gc,age      ] GC(423) - age   2:       1752 bytes,     684704 total
[2022-06-30T12:20:30.528+0000][9][gc,age      ] GC(423) - age   3:        376 bytes,     685080 total
[2022-06-30T12:20:30.528+0000][9][gc,age      ] GC(423) - age   5:        184 bytes,     685264 total
[2022-06-30T12:20:30.529+0000][9][gc,age      ] GC(423) - age   6:       1728 bytes,     686992 total
[2022-06-30T12:20:30.530+0000][9][gc,age      ] GC(423) - age   7:        184 bytes,     687176 total
[2022-06-30T12:20:30.530+0000][9][gc,age      ] GC(423) - age   9:        608 bytes,     687784 total
[2022-06-30T12:20:30.531+0000][9][gc,age      ] GC(423) - age  10:         32 bytes,     687816 total
[2022-06-30T12:20:30.532+0000][9][gc,age      ] GC(423) - age  12:        448 bytes,     688264 total
[2022-06-30T12:20:30.532+0000][9][gc,age      ] GC(423) - age  13:         32 bytes,     688296 total
[2022-06-30T12:20:30.533+0000][9][gc,age      ] GC(423) - age  14:        184 bytes,     688480 total
[2022-06-30T12:20:30.534+0000][9][gc,heap     ] GC(423) Eden regions: 75->0(75)
[2022-06-30T12:20:30.534+0000][9][gc,heap     ] GC(423) Survivor regions: 1->1(10)
[2022-06-30T12:20:30.535+0000][9][gc,heap     ] GC(423) Old regions: 24->24
[2022-06-30T12:20:30.536+0000][9][gc,heap     ] GC(423) Archive regions: 2->2
[2022-06-30T12:20:30.536+0000][9][gc,heap     ] GC(423) Humongous regions: 0->0
[2022-06-30T12:20:30.537+0000][9][gc,metaspace] GC(423) Metaspace: 131585K(134976K)->131585K(134976K) NonClass: 114419K(116160K)->114419K(116160K) Class: 17166K(18816K)->17166K(18816K)
[2022-06-30T12:20:30.538+0000][9][gc          ] GC(423) Pause Young (Normal) (G1 Evacuation Pause) 398M->98M(512M) 22.432ms
[2022-06-30T12:20:30.539+0000][9][gc,cpu      ] GC(423) User=0.00s Sys=0.00s Real=0.03s
[2022-06-30T12:20:30.540+0000][9][safepoint   ] Safepoint "G1CollectForAllocation", Time since last: 7975617708 ns, Reaching safepoint: 297790 ns, At safepoint: 24657504 ns, Total: 24955294 ns
[2022-06-30T12:20:48.563+0000][9][safepoint   ] Safepoint "Cleanup", Time since last: 18023035535 ns, Reaching safepoint: 157805 ns, At safepoint: 20437 ns, Total: 178242 ns
[2022-06-30T12:21:49.157+0000][9][gc,start    ] GC(424) Pause Young (Normal) (G1 Evacuation Pause)
[2022-06-30T12:21:49.158+0000][9][gc,task     ] GC(424) Using 4 workers of 4 for evacuation
[2022-06-30T12:21:49.159+0000][9][gc,age      ] GC(424) Desired survivor size 20971520 bytes, new threshold 15 (max threshold 15)
[2022-06-30T12:21:49.164+0000][9][gc,phases   ] GC(424)   Pre Evacuate Collection Set: 0.1ms
[2022-06-30T12:21:49.165+0000][9][gc,phases   ] GC(424)   Merge Heap Roots: 0.0ms
[2022-06-30T12:21:49.166+0000][9][gc,phases   ] GC(424)   Evacuate Collection Set: 2.6ms
[2022-06-30T12:21:49.167+0000][9][gc,phases   ] GC(424)   Post Evacuate Collection Set: 1.1ms
[2022-06-30T12:21:49.167+0000][9][gc,phases   ] GC(424)   Other: 2.1ms
[2022-06-30T12:21:49.168+0000][9][gc,age      ] GC(424) Age table with threshold 15 (max threshold 15)
[2022-06-30T12:21:49.168+0000][9][gc,age      ] GC(424) - age   1:    1505376 bytes,    1505376 total
[2022-06-30T12:21:49.169+0000][9][gc,age      ] GC(424) - age   2:      17144 bytes,    1522520 total
[2022-06-30T12:21:49.170+0000][9][gc,age      ] GC(424) - age   3:        704 bytes,    1523224 total
[2022-06-30T12:21:49.170+0000][9][gc,age      ] GC(424) - age   4:        184 bytes,    1523408 total
[2022-06-30T12:21:49.171+0000][9][gc,age      ] GC(424) - age   6:        184 bytes,    1523592 total
[2022-06-30T12:21:49.171+0000][9][gc,age      ] GC(424) - age   7:       1728 bytes,    1525320 total
[2022-06-30T12:21:49.172+0000][9][gc,age      ] GC(424) - age   8:        184 bytes,    1525504 total
[2022-06-30T12:21:49.172+0000][9][gc,age      ] GC(424) - age  10:        608 bytes,    1526112 total
[2022-06-30T12:21:49.173+0000][9][gc,age      ] GC(424) - age  11:         32 bytes,    1526144 total
[2022-06-30T12:21:49.174+0000][9][gc,age      ] GC(424) - age  13:        448 bytes,    1526592 total
[2022-06-30T12:21:49.174+0000][9][gc,age      ] GC(424) - age  15:        184 bytes,    1526776 total
[2022-06-30T12:21:49.175+0000][9][gc,heap     ] GC(424) Eden regions: 75->0(75)
[2022-06-30T12:21:49.175+0000][9][gc,heap     ] GC(424) Survivor regions: 1->1(10)
[2022-06-30T12:21:49.176+0000][9][gc,heap     ] GC(424) Old regions: 24->24
[2022-06-30T12:21:49.176+0000][9][gc,heap     ] GC(424) Archive regions: 2->2
[2022-06-30T12:21:49.177+0000][9][gc,heap     ] GC(424) Humongous regions: 0->0
[2022-06-30T12:21:49.178+0000][9][gc,metaspace] GC(424) Metaspace: 131585K(134976K)->131585K(134976K) NonClass: 114419K(116160K)->114419K(116160K) Class: 17166K(18816K)->17166K(18816K)
[2022-06-30T12:21:49.178+0000][9][gc          ] GC(424) Pause Young (Normal) (G1 Evacuation Pause) 398M->99M(512M) 21.123ms
[2022-06-30T12:21:49.179+0000][9][gc,cpu      ] GC(424) User=0.01s Sys=0.00s Real=0.02s
[2022-06-30T12:21:49.180+0000][9][safepoint   ] Safepoint "G1CollectForAllocation", Time since last: 60657848985 ns, Reaching safepoint: 241533 ns, At safepoint: 22549404 ns, Total: 22790937 ns
[2022-06-30T12:23:18.739+0000][9][gc,start    ] GC(425) Pause Young (Normal) (G1 Evacuation Pause)
[2022-06-30T12:23:18.743+0000][9][gc,task     ] GC(425) Using 4 workers of 4 for evacuation
[2022-06-30T12:23:18.744+0000][9][gc,age      ] GC(425) Desired survivor size 20971520 bytes, new threshold 15 (max threshold 15)
[2022-06-30T12:23:18.752+0000][9][gc,phases   ] GC(425)   Pre Evacuate Collection Set: 0.2ms
[2022-06-30T12:23:18.753+0000][9][gc,phases   ] GC(425)   Merge Heap Roots: 0.1ms
[2022-06-30T12:23:18.754+0000][9][gc,phases   ] GC(425)   Evacuate Collection Set: 3.4ms
[2022-06-30T12:23:18.755+0000][9][gc,phases   ] GC(425)   Post Evacuate Collection Set: 3.0ms
[2022-06-30T12:23:18.756+0000][9][gc,phases   ] GC(425)   Other: 2.9ms
[2022-06-30T12:23:18.757+0000][9][gc,age      ] GC(425) Age table with threshold 15 (max threshold 15)
[2022-06-30T12:23:18.758+0000][9][gc,age      ] GC(425) - age   1:    1811728 bytes,    1811728 total
[2022-06-30T12:23:18.759+0000][9][gc,age      ] GC(425) - age   2:       1992 bytes,    1813720 total
[2022-06-30T12:23:18.760+0000][9][gc,age      ] GC(425) - age   3:       8040 bytes,    1821760 total
[2022-06-30T12:23:18.761+0000][9][gc,age      ] GC(425) - age   4:        280 bytes,    1822040 total
[2022-06-30T12:23:18.761+0000][9][gc,age      ] GC(425) - age   5:        184 bytes,    1822224 total
[2022-06-30T12:23:18.762+0000][9][gc,age      ] GC(425) - age   7:        184 bytes,    1822408 total
[2022-06-30T12:23:18.763+0000][9][gc,age      ] GC(425) - age   9:        184 bytes,    1822592 total
[2022-06-30T12:23:18.763+0000][9][gc,age      ] GC(425) - age  11:        216 bytes,    1822808 total
[2022-06-30T12:23:18.766+0000][9][gc,age      ] GC(425) - age  12:         32 bytes,    1822840 total
[2022-06-30T12:23:18.767+0000][9][gc,age      ] GC(425) - age  14:        448 bytes,    1823288 total
[2022-06-30T12:23:18.768+0000][9][gc,heap     ] GC(425) Eden regions: 75->0(75)
[2022-06-30T12:23:18.768+0000][9][gc,heap     ] GC(425) Survivor regions: 1->1(10)
[2022-06-30T12:23:18.769+0000][9][gc,heap     ] GC(425) Old regions: 24->24
[2022-06-30T12:23:18.769+0000][9][gc,heap     ] GC(425) Archive regions: 2->2
[2022-06-30T12:23:18.770+0000][9][gc,heap     ] GC(425) Humongous regions: 0->0
[2022-06-30T12:23:18.771+0000][9][gc,metaspace] GC(425) Metaspace: 131585K(134976K)->131585K(134976K) NonClass: 114419K(116160K)->114419K(116160K) Class: 17166K(18816K)->17166K(18816K)
[2022-06-30T12:23:18.771+0000][9][gc          ] GC(425) Pause Young (Normal) (G1 Evacuation Pause) 399M->99M(512M) 32.278ms
[2022-06-30T12:23:18.772+0000][9][gc,cpu      ] GC(425) User=0.01s Sys=0.00s Real=0.04s
[2022-06-30T12:23:18.773+0000][9][safepoint   ] Safepoint "G1CollectForAllocation", Time since last: 89601952259 ns, Reaching safepoint: 358113 ns, At safepoint: 33746103 ns, Total: 34104216 ns
[2022-06-30T12:23:24.756+0000][9][safepoint   ] Safepoint "Cleanup", Time since last: 6004605858 ns, Reaching safepoint: 94456 ns, At safepoint: 3794 ns, Total: 98250 ns
[2022-06-30T12:23:43.715+0000][9][safepoint   ] Safepoint "Cleanup", Time since last: 18959018277 ns, Reaching safepoint: 233158 ns, At safepoint: 8182 ns, Total: 241340 ns
[2022-06-30T12:24:30.725+0000][9][safepoint   ] Safepoint "Cleanup", Time since last: 47053687914 ns, Reaching safepoint: 233584 ns, At safepoint: 14413 ns, Total: 247997 ns
[2022-06-30T12:24:33.676+0000][9][gc,start    ] GC(426) Pause Young (Normal) (G1 Evacuation Pause)
[2022-06-30T12:24:33.677+0000][9][gc,task     ] GC(426) Using 4 workers of 4 for evacuation
[2022-06-30T12:24:33.678+0000][9][gc,age      ] GC(426) Desired survivor size 20971520 bytes, new threshold 15 (max threshold 15)
[2022-06-30T12:24:33.687+0000][9][gc,phases   ] GC(426)   Pre Evacuate Collection Set: 0.4ms
[2022-06-30T12:24:33.689+0000][9][gc,phases   ] GC(426)   Merge Heap Roots: 0.4ms
[2022-06-30T12:24:33.690+0000][9][gc,phases   ] GC(426)   Evacuate Collection Set: 4.0ms
[2022-06-30T12:24:33.690+0000][9][gc,phases   ] GC(426)   Post Evacuate Collection Set: 2.6ms
[2022-06-30T12:24:33.691+0000][9][gc,phases   ] GC(426)   Other: 2.5ms
[2022-06-30T12:24:33.692+0000][9][gc,age      ] GC(426) Age table with threshold 15 (max threshold 15)
[2022-06-30T12:24:33.692+0000][9][gc,age      ] GC(426) - age   1:    2135400 bytes,    2135400 total
[2022-06-30T12:24:33.693+0000][9][gc,age      ] GC(426) - age   2:     212336 bytes,    2347736 total
[2022-06-30T12:24:33.693+0000][9][gc,age      ] GC(426) - age   3:         32 bytes,    2347768 total
[2022-06-30T12:24:33.694+0000][9][gc,age      ] GC(426) - age   5:        184 bytes,    2347952 total
[2022-06-30T12:24:33.694+0000][9][gc,age      ] GC(426) - age   6:        184 bytes,    2348136 total
[2022-06-30T12:24:33.695+0000][9][gc,age      ] GC(426) - age   8:        184 bytes,    2348320 total
[2022-06-30T12:24:33.697+0000][9][gc,age      ] GC(426) - age  10:        184 bytes,    2348504 total
[2022-06-30T12:24:33.697+0000][9][gc,age      ] GC(426) - age  12:        216 bytes,    2348720 total
[2022-06-30T12:24:33.698+0000][9][gc,age      ] GC(426) - age  15:         64 bytes,    2348784 total
[2022-06-30T12:24:33.698+0000][9][gc,heap     ] GC(426) Eden regions: 75->0(75)
[2022-06-30T12:24:33.699+0000][9][gc,heap     ] GC(426) Survivor regions: 1->1(10)
[2022-06-30T12:24:33.699+0000][9][gc,heap     ] GC(426) Old regions: 24->24
[2022-06-30T12:24:33.700+0000][9][gc,heap     ] GC(426) Archive regions: 2->2
[2022-06-30T12:24:33.701+0000][9][gc,heap     ] GC(426) Humongous regions: 0->0
[2022-06-30T12:24:33.701+0000][9][gc,metaspace] GC(426) Metaspace: 131585K(134976K)->131585K(134976K) NonClass: 114419K(116160K)->114419K(116160K) Class: 17166K(18816K)->17166K(18816K)
[2022-06-30T12:24:33.704+0000][9][gc          ] GC(426) Pause Young (Normal) (G1 Evacuation Pause) 399M->100M(512M) 27.275ms
[2022-06-30T12:24:33.706+0000][9][gc,cpu      ] GC(426) User=0.01s Sys=0.01s Real=0.03s
[2022-06-30T12:24:33.706+0000][9][safepoint   ] Safepoint "G1CollectForAllocation", Time since last: 2951165426 ns, Reaching safepoint: 60356 ns, At safepoint: 29985291 ns, Total: 30045647 ns
[2022-06-30T12:25:54.715+0000][9][safepoint   ] Safepoint "Cleanup", Time since last: 81072816598 ns, Reaching safepoint: 247828 ns, At safepoint: 11335 ns, Total: 259163 ns
[2022-06-30T12:26:00.633+0000][9][gc,start    ] GC(427) Pause Young (Normal) (G1 Evacuation Pause)
[2022-06-30T12:26:00.636+0000][9][gc,task     ] GC(427) Using 4 workers of 4 for evacuation
[2022-06-30T12:26:00.638+0000][9][gc,age      ] GC(427) Desired survivor size 20971520 bytes, new threshold 15 (max threshold 15)
[2022-06-30T12:26:00.644+0000][9][gc,phases   ] GC(427)   Pre Evacuate Collection Set: 0.2ms
[2022-06-30T12:26:00.645+0000][9][gc,phases   ] GC(427)   Merge Heap Roots: 0.2ms
[2022-06-30T12:26:00.646+0000][9][gc,phases   ] GC(427)   Evacuate Collection Set: 2.2ms
[2022-06-30T12:26:00.646+0000][9][gc,phases   ] GC(427)   Post Evacuate Collection Set: 1.9ms
[2022-06-30T12:26:00.647+0000][9][gc,phases   ] GC(427)   Other: 4.1ms
[2022-06-30T12:26:00.647+0000][9][gc,age      ] GC(427) Age table with threshold 15 (max threshold 15)
[2022-06-30T12:26:00.648+0000][9][gc,age      ] GC(427) - age   1:    1334424 bytes,    1334424 total
[2022-06-30T12:26:00.648+0000][9][gc,age      ] GC(427) - age   2:     160008 bytes,    1494432 total
[2022-06-30T12:26:00.649+0000][9][gc,age      ] GC(427) - age   3:     210296 bytes,    1704728 total
[2022-06-30T12:26:00.649+0000][9][gc,age      ] GC(427) - age   6:        184 bytes,    1704912 total
[2022-06-30T12:26:00.650+0000][9][gc,age      ] GC(427) - age   9:        184 bytes,    1705096 total
[2022-06-30T12:26:00.652+0000][9][gc,age      ] GC(427) - age  11:        184 bytes,    1705280 total
[2022-06-30T12:26:00.655+0000][9][gc,age      ] GC(427) - age  13:        216 bytes,    1705496 total
[2022-06-30T12:26:00.656+0000][9][gc,heap     ] GC(427) Eden regions: 75->0(75)
[2022-06-30T12:26:00.656+0000][9][gc,heap     ] GC(427) Survivor regions: 1->1(10)
[2022-06-30T12:26:00.657+0000][9][gc,heap     ] GC(427) Old regions: 24->24
[2022-06-30T12:26:00.657+0000][9][gc,heap     ] GC(427) Archive regions: 2->2
[2022-06-30T12:26:00.658+0000][9][gc,heap     ] GC(427) Humongous regions: 0->0
[2022-06-30T12:26:00.659+0000][9][gc,metaspace] GC(427) Metaspace: 131585K(134976K)->131585K(134976K) NonClass: 114419K(116160K)->114419K(116160K) Class: 17166K(18816K)->17166K(18816K)
[2022-06-30T12:26:00.660+0000][9][gc          ] GC(427) Pause Young (Normal) (G1 Evacuation Pause) 400M->99M(512M) 26.309ms
[2022-06-30T12:26:00.661+0000][9][gc,cpu      ] GC(427) User=0.00s Sys=0.00s Real=0.02s
[2022-06-30T12:26:00.662+0000][9][safepoint   ] Safepoint "G1CollectForAllocation", Time since last: 5917739371 ns, Reaching safepoint: 106528 ns, At safepoint: 28959195 ns, Total: 29065723 ns
[2022-06-30T12:27:21.672+0000][9][gc,start    ] GC(428) Pause Young (Normal) (G1 Evacuation Pause)
[2022-06-30T12:27:21.674+0000][9][gc,task     ] GC(428) Using 4 workers of 4 for evacuation
[2022-06-30T12:27:21.674+0000][9][gc,age      ] GC(428) Desired survivor size 20971520 bytes, new threshold 15 (max threshold 15)
[2022-06-30T12:27:21.678+0000][9][gc,phases   ] GC(428)   Pre Evacuate Collection Set: 0.2ms
[2022-06-30T12:27:21.679+0000][9][gc,phases   ] GC(428)   Merge Heap Roots: 0.1ms
[2022-06-30T12:27:21.680+0000][9][gc,phases   ] GC(428)   Evacuate Collection Set: 2.0ms
[2022-06-30T12:27:21.681+0000][9][gc,phases   ] GC(428)   Post Evacuate Collection Set: 0.9ms
[2022-06-30T12:27:21.681+0000][9][gc,phases   ] GC(428)   Other: 1.6ms
[2022-06-30T12:27:21.682+0000][9][gc,age      ] GC(428) Age table with threshold 15 (max threshold 15)
[2022-06-30T12:27:21.683+0000][9][gc,age      ] GC(428) - age   1:    1503600 bytes,    1503600 total
[2022-06-30T12:27:21.684+0000][9][gc,age      ] GC(428) - age   2:       1664 bytes,    1505264 total
[2022-06-30T12:27:21.685+0000][9][gc,age      ] GC(428) - age   3:     158688 bytes,    1663952 total
[2022-06-30T12:27:21.686+0000][9][gc,age      ] GC(428) - age   4:     210232 bytes,    1874184 total
[2022-06-30T12:27:21.686+0000][9][gc,age      ] GC(428) - age   7:        184 bytes,    1874368 total
[2022-06-30T12:27:21.687+0000][9][gc,age      ] GC(428) - age  10:        184 bytes,    1874552 total
[2022-06-30T12:27:21.688+0000][9][gc,age      ] GC(428) - age  12:        184 bytes,    1874736 total
[2022-06-30T12:27:21.688+0000][9][gc,age      ] GC(428) - age  14:         32 bytes,    1874768 total
[2022-06-30T12:27:21.689+0000][9][gc,heap     ] GC(428) Eden regions: 75->0(75)
[2022-06-30T12:27:21.689+0000][9][gc,heap     ] GC(428) Survivor regions: 1->1(10)
[2022-06-30T12:27:21.690+0000][9][gc,heap     ] GC(428) Old regions: 24->24
[2022-06-30T12:27:21.691+0000][9][gc,heap     ] GC(428) Archive regions: 2->2
[2022-06-30T12:27:21.692+0000][9][gc,heap     ] GC(428) Humongous regions: 0->0
[2022-06-30T12:27:21.692+0000][9][gc,metaspace] GC(428) Metaspace: 131585K(134976K)->131585K(134976K) NonClass: 114419K(116160K)->114419K(116160K) Class: 17166K(18816K)->17166K(18816K)
[2022-06-30T12:27:21.693+0000][9][gc          ] GC(428) Pause Young (Normal) (G1 Evacuation Pause) 399M->99M(512M) 20.782ms
[2022-06-30T12:27:21.694+0000][9][gc,cpu      ] GC(428) User=0.01s Sys=0.00s Real=0.02s
[2022-06-30T12:27:21.694+0000][9][safepoint   ] Safepoint "G1CollectForAllocation", Time since last: 81075310130 ns, Reaching safepoint: 100050 ns, At safepoint: 22323509 ns, Total: 22423559 ns
[2022-06-30T12:27:51.706+0000][9][safepoint   ] Safepoint "Cleanup", Time since last: 30033295967 ns, Reaching safepoint: 115673 ns, At safepoint: 5664 ns, Total: 121337 ns
[2022-06-30T12:28:48.586+0000][9][gc,start    ] GC(429) Pause Young (Normal) (G1 Evacuation Pause)
[2022-06-30T12:28:48.588+0000][9][gc,task     ] GC(429) Using 4 workers of 4 for evacuation
[2022-06-30T12:28:48.589+0000][9][gc,age      ] GC(429) Desired survivor size 20971520 bytes, new threshold 15 (max threshold 15)
[2022-06-30T12:28:48.594+0000][9][gc,phases   ] GC(429)   Pre Evacuate Collection Set: 0.3ms
[2022-06-30T12:28:48.595+0000][9][gc,phases   ] GC(429)   Merge Heap Roots: 0.2ms
[2022-06-30T12:28:48.596+0000][9][gc,phases   ] GC(429)   Evacuate Collection Set: 2.7ms
[2022-06-30T12:28:48.597+0000][9][gc,phases   ] GC(429)   Post Evacuate Collection Set: 1.5ms
[2022-06-30T12:28:48.597+0000][9][gc,phases   ] GC(429)   Other: 2.0ms
[2022-06-30T12:28:48.598+0000][9][gc,age      ] GC(429) Age table with threshold 15 (max threshold 15)
[2022-06-30T12:28:48.599+0000][9][gc,age      ] GC(429) - age   1:    1178960 bytes,    1178960 total
[2022-06-30T12:28:48.599+0000][9][gc,age      ] GC(429) - age   2:       1808 bytes,    1180768 total
[2022-06-30T12:28:48.600+0000][9][gc,age      ] GC(429) - age   3:        512 bytes,    1181280 total
[2022-06-30T12:28:48.601+0000][9][gc,age      ] GC(429) - age   4:     141440 bytes,    1322720 total
[2022-06-30T12:28:48.602+0000][9][gc,age      ] GC(429) - age   5:     113272 bytes,    1435992 total
[2022-06-30T12:28:48.603+0000][9][gc,age      ] GC(429) - age   8:        184 bytes,    1436176 total
[2022-06-30T12:28:48.606+0000][9][gc,age      ] GC(429) - age  11:        184 bytes,    1436360 total
[2022-06-30T12:28:48.608+0000][9][gc,age      ] GC(429) - age  13:        184 bytes,    1436544 total
[2022-06-30T12:28:48.609+0000][9][gc,age      ] GC(429) - age  15:         32 bytes,    1436576 total
[2022-06-30T12:28:48.610+0000][9][gc,heap     ] GC(429) Eden regions: 75->0(75)
[2022-06-30T12:28:48.611+0000][9][gc,heap     ] GC(429) Survivor regions: 1->1(10)
[2022-06-30T12:28:48.613+0000][9][gc,heap     ] GC(429) Old regions: 24->24
[2022-06-30T12:28:48.613+0000][9][gc,heap     ] GC(429) Archive regions: 2->2
[2022-06-30T12:28:48.614+0000][9][gc,heap     ] GC(429) Humongous regions: 0->0
[2022-06-30T12:28:48.615+0000][9][gc,metaspace] GC(429) Metaspace: 131585K(134976K)->131585K(134976K) NonClass: 114419K(116160K)->114419K(116160K) Class: 17166K(18816K)->17166K(18816K)
[2022-06-30T12:28:48.616+0000][9][gc          ] GC(429) Pause Young (Normal) (G1 Evacuation Pause) 399M->99M(512M) 29.861ms
[2022-06-30T12:28:48.616+0000][9][gc,cpu      ] GC(429) User=0.01s Sys=0.00s Real=0.03s
[2022-06-30T12:28:48.617+0000][9][safepoint   ] Safepoint "G1CollectForAllocation", Time since last: 56900836442 ns, Reaching safepoint: 265276 ns, At safepoint: 31133925 ns, Total: 31399201 ns
[2022-06-30T12:28:55.602+0000][9][safepoint   ] Safepoint "Cleanup", Time since last: 7005976038 ns, Reaching safepoint: 336536 ns, At safepoint: 16727 ns, Total: 353263 ns
[2022-06-30T12:29:39.630+0000][9][safepoint   ] Safepoint "Cleanup", Time since last: 44049762615 ns, Reaching safepoint: 472039 ns, At safepoint: 27525 ns, Total: 499564 ns
[2022-06-30T12:30:12.558+0000][9][gc,start    ] GC(430) Pause Young (Normal) (G1 Evacuation Pause)
[2022-06-30T12:30:12.559+0000][9][gc,task     ] GC(430) Using 4 workers of 4 for evacuation
[2022-06-30T12:30:12.560+0000][9][gc,age      ] GC(430) Desired survivor size 20971520 bytes, new threshold 15 (max threshold 15)
[2022-06-30T12:30:12.564+0000][9][gc,phases   ] GC(430)   Pre Evacuate Collection Set: 0.1ms
[2022-06-30T12:30:12.566+0000][9][gc,phases   ] GC(430)   Merge Heap Roots: 0.1ms
[2022-06-30T12:30:12.567+0000][9][gc,phases   ] GC(430)   Evacuate Collection Set: 1.7ms
[2022-06-30T12:30:12.568+0000][9][gc,phases   ] GC(430)   Post Evacuate Collection Set: 1.7ms
[2022-06-30T12:30:12.569+0000][9][gc,phases   ] GC(430)   Other: 1.9ms
[2022-06-30T12:30:12.569+0000][9][gc,age      ] GC(430) Age table with threshold 15 (max threshold 15)
[2022-06-30T12:30:12.570+0000][9][gc,age      ] GC(430) - age   1:     936232 bytes,     936232 total
[2022-06-30T12:30:12.571+0000][9][gc,age      ] GC(430) - age   2:     134704 bytes,    1070936 total
[2022-06-30T12:30:12.571+0000][9][gc,age      ] GC(430) - age   3:        480 bytes,    1071416 total
[2022-06-30T12:30:12.572+0000][9][gc,age      ] GC(430) - age   4:        512 bytes,    1071928 total
[2022-06-30T12:30:12.572+0000][9][gc,age      ] GC(430) - age   5:     141344 bytes,    1213272 total
[2022-06-30T12:30:12.573+0000][9][gc,age      ] GC(430) - age   6:     113144 bytes,    1326416 total
[2022-06-30T12:30:12.574+0000][9][gc,age      ] GC(430) - age   9:         32 bytes,    1326448 total
[2022-06-30T12:30:12.574+0000][9][gc,age      ] GC(430) - age  12:        184 bytes,    1326632 total
[2022-06-30T12:30:12.575+0000][9][gc,age      ] GC(430) - age  14:        184 bytes,    1326816 total
[2022-06-30T12:30:12.576+0000][9][gc,heap     ] GC(430) Eden regions: 75->0(75)
[2022-06-30T12:30:12.576+0000][9][gc,heap     ] GC(430) Survivor regions: 1->1(10)
[2022-06-30T12:30:12.577+0000][9][gc,heap     ] GC(430) Old regions: 24->24
[2022-06-30T12:30:12.578+0000][9][gc,heap     ] GC(430) Archive regions: 2->2
[2022-06-30T12:30:12.578+0000][9][gc,heap     ] GC(430) Humongous regions: 0->0
[2022-06-30T12:30:12.579+0000][9][gc,metaspace] GC(430) Metaspace: 131589K(134976K)->131589K(134976K) NonClass: 114423K(116160K)->114423K(116160K) Class: 17166K(18816K)->17166K(18816K)
[2022-06-30T12:30:12.581+0000][9][gc          ] GC(430) Pause Young (Normal) (G1 Evacuation Pause) 399M->99M(512M) 23.644ms
[2022-06-30T12:30:12.582+0000][9][gc,cpu      ] GC(430) User=0.00s Sys=0.00s Real=0.03s
[2022-06-30T12:30:12.583+0000][9][safepoint   ] Safepoint "G1CollectForAllocation", Time since last: 32948730487 ns, Reaching safepoint: 83223 ns, At safepoint: 25163411 ns, Total: 25246634 ns
[2022-06-30T12:31:35.610+0000][9][gc,start    ] GC(431) Pause Young (Normal) (G1 Evacuation Pause)
[2022-06-30T12:31:35.613+0000][9][gc,task     ] GC(431) Using 4 workers of 4 for evacuation
[2022-06-30T12:31:35.614+0000][9][gc,age      ] GC(431) Desired survivor size 20971520 bytes, new threshold 15 (max threshold 15)
[2022-06-30T12:31:35.619+0000][9][gc,phases   ] GC(431)   Pre Evacuate Collection Set: 0.3ms
[2022-06-30T12:31:35.620+0000][9][gc,phases   ] GC(431)   Merge Heap Roots: 0.1ms
[2022-06-30T12:31:35.621+0000][9][gc,phases   ] GC(431)   Evacuate Collection Set: 2.3ms
[2022-06-30T12:31:35.622+0000][9][gc,phases   ] GC(431)   Post Evacuate Collection Set: 1.7ms
[2022-06-30T12:31:35.623+0000][9][gc,phases   ] GC(431)   Other: 2.0ms
[2022-06-30T12:31:35.624+0000][9][gc,age      ] GC(431) Age table with threshold 15 (max threshold 15)
[2022-06-30T12:31:35.624+0000][9][gc,age      ] GC(431) - age   1:     613744 bytes,     613744 total
[2022-06-30T12:31:35.625+0000][9][gc,age      ] GC(431) - age   2:       1224 bytes,     614968 total
[2022-06-30T12:31:35.625+0000][9][gc,age      ] GC(431) - age   3:     133096 bytes,     748064 total
[2022-06-30T12:31:35.626+0000][9][gc,age      ] GC(431) - age   4:        480 bytes,     748544 total
[2022-06-30T12:31:35.627+0000][9][gc,age      ] GC(431) - age   5:        216 bytes,     748760 total
[2022-06-30T12:31:35.627+0000][9][gc,age      ] GC(431) - age   6:     141344 bytes,     890104 total
[2022-06-30T12:31:35.628+0000][9][gc,age      ] GC(431) - age   7:     113144 bytes,    1003248 total
[2022-06-30T12:31:35.629+0000][9][gc,age      ] GC(431) - age  10:         32 bytes,    1003280 total
[2022-06-30T12:31:35.629+0000][9][gc,age      ] GC(431) - age  13:        184 bytes,    1003464 total
[2022-06-30T12:31:35.630+0000][9][gc,age      ] GC(431) - age  15:        184 bytes,    1003648 total
[2022-06-30T12:31:35.630+0000][9][gc,heap     ] GC(431) Eden regions: 75->0(75)
[2022-06-30T12:31:35.631+0000][9][gc,heap     ] GC(431) Survivor regions: 1->1(10)
[2022-06-30T12:31:35.632+0000][9][gc,heap     ] GC(431) Old regions: 24->24
[2022-06-30T12:31:35.632+0000][9][gc,heap     ] GC(431) Archive regions: 2->2
[2022-06-30T12:31:35.633+0000][9][gc,heap     ] GC(431) Humongous regions: 0->0
[2022-06-30T12:31:35.634+0000][9][gc,metaspace] GC(431) Metaspace: 131589K(134976K)->131589K(134976K) NonClass: 114423K(116160K)->114423K(116160K) Class: 17166K(18816K)->17166K(18816K)
[2022-06-30T12:31:35.635+0000][9][gc          ] GC(431) Pause Young (Normal) (G1 Evacuation Pause) 399M->98M(512M) 25.738ms
[2022-06-30T12:31:35.636+0000][9][gc,cpu      ] GC(431) User=0.01s Sys=0.00s Real=0.03s
[2022-06-30T12:31:35.637+0000][9][safepoint   ] Safepoint "G1CollectForAllocation", Time since last: 83091616400 ns, Reaching safepoint: 138653 ns, At safepoint: 27594839 ns, Total: 27733492 ns
[2022-06-30T12:33:15.510+0000][9][gc,start    ] GC(432) Pause Young (Normal) (G1 Evacuation Pause)
[2022-06-30T12:33:15.515+0000][9][gc,task     ] GC(432) Using 4 workers of 4 for evacuation
[2022-06-30T12:33:15.517+0000][9][gc,age      ] GC(432) Desired survivor size 20971520 bytes, new threshold 15 (max threshold 15)
[2022-06-30T12:33:15.524+0000][9][gc,phases   ] GC(432)   Pre Evacuate Collection Set: 0.5ms
[2022-06-30T12:33:15.525+0000][9][gc,phases   ] GC(432)   Merge Heap Roots: 0.3ms
[2022-06-30T12:33:15.526+0000][9][gc,phases   ] GC(432)   Evacuate Collection Set: 3.0ms
[2022-06-30T12:33:15.527+0000][9][gc,phases   ] GC(432)   Post Evacuate Collection Set: 1.4ms
[2022-06-30T12:33:15.528+0000][9][gc,phases   ] GC(432)   Other: 4.0ms
[2022-06-30T12:33:15.531+0000][9][gc,age      ] GC(432) Age table with threshold 15 (max threshold 15)
[2022-06-30T12:33:15.533+0000][9][gc,age      ] GC(432) - age   1:    1236544 bytes,    1236544 total
[2022-06-30T12:33:15.535+0000][9][gc,age      ] GC(432) - age   2:      13616 bytes,    1250160 total
[2022-06-30T12:33:15.537+0000][9][gc,age      ] GC(432) - age   3:        368 bytes,    1250528 total
[2022-06-30T12:33:15.539+0000][9][gc,age      ] GC(432) - age   4:     133032 bytes,    1383560 total
[2022-06-30T12:33:15.540+0000][9][gc,age      ] GC(432) - age   5:        184 bytes,    1383744 total
[2022-06-30T12:33:15.541+0000][9][gc,age      ] GC(432) - age   6:        216 bytes,    1383960 total
[2022-06-30T12:33:15.542+0000][9][gc,age      ] GC(432) - age   7:     141248 bytes,    1525208 total
[2022-06-30T12:33:15.542+0000][9][gc,age      ] GC(432) - age   8:     111416 bytes,    1636624 total
[2022-06-30T12:33:15.543+0000][9][gc,age      ] GC(432) - age  11:         32 bytes,    1636656 total
[2022-06-30T12:33:15.544+0000][9][gc,age      ] GC(432) - age  14:        184 bytes,    1636840 total
[2022-06-30T12:33:15.544+0000][9][gc,heap     ] GC(432) Eden regions: 75->0(75)
[2022-06-30T12:33:15.545+0000][9][gc,heap     ] GC(432) Survivor regions: 1->1(10)
[2022-06-30T12:33:15.546+0000][9][gc,heap     ] GC(432) Old regions: 24->24
[2022-06-30T12:33:15.548+0000][9][gc,heap     ] GC(432) Archive regions: 2->2
[2022-06-30T12:33:15.549+0000][9][gc,heap     ] GC(432) Humongous regions: 0->0
[2022-06-30T12:33:15.550+0000][9][gc,metaspace] GC(432) Metaspace: 131589K(134976K)->131589K(134976K) NonClass: 114423K(116160K)->114423K(116160K) Class: 17166K(18816K)->17166K(18816K)
[2022-06-30T12:33:15.553+0000][9][gc          ] GC(432) Pause Young (Normal) (G1 Evacuation Pause) 398M->99M(512M) 43.188ms
[2022-06-30T12:33:15.555+0000][9][gc,cpu      ] GC(432) User=0.01s Sys=0.01s Real=0.04s
[2022-06-30T12:33:15.557+0000][9][safepoint   ] Safepoint "G1CollectForAllocation", Time since last: 99937945744 ns, Reaching safepoint: 111218 ns, At safepoint: 46991245 ns, Total: 47102463 ns
[2022-06-30T12:34:39.503+0000][9][gc,start    ] GC(433) Pause Young (Normal) (G1 Evacuation Pause)
[2022-06-30T12:34:39.504+0000][9][gc,task     ] GC(433) Using 4 workers of 4 for evacuation
[2022-06-30T12:34:39.504+0000][9][gc,age      ] GC(433) Desired survivor size 20971520 bytes, new threshold 15 (max threshold 15)
[2022-06-30T12:34:39.509+0000][9][gc,phases   ] GC(433)   Pre Evacuate Collection Set: 0.1ms
[2022-06-30T12:34:39.510+0000][9][gc,phases   ] GC(433)   Merge Heap Roots: 0.1ms
[2022-06-30T12:34:39.510+0000][9][gc,phases   ] GC(433)   Evacuate Collection Set: 2.5ms
[2022-06-30T12:34:39.511+0000][9][gc,phases   ] GC(433)   Post Evacuate Collection Set: 0.9ms
[2022-06-30T12:34:39.511+0000][9][gc,phases   ] GC(433)   Other: 1.3ms
[2022-06-30T12:34:39.513+0000][9][gc,age      ] GC(433) Age table with threshold 15 (max threshold 15)
[2022-06-30T12:34:39.514+0000][9][gc,age      ] GC(433) - age   1:    1156016 bytes,    1156016 total
[2022-06-30T12:34:39.515+0000][9][gc,age      ] GC(433) - age   2:       4096 bytes,    1160112 total
[2022-06-30T12:34:39.516+0000][9][gc,age      ] GC(433) - age   3:      12616 bytes,    1172728 total
[2022-06-30T12:34:39.516+0000][9][gc,age      ] GC(433) - age   4:        208 bytes,    1172936 total
[2022-06-30T12:34:39.517+0000][9][gc,age      ] GC(433) - age   5:     132968 bytes,    1305904 total
[2022-06-30T12:34:39.518+0000][9][gc,age      ] GC(433) - age   6:        184 bytes,    1306088 total
[2022-06-30T12:34:39.518+0000][9][gc,age      ] GC(433) - age   7:        216 bytes,    1306304 total
[2022-06-30T12:34:39.519+0000][9][gc,age      ] GC(433) - age   8:     141248 bytes,    1447552 total
[2022-06-30T12:34:39.520+0000][9][gc,age      ] GC(433) - age   9:     111416 bytes,    1558968 total
[2022-06-30T12:34:39.521+0000][9][gc,age      ] GC(433) - age  12:         32 bytes,    1559000 total
[2022-06-30T12:34:39.521+0000][9][gc,age      ] GC(433) - age  15:        184 bytes,    1559184 total
[2022-06-30T12:34:39.522+0000][9][gc,heap     ] GC(433) Eden regions: 75->0(75)
[2022-06-30T12:34:39.523+0000][9][gc,heap     ] GC(433) Survivor regions: 1->1(10)
[2022-06-30T12:34:39.523+0000][9][gc,heap     ] GC(433) Old regions: 24->24
[2022-06-30T12:34:39.524+0000][9][gc,heap     ] GC(433) Archive regions: 2->2
[2022-06-30T12:34:39.525+0000][9][gc,heap     ] GC(433) Humongous regions: 0->0
[2022-06-30T12:34:39.525+0000][9][gc,metaspace] GC(433) Metaspace: 131589K(134976K)->131589K(134976K) NonClass: 114423K(116160K)->114423K(116160K) Class: 17166K(18816K)->17166K(18816K)
[2022-06-30T12:34:39.526+0000][9][gc          ] GC(433) Pause Young (Normal) (G1 Evacuation Pause) 399M->99M(512M) 23.315ms
[2022-06-30T12:34:39.527+0000][9][gc,cpu      ] GC(433) User=0.01s Sys=0.00s Real=0.03s
[2022-06-30T12:34:39.527+0000][9][safepoint   ] Safepoint "G1CollectForAllocation", Time since last: 84009772433 ns, Reaching safepoint: 105835 ns, At safepoint: 24754999 ns, Total: 24860834 ns
[2022-06-30T12:35:27.688+0000][9][safepoint   ] Safepoint "Cleanup", Time since last: 48203311266 ns, Reaching safepoint: 414520 ns, At safepoint: 103400 ns, Total: 517920 ns
[2022-06-30T12:36:15.522+0000][9][gc,start    ] GC(434) Pause Young (Normal) (G1 Evacuation Pause)
[2022-06-30T12:36:15.523+0000][9][gc,task     ] GC(434) Using 4 workers of 4 for evacuation
[2022-06-30T12:36:15.524+0000][9][gc,age      ] GC(434) Desired survivor size 20971520 bytes, new threshold 15 (max threshold 15)
[2022-06-30T12:36:15.528+0000][9][gc,phases   ] GC(434)   Pre Evacuate Collection Set: 0.2ms
[2022-06-30T12:36:15.529+0000][9][gc,phases   ] GC(434)   Merge Heap Roots: 0.1ms
[2022-06-30T12:36:15.530+0000][9][gc,phases   ] GC(434)   Evacuate Collection Set: 2.0ms
[2022-06-30T12:36:15.530+0000][9][gc,phases   ] GC(434)   Post Evacuate Collection Set: 1.0ms
[2022-06-30T12:36:15.531+0000][9][gc,phases   ] GC(434)   Other: 2.1ms
[2022-06-30T12:36:15.531+0000][9][gc,age      ] GC(434) Age table with threshold 15 (max threshold 15)
[2022-06-30T12:36:15.532+0000][9][gc,age      ] GC(434) - age   1:    1689064 bytes,    1689064 total
[2022-06-30T12:36:15.532+0000][9][gc,age      ] GC(434) - age   2:       1240 bytes,    1690304 total
[2022-06-30T12:36:15.533+0000][9][gc,age      ] GC(434) - age   3:       2424 bytes,    1692728 total
[2022-06-30T12:36:15.534+0000][9][gc,age      ] GC(434) - age   4:      12552 bytes,    1705280 total
[2022-06-30T12:36:15.535+0000][9][gc,age      ] GC(434) - age   5:        208 bytes,    1705488 total
[2022-06-30T12:36:15.535+0000][9][gc,age      ] GC(434) - age   6:     132968 bytes,    1838456 total
[2022-06-30T12:36:15.536+0000][9][gc,age      ] GC(434) - age   7:        184 bytes,    1838640 total
[2022-06-30T12:36:15.536+0000][9][gc,age      ] GC(434) - age   8:         32 bytes,    1838672 total
[2022-06-30T12:36:15.537+0000][9][gc,age      ] GC(434) - age   9:     141248 bytes,    1979920 total
[2022-06-30T12:36:15.538+0000][9][gc,age      ] GC(434) - age  10:     111416 bytes,    2091336 total
[2022-06-30T12:36:15.538+0000][9][gc,age      ] GC(434) - age  13:         32 bytes,    2091368 total
[2022-06-30T12:36:15.539+0000][9][gc,heap     ] GC(434) Eden regions: 75->0(75)
[2022-06-30T12:36:15.540+0000][9][gc,heap     ] GC(434) Survivor regions: 1->1(10)
[2022-06-30T12:36:15.540+0000][9][gc,heap     ] GC(434) Old regions: 24->24
[2022-06-30T12:36:15.541+0000][9][gc,heap     ] GC(434) Archive regions: 2->2
[2022-06-30T12:36:15.541+0000][9][gc,heap     ] GC(434) Humongous regions: 0->0
[2022-06-30T12:36:15.542+0000][9][gc,metaspace] GC(434) Metaspace: 131589K(134976K)->131589K(134976K) NonClass: 114423K(116160K)->114423K(116160K) Class: 17166K(18816K)->17166K(18816K)
[2022-06-30T12:36:15.542+0000][9][gc          ] GC(434) Pause Young (Normal) (G1 Evacuation Pause) 399M->99M(512M) 20.505ms
[2022-06-30T12:36:15.543+0000][9][gc,cpu      ] GC(434) User=0.01s Sys=0.00s Real=0.02s
[2022-06-30T12:36:15.544+0000][9][safepoint   ] Safepoint "G1CollectForAllocation", Time since last: 47855695532 ns, Reaching safepoint: 72992 ns, At safepoint: 21785768 ns, Total: 21858760 ns
[2022-06-30T12:37:45.479+0000][9][gc,start    ] GC(435) Pause Young (Normal) (G1 Evacuation Pause)
[2022-06-30T12:37:45.480+0000][9][gc,task     ] GC(435) Using 4 workers of 4 for evacuation
[2022-06-30T12:37:45.482+0000][9][gc,age      ] GC(435) Desired survivor size 20971520 bytes, new threshold 15 (max threshold 15)
[2022-06-30T12:37:45.486+0000][9][gc,phases   ] GC(435)   Pre Evacuate Collection Set: 0.2ms
[2022-06-30T12:37:45.487+0000][9][gc,phases   ] GC(435)   Merge Heap Roots: 0.1ms
[2022-06-30T12:37:45.488+0000][9][gc,phases   ] GC(435)   Evacuate Collection Set: 2.3ms
[2022-06-30T12:37:45.489+0000][9][gc,phases   ] GC(435)   Post Evacuate Collection Set: 1.1ms
[2022-06-30T12:37:45.489+0000][9][gc,phases   ] GC(435)   Other: 2.7ms
[2022-06-30T12:37:45.490+0000][9][gc,age      ] GC(435) Age table with threshold 15 (max threshold 15)
[2022-06-30T12:37:45.491+0000][9][gc,age      ] GC(435) - age   1:    1509384 bytes,    1509384 total
[2022-06-30T12:37:45.491+0000][9][gc,age      ] GC(435) - age   2:       2248 bytes,    1511632 total
[2022-06-30T12:37:45.492+0000][9][gc,age      ] GC(435) - age   3:        176 bytes,    1511808 total
[2022-06-30T12:37:45.492+0000][9][gc,age      ] GC(435) - age   4:       2136 bytes,    1513944 total
[2022-06-30T12:37:45.493+0000][9][gc,age      ] GC(435) - age   5:      12552 bytes,    1526496 total
[2022-06-30T12:37:45.493+0000][9][gc,age      ] GC(435) - age   6:        208 bytes,    1526704 total
[2022-06-30T12:37:45.494+0000][9][gc,age      ] GC(435) - age   7:     132968 bytes,    1659672 total
[2022-06-30T12:37:45.495+0000][9][gc,age      ] GC(435) - age   8:        184 bytes,    1659856 total
[2022-06-30T12:37:45.495+0000][9][gc,age      ] GC(435) - age  10:     141248 bytes,    1801104 total
[2022-06-30T12:37:45.496+0000][9][gc,age      ] GC(435) - age  11:     111232 bytes,    1912336 total
[2022-06-30T12:37:45.496+0000][9][gc,age      ] GC(435) - age  14:         32 bytes,    1912368 total
[2022-06-30T12:37:45.497+0000][9][gc,heap     ] GC(435) Eden regions: 75->0(75)
[2022-06-30T12:37:45.498+0000][9][gc,heap     ] GC(435) Survivor regions: 1->1(10)
[2022-06-30T12:37:45.499+0000][9][gc,heap     ] GC(435) Old regions: 24->24
[2022-06-30T12:37:45.499+0000][9][gc,heap     ] GC(435) Archive regions: 2->2
[2022-06-30T12:37:45.500+0000][9][gc,heap     ] GC(435) Humongous regions: 0->0
[2022-06-30T12:37:45.500+0000][9][gc,metaspace] GC(435) Metaspace: 131589K(134976K)->131589K(134976K) NonClass: 114423K(116160K)->114423K(116160K) Class: 17166K(18816K)->17166K(18816K)
[2022-06-30T12:37:45.501+0000][9][gc          ] GC(435) Pause Young (Normal) (G1 Evacuation Pause) 399M->99M(512M) 22.631ms
[2022-06-30T12:37:45.502+0000][9][gc,cpu      ] GC(435) User=0.01s Sys=0.00s Real=0.02s
[2022-06-30T12:37:45.502+0000][9][safepoint   ] Safepoint "G1CollectForAllocation", Time since last: 89999407194 ns, Reaching safepoint: 95730 ns, At safepoint: 23922003 ns, Total: 24017733 ns
[2022-06-30T12:38:48.496+0000][9][safepoint   ] Safepoint "Cleanup", Time since last: 63057671052 ns, Reaching safepoint: 211939 ns, At safepoint: 71030 ns, Total: 282969 ns
[2022-06-30T12:38:55.504+0000][9][safepoint   ] Safepoint "Cleanup", Time since last: 7007688357 ns, Reaching safepoint: 87263 ns, At safepoint: 4097 ns, Total: 91360 ns
[2022-06-30T12:39:07.462+0000][9][gc,start    ] GC(436) Pause Young (Normal) (G1 Evacuation Pause)
[2022-06-30T12:39:07.464+0000][9][gc,task     ] GC(436) Using 4 workers of 4 for evacuation
[2022-06-30T12:39:07.464+0000][9][gc,age      ] GC(436) Desired survivor size 20971520 bytes, new threshold 15 (max threshold 15)
[2022-06-30T12:39:07.470+0000][9][gc,phases   ] GC(436)   Pre Evacuate Collection Set: 0.3ms
[2022-06-30T12:39:07.471+0000][9][gc,phases   ] GC(436)   Merge Heap Roots: 0.2ms
[2022-06-30T12:39:07.471+0000][9][gc,phases   ] GC(436)   Evacuate Collection Set: 2.8ms
[2022-06-30T12:39:07.472+0000][9][gc,phases   ] GC(436)   Post Evacuate Collection Set: 1.2ms
[2022-06-30T12:39:07.472+0000][9][gc,phases   ] GC(436)   Other: 1.8ms
[2022-06-30T12:39:07.476+0000][9][gc,age      ] GC(436) Age table with threshold 15 (max threshold 15)
[2022-06-30T12:39:07.476+0000][9][gc,age      ] GC(436) - age   1:    1049568 bytes,    1049568 total
[2022-06-30T12:39:07.477+0000][9][gc,age      ] GC(436) - age   2:       1600 bytes,    1051168 total
[2022-06-30T12:39:07.478+0000][9][gc,age      ] GC(436) - age   3:        608 bytes,    1051776 total
[2022-06-30T12:39:07.478+0000][9][gc,age      ] GC(436) - age   4:         16 bytes,    1051792 total
[2022-06-30T12:39:07.479+0000][9][gc,age      ] GC(436) - age   5:       2008 bytes,    1053800 total
[2022-06-30T12:39:07.479+0000][9][gc,age      ] GC(436) - age   6:      12552 bytes,    1066352 total
[2022-06-30T12:39:07.480+0000][9][gc,age      ] GC(436) - age   7:         32 bytes,    1066384 total
[2022-06-30T12:39:07.480+0000][9][gc,age      ] GC(436) - age   8:     132968 bytes,    1199352 total
[2022-06-30T12:39:07.481+0000][9][gc,age      ] GC(436) - age   9:        184 bytes,    1199536 total
[2022-06-30T12:39:07.481+0000][9][gc,age      ] GC(436) - age  11:     141248 bytes,    1340784 total
[2022-06-30T12:39:07.482+0000][9][gc,age      ] GC(436) - age  12:     110840 bytes,    1451624 total
[2022-06-30T12:39:07.483+0000][9][gc,heap     ] GC(436) Eden regions: 75->0(75)
[2022-06-30T12:39:07.483+0000][9][gc,heap     ] GC(436) Survivor regions: 1->1(10)
[2022-06-30T12:39:07.484+0000][9][gc,heap     ] GC(436) Old regions: 24->24
[2022-06-30T12:39:07.484+0000][9][gc,heap     ] GC(436) Archive regions: 2->2
[2022-06-30T12:39:07.485+0000][9][gc,heap     ] GC(436) Humongous regions: 0->0
[2022-06-30T12:39:07.486+0000][9][gc,metaspace] GC(436) Metaspace: 131594K(134976K)->131594K(134976K) NonClass: 114428K(116160K)->114428K(116160K) Class: 17166K(18816K)->17166K(18816K)
[2022-06-30T12:39:07.487+0000][9][gc          ] GC(436) Pause Young (Normal) (G1 Evacuation Pause) 399M->99M(512M) 24.382ms
[2022-06-30T12:39:07.487+0000][9][gc,cpu      ] GC(436) User=0.01s Sys=0.00s Real=0.02s
[2022-06-30T12:39:07.488+0000][9][safepoint   ] Safepoint "G1CollectForAllocation", Time since last: 11958614342 ns, Reaching safepoint: 96882 ns, At safepoint: 25818648 ns, Total: 25915530 ns
[2022-06-30T12:40:30.440+0000][9][gc,start    ] GC(437) Pause Young (Normal) (G1 Evacuation Pause)
[2022-06-30T12:40:30.442+0000][9][gc,task     ] GC(437) Using 4 workers of 4 for evacuation
[2022-06-30T12:40:30.451+0000][9][gc,age      ] GC(437) Desired survivor size 20971520 bytes, new threshold 15 (max threshold 15)
[2022-06-30T12:40:30.459+0000][9][gc,phases   ] GC(437)   Pre Evacuate Collection Set: 0.2ms
[2022-06-30T12:40:30.460+0000][9][gc,phases   ] GC(437)   Merge Heap Roots: 0.2ms
[2022-06-30T12:40:30.461+0000][9][gc,phases   ] GC(437)   Evacuate Collection Set: 2.4ms
[2022-06-30T12:40:30.462+0000][9][gc,phases   ] GC(437)   Post Evacuate Collection Set: 1.2ms
[2022-06-30T12:40:30.462+0000][9][gc,phases   ] GC(437)   Other: 13.7ms
[2022-06-30T12:40:30.463+0000][9][gc,age      ] GC(437) Age table with threshold 15 (max threshold 15)
[2022-06-30T12:40:30.464+0000][9][gc,age      ] GC(437) - age   1:    1264592 bytes,    1264592 total
[2022-06-30T12:40:30.464+0000][9][gc,age      ] GC(437) - age   2:       2296 bytes,    1266888 total
[2022-06-30T12:40:30.465+0000][9][gc,age      ] GC(437) - age   3:        216 bytes,    1267104 total
[2022-06-30T12:40:30.465+0000][9][gc,age      ] GC(437) - age   4:        184 bytes,    1267288 total
[2022-06-30T12:40:30.466+0000][9][gc,age      ] GC(437) - age   5:         16 bytes,    1267304 total
[2022-06-30T12:40:30.467+0000][9][gc,age      ] GC(437) - age   6:       2008 bytes,    1269312 total
[2022-06-30T12:40:30.469+0000][9][gc,age      ] GC(437) - age   7:      12552 bytes,    1281864 total
[2022-06-30T12:40:30.470+0000][9][gc,age      ] GC(437) - age   8:         32 bytes,    1281896 total
[2022-06-30T12:40:30.471+0000][9][gc,age      ] GC(437) - age   9:     132968 bytes,    1414864 total
[2022-06-30T12:40:30.471+0000][9][gc,age      ] GC(437) - age  10:        184 bytes,    1415048 total
[2022-06-30T12:40:30.472+0000][9][gc,age      ] GC(437) - age  12:     141224 bytes,    1556272 total
[2022-06-30T12:40:30.473+0000][9][gc,age      ] GC(437) - age  13:     110840 bytes,    1667112 total
[2022-06-30T12:40:30.474+0000][9][gc,heap     ] GC(437) Eden regions: 75->0(75)
[2022-06-30T12:40:30.474+0000][9][gc,heap     ] GC(437) Survivor regions: 1->1(10)
[2022-06-30T12:40:30.475+0000][9][gc,heap     ] GC(437) Old regions: 24->24
[2022-06-30T12:40:30.476+0000][9][gc,heap     ] GC(437) Archive regions: 2->2
[2022-06-30T12:40:30.476+0000][9][gc,heap     ] GC(437) Humongous regions: 0->0
[2022-06-30T12:40:30.477+0000][9][gc,metaspace] GC(437) Metaspace: 131594K(134976K)->131594K(134976K) NonClass: 114428K(116160K)->114428K(116160K) Class: 17166K(18816K)->17166K(18816K)
[2022-06-30T12:40:30.478+0000][9][gc          ] GC(437) Pause Young (Normal) (G1 Evacuation Pause) 399M->99M(512M) 37.904ms
[2022-06-30T12:40:30.478+0000][9][gc,cpu      ] GC(437) User=0.01s Sys=0.00s Real=0.04s
[2022-06-30T12:40:30.479+0000][9][safepoint   ] Safepoint "G1CollectForAllocation", Time since last: 83016560231 ns, Reaching safepoint: 631312 ns, At safepoint: 39259675 ns, Total: 39890987 ns
[2022-06-30T12:41:54.431+0000][9][gc,start    ] GC(438) Pause Young (Normal) (G1 Evacuation Pause)
[2022-06-30T12:41:54.432+0000][9][gc,task     ] GC(438) Using 4 workers of 4 for evacuation
[2022-06-30T12:41:54.433+0000][9][gc,age      ] GC(438) Desired survivor size 20971520 bytes, new threshold 15 (max threshold 15)
[2022-06-30T12:41:54.438+0000][9][gc,phases   ] GC(438)   Pre Evacuate Collection Set: 0.4ms
[2022-06-30T12:41:54.439+0000][9][gc,phases   ] GC(438)   Merge Heap Roots: 0.1ms
[2022-06-30T12:41:54.439+0000][9][gc,phases   ] GC(438)   Evacuate Collection Set: 2.1ms
[2022-06-30T12:41:54.440+0000][9][gc,phases   ] GC(438)   Post Evacuate Collection Set: 1.3ms
[2022-06-30T12:41:54.441+0000][9][gc,phases   ] GC(438)   Other: 1.7ms
[2022-06-30T12:41:54.442+0000][9][gc,age      ] GC(438) Age table with threshold 15 (max threshold 15)
[2022-06-30T12:41:54.442+0000][9][gc,age      ] GC(438) - age   1:     809800 bytes,     809800 total
[2022-06-30T12:41:54.443+0000][9][gc,age      ] GC(438) - age   2:       1024 bytes,     810824 total
[2022-06-30T12:41:54.443+0000][9][gc,age      ] GC(438) - age   3:       1152 bytes,     811976 total
[2022-06-30T12:41:54.444+0000][9][gc,age      ] GC(438) - age   4:        216 bytes,     812192 total
[2022-06-30T12:41:54.444+0000][9][gc,age      ] GC(438) - age   5:        184 bytes,     812376 total
[2022-06-30T12:41:54.445+0000][9][gc,age      ] GC(438) - age   6:         16 bytes,     812392 total
[2022-06-30T12:41:54.446+0000][9][gc,age      ] GC(438) - age   7:       2008 bytes,     814400 total
[2022-06-30T12:41:54.447+0000][9][gc,age      ] GC(438) - age   8:       4352 bytes,     818752 total
[2022-06-30T12:41:54.448+0000][9][gc,age      ] GC(438) - age   9:         32 bytes,     818784 total
[2022-06-30T12:41:54.448+0000][9][gc,age      ] GC(438) - age  10:     132968 bytes,     951752 total
[2022-06-30T12:41:54.449+0000][9][gc,age      ] GC(438) - age  11:        184 bytes,     951936 total
[2022-06-30T12:41:54.449+0000][9][gc,age      ] GC(438) - age  13:     141224 bytes,    1093160 total
[2022-06-30T12:41:54.450+0000][9][gc,age      ] GC(438) - age  14:     110840 bytes,    1204000 total
[2022-06-30T12:41:54.451+0000][9][gc,heap     ] GC(438) Eden regions: 75->0(75)
[2022-06-30T12:41:54.451+0000][9][gc,heap     ] GC(438) Survivor regions: 1->1(10)
[2022-06-30T12:41:54.452+0000][9][gc,heap     ] GC(438) Old regions: 24->24
[2022-06-30T12:41:54.453+0000][9][gc,heap     ] GC(438) Archive regions: 2->2
[2022-06-30T12:41:54.453+0000][9][gc,heap     ] GC(438) Humongous regions: 0->0
[2022-06-30T12:41:54.454+0000][9][gc,metaspace] GC(438) Metaspace: 131594K(134976K)->131594K(134976K) NonClass: 114428K(116160K)->114428K(116160K) Class: 17166K(18816K)->17166K(18816K)
[2022-06-30T12:41:54.455+0000][9][gc          ] GC(438) Pause Young (Normal) (G1 Evacuation Pause) 399M->98M(512M) 23.954ms
[2022-06-30T12:41:54.456+0000][9][gc,cpu      ] GC(438) User=0.01s Sys=0.00s Real=0.02s
[2022-06-30T12:41:54.456+0000][9][safepoint   ] Safepoint "G1CollectForAllocation", Time since last: 84015932578 ns, Reaching safepoint: 352479 ns, At safepoint: 25933047 ns, Total: 26285526 ns
[2022-06-30T12:43:17.613+0000][9][gc,start    ] GC(439) Pause Young (Normal) (G1 Evacuation Pause)
[2022-06-30T12:43:17.616+0000][9][gc,task     ] GC(439) Using 4 workers of 4 for evacuation
[2022-06-30T12:43:17.616+0000][9][gc,age      ] GC(439) Desired survivor size 20971520 bytes, new threshold 15 (max threshold 15)
[2022-06-30T12:43:17.620+0000][9][gc,phases   ] GC(439)   Pre Evacuate Collection Set: 0.2ms
[2022-06-30T12:43:17.621+0000][9][gc,phases   ] GC(439)   Merge Heap Roots: 0.2ms
[2022-06-30T12:43:17.622+0000][9][gc,phases   ] GC(439)   Evacuate Collection Set: 1.4ms
[2022-06-30T12:43:17.622+0000][9][gc,phases   ] GC(439)   Post Evacuate Collection Set: 1.0ms
[2022-06-30T12:43:17.623+0000][9][gc,phases   ] GC(439)   Other: 1.6ms
[2022-06-30T12:43:17.624+0000][9][gc,age      ] GC(439) Age table with threshold 15 (max threshold 15)
[2022-06-30T12:43:17.625+0000][9][gc,age      ] GC(439) - age   1:     484496 bytes,     484496 total
[2022-06-30T12:43:17.625+0000][9][gc,age      ] GC(439) - age   2:       1312 bytes,     485808 total
[2022-06-30T12:43:17.628+0000][9][gc,age      ] GC(439) - age   3:        448 bytes,     486256 total
[2022-06-30T12:43:17.629+0000][9][gc,age      ] GC(439) - age   4:        856 bytes,     487112 total
[2022-06-30T12:43:17.630+0000][9][gc,age      ] GC(439) - age   5:        184 bytes,     487296 total
[2022-06-30T12:43:17.630+0000][9][gc,age      ] GC(439) - age   6:        184 bytes,     487480 total
[2022-06-30T12:43:17.631+0000][9][gc,age      ] GC(439) - age   7:         16 bytes,     487496 total
[2022-06-30T12:43:17.631+0000][9][gc,age      ] GC(439) - age   8:         96 bytes,     487592 total
[2022-06-30T12:43:17.632+0000][9][gc,age      ] GC(439) - age   9:       4352 bytes,     491944 total
[2022-06-30T12:43:17.633+0000][9][gc,age      ] GC(439) - age  10:         32 bytes,     491976 total
[2022-06-30T12:43:17.633+0000][9][gc,age      ] GC(439) - age  11:     132968 bytes,     624944 total
[2022-06-30T12:43:17.634+0000][9][gc,age      ] GC(439) - age  12:        184 bytes,     625128 total
[2022-06-30T12:43:17.634+0000][9][gc,age      ] GC(439) - age  14:     140840 bytes,     765968 total
[2022-06-30T12:43:17.635+0000][9][gc,age      ] GC(439) - age  15:     110840 bytes,     876808 total
[2022-06-30T12:43:17.635+0000][9][gc,heap     ] GC(439) Eden regions: 75->0(75)
[2022-06-30T12:43:17.636+0000][9][gc,heap     ] GC(439) Survivor regions: 1->1(10)
[2022-06-30T12:43:17.636+0000][9][gc,heap     ] GC(439) Old regions: 24->24
[2022-06-30T12:43:17.637+0000][9][gc,heap     ] GC(439) Archive regions: 2->2
[2022-06-30T12:43:17.637+0000][9][gc,heap     ] GC(439) Humongous regions: 0->0
[2022-06-30T12:43:17.638+0000][9][gc,metaspace] GC(439) Metaspace: 131594K(134976K)->131594K(134976K) NonClass: 114428K(116160K)->114428K(116160K) Class: 17166K(18816K)->17166K(18816K)
[2022-06-30T12:43:17.638+0000][9][gc          ] GC(439) Pause Young (Normal) (G1 Evacuation Pause) 398M->98M(512M) 24.785ms
[2022-06-30T12:43:17.639+0000][9][gc,cpu      ] GC(439) User=0.00s Sys=0.00s Real=0.03s
[2022-06-30T12:43:17.639+0000][9][safepoint   ] Safepoint "G1CollectForAllocation", Time since last: 83199875863 ns, Reaching safepoint: 207350 ns, At safepoint: 25856090 ns, Total: 26063440 ns
[2022-06-30T12:44:36.312+0000][9][gc,start    ] GC(440) Pause Young (Normal) (G1 Evacuation Pause)
[2022-06-30T12:44:36.314+0000][9][gc,task     ] GC(440) Using 4 workers of 4 for evacuation
[2022-06-30T12:44:36.314+0000][9][gc,age      ] GC(440) Desired survivor size 20971520 bytes, new threshold 15 (max threshold 15)
[2022-06-30T12:44:36.319+0000][9][gc,phases   ] GC(440)   Pre Evacuate Collection Set: 0.2ms
[2022-06-30T12:44:36.320+0000][9][gc,phases   ] GC(440)   Merge Heap Roots: 0.1ms
[2022-06-30T12:44:36.320+0000][9][gc,phases   ] GC(440)   Evacuate Collection Set: 1.9ms
[2022-06-30T12:44:36.322+0000][9][gc,phases   ] GC(440)   Post Evacuate Collection Set: 1.0ms
[2022-06-30T12:44:36.322+0000][9][gc,phases   ] GC(440)   Other: 1.7ms
[2022-06-30T12:44:36.323+0000][9][gc,age      ] GC(440) Age table with threshold 15 (max threshold 15)
[2022-06-30T12:44:36.323+0000][9][gc,age      ] GC(440) - age   1:     729712 bytes,     729712 total
[2022-06-30T12:44:36.324+0000][9][gc,age      ] GC(440) - age   2:      10976 bytes,     740688 total
[2022-06-30T12:44:36.325+0000][9][gc,age      ] GC(440) - age   3:        544 bytes,     741232 total
[2022-06-30T12:44:36.325+0000][9][gc,age      ] GC(440) - age   4:        360 bytes,     741592 total
[2022-06-30T12:44:36.326+0000][9][gc,age      ] GC(440) - age   5:        760 bytes,     742352 total
[2022-06-30T12:44:36.327+0000][9][gc,age      ] GC(440) - age   6:        184 bytes,     742536 total
[2022-06-30T12:44:36.327+0000][9][gc,age      ] GC(440) - age   7:        184 bytes,     742720 total
[2022-06-30T12:44:36.328+0000][9][gc,age      ] GC(440) - age   8:         16 bytes,     742736 total
[2022-06-30T12:44:36.328+0000][9][gc,age      ] GC(440) - age   9:         96 bytes,     742832 total
[2022-06-30T12:44:36.329+0000][9][gc,age      ] GC(440) - age  10:       4352 bytes,     747184 total
[2022-06-30T12:44:36.330+0000][9][gc,age      ] GC(440) - age  11:         32 bytes,     747216 total
[2022-06-30T12:44:36.330+0000][9][gc,age      ] GC(440) - age  12:     132968 bytes,     880184 total
[2022-06-30T12:44:36.331+0000][9][gc,age      ] GC(440) - age  13:        184 bytes,     880368 total
[2022-06-30T12:44:36.331+0000][9][gc,age      ] GC(440) - age  15:     140808 bytes,    1021176 total
[2022-06-30T12:44:36.332+0000][9][gc,heap     ] GC(440) Eden regions: 75->0(75)
[2022-06-30T12:44:36.333+0000][9][gc,heap     ] GC(440) Survivor regions: 1->1(10)
[2022-06-30T12:44:36.333+0000][9][gc,heap     ] GC(440) Old regions: 24->24
[2022-06-30T12:44:36.334+0000][9][gc,heap     ] GC(440) Archive regions: 2->2
[2022-06-30T12:44:36.334+0000][9][gc,heap     ] GC(440) Humongous regions: 0->0
[2022-06-30T12:44:36.335+0000][9][gc,metaspace] GC(440) Metaspace: 131594K(134976K)->131594K(134976K) NonClass: 114428K(116160K)->114428K(116160K) Class: 17166K(18816K)->17166K(18816K)
[2022-06-30T12:44:36.335+0000][9][gc          ] GC(440) Pause Young (Normal) (G1 Evacuation Pause) 398M->98M(512M) 22.987ms
[2022-06-30T12:44:36.336+0000][9][gc,cpu      ] GC(440) User=0.00s Sys=0.01s Real=0.02s
[2022-06-30T12:44:36.337+0000][9][safepoint   ] Safepoint "G1CollectForAllocation", Time since last: 78737600726 ns, Reaching safepoint: 182168 ns, At safepoint: 24450642 ns, Total: 24632810 ns
[2022-06-30T12:44:47.344+0000][9][safepoint   ] Safepoint "Cleanup", Time since last: 11006547421 ns, Reaching safepoint: 344984 ns, At safepoint: 149858 ns, Total: 494842 ns
[2022-06-30T12:46:00.800+0000][9][gc,start    ] GC(441) Pause Young (Normal) (G1 Evacuation Pause)
[2022-06-30T12:46:00.803+0000][9][gc,task     ] GC(441) Using 4 workers of 4 for evacuation
[2022-06-30T12:46:00.803+0000][9][gc,age      ] GC(441) Desired survivor size 20971520 bytes, new threshold 15 (max threshold 15)
[2022-06-30T12:46:00.809+0000][9][gc,phases   ] GC(441)   Pre Evacuate Collection Set: 0.3ms
[2022-06-30T12:46:00.809+0000][9][gc,phases   ] GC(441)   Merge Heap Roots: 0.1ms
[2022-06-30T12:46:00.810+0000][9][gc,phases   ] GC(441)   Evacuate Collection Set: 2.6ms
[2022-06-30T12:46:00.811+0000][9][gc,phases   ] GC(441)   Post Evacuate Collection Set: 1.4ms
[2022-06-30T12:46:00.811+0000][9][gc,phases   ] GC(441)   Other: 1.8ms
[2022-06-30T12:46:00.812+0000][9][gc,age      ] GC(441) Age table with threshold 15 (max threshold 15)
[2022-06-30T12:46:00.813+0000][9][gc,age      ] GC(441) - age   1:    1374312 bytes,    1374312 total
[2022-06-30T12:46:00.814+0000][9][gc,age      ] GC(441) - age   2:       1720 bytes,    1376032 total
[2022-06-30T12:46:00.815+0000][9][gc,age      ] GC(441) - age   3:      10408 bytes,    1386440 total
[2022-06-30T12:46:00.816+0000][9][gc,age      ] GC(441) - age   4:        480 bytes,    1386920 total
[2022-06-30T12:46:00.817+0000][9][gc,age      ] GC(441) - age   6:        760 bytes,    1387680 total
[2022-06-30T12:46:00.818+0000][9][gc,age      ] GC(441) - age   8:        184 bytes,    1387864 total
[2022-06-30T12:46:00.818+0000][9][gc,age      ] GC(441) - age   9:         16 bytes,    1387880 total
[2022-06-30T12:46:00.819+0000][9][gc,age      ] GC(441) - age  10:         96 bytes,    1387976 total
[2022-06-30T12:46:00.819+0000][9][gc,age      ] GC(441) - age  11:       4352 bytes,    1392328 total
[2022-06-30T12:46:00.820+0000][9][gc,age      ] GC(441) - age  12:         32 bytes,    1392360 total
[2022-06-30T12:46:00.821+0000][9][gc,age      ] GC(441) - age  13:     132968 bytes,    1525328 total
[2022-06-30T12:46:00.821+0000][9][gc,age      ] GC(441) - age  14:        184 bytes,    1525512 total
[2022-06-30T12:46:00.822+0000][9][gc,heap     ] GC(441) Eden regions: 75->0(75)
[2022-06-30T12:46:00.822+0000][9][gc,heap     ] GC(441) Survivor regions: 1->1(10)
[2022-06-30T12:46:00.823+0000][9][gc,heap     ] GC(441) Old regions: 24->24
[2022-06-30T12:46:00.824+0000][9][gc,heap     ] GC(441) Archive regions: 2->2
[2022-06-30T12:46:00.824+0000][9][gc,heap     ] GC(441) Humongous regions: 0->0
[2022-06-30T12:46:00.825+0000][9][gc,metaspace] GC(441) Metaspace: 131594K(134976K)->131594K(134976K) NonClass: 114428K(116160K)->114428K(116160K) Class: 17166K(18816K)->17166K(18816K)
[2022-06-30T12:46:00.825+0000][9][gc          ] GC(441) Pause Young (Normal) (G1 Evacuation Pause) 398M->99M(512M) 25.583ms
[2022-06-30T12:46:00.826+0000][9][gc,cpu      ] GC(441) User=0.01s Sys=0.00s Real=0.02s
[2022-06-30T12:46:00.826+0000][9][safepoint   ] Safepoint "G1CollectForAllocation", Time since last: 73520693144 ns, Reaching safepoint: 220323 ns, At safepoint: 26610734 ns, Total: 26831057 ns
[2022-06-30T12:47:24.247+0000][9][gc,start    ] GC(442) Pause Young (Normal) (G1 Evacuation Pause)
[2022-06-30T12:47:24.248+0000][9][gc,task     ] GC(442) Using 4 workers of 4 for evacuation
[2022-06-30T12:47:24.249+0000][9][gc,age      ] GC(442) Desired survivor size 20971520 bytes, new threshold 15 (max threshold 15)
[2022-06-30T12:47:24.252+0000][9][gc,phases   ] GC(442)   Pre Evacuate Collection Set: 0.2ms
[2022-06-30T12:47:24.253+0000][9][gc,phases   ] GC(442)   Merge Heap Roots: 0.1ms
[2022-06-30T12:47:24.253+0000][9][gc,phases   ] GC(442)   Evacuate Collection Set: 1.8ms
[2022-06-30T12:47:24.254+0000][9][gc,phases   ] GC(442)   Post Evacuate Collection Set: 1.0ms
[2022-06-30T12:47:24.254+0000][9][gc,phases   ] GC(442)   Other: 1.2ms
[2022-06-30T12:47:24.255+0000][9][gc,age      ] GC(442) Age table with threshold 15 (max threshold 15)
[2022-06-30T12:47:24.255+0000][9][gc,age      ] GC(442) - age   1:    1334728 bytes,    1334728 total
[2022-06-30T12:47:24.256+0000][9][gc,age      ] GC(442) - age   2:       1464 bytes,    1336192 total
[2022-06-30T12:47:24.256+0000][9][gc,age      ] GC(442) - age   3:        528 bytes,    1336720 total
[2022-06-30T12:47:24.257+0000][9][gc,age      ] GC(442) - age   4:       2328 bytes,    1339048 total
[2022-06-30T12:47:24.259+0000][9][gc,age      ] GC(442) - age   5:        480 bytes,    1339528 total
[2022-06-30T12:47:24.259+0000][9][gc,age      ] GC(442) - age   7:        760 bytes,    1340288 total
[2022-06-30T12:47:24.260+0000][9][gc,age      ] GC(442) - age   9:        184 bytes,    1340472 total
[2022-06-30T12:47:24.260+0000][9][gc,age      ] GC(442) - age  10:         16 bytes,    1340488 total
[2022-06-30T12:47:24.261+0000][9][gc,age      ] GC(442) - age  11:         96 bytes,    1340584 total
[2022-06-30T12:47:24.261+0000][9][gc,age      ] GC(442) - age  12:       4352 bytes,    1344936 total
[2022-06-30T12:47:24.262+0000][9][gc,age      ] GC(442) - age  13:         32 bytes,    1344968 total
[2022-06-30T12:47:24.262+0000][9][gc,age      ] GC(442) - age  14:     132784 bytes,    1477752 total
[2022-06-30T12:47:24.263+0000][9][gc,age      ] GC(442) - age  15:        184 bytes,    1477936 total
[2022-06-30T12:47:24.263+0000][9][gc,heap     ] GC(442) Eden regions: 75->0(75)
[2022-06-30T12:47:24.264+0000][9][gc,heap     ] GC(442) Survivor regions: 1->1(10)
[2022-06-30T12:47:24.265+0000][9][gc,heap     ] GC(442) Old regions: 24->24
[2022-06-30T12:47:24.266+0000][9][gc,heap     ] GC(442) Archive regions: 2->2
[2022-06-30T12:47:24.266+0000][9][gc,heap     ] GC(442) Humongous regions: 0->0
[2022-06-30T12:47:24.267+0000][9][gc,metaspace] GC(442) Metaspace: 131594K(134976K)->131594K(134976K) NonClass: 114428K(116160K)->114428K(116160K) Class: 17166K(18816K)->17166K(18816K)
[2022-06-30T12:47:24.268+0000][9][gc          ] GC(442) Pause Young (Normal) (G1 Evacuation Pause) 399M->99M(512M) 20.727ms
[2022-06-30T12:47:24.269+0000][9][gc,cpu      ] GC(442) User=0.01s Sys=0.00s Real=0.02s
[2022-06-30T12:47:24.269+0000][9][safepoint   ] Safepoint "G1CollectForAllocation", Time since last: 83485244668 ns, Reaching safepoint: 99972 ns, At safepoint: 22360044 ns, Total: 22460016 ns
[2022-06-30T12:48:57.279+0000][9][gc,start    ] GC(443) Pause Young (Normal) (G1 Evacuation Pause)
[2022-06-30T12:48:57.280+0000][9][gc,task     ] GC(443) Using 4 workers of 4 for evacuation
[2022-06-30T12:48:57.281+0000][9][gc,age      ] GC(443) Desired survivor size 20971520 bytes, new threshold 15 (max threshold 15)
[2022-06-30T12:48:57.286+0000][9][gc,phases   ] GC(443)   Pre Evacuate Collection Set: 0.4ms
[2022-06-30T12:48:57.287+0000][9][gc,phases   ] GC(443)   Merge Heap Roots: 0.1ms
[2022-06-30T12:48:57.287+0000][9][gc,phases   ] GC(443)   Evacuate Collection Set: 2.0ms
[2022-06-30T12:48:57.288+0000][9][gc,phases   ] GC(443)   Post Evacuate Collection Set: 1.1ms
[2022-06-30T12:48:57.288+0000][9][gc,phases   ] GC(443)   Other: 2.4ms
[2022-06-30T12:48:57.289+0000][9][gc,age      ] GC(443) Age table with threshold 15 (max threshold 15)
[2022-06-30T12:48:57.290+0000][9][gc,age      ] GC(443) - age   1:     769008 bytes,     769008 total
[2022-06-30T12:48:57.290+0000][9][gc,age      ] GC(443) - age   2:       9384 bytes,     778392 total
[2022-06-30T12:48:57.291+0000][9][gc,age      ] GC(443) - age   3:        376 bytes,     778768 total
[2022-06-30T12:48:57.292+0000][9][gc,age      ] GC(443) - age   4:        176 bytes,     778944 total
[2022-06-30T12:48:57.292+0000][9][gc,age      ] GC(443) - age   5:       2328 bytes,     781272 total
[2022-06-30T12:48:57.295+0000][9][gc,age      ] GC(443) - age   6:        296 bytes,     781568 total
[2022-06-30T12:48:57.296+0000][9][gc,age      ] GC(443) - age   8:        608 bytes,     782176 total
[2022-06-30T12:48:57.297+0000][9][gc,age      ] GC(443) - age  10:        184 bytes,     782360 total
[2022-06-30T12:48:57.297+0000][9][gc,age      ] GC(443) - age  11:         16 bytes,     782376 total
[2022-06-30T12:48:57.298+0000][9][gc,age      ] GC(443) - age  12:         96 bytes,     782472 total
[2022-06-30T12:48:57.299+0000][9][gc,age      ] GC(443) - age  13:       4352 bytes,     786824 total
[2022-06-30T12:48:57.301+0000][9][gc,age      ] GC(443) - age  15:     132784 bytes,     919608 total
[2022-06-30T12:48:57.302+0000][9][gc,heap     ] GC(443) Eden regions: 75->0(75)
[2022-06-30T12:48:57.303+0000][9][gc,heap     ] GC(443) Survivor regions: 1->1(10)
[2022-06-30T12:48:57.304+0000][9][gc,heap     ] GC(443) Old regions: 24->24
[2022-06-30T12:48:57.305+0000][9][gc,heap     ] GC(443) Archive regions: 2->2
[2022-06-30T12:48:57.308+0000][9][gc,heap     ] GC(443) Humongous regions: 0->0
[2022-06-30T12:48:57.311+0000][9][gc,metaspace] GC(443) Metaspace: 131594K(134976K)->131594K(134976K) NonClass: 114428K(116160K)->114428K(116160K) Class: 17166K(18816K)->17166K(18816K)
[2022-06-30T12:48:57.313+0000][9][gc          ] GC(443) Pause Young (Normal) (G1 Evacuation Pause) 399M->98M(512M) 34.637ms
[2022-06-30T12:48:57.315+0000][9][gc,cpu      ] GC(443) User=0.00s Sys=0.01s Real=0.03s
[2022-06-30T12:48:57.317+0000][9][safepoint   ] Safepoint "G1CollectForAllocation", Time since last: 93073656299 ns, Reaching safepoint: 202990 ns, At safepoint: 38775066 ns, Total: 38978056 ns
[2022-06-30T12:50:42.213+0000][9][gc,start    ] GC(444) Pause Young (Normal) (G1 Evacuation Pause)
[2022-06-30T12:50:42.215+0000][9][gc,task     ] GC(444) Using 4 workers of 4 for evacuation
[2022-06-30T12:50:42.215+0000][9][gc,age      ] GC(444) Desired survivor size 20971520 bytes, new threshold 15 (max threshold 15)
[2022-06-30T12:50:42.222+0000][9][gc,phases   ] GC(444)   Pre Evacuate Collection Set: 0.2ms
[2022-06-30T12:50:42.222+0000][9][gc,phases   ] GC(444)   Merge Heap Roots: 0.1ms
[2022-06-30T12:50:42.223+0000][9][gc,phases   ] GC(444)   Evacuate Collection Set: 4.1ms
[2022-06-30T12:50:42.224+0000][9][gc,phases   ] GC(444)   Post Evacuate Collection Set: 1.0ms
[2022-06-30T12:50:42.224+0000][9][gc,phases   ] GC(444)   Other: 1.7ms
[2022-06-30T12:50:42.225+0000][9][gc,age      ] GC(444) Age table with threshold 15 (max threshold 15)
[2022-06-30T12:50:42.226+0000][9][gc,age      ] GC(444) - age   1:    1139688 bytes,    1139688 total
[2022-06-30T12:50:42.226+0000][9][gc,age      ] GC(444) - age   2:       1248 bytes,    1140936 total
[2022-06-30T12:50:42.227+0000][9][gc,age      ] GC(444) - age   3:       8328 bytes,    1149264 total
[2022-06-30T12:50:42.227+0000][9][gc,age      ] GC(444) - age   4:        184 bytes,    1149448 total
[2022-06-30T12:50:42.228+0000][9][gc,age      ] GC(444) - age   5:         80 bytes,    1149528 total
[2022-06-30T12:50:42.228+0000][9][gc,age      ] GC(444) - age   6:       2328 bytes,    1151856 total
[2022-06-30T12:50:42.229+0000][9][gc,age      ] GC(444) - age   9:        608 bytes,    1152464 total
[2022-06-30T12:50:42.230+0000][9][gc,age      ] GC(444) - age  11:        184 bytes,    1152648 total
[2022-06-30T12:50:42.230+0000][9][gc,age      ] GC(444) - age  12:         16 bytes,    1152664 total
[2022-06-30T12:50:42.231+0000][9][gc,age      ] GC(444) - age  14:       4352 bytes,    1157016 total
[2022-06-30T12:50:42.232+0000][9][gc,heap     ] GC(444) Eden regions: 75->0(75)
[2022-06-30T12:50:42.232+0000][9][gc,heap     ] GC(444) Survivor regions: 1->1(10)
[2022-06-30T12:50:42.233+0000][9][gc,heap     ] GC(444) Old regions: 24->24
[2022-06-30T12:50:42.233+0000][9][gc,heap     ] GC(444) Archive regions: 2->2
[2022-06-30T12:50:42.234+0000][9][gc,heap     ] GC(444) Humongous regions: 0->0
[2022-06-30T12:50:42.234+0000][9][gc,metaspace] GC(444) Metaspace: 131594K(134976K)->131594K(134976K) NonClass: 114428K(116160K)->114428K(116160K) Class: 17166K(18816K)->17166K(18816K)
[2022-06-30T12:50:42.235+0000][9][gc          ] GC(444) Pause Young (Normal) (G1 Evacuation Pause) 398M->99M(512M) 22.283ms
[2022-06-30T12:50:42.236+0000][9][gc,cpu      ] GC(444) User=0.01s Sys=0.00s Real=0.02s
[2022-06-30T12:50:42.237+0000][9][safepoint   ] Safepoint "G1CollectForAllocation", Time since last: 104959779846 ns, Reaching safepoint: 145813 ns, At safepoint: 24466021 ns, Total: 24611834 ns
[2022-06-30T12:51:21.260+0000][9][safepoint   ] Safepoint "Cleanup", Time since last: 39066309847 ns, Reaching safepoint: 131000 ns, At safepoint: 85162 ns, Total: 216162 ns
[2022-06-30T12:52:00.320+0000][9][gc,start    ] GC(445) Pause Young (Normal) (G1 Evacuation Pause)
[2022-06-30T12:52:00.321+0000][9][gc,task     ] GC(445) Using 4 workers of 4 for evacuation
[2022-06-30T12:52:00.322+0000][9][gc,age      ] GC(445) Desired survivor size 20971520 bytes, new threshold 15 (max threshold 15)
[2022-06-30T12:52:00.327+0000][9][gc,phases   ] GC(445)   Pre Evacuate Collection Set: 0.4ms
[2022-06-30T12:52:00.328+0000][9][gc,phases   ] GC(445)   Merge Heap Roots: 0.1ms
[2022-06-30T12:52:00.329+0000][9][gc,phases   ] GC(445)   Evacuate Collection Set: 1.8ms
[2022-06-30T12:52:00.329+0000][9][gc,phases   ] GC(445)   Post Evacuate Collection Set: 1.6ms
[2022-06-30T12:52:00.330+0000][9][gc,phases   ] GC(445)   Other: 2.2ms
[2022-06-30T12:52:00.330+0000][9][gc,age      ] GC(445) Age table with threshold 15 (max threshold 15)
[2022-06-30T12:52:00.331+0000][9][gc,age      ] GC(445) - age   1:    1142776 bytes,    1142776 total
[2022-06-30T12:52:00.331+0000][9][gc,age      ] GC(445) - age   2:       2312 bytes,    1145088 total
[2022-06-30T12:52:00.332+0000][9][gc,age      ] GC(445) - age   3:        264 bytes,    1145352 total
[2022-06-30T12:52:00.333+0000][9][gc,age      ] GC(445) - age   4:       8200 bytes,    1153552 total
[2022-06-30T12:52:00.333+0000][9][gc,age      ] GC(445) - age   5:        184 bytes,    1153736 total
[2022-06-30T12:52:00.334+0000][9][gc,age      ] GC(445) - age   6:         80 bytes,    1153816 total
[2022-06-30T12:52:00.334+0000][9][gc,age      ] GC(445) - age   7:       2328 bytes,    1156144 total
[2022-06-30T12:52:00.335+0000][9][gc,age      ] GC(445) - age  10:        608 bytes,    1156752 total
[2022-06-30T12:52:00.335+0000][9][gc,age      ] GC(445) - age  12:        184 bytes,    1156936 total
[2022-06-30T12:52:00.336+0000][9][gc,age      ] GC(445) - age  13:         16 bytes,    1156952 total
[2022-06-30T12:52:00.337+0000][9][gc,age      ] GC(445) - age  15:       4352 bytes,    1161304 total
[2022-06-30T12:52:00.337+0000][9][gc,heap     ] GC(445) Eden regions: 75->0(75)
[2022-06-30T12:52:00.338+0000][9][gc,heap     ] GC(445) Survivor regions: 1->1(10)
[2022-06-30T12:52:00.338+0000][9][gc,heap     ] GC(445) Old regions: 24->24
[2022-06-30T12:52:00.339+0000][9][gc,heap     ] GC(445) Archive regions: 2->2
[2022-06-30T12:52:00.340+0000][9][gc,heap     ] GC(445) Humongous regions: 0->0
[2022-06-30T12:52:00.340+0000][9][gc,metaspace] GC(445) Metaspace: 131594K(134976K)->131594K(134976K) NonClass: 114428K(116160K)->114428K(116160K) Class: 17166K(18816K)->17166K(18816K)
[2022-06-30T12:52:00.342+0000][9][gc          ] GC(445) Pause Young (Normal) (G1 Evacuation Pause) 399M->99M(512M) 22.217ms
[2022-06-30T12:52:00.343+0000][9][gc,cpu      ] GC(445) User=0.01s Sys=0.00s Real=0.02s
[2022-06-30T12:52:00.344+0000][9][safepoint   ] Safepoint "G1CollectForAllocation", Time since last: 39081216505 ns, Reaching safepoint: 115884 ns, At safepoint: 24156959 ns, Total: 24272843 ns
[2022-06-30T12:53:24.182+0000][9][gc,start    ] GC(446) Pause Young (Normal) (G1 Evacuation Pause)
[2022-06-30T12:53:24.184+0000][9][gc,task     ] GC(446) Using 4 workers of 4 for evacuation
[2022-06-30T12:53:24.185+0000][9][gc,age      ] GC(446) Desired survivor size 20971520 bytes, new threshold 15 (max threshold 15)
[2022-06-30T12:53:24.189+0000][9][gc,phases   ] GC(446)   Pre Evacuate Collection Set: 0.4ms
[2022-06-30T12:53:24.190+0000][9][gc,phases   ] GC(446)   Merge Heap Roots: 0.4ms
[2022-06-30T12:53:24.190+0000][9][gc,phases   ] GC(446)   Evacuate Collection Set: 1.4ms
[2022-06-30T12:53:24.191+0000][9][gc,phases   ] GC(446)   Post Evacuate Collection Set: 1.0ms
[2022-06-30T12:53:24.191+0000][9][gc,phases   ] GC(446)   Other: 1.4ms
[2022-06-30T12:53:24.192+0000][9][gc,age      ] GC(446) Age table with threshold 15 (max threshold 15)
[2022-06-30T12:53:24.192+0000][9][gc,age      ] GC(446) - age   1:     818784 bytes,     818784 total
[2022-06-30T12:53:24.193+0000][9][gc,age      ] GC(446) - age   2:       1888 bytes,     820672 total
[2022-06-30T12:53:24.193+0000][9][gc,age      ] GC(446) - age   3:        768 bytes,     821440 total
[2022-06-30T12:53:24.194+0000][9][gc,age      ] GC(446) - age   4:        208 bytes,     821648 total
[2022-06-30T12:53:24.194+0000][9][gc,age      ] GC(446) - age   5:       8200 bytes,     829848 total
[2022-06-30T12:53:24.195+0000][9][gc,age      ] GC(446) - age   6:        184 bytes,     830032 total
[2022-06-30T12:53:24.196+0000][9][gc,age      ] GC(446) - age   7:         80 bytes,     830112 total
[2022-06-30T12:53:24.196+0000][9][gc,age      ] GC(446) - age   8:        600 bytes,     830712 total
[2022-06-30T12:53:24.197+0000][9][gc,age      ] GC(446) - age  11:        216 bytes,     830928 total
[2022-06-30T12:53:24.198+0000][9][gc,age      ] GC(446) - age  13:        184 bytes,     831112 total
[2022-06-30T12:53:24.198+0000][9][gc,age      ] GC(446) - age  14:         16 bytes,     831128 total
[2022-06-30T12:53:24.199+0000][9][gc,heap     ] GC(446) Eden regions: 75->0(75)
[2022-06-30T12:53:24.199+0000][9][gc,heap     ] GC(446) Survivor regions: 1->1(10)
[2022-06-30T12:53:24.200+0000][9][gc,heap     ] GC(446) Old regions: 24->24
[2022-06-30T12:53:24.200+0000][9][gc,heap     ] GC(446) Archive regions: 2->2
[2022-06-30T12:53:24.202+0000][9][gc,heap     ] GC(446) Humongous regions: 0->0
[2022-06-30T12:53:24.204+0000][9][gc,metaspace] GC(446) Metaspace: 131594K(134976K)->131594K(134976K) NonClass: 114428K(116160K)->114428K(116160K) Class: 17166K(18816K)->17166K(18816K)
[2022-06-30T12:53:24.205+0000][9][gc          ] GC(446) Pause Young (Normal) (G1 Evacuation Pause) 399M->98M(512M) 23.497ms
[2022-06-30T12:53:24.206+0000][9][gc,cpu      ] GC(446) User=0.00s Sys=0.01s Real=0.03s
[2022-06-30T12:53:24.207+0000][9][safepoint   ] Safepoint "G1CollectForAllocation", Time since last: 83902550002 ns, Reaching safepoint: 73620 ns, At safepoint: 24951980 ns, Total: 25025600 ns
[2022-06-30T12:55:12.158+0000][9][gc,start    ] GC(447) Pause Young (Normal) (G1 Evacuation Pause)
[2022-06-30T12:55:12.161+0000][9][gc,task     ] GC(447) Using 4 workers of 4 for evacuation
[2022-06-30T12:55:12.161+0000][9][gc,age      ] GC(447) Desired survivor size 20971520 bytes, new threshold 15 (max threshold 15)
[2022-06-30T12:55:12.166+0000][9][gc,phases   ] GC(447)   Pre Evacuate Collection Set: 0.2ms
[2022-06-30T12:55:12.167+0000][9][gc,phases   ] GC(447)   Merge Heap Roots: 0.1ms
[2022-06-30T12:55:12.167+0000][9][gc,phases   ] GC(447)   Evacuate Collection Set: 2.5ms
[2022-06-30T12:55:12.168+0000][9][gc,phases   ] GC(447)   Post Evacuate Collection Set: 1.1ms
[2022-06-30T12:55:12.168+0000][9][gc,phases   ] GC(447)   Other: 1.7ms
[2022-06-30T12:55:12.169+0000][9][gc,age      ] GC(447) Age table with threshold 15 (max threshold 15)
[2022-06-30T12:55:12.169+0000][9][gc,age      ] GC(447) - age   1:    1154368 bytes,    1154368 total
[2022-06-30T12:55:12.170+0000][9][gc,age      ] GC(447) - age   2:       3232 bytes,    1157600 total
[2022-06-30T12:55:12.170+0000][9][gc,age      ] GC(447) - age   3:        296 bytes,    1157896 total
[2022-06-30T12:55:12.171+0000][9][gc,age      ] GC(447) - age   4:        584 bytes,    1158480 total
[2022-06-30T12:55:12.172+0000][9][gc,age      ] GC(447) - age   5:        208 bytes,    1158688 total
[2022-06-30T12:55:12.172+0000][9][gc,age      ] GC(447) - age   6:        184 bytes,    1158872 total
[2022-06-30T12:55:12.172+0000][9][gc,age      ] GC(447) - age   7:        184 bytes,    1159056 total
[2022-06-30T12:55:12.173+0000][9][gc,age      ] GC(447) - age   8:         80 bytes,    1159136 total
[2022-06-30T12:55:12.174+0000][9][gc,age      ] GC(447) - age   9:        600 bytes,    1159736 total
[2022-06-30T12:55:12.174+0000][9][gc,age      ] GC(447) - age  12:        216 bytes,    1159952 total
[2022-06-30T12:55:12.175+0000][9][gc,age      ] GC(447) - age  14:        184 bytes,    1160136 total
[2022-06-30T12:55:12.176+0000][9][gc,age      ] GC(447) - age  15:         16 bytes,    1160152 total
[2022-06-30T12:55:12.176+0000][9][gc,heap     ] GC(447) Eden regions: 75->0(75)
[2022-06-30T12:55:12.177+0000][9][gc,heap     ] GC(447) Survivor regions: 1->1(10)
[2022-06-30T12:55:12.178+0000][9][gc,heap     ] GC(447) Old regions: 24->24
[2022-06-30T12:55:12.178+0000][9][gc,heap     ] GC(447) Archive regions: 2->2
[2022-06-30T12:55:12.179+0000][9][gc,heap     ] GC(447) Humongous regions: 0->0
[2022-06-30T12:55:12.180+0000][9][gc,metaspace] GC(447) Metaspace: 131594K(134976K)->131594K(134976K) NonClass: 114428K(116160K)->114428K(116160K) Class: 17166K(18816K)->17166K(18816K)
[2022-06-30T12:55:12.180+0000][9][gc          ] GC(447) Pause Young (Normal) (G1 Evacuation Pause) 398M->99M(512M) 22.659ms
[2022-06-30T12:55:12.181+0000][9][gc,cpu      ] GC(447) User=0.01s Sys=0.01s Real=0.02s
[2022-06-30T12:55:12.182+0000][9][safepoint   ] Safepoint "G1CollectForAllocation", Time since last: 108015392708 ns, Reaching safepoint: 109077 ns, At safepoint: 24231014 ns, Total: 24340091 ns
[2022-06-30T12:56:45.565+0000][9][gc,start    ] GC(448) Pause Young (Normal) (G1 Evacuation Pause)
[2022-06-30T12:56:45.566+0000][9][gc,task     ] GC(448) Using 4 workers of 4 for evacuation
[2022-06-30T12:56:45.567+0000][9][gc,age      ] GC(448) Desired survivor size 20971520 bytes, new threshold 15 (max threshold 15)
[2022-06-30T12:56:45.571+0000][9][gc,phases   ] GC(448)   Pre Evacuate Collection Set: 0.3ms
[2022-06-30T12:56:45.572+0000][9][gc,phases   ] GC(448)   Merge Heap Roots: 0.2ms
[2022-06-30T12:56:45.573+0000][9][gc,phases   ] GC(448)   Evacuate Collection Set: 1.6ms
[2022-06-30T12:56:45.574+0000][9][gc,phases   ] GC(448)   Post Evacuate Collection Set: 1.0ms
[2022-06-30T12:56:45.575+0000][9][gc,phases   ] GC(448)   Other: 1.7ms
[2022-06-30T12:56:45.575+0000][9][gc,age      ] GC(448) Age table with threshold 15 (max threshold 15)
[2022-06-30T12:56:45.576+0000][9][gc,age      ] GC(448) - age   1:     961656 bytes,     961656 total
[2022-06-30T12:56:45.576+0000][9][gc,age      ] GC(448) - age   2:       2576 bytes,     964232 total
[2022-06-30T12:56:45.577+0000][9][gc,age      ] GC(448) - age   3:       2424 bytes,     966656 total
[2022-06-30T12:56:45.577+0000][9][gc,age      ] GC(448) - age   5:        584 bytes,     967240 total
[2022-06-30T12:56:45.578+0000][9][gc,age      ] GC(448) - age   6:        208 bytes,     967448 total
[2022-06-30T12:56:45.579+0000][9][gc,age      ] GC(448) - age   7:        184 bytes,     967632 total
[2022-06-30T12:56:45.579+0000][9][gc,age      ] GC(448) - age   8:        184 bytes,     967816 total
[2022-06-30T12:56:45.580+0000][9][gc,age      ] GC(448) - age   9:         80 bytes,     967896 total
[2022-06-30T12:56:45.580+0000][9][gc,age      ] GC(448) - age  10:        600 bytes,     968496 total
[2022-06-30T12:56:45.581+0000][9][gc,age      ] GC(448) - age  13:        216 bytes,     968712 total
[2022-06-30T12:56:45.582+0000][9][gc,age      ] GC(448) - age  15:        184 bytes,     968896 total
[2022-06-30T12:56:45.582+0000][9][gc,heap     ] GC(448) Eden regions: 75->0(75)
[2022-06-30T12:56:45.583+0000][9][gc,heap     ] GC(448) Survivor regions: 1->1(10)
[2022-06-30T12:56:45.583+0000][9][gc,heap     ] GC(448) Old regions: 24->24
[2022-06-30T12:56:45.584+0000][9][gc,heap     ] GC(448) Archive regions: 2->2
[2022-06-30T12:56:45.585+0000][9][gc,heap     ] GC(448) Humongous regions: 0->0
[2022-06-30T12:56:45.585+0000][9][gc,metaspace] GC(448) Metaspace: 131594K(134976K)->131594K(134976K) NonClass: 114428K(116160K)->114428K(116160K) Class: 17166K(18816K)->17166K(18816K)
[2022-06-30T12:56:45.586+0000][9][gc          ] GC(448) Pause Young (Normal) (G1 Evacuation Pause) 399M->99M(512M) 21.123ms
[2022-06-30T12:56:45.587+0000][9][gc,cpu      ] GC(448) User=0.01s Sys=0.01s Real=0.02s
[2022-06-30T12:56:45.587+0000][9][safepoint   ] Safepoint "G1CollectForAllocation", Time since last: 93447865815 ns, Reaching safepoint: 281829 ns, At safepoint: 22429546 ns, Total: 22711375 ns
[2022-06-30T12:58:09.556+0000][9][gc,start    ] GC(449) Pause Young (Normal) (G1 Evacuation Pause)
[2022-06-30T12:58:09.557+0000][9][gc,task     ] GC(449) Using 4 workers of 4 for evacuation
[2022-06-30T12:58:09.558+0000][9][gc,age      ] GC(449) Desired survivor size 20971520 bytes, new threshold 15 (max threshold 15)
[2022-06-30T12:58:09.562+0000][9][gc,phases   ] GC(449)   Pre Evacuate Collection Set: 0.1ms
[2022-06-30T12:58:09.563+0000][9][gc,phases   ] GC(449)   Merge Heap Roots: 0.1ms
[2022-06-30T12:58:09.564+0000][9][gc,phases   ] GC(449)   Evacuate Collection Set: 2.4ms
[2022-06-30T12:58:09.564+0000][9][gc,phases   ] GC(449)   Post Evacuate Collection Set: 1.0ms
[2022-06-30T12:58:09.565+0000][9][gc,phases   ] GC(449)   Other: 1.7ms
[2022-06-30T12:58:09.565+0000][9][gc,age      ] GC(449) Age table with threshold 15 (max threshold 15)
[2022-06-30T12:58:09.566+0000][9][gc,age      ] GC(449) - age   1:    2039496 bytes,    2039496 total
[2022-06-30T12:58:09.567+0000][9][gc,age      ] GC(449) - age   2:       1000 bytes,    2040496 total
[2022-06-30T12:58:09.567+0000][9][gc,age      ] GC(449) - age   3:       1008 bytes,    2041504 total
[2022-06-30T12:58:09.568+0000][9][gc,age      ] GC(449) - age   4:       2360 bytes,    2043864 total
[2022-06-30T12:58:09.569+0000][9][gc,age      ] GC(449) - age   6:        584 bytes,    2044448 total
[2022-06-30T12:58:09.569+0000][9][gc,age      ] GC(449) - age   7:        208 bytes,    2044656 total
[2022-06-30T12:58:09.570+0000][9][gc,age      ] GC(449) - age   9:        184 bytes,    2044840 total
[2022-06-30T12:58:09.571+0000][9][gc,age      ] GC(449) - age  10:         80 bytes,    2044920 total
[2022-06-30T12:58:09.572+0000][9][gc,age      ] GC(449) - age  11:        568 bytes,    2045488 total
[2022-06-30T12:58:09.572+0000][9][gc,age      ] GC(449) - age  14:        216 bytes,    2045704 total
[2022-06-30T12:58:09.573+0000][9][gc,heap     ] GC(449) Eden regions: 75->0(75)
[2022-06-30T12:58:09.573+0000][9][gc,heap     ] GC(449) Survivor regions: 1->1(10)
[2022-06-30T12:58:09.574+0000][9][gc,heap     ] GC(449) Old regions: 24->24
[2022-06-30T12:58:09.575+0000][9][gc,heap     ] GC(449) Archive regions: 2->2
[2022-06-30T12:58:09.575+0000][9][gc,heap     ] GC(449) Humongous regions: 0->0
[2022-06-30T12:58:09.576+0000][9][gc,metaspace] GC(449) Metaspace: 131594K(134976K)->131594K(134976K) NonClass: 114428K(116160K)->114428K(116160K) Class: 17166K(18816K)->17166K(18816K)
[2022-06-30T12:58:09.576+0000][9][gc          ] GC(449) Pause Young (Normal) (G1 Evacuation Pause) 399M->100M(512M) 20.141ms
[2022-06-30T12:58:09.577+0000][9][gc,cpu      ] GC(449) User=0.01s Sys=0.00s Real=0.03s
[2022-06-30T12:58:09.578+0000][9][safepoint   ] Safepoint "G1CollectForAllocation", Time since last: 84034181095 ns, Reaching safepoint: 104929 ns, At safepoint: 21331809 ns, Total: 21436738 ns
[2022-06-30T12:58:55.573+0000][9][safepoint   ] Safepoint "Cleanup", Time since last: 46038203790 ns, Reaching safepoint: 287495 ns, At safepoint: 64321 ns, Total: 351816 ns
[2022-06-30T12:59:33.518+0000][9][gc,start    ] GC(450) Pause Young (Normal) (G1 Evacuation Pause)
[2022-06-30T12:59:33.519+0000][9][gc,task     ] GC(450) Using 4 workers of 4 for evacuation
[2022-06-30T12:59:33.520+0000][9][gc,age      ] GC(450) Desired survivor size 20971520 bytes, new threshold 15 (max threshold 15)
[2022-06-30T12:59:33.525+0000][9][gc,phases   ] GC(450)   Pre Evacuate Collection Set: 0.2ms
[2022-06-30T12:59:33.526+0000][9][gc,phases   ] GC(450)   Merge Heap Roots: 0.2ms
[2022-06-30T12:59:33.526+0000][9][gc,phases   ] GC(450)   Evacuate Collection Set: 2.2ms
[2022-06-30T12:59:33.527+0000][9][gc,phases   ] GC(450)   Post Evacuate Collection Set: 1.2ms
[2022-06-30T12:59:33.527+0000][9][gc,phases   ] GC(450)   Other: 1.5ms
[2022-06-30T12:59:33.528+0000][9][gc,age      ] GC(450) Age table with threshold 15 (max threshold 15)
[2022-06-30T12:59:33.528+0000][9][gc,age      ] GC(450) - age   1:    1599824 bytes,    1599824 total
[2022-06-30T12:59:33.529+0000][9][gc,age      ] GC(450) - age   2:       2264 bytes,    1602088 total
[2022-06-30T12:59:33.529+0000][9][gc,age      ] GC(450) - age   3:        424 bytes,    1602512 total
[2022-06-30T12:59:33.530+0000][9][gc,age      ] GC(450) - age   4:        336 bytes,    1602848 total
[2022-06-30T12:59:33.530+0000][9][gc,age      ] GC(450) - age   5:       2176 bytes,    1605024 total
[2022-06-30T12:59:33.530+0000][9][gc,age      ] GC(450) - age   7:        584 bytes,    1605608 total
[2022-06-30T12:59:33.531+0000][9][gc,age      ] GC(450) - age   8:         32 bytes,    1605640 total
[2022-06-30T12:59:33.531+0000][9][gc,age      ] GC(450) - age  10:        184 bytes,    1605824 total
[2022-06-30T12:59:33.531+0000][9][gc,age      ] GC(450) - age  11:         80 bytes,    1605904 total
[2022-06-30T12:59:33.532+0000][9][gc,age      ] GC(450) - age  12:        568 bytes,    1606472 total
[2022-06-30T12:59:33.532+0000][9][gc,age      ] GC(450) - age  15:        184 bytes,    1606656 total
[2022-06-30T12:59:33.533+0000][9][gc,heap     ] GC(450) Eden regions: 75->0(75)
[2022-06-30T12:59:33.533+0000][9][gc,heap     ] GC(450) Survivor regions: 1->1(10)
[2022-06-30T12:59:33.534+0000][9][gc,heap     ] GC(450) Old regions: 24->24
[2022-06-30T12:59:33.534+0000][9][gc,heap     ] GC(450) Archive regions: 2->2
[2022-06-30T12:59:33.535+0000][9][gc,heap     ] GC(450) Humongous regions: 0->0
[2022-06-30T12:59:33.535+0000][9][gc,metaspace] GC(450) Metaspace: 131594K(134976K)->131594K(134976K) NonClass: 114428K(116160K)->114428K(116160K) Class: 17166K(18816K)->17166K(18816K)
[2022-06-30T12:59:33.536+0000][9][gc          ] GC(450) Pause Young (Normal) (G1 Evacuation Pause) 400M->99M(512M) 18.154ms
[2022-06-30T12:59:33.537+0000][9][gc,cpu      ] GC(450) User=0.01s Sys=0.00s Real=0.02s
[2022-06-30T12:59:33.537+0000][9][safepoint   ] Safepoint "G1CollectForAllocation", Time since last: 37966438569 ns, Reaching safepoint: 73596 ns, At safepoint: 19268844 ns, Total: 19342440 ns
[2022-06-30T13:00:57.500+0000][9][gc,start    ] GC(451) Pause Young (Normal) (G1 Evacuation Pause)
[2022-06-30T13:00:57.501+0000][9][gc,task     ] GC(451) Using 4 workers of 4 for evacuation
[2022-06-30T13:00:57.502+0000][9][gc,age      ] GC(451) Desired survivor size 20971520 bytes, new threshold 15 (max threshold 15)
[2022-06-30T13:00:57.505+0000][9][gc,phases   ] GC(451)   Pre Evacuate Collection Set: 0.1ms
[2022-06-30T13:00:57.506+0000][9][gc,phases   ] GC(451)   Merge Heap Roots: 0.1ms
[2022-06-30T13:00:57.507+0000][9][gc,phases   ] GC(451)   Evacuate Collection Set: 1.8ms
[2022-06-30T13:00:57.507+0000][9][gc,phases   ] GC(451)   Post Evacuate Collection Set: 0.8ms
[2022-06-30T13:00:57.508+0000][9][gc,phases   ] GC(451)   Other: 1.6ms
[2022-06-30T13:00:57.509+0000][9][gc,age      ] GC(451) Age table with threshold 15 (max threshold 15)
[2022-06-30T13:00:57.509+0000][9][gc,age      ] GC(451) - age   1:    1168424 bytes,    1168424 total
[2022-06-30T13:00:57.510+0000][9][gc,age      ] GC(451) - age   2:       9984 bytes,    1178408 total
[2022-06-30T13:00:57.510+0000][9][gc,age      ] GC(451) - age   3:        672 bytes,    1179080 total
[2022-06-30T13:00:57.511+0000][9][gc,age      ] GC(451) - age   5:        272 bytes,    1179352 total
[2022-06-30T13:00:57.511+0000][9][gc,age      ] GC(451) - age   6:       2176 bytes,    1181528 total
[2022-06-30T13:00:57.512+0000][9][gc,age      ] GC(451) - age   8:        584 bytes,    1182112 total
[2022-06-30T13:00:57.512+0000][9][gc,age      ] GC(451) - age   9:         32 bytes,    1182144 total
[2022-06-30T13:00:57.513+0000][9][gc,age      ] GC(451) - age  11:        184 bytes,    1182328 total
[2022-06-30T13:00:57.513+0000][9][gc,age      ] GC(451) - age  12:         80 bytes,    1182408 total
[2022-06-30T13:00:57.514+0000][9][gc,age      ] GC(451) - age  13:        384 bytes,    1182792 total
[2022-06-30T13:00:57.515+0000][9][gc,heap     ] GC(451) Eden regions: 75->0(75)
[2022-06-30T13:00:57.515+0000][9][gc,heap     ] GC(451) Survivor regions: 1->1(10)
[2022-06-30T13:00:57.516+0000][9][gc,heap     ] GC(451) Old regions: 24->24
[2022-06-30T13:00:57.516+0000][9][gc,heap     ] GC(451) Archive regions: 2->2
[2022-06-30T13:00:57.517+0000][9][gc,heap     ] GC(451) Humongous regions: 0->0
[2022-06-30T13:00:57.517+0000][9][gc,metaspace] GC(451) Metaspace: 131594K(134976K)->131594K(134976K) NonClass: 114428K(116160K)->114428K(116160K) Class: 17166K(18816K)->17166K(18816K)
[2022-06-30T13:00:57.518+0000][9][gc          ] GC(451) Pause Young (Normal) (G1 Evacuation Pause) 399M->99M(512M) 18.621ms
[2022-06-30T13:00:57.519+0000][9][gc,cpu      ] GC(451) User=0.00s Sys=0.00s Real=0.02s
[2022-06-30T13:00:57.520+0000][9][safepoint   ] Safepoint "G1CollectForAllocation", Time since last: 84027441813 ns, Reaching safepoint: 71425 ns, At safepoint: 19949389 ns, Total: 20020814 ns
[2022-06-30T13:01:47.520+0000][9][safepoint   ] Safepoint "Cleanup", Time since last: 50043430481 ns, Reaching safepoint: 164803 ns, At safepoint: 66110 ns, Total: 230913 ns
[2022-06-30T13:02:45.501+0000][9][gc,start    ] GC(452) Pause Young (Normal) (G1 Evacuation Pause)
[2022-06-30T13:02:45.502+0000][9][gc,task     ] GC(452) Using 4 workers of 4 for evacuation
[2022-06-30T13:02:45.502+0000][9][gc,age      ] GC(452) Desired survivor size 20971520 bytes, new threshold 15 (max threshold 15)
[2022-06-30T13:02:45.506+0000][9][gc,phases   ] GC(452)   Pre Evacuate Collection Set: 0.3ms
[2022-06-30T13:02:45.507+0000][9][gc,phases   ] GC(452)   Merge Heap Roots: 0.1ms
[2022-06-30T13:02:45.508+0000][9][gc,phases   ] GC(452)   Evacuate Collection Set: 2.3ms
[2022-06-30T13:02:45.508+0000][9][gc,phases   ] GC(452)   Post Evacuate Collection Set: 0.9ms
[2022-06-30T13:02:45.510+0000][9][gc,phases   ] GC(452)   Other: 1.2ms
[2022-06-30T13:02:45.510+0000][9][gc,age      ] GC(452) Age table with threshold 15 (max threshold 15)
[2022-06-30T13:02:45.511+0000][9][gc,age      ] GC(452) - age   1:    1502376 bytes,    1502376 total
[2022-06-30T13:02:45.512+0000][9][gc,age      ] GC(452) - age   2:       1584 bytes,    1503960 total
[2022-06-30T13:02:45.512+0000][9][gc,age      ] GC(452) - age   3:       8640 bytes,    1512600 total
[2022-06-30T13:02:45.513+0000][9][gc,age      ] GC(452) - age   4:        480 bytes,    1513080 total
[2022-06-30T13:02:45.513+0000][9][gc,age      ] GC(452) - age   6:        272 bytes,    1513352 total
[2022-06-30T13:02:45.514+0000][9][gc,age      ] GC(452) - age   7:       2176 bytes,    1515528 total
[2022-06-30T13:02:45.515+0000][9][gc,age      ] GC(452) - age   9:        584 bytes,    1516112 total
[2022-06-30T13:02:45.515+0000][9][gc,age      ] GC(452) - age  10:         32 bytes,    1516144 total
[2022-06-30T13:02:45.516+0000][9][gc,age      ] GC(452) - age  12:        184 bytes,    1516328 total
[2022-06-30T13:02:45.516+0000][9][gc,age      ] GC(452) - age  13:         80 bytes,    1516408 total
[2022-06-30T13:02:45.517+0000][9][gc,heap     ] GC(452) Eden regions: 75->0(75)
[2022-06-30T13:02:45.517+0000][9][gc,heap     ] GC(452) Survivor regions: 1->1(10)
[2022-06-30T13:02:45.518+0000][9][gc,heap     ] GC(452) Old regions: 24->24
[2022-06-30T13:02:45.518+0000][9][gc,heap     ] GC(452) Archive regions: 2->2
[2022-06-30T13:02:45.519+0000][9][gc,heap     ] GC(452) Humongous regions: 0->0
[2022-06-30T13:02:45.520+0000][9][gc,metaspace] GC(452) Metaspace: 131594K(134976K)->131594K(134976K) NonClass: 114428K(116160K)->114428K(116160K) Class: 17166K(18816K)->17166K(18816K)
[2022-06-30T13:02:45.520+0000][9][gc          ] GC(452) Pause Young (Normal) (G1 Evacuation Pause) 399M->99M(512M) 19.506ms
[2022-06-30T13:02:45.521+0000][9][gc,cpu      ] GC(452) User=0.01s Sys=0.00s Real=0.02s
[2022-06-30T13:02:45.522+0000][9][safepoint   ] Safepoint "G1CollectForAllocation", Time since last: 58001592325 ns, Reaching safepoint: 57959 ns, At safepoint: 21113621 ns, Total: 21171580 ns
[2022-06-30T13:04:23.666+0000][9][gc,start    ] GC(453) Pause Young (Normal) (G1 Evacuation Pause)
[2022-06-30T13:04:23.668+0000][9][gc,task     ] GC(453) Using 4 workers of 4 for evacuation
[2022-06-30T13:04:23.669+0000][9][gc,age      ] GC(453) Desired survivor size 20971520 bytes, new threshold 15 (max threshold 15)
[2022-06-30T13:04:23.673+0000][9][gc,phases   ] GC(453)   Pre Evacuate Collection Set: 0.2ms
[2022-06-30T13:04:23.675+0000][9][gc,phases   ] GC(453)   Merge Heap Roots: 0.1ms
[2022-06-30T13:04:23.675+0000][9][gc,phases   ] GC(453)   Evacuate Collection Set: 2.0ms
[2022-06-30T13:04:23.676+0000][9][gc,phases   ] GC(453)   Post Evacuate Collection Set: 1.3ms
[2022-06-30T13:04:23.677+0000][9][gc,phases   ] GC(453)   Other: 2.1ms
[2022-06-30T13:04:23.677+0000][9][gc,age      ] GC(453) Age table with threshold 15 (max threshold 15)
[2022-06-30T13:04:23.678+0000][9][gc,age      ] GC(453) - age   1:     768848 bytes,     768848 total
[2022-06-30T13:04:23.679+0000][9][gc,age      ] GC(453) - age   2:       1728 bytes,     770576 total
[2022-06-30T13:04:23.680+0000][9][gc,age      ] GC(453) - age   3:        312 bytes,     770888 total
[2022-06-30T13:04:23.680+0000][9][gc,age      ] GC(453) - age   4:       8384 bytes,     779272 total
[2022-06-30T13:04:23.681+0000][9][gc,age      ] GC(453) - age   5:        480 bytes,     779752 total
[2022-06-30T13:04:23.681+0000][9][gc,age      ] GC(453) - age   8:        416 bytes,     780168 total
[2022-06-30T13:04:23.682+0000][9][gc,age      ] GC(453) - age  10:        584 bytes,     780752 total
[2022-06-30T13:04:23.683+0000][9][gc,age      ] GC(453) - age  11:         32 bytes,     780784 total
[2022-06-30T13:04:23.684+0000][9][gc,age      ] GC(453) - age  13:        184 bytes,     780968 total
[2022-06-30T13:04:23.684+0000][9][gc,age      ] GC(453) - age  14:         80 bytes,     781048 total
[2022-06-30T13:04:23.685+0000][9][gc,heap     ] GC(453) Eden regions: 75->0(75)
[2022-06-30T13:04:23.686+0000][9][gc,heap     ] GC(453) Survivor regions: 1->1(10)
[2022-06-30T13:04:23.687+0000][9][gc,heap     ] GC(453) Old regions: 24->24
[2022-06-30T13:04:23.687+0000][9][gc,heap     ] GC(453) Archive regions: 2->2
[2022-06-30T13:04:23.688+0000][9][gc,heap     ] GC(453) Humongous regions: 0->0
[2022-06-30T13:04:23.689+0000][9][gc,metaspace] GC(453) Metaspace: 131594K(134976K)->131594K(134976K) NonClass: 114428K(116160K)->114428K(116160K) Class: 17166K(18816K)->17166K(18816K)
[2022-06-30T13:04:23.690+0000][9][gc          ] GC(453) Pause Young (Normal) (G1 Evacuation Pause) 399M->98M(512M) 23.474ms
[2022-06-30T13:04:23.691+0000][9][gc,cpu      ] GC(453) User=0.01s Sys=0.00s Real=0.03s
[2022-06-30T13:04:23.691+0000][9][safepoint   ] Safepoint "G1CollectForAllocation", Time since last: 98230712617 ns, Reaching safepoint: 130245 ns, At safepoint: 25176911 ns, Total: 25307156 ns
[2022-06-30T13:06:12.473+0000][9][gc,start    ] GC(454) Pause Young (Normal) (G1 Evacuation Pause)
[2022-06-30T13:06:12.475+0000][9][gc,task     ] GC(454) Using 4 workers of 4 for evacuation
[2022-06-30T13:06:12.476+0000][9][gc,age      ] GC(454) Desired survivor size 20971520 bytes, new threshold 15 (max threshold 15)
[2022-06-30T13:06:12.480+0000][9][gc,phases   ] GC(454)   Pre Evacuate Collection Set: 0.3ms
[2022-06-30T13:06:12.482+0000][9][gc,phases   ] GC(454)   Merge Heap Roots: 0.2ms
[2022-06-30T13:06:12.482+0000][9][gc,phases   ] GC(454)   Evacuate Collection Set: 2.1ms
[2022-06-30T13:06:12.483+0000][9][gc,phases   ] GC(454)   Post Evacuate Collection Set: 1.0ms
[2022-06-30T13:06:12.484+0000][9][gc,phases   ] GC(454)   Other: 2.0ms
[2022-06-30T13:06:12.485+0000][9][gc,age      ] GC(454) Age table with threshold 15 (max threshold 15)
[2022-06-30T13:06:12.485+0000][9][gc,age      ] GC(454) - age   1:    1046248 bytes,    1046248 total
[2022-06-30T13:06:12.486+0000][9][gc,age      ] GC(454) - age   2:       8440 bytes,    1054688 total
[2022-06-30T13:06:12.487+0000][9][gc,age      ] GC(454) - age   3:        448 bytes,    1055136 total
[2022-06-30T13:06:12.487+0000][9][gc,age      ] GC(454) - age   4:        184 bytes,    1055320 total
[2022-06-30T13:06:12.488+0000][9][gc,age      ] GC(454) - age   5:       8384 bytes,    1063704 total
[2022-06-30T13:06:12.488+0000][9][gc,age      ] GC(454) - age   6:        184 bytes,    1063888 total
[2022-06-30T13:06:12.489+0000][9][gc,age      ] GC(454) - age   9:        416 bytes,    1064304 total
[2022-06-30T13:06:12.489+0000][9][gc,age      ] GC(454) - age  11:        584 bytes,    1064888 total
[2022-06-30T13:06:12.490+0000][9][gc,age      ] GC(454) - age  12:         32 bytes,    1064920 total
[2022-06-30T13:06:12.491+0000][9][gc,age      ] GC(454) - age  14:        184 bytes,    1065104 total
[2022-06-30T13:06:12.491+0000][9][gc,age      ] GC(454) - age  15:         80 bytes,    1065184 total
[2022-06-30T13:06:12.492+0000][9][gc,heap     ] GC(454) Eden regions: 75->0(75)
[2022-06-30T13:06:12.492+0000][9][gc,heap     ] GC(454) Survivor regions: 1->1(10)
[2022-06-30T13:06:12.493+0000][9][gc,heap     ] GC(454) Old regions: 24->24
[2022-06-30T13:06:12.494+0000][9][gc,heap     ] GC(454) Archive regions: 2->2
[2022-06-30T13:06:12.494+0000][9][gc,heap     ] GC(454) Humongous regions: 0->0
[2022-06-30T13:06:12.495+0000][9][gc,metaspace] GC(454) Metaspace: 131594K(134976K)->131594K(134976K) NonClass: 114428K(116160K)->114428K(116160K) Class: 17166K(18816K)->17166K(18816K)
[2022-06-30T13:06:12.495+0000][9][gc          ] GC(454) Pause Young (Normal) (G1 Evacuation Pause) 398M->99M(512M) 21.938ms
[2022-06-30T13:06:12.496+0000][9][gc,cpu      ] GC(454) User=0.01s Sys=0.01s Real=0.02s
[2022-06-30T13:06:12.496+0000][9][safepoint   ] Safepoint "G1CollectForAllocation", Time since last: 108847148004 ns, Reaching safepoint: 172380 ns, At safepoint: 23013384 ns, Total: 23185764 ns
[2022-06-30T13:08:03.477+0000][9][gc,start    ] GC(455) Pause Young (Normal) (G1 Evacuation Pause)
[2022-06-30T13:08:03.478+0000][9][gc,task     ] GC(455) Using 4 workers of 4 for evacuation
[2022-06-30T13:08:03.480+0000][9][gc,age      ] GC(455) Desired survivor size 20971520 bytes, new threshold 15 (max threshold 15)
[2022-06-30T13:08:03.483+0000][9][gc,phases   ] GC(455)   Pre Evacuate Collection Set: 0.2ms
[2022-06-30T13:08:03.484+0000][9][gc,phases   ] GC(455)   Merge Heap Roots: 0.1ms
[2022-06-30T13:08:03.484+0000][9][gc,phases   ] GC(455)   Evacuate Collection Set: 1.5ms
[2022-06-30T13:08:03.485+0000][9][gc,phases   ] GC(455)   Post Evacuate Collection Set: 0.8ms
[2022-06-30T13:08:03.485+0000][9][gc,phases   ] GC(455)   Other: 2.2ms
[2022-06-30T13:08:03.486+0000][9][gc,age      ] GC(455) Age table with threshold 15 (max threshold 15)
[2022-06-30T13:08:03.487+0000][9][gc,age      ] GC(455) - age   1:    1021432 bytes,    1021432 total
[2022-06-30T13:08:03.487+0000][9][gc,age      ] GC(455) - age   2:       1824 bytes,    1023256 total
[2022-06-30T13:08:03.488+0000][9][gc,age      ] GC(455) - age   3:       7672 bytes,    1030928 total
[2022-06-30T13:08:03.488+0000][9][gc,age      ] GC(455) - age   4:        448 bytes,    1031376 total
[2022-06-30T13:08:03.489+0000][9][gc,age      ] GC(455) - age   5:        184 bytes,    1031560 total
[2022-06-30T13:08:03.490+0000][9][gc,age      ] GC(455) - age   6:       8384 bytes,    1039944 total
[2022-06-30T13:08:03.490+0000][9][gc,age      ] GC(455) - age   7:        184 bytes,    1040128 total
[2022-06-30T13:08:03.491+0000][9][gc,age      ] GC(455) - age  10:         24 bytes,    1040152 total
[2022-06-30T13:08:03.491+0000][9][gc,age      ] GC(455) - age  12:        584 bytes,    1040736 total
[2022-06-30T13:08:03.492+0000][9][gc,age      ] GC(455) - age  13:         32 bytes,    1040768 total
[2022-06-30T13:08:03.493+0000][9][gc,age      ] GC(455) - age  15:        184 bytes,    1040952 total
[2022-06-30T13:08:03.493+0000][9][gc,heap     ] GC(455) Eden regions: 75->0(75)
[2022-06-30T13:08:03.494+0000][9][gc,heap     ] GC(455) Survivor regions: 1->1(10)
[2022-06-30T13:08:03.494+0000][9][gc,heap     ] GC(455) Old regions: 24->24
[2022-06-30T13:08:03.495+0000][9][gc,heap     ] GC(455) Archive regions: 2->2
[2022-06-30T13:08:03.496+0000][9][gc,heap     ] GC(455) Humongous regions: 0->0
[2022-06-30T13:08:03.496+0000][9][gc,metaspace] GC(455) Metaspace: 131594K(134976K)->131594K(134976K) NonClass: 114428K(116160K)->114428K(116160K) Class: 17166K(18816K)->17166K(18816K)
[2022-06-30T13:08:03.497+0000][9][gc          ] GC(455) Pause Young (Normal) (G1 Evacuation Pause) 399M->99M(512M) 19.663ms
[2022-06-30T13:08:03.497+0000][9][gc,cpu      ] GC(455) User=0.01s Sys=0.00s Real=0.02s
[2022-06-30T13:08:03.498+0000][9][safepoint   ] Safepoint "G1CollectForAllocation", Time since last: 111066696238 ns, Reaching safepoint: 233735 ns, At safepoint: 21124704 ns, Total: 21358439 ns
[2022-06-30T13:09:45.619+0000][9][gc,start    ] GC(456) Pause Young (Normal) (G1 Evacuation Pause)
[2022-06-30T13:09:45.621+0000][9][gc,task     ] GC(456) Using 4 workers of 4 for evacuation
[2022-06-30T13:09:45.621+0000][9][gc,age      ] GC(456) Desired survivor size 20971520 bytes, new threshold 15 (max threshold 15)
[2022-06-30T13:09:45.626+0000][9][gc,phases   ] GC(456)   Pre Evacuate Collection Set: 0.2ms
[2022-06-30T13:09:45.627+0000][9][gc,phases   ] GC(456)   Merge Heap Roots: 0.1ms
[2022-06-30T13:09:45.628+0000][9][gc,phases   ] GC(456)   Evacuate Collection Set: 2.2ms
[2022-06-30T13:09:45.628+0000][9][gc,phases   ] GC(456)   Post Evacuate Collection Set: 1.2ms
[2022-06-30T13:09:45.629+0000][9][gc,phases   ] GC(456)   Other: 1.5ms
[2022-06-30T13:09:45.629+0000][9][gc,age      ] GC(456) Age table with threshold 15 (max threshold 15)
[2022-06-30T13:09:45.630+0000][9][gc,age      ] GC(456) - age   1:    1406088 bytes,    1406088 total
[2022-06-30T13:09:45.631+0000][9][gc,age      ] GC(456) - age   2:       1992 bytes,    1408080 total
[2022-06-30T13:09:45.631+0000][9][gc,age      ] GC(456) - age   3:        184 bytes,    1408264 total
[2022-06-30T13:09:45.632+0000][9][gc,age      ] GC(456) - age   4:       7576 bytes,    1415840 total
[2022-06-30T13:09:45.633+0000][9][gc,age      ] GC(456) - age   5:        384 bytes,    1416224 total
[2022-06-30T13:09:45.634+0000][9][gc,age      ] GC(456) - age   6:        184 bytes,    1416408 total
[2022-06-30T13:09:45.634+0000][9][gc,age      ] GC(456) - age   7:       8232 bytes,    1424640 total
[2022-06-30T13:09:45.635+0000][9][gc,age      ] GC(456) - age   8:        184 bytes,    1424824 total
[2022-06-30T13:09:45.636+0000][9][gc,age      ] GC(456) - age  13:        584 bytes,    1425408 total
[2022-06-30T13:09:45.637+0000][9][gc,heap     ] GC(456) Eden regions: 75->0(75)
[2022-06-30T13:09:45.637+0000][9][gc,heap     ] GC(456) Survivor regions: 1->1(10)
[2022-06-30T13:09:45.638+0000][9][gc,heap     ] GC(456) Old regions: 24->24
[2022-06-30T13:09:45.638+0000][9][gc,heap     ] GC(456) Archive regions: 2->2
[2022-06-30T13:09:45.639+0000][9][gc,heap     ] GC(456) Humongous regions: 0->0
[2022-06-30T13:09:45.639+0000][9][gc,metaspace] GC(456) Metaspace: 131594K(134976K)->131594K(134976K) NonClass: 114428K(116160K)->114428K(116160K) Class: 17166K(18816K)->17166K(18816K)
[2022-06-30T13:09:45.640+0000][9][gc          ] GC(456) Pause Young (Normal) (G1 Evacuation Pause) 399M->99M(512M) 20.700ms
[2022-06-30T13:09:45.641+0000][9][gc,cpu      ] GC(456) User=0.01s Sys=0.00s Real=0.03s
[2022-06-30T13:09:45.641+0000][9][safepoint   ] Safepoint "G1CollectForAllocation", Time since last: 102185847933 ns, Reaching safepoint: 85141 ns, At safepoint: 22106746 ns, Total: 22191887 ns
[2022-06-30T13:11:30.457+0000][9][gc,start    ] GC(457) Pause Young (Normal) (G1 Evacuation Pause)
[2022-06-30T13:11:30.458+0000][9][gc,task     ] GC(457) Using 4 workers of 4 for evacuation
[2022-06-30T13:11:30.459+0000][9][gc,age      ] GC(457) Desired survivor size 20971520 bytes, new threshold 15 (max threshold 15)
[2022-06-30T13:11:30.463+0000][9][gc,phases   ] GC(457)   Pre Evacuate Collection Set: 0.2ms
[2022-06-30T13:11:30.464+0000][9][gc,phases   ] GC(457)   Merge Heap Roots: 0.2ms
[2022-06-30T13:11:30.465+0000][9][gc,phases   ] GC(457)   Evacuate Collection Set: 1.0ms
[2022-06-30T13:11:30.465+0000][9][gc,phases   ] GC(457)   Post Evacuate Collection Set: 1.4ms
[2022-06-30T13:11:30.466+0000][9][gc,phases   ] GC(457)   Other: 1.8ms
[2022-06-30T13:11:30.467+0000][9][gc,age      ] GC(457) Age table with threshold 15 (max threshold 15)
[2022-06-30T13:11:30.467+0000][9][gc,age      ] GC(457) - age   1:     350680 bytes,     350680 total
[2022-06-30T13:11:30.468+0000][9][gc,age      ] GC(457) - age   2:       2032 bytes,     352712 total
[2022-06-30T13:11:30.469+0000][9][gc,age      ] GC(457) - age   3:       1032 bytes,     353744 total
[2022-06-30T13:11:30.470+0000][9][gc,age      ] GC(457) - age   4:        184 bytes,     353928 total
[2022-06-30T13:11:30.470+0000][9][gc,age      ] GC(457) - age   5:       7280 bytes,     361208 total
[2022-06-30T13:11:30.471+0000][9][gc,age      ] GC(457) - age   6:        384 bytes,     361592 total
[2022-06-30T13:11:30.471+0000][9][gc,age      ] GC(457) - age   7:        184 bytes,     361776 total
[2022-06-30T13:11:30.472+0000][9][gc,age      ] GC(457) - age   8:       8232 bytes,     370008 total
[2022-06-30T13:11:30.473+0000][9][gc,age      ] GC(457) - age   9:        184 bytes,     370192 total
[2022-06-30T13:11:30.473+0000][9][gc,age      ] GC(457) - age  14:        584 bytes,     370776 total
[2022-06-30T13:11:30.474+0000][9][gc,heap     ] GC(457) Eden regions: 75->0(75)
[2022-06-30T13:11:30.474+0000][9][gc,heap     ] GC(457) Survivor regions: 1->1(10)
[2022-06-30T13:11:30.475+0000][9][gc,heap     ] GC(457) Old regions: 24->24
[2022-06-30T13:11:30.476+0000][9][gc,heap     ] GC(457) Archive regions: 2->2
[2022-06-30T13:11:30.476+0000][9][gc,heap     ] GC(457) Humongous regions: 0->0
[2022-06-30T13:11:30.477+0000][9][gc,metaspace] GC(457) Metaspace: 131594K(134976K)->131594K(134976K) NonClass: 114428K(116160K)->114428K(116160K) Class: 17166K(18816K)->17166K(18816K)
[2022-06-30T13:11:30.478+0000][9][gc          ] GC(457) Pause Young (Normal) (G1 Evacuation Pause) 399M->98M(512M) 20.394ms
[2022-06-30T13:11:30.478+0000][9][gc,cpu      ] GC(457) User=0.00s Sys=0.01s Real=0.02s
[2022-06-30T13:11:30.480+0000][9][safepoint   ] Safepoint "G1CollectForAllocation", Time since last: 104902139702 ns, Reaching safepoint: 110089 ns, At safepoint: 22777289 ns, Total: 22887378 ns
[2022-06-30T13:13:18.437+0000][9][gc,start    ] GC(458) Pause Young (Normal) (G1 Evacuation Pause)
[2022-06-30T13:13:18.438+0000][9][gc,task     ] GC(458) Using 4 workers of 4 for evacuation
[2022-06-30T13:13:18.439+0000][9][gc,age      ] GC(458) Desired survivor size 20971520 bytes, new threshold 15 (max threshold 15)
[2022-06-30T13:13:18.442+0000][9][gc,phases   ] GC(458)   Pre Evacuate Collection Set: 0.2ms
[2022-06-30T13:13:18.443+0000][9][gc,phases   ] GC(458)   Merge Heap Roots: 0.1ms
[2022-06-30T13:13:18.444+0000][9][gc,phases   ] GC(458)   Evacuate Collection Set: 1.1ms
[2022-06-30T13:13:18.444+0000][9][gc,phases   ] GC(458)   Post Evacuate Collection Set: 1.1ms
[2022-06-30T13:13:18.445+0000][9][gc,phases   ] GC(458)   Other: 1.5ms
[2022-06-30T13:13:18.446+0000][9][gc,age      ] GC(458) Age table with threshold 15 (max threshold 15)
[2022-06-30T13:13:18.446+0000][9][gc,age      ] GC(458) - age   1:     600920 bytes,     600920 total
[2022-06-30T13:13:18.447+0000][9][gc,age      ] GC(458) - age   2:        984 bytes,     601904 total
[2022-06-30T13:13:18.447+0000][9][gc,age      ] GC(458) - age   3:        816 bytes,     602720 total
[2022-06-30T13:13:18.448+0000][9][gc,age      ] GC(458) - age   4:        968 bytes,     603688 total
[2022-06-30T13:13:18.449+0000][9][gc,age      ] GC(458) - age   5:        184 bytes,     603872 total
[2022-06-30T13:13:18.450+0000][9][gc,age      ] GC(458) - age   6:       5552 bytes,     609424 total
[2022-06-30T13:13:18.450+0000][9][gc,age      ] GC(458) - age   7:        384 bytes,     609808 total
[2022-06-30T13:13:18.451+0000][9][gc,age      ] GC(458) - age   8:        184 bytes,     609992 total
[2022-06-30T13:13:18.451+0000][9][gc,age      ] GC(458) - age   9:       8232 bytes,     618224 total
[2022-06-30T13:13:18.452+0000][9][gc,age      ] GC(458) - age  10:        184 bytes,     618408 total
[2022-06-30T13:13:18.453+0000][9][gc,age      ] GC(458) - age  15:        584 bytes,     618992 total
[2022-06-30T13:13:18.453+0000][9][gc,heap     ] GC(458) Eden regions: 75->0(75)
[2022-06-30T13:13:18.454+0000][9][gc,heap     ] GC(458) Survivor regions: 1->1(10)
[2022-06-30T13:13:18.454+0000][9][gc,heap     ] GC(458) Old regions: 24->24
[2022-06-30T13:13:18.455+0000][9][gc,heap     ] GC(458) Archive regions: 2->2
[2022-06-30T13:13:18.456+0000][9][gc,heap     ] GC(458) Humongous regions: 0->0
[2022-06-30T13:13:18.456+0000][9][gc,metaspace] GC(458) Metaspace: 131594K(134976K)->131594K(134976K) NonClass: 114428K(116160K)->114428K(116160K) Class: 17166K(18816K)->17166K(18816K)
[2022-06-30T13:13:18.457+0000][9][gc          ] GC(458) Pause Young (Normal) (G1 Evacuation Pause) 398M->98M(512M) 20.227ms
[2022-06-30T13:13:18.458+0000][9][gc,cpu      ] GC(458) User=0.01s Sys=0.00s Real=0.03s
[2022-06-30T13:13:18.458+0000][9][safepoint   ] Safepoint "G1CollectForAllocation", Time since last: 108043027550 ns, Reaching safepoint: 154351 ns, At safepoint: 21838571 ns, Total: 21992922 ns
[2022-06-30T13:15:00.409+0000][9][gc,start    ] GC(459) Pause Young (Normal) (G1 Evacuation Pause)
[2022-06-30T13:15:00.412+0000][9][gc,task     ] GC(459) Using 4 workers of 4 for evacuation
[2022-06-30T13:15:00.413+0000][9][gc,age      ] GC(459) Desired survivor size 20971520 bytes, new threshold 15 (max threshold 15)
[2022-06-30T13:15:00.417+0000][9][gc,phases   ] GC(459)   Pre Evacuate Collection Set: 0.3ms
[2022-06-30T13:15:00.418+0000][9][gc,phases   ] GC(459)   Merge Heap Roots: 0.1ms
[2022-06-30T13:15:00.419+0000][9][gc,phases   ] GC(459)   Evacuate Collection Set: 1.5ms
[2022-06-30T13:15:00.419+0000][9][gc,phases   ] GC(459)   Post Evacuate Collection Set: 1.3ms
[2022-06-30T13:15:00.420+0000][9][gc,phases   ] GC(459)   Other: 2.0ms
[2022-06-30T13:15:00.421+0000][9][gc,age      ] GC(459) Age table with threshold 15 (max threshold 15)
[2022-06-30T13:15:00.421+0000][9][gc,age      ] GC(459) - age   1:    1157552 bytes,    1157552 total
[2022-06-30T13:15:00.423+0000][9][gc,age      ] GC(459) - age   2:       2736 bytes,    1160288 total
[2022-06-30T13:15:00.423+0000][9][gc,age      ] GC(459) - age   3:        568 bytes,    1160856 total
[2022-06-30T13:15:00.424+0000][9][gc,age      ] GC(459) - age   4:        656 bytes,    1161512 total
[2022-06-30T13:15:00.424+0000][9][gc,age      ] GC(459) - age   5:        904 bytes,    1162416 total
[2022-06-30T13:15:00.425+0000][9][gc,age      ] GC(459) - age   7:       5552 bytes,    1167968 total
[2022-06-30T13:15:00.425+0000][9][gc,age      ] GC(459) - age   8:        384 bytes,    1168352 total
[2022-06-30T13:15:00.426+0000][9][gc,age      ] GC(459) - age   9:        184 bytes,    1168536 total
[2022-06-30T13:15:00.427+0000][9][gc,age      ] GC(459) - age  10:       8232 bytes,    1176768 total
[2022-06-30T13:15:00.427+0000][9][gc,age      ] GC(459) - age  11:        184 bytes,    1176952 total
[2022-06-30T13:15:00.428+0000][9][gc,heap     ] GC(459) Eden regions: 75->0(75)
[2022-06-30T13:15:00.429+0000][9][gc,heap     ] GC(459) Survivor regions: 1->1(10)
[2022-06-30T13:15:00.429+0000][9][gc,heap     ] GC(459) Old regions: 24->24
[2022-06-30T13:15:00.430+0000][9][gc,heap     ] GC(459) Archive regions: 2->2
[2022-06-30T13:15:00.431+0000][9][gc,heap     ] GC(459) Humongous regions: 0->0
[2022-06-30T13:15:00.431+0000][9][gc,metaspace] GC(459) Metaspace: 131594K(134976K)->131594K(134976K) NonClass: 114428K(116160K)->114428K(116160K) Class: 17166K(18816K)->17166K(18816K)
[2022-06-30T13:15:00.432+0000][9][gc          ] GC(459) Pause Young (Normal) (G1 Evacuation Pause) 398M->99M(512M) 23.146ms
[2022-06-30T13:15:00.433+0000][9][gc,cpu      ] GC(459) User=0.01s Sys=0.00s Real=0.03s
[2022-06-30T13:15:00.433+0000][9][safepoint   ] Safepoint "G1CollectForAllocation", Time since last: 102015410326 ns, Reaching safepoint: 141323 ns, At safepoint: 24383833 ns, Total: 24525156 ns
[2022-06-30T13:15:46.456+0000][9][safepoint   ] Safepoint "Cleanup", Time since last: 46042741163 ns, Reaching safepoint: 706296 ns, At safepoint: 48672 ns, Total: 754968 ns
[2022-06-30T13:16:21.854+0000][9][gc,start    ] GC(460) Pause Young (Normal) (G1 Evacuation Pause)
[2022-06-30T13:16:21.855+0000][9][gc,task     ] GC(460) Using 4 workers of 4 for evacuation
[2022-06-30T13:16:21.856+0000][9][gc,age      ] GC(460) Desired survivor size 20971520 bytes, new threshold 15 (max threshold 15)
[2022-06-30T13:16:21.861+0000][9][gc,phases   ] GC(460)   Pre Evacuate Collection Set: 0.2ms
[2022-06-30T13:16:21.862+0000][9][gc,phases   ] GC(460)   Merge Heap Roots: 0.2ms
[2022-06-30T13:16:21.862+0000][9][gc,phases   ] GC(460)   Evacuate Collection Set: 1.9ms
[2022-06-30T13:16:21.863+0000][9][gc,phases   ] GC(460)   Post Evacuate Collection Set: 1.4ms
[2022-06-30T13:16:21.864+0000][9][gc,phases   ] GC(460)   Other: 1.9ms
[2022-06-30T13:16:21.864+0000][9][gc,age      ] GC(460) Age table with threshold 15 (max threshold 15)
[2022-06-30T13:16:21.865+0000][9][gc,age      ] GC(460) - age   1:     890792 bytes,     890792 total
[2022-06-30T13:16:21.866+0000][9][gc,age      ] GC(460) - age   2:       1784 bytes,     892576 total
[2022-06-30T13:16:21.866+0000][9][gc,age      ] GC(460) - age   3:       1976 bytes,     894552 total
[2022-06-30T13:16:21.867+0000][9][gc,age      ] GC(460) - age   4:        568 bytes,     895120 total
[2022-06-30T13:16:21.868+0000][9][gc,age      ] GC(460) - age   5:        592 bytes,     895712 total
[2022-06-30T13:16:21.868+0000][9][gc,age      ] GC(460) - age   6:        608 bytes,     896320 total
[2022-06-30T13:16:21.869+0000][9][gc,age      ] GC(460) - age   8:       5552 bytes,     901872 total
[2022-06-30T13:16:21.870+0000][9][gc,age      ] GC(460) - age   9:        384 bytes,     902256 total
[2022-06-30T13:16:21.870+0000][9][gc,age      ] GC(460) - age  10:        184 bytes,     902440 total
[2022-06-30T13:16:21.871+0000][9][gc,age      ] GC(460) - age  11:       8232 bytes,     910672 total
[2022-06-30T13:16:21.871+0000][9][gc,age      ] GC(460) - age  12:        184 bytes,     910856 total
[2022-06-30T13:16:21.873+0000][9][gc,heap     ] GC(460) Eden regions: 75->0(75)
[2022-06-30T13:16:21.873+0000][9][gc,heap     ] GC(460) Survivor regions: 1->1(10)
[2022-06-30T13:16:21.874+0000][9][gc,heap     ] GC(460) Old regions: 24->24
[2022-06-30T13:16:21.875+0000][9][gc,heap     ] GC(460) Archive regions: 2->2
[2022-06-30T13:16:21.875+0000][9][gc,heap     ] GC(460) Humongous regions: 0->0
[2022-06-30T13:16:21.876+0000][9][gc,metaspace] GC(460) Metaspace: 131594K(134976K)->131594K(134976K) NonClass: 114428K(116160K)->114428K(116160K) Class: 17166K(18816K)->17166K(18816K)
[2022-06-30T13:16:21.876+0000][9][gc          ] GC(460) Pause Young (Normal) (G1 Evacuation Pause) 399M->99M(512M) 22.790ms
[2022-06-30T13:16:21.877+0000][9][gc,cpu      ] GC(460) User=0.02s Sys=0.00s Real=0.02s
[2022-06-30T13:16:21.878+0000][9][safepoint   ] Safepoint "G1CollectForAllocation", Time since last: 35440954258 ns, Reaching safepoint: 278746 ns, At safepoint: 24363189 ns, Total: 24641935 ns
[2022-06-30T13:16:46.903+0000][9][safepoint   ] Safepoint "Cleanup", Time since last: 25024426498 ns, Reaching safepoint: 221884 ns, At safepoint: 12860 ns, Total: 234744 ns
[2022-06-30T13:17:43.188+0000][9][gc,start    ] GC(461) Pause Young (Normal) (G1 Evacuation Pause)
[2022-06-30T13:17:43.189+0000][9][gc,task     ] GC(461) Using 4 workers of 4 for evacuation
[2022-06-30T13:17:43.189+0000][9][gc,age      ] GC(461) Desired survivor size 20971520 bytes, new threshold 15 (max threshold 15)
[2022-06-30T13:17:43.193+0000][9][gc,phases   ] GC(461)   Pre Evacuate Collection Set: 0.3ms
[2022-06-30T13:17:43.194+0000][9][gc,phases   ] GC(461)   Merge Heap Roots: 0.1ms
[2022-06-30T13:17:43.194+0000][9][gc,phases   ] GC(461)   Evacuate Collection Set: 1.8ms
[2022-06-30T13:17:43.195+0000][9][gc,phases   ] GC(461)   Post Evacuate Collection Set: 0.9ms
[2022-06-30T13:17:43.195+0000][9][gc,phases   ] GC(461)   Other: 1.4ms
[2022-06-30T13:17:43.196+0000][9][gc,age      ] GC(461) Age table with threshold 15 (max threshold 15)
[2022-06-30T13:17:43.197+0000][9][gc,age      ] GC(461) - age   1:    1678192 bytes,    1678192 total
[2022-06-30T13:17:43.198+0000][9][gc,age      ] GC(461) - age   2:       1848 bytes,    1680040 total
[2022-06-30T13:17:43.198+0000][9][gc,age      ] GC(461) - age   3:        704 bytes,    1680744 total
[2022-06-30T13:17:43.199+0000][9][gc,age      ] GC(461) - age   4:       1728 bytes,    1682472 total
[2022-06-30T13:17:43.199+0000][9][gc,age      ] GC(461) - age   5:        568 bytes,    1683040 total
[2022-06-30T13:17:43.200+0000][9][gc,age      ] GC(461) - age   6:        592 bytes,    1683632 total
[2022-06-30T13:17:43.200+0000][9][gc,age      ] GC(461) - age   7:        608 bytes,    1684240 total
[2022-06-30T13:17:43.201+0000][9][gc,age      ] GC(461) - age   9:       5552 bytes,    1689792 total
[2022-06-30T13:17:43.201+0000][9][gc,age      ] GC(461) - age  10:        384 bytes,    1690176 total
[2022-06-30T13:17:43.202+0000][9][gc,age      ] GC(461) - age  11:        184 bytes,    1690360 total
[2022-06-30T13:17:43.203+0000][9][gc,age      ] GC(461) - age  12:       8232 bytes,    1698592 total
[2022-06-30T13:17:43.203+0000][9][gc,age      ] GC(461) - age  13:        184 bytes,    1698776 total
[2022-06-30T13:17:43.204+0000][9][gc,heap     ] GC(461) Eden regions: 75->0(75)
[2022-06-30T13:17:43.205+0000][9][gc,heap     ] GC(461) Survivor regions: 1->1(10)
[2022-06-30T13:17:43.206+0000][9][gc,heap     ] GC(461) Old regions: 24->24
[2022-06-30T13:17:43.206+0000][9][gc,heap     ] GC(461) Archive regions: 2->2
[2022-06-30T13:17:43.207+0000][9][gc,heap     ] GC(461) Humongous regions: 0->0
[2022-06-30T13:17:43.207+0000][9][gc,metaspace] GC(461) Metaspace: 131594K(134976K)->131594K(134976K) NonClass: 114428K(116160K)->114428K(116160K) Class: 17166K(18816K)->17166K(18816K)
[2022-06-30T13:17:43.208+0000][9][gc          ] GC(461) Pause Young (Normal) (G1 Evacuation Pause) 399M->99M(512M) 20.628ms
[2022-06-30T13:17:43.209+0000][9][gc,cpu      ] GC(461) User=0.01s Sys=0.00s Real=0.02s
[2022-06-30T13:17:43.210+0000][9][safepoint   ] Safepoint "G1CollectForAllocation", Time since last: 56328155797 ns, Reaching safepoint: 135357 ns, At safepoint: 22131377 ns, Total: 22266734 ns
[2022-06-30T13:19:09.450+0000][9][gc,start    ] GC(462) Pause Young (Normal) (G1 Evacuation Pause)
[2022-06-30T13:19:09.452+0000][9][gc,task     ] GC(462) Using 4 workers of 4 for evacuation
[2022-06-30T13:19:09.453+0000][9][gc,age      ] GC(462) Desired survivor size 20971520 bytes, new threshold 15 (max threshold 15)
[2022-06-30T13:19:09.460+0000][9][gc,phases   ] GC(462)   Pre Evacuate Collection Set: 0.3ms
[2022-06-30T13:19:09.460+0000][9][gc,phases   ] GC(462)   Merge Heap Roots: 0.3ms
[2022-06-30T13:19:09.461+0000][9][gc,phases   ] GC(462)   Evacuate Collection Set: 3.7ms
[2022-06-30T13:19:09.462+0000][9][gc,phases   ] GC(462)   Post Evacuate Collection Set: 1.2ms
[2022-06-30T13:19:09.463+0000][9][gc,phases   ] GC(462)   Other: 2.1ms
[2022-06-30T13:19:09.464+0000][9][gc,age      ] GC(462) Age table with threshold 15 (max threshold 15)
[2022-06-30T13:19:09.465+0000][9][gc,age      ] GC(462) - age   1:    1277320 bytes,    1277320 total
[2022-06-30T13:19:09.465+0000][9][gc,age      ] GC(462) - age   2:       1208 bytes,    1278528 total
[2022-06-30T13:19:09.466+0000][9][gc,age      ] GC(462) - age   3:        360 bytes,    1278888 total
[2022-06-30T13:19:09.467+0000][9][gc,age      ] GC(462) - age   4:        576 bytes,    1279464 total
[2022-06-30T13:19:09.467+0000][9][gc,age      ] GC(462) - age   5:       1728 bytes,    1281192 total
[2022-06-30T13:19:09.468+0000][9][gc,age      ] GC(462) - age   6:         88 bytes,    1281280 total
[2022-06-30T13:19:09.469+0000][9][gc,age      ] GC(462) - age   7:        384 bytes,    1281664 total
[2022-06-30T13:19:09.470+0000][9][gc,age      ] GC(462) - age   8:        608 bytes,    1282272 total
[2022-06-30T13:19:09.470+0000][9][gc,age      ] GC(462) - age  10:       5552 bytes,    1287824 total
[2022-06-30T13:19:09.471+0000][9][gc,age      ] GC(462) - age  11:        384 bytes,    1288208 total
[2022-06-30T13:19:09.472+0000][9][gc,age      ] GC(462) - age  12:        184 bytes,    1288392 total
[2022-06-30T13:19:09.472+0000][9][gc,age      ] GC(462) - age  13:       8200 bytes,    1296592 total
[2022-06-30T13:19:09.473+0000][9][gc,age      ] GC(462) - age  14:        184 bytes,    1296776 total
[2022-06-30T13:19:09.474+0000][9][gc,heap     ] GC(462) Eden regions: 75->0(75)
[2022-06-30T13:19:09.475+0000][9][gc,heap     ] GC(462) Survivor regions: 1->1(10)
[2022-06-30T13:19:09.476+0000][9][gc,heap     ] GC(462) Old regions: 24->24
[2022-06-30T13:19:09.476+0000][9][gc,heap     ] GC(462) Archive regions: 2->2
[2022-06-30T13:19:09.477+0000][9][gc,heap     ] GC(462) Humongous regions: 0->0
[2022-06-30T13:19:09.478+0000][9][gc,metaspace] GC(462) Metaspace: 131597K(134976K)->131597K(134976K) NonClass: 114431K(116160K)->114431K(116160K) Class: 17166K(18816K)->17166K(18816K)
[2022-06-30T13:19:09.478+0000][9][gc          ] GC(462) Pause Young (Normal) (G1 Evacuation Pause) 399M->99M(512M) 27.919ms
[2022-06-30T13:19:09.479+0000][9][gc,cpu      ] GC(462) User=0.01s Sys=0.00s Real=0.03s
[2022-06-30T13:19:09.480+0000][9][safepoint   ] Safepoint "G1CollectForAllocation", Time since last: 86305698871 ns, Reaching safepoint: 215115 ns, At safepoint: 29469542 ns, Total: 29684657 ns
[2022-06-30T13:19:46.497+0000][9][safepoint   ] Safepoint "Cleanup", Time since last: 37038046817 ns, Reaching safepoint: 303977 ns, At safepoint: 126596 ns, Total: 430573 ns
[2022-06-30T13:20:33.351+0000][9][gc,start    ] GC(463) Pause Young (Normal) (G1 Evacuation Pause)
[2022-06-30T13:20:33.352+0000][9][gc,task     ] GC(463) Using 4 workers of 4 for evacuation
[2022-06-30T13:20:33.353+0000][9][gc,age      ] GC(463) Desired survivor size 20971520 bytes, new threshold 15 (max threshold 15)
[2022-06-30T13:20:33.358+0000][9][gc,phases   ] GC(463)   Pre Evacuate Collection Set: 0.2ms
[2022-06-30T13:20:33.359+0000][9][gc,phases   ] GC(463)   Merge Heap Roots: 0.2ms
[2022-06-30T13:20:33.360+0000][9][gc,phases   ] GC(463)   Evacuate Collection Set: 3.4ms
[2022-06-30T13:20:33.360+0000][9][gc,phases   ] GC(463)   Post Evacuate Collection Set: 0.8ms
[2022-06-30T13:20:33.361+0000][9][gc,phases   ] GC(463)   Other: 1.6ms
[2022-06-30T13:20:33.362+0000][9][gc,age      ] GC(463) Age table with threshold 15 (max threshold 15)
[2022-06-30T13:20:33.362+0000][9][gc,age      ] GC(463) - age   1:    1332744 bytes,    1332744 total
[2022-06-30T13:20:33.363+0000][9][gc,age      ] GC(463) - age   2:       2184 bytes,    1334928 total
[2022-06-30T13:20:33.364+0000][9][gc,age      ] GC(463) - age   3:        184 bytes,    1335112 total
[2022-06-30T13:20:33.364+0000][9][gc,age      ] GC(463) - age   4:        296 bytes,    1335408 total
[2022-06-30T13:20:33.365+0000][9][gc,age      ] GC(463) - age   5:        184 bytes,    1335592 total
[2022-06-30T13:20:33.365+0000][9][gc,age      ] GC(463) - age   6:       1728 bytes,    1337320 total
[2022-06-30T13:20:33.366+0000][9][gc,age      ] GC(463) - age   7:         88 bytes,    1337408 total
[2022-06-30T13:20:33.367+0000][9][gc,age      ] GC(463) - age   8:        384 bytes,    1337792 total
[2022-06-30T13:20:33.367+0000][9][gc,age      ] GC(463) - age   9:        576 bytes,    1338368 total
[2022-06-30T13:20:33.368+0000][9][gc,age      ] GC(463) - age  11:       5552 bytes,    1343920 total
[2022-06-30T13:20:33.368+0000][9][gc,age      ] GC(463) - age  12:        384 bytes,    1344304 total
[2022-06-30T13:20:33.369+0000][9][gc,age      ] GC(463) - age  13:        184 bytes,    1344488 total
[2022-06-30T13:20:33.370+0000][9][gc,age      ] GC(463) - age  14:       8200 bytes,    1352688 total
[2022-06-30T13:20:33.370+0000][9][gc,age      ] GC(463) - age  15:        184 bytes,    1352872 total
[2022-06-30T13:20:33.371+0000][9][gc,heap     ] GC(463) Eden regions: 75->0(75)
[2022-06-30T13:20:33.371+0000][9][gc,heap     ] GC(463) Survivor regions: 1->1(10)
[2022-06-30T13:20:33.372+0000][9][gc,heap     ] GC(463) Old regions: 24->24
[2022-06-30T13:20:33.373+0000][9][gc,heap     ] GC(463) Archive regions: 2->2
[2022-06-30T13:20:33.373+0000][9][gc,heap     ] GC(463) Humongous regions: 0->0
[2022-06-30T13:20:33.374+0000][9][gc,metaspace] GC(463) Metaspace: 131597K(134976K)->131597K(134976K) NonClass: 114431K(116160K)->114431K(116160K) Class: 17166K(18816K)->17166K(18816K)
[2022-06-30T13:20:33.374+0000][9][gc          ] GC(463) Pause Young (Normal) (G1 Evacuation Pause) 399M->99M(512M) 23.291ms
[2022-06-30T13:20:33.375+0000][9][gc,cpu      ] GC(463) User=0.01s Sys=0.00s Real=0.03s
[2022-06-30T13:20:33.376+0000][9][safepoint   ] Safepoint "G1CollectForAllocation", Time since last: 46897562269 ns, Reaching safepoint: 64139 ns, At safepoint: 24444526 ns, Total: 24508665 ns
[2022-06-30T13:21:46.425+0000][9][safepoint   ] Safepoint "Cleanup", Time since last: 73091913212 ns, Reaching safepoint: 255154 ns, At safepoint: 28014 ns, Total: 283168 ns
[2022-06-30T13:21:52.027+0000][9][gc,start    ] GC(464) Pause Young (Normal) (G1 Evacuation Pause)
[2022-06-30T13:21:52.028+0000][9][gc,task     ] GC(464) Using 4 workers of 4 for evacuation
[2022-06-30T13:21:52.030+0000][9][gc,age      ] GC(464) Desired survivor size 20971520 bytes, new threshold 15 (max threshold 15)
[2022-06-30T13:21:52.033+0000][9][gc,phases   ] GC(464)   Pre Evacuate Collection Set: 0.1ms
[2022-06-30T13:21:52.034+0000][9][gc,phases   ] GC(464)   Merge Heap Roots: 0.1ms
[2022-06-30T13:21:52.035+0000][9][gc,phases   ] GC(464)   Evacuate Collection Set: 1.8ms
[2022-06-30T13:21:52.036+0000][9][gc,phases   ] GC(464)   Post Evacuate Collection Set: 1.0ms
[2022-06-30T13:21:52.036+0000][9][gc,phases   ] GC(464)   Other: 2.0ms
[2022-06-30T13:21:52.037+0000][9][gc,age      ] GC(464) Age table with threshold 15 (max threshold 15)
[2022-06-30T13:21:52.038+0000][9][gc,age      ] GC(464) - age   1:     735384 bytes,     735384 total
[2022-06-30T13:21:52.038+0000][9][gc,age      ] GC(464) - age   2:       1704 bytes,     737088 total
[2022-06-30T13:21:52.039+0000][9][gc,age      ] GC(464) - age   3:        464 bytes,     737552 total
[2022-06-30T13:21:52.040+0000][9][gc,age      ] GC(464) - age   4:        184 bytes,     737736 total
[2022-06-30T13:21:52.041+0000][9][gc,age      ] GC(464) - age   5:        296 bytes,     738032 total
[2022-06-30T13:21:52.042+0000][9][gc,age      ] GC(464) - age   6:        184 bytes,     738216 total
[2022-06-30T13:21:52.042+0000][9][gc,age      ] GC(464) - age   7:       1728 bytes,     739944 total
[2022-06-30T13:21:52.043+0000][9][gc,age      ] GC(464) - age   8:         88 bytes,     740032 total
[2022-06-30T13:21:52.044+0000][9][gc,age      ] GC(464) - age   9:        384 bytes,     740416 total
[2022-06-30T13:21:52.044+0000][9][gc,age      ] GC(464) - age  10:        576 bytes,     740992 total
[2022-06-30T13:21:52.045+0000][9][gc,age      ] GC(464) - age  12:       5368 bytes,     746360 total
[2022-06-30T13:21:52.045+0000][9][gc,age      ] GC(464) - age  13:        384 bytes,     746744 total
[2022-06-30T13:21:52.046+0000][9][gc,age      ] GC(464) - age  14:        184 bytes,     746928 total
[2022-06-30T13:21:52.047+0000][9][gc,age      ] GC(464) - age  15:       8200 bytes,     755128 total
[2022-06-30T13:21:52.047+0000][9][gc,heap     ] GC(464) Eden regions: 75->0(75)
[2022-06-30T13:21:52.048+0000][9][gc,heap     ] GC(464) Survivor regions: 1->1(10)
[2022-06-30T13:21:52.048+0000][9][gc,heap     ] GC(464) Old regions: 24->24
[2022-06-30T13:21:52.049+0000][9][gc,heap     ] GC(464) Archive regions: 2->2
[2022-06-30T13:21:52.049+0000][9][gc,heap     ] GC(464) Humongous regions: 0->0
[2022-06-30T13:21:52.050+0000][9][gc,metaspace] GC(464) Metaspace: 131597K(134976K)->131597K(134976K) NonClass: 114431K(116160K)->114431K(116160K) Class: 17166K(18816K)->17166K(18816K)
[2022-06-30T13:21:52.051+0000][9][gc          ] GC(464) Pause Young (Normal) (G1 Evacuation Pause) 399M->98M(512M) 23.489ms
[2022-06-30T13:21:52.051+0000][9][gc,cpu      ] GC(464) User=0.00s Sys=0.01s Real=0.03s
[2022-06-30T13:21:52.052+0000][9][safepoint   ] Safepoint "G1CollectForAllocation", Time since last: 5623996994 ns, Reaching safepoint: 71679 ns, At safepoint: 24801003 ns, Total: 24872682 ns
[2022-06-30T13:22:46.106+0000][9][safepoint   ] Safepoint "Cleanup", Time since last: 54074452922 ns, Reaching safepoint: 647906 ns, At safepoint: 159740 ns, Total: 807646 ns
[2022-06-30T13:23:13.409+0000][9][gc,start    ] GC(465) Pause Young (Normal) (G1 Evacuation Pause)
[2022-06-30T13:23:13.411+0000][9][gc,task     ] GC(465) Using 4 workers of 4 for evacuation
[2022-06-30T13:23:13.411+0000][9][gc,age      ] GC(465) Desired survivor size 20971520 bytes, new threshold 15 (max threshold 15)
[2022-06-30T13:23:13.416+0000][9][gc,phases   ] GC(465)   Pre Evacuate Collection Set: 0.2ms
[2022-06-30T13:23:13.416+0000][9][gc,phases   ] GC(465)   Merge Heap Roots: 0.1ms
[2022-06-30T13:23:13.417+0000][9][gc,phases   ] GC(465)   Evacuate Collection Set: 2.4ms
[2022-06-30T13:23:13.418+0000][9][gc,phases   ] GC(465)   Post Evacuate Collection Set: 1.0ms
[2022-06-30T13:23:13.418+0000][9][gc,phases   ] GC(465)   Other: 1.3ms
[2022-06-30T13:23:13.419+0000][9][gc,age      ] GC(465) Age table with threshold 15 (max threshold 15)
[2022-06-30T13:23:13.420+0000][9][gc,age      ] GC(465) - age   1:    1869856 bytes,    1869856 total
[2022-06-30T13:23:13.420+0000][9][gc,age      ] GC(465) - age   2:       1368 bytes,    1871224 total
[2022-06-30T13:23:13.421+0000][9][gc,age      ] GC(465) - age   3:        424 bytes,    1871648 total
[2022-06-30T13:23:13.421+0000][9][gc,age      ] GC(465) - age   4:        400 bytes,    1872048 total
[2022-06-30T13:23:13.422+0000][9][gc,age      ] GC(465) - age   5:        184 bytes,    1872232 total
[2022-06-30T13:23:13.423+0000][9][gc,age      ] GC(465) - age   7:        184 bytes,    1872416 total
[2022-06-30T13:23:13.423+0000][9][gc,age      ] GC(465) - age   9:         88 bytes,    1872504 total
[2022-06-30T13:23:13.423+0000][9][gc,age      ] GC(465) - age  10:        384 bytes,    1872888 total
[2022-06-30T13:23:13.424+0000][9][gc,age      ] GC(465) - age  11:        184 bytes,    1873072 total
[2022-06-30T13:23:13.424+0000][9][gc,age      ] GC(465) - age  13:       5336 bytes,    1878408 total
[2022-06-30T13:23:13.425+0000][9][gc,heap     ] GC(465) Eden regions: 75->0(75)
[2022-06-30T13:23:13.427+0000][9][gc,heap     ] GC(465) Survivor regions: 1->1(10)
[2022-06-30T13:23:13.427+0000][9][gc,heap     ] GC(465) Old regions: 24->24
[2022-06-30T13:23:13.428+0000][9][gc,heap     ] GC(465) Archive regions: 2->2
[2022-06-30T13:23:13.428+0000][9][gc,heap     ] GC(465) Humongous regions: 0->0
[2022-06-30T13:23:13.429+0000][9][gc,metaspace] GC(465) Metaspace: 131597K(134976K)->131597K(134976K) NonClass: 114431K(116160K)->114431K(116160K) Class: 17166K(18816K)->17166K(18816K)
[2022-06-30T13:23:13.430+0000][9][gc          ] GC(465) Pause Young (Normal) (G1 Evacuation Pause) 398M->99M(512M) 20.320ms
[2022-06-30T13:23:13.430+0000][9][gc,cpu      ] GC(465) User=0.01s Sys=0.01s Real=0.02s
[2022-06-30T13:23:13.431+0000][9][safepoint   ] Safepoint "G1CollectForAllocation", Time since last: 27325419571 ns, Reaching safepoint: 84073 ns, At safepoint: 21545657 ns, Total: 21629730 ns
[2022-06-30T13:23:28.425+0000][9][safepoint   ] Safepoint "Cleanup", Time since last: 15014955222 ns, Reaching safepoint: 405240 ns, At safepoint: 14676 ns, Total: 419916 ns
[2022-06-30T13:24:31.684+0000][9][gc,start    ] GC(466) Pause Young (Normal) (G1 Evacuation Pause)
[2022-06-30T13:24:31.686+0000][9][gc,task     ] GC(466) Using 4 workers of 4 for evacuation
[2022-06-30T13:24:31.687+0000][9][gc,age      ] GC(466) Desired survivor size 20971520 bytes, new threshold 15 (max threshold 15)
[2022-06-30T13:24:31.692+0000][9][gc,phases   ] GC(466)   Pre Evacuate Collection Set: 0.3ms
[2022-06-30T13:24:31.692+0000][9][gc,phases   ] GC(466)   Merge Heap Roots: 0.2ms
[2022-06-30T13:24:31.693+0000][9][gc,phases   ] GC(466)   Evacuate Collection Set: 1.8ms
[2022-06-30T13:24:31.693+0000][9][gc,phases   ] GC(466)   Post Evacuate Collection Set: 1.1ms
[2022-06-30T13:24:31.694+0000][9][gc,phases   ] GC(466)   Other: 2.0ms
[2022-06-30T13:24:31.695+0000][9][gc,age      ] GC(466) Age table with threshold 15 (max threshold 15)
[2022-06-30T13:24:31.695+0000][9][gc,age      ] GC(466) - age   1:    1934800 bytes,    1934800 total
[2022-06-30T13:24:31.695+0000][9][gc,age      ] GC(466) - age   2:     173280 bytes,    2108080 total
[2022-06-30T13:24:31.696+0000][9][gc,age      ] GC(466) - age   3:        440 bytes,    2108520 total
[2022-06-30T13:24:31.697+0000][9][gc,age      ] GC(466) - age   4:        328 bytes,    2108848 total
[2022-06-30T13:24:31.697+0000][9][gc,age      ] GC(466) - age   5:        400 bytes,    2109248 total
[2022-06-30T13:24:31.698+0000][9][gc,age      ] GC(466) - age   6:        184 bytes,    2109432 total
[2022-06-30T13:24:31.698+0000][9][gc,age      ] GC(466) - age   8:        184 bytes,    2109616 total
[2022-06-30T13:24:31.699+0000][9][gc,age      ] GC(466) - age  11:        360 bytes,    2109976 total
[2022-06-30T13:24:31.699+0000][9][gc,age      ] GC(466) - age  12:        184 bytes,    2110160 total
[2022-06-30T13:24:31.700+0000][9][gc,age      ] GC(466) - age  14:       5336 bytes,    2115496 total
[2022-06-30T13:24:31.701+0000][9][gc,heap     ] GC(466) Eden regions: 75->0(75)
[2022-06-30T13:24:31.702+0000][9][gc,heap     ] GC(466) Survivor regions: 1->1(10)
[2022-06-30T13:24:31.703+0000][9][gc,heap     ] GC(466) Old regions: 24->24
[2022-06-30T13:24:31.703+0000][9][gc,heap     ] GC(466) Archive regions: 2->2
[2022-06-30T13:24:31.705+0000][9][gc,heap     ] GC(466) Humongous regions: 0->0
[2022-06-30T13:24:31.706+0000][9][gc,metaspace] GC(466) Metaspace: 131597K(134976K)->131597K(134976K) NonClass: 114431K(116160K)->114431K(116160K) Class: 17166K(18816K)->17166K(18816K)
[2022-06-30T13:24:31.706+0000][9][gc          ] GC(466) Pause Young (Normal) (G1 Evacuation Pause) 399M->100M(512M) 22.675ms
[2022-06-30T13:24:31.707+0000][9][gc,cpu      ] GC(466) User=0.01s Sys=0.01s Real=0.02s
[2022-06-30T13:24:31.708+0000][9][safepoint   ] Safepoint "G1CollectForAllocation", Time since last: 63302044903 ns, Reaching safepoint: 126315 ns, At safepoint: 24128359 ns, Total: 24254674 ns
[2022-06-30T13:25:54.942+0000][9][gc,start    ] GC(467) Pause Young (Normal) (G1 Evacuation Pause)
[2022-06-30T13:25:54.946+0000][9][gc,task     ] GC(467) Using 4 workers of 4 for evacuation
[2022-06-30T13:25:54.946+0000][9][gc,age      ] GC(467) Desired survivor size 20971520 bytes, new threshold 15 (max threshold 15)
[2022-06-30T13:25:54.951+0000][9][gc,phases   ] GC(467)   Pre Evacuate Collection Set: 0.2ms
[2022-06-30T13:25:54.952+0000][9][gc,phases   ] GC(467)   Merge Heap Roots: 0.1ms
[2022-06-30T13:25:54.952+0000][9][gc,phases   ] GC(467)   Evacuate Collection Set: 2.3ms
[2022-06-30T13:25:54.953+0000][9][gc,phases   ] GC(467)   Post Evacuate Collection Set: 1.3ms
[2022-06-30T13:25:54.954+0000][9][gc,phases   ] GC(467)   Other: 1.6ms
[2022-06-30T13:25:54.954+0000][9][gc,age      ] GC(467) Age table with threshold 15 (max threshold 15)
[2022-06-30T13:25:54.955+0000][9][gc,age      ] GC(467) - age   1:    1148488 bytes,    1148488 total
[2022-06-30T13:25:54.956+0000][9][gc,age      ] GC(467) - age   2:     168592 bytes,    1317080 total
[2022-06-30T13:25:54.956+0000][9][gc,age      ] GC(467) - age   3:     171624 bytes,    1488704 total
[2022-06-30T13:25:54.957+0000][9][gc,age      ] GC(467) - age   4:        184 bytes,    1488888 total
[2022-06-30T13:25:54.957+0000][9][gc,age      ] GC(467) - age   6:        400 bytes,    1489288 total
[2022-06-30T13:25:54.958+0000][9][gc,age      ] GC(467) - age   7:        184 bytes,    1489472 total
[2022-06-30T13:25:54.958+0000][9][gc,age      ] GC(467) - age  12:        360 bytes,    1489832 total
[2022-06-30T13:25:54.959+0000][9][gc,age      ] GC(467) - age  13:        184 bytes,    1490016 total
[2022-06-30T13:25:54.960+0000][9][gc,age      ] GC(467) - age  15:       5336 bytes,    1495352 total
[2022-06-30T13:25:54.960+0000][9][gc,heap     ] GC(467) Eden regions: 75->0(75)
[2022-06-30T13:25:54.961+0000][9][gc,heap     ] GC(467) Survivor regions: 1->1(10)
[2022-06-30T13:25:54.961+0000][9][gc,heap     ] GC(467) Old regions: 24->24
[2022-06-30T13:25:54.962+0000][9][gc,heap     ] GC(467) Archive regions: 2->2
[2022-06-30T13:25:54.963+0000][9][gc,heap     ] GC(467) Humongous regions: 0->0
[2022-06-30T13:25:54.963+0000][9][gc,metaspace] GC(467) Metaspace: 131597K(134976K)->131597K(134976K) NonClass: 114431K(116160K)->114431K(116160K) Class: 17166K(18816K)->17166K(18816K)
[2022-06-30T13:25:54.964+0000][9][gc          ] GC(467) Pause Young (Normal) (G1 Evacuation Pause) 400M->99M(512M) 22.011ms
[2022-06-30T13:25:54.964+0000][9][gc,cpu      ] GC(467) User=0.01s Sys=0.00s Real=0.02s
[2022-06-30T13:25:54.965+0000][9][safepoint   ] Safepoint "G1CollectForAllocation", Time since last: 83298345422 ns, Reaching safepoint: 278465 ns, At safepoint: 23132485 ns, Total: 23410950 ns
[2022-06-30T13:27:16.802+0000][9][gc,start    ] GC(468) Pause Young (Normal) (G1 Evacuation Pause)
[2022-06-30T13:27:16.804+0000][9][gc,task     ] GC(468) Using 4 workers of 4 for evacuation
[2022-06-30T13:27:16.805+0000][9][gc,age      ] GC(468) Desired survivor size 20971520 bytes, new threshold 15 (max threshold 15)
[2022-06-30T13:27:16.810+0000][9][gc,phases   ] GC(468)   Pre Evacuate Collection Set: 0.1ms
[2022-06-30T13:27:16.812+0000][9][gc,phases   ] GC(468)   Merge Heap Roots: 0.1ms
[2022-06-30T13:27:16.812+0000][9][gc,phases   ] GC(468)   Evacuate Collection Set: 2.5ms
[2022-06-30T13:27:16.813+0000][9][gc,phases   ] GC(468)   Post Evacuate Collection Set: 1.7ms
[2022-06-30T13:27:16.814+0000][9][gc,phases   ] GC(468)   Other: 2.1ms
[2022-06-30T13:27:16.815+0000][9][gc,age      ] GC(468) Age table with threshold 15 (max threshold 15)
[2022-06-30T13:27:16.815+0000][9][gc,age      ] GC(468) - age   1:     895120 bytes,     895120 total
[2022-06-30T13:27:16.816+0000][9][gc,age      ] GC(468) - age   2:       5888 bytes,     901008 total
[2022-06-30T13:27:16.816+0000][9][gc,age      ] GC(468) - age   3:     167632 bytes,    1068640 total
[2022-06-30T13:27:16.817+0000][9][gc,age      ] GC(468) - age   4:     171264 bytes,    1239904 total
[2022-06-30T13:27:16.817+0000][9][gc,age      ] GC(468) - age   5:        184 bytes,    1240088 total
[2022-06-30T13:27:16.818+0000][9][gc,age      ] GC(468) - age   7:        400 bytes,    1240488 total
[2022-06-30T13:27:16.819+0000][9][gc,age      ] GC(468) - age   8:        184 bytes,    1240672 total
[2022-06-30T13:27:16.820+0000][9][gc,age      ] GC(468) - age  13:        360 bytes,    1241032 total
[2022-06-30T13:27:16.820+0000][9][gc,age      ] GC(468) - age  14:        184 bytes,    1241216 total
[2022-06-30T13:27:16.821+0000][9][gc,heap     ] GC(468) Eden regions: 75->0(75)
[2022-06-30T13:27:16.821+0000][9][gc,heap     ] GC(468) Survivor regions: 1->1(10)
[2022-06-30T13:27:16.822+0000][9][gc,heap     ] GC(468) Old regions: 24->24
[2022-06-30T13:27:16.822+0000][9][gc,heap     ] GC(468) Archive regions: 2->2
[2022-06-30T13:27:16.823+0000][9][gc,heap     ] GC(468) Humongous regions: 0->0
[2022-06-30T13:27:16.823+0000][9][gc,metaspace] GC(468) Metaspace: 131597K(134976K)->131597K(134976K) NonClass: 114431K(116160K)->114431K(116160K) Class: 17166K(18816K)->17166K(18816K)
[2022-06-30T13:27:16.824+0000][9][gc          ] GC(468) Pause Young (Normal) (G1 Evacuation Pause) 399M->99M(512M) 21.880ms
[2022-06-30T13:27:16.825+0000][9][gc,cpu      ] GC(468) User=0.00s Sys=0.00s Real=0.02s
[2022-06-30T13:27:16.826+0000][9][safepoint   ] Safepoint "G1CollectForAllocation", Time since last: 81902216785 ns, Reaching safepoint: 293281 ns, At safepoint: 23568230 ns, Total: 23861511 ns
[2022-06-30T13:28:37.489+0000][9][gc,start    ] GC(469) Pause Young (Normal) (G1 Evacuation Pause)
[2022-06-30T13:28:37.491+0000][9][gc,task     ] GC(469) Using 4 workers of 4 for evacuation
[2022-06-30T13:28:37.491+0000][9][gc,age      ] GC(469) Desired survivor size 20971520 bytes, new threshold 15 (max threshold 15)
[2022-06-30T13:28:37.496+0000][9][gc,phases   ] GC(469)   Pre Evacuate Collection Set: 0.2ms
[2022-06-30T13:28:37.497+0000][9][gc,phases   ] GC(469)   Merge Heap Roots: 0.2ms
[2022-06-30T13:28:37.497+0000][9][gc,phases   ] GC(469)   Evacuate Collection Set: 2.4ms
[2022-06-30T13:28:37.498+0000][9][gc,phases   ] GC(469)   Post Evacuate Collection Set: 1.0ms
[2022-06-30T13:28:37.498+0000][9][gc,phases   ] GC(469)   Other: 1.5ms
[2022-06-30T13:28:37.499+0000][9][gc,age      ] GC(469) Age table with threshold 15 (max threshold 15)
[2022-06-30T13:28:37.500+0000][9][gc,age      ] GC(469) - age   1:    1557424 bytes,    1557424 total
[2022-06-30T13:28:37.500+0000][9][gc,age      ] GC(469) - age   2:       2368 bytes,    1559792 total
[2022-06-30T13:28:37.501+0000][9][gc,age      ] GC(469) - age   3:        472 bytes,    1560264 total
[2022-06-30T13:28:37.501+0000][9][gc,age      ] GC(469) - age   4:     132576 bytes,    1692840 total
[2022-06-30T13:28:37.502+0000][9][gc,age      ] GC(469) - age   5:     104664 bytes,    1797504 total
[2022-06-30T13:28:37.502+0000][9][gc,age      ] GC(469) - age   6:        184 bytes,    1797688 total
[2022-06-30T13:28:37.503+0000][9][gc,age      ] GC(469) - age   8:        400 bytes,    1798088 total
[2022-06-30T13:28:37.503+0000][9][gc,age      ] GC(469) - age   9:        184 bytes,    1798272 total
[2022-06-30T13:28:37.504+0000][9][gc,age      ] GC(469) - age  14:        360 bytes,    1798632 total
[2022-06-30T13:28:37.505+0000][9][gc,age      ] GC(469) - age  15:        184 bytes,    1798816 total
[2022-06-30T13:28:37.505+0000][9][gc,heap     ] GC(469) Eden regions: 75->0(75)
[2022-06-30T13:28:37.507+0000][9][gc,heap     ] GC(469) Survivor regions: 1->1(10)
[2022-06-30T13:28:37.507+0000][9][gc,heap     ] GC(469) Old regions: 24->24
[2022-06-30T13:28:37.508+0000][9][gc,heap     ] GC(469) Archive regions: 2->2
[2022-06-30T13:28:37.508+0000][9][gc,heap     ] GC(469) Humongous regions: 0->0
[2022-06-30T13:28:37.509+0000][9][gc,metaspace] GC(469) Metaspace: 131597K(134976K)->131597K(134976K) NonClass: 114431K(116160K)->114431K(116160K) Class: 17166K(18816K)->17166K(18816K)
[2022-06-30T13:28:37.510+0000][9][gc          ] GC(469) Pause Young (Normal) (G1 Evacuation Pause) 399M->99M(512M) 20.509ms
[2022-06-30T13:28:37.510+0000][9][gc,cpu      ] GC(469) User=0.01s Sys=0.01s Real=0.02s
[2022-06-30T13:28:37.511+0000][9][safepoint   ] Safepoint "G1CollectForAllocation", Time since last: 80705869418 ns, Reaching safepoint: 206927 ns, At safepoint: 21765643 ns, Total: 21972570 ns
[2022-06-30T13:28:55.511+0000][9][safepoint   ] Safepoint "Cleanup", Time since last: 18020824497 ns, Reaching safepoint: 295541 ns, At safepoint: 57115 ns, Total: 352656 ns
[2022-06-30T13:29:04.528+0000][9][safepoint   ] Safepoint "Cleanup", Time since last: 9017021801 ns, Reaching safepoint: 328334 ns, At safepoint: 12105 ns, Total: 340439 ns
[2022-06-30T13:30:15.832+0000][9][gc,start    ] GC(470) Pause Young (Normal) (G1 Evacuation Pause)
[2022-06-30T13:30:15.833+0000][9][gc,task     ] GC(470) Using 4 workers of 4 for evacuation
[2022-06-30T13:30:15.834+0000][9][gc,age      ] GC(470) Desired survivor size 20971520 bytes, new threshold 15 (max threshold 15)
[2022-06-30T13:30:15.839+0000][9][gc,phases   ] GC(470)   Pre Evacuate Collection Set: 0.2ms
[2022-06-30T13:30:15.840+0000][9][gc,phases   ] GC(470)   Merge Heap Roots: 0.1ms
[2022-06-30T13:30:15.840+0000][9][gc,phases   ] GC(470)   Evacuate Collection Set: 2.1ms
[2022-06-30T13:30:15.841+0000][9][gc,phases   ] GC(470)   Post Evacuate Collection Set: 1.6ms
[2022-06-30T13:30:15.842+0000][9][gc,phases   ] GC(470)   Other: 1.6ms
[2022-06-30T13:30:15.842+0000][9][gc,age      ] GC(470) Age table with threshold 15 (max threshold 15)
[2022-06-30T13:30:15.843+0000][9][gc,age      ] GC(470) - age   1:    1347352 bytes,    1347352 total
[2022-06-30T13:30:15.844+0000][9][gc,age      ] GC(470) - age   2:     107832 bytes,    1455184 total
[2022-06-30T13:30:15.845+0000][9][gc,age      ] GC(470) - age   3:        480 bytes,    1455664 total
[2022-06-30T13:30:15.845+0000][9][gc,age      ] GC(470) - age   5:     132328 bytes,    1587992 total
[2022-06-30T13:30:15.846+0000][9][gc,age      ] GC(470) - age   6:     104600 bytes,    1692592 total
[2022-06-30T13:30:15.846+0000][9][gc,age      ] GC(470) - age   7:        184 bytes,    1692776 total
[2022-06-30T13:30:15.847+0000][9][gc,age      ] GC(470) - age   9:        216 bytes,    1692992 total
[2022-06-30T13:30:15.847+0000][9][gc,age      ] GC(470) - age  15:        360 bytes,    1693352 total
[2022-06-30T13:30:15.848+0000][9][gc,heap     ] GC(470) Eden regions: 75->0(75)
[2022-06-30T13:30:15.848+0000][9][gc,heap     ] GC(470) Survivor regions: 1->1(10)
[2022-06-30T13:30:15.849+0000][9][gc,heap     ] GC(470) Old regions: 24->24
[2022-06-30T13:30:15.849+0000][9][gc,heap     ] GC(470) Archive regions: 2->2
[2022-06-30T13:30:15.850+0000][9][gc,heap     ] GC(470) Humongous regions: 0->0
[2022-06-30T13:30:15.850+0000][9][gc,metaspace] GC(470) Metaspace: 131597K(134976K)->131597K(134976K) NonClass: 114431K(116160K)->114431K(116160K) Class: 17166K(18816K)->17166K(18816K)
[2022-06-30T13:30:15.851+0000][9][gc          ] GC(470) Pause Young (Normal) (G1 Evacuation Pause) 399M->99M(512M) 19.140ms
[2022-06-30T13:30:15.852+0000][9][gc,cpu      ] GC(470) User=0.01s Sys=0.00s Real=0.02s
[2022-06-30T13:30:15.852+0000][9][safepoint   ] Safepoint "G1CollectForAllocation", Time since last: 71347348590 ns, Reaching safepoint: 254827 ns, At safepoint: 20246390 ns, Total: 20501217 ns
[2022-06-30T13:32:09.440+0000][9][gc,start    ] GC(471) Pause Young (Normal) (G1 Evacuation Pause)
[2022-06-30T13:32:09.442+0000][9][gc,task     ] GC(471) Using 4 workers of 4 for evacuation
[2022-06-30T13:32:09.442+0000][9][gc,age      ] GC(471) Desired survivor size 20971520 bytes, new threshold 15 (max threshold 15)
[2022-06-30T13:32:09.447+0000][9][gc,phases   ] GC(471)   Pre Evacuate Collection Set: 0.2ms
[2022-06-30T13:32:09.448+0000][9][gc,phases   ] GC(471)   Merge Heap Roots: 0.2ms
[2022-06-30T13:32:09.449+0000][9][gc,phases   ] GC(471)   Evacuate Collection Set: 2.5ms
[2022-06-30T13:32:09.449+0000][9][gc,phases   ] GC(471)   Post Evacuate Collection Set: 1.1ms
[2022-06-30T13:32:09.450+0000][9][gc,phases   ] GC(471)   Other: 1.7ms
[2022-06-30T13:32:09.451+0000][9][gc,age      ] GC(471) Age table with threshold 15 (max threshold 15)
[2022-06-30T13:32:09.451+0000][9][gc,age      ] GC(471) - age   1:    1650352 bytes,    1650352 total
[2022-06-30T13:32:09.452+0000][9][gc,age      ] GC(471) - age   2:      25984 bytes,    1676336 total
[2022-06-30T13:32:09.453+0000][9][gc,age      ] GC(471) - age   3:     106424 bytes,    1782760 total
[2022-06-30T13:32:09.454+0000][9][gc,age      ] GC(471) - age   4:        184 bytes,    1782944 total
[2022-06-30T13:32:09.456+0000][9][gc,age      ] GC(471) - age   6:     132328 bytes,    1915272 total
[2022-06-30T13:32:09.456+0000][9][gc,age      ] GC(471) - age   7:     104600 bytes,    2019872 total
[2022-06-30T13:32:09.457+0000][9][gc,age      ] GC(471) - age   8:        184 bytes,    2020056 total
[2022-06-30T13:32:09.458+0000][9][gc,age      ] GC(471) - age  10:        216 bytes,    2020272 total
[2022-06-30T13:32:09.458+0000][9][gc,heap     ] GC(471) Eden regions: 75->0(75)
[2022-06-30T13:32:09.459+0000][9][gc,heap     ] GC(471) Survivor regions: 1->1(10)
[2022-06-30T13:32:09.460+0000][9][gc,heap     ] GC(471) Old regions: 24->24
[2022-06-30T13:32:09.460+0000][9][gc,heap     ] GC(471) Archive regions: 2->2
[2022-06-30T13:32:09.461+0000][9][gc,heap     ] GC(471) Humongous regions: 0->0
[2022-06-30T13:32:09.461+0000][9][gc,metaspace] GC(471) Metaspace: 131597K(134976K)->131597K(134976K) NonClass: 114431K(116160K)->114431K(116160K) Class: 17166K(18816K)->17166K(18816K)
[2022-06-30T13:32:09.462+0000][9][gc          ] GC(471) Pause Young (Normal) (G1 Evacuation Pause) 399M->100M(512M) 21.545ms
[2022-06-30T13:32:09.463+0000][9][gc,cpu      ] GC(471) User=0.00s Sys=0.01s Real=0.02s
[2022-06-30T13:32:09.463+0000][9][safepoint   ] Safepoint "G1CollectForAllocation", Time since last: 113674514815 ns, Reaching safepoint: 228999 ns, At safepoint: 22819214 ns, Total: 23048213 ns
[2022-06-30T13:32:45.492+0000][9][safepoint   ] Safepoint "Cleanup", Time since last: 36050681502 ns, Reaching safepoint: 271778 ns, At safepoint: 71108 ns, Total: 342886 ns
[2022-06-30T13:33:52.382+0000][9][gc,start    ] GC(472) Pause Young (Normal) (G1 Evacuation Pause)
[2022-06-30T13:33:52.383+0000][9][gc,task     ] GC(472) Using 4 workers of 4 for evacuation
[2022-06-30T13:33:52.384+0000][9][gc,age      ] GC(472) Desired survivor size 20971520 bytes, new threshold 15 (max threshold 15)
[2022-06-30T13:33:52.389+0000][9][gc,phases   ] GC(472)   Pre Evacuate Collection Set: 0.2ms
[2022-06-30T13:33:52.390+0000][9][gc,phases   ] GC(472)   Merge Heap Roots: 0.2ms
[2022-06-30T13:33:52.391+0000][9][gc,phases   ] GC(472)   Evacuate Collection Set: 2.3ms
[2022-06-30T13:33:52.392+0000][9][gc,phases   ] GC(472)   Post Evacuate Collection Set: 1.1ms
[2022-06-30T13:33:52.393+0000][9][gc,phases   ] GC(472)   Other: 1.9ms
[2022-06-30T13:33:52.393+0000][9][gc,age      ] GC(472) Age table with threshold 15 (max threshold 15)
[2022-06-30T13:33:52.394+0000][9][gc,age      ] GC(472) - age   1:    1430784 bytes,    1430784 total
[2022-06-30T13:33:52.394+0000][9][gc,age      ] GC(472) - age   2:       8344 bytes,    1439128 total
[2022-06-30T13:33:52.395+0000][9][gc,age      ] GC(472) - age   3:      24672 bytes,    1463800 total
[2022-06-30T13:33:52.395+0000][9][gc,age      ] GC(472) - age   4:     106424 bytes,    1570224 total
[2022-06-30T13:33:52.395+0000][9][gc,age      ] GC(472) - age   5:        184 bytes,    1570408 total
[2022-06-30T13:33:52.396+0000][9][gc,age      ] GC(472) - age   7:     132328 bytes,    1702736 total
[2022-06-30T13:33:52.396+0000][9][gc,age      ] GC(472) - age   8:     102872 bytes,    1805608 total
[2022-06-30T13:33:52.397+0000][9][gc,age      ] GC(472) - age   9:        184 bytes,    1805792 total
[2022-06-30T13:33:52.397+0000][9][gc,age      ] GC(472) - age  11:        216 bytes,    1806008 total
[2022-06-30T13:33:52.398+0000][9][gc,heap     ] GC(472) Eden regions: 75->0(75)
[2022-06-30T13:33:52.398+0000][9][gc,heap     ] GC(472) Survivor regions: 1->1(10)
[2022-06-30T13:33:52.399+0000][9][gc,heap     ] GC(472) Old regions: 24->24
[2022-06-30T13:33:52.399+0000][9][gc,heap     ] GC(472) Archive regions: 2->2
[2022-06-30T13:33:52.400+0000][9][gc,heap     ] GC(472) Humongous regions: 0->0
[2022-06-30T13:33:52.400+0000][9][gc,metaspace] GC(472) Metaspace: 131597K(134976K)->131597K(134976K) NonClass: 114431K(116160K)->114431K(116160K) Class: 17166K(18816K)->17166K(18816K)
[2022-06-30T13:33:52.401+0000][9][gc          ] GC(472) Pause Young (Normal) (G1 Evacuation Pause) 400M->99M(512M) 19.537ms
[2022-06-30T13:33:52.402+0000][9][gc,cpu      ] GC(472) User=0.01s Sys=0.00s Real=0.02s
[2022-06-30T13:33:52.402+0000][9][safepoint   ] Safepoint "G1CollectForAllocation", Time since last: 66953547345 ns, Reaching safepoint: 102602 ns, At safepoint: 20621922 ns, Total: 20724524 ns
[2022-06-30T13:35:33.721+0000][9][gc,start    ] GC(473) Pause Young (Normal) (G1 Evacuation Pause)
[2022-06-30T13:35:33.724+0000][9][gc,task     ] GC(473) Using 4 workers of 4 for evacuation
[2022-06-30T13:35:33.725+0000][9][gc,age      ] GC(473) Desired survivor size 20971520 bytes, new threshold 15 (max threshold 15)
[2022-06-30T13:35:33.729+0000][9][gc,phases   ] GC(473)   Pre Evacuate Collection Set: 0.2ms
[2022-06-30T13:35:33.730+0000][9][gc,phases   ] GC(473)   Merge Heap Roots: 0.1ms
[2022-06-30T13:35:33.731+0000][9][gc,phases   ] GC(473)   Evacuate Collection Set: 2.0ms
[2022-06-30T13:35:33.732+0000][9][gc,phases   ] GC(473)   Post Evacuate Collection Set: 1.1ms
[2022-06-30T13:35:33.733+0000][9][gc,phases   ] GC(473)   Other: 1.9ms
[2022-06-30T13:35:33.733+0000][9][gc,age      ] GC(473) Age table with threshold 15 (max threshold 15)
[2022-06-30T13:35:33.734+0000][9][gc,age      ] GC(473) - age   1:     896688 bytes,     896688 total
[2022-06-30T13:35:33.734+0000][9][gc,age      ] GC(473) - age   2:      11968 bytes,     908656 total
[2022-06-30T13:35:33.735+0000][9][gc,age      ] GC(473) - age   3:       6872 bytes,     915528 total
[2022-06-30T13:35:33.735+0000][9][gc,age      ] GC(473) - age   4:      24512 bytes,     940040 total
[2022-06-30T13:35:33.736+0000][9][gc,age      ] GC(473) - age   5:     106392 bytes,    1046432 total
[2022-06-30T13:35:33.736+0000][9][gc,age      ] GC(473) - age   6:        184 bytes,    1046616 total
[2022-06-30T13:35:33.737+0000][9][gc,age      ] GC(473) - age   8:     132328 bytes,    1178944 total
[2022-06-30T13:35:33.737+0000][9][gc,age      ] GC(473) - age   9:     102688 bytes,    1281632 total
[2022-06-30T13:35:33.738+0000][9][gc,age      ] GC(473) - age  10:        184 bytes,    1281816 total
[2022-06-30T13:35:33.738+0000][9][gc,age      ] GC(473) - age  12:        216 bytes,    1282032 total
[2022-06-30T13:35:33.739+0000][9][gc,heap     ] GC(473) Eden regions: 75->0(75)
[2022-06-30T13:35:33.739+0000][9][gc,heap     ] GC(473) Survivor regions: 1->1(10)
[2022-06-30T13:35:33.740+0000][9][gc,heap     ] GC(473) Old regions: 24->24
[2022-06-30T13:35:33.740+0000][9][gc,heap     ] GC(473) Archive regions: 2->2
[2022-06-30T13:35:33.741+0000][9][gc,heap     ] GC(473) Humongous regions: 0->0
[2022-06-30T13:35:33.741+0000][9][gc,metaspace] GC(473) Metaspace: 131597K(134976K)->131597K(134976K) NonClass: 114431K(116160K)->114431K(116160K) Class: 17166K(18816K)->17166K(18816K)
[2022-06-30T13:35:33.742+0000][9][gc          ] GC(473) Pause Young (Normal) (G1 Evacuation Pause) 399M->99M(512M) 20.541ms
[2022-06-30T13:35:33.742+0000][9][gc,cpu      ] GC(473) User=0.01s Sys=0.00s Real=0.02s
[2022-06-30T13:35:33.743+0000][9][safepoint   ] Safepoint "G1CollectForAllocation", Time since last: 101383272418 ns, Reaching safepoint: 120479 ns, At safepoint: 21533033 ns, Total: 21653512 ns
[2022-06-30T13:37:22.060+0000][9][gc,start    ] GC(474) Pause Young (Normal) (G1 Evacuation Pause)
[2022-06-30T13:37:22.061+0000][9][gc,task     ] GC(474) Using 4 workers of 4 for evacuation
[2022-06-30T13:37:22.063+0000][9][gc,age      ] GC(474) Desired survivor size 20971520 bytes, new threshold 15 (max threshold 15)
[2022-06-30T13:37:22.067+0000][9][gc,phases   ] GC(474)   Pre Evacuate Collection Set: 0.2ms
[2022-06-30T13:37:22.067+0000][9][gc,phases   ] GC(474)   Merge Heap Roots: 0.1ms
[2022-06-30T13:37:22.068+0000][9][gc,phases   ] GC(474)   Evacuate Collection Set: 1.8ms
[2022-06-30T13:37:22.069+0000][9][gc,phases   ] GC(474)   Post Evacuate Collection Set: 1.1ms
[2022-06-30T13:37:22.070+0000][9][gc,phases   ] GC(474)   Other: 1.9ms
[2022-06-30T13:37:22.071+0000][9][gc,age      ] GC(474) Age table with threshold 15 (max threshold 15)
[2022-06-30T13:37:22.072+0000][9][gc,age      ] GC(474) - age   1:     889376 bytes,     889376 total
[2022-06-30T13:37:22.073+0000][9][gc,age      ] GC(474) - age   2:       9304 bytes,     898680 total
[2022-06-30T13:37:22.074+0000][9][gc,age      ] GC(474) - age   3:       2128 bytes,     900808 total
[2022-06-30T13:37:22.074+0000][9][gc,age      ] GC(474) - age   4:       6432 bytes,     907240 total
[2022-06-30T13:37:22.075+0000][9][gc,age      ] GC(474) - age   5:      24448 bytes,     931688 total
[2022-06-30T13:37:22.076+0000][9][gc,age      ] GC(474) - age   6:     106392 bytes,    1038080 total
[2022-06-30T13:37:22.076+0000][9][gc,age      ] GC(474) - age   7:        184 bytes,    1038264 total
[2022-06-30T13:37:22.077+0000][9][gc,age      ] GC(474) - age   9:     132328 bytes,    1170592 total
[2022-06-30T13:37:22.077+0000][9][gc,age      ] GC(474) - age  10:     102688 bytes,    1273280 total
[2022-06-30T13:37:22.078+0000][9][gc,age      ] GC(474) - age  11:        184 bytes,    1273464 total
[2022-06-30T13:37:22.078+0000][9][gc,age      ] GC(474) - age  13:        216 bytes,    1273680 total
[2022-06-30T13:37:22.079+0000][9][gc,heap     ] GC(474) Eden regions: 75->0(75)
[2022-06-30T13:37:22.079+0000][9][gc,heap     ] GC(474) Survivor regions: 1->1(10)
[2022-06-30T13:37:22.080+0000][9][gc,heap     ] GC(474) Old regions: 24->24
[2022-06-30T13:37:22.080+0000][9][gc,heap     ] GC(474) Archive regions: 2->2
[2022-06-30T13:37:22.081+0000][9][gc,heap     ] GC(474) Humongous regions: 0->0
[2022-06-30T13:37:22.081+0000][9][gc,metaspace] GC(474) Metaspace: 131597K(134976K)->131597K(134976K) NonClass: 114431K(116160K)->114431K(116160K) Class: 17166K(18816K)->17166K(18816K)
[2022-06-30T13:37:22.082+0000][9][gc          ] GC(474) Pause Young (Normal) (G1 Evacuation Pause) 399M->99M(512M) 21.738ms
[2022-06-30T13:37:22.083+0000][9][gc,cpu      ] GC(474) User=0.01s Sys=0.01s Real=0.02s
[2022-06-30T13:37:22.083+0000][9][safepoint   ] Safepoint "G1CollectForAllocation", Time since last: 108404097684 ns, Reaching safepoint: 114249 ns, At safepoint: 22904879 ns, Total: 23019128 ns
[2022-06-30T13:39:09.414+0000][9][gc,start    ] GC(475) Pause Young (Normal) (G1 Evacuation Pause)
[2022-06-30T13:39:09.415+0000][9][gc,task     ] GC(475) Using 4 workers of 4 for evacuation
[2022-06-30T13:39:09.416+0000][9][gc,age      ] GC(475) Desired survivor size 20971520 bytes, new threshold 15 (max threshold 15)
[2022-06-30T13:39:09.421+0000][9][gc,phases   ] GC(475)   Pre Evacuate Collection Set: 0.2ms
[2022-06-30T13:39:09.421+0000][9][gc,phases   ] GC(475)   Merge Heap Roots: 0.1ms
[2022-06-30T13:39:09.422+0000][9][gc,phases   ] GC(475)   Evacuate Collection Set: 2.1ms
[2022-06-30T13:39:09.422+0000][9][gc,phases   ] GC(475)   Post Evacuate Collection Set: 0.9ms
[2022-06-30T13:39:09.423+0000][9][gc,phases   ] GC(475)   Other: 1.9ms
[2022-06-30T13:39:09.423+0000][9][gc,age      ] GC(475) Age table with threshold 15 (max threshold 15)
[2022-06-30T13:39:09.424+0000][9][gc,age      ] GC(475) - age   1:    1178480 bytes,    1178480 total
[2022-06-30T13:39:09.425+0000][9][gc,age      ] GC(475) - age   2:       1320 bytes,    1179800 total
[2022-06-30T13:39:09.425+0000][9][gc,age      ] GC(475) - age   3:       8336 bytes,    1188136 total
[2022-06-30T13:39:09.426+0000][9][gc,age      ] GC(475) - age   4:       1912 bytes,    1190048 total
[2022-06-30T13:39:09.426+0000][9][gc,age      ] GC(475) - age   5:       6432 bytes,    1196480 total
[2022-06-30T13:39:09.427+0000][9][gc,age      ] GC(475) - age   6:      24272 bytes,    1220752 total
[2022-06-30T13:39:09.427+0000][9][gc,age      ] GC(475) - age   7:     106392 bytes,    1327144 total
[2022-06-30T13:39:09.428+0000][9][gc,age      ] GC(475) - age   8:        184 bytes,    1327328 total
[2022-06-30T13:39:09.428+0000][9][gc,age      ] GC(475) - age  10:     132328 bytes,    1459656 total
[2022-06-30T13:39:09.429+0000][9][gc,age      ] GC(475) - age  11:     102296 bytes,    1561952 total
[2022-06-30T13:39:09.430+0000][9][gc,age      ] GC(475) - age  12:        184 bytes,    1562136 total
[2022-06-30T13:39:09.431+0000][9][gc,age      ] GC(475) - age  14:        184 bytes,    1562320 total
[2022-06-30T13:39:09.431+0000][9][gc,heap     ] GC(475) Eden regions: 75->0(75)
[2022-06-30T13:39:09.432+0000][9][gc,heap     ] GC(475) Survivor regions: 1->1(10)
[2022-06-30T13:39:09.434+0000][9][gc,heap     ] GC(475) Old regions: 24->24
[2022-06-30T13:39:09.435+0000][9][gc,heap     ] GC(475) Archive regions: 2->2
[2022-06-30T13:39:09.435+0000][9][gc,heap     ] GC(475) Humongous regions: 0->0
[2022-06-30T13:39:09.436+0000][9][gc,metaspace] GC(475) Metaspace: 131625K(134976K)->131625K(134976K) NonClass: 114458K(116160K)->114458K(116160K) Class: 17166K(18816K)->17166K(18816K)
[2022-06-30T13:39:09.437+0000][9][gc          ] GC(475) Pause Young (Normal) (G1 Evacuation Pause) 399M->99M(512M) 22.487ms
[2022-06-30T13:39:09.437+0000][9][gc,cpu      ] GC(475) User=0.00s Sys=0.01s Real=0.03s
[2022-06-30T13:39:09.438+0000][9][safepoint   ] Safepoint "G1CollectForAllocation", Time since last: 107395313227 ns, Reaching safepoint: 74578 ns, At safepoint: 23854093 ns, Total: 23928671 ns
[2022-06-30T13:40:45.527+0000][9][gc,start    ] GC(476) Pause Young (Normal) (G1 Evacuation Pause)
[2022-06-30T13:40:45.529+0000][9][gc,task     ] GC(476) Using 4 workers of 4 for evacuation
[2022-06-30T13:40:45.530+0000][9][gc,age      ] GC(476) Desired survivor size 20971520 bytes, new threshold 15 (max threshold 15)
[2022-06-30T13:40:45.539+0000][9][gc,phases   ] GC(476)   Pre Evacuate Collection Set: 0.2ms
[2022-06-30T13:40:45.541+0000][9][gc,phases   ] GC(476)   Merge Heap Roots: 0.1ms
[2022-06-30T13:40:45.542+0000][9][gc,phases   ] GC(476)   Evacuate Collection Set: 6.4ms
[2022-06-30T13:40:45.543+0000][9][gc,phases   ] GC(476)   Post Evacuate Collection Set: 1.5ms
[2022-06-30T13:40:45.544+0000][9][gc,phases   ] GC(476)   Other: 2.0ms
[2022-06-30T13:40:45.544+0000][9][gc,age      ] GC(476) Age table with threshold 15 (max threshold 15)
[2022-06-30T13:40:45.545+0000][9][gc,age      ] GC(476) - age   1:     819848 bytes,     819848 total
[2022-06-30T13:40:45.546+0000][9][gc,age      ] GC(476) - age   2:       3248 bytes,     823096 total
[2022-06-30T13:40:45.546+0000][9][gc,age      ] GC(476) - age   3:         64 bytes,     823160 total
[2022-06-30T13:40:45.547+0000][9][gc,age      ] GC(476) - age   4:       8240 bytes,     831400 total
[2022-06-30T13:40:45.547+0000][9][gc,age      ] GC(476) - age   5:       1912 bytes,     833312 total
[2022-06-30T13:40:45.548+0000][9][gc,age      ] GC(476) - age   6:       6432 bytes,     839744 total
[2022-06-30T13:40:45.548+0000][9][gc,age      ] GC(476) - age   7:      24272 bytes,     864016 total
[2022-06-30T13:40:45.549+0000][9][gc,age      ] GC(476) - age   8:     106392 bytes,     970408 total
[2022-06-30T13:40:45.550+0000][9][gc,age      ] GC(476) - age   9:        184 bytes,     970592 total
[2022-06-30T13:40:45.550+0000][9][gc,age      ] GC(476) - age  11:     132328 bytes,    1102920 total
[2022-06-30T13:40:45.551+0000][9][gc,age      ] GC(476) - age  12:     102296 bytes,    1205216 total
[2022-06-30T13:40:45.552+0000][9][gc,age      ] GC(476) - age  15:        184 bytes,    1205400 total
[2022-06-30T13:40:45.552+0000][9][gc,heap     ] GC(476) Eden regions: 75->0(75)
[2022-06-30T13:40:45.553+0000][9][gc,heap     ] GC(476) Survivor regions: 1->1(10)
[2022-06-30T13:40:45.554+0000][9][gc,heap     ] GC(476) Old regions: 24->24
[2022-06-30T13:40:45.554+0000][9][gc,heap     ] GC(476) Archive regions: 2->2
[2022-06-30T13:40:45.554+0000][9][gc,heap     ] GC(476) Humongous regions: 0->0
[2022-06-30T13:40:45.555+0000][9][gc,metaspace] GC(476) Metaspace: 131625K(134976K)->131625K(134976K) NonClass: 114458K(116160K)->114458K(116160K) Class: 17166K(18816K)->17166K(18816K)
[2022-06-30T13:40:45.556+0000][9][gc          ] GC(476) Pause Young (Normal) (G1 Evacuation Pause) 399M->99M(512M) 28.562ms
[2022-06-30T13:40:45.557+0000][9][gc,cpu      ] GC(476) User=0.01s Sys=0.00s Real=0.03s
[2022-06-30T13:40:45.557+0000][9][safepoint   ] Safepoint "G1CollectForAllocation", Time since last: 96154419515 ns, Reaching safepoint: 184599 ns, At safepoint: 30230694 ns, Total: 30415293 ns
[2022-06-30T13:42:39.358+0000][9][gc,start    ] GC(477) Pause Young (Normal) (G1 Evacuation Pause)
[2022-06-30T13:42:39.359+0000][9][gc,task     ] GC(477) Using 4 workers of 4 for evacuation
[2022-06-30T13:42:39.360+0000][9][gc,age      ] GC(477) Desired survivor size 20971520 bytes, new threshold 15 (max threshold 15)
[2022-06-30T13:42:39.364+0000][9][gc,phases   ] GC(477)   Pre Evacuate Collection Set: 0.2ms
[2022-06-30T13:42:39.365+0000][9][gc,phases   ] GC(477)   Merge Heap Roots: 0.1ms
[2022-06-30T13:42:39.366+0000][9][gc,phases   ] GC(477)   Evacuate Collection Set: 1.9ms
[2022-06-30T13:42:39.366+0000][9][gc,phases   ] GC(477)   Post Evacuate Collection Set: 1.2ms
[2022-06-30T13:42:39.366+0000][9][gc,phases   ] GC(477)   Other: 1.4ms
[2022-06-30T13:42:39.367+0000][9][gc,age      ] GC(477) Age table with threshold 15 (max threshold 15)
[2022-06-30T13:42:39.368+0000][9][gc,age      ] GC(477) - age   1:     890144 bytes,     890144 total
[2022-06-30T13:42:39.368+0000][9][gc,age      ] GC(477) - age   2:       1528 bytes,     891672 total
[2022-06-30T13:42:39.369+0000][9][gc,age      ] GC(477) - age   3:       1552 bytes,     893224 total
[2022-06-30T13:42:39.369+0000][9][gc,age      ] GC(477) - age   5:       8240 bytes,     901464 total
[2022-06-30T13:42:39.370+0000][9][gc,age      ] GC(477) - age   6:       1912 bytes,     903376 total
[2022-06-30T13:42:39.371+0000][9][gc,age      ] GC(477) - age   7:       6432 bytes,     909808 total
[2022-06-30T13:42:39.371+0000][9][gc,age      ] GC(477) - age   8:      24272 bytes,     934080 total
[2022-06-30T13:42:39.372+0000][9][gc,age      ] GC(477) - age   9:     106392 bytes,    1040472 total
[2022-06-30T13:42:39.372+0000][9][gc,age      ] GC(477) - age  10:        184 bytes,    1040656 total
[2022-06-30T13:42:39.373+0000][9][gc,age      ] GC(477) - age  12:     132328 bytes,    1172984 total
[2022-06-30T13:42:39.374+0000][9][gc,age      ] GC(477) - age  13:     101912 bytes,    1274896 total
[2022-06-30T13:42:39.374+0000][9][gc,heap     ] GC(477) Eden regions: 75->0(75)
[2022-06-30T13:42:39.375+0000][9][gc,heap     ] GC(477) Survivor regions: 1->1(10)
[2022-06-30T13:42:39.376+0000][9][gc,heap     ] GC(477) Old regions: 24->24
[2022-06-30T13:42:39.377+0000][9][gc,heap     ] GC(477) Archive regions: 2->2
[2022-06-30T13:42:39.377+0000][9][gc,heap     ] GC(477) Humongous regions: 0->0
[2022-06-30T13:42:39.378+0000][9][gc,metaspace] GC(477) Metaspace: 131625K(134976K)->131625K(134976K) NonClass: 114458K(116160K)->114458K(116160K) Class: 17166K(18816K)->17166K(18816K)
[2022-06-30T13:42:39.379+0000][9][gc          ] GC(477) Pause Young (Normal) (G1 Evacuation Pause) 399M->99M(512M) 20.571ms
[2022-06-30T13:42:39.380+0000][9][gc,cpu      ] GC(477) User=0.00s Sys=0.00s Real=0.02s
[2022-06-30T13:42:39.380+0000][9][safepoint   ] Safepoint "G1CollectForAllocation", Time since last: 113887693982 ns, Reaching safepoint: 98726 ns, At safepoint: 21937029 ns, Total: 22035755 ns
[2022-06-30T13:44:27.306+0000][9][gc,start    ] GC(478) Pause Young (Normal) (G1 Evacuation Pause)
[2022-06-30T13:44:27.307+0000][9][gc,task     ] GC(478) Using 4 workers of 4 for evacuation
[2022-06-30T13:44:27.308+0000][9][gc,age      ] GC(478) Desired survivor size 20971520 bytes, new threshold 15 (max threshold 15)
[2022-06-30T13:44:27.313+0000][9][gc,phases   ] GC(478)   Pre Evacuate Collection Set: 0.3ms
[2022-06-30T13:44:27.314+0000][9][gc,phases   ] GC(478)   Merge Heap Roots: 0.0ms
[2022-06-30T13:44:27.315+0000][9][gc,phases   ] GC(478)   Evacuate Collection Set: 2.2ms
[2022-06-30T13:44:27.316+0000][9][gc,phases   ] GC(478)   Post Evacuate Collection Set: 1.2ms
[2022-06-30T13:44:27.316+0000][9][gc,phases   ] GC(478)   Other: 1.5ms
[2022-06-30T13:44:27.317+0000][9][gc,age      ] GC(478) Age table with threshold 15 (max threshold 15)
[2022-06-30T13:44:27.318+0000][9][gc,age      ] GC(478) - age   1:    1217976 bytes,    1217976 total
[2022-06-30T13:44:27.318+0000][9][gc,age      ] GC(478) - age   2:        920 bytes,    1218896 total
[2022-06-30T13:44:27.320+0000][9][gc,age      ] GC(478) - age   3:        392 bytes,    1219288 total
[2022-06-30T13:44:27.320+0000][9][gc,age      ] GC(478) - age   4:       1360 bytes,    1220648 total
[2022-06-30T13:44:27.321+0000][9][gc,age      ] GC(478) - age   6:       8240 bytes,    1228888 total
[2022-06-30T13:44:27.321+0000][9][gc,age      ] GC(478) - age   7:        184 bytes,    1229072 total
[2022-06-30T13:44:27.322+0000][9][gc,age      ] GC(478) - age   8:       6432 bytes,    1235504 total
[2022-06-30T13:44:27.322+0000][9][gc,age      ] GC(478) - age   9:      24272 bytes,    1259776 total
[2022-06-30T13:44:27.323+0000][9][gc,age      ] GC(478) - age  10:     106392 bytes,    1366168 total
[2022-06-30T13:44:27.324+0000][9][gc,age      ] GC(478) - age  11:        184 bytes,    1366352 total
[2022-06-30T13:44:27.324+0000][9][gc,age      ] GC(478) - age  13:     132328 bytes,    1498680 total
[2022-06-30T13:44:27.325+0000][9][gc,age      ] GC(478) - age  14:     101912 bytes,    1600592 total
[2022-06-30T13:44:27.325+0000][9][gc,heap     ] GC(478) Eden regions: 75->0(75)
[2022-06-30T13:44:27.326+0000][9][gc,heap     ] GC(478) Survivor regions: 1->1(10)
[2022-06-30T13:44:27.327+0000][9][gc,heap     ] GC(478) Old regions: 24->24
[2022-06-30T13:44:27.327+0000][9][gc,heap     ] GC(478) Archive regions: 2->2
[2022-06-30T13:44:27.328+0000][9][gc,heap     ] GC(478) Humongous regions: 0->0
[2022-06-30T13:44:27.328+0000][9][gc,metaspace] GC(478) Metaspace: 131625K(134976K)->131625K(134976K) NonClass: 114458K(116160K)->114458K(116160K) Class: 17166K(18816K)->17166K(18816K)
[2022-06-30T13:44:27.329+0000][9][gc          ] GC(478) Pause Young (Normal) (G1 Evacuation Pause) 399M->99M(512M) 22.748ms
[2022-06-30T13:44:27.330+0000][9][gc,cpu      ] GC(478) User=0.01s Sys=0.01s Real=0.03s
[2022-06-30T13:44:27.330+0000][9][safepoint   ] Safepoint "G1CollectForAllocation", Time since last: 108011763302 ns, Reaching safepoint: 253414 ns, At safepoint: 24146262 ns, Total: 24399676 ns
[2022-06-30T13:46:09.528+0000][9][gc,start    ] GC(479) Pause Young (Normal) (G1 Evacuation Pause)
[2022-06-30T13:46:09.531+0000][9][gc,task     ] GC(479) Using 4 workers of 4 for evacuation
[2022-06-30T13:46:09.531+0000][9][gc,age      ] GC(479) Desired survivor size 20971520 bytes, new threshold 15 (max threshold 15)
[2022-06-30T13:46:09.536+0000][9][gc,phases   ] GC(479)   Pre Evacuate Collection Set: 0.2ms
[2022-06-30T13:46:09.537+0000][9][gc,phases   ] GC(479)   Merge Heap Roots: 0.1ms
[2022-06-30T13:46:09.537+0000][9][gc,phases   ] GC(479)   Evacuate Collection Set: 2.1ms
[2022-06-30T13:46:09.538+0000][9][gc,phases   ] GC(479)   Post Evacuate Collection Set: 1.3ms
[2022-06-30T13:46:09.539+0000][9][gc,phases   ] GC(479)   Other: 1.5ms
[2022-06-30T13:46:09.539+0000][9][gc,age      ] GC(479) Age table with threshold 15 (max threshold 15)
[2022-06-30T13:46:09.540+0000][9][gc,age      ] GC(479) - age   1:    1308936 bytes,    1308936 total
[2022-06-30T13:46:09.541+0000][9][gc,age      ] GC(479) - age   2:       2856 bytes,    1311792 total
[2022-06-30T13:46:09.541+0000][9][gc,age      ] GC(479) - age   3:        384 bytes,    1312176 total
[2022-06-30T13:46:09.542+0000][9][gc,age      ] GC(479) - age   4:        296 bytes,    1312472 total
[2022-06-30T13:46:09.542+0000][9][gc,age      ] GC(479) - age   5:       1328 bytes,    1313800 total
[2022-06-30T13:46:09.543+0000][9][gc,age      ] GC(479) - age   7:       8216 bytes,    1322016 total
[2022-06-30T13:46:09.543+0000][9][gc,age      ] GC(479) - age   8:        184 bytes,    1322200 total
[2022-06-30T13:46:09.544+0000][9][gc,age      ] GC(479) - age   9:       6432 bytes,    1328632 total
[2022-06-30T13:46:09.544+0000][9][gc,age      ] GC(479) - age  10:      24272 bytes,    1352904 total
[2022-06-30T13:46:09.545+0000][9][gc,age      ] GC(479) - age  11:     106392 bytes,    1459296 total
[2022-06-30T13:46:09.546+0000][9][gc,age      ] GC(479) - age  12:        184 bytes,    1459480 total
[2022-06-30T13:46:09.546+0000][9][gc,age      ] GC(479) - age  14:     132328 bytes,    1591808 total
[2022-06-30T13:46:09.547+0000][9][gc,age      ] GC(479) - age  15:     101912 bytes,    1693720 total
[2022-06-30T13:46:09.548+0000][9][gc,heap     ] GC(479) Eden regions: 75->0(75)
[2022-06-30T13:46:09.549+0000][9][gc,heap     ] GC(479) Survivor regions: 1->1(10)
[2022-06-30T13:46:09.549+0000][9][gc,heap     ] GC(479) Old regions: 24->24
[2022-06-30T13:46:09.550+0000][9][gc,heap     ] GC(479) Archive regions: 2->2
[2022-06-30T13:46:09.550+0000][9][gc,heap     ] GC(479) Humongous regions: 0->0
[2022-06-30T13:46:09.551+0000][9][gc,metaspace] GC(479) Metaspace: 131625K(134976K)->131625K(134976K) NonClass: 114458K(116160K)->114458K(116160K) Class: 17166K(18816K)->17166K(18816K)
[2022-06-30T13:46:09.552+0000][9][gc          ] GC(479) Pause Young (Normal) (G1 Evacuation Pause) 399M->99M(512M) 24.239ms
[2022-06-30T13:46:09.553+0000][9][gc,cpu      ] GC(479) User=0.01s Sys=0.01s Real=0.03s
[2022-06-30T13:46:09.553+0000][9][safepoint   ] Safepoint "G1CollectForAllocation", Time since last: 102262444169 ns, Reaching safepoint: 107743 ns, At safepoint: 25523114 ns, Total: 25630857 ns
[2022-06-30T13:47:57.281+0000][9][gc,start    ] GC(480) Pause Young (Normal) (G1 Evacuation Pause)
[2022-06-30T13:47:57.282+0000][9][gc,task     ] GC(480) Using 4 workers of 4 for evacuation
[2022-06-30T13:47:57.283+0000][9][gc,age      ] GC(480) Desired survivor size 20971520 bytes, new threshold 15 (max threshold 15)
[2022-06-30T13:47:57.287+0000][9][gc,phases   ] GC(480)   Pre Evacuate Collection Set: 0.2ms
[2022-06-30T13:47:57.288+0000][9][gc,phases   ] GC(480)   Merge Heap Roots: 0.2ms
[2022-06-30T13:47:57.288+0000][9][gc,phases   ] GC(480)   Evacuate Collection Set: 2.4ms
[2022-06-30T13:47:57.289+0000][9][gc,phases   ] GC(480)   Post Evacuate Collection Set: 0.9ms
[2022-06-30T13:47:57.289+0000][9][gc,phases   ] GC(480)   Other: 1.4ms
[2022-06-30T13:47:57.290+0000][9][gc,age      ] GC(480) Age table with threshold 15 (max threshold 15)
[2022-06-30T13:47:57.291+0000][9][gc,age      ] GC(480) - age   1:    1992720 bytes,    1992720 total
[2022-06-30T13:47:57.291+0000][9][gc,age      ] GC(480) - age   2:       2440 bytes,    1995160 total
[2022-06-30T13:47:57.292+0000][9][gc,age      ] GC(480) - age   3:       1728 bytes,    1996888 total
[2022-06-30T13:47:57.292+0000][9][gc,age      ] GC(480) - age   4:        384 bytes,    1997272 total
[2022-06-30T13:47:57.293+0000][9][gc,age      ] GC(480) - age   5:        296 bytes,    1997568 total
[2022-06-30T13:47:57.294+0000][9][gc,age      ] GC(480) - age   6:       1328 bytes,    1998896 total
[2022-06-30T13:47:57.294+0000][9][gc,age      ] GC(480) - age   8:       8216 bytes,    2007112 total
[2022-06-30T13:47:57.295+0000][9][gc,age      ] GC(480) - age  10:       6432 bytes,    2013544 total
[2022-06-30T13:47:57.295+0000][9][gc,age      ] GC(480) - age  11:      24272 bytes,    2037816 total
[2022-06-30T13:47:57.296+0000][9][gc,age      ] GC(480) - age  12:     106392 bytes,    2144208 total
[2022-06-30T13:47:57.296+0000][9][gc,age      ] GC(480) - age  13:        184 bytes,    2144392 total
[2022-06-30T13:47:57.297+0000][9][gc,age      ] GC(480) - age  15:     132328 bytes,    2276720 total
[2022-06-30T13:47:57.297+0000][9][gc,heap     ] GC(480) Eden regions: 75->0(75)
[2022-06-30T13:47:57.298+0000][9][gc,heap     ] GC(480) Survivor regions: 1->1(10)
[2022-06-30T13:47:57.299+0000][9][gc,heap     ] GC(480) Old regions: 24->24
[2022-06-30T13:47:57.299+0000][9][gc,heap     ] GC(480) Archive regions: 2->2
[2022-06-30T13:47:57.300+0000][9][gc,heap     ] GC(480) Humongous regions: 0->0
[2022-06-30T13:47:57.300+0000][9][gc,metaspace] GC(480) Metaspace: 131625K(134976K)->131625K(134976K) NonClass: 114458K(116160K)->114458K(116160K) Class: 17166K(18816K)->17166K(18816K)
[2022-06-30T13:47:57.301+0000][9][gc          ] GC(480) Pause Young (Normal) (G1 Evacuation Pause) 399M->100M(512M) 20.216ms
[2022-06-30T13:47:57.302+0000][9][gc,cpu      ] GC(480) User=0.01s Sys=0.01s Real=0.02s
[2022-06-30T13:47:57.302+0000][9][safepoint   ] Safepoint "G1CollectForAllocation", Time since last: 107813676470 ns, Reaching safepoint: 206983 ns, At safepoint: 21556632 ns, Total: 21763615 ns
[2022-06-30T13:49:39.259+0000][9][gc,start    ] GC(481) Pause Young (Normal) (G1 Evacuation Pause)
[2022-06-30T13:49:39.265+0000][9][gc,task     ] GC(481) Using 4 workers of 4 for evacuation
[2022-06-30T13:49:39.266+0000][9][gc,age      ] GC(481) Desired survivor size 20971520 bytes, new threshold 15 (max threshold 15)
[2022-06-30T13:49:39.270+0000][9][gc,phases   ] GC(481)   Pre Evacuate Collection Set: 0.2ms
[2022-06-30T13:49:39.271+0000][9][gc,phases   ] GC(481)   Merge Heap Roots: 0.2ms
[2022-06-30T13:49:39.271+0000][9][gc,phases   ] GC(481)   Evacuate Collection Set: 1.4ms
[2022-06-30T13:49:39.272+0000][9][gc,phases   ] GC(481)   Post Evacuate Collection Set: 1.0ms
[2022-06-30T13:49:39.273+0000][9][gc,phases   ] GC(481)   Other: 1.7ms
[2022-06-30T13:49:39.273+0000][9][gc,age      ] GC(481) Age table with threshold 15 (max threshold 15)
[2022-06-30T13:49:39.274+0000][9][gc,age      ] GC(481) - age   1:     556640 bytes,     556640 total
[2022-06-30T13:49:39.274+0000][9][gc,age      ] GC(481) - age   2:       1888 bytes,     558528 total
[2022-06-30T13:49:39.275+0000][9][gc,age      ] GC(481) - age   3:        328 bytes,     558856 total
[2022-06-30T13:49:39.276+0000][9][gc,age      ] GC(481) - age   4:       1728 bytes,     560584 total
[2022-06-30T13:49:39.276+0000][9][gc,age      ] GC(481) - age   5:        384 bytes,     560968 total
[2022-06-30T13:49:39.277+0000][9][gc,age      ] GC(481) - age   7:       1144 bytes,     562112 total
[2022-06-30T13:49:39.278+0000][9][gc,age      ] GC(481) - age   9:       8216 bytes,     570328 total
[2022-06-30T13:49:39.279+0000][9][gc,age      ] GC(481) - age  11:       6432 bytes,     576760 total
[2022-06-30T13:49:39.280+0000][9][gc,age      ] GC(481) - age  12:      24056 bytes,     600816 total
[2022-06-30T13:49:39.280+0000][9][gc,age      ] GC(481) - age  13:     106392 bytes,     707208 total
[2022-06-30T13:49:39.281+0000][9][gc,age      ] GC(481) - age  14:        184 bytes,     707392 total
[2022-06-30T13:49:39.281+0000][9][gc,heap     ] GC(481) Eden regions: 75->0(75)
[2022-06-30T13:49:39.282+0000][9][gc,heap     ] GC(481) Survivor regions: 1->1(10)
[2022-06-30T13:49:39.282+0000][9][gc,heap     ] GC(481) Old regions: 24->24
[2022-06-30T13:49:39.283+0000][9][gc,heap     ] GC(481) Archive regions: 2->2
[2022-06-30T13:49:39.284+0000][9][gc,heap     ] GC(481) Humongous regions: 0->0
[2022-06-30T13:49:39.284+0000][9][gc,metaspace] GC(481) Metaspace: 131627K(134976K)->131627K(134976K) NonClass: 114461K(116160K)->114461K(116160K) Class: 17166K(18816K)->17166K(18816K)
[2022-06-30T13:49:39.285+0000][9][gc          ] GC(481) Pause Young (Normal) (G1 Evacuation Pause) 400M->99M(512M) 25.686ms
[2022-06-30T13:49:39.285+0000][9][gc,cpu      ] GC(481) User=0.01s Sys=0.00s Real=0.03s
[2022-06-30T13:49:39.286+0000][9][safepoint   ] Safepoint "G1CollectForAllocation", Time since last: 102021099391 ns, Reaching safepoint: 173983 ns, At safepoint: 26949472 ns, Total: 27123455 ns
[2022-06-30T13:49:45.297+0000][9][safepoint   ] Safepoint "Cleanup", Time since last: 6011176373 ns, Reaching safepoint: 115502 ns, At safepoint: 3997 ns, Total: 119499 ns
[2022-06-30T13:51:21.503+0000][9][gc,start    ] GC(482) Pause Young (Normal) (G1 Evacuation Pause)
[2022-06-30T13:51:21.506+0000][9][gc,task     ] GC(482) Using 4 workers of 4 for evacuation
[2022-06-30T13:51:21.508+0000][9][gc,age      ] GC(482) Desired survivor size 20971520 bytes, new threshold 15 (max threshold 15)
[2022-06-30T13:51:21.513+0000][9][gc,phases   ] GC(482)   Pre Evacuate Collection Set: 0.3ms
[2022-06-30T13:51:21.514+0000][9][gc,phases   ] GC(482)   Merge Heap Roots: 0.1ms
[2022-06-30T13:51:21.514+0000][9][gc,phases   ] GC(482)   Evacuate Collection Set: 2.4ms
[2022-06-30T13:51:21.515+0000][9][gc,phases   ] GC(482)   Post Evacuate Collection Set: 1.5ms
[2022-06-30T13:51:21.516+0000][9][gc,phases   ] GC(482)   Other: 2.1ms
[2022-06-30T13:51:21.516+0000][9][gc,age      ] GC(482) Age table with threshold 15 (max threshold 15)
[2022-06-30T13:51:21.522+0000][9][gc,age      ] GC(482) - age   1:    1067480 bytes,    1067480 total
[2022-06-30T13:51:21.523+0000][9][gc,age      ] GC(482) - age   2:       1904 bytes,    1069384 total
[2022-06-30T13:51:21.524+0000][9][gc,age      ] GC(482) - age   3:        672 bytes,    1070056 total
[2022-06-30T13:51:21.525+0000][9][gc,age      ] GC(482) - age   4:         24 bytes,    1070080 total
[2022-06-30T13:51:21.526+0000][9][gc,age      ] GC(482) - age   5:       1728 bytes,    1071808 total
[2022-06-30T13:51:21.527+0000][9][gc,age      ] GC(482) - age   6:        384 bytes,    1072192 total
[2022-06-30T13:51:21.528+0000][9][gc,age      ] GC(482) - age   8:       1144 bytes,    1073336 total
[2022-06-30T13:51:21.530+0000][9][gc,age      ] GC(482) - age  10:       8216 bytes,    1081552 total
[2022-06-30T13:51:21.531+0000][9][gc,age      ] GC(482) - age  12:       6432 bytes,    1087984 total
[2022-06-30T13:51:21.531+0000][9][gc,age      ] GC(482) - age  13:      24056 bytes,    1112040 total
[2022-06-30T13:51:21.532+0000][9][gc,age      ] GC(482) - age  14:     106392 bytes,    1218432 total
[2022-06-30T13:51:21.533+0000][9][gc,age      ] GC(482) - age  15:        184 bytes,    1218616 total
[2022-06-30T13:51:21.534+0000][9][gc,heap     ] GC(482) Eden regions: 75->0(75)
[2022-06-30T13:51:21.535+0000][9][gc,heap     ] GC(482) Survivor regions: 1->1(10)
[2022-06-30T13:51:21.536+0000][9][gc,heap     ] GC(482) Old regions: 24->24
[2022-06-30T13:51:21.536+0000][9][gc,heap     ] GC(482) Archive regions: 2->2
[2022-06-30T13:51:21.537+0000][9][gc,heap     ] GC(482) Humongous regions: 0->0
[2022-06-30T13:51:21.537+0000][9][gc,metaspace] GC(482) Metaspace: 131627K(134976K)->131627K(134976K) NonClass: 114461K(116160K)->114461K(116160K) Class: 17166K(18816K)->17166K(18816K)
[2022-06-30T13:51:21.538+0000][9][gc          ] GC(482) Pause Young (Normal) (G1 Evacuation Pause) 399M->99M(512M) 35.070ms
[2022-06-30T13:51:21.539+0000][9][gc,cpu      ] GC(482) User=0.01s Sys=0.00s Real=0.04s
[2022-06-30T13:51:21.540+0000][9][safepoint   ] Safepoint "G1CollectForAllocation", Time since last: 96292159141 ns, Reaching safepoint: 195257 ns, At safepoint: 36387346 ns, Total: 36582603 ns
[2022-06-30T13:51:44.562+0000][9][safepoint   ] Safepoint "Cleanup", Time since last: 23021741143 ns, Reaching safepoint: 380093 ns, At safepoint: 13968 ns, Total: 394061 ns
[2022-06-30T13:52:44.582+0000][9][safepoint   ] Safepoint "Cleanup", Time since last: 60063127552 ns, Reaching safepoint: 565758 ns, At safepoint: 390607 ns, Total: 956365 ns
[2022-06-30T13:53:15.815+0000][9][gc,start    ] GC(483) Pause Young (Normal) (G1 Evacuation Pause)
[2022-06-30T13:53:15.816+0000][9][gc,task     ] GC(483) Using 4 workers of 4 for evacuation
[2022-06-30T13:53:15.817+0000][9][gc,age      ] GC(483) Desired survivor size 20971520 bytes, new threshold 15 (max threshold 15)
[2022-06-30T13:53:15.821+0000][9][gc,phases   ] GC(483)   Pre Evacuate Collection Set: 0.2ms
[2022-06-30T13:53:15.822+0000][9][gc,phases   ] GC(483)   Merge Heap Roots: 0.2ms
[2022-06-30T13:53:15.822+0000][9][gc,phases   ] GC(483)   Evacuate Collection Set: 1.8ms
[2022-06-30T13:53:15.823+0000][9][gc,phases   ] GC(483)   Post Evacuate Collection Set: 1.1ms
[2022-06-30T13:53:15.823+0000][9][gc,phases   ] GC(483)   Other: 1.5ms
[2022-06-30T13:53:15.824+0000][9][gc,age      ] GC(483) Age table with threshold 15 (max threshold 15)
[2022-06-30T13:53:15.825+0000][9][gc,age      ] GC(483) - age   1:    1347120 bytes,    1347120 total
[2022-06-30T13:53:15.825+0000][9][gc,age      ] GC(483) - age   2:       1552 bytes,    1348672 total
[2022-06-30T13:53:15.826+0000][9][gc,age      ] GC(483) - age   3:       1200 bytes,    1349872 total
[2022-06-30T13:53:15.828+0000][9][gc,age      ] GC(483) - age   5:         24 bytes,    1349896 total
[2022-06-30T13:53:15.830+0000][9][gc,age      ] GC(483) - age   7:        384 bytes,    1350280 total
[2022-06-30T13:53:15.832+0000][9][gc,age      ] GC(483) - age   9:        752 bytes,    1351032 total
[2022-06-30T13:53:15.833+0000][9][gc,age      ] GC(483) - age  11:       8216 bytes,    1359248 total
[2022-06-30T13:53:15.834+0000][9][gc,age      ] GC(483) - age  13:       6432 bytes,    1365680 total
[2022-06-30T13:53:15.835+0000][9][gc,age      ] GC(483) - age  14:      24056 bytes,    1389736 total
[2022-06-30T13:53:15.835+0000][9][gc,age      ] GC(483) - age  15:     106392 bytes,    1496128 total
[2022-06-30T13:53:15.836+0000][9][gc,heap     ] GC(483) Eden regions: 75->0(75)
[2022-06-30T13:53:15.836+0000][9][gc,heap     ] GC(483) Survivor regions: 1->1(10)
[2022-06-30T13:53:15.837+0000][9][gc,heap     ] GC(483) Old regions: 24->24
[2022-06-30T13:53:15.837+0000][9][gc,heap     ] GC(483) Archive regions: 2->2
[2022-06-30T13:53:15.838+0000][9][gc,heap     ] GC(483) Humongous regions: 0->0
[2022-06-30T13:53:15.838+0000][9][gc,metaspace] GC(483) Metaspace: 131627K(134976K)->131627K(134976K) NonClass: 114461K(116160K)->114461K(116160K) Class: 17166K(18816K)->17166K(18816K)
[2022-06-30T13:53:15.839+0000][9][gc          ] GC(483) Pause Young (Normal) (G1 Evacuation Pause) 399M->99M(512M) 24.007ms
[2022-06-30T13:53:15.840+0000][9][gc,cpu      ] GC(483) User=0.00s Sys=0.00s Real=0.03s
[2022-06-30T13:53:15.842+0000][9][safepoint   ] Safepoint "G1CollectForAllocation", Time since last: 31276448107 ns, Reaching safepoint: 96858 ns, At safepoint: 27290738 ns, Total: 27387596 ns
[2022-06-30T13:54:46.149+0000][9][gc,start    ] GC(484) Pause Young (Normal) (G1 Evacuation Pause)
[2022-06-30T13:54:46.150+0000][9][gc,task     ] GC(484) Using 4 workers of 4 for evacuation
[2022-06-30T13:54:46.151+0000][9][gc,age      ] GC(484) Desired survivor size 20971520 bytes, new threshold 15 (max threshold 15)
[2022-06-30T13:54:46.155+0000][9][gc,phases   ] GC(484)   Pre Evacuate Collection Set: 0.1ms
[2022-06-30T13:54:46.156+0000][9][gc,phases   ] GC(484)   Merge Heap Roots: 0.0ms
[2022-06-30T13:54:46.157+0000][9][gc,phases   ] GC(484)   Evacuate Collection Set: 2.5ms
[2022-06-30T13:54:46.157+0000][9][gc,phases   ] GC(484)   Post Evacuate Collection Set: 1.1ms
[2022-06-30T13:54:46.158+0000][9][gc,phases   ] GC(484)   Other: 1.7ms
[2022-06-30T13:54:46.159+0000][9][gc,age      ] GC(484) Age table with threshold 15 (max threshold 15)
[2022-06-30T13:54:46.160+0000][9][gc,age      ] GC(484) - age   1:    1524728 bytes,    1524728 total
[2022-06-30T13:54:46.161+0000][9][gc,age      ] GC(484) - age   2:      11816 bytes,    1536544 total
[2022-06-30T13:54:46.161+0000][9][gc,age      ] GC(484) - age   3:        656 bytes,    1537200 total
[2022-06-30T13:54:46.162+0000][9][gc,age      ] GC(484) - age   4:        784 bytes,    1537984 total
[2022-06-30T13:54:46.162+0000][9][gc,age      ] GC(484) - age   8:        384 bytes,    1538368 total
[2022-06-30T13:54:46.163+0000][9][gc,age      ] GC(484) - age  10:        752 bytes,    1539120 total
[2022-06-30T13:54:46.164+0000][9][gc,age      ] GC(484) - age  12:       8216 bytes,    1547336 total
[2022-06-30T13:54:46.164+0000][9][gc,age      ] GC(484) - age  14:       6432 bytes,    1553768 total
[2022-06-30T13:54:46.165+0000][9][gc,age      ] GC(484) - age  15:      24024 bytes,    1577792 total
[2022-06-30T13:54:46.166+0000][9][gc,heap     ] GC(484) Eden regions: 75->0(75)
[2022-06-30T13:54:46.166+0000][9][gc,heap     ] GC(484) Survivor regions: 1->1(10)
[2022-06-30T13:54:46.167+0000][9][gc,heap     ] GC(484) Old regions: 24->24
[2022-06-30T13:54:46.167+0000][9][gc,heap     ] GC(484) Archive regions: 2->2
[2022-06-30T13:54:46.168+0000][9][gc,heap     ] GC(484) Humongous regions: 0->0
[2022-06-30T13:54:46.168+0000][9][gc,metaspace] GC(484) Metaspace: 131627K(134976K)->131627K(134976K) NonClass: 114461K(116160K)->114461K(116160K) Class: 17166K(18816K)->17166K(18816K)
[2022-06-30T13:54:46.169+0000][9][gc          ] GC(484) Pause Young (Normal) (G1 Evacuation Pause) 399M->100M(512M) 19.724ms
[2022-06-30T13:54:46.169+0000][9][gc,cpu      ] GC(484) User=0.01s Sys=0.00s Real=0.02s
[2022-06-30T13:54:46.170+0000][9][safepoint   ] Safepoint "G1CollectForAllocation", Time since last: 90371668413 ns, Reaching safepoint: 82482 ns, At safepoint: 20809043 ns, Total: 20891525 ns
[2022-06-30T13:56:36.772+0000][9][gc,start    ] GC(485) Pause Young (Normal) (G1 Evacuation Pause)
[2022-06-30T13:56:36.774+0000][9][gc,task     ] GC(485) Using 4 workers of 4 for evacuation
[2022-06-30T13:56:36.775+0000][9][gc,age      ] GC(485) Desired survivor size 20971520 bytes, new threshold 15 (max threshold 15)
[2022-06-30T13:56:36.778+0000][9][gc,phases   ] GC(485)   Pre Evacuate Collection Set: 0.3ms
[2022-06-30T13:56:36.779+0000][9][gc,phases   ] GC(485)   Merge Heap Roots: 0.1ms
[2022-06-30T13:56:36.780+0000][9][gc,phases   ] GC(485)   Evacuate Collection Set: 1.4ms
[2022-06-30T13:56:36.780+0000][9][gc,phases   ] GC(485)   Post Evacuate Collection Set: 0.9ms
[2022-06-30T13:56:36.781+0000][9][gc,phases   ] GC(485)   Other: 1.5ms
[2022-06-30T13:56:36.782+0000][9][gc,age      ] GC(485) Age table with threshold 15 (max threshold 15)
[2022-06-30T13:56:36.783+0000][9][gc,age      ] GC(485) - age   1:     665336 bytes,     665336 total
[2022-06-30T13:56:36.783+0000][9][gc,age      ] GC(485) - age   2:       2296 bytes,     667632 total
[2022-06-30T13:56:36.784+0000][9][gc,age      ] GC(485) - age   3:      10704 bytes,     678336 total
[2022-06-30T13:56:36.784+0000][9][gc,age      ] GC(485) - age   4:        184 bytes,     678520 total
[2022-06-30T13:56:36.785+0000][9][gc,age      ] GC(485) - age   5:        488 bytes,     679008 total
[2022-06-30T13:56:36.785+0000][9][gc,age      ] GC(485) - age   9:        384 bytes,     679392 total
[2022-06-30T13:56:36.786+0000][9][gc,age      ] GC(485) - age  11:        752 bytes,     680144 total
[2022-06-30T13:56:36.787+0000][9][gc,age      ] GC(485) - age  13:       8216 bytes,     688360 total
[2022-06-30T13:56:36.787+0000][9][gc,age      ] GC(485) - age  15:       6432 bytes,     694792 total
[2022-06-30T13:56:36.787+0000][9][gc,heap     ] GC(485) Eden regions: 75->0(75)
[2022-06-30T13:56:36.788+0000][9][gc,heap     ] GC(485) Survivor regions: 1->1(10)
[2022-06-30T13:56:36.789+0000][9][gc,heap     ] GC(485) Old regions: 24->24
[2022-06-30T13:56:36.789+0000][9][gc,heap     ] GC(485) Archive regions: 2->2
[2022-06-30T13:56:36.790+0000][9][gc,heap     ] GC(485) Humongous regions: 0->0
[2022-06-30T13:56:36.790+0000][9][gc,metaspace] GC(485) Metaspace: 131627K(134976K)->131627K(134976K) NonClass: 114461K(116160K)->114461K(116160K) Class: 17166K(18816K)->17166K(18816K)
[2022-06-30T13:56:36.791+0000][9][gc          ] GC(485) Pause Young (Normal) (G1 Evacuation Pause) 400M->99M(512M) 18.282ms
[2022-06-30T13:56:36.791+0000][9][gc,cpu      ] GC(485) User=0.01s Sys=0.00s Real=0.02s
[2022-06-30T13:56:36.792+0000][9][safepoint   ] Safepoint "G1CollectForAllocation", Time since last: 110666531474 ns, Reaching safepoint: 177296 ns, At safepoint: 19368097 ns, Total: 19545393 ns
[2022-06-30T13:58:27.740+0000][9][gc,start    ] GC(486) Pause Young (Normal) (G1 Evacuation Pause)
[2022-06-30T13:58:27.741+0000][9][gc,task     ] GC(486) Using 4 workers of 4 for evacuation
[2022-06-30T13:58:27.741+0000][9][gc,age      ] GC(486) Desired survivor size 20971520 bytes, new threshold 15 (max threshold 15)
[2022-06-30T13:58:27.745+0000][9][gc,phases   ] GC(486)   Pre Evacuate Collection Set: 0.3ms
[2022-06-30T13:58:27.746+0000][9][gc,phases   ] GC(486)   Merge Heap Roots: 0.1ms
[2022-06-30T13:58:27.747+0000][9][gc,phases   ] GC(486)   Evacuate Collection Set: 1.6ms
[2022-06-30T13:58:27.747+0000][9][gc,phases   ] GC(486)   Post Evacuate Collection Set: 1.2ms
[2022-06-30T13:58:27.748+0000][9][gc,phases   ] GC(486)   Other: 1.5ms
[2022-06-30T13:58:27.748+0000][9][gc,age      ] GC(486) Age table with threshold 15 (max threshold 15)
[2022-06-30T13:58:27.749+0000][9][gc,age      ] GC(486) - age   1:     670760 bytes,     670760 total
[2022-06-30T13:58:27.750+0000][9][gc,age      ] GC(486) - age   2:       1368 bytes,     672128 total
[2022-06-30T13:58:27.750+0000][9][gc,age      ] GC(486) - age   3:        408 bytes,     672536 total
[2022-06-30T13:58:27.751+0000][9][gc,age      ] GC(486) - age   4:       2328 bytes,     674864 total
[2022-06-30T13:58:27.752+0000][9][gc,age      ] GC(486) - age   6:        488 bytes,     675352 total
[2022-06-30T13:58:27.753+0000][9][gc,age      ] GC(486) - age  10:        384 bytes,     675736 total
[2022-06-30T13:58:27.753+0000][9][gc,age      ] GC(486) - age  12:        752 bytes,     676488 total
[2022-06-30T13:58:27.754+0000][9][gc,age      ] GC(486) - age  14:       8216 bytes,     684704 total
[2022-06-30T13:58:27.754+0000][9][gc,heap     ] GC(486) Eden regions: 75->0(75)
[2022-06-30T13:58:27.755+0000][9][gc,heap     ] GC(486) Survivor regions: 1->1(10)
[2022-06-30T13:58:27.756+0000][9][gc,heap     ] GC(486) Old regions: 24->24
[2022-06-30T13:58:27.756+0000][9][gc,heap     ] GC(486) Archive regions: 2->2
[2022-06-30T13:58:27.757+0000][9][gc,heap     ] GC(486) Humongous regions: 0->0
[2022-06-30T13:58:27.757+0000][9][gc,metaspace] GC(486) Metaspace: 131627K(134976K)->131627K(134976K) NonClass: 114461K(116160K)->114461K(116160K) Class: 17166K(18816K)->17166K(18816K)
[2022-06-30T13:58:27.758+0000][9][gc          ] GC(486) Pause Young (Normal) (G1 Evacuation Pause) 399M->99M(512M) 18.182ms
[2022-06-30T13:58:27.758+0000][9][gc,cpu      ] GC(486) User=0.01s Sys=0.00s Real=0.02s
[2022-06-30T13:58:27.759+0000][9][safepoint   ] Safepoint "G1CollectForAllocation", Time since last: 111033975334 ns, Reaching safepoint: 124952 ns, At safepoint: 19419624 ns, Total: 19544576 ns
[2022-06-30T13:58:55.762+0000][9][safepoint   ] Safepoint "Cleanup", Time since last: 28022651470 ns, Reaching safepoint: 610053 ns, At safepoint: 38719 ns, Total: 648772 ns
[2022-06-30T14:00:09.718+0000][9][gc,start    ] GC(487) Pause Young (Normal) (G1 Evacuation Pause)
[2022-06-30T14:00:09.721+0000][9][gc,task     ] GC(487) Using 4 workers of 4 for evacuation
[2022-06-30T14:00:09.721+0000][9][gc,age      ] GC(487) Desired survivor size 20971520 bytes, new threshold 15 (max threshold 15)
[2022-06-30T14:00:09.726+0000][9][gc,phases   ] GC(487)   Pre Evacuate Collection Set: 0.2ms
[2022-06-30T14:00:09.727+0000][9][gc,phases   ] GC(487)   Merge Heap Roots: 0.1ms
[2022-06-30T14:00:09.728+0000][9][gc,phases   ] GC(487)   Evacuate Collection Set: 2.0ms
[2022-06-30T14:00:09.728+0000][9][gc,phases   ] GC(487)   Post Evacuate Collection Set: 1.2ms
[2022-06-30T14:00:09.729+0000][9][gc,phases   ] GC(487)   Other: 2.2ms
[2022-06-30T14:00:09.730+0000][9][gc,age      ] GC(487) Age table with threshold 15 (max threshold 15)
[2022-06-30T14:00:09.730+0000][9][gc,age      ] GC(487) - age   1:    1200912 bytes,    1200912 total
[2022-06-30T14:00:09.731+0000][9][gc,age      ] GC(487) - age   2:       1736 bytes,    1202648 total
[2022-06-30T14:00:09.732+0000][9][gc,age      ] GC(487) - age   3:         64 bytes,    1202712 total
[2022-06-30T14:00:09.732+0000][9][gc,age      ] GC(487) - age   4:         32 bytes,    1202744 total
[2022-06-30T14:00:09.733+0000][9][gc,age      ] GC(487) - age   5:       2328 bytes,    1205072 total
[2022-06-30T14:00:09.733+0000][9][gc,age      ] GC(487) - age   7:        280 bytes,    1205352 total
[2022-06-30T14:00:09.734+0000][9][gc,age      ] GC(487) - age  11:        384 bytes,    1205736 total
[2022-06-30T14:00:09.735+0000][9][gc,age      ] GC(487) - age  13:        752 bytes,    1206488 total
[2022-06-30T14:00:09.735+0000][9][gc,age      ] GC(487) - age  15:       8216 bytes,    1214704 total
[2022-06-30T14:00:09.736+0000][9][gc,heap     ] GC(487) Eden regions: 75->0(75)
[2022-06-30T14:00:09.736+0000][9][gc,heap     ] GC(487) Survivor regions: 1->1(10)
[2022-06-30T14:00:09.737+0000][9][gc,heap     ] GC(487) Old regions: 24->24
[2022-06-30T14:00:09.737+0000][9][gc,heap     ] GC(487) Archive regions: 2->2
[2022-06-30T14:00:09.738+0000][9][gc,heap     ] GC(487) Humongous regions: 0->0
[2022-06-30T14:00:09.739+0000][9][gc,metaspace] GC(487) Metaspace: 131627K(134976K)->131627K(134976K) NonClass: 114461K(116160K)->114461K(116160K) Class: 17166K(18816K)->17166K(18816K)
[2022-06-30T14:00:09.740+0000][9][gc          ] GC(487) Pause Young (Normal) (G1 Evacuation Pause) 399M->99M(512M) 21.617ms
[2022-06-30T14:00:09.740+0000][9][gc,cpu      ] GC(487) User=0.01s Sys=0.00s Real=0.02s
[2022-06-30T14:00:09.741+0000][9][safepoint   ] Safepoint "G1CollectForAllocation", Time since last: 74000919991 ns, Reaching safepoint: 64352 ns, At safepoint: 23186957 ns, Total: 23251309 ns
[2022-06-30T14:01:52.213+0000][9][gc,start    ] GC(488) Pause Young (Normal) (G1 Evacuation Pause)
[2022-06-30T14:01:52.214+0000][9][gc,task     ] GC(488) Using 4 workers of 4 for evacuation
[2022-06-30T14:01:52.215+0000][9][gc,age      ] GC(488) Desired survivor size 20971520 bytes, new threshold 15 (max threshold 15)
[2022-06-30T14:01:52.220+0000][9][gc,phases   ] GC(488)   Pre Evacuate Collection Set: 0.3ms
[2022-06-30T14:01:52.221+0000][9][gc,phases   ] GC(488)   Merge Heap Roots: 0.1ms
[2022-06-30T14:01:52.222+0000][9][gc,phases   ] GC(488)   Evacuate Collection Set: 2.0ms
[2022-06-30T14:01:52.223+0000][9][gc,phases   ] GC(488)   Post Evacuate Collection Set: 1.2ms
[2022-06-30T14:01:52.224+0000][9][gc,phases   ] GC(488)   Other: 2.5ms
[2022-06-30T14:01:52.224+0000][9][gc,age      ] GC(488) Age table with threshold 15 (max threshold 15)
[2022-06-30T14:01:52.225+0000][9][gc,age      ] GC(488) - age   1:    1302824 bytes,    1302824 total
[2022-06-30T14:01:52.226+0000][9][gc,age      ] GC(488) - age   2:      10144 bytes,    1312968 total
[2022-06-30T14:01:52.226+0000][9][gc,age      ] GC(488) - age   3:        480 bytes,    1313448 total
[2022-06-30T14:01:52.227+0000][9][gc,age      ] GC(488) - age   5:         32 bytes,    1313480 total
[2022-06-30T14:01:52.228+0000][9][gc,age      ] GC(488) - age   6:       2328 bytes,    1315808 total
[2022-06-30T14:01:52.229+0000][9][gc,age      ] GC(488) - age   8:         96 bytes,    1315904 total
[2022-06-30T14:01:52.229+0000][9][gc,age      ] GC(488) - age  14:        752 bytes,    1316656 total
[2022-06-30T14:01:52.230+0000][9][gc,heap     ] GC(488) Eden regions: 75->0(75)
[2022-06-30T14:01:52.230+0000][9][gc,heap     ] GC(488) Survivor regions: 1->1(10)
[2022-06-30T14:01:52.231+0000][9][gc,heap     ] GC(488) Old regions: 24->24
[2022-06-30T14:01:52.232+0000][9][gc,heap     ] GC(488) Archive regions: 2->2
[2022-06-30T14:01:52.232+0000][9][gc,heap     ] GC(488) Humongous regions: 0->0
[2022-06-30T14:01:52.233+0000][9][gc,metaspace] GC(488) Metaspace: 131627K(134976K)->131627K(134976K) NonClass: 114461K(116160K)->114461K(116160K) Class: 17166K(18816K)->17166K(18816K)
[2022-06-30T14:01:52.233+0000][9][gc          ] GC(488) Pause Young (Normal) (G1 Evacuation Pause) 399M->99M(512M) 20.317ms
[2022-06-30T14:01:52.234+0000][9][gc,cpu      ] GC(488) User=0.01s Sys=0.00s Real=0.02s
[2022-06-30T14:01:52.235+0000][9][safepoint   ] Safepoint "G1CollectForAllocation", Time since last: 102557760527 ns, Reaching safepoint: 157724 ns, At safepoint: 21788823 ns, Total: 21946547 ns
[2022-06-30T14:03:39.938+0000][9][gc,start    ] GC(489) Pause Young (Normal) (G1 Evacuation Pause)
[2022-06-30T14:03:39.939+0000][9][gc,task     ] GC(489) Using 4 workers of 4 for evacuation
[2022-06-30T14:03:39.939+0000][9][gc,age      ] GC(489) Desired survivor size 20971520 bytes, new threshold 15 (max threshold 15)
[2022-06-30T14:03:39.943+0000][9][gc,phases   ] GC(489)   Pre Evacuate Collection Set: 0.2ms
[2022-06-30T14:03:39.944+0000][9][gc,phases   ] GC(489)   Merge Heap Roots: 0.1ms
[2022-06-30T14:03:39.945+0000][9][gc,phases   ] GC(489)   Evacuate Collection Set: 2.1ms
[2022-06-30T14:03:39.945+0000][9][gc,phases   ] GC(489)   Post Evacuate Collection Set: 0.9ms
[2022-06-30T14:03:39.946+0000][9][gc,phases   ] GC(489)   Other: 1.2ms
[2022-06-30T14:03:39.946+0000][9][gc,age      ] GC(489) Age table with threshold 15 (max threshold 15)
[2022-06-30T14:03:39.947+0000][9][gc,age      ] GC(489) - age   1:    1756616 bytes,    1756616 total
[2022-06-30T14:03:39.948+0000][9][gc,age      ] GC(489) - age   2:       1920 bytes,    1758536 total
[2022-06-30T14:03:39.948+0000][9][gc,age      ] GC(489) - age   3:       8928 bytes,    1767464 total
[2022-06-30T14:03:39.949+0000][9][gc,age      ] GC(489) - age   4:        184 bytes,    1767648 total
[2022-06-30T14:03:39.950+0000][9][gc,age      ] GC(489) - age   7:        600 bytes,    1768248 total
[2022-06-30T14:03:39.951+0000][9][gc,age      ] GC(489) - age   9:         96 bytes,    1768344 total
[2022-06-30T14:03:39.952+0000][9][gc,age      ] GC(489) - age  15:        752 bytes,    1769096 total
[2022-06-30T14:03:39.952+0000][9][gc,heap     ] GC(489) Eden regions: 75->0(75)
[2022-06-30T14:03:39.953+0000][9][gc,heap     ] GC(489) Survivor regions: 1->1(10)
[2022-06-30T14:03:39.955+0000][9][gc,heap     ] GC(489) Old regions: 24->24
[2022-06-30T14:03:39.956+0000][9][gc,heap     ] GC(489) Archive regions: 2->2
[2022-06-30T14:03:39.956+0000][9][gc,heap     ] GC(489) Humongous regions: 0->0
[2022-06-30T14:03:39.957+0000][9][gc,metaspace] GC(489) Metaspace: 131627K(134976K)->131627K(134976K) NonClass: 114461K(116160K)->114461K(116160K) Class: 17166K(18816K)->17166K(18816K)
[2022-06-30T14:03:39.958+0000][9][gc          ] GC(489) Pause Young (Normal) (G1 Evacuation Pause) 399M->100M(512M) 20.095ms
[2022-06-30T14:03:39.958+0000][9][gc,cpu      ] GC(489) User=0.01s Sys=0.00s Real=0.02s
[2022-06-30T14:03:39.959+0000][9][safepoint   ] Safepoint "G1CollectForAllocation", Time since last: 107767549875 ns, Reaching safepoint: 73354 ns, At safepoint: 21657393 ns, Total: 21730747 ns
[2022-06-30T14:05:21.916+0000][9][gc,start    ] GC(490) Pause Young (Normal) (G1 Evacuation Pause)
[2022-06-30T14:05:21.917+0000][9][gc,task     ] GC(490) Using 4 workers of 4 for evacuation
[2022-06-30T14:05:21.917+0000][9][gc,age      ] GC(490) Desired survivor size 20971520 bytes, new threshold 15 (max threshold 15)
[2022-06-30T14:05:21.922+0000][9][gc,phases   ] GC(490)   Pre Evacuate Collection Set: 0.2ms
[2022-06-30T14:05:21.922+0000][9][gc,phases   ] GC(490)   Merge Heap Roots: 0.1ms
[2022-06-30T14:05:21.923+0000][9][gc,phases   ] GC(490)   Evacuate Collection Set: 2.1ms
[2022-06-30T14:05:21.924+0000][9][gc,phases   ] GC(490)   Post Evacuate Collection Set: 1.0ms
[2022-06-30T14:05:21.924+0000][9][gc,phases   ] GC(490)   Other: 1.5ms
[2022-06-30T14:05:21.925+0000][9][gc,age      ] GC(490) Age table with threshold 15 (max threshold 15)
[2022-06-30T14:05:21.925+0000][9][gc,age      ] GC(490) - age   1:    1998296 bytes,    1998296 total
[2022-06-30T14:05:21.926+0000][9][gc,age      ] GC(490) - age   2:       3672 bytes,    2001968 total
[2022-06-30T14:05:21.927+0000][9][gc,age      ] GC(490) - age   3:        640 bytes,    2002608 total
[2022-06-30T14:05:21.927+0000][9][gc,age      ] GC(490) - age   4:       8736 bytes,    2011344 total
[2022-06-30T14:05:21.928+0000][9][gc,age      ] GC(490) - age   5:        184 bytes,    2011528 total
[2022-06-30T14:05:21.928+0000][9][gc,age      ] GC(490) - age   8:        600 bytes,    2012128 total
[2022-06-30T14:05:21.929+0000][9][gc,age      ] GC(490) - age  10:         96 bytes,    2012224 total
[2022-06-30T14:05:21.930+0000][9][gc,heap     ] GC(490) Eden regions: 75->0(75)
[2022-06-30T14:05:21.931+0000][9][gc,heap     ] GC(490) Survivor regions: 1->1(10)
[2022-06-30T14:05:21.931+0000][9][gc,heap     ] GC(490) Old regions: 24->24
[2022-06-30T14:05:21.932+0000][9][gc,heap     ] GC(490) Archive regions: 2->2
[2022-06-30T14:05:21.932+0000][9][gc,heap     ] GC(490) Humongous regions: 0->0
[2022-06-30T14:05:21.933+0000][9][gc,metaspace] GC(490) Metaspace: 131627K(134976K)->131627K(134976K) NonClass: 114461K(116160K)->114461K(116160K) Class: 17166K(18816K)->17166K(18816K)
[2022-06-30T14:05:21.934+0000][9][gc          ] GC(490) Pause Young (Normal) (G1 Evacuation Pause) 400M->100M(512M) 17.766ms
[2022-06-30T14:05:21.934+0000][9][gc,cpu      ] GC(490) User=0.01s Sys=0.00s Real=0.02s
[2022-06-30T14:05:21.935+0000][9][safepoint   ] Safepoint "G1CollectForAllocation", Time since last: 102042753335 ns, Reaching safepoint: 240964 ns, At safepoint: 19031688 ns, Total: 19272652 ns
[2022-06-30T14:07:03.906+0000][9][gc,start    ] GC(491) Pause Young (Normal) (G1 Evacuation Pause)
[2022-06-30T14:07:03.907+0000][9][gc,task     ] GC(491) Using 4 workers of 4 for evacuation
[2022-06-30T14:07:03.908+0000][9][gc,age      ] GC(491) Desired survivor size 20971520 bytes, new threshold 15 (max threshold 15)
[2022-06-30T14:07:03.912+0000][9][gc,phases   ] GC(491)   Pre Evacuate Collection Set: 0.4ms
[2022-06-30T14:07:03.913+0000][9][gc,phases   ] GC(491)   Merge Heap Roots: 0.1ms
[2022-06-30T14:07:03.914+0000][9][gc,phases   ] GC(491)   Evacuate Collection Set: 1.4ms
[2022-06-30T14:07:03.914+0000][9][gc,phases   ] GC(491)   Post Evacuate Collection Set: 1.0ms
[2022-06-30T14:07:03.915+0000][9][gc,phases   ] GC(491)   Other: 1.5ms
[2022-06-30T14:07:03.915+0000][9][gc,age      ] GC(491) Age table with threshold 15 (max threshold 15)
[2022-06-30T14:07:03.916+0000][9][gc,age      ] GC(491) - age   1:     749912 bytes,     749912 total
[2022-06-30T14:07:03.916+0000][9][gc,age      ] GC(491) - age   2:       2008 bytes,     751920 total
[2022-06-30T14:07:03.917+0000][9][gc,age      ] GC(491) - age   3:       1944 bytes,     753864 total
[2022-06-30T14:07:03.917+0000][9][gc,age      ] GC(491) - age   4:        512 bytes,     754376 total
[2022-06-30T14:07:03.918+0000][9][gc,age      ] GC(491) - age   5:       8552 bytes,     762928 total
[2022-06-30T14:07:03.918+0000][9][gc,age      ] GC(491) - age   6:        184 bytes,     763112 total
[2022-06-30T14:07:03.918+0000][9][gc,age      ] GC(491) - age   9:        600 bytes,     763712 total
[2022-06-30T14:07:03.920+0000][9][gc,age      ] GC(491) - age  11:         96 bytes,     763808 total
[2022-06-30T14:07:03.920+0000][9][gc,heap     ] GC(491) Eden regions: 75->0(75)
[2022-06-30T14:07:03.921+0000][9][gc,heap     ] GC(491) Survivor regions: 1->1(10)
[2022-06-30T14:07:03.922+0000][9][gc,heap     ] GC(491) Old regions: 24->24
[2022-06-30T14:07:03.922+0000][9][gc,heap     ] GC(491) Archive regions: 2->2
[2022-06-30T14:07:03.923+0000][9][gc,heap     ] GC(491) Humongous regions: 0->0
[2022-06-30T14:07:03.923+0000][9][gc,metaspace] GC(491) Metaspace: 131627K(134976K)->131627K(134976K) NonClass: 114461K(116160K)->114461K(116160K) Class: 17166K(18816K)->17166K(18816K)
[2022-06-30T14:07:03.924+0000][9][gc          ] GC(491) Pause Young (Normal) (G1 Evacuation Pause) 400M->99M(512M) 17.919ms
[2022-06-30T14:07:03.925+0000][9][gc,cpu      ] GC(491) User=0.01s Sys=0.01s Real=0.01s
[2022-06-30T14:07:03.926+0000][9][safepoint   ] Safepoint "G1CollectForAllocation", Time since last: 102035476403 ns, Reaching safepoint: 101280 ns, At safepoint: 19458149 ns, Total: 19559429 ns
[2022-06-30T14:08:51.878+0000][9][gc,start    ] GC(492) Pause Young (Normal) (G1 Evacuation Pause)
[2022-06-30T14:08:51.879+0000][9][gc,task     ] GC(492) Using 4 workers of 4 for evacuation
[2022-06-30T14:08:51.880+0000][9][gc,age      ] GC(492) Desired survivor size 20971520 bytes, new threshold 15 (max threshold 15)
[2022-06-30T14:08:51.890+0000][9][gc,phases   ] GC(492)   Pre Evacuate Collection Set: 0.2ms
[2022-06-30T14:08:51.892+0000][9][gc,phases   ] GC(492)   Merge Heap Roots: 0.2ms
[2022-06-30T14:08:51.892+0000][9][gc,phases   ] GC(492)   Evacuate Collection Set: 1.7ms
[2022-06-30T14:08:51.893+0000][9][gc,phases   ] GC(492)   Post Evacuate Collection Set: 7.0ms
[2022-06-30T14:08:51.894+0000][9][gc,phases   ] GC(492)   Other: 2.3ms
[2022-06-30T14:08:51.894+0000][9][gc,age      ] GC(492) Age table with threshold 15 (max threshold 15)
[2022-06-30T14:08:51.895+0000][9][gc,age      ] GC(492) - age   1:     835160 bytes,     835160 total
[2022-06-30T14:08:51.896+0000][9][gc,age      ] GC(492) - age   2:       1016 bytes,     836176 total
[2022-06-30T14:08:51.896+0000][9][gc,age      ] GC(492) - age   3:        432 bytes,     836608 total
[2022-06-30T14:08:51.897+0000][9][gc,age      ] GC(492) - age   4:       1912 bytes,     838520 total
[2022-06-30T14:08:51.898+0000][9][gc,age      ] GC(492) - age   5:        384 bytes,     838904 total
[2022-06-30T14:08:51.899+0000][9][gc,age      ] GC(492) - age   6:       8256 bytes,     847160 total
[2022-06-30T14:08:51.899+0000][9][gc,age      ] GC(492) - age   7:        184 bytes,     847344 total
[2022-06-30T14:08:51.900+0000][9][gc,age      ] GC(492) - age  10:        208 bytes,     847552 total
[2022-06-30T14:08:51.901+0000][9][gc,age      ] GC(492) - age  12:         96 bytes,     847648 total
[2022-06-30T14:08:51.901+0000][9][gc,heap     ] GC(492) Eden regions: 75->0(75)
[2022-06-30T14:08:51.903+0000][9][gc,heap     ] GC(492) Survivor regions: 1->1(10)
[2022-06-30T14:08:51.903+0000][9][gc,heap     ] GC(492) Old regions: 24->24
[2022-06-30T14:08:51.904+0000][9][gc,heap     ] GC(492) Archive regions: 2->2
[2022-06-30T14:08:51.905+0000][9][gc,heap     ] GC(492) Humongous regions: 0->0
[2022-06-30T14:08:51.906+0000][9][gc,metaspace] GC(492) Metaspace: 131627K(134976K)->131627K(134976K) NonClass: 114461K(116160K)->114461K(116160K) Class: 17166K(18816K)->17166K(18816K)
[2022-06-30T14:08:51.906+0000][9][gc          ] GC(492) Pause Young (Normal) (G1 Evacuation Pause) 399M->99M(512M) 28.334ms
[2022-06-30T14:08:51.907+0000][9][gc,cpu      ] GC(492) User=0.00s Sys=0.00s Real=0.02s
[2022-06-30T14:08:51.908+0000][9][safepoint   ] Safepoint "G1CollectForAllocation", Time since last: 108039381209 ns, Reaching safepoint: 100117 ns, At safepoint: 29775994 ns, Total: 29876111 ns
[2022-06-30T14:10:33.844+0000][9][gc,start    ] GC(493) Pause Young (Normal) (G1 Evacuation Pause)
[2022-06-30T14:10:33.846+0000][9][gc,task     ] GC(493) Using 4 workers of 4 for evacuation
[2022-06-30T14:10:33.847+0000][9][gc,age      ] GC(493) Desired survivor size 20971520 bytes, new threshold 15 (max threshold 15)
[2022-06-30T14:10:33.851+0000][9][gc,phases   ] GC(493)   Pre Evacuate Collection Set: 0.2ms
[2022-06-30T14:10:33.852+0000][9][gc,phases   ] GC(493)   Merge Heap Roots: 0.1ms
[2022-06-30T14:10:33.853+0000][9][gc,phases   ] GC(493)   Evacuate Collection Set: 2.1ms
[2022-06-30T14:10:33.853+0000][9][gc,phases   ] GC(493)   Post Evacuate Collection Set: 1.0ms
[2022-06-30T14:10:33.854+0000][9][gc,phases   ] GC(493)   Other: 2.0ms
[2022-06-30T14:10:33.855+0000][9][gc,age      ] GC(493) Age table with threshold 15 (max threshold 15)
[2022-06-30T14:10:33.855+0000][9][gc,age      ] GC(493) - age   1:    1038336 bytes,    1038336 total
[2022-06-30T14:10:33.856+0000][9][gc,age      ] GC(493) - age   2:       1720 bytes,    1040056 total
[2022-06-30T14:10:33.857+0000][9][gc,age      ] GC(493) - age   3:        608 bytes,    1040664 total
[2022-06-30T14:10:33.857+0000][9][gc,age      ] GC(493) - age   4:        248 bytes,    1040912 total
[2022-06-30T14:10:33.858+0000][9][gc,age      ] GC(493) - age   5:       1912 bytes,    1042824 total
[2022-06-30T14:10:33.858+0000][9][gc,age      ] GC(493) - age   6:        384 bytes,    1043208 total
[2022-06-30T14:10:33.859+0000][9][gc,age      ] GC(493) - age   7:       8104 bytes,    1051312 total
[2022-06-30T14:10:33.859+0000][9][gc,age      ] GC(493) - age   8:        184 bytes,    1051496 total
[2022-06-30T14:10:33.860+0000][9][gc,age      ] GC(493) - age  11:        208 bytes,    1051704 total
[2022-06-30T14:10:33.861+0000][9][gc,age      ] GC(493) - age  13:         64 bytes,    1051768 total
[2022-06-30T14:10:33.862+0000][9][gc,heap     ] GC(493) Eden regions: 75->0(75)
[2022-06-30T14:10:33.862+0000][9][gc,heap     ] GC(493) Survivor regions: 1->1(10)
[2022-06-30T14:10:33.862+0000][9][gc,heap     ] GC(493) Old regions: 24->24
[2022-06-30T14:10:33.863+0000][9][gc,heap     ] GC(493) Archive regions: 2->2
[2022-06-30T14:10:33.864+0000][9][gc,heap     ] GC(493) Humongous regions: 0->0
[2022-06-30T14:10:33.864+0000][9][gc,metaspace] GC(493) Metaspace: 131629K(134976K)->131629K(134976K) NonClass: 114463K(116160K)->114463K(116160K) Class: 17166K(18816K)->17166K(18816K)
[2022-06-30T14:10:33.865+0000][9][gc          ] GC(493) Pause Young (Normal) (G1 Evacuation Pause) 399M->99M(512M) 21.005ms
[2022-06-30T14:10:33.866+0000][9][gc,cpu      ] GC(493) User=0.01s Sys=0.00s Real=0.02s
[2022-06-30T14:10:33.867+0000][9][safepoint   ] Safepoint "G1CollectForAllocation", Time since last: 102000851194 ns, Reaching safepoint: 216195 ns, At safepoint: 22489504 ns, Total: 22705699 ns
[2022-06-30T14:10:43.878+0000][9][safepoint   ] Safepoint "Cleanup", Time since last: 10011527423 ns, Reaching safepoint: 225136 ns, At safepoint: 14489 ns, Total: 239625 ns
[2022-06-30T14:12:16.117+0000][9][gc,start    ] GC(494) Pause Young (Normal) (G1 Evacuation Pause)
[2022-06-30T14:12:16.119+0000][9][gc,task     ] GC(494) Using 4 workers of 4 for evacuation
[2022-06-30T14:12:16.120+0000][9][gc,age      ] GC(494) Desired survivor size 20971520 bytes, new threshold 15 (max threshold 15)
[2022-06-30T14:12:16.125+0000][9][gc,phases   ] GC(494)   Pre Evacuate Collection Set: 0.2ms
[2022-06-30T14:12:16.126+0000][9][gc,phases   ] GC(494)   Merge Heap Roots: 0.1ms
[2022-06-30T14:12:16.127+0000][9][gc,phases   ] GC(494)   Evacuate Collection Set: 3.3ms
[2022-06-30T14:12:16.128+0000][9][gc,phases   ] GC(494)   Post Evacuate Collection Set: 1.2ms
[2022-06-30T14:12:16.129+0000][9][gc,phases   ] GC(494)   Other: 2.0ms
[2022-06-30T14:12:16.129+0000][9][gc,age      ] GC(494) Age table with threshold 15 (max threshold 15)
[2022-06-30T14:12:16.130+0000][9][gc,age      ] GC(494) - age   1:    1180088 bytes,    1180088 total
[2022-06-30T14:12:16.131+0000][9][gc,age      ] GC(494) - age   2:       2400 bytes,    1182488 total
[2022-06-30T14:12:16.132+0000][9][gc,age      ] GC(494) - age   3:        576 bytes,    1183064 total
[2022-06-30T14:12:16.132+0000][9][gc,age      ] GC(494) - age   4:        248 bytes,    1183312 total
[2022-06-30T14:12:16.133+0000][9][gc,age      ] GC(494) - age   5:        184 bytes,    1183496 total
[2022-06-30T14:12:16.134+0000][9][gc,age      ] GC(494) - age   6:       1912 bytes,    1185408 total
[2022-06-30T14:12:16.134+0000][9][gc,age      ] GC(494) - age   7:        384 bytes,    1185792 total
[2022-06-30T14:12:16.135+0000][9][gc,age      ] GC(494) - age   8:       8104 bytes,    1193896 total
[2022-06-30T14:12:16.135+0000][9][gc,age      ] GC(494) - age   9:        184 bytes,    1194080 total
[2022-06-30T14:12:16.136+0000][9][gc,age      ] GC(494) - age  12:        208 bytes,    1194288 total
[2022-06-30T14:12:16.136+0000][9][gc,age      ] GC(494) - age  14:         64 bytes,    1194352 total
[2022-06-30T14:12:16.137+0000][9][gc,heap     ] GC(494) Eden regions: 75->0(75)
[2022-06-30T14:12:16.138+0000][9][gc,heap     ] GC(494) Survivor regions: 1->1(10)
[2022-06-30T14:12:16.138+0000][9][gc,heap     ] GC(494) Old regions: 24->24
[2022-06-30T14:12:16.139+0000][9][gc,heap     ] GC(494) Archive regions: 2->2
[2022-06-30T14:12:16.140+0000][9][gc,heap     ] GC(494) Humongous regions: 0->0
[2022-06-30T14:12:16.140+0000][9][gc,metaspace] GC(494) Metaspace: 131629K(134976K)->131629K(134976K) NonClass: 114463K(116160K)->114463K(116160K) Class: 17166K(18816K)->17166K(18816K)
[2022-06-30T14:12:16.141+0000][9][gc          ] GC(494) Pause Young (Normal) (G1 Evacuation Pause) 399M->99M(512M) 24.347ms
[2022-06-30T14:12:16.142+0000][9][gc,cpu      ] GC(494) User=0.01s Sys=0.00s Real=0.02s
[2022-06-30T14:12:16.142+0000][9][safepoint   ] Safepoint "G1CollectForAllocation", Time since last: 92324822958 ns, Reaching safepoint: 164052 ns, At safepoint: 25964721 ns, Total: 26128773 ns
[2022-06-30T14:13:58.046+0000][9][gc,start    ] GC(495) Pause Young (Normal) (G1 Evacuation Pause)
[2022-06-30T14:13:58.048+0000][9][gc,task     ] GC(495) Using 4 workers of 4 for evacuation
[2022-06-30T14:13:58.048+0000][9][gc,age      ] GC(495) Desired survivor size 20971520 bytes, new threshold 15 (max threshold 15)
[2022-06-30T14:13:58.054+0000][9][gc,phases   ] GC(495)   Pre Evacuate Collection Set: 0.2ms
[2022-06-30T14:13:58.054+0000][9][gc,phases   ] GC(495)   Merge Heap Roots: 0.1ms
[2022-06-30T14:13:58.055+0000][9][gc,phases   ] GC(495)   Evacuate Collection Set: 2.9ms
[2022-06-30T14:13:58.056+0000][9][gc,phases   ] GC(495)   Post Evacuate Collection Set: 1.3ms
[2022-06-30T14:13:58.056+0000][9][gc,phases   ] GC(495)   Other: 1.5ms
[2022-06-30T14:13:58.057+0000][9][gc,age      ] GC(495) Age table with threshold 15 (max threshold 15)
[2022-06-30T14:13:58.058+0000][9][gc,age      ] GC(495) - age   1:    1785536 bytes,    1785536 total
[2022-06-30T14:13:58.058+0000][9][gc,age      ] GC(495) - age   2:       2456 bytes,    1787992 total
[2022-06-30T14:13:58.059+0000][9][gc,age      ] GC(495) - age   3:        856 bytes,    1788848 total
[2022-06-30T14:13:58.060+0000][9][gc,age      ] GC(495) - age   4:        576 bytes,    1789424 total
[2022-06-30T14:13:58.061+0000][9][gc,age      ] GC(495) - age   5:        184 bytes,    1789608 total
[2022-06-30T14:13:58.061+0000][9][gc,age      ] GC(495) - age   7:        184 bytes,    1789792 total
[2022-06-30T14:13:58.062+0000][9][gc,age      ] GC(495) - age   8:        384 bytes,    1790176 total
[2022-06-30T14:13:58.062+0000][9][gc,age      ] GC(495) - age   9:       8104 bytes,    1798280 total
[2022-06-30T14:13:58.063+0000][9][gc,age      ] GC(495) - age  10:        184 bytes,    1798464 total
[2022-06-30T14:13:58.064+0000][9][gc,age      ] GC(495) - age  13:        208 bytes,    1798672 total
[2022-06-30T14:13:58.064+0000][9][gc,age      ] GC(495) - age  15:         64 bytes,    1798736 total
[2022-06-30T14:13:58.065+0000][9][gc,heap     ] GC(495) Eden regions: 75->0(75)
[2022-06-30T14:13:58.065+0000][9][gc,heap     ] GC(495) Survivor regions: 1->1(10)
[2022-06-30T14:13:58.066+0000][9][gc,heap     ] GC(495) Old regions: 24->24
[2022-06-30T14:13:58.066+0000][9][gc,heap     ] GC(495) Archive regions: 2->2
[2022-06-30T14:13:58.067+0000][9][gc,heap     ] GC(495) Humongous regions: 0->0
[2022-06-30T14:13:58.068+0000][9][gc,metaspace] GC(495) Metaspace: 131629K(134976K)->131629K(134976K) NonClass: 114463K(116160K)->114463K(116160K) Class: 17166K(18816K)->17166K(18816K)
[2022-06-30T14:13:58.069+0000][9][gc          ] GC(495) Pause Young (Normal) (G1 Evacuation Pause) 399M->100M(512M) 23.178ms
[2022-06-30T14:13:58.070+0000][9][gc,cpu      ] GC(495) User=0.01s Sys=0.00s Real=0.02s
[2022-06-30T14:13:58.071+0000][9][safepoint   ] Safepoint "G1CollectForAllocation", Time since last: 101968311605 ns, Reaching safepoint: 239198 ns, At safepoint: 25027780 ns, Total: 25266978 ns
[2022-06-30T14:15:36.987+0000][9][gc,start    ] GC(496) Pause Young (Normal) (G1 Evacuation Pause)
[2022-06-30T14:15:36.988+0000][9][gc,task     ] GC(496) Using 4 workers of 4 for evacuation
[2022-06-30T14:15:36.989+0000][9][gc,age      ] GC(496) Desired survivor size 20971520 bytes, new threshold 15 (max threshold 15)
[2022-06-30T14:15:36.993+0000][9][gc,phases   ] GC(496)   Pre Evacuate Collection Set: 0.2ms
[2022-06-30T14:15:36.994+0000][9][gc,phases   ] GC(496)   Merge Heap Roots: 0.1ms
[2022-06-30T14:15:36.995+0000][9][gc,phases   ] GC(496)   Evacuate Collection Set: 1.5ms
[2022-06-30T14:15:36.995+0000][9][gc,phases   ] GC(496)   Post Evacuate Collection Set: 1.5ms
[2022-06-30T14:15:36.996+0000][9][gc,phases   ] GC(496)   Other: 1.7ms
[2022-06-30T14:15:36.996+0000][9][gc,age      ] GC(496) Age table with threshold 15 (max threshold 15)
[2022-06-30T14:15:36.997+0000][9][gc,age      ] GC(496) - age   1:     517032 bytes,     517032 total
[2022-06-30T14:15:36.997+0000][9][gc,age      ] GC(496) - age   2:       2968 bytes,     520000 total
[2022-06-30T14:15:36.998+0000][9][gc,age      ] GC(496) - age   3:        544 bytes,     520544 total
[2022-06-30T14:15:36.998+0000][9][gc,age      ] GC(496) - age   4:        480 bytes,     521024 total
[2022-06-30T14:15:36.999+0000][9][gc,age      ] GC(496) - age   5:        576 bytes,     521600 total
[2022-06-30T14:15:36.999+0000][9][gc,age      ] GC(496) - age   6:        184 bytes,     521784 total
[2022-06-30T14:15:37.000+0000][9][gc,age      ] GC(496) - age   8:        184 bytes,     521968 total
[2022-06-30T14:15:37.001+0000][9][gc,age      ] GC(496) - age   9:        384 bytes,     522352 total
[2022-06-30T14:15:37.001+0000][9][gc,age      ] GC(496) - age  10:       8104 bytes,     530456 total
[2022-06-30T14:15:37.002+0000][9][gc,age      ] GC(496) - age  14:        208 bytes,     530664 total
[2022-06-30T14:15:37.002+0000][9][gc,heap     ] GC(496) Eden regions: 75->0(75)
[2022-06-30T14:15:37.003+0000][9][gc,heap     ] GC(496) Survivor regions: 1->1(10)
[2022-06-30T14:15:37.003+0000][9][gc,heap     ] GC(496) Old regions: 24->24
[2022-06-30T14:15:37.004+0000][9][gc,heap     ] GC(496) Archive regions: 2->2
[2022-06-30T14:15:37.005+0000][9][gc,heap     ] GC(496) Humongous regions: 0->0
[2022-06-30T14:15:37.005+0000][9][gc,metaspace] GC(496) Metaspace: 131629K(134976K)->131629K(134976K) NonClass: 114463K(116160K)->114463K(116160K) Class: 17166K(18816K)->17166K(18816K)
[2022-06-30T14:15:37.006+0000][9][gc          ] GC(496) Pause Young (Normal) (G1 Evacuation Pause) 400M->99M(512M) 19.474ms
[2022-06-30T14:15:37.007+0000][9][gc,cpu      ] GC(496) User=0.01s Sys=0.00s Real=0.02s
[2022-06-30T14:15:37.011+0000][9][safepoint   ] Safepoint "G1CollectForAllocation", Time since last: 98979316786 ns, Reaching safepoint: 106686 ns, At safepoint: 24111886 ns, Total: 24218572 ns
[2022-06-30T14:17:22.021+0000][9][gc,start    ] GC(497) Pause Young (Normal) (G1 Evacuation Pause)
[2022-06-30T14:17:22.023+0000][9][gc,task     ] GC(497) Using 4 workers of 4 for evacuation
[2022-06-30T14:17:22.024+0000][9][gc,age      ] GC(497) Desired survivor size 20971520 bytes, new threshold 15 (max threshold 15)
[2022-06-30T14:17:22.029+0000][9][gc,phases   ] GC(497)   Pre Evacuate Collection Set: 0.3ms
[2022-06-30T14:17:22.031+0000][9][gc,phases   ] GC(497)   Merge Heap Roots: 0.2ms
[2022-06-30T14:17:22.032+0000][9][gc,phases   ] GC(497)   Evacuate Collection Set: 1.9ms
[2022-06-30T14:17:22.033+0000][9][gc,phases   ] GC(497)   Post Evacuate Collection Set: 1.5ms
[2022-06-30T14:17:22.033+0000][9][gc,phases   ] GC(497)   Other: 2.1ms
[2022-06-30T14:17:22.034+0000][9][gc,age      ] GC(497) Age table with threshold 15 (max threshold 15)
[2022-06-30T14:17:22.035+0000][9][gc,age      ] GC(497) - age   1:     584448 bytes,     584448 total
[2022-06-30T14:17:22.036+0000][9][gc,age      ] GC(497) - age   2:       1752 bytes,     586200 total
[2022-06-30T14:17:22.036+0000][9][gc,age      ] GC(497) - age   3:       2072 bytes,     588272 total
[2022-06-30T14:17:22.037+0000][9][gc,age      ] GC(497) - age   4:        480 bytes,     588752 total
[2022-06-30T14:17:22.038+0000][9][gc,age      ] GC(497) - age   5:        480 bytes,     589232 total
[2022-06-30T14:17:22.038+0000][9][gc,age      ] GC(497) - age   6:        576 bytes,     589808 total
[2022-06-30T14:17:22.039+0000][9][gc,age      ] GC(497) - age   7:        184 bytes,     589992 total
[2022-06-30T14:17:22.039+0000][9][gc,age      ] GC(497) - age   9:        184 bytes,     590176 total
[2022-06-30T14:17:22.040+0000][9][gc,age      ] GC(497) - age  10:        384 bytes,     590560 total
[2022-06-30T14:17:22.041+0000][9][gc,age      ] GC(497) - age  11:       8080 bytes,     598640 total
[2022-06-30T14:17:22.041+0000][9][gc,age      ] GC(497) - age  15:        208 bytes,     598848 total
[2022-06-30T14:17:22.042+0000][9][gc,heap     ] GC(497) Eden regions: 75->0(75)
[2022-06-30T14:17:22.042+0000][9][gc,heap     ] GC(497) Survivor regions: 1->1(10)
[2022-06-30T14:17:22.043+0000][9][gc,heap     ] GC(497) Old regions: 24->24
[2022-06-30T14:17:22.043+0000][9][gc,heap     ] GC(497) Archive regions: 2->2
[2022-06-30T14:17:22.044+0000][9][gc,heap     ] GC(497) Humongous regions: 0->0
[2022-06-30T14:17:22.045+0000][9][gc,metaspace] GC(497) Metaspace: 131629K(134976K)->131629K(134976K) NonClass: 114463K(116160K)->114463K(116160K) Class: 17166K(18816K)->17166K(18816K)
[2022-06-30T14:17:22.046+0000][9][gc          ] GC(497) Pause Young (Normal) (G1 Evacuation Pause) 399M->99M(512M) 24.304ms
[2022-06-30T14:17:22.046+0000][9][gc,cpu      ] GC(497) User=0.01s Sys=0.00s Real=0.02s
[2022-06-30T14:17:22.047+0000][9][safepoint   ] Safepoint "G1CollectForAllocation", Time since last: 105097869559 ns, Reaching safepoint: 98855 ns, At safepoint: 25486560 ns, Total: 25585415 ns
[2022-06-30T14:19:10.023+0000][9][gc,start    ] GC(498) Pause Young (Normal) (G1 Evacuation Pause)
[2022-06-30T14:19:10.025+0000][9][gc,task     ] GC(498) Using 4 workers of 4 for evacuation
[2022-06-30T14:19:10.026+0000][9][gc,age      ] GC(498) Desired survivor size 20971520 bytes, new threshold 15 (max threshold 15)
[2022-06-30T14:19:10.031+0000][9][gc,phases   ] GC(498)   Pre Evacuate Collection Set: 0.3ms
[2022-06-30T14:19:10.031+0000][9][gc,phases   ] GC(498)   Merge Heap Roots: 0.1ms
[2022-06-30T14:19:10.032+0000][9][gc,phases   ] GC(498)   Evacuate Collection Set: 2.5ms
[2022-06-30T14:19:10.033+0000][9][gc,phases   ] GC(498)   Post Evacuate Collection Set: 1.1ms
[2022-06-30T14:19:10.034+0000][9][gc,phases   ] GC(498)   Other: 1.8ms
[2022-06-30T14:19:10.034+0000][9][gc,age      ] GC(498) Age table with threshold 15 (max threshold 15)
[2022-06-30T14:19:10.035+0000][9][gc,age      ] GC(498) - age   1:    1069336 bytes,    1069336 total
[2022-06-30T14:19:10.035+0000][9][gc,age      ] GC(498) - age   2:        928 bytes,    1070264 total
[2022-06-30T14:19:10.036+0000][9][gc,age      ] GC(498) - age   3:        224 bytes,    1070488 total
[2022-06-30T14:19:10.037+0000][9][gc,age      ] GC(498) - age   4:       1944 bytes,    1072432 total
[2022-06-30T14:19:10.037+0000][9][gc,age      ] GC(498) - age   5:        480 bytes,    1072912 total
[2022-06-30T14:19:10.038+0000][9][gc,age      ] GC(498) - age   6:        304 bytes,    1073216 total
[2022-06-30T14:19:10.038+0000][9][gc,age      ] GC(498) - age   7:        576 bytes,    1073792 total
[2022-06-30T14:19:10.039+0000][9][gc,age      ] GC(498) - age   8:        184 bytes,    1073976 total
[2022-06-30T14:19:10.040+0000][9][gc,age      ] GC(498) - age  10:        184 bytes,    1074160 total
[2022-06-30T14:19:10.040+0000][9][gc,age      ] GC(498) - age  11:        384 bytes,    1074544 total
[2022-06-30T14:19:10.044+0000][9][gc,age      ] GC(498) - age  12:       8048 bytes,    1082592 total
[2022-06-30T14:19:10.045+0000][9][gc,heap     ] GC(498) Eden regions: 75->0(75)
[2022-06-30T14:19:10.046+0000][9][gc,heap     ] GC(498) Survivor regions: 1->1(10)
[2022-06-30T14:19:10.046+0000][9][gc,heap     ] GC(498) Old regions: 24->24
[2022-06-30T14:19:10.047+0000][9][gc,heap     ] GC(498) Archive regions: 2->2
[2022-06-30T14:19:10.048+0000][9][gc,heap     ] GC(498) Humongous regions: 0->0
[2022-06-30T14:19:10.048+0000][9][gc,metaspace] GC(498) Metaspace: 131629K(134976K)->131629K(134976K) NonClass: 114463K(116160K)->114463K(116160K) Class: 17166K(18816K)->17166K(18816K)
[2022-06-30T14:19:10.049+0000][9][gc          ] GC(498) Pause Young (Normal) (G1 Evacuation Pause) 399M->99M(512M) 25.562ms
[2022-06-30T14:19:10.049+0000][9][gc,cpu      ] GC(498) User=0.01s Sys=0.00s Real=0.03s
[2022-06-30T14:19:10.050+0000][9][safepoint   ] Safepoint "G1CollectForAllocation", Time since last: 108040105019 ns, Reaching safepoint: 196836 ns, At safepoint: 26845357 ns, Total: 27042193 ns
[2022-06-30T14:20:54.902+0000][9][gc,start    ] GC(499) Pause Young (Normal) (G1 Evacuation Pause)
[2022-06-30T14:20:54.903+0000][9][gc,task     ] GC(499) Using 4 workers of 4 for evacuation
[2022-06-30T14:20:54.905+0000][9][gc,age      ] GC(499) Desired survivor size 20971520 bytes, new threshold 15 (max threshold 15)
[2022-06-30T14:20:54.909+0000][9][gc,phases   ] GC(499)   Pre Evacuate Collection Set: 0.2ms
[2022-06-30T14:20:54.910+0000][9][gc,phases   ] GC(499)   Merge Heap Roots: 0.1ms
[2022-06-30T14:20:54.912+0000][9][gc,phases   ] GC(499)   Evacuate Collection Set: 1.9ms
[2022-06-30T14:20:54.914+0000][9][gc,phases   ] GC(499)   Post Evacuate Collection Set: 1.2ms
[2022-06-30T14:20:54.914+0000][9][gc,phases   ] GC(499)   Other: 2.2ms
[2022-06-30T14:20:54.915+0000][9][gc,age      ] GC(499) Age table with threshold 15 (max threshold 15)
[2022-06-30T14:20:54.916+0000][9][gc,age      ] GC(499) - age   1:    1059608 bytes,    1059608 total
[2022-06-30T14:20:54.917+0000][9][gc,age      ] GC(499) - age   2:       1968 bytes,    1061576 total
[2022-06-30T14:20:54.917+0000][9][gc,age      ] GC(499) - age   3:        248 bytes,    1061824 total
[2022-06-30T14:20:54.918+0000][9][gc,age      ] GC(499) - age   4:         64 bytes,    1061888 total
[2022-06-30T14:20:54.919+0000][9][gc,age      ] GC(499) - age   5:       1944 bytes,    1063832 total
[2022-06-30T14:20:54.919+0000][9][gc,age      ] GC(499) - age   6:        184 bytes,    1064016 total
[2022-06-30T14:20:54.920+0000][9][gc,age      ] GC(499) - age   7:        304 bytes,    1064320 total
[2022-06-30T14:20:54.920+0000][9][gc,age      ] GC(499) - age   8:        576 bytes,    1064896 total
[2022-06-30T14:20:54.921+0000][9][gc,age      ] GC(499) - age   9:        184 bytes,    1065080 total
[2022-06-30T14:20:54.922+0000][9][gc,age      ] GC(499) - age  11:        184 bytes,    1065264 total
[2022-06-30T14:20:54.922+0000][9][gc,age      ] GC(499) - age  12:        384 bytes,    1065648 total
[2022-06-30T14:20:54.923+0000][9][gc,age      ] GC(499) - age  13:       8048 bytes,    1073696 total
[2022-06-30T14:20:54.923+0000][9][gc,heap     ] GC(499) Eden regions: 75->0(75)
[2022-06-30T14:20:54.924+0000][9][gc,heap     ] GC(499) Survivor regions: 1->1(10)
[2022-06-30T14:20:54.925+0000][9][gc,heap     ] GC(499) Old regions: 24->24
[2022-06-30T14:20:54.925+0000][9][gc,heap     ] GC(499) Archive regions: 2->2
[2022-06-30T14:20:54.927+0000][9][gc,heap     ] GC(499) Humongous regions: 0->0
[2022-06-30T14:20:54.927+0000][9][gc,metaspace] GC(499) Metaspace: 131629K(134976K)->131629K(134976K) NonClass: 114463K(116160K)->114463K(116160K) Class: 17166K(18816K)->17166K(18816K)
[2022-06-30T14:20:54.928+0000][9][gc          ] GC(499) Pause Young (Normal) (G1 Evacuation Pause) 399M->99M(512M) 26.104ms
[2022-06-30T14:20:54.929+0000][9][gc,cpu      ] GC(499) User=0.01s Sys=0.00s Real=0.02s
[2022-06-30T14:20:54.930+0000][9][safepoint   ] Safepoint "G1CollectForAllocation", Time since last: 104938476022 ns, Reaching safepoint: 272920 ns, At safepoint: 27600616 ns, Total: 27873536 ns
[2022-06-30T14:22:39.946+0000][9][gc,start    ] GC(500) Pause Young (Normal) (G1 Evacuation Pause)
[2022-06-30T14:22:39.947+0000][9][gc,task     ] GC(500) Using 4 workers of 4 for evacuation
[2022-06-30T14:22:39.947+0000][9][gc,age      ] GC(500) Desired survivor size 20971520 bytes, new threshold 15 (max threshold 15)
[2022-06-30T14:22:39.951+0000][9][gc,phases   ] GC(500)   Pre Evacuate Collection Set: 0.2ms
[2022-06-30T14:22:39.952+0000][9][gc,phases   ] GC(500)   Merge Heap Roots: 0.1ms
[2022-06-30T14:22:39.953+0000][9][gc,phases   ] GC(500)   Evacuate Collection Set: 1.6ms
[2022-06-30T14:22:39.954+0000][9][gc,phases   ] GC(500)   Post Evacuate Collection Set: 1.0ms
[2022-06-30T14:22:39.956+0000][9][gc,phases   ] GC(500)   Other: 1.5ms
[2022-06-30T14:22:39.957+0000][9][gc,age      ] GC(500) Age table with threshold 15 (max threshold 15)
[2022-06-30T14:22:39.958+0000][9][gc,age      ] GC(500) - age   1:    1173192 bytes,    1173192 total
[2022-06-30T14:22:39.959+0000][9][gc,age      ] GC(500) - age   2:      14128 bytes,    1187320 total
[2022-06-30T14:22:39.959+0000][9][gc,age      ] GC(500) - age   3:        752 bytes,    1188072 total
[2022-06-30T14:22:39.960+0000][9][gc,age      ] GC(500) - age   4:        184 bytes,    1188256 total
[2022-06-30T14:22:39.960+0000][9][gc,age      ] GC(500) - age   6:       1944 bytes,    1190200 total
[2022-06-30T14:22:39.961+0000][9][gc,age      ] GC(500) - age   7:        184 bytes,    1190384 total
[2022-06-30T14:22:39.961+0000][9][gc,age      ] GC(500) - age   8:        304 bytes,    1190688 total
[2022-06-30T14:22:39.962+0000][9][gc,age      ] GC(500) - age   9:        576 bytes,    1191264 total
[2022-06-30T14:22:39.962+0000][9][gc,age      ] GC(500) - age  10:        184 bytes,    1191448 total
[2022-06-30T14:22:39.963+0000][9][gc,age      ] GC(500) - age  12:        184 bytes,    1191632 total
[2022-06-30T14:22:39.963+0000][9][gc,age      ] GC(500) - age  14:       8048 bytes,    1199680 total
[2022-06-30T14:22:39.964+0000][9][gc,heap     ] GC(500) Eden regions: 75->0(75)
[2022-06-30T14:22:39.965+0000][9][gc,heap     ] GC(500) Survivor regions: 1->1(10)
[2022-06-30T14:22:39.965+0000][9][gc,heap     ] GC(500) Old regions: 24->24
[2022-06-30T14:22:39.966+0000][9][gc,heap     ] GC(500) Archive regions: 2->2
[2022-06-30T14:22:39.967+0000][9][gc,heap     ] GC(500) Humongous regions: 0->0
[2022-06-30T14:22:39.967+0000][9][gc,metaspace] GC(500) Metaspace: 131629K(134976K)->131629K(134976K) NonClass: 114463K(116160K)->114463K(116160K) Class: 17166K(18816K)->17166K(18816K)
[2022-06-30T14:22:39.968+0000][9][gc          ] GC(500) Pause Young (Normal) (G1 Evacuation Pause) 399M->99M(512M) 22.157ms
[2022-06-30T14:22:39.969+0000][9][gc,cpu      ] GC(500) User=0.01s Sys=0.00s Real=0.02s
[2022-06-30T14:22:39.970+0000][9][safepoint   ] Safepoint "G1CollectForAllocation", Time since last: 105081597234 ns, Reaching safepoint: 128086 ns, At safepoint: 24539126 ns, Total: 24667212 ns
[2022-06-30T14:23:28.977+0000][9][safepoint   ] Safepoint "Cleanup", Time since last: 49048952811 ns, Reaching safepoint: 584357 ns, At safepoint: 32755 ns, Total: 617112 ns
[2022-06-30T14:24:15.878+0000][9][gc,start    ] GC(501) Pause Young (Normal) (G1 Evacuation Pause)
[2022-06-30T14:24:15.881+0000][9][gc,task     ] GC(501) Using 4 workers of 4 for evacuation
[2022-06-30T14:24:15.882+0000][9][gc,age      ] GC(501) Desired survivor size 20971520 bytes, new threshold 15 (max threshold 15)
[2022-06-30T14:24:15.885+0000][9][gc,phases   ] GC(501)   Pre Evacuate Collection Set: 0.2ms
[2022-06-30T14:24:15.886+0000][9][gc,phases   ] GC(501)   Merge Heap Roots: 0.2ms
[2022-06-30T14:24:15.887+0000][9][gc,phases   ] GC(501)   Evacuate Collection Set: 1.9ms
[2022-06-30T14:24:15.888+0000][9][gc,phases   ] GC(501)   Post Evacuate Collection Set: 0.9ms
[2022-06-30T14:24:15.888+0000][9][gc,phases   ] GC(501)   Other: 1.4ms
[2022-06-30T14:24:15.889+0000][9][gc,age      ] GC(501) Age table with threshold 15 (max threshold 15)
[2022-06-30T14:24:15.890+0000][9][gc,age      ] GC(501) - age   1:    1437576 bytes,    1437576 total
[2022-06-30T14:24:15.891+0000][9][gc,age      ] GC(501) - age   2:       3120 bytes,    1440696 total
[2022-06-30T14:24:15.891+0000][9][gc,age      ] GC(501) - age   3:       5032 bytes,    1445728 total
[2022-06-30T14:24:15.892+0000][9][gc,age      ] GC(501) - age   4:        664 bytes,    1446392 total
[2022-06-30T14:24:15.892+0000][9][gc,age      ] GC(501) - age   7:        216 bytes,    1446608 total
[2022-06-30T14:24:15.893+0000][9][gc,age      ] GC(501) - age   8:        184 bytes,    1446792 total
[2022-06-30T14:24:15.893+0000][9][gc,age      ] GC(501) - age   9:        304 bytes,    1447096 total
[2022-06-30T14:24:15.894+0000][9][gc,age      ] GC(501) - age  10:        184 bytes,    1447280 total
[2022-06-30T14:24:15.894+0000][9][gc,age      ] GC(501) - age  11:        184 bytes,    1447464 total
[2022-06-30T14:24:15.895+0000][9][gc,age      ] GC(501) - age  13:        184 bytes,    1447648 total
[2022-06-30T14:24:15.896+0000][9][gc,age      ] GC(501) - age  15:       8048 bytes,    1455696 total
[2022-06-30T14:24:15.897+0000][9][gc,heap     ] GC(501) Eden regions: 75->0(75)
[2022-06-30T14:24:15.898+0000][9][gc,heap     ] GC(501) Survivor regions: 1->1(10)
[2022-06-30T14:24:15.898+0000][9][gc,heap     ] GC(501) Old regions: 24->24
[2022-06-30T14:24:15.899+0000][9][gc,heap     ] GC(501) Archive regions: 2->2
[2022-06-30T14:24:15.900+0000][9][gc,heap     ] GC(501) Humongous regions: 0->0
[2022-06-30T14:24:15.900+0000][9][gc,metaspace] GC(501) Metaspace: 131632K(134976K)->131632K(134976K) NonClass: 114466K(116160K)->114466K(116160K) Class: 17166K(18816K)->17166K(18816K)
[2022-06-30T14:24:15.901+0000][9][gc          ] GC(501) Pause Young (Normal) (G1 Evacuation Pause) 399M->99M(512M) 23.015ms
[2022-06-30T14:24:15.902+0000][9][gc,cpu      ] GC(501) User=0.01s Sys=0.01s Real=0.02s
[2022-06-30T14:24:15.903+0000][9][safepoint   ] Safepoint "G1CollectForAllocation", Time since last: 46944042293 ns, Reaching safepoint: 276584 ns, At safepoint: 24939681 ns, Total: 25216265 ns
[2022-06-30T14:25:46.199+0000][9][gc,start    ] GC(502) Pause Young (Normal) (G1 Evacuation Pause)
[2022-06-30T14:25:46.201+0000][9][gc,task     ] GC(502) Using 4 workers of 4 for evacuation
[2022-06-30T14:25:46.202+0000][9][gc,age      ] GC(502) Desired survivor size 20971520 bytes, new threshold 15 (max threshold 15)
[2022-06-30T14:25:46.207+0000][9][gc,phases   ] GC(502)   Pre Evacuate Collection Set: 0.2ms
[2022-06-30T14:25:46.208+0000][9][gc,phases   ] GC(502)   Merge Heap Roots: 0.1ms
[2022-06-30T14:25:46.209+0000][9][gc,phases   ] GC(502)   Evacuate Collection Set: 3.0ms
[2022-06-30T14:25:46.209+0000][9][gc,phases   ] GC(502)   Post Evacuate Collection Set: 1.0ms
[2022-06-30T14:25:46.210+0000][9][gc,phases   ] GC(502)   Other: 2.0ms
[2022-06-30T14:25:46.211+0000][9][gc,age      ] GC(502) Age table with threshold 15 (max threshold 15)
[2022-06-30T14:25:46.212+0000][9][gc,age      ] GC(502) - age   1:    1646984 bytes,    1646984 total
[2022-06-30T14:25:46.213+0000][9][gc,age      ] GC(502) - age   2:     318912 bytes,    1965896 total
[2022-06-30T14:25:46.214+0000][9][gc,age      ] GC(502) - age   3:       1032 bytes,    1966928 total
[2022-06-30T14:25:46.215+0000][9][gc,age      ] GC(502) - age   4:       4936 bytes,    1971864 total
[2022-06-30T14:25:46.216+0000][9][gc,age      ] GC(502) - age   5:        368 bytes,    1972232 total
[2022-06-30T14:25:46.217+0000][9][gc,age      ] GC(502) - age   8:        216 bytes,    1972448 total
[2022-06-30T14:25:46.217+0000][9][gc,age      ] GC(502) - age  10:        304 bytes,    1972752 total
[2022-06-30T14:25:46.218+0000][9][gc,age      ] GC(502) - age  11:        184 bytes,    1972936 total
[2022-06-30T14:25:46.219+0000][9][gc,age      ] GC(502) - age  12:        184 bytes,    1973120 total
[2022-06-30T14:25:46.219+0000][9][gc,age      ] GC(502) - age  14:        184 bytes,    1973304 total
[2022-06-30T14:25:46.220+0000][9][gc,heap     ] GC(502) Eden regions: 75->0(75)
[2022-06-30T14:25:46.220+0000][9][gc,heap     ] GC(502) Survivor regions: 1->1(10)
[2022-06-30T14:25:46.221+0000][9][gc,heap     ] GC(502) Old regions: 24->24
[2022-06-30T14:25:46.222+0000][9][gc,heap     ] GC(502) Archive regions: 2->2
[2022-06-30T14:25:46.222+0000][9][gc,heap     ] GC(502) Humongous regions: 0->0
[2022-06-30T14:25:46.223+0000][9][gc,metaspace] GC(502) Metaspace: 131632K(134976K)->131632K(134976K) NonClass: 114466K(116160K)->114466K(116160K) Class: 17166K(18816K)->17166K(18816K)
[2022-06-30T14:25:46.224+0000][9][gc          ] GC(502) Pause Young (Normal) (G1 Evacuation Pause) 399M->100M(512M) 24.379ms
[2022-06-30T14:25:46.224+0000][9][gc,cpu      ] GC(502) User=0.02s Sys=0.00s Real=0.03s
[2022-06-30T14:25:46.225+0000][9][safepoint   ] Safepoint "G1CollectForAllocation", Time since last: 90361058750 ns, Reaching safepoint: 141713 ns, At safepoint: 25698917 ns, Total: 25840630 ns
[2022-06-30T14:27:39.812+0000][9][gc,start    ] GC(503) Pause Young (Normal) (G1 Evacuation Pause)
[2022-06-30T14:27:39.813+0000][9][gc,task     ] GC(503) Using 4 workers of 4 for evacuation
[2022-06-30T14:27:39.814+0000][9][gc,age      ] GC(503) Desired survivor size 20971520 bytes, new threshold 15 (max threshold 15)
[2022-06-30T14:27:39.817+0000][9][gc,phases   ] GC(503)   Pre Evacuate Collection Set: 0.1ms
[2022-06-30T14:27:39.818+0000][9][gc,phases   ] GC(503)   Merge Heap Roots: 0.1ms
[2022-06-30T14:27:39.819+0000][9][gc,phases   ] GC(503)   Evacuate Collection Set: 1.9ms
[2022-06-30T14:27:39.819+0000][9][gc,phases   ] GC(503)   Post Evacuate Collection Set: 0.9ms
[2022-06-30T14:27:39.820+0000][9][gc,phases   ] GC(503)   Other: 1.6ms
[2022-06-30T14:27:39.820+0000][9][gc,age      ] GC(503) Age table with threshold 15 (max threshold 15)
[2022-06-30T14:27:39.821+0000][9][gc,age      ] GC(503) - age   1:     561168 bytes,     561168 total
[2022-06-30T14:27:39.822+0000][9][gc,age      ] GC(503) - age   2:      29648 bytes,     590816 total
[2022-06-30T14:27:39.822+0000][9][gc,age      ] GC(503) - age   3:     317192 bytes,     908008 total
[2022-06-30T14:27:39.823+0000][9][gc,age      ] GC(503) - age   4:        968 bytes,     908976 total
[2022-06-30T14:27:39.823+0000][9][gc,age      ] GC(503) - age   5:       4752 bytes,     913728 total
[2022-06-30T14:27:39.824+0000][9][gc,age      ] GC(503) - age   6:        368 bytes,     914096 total
[2022-06-30T14:27:39.825+0000][9][gc,age      ] GC(503) - age   9:        216 bytes,     914312 total
[2022-06-30T14:27:39.825+0000][9][gc,age      ] GC(503) - age  11:        304 bytes,     914616 total
[2022-06-30T14:27:39.826+0000][9][gc,age      ] GC(503) - age  12:        184 bytes,     914800 total
[2022-06-30T14:27:39.826+0000][9][gc,age      ] GC(503) - age  13:        184 bytes,     914984 total
[2022-06-30T14:27:39.827+0000][9][gc,age      ] GC(503) - age  15:        184 bytes,     915168 total
[2022-06-30T14:27:39.828+0000][9][gc,heap     ] GC(503) Eden regions: 75->0(75)
[2022-06-30T14:27:39.830+0000][9][gc,heap     ] GC(503) Survivor regions: 1->1(10)
[2022-06-30T14:27:39.831+0000][9][gc,heap     ] GC(503) Old regions: 24->24
[2022-06-30T14:27:39.831+0000][9][gc,heap     ] GC(503) Archive regions: 2->2
[2022-06-30T14:27:39.832+0000][9][gc,heap     ] GC(503) Humongous regions: 0->0
[2022-06-30T14:27:39.832+0000][9][gc,metaspace] GC(503) Metaspace: 131632K(134976K)->131632K(134976K) NonClass: 114466K(116160K)->114466K(116160K) Class: 17166K(18816K)->17166K(18816K)
[2022-06-30T14:27:39.833+0000][9][gc          ] GC(503) Pause Young (Normal) (G1 Evacuation Pause) 400M->99M(512M) 21.267ms
[2022-06-30T14:27:39.834+0000][9][gc,cpu      ] GC(503) User=0.00s Sys=0.00s Real=0.02s
[2022-06-30T14:27:39.834+0000][9][safepoint   ] Safepoint "G1CollectForAllocation", Time since last: 113651527084 ns, Reaching safepoint: 191917 ns, At safepoint: 22598835 ns, Total: 22790752 ns
[2022-06-30T14:28:55.832+0000][9][safepoint   ] Safepoint "Cleanup", Time since last: 76062733627 ns, Reaching safepoint: 127856 ns, At safepoint: 4792 ns, Total: 132648 ns
[2022-06-30T14:29:21.853+0000][9][gc,start    ] GC(504) Pause Young (Normal) (G1 Evacuation Pause)
[2022-06-30T14:29:21.855+0000][9][gc,task     ] GC(504) Using 4 workers of 4 for evacuation
[2022-06-30T14:29:21.856+0000][9][gc,age      ] GC(504) Desired survivor size 20971520 bytes, new threshold 15 (max threshold 15)
[2022-06-30T14:29:21.861+0000][9][gc,phases   ] GC(504)   Pre Evacuate Collection Set: 0.2ms
[2022-06-30T14:29:21.862+0000][9][gc,phases   ] GC(504)   Merge Heap Roots: 0.1ms
[2022-06-30T14:29:21.862+0000][9][gc,phases   ] GC(504)   Evacuate Collection Set: 2.4ms
[2022-06-30T14:29:21.863+0000][9][gc,phases   ] GC(504)   Post Evacuate Collection Set: 1.1ms
[2022-06-30T14:29:21.864+0000][9][gc,phases   ] GC(504)   Other: 1.9ms
[2022-06-30T14:29:21.864+0000][9][gc,age      ] GC(504) Age table with threshold 15 (max threshold 15)
[2022-06-30T14:29:21.865+0000][9][gc,age      ] GC(504) - age   1:    1047968 bytes,    1047968 total
[2022-06-30T14:29:21.866+0000][9][gc,age      ] GC(504) - age   2:       1376 bytes,    1049344 total
[2022-06-30T14:29:21.866+0000][9][gc,age      ] GC(504) - age   3:        688 bytes,    1050032 total
[2022-06-30T14:29:21.867+0000][9][gc,age      ] GC(504) - age   4:     239056 bytes,    1289088 total
[2022-06-30T14:29:21.868+0000][9][gc,age      ] GC(504) - age   5:        968 bytes,    1290056 total
[2022-06-30T14:29:21.868+0000][9][gc,age      ] GC(504) - age   6:       4752 bytes,    1294808 total
[2022-06-30T14:29:21.869+0000][9][gc,age      ] GC(504) - age   7:        184 bytes,    1294992 total
[2022-06-30T14:29:21.869+0000][9][gc,age      ] GC(504) - age  10:         32 bytes,    1295024 total
[2022-06-30T14:29:21.870+0000][9][gc,age      ] GC(504) - age  12:        272 bytes,    1295296 total
[2022-06-30T14:29:21.870+0000][9][gc,age      ] GC(504) - age  13:        184 bytes,    1295480 total
[2022-06-30T14:29:21.871+0000][9][gc,age      ] GC(504) - age  14:        184 bytes,    1295664 total
[2022-06-30T14:29:21.871+0000][9][gc,heap     ] GC(504) Eden regions: 75->0(75)
[2022-06-30T14:29:21.872+0000][9][gc,heap     ] GC(504) Survivor regions: 1->1(10)
[2022-06-30T14:29:21.873+0000][9][gc,heap     ] GC(504) Old regions: 24->24
[2022-06-30T14:29:21.873+0000][9][gc,heap     ] GC(504) Archive regions: 2->2
[2022-06-30T14:29:21.874+0000][9][gc,heap     ] GC(504) Humongous regions: 0->0
[2022-06-30T14:29:21.874+0000][9][gc,metaspace] GC(504) Metaspace: 131634K(134976K)->131634K(134976K) NonClass: 114467K(116160K)->114467K(116160K) Class: 17166K(18816K)->17166K(18816K)
[2022-06-30T14:29:21.875+0000][9][gc          ] GC(504) Pause Young (Normal) (G1 Evacuation Pause) 399M->99M(512M) 21.751ms
[2022-06-30T14:29:21.876+0000][9][gc,cpu      ] GC(504) User=0.01s Sys=0.00s Real=0.02s
[2022-06-30T14:29:21.876+0000][9][safepoint   ] Safepoint "G1CollectForAllocation", Time since last: 26042198642 ns, Reaching safepoint: 152092 ns, At safepoint: 23095174 ns, Total: 23247266 ns
[2022-06-30T14:31:09.777+0000][9][gc,start    ] GC(505) Pause Young (Normal) (G1 Evacuation Pause)
[2022-06-30T14:31:09.783+0000][9][gc,task     ] GC(505) Using 4 workers of 4 for evacuation
[2022-06-30T14:31:09.784+0000][9][gc,age      ] GC(505) Desired survivor size 20971520 bytes, new threshold 15 (max threshold 15)
[2022-06-30T14:31:09.788+0000][9][gc,phases   ] GC(505)   Pre Evacuate Collection Set: 0.3ms
[2022-06-30T14:31:09.789+0000][9][gc,phases   ] GC(505)   Merge Heap Roots: 0.2ms
[2022-06-30T14:31:09.789+0000][9][gc,phases   ] GC(505)   Evacuate Collection Set: 1.8ms
[2022-06-30T14:31:09.790+0000][9][gc,phases   ] GC(505)   Post Evacuate Collection Set: 1.0ms
[2022-06-30T14:31:09.791+0000][9][gc,phases   ] GC(505)   Other: 1.7ms
[2022-06-30T14:31:09.791+0000][9][gc,age      ] GC(505) Age table with threshold 15 (max threshold 15)
[2022-06-30T14:31:09.792+0000][9][gc,age      ] GC(505) - age   1:     780288 bytes,     780288 total
[2022-06-30T14:31:09.792+0000][9][gc,age      ] GC(505) - age   2:     140616 bytes,     920904 total
[2022-06-30T14:31:09.793+0000][9][gc,age      ] GC(505) - age   3:        544 bytes,     921448 total
[2022-06-30T14:31:09.794+0000][9][gc,age      ] GC(505) - age   4:        208 bytes,     921656 total
[2022-06-30T14:31:09.794+0000][9][gc,age      ] GC(505) - age   5:     238992 bytes,    1160648 total
[2022-06-30T14:31:09.795+0000][9][gc,age      ] GC(505) - age   6:        968 bytes,    1161616 total
[2022-06-30T14:31:09.796+0000][9][gc,age      ] GC(505) - age   7:       4752 bytes,    1166368 total
[2022-06-30T14:31:09.796+0000][9][gc,age      ] GC(505) - age   8:        184 bytes,    1166552 total
[2022-06-30T14:31:09.797+0000][9][gc,age      ] GC(505) - age  11:         32 bytes,    1166584 total
[2022-06-30T14:31:09.797+0000][9][gc,age      ] GC(505) - age  13:        272 bytes,    1166856 total
[2022-06-30T14:31:09.798+0000][9][gc,age      ] GC(505) - age  14:        184 bytes,    1167040 total
[2022-06-30T14:31:09.799+0000][9][gc,age      ] GC(505) - age  15:        184 bytes,    1167224 total
[2022-06-30T14:31:09.799+0000][9][gc,heap     ] GC(505) Eden regions: 75->0(75)
[2022-06-30T14:31:09.800+0000][9][gc,heap     ] GC(505) Survivor regions: 1->1(10)
[2022-06-30T14:31:09.801+0000][9][gc,heap     ] GC(505) Old regions: 24->24
[2022-06-30T14:31:09.801+0000][9][gc,heap     ] GC(505) Archive regions: 2->2
[2022-06-30T14:31:09.802+0000][9][gc,heap     ] GC(505) Humongous regions: 0->0
[2022-06-30T14:31:09.803+0000][9][gc,metaspace] GC(505) Metaspace: 131634K(134976K)->131634K(134976K) NonClass: 114467K(116160K)->114467K(116160K) Class: 17166K(18816K)->17166K(18816K)
[2022-06-30T14:31:09.804+0000][9][gc          ] GC(505) Pause Young (Normal) (G1 Evacuation Pause) 399M->99M(512M) 26.492ms
[2022-06-30T14:31:09.805+0000][9][gc,cpu      ] GC(505) User=0.01s Sys=0.00s Real=0.02s
[2022-06-30T14:31:09.805+0000][9][safepoint   ] Safepoint "G1CollectForAllocation", Time since last: 107965652018 ns, Reaching safepoint: 151842 ns, At safepoint: 28194314 ns, Total: 28346156 ns
[2022-06-30T14:32:43.720+0000][9][safepoint   ] Safepoint "Cleanup", Time since last: 93978728800 ns, Reaching safepoint: 166578 ns, At safepoint: 148748 ns, Total: 315326 ns
[2022-06-30T14:32:52.712+0000][9][gc,start    ] GC(506) Pause Young (Normal) (G1 Evacuation Pause)
[2022-06-30T14:32:52.713+0000][9][gc,task     ] GC(506) Using 4 workers of 4 for evacuation
[2022-06-30T14:32:52.714+0000][9][gc,age      ] GC(506) Desired survivor size 20971520 bytes, new threshold 15 (max threshold 15)
[2022-06-30T14:32:52.719+0000][9][gc,phases   ] GC(506)   Pre Evacuate Collection Set: 0.4ms
[2022-06-30T14:32:52.720+0000][9][gc,phases   ] GC(506)   Merge Heap Roots: 0.2ms
[2022-06-30T14:32:52.720+0000][9][gc,phases   ] GC(506)   Evacuate Collection Set: 1.9ms
[2022-06-30T14:32:52.721+0000][9][gc,phases   ] GC(506)   Post Evacuate Collection Set: 1.3ms
[2022-06-30T14:32:52.722+0000][9][gc,phases   ] GC(506)   Other: 2.0ms
[2022-06-30T14:32:52.723+0000][9][gc,age      ] GC(506) Age table with threshold 15 (max threshold 15)
[2022-06-30T14:32:52.723+0000][9][gc,age      ] GC(506) - age   1:     899432 bytes,     899432 total
[2022-06-30T14:32:52.725+0000][9][gc,age      ] GC(506) - age   2:       9760 bytes,     909192 total
[2022-06-30T14:32:52.725+0000][9][gc,age      ] GC(506) - age   3:     139208 bytes,    1048400 total
[2022-06-30T14:32:52.726+0000][9][gc,age      ] GC(506) - age   4:        184 bytes,    1048584 total
[2022-06-30T14:32:52.727+0000][9][gc,age      ] GC(506) - age   5:        208 bytes,    1048792 total
[2022-06-30T14:32:52.727+0000][9][gc,age      ] GC(506) - age   6:     237264 bytes,    1286056 total
[2022-06-30T14:32:52.728+0000][9][gc,age      ] GC(506) - age   7:        968 bytes,    1287024 total
[2022-06-30T14:32:52.728+0000][9][gc,age      ] GC(506) - age   8:       4752 bytes,    1291776 total
[2022-06-30T14:32:52.729+0000][9][gc,age      ] GC(506) - age   9:        184 bytes,    1291960 total
[2022-06-30T14:32:52.730+0000][9][gc,age      ] GC(506) - age  12:         32 bytes,    1291992 total
[2022-06-30T14:32:52.730+0000][9][gc,age      ] GC(506) - age  14:        272 bytes,    1292264 total
[2022-06-30T14:32:52.731+0000][9][gc,heap     ] GC(506) Eden regions: 75->0(75)
[2022-06-30T14:32:52.732+0000][9][gc,heap     ] GC(506) Survivor regions: 1->1(10)
[2022-06-30T14:32:52.732+0000][9][gc,heap     ] GC(506) Old regions: 24->24
[2022-06-30T14:32:52.733+0000][9][gc,heap     ] GC(506) Archive regions: 2->2
[2022-06-30T14:32:52.734+0000][9][gc,heap     ] GC(506) Humongous regions: 0->0
[2022-06-30T14:32:52.734+0000][9][gc,metaspace] GC(506) Metaspace: 131634K(134976K)->131634K(134976K) NonClass: 114467K(116160K)->114467K(116160K) Class: 17166K(18816K)->17166K(18816K)
[2022-06-30T14:32:52.735+0000][9][gc          ] GC(506) Pause Young (Normal) (G1 Evacuation Pause) 399M->99M(512M) 23.398ms
[2022-06-30T14:32:52.736+0000][9][gc,cpu      ] GC(506) User=0.01s Sys=0.01s Real=0.02s
[2022-06-30T14:32:52.737+0000][9][safepoint   ] Safepoint "G1CollectForAllocation", Time since last: 9013118042 ns, Reaching safepoint: 222799 ns, At safepoint: 24924227 ns, Total: 25147026 ns
[2022-06-30T14:34:38.294+0000][9][gc,start    ] GC(507) Pause Young (Normal) (G1 Evacuation Pause)
[2022-06-30T14:34:38.296+0000][9][gc,task     ] GC(507) Using 4 workers of 4 for evacuation
[2022-06-30T14:34:38.297+0000][9][gc,age      ] GC(507) Desired survivor size 20971520 bytes, new threshold 15 (max threshold 15)
[2022-06-30T14:34:38.304+0000][9][gc,phases   ] GC(507)   Pre Evacuate Collection Set: 0.2ms
[2022-06-30T14:34:38.305+0000][9][gc,phases   ] GC(507)   Merge Heap Roots: 0.2ms
[2022-06-30T14:34:38.306+0000][9][gc,phases   ] GC(507)   Evacuate Collection Set: 4.1ms
[2022-06-30T14:34:38.306+0000][9][gc,phases   ] GC(507)   Post Evacuate Collection Set: 1.4ms
[2022-06-30T14:34:38.307+0000][9][gc,phases   ] GC(507)   Other: 2.5ms
[2022-06-30T14:34:38.307+0000][9][gc,age      ] GC(507) Age table with threshold 15 (max threshold 15)
[2022-06-30T14:34:38.308+0000][9][gc,age      ] GC(507) - age   1:    1323608 bytes,    1323608 total
[2022-06-30T14:34:38.309+0000][9][gc,age      ] GC(507) - age   2:       3880 bytes,    1327488 total
[2022-06-30T14:34:38.309+0000][9][gc,age      ] GC(507) - age   3:       8640 bytes,    1336128 total
[2022-06-30T14:34:38.311+0000][9][gc,age      ] GC(507) - age   4:     139208 bytes,    1475336 total
[2022-06-30T14:34:38.311+0000][9][gc,age      ] GC(507) - age   5:        184 bytes,    1475520 total
[2022-06-30T14:34:38.312+0000][9][gc,age      ] GC(507) - age   6:        184 bytes,    1475704 total
[2022-06-30T14:34:38.313+0000][9][gc,age      ] GC(507) - age   7:     237264 bytes,    1712968 total
[2022-06-30T14:34:38.313+0000][9][gc,age      ] GC(507) - age   8:        968 bytes,    1713936 total
[2022-06-30T14:34:38.314+0000][9][gc,age      ] GC(507) - age   9:       4752 bytes,    1718688 total
[2022-06-30T14:34:38.315+0000][9][gc,age      ] GC(507) - age  10:        184 bytes,    1718872 total
[2022-06-30T14:34:38.316+0000][9][gc,age      ] GC(507) - age  13:         32 bytes,    1718904 total
[2022-06-30T14:34:38.316+0000][9][gc,age      ] GC(507) - age  15:        272 bytes,    1719176 total
[2022-06-30T14:34:38.318+0000][9][gc,heap     ] GC(507) Eden regions: 75->0(75)
[2022-06-30T14:34:38.318+0000][9][gc,heap     ] GC(507) Survivor regions: 1->1(10)
[2022-06-30T14:34:38.319+0000][9][gc,heap     ] GC(507) Old regions: 24->24
[2022-06-30T14:34:38.319+0000][9][gc,heap     ] GC(507) Archive regions: 2->2
[2022-06-30T14:34:38.320+0000][9][gc,heap     ] GC(507) Humongous regions: 0->0
[2022-06-30T14:34:38.321+0000][9][gc,metaspace] GC(507) Metaspace: 131634K(134976K)->131634K(134976K) NonClass: 114467K(116160K)->114467K(116160K) Class: 17166K(18816K)->17166K(18816K)
[2022-06-30T14:34:38.321+0000][9][gc          ] GC(507) Pause Young (Normal) (G1 Evacuation Pause) 399M->100M(512M) 27.225ms
[2022-06-30T14:34:38.322+0000][9][gc,cpu      ] GC(507) User=0.01s Sys=0.00s Real=0.03s
[2022-06-30T14:34:38.323+0000][9][safepoint   ] Safepoint "G1CollectForAllocation", Time since last: 105622526276 ns, Reaching safepoint: 224694 ns, At safepoint: 28727014 ns, Total: 28951708 ns
[2022-06-30T14:36:21.965+0000][9][gc,start    ] GC(508) Pause Young (Normal) (G1 Evacuation Pause)
[2022-06-30T14:36:21.966+0000][9][gc,task     ] GC(508) Using 4 workers of 4 for evacuation
[2022-06-30T14:36:21.967+0000][9][gc,age      ] GC(508) Desired survivor size 20971520 bytes, new threshold 15 (max threshold 15)
[2022-06-30T14:36:21.972+0000][9][gc,phases   ] GC(508)   Pre Evacuate Collection Set: 0.1ms
[2022-06-30T14:36:21.972+0000][9][gc,phases   ] GC(508)   Merge Heap Roots: 0.1ms
[2022-06-30T14:36:21.973+0000][9][gc,phases   ] GC(508)   Evacuate Collection Set: 2.7ms
[2022-06-30T14:36:21.974+0000][9][gc,phases   ] GC(508)   Post Evacuate Collection Set: 1.0ms
[2022-06-30T14:36:21.974+0000][9][gc,phases   ] GC(508)   Other: 1.5ms
[2022-06-30T14:36:21.975+0000][9][gc,age      ] GC(508) Age table with threshold 15 (max threshold 15)
[2022-06-30T14:36:21.975+0000][9][gc,age      ] GC(508) - age   1:    1513032 bytes,    1513032 total
[2022-06-30T14:36:21.976+0000][9][gc,age      ] GC(508) - age   2:       1832 bytes,    1514864 total
[2022-06-30T14:36:21.976+0000][9][gc,age      ] GC(508) - age   3:       2632 bytes,    1517496 total
[2022-06-30T14:36:21.977+0000][9][gc,age      ] GC(508) - age   4:        184 bytes,    1517680 total
[2022-06-30T14:36:21.978+0000][9][gc,age      ] GC(508) - age   5:     139208 bytes,    1656888 total
[2022-06-30T14:36:21.978+0000][9][gc,age      ] GC(508) - age   6:        184 bytes,    1657072 total
[2022-06-30T14:36:21.979+0000][9][gc,age      ] GC(508) - age   7:        184 bytes,    1657256 total
[2022-06-30T14:36:21.979+0000][9][gc,age      ] GC(508) - age   8:     237264 bytes,    1894520 total
[2022-06-30T14:36:21.980+0000][9][gc,age      ] GC(508) - age   9:        968 bytes,    1895488 total
[2022-06-30T14:36:21.980+0000][9][gc,age      ] GC(508) - age  10:       4752 bytes,    1900240 total
[2022-06-30T14:36:21.981+0000][9][gc,age      ] GC(508) - age  11:        184 bytes,    1900424 total
[2022-06-30T14:36:21.981+0000][9][gc,age      ] GC(508) - age  14:         32 bytes,    1900456 total
[2022-06-30T14:36:21.982+0000][9][gc,heap     ] GC(508) Eden regions: 75->0(75)
[2022-06-30T14:36:21.982+0000][9][gc,heap     ] GC(508) Survivor regions: 1->1(10)
[2022-06-30T14:36:21.983+0000][9][gc,heap     ] GC(508) Old regions: 24->24
[2022-06-30T14:36:21.983+0000][9][gc,heap     ] GC(508) Archive regions: 2->2
[2022-06-30T14:36:21.984+0000][9][gc,heap     ] GC(508) Humongous regions: 0->0
[2022-06-30T14:36:21.985+0000][9][gc,metaspace] GC(508) Metaspace: 131634K(134976K)->131634K(134976K) NonClass: 114467K(116160K)->114467K(116160K) Class: 17166K(18816K)->17166K(18816K)
[2022-06-30T14:36:21.985+0000][9][gc          ] GC(508) Pause Young (Normal) (G1 Evacuation Pause) 400M->100M(512M) 19.955ms
[2022-06-30T14:36:21.986+0000][9][gc,cpu      ] GC(508) User=0.00s Sys=0.00s Real=0.02s
[2022-06-30T14:36:21.986+0000][9][safepoint   ] Safepoint "G1CollectForAllocation", Time since last: 103728623978 ns, Reaching safepoint: 77939 ns, At safepoint: 21077467 ns, Total: 21155406 ns
[2022-06-30T14:38:03.999+0000][9][gc,start    ] GC(509) Pause Young (Normal) (G1 Evacuation Pause)
[2022-06-30T14:38:04.000+0000][9][gc,task     ] GC(509) Using 4 workers of 4 for evacuation
[2022-06-30T14:38:04.001+0000][9][gc,age      ] GC(509) Desired survivor size 20971520 bytes, new threshold 15 (max threshold 15)
[2022-06-30T14:38:04.006+0000][9][gc,phases   ] GC(509)   Pre Evacuate Collection Set: 0.1ms
[2022-06-30T14:38:04.007+0000][9][gc,phases   ] GC(509)   Merge Heap Roots: 0.0ms
[2022-06-30T14:38:04.008+0000][9][gc,phases   ] GC(509)   Evacuate Collection Set: 3.6ms
[2022-06-30T14:38:04.008+0000][9][gc,phases   ] GC(509)   Post Evacuate Collection Set: 1.1ms
[2022-06-30T14:38:04.009+0000][9][gc,phases   ] GC(509)   Other: 1.4ms
[2022-06-30T14:38:04.012+0000][9][gc,age      ] GC(509) Age table with threshold 15 (max threshold 15)
[2022-06-30T14:38:04.013+0000][9][gc,age      ] GC(509) - age   1:    1781360 bytes,    1781360 total
[2022-06-30T14:38:04.014+0000][9][gc,age      ] GC(509) - age   2:       2072 bytes,    1783432 total
[2022-06-30T14:38:04.014+0000][9][gc,age      ] GC(509) - age   3:         40 bytes,    1783472 total
[2022-06-30T14:38:04.015+0000][9][gc,age      ] GC(509) - age   4:       1976 bytes,    1785448 total
[2022-06-30T14:38:04.015+0000][9][gc,age      ] GC(509) - age   5:        184 bytes,    1785632 total
[2022-06-30T14:38:04.016+0000][9][gc,age      ] GC(509) - age   6:     139208 bytes,    1924840 total
[2022-06-30T14:38:04.016+0000][9][gc,age      ] GC(509) - age   7:        184 bytes,    1925024 total
[2022-06-30T14:38:04.017+0000][9][gc,age      ] GC(509) - age   8:        184 bytes,    1925208 total
[2022-06-30T14:38:04.017+0000][9][gc,age      ] GC(509) - age   9:     236872 bytes,    2162080 total
[2022-06-30T14:38:04.018+0000][9][gc,age      ] GC(509) - age  10:        968 bytes,    2163048 total
[2022-06-30T14:38:04.019+0000][9][gc,age      ] GC(509) - age  11:       4752 bytes,    2167800 total
[2022-06-30T14:38:04.019+0000][9][gc,age      ] GC(509) - age  12:        184 bytes,    2167984 total
[2022-06-30T14:38:04.020+0000][9][gc,age      ] GC(509) - age  15:         32 bytes,    2168016 total
[2022-06-30T14:38:04.020+0000][9][gc,heap     ] GC(509) Eden regions: 75->0(75)
[2022-06-30T14:38:04.021+0000][9][gc,heap     ] GC(509) Survivor regions: 1->1(10)
[2022-06-30T14:38:04.021+0000][9][gc,heap     ] GC(509) Old regions: 24->24
[2022-06-30T14:38:04.022+0000][9][gc,heap     ] GC(509) Archive regions: 2->2
[2022-06-30T14:38:04.022+0000][9][gc,heap     ] GC(509) Humongous regions: 0->0
[2022-06-30T14:38:04.022+0000][9][gc,metaspace] GC(509) Metaspace: 131634K(134976K)->131634K(134976K) NonClass: 114467K(116160K)->114467K(116160K) Class: 17166K(18816K)->17166K(18816K)
[2022-06-30T14:38:04.023+0000][9][gc          ] GC(509) Pause Young (Normal) (G1 Evacuation Pause) 400M->100M(512M) 24.104ms
[2022-06-30T14:38:04.024+0000][9][gc,cpu      ] GC(509) User=0.01s Sys=0.01s Real=0.02s
[2022-06-30T14:38:04.024+0000][9][safepoint   ] Safepoint "G1CollectForAllocation", Time since last: 102077372455 ns, Reaching safepoint: 42175 ns, At safepoint: 25402308 ns, Total: 25444483 ns
[2022-06-30T14:38:56.022+0000][9][safepoint   ] Safepoint "Cleanup", Time since last: 52040350856 ns, Reaching safepoint: 200585 ns, At safepoint: 16733 ns, Total: 217318 ns
[2022-06-30T14:39:22.004+0000][9][gc,start    ] GC(510) Pause Young (Normal) (G1 Evacuation Pause)
[2022-06-30T14:39:22.008+0000][9][gc,task     ] GC(510) Using 4 workers of 4 for evacuation
[2022-06-30T14:39:22.009+0000][9][gc,age      ] GC(510) Desired survivor size 20971520 bytes, new threshold 15 (max threshold 15)
[2022-06-30T14:39:22.015+0000][9][gc,phases   ] GC(510)   Pre Evacuate Collection Set: 0.2ms
[2022-06-30T14:39:22.016+0000][9][gc,phases   ] GC(510)   Merge Heap Roots: 0.0ms
[2022-06-30T14:39:22.017+0000][9][gc,phases   ] GC(510)   Evacuate Collection Set: 3.3ms
[2022-06-30T14:39:22.017+0000][9][gc,phases   ] GC(510)   Post Evacuate Collection Set: 1.1ms
[2022-06-30T14:39:22.018+0000][9][gc,phases   ] GC(510)   Other: 2.7ms
[2022-06-30T14:39:22.020+0000][9][gc,age      ] GC(510) Age table with threshold 15 (max threshold 15)
[2022-06-30T14:39:22.020+0000][9][gc,age      ] GC(510) - age   1:    1450104 bytes,    1450104 total
[2022-06-30T14:39:22.021+0000][9][gc,age      ] GC(510) - age   2:      10576 bytes,    1460680 total
[2022-06-30T14:39:22.021+0000][9][gc,age      ] GC(510) - age   3:        432 bytes,    1461112 total
[2022-06-30T14:39:22.022+0000][9][gc,age      ] GC(510) - age   4:         40 bytes,    1461152 total
[2022-06-30T14:39:22.022+0000][9][gc,age      ] GC(510) - age   5:       1912 bytes,    1463064 total
[2022-06-30T14:39:22.023+0000][9][gc,age      ] GC(510) - age   6:        184 bytes,    1463248 total
[2022-06-30T14:39:22.024+0000][9][gc,age      ] GC(510) - age   7:     139000 bytes,    1602248 total
[2022-06-30T14:39:22.024+0000][9][gc,age      ] GC(510) - age   8:        184 bytes,    1602432 total
[2022-06-30T14:39:22.025+0000][9][gc,age      ] GC(510) - age  10:     236872 bytes,    1839304 total
[2022-06-30T14:39:22.025+0000][9][gc,age      ] GC(510) - age  11:        968 bytes,    1840272 total
[2022-06-30T14:39:22.026+0000][9][gc,age      ] GC(510) - age  12:       4752 bytes,    1845024 total
[2022-06-30T14:39:22.026+0000][9][gc,age      ] GC(510) - age  13:        184 bytes,    1845208 total
[2022-06-30T14:39:22.027+0000][9][gc,heap     ] GC(510) Eden regions: 75->0(75)
[2022-06-30T14:39:22.028+0000][9][gc,heap     ] GC(510) Survivor regions: 1->1(10)
[2022-06-30T14:39:22.028+0000][9][gc,heap     ] GC(510) Old regions: 24->24
[2022-06-30T14:39:22.029+0000][9][gc,heap     ] GC(510) Archive regions: 2->2
[2022-06-30T14:39:22.029+0000][9][gc,heap     ] GC(510) Humongous regions: 0->0
[2022-06-30T14:39:22.029+0000][9][gc,metaspace] GC(510) Metaspace: 131635K(134976K)->131635K(134976K) NonClass: 114469K(116160K)->114469K(116160K) Class: 17166K(18816K)->17166K(18816K)
[2022-06-30T14:39:22.030+0000][9][gc          ] GC(510) Pause Young (Normal) (G1 Evacuation Pause) 400M->100M(512M) 25.645ms
[2022-06-30T14:39:22.031+0000][9][gc,cpu      ] GC(510) User=0.01s Sys=0.00s Real=0.03s
[2022-06-30T14:39:22.031+0000][9][safepoint   ] Safepoint "G1CollectForAllocation", Time since last: 26004421331 ns, Reaching safepoint: 114705 ns, At safepoint: 26966909 ns, Total: 27081614 ns
[2022-06-30T14:40:45.901+0000][9][gc,start    ] GC(511) Pause Young (Normal) (G1 Evacuation Pause)
[2022-06-30T14:40:45.902+0000][9][gc,task     ] GC(511) Using 4 workers of 4 for evacuation
[2022-06-30T14:40:45.903+0000][9][gc,age      ] GC(511) Desired survivor size 20971520 bytes, new threshold 15 (max threshold 15)
[2022-06-30T14:40:45.907+0000][9][gc,phases   ] GC(511)   Pre Evacuate Collection Set: 0.2ms
[2022-06-30T14:40:45.908+0000][9][gc,phases   ] GC(511)   Merge Heap Roots: 0.1ms
[2022-06-30T14:40:45.909+0000][9][gc,phases   ] GC(511)   Evacuate Collection Set: 2.3ms
[2022-06-30T14:40:45.910+0000][9][gc,phases   ] GC(511)   Post Evacuate Collection Set: 1.0ms
[2022-06-30T14:40:45.910+0000][9][gc,phases   ] GC(511)   Other: 1.7ms
[2022-06-30T14:40:45.911+0000][9][gc,age      ] GC(511) Age table with threshold 15 (max threshold 15)
[2022-06-30T14:40:45.912+0000][9][gc,age      ] GC(511) - age   1:     894104 bytes,     894104 total
[2022-06-30T14:40:45.915+0000][9][gc,age      ] GC(511) - age   2:       2648 bytes,     896752 total
[2022-06-30T14:40:45.916+0000][9][gc,age      ] GC(511) - age   3:       9024 bytes,     905776 total
[2022-06-30T14:40:45.917+0000][9][gc,age      ] GC(511) - age   4:        272 bytes,     906048 total
[2022-06-30T14:40:45.917+0000][9][gc,age      ] GC(511) - age   5:         40 bytes,     906088 total
[2022-06-30T14:40:45.918+0000][9][gc,age      ] GC(511) - age   6:       1912 bytes,     908000 total
[2022-06-30T14:40:45.919+0000][9][gc,age      ] GC(511) - age   8:     139000 bytes,    1047000 total
[2022-06-30T14:40:45.928+0000][9][gc,age      ] GC(511) - age   9:        184 bytes,    1047184 total
[2022-06-30T14:40:45.929+0000][9][gc,age      ] GC(511) - age  11:     236872 bytes,    1284056 total
[2022-06-30T14:40:45.931+0000][9][gc,age      ] GC(511) - age  12:        584 bytes,    1284640 total
[2022-06-30T14:40:45.932+0000][9][gc,age      ] GC(511) - age  13:       4752 bytes,    1289392 total
[2022-06-30T14:40:45.932+0000][9][gc,age      ] GC(511) - age  14:        184 bytes,    1289576 total
[2022-06-30T14:40:45.933+0000][9][gc,heap     ] GC(511) Eden regions: 75->0(75)
[2022-06-30T14:40:45.933+0000][9][gc,heap     ] GC(511) Survivor regions: 1->1(10)
[2022-06-30T14:40:45.934+0000][9][gc,heap     ] GC(511) Old regions: 24->24
[2022-06-30T14:40:45.935+0000][9][gc,heap     ] GC(511) Archive regions: 2->2
[2022-06-30T14:40:45.935+0000][9][gc,heap     ] GC(511) Humongous regions: 0->0
[2022-06-30T14:40:45.936+0000][9][gc,metaspace] GC(511) Metaspace: 131635K(134976K)->131635K(134976K) NonClass: 114469K(116160K)->114469K(116160K) Class: 17166K(18816K)->17166K(18816K)
[2022-06-30T14:40:45.936+0000][9][gc          ] GC(511) Pause Young (Normal) (G1 Evacuation Pause) 400M->99M(512M) 35.346ms
[2022-06-30T14:40:45.937+0000][9][gc,cpu      ] GC(511) User=0.01s Sys=0.00s Real=0.04s
[2022-06-30T14:40:45.937+0000][9][safepoint   ] Safepoint "G1CollectForAllocation", Time since last: 83933788152 ns, Reaching safepoint: 76415 ns, At safepoint: 36674202 ns, Total: 36750617 ns
[2022-06-30T14:42:27.891+0000][9][gc,start    ] GC(512) Pause Young (Normal) (G1 Evacuation Pause)
[2022-06-30T14:42:27.892+0000][9][gc,task     ] GC(512) Using 4 workers of 4 for evacuation
[2022-06-30T14:42:27.893+0000][9][gc,age      ] GC(512) Desired survivor size 20971520 bytes, new threshold 15 (max threshold 15)
[2022-06-30T14:42:27.897+0000][9][gc,phases   ] GC(512)   Pre Evacuate Collection Set: 0.1ms
[2022-06-30T14:42:27.898+0000][9][gc,phases   ] GC(512)   Merge Heap Roots: 0.1ms
[2022-06-30T14:42:27.898+0000][9][gc,phases   ] GC(512)   Evacuate Collection Set: 2.0ms
[2022-06-30T14:42:27.899+0000][9][gc,phases   ] GC(512)   Post Evacuate Collection Set: 1.1ms
[2022-06-30T14:42:27.900+0000][9][gc,phases   ] GC(512)   Other: 1.4ms
[2022-06-30T14:42:27.900+0000][9][gc,age      ] GC(512) Age table with threshold 15 (max threshold 15)
[2022-06-30T14:42:27.901+0000][9][gc,age      ] GC(512) - age   1:    1152456 bytes,    1152456 total
[2022-06-30T14:42:27.901+0000][9][gc,age      ] GC(512) - age   2:       1720 bytes,    1154176 total
[2022-06-30T14:42:27.902+0000][9][gc,age      ] GC(512) - age   3:        432 bytes,    1154608 total
[2022-06-30T14:42:27.903+0000][9][gc,age      ] GC(512) - age   4:       8592 bytes,    1163200 total
[2022-06-30T14:42:27.904+0000][9][gc,age      ] GC(512) - age   5:        272 bytes,    1163472 total
[2022-06-30T14:42:27.904+0000][9][gc,age      ] GC(512) - age   6:         40 bytes,    1163512 total
[2022-06-30T14:42:27.905+0000][9][gc,age      ] GC(512) - age   7:       1912 bytes,    1165424 total
[2022-06-30T14:42:27.906+0000][9][gc,age      ] GC(512) - age   9:     139000 bytes,    1304424 total
[2022-06-30T14:42:27.906+0000][9][gc,age      ] GC(512) - age  10:        184 bytes,    1304608 total
[2022-06-30T14:42:27.907+0000][9][gc,age      ] GC(512) - age  12:     236872 bytes,    1541480 total
[2022-06-30T14:42:27.908+0000][9][gc,age      ] GC(512) - age  13:        584 bytes,    1542064 total
[2022-06-30T14:42:27.908+0000][9][gc,age      ] GC(512) - age  14:       4752 bytes,    1546816 total
[2022-06-30T14:42:27.909+0000][9][gc,age      ] GC(512) - age  15:        184 bytes,    1547000 total
[2022-06-30T14:42:27.909+0000][9][gc,heap     ] GC(512) Eden regions: 75->0(75)
[2022-06-30T14:42:27.910+0000][9][gc,heap     ] GC(512) Survivor regions: 1->1(10)
[2022-06-30T14:42:27.910+0000][9][gc,heap     ] GC(512) Old regions: 24->24
[2022-06-30T14:42:27.911+0000][9][gc,heap     ] GC(512) Archive regions: 2->2
[2022-06-30T14:42:27.911+0000][9][gc,heap     ] GC(512) Humongous regions: 0->0
[2022-06-30T14:42:27.912+0000][9][gc,metaspace] GC(512) Metaspace: 131635K(134976K)->131635K(134976K) NonClass: 114469K(116160K)->114469K(116160K) Class: 17166K(18816K)->17166K(18816K)
[2022-06-30T14:42:27.913+0000][9][gc          ] GC(512) Pause Young (Normal) (G1 Evacuation Pause) 399M->100M(512M) 21.477ms
[2022-06-30T14:42:27.914+0000][9][gc,cpu      ] GC(512) User=0.01s Sys=0.01s Real=0.02s
[2022-06-30T14:42:27.914+0000][9][safepoint   ] Safepoint "G1CollectForAllocation", Time since last: 102019223134 ns, Reaching safepoint: 137077 ns, At safepoint: 23169928 ns, Total: 23307005 ns
[2022-06-30T14:44:09.883+0000][9][gc,start    ] GC(513) Pause Young (Normal) (G1 Evacuation Pause)
[2022-06-30T14:44:09.884+0000][9][gc,task     ] GC(513) Using 4 workers of 4 for evacuation
[2022-06-30T14:44:09.885+0000][9][gc,age      ] GC(513) Desired survivor size 20971520 bytes, new threshold 15 (max threshold 15)
[2022-06-30T14:44:09.890+0000][9][gc,phases   ] GC(513)   Pre Evacuate Collection Set: 0.3ms
[2022-06-30T14:44:09.891+0000][9][gc,phases   ] GC(513)   Merge Heap Roots: 0.2ms
[2022-06-30T14:44:09.891+0000][9][gc,phases   ] GC(513)   Evacuate Collection Set: 2.3ms
[2022-06-30T14:44:09.892+0000][9][gc,phases   ] GC(513)   Post Evacuate Collection Set: 1.2ms
[2022-06-30T14:44:09.893+0000][9][gc,phases   ] GC(513)   Other: 1.9ms
[2022-06-30T14:44:09.893+0000][9][gc,age      ] GC(513) Age table with threshold 15 (max threshold 15)
[2022-06-30T14:44:09.894+0000][9][gc,age      ] GC(513) - age   1:    1694208 bytes,    1694208 total
[2022-06-30T14:44:09.894+0000][9][gc,age      ] GC(513) - age   2:       1688 bytes,    1695896 total
[2022-06-30T14:44:09.897+0000][9][gc,age      ] GC(513) - age   3:       1024 bytes,    1696920 total
[2022-06-30T14:44:09.898+0000][9][gc,age      ] GC(513) - age   4:        368 bytes,    1697288 total
[2022-06-30T14:44:09.899+0000][9][gc,age      ] GC(513) - age   5:       8592 bytes,    1705880 total
[2022-06-30T14:44:09.899+0000][9][gc,age      ] GC(513) - age   6:         88 bytes,    1705968 total
[2022-06-30T14:44:09.900+0000][9][gc,age      ] GC(513) - age   7:         40 bytes,    1706008 total
[2022-06-30T14:44:09.901+0000][9][gc,age      ] GC(513) - age   8:        184 bytes,    1706192 total
[2022-06-30T14:44:09.901+0000][9][gc,age      ] GC(513) - age  10:     139000 bytes,    1845192 total
[2022-06-30T14:44:09.902+0000][9][gc,age      ] GC(513) - age  11:        184 bytes,    1845376 total
[2022-06-30T14:44:09.902+0000][9][gc,age      ] GC(513) - age  13:     236872 bytes,    2082248 total
[2022-06-30T14:44:09.903+0000][9][gc,age      ] GC(513) - age  14:        584 bytes,    2082832 total
[2022-06-30T14:44:09.904+0000][9][gc,age      ] GC(513) - age  15:       4752 bytes,    2087584 total
[2022-06-30T14:44:09.905+0000][9][gc,heap     ] GC(513) Eden regions: 75->0(75)
[2022-06-30T14:44:09.905+0000][9][gc,heap     ] GC(513) Survivor regions: 1->1(10)
[2022-06-30T14:44:09.906+0000][9][gc,heap     ] GC(513) Old regions: 24->24
[2022-06-30T14:44:09.907+0000][9][gc,heap     ] GC(513) Archive regions: 2->2
[2022-06-30T14:44:09.907+0000][9][gc,heap     ] GC(513) Humongous regions: 0->0
[2022-06-30T14:44:09.908+0000][9][gc,metaspace] GC(513) Metaspace: 131635K(134976K)->131635K(134976K) NonClass: 114469K(116160K)->114469K(116160K) Class: 17166K(18816K)->17166K(18816K)
[2022-06-30T14:44:09.909+0000][9][gc          ] GC(513) Pause Young (Normal) (G1 Evacuation Pause) 400M->100M(512M) 25.597ms
[2022-06-30T14:44:09.910+0000][9][gc,cpu      ] GC(513) User=0.00s Sys=0.01s Real=0.03s
[2022-06-30T14:44:09.911+0000][9][safepoint   ] Safepoint "G1CollectForAllocation", Time since last: 102033171055 ns, Reaching safepoint: 182860 ns, At safepoint: 28014942 ns, Total: 28197802 ns
[2022-06-30T14:45:45.868+0000][9][gc,start    ] GC(514) Pause Young (Normal) (G1 Evacuation Pause)
[2022-06-30T14:45:45.869+0000][9][gc,task     ] GC(514) Using 4 workers of 4 for evacuation
[2022-06-30T14:45:45.869+0000][9][gc,age      ] GC(514) Desired survivor size 20971520 bytes, new threshold 15 (max threshold 15)
[2022-06-30T14:45:45.875+0000][9][gc,phases   ] GC(514)   Pre Evacuate Collection Set: 0.2ms
[2022-06-30T14:45:45.877+0000][9][gc,phases   ] GC(514)   Merge Heap Roots: 0.1ms
[2022-06-30T14:45:45.878+0000][9][gc,phases   ] GC(514)   Evacuate Collection Set: 3.2ms
[2022-06-30T14:45:45.880+0000][9][gc,phases   ] GC(514)   Post Evacuate Collection Set: 1.4ms
[2022-06-30T14:45:45.881+0000][9][gc,phases   ] GC(514)   Other: 1.3ms
[2022-06-30T14:45:45.881+0000][9][gc,age      ] GC(514) Age table with threshold 15 (max threshold 15)
[2022-06-30T14:45:45.882+0000][9][gc,age      ] GC(514) - age   1:    1984896 bytes,    1984896 total
[2022-06-30T14:45:45.882+0000][9][gc,age      ] GC(514) - age   2:       3472 bytes,    1988368 total
[2022-06-30T14:45:45.883+0000][9][gc,age      ] GC(514) - age   3:         24 bytes,    1988392 total
[2022-06-30T14:45:45.883+0000][9][gc,age      ] GC(514) - age   4:        864 bytes,    1989256 total
[2022-06-30T14:45:45.884+0000][9][gc,age      ] GC(514) - age   5:        368 bytes,    1989624 total
[2022-06-30T14:45:45.885+0000][9][gc,age      ] GC(514) - age   6:       8592 bytes,    1998216 total
[2022-06-30T14:45:45.885+0000][9][gc,age      ] GC(514) - age   7:         88 bytes,    1998304 total
[2022-06-30T14:45:45.886+0000][9][gc,age      ] GC(514) - age   8:         40 bytes,    1998344 total
[2022-06-30T14:45:45.886+0000][9][gc,age      ] GC(514) - age  11:     139000 bytes,    2137344 total
[2022-06-30T14:45:45.887+0000][9][gc,age      ] GC(514) - age  12:        184 bytes,    2137528 total
[2022-06-30T14:45:45.887+0000][9][gc,age      ] GC(514) - age  14:     236872 bytes,    2374400 total
[2022-06-30T14:45:45.888+0000][9][gc,age      ] GC(514) - age  15:        584 bytes,    2374984 total
[2022-06-30T14:45:45.888+0000][9][gc,heap     ] GC(514) Eden regions: 75->0(75)
[2022-06-30T14:45:45.889+0000][9][gc,heap     ] GC(514) Survivor regions: 1->1(10)
[2022-06-30T14:45:45.890+0000][9][gc,heap     ] GC(514) Old regions: 24->24
[2022-06-30T14:45:45.890+0000][9][gc,heap     ] GC(514) Archive regions: 2->2
[2022-06-30T14:45:45.891+0000][9][gc,heap     ] GC(514) Humongous regions: 0->0
[2022-06-30T14:45:45.892+0000][9][gc,metaspace] GC(514) Metaspace: 131635K(134976K)->131635K(134976K) NonClass: 114469K(116160K)->114469K(116160K) Class: 17166K(18816K)->17166K(18816K)
[2022-06-30T14:45:45.893+0000][9][gc          ] GC(514) Pause Young (Normal) (G1 Evacuation Pause) 400M->101M(512M) 25.424ms
[2022-06-30T14:45:45.894+0000][9][gc,cpu      ] GC(514) User=0.01s Sys=0.00s Real=0.03s
[2022-06-30T14:45:45.894+0000][9][safepoint   ] Safepoint "G1CollectForAllocation", Time since last: 96042618928 ns, Reaching safepoint: 247248 ns, At safepoint: 26687221 ns, Total: 26934469 ns
[2022-06-30T14:47:18.853+0000][9][gc,start    ] GC(515) Pause Young (Normal) (G1 Evacuation Pause)
[2022-06-30T14:47:18.854+0000][9][gc,task     ] GC(515) Using 4 workers of 4 for evacuation
[2022-06-30T14:47:18.855+0000][9][gc,age      ] GC(515) Desired survivor size 20971520 bytes, new threshold 15 (max threshold 15)
[2022-06-30T14:47:18.860+0000][9][gc,phases   ] GC(515)   Pre Evacuate Collection Set: 0.1ms
[2022-06-30T14:47:18.861+0000][9][gc,phases   ] GC(515)   Merge Heap Roots: 0.1ms
[2022-06-30T14:47:18.861+0000][9][gc,phases   ] GC(515)   Evacuate Collection Set: 2.2ms
[2022-06-30T14:47:18.862+0000][9][gc,phases   ] GC(515)   Post Evacuate Collection Set: 1.1ms
[2022-06-30T14:47:18.863+0000][9][gc,phases   ] GC(515)   Other: 1.9ms
[2022-06-30T14:47:18.863+0000][9][gc,age      ] GC(515) Age table with threshold 15 (max threshold 15)
[2022-06-30T14:47:18.864+0000][9][gc,age      ] GC(515) - age   1:    1094736 bytes,    1094736 total
[2022-06-30T14:47:18.865+0000][9][gc,age      ] GC(515) - age   2:       2072 bytes,    1096808 total
[2022-06-30T14:47:18.866+0000][9][gc,age      ] GC(515) - age   3:       1920 bytes,    1098728 total
[2022-06-30T14:47:18.866+0000][9][gc,age      ] GC(515) - age   4:         24 bytes,    1098752 total
[2022-06-30T14:47:18.867+0000][9][gc,age      ] GC(515) - age   5:        568 bytes,    1099320 total
[2022-06-30T14:47:18.867+0000][9][gc,age      ] GC(515) - age   6:        368 bytes,    1099688 total
[2022-06-30T14:47:18.868+0000][9][gc,age      ] GC(515) - age   7:       8592 bytes,    1108280 total
[2022-06-30T14:47:18.869+0000][9][gc,age      ] GC(515) - age   8:         88 bytes,    1108368 total
[2022-06-30T14:47:18.870+0000][9][gc,age      ] GC(515) - age   9:         16 bytes,    1108384 total
[2022-06-30T14:47:18.870+0000][9][gc,age      ] GC(515) - age  12:     139000 bytes,    1247384 total
[2022-06-30T14:47:18.871+0000][9][gc,age      ] GC(515) - age  13:        184 bytes,    1247568 total
[2022-06-30T14:47:18.872+0000][9][gc,age      ] GC(515) - age  15:     236872 bytes,    1484440 total
[2022-06-30T14:47:18.872+0000][9][gc,heap     ] GC(515) Eden regions: 75->0(75)
[2022-06-30T14:47:18.873+0000][9][gc,heap     ] GC(515) Survivor regions: 1->1(10)
[2022-06-30T14:47:18.874+0000][9][gc,heap     ] GC(515) Old regions: 24->24
[2022-06-30T14:47:18.874+0000][9][gc,heap     ] GC(515) Archive regions: 2->2
[2022-06-30T14:47:18.875+0000][9][gc,heap     ] GC(515) Humongous regions: 0->0
[2022-06-30T14:47:18.879+0000][9][gc,metaspace] GC(515) Metaspace: 131635K(134976K)->131635K(134976K) NonClass: 114469K(116160K)->114469K(116160K) Class: 17166K(18816K)->17166K(18816K)
[2022-06-30T14:47:18.881+0000][9][gc          ] GC(515) Pause Young (Normal) (G1 Evacuation Pause) 401M->100M(512M) 28.076ms
[2022-06-30T14:47:18.882+0000][9][gc,cpu      ] GC(515) User=0.01s Sys=0.00s Real=0.02s
[2022-06-30T14:47:18.883+0000][9][safepoint   ] Safepoint "G1CollectForAllocation", Time since last: 93023673252 ns, Reaching safepoint: 107790 ns, At safepoint: 30090500 ns, Total: 30198290 ns
[2022-06-30T14:48:34.063+0000][9][gc,start    ] GC(516) Pause Young (Normal) (G1 Evacuation Pause)
[2022-06-30T14:48:34.064+0000][9][gc,task     ] GC(516) Using 4 workers of 4 for evacuation
[2022-06-30T14:48:34.065+0000][9][gc,age      ] GC(516) Desired survivor size 20971520 bytes, new threshold 15 (max threshold 15)
[2022-06-30T14:48:34.069+0000][9][gc,phases   ] GC(516)   Pre Evacuate Collection Set: 0.2ms
[2022-06-30T14:48:34.071+0000][9][gc,phases   ] GC(516)   Merge Heap Roots: 0.2ms
[2022-06-30T14:48:34.071+0000][9][gc,phases   ] GC(516)   Evacuate Collection Set: 2.2ms
[2022-06-30T14:48:34.072+0000][9][gc,phases   ] GC(516)   Post Evacuate Collection Set: 1.2ms
[2022-06-30T14:48:34.073+0000][9][gc,phases   ] GC(516)   Other: 1.4ms
[2022-06-30T14:48:34.073+0000][9][gc,age      ] GC(516) Age table with threshold 15 (max threshold 15)
[2022-06-30T14:48:34.074+0000][9][gc,age      ] GC(516) - age   1:     743120 bytes,     743120 total
[2022-06-30T14:48:34.075+0000][9][gc,age      ] GC(516) - age   2:       2360 bytes,     745480 total
[2022-06-30T14:48:34.076+0000][9][gc,age      ] GC(516) - age   3:        792 bytes,     746272 total
[2022-06-30T14:48:34.076+0000][9][gc,age      ] GC(516) - age   4:       1728 bytes,     748000 total
[2022-06-30T14:48:34.077+0000][9][gc,age      ] GC(516) - age   5:         24 bytes,     748024 total
[2022-06-30T14:48:34.077+0000][9][gc,age      ] GC(516) - age   6:        568 bytes,     748592 total
[2022-06-30T14:48:34.078+0000][9][gc,age      ] GC(516) - age   7:        368 bytes,     748960 total
[2022-06-30T14:48:34.078+0000][9][gc,age      ] GC(516) - age   8:       8592 bytes,     757552 total
[2022-06-30T14:48:34.079+0000][9][gc,age      ] GC(516) - age   9:         88 bytes,     757640 total
[2022-06-30T14:48:34.080+0000][9][gc,age      ] GC(516) - age  10:         16 bytes,     757656 total
[2022-06-30T14:48:34.080+0000][9][gc,age      ] GC(516) - age  13:     139000 bytes,     896656 total
[2022-06-30T14:48:34.081+0000][9][gc,age      ] GC(516) - age  14:        184 bytes,     896840 total
[2022-06-30T14:48:34.082+0000][9][gc,heap     ] GC(516) Eden regions: 75->0(75)
[2022-06-30T14:48:34.082+0000][9][gc,heap     ] GC(516) Survivor regions: 1->1(10)
[2022-06-30T14:48:34.083+0000][9][gc,heap     ] GC(516) Old regions: 24->24
[2022-06-30T14:48:34.084+0000][9][gc,heap     ] GC(516) Archive regions: 2->2
[2022-06-30T14:48:34.084+0000][9][gc,heap     ] GC(516) Humongous regions: 0->0
[2022-06-30T14:48:34.085+0000][9][gc,metaspace] GC(516) Metaspace: 131635K(134976K)->131635K(134976K) NonClass: 114469K(116160K)->114469K(116160K) Class: 17166K(18816K)->17166K(18816K)
[2022-06-30T14:48:34.088+0000][9][gc          ] GC(516) Pause Young (Normal) (G1 Evacuation Pause) 400M->99M(512M) 25.117ms
[2022-06-30T14:48:34.089+0000][9][gc,cpu      ] GC(516) User=0.01s Sys=0.01s Real=0.02s
[2022-06-30T14:48:34.090+0000][9][safepoint   ] Safepoint "G1CollectForAllocation", Time since last: 75222711777 ns, Reaching safepoint: 202084 ns, At safepoint: 26862159 ns, Total: 27064243 ns
[2022-06-30T14:49:57.841+0000][9][gc,start    ] GC(517) Pause Young (Normal) (G1 Evacuation Pause)
[2022-06-30T14:49:57.842+0000][9][gc,task     ] GC(517) Using 4 workers of 4 for evacuation
[2022-06-30T14:49:57.842+0000][9][gc,age      ] GC(517) Desired survivor size 20971520 bytes, new threshold 15 (max threshold 15)
[2022-06-30T14:49:57.847+0000][9][gc,phases   ] GC(517)   Pre Evacuate Collection Set: 0.2ms
[2022-06-30T14:49:57.848+0000][9][gc,phases   ] GC(517)   Merge Heap Roots: 0.2ms
[2022-06-30T14:49:57.849+0000][9][gc,phases   ] GC(517)   Evacuate Collection Set: 2.2ms
[2022-06-30T14:49:57.849+0000][9][gc,phases   ] GC(517)   Post Evacuate Collection Set: 1.1ms
[2022-06-30T14:49:57.850+0000][9][gc,phases   ] GC(517)   Other: 1.4ms
[2022-06-30T14:49:57.851+0000][9][gc,age      ] GC(517) Age table with threshold 15 (max threshold 15)
[2022-06-30T14:49:57.851+0000][9][gc,age      ] GC(517) - age   1:    1517128 bytes,    1517128 total
[2022-06-30T14:49:57.852+0000][9][gc,age      ] GC(517) - age   2:        544 bytes,    1517672 total
[2022-06-30T14:49:57.852+0000][9][gc,age      ] GC(517) - age   3:        832 bytes,    1518504 total
[2022-06-30T14:49:57.853+0000][9][gc,age      ] GC(517) - age   4:        184 bytes,    1518688 total
[2022-06-30T14:49:57.854+0000][9][gc,age      ] GC(517) - age   5:       1728 bytes,    1520416 total
[2022-06-30T14:49:57.854+0000][9][gc,age      ] GC(517) - age   6:         24 bytes,    1520440 total
[2022-06-30T14:49:57.855+0000][9][gc,age      ] GC(517) - age   7:        568 bytes,    1521008 total
[2022-06-30T14:49:57.856+0000][9][gc,age      ] GC(517) - age   8:        216 bytes,    1521224 total
[2022-06-30T14:49:57.856+0000][9][gc,age      ] GC(517) - age   9:       8592 bytes,    1529816 total
[2022-06-30T14:49:57.857+0000][9][gc,age      ] GC(517) - age  10:         88 bytes,    1529904 total
[2022-06-30T14:49:57.857+0000][9][gc,age      ] GC(517) - age  11:         16 bytes,    1529920 total
[2022-06-30T14:49:57.858+0000][9][gc,age      ] GC(517) - age  14:     138968 bytes,    1668888 total
[2022-06-30T14:49:57.859+0000][9][gc,age      ] GC(517) - age  15:        184 bytes,    1669072 total
[2022-06-30T14:49:57.859+0000][9][gc,heap     ] GC(517) Eden regions: 75->0(75)
[2022-06-30T14:49:57.860+0000][9][gc,heap     ] GC(517) Survivor regions: 1->1(10)
[2022-06-30T14:49:57.860+0000][9][gc,heap     ] GC(517) Old regions: 24->24
[2022-06-30T14:49:57.861+0000][9][gc,heap     ] GC(517) Archive regions: 2->2
[2022-06-30T14:49:57.861+0000][9][gc,heap     ] GC(517) Humongous regions: 0->0
[2022-06-30T14:49:57.862+0000][9][gc,metaspace] GC(517) Metaspace: 131638K(135040K)->131638K(135040K) NonClass: 114472K(116224K)->114472K(116224K) Class: 17166K(18816K)->17166K(18816K)
[2022-06-30T14:49:57.863+0000][9][gc          ] GC(517) Pause Young (Normal) (G1 Evacuation Pause) 399M->100M(512M) 22.262ms
[2022-06-30T14:49:57.864+0000][9][gc,cpu      ] GC(517) User=0.01s Sys=0.00s Real=0.02s
[2022-06-30T14:49:57.865+0000][9][safepoint   ] Safepoint "G1CollectForAllocation", Time since last: 83815631346 ns, Reaching safepoint: 83094 ns, At safepoint: 24485149 ns, Total: 24568243 ns
[2022-06-30T14:51:18.802+0000][9][gc,start    ] GC(518) Pause Young (Normal) (G1 Evacuation Pause)
[2022-06-30T14:51:18.803+0000][9][gc,task     ] GC(518) Using 4 workers of 4 for evacuation
[2022-06-30T14:51:18.804+0000][9][gc,age      ] GC(518) Desired survivor size 20971520 bytes, new threshold 15 (max threshold 15)
[2022-06-30T14:51:18.810+0000][9][gc,phases   ] GC(518)   Pre Evacuate Collection Set: 0.5ms
[2022-06-30T14:51:18.810+0000][9][gc,phases   ] GC(518)   Merge Heap Roots: 0.2ms
[2022-06-30T14:51:18.812+0000][9][gc,phases   ] GC(518)   Evacuate Collection Set: 2.5ms
[2022-06-30T14:51:18.813+0000][9][gc,phases   ] GC(518)   Post Evacuate Collection Set: 1.7ms
[2022-06-30T14:51:18.813+0000][9][gc,phases   ] GC(518)   Other: 1.9ms
[2022-06-30T14:51:18.814+0000][9][gc,age      ] GC(518) Age table with threshold 15 (max threshold 15)
[2022-06-30T14:51:18.815+0000][9][gc,age      ] GC(518) - age   1:     839200 bytes,     839200 total
[2022-06-30T14:51:18.815+0000][9][gc,age      ] GC(518) - age   2:       2288 bytes,     841488 total
[2022-06-30T14:51:18.816+0000][9][gc,age      ] GC(518) - age   3:         96 bytes,     841584 total
[2022-06-30T14:51:18.817+0000][9][gc,age      ] GC(518) - age   4:        208 bytes,     841792 total
[2022-06-30T14:51:18.817+0000][9][gc,age      ] GC(518) - age   5:         88 bytes,     841880 total
[2022-06-30T14:51:18.818+0000][9][gc,age      ] GC(518) - age   6:       1728 bytes,     843608 total
[2022-06-30T14:51:18.818+0000][9][gc,age      ] GC(518) - age   7:         24 bytes,     843632 total
[2022-06-30T14:51:18.819+0000][9][gc,age      ] GC(518) - age   8:        568 bytes,     844200 total
[2022-06-30T14:51:18.820+0000][9][gc,age      ] GC(518) - age   9:        216 bytes,     844416 total
[2022-06-30T14:51:18.821+0000][9][gc,age      ] GC(518) - age  10:       8592 bytes,     853008 total
[2022-06-30T14:51:18.823+0000][9][gc,age      ] GC(518) - age  11:         88 bytes,     853096 total
[2022-06-30T14:51:18.826+0000][9][gc,age      ] GC(518) - age  12:         16 bytes,     853112 total
[2022-06-30T14:51:18.828+0000][9][gc,age      ] GC(518) - age  15:     138968 bytes,     992080 total
[2022-06-30T14:51:18.829+0000][9][gc,heap     ] GC(518) Eden regions: 75->0(75)
[2022-06-30T14:51:18.830+0000][9][gc,heap     ] GC(518) Survivor regions: 1->1(10)
[2022-06-30T14:51:18.831+0000][9][gc,heap     ] GC(518) Old regions: 24->24
[2022-06-30T14:51:18.832+0000][9][gc,heap     ] GC(518) Archive regions: 2->2
[2022-06-30T14:51:18.832+0000][9][gc,heap     ] GC(518) Humongous regions: 0->0
[2022-06-30T14:51:18.833+0000][9][gc,metaspace] GC(518) Metaspace: 131638K(135040K)->131638K(135040K) NonClass: 114472K(116224K)->114472K(116224K) Class: 17166K(18816K)->17166K(18816K)
[2022-06-30T14:51:18.834+0000][9][gc          ] GC(518) Pause Young (Normal) (G1 Evacuation Pause) 400M->99M(512M) 32.001ms
[2022-06-30T14:51:18.834+0000][9][gc,cpu      ] GC(518) User=0.01s Sys=0.01s Real=0.03s
[2022-06-30T14:51:18.835+0000][9][safepoint   ] Safepoint "G1CollectForAllocation", Time since last: 81001375454 ns, Reaching safepoint: 94948 ns, At safepoint: 33508200 ns, Total: 33603148 ns
[2022-06-30T14:52:33.865+0000][9][gc,start    ] GC(519) Pause Young (Normal) (G1 Evacuation Pause)
[2022-06-30T14:52:33.866+0000][9][gc,task     ] GC(519) Using 4 workers of 4 for evacuation
[2022-06-30T14:52:33.868+0000][9][gc,age      ] GC(519) Desired survivor size 20971520 bytes, new threshold 15 (max threshold 15)
[2022-06-30T14:52:33.873+0000][9][gc,phases   ] GC(519)   Pre Evacuate Collection Set: 0.2ms
[2022-06-30T14:52:33.874+0000][9][gc,phases   ] GC(519)   Merge Heap Roots: 0.1ms
[2022-06-30T14:52:33.875+0000][9][gc,phases   ] GC(519)   Evacuate Collection Set: 2.6ms
[2022-06-30T14:52:33.876+0000][9][gc,phases   ] GC(519)   Post Evacuate Collection Set: 1.1ms
[2022-06-30T14:52:33.876+0000][9][gc,phases   ] GC(519)   Other: 3.1ms
[2022-06-30T14:52:33.877+0000][9][gc,age      ] GC(519) Age table with threshold 15 (max threshold 15)
[2022-06-30T14:52:33.878+0000][9][gc,age      ] GC(519) - age   1:     925752 bytes,     925752 total
[2022-06-30T14:52:33.879+0000][9][gc,age      ] GC(519) - age   2:       2192 bytes,     927944 total
[2022-06-30T14:52:33.879+0000][9][gc,age      ] GC(519) - age   3:        880 bytes,     928824 total
[2022-06-30T14:52:33.880+0000][9][gc,age      ] GC(519) - age   4:         32 bytes,     928856 total
[2022-06-30T14:52:33.880+0000][9][gc,age      ] GC(519) - age   5:        184 bytes,     929040 total
[2022-06-30T14:52:33.881+0000][9][gc,age      ] GC(519) - age   6:         88 bytes,     929128 total
[2022-06-30T14:52:33.882+0000][9][gc,age      ] GC(519) - age   7:       1728 bytes,     930856 total
[2022-06-30T14:52:33.883+0000][9][gc,age      ] GC(519) - age   8:         24 bytes,     930880 total
[2022-06-30T14:52:33.883+0000][9][gc,age      ] GC(519) - age   9:        568 bytes,     931448 total
[2022-06-30T14:52:33.885+0000][9][gc,age      ] GC(519) - age  10:        216 bytes,     931664 total
[2022-06-30T14:52:33.886+0000][9][gc,age      ] GC(519) - age  11:       8592 bytes,     940256 total
[2022-06-30T14:52:33.887+0000][9][gc,age      ] GC(519) - age  12:         88 bytes,     940344 total
[2022-06-30T14:52:33.887+0000][9][gc,age      ] GC(519) - age  13:         16 bytes,     940360 total
[2022-06-30T14:52:33.888+0000][9][gc,heap     ] GC(519) Eden regions: 75->0(75)
[2022-06-30T14:52:33.888+0000][9][gc,heap     ] GC(519) Survivor regions: 1->1(10)
[2022-06-30T14:52:33.889+0000][9][gc,heap     ] GC(519) Old regions: 24->24
[2022-06-30T14:52:33.890+0000][9][gc,heap     ] GC(519) Archive regions: 2->2
[2022-06-30T14:52:33.890+0000][9][gc,heap     ] GC(519) Humongous regions: 0->0
[2022-06-30T14:52:33.891+0000][9][gc,metaspace] GC(519) Metaspace: 131638K(135040K)->131638K(135040K) NonClass: 114472K(116224K)->114472K(116224K) Class: 17166K(18816K)->17166K(18816K)
[2022-06-30T14:52:33.892+0000][9][gc          ] GC(519) Pause Young (Normal) (G1 Evacuation Pause) 399M->99M(512M) 26.619ms
[2022-06-30T14:52:33.892+0000][9][gc,cpu      ] GC(519) User=0.01s Sys=0.00s Real=0.03s
[2022-06-30T14:52:33.893+0000][9][safepoint   ] Safepoint "G1CollectForAllocation", Time since last: 75071890780 ns, Reaching safepoint: 101013 ns, At safepoint: 28141603 ns, Total: 28242616 ns
[2022-06-30T14:53:57.800+0000][9][gc,start    ] GC(520) Pause Young (Normal) (G1 Evacuation Pause)
[2022-06-30T14:53:57.801+0000][9][gc,task     ] GC(520) Using 4 workers of 4 for evacuation
[2022-06-30T14:53:57.802+0000][9][gc,age      ] GC(520) Desired survivor size 20971520 bytes, new threshold 15 (max threshold 15)
[2022-06-30T14:53:57.807+0000][9][gc,phases   ] GC(520)   Pre Evacuate Collection Set: 0.2ms
[2022-06-30T14:53:57.808+0000][9][gc,phases   ] GC(520)   Merge Heap Roots: 0.1ms
[2022-06-30T14:53:57.808+0000][9][gc,phases   ] GC(520)   Evacuate Collection Set: 3.2ms
[2022-06-30T14:53:57.809+0000][9][gc,phases   ] GC(520)   Post Evacuate Collection Set: 1.0ms
[2022-06-30T14:53:57.809+0000][9][gc,phases   ] GC(520)   Other: 1.3ms
[2022-06-30T14:53:57.810+0000][9][gc,age      ] GC(520) Age table with threshold 15 (max threshold 15)
[2022-06-30T14:53:57.811+0000][9][gc,age      ] GC(520) - age   1:    2005512 bytes,    2005512 total
[2022-06-30T14:53:57.812+0000][9][gc,age      ] GC(520) - age   2:       1664 bytes,    2007176 total
[2022-06-30T14:53:57.813+0000][9][gc,age      ] GC(520) - age   3:        624 bytes,    2007800 total
[2022-06-30T14:53:57.813+0000][9][gc,age      ] GC(520) - age   4:        816 bytes,    2008616 total
[2022-06-30T14:53:57.814+0000][9][gc,age      ] GC(520) - age   5:         32 bytes,    2008648 total
[2022-06-30T14:53:57.815+0000][9][gc,age      ] GC(520) - age   6:        184 bytes,    2008832 total
[2022-06-30T14:53:57.815+0000][9][gc,age      ] GC(520) - age   7:         88 bytes,    2008920 total
[2022-06-30T14:53:57.816+0000][9][gc,age      ] GC(520) - age   9:         24 bytes,    2008944 total
[2022-06-30T14:53:57.817+0000][9][gc,age      ] GC(520) - age  10:        568 bytes,    2009512 total
[2022-06-30T14:53:57.817+0000][9][gc,age      ] GC(520) - age  11:        216 bytes,    2009728 total
[2022-06-30T14:53:57.818+0000][9][gc,age      ] GC(520) - age  12:       8200 bytes,    2017928 total
[2022-06-30T14:53:57.818+0000][9][gc,age      ] GC(520) - age  13:         88 bytes,    2018016 total
[2022-06-30T14:53:57.819+0000][9][gc,age      ] GC(520) - age  14:         16 bytes,    2018032 total
[2022-06-30T14:53:57.820+0000][9][gc,heap     ] GC(520) Eden regions: 75->0(75)
[2022-06-30T14:53:57.820+0000][9][gc,heap     ] GC(520) Survivor regions: 1->1(10)
[2022-06-30T14:53:57.821+0000][9][gc,heap     ] GC(520) Old regions: 24->24
[2022-06-30T14:53:57.822+0000][9][gc,heap     ] GC(520) Archive regions: 2->2
[2022-06-30T14:53:57.823+0000][9][gc,heap     ] GC(520) Humongous regions: 0->0
[2022-06-30T14:53:57.824+0000][9][gc,metaspace] GC(520) Metaspace: 131638K(135040K)->131638K(135040K) NonClass: 114472K(116224K)->114472K(116224K) Class: 17166K(18816K)->17166K(18816K)
[2022-06-30T14:53:57.824+0000][9][gc          ] GC(520) Pause Young (Normal) (G1 Evacuation Pause) 399M->100M(512M) 24.484ms
[2022-06-30T14:53:57.825+0000][9][gc,cpu      ] GC(520) User=0.01s Sys=0.00s Real=0.03s
[2022-06-30T14:53:57.828+0000][9][safepoint   ] Safepoint "G1CollectForAllocation", Time since last: 83972877352 ns, Reaching safepoint: 195899 ns, At safepoint: 27933429 ns, Total: 28129328 ns
[2022-06-30T14:55:18.722+0000][9][gc,start    ] GC(521) Pause Young (Normal) (G1 Evacuation Pause)
[2022-06-30T14:55:18.724+0000][9][gc,task     ] GC(521) Using 4 workers of 4 for evacuation
[2022-06-30T14:55:18.726+0000][9][gc,age      ] GC(521) Desired survivor size 20971520 bytes, new threshold 15 (max threshold 15)
[2022-06-30T14:55:18.732+0000][9][gc,phases   ] GC(521)   Pre Evacuate Collection Set: 0.2ms
[2022-06-30T14:55:18.733+0000][9][gc,phases   ] GC(521)   Merge Heap Roots: 0.2ms
[2022-06-30T14:55:18.733+0000][9][gc,phases   ] GC(521)   Evacuate Collection Set: 3.4ms
[2022-06-30T14:55:18.734+0000][9][gc,phases   ] GC(521)   Post Evacuate Collection Set: 1.5ms
[2022-06-30T14:55:18.735+0000][9][gc,phases   ] GC(521)   Other: 2.8ms
[2022-06-30T14:55:18.735+0000][9][gc,age      ] GC(521) Age table with threshold 15 (max threshold 15)
[2022-06-30T14:55:18.737+0000][9][gc,age      ] GC(521) - age   1:    1050160 bytes,    1050160 total
[2022-06-30T14:55:18.738+0000][9][gc,age      ] GC(521) - age   2:       3864 bytes,    1054024 total
[2022-06-30T14:55:18.738+0000][9][gc,age      ] GC(521) - age   3:         24 bytes,    1054048 total
[2022-06-30T14:55:18.739+0000][9][gc,age      ] GC(521) - age   4:        216 bytes,    1054264 total
[2022-06-30T14:55:18.740+0000][9][gc,age      ] GC(521) - age   5:        520 bytes,    1054784 total
[2022-06-30T14:55:18.740+0000][9][gc,age      ] GC(521) - age   6:         32 bytes,    1054816 total
[2022-06-30T14:55:18.741+0000][9][gc,age      ] GC(521) - age   7:        184 bytes,    1055000 total
[2022-06-30T14:55:18.741+0000][9][gc,age      ] GC(521) - age   8:         88 bytes,    1055088 total
[2022-06-30T14:55:18.742+0000][9][gc,age      ] GC(521) - age  10:         24 bytes,    1055112 total
[2022-06-30T14:55:18.742+0000][9][gc,age      ] GC(521) - age  11:        568 bytes,    1055680 total
[2022-06-30T14:55:18.743+0000][9][gc,age      ] GC(521) - age  12:        216 bytes,    1055896 total
[2022-06-30T14:55:18.744+0000][9][gc,age      ] GC(521) - age  13:       8200 bytes,    1064096 total
[2022-06-30T14:55:18.744+0000][9][gc,age      ] GC(521) - age  14:         88 bytes,    1064184 total
[2022-06-30T14:55:18.745+0000][9][gc,age      ] GC(521) - age  15:         16 bytes,    1064200 total
[2022-06-30T14:55:18.745+0000][9][gc,heap     ] GC(521) Eden regions: 75->0(75)
[2022-06-30T14:55:18.746+0000][9][gc,heap     ] GC(521) Survivor regions: 1->1(10)
[2022-06-30T14:55:18.747+0000][9][gc,heap     ] GC(521) Old regions: 24->24
[2022-06-30T14:55:18.747+0000][9][gc,heap     ] GC(521) Archive regions: 2->2
[2022-06-30T14:55:18.748+0000][9][gc,heap     ] GC(521) Humongous regions: 0->0
[2022-06-30T14:55:18.749+0000][9][gc,metaspace] GC(521) Metaspace: 131638K(135040K)->131638K(135040K) NonClass: 114472K(116224K)->114472K(116224K) Class: 17166K(18816K)->17166K(18816K)
[2022-06-30T14:55:18.750+0000][9][gc          ] GC(521) Pause Young (Normal) (G1 Evacuation Pause) 400M->99M(512M) 27.370ms
[2022-06-30T14:55:18.750+0000][9][gc,cpu      ] GC(521) User=0.01s Sys=0.00s Real=0.03s
[2022-06-30T14:55:18.751+0000][9][safepoint   ] Safepoint "G1CollectForAllocation", Time since last: 80958194771 ns, Reaching safepoint: 316759 ns, At safepoint: 28978591 ns, Total: 29295350 ns
[2022-06-30T14:56:46.821+0000][9][gc,start    ] GC(522) Pause Young (Normal) (G1 Evacuation Pause)
[2022-06-30T14:56:46.822+0000][9][gc,task     ] GC(522) Using 4 workers of 4 for evacuation
[2022-06-30T14:56:46.823+0000][9][gc,age      ] GC(522) Desired survivor size 20971520 bytes, new threshold 15 (max threshold 15)
[2022-06-30T14:56:46.829+0000][9][gc,phases   ] GC(522)   Pre Evacuate Collection Set: 0.2ms
[2022-06-30T14:56:46.830+0000][9][gc,phases   ] GC(522)   Merge Heap Roots: 0.1ms
[2022-06-30T14:56:46.830+0000][9][gc,phases   ] GC(522)   Evacuate Collection Set: 3.3ms
[2022-06-30T14:56:46.831+0000][9][gc,phases   ] GC(522)   Post Evacuate Collection Set: 1.2ms
[2022-06-30T14:56:46.832+0000][9][gc,phases   ] GC(522)   Other: 1.8ms
[2022-06-30T14:56:46.832+0000][9][gc,age      ] GC(522) Age table with threshold 15 (max threshold 15)
[2022-06-30T14:56:46.835+0000][9][gc,age      ] GC(522) - age   1:    1549144 bytes,    1549144 total
[2022-06-30T14:56:46.836+0000][9][gc,age      ] GC(522) - age   2:       1432 bytes,    1550576 total
[2022-06-30T14:56:46.837+0000][9][gc,age      ] GC(522) - age   3:       2608 bytes,    1553184 total
[2022-06-30T14:56:46.838+0000][9][gc,age      ] GC(522) - age   4:         24 bytes,    1553208 total
[2022-06-30T14:56:46.838+0000][9][gc,age      ] GC(522) - age   5:        216 bytes,    1553424 total
[2022-06-30T14:56:46.839+0000][9][gc,age      ] GC(522) - age   6:        520 bytes,    1553944 total
[2022-06-30T14:56:46.840+0000][9][gc,age      ] GC(522) - age   8:        184 bytes,    1554128 total
[2022-06-30T14:56:46.840+0000][9][gc,age      ] GC(522) - age   9:         88 bytes,    1554216 total
[2022-06-30T14:56:46.841+0000][9][gc,age      ] GC(522) - age  11:         24 bytes,    1554240 total
[2022-06-30T14:56:46.841+0000][9][gc,age      ] GC(522) - age  12:        568 bytes,    1554808 total
[2022-06-30T14:56:46.842+0000][9][gc,age      ] GC(522) - age  13:         32 bytes,    1554840 total
[2022-06-30T14:56:46.842+0000][9][gc,age      ] GC(522) - age  14:       8200 bytes,    1563040 total
[2022-06-30T14:56:46.843+0000][9][gc,age      ] GC(522) - age  15:         88 bytes,    1563128 total
[2022-06-30T14:56:46.843+0000][9][gc,heap     ] GC(522) Eden regions: 75->0(75)
[2022-06-30T14:56:46.844+0000][9][gc,heap     ] GC(522) Survivor regions: 1->1(10)
[2022-06-30T14:56:46.845+0000][9][gc,heap     ] GC(522) Old regions: 24->24
[2022-06-30T14:56:46.845+0000][9][gc,heap     ] GC(522) Archive regions: 2->2
[2022-06-30T14:56:46.846+0000][9][gc,heap     ] GC(522) Humongous regions: 0->0
[2022-06-30T14:56:46.847+0000][9][gc,metaspace] GC(522) Metaspace: 131638K(135040K)->131638K(135040K) NonClass: 114472K(116224K)->114472K(116224K) Class: 17166K(18816K)->17166K(18816K)
[2022-06-30T14:56:46.847+0000][9][gc          ] GC(522) Pause Young (Normal) (G1 Evacuation Pause) 399M->100M(512M) 26.152ms
[2022-06-30T14:56:46.848+0000][9][gc,cpu      ] GC(522) User=0.01s Sys=0.01s Real=0.03s
[2022-06-30T14:56:46.849+0000][9][safepoint   ] Safepoint "G1CollectForAllocation", Time since last: 88135205273 ns, Reaching safepoint: 373386 ns, At safepoint: 27815587 ns, Total: 28188973 ns
[2022-06-30T14:58:13.718+0000][9][gc,start    ] GC(523) Pause Young (Normal) (G1 Evacuation Pause)
[2022-06-30T14:58:13.719+0000][9][gc,task     ] GC(523) Using 4 workers of 4 for evacuation
[2022-06-30T14:58:13.720+0000][9][gc,age      ] GC(523) Desired survivor size 20971520 bytes, new threshold 15 (max threshold 15)
[2022-06-30T14:58:13.725+0000][9][gc,phases   ] GC(523)   Pre Evacuate Collection Set: 0.2ms
[2022-06-30T14:58:13.726+0000][9][gc,phases   ] GC(523)   Merge Heap Roots: 0.1ms
[2022-06-30T14:58:13.726+0000][9][gc,phases   ] GC(523)   Evacuate Collection Set: 2.0ms
[2022-06-30T14:58:13.727+0000][9][gc,phases   ] GC(523)   Post Evacuate Collection Set: 1.1ms
[2022-06-30T14:58:13.728+0000][9][gc,phases   ] GC(523)   Other: 1.7ms
[2022-06-30T14:58:13.728+0000][9][gc,age      ] GC(523) Age table with threshold 15 (max threshold 15)
[2022-06-30T14:58:13.729+0000][9][gc,age      ] GC(523) - age   1:    1222184 bytes,    1222184 total
[2022-06-30T14:58:13.731+0000][9][gc,age      ] GC(523) - age   2:       2400 bytes,    1224584 total
[2022-06-30T14:58:13.732+0000][9][gc,age      ] GC(523) - age   3:        344 bytes,    1224928 total
[2022-06-30T14:58:13.732+0000][9][gc,age      ] GC(523) - age   4:       2120 bytes,    1227048 total
[2022-06-30T14:58:13.733+0000][9][gc,age      ] GC(523) - age   5:         24 bytes,    1227072 total
[2022-06-30T14:58:13.734+0000][9][gc,age      ] GC(523) - age   6:        216 bytes,    1227288 total
[2022-06-30T14:58:13.735+0000][9][gc,age      ] GC(523) - age   7:        520 bytes,    1227808 total
[2022-06-30T14:58:13.735+0000][9][gc,age      ] GC(523) - age   9:        184 bytes,    1227992 total
[2022-06-30T14:58:13.736+0000][9][gc,age      ] GC(523) - age  12:         24 bytes,    1228016 total
[2022-06-30T14:58:13.736+0000][9][gc,age      ] GC(523) - age  13:        568 bytes,    1228584 total
[2022-06-30T14:58:13.737+0000][9][gc,age      ] GC(523) - age  14:         32 bytes,    1228616 total
[2022-06-30T14:58:13.738+0000][9][gc,age      ] GC(523) - age  15:       8200 bytes,    1236816 total
[2022-06-30T14:58:13.738+0000][9][gc,heap     ] GC(523) Eden regions: 75->0(75)
[2022-06-30T14:58:13.739+0000][9][gc,heap     ] GC(523) Survivor regions: 1->1(10)
[2022-06-30T14:58:13.740+0000][9][gc,heap     ] GC(523) Old regions: 24->24
[2022-06-30T14:58:13.740+0000][9][gc,heap     ] GC(523) Archive regions: 2->2
[2022-06-30T14:58:13.741+0000][9][gc,heap     ] GC(523) Humongous regions: 0->0
[2022-06-30T14:58:13.742+0000][9][gc,metaspace] GC(523) Metaspace: 131638K(135040K)->131638K(135040K) NonClass: 114472K(116224K)->114472K(116224K) Class: 17166K(18816K)->17166K(18816K)
[2022-06-30T14:58:13.743+0000][9][gc          ] GC(523) Pause Young (Normal) (G1 Evacuation Pause) 400M->100M(512M) 24.981ms
[2022-06-30T14:58:13.743+0000][9][gc,cpu      ] GC(523) User=0.01s Sys=0.00s Real=0.02s
[2022-06-30T14:58:13.744+0000][9][safepoint   ] Safepoint "G1CollectForAllocation", Time since last: 86931810710 ns, Reaching safepoint: 1033956 ns, At safepoint: 26575319 ns, Total: 27609275 ns
[2022-06-30T14:59:13.782+0000][9][safepoint   ] Safepoint "Cleanup", Time since last: 60080515330 ns, Reaching safepoint: 139074 ns, At safepoint: 5760 ns, Total: 144834 ns
[2022-06-30T14:59:22.792+0000][9][safepoint   ] Safepoint "Cleanup", Time since last: 9009379817 ns, Reaching safepoint: 471105 ns, At safepoint: 59181 ns, Total: 530286 ns
[2022-06-30T14:59:58.011+0000][9][gc,start    ] GC(524) Pause Young (Normal) (G1 Evacuation Pause)
[2022-06-30T14:59:58.013+0000][9][gc,task     ] GC(524) Using 4 workers of 4 for evacuation
[2022-06-30T14:59:58.014+0000][9][gc,age      ] GC(524) Desired survivor size 20971520 bytes, new threshold 15 (max threshold 15)
[2022-06-30T14:59:58.018+0000][9][gc,phases   ] GC(524)   Pre Evacuate Collection Set: 0.2ms
[2022-06-30T14:59:58.019+0000][9][gc,phases   ] GC(524)   Merge Heap Roots: 0.1ms
[2022-06-30T14:59:58.020+0000][9][gc,phases   ] GC(524)   Evacuate Collection Set: 2.6ms
[2022-06-30T14:59:58.020+0000][9][gc,phases   ] GC(524)   Post Evacuate Collection Set: 0.9ms
[2022-06-30T14:59:58.021+0000][9][gc,phases   ] GC(524)   Other: 1.5ms
[2022-06-30T14:59:58.022+0000][9][gc,age      ] GC(524) Age table with threshold 15 (max threshold 15)
[2022-06-30T14:59:58.023+0000][9][gc,age      ] GC(524) - age   1:    1570416 bytes,    1570416 total
[2022-06-30T14:59:58.023+0000][9][gc,age      ] GC(524) - age   2:       1616 bytes,    1572032 total
[2022-06-30T14:59:58.024+0000][9][gc,age      ] GC(524) - age   3:        160 bytes,    1572192 total
[2022-06-30T14:59:58.025+0000][9][gc,age      ] GC(524) - age   4:        280 bytes,    1572472 total
[2022-06-30T14:59:58.026+0000][9][gc,age      ] GC(524) - age   5:       2120 bytes,    1574592 total
[2022-06-30T14:59:58.026+0000][9][gc,age      ] GC(524) - age   6:         24 bytes,    1574616 total
[2022-06-30T14:59:58.027+0000][9][gc,age      ] GC(524) - age   7:        216 bytes,    1574832 total
[2022-06-30T14:59:58.027+0000][9][gc,age      ] GC(524) - age   8:        312 bytes,    1575144 total
[2022-06-30T14:59:58.029+0000][9][gc,age      ] GC(524) - age  10:        184 bytes,    1575328 total
[2022-06-30T14:59:58.030+0000][9][gc,age      ] GC(524) - age  13:         24 bytes,    1575352 total
[2022-06-30T14:59:58.030+0000][9][gc,age      ] GC(524) - age  14:        568 bytes,    1575920 total
[2022-06-30T14:59:58.031+0000][9][gc,heap     ] GC(524) Eden regions: 75->0(75)
[2022-06-30T14:59:58.032+0000][9][gc,heap     ] GC(524) Survivor regions: 1->1(10)
[2022-06-30T14:59:58.033+0000][9][gc,heap     ] GC(524) Old regions: 24->24
[2022-06-30T14:59:58.034+0000][9][gc,heap     ] GC(524) Archive regions: 2->2
[2022-06-30T14:59:58.035+0000][9][gc,heap     ] GC(524) Humongous regions: 0->0
[2022-06-30T14:59:58.036+0000][9][gc,metaspace] GC(524) Metaspace: 131651K(135040K)->131651K(135040K) NonClass: 114485K(116224K)->114485K(116224K) Class: 17166K(18816K)->17166K(18816K)
[2022-06-30T14:59:58.037+0000][9][gc          ] GC(524) Pause Young (Normal) (G1 Evacuation Pause) 400M->100M(512M) 25.504ms
[2022-06-30T14:59:58.038+0000][9][gc,cpu      ] GC(524) User=0.01s Sys=0.00s Real=0.03s
[2022-06-30T14:59:58.039+0000][9][safepoint   ] Safepoint "G1CollectForAllocation", Time since last: 35241472478 ns, Reaching safepoint: 56441 ns, At safepoint: 27047349 ns, Total: 27103790 ns
[2022-06-30T15:01:17.075+0000][9][safepoint   ] Safepoint "Cleanup", Time since last: 79100737887 ns, Reaching safepoint: 286165 ns, At safepoint: 177987 ns, Total: 464152 ns
[2022-06-30T15:01:30.967+0000][9][gc,start    ] GC(525) Pause Young (Normal) (G1 Evacuation Pause)
[2022-06-30T15:01:30.969+0000][9][gc,task     ] GC(525) Using 4 workers of 4 for evacuation
[2022-06-30T15:01:30.971+0000][9][gc,age      ] GC(525) Desired survivor size 20971520 bytes, new threshold 15 (max threshold 15)
[2022-06-30T15:01:30.977+0000][9][gc,phases   ] GC(525)   Pre Evacuate Collection Set: 0.4ms
[2022-06-30T15:01:30.978+0000][9][gc,phases   ] GC(525)   Merge Heap Roots: 0.2ms
[2022-06-30T15:01:30.980+0000][9][gc,phases   ] GC(525)   Evacuate Collection Set: 2.2ms
[2022-06-30T15:01:30.982+0000][9][gc,phases   ] GC(525)   Post Evacuate Collection Set: 1.6ms
[2022-06-30T15:01:30.982+0000][9][gc,phases   ] GC(525)   Other: 3.9ms
[2022-06-30T15:01:30.984+0000][9][gc,age      ] GC(525) Age table with threshold 15 (max threshold 15)
[2022-06-30T15:01:30.986+0000][9][gc,age      ] GC(525) - age   1:     484112 bytes,     484112 total
[2022-06-30T15:01:30.987+0000][9][gc,age      ] GC(525) - age   2:       2344 bytes,     486456 total
[2022-06-30T15:01:30.990+0000][9][gc,age      ] GC(525) - age   3:        128 bytes,     486584 total
[2022-06-30T15:01:30.992+0000][9][gc,age      ] GC(525) - age   4:         32 bytes,     486616 total
[2022-06-30T15:01:30.993+0000][9][gc,age      ] GC(525) - age   5:        184 bytes,     486800 total
[2022-06-30T15:01:30.995+0000][9][gc,age      ] GC(525) - age   6:       2120 bytes,     488920 total
[2022-06-30T15:01:30.996+0000][9][gc,age      ] GC(525) - age   8:        216 bytes,     489136 total
[2022-06-30T15:01:30.998+0000][9][gc,age      ] GC(525) - age   9:        312 bytes,     489448 total
[2022-06-30T15:01:31.000+0000][9][gc,age      ] GC(525) - age  14:         24 bytes,     489472 total
[2022-06-30T15:01:31.001+0000][9][gc,age      ] GC(525) - age  15:        184 bytes,     489656 total
[2022-06-30T15:01:31.002+0000][9][gc,heap     ] GC(525) Eden regions: 75->0(75)
[2022-06-30T15:01:31.005+0000][9][gc,heap     ] GC(525) Survivor regions: 1->1(10)
[2022-06-30T15:01:31.010+0000][9][gc,heap     ] GC(525) Old regions: 24->24
[2022-06-30T15:01:31.012+0000][9][gc,heap     ] GC(525) Archive regions: 2->2
[2022-06-30T15:01:31.013+0000][9][gc,heap     ] GC(525) Humongous regions: 0->0
[2022-06-30T15:01:31.015+0000][9][gc,metaspace] GC(525) Metaspace: 131651K(135040K)->131651K(135040K) NonClass: 114485K(116224K)->114485K(116224K) Class: 17166K(18816K)->17166K(18816K)
[2022-06-30T15:01:31.017+0000][9][gc          ] GC(525) Pause Young (Normal) (G1 Evacuation Pause) 400M->99M(512M) 49.793ms
[2022-06-30T15:01:31.021+0000][9][gc,cpu      ] GC(525) User=0.01s Sys=0.01s Real=0.06s
[2022-06-30T15:01:31.023+0000][9][safepoint   ] Safepoint "G1CollectForAllocation", Time since last: 13891999763 ns, Reaching safepoint: 134421 ns, At safepoint: 56408737 ns, Total: 56543158 ns
[2022-06-30T15:01:42.045+0000][9][safepoint   ] Safepoint "Cleanup", Time since last: 11021118882 ns, Reaching safepoint: 416873 ns, At safepoint: 122595 ns, Total: 539468 ns
[2022-06-30T15:02:42.075+0000][9][safepoint   ] Safepoint "Cleanup", Time since last: 60073364627 ns, Reaching safepoint: 197238 ns, At safepoint: 106340 ns, Total: 303578 ns
[2022-06-30T15:02:46.222+0000][9][gc,start    ] GC(526) Pause Young (Normal) (G1 Evacuation Pause)
[2022-06-30T15:02:46.223+0000][9][gc,task     ] GC(526) Using 4 workers of 4 for evacuation
[2022-06-30T15:02:46.224+0000][9][gc,age      ] GC(526) Desired survivor size 20971520 bytes, new threshold 15 (max threshold 15)
[2022-06-30T15:02:47.230+0000][9][gc,mmu      ] GC(526) MMU target violated: 201.0ms (200.0ms/201.0ms)
[2022-06-30T15:02:47.245+0000][9][gc,phases   ] GC(526)   Pre Evacuate Collection Set: 0.2ms
[2022-06-30T15:02:47.246+0000][9][gc,phases   ] GC(526)   Merge Heap Roots: 0.1ms
[2022-06-30T15:02:47.247+0000][9][gc,phases   ] GC(526)   Evacuate Collection Set: 1001.4ms
[2022-06-30T15:02:47.247+0000][9][gc,phases   ] GC(526)   Post Evacuate Collection Set: 1.1ms
[2022-06-30T15:02:47.248+0000][9][gc,phases   ] GC(526)   Other: 19.1ms
[2022-06-30T15:02:47.249+0000][9][gc,age      ] GC(526) Age table with threshold 15 (max threshold 15)
[2022-06-30T15:02:47.250+0000][9][gc,age      ] GC(526) - age   1:    1812224 bytes,    1812224 total
[2022-06-30T15:02:47.250+0000][9][gc,age      ] GC(526) - age   2:       2328 bytes,    1814552 total
[2022-06-30T15:02:47.251+0000][9][gc,age      ] GC(526) - age   3:       1152 bytes,    1815704 total
[2022-06-30T15:02:47.252+0000][9][gc,age      ] GC(526) - age   4:         64 bytes,    1815768 total
[2022-06-30T15:02:47.252+0000][9][gc,age      ] GC(526) - age   5:         32 bytes,    1815800 total
[2022-06-30T15:02:47.253+0000][9][gc,age      ] GC(526) - age   7:        392 bytes,    1816192 total
[2022-06-30T15:02:47.254+0000][9][gc,age      ] GC(526) - age   9:        184 bytes,    1816376 total
[2022-06-30T15:02:47.254+0000][9][gc,age      ] GC(526) - age  10:        312 bytes,    1816688 total
[2022-06-30T15:02:47.255+0000][9][gc,age      ] GC(526) - age  15:         24 bytes,    1816712 total
[2022-06-30T15:02:47.256+0000][9][gc,heap     ] GC(526) Eden regions: 75->0(75)
[2022-06-30T15:02:47.256+0000][9][gc,heap     ] GC(526) Survivor regions: 1->1(10)
[2022-06-30T15:02:47.257+0000][9][gc,heap     ] GC(526) Old regions: 24->24
[2022-06-30T15:02:47.257+0000][9][gc,heap     ] GC(526) Archive regions: 2->2
[2022-06-30T15:02:47.258+0000][9][gc,heap     ] GC(526) Humongous regions: 0->0
[2022-06-30T15:02:47.259+0000][9][gc,metaspace] GC(526) Metaspace: 131651K(135040K)->131651K(135040K) NonClass: 114485K(116224K)->114485K(116224K) Class: 17166K(18816K)->17166K(18816K)
[2022-06-30T15:02:47.260+0000][9][gc          ] GC(526) Pause Young (Normal) (G1 Evacuation Pause) 399M->100M(512M) 1037.321ms
[2022-06-30T15:02:47.260+0000][9][gc,cpu      ] GC(526) User=1.04s Sys=0.00s Real=1.04s
[2022-06-30T15:02:47.261+0000][9][safepoint   ] Safepoint "G1CollectForAllocation", Time since last: 4163388885 ns, Reaching safepoint: 155700 ns, At safepoint: 1038855656 ns, Total: 1039011356 ns
[2022-06-30T15:02:48.263+0000][9][safepoint   ] Safepoint "Cleanup", Time since last: 1001558276 ns, Reaching safepoint: 315942 ns, At safepoint: 13550 ns, Total: 329492 ns
[2022-06-30T15:04:10.067+0000][9][gc,start    ] GC(527) Pause Young (Normal) (G1 Evacuation Pause)
[2022-06-30T15:04:10.068+0000][9][gc,task     ] GC(527) Using 4 workers of 4 for evacuation
[2022-06-30T15:04:10.069+0000][9][gc,age      ] GC(527) Desired survivor size 20971520 bytes, new threshold 15 (max threshold 15)
[2022-06-30T15:04:10.073+0000][9][gc,phases   ] GC(527)   Pre Evacuate Collection Set: 0.1ms
[2022-06-30T15:04:10.075+0000][9][gc,phases   ] GC(527)   Merge Heap Roots: 0.0ms
[2022-06-30T15:04:10.077+0000][9][gc,phases   ] GC(527)   Evacuate Collection Set: 2.2ms
[2022-06-30T15:04:10.077+0000][9][gc,phases   ] GC(527)   Post Evacuate Collection Set: 1.0ms
[2022-06-30T15:04:10.078+0000][9][gc,phases   ] GC(527)   Other: 1.5ms
[2022-06-30T15:04:10.078+0000][9][gc,age      ] GC(527) Age table with threshold 15 (max threshold 15)
[2022-06-30T15:04:10.079+0000][9][gc,age      ] GC(527) - age   1:     950480 bytes,     950480 total
[2022-06-30T15:04:10.080+0000][9][gc,age      ] GC(527) - age   2:       3704 bytes,     954184 total
[2022-06-30T15:04:10.080+0000][9][gc,age      ] GC(527) - age   3:       1392 bytes,     955576 total
[2022-06-30T15:04:10.081+0000][9][gc,age      ] GC(527) - age   4:       1024 bytes,     956600 total
[2022-06-30T15:04:10.081+0000][9][gc,age      ] GC(527) - age   6:         32 bytes,     956632 total
[2022-06-30T15:04:10.082+0000][9][gc,age      ] GC(527) - age   8:        392 bytes,     957024 total
[2022-06-30T15:04:10.082+0000][9][gc,age      ] GC(527) - age  10:        184 bytes,     957208 total
[2022-06-30T15:04:10.083+0000][9][gc,age      ] GC(527) - age  11:        312 bytes,     957520 total
[2022-06-30T15:04:10.083+0000][9][gc,heap     ] GC(527) Eden regions: 75->0(75)
[2022-06-30T15:04:10.084+0000][9][gc,heap     ] GC(527) Survivor regions: 1->1(10)
[2022-06-30T15:04:10.084+0000][9][gc,heap     ] GC(527) Old regions: 24->24
[2022-06-30T15:04:10.085+0000][9][gc,heap     ] GC(527) Archive regions: 2->2
[2022-06-30T15:04:10.085+0000][9][gc,heap     ] GC(527) Humongous regions: 0->0
[2022-06-30T15:04:10.086+0000][9][gc,metaspace] GC(527) Metaspace: 131651K(135040K)->131651K(135040K) NonClass: 114485K(116224K)->114485K(116224K) Class: 17166K(18816K)->17166K(18816K)
[2022-06-30T15:04:10.087+0000][9][gc          ] GC(527) Pause Young (Normal) (G1 Evacuation Pause) 400M->99M(512M) 19.241ms
[2022-06-30T15:04:10.087+0000][9][gc,cpu      ] GC(527) User=0.01s Sys=0.00s Real=0.02s
[2022-06-30T15:04:10.088+0000][9][safepoint   ] Safepoint "G1CollectForAllocation", Time since last: 81852347101 ns, Reaching safepoint: 62363 ns, At safepoint: 20559990 ns, Total: 20622353 ns
[2022-06-30T15:05:28.024+0000][9][gc,start    ] GC(528) Pause Young (Normal) (G1 Evacuation Pause)
[2022-06-30T15:05:28.025+0000][9][gc,task     ] GC(528) Using 4 workers of 4 for evacuation
[2022-06-30T15:05:28.026+0000][9][gc,age      ] GC(528) Desired survivor size 20971520 bytes, new threshold 15 (max threshold 15)
[2022-06-30T15:05:28.030+0000][9][gc,phases   ] GC(528)   Pre Evacuate Collection Set: 0.1ms
[2022-06-30T15:05:28.031+0000][9][gc,phases   ] GC(528)   Merge Heap Roots: 0.1ms
[2022-06-30T15:05:28.035+0000][9][gc,phases   ] GC(528)   Evacuate Collection Set: 2.3ms
[2022-06-30T15:05:28.036+0000][9][gc,phases   ] GC(528)   Post Evacuate Collection Set: 1.3ms
[2022-06-30T15:05:28.037+0000][9][gc,phases   ] GC(528)   Other: 1.6ms
[2022-06-30T15:05:28.037+0000][9][gc,age      ] GC(528) Age table with threshold 15 (max threshold 15)
[2022-06-30T15:05:28.038+0000][9][gc,age      ] GC(528) - age   1:    1701712 bytes,    1701712 total
[2022-06-30T15:05:28.038+0000][9][gc,age      ] GC(528) - age   2:       1944 bytes,    1703656 total
[2022-06-30T15:05:28.039+0000][9][gc,age      ] GC(528) - age   3:       1944 bytes,    1705600 total
[2022-06-30T15:05:28.039+0000][9][gc,age      ] GC(528) - age   4:       1296 bytes,    1706896 total
[2022-06-30T15:05:28.041+0000][9][gc,age      ] GC(528) - age   5:        840 bytes,    1707736 total
[2022-06-30T15:05:28.041+0000][9][gc,age      ] GC(528) - age   7:         32 bytes,    1707768 total
[2022-06-30T15:05:28.042+0000][9][gc,age      ] GC(528) - age   9:        392 bytes,    1708160 total
[2022-06-30T15:05:28.043+0000][9][gc,age      ] GC(528) - age  11:        184 bytes,    1708344 total
[2022-06-30T15:05:28.043+0000][9][gc,age      ] GC(528) - age  12:        312 bytes,    1708656 total
[2022-06-30T15:05:28.044+0000][9][gc,heap     ] GC(528) Eden regions: 75->0(75)
[2022-06-30T15:05:28.045+0000][9][gc,heap     ] GC(528) Survivor regions: 1->1(10)
[2022-06-30T15:05:28.045+0000][9][gc,heap     ] GC(528) Old regions: 24->24
[2022-06-30T15:05:28.046+0000][9][gc,heap     ] GC(528) Archive regions: 2->2
[2022-06-30T15:05:28.046+0000][9][gc,heap     ] GC(528) Humongous regions: 0->0
[2022-06-30T15:05:28.047+0000][9][gc,metaspace] GC(528) Metaspace: 131651K(135040K)->131651K(135040K) NonClass: 114485K(116224K)->114485K(116224K) Class: 17166K(18816K)->17166K(18816K)
[2022-06-30T15:05:28.048+0000][9][gc          ] GC(528) Pause Young (Normal) (G1 Evacuation Pause) 399M->100M(512M) 23.986ms
[2022-06-30T15:05:28.049+0000][9][gc,cpu      ] GC(528) User=0.00s Sys=0.01s Real=0.03s
[2022-06-30T15:05:28.050+0000][9][safepoint   ] Safepoint "G1CollectForAllocation", Time since last: 78000683002 ns, Reaching safepoint: 163213 ns, At safepoint: 25862742 ns, Total: 26025955 ns
[2022-06-30T15:07:06.977+0000][9][gc,start    ] GC(529) Pause Young (Normal) (G1 Evacuation Pause)
[2022-06-30T15:07:06.978+0000][9][gc,task     ] GC(529) Using 4 workers of 4 for evacuation
[2022-06-30T15:07:06.979+0000][9][gc,age      ] GC(529) Desired survivor size 20971520 bytes, new threshold 15 (max threshold 15)
[2022-06-30T15:07:06.983+0000][9][gc,phases   ] GC(529)   Pre Evacuate Collection Set: 0.3ms
[2022-06-30T15:07:06.983+0000][9][gc,phases   ] GC(529)   Merge Heap Roots: 0.1ms
[2022-06-30T15:07:06.984+0000][9][gc,phases   ] GC(529)   Evacuate Collection Set: 1.8ms
[2022-06-30T15:07:06.985+0000][9][gc,phases   ] GC(529)   Post Evacuate Collection Set: 1.2ms
[2022-06-30T15:07:06.985+0000][9][gc,phases   ] GC(529)   Other: 1.5ms
[2022-06-30T15:07:06.986+0000][9][gc,age      ] GC(529) Age table with threshold 15 (max threshold 15)
[2022-06-30T15:07:06.986+0000][9][gc,age      ] GC(529) - age   1:     908968 bytes,     908968 total
[2022-06-30T15:07:06.987+0000][9][gc,age      ] GC(529) - age   2:       1672 bytes,     910640 total
[2022-06-30T15:07:06.988+0000][9][gc,age      ] GC(529) - age   3:        896 bytes,     911536 total
[2022-06-30T15:07:06.989+0000][9][gc,age      ] GC(529) - age   4:       1944 bytes,     913480 total
[2022-06-30T15:07:06.990+0000][9][gc,age      ] GC(529) - age   5:        976 bytes,     914456 total
[2022-06-30T15:07:06.990+0000][9][gc,age      ] GC(529) - age   6:        752 bytes,     915208 total
[2022-06-30T15:07:06.991+0000][9][gc,age      ] GC(529) - age  10:        392 bytes,     915600 total
[2022-06-30T15:07:06.991+0000][9][gc,age      ] GC(529) - age  12:        184 bytes,     915784 total
[2022-06-30T15:07:06.991+0000][9][gc,age      ] GC(529) - age  13:        312 bytes,     916096 total
[2022-06-30T15:07:06.992+0000][9][gc,heap     ] GC(529) Eden regions: 75->0(75)
[2022-06-30T15:07:07.082+0000][9][gc,heap     ] GC(529) Survivor regions: 1->1(10)
[2022-06-30T15:07:07.083+0000][9][gc,heap     ] GC(529) Old regions: 24->24
[2022-06-30T15:07:07.084+0000][9][gc,heap     ] GC(529) Archive regions: 2->2
[2022-06-30T15:07:07.085+0000][9][gc,heap     ] GC(529) Humongous regions: 0->0
[2022-06-30T15:07:07.086+0000][9][gc,metaspace] GC(529) Metaspace: 131651K(135040K)->131651K(135040K) NonClass: 114485K(116224K)->114485K(116224K) Class: 17166K(18816K)->17166K(18816K)
[2022-06-30T15:07:07.087+0000][9][gc          ] GC(529) Pause Young (Normal) (G1 Evacuation Pause) 400M->99M(512M) 110.467ms
[2022-06-30T15:07:07.089+0000][9][gc,cpu      ] GC(529) User=0.01s Sys=0.00s Real=0.11s
[2022-06-30T15:07:07.090+0000][9][safepoint   ] Safepoint "G1CollectForAllocation", Time since last: 98991221802 ns, Reaching safepoint: 165949 ns, At safepoint: 113383012 ns, Total: 113548961 ns
[2022-06-30T15:07:42.098+0000][9][safepoint   ] Safepoint "Cleanup", Time since last: 35028398157 ns, Reaching safepoint: 213469 ns, At safepoint: 10363 ns, Total: 223832 ns
[2022-06-30T15:08:42.111+0000][9][safepoint   ] Safepoint "Cleanup", Time since last: 60057497719 ns, Reaching safepoint: 255963 ns, At safepoint: 42441 ns, Total: 298404 ns
[2022-06-30T15:08:46.477+0000][9][gc,start    ] GC(530) Pause Young (Normal) (G1 Evacuation Pause)
[2022-06-30T15:08:46.479+0000][9][gc,task     ] GC(530) Using 4 workers of 4 for evacuation
[2022-06-30T15:08:46.480+0000][9][gc,age      ] GC(530) Desired survivor size 20971520 bytes, new threshold 15 (max threshold 15)
[2022-06-30T15:08:46.486+0000][9][gc,phases   ] GC(530)   Pre Evacuate Collection Set: 0.2ms
[2022-06-30T15:08:46.486+0000][9][gc,phases   ] GC(530)   Merge Heap Roots: 0.1ms
[2022-06-30T15:08:46.487+0000][9][gc,phases   ] GC(530)   Evacuate Collection Set: 2.6ms
[2022-06-30T15:08:46.488+0000][9][gc,phases   ] GC(530)   Post Evacuate Collection Set: 1.3ms
[2022-06-30T15:08:46.489+0000][9][gc,phases   ] GC(530)   Other: 2.1ms
[2022-06-30T15:08:46.489+0000][9][gc,age      ] GC(530) Age table with threshold 15 (max threshold 15)
[2022-06-30T15:08:46.490+0000][9][gc,age      ] GC(530) - age   1:    1239760 bytes,    1239760 total
[2022-06-30T15:08:46.491+0000][9][gc,age      ] GC(530) - age   2:       1584 bytes,    1241344 total
[2022-06-30T15:08:46.492+0000][9][gc,age      ] GC(530) - age   3:         96 bytes,    1241440 total
[2022-06-30T15:08:46.493+0000][9][gc,age      ] GC(530) - age   4:        536 bytes,    1241976 total
[2022-06-30T15:08:46.493+0000][9][gc,age      ] GC(530) - age   5:       1944 bytes,    1243920 total
[2022-06-30T15:08:46.493+0000][9][gc,age      ] GC(530) - age   6:        976 bytes,    1244896 total
[2022-06-30T15:08:46.494+0000][9][gc,age      ] GC(530) - age   7:        752 bytes,    1245648 total
[2022-06-30T15:08:46.494+0000][9][gc,age      ] GC(530) - age  13:        184 bytes,    1245832 total
[2022-06-30T15:08:46.495+0000][9][gc,age      ] GC(530) - age  14:        312 bytes,    1246144 total
[2022-06-30T15:08:46.496+0000][9][gc,heap     ] GC(530) Eden regions: 75->0(75)
[2022-06-30T15:08:46.496+0000][9][gc,heap     ] GC(530) Survivor regions: 1->1(10)
[2022-06-30T15:08:46.496+0000][9][gc,heap     ] GC(530) Old regions: 24->24
[2022-06-30T15:08:46.497+0000][9][gc,heap     ] GC(530) Archive regions: 2->2
[2022-06-30T15:08:46.497+0000][9][gc,heap     ] GC(530) Humongous regions: 0->0
[2022-06-30T15:08:46.498+0000][9][gc,metaspace] GC(530) Metaspace: 131651K(135040K)->131651K(135040K) NonClass: 114485K(116224K)->114485K(116224K) Class: 17166K(18816K)->17166K(18816K)
[2022-06-30T15:08:46.499+0000][9][gc          ] GC(530) Pause Young (Normal) (G1 Evacuation Pause) 399M->100M(512M) 21.444ms
[2022-06-30T15:08:46.499+0000][9][gc,cpu      ] GC(530) User=0.01s Sys=0.01s Real=0.02s
[2022-06-30T15:08:46.500+0000][9][safepoint   ] Safepoint "G1CollectForAllocation", Time since last: 4384611726 ns, Reaching safepoint: 108716 ns, At safepoint: 22487298 ns, Total: 22596014 ns
[2022-06-30T15:08:55.508+0000][9][safepoint   ] Safepoint "Cleanup", Time since last: 9008063492 ns, Reaching safepoint: 242888 ns, At safepoint: 46808 ns, Total: 289696 ns
[2022-06-30T15:09:42.535+0000][9][safepoint   ] Safepoint "Cleanup", Time since last: 47051531164 ns, Reaching safepoint: 243481 ns, At safepoint: 103633 ns, Total: 347114 ns
[2022-06-30T15:10:30.976+0000][9][gc,start    ] GC(531) Pause Young (Normal) (G1 Evacuation Pause)
[2022-06-30T15:10:30.977+0000][9][gc,task     ] GC(531) Using 4 workers of 4 for evacuation
[2022-06-30T15:10:30.978+0000][9][gc,age      ] GC(531) Desired survivor size 20971520 bytes, new threshold 15 (max threshold 15)
[2022-06-30T15:10:30.982+0000][9][gc,phases   ] GC(531)   Pre Evacuate Collection Set: 0.4ms
[2022-06-30T15:10:30.983+0000][9][gc,phases   ] GC(531)   Merge Heap Roots: 0.2ms
[2022-06-30T15:10:30.983+0000][9][gc,phases   ] GC(531)   Evacuate Collection Set: 1.5ms
[2022-06-30T15:10:30.984+0000][9][gc,phases   ] GC(531)   Post Evacuate Collection Set: 1.7ms
[2022-06-30T15:10:30.985+0000][9][gc,phases   ] GC(531)   Other: 1.4ms
[2022-06-30T15:10:30.985+0000][9][gc,age      ] GC(531) Age table with threshold 15 (max threshold 15)
[2022-06-30T15:10:30.986+0000][9][gc,age      ] GC(531) - age   1:    1125448 bytes,    1125448 total
[2022-06-30T15:10:30.986+0000][9][gc,age      ] GC(531) - age   2:       1888 bytes,    1127336 total
[2022-06-30T15:10:30.987+0000][9][gc,age      ] GC(531) - age   3:        240 bytes,    1127576 total
[2022-06-30T15:10:30.988+0000][9][gc,age      ] GC(531) - age   5:        536 bytes,    1128112 total
[2022-06-30T15:10:30.988+0000][9][gc,age      ] GC(531) - age   6:       1944 bytes,    1130056 total
[2022-06-30T15:10:30.989+0000][9][gc,age      ] GC(531) - age   7:        976 bytes,    1131032 total
[2022-06-30T15:10:30.989+0000][9][gc,age      ] GC(531) - age   8:        568 bytes,    1131600 total
[2022-06-30T15:10:30.990+0000][9][gc,age      ] GC(531) - age  14:        184 bytes,    1131784 total
[2022-06-30T15:10:30.991+0000][9][gc,age      ] GC(531) - age  15:        312 bytes,    1132096 total
[2022-06-30T15:10:30.991+0000][9][gc,heap     ] GC(531) Eden regions: 75->0(75)
[2022-06-30T15:10:30.992+0000][9][gc,heap     ] GC(531) Survivor regions: 1->1(10)
[2022-06-30T15:10:30.992+0000][9][gc,heap     ] GC(531) Old regions: 24->24
[2022-06-30T15:10:30.993+0000][9][gc,heap     ] GC(531) Archive regions: 2->2
[2022-06-30T15:10:30.993+0000][9][gc,heap     ] GC(531) Humongous regions: 0->0
[2022-06-30T15:10:30.994+0000][9][gc,metaspace] GC(531) Metaspace: 131656K(135040K)->131656K(135040K) NonClass: 114489K(116224K)->114489K(116224K) Class: 17166K(18816K)->17166K(18816K)
[2022-06-30T15:10:30.995+0000][9][gc          ] GC(531) Pause Young (Normal) (G1 Evacuation Pause) 400M->100M(512M) 18.926ms
[2022-06-30T15:10:30.995+0000][9][gc,cpu      ] GC(531) User=0.01s Sys=0.00s Real=0.02s
[2022-06-30T15:10:30.996+0000][9][safepoint   ] Safepoint "G1CollectForAllocation", Time since last: 48483174885 ns, Reaching safepoint: 214271 ns, At safepoint: 20103469 ns, Total: 20317740 ns
[2022-06-30T15:12:09.997+0000][9][gc,start    ] GC(532) Pause Young (Normal) (G1 Evacuation Pause)
[2022-06-30T15:12:09.998+0000][9][gc,task     ] GC(532) Using 4 workers of 4 for evacuation
[2022-06-30T15:12:09.999+0000][9][gc,age      ] GC(532) Desired survivor size 20971520 bytes, new threshold 15 (max threshold 15)
[2022-06-30T15:12:10.006+0000][9][gc,phases   ] GC(532)   Pre Evacuate Collection Set: 0.3ms
[2022-06-30T15:12:10.007+0000][9][gc,phases   ] GC(532)   Merge Heap Roots: 0.1ms
[2022-06-30T15:12:10.007+0000][9][gc,phases   ] GC(532)   Evacuate Collection Set: 2.2ms
[2022-06-30T15:12:10.008+0000][9][gc,phases   ] GC(532)   Post Evacuate Collection Set: 3.7ms
[2022-06-30T15:12:10.008+0000][9][gc,phases   ] GC(532)   Other: 1.3ms
[2022-06-30T15:12:10.009+0000][9][gc,age      ] GC(532) Age table with threshold 15 (max threshold 15)
[2022-06-30T15:12:10.009+0000][9][gc,age      ] GC(532) - age   1:    1439552 bytes,    1439552 total
[2022-06-30T15:12:10.010+0000][9][gc,age      ] GC(532) - age   2:      10336 bytes,    1449888 total
[2022-06-30T15:12:10.010+0000][9][gc,age      ] GC(532) - age   3:        936 bytes,    1450824 total
[2022-06-30T15:12:10.011+0000][9][gc,age      ] GC(532) - age   4:        184 bytes,    1451008 total
[2022-06-30T15:12:10.011+0000][9][gc,age      ] GC(532) - age   6:        536 bytes,    1451544 total
[2022-06-30T15:12:10.012+0000][9][gc,age      ] GC(532) - age   7:       1944 bytes,    1453488 total
[2022-06-30T15:12:10.013+0000][9][gc,age      ] GC(532) - age   8:        976 bytes,    1454464 total
[2022-06-30T15:12:10.013+0000][9][gc,age      ] GC(532) - age   9:        568 bytes,    1455032 total
[2022-06-30T15:12:10.014+0000][9][gc,age      ] GC(532) - age  15:        184 bytes,    1455216 total
[2022-06-30T15:12:10.014+0000][9][gc,heap     ] GC(532) Eden regions: 75->0(75)
[2022-06-30T15:12:10.015+0000][9][gc,heap     ] GC(532) Survivor regions: 1->1(10)
[2022-06-30T15:12:10.015+0000][9][gc,heap     ] GC(532) Old regions: 24->24
[2022-06-30T15:12:10.016+0000][9][gc,heap     ] GC(532) Archive regions: 2->2
[2022-06-30T15:12:10.017+0000][9][gc,heap     ] GC(532) Humongous regions: 0->0
[2022-06-30T15:12:10.017+0000][9][gc,metaspace] GC(532) Metaspace: 131656K(135040K)->131656K(135040K) NonClass: 114489K(116224K)->114489K(116224K) Class: 17166K(18816K)->17166K(18816K)
[2022-06-30T15:12:10.018+0000][9][gc          ] GC(532) Pause Young (Normal) (G1 Evacuation Pause) 400M->100M(512M) 20.691ms
[2022-06-30T15:12:10.020+0000][9][gc,cpu      ] GC(532) User=0.01s Sys=0.00s Real=0.02s
[2022-06-30T15:12:10.021+0000][9][safepoint   ] Safepoint "G1CollectForAllocation", Time since last: 99065932517 ns, Reaching safepoint: 166565 ns, At safepoint: 23501732 ns, Total: 23668297 ns
[2022-06-30T15:13:46.505+0000][9][gc,start    ] GC(533) Pause Young (Normal) (G1 Evacuation Pause)
[2022-06-30T15:13:46.506+0000][9][gc,task     ] GC(533) Using 4 workers of 4 for evacuation
[2022-06-30T15:13:46.506+0000][9][gc,age      ] GC(533) Desired survivor size 20971520 bytes, new threshold 15 (max threshold 15)
[2022-06-30T15:13:46.510+0000][9][gc,phases   ] GC(533)   Pre Evacuate Collection Set: 0.1ms
[2022-06-30T15:13:46.511+0000][9][gc,phases   ] GC(533)   Merge Heap Roots: 0.0ms
[2022-06-30T15:13:46.512+0000][9][gc,phases   ] GC(533)   Evacuate Collection Set: 2.1ms
[2022-06-30T15:13:46.512+0000][9][gc,phases   ] GC(533)   Post Evacuate Collection Set: 0.9ms
[2022-06-30T15:13:46.513+0000][9][gc,phases   ] GC(533)   Other: 1.5ms
[2022-06-30T15:13:46.513+0000][9][gc,age      ] GC(533) Age table with threshold 15 (max threshold 15)
[2022-06-30T15:13:46.514+0000][9][gc,age      ] GC(533) - age   1:    1702968 bytes,    1702968 total
[2022-06-30T15:13:46.515+0000][9][gc,age      ] GC(533) - age   2:       2320 bytes,    1705288 total
[2022-06-30T15:13:46.515+0000][9][gc,age      ] GC(533) - age   3:       8632 bytes,    1713920 total
[2022-06-30T15:13:46.516+0000][9][gc,age      ] GC(533) - age   4:        576 bytes,    1714496 total
[2022-06-30T15:13:46.519+0000][9][gc,age      ] GC(533) - age   5:        184 bytes,    1714680 total
[2022-06-30T15:13:46.519+0000][9][gc,age      ] GC(533) - age   7:        536 bytes,    1715216 total
[2022-06-30T15:13:46.520+0000][9][gc,age      ] GC(533) - age   8:        216 bytes,    1715432 total
[2022-06-30T15:13:46.522+0000][9][gc,age      ] GC(533) - age   9:        976 bytes,    1716408 total
[2022-06-30T15:13:46.523+0000][9][gc,age      ] GC(533) - age  10:        568 bytes,    1716976 total
[2022-06-30T15:13:46.524+0000][9][gc,heap     ] GC(533) Eden regions: 75->0(75)
[2022-06-30T15:13:46.527+0000][9][gc,heap     ] GC(533) Survivor regions: 1->1(10)
[2022-06-30T15:13:46.527+0000][9][gc,heap     ] GC(533) Old regions: 24->24
[2022-06-30T15:13:46.528+0000][9][gc,heap     ] GC(533) Archive regions: 2->2
[2022-06-30T15:13:46.529+0000][9][gc,heap     ] GC(533) Humongous regions: 0->0
[2022-06-30T15:13:46.529+0000][9][gc,metaspace] GC(533) Metaspace: 131656K(135040K)->131656K(135040K) NonClass: 114489K(116224K)->114489K(116224K) Class: 17166K(18816K)->17166K(18816K)
[2022-06-30T15:13:46.530+0000][9][gc          ] GC(533) Pause Young (Normal) (G1 Evacuation Pause) 400M->100M(512M) 25.263ms
[2022-06-30T15:13:46.531+0000][9][gc,cpu      ] GC(533) User=0.01s Sys=0.00s Real=0.03s
[2022-06-30T15:13:46.531+0000][9][safepoint   ] Safepoint "G1CollectForAllocation", Time since last: 96570465863 ns, Reaching safepoint: 107285 ns, At safepoint: 26901923 ns, Total: 27009208 ns
[2022-06-30T15:14:41.609+0000][9][safepoint   ] Safepoint "Cleanup", Time since last: 55098434464 ns, Reaching safepoint: 155790 ns, At safepoint: 52391 ns, Total: 208181 ns
[2022-06-30T15:15:27.982+0000][9][gc,start    ] GC(534) Pause Young (Normal) (G1 Evacuation Pause)
[2022-06-30T15:15:27.984+0000][9][gc,task     ] GC(534) Using 4 workers of 4 for evacuation
[2022-06-30T15:15:27.987+0000][9][gc,age      ] GC(534) Desired survivor size 20971520 bytes, new threshold 15 (max threshold 15)
[2022-06-30T15:15:27.995+0000][9][gc,phases   ] GC(534)   Pre Evacuate Collection Set: 0.3ms
[2022-06-30T15:15:27.996+0000][9][gc,phases   ] GC(534)   Merge Heap Roots: 0.2ms
[2022-06-30T15:15:27.997+0000][9][gc,phases   ] GC(534)   Evacuate Collection Set: 1.5ms
[2022-06-30T15:15:27.997+0000][9][gc,phases   ] GC(534)   Post Evacuate Collection Set: 4.8ms
[2022-06-30T15:15:27.998+0000][9][gc,phases   ] GC(534)   Other: 4.4ms
[2022-06-30T15:15:27.999+0000][9][gc,age      ] GC(534) Age table with threshold 15 (max threshold 15)
[2022-06-30T15:15:28.000+0000][9][gc,age      ] GC(534) - age   1:     686496 bytes,     686496 total
[2022-06-30T15:15:28.001+0000][9][gc,age      ] GC(534) - age   2:       3448 bytes,     689944 total
[2022-06-30T15:15:28.002+0000][9][gc,age      ] GC(534) - age   3:        216 bytes,     690160 total
[2022-06-30T15:15:28.002+0000][9][gc,age      ] GC(534) - age   4:       8472 bytes,     698632 total
[2022-06-30T15:15:28.003+0000][9][gc,age      ] GC(534) - age   5:        576 bytes,     699208 total
[2022-06-30T15:15:28.003+0000][9][gc,age      ] GC(534) - age   6:        184 bytes,     699392 total
[2022-06-30T15:15:28.004+0000][9][gc,age      ] GC(534) - age   8:        536 bytes,     699928 total
[2022-06-30T15:15:28.005+0000][9][gc,age      ] GC(534) - age   9:        216 bytes,     700144 total
[2022-06-30T15:15:28.005+0000][9][gc,age      ] GC(534) - age  10:        976 bytes,     701120 total
[2022-06-30T15:15:28.006+0000][9][gc,age      ] GC(534) - age  11:        568 bytes,     701688 total
[2022-06-30T15:15:28.007+0000][9][gc,heap     ] GC(534) Eden regions: 75->0(75)
[2022-06-30T15:15:28.007+0000][9][gc,heap     ] GC(534) Survivor regions: 1->1(10)
[2022-06-30T15:15:28.008+0000][9][gc,heap     ] GC(534) Old regions: 24->24
[2022-06-30T15:15:28.009+0000][9][gc,heap     ] GC(534) Archive regions: 2->2
[2022-06-30T15:15:28.010+0000][9][gc,heap     ] GC(534) Humongous regions: 0->0
[2022-06-30T15:15:28.010+0000][9][gc,metaspace] GC(534) Metaspace: 131657K(135040K)->131657K(135040K) NonClass: 114491K(116224K)->114491K(116224K) Class: 17166K(18816K)->17166K(18816K)
[2022-06-30T15:15:28.011+0000][9][gc          ] GC(534) Pause Young (Normal) (G1 Evacuation Pause) 400M->99M(512M) 28.819ms
[2022-06-30T15:15:28.012+0000][9][gc,cpu      ] GC(534) User=0.00s Sys=0.01s Real=0.03s
[2022-06-30T15:15:28.012+0000][9][safepoint   ] Safepoint "G1CollectForAllocation", Time since last: 46416728535 ns, Reaching safepoint: 168952 ns, At safepoint: 30012667 ns, Total: 30181619 ns
[2022-06-30T15:17:01.044+0000][9][safepoint   ] Safepoint "Cleanup", Time since last: 93095666113 ns, Reaching safepoint: 214984 ns, At safepoint: 22158 ns, Total: 237142 ns
[2022-06-30T15:17:03.985+0000][9][gc,start    ] GC(535) Pause Young (Normal) (G1 Evacuation Pause)
[2022-06-30T15:17:03.986+0000][9][gc,task     ] GC(535) Using 4 workers of 4 for evacuation
[2022-06-30T15:17:03.986+0000][9][gc,age      ] GC(535) Desired survivor size 20971520 bytes, new threshold 15 (max threshold 15)
[2022-06-30T15:17:03.990+0000][9][gc,phases   ] GC(535)   Pre Evacuate Collection Set: 0.1ms
[2022-06-30T15:17:03.991+0000][9][gc,phases   ] GC(535)   Merge Heap Roots: 0.2ms
[2022-06-30T15:17:03.991+0000][9][gc,phases   ] GC(535)   Evacuate Collection Set: 2.1ms
[2022-06-30T15:17:03.992+0000][9][gc,phases   ] GC(535)   Post Evacuate Collection Set: 0.9ms
[2022-06-30T15:17:03.993+0000][9][gc,phases   ] GC(535)   Other: 1.1ms
[2022-06-30T15:17:03.993+0000][9][gc,age      ] GC(535) Age table with threshold 15 (max threshold 15)
[2022-06-30T15:17:03.994+0000][9][gc,age      ] GC(535) - age   1:    1036632 bytes,    1036632 total
[2022-06-30T15:17:03.995+0000][9][gc,age      ] GC(535) - age   2:       1576 bytes,    1038208 total
[2022-06-30T15:17:03.996+0000][9][gc,age      ] GC(535) - age   3:       2040 bytes,    1040248 total
[2022-06-30T15:17:03.997+0000][9][gc,age      ] GC(535) - age   5:       8472 bytes,    1048720 total
[2022-06-30T15:17:03.997+0000][9][gc,age      ] GC(535) - age   6:        576 bytes,    1049296 total
[2022-06-30T15:17:03.998+0000][9][gc,age      ] GC(535) - age   7:        184 bytes,    1049480 total
[2022-06-30T15:17:03.999+0000][9][gc,age      ] GC(535) - age   9:        536 bytes,    1050016 total
[2022-06-30T15:17:03.999+0000][9][gc,age      ] GC(535) - age  10:        184 bytes,    1050200 total
[2022-06-30T15:17:04.000+0000][9][gc,age      ] GC(535) - age  11:        976 bytes,    1051176 total
[2022-06-30T15:17:04.000+0000][9][gc,age      ] GC(535) - age  12:        568 bytes,    1051744 total
[2022-06-30T15:17:04.002+0000][9][gc,heap     ] GC(535) Eden regions: 75->0(75)
[2022-06-30T15:17:04.002+0000][9][gc,heap     ] GC(535) Survivor regions: 1->1(10)
[2022-06-30T15:17:04.003+0000][9][gc,heap     ] GC(535) Old regions: 24->24
[2022-06-30T15:17:04.003+0000][9][gc,heap     ] GC(535) Archive regions: 2->2
[2022-06-30T15:17:04.004+0000][9][gc,heap     ] GC(535) Humongous regions: 0->0
[2022-06-30T15:17:04.004+0000][9][gc,metaspace] GC(535) Metaspace: 131657K(135040K)->131657K(135040K) NonClass: 114491K(116224K)->114491K(116224K) Class: 17166K(18816K)->17166K(18816K)
[2022-06-30T15:17:04.005+0000][9][gc          ] GC(535) Pause Young (Normal) (G1 Evacuation Pause) 399M->99M(512M) 20.244ms
[2022-06-30T15:17:04.006+0000][9][gc,cpu      ] GC(535) User=0.00s Sys=0.01s Real=0.02s
[2022-06-30T15:17:04.006+0000][9][safepoint   ] Safepoint "G1CollectForAllocation", Time since last: 2940950717 ns, Reaching safepoint: 107217 ns, At safepoint: 21756384 ns, Total: 21863601 ns
[2022-06-30T15:18:46.009+0000][9][gc,start    ] GC(536) Pause Young (Normal) (G1 Evacuation Pause)
[2022-06-30T15:18:46.010+0000][9][gc,task     ] GC(536) Using 4 workers of 4 for evacuation
[2022-06-30T15:18:46.011+0000][9][gc,age      ] GC(536) Desired survivor size 20971520 bytes, new threshold 15 (max threshold 15)
[2022-06-30T15:18:46.015+0000][9][gc,phases   ] GC(536)   Pre Evacuate Collection Set: 0.2ms
[2022-06-30T15:18:46.016+0000][9][gc,phases   ] GC(536)   Merge Heap Roots: 0.0ms
[2022-06-30T15:18:46.016+0000][9][gc,phases   ] GC(536)   Evacuate Collection Set: 2.0ms
[2022-06-30T15:18:46.017+0000][9][gc,phases   ] GC(536)   Post Evacuate Collection Set: 1.0ms
[2022-06-30T15:18:46.018+0000][9][gc,phases   ] GC(536)   Other: 1.5ms
[2022-06-30T15:18:46.018+0000][9][gc,age      ] GC(536) Age table with threshold 15 (max threshold 15)
[2022-06-30T15:18:46.019+0000][9][gc,age      ] GC(536) - age   1:    1229136 bytes,    1229136 total
[2022-06-30T15:18:46.020+0000][9][gc,age      ] GC(536) - age   2:       1744 bytes,    1230880 total
[2022-06-30T15:18:46.020+0000][9][gc,age      ] GC(536) - age   3:         96 bytes,    1230976 total
[2022-06-30T15:18:46.021+0000][9][gc,age      ] GC(536) - age   4:       1912 bytes,    1232888 total
[2022-06-30T15:18:46.021+0000][9][gc,age      ] GC(536) - age   6:       8472 bytes,    1241360 total
[2022-06-30T15:18:46.023+0000][9][gc,age      ] GC(536) - age   7:        576 bytes,    1241936 total
[2022-06-30T15:18:46.024+0000][9][gc,age      ] GC(536) - age   8:        184 bytes,    1242120 total
[2022-06-30T15:18:46.024+0000][9][gc,age      ] GC(536) - age  10:        536 bytes,    1242656 total
[2022-06-30T15:18:46.025+0000][9][gc,age      ] GC(536) - age  11:        184 bytes,    1242840 total
[2022-06-30T15:18:46.025+0000][9][gc,age      ] GC(536) - age  12:        976 bytes,    1243816 total
[2022-06-30T15:18:46.026+0000][9][gc,age      ] GC(536) - age  13:        568 bytes,    1244384 total
[2022-06-30T15:18:46.027+0000][9][gc,heap     ] GC(536) Eden regions: 75->0(75)
[2022-06-30T15:18:46.027+0000][9][gc,heap     ] GC(536) Survivor regions: 1->1(10)
[2022-06-30T15:18:46.028+0000][9][gc,heap     ] GC(536) Old regions: 24->24
[2022-06-30T15:18:46.028+0000][9][gc,heap     ] GC(536) Archive regions: 2->2
[2022-06-30T15:18:46.029+0000][9][gc,heap     ] GC(536) Humongous regions: 0->0
[2022-06-30T15:18:46.029+0000][9][gc,metaspace] GC(536) Metaspace: 131657K(135040K)->131657K(135040K) NonClass: 114491K(116224K)->114491K(116224K) Class: 17166K(18816K)->17166K(18816K)
[2022-06-30T15:18:46.030+0000][9][gc          ] GC(536) Pause Young (Normal) (G1 Evacuation Pause) 399M->100M(512M) 21.415ms
[2022-06-30T15:18:46.031+0000][9][gc,cpu      ] GC(536) User=0.01s Sys=0.00s Real=0.02s
[2022-06-30T15:18:46.031+0000][9][safepoint   ] Safepoint "G1CollectForAllocation", Time since last: 102088880252 ns, Reaching safepoint: 86554 ns, At safepoint: 22835423 ns, Total: 22921977 ns
[2022-06-30T15:18:56.043+0000][9][safepoint   ] Safepoint "Cleanup", Time since last: 10011186945 ns, Reaching safepoint: 502311 ns, At safepoint: 31077 ns, Total: 533388 ns
[2022-06-30T15:20:27.951+0000][9][gc,start    ] GC(537) Pause Young (Normal) (G1 Evacuation Pause)
[2022-06-30T15:20:27.952+0000][9][gc,task     ] GC(537) Using 4 workers of 4 for evacuation
[2022-06-30T15:20:27.953+0000][9][gc,age      ] GC(537) Desired survivor size 20971520 bytes, new threshold 15 (max threshold 15)
[2022-06-30T15:20:27.958+0000][9][gc,phases   ] GC(537)   Pre Evacuate Collection Set: 0.2ms
[2022-06-30T15:20:27.959+0000][9][gc,phases   ] GC(537)   Merge Heap Roots: 0.2ms
[2022-06-30T15:20:27.960+0000][9][gc,phases   ] GC(537)   Evacuate Collection Set: 2.9ms
[2022-06-30T15:20:27.960+0000][9][gc,phases   ] GC(537)   Post Evacuate Collection Set: 1.4ms
[2022-06-30T15:20:27.961+0000][9][gc,phases   ] GC(537)   Other: 1.6ms
[2022-06-30T15:20:27.961+0000][9][gc,age      ] GC(537) Age table with threshold 15 (max threshold 15)
[2022-06-30T15:20:27.962+0000][9][gc,age      ] GC(537) - age   1:    1783272 bytes,    1783272 total
[2022-06-30T15:20:27.963+0000][9][gc,age      ] GC(537) - age   2:       2072 bytes,    1785344 total
[2022-06-30T15:20:27.967+0000][9][gc,age      ] GC(537) - age   3:        376 bytes,    1785720 total
[2022-06-30T15:20:27.968+0000][9][gc,age      ] GC(537) - age   5:       1912 bytes,    1787632 total
[2022-06-30T15:20:27.968+0000][9][gc,age      ] GC(537) - age   7:       8296 bytes,    1795928 total
[2022-06-30T15:20:27.969+0000][9][gc,age      ] GC(537) - age   8:        576 bytes,    1796504 total
[2022-06-30T15:20:27.969+0000][9][gc,age      ] GC(537) - age   9:        184 bytes,    1796688 total
[2022-06-30T15:20:27.970+0000][9][gc,age      ] GC(537) - age  11:        536 bytes,    1797224 total
[2022-06-30T15:20:27.971+0000][9][gc,age      ] GC(537) - age  12:        184 bytes,    1797408 total
[2022-06-30T15:20:27.971+0000][9][gc,age      ] GC(537) - age  13:        592 bytes,    1798000 total
[2022-06-30T15:20:27.972+0000][9][gc,age      ] GC(537) - age  14:        536 bytes,    1798536 total
[2022-06-30T15:20:27.973+0000][9][gc,heap     ] GC(537) Eden regions: 75->0(75)
[2022-06-30T15:20:27.973+0000][9][gc,heap     ] GC(537) Survivor regions: 1->1(10)
[2022-06-30T15:20:27.974+0000][9][gc,heap     ] GC(537) Old regions: 24->24
[2022-06-30T15:20:27.974+0000][9][gc,heap     ] GC(537) Archive regions: 2->2
[2022-06-30T15:20:27.975+0000][9][gc,heap     ] GC(537) Humongous regions: 0->0
[2022-06-30T15:20:27.976+0000][9][gc,metaspace] GC(537) Metaspace: 131667K(135040K)->131667K(135040K) NonClass: 114501K(116224K)->114501K(116224K) Class: 17166K(18816K)->17166K(18816K)
[2022-06-30T15:20:27.976+0000][9][gc          ] GC(537) Pause Young (Normal) (G1 Evacuation Pause) 400M->100M(512M) 24.994ms
[2022-06-30T15:20:27.977+0000][9][gc,cpu      ] GC(537) User=0.01s Sys=0.00s Real=0.03s
[2022-06-30T15:20:27.978+0000][9][safepoint   ] Safepoint "G1CollectForAllocation", Time since last: 91972558769 ns, Reaching safepoint: 240075 ns, At safepoint: 26582808 ns, Total: 26822883 ns
[2022-06-30T15:22:09.943+0000][9][gc,start    ] GC(538) Pause Young (Normal) (G1 Evacuation Pause)
[2022-06-30T15:22:09.944+0000][9][gc,task     ] GC(538) Using 4 workers of 4 for evacuation
[2022-06-30T15:22:09.945+0000][9][gc,age      ] GC(538) Desired survivor size 20971520 bytes, new threshold 15 (max threshold 15)
[2022-06-30T15:22:09.949+0000][9][gc,phases   ] GC(538)   Pre Evacuate Collection Set: 0.2ms
[2022-06-30T15:22:09.950+0000][9][gc,phases   ] GC(538)   Merge Heap Roots: 0.1ms
[2022-06-30T15:22:09.951+0000][9][gc,phases   ] GC(538)   Evacuate Collection Set: 2.3ms
[2022-06-30T15:22:09.952+0000][9][gc,phases   ] GC(538)   Post Evacuate Collection Set: 1.3ms
[2022-06-30T15:22:09.952+0000][9][gc,phases   ] GC(538)   Other: 1.7ms
[2022-06-30T15:22:09.953+0000][9][gc,age      ] GC(538) Age table with threshold 15 (max threshold 15)
[2022-06-30T15:22:09.954+0000][9][gc,age      ] GC(538) - age   1:    1481352 bytes,    1481352 total
[2022-06-30T15:22:09.954+0000][9][gc,age      ] GC(538) - age   2:       2584 bytes,    1483936 total
[2022-06-30T15:22:09.955+0000][9][gc,age      ] GC(538) - age   3:        776 bytes,    1484712 total
[2022-06-30T15:22:09.956+0000][9][gc,age      ] GC(538) - age   4:        248 bytes,    1484960 total
[2022-06-30T15:22:09.957+0000][9][gc,age      ] GC(538) - age   6:       1912 bytes,    1486872 total
[2022-06-30T15:22:09.958+0000][9][gc,age      ] GC(538) - age   8:       8296 bytes,    1495168 total
[2022-06-30T15:22:09.958+0000][9][gc,age      ] GC(538) - age   9:        576 bytes,    1495744 total
[2022-06-30T15:22:09.959+0000][9][gc,age      ] GC(538) - age  10:        184 bytes,    1495928 total
[2022-06-30T15:22:09.960+0000][9][gc,age      ] GC(538) - age  12:        536 bytes,    1496464 total
[2022-06-30T15:22:09.960+0000][9][gc,age      ] GC(538) - age  13:        184 bytes,    1496648 total
[2022-06-30T15:22:09.961+0000][9][gc,age      ] GC(538) - age  14:        408 bytes,    1497056 total
[2022-06-30T15:22:09.961+0000][9][gc,age      ] GC(538) - age  15:        536 bytes,    1497592 total
[2022-06-30T15:22:09.962+0000][9][gc,heap     ] GC(538) Eden regions: 75->0(75)
[2022-06-30T15:22:09.962+0000][9][gc,heap     ] GC(538) Survivor regions: 1->1(10)
[2022-06-30T15:22:09.963+0000][9][gc,heap     ] GC(538) Old regions: 24->24
[2022-06-30T15:22:09.963+0000][9][gc,heap     ] GC(538) Archive regions: 2->2
[2022-06-30T15:22:09.964+0000][9][gc,heap     ] GC(538) Humongous regions: 0->0
[2022-06-30T15:22:09.965+0000][9][gc,metaspace] GC(538) Metaspace: 131667K(135040K)->131667K(135040K) NonClass: 114501K(116224K)->114501K(116224K) Class: 17166K(18816K)->17166K(18816K)
[2022-06-30T15:22:09.965+0000][9][gc          ] GC(538) Pause Young (Normal) (G1 Evacuation Pause) 400M->100M(512M) 22.851ms
[2022-06-30T15:22:09.966+0000][9][gc,cpu      ] GC(538) User=0.01s Sys=0.00s Real=0.02s
[2022-06-30T15:22:09.967+0000][9][safepoint   ] Safepoint "G1CollectForAllocation", Time since last: 102029761419 ns, Reaching safepoint: 104976 ns, At safepoint: 24074426 ns, Total: 24179402 ns
[2022-06-30T15:22:41.981+0000][9][safepoint   ] Safepoint "Cleanup", Time since last: 32035269442 ns, Reaching safepoint: 217473 ns, At safepoint: 10496 ns, Total: 227969 ns
[2022-06-30T15:22:58.977+0000][9][safepoint   ] Safepoint "Cleanup", Time since last: 17017429924 ns, Reaching safepoint: 571843 ns, At safepoint: 20031 ns, Total: 591874 ns
[2022-06-30T15:23:00.992+0000][9][safepoint   ] Safepoint "Cleanup", Time since last: 2014731042 ns, Reaching safepoint: 128746 ns, At safepoint: 6756 ns, Total: 135502 ns
[2022-06-30T15:23:33.903+0000][9][gc,start    ] GC(539) Pause Young (Normal) (G1 Evacuation Pause)
[2022-06-30T15:23:33.904+0000][9][gc,task     ] GC(539) Using 4 workers of 4 for evacuation
[2022-06-30T15:23:33.905+0000][9][gc,age      ] GC(539) Desired survivor size 20971520 bytes, new threshold 15 (max threshold 15)
[2022-06-30T15:23:33.909+0000][9][gc,phases   ] GC(539)   Pre Evacuate Collection Set: 0.2ms
[2022-06-30T15:23:33.910+0000][9][gc,phases   ] GC(539)   Merge Heap Roots: 0.1ms
[2022-06-30T15:23:33.911+0000][9][gc,phases   ] GC(539)   Evacuate Collection Set: 2.5ms
[2022-06-30T15:23:33.911+0000][9][gc,phases   ] GC(539)   Post Evacuate Collection Set: 0.8ms
[2022-06-30T15:23:33.912+0000][9][gc,phases   ] GC(539)   Other: 1.7ms
[2022-06-30T15:23:33.912+0000][9][gc,age      ] GC(539) Age table with threshold 15 (max threshold 15)
[2022-06-30T15:23:33.913+0000][9][gc,age      ] GC(539) - age   1:     881784 bytes,     881784 total
[2022-06-30T15:23:33.914+0000][9][gc,age      ] GC(539) - age   2:       1976 bytes,     883760 total
[2022-06-30T15:23:33.915+0000][9][gc,age      ] GC(539) - age   3:       1088 bytes,     884848 total
[2022-06-30T15:23:33.916+0000][9][gc,age      ] GC(539) - age   4:        184 bytes,     885032 total
[2022-06-30T15:23:33.916+0000][9][gc,age      ] GC(539) - age   5:        248 bytes,     885280 total
[2022-06-30T15:23:33.917+0000][9][gc,age      ] GC(539) - age   9:        280 bytes,     885560 total
[2022-06-30T15:23:33.917+0000][9][gc,age      ] GC(539) - age  10:        184 bytes,     885744 total
[2022-06-30T15:23:33.917+0000][9][gc,age      ] GC(539) - age  11:        184 bytes,     885928 total
[2022-06-30T15:23:33.918+0000][9][gc,age      ] GC(539) - age  13:        536 bytes,     886464 total
[2022-06-30T15:23:33.919+0000][9][gc,age      ] GC(539) - age  14:        184 bytes,     886648 total
[2022-06-30T15:23:33.919+0000][9][gc,age      ] GC(539) - age  15:        408 bytes,     887056 total
[2022-06-30T15:23:33.920+0000][9][gc,heap     ] GC(539) Eden regions: 75->0(75)
[2022-06-30T15:23:33.920+0000][9][gc,heap     ] GC(539) Survivor regions: 1->1(10)
[2022-06-30T15:23:33.921+0000][9][gc,heap     ] GC(539) Old regions: 24->24
[2022-06-30T15:23:33.921+0000][9][gc,heap     ] GC(539) Archive regions: 2->2
[2022-06-30T15:23:33.922+0000][9][gc,heap     ] GC(539) Humongous regions: 0->0
[2022-06-30T15:23:33.922+0000][9][gc,metaspace] GC(539) Metaspace: 131676K(135040K)->131676K(135040K) NonClass: 114510K(116224K)->114510K(116224K) Class: 17166K(18816K)->17166K(18816K)
[2022-06-30T15:23:33.923+0000][9][gc          ] GC(539) Pause Young (Normal) (G1 Evacuation Pause) 400M->99M(512M) 20.093ms
[2022-06-30T15:23:33.924+0000][9][gc,cpu      ] GC(539) User=0.01s Sys=0.00s Real=0.02s
[2022-06-30T15:23:33.924+0000][9][safepoint   ] Safepoint "G1CollectForAllocation", Time since last: 32932738097 ns, Reaching safepoint: 75082 ns, At safepoint: 21386854 ns, Total: 21461936 ns
[2022-06-30T15:23:40.941+0000][9][safepoint   ] Safepoint "Cleanup", Time since last: 7016319349 ns, Reaching safepoint: 229834 ns, At safepoint: 11988 ns, Total: 241822 ns
[2022-06-30T15:24:58.667+0000][9][gc,start    ] GC(540) Pause Young (Normal) (G1 Evacuation Pause)
[2022-06-30T15:24:58.669+0000][9][gc,task     ] GC(540) Using 4 workers of 4 for evacuation
[2022-06-30T15:24:58.670+0000][9][gc,age      ] GC(540) Desired survivor size 20971520 bytes, new threshold 15 (max threshold 15)
[2022-06-30T15:24:58.675+0000][9][gc,phases   ] GC(540)   Pre Evacuate Collection Set: 0.2ms
[2022-06-30T15:24:58.675+0000][9][gc,phases   ] GC(540)   Merge Heap Roots: 0.1ms
[2022-06-30T15:24:58.676+0000][9][gc,phases   ] GC(540)   Evacuate Collection Set: 2.3ms
[2022-06-30T15:24:58.684+0000][9][gc,phases   ] GC(540)   Post Evacuate Collection Set: 1.0ms
[2022-06-30T15:24:58.684+0000][9][gc,phases   ] GC(540)   Other: 1.7ms
[2022-06-30T15:24:58.685+0000][9][gc,age      ] GC(540) Age table with threshold 15 (max threshold 15)
[2022-06-30T15:24:58.686+0000][9][gc,age      ] GC(540) - age   1:    1003176 bytes,    1003176 total
[2022-06-30T15:24:58.686+0000][9][gc,age      ] GC(540) - age   2:     342448 bytes,    1345624 total
[2022-06-30T15:24:58.687+0000][9][gc,age      ] GC(540) - age   3:        128 bytes,    1345752 total
[2022-06-30T15:24:58.687+0000][9][gc,age      ] GC(540) - age   4:        792 bytes,    1346544 total
[2022-06-30T15:24:58.688+0000][9][gc,age      ] GC(540) - age   5:        184 bytes,    1346728 total
[2022-06-30T15:24:58.689+0000][9][gc,age      ] GC(540) - age   6:        248 bytes,    1346976 total
[2022-06-30T15:24:58.689+0000][9][gc,age      ] GC(540) - age  10:        280 bytes,    1347256 total
[2022-06-30T15:24:58.690+0000][9][gc,age      ] GC(540) - age  11:        184 bytes,    1347440 total
[2022-06-30T15:24:58.690+0000][9][gc,age      ] GC(540) - age  12:        184 bytes,    1347624 total
[2022-06-30T15:24:58.691+0000][9][gc,age      ] GC(540) - age  14:        536 bytes,    1348160 total
[2022-06-30T15:24:58.692+0000][9][gc,age      ] GC(540) - age  15:        184 bytes,    1348344 total
[2022-06-30T15:24:58.692+0000][9][gc,heap     ] GC(540) Eden regions: 75->0(75)
[2022-06-30T15:24:58.693+0000][9][gc,heap     ] GC(540) Survivor regions: 1->1(10)
[2022-06-30T15:24:58.694+0000][9][gc,heap     ] GC(540) Old regions: 24->24
[2022-06-30T15:24:58.695+0000][9][gc,heap     ] GC(540) Archive regions: 2->2
[2022-06-30T15:24:58.696+0000][9][gc,heap     ] GC(540) Humongous regions: 0->0
[2022-06-30T15:24:58.696+0000][9][gc,metaspace] GC(540) Metaspace: 131676K(135040K)->131676K(135040K) NonClass: 114510K(116224K)->114510K(116224K) Class: 17166K(18816K)->17166K(18816K)
[2022-06-30T15:24:58.698+0000][9][gc          ] GC(540) Pause Young (Normal) (G1 Evacuation Pause) 399M->100M(512M) 30.558ms
[2022-06-30T15:24:58.698+0000][9][gc,cpu      ] GC(540) User=0.01s Sys=0.00s Real=0.03s
[2022-06-30T15:24:58.699+0000][9][safepoint   ] Safepoint "G1CollectForAllocation", Time since last: 77789971472 ns, Reaching safepoint: 97680 ns, At safepoint: 31849408 ns, Total: 31947088 ns
[2022-06-30T15:25:40.750+0000][9][safepoint   ] Safepoint "Cleanup", Time since last: 42073377282 ns, Reaching safepoint: 326336 ns, At safepoint: 164343 ns, Total: 490679 ns
[2022-06-30T15:26:33.900+0000][9][gc,start    ] GC(541) Pause Young (Normal) (G1 Evacuation Pause)
[2022-06-30T15:26:33.901+0000][9][gc,task     ] GC(541) Using 4 workers of 4 for evacuation
[2022-06-30T15:26:33.902+0000][9][gc,age      ] GC(541) Desired survivor size 20971520 bytes, new threshold 15 (max threshold 15)
[2022-06-30T15:26:33.907+0000][9][gc,phases   ] GC(541)   Pre Evacuate Collection Set: 0.2ms
[2022-06-30T15:26:33.908+0000][9][gc,phases   ] GC(541)   Merge Heap Roots: 0.2ms
[2022-06-30T15:26:33.908+0000][9][gc,phases   ] GC(541)   Evacuate Collection Set: 2.5ms
[2022-06-30T15:26:33.909+0000][9][gc,phases   ] GC(541)   Post Evacuate Collection Set: 1.2ms
[2022-06-30T15:26:33.909+0000][9][gc,phases   ] GC(541)   Other: 1.4ms
[2022-06-30T15:26:33.910+0000][9][gc,age      ] GC(541) Age table with threshold 15 (max threshold 15)
[2022-06-30T15:26:33.911+0000][9][gc,age      ] GC(541) - age   1:    1809560 bytes,    1809560 total
[2022-06-30T15:26:33.911+0000][9][gc,age      ] GC(541) - age   2:       1624 bytes,    1811184 total
[2022-06-30T15:26:33.912+0000][9][gc,age      ] GC(541) - age   3:     341664 bytes,    2152848 total
[2022-06-30T15:26:33.913+0000][9][gc,age      ] GC(541) - age   5:        568 bytes,    2153416 total
[2022-06-30T15:26:33.914+0000][9][gc,age      ] GC(541) - age   6:        184 bytes,    2153600 total
[2022-06-30T15:26:33.914+0000][9][gc,age      ] GC(541) - age   7:        216 bytes,    2153816 total
[2022-06-30T15:26:33.915+0000][9][gc,age      ] GC(541) - age  11:        280 bytes,    2154096 total
[2022-06-30T15:26:33.916+0000][9][gc,age      ] GC(541) - age  12:        184 bytes,    2154280 total
[2022-06-30T15:26:33.916+0000][9][gc,age      ] GC(541) - age  13:        184 bytes,    2154464 total
[2022-06-30T15:26:33.917+0000][9][gc,age      ] GC(541) - age  15:        536 bytes,    2155000 total
[2022-06-30T15:26:33.918+0000][9][gc,heap     ] GC(541) Eden regions: 75->0(75)
[2022-06-30T15:26:33.918+0000][9][gc,heap     ] GC(541) Survivor regions: 1->1(10)
[2022-06-30T15:26:33.919+0000][9][gc,heap     ] GC(541) Old regions: 24->24
[2022-06-30T15:26:33.920+0000][9][gc,heap     ] GC(541) Archive regions: 2->2
[2022-06-30T15:26:33.920+0000][9][gc,heap     ] GC(541) Humongous regions: 0->0
[2022-06-30T15:26:33.921+0000][9][gc,metaspace] GC(541) Metaspace: 131676K(135040K)->131676K(135040K) NonClass: 114510K(116224K)->114510K(116224K) Class: 17166K(18816K)->17166K(18816K)
[2022-06-30T15:26:33.922+0000][9][gc          ] GC(541) Pause Young (Normal) (G1 Evacuation Pause) 400M->101M(512M) 21.679ms
[2022-06-30T15:26:33.922+0000][9][gc,cpu      ] GC(541) User=0.01s Sys=0.00s Real=0.02s
[2022-06-30T15:26:33.923+0000][9][safepoint   ] Safepoint "G1CollectForAllocation", Time since last: 53192615464 ns, Reaching safepoint: 253879 ns, At safepoint: 23155767 ns, Total: 23409646 ns
[2022-06-30T15:28:15.889+0000][9][gc,start    ] GC(542) Pause Young (Normal) (G1 Evacuation Pause)
[2022-06-30T15:28:15.890+0000][9][gc,task     ] GC(542) Using 4 workers of 4 for evacuation
[2022-06-30T15:28:15.891+0000][9][gc,age      ] GC(542) Desired survivor size 20971520 bytes, new threshold 15 (max threshold 15)
[2022-06-30T15:28:15.896+0000][9][gc,phases   ] GC(542)   Pre Evacuate Collection Set: 0.3ms
[2022-06-30T15:28:15.897+0000][9][gc,phases   ] GC(542)   Merge Heap Roots: 0.1ms
[2022-06-30T15:28:15.897+0000][9][gc,phases   ] GC(542)   Evacuate Collection Set: 3.1ms
[2022-06-30T15:28:15.898+0000][9][gc,phases   ] GC(542)   Post Evacuate Collection Set: 1.2ms
[2022-06-30T15:28:15.900+0000][9][gc,phases   ] GC(542)   Other: 1.3ms
[2022-06-30T15:28:15.901+0000][9][gc,age      ] GC(542) Age table with threshold 15 (max threshold 15)
[2022-06-30T15:28:15.901+0000][9][gc,age      ] GC(542) - age   1:    2152576 bytes,    2152576 total
[2022-06-30T15:28:15.902+0000][9][gc,age      ] GC(542) - age   2:       1472 bytes,    2154048 total
[2022-06-30T15:28:15.903+0000][9][gc,age      ] GC(542) - age   3:        184 bytes,    2154232 total
[2022-06-30T15:28:15.903+0000][9][gc,age      ] GC(542) - age   4:     236232 bytes,    2390464 total
[2022-06-30T15:28:15.904+0000][9][gc,age      ] GC(542) - age   6:        568 bytes,    2391032 total
[2022-06-30T15:28:15.905+0000][9][gc,age      ] GC(542) - age   8:        216 bytes,    2391248 total
[2022-06-30T15:28:15.905+0000][9][gc,age      ] GC(542) - age  12:        280 bytes,    2391528 total
[2022-06-30T15:28:15.906+0000][9][gc,age      ] GC(542) - age  13:        184 bytes,    2391712 total
[2022-06-30T15:28:15.907+0000][9][gc,age      ] GC(542) - age  14:        184 bytes,    2391896 total
[2022-06-30T15:28:15.907+0000][9][gc,heap     ] GC(542) Eden regions: 75->0(75)
[2022-06-30T15:28:15.908+0000][9][gc,heap     ] GC(542) Survivor regions: 1->1(10)
[2022-06-30T15:28:15.909+0000][9][gc,heap     ] GC(542) Old regions: 24->24
[2022-06-30T15:28:15.910+0000][9][gc,heap     ] GC(542) Archive regions: 2->2
[2022-06-30T15:28:15.910+0000][9][gc,heap     ] GC(542) Humongous regions: 0->0
[2022-06-30T15:28:15.911+0000][9][gc,metaspace] GC(542) Metaspace: 131676K(135040K)->131676K(135040K) NonClass: 114510K(116224K)->114510K(116224K) Class: 17166K(18816K)->17166K(18816K)
[2022-06-30T15:28:15.912+0000][9][gc          ] GC(542) Pause Young (Normal) (G1 Evacuation Pause) 401M->101M(512M) 22.377ms
[2022-06-30T15:28:15.912+0000][9][gc,cpu      ] GC(542) User=0.02s Sys=0.00s Real=0.03s
[2022-06-30T15:28:15.913+0000][9][safepoint   ] Safepoint "G1CollectForAllocation", Time since last: 102052094323 ns, Reaching safepoint: 282759 ns, At safepoint: 23650334 ns, Total: 23933093 ns
[2022-06-30T15:28:56.540+0000][9][safepoint   ] Safepoint "Cleanup", Time since last: 40648608633 ns, Reaching safepoint: 596602 ns, At safepoint: 121954 ns, Total: 718556 ns
[2022-06-30T15:29:51.899+0000][9][gc,start    ] GC(543) Pause Young (Normal) (G1 Evacuation Pause)
[2022-06-30T15:29:51.900+0000][9][gc,task     ] GC(543) Using 4 workers of 4 for evacuation
[2022-06-30T15:29:51.901+0000][9][gc,age      ] GC(543) Desired survivor size 20971520 bytes, new threshold 15 (max threshold 15)
[2022-06-30T15:29:51.906+0000][9][gc,phases   ] GC(543)   Pre Evacuate Collection Set: 0.2ms
[2022-06-30T15:29:51.907+0000][9][gc,phases   ] GC(543)   Merge Heap Roots: 0.1ms
[2022-06-30T15:29:51.907+0000][9][gc,phases   ] GC(543)   Evacuate Collection Set: 2.3ms
[2022-06-30T15:29:51.908+0000][9][gc,phases   ] GC(543)   Post Evacuate Collection Set: 1.0ms
[2022-06-30T15:29:51.908+0000][9][gc,phases   ] GC(543)   Other: 1.9ms
[2022-06-30T15:29:51.909+0000][9][gc,age      ] GC(543) Age table with threshold 15 (max threshold 15)
[2022-06-30T15:29:51.909+0000][9][gc,age      ] GC(543) - age   1:    1699728 bytes,    1699728 total
[2022-06-30T15:29:51.910+0000][9][gc,age      ] GC(543) - age   2:     112808 bytes,    1812536 total
[2022-06-30T15:29:51.910+0000][9][gc,age      ] GC(543) - age   3:        128 bytes,    1812664 total
[2022-06-30T15:29:51.911+0000][9][gc,age      ] GC(543) - age   5:     236104 bytes,    2048768 total
[2022-06-30T15:29:51.911+0000][9][gc,age      ] GC(543) - age   7:        384 bytes,    2049152 total
[2022-06-30T15:29:51.912+0000][9][gc,age      ] GC(543) - age   9:        184 bytes,    2049336 total
[2022-06-30T15:29:51.912+0000][9][gc,age      ] GC(543) - age  13:        248 bytes,    2049584 total
[2022-06-30T15:29:51.913+0000][9][gc,age      ] GC(543) - age  14:        184 bytes,    2049768 total
[2022-06-30T15:29:51.913+0000][9][gc,age      ] GC(543) - age  15:        184 bytes,    2049952 total
[2022-06-30T15:29:51.914+0000][9][gc,heap     ] GC(543) Eden regions: 75->0(75)
[2022-06-30T15:29:51.915+0000][9][gc,heap     ] GC(543) Survivor regions: 1->1(10)
[2022-06-30T15:29:51.915+0000][9][gc,heap     ] GC(543) Old regions: 24->24
[2022-06-30T15:29:51.916+0000][9][gc,heap     ] GC(543) Archive regions: 2->2
[2022-06-30T15:29:51.916+0000][9][gc,heap     ] GC(543) Humongous regions: 0->0
[2022-06-30T15:29:51.917+0000][9][gc,metaspace] GC(543) Metaspace: 131678K(135040K)->131678K(135040K) NonClass: 114512K(116224K)->114512K(116224K) Class: 17166K(18816K)->17166K(18816K)
[2022-06-30T15:29:51.918+0000][9][gc          ] GC(543) Pause Young (Normal) (G1 Evacuation Pause) 401M->101M(512M) 18.638ms
[2022-06-30T15:29:51.928+0000][9][gc,cpu      ] GC(543) User=0.01s Sys=0.01s Real=0.03s
[2022-06-30T15:29:51.935+0000][9][safepoint   ] Safepoint "G1CollectForAllocation", Time since last: 55401949465 ns, Reaching safepoint: 103863 ns, At safepoint: 35706364 ns, Total: 35810227 ns
[2022-06-30T15:31:33.853+0000][9][gc,start    ] GC(544) Pause Young (Normal) (G1 Evacuation Pause)
[2022-06-30T15:31:33.854+0000][9][gc,task     ] GC(544) Using 4 workers of 4 for evacuation
[2022-06-30T15:31:33.855+0000][9][gc,age      ] GC(544) Desired survivor size 20971520 bytes, new threshold 15 (max threshold 15)
[2022-06-30T15:31:33.860+0000][9][gc,phases   ] GC(544)   Pre Evacuate Collection Set: 0.3ms
[2022-06-30T15:31:33.860+0000][9][gc,phases   ] GC(544)   Merge Heap Roots: 0.1ms
[2022-06-30T15:31:33.861+0000][9][gc,phases   ] GC(544)   Evacuate Collection Set: 2.2ms
[2022-06-30T15:31:33.862+0000][9][gc,phases   ] GC(544)   Post Evacuate Collection Set: 1.2ms
[2022-06-30T15:31:33.862+0000][9][gc,phases   ] GC(544)   Other: 1.6ms
[2022-06-30T15:31:33.863+0000][9][gc,age      ] GC(544) Age table with threshold 15 (max threshold 15)
[2022-06-30T15:31:33.863+0000][9][gc,age      ] GC(544) - age   1:     981792 bytes,     981792 total
[2022-06-30T15:31:33.864+0000][9][gc,age      ] GC(544) - age   2:      36864 bytes,    1018656 total
[2022-06-30T15:31:33.864+0000][9][gc,age      ] GC(544) - age   3:     111112 bytes,    1129768 total
[2022-06-30T15:31:33.865+0000][9][gc,age      ] GC(544) - age   6:     236104 bytes,    1365872 total
[2022-06-30T15:31:33.865+0000][9][gc,age      ] GC(544) - age   8:        384 bytes,    1366256 total
[2022-06-30T15:31:33.866+0000][9][gc,age      ] GC(544) - age  10:        184 bytes,    1366440 total
[2022-06-30T15:31:33.867+0000][9][gc,age      ] GC(544) - age  14:        248 bytes,    1366688 total
[2022-06-30T15:31:33.867+0000][9][gc,age      ] GC(544) - age  15:        184 bytes,    1366872 total
[2022-06-30T15:31:33.868+0000][9][gc,heap     ] GC(544) Eden regions: 75->0(75)
[2022-06-30T15:31:33.868+0000][9][gc,heap     ] GC(544) Survivor regions: 1->1(10)
[2022-06-30T15:31:33.869+0000][9][gc,heap     ] GC(544) Old regions: 24->24
[2022-06-30T15:31:33.870+0000][9][gc,heap     ] GC(544) Archive regions: 2->2
[2022-06-30T15:31:33.870+0000][9][gc,heap     ] GC(544) Humongous regions: 0->0
[2022-06-30T15:31:33.871+0000][9][gc,metaspace] GC(544) Metaspace: 131678K(135040K)->131678K(135040K) NonClass: 114512K(116224K)->114512K(116224K) Class: 17166K(18816K)->17166K(18816K)
[2022-06-30T15:31:33.872+0000][9][gc          ] GC(544) Pause Young (Normal) (G1 Evacuation Pause) 401M->100M(512M) 18.414ms
[2022-06-30T15:31:33.872+0000][9][gc,cpu      ] GC(544) User=0.01s Sys=0.00s Real=0.02s
[2022-06-30T15:31:33.873+0000][9][safepoint   ] Safepoint "G1CollectForAllocation", Time since last: 101982870970 ns, Reaching safepoint: 180540 ns, At safepoint: 19533723 ns, Total: 19714263 ns
[2022-06-30T15:33:10.421+0000][9][gc,start    ] GC(545) Pause Young (Normal) (G1 Evacuation Pause)
[2022-06-30T15:33:10.422+0000][9][gc,task     ] GC(545) Using 4 workers of 4 for evacuation
[2022-06-30T15:33:10.423+0000][9][gc,age      ] GC(545) Desired survivor size 20971520 bytes, new threshold 15 (max threshold 15)
[2022-06-30T15:33:10.428+0000][9][gc,phases   ] GC(545)   Pre Evacuate Collection Set: 0.3ms
[2022-06-30T15:33:10.429+0000][9][gc,phases   ] GC(545)   Merge Heap Roots: 0.1ms
[2022-06-30T15:33:10.431+0000][9][gc,phases   ] GC(545)   Evacuate Collection Set: 2.2ms
[2022-06-30T15:33:10.432+0000][9][gc,phases   ] GC(545)   Post Evacuate Collection Set: 1.9ms
[2022-06-30T15:33:10.433+0000][9][gc,phases   ] GC(545)   Other: 1.5ms
[2022-06-30T15:33:10.433+0000][9][gc,age      ] GC(545) Age table with threshold 15 (max threshold 15)
[2022-06-30T15:33:10.434+0000][9][gc,age      ] GC(545) - age   1:     815200 bytes,     815200 total
[2022-06-30T15:33:10.435+0000][9][gc,age      ] GC(545) - age   2:       1128 bytes,     816328 total
[2022-06-30T15:33:10.435+0000][9][gc,age      ] GC(545) - age   3:      35656 bytes,     851984 total
[2022-06-30T15:33:10.436+0000][9][gc,age      ] GC(545) - age   4:     102672 bytes,     954656 total
[2022-06-30T15:33:10.436+0000][9][gc,age      ] GC(545) - age   7:     234376 bytes,    1189032 total
[2022-06-30T15:33:10.437+0000][9][gc,age      ] GC(545) - age   9:        384 bytes,    1189416 total
[2022-06-30T15:33:10.438+0000][9][gc,age      ] GC(545) - age  11:        184 bytes,    1189600 total
[2022-06-30T15:33:10.438+0000][9][gc,age      ] GC(545) - age  15:        248 bytes,    1189848 total
[2022-06-30T15:33:10.439+0000][9][gc,heap     ] GC(545) Eden regions: 75->0(75)
[2022-06-30T15:33:10.440+0000][9][gc,heap     ] GC(545) Survivor regions: 1->1(10)
[2022-06-30T15:33:10.440+0000][9][gc,heap     ] GC(545) Old regions: 24->24
[2022-06-30T15:33:10.441+0000][9][gc,heap     ] GC(545) Archive regions: 2->2
[2022-06-30T15:33:10.441+0000][9][gc,heap     ] GC(545) Humongous regions: 0->0
[2022-06-30T15:33:10.442+0000][9][gc,metaspace] GC(545) Metaspace: 131678K(135040K)->131678K(135040K) NonClass: 114512K(116224K)->114512K(116224K) Class: 17166K(18816K)->17166K(18816K)
[2022-06-30T15:33:10.443+0000][9][gc          ] GC(545) Pause Young (Normal) (G1 Evacuation Pause) 400M->100M(512M) 22.005ms
[2022-06-30T15:33:10.444+0000][9][gc,cpu      ] GC(545) User=0.01s Sys=0.00s Real=0.02s
[2022-06-30T15:33:10.444+0000][9][safepoint   ] Safepoint "G1CollectForAllocation", Time since last: 96614069801 ns, Reaching safepoint: 189556 ns, At safepoint: 23889083 ns, Total: 24078639 ns
[2022-06-30T15:34:54.803+0000][9][gc,start    ] GC(546) Pause Young (Normal) (G1 Evacuation Pause)
[2022-06-30T15:34:54.805+0000][9][gc,task     ] GC(546) Using 4 workers of 4 for evacuation
[2022-06-30T15:34:54.806+0000][9][gc,age      ] GC(546) Desired survivor size 20971520 bytes, new threshold 15 (max threshold 15)
[2022-06-30T15:34:54.810+0000][9][gc,phases   ] GC(546)   Pre Evacuate Collection Set: 0.2ms
[2022-06-30T15:34:54.811+0000][9][gc,phases   ] GC(546)   Merge Heap Roots: 0.1ms
[2022-06-30T15:34:54.811+0000][9][gc,phases   ] GC(546)   Evacuate Collection Set: 2.0ms
[2022-06-30T15:34:54.812+0000][9][gc,phases   ] GC(546)   Post Evacuate Collection Set: 0.9ms
[2022-06-30T15:34:54.813+0000][9][gc,phases   ] GC(546)   Other: 1.5ms
[2022-06-30T15:34:54.813+0000][9][gc,age      ] GC(546) Age table with threshold 15 (max threshold 15)
[2022-06-30T15:34:54.814+0000][9][gc,age      ] GC(546) - age   1:     903592 bytes,     903592 total
[2022-06-30T15:34:54.815+0000][9][gc,age      ] GC(546) - age   2:      11304 bytes,     914896 total
[2022-06-30T15:34:54.815+0000][9][gc,age      ] GC(546) - age   3:        192 bytes,     915088 total
[2022-06-30T15:34:54.816+0000][9][gc,age      ] GC(546) - age   4:      35232 bytes,     950320 total
[2022-06-30T15:34:54.817+0000][9][gc,age      ] GC(546) - age   5:     102672 bytes,    1052992 total
[2022-06-30T15:34:54.818+0000][9][gc,age      ] GC(546) - age   8:     234376 bytes,    1287368 total
[2022-06-30T15:34:54.819+0000][9][gc,age      ] GC(546) - age  10:        384 bytes,    1287752 total
[2022-06-30T15:34:54.820+0000][9][gc,heap     ] GC(546) Eden regions: 75->0(75)
[2022-06-30T15:34:54.820+0000][9][gc,heap     ] GC(546) Survivor regions: 1->1(10)
[2022-06-30T15:34:54.821+0000][9][gc,heap     ] GC(546) Old regions: 24->24
[2022-06-30T15:34:54.822+0000][9][gc,heap     ] GC(546) Archive regions: 2->2
[2022-06-30T15:34:54.822+0000][9][gc,heap     ] GC(546) Humongous regions: 0->0
[2022-06-30T15:34:54.824+0000][9][gc,metaspace] GC(546) Metaspace: 131678K(135040K)->131678K(135040K) NonClass: 114512K(116224K)->114512K(116224K) Class: 17166K(18816K)->17166K(18816K)
[2022-06-30T15:34:54.824+0000][9][gc          ] GC(546) Pause Young (Normal) (G1 Evacuation Pause) 400M->100M(512M) 21.702ms
[2022-06-30T15:34:54.825+0000][9][gc,cpu      ] GC(546) User=0.01s Sys=0.00s Real=0.02s
[2022-06-30T15:34:54.826+0000][9][safepoint   ] Safepoint "G1CollectForAllocation", Time since last: 104443124956 ns, Reaching safepoint: 207860 ns, At safepoint: 23174797 ns, Total: 23382657 ns
[2022-06-30T15:36:09.827+0000][9][gc,start    ] GC(547) Pause Young (Normal) (G1 Evacuation Pause)
[2022-06-30T15:36:09.828+0000][9][gc,task     ] GC(547) Using 4 workers of 4 for evacuation
[2022-06-30T15:36:09.829+0000][9][gc,age      ] GC(547) Desired survivor size 20971520 bytes, new threshold 15 (max threshold 15)
[2022-06-30T15:36:09.833+0000][9][gc,phases   ] GC(547)   Pre Evacuate Collection Set: 0.1ms
[2022-06-30T15:36:09.834+0000][9][gc,phases   ] GC(547)   Merge Heap Roots: 0.0ms
[2022-06-30T15:36:09.834+0000][9][gc,phases   ] GC(547)   Evacuate Collection Set: 1.8ms
[2022-06-30T15:36:09.835+0000][9][gc,phases   ] GC(547)   Post Evacuate Collection Set: 1.1ms
[2022-06-30T15:36:09.836+0000][9][gc,phases   ] GC(547)   Other: 1.6ms
[2022-06-30T15:36:09.837+0000][9][gc,age      ] GC(547) Age table with threshold 15 (max threshold 15)
[2022-06-30T15:36:09.837+0000][9][gc,age      ] GC(547) - age   1:     473424 bytes,     473424 total
[2022-06-30T15:36:09.838+0000][9][gc,age      ] GC(547) - age   2:       2872 bytes,     476296 total
[2022-06-30T15:36:09.838+0000][9][gc,age      ] GC(547) - age   3:      10144 bytes,     486440 total
[2022-06-30T15:36:09.839+0000][9][gc,age      ] GC(547) - age   5:      35232 bytes,     521672 total
[2022-06-30T15:36:09.840+0000][9][gc,age      ] GC(547) - age   6:     102672 bytes,     624344 total
[2022-06-30T15:36:09.840+0000][9][gc,age      ] GC(547) - age   9:     234376 bytes,     858720 total
[2022-06-30T15:36:09.841+0000][9][gc,age      ] GC(547) - age  11:        384 bytes,     859104 total
[2022-06-30T15:36:09.841+0000][9][gc,heap     ] GC(547) Eden regions: 75->0(75)
[2022-06-30T15:36:09.846+0000][9][gc,heap     ] GC(547) Survivor regions: 1->1(10)
[2022-06-30T15:36:09.846+0000][9][gc,heap     ] GC(547) Old regions: 24->24
[2022-06-30T15:36:09.847+0000][9][gc,heap     ] GC(547) Archive regions: 2->2
[2022-06-30T15:36:09.848+0000][9][gc,heap     ] GC(547) Humongous regions: 0->0
[2022-06-30T15:36:09.848+0000][9][gc,metaspace] GC(547) Metaspace: 131678K(135040K)->131678K(135040K) NonClass: 114512K(116224K)->114512K(116224K) Class: 17166K(18816K)->17166K(18816K)
[2022-06-30T15:36:09.849+0000][9][gc          ] GC(547) Pause Young (Normal) (G1 Evacuation Pause) 400M->99M(512M) 21.660ms
[2022-06-30T15:36:09.849+0000][9][gc,cpu      ] GC(547) User=0.01s Sys=0.00s Real=0.02s
[2022-06-30T15:36:09.850+0000][9][safepoint   ] Safepoint "G1CollectForAllocation", Time since last: 75044154166 ns, Reaching safepoint: 70570 ns, At safepoint: 22833757 ns, Total: 22904327 ns
[2022-06-30T15:37:33.812+0000][9][gc,start    ] GC(548) Pause Young (Normal) (G1 Evacuation Pause)
[2022-06-30T15:37:33.814+0000][9][gc,task     ] GC(548) Using 4 workers of 4 for evacuation
[2022-06-30T15:37:33.815+0000][9][gc,age      ] GC(548) Desired survivor size 20971520 bytes, new threshold 15 (max threshold 15)
[2022-06-30T15:37:33.819+0000][9][gc,phases   ] GC(548)   Pre Evacuate Collection Set: 0.3ms
[2022-06-30T15:37:33.821+0000][9][gc,phases   ] GC(548)   Merge Heap Roots: 0.2ms
[2022-06-30T15:37:33.822+0000][9][gc,phases   ] GC(548)   Evacuate Collection Set: 2.2ms
[2022-06-30T15:37:33.823+0000][9][gc,phases   ] GC(548)   Post Evacuate Collection Set: 1.3ms
[2022-06-30T15:37:33.824+0000][9][gc,phases   ] GC(548)   Other: 1.5ms
[2022-06-30T15:37:33.825+0000][9][gc,age      ] GC(548) Age table with threshold 15 (max threshold 15)
[2022-06-30T15:37:33.825+0000][9][gc,age      ] GC(548) - age   1:    1474928 bytes,    1474928 total
[2022-06-30T15:37:33.827+0000][9][gc,age      ] GC(548) - age   2:        792 bytes,    1475720 total
[2022-06-30T15:37:33.828+0000][9][gc,age      ] GC(548) - age   3:        856 bytes,    1476576 total
[2022-06-30T15:37:33.829+0000][9][gc,age      ] GC(548) - age   4:      10016 bytes,    1486592 total
[2022-06-30T15:37:33.829+0000][9][gc,age      ] GC(548) - age   6:      35232 bytes,    1521824 total
[2022-06-30T15:37:33.830+0000][9][gc,age      ] GC(548) - age   7:     102672 bytes,    1624496 total
[2022-06-30T15:37:33.830+0000][9][gc,age      ] GC(548) - age  10:     234376 bytes,    1858872 total
[2022-06-30T15:37:33.831+0000][9][gc,age      ] GC(548) - age  12:        384 bytes,    1859256 total
[2022-06-30T15:37:33.831+0000][9][gc,heap     ] GC(548) Eden regions: 75->0(75)
[2022-06-30T15:37:33.832+0000][9][gc,heap     ] GC(548) Survivor regions: 1->1(10)
[2022-06-30T15:37:33.832+0000][9][gc,heap     ] GC(548) Old regions: 24->24
[2022-06-30T15:37:33.833+0000][9][gc,heap     ] GC(548) Archive regions: 2->2
[2022-06-30T15:37:33.834+0000][9][gc,heap     ] GC(548) Humongous regions: 0->0
[2022-06-30T15:37:33.834+0000][9][gc,metaspace] GC(548) Metaspace: 131678K(135040K)->131678K(135040K) NonClass: 114512K(116224K)->114512K(116224K) Class: 17166K(18816K)->17166K(18816K)
[2022-06-30T15:37:33.835+0000][9][gc          ] GC(548) Pause Young (Normal) (G1 Evacuation Pause) 399M->100M(512M) 22.622ms
[2022-06-30T15:37:33.836+0000][9][gc,cpu      ] GC(548) User=0.01s Sys=0.00s Real=0.02s
[2022-06-30T15:37:33.841+0000][9][safepoint   ] Safepoint "G1CollectForAllocation", Time since last: 84027455993 ns, Reaching safepoint: 101027 ns, At safepoint: 28442211 ns, Total: 28543238 ns
[2022-06-30T15:39:07.765+0000][9][gc,start    ] GC(549) Pause Young (Normal) (G1 Evacuation Pause)
[2022-06-30T15:39:07.771+0000][9][gc,task     ] GC(549) Using 4 workers of 4 for evacuation
[2022-06-30T15:39:07.773+0000][9][gc,age      ] GC(549) Desired survivor size 20971520 bytes, new threshold 15 (max threshold 15)
[2022-06-30T15:39:07.777+0000][9][gc,phases   ] GC(549)   Pre Evacuate Collection Set: 0.3ms
[2022-06-30T15:39:07.778+0000][9][gc,phases   ] GC(549)   Merge Heap Roots: 0.2ms
[2022-06-30T15:39:07.778+0000][9][gc,phases   ] GC(549)   Evacuate Collection Set: 2.1ms
[2022-06-30T15:39:07.779+0000][9][gc,phases   ] GC(549)   Post Evacuate Collection Set: 1.1ms
[2022-06-30T15:39:07.780+0000][9][gc,phases   ] GC(549)   Other: 2.1ms
[2022-06-30T15:39:07.780+0000][9][gc,age      ] GC(549) Age table with threshold 15 (max threshold 15)
[2022-06-30T15:39:07.781+0000][9][gc,age      ] GC(549) - age   1:    1292888 bytes,    1292888 total
[2022-06-30T15:39:07.782+0000][9][gc,age      ] GC(549) - age   2:       2240 bytes,    1295128 total
[2022-06-30T15:39:07.782+0000][9][gc,age      ] GC(549) - age   3:        160 bytes,    1295288 total
[2022-06-30T15:39:07.783+0000][9][gc,age      ] GC(549) - age   4:        200 bytes,    1295488 total
[2022-06-30T15:39:07.783+0000][9][gc,age      ] GC(549) - age   5:      10016 bytes,    1305504 total
[2022-06-30T15:39:07.784+0000][9][gc,age      ] GC(549) - age   7:      34992 bytes,    1340496 total
[2022-06-30T15:39:07.784+0000][9][gc,age      ] GC(549) - age   8:     102672 bytes,    1443168 total
[2022-06-30T15:39:07.785+0000][9][gc,age      ] GC(549) - age  11:     233800 bytes,    1676968 total
[2022-06-30T15:39:07.786+0000][9][gc,heap     ] GC(549) Eden regions: 75->0(75)
[2022-06-30T15:39:07.786+0000][9][gc,heap     ] GC(549) Survivor regions: 1->1(10)
[2022-06-30T15:39:07.787+0000][9][gc,heap     ] GC(549) Old regions: 24->24
[2022-06-30T15:39:07.788+0000][9][gc,heap     ] GC(549) Archive regions: 2->2
[2022-06-30T15:39:07.792+0000][9][gc,heap     ] GC(549) Humongous regions: 0->0
[2022-06-30T15:39:07.792+0000][9][gc,metaspace] GC(549) Metaspace: 131682K(135040K)->131682K(135040K) NonClass: 114516K(116224K)->114516K(116224K) Class: 17166K(18816K)->17166K(18816K)
[2022-06-30T15:39:07.793+0000][9][gc          ] GC(549) Pause Young (Normal) (G1 Evacuation Pause) 400M->100M(512M) 28.136ms
[2022-06-30T15:39:07.794+0000][9][gc,cpu      ] GC(549) User=0.01s Sys=0.00s Real=0.03s
[2022-06-30T15:39:07.795+0000][9][safepoint   ] Safepoint "G1CollectForAllocation", Time since last: 93988720147 ns, Reaching safepoint: 110688 ns, At safepoint: 29997013 ns, Total: 30107701 ns
[2022-06-30T15:40:40.855+0000][9][safepoint   ] Safepoint "Cleanup", Time since last: 93127240246 ns, Reaching safepoint: 102694 ns, At safepoint: 36985 ns, Total: 139679 ns
[2022-06-30T15:40:40.882+0000][9][gc,start    ] GC(550) Pause Young (Normal) (G1 Evacuation Pause)
[2022-06-30T15:40:40.883+0000][9][gc,task     ] GC(550) Using 4 workers of 4 for evacuation
[2022-06-30T15:40:40.884+0000][9][gc,age      ] GC(550) Desired survivor size 20971520 bytes, new threshold 15 (max threshold 15)
[2022-06-30T15:40:40.889+0000][9][gc,phases   ] GC(550)   Pre Evacuate Collection Set: 0.1ms
[2022-06-30T15:40:40.889+0000][9][gc,phases   ] GC(550)   Merge Heap Roots: 0.2ms
[2022-06-30T15:40:40.890+0000][9][gc,phases   ] GC(550)   Evacuate Collection Set: 2.6ms
[2022-06-30T15:40:40.891+0000][9][gc,phases   ] GC(550)   Post Evacuate Collection Set: 1.1ms
[2022-06-30T15:40:40.891+0000][9][gc,phases   ] GC(550)   Other: 1.7ms
[2022-06-30T15:40:40.892+0000][9][gc,age      ] GC(550) Age table with threshold 15 (max threshold 15)
[2022-06-30T15:40:40.892+0000][9][gc,age      ] GC(550) - age   1:    1409600 bytes,    1409600 total
[2022-06-30T15:40:40.893+0000][9][gc,age      ] GC(550) - age   2:       2608 bytes,    1412208 total
[2022-06-30T15:40:40.893+0000][9][gc,age      ] GC(550) - age   3:        672 bytes,    1412880 total
[2022-06-30T15:40:40.894+0000][9][gc,age      ] GC(550) - age   4:         32 bytes,    1412912 total
[2022-06-30T15:40:40.894+0000][9][gc,age      ] GC(550) - age   5:        200 bytes,    1413112 total
[2022-06-30T15:40:40.895+0000][9][gc,age      ] GC(550) - age   6:       1912 bytes,    1415024 total
[2022-06-30T15:40:40.895+0000][9][gc,age      ] GC(550) - age   8:      34992 bytes,    1450016 total
[2022-06-30T15:40:40.896+0000][9][gc,age      ] GC(550) - age   9:     102672 bytes,    1552688 total
[2022-06-30T15:40:40.897+0000][9][gc,age      ] GC(550) - age  12:     233800 bytes,    1786488 total
[2022-06-30T15:40:40.897+0000][9][gc,heap     ] GC(550) Eden regions: 75->0(75)
[2022-06-30T15:40:40.898+0000][9][gc,heap     ] GC(550) Survivor regions: 1->1(10)
[2022-06-30T15:40:40.898+0000][9][gc,heap     ] GC(550) Old regions: 24->24
[2022-06-30T15:40:40.899+0000][9][gc,heap     ] GC(550) Archive regions: 2->2
[2022-06-30T15:40:40.900+0000][9][gc,heap     ] GC(550) Humongous regions: 0->0
[2022-06-30T15:40:40.900+0000][9][gc,metaspace] GC(550) Metaspace: 131682K(135040K)->131682K(135040K) NonClass: 114516K(116224K)->114516K(116224K) Class: 17166K(18816K)->17166K(18816K)
[2022-06-30T15:40:40.901+0000][9][gc          ] GC(550) Pause Young (Normal) (G1 Evacuation Pause) 400M->100M(512M) 18.712ms
[2022-06-30T15:40:40.901+0000][9][gc,cpu      ] GC(550) User=0.01s Sys=0.00s Real=0.02s
[2022-06-30T15:40:40.902+0000][9][safepoint   ] Safepoint "G1CollectForAllocation", Time since last: 26546802 ns, Reaching safepoint: 82271 ns, At safepoint: 19968715 ns, Total: 20050986 ns
[2022-06-30T15:42:22.358+0000][9][gc,start    ] GC(551) Pause Young (Normal) (G1 Evacuation Pause)
[2022-06-30T15:42:22.361+0000][9][gc,task     ] GC(551) Using 4 workers of 4 for evacuation
[2022-06-30T15:42:22.362+0000][9][gc,age      ] GC(551) Desired survivor size 20971520 bytes, new threshold 15 (max threshold 15)
[2022-06-30T15:42:22.366+0000][9][gc,phases   ] GC(551)   Pre Evacuate Collection Set: 0.2ms
[2022-06-30T15:42:22.372+0000][9][gc,phases   ] GC(551)   Merge Heap Roots: 0.1ms
[2022-06-30T15:42:22.373+0000][9][gc,phases   ] GC(551)   Evacuate Collection Set: 1.5ms
[2022-06-30T15:42:22.374+0000][9][gc,phases   ] GC(551)   Post Evacuate Collection Set: 1.2ms
[2022-06-30T15:42:22.375+0000][9][gc,phases   ] GC(551)   Other: 2.6ms
[2022-06-30T15:42:22.376+0000][9][gc,age      ] GC(551) Age table with threshold 15 (max threshold 15)
[2022-06-30T15:42:22.378+0000][9][gc,age      ] GC(551) - age   1:     809152 bytes,     809152 total
[2022-06-30T15:42:22.379+0000][9][gc,age      ] GC(551) - age   2:      10256 bytes,     819408 total
[2022-06-30T15:42:22.380+0000][9][gc,age      ] GC(551) - age   3:       1496 bytes,     820904 total
[2022-06-30T15:42:22.381+0000][9][gc,age      ] GC(551) - age   4:        184 bytes,     821088 total
[2022-06-30T15:42:22.382+0000][9][gc,age      ] GC(551) - age   5:         32 bytes,     821120 total
[2022-06-30T15:42:22.383+0000][9][gc,age      ] GC(551) - age   6:        200 bytes,     821320 total
[2022-06-30T15:42:22.385+0000][9][gc,age      ] GC(551) - age   7:       1912 bytes,     823232 total
[2022-06-30T15:42:22.386+0000][9][gc,age      ] GC(551) - age   9:      34992 bytes,     858224 total
[2022-06-30T15:42:22.387+0000][9][gc,age      ] GC(551) - age  10:     102672 bytes,     960896 total
[2022-06-30T15:42:22.388+0000][9][gc,age      ] GC(551) - age  13:     233800 bytes,    1194696 total
[2022-06-30T15:42:22.389+0000][9][gc,heap     ] GC(551) Eden regions: 75->0(75)
[2022-06-30T15:42:22.390+0000][9][gc,heap     ] GC(551) Survivor regions: 1->1(10)
[2022-06-30T15:42:22.390+0000][9][gc,heap     ] GC(551) Old regions: 24->24
[2022-06-30T15:42:22.391+0000][9][gc,heap     ] GC(551) Archive regions: 2->2
[2022-06-30T15:42:22.392+0000][9][gc,heap     ] GC(551) Humongous regions: 0->0
[2022-06-30T15:42:22.393+0000][9][gc,metaspace] GC(551) Metaspace: 131682K(135040K)->131682K(135040K) NonClass: 114516K(116224K)->114516K(116224K) Class: 17166K(18816K)->17166K(18816K)
[2022-06-30T15:42:22.394+0000][9][gc          ] GC(551) Pause Young (Normal) (G1 Evacuation Pause) 400M->100M(512M) 36.029ms
[2022-06-30T15:42:22.395+0000][9][gc,cpu      ] GC(551) User=0.01s Sys=0.01s Real=0.04s
[2022-06-30T15:42:22.396+0000][9][safepoint   ] Safepoint "G1CollectForAllocation", Time since last: 101540669210 ns, Reaching safepoint: 307368 ns, At safepoint: 37947170 ns, Total: 38254538 ns
[2022-06-30T15:43:58.150+0000][9][gc,start    ] GC(552) Pause Young (Normal) (G1 Evacuation Pause)
[2022-06-30T15:43:58.151+0000][9][gc,task     ] GC(552) Using 4 workers of 4 for evacuation
[2022-06-30T15:43:58.152+0000][9][gc,age      ] GC(552) Desired survivor size 20971520 bytes, new threshold 15 (max threshold 15)
[2022-06-30T15:43:58.157+0000][9][gc,phases   ] GC(552)   Pre Evacuate Collection Set: 0.3ms
[2022-06-30T15:43:58.158+0000][9][gc,phases   ] GC(552)   Merge Heap Roots: 0.1ms
[2022-06-30T15:43:58.158+0000][9][gc,phases   ] GC(552)   Evacuate Collection Set: 2.2ms
[2022-06-30T15:43:58.159+0000][9][gc,phases   ] GC(552)   Post Evacuate Collection Set: 1.2ms
[2022-06-30T15:43:58.159+0000][9][gc,phases   ] GC(552)   Other: 1.7ms
[2022-06-30T15:43:58.160+0000][9][gc,age      ] GC(552) Age table with threshold 15 (max threshold 15)
[2022-06-30T15:43:58.161+0000][9][gc,age      ] GC(552) - age   1:    1002424 bytes,    1002424 total
[2022-06-30T15:43:58.161+0000][9][gc,age      ] GC(552) - age   2:       9496 bytes,    1011920 total
[2022-06-30T15:43:58.162+0000][9][gc,age      ] GC(552) - age   3:       1120 bytes,    1013040 total
[2022-06-30T15:43:58.162+0000][9][gc,age      ] GC(552) - age   4:       1432 bytes,    1014472 total
[2022-06-30T15:43:58.163+0000][9][gc,age      ] GC(552) - age   6:         32 bytes,    1014504 total
[2022-06-30T15:43:58.164+0000][9][gc,age      ] GC(552) - age   7:        200 bytes,    1014704 total
[2022-06-30T15:43:58.164+0000][9][gc,age      ] GC(552) - age   8:        184 bytes,    1014888 total
[2022-06-30T15:43:58.165+0000][9][gc,age      ] GC(552) - age  10:      34992 bytes,    1049880 total
[2022-06-30T15:43:58.165+0000][9][gc,age      ] GC(552) - age  11:     102672 bytes,    1152552 total
[2022-06-30T15:43:58.166+0000][9][gc,age      ] GC(552) - age  14:     233800 bytes,    1386352 total
[2022-06-30T15:43:58.166+0000][9][gc,heap     ] GC(552) Eden regions: 75->0(75)
[2022-06-30T15:43:58.167+0000][9][gc,heap     ] GC(552) Survivor regions: 1->1(10)
[2022-06-30T15:43:58.168+0000][9][gc,heap     ] GC(552) Old regions: 24->24
[2022-06-30T15:43:58.169+0000][9][gc,heap     ] GC(552) Archive regions: 2->2
[2022-06-30T15:43:58.173+0000][9][gc,heap     ] GC(552) Humongous regions: 0->0
[2022-06-30T15:43:58.174+0000][9][gc,metaspace] GC(552) Metaspace: 131682K(135040K)->131682K(135040K) NonClass: 114516K(116224K)->114516K(116224K) Class: 17166K(18816K)->17166K(18816K)
[2022-06-30T15:43:58.175+0000][9][gc          ] GC(552) Pause Young (Normal) (G1 Evacuation Pause) 400M->100M(512M) 24.140ms
[2022-06-30T15:43:58.175+0000][9][gc,cpu      ] GC(552) User=0.01s Sys=0.00s Real=0.02s
[2022-06-30T15:43:58.176+0000][9][safepoint   ] Safepoint "G1CollectForAllocation", Time since last: 95818690006 ns, Reaching safepoint: 112856 ns, At safepoint: 25348963 ns, Total: 25461819 ns
[2022-06-30T15:45:39.839+0000][9][gc,start    ] GC(553) Pause Young (Normal) (G1 Evacuation Pause)
[2022-06-30T15:45:39.840+0000][9][gc,task     ] GC(553) Using 4 workers of 4 for evacuation
[2022-06-30T15:45:39.840+0000][9][gc,age      ] GC(553) Desired survivor size 20971520 bytes, new threshold 15 (max threshold 15)
[2022-06-30T15:45:39.845+0000][9][gc,phases   ] GC(553)   Pre Evacuate Collection Set: 0.2ms
[2022-06-30T15:45:39.846+0000][9][gc,phases   ] GC(553)   Merge Heap Roots: 0.2ms
[2022-06-30T15:45:39.847+0000][9][gc,phases   ] GC(553)   Evacuate Collection Set: 2.3ms
[2022-06-30T15:45:39.848+0000][9][gc,phases   ] GC(553)   Post Evacuate Collection Set: 1.4ms
[2022-06-30T15:45:39.848+0000][9][gc,phases   ] GC(553)   Other: 1.5ms
[2022-06-30T15:45:39.849+0000][9][gc,age      ] GC(553) Age table with threshold 15 (max threshold 15)
[2022-06-30T15:45:39.850+0000][9][gc,age      ] GC(553) - age   1:    1139176 bytes,    1139176 total
[2022-06-30T15:45:39.850+0000][9][gc,age      ] GC(553) - age   2:       3128 bytes,    1142304 total
[2022-06-30T15:45:39.851+0000][9][gc,age      ] GC(553) - age   3:        656 bytes,    1142960 total
[2022-06-30T15:45:39.851+0000][9][gc,age      ] GC(553) - age   4:        280 bytes,    1143240 total
[2022-06-30T15:45:39.852+0000][9][gc,age      ] GC(553) - age   5:       1176 bytes,    1144416 total
[2022-06-30T15:45:39.853+0000][9][gc,age      ] GC(553) - age   7:         32 bytes,    1144448 total
[2022-06-30T15:45:39.853+0000][9][gc,age      ] GC(553) - age   8:        200 bytes,    1144648 total
[2022-06-30T15:45:39.854+0000][9][gc,age      ] GC(553) - age   9:        184 bytes,    1144832 total
[2022-06-30T15:45:39.855+0000][9][gc,age      ] GC(553) - age  11:      34992 bytes,    1179824 total
[2022-06-30T15:45:39.855+0000][9][gc,age      ] GC(553) - age  12:     102672 bytes,    1282496 total
[2022-06-30T15:45:39.856+0000][9][gc,age      ] GC(553) - age  15:     233800 bytes,    1516296 total
[2022-06-30T15:45:39.857+0000][9][gc,heap     ] GC(553) Eden regions: 75->0(75)
[2022-06-30T15:45:39.857+0000][9][gc,heap     ] GC(553) Survivor regions: 1->1(10)
[2022-06-30T15:45:39.858+0000][9][gc,heap     ] GC(553) Old regions: 24->24
[2022-06-30T15:45:39.858+0000][9][gc,heap     ] GC(553) Archive regions: 2->2
[2022-06-30T15:45:39.859+0000][9][gc,heap     ] GC(553) Humongous regions: 0->0
[2022-06-30T15:45:39.859+0000][9][gc,metaspace] GC(553) Metaspace: 131682K(135040K)->131682K(135040K) NonClass: 114516K(116224K)->114516K(116224K) Class: 17166K(18816K)->17166K(18816K)
[2022-06-30T15:45:39.866+0000][9][gc          ] GC(553) Pause Young (Normal) (G1 Evacuation Pause) 400M->100M(512M) 26.786ms
[2022-06-30T15:45:39.867+0000][9][gc,cpu      ] GC(553) User=0.01s Sys=0.00s Real=0.03s
[2022-06-30T15:45:39.868+0000][9][safepoint   ] Safepoint "G1CollectForAllocation", Time since last: 101727609480 ns, Reaching safepoint: 181926 ns, At safepoint: 28845818 ns, Total: 29027744 ns
[2022-06-30T15:46:34.877+0000][9][safepoint   ] Safepoint "Cleanup", Time since last: 55052466603 ns, Reaching safepoint: 191061 ns, At safepoint: 22347 ns, Total: 213408 ns
[2022-06-30T15:47:24.836+0000][9][gc,start    ] GC(554) Pause Young (Normal) (G1 Evacuation Pause)
[2022-06-30T15:47:24.837+0000][9][gc,task     ] GC(554) Using 4 workers of 4 for evacuation
[2022-06-30T15:47:24.839+0000][9][gc,age      ] GC(554) Desired survivor size 20971520 bytes, new threshold 15 (max threshold 15)
[2022-06-30T15:47:24.843+0000][9][gc,phases   ] GC(554)   Pre Evacuate Collection Set: 0.1ms
[2022-06-30T15:47:24.844+0000][9][gc,phases   ] GC(554)   Merge Heap Roots: 0.1ms
[2022-06-30T15:47:24.845+0000][9][gc,phases   ] GC(554)   Evacuate Collection Set: 2.3ms
[2022-06-30T15:47:24.846+0000][9][gc,phases   ] GC(554)   Post Evacuate Collection Set: 1.0ms
[2022-06-30T15:47:24.846+0000][9][gc,phases   ] GC(554)   Other: 2.4ms
[2022-06-30T15:47:24.847+0000][9][gc,age      ] GC(554) Age table with threshold 15 (max threshold 15)
[2022-06-30T15:47:24.848+0000][9][gc,age      ] GC(554) - age   1:     986416 bytes,     986416 total
[2022-06-30T15:47:24.848+0000][9][gc,age      ] GC(554) - age   2:       9512 bytes,     995928 total
[2022-06-30T15:47:24.849+0000][9][gc,age      ] GC(554) - age   3:       2040 bytes,     997968 total
[2022-06-30T15:47:24.850+0000][9][gc,age      ] GC(554) - age   4:        296 bytes,     998264 total
